2026-04-22T16:32:13.2548800Z Current runner version: '2.333.1'
2026-04-22T16:32:13.2562850Z ##[group]Runner Image Provisioner
2026-04-22T16:32:13.2563320Z Hosted Compute Agent
2026-04-22T16:32:13.2563660Z Version: 20260415.520
2026-04-22T16:32:13.2564020Z Commit: af089020f5f67b61ccc91db6c07980876c02bf7b
2026-04-22T16:32:13.2564440Z Build Date: 2026-04-15T18:07:08Z
2026-04-22T16:32:13.2564850Z Worker ID: {94c94a39-e2ed-43db-b119-873e9183fdaf}
2026-04-22T16:32:13.2565260Z Azure Region: westus
2026-04-22T16:32:13.2565590Z ##[endgroup]
2026-04-22T16:32:13.2566370Z ##[group]Operating System
2026-04-22T16:32:13.2566700Z macOS
2026-04-22T16:32:13.2566950Z 15.7.4
2026-04-22T16:32:13.2567200Z 24G517
2026-04-22T16:32:13.2567460Z ##[endgroup]
2026-04-22T16:32:13.2567740Z ##[group]Runner Image
2026-04-22T16:32:13.2568050Z Image: macos-15-arm64
2026-04-22T16:32:13.2568350Z Version: 20260421.0007.1
2026-04-22T16:32:13.2569050Z Included Software: https://github.com/actions/runner-images/blob/macos-15-arm64/20260421.0007/images/macos/macos-15-arm64-Readme.md
2026-04-22T16:32:13.2569950Z Image Release: https://github.com/actions/runner-images/releases/tag/macos-15-arm64%2F20260421.0007
2026-04-22T16:32:13.2570520Z ##[endgroup]
2026-04-22T16:32:13.2571100Z ##[group]GITHUB_TOKEN Permissions
2026-04-22T16:32:13.2571960Z Contents: write
2026-04-22T16:32:13.2572250Z Metadata: read
2026-04-22T16:32:13.2572530Z ##[endgroup]
2026-04-22T16:32:13.2573900Z Secret source: Actions
2026-04-22T16:32:13.2574260Z Prepare workflow directory
2026-04-22T16:32:13.2779810Z Prepare all required actions
2026-04-22T16:32:13.2808100Z Getting action download info
2026-04-22T16:32:13.6929900Z Download action repository 'actions/checkout@v4' (SHA:34e114876b0b11c390a56381ad16ebd13914f8d5)
2026-04-22T16:32:13.9194740Z Download action repository 'maxim-lobanov/setup-xcode@v1' (SHA:ed7a3b1fda3918c0306d1b724322adc0b8cc0a90)
2026-04-22T16:32:14.8883530Z Download action repository 'actions/upload-artifact@v4' (SHA:ea165f8d65b6e75b540449e92b4886f43607fa02)
2026-04-22T16:32:14.9845720Z Download action repository 'softprops/action-gh-release@v2' (SHA:3bb12739c298aeb8a4eeaf626c5b8d85266b0e65)
2026-04-22T16:32:16.0369720Z Complete job name: build
2026-04-22T16:32:16.0885030Z ##[group]Run actions/checkout@v4
2026-04-22T16:32:16.0885870Z with:
2026-04-22T16:32:16.0886430Z   repository: rudrarajur6-alt/tcm-storage-ios
2026-04-22T16:32:16.0887490Z   token: ***
2026-04-22T16:32:16.0888000Z   ssh-strict: true
2026-04-22T16:32:16.0888530Z   ssh-user: git
2026-04-22T16:32:16.0889060Z   persist-credentials: true
2026-04-22T16:32:16.0889650Z   clean: true
2026-04-22T16:32:16.0890180Z   sparse-checkout-cone-mode: true
2026-04-22T16:32:16.0890810Z   fetch-depth: 1
2026-04-22T16:32:16.0891350Z   fetch-tags: false
2026-04-22T16:32:16.0891910Z   show-progress: true
2026-04-22T16:32:16.0892470Z   lfs: false
2026-04-22T16:32:16.0892960Z   submodules: false
2026-04-22T16:32:16.0893500Z   set-safe-directory: true
2026-04-22T16:32:16.0894200Z ##[endgroup]
2026-04-22T16:32:16.3674330Z Syncing repository: rudrarajur6-alt/tcm-storage-ios
2026-04-22T16:32:16.3676900Z ##[group]Getting Git version info
2026-04-22T16:32:16.3677860Z Working directory is '/Users/runner/work/tcm-storage-ios/tcm-storage-ios'
2026-04-22T16:32:16.3679920Z [command]/opt/homebrew/bin/git version
2026-04-22T16:32:16.3905890Z git version 2.54.0
2026-04-22T16:32:16.3929920Z ##[endgroup]
2026-04-22T16:32:16.3941020Z Copying '/Users/runner/.gitconfig' to '/Users/runner/work/_temp/f8e825d1-eb19-40b2-a282-de8fcf523c66/.gitconfig'
2026-04-22T16:32:16.3948600Z Temporarily overriding HOME='/Users/runner/work/_temp/f8e825d1-eb19-40b2-a282-de8fcf523c66' before making global git config changes
2026-04-22T16:32:16.3950760Z Adding repository directory to the temporary git global config as a safe directory
2026-04-22T16:32:16.3955400Z [command]/opt/homebrew/bin/git config --global --add safe.directory /Users/runner/work/tcm-storage-ios/tcm-storage-ios
2026-04-22T16:32:16.4060310Z Deleting the contents of '/Users/runner/work/tcm-storage-ios/tcm-storage-ios'
2026-04-22T16:32:16.4062800Z ##[group]Initializing the repository
2026-04-22T16:32:16.4067580Z [command]/opt/homebrew/bin/git init /Users/runner/work/tcm-storage-ios/tcm-storage-ios
2026-04-22T16:32:16.4256650Z hint: Using 'master' as the name for the initial branch. This default branch name
2026-04-22T16:32:16.4258610Z hint: will change to "main" in Git 3.0. To configure the initial branch name
2026-04-22T16:32:16.4259910Z hint: to use in all of your new repositories, which will suppress this warning,
2026-04-22T16:32:16.4260850Z hint: call:
2026-04-22T16:32:16.4261330Z hint:
2026-04-22T16:32:16.4262060Z hint: 	git config --global init.defaultBranch <name>
2026-04-22T16:32:16.4262780Z hint:
2026-04-22T16:32:16.4263480Z hint: Names commonly chosen instead of 'master' are 'main', 'trunk' and
2026-04-22T16:32:16.4264600Z hint: 'development'. The just-created branch can be renamed via this command:
2026-04-22T16:32:16.4265520Z hint:
2026-04-22T16:32:16.4266000Z hint: 	git branch -m <name>
2026-04-22T16:32:16.4266570Z hint:
2026-04-22T16:32:16.4267380Z hint: Disable this message with "git config set advice.defaultBranchName false"
2026-04-22T16:32:16.4268740Z Initialized empty Git repository in /Users/runner/work/tcm-storage-ios/tcm-storage-ios/.git/
2026-04-22T16:32:16.4271300Z [command]/opt/homebrew/bin/git remote add origin https://github.com/rudrarajur6-alt/tcm-storage-ios
2026-04-22T16:32:16.4333590Z ##[endgroup]
2026-04-22T16:32:16.4334590Z ##[group]Disabling automatic garbage collection
2026-04-22T16:32:16.4335500Z [command]/opt/homebrew/bin/git config --local gc.auto 0
2026-04-22T16:32:16.4392490Z ##[endgroup]
2026-04-22T16:32:16.4393390Z ##[group]Setting up auth
2026-04-22T16:32:16.4396140Z [command]/opt/homebrew/bin/git config --local --name-only --get-regexp core\.sshCommand
2026-04-22T16:32:16.4452410Z [command]/opt/homebrew/bin/git submodule foreach --recursive sh -c "git config --local --name-only --get-regexp 'core\.sshCommand' && git config --local --unset-all 'core.sshCommand' || :"
2026-04-22T16:32:16.5196780Z [command]/opt/homebrew/bin/git config --local --name-only --get-regexp http\.https\:\/\/github\.com\/\.extraheader
2026-04-22T16:32:16.5250730Z [command]/opt/homebrew/bin/git submodule foreach --recursive sh -c "git config --local --name-only --get-regexp 'http\.https\:\/\/github\.com\/\.extraheader' && git config --local --unset-all 'http.https://github.com/.extraheader' || :"
2026-04-22T16:32:16.6117570Z [command]/opt/homebrew/bin/git config --local --name-only --get-regexp ^includeIf\.gitdir:
2026-04-22T16:32:16.6176190Z [command]/opt/homebrew/bin/git submodule foreach --recursive git config --local --show-origin --name-only --get-regexp remote.origin.url
2026-04-22T16:32:16.6842670Z [command]/opt/homebrew/bin/git config --local http.https://github.com/.extraheader AUTHORIZATION: basic ***
2026-04-22T16:32:16.6900390Z ##[endgroup]
2026-04-22T16:32:16.6901790Z ##[group]Fetching the repository
2026-04-22T16:32:16.6907070Z [command]/opt/homebrew/bin/git -c protocol.version=2 fetch --no-tags --prune --no-recurse-submodules --depth=1 origin +78b516216e7a47e2cddc0b572ba3eb476bbbde06:refs/remotes/origin/main
2026-04-22T16:32:17.7234020Z From https://github.com/rudrarajur6-alt/tcm-storage-ios
2026-04-22T16:32:17.7234560Z  * [new ref]         78b516216e7a47e2cddc0b572ba3eb476bbbde06 -> origin/main
2026-04-22T16:32:17.7346170Z ##[endgroup]
2026-04-22T16:32:17.7346870Z ##[group]Determining the checkout info
2026-04-22T16:32:17.7347290Z ##[endgroup]
2026-04-22T16:32:17.7349080Z [command]/opt/homebrew/bin/git sparse-checkout disable
2026-04-22T16:32:17.7426660Z [command]/opt/homebrew/bin/git config --local --unset-all extensions.worktreeConfig
2026-04-22T16:32:17.7521220Z ##[group]Checking out the ref
2026-04-22T16:32:17.7524010Z [command]/opt/homebrew/bin/git checkout --progress --force -B main refs/remotes/origin/main
2026-04-22T16:32:17.9390700Z Switched to a new branch 'main'
2026-04-22T16:32:17.9428510Z branch 'main' set up to track 'origin/main'.
2026-04-22T16:32:17.9512310Z ##[endgroup]
2026-04-22T16:32:17.9570720Z [command]/opt/homebrew/bin/git log -1 --format=%H
2026-04-22T16:32:17.9578560Z 78b516216e7a47e2cddc0b572ba3eb476bbbde06
2026-04-22T16:32:17.9722770Z ##[group]Run maxim-lobanov/setup-xcode@v1
2026-04-22T16:32:17.9723030Z with:
2026-04-22T16:32:17.9723160Z   xcode-version: 26.2
2026-04-22T16:32:17.9723290Z ##[endgroup]
2026-04-22T16:32:18.2359700Z Switching Xcode to version '26.2'...
2026-04-22T16:32:18.3084400Z Xcode is set to 26.2.0 (17C52)
2026-04-22T16:32:18.3192630Z ##[group]Run xcrun simctl list runtimes
2026-04-22T16:32:18.3192990Z [36;1mxcrun simctl list runtimes[0m
2026-04-22T16:32:18.3193360Z [36;1mxcodebuild -downloadPlatform iOS -buildVersion 18.5 || true[0m
2026-04-22T16:32:18.3293340Z shell: /bin/bash -e {0}
2026-04-22T16:32:18.3293550Z env:
2026-04-22T16:32:18.3293750Z   MD_APPLE_SDK_ROOT: /Applications/Xcode_26.2.app
2026-04-22T16:32:18.3293980Z ##[endgroup]
2026-04-22T16:32:37.1036330Z == Runtimes ==
2026-04-22T16:32:37.1042050Z iOS 18.5 (18.5 - 22F77) - com.apple.CoreSimulator.SimRuntime.iOS-18-5
2026-04-22T16:32:37.1043440Z iOS 18.6 (18.6 - 22G86) - com.apple.CoreSimulator.SimRuntime.iOS-18-6
2026-04-22T16:32:37.1044140Z iOS 26.0 (26.0.1 - 23A8464) - com.apple.CoreSimulator.SimRuntime.iOS-26-0
2026-04-22T16:32:37.1048070Z iOS 26.1 (26.1 - 23B86) - com.apple.CoreSimulator.SimRuntime.iOS-26-1
2026-04-22T16:32:37.1048740Z iOS 26.2 (26.2 - 23C54) - com.apple.CoreSimulator.SimRuntime.iOS-26-2
2026-04-22T16:32:37.1049890Z tvOS 18.5 (18.5 - 22L572) - com.apple.CoreSimulator.SimRuntime.tvOS-18-5
2026-04-22T16:32:37.1050520Z tvOS 26.1 (26.1 - 23J579) - com.apple.CoreSimulator.SimRuntime.tvOS-26-1
2026-04-22T16:32:37.1051240Z tvOS 26.2 (26.2 - 23K51) - com.apple.CoreSimulator.SimRuntime.tvOS-26-2
2026-04-22T16:32:37.1052350Z watchOS 11.5 (11.5 - 22T572) - com.apple.CoreSimulator.SimRuntime.watchOS-11-5
2026-04-22T16:32:37.1060880Z watchOS 26.1 (26.1 - 23S36) - com.apple.CoreSimulator.SimRuntime.watchOS-26-1
2026-04-22T16:32:37.1061530Z watchOS 26.2 (26.2 - 23S303) - com.apple.CoreSimulator.SimRuntime.watchOS-26-2
2026-04-22T16:32:37.1062170Z visionOS 2.3 (2.3 - 22N895) - com.apple.CoreSimulator.SimRuntime.xrOS-2-3
2026-04-22T16:32:37.1062720Z visionOS 2.4 (2.4 - 22O237) - com.apple.CoreSimulator.SimRuntime.xrOS-2-4
2026-04-22T16:32:37.1063600Z visionOS 2.5 (2.5 - 22O473) - com.apple.CoreSimulator.SimRuntime.xrOS-2-5
2026-04-22T16:32:37.1064210Z visionOS 26.1 (26.1 - 23N47) - com.apple.CoreSimulator.SimRuntime.xrOS-26-1
2026-04-22T16:32:37.1064950Z visionOS 26.2 (26.2 - 23N301) - com.apple.CoreSimulator.SimRuntime.xrOS-26-2
2026-04-22T16:32:39.1044770Z Finding content...
2026-04-22T16:32:39.3755330Z 
2026-04-22T16:32:39.3856430Z Downloading iOS 18.5 Universal Simulator (22F77): 
2026-04-22T16:32:39.3956600Z Downloading iOS 18.5 Universal Simulator (22F77): Preparing to download...
2026-04-22T16:32:39.4058260Z Downloading iOS 18.5 Universal Simulator (22F77): Preparing to download...
2026-04-22T16:32:39.4158560Z Downloading iOS 18.5 Universal Simulator (22F77): Preparing to download...
2026-04-22T16:32:39.4259860Z Downloading iOS 18.5 Universal Simulator (22F77): Preparing to download...
2026-04-22T16:32:39.4327210Z Downloading iOS 18.5 Universal Simulator (22F77): Preparing to download...
2026-04-22T16:32:39.4328360Z Downloading iOS 18.5 Universal Simulator (22F77): Preparing to download...
2026-04-22T16:32:39.4401090Z Downloading iOS 18.5 Universal Simulator (22F77): Preparing to download...
2026-04-22T16:32:39.4519880Z Downloading iOS 18.5 Universal Simulator (22F77): Preparing to download...
2026-04-22T16:32:39.4628150Z Downloading iOS 18.5 Universal Simulator (22F77): Preparing to download...
2026-04-22T16:32:39.4822080Z Downloading iOS 18.5 Universal Simulator (22F77): Preparing to download...
2026-04-22T16:32:39.4933620Z Downloading iOS 18.5 Universal Simulator (22F77): Preparing to download...
2026-04-22T16:32:39.5135390Z Downloading iOS 18.5 Universal Simulator (22F77): Preparing to download...
2026-04-22T16:32:39.5425610Z Downloading iOS 18.5 Universal Simulator (22F77): Preparing to download...
2026-04-22T16:32:39.5735600Z Downloading iOS 18.5 Universal Simulator (22F77): Preparing to download...
2026-04-22T16:32:39.5942990Z Downloading iOS 18.5 Universal Simulator (22F77): Preparing to download...
2026-04-22T16:32:39.6322190Z Downloading iOS 18.5 Universal Simulator (22F77): Preparing to download...
2026-04-22T16:32:39.6433350Z Downloading iOS 18.5 Universal Simulator (22F77): Installing (registering download)...
2026-04-22T16:32:39.6576270Z Downloading iOS 18.5 Universal Simulator (22F77): Installing (registering download)...
2026-04-22T16:32:39.6788640Z Downloading iOS 18.5 Universal Simulator (22F77): Installing (registering download)...
2026-04-22T16:32:39.6789150Z Downloading iOS 18.5 Universal Simulator (22F77): Done.                               
2026-04-22T16:32:39.6803920Z iOS 18.5 (22F77) - C18D4755-50F7-4ACA-981C-2E7080546187
2026-04-22T16:32:39.6915740Z ##[group]Run xcodebuild -resolvePackageDependencies -project Nextcloud.xcodeproj
2026-04-22T16:32:39.6916300Z [36;1mxcodebuild -resolvePackageDependencies -project Nextcloud.xcodeproj[0m
2026-04-22T16:32:39.7797050Z shell: /bin/bash -e {0}
2026-04-22T16:32:39.7797310Z env:
2026-04-22T16:32:39.7797550Z   MD_APPLE_SDK_ROOT: /Applications/Xcode_26.2.app
2026-04-22T16:32:39.7797940Z ##[endgroup]
2026-04-22T16:32:40.4079890Z Command line invocation:
2026-04-22T16:32:40.4080860Z     /Applications/Xcode_26.2.app/Contents/Developer/usr/bin/xcodebuild -resolvePackageDependencies -project Nextcloud.xcodeproj
2026-04-22T16:32:40.4081360Z 
2026-04-22T16:32:41.5373340Z Resolve Package Graph
2026-04-22T16:32:41.5877970Z 
2026-04-22T16:32:41.5878590Z Fetching from https://github.com/AssistoLab/DropDown
2026-04-22T16:32:42.5119120Z 
2026-04-22T16:32:48.8292960Z Fetching from https://github.com/marinofaggiana/EasyTipView
2026-04-22T16:32:50.0791770Z 
2026-04-22T16:32:50.5204290Z Fetching from https://github.com/httpswift/swifter.git
2026-04-22T16:32:51.7740670Z 
2026-04-22T16:32:52.1772090Z Fetching from https://github.com/tylerjonesio/vlckit-spm
2026-04-22T16:32:52.8422300Z 
2026-04-22T16:32:52.8446600Z Fetching from https://github.com/tilltue/TLPhotoPicker
2026-04-22T16:32:55.7103550Z 
2026-04-22T16:32:55.7106140Z Fetching from https://github.com/ElaWorkshop/TagListView
2026-04-22T16:32:55.7107010Z 
2026-04-22T16:32:55.7107310Z Fetching from https://github.com/malcommac/SwiftRichString
2026-04-22T16:32:55.7107530Z 
2026-04-22T16:32:55.7107780Z Fetching from https://github.com/apple/swift-nio-ssl
2026-04-22T16:32:56.5327270Z 
2026-04-22T16:32:56.5328110Z Fetching from https://github.com/apple/swift-nio.git
2026-04-22T16:33:00.8935110Z 
2026-04-22T16:33:00.8945750Z Fetching from https://github.com/apple/swift-collections.git
2026-04-22T16:33:00.8946360Z 
2026-04-22T16:33:00.8946690Z Fetching from https://github.com/realm/realm-swift
2026-04-22T16:33:12.9341990Z 
2026-04-22T16:33:12.9349660Z Fetching from https://github.com/FabrizioBrancati/Queuer
2026-04-22T16:33:12.9350500Z 
2026-04-22T16:33:12.9350880Z Fetching from https://github.com/yannickl/QRCodeReader.swift
2026-04-22T16:33:12.9351360Z 
2026-04-22T16:33:12.9351750Z Fetching from https://github.com/exyte/PopupView.git
2026-04-22T16:33:12.9352100Z 
2026-04-22T16:33:12.9352290Z Fetching from https://github.com/rechsteiner/Parchment
2026-04-22T16:33:12.9352820Z 
2026-04-22T16:33:12.9353190Z Fetching from https://github.com/krzyzanowskim/OpenSSL
2026-04-22T16:34:41.9614910Z 
2026-04-22T16:34:41.9617280Z Fetching from https://github.com/nextcloud/NextcloudKit
2026-04-22T16:34:41.9619730Z 
2026-04-22T16:34:41.9620710Z Fetching from https://github.com/bmoliveira/MarkdownKit
2026-04-22T16:34:41.9621060Z 
2026-04-22T16:34:41.9621440Z Fetching from https://github.com/marinofaggiana/Mantis
2026-04-22T16:34:41.9621680Z 
2026-04-22T16:34:41.9621930Z Fetching from https://github.com/marinofaggiana/LucidBanner
2026-04-22T16:34:41.9622240Z 
2026-04-22T16:34:41.9622630Z Fetching from https://github.com/nicklockwood/LRUCache
2026-04-22T16:34:41.9622940Z 
2026-04-22T16:34:41.9623280Z Fetching from https://github.com/kishikawakatsumi/KeychainAccess
2026-04-22T16:34:41.9632400Z 
2026-04-22T16:34:41.9633850Z Fetching from https://github.com/1024jp/GzipSwift
2026-04-22T16:34:41.9659790Z 
2026-04-22T16:34:41.9663440Z Fetching from https://github.com/firebase/firebase-ios-sdk
2026-04-22T16:34:41.9663980Z 
2026-04-22T16:34:43.3214040Z Fetching from https://github.com/realm/realm-core.git
2026-04-22T16:35:00.2051830Z 
2026-04-22T16:35:01.7669640Z Fetching from https://github.com/Alamofire/Alamofire
2026-04-22T16:35:05.2183430Z 
2026-04-22T16:35:05.2184410Z Fetching from https://github.com/yahoojapan/SwiftyXMLParser
2026-04-22T16:35:05.2184940Z 
2026-04-22T16:35:05.2185350Z Fetching from https://github.com/SwiftyJSON/SwiftyJSON
2026-04-22T16:35:05.2185920Z 
2026-04-22T16:35:12.8930620Z Fetching from https://github.com/siteline/swiftui-introspect
2026-04-22T16:35:14.0762150Z 
2026-04-22T16:35:15.8019900Z Fetching from https://github.com/google/interop-ios-for-google-sdks.git
2026-04-22T16:35:16.7040980Z 
2026-04-22T16:35:16.7042400Z Fetching from https://github.com/google/app-check.git
2026-04-22T16:35:16.7043080Z 
2026-04-22T16:35:17.4226360Z Fetching from https://github.com/firebase/leveldb.git
2026-04-22T16:35:17.7177880Z 
2026-04-22T16:35:17.7182040Z Fetching from https://github.com/google/grpc-binary.git
2026-04-22T16:35:18.3903760Z 
2026-04-22T16:35:18.9730520Z Fetching from https://github.com/google/gtm-session-fetcher.git
2026-04-22T16:35:18.9772900Z 
2026-04-22T16:35:18.9773500Z Fetching from https://github.com/google/abseil-cpp-binary.git
2026-04-22T16:35:18.9774020Z 
2026-04-22T16:35:18.9774350Z Fetching from https://github.com/firebase/nanopb.git
2026-04-22T16:35:19.5079350Z 
2026-04-22T16:35:19.5079900Z Fetching from https://github.com/google/GoogleUtilities.git
2026-04-22T16:35:19.8905640Z 
2026-04-22T16:35:19.8906640Z Fetching from https://github.com/google/GoogleDataTransport.git
2026-04-22T16:35:20.4738640Z 
2026-04-22T16:35:20.4739380Z Fetching from https://github.com/google/GoogleAppMeasurement.git
2026-04-22T16:35:20.5472480Z 
2026-04-22T16:35:20.5473120Z Fetching from https://github.com/google/promises.git
2026-04-22T16:35:21.3697670Z 
2026-04-22T16:35:23.6145930Z Fetching from https://github.com/googleads/google-ads-on-device-conversion-ios-sdk
2026-04-22T16:35:24.2464150Z 
2026-04-22T16:35:27.2231980Z Fetching from https://github.com/apple/swift-system.git
2026-04-22T16:35:28.2930880Z 
2026-04-22T16:35:28.2931440Z Fetching from https://github.com/apple/swift-atomics.git
2026-04-22T16:35:28.2931770Z 
2026-04-22T16:35:30.0027430Z Creating working copy of package ‘firebase-ios-sdk’
2026-04-22T16:35:30.1242160Z 
2026-04-22T16:35:30.1249760Z Checking out 12.12.1 of package ‘firebase-ios-sdk’
2026-04-22T16:35:31.1132580Z 
2026-04-22T16:35:31.1391430Z Creating working copy of package ‘Mantis’
2026-04-22T16:35:31.1683750Z 
2026-04-22T16:35:31.1684970Z Checking out 1.0.0 of package ‘Mantis’
2026-04-22T16:35:31.3029350Z 
2026-04-22T16:35:31.3191990Z Creating working copy of package ‘swiftui-introspect’
2026-04-22T16:35:31.3482830Z 
2026-04-22T16:35:31.3484110Z Checking out 1.3.0 of package ‘swiftui-introspect’
2026-04-22T16:35:31.3939490Z 
2026-04-22T16:35:31.4099820Z Creating working copy of package ‘swift-collections’
2026-04-22T16:35:31.4411020Z 
2026-04-22T16:35:31.4412380Z Checking out 1.4.1 of package ‘swift-collections’
2026-04-22T16:35:31.6186190Z 
2026-04-22T16:35:31.6391140Z Creating working copy of package ‘app-check’
2026-04-22T16:35:31.6648610Z 
2026-04-22T16:35:31.6649590Z Checking out 11.2.0 of package ‘app-check’
2026-04-22T16:35:31.6991650Z 
2026-04-22T16:35:31.7161980Z Creating working copy of package ‘SwiftRichString’
2026-04-22T16:35:31.7410170Z 
2026-04-22T16:35:31.7411390Z Checking out 3.7.2 of package ‘SwiftRichString’
2026-04-22T16:35:31.7832140Z 
2026-04-22T16:35:31.8072940Z Creating working copy of package ‘gtm-session-fetcher’
2026-04-22T16:35:31.8350480Z 
2026-04-22T16:35:31.8351700Z Checking out 5.2.0 of package ‘gtm-session-fetcher’
2026-04-22T16:35:31.8640860Z 
2026-04-22T16:35:31.8805120Z Creating working copy of package ‘swift-nio’
2026-04-22T16:35:31.9334630Z 
2026-04-22T16:35:31.9335760Z Checking out 2.98.0 of package ‘swift-nio’
2026-04-22T16:35:32.1027170Z 
2026-04-22T16:35:32.1204910Z Creating working copy of package ‘grpc-binary’
2026-04-22T16:35:32.1445120Z 
2026-04-22T16:35:32.1446210Z Checking out 1.69.1 of package ‘grpc-binary’
2026-04-22T16:35:32.1592500Z 
2026-04-22T16:35:32.1929080Z Creating working copy of package ‘GoogleUtilities’
2026-04-22T16:35:32.2209160Z 
2026-04-22T16:35:32.2210400Z Checking out 8.1.0 of package ‘GoogleUtilities’
2026-04-22T16:35:32.2564570Z 
2026-04-22T16:35:32.2734240Z Creating working copy of package ‘leveldb’
2026-04-22T16:35:32.2980130Z 
2026-04-22T16:35:32.2981160Z Checking out 1.22.5 of package ‘leveldb’
2026-04-22T16:35:32.3351740Z 
2026-04-22T16:35:32.3514960Z Creating working copy of package ‘Queuer’
2026-04-22T16:35:32.3768720Z 
2026-04-22T16:35:32.3769220Z Checking out 2.1.1 of package ‘Queuer’
2026-04-22T16:35:32.3952940Z 
2026-04-22T16:35:32.4115890Z Creating working copy of package ‘realm-core’
2026-04-22T16:35:32.5014600Z 
2026-04-22T16:35:32.5015650Z Checking out 20.1.4 of package ‘realm-core’
2026-04-22T16:35:37.4540770Z 
2026-04-22T16:35:37.4702970Z Creating working copy of package ‘Parchment’
2026-04-22T16:35:37.4963090Z 
2026-04-22T16:35:37.4964050Z Checking out 3.3.0 of package ‘Parchment’
2026-04-22T16:35:37.5773650Z 
2026-04-22T16:35:37.5936700Z Creating working copy of package ‘OpenSSL’
2026-04-22T16:35:37.6186970Z 
2026-04-22T16:35:37.6187970Z Checking out 3.6.0 of package ‘OpenSSL’
2026-04-22T16:35:39.1242980Z 
2026-04-22T16:35:39.1477210Z Creating working copy of package ‘realm-swift’
2026-04-22T16:35:39.2003650Z 
2026-04-22T16:35:39.2004720Z Checking out 20.0.4 of package ‘realm-swift’
2026-04-22T16:35:39.3870990Z 
2026-04-22T16:35:39.4029070Z Creating working copy of package ‘LRUCache’
2026-04-22T16:35:39.4234690Z 
2026-04-22T16:35:39.4235700Z Checking out 1.2.1 of package ‘LRUCache’
2026-04-22T16:35:39.4383410Z 
2026-04-22T16:35:39.4546360Z Creating working copy of package ‘swift-system’
2026-04-22T16:35:39.4829670Z 
2026-04-22T16:35:39.4830640Z Checking out 1.6.4 of package ‘swift-system’
2026-04-22T16:35:39.5105390Z 
2026-04-22T16:35:39.5265390Z Creating working copy of package ‘NextcloudKit’
2026-04-22T16:35:39.5558090Z 
2026-04-22T16:35:39.5559150Z Checking out 7.3.0 of package ‘NextcloudKit’
2026-04-22T16:35:39.5898700Z 
2026-04-22T16:35:39.6060550Z Creating working copy of package ‘abseil-cpp-binary’
2026-04-22T16:35:39.6267130Z 
2026-04-22T16:35:39.6268350Z Checking out 1.2024072200.0 of package ‘abseil-cpp-binary’
2026-04-22T16:35:39.6396860Z 
2026-04-22T16:35:39.6553880Z Creating working copy of package ‘GzipSwift’
2026-04-22T16:35:39.6783940Z 
2026-04-22T16:35:39.6784970Z Checking out 6.0.0 of package ‘GzipSwift’
2026-04-22T16:35:39.6920380Z 
2026-04-22T16:35:39.7079500Z Creating working copy of package ‘QRCodeReader.swift’
2026-04-22T16:35:39.7296530Z 
2026-04-22T16:35:39.7297660Z Checking out 10.1.1 of package ‘QRCodeReader.swift’
2026-04-22T16:35:39.7482140Z 
2026-04-22T16:35:39.7644150Z Creating working copy of package ‘TagListView’
2026-04-22T16:35:39.7854190Z 
2026-04-22T16:35:39.7855150Z Checking out 1.4.1 of package ‘TagListView’
2026-04-22T16:35:39.8023180Z 
2026-04-22T16:35:39.8181200Z Creating working copy of package ‘SwiftyJSON’
2026-04-22T16:35:39.8419230Z 
2026-04-22T16:35:39.8420380Z Checking out 5.0.2 of package ‘SwiftyJSON’
2026-04-22T16:35:39.8673540Z 
2026-04-22T16:35:39.8840630Z Creating working copy of package ‘GoogleDataTransport’
2026-04-22T16:35:39.9082010Z 
2026-04-22T16:35:39.9083380Z Checking out 10.1.0 of package ‘GoogleDataTransport’
2026-04-22T16:35:39.9711640Z 
2026-04-22T16:35:39.9799790Z Creating working copy of package ‘swifter’
2026-04-22T16:35:40.0052660Z 
2026-04-22T16:35:40.0053930Z Checking out stable (1e4f51c) of package ‘swifter’
2026-04-22T16:35:40.0300260Z 
2026-04-22T16:35:40.0461960Z Creating working copy of package ‘MarkdownKit’
2026-04-22T16:35:40.0692650Z 
2026-04-22T16:35:40.0693700Z Checking out 1.7.3 of package ‘MarkdownKit’
2026-04-22T16:35:40.0986870Z 
2026-04-22T16:35:40.1148940Z Creating working copy of package ‘SwiftyXMLParser’
2026-04-22T16:35:40.1392910Z 
2026-04-22T16:35:40.1394300Z Checking out 5.6.0 of package ‘SwiftyXMLParser’
2026-04-22T16:35:40.1647510Z 
2026-04-22T16:35:40.1810290Z Creating working copy of package ‘promises’
2026-04-22T16:35:40.2074670Z 
2026-04-22T16:35:40.2075440Z Checking out 2.4.0 of package ‘promises’
2026-04-22T16:35:40.2425640Z 
2026-04-22T16:35:40.2583710Z Creating working copy of package ‘interop-ios-for-google-sdks’
2026-04-22T16:35:40.2807840Z 
2026-04-22T16:35:40.2809100Z Checking out 101.0.0 of package ‘interop-ios-for-google-sdks’
2026-04-22T16:35:40.2958720Z 
2026-04-22T16:35:40.3112700Z Creating working copy of package ‘swift-atomics’
2026-04-22T16:35:40.3351550Z 
2026-04-22T16:35:40.3400640Z Checking out 1.3.0 of package ‘swift-atomics’
2026-04-22T16:35:40.3792280Z 
2026-04-22T16:35:40.3959920Z Creating working copy of package ‘swift-nio-ssl’
2026-04-22T16:35:40.4254310Z 
2026-04-22T16:35:40.4255470Z Checking out 2.37.0 of package ‘swift-nio-ssl’
2026-04-22T16:35:40.5875690Z 
2026-04-22T16:35:40.6037500Z Creating working copy of package ‘vlckit-spm’
2026-04-22T16:35:40.6243140Z 
2026-04-22T16:35:40.6244050Z Checking out 3.6.0 of package ‘vlckit-spm’
2026-04-22T16:35:40.6362230Z 
2026-04-22T16:35:40.6444330Z Creating working copy of package ‘DropDown’
2026-04-22T16:35:40.6674150Z 
2026-04-22T16:35:40.6675270Z Checking out master (2ab6f6c) of package ‘DropDown’
2026-04-22T16:35:40.7031860Z 
2026-04-22T16:35:40.7191570Z Creating working copy of package ‘PopupView’
2026-04-22T16:35:40.7435490Z 
2026-04-22T16:35:40.7436580Z Checking out 2.10.6 of package ‘PopupView’
2026-04-22T16:35:40.7829540Z 
2026-04-22T16:35:40.7989870Z Creating working copy of package ‘TLPhotoPicker’
2026-04-22T16:35:40.8238590Z 
2026-04-22T16:35:40.8239790Z Checking out 2.1.18 of package ‘TLPhotoPicker’
2026-04-22T16:35:41.0283230Z 
2026-04-22T16:35:41.0448350Z Creating working copy of package ‘LucidBanner’
2026-04-22T16:35:41.0657300Z 
2026-04-22T16:35:41.0658440Z Checking out 0.7.1 of package ‘LucidBanner’
2026-04-22T16:35:41.0859080Z 
2026-04-22T16:35:41.0941450Z Creating working copy of package ‘EasyTipView’
2026-04-22T16:35:41.1173470Z 
2026-04-22T16:35:41.1174360Z Checking out master (bb25a13) of package ‘EasyTipView’
2026-04-22T16:35:41.1595870Z 
2026-04-22T16:35:41.1750470Z Creating working copy of package ‘KeychainAccess’
2026-04-22T16:35:41.1982810Z 
2026-04-22T16:35:41.1983950Z Checking out 4.2.2 of package ‘KeychainAccess’
2026-04-22T16:35:41.2300040Z 
2026-04-22T16:35:41.2496240Z Creating working copy of package ‘google-ads-on-device-conversion-ios-sdk’
2026-04-22T16:35:41.2736330Z 
2026-04-22T16:35:41.2737170Z Checking out 3.5.0 of package ‘google-ads-on-device-conversion-ios-sdk’
2026-04-22T16:35:41.2882750Z 
2026-04-22T16:35:41.3082570Z Creating working copy of package ‘Alamofire’
2026-04-22T16:35:41.3459890Z 
2026-04-22T16:35:41.3461230Z Checking out 5.11.2 of package ‘Alamofire’
2026-04-22T16:35:41.4870110Z 
2026-04-22T16:35:41.5072010Z Creating working copy of package ‘GoogleAppMeasurement’
2026-04-22T16:35:41.5327770Z 
2026-04-22T16:35:41.5328780Z Checking out 12.12.1 of package ‘GoogleAppMeasurement’
2026-04-22T16:35:41.5496890Z 
2026-04-22T16:35:41.5698760Z Creating working copy of package ‘nanopb’
2026-04-22T16:35:41.5988930Z 
2026-04-22T16:35:41.5990290Z Checking out 2.30910.0 of package ‘nanopb’
2026-04-22T16:35:41.6758590Z 
2026-04-22T16:36:35.1273300Z 
2026-04-22T16:36:35.1276540Z Resolved source packages:
2026-04-22T16:36:35.1277930Z   SwiftyJSON: https://github.com/SwiftyJSON/SwiftyJSON @ 5.0.2
2026-04-22T16:36:35.1278870Z   GoogleDataTransport: https://github.com/google/GoogleDataTransport.git @ 10.1.0
2026-04-22T16:36:35.1279590Z   InteropForGoogle: https://github.com/google/interop-ios-for-google-sdks.git @ 101.0.0
2026-04-22T16:36:35.1280170Z   Parchment: https://github.com/rechsteiner/Parchment @ 3.3.0
2026-04-22T16:36:35.1280600Z   GTMSessionFetcher: https://github.com/google/gtm-session-fetcher.git @ 5.2.0
2026-04-22T16:36:35.1287980Z   Swifter: https://github.com/httpswift/swifter.git @ stable (1e4f51c)
2026-04-22T16:36:35.1288500Z   TLPhotoPicker: https://github.com/tilltue/TLPhotoPicker @ 2.1.18
2026-04-22T16:36:35.1288970Z   swiftui-introspect: https://github.com/siteline/swiftui-introspect @ 1.3.0
2026-04-22T16:36:35.1289450Z   GoogleUtilities: https://github.com/google/GoogleUtilities.git @ 8.1.0
2026-04-22T16:36:35.1289950Z   EasyTipView: https://github.com/marinofaggiana/EasyTipView @ master (bb25a13)
2026-04-22T16:36:35.1290580Z   swift-nio: https://github.com/apple/swift-nio.git @ 2.98.0
2026-04-22T16:36:35.1291010Z   Mantis: https://github.com/marinofaggiana/Mantis @ 1.0.0
2026-04-22T16:36:35.1291470Z   leveldb: https://github.com/firebase/leveldb.git @ 1.22.5
2026-04-22T16:36:35.1302290Z   Firebase: https://github.com/firebase/firebase-ios-sdk @ 12.12.1
2026-04-22T16:36:35.1302800Z   nanopb: https://github.com/firebase/nanopb.git @ 2.30910.0
2026-04-22T16:36:35.1303310Z   Realm: https://github.com/realm/realm-swift @ 20.0.4
2026-04-22T16:36:35.1303680Z   swift-atomics: https://github.com/apple/swift-atomics.git @ 1.3.0
2026-04-22T16:36:35.1304090Z   QRCodeReader: https://github.com/yannickl/QRCodeReader.swift @ 10.1.1
2026-04-22T16:36:35.1304580Z   NextcloudKit: https://github.com/nextcloud/NextcloudKit @ 7.3.0
2026-04-22T16:36:35.1304940Z   MarkdownKit: https://github.com/bmoliveira/MarkdownKit @ 1.7.3
2026-04-22T16:36:35.1305340Z   KeychainAccess: https://github.com/kishikawakatsumi/KeychainAccess @ 4.2.2
2026-04-22T16:36:35.1305750Z   TagListView: https://github.com/ElaWorkshop/TagListView @ 1.4.1
2026-04-22T16:36:35.1306280Z   OpenSSL: https://github.com/krzyzanowskim/OpenSSL @ 3.6.0
2026-04-22T16:36:35.1306600Z   Promises: https://github.com/google/promises.git @ 2.4.0
2026-04-22T16:36:35.1306980Z   abseil: https://github.com/google/abseil-cpp-binary.git @ 1.2024072200.0
2026-04-22T16:36:35.1307420Z   DropDown: https://github.com/AssistoLab/DropDown @ master (2ab6f6c)
2026-04-22T16:36:35.1307940Z   Alamofire: https://github.com/Alamofire/Alamofire @ 5.11.2
2026-04-22T16:36:35.1308340Z   swift-collections: https://github.com/apple/swift-collections.git @ 1.4.1
2026-04-22T16:36:35.1308710Z   Queuer: https://github.com/FabrizioBrancati/Queuer @ 2.1.1
2026-04-22T16:36:35.1309130Z   AppCheck: https://github.com/google/app-check.git @ 11.2.0
2026-04-22T16:36:35.1309530Z   Gzip: https://github.com/1024jp/GzipSwift @ 6.0.0
2026-04-22T16:36:35.1309880Z   SwiftRichString: https://github.com/malcommac/SwiftRichString @ 3.7.2
2026-04-22T16:36:35.1310300Z   LRUCache: https://github.com/nicklockwood/LRUCache @ 1.2.1
2026-04-22T16:36:35.1310660Z   LucidBanner: https://github.com/marinofaggiana/LucidBanner @ 0.7.1
2026-04-22T16:36:35.1311150Z   PopupView: https://github.com/exyte/PopupView.git @ 2.10.6
2026-04-22T16:36:35.1311670Z   GoogleAdsOnDeviceConversion: https://github.com/googleads/google-ads-on-device-conversion-ios-sdk @ 3.5.0
2026-04-22T16:36:35.1312330Z   RealmDatabase: https://github.com/realm/realm-core.git @ 20.1.4
2026-04-22T16:36:35.1312760Z   swift-system: https://github.com/apple/swift-system.git @ 1.6.4
2026-04-22T16:36:35.1313170Z   SwiftyXMLParser: https://github.com/yahoojapan/SwiftyXMLParser @ 5.6.0
2026-04-22T16:36:35.1313720Z   gRPC: https://github.com/google/grpc-binary.git @ 1.69.1
2026-04-22T16:36:35.1314170Z   GoogleAppMeasurement: https://github.com/google/GoogleAppMeasurement.git @ 12.12.1
2026-04-22T16:36:35.1314620Z   swift-nio-ssl: https://github.com/apple/swift-nio-ssl @ 2.37.0
2026-04-22T16:36:35.1315000Z   vlckit-spm: https://github.com/tylerjonesio/vlckit-spm @ 3.6.0
2026-04-22T16:36:35.1315270Z 
2026-04-22T16:36:35.1316910Z resolved source packages: SwiftyJSON, GoogleDataTransport, InteropForGoogle, Parchment, GTMSessionFetcher, Swifter, TLPhotoPicker, swiftui-introspect, GoogleUtilities, EasyTipView, swift-nio, Mantis, leveldb, Firebase, nanopb, Realm, swift-atomics, QRCodeReader, NextcloudKit, MarkdownKit, KeychainAccess, TagListView, OpenSSL, Promises, abseil, DropDown, Alamofire, swift-collections, Queuer, AppCheck, Gzip, SwiftRichString, LRUCache, LucidBanner, PopupView, GoogleAdsOnDeviceConversion, RealmDatabase, swift-system, SwiftyXMLParser, gRPC, GoogleAppMeasurement, swift-nio-ssl, vlckit-spm
2026-04-22T16:36:35.1583460Z ##[group]Run set -o pipefail
2026-04-22T16:36:35.1583910Z [36;1mset -o pipefail[0m
2026-04-22T16:36:35.1584090Z [36;1mxcodebuild \[0m
2026-04-22T16:36:35.1584300Z [36;1m  -project Nextcloud.xcodeproj \[0m
2026-04-22T16:36:35.1584590Z [36;1m  -scheme Nextcloud \[0m
2026-04-22T16:36:35.1584800Z [36;1m  -configuration Debug \[0m
2026-04-22T16:36:35.1585100Z [36;1m  -destination "platform=iOS Simulator,name=iPhone 16,OS=18.5" \[0m
2026-04-22T16:36:35.1585440Z [36;1m  -derivedDataPath build \[0m
2026-04-22T16:36:35.1585730Z [36;1m  -skipPackagePluginValidation \[0m
2026-04-22T16:36:35.1585970Z [36;1m  -skipMacroValidation \[0m
2026-04-22T16:36:35.1586190Z [36;1m  CODE_SIGNING_ALLOWED=NO \[0m
2026-04-22T16:36:35.1586470Z [36;1m  CODE_SIGNING_REQUIRED=NO \[0m
2026-04-22T16:36:35.1586690Z [36;1m  CODE_SIGN_IDENTITY="" \[0m
2026-04-22T16:36:35.1586900Z [36;1m  DEVELOPMENT_TEAM="" \[0m
2026-04-22T16:36:35.1587340Z [36;1m  build | tee xcodebuild.log | xcpretty || (tail -400 xcodebuild.log && exit 1)[0m
2026-04-22T16:36:35.1812740Z shell: /bin/bash -e {0}
2026-04-22T16:36:35.1812980Z env:
2026-04-22T16:36:35.1813190Z   MD_APPLE_SDK_ROOT: /Applications/Xcode_26.2.app
2026-04-22T16:36:35.1813440Z ##[endgroup]
2026-04-22T16:37:40.7670480Z --- xcodebuild: WARNING: Using the first of multiple matching destinations:
2026-04-22T16:37:40.7769370Z { platform:iOS Simulator, arch:arm64, id:8D0474B3-1BD6-45B2-A9B9-219DBB956747, OS:18.5, name:iPhone 16 }
2026-04-22T16:37:40.7871100Z { platform:iOS Simulator, arch:x86_64, id:8D0474B3-1BD6-45B2-A9B9-219DBB956747, OS:18.5, name:iPhone 16 }
2026-04-22T16:37:56.9924690Z ▸ Processing empty-swift-nio_NIOPosix.plist
2026-04-22T16:37:57.0024020Z ▸ Copying /Users/runner/work/tcm-storage-ios/tcm-storage-ios/build/Build/Products/Debug-iphonesimulator/swift-nio_NIOPosix.bundle/PrivacyInfo.xcprivacy
2026-04-22T16:37:57.0124950Z ▸ Processing empty-swift-nio-ssl_NIOSSL.plist
2026-04-22T16:37:57.0227170Z ▸ Copying /Users/runner/work/tcm-storage-ios/tcm-storage-ios/build/Build/Products/Debug-iphonesimulator/swift-nio-ssl_NIOSSL.bundle/PrivacyInfo.xcprivacy
2026-04-22T16:37:57.0327100Z ▸ Touching swift-nio_NIOPosix.bundle (in target 'swift-nio_NIOPosix' from project 'swift-nio')
2026-04-22T16:37:57.0429620Z ▸ Processing empty-nanopb_nanopb.plist
2026-04-22T16:37:57.0531520Z ▸ Copying /Users/runner/work/tcm-storage-ios/tcm-storage-ios/build/Build/Products/Debug-iphonesimulator/nanopb_nanopb.bundle/PrivacyInfo.xcprivacy
2026-04-22T16:37:57.0633360Z ▸ Touching swift-nio-ssl_NIOSSL.bundle (in target 'swift-nio-ssl_NIOSSL' from project 'swift-nio-ssl')
2026-04-22T16:37:57.0735340Z ▸ Touching nanopb_nanopb.bundle (in target 'nanopb_nanopb' from project 'nanopb')
2026-04-22T16:37:57.0838110Z ▸ Copying /Users/runner/work/tcm-storage-ios/tcm-storage-ios/build/Build/Products/Debug-iphonesimulator/TLPhotoPicker_TLPhotoPicker.bundle/PrivacyInfo.xcprivacy
2026-04-22T16:37:57.0939770Z ▸ Compiling TLPhotosPickerViewController.xib
2026-04-22T16:37:58.1354620Z ▸ Compiling TLPhotoCollectionViewCell.xib
2026-04-22T16:37:58.1380570Z ▸ Compiling TLCollectionTableViewCell.xib
2026-04-22T16:37:59.7980250Z ▸ Compiling s2region.cc
2026-04-22T16:38:01.1312590Z ▸ Compiling s2r2rect.cc
2026-04-22T16:38:01.1890850Z ▸ Compiling s2polyline.cc
2026-04-22T16:38:02.0135430Z ▸ Compiling s2polygonbuilder.cc
2026-04-22T16:38:02.2513780Z ▸ Compiling s2polygon.cc
2026-04-22T16:38:02.3749690Z ▸ Compiling s2pointregion.cc
2026-04-22T16:38:02.7883070Z ▸ Compiling s2loop.cc
2026-04-22T16:38:03.2711520Z ▸ Compiling s2latlngrect.cc
2026-04-22T16:38:03.4120800Z ▸ Compiling s2latlng.cc
2026-04-22T16:38:04.0205640Z ▸ Compiling s2edgeutil.cc
2026-04-22T16:38:04.1099030Z ▸ Compiling s2edgeindex.cc
2026-04-22T16:38:04.4364290Z ▸ Compiling s2cellid.cc
2026-04-22T16:38:05.0883480Z ▸ Compiling s2cell.cc
2026-04-22T16:38:05.0995640Z ▸ Compiling s2cap.cc
2026-04-22T16:38:05.1617340Z ▸ Compiling s2.cc
2026-04-22T16:38:05.7762250Z ▸ Compiling s1interval.cc
2026-04-22T16:38:05.7863790Z ▸ Compiling s1angle.cc
2026-04-22T16:38:05.8595720Z ▸ Compiling mathutil.cc
2026-04-22T16:38:06.6203760Z ▸ Compiling mathlimits.cc
2026-04-22T16:38:06.6309270Z ▸ Compiling anchor.c
2026-04-22T16:38:06.6411660Z ▸ Linking system-zlib.o
2026-04-22T16:38:06.8161110Z ▸ Linking s2geometry.o
2026-04-22T16:38:07.4017690Z ▸ Compiling IsAppEncrypted.m
2026-04-22T16:38:07.4138940Z ▸ Linking third-party-IsAppEncrypted.o
2026-04-22T16:38:07.4240250Z ▸ Compiling pb_encode.c
2026-04-22T16:38:07.4363770Z ▸ Compiling pb_decode.c
2026-04-22T16:38:07.4464920Z ▸ Compiling pb_common.c
2026-04-22T16:38:08.3954760Z ▸ Compiling _AtomicsShims.c
2026-04-22T16:38:08.4082840Z ▸ Linking _AtomicsShims.o
2026-04-22T16:38:09.0209620Z ▸ Compiling resource_bundle_accessor.m
2026-04-22T16:38:09.0310920Z ▸ Linking nanopb.o
2026-04-22T16:38:15.5611750Z ▸ Linking _NIODataStructures.o
2026-04-22T16:38:15.5713590Z ▸ Linking _NIOBase64.o
2026-04-22T16:38:15.5814840Z ▸ Linking VLCKitSPM.o
2026-04-22T16:38:15.5916010Z ▸ Linking TagListView.o
2026-04-22T16:38:15.6017300Z ▸ Linking SwiftyXMLParser.o
2026-04-22T16:38:15.6118720Z ▸ Processing empty-SwiftyJSON_SwiftyJSON.plist
2026-04-22T16:38:15.6227320Z ▸ Copying /Users/runner/work/tcm-storage-ios/tcm-storage-ios/build/Build/Products/Debug-iphonesimulator/SwiftyJSON_SwiftyJSON.bundle/PrivacyInfo.xcprivacy
2026-04-22T16:38:17.1471400Z ▸ Processing empty-TLPhotoPicker_TLPhotoPicker.plist
2026-04-22T16:38:17.1572620Z ▸ Linking Swifter.o
2026-04-22T16:38:20.2289960Z ▸ Compiling x_x509a.cc
2026-04-22T16:38:20.8283180Z ▸ Compiling x_x509.cc
2026-04-22T16:38:20.9805520Z ▸ Compiling x_val.cc
2026-04-22T16:38:21.0220030Z ▸ Compiling x_spki.cc
2026-04-22T16:38:21.8014110Z ▸ Compiling x_sig.cc
2026-04-22T16:38:22.4736350Z ▸ Compiling x_req.cc
2026-04-22T16:38:22.5548010Z ▸ Compiling x_pubkey.cc
2026-04-22T16:38:22.8336820Z ▸ Compiling x_name.cc
2026-04-22T16:38:22.9558260Z ▸ Compiling x_exten.cc
2026-04-22T16:38:23.2078570Z ▸ Compiling x_crl.cc
2026-04-22T16:38:23.4972450Z ▸ Compiling x_attrib.cc
2026-04-22T16:38:23.5680670Z ▸ Compiling x_all.cc
2026-04-22T16:38:23.6314830Z ▸ Compiling x_algor.cc
2026-04-22T16:38:23.8838630Z ▸ Compiling x509spki.cc
2026-04-22T16:38:24.0153550Z ▸ Compiling x509rset.cc
2026-04-22T16:38:24.0257510Z ▸ Compiling x509name.cc
2026-04-22T16:38:24.2374100Z ▸ Compiling x509cset.cc
2026-04-22T16:38:24.3579250Z ▸ Compiling x509_vpm.cc
2026-04-22T16:38:24.3883260Z ▸ Compiling x509_vfy.cc
2026-04-22T16:38:24.6564680Z ▸ Compiling x509_v3.cc
2026-04-22T16:38:24.6969610Z ▸ Compiling x509_txt.cc
2026-04-22T16:38:24.7081890Z ▸ Compiling x509_trs.cc
2026-04-22T16:38:24.9944820Z ▸ Compiling x509_set.cc
2026-04-22T16:38:25.0046610Z ▸ Compiling x509_req.cc
2026-04-22T16:38:25.0151040Z ▸ Compiling x509_obj.cc
2026-04-22T16:38:25.3476860Z ▸ Compiling x509_lu.cc
2026-04-22T16:38:25.3897590Z ▸ Compiling x509_ext.cc
2026-04-22T16:38:25.3995810Z ▸ Compiling x509_def.cc
2026-04-22T16:38:25.6896560Z ▸ Compiling x509_d2.cc
2026-04-22T16:38:25.7007470Z ▸ Compiling x509_cmp.cc
2026-04-22T16:38:25.7214810Z ▸ Compiling x509_att.cc
2026-04-22T16:38:26.0527700Z ▸ Compiling x509.cc
2026-04-22T16:38:26.0631110Z ▸ Compiling windows.cc
2026-04-22T16:38:26.0833530Z ▸ Compiling voprf.cc
2026-04-22T16:38:26.4431410Z ▸ Compiling v3_utl.cc
2026-04-22T16:38:26.5051100Z ▸ Compiling v3_skey.cc
2026-04-22T16:38:26.5162350Z ▸ Compiling v3_purp.cc
2026-04-22T16:38:26.8152090Z ▸ Compiling v3_prn.cc
2026-04-22T16:38:26.8255860Z ▸ Compiling v3_pmaps.cc
2026-04-22T16:38:26.8357260Z ▸ Compiling v3_pcons.cc
2026-04-22T16:38:27.1140200Z ▸ Compiling v3_ocsp.cc
2026-04-22T16:38:27.1240460Z ▸ Compiling v3_ncons.cc
2026-04-22T16:38:27.1347780Z ▸ Compiling v3_lib.cc
2026-04-22T16:38:27.4428760Z ▸ Compiling v3_int.cc
2026-04-22T16:38:27.4535310Z ▸ Compiling v3_info.cc
2026-04-22T16:38:27.4640140Z ▸ Compiling v3_ia5.cc
2026-04-22T16:38:27.7699460Z ▸ Compiling v3_genn.cc
2026-04-22T16:38:27.7802190Z ▸ Compiling v3_extku.cc
2026-04-22T16:38:27.7903660Z ▸ Compiling v3_enum.cc
2026-04-22T16:38:28.1123270Z ▸ Compiling v3_crld.cc
2026-04-22T16:38:28.1329200Z ▸ Compiling v3_cpols.cc
2026-04-22T16:38:28.1459670Z ▸ Compiling v3_conf.cc
2026-04-22T16:38:28.4770340Z ▸ Compiling v3_bitst.cc
2026-04-22T16:38:28.4875010Z ▸ Compiling v3_bcons.cc
2026-04-22T16:38:28.4978710Z ▸ Compiling v3_alt.cc
2026-04-22T16:38:28.8291510Z ▸ Compiling v3_akeya.cc
2026-04-22T16:38:28.8399310Z ▸ Compiling v3_akey.cc
2026-04-22T16:38:28.8507690Z ▸ Compiling urandom.cc
2026-04-22T16:38:29.0300010Z ▸ Compiling unicode.cc
2026-04-22T16:38:29.1350880Z ▸ Compiling trusty.cc
2026-04-22T16:38:29.1457100Z ▸ Compiling trust_token.cc
2026-04-22T16:38:29.3923320Z ▸ Compiling tls_record.cc
2026-04-22T16:38:29.5370650Z ▸ Compiling tls_method.cc
2026-04-22T16:38:29.5577270Z ▸ Compiling tls_cbc.cc
2026-04-22T16:38:29.6079480Z ▸ Compiling tls13_server.cc
2026-04-22T16:38:30.0839720Z ▸ Compiling tls13_enc.cc
2026-04-22T16:38:30.0953630Z ▸ Compiling tls13_client.cc
2026-04-22T16:38:30.1371890Z ▸ Compiling tls13_both.cc
2026-04-22T16:38:30.5107930Z ▸ Compiling thread_win.cc
2026-04-22T16:38:30.5212060Z ▸ Compiling thread_pthread.cc
2026-04-22T16:38:30.5323580Z ▸ Compiling thread_none.cc
2026-04-22T16:38:30.5424080Z ▸ Compiling thread.cc
2026-04-22T16:38:30.5524760Z ▸ Compiling tasn_utl.cc
2026-04-22T16:38:30.7157170Z ▸ Compiling tasn_typ.cc
2026-04-22T16:38:30.7340400Z ▸ Compiling tasn_new.cc
2026-04-22T16:38:30.7663250Z ▸ Compiling tasn_fre.cc
2026-04-22T16:38:30.9138760Z ▸ Compiling tasn_enc.cc
2026-04-22T16:38:30.9478730Z ▸ Compiling tasn_dec.cc
2026-04-22T16:38:31.0325160Z ▸ Compiling t_x509a.cc
2026-04-22T16:38:31.2073190Z ▸ Compiling t_x509.cc
2026-04-22T16:38:31.2514650Z ▸ Compiling t_req.cc
2026-04-22T16:38:31.3322160Z ▸ Compiling t_crl.cc
2026-04-22T16:38:31.4965140Z ▸ Compiling t1_enc.cc
2026-04-22T16:38:31.6563160Z ▸ Compiling stack.cc
2026-04-22T16:38:31.6664350Z ▸ Compiling ssl_x509.cc
2026-04-22T16:38:32.0073050Z ▸ Compiling ssl_versions.cc
2026-04-22T16:38:32.0174800Z ▸ Compiling ssl_transcript.cc
2026-04-22T16:38:32.0841770Z ▸ Compiling ssl_stat.cc
2026-04-22T16:38:32.3648180Z ▸ Compiling ssl_session.cc
2026-04-22T16:38:32.5416220Z ▸ Compiling ssl_privkey.cc
2026-04-22T16:38:32.5818340Z ▸ Compiling ssl_lib.cc
2026-04-22T16:38:33.4251600Z ▸ Compiling ssl_key_share.cc
2026-04-22T16:38:33.4353010Z ▸ Compiling ssl_file.cc
2026-04-22T16:38:33.4453430Z ▸ Compiling ssl_credential.cc
2026-04-22T16:38:33.7770320Z ▸ Compiling ssl_cipher.cc
2026-04-22T16:38:33.7871570Z ▸ Compiling ssl_cert.cc
2026-04-22T16:38:34.0387950Z ▸ Compiling ssl_buffer.cc
2026-04-22T16:38:34.1952810Z ▸ Compiling ssl_asn1.cc
2026-04-22T16:38:34.2339290Z ▸ Compiling ssl_aead_ctx.cc
2026-04-22T16:38:34.4425380Z ▸ Compiling spake2plus.cc
2026-04-22T16:38:34.4612720Z ▸ Compiling spake25519.cc
2026-04-22T16:38:34.4714750Z ▸ Compiling socket_helper.cc
2026-04-22T16:38:34.6517220Z ▸ Compiling socket.cc
2026-04-22T16:38:34.6648920Z ▸ Compiling slhdsa.cc
2026-04-22T16:38:34.7068620Z ▸ Compiling siphash.cc
2026-04-22T16:38:34.8449270Z ▸ Compiling sign.cc
2026-04-22T16:38:34.8553180Z ▸ Compiling sha512.cc
2026-04-22T16:38:34.9491500Z ▸ Compiling sha256.cc
2026-04-22T16:38:35.1196930Z ▸ Compiling sha1.cc
2026-04-22T16:38:35.2257080Z ▸ Compiling scrypt.cc
2026-04-22T16:38:35.3791510Z ▸ Compiling s3_pkt.cc
2026-04-22T16:38:35.5943090Z ▸ Compiling s3_lib.cc
2026-04-22T16:38:35.6168640Z ▸ Compiling s3_both.cc
2026-04-22T16:38:35.7961810Z ▸ Compiling rsa_pss.cc
2026-04-22T16:38:35.9201960Z ▸ Compiling rsa_print.cc
2026-04-22T16:38:35.9303490Z ▸ Compiling rsa_extra.cc
2026-04-22T16:38:35.9806220Z ▸ Compiling rsa_crypt.cc
2026-04-22T16:38:36.0413700Z ▸ Compiling rsa_asn1.cc
2026-04-22T16:38:36.1663880Z ▸ Compiling refcount.cc
2026-04-22T16:38:36.1767280Z ▸ Compiling rc4.cc
2026-04-22T16:38:36.2607520Z ▸ Compiling rand.cc
2026-04-22T16:38:36.3548630Z ▸ Compiling printf.cc
2026-04-22T16:38:36.3651330Z ▸ Compiling print.cc
2026-04-22T16:38:36.4768160Z ▸ Compiling posix_time.cc
2026-04-22T16:38:36.5523160Z ▸ Compiling pool.cc
2026-04-22T16:38:36.6692360Z ▸ Compiling poly1305_vec.cc
2026-04-22T16:38:36.8942570Z ▸ Compiling poly1305_arm.cc
2026-04-22T16:38:36.9453470Z ▸ Compiling poly1305.cc
2026-04-22T16:38:36.9896250Z ▸ Compiling policy.cc
2026-04-22T16:38:37.4928350Z ▸ Compiling pmbtoken.cc
2026-04-22T16:38:37.5029690Z ▸ Compiling pkcs8_x509.cc
2026-04-22T16:38:37.5437170Z ▸ Compiling pkcs8.cc
2026-04-22T16:38:38.0952070Z ▸ Compiling pkcs7_x509.cc
2026-04-22T16:38:38.1339920Z ▸ Compiling pkcs7.cc
2026-04-22T16:38:38.1452020Z ▸ Compiling pem_xaux.cc
2026-04-22T16:38:38.4709430Z ▸ Compiling pem_x509.cc
2026-04-22T16:38:38.6074630Z ▸ Compiling pem_pkey.cc
2026-04-22T16:38:38.6556800Z ▸ Compiling pem_pk8.cc
2026-04-22T16:38:39.1077320Z ▸ Compiling pem_oth.cc
2026-04-22T16:38:39.1421090Z ▸ Compiling pem_lib.cc
2026-04-22T16:38:39.2220260Z ▸ Compiling pem_info.cc
2026-04-22T16:38:39.6385050Z ▸ Compiling pem_all.cc
2026-04-22T16:38:39.7051880Z ▸ Compiling pbkdf.cc
2026-04-22T16:38:39.7163590Z ▸ Compiling passive.cc
2026-04-22T16:38:39.8810640Z ▸ Compiling params.cc
2026-04-22T16:38:40.0547010Z ▸ Compiling pair.cc
2026-04-22T16:38:40.0790350Z ▸ Compiling p_x25519_asn1.cc
2026-04-22T16:38:40.3324940Z ▸ Compiling p_x25519.cc
2026-04-22T16:38:40.3628970Z ▸ Compiling p_rsa_asn1.cc
2026-04-22T16:38:40.7084960Z ▸ Compiling p_rsa.cc
2026-04-22T16:38:40.7998260Z ▸ Compiling p_hkdf.cc
2026-04-22T16:38:40.8222420Z ▸ Compiling p_ed25519_asn1.cc
2026-04-22T16:38:41.1894290Z ▸ Compiling p_ed25519.cc
2026-04-22T16:38:41.2051370Z ▸ Compiling p_ec_asn1.cc
2026-04-22T16:38:41.3137200Z ▸ Compiling p_ec.cc
2026-04-22T16:38:41.4911930Z ▸ Compiling p_dsa_asn1.cc
2026-04-22T16:38:41.6885830Z ▸ Compiling p_dh_asn1.cc
2026-04-22T16:38:41.7004120Z ▸ Compiling p_dh.cc
2026-04-22T16:38:41.9420400Z ▸ Compiling p5_pbev2.cc
2026-04-22T16:38:42.2499180Z ▸ Compiling obj_xref.cc
2026-04-22T16:38:42.5041430Z ▸ Compiling obj.cc
2026-04-22T16:38:42.5991400Z ▸ Compiling name_print.cc
2026-04-22T16:38:42.8290020Z ▸ Compiling mlkem.cc
2026-04-22T16:38:42.8728750Z ▸ Compiling mldsa.cc
2026-04-22T16:38:42.9037290Z ▸ Compiling mem.cc
2026-04-22T16:38:43.2514670Z ▸ Compiling md5.cc
2026-04-22T16:38:43.2860130Z ▸ Compiling md4.cc
2026-04-22T16:38:43.4172440Z ▸ Compiling lhash.cc
2026-04-22T16:38:43.6186760Z ▸ Compiling kyber.cc
2026-04-22T16:38:43.7420060Z ▸ Compiling ios.cc
2026-04-22T16:38:43.7529750Z ▸ Compiling i2d_pr.cc
2026-04-22T16:38:44.0765200Z ▸ Compiling hrss.cc
2026-04-22T16:38:44.5889880Z ▸ Compiling hpke.cc
2026-04-22T16:38:44.5991280Z ▸ Compiling hexdump.cc
2026-04-22T16:38:44.6093770Z ▸ Compiling hash_to_curve.cc
2026-04-22T16:38:44.8626010Z ▸ Compiling handshake_server.cc
2026-04-22T16:38:45.5563530Z ▸ Compiling handshake_client.cc
2026-04-22T16:38:45.5889010Z ▸ Compiling handshake.cc
2026-04-22T16:38:45.6491170Z ▸ Compiling handoff.cc
2026-04-22T16:38:46.1730680Z ▸ Compiling getentropy.cc
2026-04-22T16:38:46.1831860Z ▸ Compiling get_cipher.cc
2026-04-22T16:38:46.1948540Z ▸ Compiling forkunsafe.cc
2026-04-22T16:38:46.2820980Z ▸ Compiling fork_detect.cc
2026-04-22T16:38:46.2922500Z ▸ Compiling fips_shared_support.cc
2026-04-22T16:38:46.3025470Z ▸ Compiling file.cc
2026-04-22T16:38:46.4416550Z ▸ Compiling fd.cc
2026-04-22T16:38:46.5818860Z ▸ Compiling f_string.cc
2026-04-22T16:38:46.5920130Z ▸ Compiling f_int.cc
2026-04-22T16:38:46.6334710Z ▸ Compiling extensions.cc
2026-04-22T16:38:47.3815240Z ▸ Compiling ex_data.cc
2026-04-22T16:38:47.3935480Z ▸ Compiling evp_ctx.cc
2026-04-22T16:38:47.4047920Z ▸ Compiling evp_asn1.cc
2026-04-22T16:38:47.4154290Z ▸ Compiling evp.cc
2026-04-22T16:38:47.4255610Z ▸ Compiling errno.cc
2026-04-22T16:38:47.4357910Z ▸ Compiling err_data.cc
2026-04-22T16:38:47.4464090Z ▸ Compiling err.cc
2026-04-22T16:38:47.6100540Z ▸ Compiling engine.cc
2026-04-22T16:38:47.6205460Z ▸ Compiling encrypted_client_hello.cc
2026-04-22T16:38:47.8957920Z ▸ Compiling ecdsa_asn1.cc
2026-04-22T16:38:47.9066900Z ▸ Compiling ecdh.cc
2026-04-22T16:38:47.9168620Z ▸ Compiling ec_derive.cc
2026-04-22T16:38:48.0619160Z ▸ Compiling ec_asn1.cc
2026-04-22T16:38:48.1750020Z ▸ Compiling e_tls.cc
2026-04-22T16:38:48.1857280Z ▸ Compiling e_rc4.cc
2026-04-22T16:38:48.3272440Z ▸ Compiling e_rc2.cc
2026-04-22T16:38:48.3479970Z ▸ Compiling e_null.cc
2026-04-22T16:38:48.4180370Z ▸ Compiling e_des.cc
2026-04-22T16:38:48.7852860Z ▸ Compiling e_chacha20poly1305.cc
2026-04-22T16:38:48.7956870Z ▸ Compiling e_aesgcmsiv.cc
2026-04-22T16:38:48.8056980Z ▸ Compiling e_aesctrhmac.cc
2026-04-22T16:38:49.1235510Z ▸ Compiling dtls_record.cc
2026-04-22T16:38:49.5752910Z ▸ Compiling dtls_method.cc
2026-04-22T16:38:49.5856290Z ▸ Compiling dsa_asn1.cc
2026-04-22T16:38:49.5964290Z ▸ Compiling dsa.cc
2026-04-22T16:38:49.8190900Z ▸ Compiling digest_extra.cc
2026-04-22T16:38:49.8825300Z ▸ Compiling dh_asn1.cc
2026-04-22T16:38:49.8927310Z ▸ Compiling deterministic.cc
2026-04-22T16:38:50.0546350Z ▸ Compiling des.cc
2026-04-22T16:38:50.1055440Z ▸ Compiling derive_key.cc
2026-04-22T16:38:50.1165880Z ▸ Compiling d1_srtp.cc
2026-04-22T16:38:50.5057640Z ▸ Compiling d1_pkt.cc
2026-04-22T16:38:50.5257300Z ▸ Compiling d1_lib.cc
2026-04-22T16:38:50.5578330Z ▸ Compiling d1_both.cc
2026-04-22T16:38:51.2852790Z ▸ Compiling curve25519_64_adx.cc
2026-04-22T16:38:51.2961090Z ▸ Compiling curve25519.cc
2026-04-22T16:38:51.3064530Z ▸ Compiling crypto.cc
2026-04-22T16:38:51.3166040Z ▸ Compiling cpu_intel.cc
2026-04-22T16:38:51.3267530Z ▸ Compiling cpu_arm_linux.cc
2026-04-22T16:38:51.4334740Z ▸ Compiling cpu_arm_freebsd.cc
2026-04-22T16:38:51.4439320Z ▸ Compiling cpu_aarch64_win.cc
2026-04-22T16:38:51.5062660Z ▸ Compiling cpu_aarch64_sysreg.cc
2026-04-22T16:38:51.7217770Z ▸ Compiling cpu_aarch64_openbsd.cc
2026-04-22T16:38:51.7319930Z ▸ Compiling cpu_aarch64_linux.cc
2026-04-22T16:38:51.7422510Z ▸ Compiling cpu_aarch64_fuchsia.cc
2026-04-22T16:38:52.1208660Z ▸ Compiling cpu_aarch64_apple.cc
2026-04-22T16:38:52.1510750Z ▸ Compiling convert.cc
2026-04-22T16:38:52.1914230Z ▸ Compiling connect.cc
2026-04-22T16:38:52.4617600Z ▸ Compiling conf.cc
2026-04-22T16:38:52.4854310Z ▸ Compiling chacha.cc
2026-04-22T16:38:52.8179300Z ▸ Compiling cbs.cc
2026-04-22T16:38:53.0713690Z ▸ Compiling cbb.cc
2026-04-22T16:38:53.0818470Z ▸ Compiling by_file.cc
2026-04-22T16:38:53.3111660Z ▸ Compiling by_dir.cc
2026-04-22T16:38:53.4568510Z ▸ Compiling buf.cc
2026-04-22T16:38:53.4681370Z ▸ Compiling bn_asn1.cc
2026-04-22T16:38:53.6620530Z ▸ Compiling blake2.cc
2026-04-22T16:38:53.7512510Z ▸ Compiling bio_ssl.cc
2026-04-22T16:38:53.9219350Z ▸ Compiling bio_mem.cc
2026-04-22T16:38:54.0545110Z ▸ Compiling bio.cc
2026-04-22T16:38:54.0879290Z ▸ Compiling ber.cc
2026-04-22T16:38:54.2647080Z ▸ Compiling bcm.cc
2026-04-22T16:38:57.7172060Z ▸ Compiling base64.cc
2026-04-22T16:38:57.7320840Z ▸ Compiling asn_pack.cc
2026-04-22T16:38:57.7515400Z ▸ Compiling asn1_par.cc
2026-04-22T16:38:57.7655040Z ▸ Compiling asn1_lib.cc
2026-04-22T16:38:57.7766130Z ▸ Compiling asn1_gen.cc
2026-04-22T16:38:57.7897230Z ▸ Compiling asn1_compat.cc
2026-04-22T16:38:57.7963880Z ▸ Compiling algorithm.cc
2026-04-22T16:38:57.8065410Z ▸ Compiling a_verify.cc
2026-04-22T16:38:57.8167030Z ▸ Compiling a_utctm.cc
2026-04-22T16:38:57.8268180Z ▸ Compiling a_type.cc
2026-04-22T16:38:57.8369570Z ▸ Compiling a_time.cc
2026-04-22T16:38:57.8470850Z ▸ Compiling a_strnid.cc
2026-04-22T16:38:58.1441030Z ▸ Compiling a_strex.cc
2026-04-22T16:38:58.3431290Z ▸ Compiling a_sign.cc
2026-04-22T16:38:58.3548470Z ▸ Compiling a_octet.cc
2026-04-22T16:38:58.4210020Z ▸ Compiling a_object.cc
2026-04-22T16:38:58.6028840Z ▸ Compiling a_mbstr.cc
2026-04-22T16:38:58.7659370Z ▸ Compiling a_int.cc
2026-04-22T16:38:58.8264440Z ▸ Compiling a_i2d_fp.cc
2026-04-22T16:38:58.9382700Z ▸ Compiling a_gentm.cc
2026-04-22T16:38:59.1632440Z ▸ Compiling a_dup.cc
2026-04-22T16:38:59.1742660Z ▸ Compiling a_digest.cc
2026-04-22T16:38:59.4824100Z ▸ Compiling a_d2i_fp.cc
2026-04-22T16:38:59.4924670Z ▸ Compiling a_bool.cc
2026-04-22T16:38:59.5025590Z ▸ Compiling a_bitstr.cc
2026-04-22T16:39:02.1333490Z ▸ Linking CNIOBoringSSL.o
2026-04-22T16:39:03.6726030Z ▸ Processing empty-Promises_FBLPromises.plist
2026-04-22T16:39:03.6834430Z ▸ Copying /Users/runner/work/tcm-storage-ios/tcm-storage-ios/build/Build/Products/Debug-iphonesimulator/Promises_FBLPromises.bundle/PrivacyInfo.xcprivacy
2026-04-22T16:39:05.8970520Z ▸ Processing empty-GoogleUtilities_GoogleUtilities-NSData.plist
2026-04-22T16:39:05.9072640Z ▸ Copying /Users/runner/work/tcm-storage-ios/tcm-storage-ios/build/Build/Products/Debug-iphonesimulator/GoogleUtilities_GoogleUtilities-NSData.bundle/PrivacyInfo.xcprivacy
2026-04-22T16:39:06.6959230Z ▸ Compiling dummy.m
2026-04-22T16:39:06.7089870Z ▸ Linking Firebase.o
2026-04-22T16:39:06.7191270Z ▸ Compiling shim.c
2026-04-22T16:39:06.7303310Z ▸ Compiling WSAStartup.c
2026-04-22T16:39:06.7405150Z ▸ Linking CNIOWindows.o
2026-04-22T16:39:06.7506160Z ▸ Compiling CNIOWASI.c
2026-04-22T16:39:06.7607050Z ▸ Linking CNIOWASI.o
2026-04-22T16:39:06.7708050Z ▸ Compiling shim.c
2026-04-22T16:39:06.7808680Z ▸ Compiling shim.c
2026-04-22T16:39:06.7923060Z ▸ Linking CNIOOpenBSD.o
2026-04-22T16:39:06.8031110Z ▸ Compiling liburing_shims.c
2026-04-22T16:39:06.8131860Z ▸ Linking CNIOLinux.o
2026-04-22T16:39:06.8233290Z ▸ Compiling event_loop_id.c
2026-04-22T16:39:06.8333770Z ▸ Linking CNIOPosix.o
2026-04-22T16:39:06.8433930Z ▸ Compiling c-nioatomics.c
2026-04-22T16:39:08.0007860Z ▸ Compiling c-atomics.c
2026-04-22T16:39:08.5442900Z ▸ Compiling shim.c
2026-04-22T16:39:08.5544240Z ▸ Linking CNIODarwin.o
2026-04-22T16:39:08.5544630Z ▸ Compiling bid_round.c
2026-04-22T16:39:08.5545040Z ▸ Compiling bid_from_int.c
2026-04-22T16:39:08.5545440Z ▸ Compiling bid_decimal_globals.c
2026-04-22T16:39:08.5545850Z ▸ Compiling bid_decimal_data.c
2026-04-22T16:39:08.5546090Z ▸ Compiling bid_convert_data.c
2026-04-22T16:39:08.5546290Z ▸ Compiling bid_binarydecimal.c
2026-04-22T16:39:08.5546660Z ▸ Compiling bid64_to_bid128.c
2026-04-22T16:39:08.5547310Z ▸ Compiling bid32_to_bid128.c
2026-04-22T16:39:08.5547610Z ▸ Compiling bid128_to_int64.c
2026-04-22T16:39:08.5547890Z ▸ Compiling bid128_string.c
2026-04-22T16:39:08.5548170Z ▸ Compiling bid128_quantize.c
2026-04-22T16:39:08.5657510Z ▸ Compiling bid128_mul.c
2026-04-22T16:39:08.5764470Z ▸ Compiling bid128_fma.c
2026-04-22T16:39:08.5866180Z ▸ Compiling bid128_div.c
2026-04-22T16:39:08.5967440Z ▸ Compiling bid128_compare.c
2026-04-22T16:39:08.6068390Z ▸ Compiling bid128_add.c
2026-04-22T16:39:08.6169450Z ▸ Compiling bid128_2_str_tables.c
2026-04-22T16:39:08.6268230Z ▸ Compiling bid128.c
2026-04-22T16:39:08.6369210Z ▸ Linking Bid.o
2026-04-22T16:39:08.6470490Z ▸ Touching TLPhotoPicker_TLPhotoPicker.bundle (in target 'TLPhotoPicker_TLPhotoPicker' from project 'TLPhotoPicker')
2026-04-22T16:39:08.6571730Z ▸ Linking TLPhotoPicker.o
2026-04-22T16:39:09.3443250Z ▸ Linking SwiftUIIntrospect.o
2026-04-22T16:39:10.4650640Z ▸ Linking CNIOAtomics.o
2026-04-22T16:39:12.2619620Z ▸ Touching SwiftyJSON_SwiftyJSON.bundle (in target 'SwiftyJSON_SwiftyJSON' from project 'SwiftyJSON')
2026-04-22T16:39:12.2722300Z ▸ Linking SwiftyJSON.o
2026-04-22T16:39:12.2823870Z ▸ Linking SwiftRichString.o
2026-04-22T16:39:12.2950610Z ▸ Processing empty-Realm_RealmSwift.plist
2026-04-22T16:39:12.3056050Z ▸ Copying /Users/runner/work/tcm-storage-ios/tcm-storage-ios/build/Build/Products/Debug-iphonesimulator/Realm_RealmSwift.bundle/PrivacyInfo.xcprivacy
2026-04-22T16:39:12.3162990Z ▸ Processing empty-Realm_Realm.plist
2026-04-22T16:39:12.3275470Z ▸ Copying /Users/runner/work/tcm-storage-ios/tcm-storage-ios/build/Build/Products/Debug-iphonesimulator/Realm_Realm.bundle/PrivacyInfo.xcprivacy
2026-04-22T16:39:12.3386610Z ▸ Touching Realm_RealmSwift.bundle (in target 'Realm_RealmSwift' from project 'Realm')
2026-04-22T16:39:12.3487530Z ▸ Processing empty-RealmDatabase_RealmCoreResources.plist
2026-04-22T16:39:12.3589050Z ▸ Linking Queuer.o
2026-04-22T16:39:12.3690490Z ▸ Copying /Users/runner/work/tcm-storage-ios/tcm-storage-ios/build/Build/Products/Debug-iphonesimulator/RealmDatabase_RealmCoreResources.bundle/PrivacyInfo.xcprivacy
2026-04-22T16:39:12.3792230Z ▸ Linking QRCodeReader.o
2026-04-22T16:39:12.3893730Z ▸ Touching Realm_Realm.bundle (in target 'Realm_Realm' from project 'Realm')
2026-04-22T16:39:12.3995780Z ▸ Touching RealmDatabase_RealmCoreResources.bundle (in target 'RealmDatabase_RealmCoreResources' from project 'RealmDatabase')
2026-04-22T16:39:12.4099760Z ▸ Compiling dummy.mm
2026-04-22T16:39:12.4197140Z ▸ Linking MarkdownKit.o
2026-04-22T16:39:12.4297810Z ▸ Linking LucidBanner.o
2026-04-22T16:39:13.2289920Z ▸ Linking LRUCache.o
2026-04-22T16:39:13.2391230Z ▸ Linking KeychainAccess.o
2026-04-22T16:39:13.2492460Z ▸ Linking InternalCollectionsUtilities.o
2026-04-22T16:39:13.2593790Z ▸ Linking FirebaseRemoteConfigInterop.o
2026-04-22T16:39:15.6601410Z ▸ Processing empty-Promises_Promises.plist
2026-04-22T16:39:15.6707050Z ▸ Copying /Users/runner/work/tcm-storage-ios/tcm-storage-ios/build/Build/Products/Debug-iphonesimulator/Promises_Promises.bundle/PrivacyInfo.xcprivacy
2026-04-22T16:39:15.6809860Z ▸ Processing empty-Parchment_Parchment.plist
2026-04-22T16:39:15.6911520Z ▸ Copying /Users/runner/work/tcm-storage-ios/tcm-storage-ios/build/Build/Products/Debug-iphonesimulator/Parchment_Parchment.bundle/PrivacyInfo.xcprivacy
2026-04-22T16:39:15.7013300Z ▸ Compiling resource_bundle_accessor.m
2026-04-22T16:39:15.7114710Z ▸ Processing empty-Mantis_Mantis.plist
2026-04-22T16:39:15.7216320Z ▸ Copying /Users/runner/work/tcm-storage-ios/tcm-storage-ios/build/Build/Products/Debug-iphonesimulator/Mantis_Mantis.bundle/zh-Hant.lproj/MantisLocalizable.strings
2026-04-22T16:39:15.7318310Z ▸ Copying /Users/runner/work/tcm-storage-ios/tcm-storage-ios/build/Build/Products/Debug-iphonesimulator/Mantis_Mantis.bundle/zh-Hans.lproj/MantisLocalizable.strings
2026-04-22T16:39:15.7420330Z ▸ Copying /Users/runner/work/tcm-storage-ios/tcm-storage-ios/build/Build/Products/Debug-iphonesimulator/Mantis_Mantis.bundle/ru.lproj/MantisLocalizable.strings
2026-04-22T16:39:15.7535590Z ▸ Copying /Users/runner/work/tcm-storage-ios/tcm-storage-ios/build/Build/Products/Debug-iphonesimulator/Mantis_Mantis.bundle/pt-PT.lproj/MantisLocalizable.strings
2026-04-22T16:39:15.7640540Z ▸ Copying /Users/runner/work/tcm-storage-ios/tcm-storage-ios/build/Build/Products/Debug-iphonesimulator/Mantis_Mantis.bundle/nl.lproj/MantisLocalizable.strings
2026-04-22T16:39:15.7742740Z ▸ Copying /Users/runner/work/tcm-storage-ios/tcm-storage-ios/build/Build/Products/Debug-iphonesimulator/Mantis_Mantis.bundle/ko.lproj/MantisLocalizable.strings
2026-04-22T16:39:15.7845030Z ▸ Copying /Users/runner/work/tcm-storage-ios/tcm-storage-ios/build/Build/Products/Debug-iphonesimulator/Mantis_Mantis.bundle/ko-KR.lproj/MantisLocalizable.strings
2026-04-22T16:39:15.7947250Z ▸ Copying /Users/runner/work/tcm-storage-ios/tcm-storage-ios/build/Build/Products/Debug-iphonesimulator/Mantis_Mantis.bundle/ja.lproj/MantisLocalizable.strings
2026-04-22T16:39:15.8049330Z ▸ Copying /Users/runner/work/tcm-storage-ios/tcm-storage-ios/build/Build/Products/Debug-iphonesimulator/Mantis_Mantis.bundle/it.lproj/MantisLocalizable.strings
2026-04-22T16:39:15.8151250Z ▸ Copying /Users/runner/work/tcm-storage-ios/tcm-storage-ios/build/Build/Products/Debug-iphonesimulator/Mantis_Mantis.bundle/fr.lproj/MantisLocalizable.strings
2026-04-22T16:39:15.8256970Z ▸ Copying /Users/runner/work/tcm-storage-ios/tcm-storage-ios/build/Build/Products/Debug-iphonesimulator/Mantis_Mantis.bundle/es.lproj/MantisLocalizable.strings
2026-04-22T16:39:15.8359060Z ▸ Copying /Users/runner/work/tcm-storage-ios/tcm-storage-ios/build/Build/Products/Debug-iphonesimulator/Mantis_Mantis.bundle/en.lproj/MantisLocalizable.strings
2026-04-22T16:39:15.8468390Z ▸ Copying /Users/runner/work/tcm-storage-ios/tcm-storage-ios/build/Build/Products/Debug-iphonesimulator/Mantis_Mantis.bundle/de.lproj/MantisLocalizable.strings
2026-04-22T16:39:15.8570620Z ▸ Copying /Users/runner/work/tcm-storage-ios/tcm-storage-ios/build/Build/Products/Debug-iphonesimulator/Mantis_Mantis.bundle/ar.lproj/MantisLocalizable.strings
2026-04-22T16:39:15.8672290Z ▸ Processing empty-GoogleUtilities_GoogleUtilities-UserDefaults.plist
2026-04-22T16:39:15.8774680Z ▸ Copying /Users/runner/work/tcm-storage-ios/tcm-storage-ios/build/Build/Products/Debug-iphonesimulator/GoogleUtilities_GoogleUtilities-UserDefaults.bundle/PrivacyInfo.xcprivacy
2026-04-22T16:39:15.8876370Z ▸ Processing empty-GoogleUtilities_GoogleUtilities-Logger.plist
2026-04-22T16:39:15.8984110Z ▸ Copying /Users/runner/work/tcm-storage-ios/tcm-storage-ios/build/Build/Products/Debug-iphonesimulator/GoogleUtilities_GoogleUtilities-Logger.bundle/PrivacyInfo.xcprivacy
2026-04-22T16:39:15.9086270Z ▸ Processing empty-GoogleUtilities_GoogleUtilities-Environment.plist
2026-04-22T16:39:15.9188130Z ▸ Copying /Users/runner/work/tcm-storage-ios/tcm-storage-ios/build/Build/Products/Debug-iphonesimulator/GoogleUtilities_GoogleUtilities-Environment.bundle/PrivacyInfo.xcprivacy
2026-04-22T16:39:15.9290400Z ▸ Processing empty-GoogleDataTransport_GoogleDataTransport.plist
2026-04-22T16:39:15.9392260Z ▸ Copying /Users/runner/work/tcm-storage-ios/tcm-storage-ios/build/Build/Products/Debug-iphonesimulator/GoogleDataTransport_GoogleDataTransport.bundle/PrivacyInfo.xcprivacy
2026-04-22T16:39:15.9494740Z ▸ Processing empty-Firebase_FirebaseInstallations.plist
2026-04-22T16:39:15.9596710Z ▸ Copying /Users/runner/work/tcm-storage-ios/tcm-storage-ios/build/Build/Products/Debug-iphonesimulator/Firebase_FirebaseInstallations.bundle/PrivacyInfo.xcprivacy
2026-04-22T16:39:15.9698380Z ▸ Processing empty-Firebase_FirebaseCrashlyticsSwift.plist
2026-04-22T16:39:15.9800330Z ▸ Copying /Users/runner/work/tcm-storage-ios/tcm-storage-ios/build/Build/Products/Debug-iphonesimulator/Firebase_FirebaseCrashlyticsSwift.bundle/PrivacyInfo.xcprivacy
2026-04-22T16:39:15.9909130Z ▸ Processing empty-Firebase_FirebaseCrashlytics.plist
2026-04-22T16:39:16.0014490Z ▸ Copying /Users/runner/work/tcm-storage-ios/tcm-storage-ios/build/Build/Products/Debug-iphonesimulator/Firebase_FirebaseCrashlytics.bundle/PrivacyInfo.xcprivacy
2026-04-22T16:39:16.0120030Z ▸ Processing empty-Firebase_FirebaseCoreInternal.plist
2026-04-22T16:39:16.0238000Z ▸ Copying /Users/runner/work/tcm-storage-ios/tcm-storage-ios/build/Build/Products/Debug-iphonesimulator/Firebase_FirebaseCoreInternal.bundle/PrivacyInfo.xcprivacy
2026-04-22T16:39:16.0345470Z ▸ Processing empty-Firebase_FirebaseCoreExtension.plist
2026-04-22T16:39:16.0447950Z ▸ Copying /Users/runner/work/tcm-storage-ios/tcm-storage-ios/build/Build/Products/Debug-iphonesimulator/Firebase_FirebaseCoreExtension.bundle/PrivacyInfo.xcprivacy
2026-04-22T16:39:16.0550030Z ▸ Processing empty-Firebase_FirebaseCore.plist
2026-04-22T16:39:16.0653820Z ▸ Copying /Users/runner/work/tcm-storage-ios/tcm-storage-ios/build/Build/Products/Debug-iphonesimulator/Firebase_FirebaseCore.bundle/PrivacyInfo.xcprivacy
2026-04-22T16:39:16.0861780Z ▸ Compiling version.cpp
2026-04-22T16:39:16.5439190Z ▸ Compiling weak_realm_notifier.cpp
2026-04-22T16:39:18.4512510Z ▸ Compiling uuid.cpp
2026-04-22T16:39:18.4615870Z ▸ Compiling uuid.cpp
2026-04-22T16:39:18.4720220Z ▸ Compiling utilities.cpp
2026-04-22T16:39:18.4819820Z ▸ Compiling uri.cpp
2026-04-22T16:39:19.2253040Z ▸ Compiling unicode.cpp
2026-04-22T16:39:19.2368900Z ▸ Compiling transaction.cpp
2026-04-22T16:39:22.2611630Z ▸ Compiling transact_log_handler.cpp
2026-04-22T16:39:22.8698170Z ▸ Compiling transact_log.cpp
2026-04-22T16:39:22.8799290Z ▸ Compiling tokenizer.cpp
2026-04-22T16:39:23.1050300Z ▸ Compiling to_string.cpp
2026-04-22T16:39:23.5367280Z ▸ Compiling to_json.cpp
2026-04-22T16:39:27.2823040Z ▸ Compiling timestamp_logger.cpp
2026-04-22T16:39:27.2927770Z ▸ Compiling timestamp_formatter.cpp
2026-04-22T16:39:27.3029680Z ▸ Compiling time.cpp
2026-04-22T16:39:27.3134020Z ▸ Compiling thread_safe_reference.cpp
2026-04-22T16:39:33.5851270Z ▸ Compiling thread.cpp
2026-04-22T16:39:33.5948670Z ▸ Compiling terminate.cpp
2026-04-22T16:39:33.6050660Z ▸ Compiling table_view.cpp
2026-04-22T16:39:33.6151550Z ▸ Compiling table_ref.cpp
2026-04-22T16:39:33.6252640Z ▸ Compiling table.cpp
2026-04-22T16:39:39.7235810Z ▸ Compiling string_data.cpp
2026-04-22T16:39:39.7352430Z ▸ Compiling status.cpp
2026-04-22T16:39:39.7478390Z ▸ Compiling spec.cpp
2026-04-22T16:39:39.7479940Z ▸ Compiling sort_descriptor.cpp
2026-04-22T16:39:40.5086210Z ▸ Compiling simulated_failure.cpp
2026-04-22T16:39:40.5138710Z ▸ Compiling shared_realm.cpp
2026-04-22T16:39:46.5340680Z ▸ Compiling sha_crypto.cpp
2026-04-22T16:39:46.5428840Z ▸ Compiling set.cpp
2026-04-22T16:39:51.4012020Z ▸ Compiling set.cpp
2026-04-22T16:39:51.4014050Z ▸ Compiling serializer.cpp
2026-04-22T16:39:55.2701060Z ▸ Compiling sectioned_results.cpp
2026-04-22T16:39:57.4924290Z ▸ Compiling schema.cpp
2026-04-22T16:39:57.5036510Z ▸ Compiling scheduler.cpp
2026-04-22T16:39:59.0677100Z ▸ Compiling results_notifier.cpp
2026-04-22T16:40:03.5010000Z ▸ Compiling results.cpp
2026-04-22T16:40:04.0682510Z ▸ Compiling resource_limits.cpp
2026-04-22T16:40:04.0785760Z ▸ Compiling replication.cpp
2026-04-22T16:40:04.4117640Z ▸ Compiling regular_expression.cpp
2026-04-22T16:40:04.5828230Z ▸ Compiling realm_coordinator.cpp
2026-04-22T16:40:08.3842890Z ▸ Compiling random.cpp
2026-04-22T16:40:08.3944620Z ▸ Compiling query_value.cpp
2026-04-22T16:40:08.4051080Z ▸ Compiling query_expression.cpp
2026-04-22T16:40:11.5299050Z ▸ Compiling query_engine.cpp
2026-04-22T16:40:12.2378110Z ▸ Compiling query.cpp
2026-04-22T16:40:19.3817480Z ▸ Compiling platform_info.cpp
2026-04-22T16:40:19.3916520Z ▸ Compiling placeholder.cpp
2026-04-22T16:40:19.4018000Z ▸ Compiling output_stream.cpp
2026-04-22T16:40:19.4119340Z ▸ Compiling object_store.cpp
2026-04-22T16:40:19.4220820Z ▸ Compiling object_schema.cpp
2026-04-22T16:40:19.4324750Z ▸ Compiling object_notifier.cpp
2026-04-22T16:40:19.4447450Z ▸ Compiling object_id.cpp
2026-04-22T16:40:19.4552520Z ▸ Compiling object_converter.cpp
2026-04-22T16:40:21.0134190Z ▸ Compiling object_changeset.cpp
2026-04-22T16:40:21.0235690Z ▸ Compiling object.cpp
2026-04-22T16:40:21.9831670Z ▸ Compiling obj_list.cpp
2026-04-22T16:40:21.9932930Z ▸ Compiling obj.cpp
2026-04-22T16:40:24.3375270Z ▸ Compiling node.cpp
2026-04-22T16:40:24.3486700Z ▸ Compiling mixed.cpp
2026-04-22T16:40:24.3589810Z ▸ Compiling misc_ext_errors.cpp
2026-04-22T16:40:24.3693130Z ▸ Compiling misc_errors.cpp
2026-04-22T16:40:24.3795010Z ▸ Compiling memory_stream.cpp
2026-04-22T16:40:24.3896700Z ▸ Compiling logger.cpp
2026-04-22T16:40:24.9842700Z ▸ Compiling load_file.cpp
2026-04-22T16:40:24.9943760Z ▸ Compiling list_notifier.cpp
2026-04-22T16:40:26.2770040Z ▸ Compiling list.cpp
2026-04-22T16:40:30.3286890Z ▸ Compiling list.cpp
2026-04-22T16:40:30.3312710Z ▸ Compiling link_translator.cpp
2026-04-22T16:40:30.3313300Z ▸ Compiling keychain_helper.cpp
2026-04-22T16:40:30.3314880Z ▸ Compiling json_parser.cpp
2026-04-22T16:40:30.3315250Z ▸ Compiling interprocess_mutex.cpp
2026-04-22T16:40:30.3316440Z ▸ Compiling interprocess_condvar.cpp
2026-04-22T16:40:30.6396940Z ▸ Compiling index_string.cpp
2026-04-22T16:40:32.6748320Z ▸ Compiling index_set.cpp
2026-04-22T16:40:32.6851610Z ▸ Compiling history.cpp
2026-04-22T16:40:32.9894490Z ▸ Compiling group_writer.cpp
2026-04-22T16:40:34.0817500Z ▸ Compiling group.cpp
2026-04-22T16:40:35.0517700Z ▸ Compiling geospatial.cpp
2026-04-22T16:40:35.0523880Z ▸ Compiling file_mapper.cpp
2026-04-22T16:40:35.0524340Z ▸ Compiling file.cpp
2026-04-22T16:40:36.0407110Z ▸ Compiling fifo_helper.cpp
2026-04-22T16:40:36.0510000Z ▸ Compiling external_commit_helper.cpp
2026-04-22T16:40:36.8445060Z ▸ Compiling exceptions.cpp
2026-04-22T16:40:36.9710720Z ▸ Compiling exceptions.mm
2026-04-22T16:40:37.3054610Z ▸ Compiling error_codes.cpp
2026-04-22T16:40:38.1725070Z ▸ Compiling enum.cpp
2026-04-22T16:40:38.1746800Z ▸ Compiling encrypted_file_mapping.cpp
2026-04-22T16:40:39.1552850Z ▸ Compiling disable_sync_to_disk.cpp
2026-04-22T16:40:39.1630240Z ▸ Compiling dictionary.cpp
2026-04-22T16:40:41.3154520Z ▸ Compiling dictionary.cpp
2026-04-22T16:40:41.3411150Z ▸ Compiling demangle.cpp
2026-04-22T16:40:41.3423900Z ▸ Compiling deep_change_checker.cpp
2026-04-22T16:40:44.0614270Z ▸ Compiling decimal128.cpp
2026-04-22T16:40:44.0661240Z ▸ Compiling db.cpp
2026-04-22T16:40:44.7427610Z ▸ Compiling copy_replication.cpp
2026-04-22T16:40:45.5439040Z ▸ Compiling column_binary.cpp
2026-04-22T16:40:45.6654710Z ▸ Compiling collection_parent.cpp
2026-04-22T16:40:50.1267230Z ▸ Compiling collection_notifier.cpp
2026-04-22T16:40:50.1350660Z ▸ Compiling collection_notifications.cpp
2026-04-22T16:40:50.1353660Z ▸ Compiling collection_change_builder.cpp
2026-04-22T16:40:50.1354120Z ▸ Compiling collection.cpp
2026-04-22T16:40:50.4906490Z ▸ Compiling collection.cpp
2026-04-22T16:40:51.6738960Z ▸ Compiling cluster_tree.cpp
2026-04-22T16:40:52.2523570Z ▸ Compiling cluster.cpp
2026-04-22T16:40:53.5995100Z ▸ Compiling cli_args.cpp
2026-04-22T16:40:53.6004290Z ▸ Compiling class.cpp
2026-04-22T16:40:54.3454450Z ▸ Compiling chunked_binary.cpp
2026-04-22T16:40:54.3455670Z ▸ Compiling bson.cpp
2026-04-22T16:40:57.4873500Z ▸ Compiling bplustree.cpp
2026-04-22T16:40:57.4958670Z ▸ Compiling basic_system_errors.cpp
2026-04-22T16:40:57.4966270Z ▸ Compiling base64.cpp
2026-04-22T16:40:57.4971320Z ▸ Compiling backup_restore.cpp
2026-04-22T16:40:57.4979290Z ▸ Compiling backtrace.cpp
2026-04-22T16:40:57.4982790Z ▸ Compiling array_with_find.cpp
2026-04-22T16:40:58.2416020Z ▸ Compiling array_unsigned.cpp
2026-04-22T16:40:58.2485520Z ▸ Compiling array_timestamp.cpp
2026-04-22T16:40:58.5076730Z ▸ Compiling array_string_short.cpp
2026-04-22T16:40:59.1822130Z ▸ Compiling array_string.cpp
2026-04-22T16:40:59.2505260Z ▸ Compiling array_mixed.cpp
2026-04-22T16:40:59.7873860Z ▸ Compiling array_key.cpp
2026-04-22T16:41:00.5127060Z ▸ Compiling array_integer.cpp
2026-04-22T16:41:00.5579900Z ▸ Compiling array_fixed_bytes.cpp
2026-04-22T16:41:00.9159670Z ▸ Compiling array_decimal128.cpp
2026-04-22T16:41:01.5327120Z ▸ Compiling array_blobs_small.cpp
2026-04-22T16:41:01.5342080Z ▸ Compiling array_blobs_big.cpp
2026-04-22T16:41:02.0204140Z ▸ Compiling array_blob.cpp
2026-04-22T16:41:02.2275590Z ▸ Compiling array_binary.cpp
2026-04-22T16:41:02.5703700Z ▸ Compiling array_backlink.cpp
2026-04-22T16:41:03.9445700Z ▸ Compiling array.cpp
2026-04-22T16:41:03.9556670Z ▸ Compiling alloc_slab.cpp
2026-04-22T16:41:04.7725940Z ▸ Compiling alloc.cpp
2026-04-22T16:41:05.7104530Z ▸ Compiling RLMValue.mm
2026-04-22T16:41:06.5955300Z ▸ Compiling RLMUtil.mm
2026-04-22T16:41:09.5867030Z ▸ Compiling RLMUUID.mm
2026-04-22T16:41:09.5976370Z ▸ Compiling RLMThreadSafeReference.mm
2026-04-22T16:41:09.6084320Z ▸ Compiling RLMSwiftValueStorage.mm
2026-04-22T16:41:13.0954400Z ▸ Compiling RLMSwiftCollectionBase.mm
2026-04-22T16:41:13.5521730Z ▸ Compiling RLMSet.mm
2026-04-22T16:41:13.7756320Z ▸ Compiling RLMSectionedResults.mm
2026-04-22T16:41:15.6804310Z ▸ Compiling RLMSchema.mm
2026-04-22T16:41:15.6884800Z ▸ Compiling RLMScheduler.mm
2026-04-22T16:41:15.6987610Z ▸ Compiling RLMResults.mm
2026-04-22T16:41:17.5854860Z ▸ Compiling RLMRealmUtil.mm
2026-04-22T16:41:17.5905800Z ▸ Compiling RLMRealmConfiguration.mm
2026-04-22T16:41:17.5936020Z ▸ Compiling RLMRealm.mm
2026-04-22T16:41:19.6938790Z ▸ Compiling RLMQueryUtil.mm
2026-04-22T16:41:28.6635100Z ▸ Compiling RLMProperty.mm
2026-04-22T16:41:28.6651370Z ▸ Compiling RLMPredicateUtil.mm
2026-04-22T16:41:28.6673120Z ▸ Compiling RLMObservation.mm
2026-04-22T16:41:28.6680820Z ▸ Compiling RLMObjectStore.mm
2026-04-22T16:41:28.6681200Z ▸ Compiling RLMObjectSchema.mm
2026-04-22T16:41:28.6681500Z ▸ Compiling RLMObjectId.mm
2026-04-22T16:41:28.6681740Z ▸ Compiling RLMObjectBase.mm
2026-04-22T16:41:28.6699170Z ▸ Compiling RLMObject.mm
2026-04-22T16:41:28.6699720Z ▸ Compiling RLMMigration.mm
2026-04-22T16:41:28.6699990Z ▸ Compiling RLMManagedSet.mm
2026-04-22T16:41:28.9545440Z ▸ Compiling RLMManagedDictionary.mm
2026-04-22T16:41:32.8015810Z ▸ Compiling RLMManagedArray.mm
2026-04-22T16:41:32.8019820Z ▸ Compiling RLMLogger.mm
2026-04-22T16:41:32.8110290Z ▸ Compiling RLMGeospatial.mm
2026-04-22T16:41:33.4917460Z ▸ Compiling RLMError.mm
2026-04-22T16:41:34.4739690Z ▸ Compiling RLMEmbeddedObject.mm
2026-04-22T16:41:34.4968970Z ▸ Compiling RLMDictionary.mm
2026-04-22T16:41:36.2691980Z ▸ Compiling RLMDecimal128.mm
2026-04-22T16:41:36.2770700Z ▸ Compiling RLMCollection.mm
2026-04-22T16:41:37.4667530Z ▸ Compiling RLMClassInfo.mm
2026-04-22T16:41:38.5948630Z ▸ Compiling RLMAsyncTask.mm
2026-04-22T16:41:38.5957790Z ▸ Compiling RLMArray.mm
2026-04-22T16:41:40.3967030Z ▸ Compiling RLMAccessor.mm
2026-04-22T16:41:43.6653430Z ▸ Compiling resource_bundle_accessor.m
2026-04-22T16:41:43.6755580Z ▸ Compiling RLMSwiftSupport.m
2026-04-22T16:41:43.6860110Z ▸ Compiling RLMConstants.m
2026-04-22T16:41:43.6898250Z ▸ Touching Promises_Promises.bundle (in target 'Promises_Promises' from project 'Promises')
2026-04-22T16:41:43.6903500Z ▸ Touching Promises_FBLPromises.bundle (in target 'Promises_FBLPromises' from project 'Promises')
2026-04-22T16:41:44.0303990Z ▸ Touching Parchment_Parchment.bundle (in target 'Parchment_Parchment' from project 'Parchment')
2026-04-22T16:41:45.2287840Z ▸ Linking PopupView.o
2026-04-22T16:41:49.4204320Z ▸ Linking Parchment.o
2026-04-22T16:41:49.4307420Z ▸ Touching Mantis_Mantis.bundle (in target 'Mantis_Mantis' from project 'Mantis')
2026-04-22T16:41:49.4414310Z ▸ Linking _RopeModule.o
2026-04-22T16:41:49.6580590Z ▸ Linking OrderedCollections.o
2026-04-22T16:41:49.6689210Z ▸ Linking Gzip.o
2026-04-22T16:41:49.7329140Z ▸ Linking Mantis.o
2026-04-22T16:41:49.9157450Z ▸ Linking HeapModule.o
2026-04-22T16:41:52.1911310Z ▸ Touching GoogleUtilities_GoogleUtilities-UserDefaults.bundle (in target 'GoogleUtilities_GoogleUtilities-UserDefaults' from project 'GoogleUtilities')
2026-04-22T16:41:52.2013810Z ▸ Touching GoogleUtilities_GoogleUtilities-NSData.bundle (in target 'GoogleUtilities_GoogleUtilities-NSData' from project 'GoogleUtilities')
2026-04-22T16:41:52.2114640Z ▸ Touching GoogleUtilities_GoogleUtilities-Logger.bundle (in target 'GoogleUtilities_GoogleUtilities-Logger' from project 'GoogleUtilities')
2026-04-22T16:41:52.2216120Z ▸ Touching GoogleUtilities_GoogleUtilities-Environment.bundle (in target 'GoogleUtilities_GoogleUtilities-Environment' from project 'GoogleUtilities')
2026-04-22T16:41:52.3428160Z ▸ Linking HashTreeCollections.o
2026-04-22T16:41:52.9585240Z ▸ Compiling resource_bundle_accessor.m
2026-04-22T16:41:52.9692540Z ▸ Compiling resource_bundle_accessor.m
2026-04-22T16:41:52.9794580Z ▸ Compiling GULNSData+zlib.m
2026-04-22T16:41:52.9906460Z ▸ Compiling resource_bundle_accessor.m
2026-04-22T16:41:53.0009890Z ▸ Compiling resource_bundle_accessor.m
2026-04-22T16:41:53.0091890Z ▸ Compiling GULKeychainUtils.m
2026-04-22T16:41:53.0150670Z ▸ Linking GoogleUtilities-NSData.o
2026-04-22T16:41:53.0219240Z ▸ Compiling GULKeychainStorage.m
2026-04-22T16:41:53.2302730Z ▸ Compiling GULNetworkInfo.m
2026-04-22T16:41:53.2404130Z ▸ Compiling GULUserDefaults.m
2026-04-22T16:41:53.2505420Z ▸ Compiling GULLogger.m
2026-04-22T16:41:54.3171930Z ▸ Compiling external_privacy_context.nanopb.c
2026-04-22T16:41:54.3316590Z ▸ Compiling external_prequest_context.nanopb.c
2026-04-22T16:41:54.3425340Z ▸ Compiling compliance.nanopb.c
2026-04-22T16:41:54.3532900Z ▸ Compiling client_metrics.nanopb.c
2026-04-22T16:41:54.3637660Z ▸ Compiling cct.nanopb.c
2026-04-22T16:41:54.3743250Z ▸ Compiling GULAppEnvironmentUtil.m
2026-04-22T16:41:54.4934680Z ▸ Linking GoogleUtilities-Environment.o
2026-04-22T16:41:54.6946880Z ▸ Compiling resource_bundle_accessor.m
2026-04-22T16:41:54.7304920Z ▸ Compiling GDTCORUploadBatch.m
2026-04-22T16:41:54.7316160Z ▸ Compiling GDTCORStorageMetadata.m
2026-04-22T16:41:54.7531470Z ▸ Compiling GDTCORStorageEventSelector.m
2026-04-22T16:41:54.7650400Z ▸ Compiling GDTCORProductData.m
2026-04-22T16:41:54.7971920Z ▸ Compiling GDTCORMetricsMetadata.m
2026-04-22T16:41:54.8096140Z ▸ Compiling GDTCORMetrics.m
2026-04-22T16:41:54.8264330Z ▸ Compiling GDTCORLogSourceMetrics.m
2026-04-22T16:41:54.8373980Z ▸ Compiling GDTCOREvent+GDTMetricsSupport.m
2026-04-22T16:41:54.8481770Z ▸ Compiling GDTCOREvent+GDTCCTSupport.m
2026-04-22T16:41:54.8583210Z ▸ Compiling GDTCOREndpoints.m
2026-04-22T16:41:54.8686510Z ▸ Compiling GDTCORConsoleLogger.m
2026-04-22T16:41:54.8789050Z ▸ Compiling GDTCORClock.m
2026-04-22T16:41:54.8991490Z ▸ Compiling GDTCORAssert.m
2026-04-22T16:41:54.9102980Z ▸ Compiling GDTCCTURLSessionDataResponse.m
2026-04-22T16:41:54.9628740Z ▸ Compiling GDTCCTCompressionHelper.m
2026-04-22T16:41:54.9973710Z ▸ Linking GoogleUtilities-Logger.o
2026-04-22T16:41:55.1070810Z ▸ Touching GoogleDataTransport_GoogleDataTransport.bundle (in target 'GoogleDataTransport_GoogleDataTransport' from project 'GoogleDataTransport')
2026-04-22T16:41:55.1175290Z ▸ Touching Firebase_FirebaseInstallations.bundle (in target 'Firebase_FirebaseInstallations' from project 'Firebase')
2026-04-22T16:41:55.1274480Z ▸ Touching Firebase_FirebaseCrashlyticsSwift.bundle (in target 'Firebase_FirebaseCrashlyticsSwift' from project 'Firebase')
2026-04-22T16:41:55.1377750Z ▸ Linking GoogleUtilities-UserDefaults.o
2026-04-22T16:41:55.1458440Z ▸ Touching Firebase_FirebaseCrashlytics.bundle (in target 'Firebase_FirebaseCrashlytics' from project 'Firebase')
2026-04-22T16:41:55.1459550Z ▸ Touching Firebase_FirebaseCoreInternal.bundle (in target 'Firebase_FirebaseCoreInternal' from project 'Firebase')
2026-04-22T16:41:55.1461560Z ▸ Touching Firebase_FirebaseCoreExtension.bundle (in target 'Firebase_FirebaseCoreExtension' from project 'Firebase')
2026-04-22T16:41:55.2831870Z ▸ Touching Firebase_FirebaseCore.bundle (in target 'Firebase_FirebaseCore' from project 'Firebase')
2026-04-22T16:41:55.3137680Z ▸ Linking EasyTipView.o
2026-04-22T16:41:55.4488310Z ▸ Compiling DropDownCell.xib
2026-04-22T16:42:01.7712330Z ▸ Compiling GDTCORUploadCoordinator.m
2026-04-22T16:42:01.7845010Z ▸ Compiling GDTCORTransport.m
2026-04-22T16:42:01.7956670Z ▸ Compiling GDTCORTransformer.m
2026-04-22T16:42:01.8087190Z ▸ Compiling GDTCORRegistrar.m
2026-04-22T16:42:01.8185830Z ▸ Compiling GDTCORReachability.m
2026-04-22T16:42:01.8186500Z ▸ Compiling GDTCORPlatform.m
2026-04-22T16:42:01.8186930Z ▸ Compiling GDTCORMetricsController.m
2026-04-22T16:42:01.8187330Z ▸ Compiling GDTCORMetrics+GDTCCTSupport.m
2026-04-22T16:42:01.8187730Z ▸ Compiling GDTCORLifecycle.m
2026-04-22T16:42:01.8188020Z ▸ Compiling GDTCORFlatFileStorage.m
2026-04-22T16:42:01.8188380Z ▸ Compiling GDTCORFlatFileStorage+Promises.m
2026-04-22T16:42:01.8188760Z ▸ Compiling GDTCOREvent.m
2026-04-22T16:42:01.8189360Z ▸ Compiling GDTCORDirectorySizeTracker.m
2026-04-22T16:42:01.8189680Z ▸ Compiling GDTCCTUploader.m
2026-04-22T16:42:01.8189960Z ▸ Compiling GDTCCTUploadOperation.m
2026-04-22T16:42:01.8190270Z ▸ Compiling GDTCCTNanopbHelpers.m
2026-04-22T16:42:01.8190700Z ▸ Compiling resource_bundle_accessor.m
2026-04-22T16:42:01.8191020Z ▸ Compiling FBLPromiseError.m
2026-04-22T16:42:01.8191350Z ▸ Compiling FBLPromise.m
2026-04-22T16:42:01.8193080Z ▸ Compiling FBLPromise+Wrap.m
2026-04-22T16:42:01.8194740Z ▸ Compiling FBLPromise+Validate.m
2026-04-22T16:42:01.8195480Z ▸ Compiling FBLPromise+Timeout.m
2026-04-22T16:42:01.8196170Z ▸ Compiling FBLPromise+Then.m
2026-04-22T16:42:01.8197080Z ▸ Compiling FBLPromise+Testing.m
2026-04-22T16:42:01.8197980Z ▸ Compiling FBLPromise+Retry.m
2026-04-22T16:42:01.8198260Z ▸ Compiling FBLPromise+Reduce.m
2026-04-22T16:42:01.8198520Z ▸ Compiling FBLPromise+Recover.m
2026-04-22T16:42:01.8198820Z ▸ Compiling FBLPromise+Race.m
2026-04-22T16:42:01.8199080Z ▸ Compiling FBLPromise+Do.m
2026-04-22T16:42:01.8207690Z ▸ Compiling FBLPromise+Delay.m
2026-04-22T16:42:01.8208370Z ▸ Compiling FBLPromise+Catch.m
2026-04-22T16:42:01.8208960Z ▸ Compiling dummy.m
2026-04-22T16:42:01.8210050Z ▸ Compiling resource_bundle_accessor.m
2026-04-22T16:42:01.8216810Z ▸ Compiling FBLPromise+Await.m
2026-04-22T16:42:01.8264030Z ▸ Compiling FBLPromise+Async.m
2026-04-22T16:42:01.8265260Z ▸ Linking FirebaseCoreExtension.o
2026-04-22T16:42:01.8265910Z ▸ Compiling FBLPromise+Any.m
2026-04-22T16:42:01.8266600Z ▸ Compiling FBLPromise+Always.m
2026-04-22T16:42:01.8267220Z ▸ Compiling FBLPromise+All.m
2026-04-22T16:42:01.8267790Z ▸ Linking FBLPromises.o
2026-04-22T16:42:01.8268410Z ▸ Linking FirebaseCrashlyticsSwift.o
2026-04-22T16:42:01.8269180Z ▸ Compiling shims.c
2026-04-22T16:42:01.8269700Z ▸ Processing empty-Alamofire_Alamofire.plist
2026-04-22T16:42:01.8271410Z ▸ Copying /Users/runner/work/tcm-storage-ios/tcm-storage-ios/build/Build/Products/Debug-iphonesimulator/Alamofire_Alamofire.bundle/PrivacyInfo.xcprivacy
2026-04-22T16:42:01.8273370Z ▸ Linking FirebaseCoreInternal.o
2026-04-22T16:42:01.8276650Z ▸ Processing empty-DropDown_DropDown.plist
2026-04-22T16:42:02.5853820Z ▸ Compiling sessions.nanopb.c
2026-04-22T16:42:02.5955460Z ▸ Compiling resource_bundle_accessor.m
2026-04-22T16:42:02.6056640Z ▸ Compiling FIRInstallationsStoredItem.m
2026-04-22T16:42:02.6157940Z ▸ Compiling FIRInstallationsStoredAuthToken.m
2026-04-22T16:42:02.6259420Z ▸ Compiling FIRInstallationsStore.m
2026-04-22T16:42:02.7932790Z ▸ Compiling FIRInstallationsSingleOperationPromiseCache.m
2026-04-22T16:42:02.8000790Z ▸ Compiling FIRInstallationsLogger.m
2026-04-22T16:42:02.8675530Z ▸ Compiling FIRInstallationsItem.m
2026-04-22T16:42:02.8789020Z ▸ Compiling FIRInstallationsItem+RegisterInstallationAPI.m
2026-04-22T16:42:02.8891680Z ▸ Compiling FIRInstallationsIIDTokenStore.m
2026-04-22T16:42:02.8997310Z ▸ Compiling FIRInstallationsIDController.m
2026-04-22T16:42:03.1249730Z ▸ Compiling FIRInstallationsIIDStore.m
2026-04-22T16:42:03.1357590Z ▸ Compiling FIRInstallationsHTTPError.m
2026-04-22T16:42:03.1568730Z ▸ Compiling FIRInstallationsErrorUtil.m
2026-04-22T16:42:03.4731040Z ▸ Compiling FIRSESNanoPBHelpers.m
2026-04-22T16:42:03.4744450Z ▸ Compiling FIRInstallationsBackoffController.m
2026-04-22T16:42:03.4745020Z ▸ Compiling FIRInstallationsAuthTokenResult.m
2026-04-22T16:42:03.4748200Z ▸ Compiling FIRInstallationsAPIService.m
2026-04-22T16:42:03.4748750Z ▸ Compiling FIRInstallations.m
2026-04-22T16:42:03.4749160Z ▸ Compiling FIRCurrentDateProvider.m
2026-04-22T16:42:07.1589670Z ▸ Compiling resource_bundle_accessor.m
2026-04-22T16:42:07.1691060Z ▸ Compiling FIRVersion.m
2026-04-22T16:42:07.1791610Z ▸ Compiling FIRTimestamp.m
2026-04-22T16:42:07.1898560Z ▸ Compiling FIROptions.m
2026-04-22T16:42:07.2011950Z ▸ Compiling FIRConfiguration.m
2026-04-22T16:42:07.2113370Z ▸ Compiling FIRComponentType.m
2026-04-22T16:42:07.2144750Z ▸ Compiling FIRComponentContainer.m
2026-04-22T16:42:07.2148270Z ▸ Compiling FIRComponent.m
2026-04-22T16:42:07.2148700Z ▸ Compiling FIRAnalyticsConfiguration.m
2026-04-22T16:42:07.2149140Z ▸ Compiling FIRLogger.m
2026-04-22T16:42:07.2149540Z ▸ Compiling FIRFirebaseUserAgent.m
2026-04-22T16:42:07.2176050Z ▸ Compiling FIRBundleUtil.m
2026-04-22T16:42:07.9406310Z ▸ Compiling FIRHeartbeatLogger.m
2026-04-22T16:42:10.4512490Z ▸ Compiling FIRApp.m
2026-04-22T16:42:11.4449000Z ▸ Compiling FIRCLSException.mm
2026-04-22T16:42:11.6050150Z ▸ Compiling FIRCLSDemangleOperation.mm
2026-04-22T16:42:17.5499410Z ▸ Compiling crashlytics.nanopb.c
2026-04-22T16:42:20.7280390Z ▸ Compiling resource_bundle_accessor.m
2026-04-22T16:42:20.7382660Z ▸ Compiling FIRStackFrame.m
2026-04-22T16:42:20.7512870Z ▸ Compiling FIRExceptionModel.m
2026-04-22T16:42:20.7614220Z ▸ Compiling FIRCrashlyticsReport.m
2026-04-22T16:42:20.7720380Z ▸ Compiling FIRCLSdSYM.m
2026-04-22T16:42:20.7823480Z ▸ Compiling FIRCLSUtility.m
2026-04-22T16:42:20.7924900Z ▸ Compiling FIRCLSUserLogging.m
2026-04-22T16:42:20.8028270Z ▸ Compiling FIRCLSUserDefaults.m
2026-04-22T16:42:20.8129920Z ▸ Compiling FIRCrashlytics.m
2026-04-22T16:42:21.0556390Z ▸ Compiling FIRCLSUUID.m
2026-04-22T16:42:21.0730300Z ▸ Compiling FIRCLSURLBuilder.m
2026-04-22T16:42:21.0824450Z ▸ Compiling FIRCLSThreadArrayOperation.m
2026-04-22T16:42:21.0849080Z ▸ Compiling FIRCLSSymbolicationOperation.m
2026-04-22T16:42:21.0849960Z ▸ Compiling FIRCLSUnwind_x86.c
2026-04-22T16:42:21.0850460Z ▸ Compiling FIRCLSUnwind_arm.c
2026-04-22T16:42:21.0850860Z ▸ Compiling FIRCLSUnwind.c
2026-04-22T16:42:21.1008670Z ▸ Compiling FIRCLSThreadState.c
2026-04-22T16:42:21.1023960Z ▸ Compiling FIRCLSSymbolResolver.m
2026-04-22T16:42:21.1125350Z ▸ Compiling FIRCLSSignal.c
2026-04-22T16:42:21.1311950Z ▸ Compiling FIRCLSSettingsManager.m
2026-04-22T16:42:21.1940480Z ▸ Compiling FIRCLSSerializeSymbolicatedFramesOperation.m
2026-04-22T16:42:21.2042440Z ▸ Compiling FIRCLSSettings.m
2026-04-22T16:42:21.2299170Z ▸ Compiling FIRCLSRolloutsPersistenceManager.m
2026-04-22T16:42:21.3667500Z ▸ Compiling FIRCLSRecordIdentity.m
2026-04-22T16:42:21.3779870Z ▸ Compiling FIRCLSReportUploader.m
2026-04-22T16:42:21.3882460Z ▸ Compiling FIRCLSReportAdapter.m
2026-04-22T16:42:21.3983710Z ▸ Compiling FIRCLSRecordHost.m
2026-04-22T16:42:21.4293690Z ▸ Compiling FIRCLSRecordBase.m
2026-04-22T16:42:21.5121280Z ▸ Compiling FIRCLSRecordApplication.m
2026-04-22T16:42:21.5244360Z ▸ Compiling FIRCLSReportManager.m
2026-04-22T16:42:21.7313740Z ▸ Compiling FIRCLSProcessReportOperation.m
2026-04-22T16:42:21.7415090Z ▸ Compiling FIRCLSOnDemandModel.m
2026-04-22T16:42:21.7415550Z ▸ Compiling FIRCLSProcess.c
2026-04-22T16:42:21.7426820Z ▸ Compiling FIRCLSNetworkResponseHandler.m
2026-04-22T16:42:21.7429240Z ▸ Compiling FIRCLSNotificationManager.m
2026-04-22T16:42:21.7429780Z ▸ Compiling FIRCLSNetworkOperation.m
2026-04-22T16:42:21.7430380Z ▸ Compiling FIRCLSMetricKitManager.m
2026-04-22T16:42:21.7649590Z ▸ Compiling FIRCLSMachOSlice.m
2026-04-22T16:42:21.7966110Z ▸ Compiling FIRCLSManagerData.m
2026-04-22T16:42:21.8510760Z ▸ Compiling FIRCLSMachOBinary.m
2026-04-22T16:42:21.8812660Z ▸ Compiling FIRCLSMachO.m
2026-04-22T16:42:21.9225550Z ▸ Compiling FIRCLSMachException.c
2026-04-22T16:42:21.9543780Z ▸ Compiling FIRCLSLogger.m
2026-04-22T16:42:22.0146980Z ▸ Compiling FIRCLSInternalReport.m
2026-04-22T16:42:22.1107830Z ▸ Compiling FIRCLSLaunchMarkerModel.m
2026-04-22T16:42:22.1209310Z ▸ Compiling FIRCLSInstallIdentifierModel.m
2026-04-22T16:42:22.1310950Z ▸ Compiling FIRCLSInternalLogging.c
2026-04-22T16:42:22.1414570Z ▸ Compiling FIRCLSHandler.m
2026-04-22T16:42:22.1523170Z ▸ Compiling FIRCLSHost.m
2026-04-22T16:42:22.1624320Z ▸ Compiling FIRCLSFileManager.m
2026-04-22T16:42:22.1832330Z ▸ Compiling FIRCLSFile.m
2026-04-22T16:42:22.2302010Z ▸ Compiling FIRCLSFABNetworkClient.m
2026-04-22T16:42:22.2919440Z ▸ Compiling FIRCLSFABAsyncOperation.m
2026-04-22T16:42:22.3538290Z ▸ Compiling FIRCLSFABHost.m
2026-04-22T16:42:22.3658510Z ▸ Compiling FIRCLSExistingReportManager.m
2026-04-22T16:42:22.3760100Z ▸ Compiling FIRCLSExecutionIdentifierModel.m
2026-04-22T16:42:22.3861390Z ▸ Compiling FIRCLSDwarfUnwind.c
2026-04-22T16:42:22.4896510Z ▸ Compiling FIRCLSDwarfExpressionMachine.c
2026-04-22T16:42:22.5485880Z ▸ Compiling FIRCLSDownloadAndSaveSettingsOperation.m
2026-04-22T16:42:22.5931110Z ▸ Compiling FIRCLSDataParsing.c
2026-04-22T16:42:22.6105330Z ▸ Compiling FIRCLSDataCollectionToken.m
2026-04-22T16:42:22.6206780Z ▸ Compiling FIRCLSDataCollectionArbiter.m
2026-04-22T16:42:22.6313870Z ▸ Compiling FIRCLSCrashedMarkerFile.c
2026-04-22T16:42:22.6415110Z ▸ Compiling FIRCLSContextManager.m
2026-04-22T16:42:22.6516510Z ▸ Compiling FIRCLSContextInitData.m
2026-04-22T16:42:22.6820610Z ▸ Compiling FIRCLSConstants.m
2026-04-22T16:42:22.7135840Z ▸ Compiling FIRCLSCompoundOperation.m
2026-04-22T16:42:22.7246780Z ▸ Compiling FIRCLSContext.m
2026-04-22T16:42:22.7972060Z ▸ Compiling FIRCLSCompactUnwind.c
2026-04-22T16:42:22.8073760Z ▸ Compiling FIRCLSCodeMapping.m
2026-04-22T16:42:22.8177410Z ▸ Compiling FIRCLSCallStackTree.m
2026-04-22T16:42:22.8501420Z ▸ Compiling FIRCLSBinaryImage.m
2026-04-22T16:42:22.9221890Z ▸ Compiling FIRCLSByteUtility.m
2026-04-22T16:42:22.9323380Z ▸ Compiling FIRCLSApplicationIdentifierModel.m
2026-04-22T16:42:22.9424910Z ▸ Compiling FIRCLSAsyncOperation.m
2026-04-22T16:42:22.9527140Z ▸ Compiling FIRCLSAnalyticsManager.m
2026-04-22T16:42:22.9966570Z ▸ Compiling FIRCLSApplication.m
2026-04-22T16:42:23.0172010Z ▸ Compiling FIRCLSAllocate.c
2026-04-22T16:42:23.0275010Z ▸ Linking FirebaseCore.o
2026-04-22T16:42:33.0069560Z ▸ Linking Atomics.o
2026-04-22T16:42:39.9373250Z ▸ Linking Promises.o
2026-04-22T16:42:39.9474040Z ▸ Linking FirebaseSessionsObjC.o
2026-04-22T16:42:39.9575240Z ▸ Linking GoogleDataTransport.o
2026-04-22T16:42:39.9675270Z ▸ Linking FirebaseInstallations.o
2026-04-22T16:42:39.9776140Z ▸ Touching DropDown_DropDown.bundle (in target 'DropDown_DropDown' from project 'DropDown')
2026-04-22T16:42:39.9877020Z ▸ Linking DropDown.o
2026-04-22T16:42:39.9977490Z ▸ Linking FirebaseSessions.o
2026-04-22T16:42:40.0078910Z ▸ Linking ContainersPreview.o
2026-04-22T16:42:41.9531050Z ▸ Linking FirebaseCrashlytics.o
2026-04-22T16:42:48.2481130Z ▸ Linking BitCollections.o
2026-04-22T16:42:56.0406490Z ▸ Touching Alamofire_Alamofire.bundle (in target 'Alamofire_Alamofire' from project 'Alamofire')
2026-04-22T16:42:56.0506790Z ▸ Linking RealmCore.o
2026-04-22T16:42:56.0608830Z ▸ Linking NIOConcurrencyHelpers.o
2026-04-22T16:42:56.0709470Z ▸ Linking CNIOBoringSSLShims.o
2026-04-22T16:42:56.0810720Z ▸ Linking Alamofire.o
2026-04-22T16:42:56.0911260Z ▸ Linking DequeModule.o
2026-04-22T16:42:56.1012490Z ▸ Linking RealmCoreResources.o
2026-04-22T16:42:56.1112490Z ▸ Linking Collections.o
2026-04-22T16:42:56.1213920Z ▸ Linking Realm.o
2026-04-22T16:42:56.1314530Z ▸ Linking NIOCore.o
2026-04-22T16:42:56.1415360Z ▸ Linking NextcloudKit.o
2026-04-22T16:42:56.1516780Z ▸ Linking RealmSwift.o
2026-04-22T16:42:56.1644780Z ▸ Processing empty-RealmSwift.plist
2026-04-22T16:42:56.1746080Z ▸ Linking RealmSwift
2026-04-22T16:42:58.8490060Z ▸ Linking NIOPosix.o
2026-04-22T16:42:58.8618660Z ▸ Linking NIOEmbedded.o
2026-04-22T16:42:58.8741720Z ▸ Copying Intent.strings
2026-04-22T16:42:58.8844190Z ▸ Copying Intent.strings
2026-04-22T16:42:58.8946540Z ▸ Copying Intent.strings
2026-04-22T16:42:58.9064570Z ▸ Copying Intent.strings
2026-04-22T16:42:58.9172470Z ▸ Copying Intent.strings
2026-04-22T16:42:58.9289110Z ▸ Copying Intent.strings
2026-04-22T16:42:58.9396050Z ▸ Copying Intent.strings
2026-04-22T16:42:58.9505140Z ▸ Copying Intent.strings
2026-04-22T16:42:58.9610500Z ▸ Copying Intent.strings
2026-04-22T16:42:58.9712430Z ▸ Copying Intent.strings
2026-04-22T16:42:58.9819840Z ▸ Copying Intent.strings
2026-04-22T16:42:58.9930680Z ▸ Copying Intent.strings
2026-04-22T16:42:59.0035340Z ▸ Copying Intent.strings
2026-04-22T16:42:59.0143700Z ▸ Copying Intent.strings
2026-04-22T16:42:59.0243990Z ▸ Copying Intent.strings
2026-04-22T16:42:59.0350950Z ▸ Copying Intent.strings
2026-04-22T16:42:59.0451220Z ▸ Copying Intent.strings
2026-04-22T16:42:59.0554920Z ▸ Copying Intent.strings
2026-04-22T16:42:59.0662660Z ▸ Copying Intent.strings
2026-04-22T16:42:59.0765060Z ▸ Copying Intent.strings
2026-04-22T16:42:59.0876580Z ▸ Copying Intent.strings
2026-04-22T16:42:59.0982380Z ▸ Copying Intent.strings
2026-04-22T16:42:59.1094560Z ▸ Copying Intent.strings
2026-04-22T16:42:59.1214280Z ▸ Copying Intent.strings
2026-04-22T16:42:59.1315480Z ▸ Copying Intent.strings
2026-04-22T16:42:59.1447980Z ▸ Copying Intent.strings
2026-04-22T16:42:59.1549220Z ▸ Copying Intent.strings
2026-04-22T16:42:59.1649610Z ▸ Copying Intent.strings
2026-04-22T16:42:59.1751200Z ▸ Copying Intent.strings
2026-04-22T16:42:59.1852600Z ▸ Copying Intent.strings
2026-04-22T16:42:59.1953880Z ▸ Copying Intent.strings
2026-04-22T16:42:59.2054200Z ▸ Copying Intent.strings
2026-04-22T16:42:59.2173920Z ▸ Copying Intent.strings
2026-04-22T16:42:59.2275820Z ▸ Copying Intent.strings
2026-04-22T16:42:59.2283600Z ▸ Copying Intent.strings
2026-04-22T16:42:59.2283880Z ▸ Copying Intent.strings
2026-04-22T16:42:59.2284140Z ▸ Copying Intent.strings
2026-04-22T16:42:59.2284360Z ▸ Copying Intent.strings
2026-04-22T16:42:59.2284750Z ▸ Copying Intent.strings
2026-04-22T16:42:59.2284990Z ▸ Copying Intent.strings
2026-04-22T16:42:59.2285240Z ▸ Copying Intent.strings
2026-04-22T16:42:59.2285480Z ▸ Copying Intent.strings
2026-04-22T16:42:59.2292440Z ▸ Copying Intent.strings
2026-04-22T16:42:59.2292780Z ▸ Copying Intent.strings
2026-04-22T16:42:59.2293070Z ▸ Copying Intent.strings
2026-04-22T16:42:59.2293300Z ▸ Copying Intent.strings
2026-04-22T16:42:59.2293510Z ▸ Copying Intent.strings
2026-04-22T16:42:59.2293780Z ▸ Copying Intent.strings
2026-04-22T16:42:59.2294010Z ▸ Copying Intent.strings
2026-04-22T16:42:59.2294230Z ▸ Copying Intent.strings
2026-04-22T16:42:59.2294440Z ▸ Copying Intent.strings
2026-04-22T16:42:59.2294720Z ▸ Copying Intent.strings
2026-04-22T16:42:59.2294930Z ▸ Copying Intent.strings
2026-04-22T16:42:59.2295140Z ▸ Copying Intent.strings
2026-04-22T16:42:59.2295340Z ▸ Copying Intent.strings
2026-04-22T16:42:59.2295580Z ▸ Copying Intent.strings
2026-04-22T16:42:59.2295800Z ▸ Copying Intent.strings
2026-04-22T16:42:59.2296010Z ▸ Copying Intent.strings
2026-04-22T16:42:59.2296270Z ▸ Copying Intent.strings
2026-04-22T16:42:59.2296470Z ▸ Copying Intent.strings
2026-04-22T16:42:59.2296710Z ▸ Copying Intent.strings
2026-04-22T16:42:59.2296930Z ▸ Copying Intent.strings
2026-04-22T16:42:59.2297130Z ▸ Copying Intent.strings
2026-04-22T16:42:59.2297340Z ▸ Copying Intent.strings
2026-04-22T16:42:59.2297660Z ▸ Copying Intent.strings
2026-04-22T16:42:59.2390310Z ▸ Copying Intent.strings
2026-04-22T16:42:59.2491890Z ▸ Copying Intent.strings
2026-04-22T16:42:59.2593230Z ▸ Copying Intent.strings
2026-04-22T16:42:59.2695400Z ▸ Copying Intent.strings
2026-04-22T16:42:59.2796870Z ▸ Copying Intent.strings
2026-04-22T16:42:59.2903000Z ▸ Copying Intent.strings
2026-04-22T16:42:59.3004210Z ▸ Copying Intent.strings
2026-04-22T16:42:59.3106050Z ▸ Copying Intent.strings
2026-04-22T16:42:59.3222730Z ▸ Copying Intent.strings
2026-04-22T16:42:59.3307460Z ▸ Copying Intent.strings
2026-04-22T16:42:59.3415970Z ▸ Copying Intent.strings
2026-04-22T16:42:59.3524260Z ▸ Copying Intent.strings
2026-04-22T16:42:59.3625430Z ▸ Copying Intent.strings
2026-04-22T16:42:59.3726600Z ▸ Copying Intent.strings
2026-04-22T16:42:59.3834630Z ▸ Copying Intent.strings
2026-04-22T16:42:59.3937380Z ▸ Copying Intent.strings
2026-04-22T16:42:59.4039600Z ▸ Copying Intent.strings
2026-04-22T16:42:59.4148800Z ▸ Copying Intent.strings
2026-04-22T16:42:59.4257010Z ▸ Copying Intent.strings
2026-04-22T16:42:59.4363140Z ▸ Copying Intent.strings
2026-04-22T16:42:59.4513250Z ▸ Copying Intent.strings
2026-04-22T16:42:59.4626780Z ▸ Copying Intent.strings
2026-04-22T16:42:59.4763450Z ▸ Copying Intent.strings
2026-04-22T16:42:59.4881010Z ▸ Copying Intent.strings
2026-04-22T16:42:59.5029840Z ▸ Copying Intent.strings
2026-04-22T16:42:59.5154360Z ▸ Copying Intent.strings
2026-04-22T16:42:59.5283340Z ▸ Copying Intent.strings
2026-04-22T16:42:59.5385690Z ▸ Copying Intent.strings
2026-04-22T16:42:59.5493490Z ▸ Copying Intent.strings
2026-04-22T16:42:59.5599180Z ▸ Copying Intent.strings
2026-04-22T16:42:59.5703200Z ▸ Copying Intent.strings
2026-04-22T16:42:59.5836290Z ▸ Copying Intent.strings
2026-04-22T16:42:59.5937820Z ▸ Copying Intent.strings
2026-04-22T16:43:14.7649350Z ▸ Touching RealmSwift.framework (in target 'RealmSwift' from project 'Realm')
2026-04-22T16:43:21.3820120Z Apple clang version 17.0.0 (clang-1700.6.3.2)
2026-04-22T16:43:21.3919110Z Target: arm64-apple-ios17.0-simulator
2026-04-22T16:43:21.4042600Z Thread model: posix
2026-04-22T16:43:21.4043090Z InstalledDir: /Applications/Xcode_26.2.app/Contents/Developer/Toolchains/XcodeDefault.xctoolchain/usr/bin
2026-04-22T16:43:21.4043770Z clang -cc1 version 17.0.0 (clang-1700.6.3.2) default target arm64-apple-darwin24.6.0
2026-04-22T16:43:21.4145180Z ignoring nonexistent directory "/Users/runner/work/tcm-storage-ios/tcm-storage-ios/build/Build/Products/Debug-iphonesimulator/include"
2026-04-22T16:43:21.4247180Z ignoring nonexistent directory "/Users/runner/work/tcm-storage-ios/tcm-storage-ios/build/Build/Intermediates.noindex/Nextcloud.build/Debug-iphonesimulator/Widget.build/DerivedSources-normal/arm64"
2026-04-22T16:43:21.4369670Z ignoring nonexistent directory "/Users/runner/work/tcm-storage-ios/tcm-storage-ios/build/Build/Intermediates.noindex/Nextcloud.build/Debug-iphonesimulator/Widget.build/DerivedSources/arm64"
2026-04-22T16:43:21.4475320Z ignoring nonexistent directory "/Applications/Xcode_26.2.app/Contents/Developer/Platforms/iPhoneSimulator.platform/Developer/SDKs/iPhoneSimulator26.2.sdk/usr/local/include"
2026-04-22T16:43:21.4577210Z ignoring nonexistent directory "/Applications/Xcode_26.2.app/Contents/Developer/Platforms/iPhoneSimulator.platform/Developer/SDKs/iPhoneSimulator26.2.sdk/Library/Frameworks"
2026-04-22T16:43:21.4678900Z ignoring duplicate directory "/Users/runner/work/tcm-storage-ios/tcm-storage-ios/build/Build/Products/Debug-iphonesimulator/PackageFrameworks"
2026-04-22T16:43:21.4780840Z ignoring duplicate directory "/Users/runner/work/tcm-storage-ios/tcm-storage-ios/build/Build/Products/Debug-iphonesimulator/PackageFrameworks"
2026-04-22T16:43:21.4882610Z ignoring duplicate directory "/Users/runner/work/tcm-storage-ios/tcm-storage-ios/build/Build/Products/Debug-iphonesimulator/PackageFrameworks"
2026-04-22T16:43:21.4984310Z ignoring duplicate directory "/Users/runner/work/tcm-storage-ios/tcm-storage-ios/build/Build/Products/Debug-iphonesimulator/PackageFrameworks"
2026-04-22T16:43:21.5086060Z ignoring duplicate directory "/Users/runner/work/tcm-storage-ios/tcm-storage-ios/build/Build/Products/Debug-iphonesimulator/PackageFrameworks"
2026-04-22T16:43:21.5187660Z ignoring duplicate directory "/Users/runner/work/tcm-storage-ios/tcm-storage-ios/build/Build/Products/Debug-iphonesimulator/PackageFrameworks"
2026-04-22T16:43:21.5289760Z ignoring duplicate directory "/Users/runner/work/tcm-storage-ios/tcm-storage-ios/build/Build/Products/Debug-iphonesimulator/PackageFrameworks"
2026-04-22T16:43:21.5390380Z ignoring duplicate directory "/Users/runner/work/tcm-storage-ios/tcm-storage-ios/build/Build/Products/Debug-iphonesimulator/PackageFrameworks"
2026-04-22T16:43:21.5492160Z ignoring duplicate directory "/Users/runner/work/tcm-storage-ios/tcm-storage-ios/build/Build/Products/Debug-iphonesimulator/PackageFrameworks"
2026-04-22T16:43:21.5593800Z ignoring duplicate directory "/Users/runner/work/tcm-storage-ios/tcm-storage-ios/build/Build/Products/Debug-iphonesimulator/PackageFrameworks"
2026-04-22T16:43:21.5695550Z ignoring duplicate directory "/Users/runner/work/tcm-storage-ios/tcm-storage-ios/build/Build/Products/Debug-iphonesimulator/PackageFrameworks"
2026-04-22T16:43:21.5797510Z ignoring duplicate directory "/Users/runner/work/tcm-storage-ios/tcm-storage-ios/build/Build/Products/Debug-iphonesimulator/PackageFrameworks"
2026-04-22T16:43:21.5898900Z ignoring duplicate directory "/Users/runner/work/tcm-storage-ios/tcm-storage-ios/build/Build/Products/Debug-iphonesimulator/PackageFrameworks"
2026-04-22T16:43:21.6000520Z ignoring duplicate directory "/Users/runner/work/tcm-storage-ios/tcm-storage-ios/build/Build/Products/Debug-iphonesimulator/PackageFrameworks"
2026-04-22T16:43:21.6101200Z ignoring duplicate directory "/Users/runner/work/tcm-storage-ios/tcm-storage-ios/build/Build/Products/Debug-iphonesimulator/PackageFrameworks"
2026-04-22T16:43:21.6203020Z ignoring duplicate directory "/Users/runner/work/tcm-storage-ios/tcm-storage-ios/build/Build/Products/Debug-iphonesimulator/PackageFrameworks"
2026-04-22T16:43:21.6304970Z ignoring duplicate directory "/Users/runner/work/tcm-storage-ios/tcm-storage-ios/build/Build/Products/Debug-iphonesimulator/PackageFrameworks"
2026-04-22T16:43:21.6406970Z ignoring duplicate directory "/Users/runner/work/tcm-storage-ios/tcm-storage-ios/build/Build/Products/Debug-iphonesimulator/PackageFrameworks"
2026-04-22T16:43:21.6474060Z ignoring duplicate directory "/Users/runner/work/tcm-storage-ios/tcm-storage-ios/build/Build/Products/Debug-iphonesimulator/PackageFrameworks"
2026-04-22T16:43:21.6577760Z ignoring duplicate directory "/Users/runner/work/tcm-storage-ios/tcm-storage-ios/build/Build/Products/Debug-iphonesimulator/PackageFrameworks"
2026-04-22T16:43:21.6680490Z ignoring duplicate directory "/Users/runner/work/tcm-storage-ios/tcm-storage-ios/build/Build/Products/Debug-iphonesimulator/PackageFrameworks"
2026-04-22T16:43:21.6784100Z ignoring duplicate directory "/Users/runner/work/tcm-storage-ios/tcm-storage-ios/build/Build/Products/Debug-iphonesimulator/PackageFrameworks"
2026-04-22T16:43:21.6888000Z ignoring duplicate directory "/Users/runner/work/tcm-storage-ios/tcm-storage-ios/build/Build/Products/Debug-iphonesimulator/PackageFrameworks"
2026-04-22T16:43:21.6990610Z ignoring duplicate directory "/Users/runner/work/tcm-storage-ios/tcm-storage-ios/build/Build/Products/Debug-iphonesimulator/PackageFrameworks"
2026-04-22T16:43:21.7092670Z ignoring duplicate directory "/Users/runner/work/tcm-storage-ios/tcm-storage-ios/build/Build/Products/Debug-iphonesimulator/PackageFrameworks"
2026-04-22T16:43:21.7194500Z ignoring duplicate directory "/Users/runner/work/tcm-storage-ios/tcm-storage-ios/build/Build/Products/Debug-iphonesimulator/PackageFrameworks"
2026-04-22T16:43:21.7296280Z ignoring duplicate directory "/Users/runner/work/tcm-storage-ios/tcm-storage-ios/build/Build/Products/Debug-iphonesimulator/PackageFrameworks"
2026-04-22T16:43:21.7397870Z ignoring duplicate directory "/Users/runner/work/tcm-storage-ios/tcm-storage-ios/build/Build/Products/Debug-iphonesimulator/PackageFrameworks"
2026-04-22T16:43:21.7499590Z ignoring duplicate directory "/Users/runner/work/tcm-storage-ios/tcm-storage-ios/build/Build/Products/Debug-iphonesimulator/PackageFrameworks"
2026-04-22T16:43:21.7601270Z ignoring duplicate directory "/Users/runner/work/tcm-storage-ios/tcm-storage-ios/build/Build/Products/Debug-iphonesimulator/PackageFrameworks"
2026-04-22T16:43:21.7703060Z ignoring duplicate directory "/Users/runner/work/tcm-storage-ios/tcm-storage-ios/build/Build/Products/Debug-iphonesimulator/PackageFrameworks"
2026-04-22T16:43:21.7805120Z ignoring duplicate directory "/Users/runner/work/tcm-storage-ios/tcm-storage-ios/build/Build/Products/Debug-iphonesimulator/PackageFrameworks"
2026-04-22T16:43:21.7906950Z ignoring duplicate directory "/Users/runner/work/tcm-storage-ios/tcm-storage-ios/build/Build/Products/Debug-iphonesimulator/PackageFrameworks"
2026-04-22T16:43:21.8008660Z ignoring duplicate directory "/Users/runner/work/tcm-storage-ios/tcm-storage-ios/build/Build/Products/Debug-iphonesimulator/PackageFrameworks"
2026-04-22T16:43:21.8121340Z #include "..." search starts here:
2026-04-22T16:43:21.8222820Z  /Users/runner/work/tcm-storage-ios/tcm-storage-ios/build/Build/Intermediates.noindex/Nextcloud.build/Debug-iphonesimulator/Widget.build/Widget-generated-files.hmap (headermap)
2026-04-22T16:43:21.8324700Z  /Users/runner/work/tcm-storage-ios/tcm-storage-ios/build/Build/Intermediates.noindex/Nextcloud.build/Debug-iphonesimulator/Widget.build/Widget-project-headers.hmap (headermap)
2026-04-22T16:43:21.8426390Z #include <...> search starts here:
2026-04-22T16:43:21.8527360Z  /Users/runner/work/tcm-storage-ios/tcm-storage-ios/build/Build/Intermediates.noindex/Nextcloud.build/Debug-iphonesimulator/Widget.build/Widget-own-target-headers.hmap (headermap)
2026-04-22T16:43:21.8628540Z  /Users/runner/work/tcm-storage-ios/tcm-storage-ios/build/Build/Intermediates.noindex/Nextcloud.build/Debug-iphonesimulator/Widget.build/Widget-all-non-framework-target-headers.hmap (headermap)
2026-04-22T16:43:21.8730290Z  /Users/runner/work/tcm-storage-ios/tcm-storage-ios/build/SourcePackages/checkouts/swift-atomics/Sources/_AtomicsShims/include
2026-04-22T16:43:21.8832260Z  /Users/runner/work/tcm-storage-ios/tcm-storage-ios/build/SourcePackages/checkouts/swift-nio/Sources/CNIOPosix/include
2026-04-22T16:43:21.8933960Z  /Users/runner/work/tcm-storage-ios/tcm-storage-ios/build/SourcePackages/checkouts/swift-nio/Sources/CNIOWASI/include
2026-04-22T16:43:21.9035690Z  /Users/runner/work/tcm-storage-ios/tcm-storage-ios/build/SourcePackages/checkouts/swift-nio/Sources/CNIOWindows/include
2026-04-22T16:43:21.9137380Z  /Users/runner/work/tcm-storage-ios/tcm-storage-ios/build/SourcePackages/checkouts/swift-nio/Sources/CNIOLinux/include
2026-04-22T16:43:21.9239150Z  /Users/runner/work/tcm-storage-ios/tcm-storage-ios/build/SourcePackages/checkouts/swift-nio/Sources/CNIODarwin/include
2026-04-22T16:43:21.9345540Z  /Users/runner/work/tcm-storage-ios/tcm-storage-ios/build/SourcePackages/checkouts/swift-nio/Sources/CNIOOpenBSD/include
2026-04-22T16:43:21.9447030Z  /Users/runner/work/tcm-storage-ios/tcm-storage-ios/build/SourcePackages/checkouts/swift-nio/Sources/CNIOAtomics/include
2026-04-22T16:43:21.9548830Z  /Users/runner/work/tcm-storage-ios/tcm-storage-ios/build/SourcePackages/checkouts/swift-nio-ssl/Sources/CNIOBoringSSLShims/include
2026-04-22T16:43:21.9650430Z  /Users/runner/work/tcm-storage-ios/tcm-storage-ios/build/SourcePackages/checkouts/swift-nio-ssl/Sources/CNIOBoringSSL/include
2026-04-22T16:43:21.9750660Z  /Users/runner/work/tcm-storage-ios/tcm-storage-ios/build/SourcePackages/checkouts/realm-core/src
2026-04-22T16:43:21.9852180Z  /Users/runner/work/tcm-storage-ios/tcm-storage-ios/build/SourcePackages/checkouts/realm-core/src/external/s2
2026-04-22T16:43:21.9953400Z  /Users/runner/work/tcm-storage-ios/tcm-storage-ios/build/SourcePackages/checkouts/realm-core/src/external/IntelRDFPMathLib20U2/LIBRARY/src
2026-04-22T16:43:22.0055670Z  /Users/runner/work/tcm-storage-ios/tcm-storage-ios/build/SourcePackages/checkouts/realm-core/src/spm
2026-04-22T16:43:22.0159270Z  /Users/runner/work/tcm-storage-ios/tcm-storage-ios/build/SourcePackages/checkouts/realm-swift/include
2026-04-22T16:43:22.0274910Z  /Users/runner/work/tcm-storage-ios/tcm-storage-ios/build/Build/Intermediates.noindex/Nextcloud.build/Debug-iphonesimulator/Widget.build/DerivedSources
2026-04-22T16:43:22.0396220Z  /Users/runner/work/tcm-storage-ios/tcm-storage-ios/build/Build/Products/Debug-iphonesimulator/PackageFrameworks (framework directory)
2026-04-22T16:43:22.0499250Z  /Users/runner/work/tcm-storage-ios/tcm-storage-ios/build/Build/Products/Debug-iphonesimulator (framework directory)
2026-04-22T16:43:22.0610870Z  /Applications/Xcode_26.2.app/Contents/Developer/Platforms/iPhoneSimulator.platform/Developer/Library/Frameworks (framework directory)
2026-04-22T16:43:22.0715090Z  /Applications/Xcode_26.2.app/Contents/Developer/Platforms/iPhoneSimulator.platform/Developer/SDKs/iPhoneSimulator26.2.sdk/Developer/Library/Frameworks (framework directory)
2026-04-22T16:43:22.0817880Z  /Applications/Xcode_26.2.app/Contents/Developer/Toolchains/XcodeDefault.xctoolchain/usr/lib/clang/17/include
2026-04-22T16:43:22.0920080Z  /Applications/Xcode_26.2.app/Contents/Developer/Platforms/iPhoneSimulator.platform/Developer/SDKs/iPhoneSimulator26.2.sdk/usr/include
2026-04-22T16:43:22.1021980Z  /Applications/Xcode_26.2.app/Contents/Developer/Toolchains/XcodeDefault.xctoolchain/usr/include
2026-04-22T16:43:22.1123890Z  /Applications/Xcode_26.2.app/Contents/Developer/Platforms/iPhoneSimulator.platform/Developer/SDKs/iPhoneSimulator26.2.sdk/System/Library/Frameworks (framework directory)
2026-04-22T16:43:22.1224310Z  /Applications/Xcode_26.2.app/Contents/Developer/Platforms/iPhoneSimulator.platform/Developer/SDKs/iPhoneSimulator26.2.sdk/System/Library/SubFrameworks (framework directory)
2026-04-22T16:43:22.1325610Z End of search list.
2026-04-22T16:43:22.1426190Z clang -cc1 version 17.0.0 (clang-1700.6.3.2) default target arm64-apple-darwin24.6.0
2026-04-22T16:43:22.1527750Z ignoring nonexistent directory "/Users/runner/work/tcm-storage-ios/tcm-storage-ios/build/Build/Products/Debug-iphonesimulator/include"
2026-04-22T16:43:22.1628690Z ignoring nonexistent directory "/Users/runner/work/tcm-storage-ios/tcm-storage-ios/build/Build/Intermediates.noindex/Nextcloud.build/Debug-iphonesimulator/Widget.build/DerivedSources-normal/arm64"
2026-04-22T16:43:22.1731050Z ignoring nonexistent directory "/Users/runner/work/tcm-storage-ios/tcm-storage-ios/build/Build/Intermediates.noindex/Nextcloud.build/Debug-iphonesimulator/Widget.build/DerivedSources/arm64"
2026-04-22T16:43:22.1754710Z ignoring nonexistent directory "/Applications/Xcode_26.2.app/Contents/Developer/Platforms/iPhoneSimulator.platform/Developer/SDKs/iPhoneSimulator26.2.sdk/usr/local/include"
2026-04-22T16:43:22.1855360Z ignoring nonexistent directory "/Applications/Xcode_26.2.app/Contents/Developer/Platforms/iPhoneSimulator.platform/Developer/SDKs/iPhoneSimulator26.2.sdk/Library/Frameworks"
2026-04-22T16:43:22.1957390Z ignoring duplicate directory "/Users/runner/work/tcm-storage-ios/tcm-storage-ios/build/Build/Products/Debug-iphonesimulator/PackageFrameworks"
2026-04-22T16:43:22.2058930Z ignoring duplicate directory "/Users/runner/work/tcm-storage-ios/tcm-storage-ios/build/Build/Products/Debug-iphonesimulator/PackageFrameworks"
2026-04-22T16:43:22.2159580Z ignoring duplicate directory "/Users/runner/work/tcm-storage-ios/tcm-storage-ios/build/Build/Products/Debug-iphonesimulator/PackageFrameworks"
2026-04-22T16:43:22.2261580Z ignoring duplicate directory "/Users/runner/work/tcm-storage-ios/tcm-storage-ios/build/Build/Products/Debug-iphonesimulator/PackageFrameworks"
2026-04-22T16:43:22.2362350Z ignoring duplicate directory "/Users/runner/work/tcm-storage-ios/tcm-storage-ios/build/Build/Products/Debug-iphonesimulator/PackageFrameworks"
2026-04-22T16:43:22.2464010Z ignoring duplicate directory "/Users/runner/work/tcm-storage-ios/tcm-storage-ios/build/Build/Products/Debug-iphonesimulator/PackageFrameworks"
2026-04-22T16:43:22.2578990Z ignoring duplicate directory "/Users/runner/work/tcm-storage-ios/tcm-storage-ios/build/Build/Products/Debug-iphonesimulator/PackageFrameworks"
2026-04-22T16:43:22.2681520Z ignoring duplicate directory "/Users/runner/work/tcm-storage-ios/tcm-storage-ios/build/Build/Products/Debug-iphonesimulator/PackageFrameworks"
2026-04-22T16:43:22.2781630Z ignoring duplicate directory "/Users/runner/work/tcm-storage-ios/tcm-storage-ios/build/Build/Products/Debug-iphonesimulator/PackageFrameworks"
2026-04-22T16:43:22.2882130Z ignoring duplicate directory "/Users/runner/work/tcm-storage-ios/tcm-storage-ios/build/Build/Products/Debug-iphonesimulator/PackageFrameworks"
2026-04-22T16:43:22.2986460Z ignoring duplicate directory "/Users/runner/work/tcm-storage-ios/tcm-storage-ios/build/Build/Products/Debug-iphonesimulator/PackageFrameworks"
2026-04-22T16:43:22.3088440Z ignoring duplicate directory "/Users/runner/work/tcm-storage-ios/tcm-storage-ios/build/Build/Products/Debug-iphonesimulator/PackageFrameworks"
2026-04-22T16:43:22.3189000Z ignoring duplicate directory "/Users/runner/work/tcm-storage-ios/tcm-storage-ios/build/Build/Products/Debug-iphonesimulator/PackageFrameworks"
2026-04-22T16:43:22.3290710Z ignoring duplicate directory "/Users/runner/work/tcm-storage-ios/tcm-storage-ios/build/Build/Products/Debug-iphonesimulator/PackageFrameworks"
2026-04-22T16:43:22.3392950Z ignoring duplicate directory "/Users/runner/work/tcm-storage-ios/tcm-storage-ios/build/Build/Products/Debug-iphonesimulator/PackageFrameworks"
2026-04-22T16:43:22.3493390Z ignoring duplicate directory "/Users/runner/work/tcm-storage-ios/tcm-storage-ios/build/Build/Products/Debug-iphonesimulator/PackageFrameworks"
2026-04-22T16:43:22.3594060Z ignoring duplicate directory "/Users/runner/work/tcm-storage-ios/tcm-storage-ios/build/Build/Products/Debug-iphonesimulator/PackageFrameworks"
2026-04-22T16:43:22.3708630Z ignoring duplicate directory "/Users/runner/work/tcm-storage-ios/tcm-storage-ios/build/Build/Products/Debug-iphonesimulator/PackageFrameworks"
2026-04-22T16:43:22.3811330Z ignoring duplicate directory "/Users/runner/work/tcm-storage-ios/tcm-storage-ios/build/Build/Products/Debug-iphonesimulator/PackageFrameworks"
2026-04-22T16:43:22.3911750Z ignoring duplicate directory "/Users/runner/work/tcm-storage-ios/tcm-storage-ios/build/Build/Products/Debug-iphonesimulator/PackageFrameworks"
2026-04-22T16:43:22.4013380Z ignoring duplicate directory "/Users/runner/work/tcm-storage-ios/tcm-storage-ios/build/Build/Products/Debug-iphonesimulator/PackageFrameworks"
2026-04-22T16:43:22.4115250Z ignoring duplicate directory "/Users/runner/work/tcm-storage-ios/tcm-storage-ios/build/Build/Products/Debug-iphonesimulator/PackageFrameworks"
2026-04-22T16:43:22.4217030Z ignoring duplicate directory "/Users/runner/work/tcm-storage-ios/tcm-storage-ios/build/Build/Products/Debug-iphonesimulator/PackageFrameworks"
2026-04-22T16:43:22.4319360Z ignoring duplicate directory "/Users/runner/work/tcm-storage-ios/tcm-storage-ios/build/Build/Products/Debug-iphonesimulator/PackageFrameworks"
2026-04-22T16:43:22.4421310Z ignoring duplicate directory "/Users/runner/work/tcm-storage-ios/tcm-storage-ios/build/Build/Products/Debug-iphonesimulator/PackageFrameworks"
2026-04-22T16:43:22.4523040Z ignoring duplicate directory "/Users/runner/work/tcm-storage-ios/tcm-storage-ios/build/Build/Products/Debug-iphonesimulator/PackageFrameworks"
2026-04-22T16:43:22.4624900Z ignoring duplicate directory "/Users/runner/work/tcm-storage-ios/tcm-storage-ios/build/Build/Products/Debug-iphonesimulator/PackageFrameworks"
2026-04-22T16:43:22.4725740Z ignoring duplicate directory "/Users/runner/work/tcm-storage-ios/tcm-storage-ios/build/Build/Products/Debug-iphonesimulator/PackageFrameworks"
2026-04-22T16:43:22.4827590Z ignoring duplicate directory "/Users/runner/work/tcm-storage-ios/tcm-storage-ios/build/Build/Products/Debug-iphonesimulator/PackageFrameworks"
2026-04-22T16:43:22.4927890Z ignoring duplicate directory "/Users/runner/work/tcm-storage-ios/tcm-storage-ios/build/Build/Products/Debug-iphonesimulator/PackageFrameworks"
2026-04-22T16:43:22.5029520Z ignoring duplicate directory "/Users/runner/work/tcm-storage-ios/tcm-storage-ios/build/Build/Products/Debug-iphonesimulator/PackageFrameworks"
2026-04-22T16:43:22.5131300Z ignoring duplicate directory "/Users/runner/work/tcm-storage-ios/tcm-storage-ios/build/Build/Products/Debug-iphonesimulator/PackageFrameworks"
2026-04-22T16:43:22.5232560Z ignoring duplicate directory "/Users/runner/work/tcm-storage-ios/tcm-storage-ios/build/Build/Products/Debug-iphonesimulator/PackageFrameworks"
2026-04-22T16:43:22.5334640Z ignoring duplicate directory "/Users/runner/work/tcm-storage-ios/tcm-storage-ios/build/Build/Products/Debug-iphonesimulator/PackageFrameworks"
2026-04-22T16:43:22.5436170Z #include "..." search starts here:
2026-04-22T16:43:22.5538110Z  /Users/runner/work/tcm-storage-ios/tcm-storage-ios/build/Build/Intermediates.noindex/Nextcloud.build/Debug-iphonesimulator/Widget.build/Widget-generated-files.hmap (headermap)
2026-04-22T16:43:22.5638220Z  /Users/runner/work/tcm-storage-ios/tcm-storage-ios/build/Build/Intermediates.noindex/Nextcloud.build/Debug-iphonesimulator/Widget.build/Widget-project-headers.hmap (headermap)
2026-04-22T16:43:22.5740030Z #include <...> search starts here:
2026-04-22T16:43:22.5843300Z  /Users/runner/work/tcm-storage-ios/tcm-storage-ios/build/Build/Intermediates.noindex/Nextcloud.build/Debug-iphonesimulator/Widget.build/Widget-own-target-headers.hmap (headermap)
2026-04-22T16:43:22.5944880Z  /Users/runner/work/tcm-storage-ios/tcm-storage-ios/build/Build/Intermediates.noindex/Nextcloud.build/Debug-iphonesimulator/Widget.build/Widget-all-non-framework-target-headers.hmap (headermap)
2026-04-22T16:43:22.6045040Z  /Users/runner/work/tcm-storage-ios/tcm-storage-ios/build/SourcePackages/checkouts/swift-atomics/Sources/_AtomicsShims/include
2026-04-22T16:43:22.6147330Z  /Users/runner/work/tcm-storage-ios/tcm-storage-ios/build/SourcePackages/checkouts/swift-nio/Sources/CNIOPosix/include
2026-04-22T16:43:22.6250200Z  /Users/runner/work/tcm-storage-ios/tcm-storage-ios/build/SourcePackages/checkouts/swift-nio/Sources/CNIOWASI/include
2026-04-22T16:43:22.6351700Z  /Users/runner/work/tcm-storage-ios/tcm-storage-ios/build/SourcePackages/checkouts/swift-nio/Sources/CNIOWindows/include
2026-04-22T16:43:22.6452260Z  /Users/runner/work/tcm-storage-ios/tcm-storage-ios/build/SourcePackages/checkouts/swift-nio/Sources/CNIOLinux/include
2026-04-22T16:43:22.6553790Z  /Users/runner/work/tcm-storage-ios/tcm-storage-ios/build/SourcePackages/checkouts/swift-nio/Sources/CNIODarwin/include
2026-04-22T16:43:22.6670390Z  /Users/runner/work/tcm-storage-ios/tcm-storage-ios/build/SourcePackages/checkouts/swift-nio/Sources/CNIOOpenBSD/include
2026-04-22T16:43:22.6772030Z  /Users/runner/work/tcm-storage-ios/tcm-storage-ios/build/SourcePackages/checkouts/swift-nio/Sources/CNIOAtomics/include
2026-04-22T16:43:22.6875810Z  /Users/runner/work/tcm-storage-ios/tcm-storage-ios/build/SourcePackages/checkouts/swift-nio-ssl/Sources/CNIOBoringSSLShims/include
2026-04-22T16:43:22.6986020Z  /Users/runner/work/tcm-storage-ios/tcm-storage-ios/build/SourcePackages/checkouts/swift-nio-ssl/Sources/CNIOBoringSSL/include
2026-04-22T16:43:22.7088570Z  /Users/runner/work/tcm-storage-ios/tcm-storage-ios/build/SourcePackages/checkouts/realm-core/src
2026-04-22T16:43:22.7191680Z  /Users/runner/work/tcm-storage-ios/tcm-storage-ios/build/SourcePackages/checkouts/realm-core/src/external/s2
2026-04-22T16:43:22.7291590Z  /Users/runner/work/tcm-storage-ios/tcm-storage-ios/build/SourcePackages/checkouts/realm-core/src/external/IntelRDFPMathLib20U2/LIBRARY/src
2026-04-22T16:43:22.7392260Z  /Users/runner/work/tcm-storage-ios/tcm-storage-ios/build/SourcePackages/checkouts/realm-core/src/spm
2026-04-22T16:43:22.7492630Z  /Users/runner/work/tcm-storage-ios/tcm-storage-ios/build/SourcePackages/checkouts/realm-swift/include
2026-04-22T16:43:22.7594430Z  /Users/runner/work/tcm-storage-ios/tcm-storage-ios/build/Build/Intermediates.noindex/Nextcloud.build/Debug-iphonesimulator/Widget.build/DerivedSources
2026-04-22T16:43:22.7696180Z  /Users/runner/work/tcm-storage-ios/tcm-storage-ios/build/Build/Products/Debug-iphonesimulator/PackageFrameworks (framework directory)
2026-04-22T16:43:22.7796410Z  /Users/runner/work/tcm-storage-ios/tcm-storage-ios/build/Build/Products/Debug-iphonesimulator (framework directory)
2026-04-22T16:43:22.7896960Z  /Applications/Xcode_26.2.app/Contents/Developer/Platforms/iPhoneSimulator.platform/Developer/Library/Frameworks (framework directory)
2026-04-22T16:43:22.8001830Z  /Applications/Xcode_26.2.app/Contents/Developer/Platforms/iPhoneSimulator.platform/Developer/SDKs/iPhoneSimulator26.2.sdk/Developer/Library/Frameworks (framework directory)
2026-04-22T16:43:22.8103410Z  /Applications/Xcode_26.2.app/Contents/Developer/Toolchains/XcodeDefault.xctoolchain/usr/lib/clang/17/include
2026-04-22T16:43:22.8212560Z  /Applications/Xcode_26.2.app/Contents/Developer/Platforms/iPhoneSimulator.platform/Developer/SDKs/iPhoneSimulator26.2.sdk/usr/include
2026-04-22T16:43:22.8314200Z  /Applications/Xcode_26.2.app/Contents/Developer/Toolchains/XcodeDefault.xctoolchain/usr/include
2026-04-22T16:43:22.8414960Z  /Applications/Xcode_26.2.app/Contents/Developer/Platforms/iPhoneSimulator.platform/Developer/SDKs/iPhoneSimulator26.2.sdk/System/Library/Frameworks (framework directory)
2026-04-22T16:43:22.8515310Z  /Applications/Xcode_26.2.app/Contents/Developer/Platforms/iPhoneSimulator.platform/Developer/SDKs/iPhoneSimulator26.2.sdk/System/Library/SubFrameworks (framework directory)
2026-04-22T16:43:22.8615730Z End of search list.
2026-04-22T16:43:22.8717140Z clang -cc1 version 17.0.0 (clang-1700.6.3.2) default target arm64-apple-darwin24.6.0
2026-04-22T16:43:22.8818570Z ignoring nonexistent directory "/Users/runner/work/tcm-storage-ios/tcm-storage-ios/build/Build/Products/Debug-iphonesimulator/include"
2026-04-22T16:43:22.8919250Z ignoring nonexistent directory "/Users/runner/work/tcm-storage-ios/tcm-storage-ios/build/Build/Intermediates.noindex/Nextcloud.build/Debug-iphonesimulator/Widget.build/DerivedSources-normal/arm64"
2026-04-22T16:43:22.9021490Z ignoring nonexistent directory "/Users/runner/work/tcm-storage-ios/tcm-storage-ios/build/Build/Intermediates.noindex/Nextcloud.build/Debug-iphonesimulator/Widget.build/DerivedSources/arm64"
2026-04-22T16:43:22.9121700Z ignoring nonexistent directory "/Applications/Xcode_26.2.app/Contents/Developer/Platforms/iPhoneSimulator.platform/Developer/SDKs/iPhoneSimulator26.2.sdk/usr/local/include"
2026-04-22T16:43:22.9223760Z ignoring nonexistent directory "/Applications/Xcode_26.2.app/Contents/Developer/Platforms/iPhoneSimulator.platform/Developer/SDKs/iPhoneSimulator26.2.sdk/Library/Frameworks"
2026-04-22T16:43:22.9327150Z ignoring duplicate directory "/Users/runner/work/tcm-storage-ios/tcm-storage-ios/build/Build/Products/Debug-iphonesimulator/PackageFrameworks"
2026-04-22T16:43:22.9431420Z ignoring duplicate directory "/Users/runner/work/tcm-storage-ios/tcm-storage-ios/build/Build/Products/Debug-iphonesimulator/PackageFrameworks"
2026-04-22T16:43:22.9539600Z ignoring duplicate directory "/Users/runner/work/tcm-storage-ios/tcm-storage-ios/build/Build/Products/Debug-iphonesimulator/PackageFrameworks"
2026-04-22T16:43:22.9642240Z ignoring duplicate directory "/Users/runner/work/tcm-storage-ios/tcm-storage-ios/build/Build/Products/Debug-iphonesimulator/PackageFrameworks"
2026-04-22T16:43:22.9744300Z ignoring duplicate directory "/Users/runner/work/tcm-storage-ios/tcm-storage-ios/build/Build/Products/Debug-iphonesimulator/PackageFrameworks"
2026-04-22T16:43:22.9849210Z ignoring duplicate directory "/Users/runner/work/tcm-storage-ios/tcm-storage-ios/build/Build/Products/Debug-iphonesimulator/PackageFrameworks"
2026-04-22T16:43:22.9950060Z ignoring duplicate directory "/Users/runner/work/tcm-storage-ios/tcm-storage-ios/build/Build/Products/Debug-iphonesimulator/PackageFrameworks"
2026-04-22T16:43:23.0050600Z ignoring duplicate directory "/Users/runner/work/tcm-storage-ios/tcm-storage-ios/build/Build/Products/Debug-iphonesimulator/PackageFrameworks"
2026-04-22T16:43:23.0152410Z ignoring duplicate directory "/Users/runner/work/tcm-storage-ios/tcm-storage-ios/build/Build/Products/Debug-iphonesimulator/PackageFrameworks"
2026-04-22T16:43:23.0254110Z ignoring duplicate directory "/Users/runner/work/tcm-storage-ios/tcm-storage-ios/build/Build/Products/Debug-iphonesimulator/PackageFrameworks"
2026-04-22T16:43:23.0356440Z ignoring duplicate directory "/Users/runner/work/tcm-storage-ios/tcm-storage-ios/build/Build/Products/Debug-iphonesimulator/PackageFrameworks"
2026-04-22T16:43:23.0456640Z ignoring duplicate directory "/Users/runner/work/tcm-storage-ios/tcm-storage-ios/build/Build/Products/Debug-iphonesimulator/PackageFrameworks"
2026-04-22T16:43:23.0558650Z ignoring duplicate directory "/Users/runner/work/tcm-storage-ios/tcm-storage-ios/build/Build/Products/Debug-iphonesimulator/PackageFrameworks"
2026-04-22T16:43:23.0680110Z ignoring duplicate directory "/Users/runner/work/tcm-storage-ios/tcm-storage-ios/build/Build/Products/Debug-iphonesimulator/PackageFrameworks"
2026-04-22T16:43:23.0781920Z ignoring duplicate directory "/Users/runner/work/tcm-storage-ios/tcm-storage-ios/build/Build/Products/Debug-iphonesimulator/PackageFrameworks"
2026-04-22T16:43:23.0884470Z ignoring duplicate directory "/Users/runner/work/tcm-storage-ios/tcm-storage-ios/build/Build/Products/Debug-iphonesimulator/PackageFrameworks"
2026-04-22T16:43:23.0986430Z ignoring duplicate directory "/Users/runner/work/tcm-storage-ios/tcm-storage-ios/build/Build/Products/Debug-iphonesimulator/PackageFrameworks"
2026-04-22T16:43:23.0987340Z ignoring duplicate directory "/Users/runner/work/tcm-storage-ios/tcm-storage-ios/build/Build/Products/Debug-iphonesimulator/PackageFrameworks"
2026-04-22T16:43:23.1089190Z ignoring duplicate directory "/Users/runner/work/tcm-storage-ios/tcm-storage-ios/build/Build/Products/Debug-iphonesimulator/PackageFrameworks"
2026-04-22T16:43:23.1191140Z ignoring duplicate directory "/Users/runner/work/tcm-storage-ios/tcm-storage-ios/build/Build/Products/Debug-iphonesimulator/PackageFrameworks"
2026-04-22T16:43:23.1292640Z ignoring duplicate directory "/Users/runner/work/tcm-storage-ios/tcm-storage-ios/build/Build/Products/Debug-iphonesimulator/PackageFrameworks"
2026-04-22T16:43:23.1394280Z ignoring duplicate directory "/Users/runner/work/tcm-storage-ios/tcm-storage-ios/build/Build/Products/Debug-iphonesimulator/PackageFrameworks"
2026-04-22T16:43:23.1495760Z ignoring duplicate directory "/Users/runner/work/tcm-storage-ios/tcm-storage-ios/build/Build/Products/Debug-iphonesimulator/PackageFrameworks"
2026-04-22T16:43:23.1597330Z ignoring duplicate directory "/Users/runner/work/tcm-storage-ios/tcm-storage-ios/build/Build/Products/Debug-iphonesimulator/PackageFrameworks"
2026-04-22T16:43:23.1698930Z ignoring duplicate directory "/Users/runner/work/tcm-storage-ios/tcm-storage-ios/build/Build/Products/Debug-iphonesimulator/PackageFrameworks"
2026-04-22T16:43:23.1800900Z ignoring duplicate directory "/Users/runner/work/tcm-storage-ios/tcm-storage-ios/build/Build/Products/Debug-iphonesimulator/PackageFrameworks"
2026-04-22T16:43:23.1902630Z ignoring duplicate directory "/Users/runner/work/tcm-storage-ios/tcm-storage-ios/build/Build/Products/Debug-iphonesimulator/PackageFrameworks"
2026-04-22T16:43:23.2004190Z ignoring duplicate directory "/Users/runner/work/tcm-storage-ios/tcm-storage-ios/build/Build/Products/Debug-iphonesimulator/PackageFrameworks"
2026-04-22T16:43:23.2105880Z ignoring duplicate directory "/Users/runner/work/tcm-storage-ios/tcm-storage-ios/build/Build/Products/Debug-iphonesimulator/PackageFrameworks"
2026-04-22T16:43:23.2207510Z ignoring duplicate directory "/Users/runner/work/tcm-storage-ios/tcm-storage-ios/build/Build/Products/Debug-iphonesimulator/PackageFrameworks"
2026-04-22T16:43:23.2309220Z ignoring duplicate directory "/Users/runner/work/tcm-storage-ios/tcm-storage-ios/build/Build/Products/Debug-iphonesimulator/PackageFrameworks"
2026-04-22T16:43:23.2412100Z ignoring duplicate directory "/Users/runner/work/tcm-storage-ios/tcm-storage-ios/build/Build/Products/Debug-iphonesimulator/PackageFrameworks"
2026-04-22T16:43:23.2538640Z ignoring duplicate directory "/Users/runner/work/tcm-storage-ios/tcm-storage-ios/build/Build/Products/Debug-iphonesimulator/PackageFrameworks"
2026-04-22T16:43:23.2650840Z ignoring duplicate directory "/Users/runner/work/tcm-storage-ios/tcm-storage-ios/build/Build/Products/Debug-iphonesimulator/PackageFrameworks"
2026-04-22T16:43:23.2767700Z #include "..." search starts here:
2026-04-22T16:43:23.3035510Z  /Users/runner/work/tcm-storage-ios/tcm-storage-ios/build/Build/Intermediates.noindex/Nextcloud.build/Debug-iphonesimulator/Widget.build/Widget-generated-files.hmap (headermap)
2026-04-22T16:43:23.3142030Z  /Users/runner/work/tcm-storage-ios/tcm-storage-ios/build/Build/Intermediates.noindex/Nextcloud.build/Debug-iphonesimulator/Widget.build/Widget-project-headers.hmap (headermap)
2026-04-22T16:43:23.3260700Z #include <...> search starts here:
2026-04-22T16:43:23.3646000Z  /Users/runner/work/tcm-storage-ios/tcm-storage-ios/build/Build/Intermediates.noindex/Nextcloud.build/Debug-iphonesimulator/Widget.build/Widget-own-target-headers.hmap (headermap)
2026-04-22T16:43:23.3748130Z  /Users/runner/work/tcm-storage-ios/tcm-storage-ios/build/Build/Intermediates.noindex/Nextcloud.build/Debug-iphonesimulator/Widget.build/Widget-all-non-framework-target-headers.hmap (headermap)
2026-04-22T16:43:23.3749180Z  /Users/runner/work/tcm-storage-ios/tcm-storage-ios/build/SourcePackages/checkouts/swift-atomics/Sources/_AtomicsShims/include
2026-04-22T16:43:23.3851250Z  /Users/runner/work/tcm-storage-ios/tcm-storage-ios/build/SourcePackages/checkouts/swift-nio/Sources/CNIOPosix/include
2026-04-22T16:43:23.3952710Z  /Users/runner/work/tcm-storage-ios/tcm-storage-ios/build/SourcePackages/checkouts/swift-nio/Sources/CNIOWASI/include
2026-04-22T16:43:23.4054420Z  /Users/runner/work/tcm-storage-ios/tcm-storage-ios/build/SourcePackages/checkouts/swift-nio/Sources/CNIOWindows/include
2026-04-22T16:43:23.4155940Z  /Users/runner/work/tcm-storage-ios/tcm-storage-ios/build/SourcePackages/checkouts/swift-nio/Sources/CNIOLinux/include
2026-04-22T16:43:23.4257320Z  /Users/runner/work/tcm-storage-ios/tcm-storage-ios/build/SourcePackages/checkouts/swift-nio/Sources/CNIODarwin/include
2026-04-22T16:43:23.4358760Z  /Users/runner/work/tcm-storage-ios/tcm-storage-ios/build/SourcePackages/checkouts/swift-nio/Sources/CNIOOpenBSD/include
2026-04-22T16:43:23.4460640Z  /Users/runner/work/tcm-storage-ios/tcm-storage-ios/build/SourcePackages/checkouts/swift-nio/Sources/CNIOAtomics/include
2026-04-22T16:43:23.4562220Z  /Users/runner/work/tcm-storage-ios/tcm-storage-ios/build/SourcePackages/checkouts/swift-nio-ssl/Sources/CNIOBoringSSLShims/include
2026-04-22T16:43:23.4694230Z  /Users/runner/work/tcm-storage-ios/tcm-storage-ios/build/SourcePackages/checkouts/swift-nio-ssl/Sources/CNIOBoringSSL/include
2026-04-22T16:43:23.4807750Z  /Users/runner/work/tcm-storage-ios/tcm-storage-ios/build/SourcePackages/checkouts/realm-core/src
2026-04-22T16:43:23.4909330Z  /Users/runner/work/tcm-storage-ios/tcm-storage-ios/build/SourcePackages/checkouts/realm-core/src/external/s2
2026-04-22T16:43:23.5010940Z  /Users/runner/work/tcm-storage-ios/tcm-storage-ios/build/SourcePackages/checkouts/realm-core/src/external/IntelRDFPMathLib20U2/LIBRARY/src
2026-04-22T16:43:23.5112410Z  /Users/runner/work/tcm-storage-ios/tcm-storage-ios/build/SourcePackages/checkouts/realm-core/src/spm
2026-04-22T16:43:23.5213910Z  /Users/runner/work/tcm-storage-ios/tcm-storage-ios/build/SourcePackages/checkouts/realm-swift/include
2026-04-22T16:43:23.5315500Z  /Users/runner/work/tcm-storage-ios/tcm-storage-ios/build/Build/Intermediates.noindex/Nextcloud.build/Debug-iphonesimulator/Widget.build/DerivedSources
2026-04-22T16:43:23.5417080Z  /Users/runner/work/tcm-storage-ios/tcm-storage-ios/build/Build/Products/Debug-iphonesimulator/PackageFrameworks (framework directory)
2026-04-22T16:43:23.5518820Z  /Users/runner/work/tcm-storage-ios/tcm-storage-ios/build/Build/Products/Debug-iphonesimulator (framework directory)
2026-04-22T16:43:23.5620280Z  /Applications/Xcode_26.2.app/Contents/Developer/Platforms/iPhoneSimulator.platform/Developer/Library/Frameworks (framework directory)
2026-04-22T16:43:23.5721930Z  /Applications/Xcode_26.2.app/Contents/Developer/Platforms/iPhoneSimulator.platform/Developer/SDKs/iPhoneSimulator26.2.sdk/Developer/Library/Frameworks (framework directory)
2026-04-22T16:43:23.5823570Z  /Applications/Xcode_26.2.app/Contents/Developer/Toolchains/XcodeDefault.xctoolchain/usr/lib/clang/17/include
2026-04-22T16:43:23.5925140Z  /Applications/Xcode_26.2.app/Contents/Developer/Platforms/iPhoneSimulator.platform/Developer/SDKs/iPhoneSimulator26.2.sdk/usr/include
2026-04-22T16:43:23.6026620Z  /Applications/Xcode_26.2.app/Contents/Developer/Toolchains/XcodeDefault.xctoolchain/usr/include
2026-04-22T16:43:23.6128420Z  /Applications/Xcode_26.2.app/Contents/Developer/Platforms/iPhoneSimulator.platform/Developer/SDKs/iPhoneSimulator26.2.sdk/System/Library/Frameworks (framework directory)
2026-04-22T16:43:23.6230340Z  /Applications/Xcode_26.2.app/Contents/Developer/Platforms/iPhoneSimulator.platform/Developer/SDKs/iPhoneSimulator26.2.sdk/System/Library/SubFrameworks (framework directory)
2026-04-22T16:43:23.6332240Z End of search list.
2026-04-22T16:43:23.6435570Z clang -cc1 version 17.0.0 (clang-1700.6.3.2) default target arm64-apple-darwin24.6.0
2026-04-22T16:43:23.6537370Z ignoring nonexistent directory "/Users/runner/work/tcm-storage-ios/tcm-storage-ios/build/Build/Products/Debug-iphonesimulator/include"
2026-04-22T16:43:23.6639540Z ignoring nonexistent directory "/Users/runner/work/tcm-storage-ios/tcm-storage-ios/build/Build/Intermediates.noindex/Nextcloud.build/Debug-iphonesimulator/Widget.build/DerivedSources-normal/arm64"
2026-04-22T16:43:23.6752790Z ignoring nonexistent directory "/Users/runner/work/tcm-storage-ios/tcm-storage-ios/build/Build/Intermediates.noindex/Nextcloud.build/Debug-iphonesimulator/Widget.build/DerivedSources/arm64"
2026-04-22T16:43:23.6855750Z ignoring nonexistent directory "/Applications/Xcode_26.2.app/Contents/Developer/Platforms/iPhoneSimulator.platform/Developer/SDKs/iPhoneSimulator26.2.sdk/usr/local/include"
2026-04-22T16:43:23.6971690Z ignoring nonexistent directory "/Applications/Xcode_26.2.app/Contents/Developer/Platforms/iPhoneSimulator.platform/Developer/SDKs/iPhoneSimulator26.2.sdk/Library/Frameworks"
2026-04-22T16:43:23.7077210Z ignoring duplicate directory "/Users/runner/work/tcm-storage-ios/tcm-storage-ios/build/Build/Products/Debug-iphonesimulator/PackageFrameworks"
2026-04-22T16:43:23.7179850Z ignoring duplicate directory "/Users/runner/work/tcm-storage-ios/tcm-storage-ios/build/Build/Products/Debug-iphonesimulator/PackageFrameworks"
2026-04-22T16:43:23.7281560Z ignoring duplicate directory "/Users/runner/work/tcm-storage-ios/tcm-storage-ios/build/Build/Products/Debug-iphonesimulator/PackageFrameworks"
2026-04-22T16:43:23.7383210Z ignoring duplicate directory "/Users/runner/work/tcm-storage-ios/tcm-storage-ios/build/Build/Products/Debug-iphonesimulator/PackageFrameworks"
2026-04-22T16:43:23.7485150Z ignoring duplicate directory "/Users/runner/work/tcm-storage-ios/tcm-storage-ios/build/Build/Products/Debug-iphonesimulator/PackageFrameworks"
2026-04-22T16:43:23.7586850Z ignoring duplicate directory "/Users/runner/work/tcm-storage-ios/tcm-storage-ios/build/Build/Products/Debug-iphonesimulator/PackageFrameworks"
2026-04-22T16:43:23.7688560Z ignoring duplicate directory "/Users/runner/work/tcm-storage-ios/tcm-storage-ios/build/Build/Products/Debug-iphonesimulator/PackageFrameworks"
2026-04-22T16:43:23.7790260Z ignoring duplicate directory "/Users/runner/work/tcm-storage-ios/tcm-storage-ios/build/Build/Products/Debug-iphonesimulator/PackageFrameworks"
2026-04-22T16:43:23.7892060Z ignoring duplicate directory "/Users/runner/work/tcm-storage-ios/tcm-storage-ios/build/Build/Products/Debug-iphonesimulator/PackageFrameworks"
2026-04-22T16:43:23.7993900Z ignoring duplicate directory "/Users/runner/work/tcm-storage-ios/tcm-storage-ios/build/Build/Products/Debug-iphonesimulator/PackageFrameworks"
2026-04-22T16:43:23.8095700Z ignoring duplicate directory "/Users/runner/work/tcm-storage-ios/tcm-storage-ios/build/Build/Products/Debug-iphonesimulator/PackageFrameworks"
2026-04-22T16:43:23.8198190Z ignoring duplicate directory "/Users/runner/work/tcm-storage-ios/tcm-storage-ios/build/Build/Products/Debug-iphonesimulator/PackageFrameworks"
2026-04-22T16:43:23.8298950Z ignoring duplicate directory "/Users/runner/work/tcm-storage-ios/tcm-storage-ios/build/Build/Products/Debug-iphonesimulator/PackageFrameworks"
2026-04-22T16:43:23.8402570Z ignoring duplicate directory "/Users/runner/work/tcm-storage-ios/tcm-storage-ios/build/Build/Products/Debug-iphonesimulator/PackageFrameworks"
2026-04-22T16:43:23.8503130Z ignoring duplicate directory "/Users/runner/work/tcm-storage-ios/tcm-storage-ios/build/Build/Products/Debug-iphonesimulator/PackageFrameworks"
2026-04-22T16:43:23.8605180Z ignoring duplicate directory "/Users/runner/work/tcm-storage-ios/tcm-storage-ios/build/Build/Products/Debug-iphonesimulator/PackageFrameworks"
2026-04-22T16:43:23.8707560Z ignoring duplicate directory "/Users/runner/work/tcm-storage-ios/tcm-storage-ios/build/Build/Products/Debug-iphonesimulator/PackageFrameworks"
2026-04-22T16:43:23.8807860Z ignoring duplicate directory "/Users/runner/work/tcm-storage-ios/tcm-storage-ios/build/Build/Products/Debug-iphonesimulator/PackageFrameworks"
2026-04-22T16:43:23.8909470Z ignoring duplicate directory "/Users/runner/work/tcm-storage-ios/tcm-storage-ios/build/Build/Products/Debug-iphonesimulator/PackageFrameworks"
2026-04-22T16:43:23.9011250Z ignoring duplicate directory "/Users/runner/work/tcm-storage-ios/tcm-storage-ios/build/Build/Products/Debug-iphonesimulator/PackageFrameworks"
2026-04-22T16:43:23.9112950Z ignoring duplicate directory "/Users/runner/work/tcm-storage-ios/tcm-storage-ios/build/Build/Products/Debug-iphonesimulator/PackageFrameworks"
2026-04-22T16:43:23.9213470Z ignoring duplicate directory "/Users/runner/work/tcm-storage-ios/tcm-storage-ios/build/Build/Products/Debug-iphonesimulator/PackageFrameworks"
2026-04-22T16:43:23.9315420Z ignoring duplicate directory "/Users/runner/work/tcm-storage-ios/tcm-storage-ios/build/Build/Products/Debug-iphonesimulator/PackageFrameworks"
2026-04-22T16:43:23.9415790Z ignoring duplicate directory "/Users/runner/work/tcm-storage-ios/tcm-storage-ios/build/Build/Products/Debug-iphonesimulator/PackageFrameworks"
2026-04-22T16:43:23.9517460Z ignoring duplicate directory "/Users/runner/work/tcm-storage-ios/tcm-storage-ios/build/Build/Products/Debug-iphonesimulator/PackageFrameworks"
2026-04-22T16:43:23.9617830Z ignoring duplicate directory "/Users/runner/work/tcm-storage-ios/tcm-storage-ios/build/Build/Products/Debug-iphonesimulator/PackageFrameworks"
2026-04-22T16:43:23.9719540Z ignoring duplicate directory "/Users/runner/work/tcm-storage-ios/tcm-storage-ios/build/Build/Products/Debug-iphonesimulator/PackageFrameworks"
2026-04-22T16:43:23.9822020Z ignoring duplicate directory "/Users/runner/work/tcm-storage-ios/tcm-storage-ios/build/Build/Products/Debug-iphonesimulator/PackageFrameworks"
2026-04-22T16:43:23.9923120Z ignoring duplicate directory "/Users/runner/work/tcm-storage-ios/tcm-storage-ios/build/Build/Products/Debug-iphonesimulator/PackageFrameworks"
2026-04-22T16:43:24.0024860Z ignoring duplicate directory "/Users/runner/work/tcm-storage-ios/tcm-storage-ios/build/Build/Products/Debug-iphonesimulator/PackageFrameworks"
2026-04-22T16:43:24.0126550Z ignoring duplicate directory "/Users/runner/work/tcm-storage-ios/tcm-storage-ios/build/Build/Products/Debug-iphonesimulator/PackageFrameworks"
2026-04-22T16:43:24.0252290Z ignoring duplicate directory "/Users/runner/work/tcm-storage-ios/tcm-storage-ios/build/Build/Products/Debug-iphonesimulator/PackageFrameworks"
2026-04-22T16:43:24.0352570Z ignoring duplicate directory "/Users/runner/work/tcm-storage-ios/tcm-storage-ios/build/Build/Products/Debug-iphonesimulator/PackageFrameworks"
2026-04-22T16:43:24.0454300Z ignoring duplicate directory "/Users/runner/work/tcm-storage-ios/tcm-storage-ios/build/Build/Products/Debug-iphonesimulator/PackageFrameworks"
2026-04-22T16:43:24.0555060Z #include "..." search starts here:
2026-04-22T16:43:24.0656740Z  /Users/runner/work/tcm-storage-ios/tcm-storage-ios/build/Build/Intermediates.noindex/Nextcloud.build/Debug-iphonesimulator/Widget.build/Widget-generated-files.hmap (headermap)
2026-04-22T16:43:24.0757870Z  /Users/runner/work/tcm-storage-ios/tcm-storage-ios/build/Build/Intermediates.noindex/Nextcloud.build/Debug-iphonesimulator/Widget.build/Widget-project-headers.hmap (headermap)
2026-04-22T16:43:24.0859410Z #include <...> search starts here:
2026-04-22T16:43:24.0960350Z  /Users/runner/work/tcm-storage-ios/tcm-storage-ios/build/Build/Intermediates.noindex/Nextcloud.build/Debug-iphonesimulator/Widget.build/Widget-own-target-headers.hmap (headermap)
2026-04-22T16:43:24.1061060Z  /Users/runner/work/tcm-storage-ios/tcm-storage-ios/build/Build/Intermediates.noindex/Nextcloud.build/Debug-iphonesimulator/Widget.build/Widget-all-non-framework-target-headers.hmap (headermap)
2026-04-22T16:43:24.1162440Z  /Users/runner/work/tcm-storage-ios/tcm-storage-ios/build/SourcePackages/checkouts/swift-atomics/Sources/_AtomicsShims/include
2026-04-22T16:43:24.1278310Z  /Users/runner/work/tcm-storage-ios/tcm-storage-ios/build/SourcePackages/checkouts/swift-nio/Sources/CNIOPosix/include
2026-04-22T16:43:24.1379810Z  /Users/runner/work/tcm-storage-ios/tcm-storage-ios/build/SourcePackages/checkouts/swift-nio/Sources/CNIOWASI/include
2026-04-22T16:43:24.1481650Z  /Users/runner/work/tcm-storage-ios/tcm-storage-ios/build/SourcePackages/checkouts/swift-nio/Sources/CNIOWindows/include
2026-04-22T16:43:24.1583380Z  /Users/runner/work/tcm-storage-ios/tcm-storage-ios/build/SourcePackages/checkouts/swift-nio/Sources/CNIOLinux/include
2026-04-22T16:43:24.1584790Z  /Users/runner/work/tcm-storage-ios/tcm-storage-ios/build/SourcePackages/checkouts/swift-nio/Sources/CNIODarwin/include
2026-04-22T16:43:24.1698140Z  /Users/runner/work/tcm-storage-ios/tcm-storage-ios/build/SourcePackages/checkouts/swift-nio/Sources/CNIOOpenBSD/include
2026-04-22T16:43:24.1799490Z  /Users/runner/work/tcm-storage-ios/tcm-storage-ios/build/SourcePackages/checkouts/swift-nio/Sources/CNIOAtomics/include
2026-04-22T16:43:24.1911280Z  /Users/runner/work/tcm-storage-ios/tcm-storage-ios/build/SourcePackages/checkouts/swift-nio-ssl/Sources/CNIOBoringSSLShims/include
2026-04-22T16:43:24.2013520Z  /Users/runner/work/tcm-storage-ios/tcm-storage-ios/build/SourcePackages/checkouts/swift-nio-ssl/Sources/CNIOBoringSSL/include
2026-04-22T16:43:24.2225070Z  /Users/runner/work/tcm-storage-ios/tcm-storage-ios/build/SourcePackages/checkouts/realm-core/src
2026-04-22T16:43:24.2225740Z  /Users/runner/work/tcm-storage-ios/tcm-storage-ios/build/SourcePackages/checkouts/realm-core/src/external/s2
2026-04-22T16:43:24.2428980Z  /Users/runner/work/tcm-storage-ios/tcm-storage-ios/build/SourcePackages/checkouts/realm-core/src/external/IntelRDFPMathLib20U2/LIBRARY/src
2026-04-22T16:43:24.2533260Z  /Users/runner/work/tcm-storage-ios/tcm-storage-ios/build/SourcePackages/checkouts/realm-core/src/spm
2026-04-22T16:43:24.2635680Z  /Users/runner/work/tcm-storage-ios/tcm-storage-ios/build/SourcePackages/checkouts/realm-swift/include
2026-04-22T16:43:24.2735940Z  /Users/runner/work/tcm-storage-ios/tcm-storage-ios/build/Build/Intermediates.noindex/Nextcloud.build/Debug-iphonesimulator/Widget.build/DerivedSources
2026-04-22T16:43:24.2837650Z  /Users/runner/work/tcm-storage-ios/tcm-storage-ios/build/Build/Products/Debug-iphonesimulator/PackageFrameworks (framework directory)
2026-04-22T16:43:24.2938730Z  /Users/runner/work/tcm-storage-ios/tcm-storage-ios/build/Build/Products/Debug-iphonesimulator (framework directory)
2026-04-22T16:43:24.3040130Z  /Applications/Xcode_26.2.app/Contents/Developer/Platforms/iPhoneSimulator.platform/Developer/Library/Frameworks (framework directory)
2026-04-22T16:43:24.3142280Z  /Applications/Xcode_26.2.app/Contents/Developer/Platforms/iPhoneSimulator.platform/Developer/SDKs/iPhoneSimulator26.2.sdk/Developer/Library/Frameworks (framework directory)
2026-04-22T16:43:24.3244120Z  /Applications/Xcode_26.2.app/Contents/Developer/Toolchains/XcodeDefault.xctoolchain/usr/lib/clang/17/include
2026-04-22T16:43:24.3344270Z  /Applications/Xcode_26.2.app/Contents/Developer/Platforms/iPhoneSimulator.platform/Developer/SDKs/iPhoneSimulator26.2.sdk/usr/include
2026-04-22T16:43:24.3445710Z  /Applications/Xcode_26.2.app/Contents/Developer/Toolchains/XcodeDefault.xctoolchain/usr/include
2026-04-22T16:43:24.3546190Z  /Applications/Xcode_26.2.app/Contents/Developer/Platforms/iPhoneSimulator.platform/Developer/SDKs/iPhoneSimulator26.2.sdk/System/Library/Frameworks (framework directory)
2026-04-22T16:43:24.3648010Z  /Applications/Xcode_26.2.app/Contents/Developer/Platforms/iPhoneSimulator.platform/Developer/SDKs/iPhoneSimulator26.2.sdk/System/Library/SubFrameworks (framework directory)
2026-04-22T16:43:24.3749480Z End of search list.
2026-04-22T16:43:24.3850540Z clang -cc1 version 17.0.0 (clang-1700.6.3.2) default target arm64-apple-darwin24.6.0
2026-04-22T16:43:24.3952110Z ignoring nonexistent directory "/Users/runner/work/tcm-storage-ios/tcm-storage-ios/build/Build/Products/Debug-iphonesimulator/include"
2026-04-22T16:43:24.4052440Z ignoring nonexistent directory "/Users/runner/work/tcm-storage-ios/tcm-storage-ios/build/Build/Intermediates.noindex/Nextcloud.build/Debug-iphonesimulator/Widget.build/DerivedSources-normal/arm64"
2026-04-22T16:43:24.4153230Z ignoring nonexistent directory "/Users/runner/work/tcm-storage-ios/tcm-storage-ios/build/Build/Intermediates.noindex/Nextcloud.build/Debug-iphonesimulator/Widget.build/DerivedSources/arm64"
2026-04-22T16:43:24.4253490Z ignoring nonexistent directory "/Applications/Xcode_26.2.app/Contents/Developer/Platforms/iPhoneSimulator.platform/Developer/SDKs/iPhoneSimulator26.2.sdk/usr/local/include"
2026-04-22T16:43:24.4355450Z ignoring nonexistent directory "/Applications/Xcode_26.2.app/Contents/Developer/Platforms/iPhoneSimulator.platform/Developer/SDKs/iPhoneSimulator26.2.sdk/Library/Frameworks"
2026-04-22T16:43:24.4455670Z ignoring duplicate directory "/Users/runner/work/tcm-storage-ios/tcm-storage-ios/build/Build/Products/Debug-iphonesimulator/PackageFrameworks"
2026-04-22T16:43:24.4557250Z ignoring duplicate directory "/Users/runner/work/tcm-storage-ios/tcm-storage-ios/build/Build/Products/Debug-iphonesimulator/PackageFrameworks"
2026-04-22T16:43:24.4658160Z ignoring duplicate directory "/Users/runner/work/tcm-storage-ios/tcm-storage-ios/build/Build/Products/Debug-iphonesimulator/PackageFrameworks"
2026-04-22T16:43:24.4758720Z ignoring duplicate directory "/Users/runner/work/tcm-storage-ios/tcm-storage-ios/build/Build/Products/Debug-iphonesimulator/PackageFrameworks"
2026-04-22T16:43:24.4859840Z ignoring duplicate directory "/Users/runner/work/tcm-storage-ios/tcm-storage-ios/build/Build/Products/Debug-iphonesimulator/PackageFrameworks"
2026-04-22T16:43:24.4977790Z ignoring duplicate directory "/Users/runner/work/tcm-storage-ios/tcm-storage-ios/build/Build/Products/Debug-iphonesimulator/PackageFrameworks"
2026-04-22T16:43:24.5079980Z ignoring duplicate directory "/Users/runner/work/tcm-storage-ios/tcm-storage-ios/build/Build/Products/Debug-iphonesimulator/PackageFrameworks"
2026-04-22T16:43:24.5181640Z ignoring duplicate directory "/Users/runner/work/tcm-storage-ios/tcm-storage-ios/build/Build/Products/Debug-iphonesimulator/PackageFrameworks"
2026-04-22T16:43:24.5283380Z ignoring duplicate directory "/Users/runner/work/tcm-storage-ios/tcm-storage-ios/build/Build/Products/Debug-iphonesimulator/PackageFrameworks"
2026-04-22T16:43:24.5384610Z ignoring duplicate directory "/Users/runner/work/tcm-storage-ios/tcm-storage-ios/build/Build/Products/Debug-iphonesimulator/PackageFrameworks"
2026-04-22T16:43:24.5485710Z ignoring duplicate directory "/Users/runner/work/tcm-storage-ios/tcm-storage-ios/build/Build/Products/Debug-iphonesimulator/PackageFrameworks"
2026-04-22T16:43:24.5586810Z ignoring duplicate directory "/Users/runner/work/tcm-storage-ios/tcm-storage-ios/build/Build/Products/Debug-iphonesimulator/PackageFrameworks"
2026-04-22T16:43:24.5687740Z ignoring duplicate directory "/Users/runner/work/tcm-storage-ios/tcm-storage-ios/build/Build/Products/Debug-iphonesimulator/PackageFrameworks"
2026-04-22T16:43:24.5788080Z ignoring duplicate directory "/Users/runner/work/tcm-storage-ios/tcm-storage-ios/build/Build/Products/Debug-iphonesimulator/PackageFrameworks"
2026-04-22T16:43:24.5889620Z ignoring duplicate directory "/Users/runner/work/tcm-storage-ios/tcm-storage-ios/build/Build/Products/Debug-iphonesimulator/PackageFrameworks"
2026-04-22T16:43:24.5991410Z ignoring duplicate directory "/Users/runner/work/tcm-storage-ios/tcm-storage-ios/build/Build/Products/Debug-iphonesimulator/PackageFrameworks"
2026-04-22T16:43:24.6092420Z ignoring duplicate directory "/Users/runner/work/tcm-storage-ios/tcm-storage-ios/build/Build/Products/Debug-iphonesimulator/PackageFrameworks"
2026-04-22T16:43:24.6192950Z ignoring duplicate directory "/Users/runner/work/tcm-storage-ios/tcm-storage-ios/build/Build/Products/Debug-iphonesimulator/PackageFrameworks"
2026-04-22T16:43:24.6293350Z ignoring duplicate directory "/Users/runner/work/tcm-storage-ios/tcm-storage-ios/build/Build/Products/Debug-iphonesimulator/PackageFrameworks"
2026-04-22T16:43:24.6395000Z ignoring duplicate directory "/Users/runner/work/tcm-storage-ios/tcm-storage-ios/build/Build/Products/Debug-iphonesimulator/PackageFrameworks"
2026-04-22T16:43:24.6496100Z ignoring duplicate directory "/Users/runner/work/tcm-storage-ios/tcm-storage-ios/build/Build/Products/Debug-iphonesimulator/PackageFrameworks"
2026-04-22T16:43:24.6598320Z ignoring duplicate directory "/Users/runner/work/tcm-storage-ios/tcm-storage-ios/build/Build/Products/Debug-iphonesimulator/PackageFrameworks"
2026-04-22T16:43:24.6700820Z ignoring duplicate directory "/Users/runner/work/tcm-storage-ios/tcm-storage-ios/build/Build/Products/Debug-iphonesimulator/PackageFrameworks"
2026-04-22T16:43:24.6814590Z ignoring duplicate directory "/Users/runner/work/tcm-storage-ios/tcm-storage-ios/build/Build/Products/Debug-iphonesimulator/PackageFrameworks"
2026-04-22T16:43:24.6917170Z ignoring duplicate directory "/Users/runner/work/tcm-storage-ios/tcm-storage-ios/build/Build/Products/Debug-iphonesimulator/PackageFrameworks"
2026-04-22T16:43:24.7018970Z ignoring duplicate directory "/Users/runner/work/tcm-storage-ios/tcm-storage-ios/build/Build/Products/Debug-iphonesimulator/PackageFrameworks"
2026-04-22T16:43:24.7120730Z ignoring duplicate directory "/Users/runner/work/tcm-storage-ios/tcm-storage-ios/build/Build/Products/Debug-iphonesimulator/PackageFrameworks"
2026-04-22T16:43:24.7223650Z ignoring duplicate directory "/Users/runner/work/tcm-storage-ios/tcm-storage-ios/build/Build/Products/Debug-iphonesimulator/PackageFrameworks"
2026-04-22T16:43:24.7331010Z ignoring duplicate directory "/Users/runner/work/tcm-storage-ios/tcm-storage-ios/build/Build/Products/Debug-iphonesimulator/PackageFrameworks"
2026-04-22T16:43:24.7469460Z ignoring duplicate directory "/Users/runner/work/tcm-storage-ios/tcm-storage-ios/build/Build/Products/Debug-iphonesimulator/PackageFrameworks"
2026-04-22T16:43:24.7577270Z ignoring duplicate directory "/Users/runner/work/tcm-storage-ios/tcm-storage-ios/build/Build/Products/Debug-iphonesimulator/PackageFrameworks"
2026-04-22T16:43:24.7678880Z ignoring duplicate directory "/Users/runner/work/tcm-storage-ios/tcm-storage-ios/build/Build/Products/Debug-iphonesimulator/PackageFrameworks"
2026-04-22T16:43:24.7787890Z ignoring duplicate directory "/Users/runner/work/tcm-storage-ios/tcm-storage-ios/build/Build/Products/Debug-iphonesimulator/PackageFrameworks"
2026-04-22T16:43:24.7893360Z ignoring duplicate directory "/Users/runner/work/tcm-storage-ios/tcm-storage-ios/build/Build/Products/Debug-iphonesimulator/PackageFrameworks"
2026-04-22T16:43:24.7994630Z #include "..." search starts here:
2026-04-22T16:43:24.8095740Z  /Users/runner/work/tcm-storage-ios/tcm-storage-ios/build/Build/Intermediates.noindex/Nextcloud.build/Debug-iphonesimulator/Widget.build/Widget-generated-files.hmap (headermap)
2026-04-22T16:43:24.8196400Z  /Users/runner/work/tcm-storage-ios/tcm-storage-ios/build/Build/Intermediates.noindex/Nextcloud.build/Debug-iphonesimulator/Widget.build/Widget-project-headers.hmap (headermap)
2026-04-22T16:43:24.8304710Z #include <...> search starts here:
2026-04-22T16:43:24.8406980Z  /Users/runner/work/tcm-storage-ios/tcm-storage-ios/build/Build/Intermediates.noindex/Nextcloud.build/Debug-iphonesimulator/Widget.build/Widget-own-target-headers.hmap (headermap)
2026-04-22T16:43:24.8431150Z  /Users/runner/work/tcm-storage-ios/tcm-storage-ios/build/Build/Intermediates.noindex/Nextcloud.build/Debug-iphonesimulator/Widget.build/Widget-all-non-framework-target-headers.hmap (headermap)
2026-04-22T16:43:24.8438050Z  /Users/runner/work/tcm-storage-ios/tcm-storage-ios/build/SourcePackages/checkouts/swift-atomics/Sources/_AtomicsShims/include
2026-04-22T16:43:24.8454820Z  /Users/runner/work/tcm-storage-ios/tcm-storage-ios/build/SourcePackages/checkouts/swift-nio/Sources/CNIOPosix/include
2026-04-22T16:43:24.8476610Z  /Users/runner/work/tcm-storage-ios/tcm-storage-ios/build/SourcePackages/checkouts/swift-nio/Sources/CNIOWASI/include
2026-04-22T16:43:24.8489490Z  /Users/runner/work/tcm-storage-ios/tcm-storage-ios/build/SourcePackages/checkouts/swift-nio/Sources/CNIOWindows/include
2026-04-22T16:43:24.8518480Z  /Users/runner/work/tcm-storage-ios/tcm-storage-ios/build/SourcePackages/checkouts/swift-nio/Sources/CNIOLinux/include
2026-04-22T16:43:24.8561150Z  /Users/runner/work/tcm-storage-ios/tcm-storage-ios/build/SourcePackages/checkouts/swift-nio/Sources/CNIODarwin/include
2026-04-22T16:43:24.8566550Z  /Users/runner/work/tcm-storage-ios/tcm-storage-ios/build/SourcePackages/checkouts/swift-nio/Sources/CNIOOpenBSD/include
2026-04-22T16:43:24.8668080Z  /Users/runner/work/tcm-storage-ios/tcm-storage-ios/build/SourcePackages/checkouts/swift-nio/Sources/CNIOAtomics/include
2026-04-22T16:43:24.8691480Z  /Users/runner/work/tcm-storage-ios/tcm-storage-ios/build/SourcePackages/checkouts/swift-nio-ssl/Sources/CNIOBoringSSLShims/include
2026-04-22T16:43:24.8695150Z  /Users/runner/work/tcm-storage-ios/tcm-storage-ios/build/SourcePackages/checkouts/swift-nio-ssl/Sources/CNIOBoringSSL/include
2026-04-22T16:43:24.8719960Z  /Users/runner/work/tcm-storage-ios/tcm-storage-ios/build/SourcePackages/checkouts/realm-core/src
2026-04-22T16:43:24.8753030Z  /Users/runner/work/tcm-storage-ios/tcm-storage-ios/build/SourcePackages/checkouts/realm-core/src/external/s2
2026-04-22T16:43:24.8758050Z  /Users/runner/work/tcm-storage-ios/tcm-storage-ios/build/SourcePackages/checkouts/realm-core/src/external/IntelRDFPMathLib20U2/LIBRARY/src
2026-04-22T16:43:24.8766720Z  /Users/runner/work/tcm-storage-ios/tcm-storage-ios/build/SourcePackages/checkouts/realm-core/src/spm
2026-04-22T16:43:24.8772590Z  /Users/runner/work/tcm-storage-ios/tcm-storage-ios/build/SourcePackages/checkouts/realm-swift/include
2026-04-22T16:43:24.8775050Z  /Users/runner/work/tcm-storage-ios/tcm-storage-ios/build/Build/Intermediates.noindex/Nextcloud.build/Debug-iphonesimulator/Widget.build/DerivedSources
2026-04-22T16:43:24.8778730Z  /Users/runner/work/tcm-storage-ios/tcm-storage-ios/build/Build/Products/Debug-iphonesimulator/PackageFrameworks (framework directory)
2026-04-22T16:43:24.8785420Z  /Users/runner/work/tcm-storage-ios/tcm-storage-ios/build/Build/Products/Debug-iphonesimulator (framework directory)
2026-04-22T16:43:24.8792210Z  /Applications/Xcode_26.2.app/Contents/Developer/Platforms/iPhoneSimulator.platform/Developer/Library/Frameworks (framework directory)
2026-04-22T16:43:24.8795680Z  /Applications/Xcode_26.2.app/Contents/Developer/Platforms/iPhoneSimulator.platform/Developer/SDKs/iPhoneSimulator26.2.sdk/Developer/Library/Frameworks (framework directory)
2026-04-22T16:43:24.8800400Z  /Applications/Xcode_26.2.app/Contents/Developer/Toolchains/XcodeDefault.xctoolchain/usr/lib/clang/17/include
2026-04-22T16:43:24.8803160Z  /Applications/Xcode_26.2.app/Contents/Developer/Platforms/iPhoneSimulator.platform/Developer/SDKs/iPhoneSimulator26.2.sdk/usr/include
2026-04-22T16:43:24.8812530Z  /Applications/Xcode_26.2.app/Contents/Developer/Toolchains/XcodeDefault.xctoolchain/usr/include
2026-04-22T16:43:24.8816360Z  /Applications/Xcode_26.2.app/Contents/Developer/Platforms/iPhoneSimulator.platform/Developer/SDKs/iPhoneSimulator26.2.sdk/System/Library/Frameworks (framework directory)
2026-04-22T16:43:24.8820870Z  /Applications/Xcode_26.2.app/Contents/Developer/Platforms/iPhoneSimulator.platform/Developer/SDKs/iPhoneSimulator26.2.sdk/System/Library/SubFrameworks (framework directory)
2026-04-22T16:43:24.8826430Z End of search list.
2026-04-22T16:43:24.8846810Z clang -cc1 version 17.0.0 (clang-1700.6.3.2) default target arm64-apple-darwin24.6.0
2026-04-22T16:43:24.8868540Z ignoring nonexistent directory "/Users/runner/work/tcm-storage-ios/tcm-storage-ios/build/Build/Products/Debug-iphonesimulator/include"
2026-04-22T16:43:24.8926580Z ignoring nonexistent directory "/Users/runner/work/tcm-storage-ios/tcm-storage-ios/build/Build/Intermediates.noindex/Nextcloud.build/Debug-iphonesimulator/Widget.build/DerivedSources-normal/arm64"
2026-04-22T16:43:24.8930590Z ignoring nonexistent directory "/Users/runner/work/tcm-storage-ios/tcm-storage-ios/build/Build/Intermediates.noindex/Nextcloud.build/Debug-iphonesimulator/Widget.build/DerivedSources/arm64"
2026-04-22T16:43:24.8936460Z ignoring nonexistent directory "/Applications/Xcode_26.2.app/Contents/Developer/Platforms/iPhoneSimulator.platform/Developer/SDKs/iPhoneSimulator26.2.sdk/usr/local/include"
2026-04-22T16:43:24.8941120Z ignoring nonexistent directory "/Applications/Xcode_26.2.app/Contents/Developer/Platforms/iPhoneSimulator.platform/Developer/SDKs/iPhoneSimulator26.2.sdk/Library/Frameworks"
2026-04-22T16:43:24.8944770Z ignoring duplicate directory "/Users/runner/work/tcm-storage-ios/tcm-storage-ios/build/Build/Products/Debug-iphonesimulator/PackageFrameworks"
2026-04-22T16:43:24.8949850Z ignoring duplicate directory "/Users/runner/work/tcm-storage-ios/tcm-storage-ios/build/Build/Products/Debug-iphonesimulator/PackageFrameworks"
2026-04-22T16:43:24.8954460Z ignoring duplicate directory "/Users/runner/work/tcm-storage-ios/tcm-storage-ios/build/Build/Products/Debug-iphonesimulator/PackageFrameworks"
2026-04-22T16:43:24.8957150Z ignoring duplicate directory "/Users/runner/work/tcm-storage-ios/tcm-storage-ios/build/Build/Products/Debug-iphonesimulator/PackageFrameworks"
2026-04-22T16:43:24.8978600Z ignoring duplicate directory "/Users/runner/work/tcm-storage-ios/tcm-storage-ios/build/Build/Products/Debug-iphonesimulator/PackageFrameworks"
2026-04-22T16:43:24.8988060Z ignoring duplicate directory "/Users/runner/work/tcm-storage-ios/tcm-storage-ios/build/Build/Products/Debug-iphonesimulator/PackageFrameworks"
2026-04-22T16:43:24.9007860Z ignoring duplicate directory "/Users/runner/work/tcm-storage-ios/tcm-storage-ios/build/Build/Products/Debug-iphonesimulator/PackageFrameworks"
2026-04-22T16:43:24.9019410Z ignoring duplicate directory "/Users/runner/work/tcm-storage-ios/tcm-storage-ios/build/Build/Products/Debug-iphonesimulator/PackageFrameworks"
2026-04-22T16:43:24.9023830Z ignoring duplicate directory "/Users/runner/work/tcm-storage-ios/tcm-storage-ios/build/Build/Products/Debug-iphonesimulator/PackageFrameworks"
2026-04-22T16:43:24.9031400Z ignoring duplicate directory "/Users/runner/work/tcm-storage-ios/tcm-storage-ios/build/Build/Products/Debug-iphonesimulator/PackageFrameworks"
2026-04-22T16:43:24.9040530Z ignoring duplicate directory "/Users/runner/work/tcm-storage-ios/tcm-storage-ios/build/Build/Products/Debug-iphonesimulator/PackageFrameworks"
2026-04-22T16:43:24.9049720Z ignoring duplicate directory "/Users/runner/work/tcm-storage-ios/tcm-storage-ios/build/Build/Products/Debug-iphonesimulator/PackageFrameworks"
2026-04-22T16:43:24.9054880Z ignoring duplicate directory "/Users/runner/work/tcm-storage-ios/tcm-storage-ios/build/Build/Products/Debug-iphonesimulator/PackageFrameworks"
2026-04-22T16:43:24.9062550Z ignoring duplicate directory "/Users/runner/work/tcm-storage-ios/tcm-storage-ios/build/Build/Products/Debug-iphonesimulator/PackageFrameworks"
2026-04-22T16:43:24.9078390Z ignoring duplicate directory "/Users/runner/work/tcm-storage-ios/tcm-storage-ios/build/Build/Products/Debug-iphonesimulator/PackageFrameworks"
2026-04-22T16:43:24.9083450Z ignoring duplicate directory "/Users/runner/work/tcm-storage-ios/tcm-storage-ios/build/Build/Products/Debug-iphonesimulator/PackageFrameworks"
2026-04-22T16:43:24.9122340Z ignoring duplicate directory "/Users/runner/work/tcm-storage-ios/tcm-storage-ios/build/Build/Products/Debug-iphonesimulator/PackageFrameworks"
2026-04-22T16:43:24.9134410Z ignoring duplicate directory "/Users/runner/work/tcm-storage-ios/tcm-storage-ios/build/Build/Products/Debug-iphonesimulator/PackageFrameworks"
2026-04-22T16:43:24.9157990Z ignoring duplicate directory "/Users/runner/work/tcm-storage-ios/tcm-storage-ios/build/Build/Products/Debug-iphonesimulator/PackageFrameworks"
2026-04-22T16:43:24.9182210Z ignoring duplicate directory "/Users/runner/work/tcm-storage-ios/tcm-storage-ios/build/Build/Products/Debug-iphonesimulator/PackageFrameworks"
2026-04-22T16:43:24.9206900Z ignoring duplicate directory "/Users/runner/work/tcm-storage-ios/tcm-storage-ios/build/Build/Products/Debug-iphonesimulator/PackageFrameworks"
2026-04-22T16:43:24.9243560Z ignoring duplicate directory "/Users/runner/work/tcm-storage-ios/tcm-storage-ios/build/Build/Products/Debug-iphonesimulator/PackageFrameworks"
2026-04-22T16:43:24.9273820Z ignoring duplicate directory "/Users/runner/work/tcm-storage-ios/tcm-storage-ios/build/Build/Products/Debug-iphonesimulator/PackageFrameworks"
2026-04-22T16:43:24.9276890Z ignoring duplicate directory "/Users/runner/work/tcm-storage-ios/tcm-storage-ios/build/Build/Products/Debug-iphonesimulator/PackageFrameworks"
2026-04-22T16:43:24.9279180Z ignoring duplicate directory "/Users/runner/work/tcm-storage-ios/tcm-storage-ios/build/Build/Products/Debug-iphonesimulator/PackageFrameworks"
2026-04-22T16:43:24.9281720Z ignoring duplicate directory "/Users/runner/work/tcm-storage-ios/tcm-storage-ios/build/Build/Products/Debug-iphonesimulator/PackageFrameworks"
2026-04-22T16:43:24.9384590Z ignoring duplicate directory "/Users/runner/work/tcm-storage-ios/tcm-storage-ios/build/Build/Products/Debug-iphonesimulator/PackageFrameworks"
2026-04-22T16:43:24.9487110Z ignoring duplicate directory "/Users/runner/work/tcm-storage-ios/tcm-storage-ios/build/Build/Products/Debug-iphonesimulator/PackageFrameworks"
2026-04-22T16:43:24.9588580Z ignoring duplicate directory "/Users/runner/work/tcm-storage-ios/tcm-storage-ios/build/Build/Products/Debug-iphonesimulator/PackageFrameworks"
2026-04-22T16:43:24.9673370Z ignoring duplicate directory "/Users/runner/work/tcm-storage-ios/tcm-storage-ios/build/Build/Products/Debug-iphonesimulator/PackageFrameworks"
2026-04-22T16:43:24.9716280Z ignoring duplicate directory "/Users/runner/work/tcm-storage-ios/tcm-storage-ios/build/Build/Products/Debug-iphonesimulator/PackageFrameworks"
2026-04-22T16:43:24.9765460Z ignoring duplicate directory "/Users/runner/work/tcm-storage-ios/tcm-storage-ios/build/Build/Products/Debug-iphonesimulator/PackageFrameworks"
2026-04-22T16:43:24.9787850Z ignoring duplicate directory "/Users/runner/work/tcm-storage-ios/tcm-storage-ios/build/Build/Products/Debug-iphonesimulator/PackageFrameworks"
2026-04-22T16:43:24.9801470Z ignoring duplicate directory "/Users/runner/work/tcm-storage-ios/tcm-storage-ios/build/Build/Products/Debug-iphonesimulator/PackageFrameworks"
2026-04-22T16:43:24.9803690Z #include "..." search starts here:
2026-04-22T16:43:24.9806450Z  /Users/runner/work/tcm-storage-ios/tcm-storage-ios/build/Build/Intermediates.noindex/Nextcloud.build/Debug-iphonesimulator/Widget.build/Widget-generated-files.hmap (headermap)
2026-04-22T16:43:24.9808940Z  /Users/runner/work/tcm-storage-ios/tcm-storage-ios/build/Build/Intermediates.noindex/Nextcloud.build/Debug-iphonesimulator/Widget.build/Widget-project-headers.hmap (headermap)
2026-04-22T16:43:24.9811400Z #include <...> search starts here:
2026-04-22T16:43:24.9813090Z  /Users/runner/work/tcm-storage-ios/tcm-storage-ios/build/Build/Intermediates.noindex/Nextcloud.build/Debug-iphonesimulator/Widget.build/Widget-own-target-headers.hmap (headermap)
2026-04-22T16:43:24.9815310Z  /Users/runner/work/tcm-storage-ios/tcm-storage-ios/build/Build/Intermediates.noindex/Nextcloud.build/Debug-iphonesimulator/Widget.build/Widget-all-non-framework-target-headers.hmap (headermap)
2026-04-22T16:43:24.9817940Z  /Users/runner/work/tcm-storage-ios/tcm-storage-ios/build/SourcePackages/checkouts/swift-atomics/Sources/_AtomicsShims/include
2026-04-22T16:43:24.9820770Z  /Users/runner/work/tcm-storage-ios/tcm-storage-ios/build/SourcePackages/checkouts/swift-nio/Sources/CNIOPosix/include
2026-04-22T16:43:24.9827670Z  /Users/runner/work/tcm-storage-ios/tcm-storage-ios/build/SourcePackages/checkouts/swift-nio/Sources/CNIOWASI/include
2026-04-22T16:43:24.9829530Z  /Users/runner/work/tcm-storage-ios/tcm-storage-ios/build/SourcePackages/checkouts/swift-nio/Sources/CNIOWindows/include
2026-04-22T16:43:24.9831550Z  /Users/runner/work/tcm-storage-ios/tcm-storage-ios/build/SourcePackages/checkouts/swift-nio/Sources/CNIOLinux/include
2026-04-22T16:43:24.9833290Z  /Users/runner/work/tcm-storage-ios/tcm-storage-ios/build/SourcePackages/checkouts/swift-nio/Sources/CNIODarwin/include
2026-04-22T16:43:24.9835130Z  /Users/runner/work/tcm-storage-ios/tcm-storage-ios/build/SourcePackages/checkouts/swift-nio/Sources/CNIOOpenBSD/include
2026-04-22T16:43:24.9837300Z  /Users/runner/work/tcm-storage-ios/tcm-storage-ios/build/SourcePackages/checkouts/swift-nio/Sources/CNIOAtomics/include
2026-04-22T16:43:24.9839250Z  /Users/runner/work/tcm-storage-ios/tcm-storage-ios/build/SourcePackages/checkouts/swift-nio-ssl/Sources/CNIOBoringSSLShims/include
2026-04-22T16:43:24.9841130Z  /Users/runner/work/tcm-storage-ios/tcm-storage-ios/build/SourcePackages/checkouts/swift-nio-ssl/Sources/CNIOBoringSSL/include
2026-04-22T16:43:24.9843130Z  /Users/runner/work/tcm-storage-ios/tcm-storage-ios/build/SourcePackages/checkouts/realm-core/src
2026-04-22T16:43:24.9845130Z  /Users/runner/work/tcm-storage-ios/tcm-storage-ios/build/SourcePackages/checkouts/realm-core/src/external/s2
2026-04-22T16:43:24.9847400Z  /Users/runner/work/tcm-storage-ios/tcm-storage-ios/build/SourcePackages/checkouts/realm-core/src/external/IntelRDFPMathLib20U2/LIBRARY/src
2026-04-22T16:43:24.9850370Z  /Users/runner/work/tcm-storage-ios/tcm-storage-ios/build/SourcePackages/checkouts/realm-core/src/spm
2026-04-22T16:43:24.9951580Z  /Users/runner/work/tcm-storage-ios/tcm-storage-ios/build/SourcePackages/checkouts/realm-swift/include
2026-04-22T16:43:25.0052960Z  /Users/runner/work/tcm-storage-ios/tcm-storage-ios/build/Build/Intermediates.noindex/Nextcloud.build/Debug-iphonesimulator/Widget.build/DerivedSources
2026-04-22T16:43:25.0154410Z  /Users/runner/work/tcm-storage-ios/tcm-storage-ios/build/Build/Products/Debug-iphonesimulator/PackageFrameworks (framework directory)
2026-04-22T16:43:25.0182540Z  /Users/runner/work/tcm-storage-ios/tcm-storage-ios/build/Build/Products/Debug-iphonesimulator (framework directory)
2026-04-22T16:43:25.0233000Z  /Applications/Xcode_26.2.app/Contents/Developer/Platforms/iPhoneSimulator.platform/Developer/Library/Frameworks (framework directory)
2026-04-22T16:43:25.0253170Z  /Applications/Xcode_26.2.app/Contents/Developer/Platforms/iPhoneSimulator.platform/Developer/SDKs/iPhoneSimulator26.2.sdk/Developer/Library/Frameworks (framework directory)
2026-04-22T16:43:25.0265590Z  /Applications/Xcode_26.2.app/Contents/Developer/Toolchains/XcodeDefault.xctoolchain/usr/lib/clang/17/include
2026-04-22T16:43:25.0269690Z  /Applications/Xcode_26.2.app/Contents/Developer/Platforms/iPhoneSimulator.platform/Developer/SDKs/iPhoneSimulator26.2.sdk/usr/include
2026-04-22T16:43:25.0294490Z  /Applications/Xcode_26.2.app/Contents/Developer/Toolchains/XcodeDefault.xctoolchain/usr/include
2026-04-22T16:43:25.0300890Z  /Applications/Xcode_26.2.app/Contents/Developer/Platforms/iPhoneSimulator.platform/Developer/SDKs/iPhoneSimulator26.2.sdk/System/Library/Frameworks (framework directory)
2026-04-22T16:43:25.0314010Z  /Applications/Xcode_26.2.app/Contents/Developer/Platforms/iPhoneSimulator.platform/Developer/SDKs/iPhoneSimulator26.2.sdk/System/Library/SubFrameworks (framework directory)
2026-04-22T16:43:25.0316320Z End of search list.
2026-04-22T16:43:25.0317990Z clang -cc1 version 17.0.0 (clang-1700.6.3.2) default target arm64-apple-darwin24.6.0
2026-04-22T16:43:25.0420060Z ignoring nonexistent directory "/Users/runner/work/tcm-storage-ios/tcm-storage-ios/build/Build/Products/Debug-iphonesimulator/include"
2026-04-22T16:43:25.0523150Z ignoring nonexistent directory "/Users/runner/work/tcm-storage-ios/tcm-storage-ios/build/Build/Intermediates.noindex/Nextcloud.build/Debug-iphonesimulator/Widget.build/DerivedSources-normal/arm64"
2026-04-22T16:43:25.0626420Z ignoring nonexistent directory "/Users/runner/work/tcm-storage-ios/tcm-storage-ios/build/Build/Intermediates.noindex/Nextcloud.build/Debug-iphonesimulator/Widget.build/DerivedSources/arm64"
2026-04-22T16:43:25.0728110Z ignoring nonexistent directory "/Applications/Xcode_26.2.app/Contents/Developer/Platforms/iPhoneSimulator.platform/Developer/SDKs/iPhoneSimulator26.2.sdk/usr/local/include"
2026-04-22T16:43:25.0830130Z ignoring nonexistent directory "/Applications/Xcode_26.2.app/Contents/Developer/Platforms/iPhoneSimulator.platform/Developer/SDKs/iPhoneSimulator26.2.sdk/Library/Frameworks"
2026-04-22T16:43:25.0931710Z ignoring duplicate directory "/Users/runner/work/tcm-storage-ios/tcm-storage-ios/build/Build/Products/Debug-iphonesimulator/PackageFrameworks"
2026-04-22T16:43:25.1033580Z ignoring duplicate directory "/Users/runner/work/tcm-storage-ios/tcm-storage-ios/build/Build/Products/Debug-iphonesimulator/PackageFrameworks"
2026-04-22T16:43:25.1134120Z ignoring duplicate directory "/Users/runner/work/tcm-storage-ios/tcm-storage-ios/build/Build/Products/Debug-iphonesimulator/PackageFrameworks"
2026-04-22T16:43:25.1235650Z ignoring duplicate directory "/Users/runner/work/tcm-storage-ios/tcm-storage-ios/build/Build/Products/Debug-iphonesimulator/PackageFrameworks"
2026-04-22T16:43:25.1337540Z ignoring duplicate directory "/Users/runner/work/tcm-storage-ios/tcm-storage-ios/build/Build/Products/Debug-iphonesimulator/PackageFrameworks"
2026-04-22T16:43:25.1439390Z ignoring duplicate directory "/Users/runner/work/tcm-storage-ios/tcm-storage-ios/build/Build/Products/Debug-iphonesimulator/PackageFrameworks"
2026-04-22T16:43:25.1540980Z ignoring duplicate directory "/Users/runner/work/tcm-storage-ios/tcm-storage-ios/build/Build/Products/Debug-iphonesimulator/PackageFrameworks"
2026-04-22T16:43:25.1642420Z ignoring duplicate directory "/Users/runner/work/tcm-storage-ios/tcm-storage-ios/build/Build/Products/Debug-iphonesimulator/PackageFrameworks"
2026-04-22T16:43:25.1743930Z ignoring duplicate directory "/Users/runner/work/tcm-storage-ios/tcm-storage-ios/build/Build/Products/Debug-iphonesimulator/PackageFrameworks"
2026-04-22T16:43:25.1845040Z ignoring duplicate directory "/Users/runner/work/tcm-storage-ios/tcm-storage-ios/build/Build/Products/Debug-iphonesimulator/PackageFrameworks"
2026-04-22T16:43:25.1945980Z ignoring duplicate directory "/Users/runner/work/tcm-storage-ios/tcm-storage-ios/build/Build/Products/Debug-iphonesimulator/PackageFrameworks"
2026-04-22T16:43:25.2064180Z ignoring duplicate directory "/Users/runner/work/tcm-storage-ios/tcm-storage-ios/build/Build/Products/Debug-iphonesimulator/PackageFrameworks"
2026-04-22T16:43:25.2165710Z ignoring duplicate directory "/Users/runner/work/tcm-storage-ios/tcm-storage-ios/build/Build/Products/Debug-iphonesimulator/PackageFrameworks"
2026-04-22T16:43:25.2265990Z ignoring duplicate directory "/Users/runner/work/tcm-storage-ios/tcm-storage-ios/build/Build/Products/Debug-iphonesimulator/PackageFrameworks"
2026-04-22T16:43:25.2367570Z ignoring duplicate directory "/Users/runner/work/tcm-storage-ios/tcm-storage-ios/build/Build/Products/Debug-iphonesimulator/PackageFrameworks"
2026-04-22T16:43:25.2469070Z ignoring duplicate directory "/Users/runner/work/tcm-storage-ios/tcm-storage-ios/build/Build/Products/Debug-iphonesimulator/PackageFrameworks"
2026-04-22T16:43:25.2570830Z ignoring duplicate directory "/Users/runner/work/tcm-storage-ios/tcm-storage-ios/build/Build/Products/Debug-iphonesimulator/PackageFrameworks"
2026-04-22T16:43:25.2672350Z ignoring duplicate directory "/Users/runner/work/tcm-storage-ios/tcm-storage-ios/build/Build/Products/Debug-iphonesimulator/PackageFrameworks"
2026-04-22T16:43:25.2773820Z ignoring duplicate directory "/Users/runner/work/tcm-storage-ios/tcm-storage-ios/build/Build/Products/Debug-iphonesimulator/PackageFrameworks"
2026-04-22T16:43:25.2875390Z ignoring duplicate directory "/Users/runner/work/tcm-storage-ios/tcm-storage-ios/build/Build/Products/Debug-iphonesimulator/PackageFrameworks"
2026-04-22T16:43:25.2976930Z ignoring duplicate directory "/Users/runner/work/tcm-storage-ios/tcm-storage-ios/build/Build/Products/Debug-iphonesimulator/PackageFrameworks"
2026-04-22T16:43:25.3078500Z ignoring duplicate directory "/Users/runner/work/tcm-storage-ios/tcm-storage-ios/build/Build/Products/Debug-iphonesimulator/PackageFrameworks"
2026-04-22T16:43:25.3180100Z ignoring duplicate directory "/Users/runner/work/tcm-storage-ios/tcm-storage-ios/build/Build/Products/Debug-iphonesimulator/PackageFrameworks"
2026-04-22T16:43:25.3280280Z ignoring duplicate directory "/Users/runner/work/tcm-storage-ios/tcm-storage-ios/build/Build/Products/Debug-iphonesimulator/PackageFrameworks"
2026-04-22T16:43:25.3382110Z ignoring duplicate directory "/Users/runner/work/tcm-storage-ios/tcm-storage-ios/build/Build/Products/Debug-iphonesimulator/PackageFrameworks"
2026-04-22T16:43:25.3483770Z ignoring duplicate directory "/Users/runner/work/tcm-storage-ios/tcm-storage-ios/build/Build/Products/Debug-iphonesimulator/PackageFrameworks"
2026-04-22T16:43:25.3584240Z ignoring duplicate directory "/Users/runner/work/tcm-storage-ios/tcm-storage-ios/build/Build/Products/Debug-iphonesimulator/PackageFrameworks"
2026-04-22T16:43:25.3685700Z ignoring duplicate directory "/Users/runner/work/tcm-storage-ios/tcm-storage-ios/build/Build/Products/Debug-iphonesimulator/PackageFrameworks"
2026-04-22T16:43:25.3786070Z ignoring duplicate directory "/Users/runner/work/tcm-storage-ios/tcm-storage-ios/build/Build/Products/Debug-iphonesimulator/PackageFrameworks"
2026-04-22T16:43:25.3887750Z ignoring duplicate directory "/Users/runner/work/tcm-storage-ios/tcm-storage-ios/build/Build/Products/Debug-iphonesimulator/PackageFrameworks"
2026-04-22T16:43:25.3989270Z ignoring duplicate directory "/Users/runner/work/tcm-storage-ios/tcm-storage-ios/build/Build/Products/Debug-iphonesimulator/PackageFrameworks"
2026-04-22T16:43:25.4090860Z ignoring duplicate directory "/Users/runner/work/tcm-storage-ios/tcm-storage-ios/build/Build/Products/Debug-iphonesimulator/PackageFrameworks"
2026-04-22T16:43:25.4192300Z ignoring duplicate directory "/Users/runner/work/tcm-storage-ios/tcm-storage-ios/build/Build/Products/Debug-iphonesimulator/PackageFrameworks"
2026-04-22T16:43:25.4293060Z ignoring duplicate directory "/Users/runner/work/tcm-storage-ios/tcm-storage-ios/build/Build/Products/Debug-iphonesimulator/PackageFrameworks"
2026-04-22T16:43:25.4394500Z #include "..." search starts here:
2026-04-22T16:43:25.4496220Z  /Users/runner/work/tcm-storage-ios/tcm-storage-ios/build/Build/Intermediates.noindex/Nextcloud.build/Debug-iphonesimulator/Widget.build/Widget-generated-files.hmap (headermap)
2026-04-22T16:43:25.4597910Z  /Users/runner/work/tcm-storage-ios/tcm-storage-ios/build/Build/Intermediates.noindex/Nextcloud.build/Debug-iphonesimulator/Widget.build/Widget-project-headers.hmap (headermap)
2026-04-22T16:43:25.4697880Z #include <...> search starts here:
2026-04-22T16:43:25.4799340Z  /Users/runner/work/tcm-storage-ios/tcm-storage-ios/build/Build/Intermediates.noindex/Nextcloud.build/Debug-iphonesimulator/Widget.build/Widget-own-target-headers.hmap (headermap)
2026-04-22T16:43:25.4901430Z  /Users/runner/work/tcm-storage-ios/tcm-storage-ios/build/Build/Intermediates.noindex/Nextcloud.build/Debug-iphonesimulator/Widget.build/Widget-all-non-framework-target-headers.hmap (headermap)
2026-04-22T16:43:25.5003240Z  /Users/runner/work/tcm-storage-ios/tcm-storage-ios/build/SourcePackages/checkouts/swift-atomics/Sources/_AtomicsShims/include
2026-04-22T16:43:25.5105770Z  /Users/runner/work/tcm-storage-ios/tcm-storage-ios/build/SourcePackages/checkouts/swift-nio/Sources/CNIOPosix/include
2026-04-22T16:43:25.5206450Z  /Users/runner/work/tcm-storage-ios/tcm-storage-ios/build/SourcePackages/checkouts/swift-nio/Sources/CNIOWASI/include
2026-04-22T16:43:25.5307990Z  /Users/runner/work/tcm-storage-ios/tcm-storage-ios/build/SourcePackages/checkouts/swift-nio/Sources/CNIOWindows/include
2026-04-22T16:43:25.5409590Z  /Users/runner/work/tcm-storage-ios/tcm-storage-ios/build/SourcePackages/checkouts/swift-nio/Sources/CNIOLinux/include
2026-04-22T16:43:25.5511330Z  /Users/runner/work/tcm-storage-ios/tcm-storage-ios/build/SourcePackages/checkouts/swift-nio/Sources/CNIODarwin/include
2026-04-22T16:43:25.5612830Z  /Users/runner/work/tcm-storage-ios/tcm-storage-ios/build/SourcePackages/checkouts/swift-nio/Sources/CNIOOpenBSD/include
2026-04-22T16:43:25.5714350Z  /Users/runner/work/tcm-storage-ios/tcm-storage-ios/build/SourcePackages/checkouts/swift-nio/Sources/CNIOAtomics/include
2026-04-22T16:43:25.5814810Z  /Users/runner/work/tcm-storage-ios/tcm-storage-ios/build/SourcePackages/checkouts/swift-nio-ssl/Sources/CNIOBoringSSLShims/include
2026-04-22T16:43:25.5916670Z  /Users/runner/work/tcm-storage-ios/tcm-storage-ios/build/SourcePackages/checkouts/swift-nio-ssl/Sources/CNIOBoringSSL/include
2026-04-22T16:43:25.5959820Z  /Users/runner/work/tcm-storage-ios/tcm-storage-ios/build/SourcePackages/checkouts/realm-core/src
2026-04-22T16:43:25.6015180Z  /Users/runner/work/tcm-storage-ios/tcm-storage-ios/build/SourcePackages/checkouts/realm-core/src/external/s2
2026-04-22T16:43:25.6116860Z  /Users/runner/work/tcm-storage-ios/tcm-storage-ios/build/SourcePackages/checkouts/realm-core/src/external/IntelRDFPMathLib20U2/LIBRARY/src
2026-04-22T16:43:25.6218690Z  /Users/runner/work/tcm-storage-ios/tcm-storage-ios/build/SourcePackages/checkouts/realm-core/src/spm
2026-04-22T16:43:25.6320160Z  /Users/runner/work/tcm-storage-ios/tcm-storage-ios/build/SourcePackages/checkouts/realm-swift/include
2026-04-22T16:43:25.6422600Z  /Users/runner/work/tcm-storage-ios/tcm-storage-ios/build/Build/Intermediates.noindex/Nextcloud.build/Debug-iphonesimulator/Widget.build/DerivedSources
2026-04-22T16:43:25.6522110Z  /Users/runner/work/tcm-storage-ios/tcm-storage-ios/build/Build/Products/Debug-iphonesimulator/PackageFrameworks (framework directory)
2026-04-22T16:43:25.6625290Z  /Users/runner/work/tcm-storage-ios/tcm-storage-ios/build/Build/Products/Debug-iphonesimulator (framework directory)
2026-04-22T16:43:25.6726760Z  /Applications/Xcode_26.2.app/Contents/Developer/Platforms/iPhoneSimulator.platform/Developer/Library/Frameworks (framework directory)
2026-04-22T16:43:25.6828820Z  /Applications/Xcode_26.2.app/Contents/Developer/Platforms/iPhoneSimulator.platform/Developer/SDKs/iPhoneSimulator26.2.sdk/Developer/Library/Frameworks (framework directory)
2026-04-22T16:43:25.6864510Z  /Applications/Xcode_26.2.app/Contents/Developer/Toolchains/XcodeDefault.xctoolchain/usr/lib/clang/17/include
2026-04-22T16:43:25.6966290Z  /Applications/Xcode_26.2.app/Contents/Developer/Platforms/iPhoneSimulator.platform/Developer/SDKs/iPhoneSimulator26.2.sdk/usr/include
2026-04-22T16:43:25.7067690Z  /Applications/Xcode_26.2.app/Contents/Developer/Toolchains/XcodeDefault.xctoolchain/usr/include
2026-04-22T16:43:25.7169150Z  /Applications/Xcode_26.2.app/Contents/Developer/Platforms/iPhoneSimulator.platform/Developer/SDKs/iPhoneSimulator26.2.sdk/System/Library/Frameworks (framework directory)
2026-04-22T16:43:25.7272030Z  /Applications/Xcode_26.2.app/Contents/Developer/Platforms/iPhoneSimulator.platform/Developer/SDKs/iPhoneSimulator26.2.sdk/System/Library/SubFrameworks (framework directory)
2026-04-22T16:43:25.7373440Z End of search list.
2026-04-22T16:43:25.7474520Z clang -cc1 version 17.0.0 (clang-1700.6.3.2) default target arm64-apple-darwin24.6.0
2026-04-22T16:43:25.7576600Z ignoring nonexistent directory "/Users/runner/work/tcm-storage-ios/tcm-storage-ios/build/Build/Products/Debug-iphonesimulator/include"
2026-04-22T16:43:25.7678490Z ignoring nonexistent directory "/Users/runner/work/tcm-storage-ios/tcm-storage-ios/build/Build/Intermediates.noindex/Nextcloud.build/Debug-iphonesimulator/Widget.build/DerivedSources-normal/arm64"
2026-04-22T16:43:25.7780420Z ignoring nonexistent directory "/Users/runner/work/tcm-storage-ios/tcm-storage-ios/build/Build/Intermediates.noindex/Nextcloud.build/Debug-iphonesimulator/Widget.build/DerivedSources/arm64"
2026-04-22T16:43:25.7882200Z ignoring nonexistent directory "/Applications/Xcode_26.2.app/Contents/Developer/Platforms/iPhoneSimulator.platform/Developer/SDKs/iPhoneSimulator26.2.sdk/usr/local/include"
2026-04-22T16:43:25.8018220Z ignoring nonexistent directory "/Applications/Xcode_26.2.app/Contents/Developer/Platforms/iPhoneSimulator.platform/Developer/SDKs/iPhoneSimulator26.2.sdk/Library/Frameworks"
2026-04-22T16:43:25.8122060Z ignoring duplicate directory "/Users/runner/work/tcm-storage-ios/tcm-storage-ios/build/Build/Products/Debug-iphonesimulator/PackageFrameworks"
2026-04-22T16:43:25.8223850Z ignoring duplicate directory "/Users/runner/work/tcm-storage-ios/tcm-storage-ios/build/Build/Products/Debug-iphonesimulator/PackageFrameworks"
2026-04-22T16:43:25.8327020Z ignoring duplicate directory "/Users/runner/work/tcm-storage-ios/tcm-storage-ios/build/Build/Products/Debug-iphonesimulator/PackageFrameworks"
2026-04-22T16:43:25.8430760Z ignoring duplicate directory "/Users/runner/work/tcm-storage-ios/tcm-storage-ios/build/Build/Products/Debug-iphonesimulator/PackageFrameworks"
2026-04-22T16:43:25.8533400Z ignoring duplicate directory "/Users/runner/work/tcm-storage-ios/tcm-storage-ios/build/Build/Products/Debug-iphonesimulator/PackageFrameworks"
2026-04-22T16:43:25.8637380Z ignoring duplicate directory "/Users/runner/work/tcm-storage-ios/tcm-storage-ios/build/Build/Products/Debug-iphonesimulator/PackageFrameworks"
2026-04-22T16:43:25.8740670Z ignoring duplicate directory "/Users/runner/work/tcm-storage-ios/tcm-storage-ios/build/Build/Products/Debug-iphonesimulator/PackageFrameworks"
2026-04-22T16:43:25.8843370Z ignoring duplicate directory "/Users/runner/work/tcm-storage-ios/tcm-storage-ios/build/Build/Products/Debug-iphonesimulator/PackageFrameworks"
2026-04-22T16:43:25.8946330Z ignoring duplicate directory "/Users/runner/work/tcm-storage-ios/tcm-storage-ios/build/Build/Products/Debug-iphonesimulator/PackageFrameworks"
2026-04-22T16:43:25.9048090Z ignoring duplicate directory "/Users/runner/work/tcm-storage-ios/tcm-storage-ios/build/Build/Products/Debug-iphonesimulator/PackageFrameworks"
2026-04-22T16:43:25.9149650Z ignoring duplicate directory "/Users/runner/work/tcm-storage-ios/tcm-storage-ios/build/Build/Products/Debug-iphonesimulator/PackageFrameworks"
2026-04-22T16:43:25.9250430Z ignoring duplicate directory "/Users/runner/work/tcm-storage-ios/tcm-storage-ios/build/Build/Products/Debug-iphonesimulator/PackageFrameworks"
2026-04-22T16:43:25.9352290Z ignoring duplicate directory "/Users/runner/work/tcm-storage-ios/tcm-storage-ios/build/Build/Products/Debug-iphonesimulator/PackageFrameworks"
2026-04-22T16:43:25.9454120Z ignoring duplicate directory "/Users/runner/work/tcm-storage-ios/tcm-storage-ios/build/Build/Products/Debug-iphonesimulator/PackageFrameworks"
2026-04-22T16:43:25.9555970Z ignoring duplicate directory "/Users/runner/work/tcm-storage-ios/tcm-storage-ios/build/Build/Products/Debug-iphonesimulator/PackageFrameworks"
2026-04-22T16:43:25.9657560Z ignoring duplicate directory "/Users/runner/work/tcm-storage-ios/tcm-storage-ios/build/Build/Products/Debug-iphonesimulator/PackageFrameworks"
2026-04-22T16:43:25.9759260Z ignoring duplicate directory "/Users/runner/work/tcm-storage-ios/tcm-storage-ios/build/Build/Products/Debug-iphonesimulator/PackageFrameworks"
2026-04-22T16:43:25.9861410Z ignoring duplicate directory "/Users/runner/work/tcm-storage-ios/tcm-storage-ios/build/Build/Products/Debug-iphonesimulator/PackageFrameworks"
2026-04-22T16:43:25.9963160Z ignoring duplicate directory "/Users/runner/work/tcm-storage-ios/tcm-storage-ios/build/Build/Products/Debug-iphonesimulator/PackageFrameworks"
2026-04-22T16:43:26.0064170Z ignoring duplicate directory "/Users/runner/work/tcm-storage-ios/tcm-storage-ios/build/Build/Products/Debug-iphonesimulator/PackageFrameworks"
2026-04-22T16:43:26.0172290Z ignoring duplicate directory "/Users/runner/work/tcm-storage-ios/tcm-storage-ios/build/Build/Products/Debug-iphonesimulator/PackageFrameworks"
2026-04-22T16:43:26.0274060Z ignoring duplicate directory "/Users/runner/work/tcm-storage-ios/tcm-storage-ios/build/Build/Products/Debug-iphonesimulator/PackageFrameworks"
2026-04-22T16:43:26.0378560Z ignoring duplicate directory "/Users/runner/work/tcm-storage-ios/tcm-storage-ios/build/Build/Products/Debug-iphonesimulator/PackageFrameworks"
2026-04-22T16:43:26.0484750Z ignoring duplicate directory "/Users/runner/work/tcm-storage-ios/tcm-storage-ios/build/Build/Products/Debug-iphonesimulator/PackageFrameworks"
2026-04-22T16:43:26.0586820Z ignoring duplicate directory "/Users/runner/work/tcm-storage-ios/tcm-storage-ios/build/Build/Products/Debug-iphonesimulator/PackageFrameworks"
2026-04-22T16:43:26.0688450Z ignoring duplicate directory "/Users/runner/work/tcm-storage-ios/tcm-storage-ios/build/Build/Products/Debug-iphonesimulator/PackageFrameworks"
2026-04-22T16:43:26.0799700Z ignoring duplicate directory "/Users/runner/work/tcm-storage-ios/tcm-storage-ios/build/Build/Products/Debug-iphonesimulator/PackageFrameworks"
2026-04-22T16:43:26.0901930Z ignoring duplicate directory "/Users/runner/work/tcm-storage-ios/tcm-storage-ios/build/Build/Products/Debug-iphonesimulator/PackageFrameworks"
2026-04-22T16:43:26.1006280Z ignoring duplicate directory "/Users/runner/work/tcm-storage-ios/tcm-storage-ios/build/Build/Products/Debug-iphonesimulator/PackageFrameworks"
2026-04-22T16:43:26.1110390Z ignoring duplicate directory "/Users/runner/work/tcm-storage-ios/tcm-storage-ios/build/Build/Products/Debug-iphonesimulator/PackageFrameworks"
2026-04-22T16:43:26.1212090Z ignoring duplicate directory "/Users/runner/work/tcm-storage-ios/tcm-storage-ios/build/Build/Products/Debug-iphonesimulator/PackageFrameworks"
2026-04-22T16:43:26.1317540Z ignoring duplicate directory "/Users/runner/work/tcm-storage-ios/tcm-storage-ios/build/Build/Products/Debug-iphonesimulator/PackageFrameworks"
2026-04-22T16:43:26.1448720Z ignoring duplicate directory "/Users/runner/work/tcm-storage-ios/tcm-storage-ios/build/Build/Products/Debug-iphonesimulator/PackageFrameworks"
2026-04-22T16:43:26.1563830Z ignoring duplicate directory "/Users/runner/work/tcm-storage-ios/tcm-storage-ios/build/Build/Products/Debug-iphonesimulator/PackageFrameworks"
2026-04-22T16:43:26.1665170Z #include "..." search starts here:
2026-04-22T16:43:26.1766570Z  /Users/runner/work/tcm-storage-ios/tcm-storage-ios/build/Build/Intermediates.noindex/Nextcloud.build/Debug-iphonesimulator/Widget.build/Widget-generated-files.hmap (headermap)
2026-04-22T16:43:26.1913930Z  /Users/runner/work/tcm-storage-ios/tcm-storage-ios/build/Build/Intermediates.noindex/Nextcloud.build/Debug-iphonesimulator/Widget.build/Widget-project-headers.hmap (headermap)
2026-04-22T16:43:26.2018900Z #include <...> search starts here:
2026-04-22T16:43:26.2167530Z  /Users/runner/work/tcm-storage-ios/tcm-storage-ios/build/Build/Intermediates.noindex/Nextcloud.build/Debug-iphonesimulator/Widget.build/Widget-own-target-headers.hmap (headermap)
2026-04-22T16:43:26.2280000Z  /Users/runner/work/tcm-storage-ios/tcm-storage-ios/build/Build/Intermediates.noindex/Nextcloud.build/Debug-iphonesimulator/Widget.build/Widget-all-non-framework-target-headers.hmap (headermap)
2026-04-22T16:43:26.2392450Z  /Users/runner/work/tcm-storage-ios/tcm-storage-ios/build/SourcePackages/checkouts/swift-atomics/Sources/_AtomicsShims/include
2026-04-22T16:43:26.2494220Z  /Users/runner/work/tcm-storage-ios/tcm-storage-ios/build/SourcePackages/checkouts/swift-nio/Sources/CNIOPosix/include
2026-04-22T16:43:26.2607360Z  /Users/runner/work/tcm-storage-ios/tcm-storage-ios/build/SourcePackages/checkouts/swift-nio/Sources/CNIOWASI/include
2026-04-22T16:43:26.2709410Z  /Users/runner/work/tcm-storage-ios/tcm-storage-ios/build/SourcePackages/checkouts/swift-nio/Sources/CNIOWindows/include
2026-04-22T16:43:26.2710220Z  /Users/runner/work/tcm-storage-ios/tcm-storage-ios/build/SourcePackages/checkouts/swift-nio/Sources/CNIOLinux/include
2026-04-22T16:43:26.2811700Z  /Users/runner/work/tcm-storage-ios/tcm-storage-ios/build/SourcePackages/checkouts/swift-nio/Sources/CNIODarwin/include
2026-04-22T16:43:26.2912940Z  /Users/runner/work/tcm-storage-ios/tcm-storage-ios/build/SourcePackages/checkouts/swift-nio/Sources/CNIOOpenBSD/include
2026-04-22T16:43:26.3015180Z  /Users/runner/work/tcm-storage-ios/tcm-storage-ios/build/SourcePackages/checkouts/swift-nio/Sources/CNIOAtomics/include
2026-04-22T16:43:26.3124170Z  /Users/runner/work/tcm-storage-ios/tcm-storage-ios/build/SourcePackages/checkouts/swift-nio-ssl/Sources/CNIOBoringSSLShims/include
2026-04-22T16:43:26.3232120Z  /Users/runner/work/tcm-storage-ios/tcm-storage-ios/build/SourcePackages/checkouts/swift-nio-ssl/Sources/CNIOBoringSSL/include
2026-04-22T16:43:26.3349340Z  /Users/runner/work/tcm-storage-ios/tcm-storage-ios/build/SourcePackages/checkouts/realm-core/src
2026-04-22T16:43:26.3450910Z  /Users/runner/work/tcm-storage-ios/tcm-storage-ios/build/SourcePackages/checkouts/realm-core/src/external/s2
2026-04-22T16:43:26.3552650Z  /Users/runner/work/tcm-storage-ios/tcm-storage-ios/build/SourcePackages/checkouts/realm-core/src/external/IntelRDFPMathLib20U2/LIBRARY/src
2026-04-22T16:43:26.3654110Z  /Users/runner/work/tcm-storage-ios/tcm-storage-ios/build/SourcePackages/checkouts/realm-core/src/spm
2026-04-22T16:43:26.3755450Z  /Users/runner/work/tcm-storage-ios/tcm-storage-ios/build/SourcePackages/checkouts/realm-swift/include
2026-04-22T16:43:26.3856960Z  /Users/runner/work/tcm-storage-ios/tcm-storage-ios/build/Build/Intermediates.noindex/Nextcloud.build/Debug-iphonesimulator/Widget.build/DerivedSources
2026-04-22T16:43:26.3966720Z  /Users/runner/work/tcm-storage-ios/tcm-storage-ios/build/Build/Products/Debug-iphonesimulator/PackageFrameworks (framework directory)
2026-04-22T16:43:26.4078660Z  /Users/runner/work/tcm-storage-ios/tcm-storage-ios/build/Build/Products/Debug-iphonesimulator (framework directory)
2026-04-22T16:43:26.4181650Z  /Applications/Xcode_26.2.app/Contents/Developer/Platforms/iPhoneSimulator.platform/Developer/Library/Frameworks (framework directory)
2026-04-22T16:43:26.4325390Z  /Applications/Xcode_26.2.app/Contents/Developer/Platforms/iPhoneSimulator.platform/Developer/SDKs/iPhoneSimulator26.2.sdk/Developer/Library/Frameworks (framework directory)
2026-04-22T16:43:26.4330540Z  /Applications/Xcode_26.2.app/Contents/Developer/Toolchains/XcodeDefault.xctoolchain/usr/lib/clang/17/include
2026-04-22T16:43:26.4465970Z  /Applications/Xcode_26.2.app/Contents/Developer/Platforms/iPhoneSimulator.platform/Developer/SDKs/iPhoneSimulator26.2.sdk/usr/include
2026-04-22T16:43:26.4566910Z  /Applications/Xcode_26.2.app/Contents/Developer/Toolchains/XcodeDefault.xctoolchain/usr/include
2026-04-22T16:43:26.4681320Z  /Applications/Xcode_26.2.app/Contents/Developer/Platforms/iPhoneSimulator.platform/Developer/SDKs/iPhoneSimulator26.2.sdk/System/Library/Frameworks (framework directory)
2026-04-22T16:43:26.4787710Z  /Applications/Xcode_26.2.app/Contents/Developer/Platforms/iPhoneSimulator.platform/Developer/SDKs/iPhoneSimulator26.2.sdk/System/Library/SubFrameworks (framework directory)
2026-04-22T16:43:26.4898470Z End of search list.
2026-04-22T16:43:26.4999430Z clang -cc1 version 17.0.0 (clang-1700.6.3.2) default target arm64-apple-darwin24.6.0
2026-04-22T16:43:26.5101650Z ignoring nonexistent directory "/Users/runner/work/tcm-storage-ios/tcm-storage-ios/build/Build/Products/Debug-iphonesimulator/include"
2026-04-22T16:43:26.5222330Z ignoring nonexistent directory "/Users/runner/work/tcm-storage-ios/tcm-storage-ios/build/Build/Intermediates.noindex/Nextcloud.build/Debug-iphonesimulator/Widget.build/DerivedSources-normal/arm64"
2026-04-22T16:43:26.5324800Z ignoring nonexistent directory "/Users/runner/work/tcm-storage-ios/tcm-storage-ios/build/Build/Intermediates.noindex/Nextcloud.build/Debug-iphonesimulator/Widget.build/DerivedSources/arm64"
2026-04-22T16:43:26.5429780Z ignoring nonexistent directory "/Applications/Xcode_26.2.app/Contents/Developer/Platforms/iPhoneSimulator.platform/Developer/SDKs/iPhoneSimulator26.2.sdk/usr/local/include"
2026-04-22T16:43:26.5552450Z ignoring nonexistent directory "/Applications/Xcode_26.2.app/Contents/Developer/Platforms/iPhoneSimulator.platform/Developer/SDKs/iPhoneSimulator26.2.sdk/Library/Frameworks"
2026-04-22T16:43:26.5659250Z ignoring duplicate directory "/Users/runner/work/tcm-storage-ios/tcm-storage-ios/build/Build/Products/Debug-iphonesimulator/PackageFrameworks"
2026-04-22T16:43:26.5774910Z ignoring duplicate directory "/Users/runner/work/tcm-storage-ios/tcm-storage-ios/build/Build/Products/Debug-iphonesimulator/PackageFrameworks"
2026-04-22T16:43:26.5876620Z ignoring duplicate directory "/Users/runner/work/tcm-storage-ios/tcm-storage-ios/build/Build/Products/Debug-iphonesimulator/PackageFrameworks"
2026-04-22T16:43:26.5982770Z ignoring duplicate directory "/Users/runner/work/tcm-storage-ios/tcm-storage-ios/build/Build/Products/Debug-iphonesimulator/PackageFrameworks"
2026-04-22T16:43:26.6098540Z ignoring duplicate directory "/Users/runner/work/tcm-storage-ios/tcm-storage-ios/build/Build/Products/Debug-iphonesimulator/PackageFrameworks"
2026-04-22T16:43:26.6245240Z ignoring duplicate directory "/Users/runner/work/tcm-storage-ios/tcm-storage-ios/build/Build/Products/Debug-iphonesimulator/PackageFrameworks"
2026-04-22T16:43:26.6369920Z ignoring duplicate directory "/Users/runner/work/tcm-storage-ios/tcm-storage-ios/build/Build/Products/Debug-iphonesimulator/PackageFrameworks"
2026-04-22T16:43:26.6471370Z ignoring duplicate directory "/Users/runner/work/tcm-storage-ios/tcm-storage-ios/build/Build/Products/Debug-iphonesimulator/PackageFrameworks"
2026-04-22T16:43:26.6581220Z ignoring duplicate directory "/Users/runner/work/tcm-storage-ios/tcm-storage-ios/build/Build/Products/Debug-iphonesimulator/PackageFrameworks"
2026-04-22T16:43:26.6708400Z ignoring duplicate directory "/Users/runner/work/tcm-storage-ios/tcm-storage-ios/build/Build/Products/Debug-iphonesimulator/PackageFrameworks"
2026-04-22T16:43:26.6841940Z ignoring duplicate directory "/Users/runner/work/tcm-storage-ios/tcm-storage-ios/build/Build/Products/Debug-iphonesimulator/PackageFrameworks"
2026-04-22T16:43:26.6945670Z ignoring duplicate directory "/Users/runner/work/tcm-storage-ios/tcm-storage-ios/build/Build/Products/Debug-iphonesimulator/PackageFrameworks"
2026-04-22T16:43:26.7048620Z ignoring duplicate directory "/Users/runner/work/tcm-storage-ios/tcm-storage-ios/build/Build/Products/Debug-iphonesimulator/PackageFrameworks"
2026-04-22T16:43:26.7178280Z ignoring duplicate directory "/Users/runner/work/tcm-storage-ios/tcm-storage-ios/build/Build/Products/Debug-iphonesimulator/PackageFrameworks"
2026-04-22T16:43:26.7283050Z ignoring duplicate directory "/Users/runner/work/tcm-storage-ios/tcm-storage-ios/build/Build/Products/Debug-iphonesimulator/PackageFrameworks"
2026-04-22T16:43:26.7386570Z ignoring duplicate directory "/Users/runner/work/tcm-storage-ios/tcm-storage-ios/build/Build/Products/Debug-iphonesimulator/PackageFrameworks"
2026-04-22T16:43:26.7488240Z ignoring duplicate directory "/Users/runner/work/tcm-storage-ios/tcm-storage-ios/build/Build/Products/Debug-iphonesimulator/PackageFrameworks"
2026-04-22T16:43:26.7591660Z ignoring duplicate directory "/Users/runner/work/tcm-storage-ios/tcm-storage-ios/build/Build/Products/Debug-iphonesimulator/PackageFrameworks"
2026-04-22T16:43:26.7695280Z ignoring duplicate directory "/Users/runner/work/tcm-storage-ios/tcm-storage-ios/build/Build/Products/Debug-iphonesimulator/PackageFrameworks"
2026-04-22T16:43:26.7796970Z ignoring duplicate directory "/Users/runner/work/tcm-storage-ios/tcm-storage-ios/build/Build/Products/Debug-iphonesimulator/PackageFrameworks"
2026-04-22T16:43:26.7900460Z ignoring duplicate directory "/Users/runner/work/tcm-storage-ios/tcm-storage-ios/build/Build/Products/Debug-iphonesimulator/PackageFrameworks"
2026-04-22T16:43:26.8002130Z ignoring duplicate directory "/Users/runner/work/tcm-storage-ios/tcm-storage-ios/build/Build/Products/Debug-iphonesimulator/PackageFrameworks"
2026-04-22T16:43:26.8104020Z ignoring duplicate directory "/Users/runner/work/tcm-storage-ios/tcm-storage-ios/build/Build/Products/Debug-iphonesimulator/PackageFrameworks"
2026-04-22T16:43:26.8206130Z ignoring duplicate directory "/Users/runner/work/tcm-storage-ios/tcm-storage-ios/build/Build/Products/Debug-iphonesimulator/PackageFrameworks"
2026-04-22T16:43:26.8310300Z ignoring duplicate directory "/Users/runner/work/tcm-storage-ios/tcm-storage-ios/build/Build/Products/Debug-iphonesimulator/PackageFrameworks"
2026-04-22T16:43:26.8442070Z ignoring duplicate directory "/Users/runner/work/tcm-storage-ios/tcm-storage-ios/build/Build/Products/Debug-iphonesimulator/PackageFrameworks"
2026-04-22T16:43:26.8552550Z ignoring duplicate directory "/Users/runner/work/tcm-storage-ios/tcm-storage-ios/build/Build/Products/Debug-iphonesimulator/PackageFrameworks"
2026-04-22T16:43:26.8654160Z ignoring duplicate directory "/Users/runner/work/tcm-storage-ios/tcm-storage-ios/build/Build/Products/Debug-iphonesimulator/PackageFrameworks"
2026-04-22T16:43:26.8756420Z ignoring duplicate directory "/Users/runner/work/tcm-storage-ios/tcm-storage-ios/build/Build/Products/Debug-iphonesimulator/PackageFrameworks"
2026-04-22T16:43:26.8860410Z ignoring duplicate directory "/Users/runner/work/tcm-storage-ios/tcm-storage-ios/build/Build/Products/Debug-iphonesimulator/PackageFrameworks"
2026-04-22T16:43:26.8963290Z ignoring duplicate directory "/Users/runner/work/tcm-storage-ios/tcm-storage-ios/build/Build/Products/Debug-iphonesimulator/PackageFrameworks"
2026-04-22T16:43:26.9064110Z ignoring duplicate directory "/Users/runner/work/tcm-storage-ios/tcm-storage-ios/build/Build/Products/Debug-iphonesimulator/PackageFrameworks"
2026-04-22T16:43:26.9183330Z ignoring duplicate directory "/Users/runner/work/tcm-storage-ios/tcm-storage-ios/build/Build/Products/Debug-iphonesimulator/PackageFrameworks"
2026-04-22T16:43:26.9301620Z ignoring duplicate directory "/Users/runner/work/tcm-storage-ios/tcm-storage-ios/build/Build/Products/Debug-iphonesimulator/PackageFrameworks"
2026-04-22T16:43:26.9406360Z #include "..." search starts here:
2026-04-22T16:43:26.9508440Z  /Users/runner/work/tcm-storage-ios/tcm-storage-ios/build/Build/Intermediates.noindex/Nextcloud.build/Debug-iphonesimulator/Widget.build/Widget-generated-files.hmap (headermap)
2026-04-22T16:43:26.9610270Z  /Users/runner/work/tcm-storage-ios/tcm-storage-ios/build/Build/Intermediates.noindex/Nextcloud.build/Debug-iphonesimulator/Widget.build/Widget-project-headers.hmap (headermap)
2026-04-22T16:43:26.9711670Z #include <...> search starts here:
2026-04-22T16:43:26.9820520Z  /Users/runner/work/tcm-storage-ios/tcm-storage-ios/build/Build/Intermediates.noindex/Nextcloud.build/Debug-iphonesimulator/Widget.build/Widget-own-target-headers.hmap (headermap)
2026-04-22T16:43:26.9931190Z  /Users/runner/work/tcm-storage-ios/tcm-storage-ios/build/Build/Intermediates.noindex/Nextcloud.build/Debug-iphonesimulator/Widget.build/Widget-all-non-framework-target-headers.hmap (headermap)
2026-04-22T16:43:27.0042360Z  /Users/runner/work/tcm-storage-ios/tcm-storage-ios/build/SourcePackages/checkouts/swift-atomics/Sources/_AtomicsShims/include
2026-04-22T16:43:27.0143810Z  /Users/runner/work/tcm-storage-ios/tcm-storage-ios/build/SourcePackages/checkouts/swift-nio/Sources/CNIOPosix/include
2026-04-22T16:43:27.0245200Z  /Users/runner/work/tcm-storage-ios/tcm-storage-ios/build/SourcePackages/checkouts/swift-nio/Sources/CNIOWASI/include
2026-04-22T16:43:27.0359130Z  /Users/runner/work/tcm-storage-ios/tcm-storage-ios/build/SourcePackages/checkouts/swift-nio/Sources/CNIOWindows/include
2026-04-22T16:43:27.0469000Z  /Users/runner/work/tcm-storage-ios/tcm-storage-ios/build/SourcePackages/checkouts/swift-nio/Sources/CNIOLinux/include
2026-04-22T16:43:27.0590280Z  /Users/runner/work/tcm-storage-ios/tcm-storage-ios/build/SourcePackages/checkouts/swift-nio/Sources/CNIODarwin/include
2026-04-22T16:43:27.0695170Z  /Users/runner/work/tcm-storage-ios/tcm-storage-ios/build/SourcePackages/checkouts/swift-nio/Sources/CNIOOpenBSD/include
2026-04-22T16:43:27.0812440Z  /Users/runner/work/tcm-storage-ios/tcm-storage-ios/build/SourcePackages/checkouts/swift-nio/Sources/CNIOAtomics/include
2026-04-22T16:43:27.0914040Z  /Users/runner/work/tcm-storage-ios/tcm-storage-ios/build/SourcePackages/checkouts/swift-nio-ssl/Sources/CNIOBoringSSLShims/include
2026-04-22T16:43:27.1026440Z  /Users/runner/work/tcm-storage-ios/tcm-storage-ios/build/SourcePackages/checkouts/swift-nio-ssl/Sources/CNIOBoringSSL/include
2026-04-22T16:43:27.1149550Z  /Users/runner/work/tcm-storage-ios/tcm-storage-ios/build/SourcePackages/checkouts/realm-core/src
2026-04-22T16:43:27.1286030Z  /Users/runner/work/tcm-storage-ios/tcm-storage-ios/build/SourcePackages/checkouts/realm-core/src/external/s2
2026-04-22T16:43:27.1416030Z  /Users/runner/work/tcm-storage-ios/tcm-storage-ios/build/SourcePackages/checkouts/realm-core/src/external/IntelRDFPMathLib20U2/LIBRARY/src
2026-04-22T16:43:27.1533870Z  /Users/runner/work/tcm-storage-ios/tcm-storage-ios/build/SourcePackages/checkouts/realm-core/src/spm
2026-04-22T16:43:27.1638880Z  /Users/runner/work/tcm-storage-ios/tcm-storage-ios/build/SourcePackages/checkouts/realm-swift/include
2026-04-22T16:43:27.1740260Z  /Users/runner/work/tcm-storage-ios/tcm-storage-ios/build/Build/Intermediates.noindex/Nextcloud.build/Debug-iphonesimulator/Widget.build/DerivedSources
2026-04-22T16:43:27.1847420Z  /Users/runner/work/tcm-storage-ios/tcm-storage-ios/build/Build/Products/Debug-iphonesimulator/PackageFrameworks (framework directory)
2026-04-22T16:43:27.1983680Z  /Users/runner/work/tcm-storage-ios/tcm-storage-ios/build/Build/Products/Debug-iphonesimulator (framework directory)
2026-04-22T16:43:27.2086490Z  /Applications/Xcode_26.2.app/Contents/Developer/Platforms/iPhoneSimulator.platform/Developer/Library/Frameworks (framework directory)
2026-04-22T16:43:27.2189210Z  /Applications/Xcode_26.2.app/Contents/Developer/Platforms/iPhoneSimulator.platform/Developer/SDKs/iPhoneSimulator26.2.sdk/Developer/Library/Frameworks (framework directory)
2026-04-22T16:43:27.2300640Z  /Applications/Xcode_26.2.app/Contents/Developer/Toolchains/XcodeDefault.xctoolchain/usr/lib/clang/17/include
2026-04-22T16:43:27.2414950Z  /Applications/Xcode_26.2.app/Contents/Developer/Platforms/iPhoneSimulator.platform/Developer/SDKs/iPhoneSimulator26.2.sdk/usr/include
2026-04-22T16:43:27.2518500Z  /Applications/Xcode_26.2.app/Contents/Developer/Toolchains/XcodeDefault.xctoolchain/usr/include
2026-04-22T16:43:27.2622570Z  /Applications/Xcode_26.2.app/Contents/Developer/Platforms/iPhoneSimulator.platform/Developer/SDKs/iPhoneSimulator26.2.sdk/System/Library/Frameworks (framework directory)
2026-04-22T16:43:27.2724230Z  /Applications/Xcode_26.2.app/Contents/Developer/Platforms/iPhoneSimulator.platform/Developer/SDKs/iPhoneSimulator26.2.sdk/System/Library/SubFrameworks (framework directory)
2026-04-22T16:43:27.2829770Z End of search list.
2026-04-22T16:43:27.2943040Z clang -cc1 version 17.0.0 (clang-1700.6.3.2) default target arm64-apple-darwin24.6.0
2026-04-22T16:43:27.3044650Z ignoring nonexistent directory "/Users/runner/work/tcm-storage-ios/tcm-storage-ios/build/Build/Products/Debug-iphonesimulator/include"
2026-04-22T16:43:27.3156570Z ignoring nonexistent directory "/Users/runner/work/tcm-storage-ios/tcm-storage-ios/build/Build/Intermediates.noindex/Nextcloud.build/Debug-iphonesimulator/Widget.build/DerivedSources-normal/arm64"
2026-04-22T16:43:27.3269070Z ignoring nonexistent directory "/Users/runner/work/tcm-storage-ios/tcm-storage-ios/build/Build/Intermediates.noindex/Nextcloud.build/Debug-iphonesimulator/Widget.build/DerivedSources/arm64"
2026-04-22T16:43:27.3370940Z ignoring nonexistent directory "/Applications/Xcode_26.2.app/Contents/Developer/Platforms/iPhoneSimulator.platform/Developer/SDKs/iPhoneSimulator26.2.sdk/usr/local/include"
2026-04-22T16:43:27.3476240Z ignoring nonexistent directory "/Applications/Xcode_26.2.app/Contents/Developer/Platforms/iPhoneSimulator.platform/Developer/SDKs/iPhoneSimulator26.2.sdk/Library/Frameworks"
2026-04-22T16:43:27.3578980Z ignoring duplicate directory "/Users/runner/work/tcm-storage-ios/tcm-storage-ios/build/Build/Products/Debug-iphonesimulator/PackageFrameworks"
2026-04-22T16:43:27.3682220Z ignoring duplicate directory "/Users/runner/work/tcm-storage-ios/tcm-storage-ios/build/Build/Products/Debug-iphonesimulator/PackageFrameworks"
2026-04-22T16:43:27.3818400Z ignoring duplicate directory "/Users/runner/work/tcm-storage-ios/tcm-storage-ios/build/Build/Products/Debug-iphonesimulator/PackageFrameworks"
2026-04-22T16:43:27.3919880Z ignoring duplicate directory "/Users/runner/work/tcm-storage-ios/tcm-storage-ios/build/Build/Products/Debug-iphonesimulator/PackageFrameworks"
2026-04-22T16:43:27.3920760Z ignoring duplicate directory "/Users/runner/work/tcm-storage-ios/tcm-storage-ios/build/Build/Products/Debug-iphonesimulator/PackageFrameworks"
2026-04-22T16:43:27.4029330Z ignoring duplicate directory "/Users/runner/work/tcm-storage-ios/tcm-storage-ios/build/Build/Products/Debug-iphonesimulator/PackageFrameworks"
2026-04-22T16:43:27.4135040Z ignoring duplicate directory "/Users/runner/work/tcm-storage-ios/tcm-storage-ios/build/Build/Products/Debug-iphonesimulator/PackageFrameworks"
2026-04-22T16:43:27.4236470Z ignoring duplicate directory "/Users/runner/work/tcm-storage-ios/tcm-storage-ios/build/Build/Products/Debug-iphonesimulator/PackageFrameworks"
2026-04-22T16:43:27.4345080Z ignoring duplicate directory "/Users/runner/work/tcm-storage-ios/tcm-storage-ios/build/Build/Products/Debug-iphonesimulator/PackageFrameworks"
2026-04-22T16:43:27.4447580Z ignoring duplicate directory "/Users/runner/work/tcm-storage-ios/tcm-storage-ios/build/Build/Products/Debug-iphonesimulator/PackageFrameworks"
2026-04-22T16:43:27.4549040Z ignoring duplicate directory "/Users/runner/work/tcm-storage-ios/tcm-storage-ios/build/Build/Products/Debug-iphonesimulator/PackageFrameworks"
2026-04-22T16:43:27.4652150Z ignoring duplicate directory "/Users/runner/work/tcm-storage-ios/tcm-storage-ios/build/Build/Products/Debug-iphonesimulator/PackageFrameworks"
2026-04-22T16:43:27.4753780Z ignoring duplicate directory "/Users/runner/work/tcm-storage-ios/tcm-storage-ios/build/Build/Products/Debug-iphonesimulator/PackageFrameworks"
2026-04-22T16:43:27.4855270Z ignoring duplicate directory "/Users/runner/work/tcm-storage-ios/tcm-storage-ios/build/Build/Products/Debug-iphonesimulator/PackageFrameworks"
2026-04-22T16:43:27.4966230Z ignoring duplicate directory "/Users/runner/work/tcm-storage-ios/tcm-storage-ios/build/Build/Products/Debug-iphonesimulator/PackageFrameworks"
2026-04-22T16:43:27.5070220Z ignoring duplicate directory "/Users/runner/work/tcm-storage-ios/tcm-storage-ios/build/Build/Products/Debug-iphonesimulator/PackageFrameworks"
2026-04-22T16:43:27.5178870Z ignoring duplicate directory "/Users/runner/work/tcm-storage-ios/tcm-storage-ios/build/Build/Products/Debug-iphonesimulator/PackageFrameworks"
2026-04-22T16:43:27.5280630Z ignoring duplicate directory "/Users/runner/work/tcm-storage-ios/tcm-storage-ios/build/Build/Products/Debug-iphonesimulator/PackageFrameworks"
2026-04-22T16:43:27.5494280Z ignoring duplicate directory "/Users/runner/work/tcm-storage-ios/tcm-storage-ios/build/Build/Products/Debug-iphonesimulator/PackageFrameworks"
2026-04-22T16:43:27.5600030Z ignoring duplicate directory "/Users/runner/work/tcm-storage-ios/tcm-storage-ios/build/Build/Products/Debug-iphonesimulator/PackageFrameworks"
2026-04-22T16:43:27.5720570Z ignoring duplicate directory "/Users/runner/work/tcm-storage-ios/tcm-storage-ios/build/Build/Products/Debug-iphonesimulator/PackageFrameworks"
2026-04-22T16:43:27.5822970Z ignoring duplicate directory "/Users/runner/work/tcm-storage-ios/tcm-storage-ios/build/Build/Products/Debug-iphonesimulator/PackageFrameworks"
2026-04-22T16:43:27.5924680Z ignoring duplicate directory "/Users/runner/work/tcm-storage-ios/tcm-storage-ios/build/Build/Products/Debug-iphonesimulator/PackageFrameworks"
2026-04-22T16:43:27.5925610Z ignoring duplicate directory "/Users/runner/work/tcm-storage-ios/tcm-storage-ios/build/Build/Products/Debug-iphonesimulator/PackageFrameworks"
2026-04-22T16:43:27.6028760Z ignoring duplicate directory "/Users/runner/work/tcm-storage-ios/tcm-storage-ios/build/Build/Products/Debug-iphonesimulator/PackageFrameworks"
2026-04-22T16:43:27.6139260Z ignoring duplicate directory "/Users/runner/work/tcm-storage-ios/tcm-storage-ios/build/Build/Products/Debug-iphonesimulator/PackageFrameworks"
2026-04-22T16:43:27.6240680Z ignoring duplicate directory "/Users/runner/work/tcm-storage-ios/tcm-storage-ios/build/Build/Products/Debug-iphonesimulator/PackageFrameworks"
2026-04-22T16:43:27.6342030Z ignoring duplicate directory "/Users/runner/work/tcm-storage-ios/tcm-storage-ios/build/Build/Products/Debug-iphonesimulator/PackageFrameworks"
2026-04-22T16:43:27.6443330Z ignoring duplicate directory "/Users/runner/work/tcm-storage-ios/tcm-storage-ios/build/Build/Products/Debug-iphonesimulator/PackageFrameworks"
2026-04-22T16:43:27.6545120Z ignoring duplicate directory "/Users/runner/work/tcm-storage-ios/tcm-storage-ios/build/Build/Products/Debug-iphonesimulator/PackageFrameworks"
2026-04-22T16:43:27.6656430Z ignoring duplicate directory "/Users/runner/work/tcm-storage-ios/tcm-storage-ios/build/Build/Products/Debug-iphonesimulator/PackageFrameworks"
2026-04-22T16:43:27.6759130Z ignoring duplicate directory "/Users/runner/work/tcm-storage-ios/tcm-storage-ios/build/Build/Products/Debug-iphonesimulator/PackageFrameworks"
2026-04-22T16:43:27.6879010Z ignoring duplicate directory "/Users/runner/work/tcm-storage-ios/tcm-storage-ios/build/Build/Products/Debug-iphonesimulator/PackageFrameworks"
2026-04-22T16:43:27.6980380Z ignoring duplicate directory "/Users/runner/work/tcm-storage-ios/tcm-storage-ios/build/Build/Products/Debug-iphonesimulator/PackageFrameworks"
2026-04-22T16:43:27.7081800Z #include "..." search starts here:
2026-04-22T16:43:27.7186590Z  /Users/runner/work/tcm-storage-ios/tcm-storage-ios/build/Build/Intermediates.noindex/Nextcloud.build/Debug-iphonesimulator/Widget.build/Widget-generated-files.hmap (headermap)
2026-04-22T16:43:27.7329810Z  /Users/runner/work/tcm-storage-ios/tcm-storage-ios/build/Build/Intermediates.noindex/Nextcloud.build/Debug-iphonesimulator/Widget.build/Widget-project-headers.hmap (headermap)
2026-04-22T16:43:27.7430310Z #include <...> search starts here:
2026-04-22T16:43:27.7546540Z  /Users/runner/work/tcm-storage-ios/tcm-storage-ios/build/Build/Intermediates.noindex/Nextcloud.build/Debug-iphonesimulator/Widget.build/Widget-own-target-headers.hmap (headermap)
2026-04-22T16:43:27.7651110Z  /Users/runner/work/tcm-storage-ios/tcm-storage-ios/build/Build/Intermediates.noindex/Nextcloud.build/Debug-iphonesimulator/Widget.build/Widget-all-non-framework-target-headers.hmap (headermap)
2026-04-22T16:43:27.7754450Z  /Users/runner/work/tcm-storage-ios/tcm-storage-ios/build/SourcePackages/checkouts/swift-atomics/Sources/_AtomicsShims/include
2026-04-22T16:43:27.7862200Z  /Users/runner/work/tcm-storage-ios/tcm-storage-ios/build/SourcePackages/checkouts/swift-nio/Sources/CNIOPosix/include
2026-04-22T16:43:27.7977800Z  /Users/runner/work/tcm-storage-ios/tcm-storage-ios/build/SourcePackages/checkouts/swift-nio/Sources/CNIOWASI/include
2026-04-22T16:43:27.8092240Z  /Users/runner/work/tcm-storage-ios/tcm-storage-ios/build/SourcePackages/checkouts/swift-nio/Sources/CNIOWindows/include
2026-04-22T16:43:27.8218210Z  /Users/runner/work/tcm-storage-ios/tcm-storage-ios/build/SourcePackages/checkouts/swift-nio/Sources/CNIOLinux/include
2026-04-22T16:43:27.8348480Z  /Users/runner/work/tcm-storage-ios/tcm-storage-ios/build/SourcePackages/checkouts/swift-nio/Sources/CNIODarwin/include
2026-04-22T16:43:27.8463640Z  /Users/runner/work/tcm-storage-ios/tcm-storage-ios/build/SourcePackages/checkouts/swift-nio/Sources/CNIOOpenBSD/include
2026-04-22T16:43:27.8595540Z  /Users/runner/work/tcm-storage-ios/tcm-storage-ios/build/SourcePackages/checkouts/swift-nio/Sources/CNIOAtomics/include
2026-04-22T16:43:27.8704930Z  /Users/runner/work/tcm-storage-ios/tcm-storage-ios/build/SourcePackages/checkouts/swift-nio-ssl/Sources/CNIOBoringSSLShims/include
2026-04-22T16:43:27.8815610Z  /Users/runner/work/tcm-storage-ios/tcm-storage-ios/build/SourcePackages/checkouts/swift-nio-ssl/Sources/CNIOBoringSSL/include
2026-04-22T16:43:27.8946650Z  /Users/runner/work/tcm-storage-ios/tcm-storage-ios/build/SourcePackages/checkouts/realm-core/src
2026-04-22T16:43:27.9068010Z  /Users/runner/work/tcm-storage-ios/tcm-storage-ios/build/SourcePackages/checkouts/realm-core/src/external/s2
2026-04-22T16:43:27.9169920Z  /Users/runner/work/tcm-storage-ios/tcm-storage-ios/build/SourcePackages/checkouts/realm-core/src/external/IntelRDFPMathLib20U2/LIBRARY/src
2026-04-22T16:43:27.9282540Z  /Users/runner/work/tcm-storage-ios/tcm-storage-ios/build/SourcePackages/checkouts/realm-core/src/spm
2026-04-22T16:43:27.9394620Z  /Users/runner/work/tcm-storage-ios/tcm-storage-ios/build/SourcePackages/checkouts/realm-swift/include
2026-04-22T16:43:27.9507000Z  /Users/runner/work/tcm-storage-ios/tcm-storage-ios/build/Build/Intermediates.noindex/Nextcloud.build/Debug-iphonesimulator/Widget.build/DerivedSources
2026-04-22T16:43:27.9607350Z  /Users/runner/work/tcm-storage-ios/tcm-storage-ios/build/Build/Products/Debug-iphonesimulator/PackageFrameworks (framework directory)
2026-04-22T16:43:27.9710020Z  /Users/runner/work/tcm-storage-ios/tcm-storage-ios/build/Build/Products/Debug-iphonesimulator (framework directory)
2026-04-22T16:43:27.9811840Z  /Applications/Xcode_26.2.app/Contents/Developer/Platforms/iPhoneSimulator.platform/Developer/Library/Frameworks (framework directory)
2026-04-22T16:43:27.9923580Z  /Applications/Xcode_26.2.app/Contents/Developer/Platforms/iPhoneSimulator.platform/Developer/SDKs/iPhoneSimulator26.2.sdk/Developer/Library/Frameworks (framework directory)
2026-04-22T16:43:28.0027650Z  /Applications/Xcode_26.2.app/Contents/Developer/Toolchains/XcodeDefault.xctoolchain/usr/lib/clang/17/include
2026-04-22T16:43:28.0129470Z  /Applications/Xcode_26.2.app/Contents/Developer/Platforms/iPhoneSimulator.platform/Developer/SDKs/iPhoneSimulator26.2.sdk/usr/include
2026-04-22T16:43:28.0230280Z  /Applications/Xcode_26.2.app/Contents/Developer/Toolchains/XcodeDefault.xctoolchain/usr/include
2026-04-22T16:43:28.0367070Z  /Applications/Xcode_26.2.app/Contents/Developer/Platforms/iPhoneSimulator.platform/Developer/SDKs/iPhoneSimulator26.2.sdk/System/Library/Frameworks (framework directory)
2026-04-22T16:43:28.0471600Z  /Applications/Xcode_26.2.app/Contents/Developer/Platforms/iPhoneSimulator.platform/Developer/SDKs/iPhoneSimulator26.2.sdk/System/Library/SubFrameworks (framework directory)
2026-04-22T16:43:28.0586190Z End of search list.
2026-04-22T16:43:28.0708200Z clang -cc1 version 17.0.0 (clang-1700.6.3.2) default target arm64-apple-darwin24.6.0
2026-04-22T16:43:28.0818880Z ignoring nonexistent directory "/Users/runner/work/tcm-storage-ios/tcm-storage-ios/build/Build/Products/Debug-iphonesimulator/include"
2026-04-22T16:43:28.0941770Z ignoring nonexistent directory "/Users/runner/work/tcm-storage-ios/tcm-storage-ios/build/Build/Intermediates.noindex/Nextcloud.build/Debug-iphonesimulator/Widget.build/DerivedSources-normal/arm64"
2026-04-22T16:43:28.1076380Z ignoring nonexistent directory "/Users/runner/work/tcm-storage-ios/tcm-storage-ios/build/Build/Intermediates.noindex/Nextcloud.build/Debug-iphonesimulator/Widget.build/DerivedSources/arm64"
2026-04-22T16:43:28.1194430Z ignoring nonexistent directory "/Applications/Xcode_26.2.app/Contents/Developer/Platforms/iPhoneSimulator.platform/Developer/SDKs/iPhoneSimulator26.2.sdk/usr/local/include"
2026-04-22T16:43:28.1316470Z ignoring nonexistent directory "/Applications/Xcode_26.2.app/Contents/Developer/Platforms/iPhoneSimulator.platform/Developer/SDKs/iPhoneSimulator26.2.sdk/Library/Frameworks"
2026-04-22T16:43:28.1432030Z ignoring duplicate directory "/Users/runner/work/tcm-storage-ios/tcm-storage-ios/build/Build/Products/Debug-iphonesimulator/PackageFrameworks"
2026-04-22T16:43:28.1537730Z ignoring duplicate directory "/Users/runner/work/tcm-storage-ios/tcm-storage-ios/build/Build/Products/Debug-iphonesimulator/PackageFrameworks"
2026-04-22T16:43:28.1538710Z ignoring duplicate directory "/Users/runner/work/tcm-storage-ios/tcm-storage-ios/build/Build/Products/Debug-iphonesimulator/PackageFrameworks"
2026-04-22T16:43:28.1757020Z ignoring duplicate directory "/Users/runner/work/tcm-storage-ios/tcm-storage-ios/build/Build/Products/Debug-iphonesimulator/PackageFrameworks"
2026-04-22T16:43:28.1760160Z ignoring duplicate directory "/Users/runner/work/tcm-storage-ios/tcm-storage-ios/build/Build/Products/Debug-iphonesimulator/PackageFrameworks"
2026-04-22T16:43:28.1866230Z ignoring duplicate directory "/Users/runner/work/tcm-storage-ios/tcm-storage-ios/build/Build/Products/Debug-iphonesimulator/PackageFrameworks"
2026-04-22T16:43:28.1979350Z ignoring duplicate directory "/Users/runner/work/tcm-storage-ios/tcm-storage-ios/build/Build/Products/Debug-iphonesimulator/PackageFrameworks"
2026-04-22T16:43:28.2093440Z ignoring duplicate directory "/Users/runner/work/tcm-storage-ios/tcm-storage-ios/build/Build/Products/Debug-iphonesimulator/PackageFrameworks"
2026-04-22T16:43:28.2194870Z ignoring duplicate directory "/Users/runner/work/tcm-storage-ios/tcm-storage-ios/build/Build/Products/Debug-iphonesimulator/PackageFrameworks"
2026-04-22T16:43:28.2298220Z ignoring duplicate directory "/Users/runner/work/tcm-storage-ios/tcm-storage-ios/build/Build/Products/Debug-iphonesimulator/PackageFrameworks"
2026-04-22T16:43:28.2405580Z ignoring duplicate directory "/Users/runner/work/tcm-storage-ios/tcm-storage-ios/build/Build/Products/Debug-iphonesimulator/PackageFrameworks"
2026-04-22T16:43:28.2509780Z ignoring duplicate directory "/Users/runner/work/tcm-storage-ios/tcm-storage-ios/build/Build/Products/Debug-iphonesimulator/PackageFrameworks"
2026-04-22T16:43:28.2638450Z ignoring duplicate directory "/Users/runner/work/tcm-storage-ios/tcm-storage-ios/build/Build/Products/Debug-iphonesimulator/PackageFrameworks"
2026-04-22T16:43:28.2740240Z ignoring duplicate directory "/Users/runner/work/tcm-storage-ios/tcm-storage-ios/build/Build/Products/Debug-iphonesimulator/PackageFrameworks"
2026-04-22T16:43:28.2843940Z ignoring duplicate directory "/Users/runner/work/tcm-storage-ios/tcm-storage-ios/build/Build/Products/Debug-iphonesimulator/PackageFrameworks"
2026-04-22T16:43:28.2950980Z ignoring duplicate directory "/Users/runner/work/tcm-storage-ios/tcm-storage-ios/build/Build/Products/Debug-iphonesimulator/PackageFrameworks"
2026-04-22T16:43:28.3073810Z ignoring duplicate directory "/Users/runner/work/tcm-storage-ios/tcm-storage-ios/build/Build/Products/Debug-iphonesimulator/PackageFrameworks"
2026-04-22T16:43:28.3195360Z ignoring duplicate directory "/Users/runner/work/tcm-storage-ios/tcm-storage-ios/build/Build/Products/Debug-iphonesimulator/PackageFrameworks"
2026-04-22T16:43:28.3303950Z ignoring duplicate directory "/Users/runner/work/tcm-storage-ios/tcm-storage-ios/build/Build/Products/Debug-iphonesimulator/PackageFrameworks"
2026-04-22T16:43:28.3408130Z ignoring duplicate directory "/Users/runner/work/tcm-storage-ios/tcm-storage-ios/build/Build/Products/Debug-iphonesimulator/PackageFrameworks"
2026-04-22T16:43:28.3533000Z ignoring duplicate directory "/Users/runner/work/tcm-storage-ios/tcm-storage-ios/build/Build/Products/Debug-iphonesimulator/PackageFrameworks"
2026-04-22T16:43:28.3635630Z ignoring duplicate directory "/Users/runner/work/tcm-storage-ios/tcm-storage-ios/build/Build/Products/Debug-iphonesimulator/PackageFrameworks"
2026-04-22T16:43:28.3739380Z ignoring duplicate directory "/Users/runner/work/tcm-storage-ios/tcm-storage-ios/build/Build/Products/Debug-iphonesimulator/PackageFrameworks"
2026-04-22T16:43:28.3846350Z ignoring duplicate directory "/Users/runner/work/tcm-storage-ios/tcm-storage-ios/build/Build/Products/Debug-iphonesimulator/PackageFrameworks"
2026-04-22T16:43:28.3979410Z ignoring duplicate directory "/Users/runner/work/tcm-storage-ios/tcm-storage-ios/build/Build/Products/Debug-iphonesimulator/PackageFrameworks"
2026-04-22T16:43:28.4081250Z ignoring duplicate directory "/Users/runner/work/tcm-storage-ios/tcm-storage-ios/build/Build/Products/Debug-iphonesimulator/PackageFrameworks"
2026-04-22T16:43:28.4209660Z ignoring duplicate directory "/Users/runner/work/tcm-storage-ios/tcm-storage-ios/build/Build/Products/Debug-iphonesimulator/PackageFrameworks"
2026-04-22T16:43:28.4319850Z ignoring duplicate directory "/Users/runner/work/tcm-storage-ios/tcm-storage-ios/build/Build/Products/Debug-iphonesimulator/PackageFrameworks"
2026-04-22T16:43:28.4435510Z ignoring duplicate directory "/Users/runner/work/tcm-storage-ios/tcm-storage-ios/build/Build/Products/Debug-iphonesimulator/PackageFrameworks"
2026-04-22T16:43:28.4542310Z ignoring duplicate directory "/Users/runner/work/tcm-storage-ios/tcm-storage-ios/build/Build/Products/Debug-iphonesimulator/PackageFrameworks"
2026-04-22T16:43:28.4652410Z ignoring duplicate directory "/Users/runner/work/tcm-storage-ios/tcm-storage-ios/build/Build/Products/Debug-iphonesimulator/PackageFrameworks"
2026-04-22T16:43:28.4779770Z ignoring duplicate directory "/Users/runner/work/tcm-storage-ios/tcm-storage-ios/build/Build/Products/Debug-iphonesimulator/PackageFrameworks"
2026-04-22T16:43:28.4882790Z ignoring duplicate directory "/Users/runner/work/tcm-storage-ios/tcm-storage-ios/build/Build/Products/Debug-iphonesimulator/PackageFrameworks"
2026-04-22T16:43:28.5001480Z ignoring duplicate directory "/Users/runner/work/tcm-storage-ios/tcm-storage-ios/build/Build/Products/Debug-iphonesimulator/PackageFrameworks"
2026-04-22T16:43:28.5116240Z #include "..." search starts here:
2026-04-22T16:43:28.5218030Z  /Users/runner/work/tcm-storage-ios/tcm-storage-ios/build/Build/Intermediates.noindex/Nextcloud.build/Debug-iphonesimulator/Widget.build/Widget-generated-files.hmap (headermap)
2026-04-22T16:43:28.5320730Z  /Users/runner/work/tcm-storage-ios/tcm-storage-ios/build/Build/Intermediates.noindex/Nextcloud.build/Debug-iphonesimulator/Widget.build/Widget-project-headers.hmap (headermap)
2026-04-22T16:43:28.5442800Z #include <...> search starts here:
2026-04-22T16:43:28.5583760Z  /Users/runner/work/tcm-storage-ios/tcm-storage-ios/build/Build/Intermediates.noindex/Nextcloud.build/Debug-iphonesimulator/Widget.build/Widget-own-target-headers.hmap (headermap)
2026-04-22T16:43:28.5695400Z  /Users/runner/work/tcm-storage-ios/tcm-storage-ios/build/Build/Intermediates.noindex/Nextcloud.build/Debug-iphonesimulator/Widget.build/Widget-all-non-framework-target-headers.hmap (headermap)
2026-04-22T16:43:28.5798920Z  /Users/runner/work/tcm-storage-ios/tcm-storage-ios/build/SourcePackages/checkouts/swift-atomics/Sources/_AtomicsShims/include
2026-04-22T16:43:28.5908930Z  /Users/runner/work/tcm-storage-ios/tcm-storage-ios/build/SourcePackages/checkouts/swift-nio/Sources/CNIOPosix/include
2026-04-22T16:43:28.6012570Z  /Users/runner/work/tcm-storage-ios/tcm-storage-ios/build/SourcePackages/checkouts/swift-nio/Sources/CNIOWASI/include
2026-04-22T16:43:28.6216290Z  /Users/runner/work/tcm-storage-ios/tcm-storage-ios/build/SourcePackages/checkouts/swift-nio/Sources/CNIOWindows/include
2026-04-22T16:43:28.6217260Z  /Users/runner/work/tcm-storage-ios/tcm-storage-ios/build/SourcePackages/checkouts/swift-nio/Sources/CNIOLinux/include
2026-04-22T16:43:28.6219490Z  /Users/runner/work/tcm-storage-ios/tcm-storage-ios/build/SourcePackages/checkouts/swift-nio/Sources/CNIODarwin/include
2026-04-22T16:43:28.6220150Z  /Users/runner/work/tcm-storage-ios/tcm-storage-ios/build/SourcePackages/checkouts/swift-nio/Sources/CNIOOpenBSD/include
2026-04-22T16:43:28.6332300Z  /Users/runner/work/tcm-storage-ios/tcm-storage-ios/build/SourcePackages/checkouts/swift-nio/Sources/CNIOAtomics/include
2026-04-22T16:43:28.6436730Z  /Users/runner/work/tcm-storage-ios/tcm-storage-ios/build/SourcePackages/checkouts/swift-nio-ssl/Sources/CNIOBoringSSLShims/include
2026-04-22T16:43:28.6538140Z  /Users/runner/work/tcm-storage-ios/tcm-storage-ios/build/SourcePackages/checkouts/swift-nio-ssl/Sources/CNIOBoringSSL/include
2026-04-22T16:43:28.6669970Z  /Users/runner/work/tcm-storage-ios/tcm-storage-ios/build/SourcePackages/checkouts/realm-core/src
2026-04-22T16:43:28.6777260Z  /Users/runner/work/tcm-storage-ios/tcm-storage-ios/build/SourcePackages/checkouts/realm-core/src/external/s2
2026-04-22T16:43:28.6898610Z  /Users/runner/work/tcm-storage-ios/tcm-storage-ios/build/SourcePackages/checkouts/realm-core/src/external/IntelRDFPMathLib20U2/LIBRARY/src
2026-04-22T16:43:28.7000310Z  /Users/runner/work/tcm-storage-ios/tcm-storage-ios/build/SourcePackages/checkouts/realm-core/src/spm
2026-04-22T16:43:28.7120380Z  /Users/runner/work/tcm-storage-ios/tcm-storage-ios/build/SourcePackages/checkouts/realm-swift/include
2026-04-22T16:43:28.7229510Z  /Users/runner/work/tcm-storage-ios/tcm-storage-ios/build/Build/Intermediates.noindex/Nextcloud.build/Debug-iphonesimulator/Widget.build/DerivedSources
2026-04-22T16:43:28.7345760Z  /Users/runner/work/tcm-storage-ios/tcm-storage-ios/build/Build/Products/Debug-iphonesimulator/PackageFrameworks (framework directory)
2026-04-22T16:43:28.7476270Z  /Users/runner/work/tcm-storage-ios/tcm-storage-ios/build/Build/Products/Debug-iphonesimulator (framework directory)
2026-04-22T16:43:28.7582900Z  /Applications/Xcode_26.2.app/Contents/Developer/Platforms/iPhoneSimulator.platform/Developer/Library/Frameworks (framework directory)
2026-04-22T16:43:28.7690380Z  /Applications/Xcode_26.2.app/Contents/Developer/Platforms/iPhoneSimulator.platform/Developer/SDKs/iPhoneSimulator26.2.sdk/Developer/Library/Frameworks (framework directory)
2026-04-22T16:43:28.7792510Z  /Applications/Xcode_26.2.app/Contents/Developer/Toolchains/XcodeDefault.xctoolchain/usr/lib/clang/17/include
2026-04-22T16:43:28.7903640Z  /Applications/Xcode_26.2.app/Contents/Developer/Platforms/iPhoneSimulator.platform/Developer/SDKs/iPhoneSimulator26.2.sdk/usr/include
2026-04-22T16:43:28.8005200Z  /Applications/Xcode_26.2.app/Contents/Developer/Toolchains/XcodeDefault.xctoolchain/usr/include
2026-04-22T16:43:28.8107010Z  /Applications/Xcode_26.2.app/Contents/Developer/Platforms/iPhoneSimulator.platform/Developer/SDKs/iPhoneSimulator26.2.sdk/System/Library/Frameworks (framework directory)
2026-04-22T16:43:28.8208750Z  /Applications/Xcode_26.2.app/Contents/Developer/Platforms/iPhoneSimulator.platform/Developer/SDKs/iPhoneSimulator26.2.sdk/System/Library/SubFrameworks (framework directory)
2026-04-22T16:43:28.8310110Z End of search list.
2026-04-22T16:43:28.8357330Z clang -cc1 version 17.0.0 (clang-1700.6.3.2) default target arm64-apple-darwin24.6.0
2026-04-22T16:43:28.8459100Z ignoring nonexistent directory "/Users/runner/work/tcm-storage-ios/tcm-storage-ios/build/Build/Products/Debug-iphonesimulator/include"
2026-04-22T16:43:28.8562280Z ignoring nonexistent directory "/Users/runner/work/tcm-storage-ios/tcm-storage-ios/build/Build/Intermediates.noindex/Nextcloud.build/Debug-iphonesimulator/Widget.build/DerivedSources-normal/arm64"
2026-04-22T16:43:28.8681160Z ignoring nonexistent directory "/Users/runner/work/tcm-storage-ios/tcm-storage-ios/build/Build/Intermediates.noindex/Nextcloud.build/Debug-iphonesimulator/Widget.build/DerivedSources/arm64"
2026-04-22T16:43:28.8802900Z ignoring nonexistent directory "/Applications/Xcode_26.2.app/Contents/Developer/Platforms/iPhoneSimulator.platform/Developer/SDKs/iPhoneSimulator26.2.sdk/usr/local/include"
2026-04-22T16:43:28.8907250Z ignoring nonexistent directory "/Applications/Xcode_26.2.app/Contents/Developer/Platforms/iPhoneSimulator.platform/Developer/SDKs/iPhoneSimulator26.2.sdk/Library/Frameworks"
2026-04-22T16:43:28.9010480Z ignoring duplicate directory "/Users/runner/work/tcm-storage-ios/tcm-storage-ios/build/Build/Products/Debug-iphonesimulator/PackageFrameworks"
2026-04-22T16:43:28.9112110Z ignoring duplicate directory "/Users/runner/work/tcm-storage-ios/tcm-storage-ios/build/Build/Products/Debug-iphonesimulator/PackageFrameworks"
2026-04-22T16:43:28.9221960Z ignoring duplicate directory "/Users/runner/work/tcm-storage-ios/tcm-storage-ios/build/Build/Products/Debug-iphonesimulator/PackageFrameworks"
2026-04-22T16:43:28.9336010Z ignoring duplicate directory "/Users/runner/work/tcm-storage-ios/tcm-storage-ios/build/Build/Products/Debug-iphonesimulator/PackageFrameworks"
2026-04-22T16:43:28.9441360Z ignoring duplicate directory "/Users/runner/work/tcm-storage-ios/tcm-storage-ios/build/Build/Products/Debug-iphonesimulator/PackageFrameworks"
2026-04-22T16:43:28.9545730Z ignoring duplicate directory "/Users/runner/work/tcm-storage-ios/tcm-storage-ios/build/Build/Products/Debug-iphonesimulator/PackageFrameworks"
2026-04-22T16:43:28.9666010Z ignoring duplicate directory "/Users/runner/work/tcm-storage-ios/tcm-storage-ios/build/Build/Products/Debug-iphonesimulator/PackageFrameworks"
2026-04-22T16:43:28.9787550Z ignoring duplicate directory "/Users/runner/work/tcm-storage-ios/tcm-storage-ios/build/Build/Products/Debug-iphonesimulator/PackageFrameworks"
2026-04-22T16:43:28.9902900Z ignoring duplicate directory "/Users/runner/work/tcm-storage-ios/tcm-storage-ios/build/Build/Products/Debug-iphonesimulator/PackageFrameworks"
2026-04-22T16:43:29.0031650Z ignoring duplicate directory "/Users/runner/work/tcm-storage-ios/tcm-storage-ios/build/Build/Products/Debug-iphonesimulator/PackageFrameworks"
2026-04-22T16:43:29.0134210Z ignoring duplicate directory "/Users/runner/work/tcm-storage-ios/tcm-storage-ios/build/Build/Products/Debug-iphonesimulator/PackageFrameworks"
2026-04-22T16:43:29.0246750Z ignoring duplicate directory "/Users/runner/work/tcm-storage-ios/tcm-storage-ios/build/Build/Products/Debug-iphonesimulator/PackageFrameworks"
2026-04-22T16:43:29.0348990Z ignoring duplicate directory "/Users/runner/work/tcm-storage-ios/tcm-storage-ios/build/Build/Products/Debug-iphonesimulator/PackageFrameworks"
2026-04-22T16:43:29.0486640Z ignoring duplicate directory "/Users/runner/work/tcm-storage-ios/tcm-storage-ios/build/Build/Products/Debug-iphonesimulator/PackageFrameworks"
2026-04-22T16:43:29.0588290Z ignoring duplicate directory "/Users/runner/work/tcm-storage-ios/tcm-storage-ios/build/Build/Products/Debug-iphonesimulator/PackageFrameworks"
2026-04-22T16:43:29.0701200Z ignoring duplicate directory "/Users/runner/work/tcm-storage-ios/tcm-storage-ios/build/Build/Products/Debug-iphonesimulator/PackageFrameworks"
2026-04-22T16:43:29.0807120Z ignoring duplicate directory "/Users/runner/work/tcm-storage-ios/tcm-storage-ios/build/Build/Products/Debug-iphonesimulator/PackageFrameworks"
2026-04-22T16:43:29.0914420Z ignoring duplicate directory "/Users/runner/work/tcm-storage-ios/tcm-storage-ios/build/Build/Products/Debug-iphonesimulator/PackageFrameworks"
2026-04-22T16:43:29.1016300Z ignoring duplicate directory "/Users/runner/work/tcm-storage-ios/tcm-storage-ios/build/Build/Products/Debug-iphonesimulator/PackageFrameworks"
2026-04-22T16:43:29.1120630Z ignoring duplicate directory "/Users/runner/work/tcm-storage-ios/tcm-storage-ios/build/Build/Products/Debug-iphonesimulator/PackageFrameworks"
2026-04-22T16:43:29.1222040Z ignoring duplicate directory "/Users/runner/work/tcm-storage-ios/tcm-storage-ios/build/Build/Products/Debug-iphonesimulator/PackageFrameworks"
2026-04-22T16:43:29.1325380Z ignoring duplicate directory "/Users/runner/work/tcm-storage-ios/tcm-storage-ios/build/Build/Products/Debug-iphonesimulator/PackageFrameworks"
2026-04-22T16:43:29.1428830Z ignoring duplicate directory "/Users/runner/work/tcm-storage-ios/tcm-storage-ios/build/Build/Products/Debug-iphonesimulator/PackageFrameworks"
2026-04-22T16:43:29.1528940Z ignoring duplicate directory "/Users/runner/work/tcm-storage-ios/tcm-storage-ios/build/Build/Products/Debug-iphonesimulator/PackageFrameworks"
2026-04-22T16:43:29.1630720Z ignoring duplicate directory "/Users/runner/work/tcm-storage-ios/tcm-storage-ios/build/Build/Products/Debug-iphonesimulator/PackageFrameworks"
2026-04-22T16:43:29.1732980Z ignoring duplicate directory "/Users/runner/work/tcm-storage-ios/tcm-storage-ios/build/Build/Products/Debug-iphonesimulator/PackageFrameworks"
2026-04-22T16:43:29.1833520Z ignoring duplicate directory "/Users/runner/work/tcm-storage-ios/tcm-storage-ios/build/Build/Products/Debug-iphonesimulator/PackageFrameworks"
2026-04-22T16:43:29.1962630Z ignoring duplicate directory "/Users/runner/work/tcm-storage-ios/tcm-storage-ios/build/Build/Products/Debug-iphonesimulator/PackageFrameworks"
2026-04-22T16:43:29.2064190Z ignoring duplicate directory "/Users/runner/work/tcm-storage-ios/tcm-storage-ios/build/Build/Products/Debug-iphonesimulator/PackageFrameworks"
2026-04-22T16:43:29.2170980Z ignoring duplicate directory "/Users/runner/work/tcm-storage-ios/tcm-storage-ios/build/Build/Products/Debug-iphonesimulator/PackageFrameworks"
2026-04-22T16:43:29.2275710Z ignoring duplicate directory "/Users/runner/work/tcm-storage-ios/tcm-storage-ios/build/Build/Products/Debug-iphonesimulator/PackageFrameworks"
2026-04-22T16:43:29.2377470Z ignoring duplicate directory "/Users/runner/work/tcm-storage-ios/tcm-storage-ios/build/Build/Products/Debug-iphonesimulator/PackageFrameworks"
2026-04-22T16:43:29.2580610Z ignoring duplicate directory "/Users/runner/work/tcm-storage-ios/tcm-storage-ios/build/Build/Products/Debug-iphonesimulator/PackageFrameworks"
2026-04-22T16:43:29.2683310Z ignoring duplicate directory "/Users/runner/work/tcm-storage-ios/tcm-storage-ios/build/Build/Products/Debug-iphonesimulator/PackageFrameworks"
2026-04-22T16:43:29.2789320Z #include "..." search starts here:
2026-04-22T16:43:29.2891390Z  /Users/runner/work/tcm-storage-ios/tcm-storage-ios/build/Build/Intermediates.noindex/Nextcloud.build/Debug-iphonesimulator/Widget.build/Widget-generated-files.hmap (headermap)
2026-04-22T16:43:29.3025950Z  /Users/runner/work/tcm-storage-ios/tcm-storage-ios/build/Build/Intermediates.noindex/Nextcloud.build/Debug-iphonesimulator/Widget.build/Widget-project-headers.hmap (headermap)
2026-04-22T16:43:29.3175190Z #include <...> search starts here:
2026-04-22T16:43:29.3302570Z  /Users/runner/work/tcm-storage-ios/tcm-storage-ios/build/Build/Intermediates.noindex/Nextcloud.build/Debug-iphonesimulator/Widget.build/Widget-own-target-headers.hmap (headermap)
2026-04-22T16:43:29.3415110Z  /Users/runner/work/tcm-storage-ios/tcm-storage-ios/build/Build/Intermediates.noindex/Nextcloud.build/Debug-iphonesimulator/Widget.build/Widget-all-non-framework-target-headers.hmap (headermap)
2026-04-22T16:43:29.3560190Z  /Users/runner/work/tcm-storage-ios/tcm-storage-ios/build/SourcePackages/checkouts/swift-atomics/Sources/_AtomicsShims/include
2026-04-22T16:43:29.3661830Z  /Users/runner/work/tcm-storage-ios/tcm-storage-ios/build/SourcePackages/checkouts/swift-nio/Sources/CNIOPosix/include
2026-04-22T16:43:29.3780040Z  /Users/runner/work/tcm-storage-ios/tcm-storage-ios/build/SourcePackages/checkouts/swift-nio/Sources/CNIOWASI/include
2026-04-22T16:43:29.3780760Z  /Users/runner/work/tcm-storage-ios/tcm-storage-ios/build/SourcePackages/checkouts/swift-nio/Sources/CNIOWindows/include
2026-04-22T16:43:29.3882030Z  /Users/runner/work/tcm-storage-ios/tcm-storage-ios/build/SourcePackages/checkouts/swift-nio/Sources/CNIOLinux/include
2026-04-22T16:43:29.3983550Z  /Users/runner/work/tcm-storage-ios/tcm-storage-ios/build/SourcePackages/checkouts/swift-nio/Sources/CNIODarwin/include
2026-04-22T16:43:29.4093590Z  /Users/runner/work/tcm-storage-ios/tcm-storage-ios/build/SourcePackages/checkouts/swift-nio/Sources/CNIOOpenBSD/include
2026-04-22T16:43:29.4199230Z  /Users/runner/work/tcm-storage-ios/tcm-storage-ios/build/SourcePackages/checkouts/swift-nio/Sources/CNIOAtomics/include
2026-04-22T16:43:29.4302610Z  /Users/runner/work/tcm-storage-ios/tcm-storage-ios/build/SourcePackages/checkouts/swift-nio-ssl/Sources/CNIOBoringSSLShims/include
2026-04-22T16:43:29.4529890Z  /Users/runner/work/tcm-storage-ios/tcm-storage-ios/build/SourcePackages/checkouts/swift-nio-ssl/Sources/CNIOBoringSSL/include
2026-04-22T16:43:29.4650000Z  /Users/runner/work/tcm-storage-ios/tcm-storage-ios/build/SourcePackages/checkouts/realm-core/src
2026-04-22T16:43:29.4752750Z  /Users/runner/work/tcm-storage-ios/tcm-storage-ios/build/SourcePackages/checkouts/realm-core/src/external/s2
2026-04-22T16:43:29.4854260Z  /Users/runner/work/tcm-storage-ios/tcm-storage-ios/build/SourcePackages/checkouts/realm-core/src/external/IntelRDFPMathLib20U2/LIBRARY/src
2026-04-22T16:43:29.4955760Z  /Users/runner/work/tcm-storage-ios/tcm-storage-ios/build/SourcePackages/checkouts/realm-core/src/spm
2026-04-22T16:43:29.4956370Z  /Users/runner/work/tcm-storage-ios/tcm-storage-ios/build/SourcePackages/checkouts/realm-swift/include
2026-04-22T16:43:29.5061600Z  /Users/runner/work/tcm-storage-ios/tcm-storage-ios/build/Build/Intermediates.noindex/Nextcloud.build/Debug-iphonesimulator/Widget.build/DerivedSources
2026-04-22T16:43:29.5179710Z  /Users/runner/work/tcm-storage-ios/tcm-storage-ios/build/Build/Products/Debug-iphonesimulator/PackageFrameworks (framework directory)
2026-04-22T16:43:29.5281060Z  /Users/runner/work/tcm-storage-ios/tcm-storage-ios/build/Build/Products/Debug-iphonesimulator (framework directory)
2026-04-22T16:43:29.5389180Z  /Applications/Xcode_26.2.app/Contents/Developer/Platforms/iPhoneSimulator.platform/Developer/Library/Frameworks (framework directory)
2026-04-22T16:43:29.5495010Z  /Applications/Xcode_26.2.app/Contents/Developer/Platforms/iPhoneSimulator.platform/Developer/SDKs/iPhoneSimulator26.2.sdk/Developer/Library/Frameworks (framework directory)
2026-04-22T16:43:29.5598650Z  /Applications/Xcode_26.2.app/Contents/Developer/Toolchains/XcodeDefault.xctoolchain/usr/lib/clang/17/include
2026-04-22T16:43:29.5702450Z  /Applications/Xcode_26.2.app/Contents/Developer/Platforms/iPhoneSimulator.platform/Developer/SDKs/iPhoneSimulator26.2.sdk/usr/include
2026-04-22T16:43:29.5902530Z  /Applications/Xcode_26.2.app/Contents/Developer/Toolchains/XcodeDefault.xctoolchain/usr/include
2026-04-22T16:43:29.6017150Z  /Applications/Xcode_26.2.app/Contents/Developer/Platforms/iPhoneSimulator.platform/Developer/SDKs/iPhoneSimulator26.2.sdk/System/Library/Frameworks (framework directory)
2026-04-22T16:43:29.6121380Z  /Applications/Xcode_26.2.app/Contents/Developer/Platforms/iPhoneSimulator.platform/Developer/SDKs/iPhoneSimulator26.2.sdk/System/Library/SubFrameworks (framework directory)
2026-04-22T16:43:29.6224780Z End of search list.
2026-04-22T16:43:29.6330210Z clang -cc1 version 17.0.0 (clang-1700.6.3.2) default target arm64-apple-darwin24.6.0
2026-04-22T16:43:29.6444530Z ignoring nonexistent directory "/Users/runner/work/tcm-storage-ios/tcm-storage-ios/build/Build/Products/Debug-iphonesimulator/include"
2026-04-22T16:43:29.6466430Z ignoring nonexistent directory "/Users/runner/work/tcm-storage-ios/tcm-storage-ios/build/Build/Intermediates.noindex/Nextcloud.build/Debug-iphonesimulator/Widget.build/DerivedSources-normal/arm64"
2026-04-22T16:43:29.6568920Z ignoring nonexistent directory "/Users/runner/work/tcm-storage-ios/tcm-storage-ios/build/Build/Intermediates.noindex/Nextcloud.build/Debug-iphonesimulator/Widget.build/DerivedSources/arm64"
2026-04-22T16:43:29.6690830Z ignoring nonexistent directory "/Applications/Xcode_26.2.app/Contents/Developer/Platforms/iPhoneSimulator.platform/Developer/SDKs/iPhoneSimulator26.2.sdk/usr/local/include"
2026-04-22T16:43:29.6794460Z ignoring nonexistent directory "/Applications/Xcode_26.2.app/Contents/Developer/Platforms/iPhoneSimulator.platform/Developer/SDKs/iPhoneSimulator26.2.sdk/Library/Frameworks"
2026-04-22T16:43:29.6925780Z ignoring duplicate directory "/Users/runner/work/tcm-storage-ios/tcm-storage-ios/build/Build/Products/Debug-iphonesimulator/PackageFrameworks"
2026-04-22T16:43:29.7028020Z ignoring duplicate directory "/Users/runner/work/tcm-storage-ios/tcm-storage-ios/build/Build/Products/Debug-iphonesimulator/PackageFrameworks"
2026-04-22T16:43:29.7142330Z ignoring duplicate directory "/Users/runner/work/tcm-storage-ios/tcm-storage-ios/build/Build/Products/Debug-iphonesimulator/PackageFrameworks"
2026-04-22T16:43:29.7243730Z ignoring duplicate directory "/Users/runner/work/tcm-storage-ios/tcm-storage-ios/build/Build/Products/Debug-iphonesimulator/PackageFrameworks"
2026-04-22T16:43:29.7367330Z ignoring duplicate directory "/Users/runner/work/tcm-storage-ios/tcm-storage-ios/build/Build/Products/Debug-iphonesimulator/PackageFrameworks"
2026-04-22T16:43:29.7514000Z ignoring duplicate directory "/Users/runner/work/tcm-storage-ios/tcm-storage-ios/build/Build/Products/Debug-iphonesimulator/PackageFrameworks"
2026-04-22T16:43:29.7639000Z ignoring duplicate directory "/Users/runner/work/tcm-storage-ios/tcm-storage-ios/build/Build/Products/Debug-iphonesimulator/PackageFrameworks"
2026-04-22T16:43:29.7935750Z ignoring duplicate directory "/Users/runner/work/tcm-storage-ios/tcm-storage-ios/build/Build/Products/Debug-iphonesimulator/PackageFrameworks"
2026-04-22T16:43:29.8052060Z ignoring duplicate directory "/Users/runner/work/tcm-storage-ios/tcm-storage-ios/build/Build/Products/Debug-iphonesimulator/PackageFrameworks"
2026-04-22T16:43:29.8153610Z ignoring duplicate directory "/Users/runner/work/tcm-storage-ios/tcm-storage-ios/build/Build/Products/Debug-iphonesimulator/PackageFrameworks"
2026-04-22T16:43:29.8263010Z ignoring duplicate directory "/Users/runner/work/tcm-storage-ios/tcm-storage-ios/build/Build/Products/Debug-iphonesimulator/PackageFrameworks"
2026-04-22T16:43:29.8381290Z ignoring duplicate directory "/Users/runner/work/tcm-storage-ios/tcm-storage-ios/build/Build/Products/Debug-iphonesimulator/PackageFrameworks"
2026-04-22T16:43:29.8483240Z ignoring duplicate directory "/Users/runner/work/tcm-storage-ios/tcm-storage-ios/build/Build/Products/Debug-iphonesimulator/PackageFrameworks"
2026-04-22T16:43:29.8587680Z ignoring duplicate directory "/Users/runner/work/tcm-storage-ios/tcm-storage-ios/build/Build/Products/Debug-iphonesimulator/PackageFrameworks"
2026-04-22T16:43:29.8689520Z ignoring duplicate directory "/Users/runner/work/tcm-storage-ios/tcm-storage-ios/build/Build/Products/Debug-iphonesimulator/PackageFrameworks"
2026-04-22T16:43:29.8801010Z ignoring duplicate directory "/Users/runner/work/tcm-storage-ios/tcm-storage-ios/build/Build/Products/Debug-iphonesimulator/PackageFrameworks"
2026-04-22T16:43:29.8912510Z ignoring duplicate directory "/Users/runner/work/tcm-storage-ios/tcm-storage-ios/build/Build/Products/Debug-iphonesimulator/PackageFrameworks"
2026-04-22T16:43:29.9014590Z ignoring duplicate directory "/Users/runner/work/tcm-storage-ios/tcm-storage-ios/build/Build/Products/Debug-iphonesimulator/PackageFrameworks"
2026-04-22T16:43:29.9120150Z ignoring duplicate directory "/Users/runner/work/tcm-storage-ios/tcm-storage-ios/build/Build/Products/Debug-iphonesimulator/PackageFrameworks"
2026-04-22T16:43:29.9228230Z ignoring duplicate directory "/Users/runner/work/tcm-storage-ios/tcm-storage-ios/build/Build/Products/Debug-iphonesimulator/PackageFrameworks"
2026-04-22T16:43:29.9329850Z ignoring duplicate directory "/Users/runner/work/tcm-storage-ios/tcm-storage-ios/build/Build/Products/Debug-iphonesimulator/PackageFrameworks"
2026-04-22T16:43:29.9432150Z ignoring duplicate directory "/Users/runner/work/tcm-storage-ios/tcm-storage-ios/build/Build/Products/Debug-iphonesimulator/PackageFrameworks"
2026-04-22T16:43:29.9537400Z ignoring duplicate directory "/Users/runner/work/tcm-storage-ios/tcm-storage-ios/build/Build/Products/Debug-iphonesimulator/PackageFrameworks"
2026-04-22T16:43:29.9642540Z ignoring duplicate directory "/Users/runner/work/tcm-storage-ios/tcm-storage-ios/build/Build/Products/Debug-iphonesimulator/PackageFrameworks"
2026-04-22T16:43:29.9744520Z ignoring duplicate directory "/Users/runner/work/tcm-storage-ios/tcm-storage-ios/build/Build/Products/Debug-iphonesimulator/PackageFrameworks"
2026-04-22T16:43:29.9869790Z ignoring duplicate directory "/Users/runner/work/tcm-storage-ios/tcm-storage-ios/build/Build/Products/Debug-iphonesimulator/PackageFrameworks"
2026-04-22T16:43:29.9971480Z ignoring duplicate directory "/Users/runner/work/tcm-storage-ios/tcm-storage-ios/build/Build/Products/Debug-iphonesimulator/PackageFrameworks"
2026-04-22T16:43:30.0111200Z ignoring duplicate directory "/Users/runner/work/tcm-storage-ios/tcm-storage-ios/build/Build/Products/Debug-iphonesimulator/PackageFrameworks"
2026-04-22T16:43:30.0218050Z ignoring duplicate directory "/Users/runner/work/tcm-storage-ios/tcm-storage-ios/build/Build/Products/Debug-iphonesimulator/PackageFrameworks"
2026-04-22T16:43:30.0320060Z ignoring duplicate directory "/Users/runner/work/tcm-storage-ios/tcm-storage-ios/build/Build/Products/Debug-iphonesimulator/PackageFrameworks"
2026-04-22T16:43:30.0428030Z ignoring duplicate directory "/Users/runner/work/tcm-storage-ios/tcm-storage-ios/build/Build/Products/Debug-iphonesimulator/PackageFrameworks"
2026-04-22T16:43:30.0539040Z ignoring duplicate directory "/Users/runner/work/tcm-storage-ios/tcm-storage-ios/build/Build/Products/Debug-iphonesimulator/PackageFrameworks"
2026-04-22T16:43:30.0658730Z ignoring duplicate directory "/Users/runner/work/tcm-storage-ios/tcm-storage-ios/build/Build/Products/Debug-iphonesimulator/PackageFrameworks"
2026-04-22T16:43:30.0763570Z ignoring duplicate directory "/Users/runner/work/tcm-storage-ios/tcm-storage-ios/build/Build/Products/Debug-iphonesimulator/PackageFrameworks"
2026-04-22T16:43:30.0905060Z #include "..." search starts here:
2026-04-22T16:43:30.1036350Z  /Users/runner/work/tcm-storage-ios/tcm-storage-ios/build/Build/Intermediates.noindex/Nextcloud.build/Debug-iphonesimulator/Widget.build/Widget-generated-files.hmap (headermap)
2026-04-22T16:43:30.1156780Z  /Users/runner/work/tcm-storage-ios/tcm-storage-ios/build/Build/Intermediates.noindex/Nextcloud.build/Debug-iphonesimulator/Widget.build/Widget-project-headers.hmap (headermap)
2026-04-22T16:43:30.1258210Z #include <...> search starts here:
2026-04-22T16:43:30.1359690Z  /Users/runner/work/tcm-storage-ios/tcm-storage-ios/build/Build/Intermediates.noindex/Nextcloud.build/Debug-iphonesimulator/Widget.build/Widget-own-target-headers.hmap (headermap)
2026-04-22T16:43:30.1467660Z  /Users/runner/work/tcm-storage-ios/tcm-storage-ios/build/Build/Intermediates.noindex/Nextcloud.build/Debug-iphonesimulator/Widget.build/Widget-all-non-framework-target-headers.hmap (headermap)
2026-04-22T16:43:30.1569650Z  /Users/runner/work/tcm-storage-ios/tcm-storage-ios/build/SourcePackages/checkouts/swift-atomics/Sources/_AtomicsShims/include
2026-04-22T16:43:30.1696590Z  /Users/runner/work/tcm-storage-ios/tcm-storage-ios/build/SourcePackages/checkouts/swift-nio/Sources/CNIOPosix/include
2026-04-22T16:43:30.1800350Z  /Users/runner/work/tcm-storage-ios/tcm-storage-ios/build/SourcePackages/checkouts/swift-nio/Sources/CNIOWASI/include
2026-04-22T16:43:30.1901810Z  /Users/runner/work/tcm-storage-ios/tcm-storage-ios/build/SourcePackages/checkouts/swift-nio/Sources/CNIOWindows/include
2026-04-22T16:43:30.2032440Z  /Users/runner/work/tcm-storage-ios/tcm-storage-ios/build/SourcePackages/checkouts/swift-nio/Sources/CNIOLinux/include
2026-04-22T16:43:30.2160990Z  /Users/runner/work/tcm-storage-ios/tcm-storage-ios/build/SourcePackages/checkouts/swift-nio/Sources/CNIODarwin/include
2026-04-22T16:43:30.2274280Z  /Users/runner/work/tcm-storage-ios/tcm-storage-ios/build/SourcePackages/checkouts/swift-nio/Sources/CNIOOpenBSD/include
2026-04-22T16:43:30.2376050Z  /Users/runner/work/tcm-storage-ios/tcm-storage-ios/build/SourcePackages/checkouts/swift-nio/Sources/CNIOAtomics/include
2026-04-22T16:43:30.2477630Z  /Users/runner/work/tcm-storage-ios/tcm-storage-ios/build/SourcePackages/checkouts/swift-nio-ssl/Sources/CNIOBoringSSLShims/include
2026-04-22T16:43:30.2478700Z  /Users/runner/work/tcm-storage-ios/tcm-storage-ios/build/SourcePackages/checkouts/swift-nio-ssl/Sources/CNIOBoringSSL/include
2026-04-22T16:43:30.2611190Z  /Users/runner/work/tcm-storage-ios/tcm-storage-ios/build/SourcePackages/checkouts/realm-core/src
2026-04-22T16:43:30.2712290Z  /Users/runner/work/tcm-storage-ios/tcm-storage-ios/build/SourcePackages/checkouts/realm-core/src/external/s2
2026-04-22T16:43:30.2814830Z  /Users/runner/work/tcm-storage-ios/tcm-storage-ios/build/SourcePackages/checkouts/realm-core/src/external/IntelRDFPMathLib20U2/LIBRARY/src
2026-04-22T16:43:30.2941290Z  /Users/runner/work/tcm-storage-ios/tcm-storage-ios/build/SourcePackages/checkouts/realm-core/src/spm
2026-04-22T16:43:30.3044120Z  /Users/runner/work/tcm-storage-ios/tcm-storage-ios/build/SourcePackages/checkouts/realm-swift/include
2026-04-22T16:43:30.3163030Z  /Users/runner/work/tcm-storage-ios/tcm-storage-ios/build/Build/Intermediates.noindex/Nextcloud.build/Debug-iphonesimulator/Widget.build/DerivedSources
2026-04-22T16:43:30.3264660Z  /Users/runner/work/tcm-storage-ios/tcm-storage-ios/build/Build/Products/Debug-iphonesimulator/PackageFrameworks (framework directory)
2026-04-22T16:43:30.3366640Z  /Users/runner/work/tcm-storage-ios/tcm-storage-ios/build/Build/Products/Debug-iphonesimulator (framework directory)
2026-04-22T16:43:30.3467990Z  /Applications/Xcode_26.2.app/Contents/Developer/Platforms/iPhoneSimulator.platform/Developer/Library/Frameworks (framework directory)
2026-04-22T16:43:30.3569500Z  /Applications/Xcode_26.2.app/Contents/Developer/Platforms/iPhoneSimulator.platform/Developer/SDKs/iPhoneSimulator26.2.sdk/Developer/Library/Frameworks (framework directory)
2026-04-22T16:43:30.3671100Z  /Applications/Xcode_26.2.app/Contents/Developer/Toolchains/XcodeDefault.xctoolchain/usr/lib/clang/17/include
2026-04-22T16:43:30.3775620Z  /Applications/Xcode_26.2.app/Contents/Developer/Platforms/iPhoneSimulator.platform/Developer/SDKs/iPhoneSimulator26.2.sdk/usr/include
2026-04-22T16:43:30.3877970Z  /Applications/Xcode_26.2.app/Contents/Developer/Toolchains/XcodeDefault.xctoolchain/usr/include
2026-04-22T16:43:30.3980880Z  /Applications/Xcode_26.2.app/Contents/Developer/Platforms/iPhoneSimulator.platform/Developer/SDKs/iPhoneSimulator26.2.sdk/System/Library/Frameworks (framework directory)
2026-04-22T16:43:30.4082750Z  /Applications/Xcode_26.2.app/Contents/Developer/Platforms/iPhoneSimulator.platform/Developer/SDKs/iPhoneSimulator26.2.sdk/System/Library/SubFrameworks (framework directory)
2026-04-22T16:43:30.4190130Z End of search list.
2026-04-22T16:43:30.4304590Z clang -cc1 version 17.0.0 (clang-1700.6.3.2) default target arm64-apple-darwin24.6.0
2026-04-22T16:43:30.4406130Z ignoring nonexistent directory "/Users/runner/work/tcm-storage-ios/tcm-storage-ios/build/Build/Products/Debug-iphonesimulator/include"
2026-04-22T16:43:30.4509220Z ignoring nonexistent directory "/Users/runner/work/tcm-storage-ios/tcm-storage-ios/build/Build/Intermediates.noindex/Nextcloud.build/Debug-iphonesimulator/Widget.build/DerivedSources-normal/arm64"
2026-04-22T16:43:30.4625450Z ignoring nonexistent directory "/Users/runner/work/tcm-storage-ios/tcm-storage-ios/build/Build/Intermediates.noindex/Nextcloud.build/Debug-iphonesimulator/Widget.build/DerivedSources/arm64"
2026-04-22T16:43:30.4732480Z ignoring nonexistent directory "/Applications/Xcode_26.2.app/Contents/Developer/Platforms/iPhoneSimulator.platform/Developer/SDKs/iPhoneSimulator26.2.sdk/usr/local/include"
2026-04-22T16:43:30.4871170Z ignoring nonexistent directory "/Applications/Xcode_26.2.app/Contents/Developer/Platforms/iPhoneSimulator.platform/Developer/SDKs/iPhoneSimulator26.2.sdk/Library/Frameworks"
2026-04-22T16:43:30.4995340Z ignoring duplicate directory "/Users/runner/work/tcm-storage-ios/tcm-storage-ios/build/Build/Products/Debug-iphonesimulator/PackageFrameworks"
2026-04-22T16:43:30.5098750Z ignoring duplicate directory "/Users/runner/work/tcm-storage-ios/tcm-storage-ios/build/Build/Products/Debug-iphonesimulator/PackageFrameworks"
2026-04-22T16:43:30.5202930Z ignoring duplicate directory "/Users/runner/work/tcm-storage-ios/tcm-storage-ios/build/Build/Products/Debug-iphonesimulator/PackageFrameworks"
2026-04-22T16:43:30.5353070Z ignoring duplicate directory "/Users/runner/work/tcm-storage-ios/tcm-storage-ios/build/Build/Products/Debug-iphonesimulator/PackageFrameworks"
2026-04-22T16:43:30.5458490Z ignoring duplicate directory "/Users/runner/work/tcm-storage-ios/tcm-storage-ios/build/Build/Products/Debug-iphonesimulator/PackageFrameworks"
2026-04-22T16:43:30.5564390Z ignoring duplicate directory "/Users/runner/work/tcm-storage-ios/tcm-storage-ios/build/Build/Products/Debug-iphonesimulator/PackageFrameworks"
2026-04-22T16:43:30.5667080Z ignoring duplicate directory "/Users/runner/work/tcm-storage-ios/tcm-storage-ios/build/Build/Products/Debug-iphonesimulator/PackageFrameworks"
2026-04-22T16:43:30.5786640Z ignoring duplicate directory "/Users/runner/work/tcm-storage-ios/tcm-storage-ios/build/Build/Products/Debug-iphonesimulator/PackageFrameworks"
2026-04-22T16:43:30.5898740Z ignoring duplicate directory "/Users/runner/work/tcm-storage-ios/tcm-storage-ios/build/Build/Products/Debug-iphonesimulator/PackageFrameworks"
2026-04-22T16:43:30.6005290Z ignoring duplicate directory "/Users/runner/work/tcm-storage-ios/tcm-storage-ios/build/Build/Products/Debug-iphonesimulator/PackageFrameworks"
2026-04-22T16:43:30.6132130Z ignoring duplicate directory "/Users/runner/work/tcm-storage-ios/tcm-storage-ios/build/Build/Products/Debug-iphonesimulator/PackageFrameworks"
2026-04-22T16:43:30.6132960Z ignoring duplicate directory "/Users/runner/work/tcm-storage-ios/tcm-storage-ios/build/Build/Products/Debug-iphonesimulator/PackageFrameworks"
2026-04-22T16:43:30.6261750Z ignoring duplicate directory "/Users/runner/work/tcm-storage-ios/tcm-storage-ios/build/Build/Products/Debug-iphonesimulator/PackageFrameworks"
2026-04-22T16:43:30.6367160Z ignoring duplicate directory "/Users/runner/work/tcm-storage-ios/tcm-storage-ios/build/Build/Products/Debug-iphonesimulator/PackageFrameworks"
2026-04-22T16:43:30.6468850Z ignoring duplicate directory "/Users/runner/work/tcm-storage-ios/tcm-storage-ios/build/Build/Products/Debug-iphonesimulator/PackageFrameworks"
2026-04-22T16:43:30.6586250Z ignoring duplicate directory "/Users/runner/work/tcm-storage-ios/tcm-storage-ios/build/Build/Products/Debug-iphonesimulator/PackageFrameworks"
2026-04-22T16:43:30.6687650Z ignoring duplicate directory "/Users/runner/work/tcm-storage-ios/tcm-storage-ios/build/Build/Products/Debug-iphonesimulator/PackageFrameworks"
2026-04-22T16:43:30.6800020Z ignoring duplicate directory "/Users/runner/work/tcm-storage-ios/tcm-storage-ios/build/Build/Products/Debug-iphonesimulator/PackageFrameworks"
2026-04-22T16:43:30.6910610Z ignoring duplicate directory "/Users/runner/work/tcm-storage-ios/tcm-storage-ios/build/Build/Products/Debug-iphonesimulator/PackageFrameworks"
2026-04-22T16:43:30.7038080Z ignoring duplicate directory "/Users/runner/work/tcm-storage-ios/tcm-storage-ios/build/Build/Products/Debug-iphonesimulator/PackageFrameworks"
2026-04-22T16:43:30.7155080Z ignoring duplicate directory "/Users/runner/work/tcm-storage-ios/tcm-storage-ios/build/Build/Products/Debug-iphonesimulator/PackageFrameworks"
2026-04-22T16:43:30.7257970Z ignoring duplicate directory "/Users/runner/work/tcm-storage-ios/tcm-storage-ios/build/Build/Products/Debug-iphonesimulator/PackageFrameworks"
2026-04-22T16:43:30.7360550Z ignoring duplicate directory "/Users/runner/work/tcm-storage-ios/tcm-storage-ios/build/Build/Products/Debug-iphonesimulator/PackageFrameworks"
2026-04-22T16:43:30.7462040Z ignoring duplicate directory "/Users/runner/work/tcm-storage-ios/tcm-storage-ios/build/Build/Products/Debug-iphonesimulator/PackageFrameworks"
2026-04-22T16:43:30.7577170Z ignoring duplicate directory "/Users/runner/work/tcm-storage-ios/tcm-storage-ios/build/Build/Products/Debug-iphonesimulator/PackageFrameworks"
2026-04-22T16:43:30.7688250Z ignoring duplicate directory "/Users/runner/work/tcm-storage-ios/tcm-storage-ios/build/Build/Products/Debug-iphonesimulator/PackageFrameworks"
2026-04-22T16:43:30.7789990Z ignoring duplicate directory "/Users/runner/work/tcm-storage-ios/tcm-storage-ios/build/Build/Products/Debug-iphonesimulator/PackageFrameworks"
2026-04-22T16:43:30.7899350Z ignoring duplicate directory "/Users/runner/work/tcm-storage-ios/tcm-storage-ios/build/Build/Products/Debug-iphonesimulator/PackageFrameworks"
2026-04-22T16:43:30.8001250Z ignoring duplicate directory "/Users/runner/work/tcm-storage-ios/tcm-storage-ios/build/Build/Products/Debug-iphonesimulator/PackageFrameworks"
2026-04-22T16:43:30.8103040Z ignoring duplicate directory "/Users/runner/work/tcm-storage-ios/tcm-storage-ios/build/Build/Products/Debug-iphonesimulator/PackageFrameworks"
2026-04-22T16:43:30.8204560Z ignoring duplicate directory "/Users/runner/work/tcm-storage-ios/tcm-storage-ios/build/Build/Products/Debug-iphonesimulator/PackageFrameworks"
2026-04-22T16:43:30.8334420Z ignoring duplicate directory "/Users/runner/work/tcm-storage-ios/tcm-storage-ios/build/Build/Products/Debug-iphonesimulator/PackageFrameworks"
2026-04-22T16:43:30.8437350Z ignoring duplicate directory "/Users/runner/work/tcm-storage-ios/tcm-storage-ios/build/Build/Products/Debug-iphonesimulator/PackageFrameworks"
2026-04-22T16:43:30.8543150Z ignoring duplicate directory "/Users/runner/work/tcm-storage-ios/tcm-storage-ios/build/Build/Products/Debug-iphonesimulator/PackageFrameworks"
2026-04-22T16:43:30.8753740Z #include "..." search starts here:
2026-04-22T16:43:30.8855280Z  /Users/runner/work/tcm-storage-ios/tcm-storage-ios/build/Build/Intermediates.noindex/Nextcloud.build/Debug-iphonesimulator/Widget.build/Widget-generated-files.hmap (headermap)
2026-04-22T16:43:30.8973670Z  /Users/runner/work/tcm-storage-ios/tcm-storage-ios/build/Build/Intermediates.noindex/Nextcloud.build/Debug-iphonesimulator/Widget.build/Widget-project-headers.hmap (headermap)
2026-04-22T16:43:30.9092250Z #include <...> search starts here:
2026-04-22T16:43:30.9202290Z  /Users/runner/work/tcm-storage-ios/tcm-storage-ios/build/Build/Intermediates.noindex/Nextcloud.build/Debug-iphonesimulator/Widget.build/Widget-own-target-headers.hmap (headermap)
2026-04-22T16:43:30.9204050Z  /Users/runner/work/tcm-storage-ios/tcm-storage-ios/build/Build/Intermediates.noindex/Nextcloud.build/Debug-iphonesimulator/Widget.build/Widget-all-non-framework-target-headers.hmap (headermap)
2026-04-22T16:43:30.9305760Z  /Users/runner/work/tcm-storage-ios/tcm-storage-ios/build/SourcePackages/checkouts/swift-atomics/Sources/_AtomicsShims/include
2026-04-22T16:43:30.9441140Z  /Users/runner/work/tcm-storage-ios/tcm-storage-ios/build/SourcePackages/checkouts/swift-nio/Sources/CNIOPosix/include
2026-04-22T16:43:30.9552950Z  /Users/runner/work/tcm-storage-ios/tcm-storage-ios/build/SourcePackages/checkouts/swift-nio/Sources/CNIOWASI/include
2026-04-22T16:43:30.9654440Z  /Users/runner/work/tcm-storage-ios/tcm-storage-ios/build/SourcePackages/checkouts/swift-nio/Sources/CNIOWindows/include
2026-04-22T16:43:30.9763710Z  /Users/runner/work/tcm-storage-ios/tcm-storage-ios/build/SourcePackages/checkouts/swift-nio/Sources/CNIOLinux/include
2026-04-22T16:43:30.9865100Z  /Users/runner/work/tcm-storage-ios/tcm-storage-ios/build/SourcePackages/checkouts/swift-nio/Sources/CNIODarwin/include
2026-04-22T16:43:30.9976690Z  /Users/runner/work/tcm-storage-ios/tcm-storage-ios/build/SourcePackages/checkouts/swift-nio/Sources/CNIOOpenBSD/include
2026-04-22T16:43:31.0101260Z  /Users/runner/work/tcm-storage-ios/tcm-storage-ios/build/SourcePackages/checkouts/swift-nio/Sources/CNIOAtomics/include
2026-04-22T16:43:31.0210810Z  /Users/runner/work/tcm-storage-ios/tcm-storage-ios/build/SourcePackages/checkouts/swift-nio-ssl/Sources/CNIOBoringSSLShims/include
2026-04-22T16:43:31.0352270Z  /Users/runner/work/tcm-storage-ios/tcm-storage-ios/build/SourcePackages/checkouts/swift-nio-ssl/Sources/CNIOBoringSSL/include
2026-04-22T16:43:31.0465180Z  /Users/runner/work/tcm-storage-ios/tcm-storage-ios/build/SourcePackages/checkouts/realm-core/src
2026-04-22T16:43:31.0585310Z  /Users/runner/work/tcm-storage-ios/tcm-storage-ios/build/SourcePackages/checkouts/realm-core/src/external/s2
2026-04-22T16:43:31.0688070Z  /Users/runner/work/tcm-storage-ios/tcm-storage-ios/build/SourcePackages/checkouts/realm-core/src/external/IntelRDFPMathLib20U2/LIBRARY/src
2026-04-22T16:43:31.0789500Z  /Users/runner/work/tcm-storage-ios/tcm-storage-ios/build/SourcePackages/checkouts/realm-core/src/spm
2026-04-22T16:43:31.0890720Z  /Users/runner/work/tcm-storage-ios/tcm-storage-ios/build/SourcePackages/checkouts/realm-swift/include
2026-04-22T16:43:31.0992230Z  /Users/runner/work/tcm-storage-ios/tcm-storage-ios/build/Build/Intermediates.noindex/Nextcloud.build/Debug-iphonesimulator/Widget.build/DerivedSources
2026-04-22T16:43:31.1093800Z  /Users/runner/work/tcm-storage-ios/tcm-storage-ios/build/Build/Products/Debug-iphonesimulator/PackageFrameworks (framework directory)
2026-04-22T16:43:31.1203960Z  /Users/runner/work/tcm-storage-ios/tcm-storage-ios/build/Build/Products/Debug-iphonesimulator (framework directory)
2026-04-22T16:43:31.1305340Z  /Applications/Xcode_26.2.app/Contents/Developer/Platforms/iPhoneSimulator.platform/Developer/Library/Frameworks (framework directory)
2026-04-22T16:43:31.1406850Z  /Applications/Xcode_26.2.app/Contents/Developer/Platforms/iPhoneSimulator.platform/Developer/SDKs/iPhoneSimulator26.2.sdk/Developer/Library/Frameworks (framework directory)
2026-04-22T16:43:31.1515840Z  /Applications/Xcode_26.2.app/Contents/Developer/Toolchains/XcodeDefault.xctoolchain/usr/lib/clang/17/include
2026-04-22T16:43:31.1617370Z  /Applications/Xcode_26.2.app/Contents/Developer/Platforms/iPhoneSimulator.platform/Developer/SDKs/iPhoneSimulator26.2.sdk/usr/include
2026-04-22T16:43:31.1721380Z  /Applications/Xcode_26.2.app/Contents/Developer/Toolchains/XcodeDefault.xctoolchain/usr/include
2026-04-22T16:43:31.1832580Z  /Applications/Xcode_26.2.app/Contents/Developer/Platforms/iPhoneSimulator.platform/Developer/SDKs/iPhoneSimulator26.2.sdk/System/Library/Frameworks (framework directory)
2026-04-22T16:43:31.2001440Z  /Applications/Xcode_26.2.app/Contents/Developer/Platforms/iPhoneSimulator.platform/Developer/SDKs/iPhoneSimulator26.2.sdk/System/Library/SubFrameworks (framework directory)
2026-04-22T16:43:31.2134800Z End of search list.
2026-04-22T16:43:31.2249320Z clang -cc1 version 17.0.0 (clang-1700.6.3.2) default target arm64-apple-darwin24.6.0
2026-04-22T16:43:31.2354020Z ignoring nonexistent directory "/Users/runner/work/tcm-storage-ios/tcm-storage-ios/build/Build/Products/Debug-iphonesimulator/include"
2026-04-22T16:43:31.2478610Z ignoring nonexistent directory "/Users/runner/work/tcm-storage-ios/tcm-storage-ios/build/Build/Intermediates.noindex/Nextcloud.build/Debug-iphonesimulator/Widget.build/DerivedSources-normal/arm64"
2026-04-22T16:43:31.2582470Z ignoring nonexistent directory "/Users/runner/work/tcm-storage-ios/tcm-storage-ios/build/Build/Intermediates.noindex/Nextcloud.build/Debug-iphonesimulator/Widget.build/DerivedSources/arm64"
2026-04-22T16:43:31.2690660Z ignoring nonexistent directory "/Applications/Xcode_26.2.app/Contents/Developer/Platforms/iPhoneSimulator.platform/Developer/SDKs/iPhoneSimulator26.2.sdk/usr/local/include"
2026-04-22T16:43:31.2808380Z ignoring nonexistent directory "/Applications/Xcode_26.2.app/Contents/Developer/Platforms/iPhoneSimulator.platform/Developer/SDKs/iPhoneSimulator26.2.sdk/Library/Frameworks"
2026-04-22T16:43:31.2929240Z ignoring duplicate directory "/Users/runner/work/tcm-storage-ios/tcm-storage-ios/build/Build/Products/Debug-iphonesimulator/PackageFrameworks"
2026-04-22T16:43:31.3031140Z ignoring duplicate directory "/Users/runner/work/tcm-storage-ios/tcm-storage-ios/build/Build/Products/Debug-iphonesimulator/PackageFrameworks"
2026-04-22T16:43:31.3179920Z ignoring duplicate directory "/Users/runner/work/tcm-storage-ios/tcm-storage-ios/build/Build/Products/Debug-iphonesimulator/PackageFrameworks"
2026-04-22T16:43:31.3181320Z ignoring duplicate directory "/Users/runner/work/tcm-storage-ios/tcm-storage-ios/build/Build/Products/Debug-iphonesimulator/PackageFrameworks"
2026-04-22T16:43:31.3283210Z ignoring duplicate directory "/Users/runner/work/tcm-storage-ios/tcm-storage-ios/build/Build/Products/Debug-iphonesimulator/PackageFrameworks"
2026-04-22T16:43:31.3402960Z ignoring duplicate directory "/Users/runner/work/tcm-storage-ios/tcm-storage-ios/build/Build/Products/Debug-iphonesimulator/PackageFrameworks"
2026-04-22T16:43:31.3508670Z ignoring duplicate directory "/Users/runner/work/tcm-storage-ios/tcm-storage-ios/build/Build/Products/Debug-iphonesimulator/PackageFrameworks"
2026-04-22T16:43:31.3615160Z ignoring duplicate directory "/Users/runner/work/tcm-storage-ios/tcm-storage-ios/build/Build/Products/Debug-iphonesimulator/PackageFrameworks"
2026-04-22T16:43:31.3716740Z ignoring duplicate directory "/Users/runner/work/tcm-storage-ios/tcm-storage-ios/build/Build/Products/Debug-iphonesimulator/PackageFrameworks"
2026-04-22T16:43:31.3821540Z ignoring duplicate directory "/Users/runner/work/tcm-storage-ios/tcm-storage-ios/build/Build/Products/Debug-iphonesimulator/PackageFrameworks"
2026-04-22T16:43:31.3925450Z ignoring duplicate directory "/Users/runner/work/tcm-storage-ios/tcm-storage-ios/build/Build/Products/Debug-iphonesimulator/PackageFrameworks"
2026-04-22T16:43:31.4026960Z ignoring duplicate directory "/Users/runner/work/tcm-storage-ios/tcm-storage-ios/build/Build/Products/Debug-iphonesimulator/PackageFrameworks"
2026-04-22T16:43:31.4128390Z ignoring duplicate directory "/Users/runner/work/tcm-storage-ios/tcm-storage-ios/build/Build/Products/Debug-iphonesimulator/PackageFrameworks"
2026-04-22T16:43:31.4232430Z ignoring duplicate directory "/Users/runner/work/tcm-storage-ios/tcm-storage-ios/build/Build/Products/Debug-iphonesimulator/PackageFrameworks"
2026-04-22T16:43:31.4351750Z ignoring duplicate directory "/Users/runner/work/tcm-storage-ios/tcm-storage-ios/build/Build/Products/Debug-iphonesimulator/PackageFrameworks"
2026-04-22T16:43:31.4526180Z ignoring duplicate directory "/Users/runner/work/tcm-storage-ios/tcm-storage-ios/build/Build/Products/Debug-iphonesimulator/PackageFrameworks"
2026-04-22T16:43:31.4628430Z ignoring duplicate directory "/Users/runner/work/tcm-storage-ios/tcm-storage-ios/build/Build/Products/Debug-iphonesimulator/PackageFrameworks"
2026-04-22T16:43:31.4741400Z ignoring duplicate directory "/Users/runner/work/tcm-storage-ios/tcm-storage-ios/build/Build/Products/Debug-iphonesimulator/PackageFrameworks"
2026-04-22T16:43:31.4843100Z ignoring duplicate directory "/Users/runner/work/tcm-storage-ios/tcm-storage-ios/build/Build/Products/Debug-iphonesimulator/PackageFrameworks"
2026-04-22T16:43:31.4980050Z ignoring duplicate directory "/Users/runner/work/tcm-storage-ios/tcm-storage-ios/build/Build/Products/Debug-iphonesimulator/PackageFrameworks"
2026-04-22T16:43:31.5082690Z ignoring duplicate directory "/Users/runner/work/tcm-storage-ios/tcm-storage-ios/build/Build/Products/Debug-iphonesimulator/PackageFrameworks"
2026-04-22T16:43:31.5188300Z ignoring duplicate directory "/Users/runner/work/tcm-storage-ios/tcm-storage-ios/build/Build/Products/Debug-iphonesimulator/PackageFrameworks"
2026-04-22T16:43:31.5323110Z ignoring duplicate directory "/Users/runner/work/tcm-storage-ios/tcm-storage-ios/build/Build/Products/Debug-iphonesimulator/PackageFrameworks"
2026-04-22T16:43:31.5323950Z ignoring duplicate directory "/Users/runner/work/tcm-storage-ios/tcm-storage-ios/build/Build/Products/Debug-iphonesimulator/PackageFrameworks"
2026-04-22T16:43:31.5430840Z ignoring duplicate directory "/Users/runner/work/tcm-storage-ios/tcm-storage-ios/build/Build/Products/Debug-iphonesimulator/PackageFrameworks"
2026-04-22T16:43:31.5561810Z ignoring duplicate directory "/Users/runner/work/tcm-storage-ios/tcm-storage-ios/build/Build/Products/Debug-iphonesimulator/PackageFrameworks"
2026-04-22T16:43:31.5667790Z ignoring duplicate directory "/Users/runner/work/tcm-storage-ios/tcm-storage-ios/build/Build/Products/Debug-iphonesimulator/PackageFrameworks"
2026-04-22T16:43:31.5774170Z ignoring duplicate directory "/Users/runner/work/tcm-storage-ios/tcm-storage-ios/build/Build/Products/Debug-iphonesimulator/PackageFrameworks"
2026-04-22T16:43:31.5877490Z ignoring duplicate directory "/Users/runner/work/tcm-storage-ios/tcm-storage-ios/build/Build/Products/Debug-iphonesimulator/PackageFrameworks"
2026-04-22T16:43:31.6010980Z ignoring duplicate directory "/Users/runner/work/tcm-storage-ios/tcm-storage-ios/build/Build/Products/Debug-iphonesimulator/PackageFrameworks"
2026-04-22T16:43:31.6117850Z ignoring duplicate directory "/Users/runner/work/tcm-storage-ios/tcm-storage-ios/build/Build/Products/Debug-iphonesimulator/PackageFrameworks"
2026-04-22T16:43:31.6224200Z ignoring duplicate directory "/Users/runner/work/tcm-storage-ios/tcm-storage-ios/build/Build/Products/Debug-iphonesimulator/PackageFrameworks"
2026-04-22T16:43:31.6374010Z ignoring duplicate directory "/Users/runner/work/tcm-storage-ios/tcm-storage-ios/build/Build/Products/Debug-iphonesimulator/PackageFrameworks"
2026-04-22T16:43:31.6496700Z ignoring duplicate directory "/Users/runner/work/tcm-storage-ios/tcm-storage-ios/build/Build/Products/Debug-iphonesimulator/PackageFrameworks"
2026-04-22T16:43:31.6598960Z #include "..." search starts here:
2026-04-22T16:43:31.6705740Z  /Users/runner/work/tcm-storage-ios/tcm-storage-ios/build/Build/Intermediates.noindex/Nextcloud.build/Debug-iphonesimulator/Widget.build/Widget-generated-files.hmap (headermap)
2026-04-22T16:43:31.6807370Z  /Users/runner/work/tcm-storage-ios/tcm-storage-ios/build/Build/Intermediates.noindex/Nextcloud.build/Debug-iphonesimulator/Widget.build/Widget-project-headers.hmap (headermap)
2026-04-22T16:43:31.6924340Z #include <...> search starts here:
2026-04-22T16:43:31.7033340Z  /Users/runner/work/tcm-storage-ios/tcm-storage-ios/build/Build/Intermediates.noindex/Nextcloud.build/Debug-iphonesimulator/Widget.build/Widget-own-target-headers.hmap (headermap)
2026-04-22T16:43:31.7136180Z  /Users/runner/work/tcm-storage-ios/tcm-storage-ios/build/Build/Intermediates.noindex/Nextcloud.build/Debug-iphonesimulator/Widget.build/Widget-all-non-framework-target-headers.hmap (headermap)
2026-04-22T16:43:31.7248690Z  /Users/runner/work/tcm-storage-ios/tcm-storage-ios/build/SourcePackages/checkouts/swift-atomics/Sources/_AtomicsShims/include
2026-04-22T16:43:31.7351650Z  /Users/runner/work/tcm-storage-ios/tcm-storage-ios/build/SourcePackages/checkouts/swift-nio/Sources/CNIOPosix/include
2026-04-22T16:43:31.7459680Z  /Users/runner/work/tcm-storage-ios/tcm-storage-ios/build/SourcePackages/checkouts/swift-nio/Sources/CNIOWASI/include
2026-04-22T16:43:31.7568490Z  /Users/runner/work/tcm-storage-ios/tcm-storage-ios/build/SourcePackages/checkouts/swift-nio/Sources/CNIOWindows/include
2026-04-22T16:43:31.7680150Z  /Users/runner/work/tcm-storage-ios/tcm-storage-ios/build/SourcePackages/checkouts/swift-nio/Sources/CNIOLinux/include
2026-04-22T16:43:31.7799170Z  /Users/runner/work/tcm-storage-ios/tcm-storage-ios/build/SourcePackages/checkouts/swift-nio/Sources/CNIODarwin/include
2026-04-22T16:43:31.7899790Z  /Users/runner/work/tcm-storage-ios/tcm-storage-ios/build/SourcePackages/checkouts/swift-nio/Sources/CNIOOpenBSD/include
2026-04-22T16:43:31.8026700Z  /Users/runner/work/tcm-storage-ios/tcm-storage-ios/build/SourcePackages/checkouts/swift-nio/Sources/CNIOAtomics/include
2026-04-22T16:43:31.8138240Z  /Users/runner/work/tcm-storage-ios/tcm-storage-ios/build/SourcePackages/checkouts/swift-nio-ssl/Sources/CNIOBoringSSLShims/include
2026-04-22T16:43:31.8249030Z  /Users/runner/work/tcm-storage-ios/tcm-storage-ios/build/SourcePackages/checkouts/swift-nio-ssl/Sources/CNIOBoringSSL/include
2026-04-22T16:43:31.8357350Z  /Users/runner/work/tcm-storage-ios/tcm-storage-ios/build/SourcePackages/checkouts/realm-core/src
2026-04-22T16:43:31.8458690Z  /Users/runner/work/tcm-storage-ios/tcm-storage-ios/build/SourcePackages/checkouts/realm-core/src/external/s2
2026-04-22T16:43:31.8561410Z  /Users/runner/work/tcm-storage-ios/tcm-storage-ios/build/SourcePackages/checkouts/realm-core/src/external/IntelRDFPMathLib20U2/LIBRARY/src
2026-04-22T16:43:31.8665870Z  /Users/runner/work/tcm-storage-ios/tcm-storage-ios/build/SourcePackages/checkouts/realm-core/src/spm
2026-04-22T16:43:31.8786590Z  /Users/runner/work/tcm-storage-ios/tcm-storage-ios/build/SourcePackages/checkouts/realm-swift/include
2026-04-22T16:43:31.8897860Z  /Users/runner/work/tcm-storage-ios/tcm-storage-ios/build/Build/Intermediates.noindex/Nextcloud.build/Debug-iphonesimulator/Widget.build/DerivedSources
2026-04-22T16:43:31.8999290Z  /Users/runner/work/tcm-storage-ios/tcm-storage-ios/build/Build/Products/Debug-iphonesimulator/PackageFrameworks (framework directory)
2026-04-22T16:43:31.9106730Z  /Users/runner/work/tcm-storage-ios/tcm-storage-ios/build/Build/Products/Debug-iphonesimulator (framework directory)
2026-04-22T16:43:31.9227570Z  /Applications/Xcode_26.2.app/Contents/Developer/Platforms/iPhoneSimulator.platform/Developer/Library/Frameworks (framework directory)
2026-04-22T16:43:31.9356850Z  /Applications/Xcode_26.2.app/Contents/Developer/Platforms/iPhoneSimulator.platform/Developer/SDKs/iPhoneSimulator26.2.sdk/Developer/Library/Frameworks (framework directory)
2026-04-22T16:43:31.9459580Z  /Applications/Xcode_26.2.app/Contents/Developer/Toolchains/XcodeDefault.xctoolchain/usr/lib/clang/17/include
2026-04-22T16:43:31.9592910Z  /Applications/Xcode_26.2.app/Contents/Developer/Platforms/iPhoneSimulator.platform/Developer/SDKs/iPhoneSimulator26.2.sdk/usr/include
2026-04-22T16:43:31.9715510Z  /Applications/Xcode_26.2.app/Contents/Developer/Toolchains/XcodeDefault.xctoolchain/usr/include
2026-04-22T16:43:31.9821200Z  /Applications/Xcode_26.2.app/Contents/Developer/Platforms/iPhoneSimulator.platform/Developer/SDKs/iPhoneSimulator26.2.sdk/System/Library/Frameworks (framework directory)
2026-04-22T16:43:31.9925410Z  /Applications/Xcode_26.2.app/Contents/Developer/Platforms/iPhoneSimulator.platform/Developer/SDKs/iPhoneSimulator26.2.sdk/System/Library/SubFrameworks (framework directory)
2026-04-22T16:43:32.0025970Z End of search list.
2026-04-22T16:43:32.0127830Z clang -cc1 version 17.0.0 (clang-1700.6.3.2) default target arm64-apple-darwin24.6.0
2026-04-22T16:43:32.0229330Z ignoring nonexistent directory "/Users/runner/work/tcm-storage-ios/tcm-storage-ios/build/Build/Products/Debug-iphonesimulator/include"
2026-04-22T16:43:32.0350600Z ignoring nonexistent directory "/Users/runner/work/tcm-storage-ios/tcm-storage-ios/build/Build/Intermediates.noindex/Nextcloud.build/Debug-iphonesimulator/Widget.build/DerivedSources-normal/arm64"
2026-04-22T16:43:32.0465120Z ignoring nonexistent directory "/Users/runner/work/tcm-storage-ios/tcm-storage-ios/build/Build/Intermediates.noindex/Nextcloud.build/Debug-iphonesimulator/Widget.build/DerivedSources/arm64"
2026-04-22T16:43:32.0571690Z ignoring nonexistent directory "/Applications/Xcode_26.2.app/Contents/Developer/Platforms/iPhoneSimulator.platform/Developer/SDKs/iPhoneSimulator26.2.sdk/usr/local/include"
2026-04-22T16:43:32.0707940Z ignoring nonexistent directory "/Applications/Xcode_26.2.app/Contents/Developer/Platforms/iPhoneSimulator.platform/Developer/SDKs/iPhoneSimulator26.2.sdk/Library/Frameworks"
2026-04-22T16:43:32.0837880Z ignoring duplicate directory "/Users/runner/work/tcm-storage-ios/tcm-storage-ios/build/Build/Products/Debug-iphonesimulator/PackageFrameworks"
2026-04-22T16:43:32.0953950Z ignoring duplicate directory "/Users/runner/work/tcm-storage-ios/tcm-storage-ios/build/Build/Products/Debug-iphonesimulator/PackageFrameworks"
2026-04-22T16:43:32.1103190Z ignoring duplicate directory "/Users/runner/work/tcm-storage-ios/tcm-storage-ios/build/Build/Products/Debug-iphonesimulator/PackageFrameworks"
2026-04-22T16:43:32.1242690Z ignoring duplicate directory "/Users/runner/work/tcm-storage-ios/tcm-storage-ios/build/Build/Products/Debug-iphonesimulator/PackageFrameworks"
2026-04-22T16:43:32.1372510Z ignoring duplicate directory "/Users/runner/work/tcm-storage-ios/tcm-storage-ios/build/Build/Products/Debug-iphonesimulator/PackageFrameworks"
2026-04-22T16:43:32.1491190Z ignoring duplicate directory "/Users/runner/work/tcm-storage-ios/tcm-storage-ios/build/Build/Products/Debug-iphonesimulator/PackageFrameworks"
2026-04-22T16:43:32.1609490Z ignoring duplicate directory "/Users/runner/work/tcm-storage-ios/tcm-storage-ios/build/Build/Products/Debug-iphonesimulator/PackageFrameworks"
2026-04-22T16:43:32.1797920Z ignoring duplicate directory "/Users/runner/work/tcm-storage-ios/tcm-storage-ios/build/Build/Products/Debug-iphonesimulator/PackageFrameworks"
2026-04-22T16:43:32.1904920Z ignoring duplicate directory "/Users/runner/work/tcm-storage-ios/tcm-storage-ios/build/Build/Products/Debug-iphonesimulator/PackageFrameworks"
2026-04-22T16:43:32.2034570Z ignoring duplicate directory "/Users/runner/work/tcm-storage-ios/tcm-storage-ios/build/Build/Products/Debug-iphonesimulator/PackageFrameworks"
2026-04-22T16:43:32.2146690Z ignoring duplicate directory "/Users/runner/work/tcm-storage-ios/tcm-storage-ios/build/Build/Products/Debug-iphonesimulator/PackageFrameworks"
2026-04-22T16:43:32.2315420Z ignoring duplicate directory "/Users/runner/work/tcm-storage-ios/tcm-storage-ios/build/Build/Products/Debug-iphonesimulator/PackageFrameworks"
2026-04-22T16:43:32.2426250Z ignoring duplicate directory "/Users/runner/work/tcm-storage-ios/tcm-storage-ios/build/Build/Products/Debug-iphonesimulator/PackageFrameworks"
2026-04-22T16:43:32.2536210Z ignoring duplicate directory "/Users/runner/work/tcm-storage-ios/tcm-storage-ios/build/Build/Products/Debug-iphonesimulator/PackageFrameworks"
2026-04-22T16:43:32.2540060Z ignoring duplicate directory "/Users/runner/work/tcm-storage-ios/tcm-storage-ios/build/Build/Products/Debug-iphonesimulator/PackageFrameworks"
2026-04-22T16:43:32.2645810Z ignoring duplicate directory "/Users/runner/work/tcm-storage-ios/tcm-storage-ios/build/Build/Products/Debug-iphonesimulator/PackageFrameworks"
2026-04-22T16:43:32.2777760Z ignoring duplicate directory "/Users/runner/work/tcm-storage-ios/tcm-storage-ios/build/Build/Products/Debug-iphonesimulator/PackageFrameworks"
2026-04-22T16:43:32.2778620Z ignoring duplicate directory "/Users/runner/work/tcm-storage-ios/tcm-storage-ios/build/Build/Products/Debug-iphonesimulator/PackageFrameworks"
2026-04-22T16:43:32.2779430Z ignoring duplicate directory "/Users/runner/work/tcm-storage-ios/tcm-storage-ios/build/Build/Products/Debug-iphonesimulator/PackageFrameworks"
2026-04-22T16:43:32.2780200Z ignoring duplicate directory "/Users/runner/work/tcm-storage-ios/tcm-storage-ios/build/Build/Products/Debug-iphonesimulator/PackageFrameworks"
2026-04-22T16:43:32.2784000Z ignoring duplicate directory "/Users/runner/work/tcm-storage-ios/tcm-storage-ios/build/Build/Products/Debug-iphonesimulator/PackageFrameworks"
2026-04-22T16:43:32.2788370Z ignoring duplicate directory "/Users/runner/work/tcm-storage-ios/tcm-storage-ios/build/Build/Products/Debug-iphonesimulator/PackageFrameworks"
2026-04-22T16:43:32.2790950Z ignoring duplicate directory "/Users/runner/work/tcm-storage-ios/tcm-storage-ios/build/Build/Products/Debug-iphonesimulator/PackageFrameworks"
2026-04-22T16:43:32.2794340Z ignoring duplicate directory "/Users/runner/work/tcm-storage-ios/tcm-storage-ios/build/Build/Products/Debug-iphonesimulator/PackageFrameworks"
2026-04-22T16:43:32.2881690Z ignoring duplicate directory "/Users/runner/work/tcm-storage-ios/tcm-storage-ios/build/Build/Products/Debug-iphonesimulator/PackageFrameworks"
2026-04-22T16:43:32.3021790Z ignoring duplicate directory "/Users/runner/work/tcm-storage-ios/tcm-storage-ios/build/Build/Products/Debug-iphonesimulator/PackageFrameworks"
2026-04-22T16:43:32.3133010Z ignoring duplicate directory "/Users/runner/work/tcm-storage-ios/tcm-storage-ios/build/Build/Products/Debug-iphonesimulator/PackageFrameworks"
2026-04-22T16:43:32.3245500Z ignoring duplicate directory "/Users/runner/work/tcm-storage-ios/tcm-storage-ios/build/Build/Products/Debug-iphonesimulator/PackageFrameworks"
2026-04-22T16:43:32.3357320Z ignoring duplicate directory "/Users/runner/work/tcm-storage-ios/tcm-storage-ios/build/Build/Products/Debug-iphonesimulator/PackageFrameworks"
2026-04-22T16:43:32.3459300Z ignoring duplicate directory "/Users/runner/work/tcm-storage-ios/tcm-storage-ios/build/Build/Products/Debug-iphonesimulator/PackageFrameworks"
2026-04-22T16:43:32.3570920Z ignoring duplicate directory "/Users/runner/work/tcm-storage-ios/tcm-storage-ios/build/Build/Products/Debug-iphonesimulator/PackageFrameworks"
2026-04-22T16:43:32.3683800Z ignoring duplicate directory "/Users/runner/work/tcm-storage-ios/tcm-storage-ios/build/Build/Products/Debug-iphonesimulator/PackageFrameworks"
2026-04-22T16:43:32.3787290Z ignoring duplicate directory "/Users/runner/work/tcm-storage-ios/tcm-storage-ios/build/Build/Products/Debug-iphonesimulator/PackageFrameworks"
2026-04-22T16:43:32.3892070Z ignoring duplicate directory "/Users/runner/work/tcm-storage-ios/tcm-storage-ios/build/Build/Products/Debug-iphonesimulator/PackageFrameworks"
2026-04-22T16:43:32.3993310Z #include "..." search starts here:
2026-04-22T16:43:32.4101920Z  /Users/runner/work/tcm-storage-ios/tcm-storage-ios/build/Build/Intermediates.noindex/Nextcloud.build/Debug-iphonesimulator/Widget.build/Widget-generated-files.hmap (headermap)
2026-04-22T16:43:32.4251110Z  /Users/runner/work/tcm-storage-ios/tcm-storage-ios/build/Build/Intermediates.noindex/Nextcloud.build/Debug-iphonesimulator/Widget.build/Widget-project-headers.hmap (headermap)
2026-04-22T16:43:32.4340670Z #include <...> search starts here:
2026-04-22T16:43:32.4441910Z  /Users/runner/work/tcm-storage-ios/tcm-storage-ios/build/Build/Intermediates.noindex/Nextcloud.build/Debug-iphonesimulator/Widget.build/Widget-own-target-headers.hmap (headermap)
2026-04-22T16:43:32.4580330Z  /Users/runner/work/tcm-storage-ios/tcm-storage-ios/build/Build/Intermediates.noindex/Nextcloud.build/Debug-iphonesimulator/Widget.build/Widget-all-non-framework-target-headers.hmap (headermap)
2026-04-22T16:43:32.4685720Z  /Users/runner/work/tcm-storage-ios/tcm-storage-ios/build/SourcePackages/checkouts/swift-atomics/Sources/_AtomicsShims/include
2026-04-22T16:43:32.4788110Z  /Users/runner/work/tcm-storage-ios/tcm-storage-ios/build/SourcePackages/checkouts/swift-nio/Sources/CNIOPosix/include
2026-04-22T16:43:32.4898740Z  /Users/runner/work/tcm-storage-ios/tcm-storage-ios/build/SourcePackages/checkouts/swift-nio/Sources/CNIOWASI/include
2026-04-22T16:43:32.5008110Z  /Users/runner/work/tcm-storage-ios/tcm-storage-ios/build/SourcePackages/checkouts/swift-nio/Sources/CNIOWindows/include
2026-04-22T16:43:32.5115180Z  /Users/runner/work/tcm-storage-ios/tcm-storage-ios/build/SourcePackages/checkouts/swift-nio/Sources/CNIOLinux/include
2026-04-22T16:43:32.5223770Z  /Users/runner/work/tcm-storage-ios/tcm-storage-ios/build/SourcePackages/checkouts/swift-nio/Sources/CNIODarwin/include
2026-04-22T16:43:32.5325510Z  /Users/runner/work/tcm-storage-ios/tcm-storage-ios/build/SourcePackages/checkouts/swift-nio/Sources/CNIOOpenBSD/include
2026-04-22T16:43:32.5431620Z  /Users/runner/work/tcm-storage-ios/tcm-storage-ios/build/SourcePackages/checkouts/swift-nio/Sources/CNIOAtomics/include
2026-04-22T16:43:32.5534880Z  /Users/runner/work/tcm-storage-ios/tcm-storage-ios/build/SourcePackages/checkouts/swift-nio-ssl/Sources/CNIOBoringSSLShims/include
2026-04-22T16:43:32.5636950Z  /Users/runner/work/tcm-storage-ios/tcm-storage-ios/build/SourcePackages/checkouts/swift-nio-ssl/Sources/CNIOBoringSSL/include
2026-04-22T16:43:32.5739980Z  /Users/runner/work/tcm-storage-ios/tcm-storage-ios/build/SourcePackages/checkouts/realm-core/src
2026-04-22T16:43:32.5861370Z  /Users/runner/work/tcm-storage-ios/tcm-storage-ios/build/SourcePackages/checkouts/realm-core/src/external/s2
2026-04-22T16:43:32.5964460Z  /Users/runner/work/tcm-storage-ios/tcm-storage-ios/build/SourcePackages/checkouts/realm-core/src/external/IntelRDFPMathLib20U2/LIBRARY/src
2026-04-22T16:43:32.6071170Z  /Users/runner/work/tcm-storage-ios/tcm-storage-ios/build/SourcePackages/checkouts/realm-core/src/spm
2026-04-22T16:43:32.6179460Z  /Users/runner/work/tcm-storage-ios/tcm-storage-ios/build/SourcePackages/checkouts/realm-swift/include
2026-04-22T16:43:32.6287880Z  /Users/runner/work/tcm-storage-ios/tcm-storage-ios/build/Build/Intermediates.noindex/Nextcloud.build/Debug-iphonesimulator/Widget.build/DerivedSources
2026-04-22T16:43:32.6416340Z  /Users/runner/work/tcm-storage-ios/tcm-storage-ios/build/Build/Products/Debug-iphonesimulator/PackageFrameworks (framework directory)
2026-04-22T16:43:32.6518290Z  /Users/runner/work/tcm-storage-ios/tcm-storage-ios/build/Build/Products/Debug-iphonesimulator (framework directory)
2026-04-22T16:43:32.6622150Z  /Applications/Xcode_26.2.app/Contents/Developer/Platforms/iPhoneSimulator.platform/Developer/Library/Frameworks (framework directory)
2026-04-22T16:43:32.6727480Z  /Applications/Xcode_26.2.app/Contents/Developer/Platforms/iPhoneSimulator.platform/Developer/SDKs/iPhoneSimulator26.2.sdk/Developer/Library/Frameworks (framework directory)
2026-04-22T16:43:32.6829360Z  /Applications/Xcode_26.2.app/Contents/Developer/Toolchains/XcodeDefault.xctoolchain/usr/lib/clang/17/include
2026-04-22T16:43:32.6939080Z  /Applications/Xcode_26.2.app/Contents/Developer/Platforms/iPhoneSimulator.platform/Developer/SDKs/iPhoneSimulator26.2.sdk/usr/include
2026-04-22T16:43:32.7040660Z  /Applications/Xcode_26.2.app/Contents/Developer/Toolchains/XcodeDefault.xctoolchain/usr/include
2026-04-22T16:43:32.7199490Z  /Applications/Xcode_26.2.app/Contents/Developer/Platforms/iPhoneSimulator.platform/Developer/SDKs/iPhoneSimulator26.2.sdk/System/Library/Frameworks (framework directory)
2026-04-22T16:43:32.7312570Z  /Applications/Xcode_26.2.app/Contents/Developer/Platforms/iPhoneSimulator.platform/Developer/SDKs/iPhoneSimulator26.2.sdk/System/Library/SubFrameworks (framework directory)
2026-04-22T16:43:32.7423320Z End of search list.
2026-04-22T16:43:32.7525750Z clang -cc1 version 17.0.0 (clang-1700.6.3.2) default target arm64-apple-darwin24.6.0
2026-04-22T16:43:32.7631710Z ignoring nonexistent directory "/Users/runner/work/tcm-storage-ios/tcm-storage-ios/build/Build/Products/Debug-iphonesimulator/include"
2026-04-22T16:43:32.7770160Z ignoring nonexistent directory "/Users/runner/work/tcm-storage-ios/tcm-storage-ios/build/Build/Intermediates.noindex/Nextcloud.build/Debug-iphonesimulator/Widget.build/DerivedSources-normal/arm64"
2026-04-22T16:43:32.7892430Z ignoring nonexistent directory "/Users/runner/work/tcm-storage-ios/tcm-storage-ios/build/Build/Intermediates.noindex/Nextcloud.build/Debug-iphonesimulator/Widget.build/DerivedSources/arm64"
2026-04-22T16:43:32.8012990Z ignoring nonexistent directory "/Applications/Xcode_26.2.app/Contents/Developer/Platforms/iPhoneSimulator.platform/Developer/SDKs/iPhoneSimulator26.2.sdk/usr/local/include"
2026-04-22T16:43:32.8168920Z ignoring nonexistent directory "/Applications/Xcode_26.2.app/Contents/Developer/Platforms/iPhoneSimulator.platform/Developer/SDKs/iPhoneSimulator26.2.sdk/Library/Frameworks"
2026-04-22T16:43:32.8275500Z ignoring duplicate directory "/Users/runner/work/tcm-storage-ios/tcm-storage-ios/build/Build/Products/Debug-iphonesimulator/PackageFrameworks"
2026-04-22T16:43:32.8388080Z ignoring duplicate directory "/Users/runner/work/tcm-storage-ios/tcm-storage-ios/build/Build/Products/Debug-iphonesimulator/PackageFrameworks"
2026-04-22T16:43:32.8501510Z ignoring duplicate directory "/Users/runner/work/tcm-storage-ios/tcm-storage-ios/build/Build/Products/Debug-iphonesimulator/PackageFrameworks"
2026-04-22T16:43:32.8629190Z ignoring duplicate directory "/Users/runner/work/tcm-storage-ios/tcm-storage-ios/build/Build/Products/Debug-iphonesimulator/PackageFrameworks"
2026-04-22T16:43:32.8737430Z ignoring duplicate directory "/Users/runner/work/tcm-storage-ios/tcm-storage-ios/build/Build/Products/Debug-iphonesimulator/PackageFrameworks"
2026-04-22T16:43:32.8871190Z ignoring duplicate directory "/Users/runner/work/tcm-storage-ios/tcm-storage-ios/build/Build/Products/Debug-iphonesimulator/PackageFrameworks"
2026-04-22T16:43:32.8975250Z ignoring duplicate directory "/Users/runner/work/tcm-storage-ios/tcm-storage-ios/build/Build/Products/Debug-iphonesimulator/PackageFrameworks"
2026-04-22T16:43:32.9087120Z ignoring duplicate directory "/Users/runner/work/tcm-storage-ios/tcm-storage-ios/build/Build/Products/Debug-iphonesimulator/PackageFrameworks"
2026-04-22T16:43:32.9189270Z ignoring duplicate directory "/Users/runner/work/tcm-storage-ios/tcm-storage-ios/build/Build/Products/Debug-iphonesimulator/PackageFrameworks"
2026-04-22T16:43:32.9190470Z ignoring duplicate directory "/Users/runner/work/tcm-storage-ios/tcm-storage-ios/build/Build/Products/Debug-iphonesimulator/PackageFrameworks"
2026-04-22T16:43:32.9297970Z ignoring duplicate directory "/Users/runner/work/tcm-storage-ios/tcm-storage-ios/build/Build/Products/Debug-iphonesimulator/PackageFrameworks"
2026-04-22T16:43:32.9401810Z ignoring duplicate directory "/Users/runner/work/tcm-storage-ios/tcm-storage-ios/build/Build/Products/Debug-iphonesimulator/PackageFrameworks"
2026-04-22T16:43:32.9522100Z ignoring duplicate directory "/Users/runner/work/tcm-storage-ios/tcm-storage-ios/build/Build/Products/Debug-iphonesimulator/PackageFrameworks"
2026-04-22T16:43:32.9643480Z ignoring duplicate directory "/Users/runner/work/tcm-storage-ios/tcm-storage-ios/build/Build/Products/Debug-iphonesimulator/PackageFrameworks"
2026-04-22T16:43:32.9745270Z ignoring duplicate directory "/Users/runner/work/tcm-storage-ios/tcm-storage-ios/build/Build/Products/Debug-iphonesimulator/PackageFrameworks"
2026-04-22T16:43:32.9866430Z ignoring duplicate directory "/Users/runner/work/tcm-storage-ios/tcm-storage-ios/build/Build/Products/Debug-iphonesimulator/PackageFrameworks"
2026-04-22T16:43:32.9968810Z ignoring duplicate directory "/Users/runner/work/tcm-storage-ios/tcm-storage-ios/build/Build/Products/Debug-iphonesimulator/PackageFrameworks"
2026-04-22T16:43:33.0070580Z ignoring duplicate directory "/Users/runner/work/tcm-storage-ios/tcm-storage-ios/build/Build/Products/Debug-iphonesimulator/PackageFrameworks"
2026-04-22T16:43:33.0186010Z ignoring duplicate directory "/Users/runner/work/tcm-storage-ios/tcm-storage-ios/build/Build/Products/Debug-iphonesimulator/PackageFrameworks"
2026-04-22T16:43:33.0317870Z ignoring duplicate directory "/Users/runner/work/tcm-storage-ios/tcm-storage-ios/build/Build/Products/Debug-iphonesimulator/PackageFrameworks"
2026-04-22T16:43:33.0448630Z ignoring duplicate directory "/Users/runner/work/tcm-storage-ios/tcm-storage-ios/build/Build/Products/Debug-iphonesimulator/PackageFrameworks"
2026-04-22T16:43:33.0568050Z ignoring duplicate directory "/Users/runner/work/tcm-storage-ios/tcm-storage-ios/build/Build/Products/Debug-iphonesimulator/PackageFrameworks"
2026-04-22T16:43:33.0680630Z ignoring duplicate directory "/Users/runner/work/tcm-storage-ios/tcm-storage-ios/build/Build/Products/Debug-iphonesimulator/PackageFrameworks"
2026-04-22T16:43:33.0788590Z ignoring duplicate directory "/Users/runner/work/tcm-storage-ios/tcm-storage-ios/build/Build/Products/Debug-iphonesimulator/PackageFrameworks"
2026-04-22T16:43:33.0908810Z ignoring duplicate directory "/Users/runner/work/tcm-storage-ios/tcm-storage-ios/build/Build/Products/Debug-iphonesimulator/PackageFrameworks"
2026-04-22T16:43:33.1010620Z ignoring duplicate directory "/Users/runner/work/tcm-storage-ios/tcm-storage-ios/build/Build/Products/Debug-iphonesimulator/PackageFrameworks"
2026-04-22T16:43:33.1112940Z ignoring duplicate directory "/Users/runner/work/tcm-storage-ios/tcm-storage-ios/build/Build/Products/Debug-iphonesimulator/PackageFrameworks"
2026-04-22T16:43:33.1214740Z ignoring duplicate directory "/Users/runner/work/tcm-storage-ios/tcm-storage-ios/build/Build/Products/Debug-iphonesimulator/PackageFrameworks"
2026-04-22T16:43:33.1321760Z ignoring duplicate directory "/Users/runner/work/tcm-storage-ios/tcm-storage-ios/build/Build/Products/Debug-iphonesimulator/PackageFrameworks"
2026-04-22T16:43:33.1424250Z ignoring duplicate directory "/Users/runner/work/tcm-storage-ios/tcm-storage-ios/build/Build/Products/Debug-iphonesimulator/PackageFrameworks"
2026-04-22T16:43:33.1525960Z ignoring duplicate directory "/Users/runner/work/tcm-storage-ios/tcm-storage-ios/build/Build/Products/Debug-iphonesimulator/PackageFrameworks"
2026-04-22T16:43:33.1633830Z ignoring duplicate directory "/Users/runner/work/tcm-storage-ios/tcm-storage-ios/build/Build/Products/Debug-iphonesimulator/PackageFrameworks"
2026-04-22T16:43:33.1754580Z ignoring duplicate directory "/Users/runner/work/tcm-storage-ios/tcm-storage-ios/build/Build/Products/Debug-iphonesimulator/PackageFrameworks"
2026-04-22T16:43:33.1908820Z ignoring duplicate directory "/Users/runner/work/tcm-storage-ios/tcm-storage-ios/build/Build/Products/Debug-iphonesimulator/PackageFrameworks"
2026-04-22T16:43:33.2019770Z #include "..." search starts here:
2026-04-22T16:43:33.2121280Z  /Users/runner/work/tcm-storage-ios/tcm-storage-ios/build/Build/Intermediates.noindex/Nextcloud.build/Debug-iphonesimulator/Widget.build/Widget-generated-files.hmap (headermap)
2026-04-22T16:43:33.2227120Z  /Users/runner/work/tcm-storage-ios/tcm-storage-ios/build/Build/Intermediates.noindex/Nextcloud.build/Debug-iphonesimulator/Widget.build/Widget-project-headers.hmap (headermap)
2026-04-22T16:43:33.2330870Z #include <...> search starts here:
2026-04-22T16:43:33.2437480Z  /Users/runner/work/tcm-storage-ios/tcm-storage-ios/build/Build/Intermediates.noindex/Nextcloud.build/Debug-iphonesimulator/Widget.build/Widget-own-target-headers.hmap (headermap)
2026-04-22T16:43:33.2539850Z  /Users/runner/work/tcm-storage-ios/tcm-storage-ios/build/Build/Intermediates.noindex/Nextcloud.build/Debug-iphonesimulator/Widget.build/Widget-all-non-framework-target-headers.hmap (headermap)
2026-04-22T16:43:33.2649180Z  /Users/runner/work/tcm-storage-ios/tcm-storage-ios/build/SourcePackages/checkouts/swift-atomics/Sources/_AtomicsShims/include
2026-04-22T16:43:33.2752130Z  /Users/runner/work/tcm-storage-ios/tcm-storage-ios/build/SourcePackages/checkouts/swift-nio/Sources/CNIOPosix/include
2026-04-22T16:43:33.2868140Z  /Users/runner/work/tcm-storage-ios/tcm-storage-ios/build/SourcePackages/checkouts/swift-nio/Sources/CNIOWASI/include
2026-04-22T16:43:33.2969630Z  /Users/runner/work/tcm-storage-ios/tcm-storage-ios/build/SourcePackages/checkouts/swift-nio/Sources/CNIOWindows/include
2026-04-22T16:43:33.3072200Z  /Users/runner/work/tcm-storage-ios/tcm-storage-ios/build/SourcePackages/checkouts/swift-nio/Sources/CNIOLinux/include
2026-04-22T16:43:33.3173910Z  /Users/runner/work/tcm-storage-ios/tcm-storage-ios/build/SourcePackages/checkouts/swift-nio/Sources/CNIODarwin/include
2026-04-22T16:43:33.3275570Z  /Users/runner/work/tcm-storage-ios/tcm-storage-ios/build/SourcePackages/checkouts/swift-nio/Sources/CNIOOpenBSD/include
2026-04-22T16:43:33.3379060Z  /Users/runner/work/tcm-storage-ios/tcm-storage-ios/build/SourcePackages/checkouts/swift-nio/Sources/CNIOAtomics/include
2026-04-22T16:43:33.3480660Z  /Users/runner/work/tcm-storage-ios/tcm-storage-ios/build/SourcePackages/checkouts/swift-nio-ssl/Sources/CNIOBoringSSLShims/include
2026-04-22T16:43:33.3582270Z  /Users/runner/work/tcm-storage-ios/tcm-storage-ios/build/SourcePackages/checkouts/swift-nio-ssl/Sources/CNIOBoringSSL/include
2026-04-22T16:43:33.3683800Z  /Users/runner/work/tcm-storage-ios/tcm-storage-ios/build/SourcePackages/checkouts/realm-core/src
2026-04-22T16:43:33.3785160Z  /Users/runner/work/tcm-storage-ios/tcm-storage-ios/build/SourcePackages/checkouts/realm-core/src/external/s2
2026-04-22T16:43:33.3887200Z  /Users/runner/work/tcm-storage-ios/tcm-storage-ios/build/SourcePackages/checkouts/realm-core/src/external/IntelRDFPMathLib20U2/LIBRARY/src
2026-04-22T16:43:33.3988910Z  /Users/runner/work/tcm-storage-ios/tcm-storage-ios/build/SourcePackages/checkouts/realm-core/src/spm
2026-04-22T16:43:33.4091770Z  /Users/runner/work/tcm-storage-ios/tcm-storage-ios/build/SourcePackages/checkouts/realm-swift/include
2026-04-22T16:43:33.4204410Z  /Users/runner/work/tcm-storage-ios/tcm-storage-ios/build/Build/Intermediates.noindex/Nextcloud.build/Debug-iphonesimulator/Widget.build/DerivedSources
2026-04-22T16:43:33.4264670Z  /Users/runner/work/tcm-storage-ios/tcm-storage-ios/build/Build/Products/Debug-iphonesimulator/PackageFrameworks (framework directory)
2026-04-22T16:43:33.4389600Z  /Users/runner/work/tcm-storage-ios/tcm-storage-ios/build/Build/Products/Debug-iphonesimulator (framework directory)
2026-04-22T16:43:33.4506480Z  /Applications/Xcode_26.2.app/Contents/Developer/Platforms/iPhoneSimulator.platform/Developer/Library/Frameworks (framework directory)
2026-04-22T16:43:33.4624730Z  /Applications/Xcode_26.2.app/Contents/Developer/Platforms/iPhoneSimulator.platform/Developer/SDKs/iPhoneSimulator26.2.sdk/Developer/Library/Frameworks (framework directory)
2026-04-22T16:43:33.4743560Z  /Applications/Xcode_26.2.app/Contents/Developer/Toolchains/XcodeDefault.xctoolchain/usr/lib/clang/17/include
2026-04-22T16:43:33.4848570Z  /Applications/Xcode_26.2.app/Contents/Developer/Platforms/iPhoneSimulator.platform/Developer/SDKs/iPhoneSimulator26.2.sdk/usr/include
2026-04-22T16:43:33.4958600Z  /Applications/Xcode_26.2.app/Contents/Developer/Toolchains/XcodeDefault.xctoolchain/usr/include
2026-04-22T16:43:33.5060020Z  /Applications/Xcode_26.2.app/Contents/Developer/Platforms/iPhoneSimulator.platform/Developer/SDKs/iPhoneSimulator26.2.sdk/System/Library/Frameworks (framework directory)
2026-04-22T16:43:33.5185370Z  /Applications/Xcode_26.2.app/Contents/Developer/Platforms/iPhoneSimulator.platform/Developer/SDKs/iPhoneSimulator26.2.sdk/System/Library/SubFrameworks (framework directory)
2026-04-22T16:43:33.5294270Z End of search list.
2026-04-22T16:43:33.5426490Z clang -cc1 version 17.0.0 (clang-1700.6.3.2) default target arm64-apple-darwin24.6.0
2026-04-22T16:43:33.5528430Z ignoring nonexistent directory "/Users/runner/work/tcm-storage-ios/tcm-storage-ios/build/Build/Products/Debug-iphonesimulator/include"
2026-04-22T16:43:33.5643430Z ignoring nonexistent directory "/Users/runner/work/tcm-storage-ios/tcm-storage-ios/build/Build/Intermediates.noindex/Nextcloud.build/Debug-iphonesimulator/Widget.build/DerivedSources-normal/arm64"
2026-04-22T16:43:33.5745400Z ignoring nonexistent directory "/Users/runner/work/tcm-storage-ios/tcm-storage-ios/build/Build/Intermediates.noindex/Nextcloud.build/Debug-iphonesimulator/Widget.build/DerivedSources/arm64"
2026-04-22T16:43:33.5847240Z ignoring nonexistent directory "/Applications/Xcode_26.2.app/Contents/Developer/Platforms/iPhoneSimulator.platform/Developer/SDKs/iPhoneSimulator26.2.sdk/usr/local/include"
2026-04-22T16:43:33.6051600Z ignoring nonexistent directory "/Applications/Xcode_26.2.app/Contents/Developer/Platforms/iPhoneSimulator.platform/Developer/SDKs/iPhoneSimulator26.2.sdk/Library/Frameworks"
2026-04-22T16:43:33.6155170Z ignoring duplicate directory "/Users/runner/work/tcm-storage-ios/tcm-storage-ios/build/Build/Products/Debug-iphonesimulator/PackageFrameworks"
2026-04-22T16:43:33.6294550Z ignoring duplicate directory "/Users/runner/work/tcm-storage-ios/tcm-storage-ios/build/Build/Products/Debug-iphonesimulator/PackageFrameworks"
2026-04-22T16:43:33.6435470Z ignoring duplicate directory "/Users/runner/work/tcm-storage-ios/tcm-storage-ios/build/Build/Products/Debug-iphonesimulator/PackageFrameworks"
2026-04-22T16:43:33.6554080Z ignoring duplicate directory "/Users/runner/work/tcm-storage-ios/tcm-storage-ios/build/Build/Products/Debug-iphonesimulator/PackageFrameworks"
2026-04-22T16:43:33.6661590Z ignoring duplicate directory "/Users/runner/work/tcm-storage-ios/tcm-storage-ios/build/Build/Products/Debug-iphonesimulator/PackageFrameworks"
2026-04-22T16:43:33.6764950Z ignoring duplicate directory "/Users/runner/work/tcm-storage-ios/tcm-storage-ios/build/Build/Products/Debug-iphonesimulator/PackageFrameworks"
2026-04-22T16:43:33.6873930Z ignoring duplicate directory "/Users/runner/work/tcm-storage-ios/tcm-storage-ios/build/Build/Products/Debug-iphonesimulator/PackageFrameworks"
2026-04-22T16:43:33.6976500Z ignoring duplicate directory "/Users/runner/work/tcm-storage-ios/tcm-storage-ios/build/Build/Products/Debug-iphonesimulator/PackageFrameworks"
2026-04-22T16:43:33.7092070Z ignoring duplicate directory "/Users/runner/work/tcm-storage-ios/tcm-storage-ios/build/Build/Products/Debug-iphonesimulator/PackageFrameworks"
2026-04-22T16:43:33.7223130Z ignoring duplicate directory "/Users/runner/work/tcm-storage-ios/tcm-storage-ios/build/Build/Products/Debug-iphonesimulator/PackageFrameworks"
2026-04-22T16:43:33.7325000Z ignoring duplicate directory "/Users/runner/work/tcm-storage-ios/tcm-storage-ios/build/Build/Products/Debug-iphonesimulator/PackageFrameworks"
2026-04-22T16:43:33.7439570Z ignoring duplicate directory "/Users/runner/work/tcm-storage-ios/tcm-storage-ios/build/Build/Products/Debug-iphonesimulator/PackageFrameworks"
2026-04-22T16:43:33.7584860Z ignoring duplicate directory "/Users/runner/work/tcm-storage-ios/tcm-storage-ios/build/Build/Products/Debug-iphonesimulator/PackageFrameworks"
2026-04-22T16:43:33.7717690Z ignoring duplicate directory "/Users/runner/work/tcm-storage-ios/tcm-storage-ios/build/Build/Products/Debug-iphonesimulator/PackageFrameworks"
2026-04-22T16:43:33.7855190Z ignoring duplicate directory "/Users/runner/work/tcm-storage-ios/tcm-storage-ios/build/Build/Products/Debug-iphonesimulator/PackageFrameworks"
2026-04-22T16:43:33.7959810Z ignoring duplicate directory "/Users/runner/work/tcm-storage-ios/tcm-storage-ios/build/Build/Products/Debug-iphonesimulator/PackageFrameworks"
2026-04-22T16:43:33.8086850Z ignoring duplicate directory "/Users/runner/work/tcm-storage-ios/tcm-storage-ios/build/Build/Products/Debug-iphonesimulator/PackageFrameworks"
2026-04-22T16:43:33.8189650Z ignoring duplicate directory "/Users/runner/work/tcm-storage-ios/tcm-storage-ios/build/Build/Products/Debug-iphonesimulator/PackageFrameworks"
2026-04-22T16:43:33.8303690Z ignoring duplicate directory "/Users/runner/work/tcm-storage-ios/tcm-storage-ios/build/Build/Products/Debug-iphonesimulator/PackageFrameworks"
2026-04-22T16:43:33.8405550Z ignoring duplicate directory "/Users/runner/work/tcm-storage-ios/tcm-storage-ios/build/Build/Products/Debug-iphonesimulator/PackageFrameworks"
2026-04-22T16:43:33.8510910Z ignoring duplicate directory "/Users/runner/work/tcm-storage-ios/tcm-storage-ios/build/Build/Products/Debug-iphonesimulator/PackageFrameworks"
2026-04-22T16:43:33.8620990Z ignoring duplicate directory "/Users/runner/work/tcm-storage-ios/tcm-storage-ios/build/Build/Products/Debug-iphonesimulator/PackageFrameworks"
2026-04-22T16:43:33.8744370Z ignoring duplicate directory "/Users/runner/work/tcm-storage-ios/tcm-storage-ios/build/Build/Products/Debug-iphonesimulator/PackageFrameworks"
2026-04-22T16:43:33.8851990Z ignoring duplicate directory "/Users/runner/work/tcm-storage-ios/tcm-storage-ios/build/Build/Products/Debug-iphonesimulator/PackageFrameworks"
2026-04-22T16:43:33.8984280Z ignoring duplicate directory "/Users/runner/work/tcm-storage-ios/tcm-storage-ios/build/Build/Products/Debug-iphonesimulator/PackageFrameworks"
2026-04-22T16:43:33.9086210Z ignoring duplicate directory "/Users/runner/work/tcm-storage-ios/tcm-storage-ios/build/Build/Products/Debug-iphonesimulator/PackageFrameworks"
2026-04-22T16:43:33.9188010Z ignoring duplicate directory "/Users/runner/work/tcm-storage-ios/tcm-storage-ios/build/Build/Products/Debug-iphonesimulator/PackageFrameworks"
2026-04-22T16:43:33.9300720Z ignoring duplicate directory "/Users/runner/work/tcm-storage-ios/tcm-storage-ios/build/Build/Products/Debug-iphonesimulator/PackageFrameworks"
2026-04-22T16:43:33.9405840Z ignoring duplicate directory "/Users/runner/work/tcm-storage-ios/tcm-storage-ios/build/Build/Products/Debug-iphonesimulator/PackageFrameworks"
2026-04-22T16:43:33.9507880Z ignoring duplicate directory "/Users/runner/work/tcm-storage-ios/tcm-storage-ios/build/Build/Products/Debug-iphonesimulator/PackageFrameworks"
2026-04-22T16:43:33.9624290Z ignoring duplicate directory "/Users/runner/work/tcm-storage-ios/tcm-storage-ios/build/Build/Products/Debug-iphonesimulator/PackageFrameworks"
2026-04-22T16:43:33.9726380Z ignoring duplicate directory "/Users/runner/work/tcm-storage-ios/tcm-storage-ios/build/Build/Products/Debug-iphonesimulator/PackageFrameworks"
2026-04-22T16:43:33.9827990Z ignoring duplicate directory "/Users/runner/work/tcm-storage-ios/tcm-storage-ios/build/Build/Products/Debug-iphonesimulator/PackageFrameworks"
2026-04-22T16:43:33.9946550Z ignoring duplicate directory "/Users/runner/work/tcm-storage-ios/tcm-storage-ios/build/Build/Products/Debug-iphonesimulator/PackageFrameworks"
2026-04-22T16:43:34.0049000Z #include "..." search starts here:
2026-04-22T16:43:34.0151710Z  /Users/runner/work/tcm-storage-ios/tcm-storage-ios/build/Build/Intermediates.noindex/Nextcloud.build/Debug-iphonesimulator/Widget.build/Widget-generated-files.hmap (headermap)
2026-04-22T16:43:34.0279810Z  /Users/runner/work/tcm-storage-ios/tcm-storage-ios/build/Build/Intermediates.noindex/Nextcloud.build/Debug-iphonesimulator/Widget.build/Widget-project-headers.hmap (headermap)
2026-04-22T16:43:34.0382610Z #include <...> search starts here:
2026-04-22T16:43:34.0485250Z  /Users/runner/work/tcm-storage-ios/tcm-storage-ios/build/Build/Intermediates.noindex/Nextcloud.build/Debug-iphonesimulator/Widget.build/Widget-own-target-headers.hmap (headermap)
2026-04-22T16:43:34.0589750Z  /Users/runner/work/tcm-storage-ios/tcm-storage-ios/build/Build/Intermediates.noindex/Nextcloud.build/Debug-iphonesimulator/Widget.build/Widget-all-non-framework-target-headers.hmap (headermap)
2026-04-22T16:43:34.0701190Z  /Users/runner/work/tcm-storage-ios/tcm-storage-ios/build/SourcePackages/checkouts/swift-atomics/Sources/_AtomicsShims/include
2026-04-22T16:43:34.0803520Z  /Users/runner/work/tcm-storage-ios/tcm-storage-ios/build/SourcePackages/checkouts/swift-nio/Sources/CNIOPosix/include
2026-04-22T16:43:34.0906480Z  /Users/runner/work/tcm-storage-ios/tcm-storage-ios/build/SourcePackages/checkouts/swift-nio/Sources/CNIOWASI/include
2026-04-22T16:43:34.1009860Z  /Users/runner/work/tcm-storage-ios/tcm-storage-ios/build/SourcePackages/checkouts/swift-nio/Sources/CNIOWindows/include
2026-04-22T16:43:34.1113730Z  /Users/runner/work/tcm-storage-ios/tcm-storage-ios/build/SourcePackages/checkouts/swift-nio/Sources/CNIOLinux/include
2026-04-22T16:43:34.1222590Z  /Users/runner/work/tcm-storage-ios/tcm-storage-ios/build/SourcePackages/checkouts/swift-nio/Sources/CNIODarwin/include
2026-04-22T16:43:34.1342990Z  /Users/runner/work/tcm-storage-ios/tcm-storage-ios/build/SourcePackages/checkouts/swift-nio/Sources/CNIOOpenBSD/include
2026-04-22T16:43:34.1453780Z  /Users/runner/work/tcm-storage-ios/tcm-storage-ios/build/SourcePackages/checkouts/swift-nio/Sources/CNIOAtomics/include
2026-04-22T16:43:34.1567070Z  /Users/runner/work/tcm-storage-ios/tcm-storage-ios/build/SourcePackages/checkouts/swift-nio-ssl/Sources/CNIOBoringSSLShims/include
2026-04-22T16:43:34.1679990Z  /Users/runner/work/tcm-storage-ios/tcm-storage-ios/build/SourcePackages/checkouts/swift-nio-ssl/Sources/CNIOBoringSSL/include
2026-04-22T16:43:34.1782560Z  /Users/runner/work/tcm-storage-ios/tcm-storage-ios/build/SourcePackages/checkouts/realm-core/src
2026-04-22T16:43:34.1884200Z  /Users/runner/work/tcm-storage-ios/tcm-storage-ios/build/SourcePackages/checkouts/realm-core/src/external/s2
2026-04-22T16:43:34.1986970Z  /Users/runner/work/tcm-storage-ios/tcm-storage-ios/build/SourcePackages/checkouts/realm-core/src/external/IntelRDFPMathLib20U2/LIBRARY/src
2026-04-22T16:43:34.2089630Z  /Users/runner/work/tcm-storage-ios/tcm-storage-ios/build/SourcePackages/checkouts/realm-core/src/spm
2026-04-22T16:43:34.2198170Z  /Users/runner/work/tcm-storage-ios/tcm-storage-ios/build/SourcePackages/checkouts/realm-swift/include
2026-04-22T16:43:34.2313450Z  /Users/runner/work/tcm-storage-ios/tcm-storage-ios/build/Build/Intermediates.noindex/Nextcloud.build/Debug-iphonesimulator/Widget.build/DerivedSources
2026-04-22T16:43:34.2416260Z  /Users/runner/work/tcm-storage-ios/tcm-storage-ios/build/Build/Products/Debug-iphonesimulator/PackageFrameworks (framework directory)
2026-04-22T16:43:34.2520180Z  /Users/runner/work/tcm-storage-ios/tcm-storage-ios/build/Build/Products/Debug-iphonesimulator (framework directory)
2026-04-22T16:43:34.2623060Z  /Applications/Xcode_26.2.app/Contents/Developer/Platforms/iPhoneSimulator.platform/Developer/Library/Frameworks (framework directory)
2026-04-22T16:43:34.2731180Z  /Applications/Xcode_26.2.app/Contents/Developer/Platforms/iPhoneSimulator.platform/Developer/SDKs/iPhoneSimulator26.2.sdk/Developer/Library/Frameworks (framework directory)
2026-04-22T16:43:34.2836080Z  /Applications/Xcode_26.2.app/Contents/Developer/Toolchains/XcodeDefault.xctoolchain/usr/lib/clang/17/include
2026-04-22T16:43:34.2938740Z  /Applications/Xcode_26.2.app/Contents/Developer/Platforms/iPhoneSimulator.platform/Developer/SDKs/iPhoneSimulator26.2.sdk/usr/include
2026-04-22T16:43:34.3041440Z  /Applications/Xcode_26.2.app/Contents/Developer/Toolchains/XcodeDefault.xctoolchain/usr/include
2026-04-22T16:43:34.3162060Z  /Applications/Xcode_26.2.app/Contents/Developer/Platforms/iPhoneSimulator.platform/Developer/SDKs/iPhoneSimulator26.2.sdk/System/Library/Frameworks (framework directory)
2026-04-22T16:43:34.3274030Z  /Applications/Xcode_26.2.app/Contents/Developer/Platforms/iPhoneSimulator.platform/Developer/SDKs/iPhoneSimulator26.2.sdk/System/Library/SubFrameworks (framework directory)
2026-04-22T16:43:34.3375320Z End of search list.
2026-04-22T16:43:34.3477290Z clang -cc1 version 17.0.0 (clang-1700.6.3.2) default target arm64-apple-darwin24.6.0
2026-04-22T16:43:34.3657140Z ignoring nonexistent directory "/Users/runner/work/tcm-storage-ios/tcm-storage-ios/build/Build/Products/Debug-iphonesimulator/include"
2026-04-22T16:43:34.3787490Z ignoring nonexistent directory "/Users/runner/work/tcm-storage-ios/tcm-storage-ios/build/Build/Intermediates.noindex/Nextcloud.build/Debug-iphonesimulator/Widget.build/DerivedSources-normal/arm64"
2026-04-22T16:43:34.3895990Z ignoring nonexistent directory "/Users/runner/work/tcm-storage-ios/tcm-storage-ios/build/Build/Intermediates.noindex/Nextcloud.build/Debug-iphonesimulator/Widget.build/DerivedSources/arm64"
2026-04-22T16:43:34.4007030Z ignoring nonexistent directory "/Applications/Xcode_26.2.app/Contents/Developer/Platforms/iPhoneSimulator.platform/Developer/SDKs/iPhoneSimulator26.2.sdk/usr/local/include"
2026-04-22T16:43:34.4138760Z ignoring nonexistent directory "/Applications/Xcode_26.2.app/Contents/Developer/Platforms/iPhoneSimulator.platform/Developer/SDKs/iPhoneSimulator26.2.sdk/Library/Frameworks"
2026-04-22T16:43:34.4242290Z ignoring duplicate directory "/Users/runner/work/tcm-storage-ios/tcm-storage-ios/build/Build/Products/Debug-iphonesimulator/PackageFrameworks"
2026-04-22T16:43:34.4344910Z ignoring duplicate directory "/Users/runner/work/tcm-storage-ios/tcm-storage-ios/build/Build/Products/Debug-iphonesimulator/PackageFrameworks"
2026-04-22T16:43:34.4448230Z ignoring duplicate directory "/Users/runner/work/tcm-storage-ios/tcm-storage-ios/build/Build/Products/Debug-iphonesimulator/PackageFrameworks"
2026-04-22T16:43:34.4558590Z ignoring duplicate directory "/Users/runner/work/tcm-storage-ios/tcm-storage-ios/build/Build/Products/Debug-iphonesimulator/PackageFrameworks"
2026-04-22T16:43:34.4660150Z ignoring duplicate directory "/Users/runner/work/tcm-storage-ios/tcm-storage-ios/build/Build/Products/Debug-iphonesimulator/PackageFrameworks"
2026-04-22T16:43:34.4761670Z ignoring duplicate directory "/Users/runner/work/tcm-storage-ios/tcm-storage-ios/build/Build/Products/Debug-iphonesimulator/PackageFrameworks"
2026-04-22T16:43:34.4862990Z ignoring duplicate directory "/Users/runner/work/tcm-storage-ios/tcm-storage-ios/build/Build/Products/Debug-iphonesimulator/PackageFrameworks"
2026-04-22T16:43:34.4964970Z ignoring duplicate directory "/Users/runner/work/tcm-storage-ios/tcm-storage-ios/build/Build/Products/Debug-iphonesimulator/PackageFrameworks"
2026-04-22T16:43:34.5065350Z ignoring duplicate directory "/Users/runner/work/tcm-storage-ios/tcm-storage-ios/build/Build/Products/Debug-iphonesimulator/PackageFrameworks"
2026-04-22T16:43:34.5169070Z ignoring duplicate directory "/Users/runner/work/tcm-storage-ios/tcm-storage-ios/build/Build/Products/Debug-iphonesimulator/PackageFrameworks"
2026-04-22T16:43:34.5271690Z ignoring duplicate directory "/Users/runner/work/tcm-storage-ios/tcm-storage-ios/build/Build/Products/Debug-iphonesimulator/PackageFrameworks"
2026-04-22T16:43:34.5374570Z ignoring duplicate directory "/Users/runner/work/tcm-storage-ios/tcm-storage-ios/build/Build/Products/Debug-iphonesimulator/PackageFrameworks"
2026-04-22T16:43:34.5475710Z ignoring duplicate directory "/Users/runner/work/tcm-storage-ios/tcm-storage-ios/build/Build/Products/Debug-iphonesimulator/PackageFrameworks"
2026-04-22T16:43:34.5629750Z ignoring duplicate directory "/Users/runner/work/tcm-storage-ios/tcm-storage-ios/build/Build/Products/Debug-iphonesimulator/PackageFrameworks"
2026-04-22T16:43:34.5734880Z ignoring duplicate directory "/Users/runner/work/tcm-storage-ios/tcm-storage-ios/build/Build/Products/Debug-iphonesimulator/PackageFrameworks"
2026-04-22T16:43:34.5839550Z ignoring duplicate directory "/Users/runner/work/tcm-storage-ios/tcm-storage-ios/build/Build/Products/Debug-iphonesimulator/PackageFrameworks"
2026-04-22T16:43:34.5941260Z ignoring duplicate directory "/Users/runner/work/tcm-storage-ios/tcm-storage-ios/build/Build/Products/Debug-iphonesimulator/PackageFrameworks"
2026-04-22T16:43:34.6046680Z ignoring duplicate directory "/Users/runner/work/tcm-storage-ios/tcm-storage-ios/build/Build/Products/Debug-iphonesimulator/PackageFrameworks"
2026-04-22T16:43:34.6150450Z ignoring duplicate directory "/Users/runner/work/tcm-storage-ios/tcm-storage-ios/build/Build/Products/Debug-iphonesimulator/PackageFrameworks"
2026-04-22T16:43:34.6276120Z ignoring duplicate directory "/Users/runner/work/tcm-storage-ios/tcm-storage-ios/build/Build/Products/Debug-iphonesimulator/PackageFrameworks"
2026-04-22T16:43:34.6377820Z ignoring duplicate directory "/Users/runner/work/tcm-storage-ios/tcm-storage-ios/build/Build/Products/Debug-iphonesimulator/PackageFrameworks"
2026-04-22T16:43:34.6495210Z ignoring duplicate directory "/Users/runner/work/tcm-storage-ios/tcm-storage-ios/build/Build/Products/Debug-iphonesimulator/PackageFrameworks"
2026-04-22T16:43:34.6598420Z ignoring duplicate directory "/Users/runner/work/tcm-storage-ios/tcm-storage-ios/build/Build/Products/Debug-iphonesimulator/PackageFrameworks"
2026-04-22T16:43:34.6723950Z ignoring duplicate directory "/Users/runner/work/tcm-storage-ios/tcm-storage-ios/build/Build/Products/Debug-iphonesimulator/PackageFrameworks"
2026-04-22T16:43:34.6827180Z ignoring duplicate directory "/Users/runner/work/tcm-storage-ios/tcm-storage-ios/build/Build/Products/Debug-iphonesimulator/PackageFrameworks"
2026-04-22T16:43:34.6941680Z ignoring duplicate directory "/Users/runner/work/tcm-storage-ios/tcm-storage-ios/build/Build/Products/Debug-iphonesimulator/PackageFrameworks"
2026-04-22T16:43:34.7051870Z ignoring duplicate directory "/Users/runner/work/tcm-storage-ios/tcm-storage-ios/build/Build/Products/Debug-iphonesimulator/PackageFrameworks"
2026-04-22T16:43:34.7159770Z ignoring duplicate directory "/Users/runner/work/tcm-storage-ios/tcm-storage-ios/build/Build/Products/Debug-iphonesimulator/PackageFrameworks"
2026-04-22T16:43:34.7174040Z ignoring duplicate directory "/Users/runner/work/tcm-storage-ios/tcm-storage-ios/build/Build/Products/Debug-iphonesimulator/PackageFrameworks"
2026-04-22T16:43:34.7279010Z ignoring duplicate directory "/Users/runner/work/tcm-storage-ios/tcm-storage-ios/build/Build/Products/Debug-iphonesimulator/PackageFrameworks"
2026-04-22T16:43:34.7388480Z ignoring duplicate directory "/Users/runner/work/tcm-storage-ios/tcm-storage-ios/build/Build/Products/Debug-iphonesimulator/PackageFrameworks"
2026-04-22T16:43:34.7490500Z ignoring duplicate directory "/Users/runner/work/tcm-storage-ios/tcm-storage-ios/build/Build/Products/Debug-iphonesimulator/PackageFrameworks"
2026-04-22T16:43:34.7593830Z ignoring duplicate directory "/Users/runner/work/tcm-storage-ios/tcm-storage-ios/build/Build/Products/Debug-iphonesimulator/PackageFrameworks"
2026-04-22T16:43:34.7695470Z ignoring duplicate directory "/Users/runner/work/tcm-storage-ios/tcm-storage-ios/build/Build/Products/Debug-iphonesimulator/PackageFrameworks"
2026-04-22T16:43:34.7797190Z #include "..." search starts here:
2026-04-22T16:43:34.7914950Z  /Users/runner/work/tcm-storage-ios/tcm-storage-ios/build/Build/Intermediates.noindex/Nextcloud.build/Debug-iphonesimulator/Widget.build/Widget-generated-files.hmap (headermap)
2026-04-22T16:43:34.8028430Z  /Users/runner/work/tcm-storage-ios/tcm-storage-ios/build/Build/Intermediates.noindex/Nextcloud.build/Debug-iphonesimulator/Widget.build/Widget-project-headers.hmap (headermap)
2026-04-22T16:43:34.8129780Z #include <...> search starts here:
2026-04-22T16:43:34.8231520Z  /Users/runner/work/tcm-storage-ios/tcm-storage-ios/build/Build/Intermediates.noindex/Nextcloud.build/Debug-iphonesimulator/Widget.build/Widget-own-target-headers.hmap (headermap)
2026-04-22T16:43:34.8333870Z  /Users/runner/work/tcm-storage-ios/tcm-storage-ios/build/Build/Intermediates.noindex/Nextcloud.build/Debug-iphonesimulator/Widget.build/Widget-all-non-framework-target-headers.hmap (headermap)
2026-04-22T16:43:34.8437060Z  /Users/runner/work/tcm-storage-ios/tcm-storage-ios/build/SourcePackages/checkouts/swift-atomics/Sources/_AtomicsShims/include
2026-04-22T16:43:34.8538660Z  /Users/runner/work/tcm-storage-ios/tcm-storage-ios/build/SourcePackages/checkouts/swift-nio/Sources/CNIOPosix/include
2026-04-22T16:43:34.8643930Z  /Users/runner/work/tcm-storage-ios/tcm-storage-ios/build/SourcePackages/checkouts/swift-nio/Sources/CNIOWASI/include
2026-04-22T16:43:34.8760820Z  /Users/runner/work/tcm-storage-ios/tcm-storage-ios/build/SourcePackages/checkouts/swift-nio/Sources/CNIOWindows/include
2026-04-22T16:43:34.8862510Z  /Users/runner/work/tcm-storage-ios/tcm-storage-ios/build/SourcePackages/checkouts/swift-nio/Sources/CNIOLinux/include
2026-04-22T16:43:34.8964090Z  /Users/runner/work/tcm-storage-ios/tcm-storage-ios/build/SourcePackages/checkouts/swift-nio/Sources/CNIODarwin/include
2026-04-22T16:43:34.9066000Z  /Users/runner/work/tcm-storage-ios/tcm-storage-ios/build/SourcePackages/checkouts/swift-nio/Sources/CNIOOpenBSD/include
2026-04-22T16:43:34.9167720Z  /Users/runner/work/tcm-storage-ios/tcm-storage-ios/build/SourcePackages/checkouts/swift-nio/Sources/CNIOAtomics/include
2026-04-22T16:43:34.9269720Z  /Users/runner/work/tcm-storage-ios/tcm-storage-ios/build/SourcePackages/checkouts/swift-nio-ssl/Sources/CNIOBoringSSLShims/include
2026-04-22T16:43:34.9402490Z  /Users/runner/work/tcm-storage-ios/tcm-storage-ios/build/SourcePackages/checkouts/swift-nio-ssl/Sources/CNIOBoringSSL/include
2026-04-22T16:43:34.9522880Z  /Users/runner/work/tcm-storage-ios/tcm-storage-ios/build/SourcePackages/checkouts/realm-core/src
2026-04-22T16:43:34.9657640Z  /Users/runner/work/tcm-storage-ios/tcm-storage-ios/build/SourcePackages/checkouts/realm-core/src/external/s2
2026-04-22T16:43:34.9745170Z  /Users/runner/work/tcm-storage-ios/tcm-storage-ios/build/SourcePackages/checkouts/realm-core/src/external/IntelRDFPMathLib20U2/LIBRARY/src
2026-04-22T16:43:34.9848180Z  /Users/runner/work/tcm-storage-ios/tcm-storage-ios/build/SourcePackages/checkouts/realm-core/src/spm
2026-04-22T16:43:34.9954980Z  /Users/runner/work/tcm-storage-ios/tcm-storage-ios/build/SourcePackages/checkouts/realm-swift/include
2026-04-22T16:43:35.0080670Z  /Users/runner/work/tcm-storage-ios/tcm-storage-ios/build/Build/Intermediates.noindex/Nextcloud.build/Debug-iphonesimulator/Widget.build/DerivedSources
2026-04-22T16:43:35.0183620Z  /Users/runner/work/tcm-storage-ios/tcm-storage-ios/build/Build/Products/Debug-iphonesimulator/PackageFrameworks (framework directory)
2026-04-22T16:43:35.0285980Z  /Users/runner/work/tcm-storage-ios/tcm-storage-ios/build/Build/Products/Debug-iphonesimulator (framework directory)
2026-04-22T16:43:35.0407640Z  /Applications/Xcode_26.2.app/Contents/Developer/Platforms/iPhoneSimulator.platform/Developer/Library/Frameworks (framework directory)
2026-04-22T16:43:35.0510950Z  /Applications/Xcode_26.2.app/Contents/Developer/Platforms/iPhoneSimulator.platform/Developer/SDKs/iPhoneSimulator26.2.sdk/Developer/Library/Frameworks (framework directory)
2026-04-22T16:43:35.0612910Z  /Applications/Xcode_26.2.app/Contents/Developer/Toolchains/XcodeDefault.xctoolchain/usr/lib/clang/17/include
2026-04-22T16:43:35.0714930Z  /Applications/Xcode_26.2.app/Contents/Developer/Platforms/iPhoneSimulator.platform/Developer/SDKs/iPhoneSimulator26.2.sdk/usr/include
2026-04-22T16:43:35.0816380Z  /Applications/Xcode_26.2.app/Contents/Developer/Toolchains/XcodeDefault.xctoolchain/usr/include
2026-04-22T16:43:35.0919370Z  /Applications/Xcode_26.2.app/Contents/Developer/Platforms/iPhoneSimulator.platform/Developer/SDKs/iPhoneSimulator26.2.sdk/System/Library/Frameworks (framework directory)
2026-04-22T16:43:35.1024820Z  /Applications/Xcode_26.2.app/Contents/Developer/Platforms/iPhoneSimulator.platform/Developer/SDKs/iPhoneSimulator26.2.sdk/System/Library/SubFrameworks (framework directory)
2026-04-22T16:43:35.1126800Z End of search list.
2026-04-22T16:43:35.1260870Z clang -cc1 version 17.0.0 (clang-1700.6.3.2) default target arm64-apple-darwin24.6.0
2026-04-22T16:43:35.1362090Z ignoring nonexistent directory "/Users/runner/work/tcm-storage-ios/tcm-storage-ios/build/Build/Products/Debug-iphonesimulator/include"
2026-04-22T16:43:35.1467590Z ignoring nonexistent directory "/Users/runner/work/tcm-storage-ios/tcm-storage-ios/build/Build/Intermediates.noindex/Nextcloud.build/Debug-iphonesimulator/Widget.build/DerivedSources-normal/arm64"
2026-04-22T16:43:35.1570030Z ignoring nonexistent directory "/Users/runner/work/tcm-storage-ios/tcm-storage-ios/build/Build/Intermediates.noindex/Nextcloud.build/Debug-iphonesimulator/Widget.build/DerivedSources/arm64"
2026-04-22T16:43:35.1678960Z ignoring nonexistent directory "/Applications/Xcode_26.2.app/Contents/Developer/Platforms/iPhoneSimulator.platform/Developer/SDKs/iPhoneSimulator26.2.sdk/usr/local/include"
2026-04-22T16:43:35.1784460Z ignoring nonexistent directory "/Applications/Xcode_26.2.app/Contents/Developer/Platforms/iPhoneSimulator.platform/Developer/SDKs/iPhoneSimulator26.2.sdk/Library/Frameworks"
2026-04-22T16:43:35.1886120Z ignoring duplicate directory "/Users/runner/work/tcm-storage-ios/tcm-storage-ios/build/Build/Products/Debug-iphonesimulator/PackageFrameworks"
2026-04-22T16:43:35.1995590Z ignoring duplicate directory "/Users/runner/work/tcm-storage-ios/tcm-storage-ios/build/Build/Products/Debug-iphonesimulator/PackageFrameworks"
2026-04-22T16:43:35.2116220Z ignoring duplicate directory "/Users/runner/work/tcm-storage-ios/tcm-storage-ios/build/Build/Products/Debug-iphonesimulator/PackageFrameworks"
2026-04-22T16:43:35.2223660Z ignoring duplicate directory "/Users/runner/work/tcm-storage-ios/tcm-storage-ios/build/Build/Products/Debug-iphonesimulator/PackageFrameworks"
2026-04-22T16:43:35.2332150Z ignoring duplicate directory "/Users/runner/work/tcm-storage-ios/tcm-storage-ios/build/Build/Products/Debug-iphonesimulator/PackageFrameworks"
2026-04-22T16:43:35.2433860Z ignoring duplicate directory "/Users/runner/work/tcm-storage-ios/tcm-storage-ios/build/Build/Products/Debug-iphonesimulator/PackageFrameworks"
2026-04-22T16:43:35.2552340Z ignoring duplicate directory "/Users/runner/work/tcm-storage-ios/tcm-storage-ios/build/Build/Products/Debug-iphonesimulator/PackageFrameworks"
2026-04-22T16:43:35.2680680Z ignoring duplicate directory "/Users/runner/work/tcm-storage-ios/tcm-storage-ios/build/Build/Products/Debug-iphonesimulator/PackageFrameworks"
2026-04-22T16:43:35.2781790Z ignoring duplicate directory "/Users/runner/work/tcm-storage-ios/tcm-storage-ios/build/Build/Products/Debug-iphonesimulator/PackageFrameworks"
2026-04-22T16:43:35.2899780Z ignoring duplicate directory "/Users/runner/work/tcm-storage-ios/tcm-storage-ios/build/Build/Products/Debug-iphonesimulator/PackageFrameworks"
2026-04-22T16:43:35.3001780Z ignoring duplicate directory "/Users/runner/work/tcm-storage-ios/tcm-storage-ios/build/Build/Products/Debug-iphonesimulator/PackageFrameworks"
2026-04-22T16:43:35.3114370Z ignoring duplicate directory "/Users/runner/work/tcm-storage-ios/tcm-storage-ios/build/Build/Products/Debug-iphonesimulator/PackageFrameworks"
2026-04-22T16:43:35.3256360Z ignoring duplicate directory "/Users/runner/work/tcm-storage-ios/tcm-storage-ios/build/Build/Products/Debug-iphonesimulator/PackageFrameworks"
2026-04-22T16:43:35.3362560Z ignoring duplicate directory "/Users/runner/work/tcm-storage-ios/tcm-storage-ios/build/Build/Products/Debug-iphonesimulator/PackageFrameworks"
2026-04-22T16:43:35.3487450Z ignoring duplicate directory "/Users/runner/work/tcm-storage-ios/tcm-storage-ios/build/Build/Products/Debug-iphonesimulator/PackageFrameworks"
2026-04-22T16:43:35.3619600Z ignoring duplicate directory "/Users/runner/work/tcm-storage-ios/tcm-storage-ios/build/Build/Products/Debug-iphonesimulator/PackageFrameworks"
2026-04-22T16:43:35.3726530Z ignoring duplicate directory "/Users/runner/work/tcm-storage-ios/tcm-storage-ios/build/Build/Products/Debug-iphonesimulator/PackageFrameworks"
2026-04-22T16:43:35.3837290Z ignoring duplicate directory "/Users/runner/work/tcm-storage-ios/tcm-storage-ios/build/Build/Products/Debug-iphonesimulator/PackageFrameworks"
2026-04-22T16:43:35.3947260Z ignoring duplicate directory "/Users/runner/work/tcm-storage-ios/tcm-storage-ios/build/Build/Products/Debug-iphonesimulator/PackageFrameworks"
2026-04-22T16:43:35.4058540Z ignoring duplicate directory "/Users/runner/work/tcm-storage-ios/tcm-storage-ios/build/Build/Products/Debug-iphonesimulator/PackageFrameworks"
2026-04-22T16:43:35.4161330Z ignoring duplicate directory "/Users/runner/work/tcm-storage-ios/tcm-storage-ios/build/Build/Products/Debug-iphonesimulator/PackageFrameworks"
2026-04-22T16:43:35.4273440Z ignoring duplicate directory "/Users/runner/work/tcm-storage-ios/tcm-storage-ios/build/Build/Products/Debug-iphonesimulator/PackageFrameworks"
2026-04-22T16:43:35.4375550Z ignoring duplicate directory "/Users/runner/work/tcm-storage-ios/tcm-storage-ios/build/Build/Products/Debug-iphonesimulator/PackageFrameworks"
2026-04-22T16:43:35.4486780Z ignoring duplicate directory "/Users/runner/work/tcm-storage-ios/tcm-storage-ios/build/Build/Products/Debug-iphonesimulator/PackageFrameworks"
2026-04-22T16:43:35.4589320Z ignoring duplicate directory "/Users/runner/work/tcm-storage-ios/tcm-storage-ios/build/Build/Products/Debug-iphonesimulator/PackageFrameworks"
2026-04-22T16:43:35.4709990Z ignoring duplicate directory "/Users/runner/work/tcm-storage-ios/tcm-storage-ios/build/Build/Products/Debug-iphonesimulator/PackageFrameworks"
2026-04-22T16:43:35.4814470Z ignoring duplicate directory "/Users/runner/work/tcm-storage-ios/tcm-storage-ios/build/Build/Products/Debug-iphonesimulator/PackageFrameworks"
2026-04-22T16:43:35.4929130Z ignoring duplicate directory "/Users/runner/work/tcm-storage-ios/tcm-storage-ios/build/Build/Products/Debug-iphonesimulator/PackageFrameworks"
2026-04-22T16:43:35.5051040Z ignoring duplicate directory "/Users/runner/work/tcm-storage-ios/tcm-storage-ios/build/Build/Products/Debug-iphonesimulator/PackageFrameworks"
2026-04-22T16:43:35.5188330Z ignoring duplicate directory "/Users/runner/work/tcm-storage-ios/tcm-storage-ios/build/Build/Products/Debug-iphonesimulator/PackageFrameworks"
2026-04-22T16:43:35.5189250Z ignoring duplicate directory "/Users/runner/work/tcm-storage-ios/tcm-storage-ios/build/Build/Products/Debug-iphonesimulator/PackageFrameworks"
2026-04-22T16:43:35.5290980Z ignoring duplicate directory "/Users/runner/work/tcm-storage-ios/tcm-storage-ios/build/Build/Products/Debug-iphonesimulator/PackageFrameworks"
2026-04-22T16:43:35.5395470Z ignoring duplicate directory "/Users/runner/work/tcm-storage-ios/tcm-storage-ios/build/Build/Products/Debug-iphonesimulator/PackageFrameworks"
2026-04-22T16:43:35.5502230Z ignoring duplicate directory "/Users/runner/work/tcm-storage-ios/tcm-storage-ios/build/Build/Products/Debug-iphonesimulator/PackageFrameworks"
2026-04-22T16:43:35.5624590Z #include "..." search starts here:
2026-04-22T16:43:35.5746710Z  /Users/runner/work/tcm-storage-ios/tcm-storage-ios/build/Build/Intermediates.noindex/Nextcloud.build/Debug-iphonesimulator/Widget.build/Widget-generated-files.hmap (headermap)
2026-04-22T16:43:35.5872790Z  /Users/runner/work/tcm-storage-ios/tcm-storage-ios/build/Build/Intermediates.noindex/Nextcloud.build/Debug-iphonesimulator/Widget.build/Widget-project-headers.hmap (headermap)
2026-04-22T16:43:35.5979720Z #include <...> search starts here:
2026-04-22T16:43:35.6083370Z  /Users/runner/work/tcm-storage-ios/tcm-storage-ios/build/Build/Intermediates.noindex/Nextcloud.build/Debug-iphonesimulator/Widget.build/Widget-own-target-headers.hmap (headermap)
2026-04-22T16:43:35.6191080Z  /Users/runner/work/tcm-storage-ios/tcm-storage-ios/build/Build/Intermediates.noindex/Nextcloud.build/Debug-iphonesimulator/Widget.build/Widget-all-non-framework-target-headers.hmap (headermap)
2026-04-22T16:43:35.6322030Z  /Users/runner/work/tcm-storage-ios/tcm-storage-ios/build/SourcePackages/checkouts/swift-atomics/Sources/_AtomicsShims/include
2026-04-22T16:43:35.6431330Z  /Users/runner/work/tcm-storage-ios/tcm-storage-ios/build/SourcePackages/checkouts/swift-nio/Sources/CNIOPosix/include
2026-04-22T16:43:35.6594240Z  /Users/runner/work/tcm-storage-ios/tcm-storage-ios/build/SourcePackages/checkouts/swift-nio/Sources/CNIOWASI/include
2026-04-22T16:43:35.6738600Z  /Users/runner/work/tcm-storage-ios/tcm-storage-ios/build/SourcePackages/checkouts/swift-nio/Sources/CNIOWindows/include
2026-04-22T16:43:35.6861280Z  /Users/runner/work/tcm-storage-ios/tcm-storage-ios/build/SourcePackages/checkouts/swift-nio/Sources/CNIOLinux/include
2026-04-22T16:43:35.6989830Z  /Users/runner/work/tcm-storage-ios/tcm-storage-ios/build/SourcePackages/checkouts/swift-nio/Sources/CNIODarwin/include
2026-04-22T16:43:35.7094950Z  /Users/runner/work/tcm-storage-ios/tcm-storage-ios/build/SourcePackages/checkouts/swift-nio/Sources/CNIOOpenBSD/include
2026-04-22T16:43:35.7200690Z  /Users/runner/work/tcm-storage-ios/tcm-storage-ios/build/SourcePackages/checkouts/swift-nio/Sources/CNIOAtomics/include
2026-04-22T16:43:35.7302300Z  /Users/runner/work/tcm-storage-ios/tcm-storage-ios/build/SourcePackages/checkouts/swift-nio-ssl/Sources/CNIOBoringSSLShims/include
2026-04-22T16:43:35.7442780Z  /Users/runner/work/tcm-storage-ios/tcm-storage-ios/build/SourcePackages/checkouts/swift-nio-ssl/Sources/CNIOBoringSSL/include
2026-04-22T16:43:35.7545120Z  /Users/runner/work/tcm-storage-ios/tcm-storage-ios/build/SourcePackages/checkouts/realm-core/src
2026-04-22T16:43:35.7651560Z  /Users/runner/work/tcm-storage-ios/tcm-storage-ios/build/SourcePackages/checkouts/realm-core/src/external/s2
2026-04-22T16:43:35.7764980Z  /Users/runner/work/tcm-storage-ios/tcm-storage-ios/build/SourcePackages/checkouts/realm-core/src/external/IntelRDFPMathLib20U2/LIBRARY/src
2026-04-22T16:43:35.7892100Z  /Users/runner/work/tcm-storage-ios/tcm-storage-ios/build/SourcePackages/checkouts/realm-core/src/spm
2026-04-22T16:43:35.7993340Z  /Users/runner/work/tcm-storage-ios/tcm-storage-ios/build/SourcePackages/checkouts/realm-swift/include
2026-04-22T16:43:35.8094720Z  /Users/runner/work/tcm-storage-ios/tcm-storage-ios/build/Build/Intermediates.noindex/Nextcloud.build/Debug-iphonesimulator/Widget.build/DerivedSources
2026-04-22T16:43:35.8196280Z  /Users/runner/work/tcm-storage-ios/tcm-storage-ios/build/Build/Products/Debug-iphonesimulator/PackageFrameworks (framework directory)
2026-04-22T16:43:35.8300220Z  /Users/runner/work/tcm-storage-ios/tcm-storage-ios/build/Build/Products/Debug-iphonesimulator (framework directory)
2026-04-22T16:43:35.8410550Z  /Applications/Xcode_26.2.app/Contents/Developer/Platforms/iPhoneSimulator.platform/Developer/Library/Frameworks (framework directory)
2026-04-22T16:43:35.8512680Z  /Applications/Xcode_26.2.app/Contents/Developer/Platforms/iPhoneSimulator.platform/Developer/SDKs/iPhoneSimulator26.2.sdk/Developer/Library/Frameworks (framework directory)
2026-04-22T16:43:35.8624690Z  /Applications/Xcode_26.2.app/Contents/Developer/Toolchains/XcodeDefault.xctoolchain/usr/lib/clang/17/include
2026-04-22T16:43:35.8735200Z  /Applications/Xcode_26.2.app/Contents/Developer/Platforms/iPhoneSimulator.platform/Developer/SDKs/iPhoneSimulator26.2.sdk/usr/include
2026-04-22T16:43:35.8836940Z  /Applications/Xcode_26.2.app/Contents/Developer/Toolchains/XcodeDefault.xctoolchain/usr/include
2026-04-22T16:43:35.8940870Z  /Applications/Xcode_26.2.app/Contents/Developer/Platforms/iPhoneSimulator.platform/Developer/SDKs/iPhoneSimulator26.2.sdk/System/Library/Frameworks (framework directory)
2026-04-22T16:43:35.9043850Z  /Applications/Xcode_26.2.app/Contents/Developer/Platforms/iPhoneSimulator.platform/Developer/SDKs/iPhoneSimulator26.2.sdk/System/Library/SubFrameworks (framework directory)
2026-04-22T16:43:35.9145360Z End of search list.
2026-04-22T16:43:35.9246490Z clang -cc1 version 17.0.0 (clang-1700.6.3.2) default target arm64-apple-darwin24.6.0
2026-04-22T16:43:35.9348320Z ignoring nonexistent directory "/Users/runner/work/tcm-storage-ios/tcm-storage-ios/build/Build/Products/Debug-iphonesimulator/include"
2026-04-22T16:43:35.9459290Z ignoring nonexistent directory "/Users/runner/work/tcm-storage-ios/tcm-storage-ios/build/Build/Intermediates.noindex/Nextcloud.build/Debug-iphonesimulator/Widget.build/DerivedSources-normal/arm64"
2026-04-22T16:43:35.9561200Z ignoring nonexistent directory "/Users/runner/work/tcm-storage-ios/tcm-storage-ios/build/Build/Intermediates.noindex/Nextcloud.build/Debug-iphonesimulator/Widget.build/DerivedSources/arm64"
2026-04-22T16:43:35.9670610Z ignoring nonexistent directory "/Applications/Xcode_26.2.app/Contents/Developer/Platforms/iPhoneSimulator.platform/Developer/SDKs/iPhoneSimulator26.2.sdk/usr/local/include"
2026-04-22T16:43:35.9775400Z ignoring nonexistent directory "/Applications/Xcode_26.2.app/Contents/Developer/Platforms/iPhoneSimulator.platform/Developer/SDKs/iPhoneSimulator26.2.sdk/Library/Frameworks"
2026-04-22T16:43:35.9874420Z ignoring duplicate directory "/Users/runner/work/tcm-storage-ios/tcm-storage-ios/build/Build/Products/Debug-iphonesimulator/PackageFrameworks"
2026-04-22T16:43:35.9977660Z ignoring duplicate directory "/Users/runner/work/tcm-storage-ios/tcm-storage-ios/build/Build/Products/Debug-iphonesimulator/PackageFrameworks"
2026-04-22T16:43:36.0080920Z ignoring duplicate directory "/Users/runner/work/tcm-storage-ios/tcm-storage-ios/build/Build/Products/Debug-iphonesimulator/PackageFrameworks"
2026-04-22T16:43:36.0184630Z ignoring duplicate directory "/Users/runner/work/tcm-storage-ios/tcm-storage-ios/build/Build/Products/Debug-iphonesimulator/PackageFrameworks"
2026-04-22T16:43:36.0286530Z ignoring duplicate directory "/Users/runner/work/tcm-storage-ios/tcm-storage-ios/build/Build/Products/Debug-iphonesimulator/PackageFrameworks"
2026-04-22T16:43:36.0387110Z ignoring duplicate directory "/Users/runner/work/tcm-storage-ios/tcm-storage-ios/build/Build/Products/Debug-iphonesimulator/PackageFrameworks"
2026-04-22T16:43:36.0494980Z ignoring duplicate directory "/Users/runner/work/tcm-storage-ios/tcm-storage-ios/build/Build/Products/Debug-iphonesimulator/PackageFrameworks"
2026-04-22T16:43:36.0604820Z ignoring duplicate directory "/Users/runner/work/tcm-storage-ios/tcm-storage-ios/build/Build/Products/Debug-iphonesimulator/PackageFrameworks"
2026-04-22T16:43:36.0708920Z ignoring duplicate directory "/Users/runner/work/tcm-storage-ios/tcm-storage-ios/build/Build/Products/Debug-iphonesimulator/PackageFrameworks"
2026-04-22T16:43:36.0812690Z ignoring duplicate directory "/Users/runner/work/tcm-storage-ios/tcm-storage-ios/build/Build/Products/Debug-iphonesimulator/PackageFrameworks"
2026-04-22T16:43:36.0915450Z ignoring duplicate directory "/Users/runner/work/tcm-storage-ios/tcm-storage-ios/build/Build/Products/Debug-iphonesimulator/PackageFrameworks"
2026-04-22T16:43:36.1017320Z ignoring duplicate directory "/Users/runner/work/tcm-storage-ios/tcm-storage-ios/build/Build/Products/Debug-iphonesimulator/PackageFrameworks"
2026-04-22T16:43:36.1117700Z ignoring duplicate directory "/Users/runner/work/tcm-storage-ios/tcm-storage-ios/build/Build/Products/Debug-iphonesimulator/PackageFrameworks"
2026-04-22T16:43:36.1239330Z ignoring duplicate directory "/Users/runner/work/tcm-storage-ios/tcm-storage-ios/build/Build/Products/Debug-iphonesimulator/PackageFrameworks"
2026-04-22T16:43:36.1340520Z ignoring duplicate directory "/Users/runner/work/tcm-storage-ios/tcm-storage-ios/build/Build/Products/Debug-iphonesimulator/PackageFrameworks"
2026-04-22T16:43:36.1443500Z ignoring duplicate directory "/Users/runner/work/tcm-storage-ios/tcm-storage-ios/build/Build/Products/Debug-iphonesimulator/PackageFrameworks"
2026-04-22T16:43:36.1544370Z ignoring duplicate directory "/Users/runner/work/tcm-storage-ios/tcm-storage-ios/build/Build/Products/Debug-iphonesimulator/PackageFrameworks"
2026-04-22T16:43:36.1648110Z ignoring duplicate directory "/Users/runner/work/tcm-storage-ios/tcm-storage-ios/build/Build/Products/Debug-iphonesimulator/PackageFrameworks"
2026-04-22T16:43:36.1753610Z ignoring duplicate directory "/Users/runner/work/tcm-storage-ios/tcm-storage-ios/build/Build/Products/Debug-iphonesimulator/PackageFrameworks"
2026-04-22T16:43:36.1853780Z ignoring duplicate directory "/Users/runner/work/tcm-storage-ios/tcm-storage-ios/build/Build/Products/Debug-iphonesimulator/PackageFrameworks"
2026-04-22T16:43:36.1955610Z ignoring duplicate directory "/Users/runner/work/tcm-storage-ios/tcm-storage-ios/build/Build/Products/Debug-iphonesimulator/PackageFrameworks"
2026-04-22T16:43:36.2057260Z ignoring duplicate directory "/Users/runner/work/tcm-storage-ios/tcm-storage-ios/build/Build/Products/Debug-iphonesimulator/PackageFrameworks"
2026-04-22T16:43:36.2163810Z ignoring duplicate directory "/Users/runner/work/tcm-storage-ios/tcm-storage-ios/build/Build/Products/Debug-iphonesimulator/PackageFrameworks"
2026-04-22T16:43:36.2266560Z ignoring duplicate directory "/Users/runner/work/tcm-storage-ios/tcm-storage-ios/build/Build/Products/Debug-iphonesimulator/PackageFrameworks"
2026-04-22T16:43:36.2368520Z ignoring duplicate directory "/Users/runner/work/tcm-storage-ios/tcm-storage-ios/build/Build/Products/Debug-iphonesimulator/PackageFrameworks"
2026-04-22T16:43:36.2469290Z ignoring duplicate directory "/Users/runner/work/tcm-storage-ios/tcm-storage-ios/build/Build/Products/Debug-iphonesimulator/PackageFrameworks"
2026-04-22T16:43:36.2571260Z ignoring duplicate directory "/Users/runner/work/tcm-storage-ios/tcm-storage-ios/build/Build/Products/Debug-iphonesimulator/PackageFrameworks"
2026-04-22T16:43:36.2671730Z ignoring duplicate directory "/Users/runner/work/tcm-storage-ios/tcm-storage-ios/build/Build/Products/Debug-iphonesimulator/PackageFrameworks"
2026-04-22T16:43:36.2773320Z ignoring duplicate directory "/Users/runner/work/tcm-storage-ios/tcm-storage-ios/build/Build/Products/Debug-iphonesimulator/PackageFrameworks"
2026-04-22T16:43:36.2895100Z ignoring duplicate directory "/Users/runner/work/tcm-storage-ios/tcm-storage-ios/build/Build/Products/Debug-iphonesimulator/PackageFrameworks"
2026-04-22T16:43:36.2896070Z ignoring duplicate directory "/Users/runner/work/tcm-storage-ios/tcm-storage-ios/build/Build/Products/Debug-iphonesimulator/PackageFrameworks"
2026-04-22T16:43:36.3025180Z ignoring duplicate directory "/Users/runner/work/tcm-storage-ios/tcm-storage-ios/build/Build/Products/Debug-iphonesimulator/PackageFrameworks"
2026-04-22T16:43:36.3126820Z ignoring duplicate directory "/Users/runner/work/tcm-storage-ios/tcm-storage-ios/build/Build/Products/Debug-iphonesimulator/PackageFrameworks"
2026-04-22T16:43:36.3228400Z ignoring duplicate directory "/Users/runner/work/tcm-storage-ios/tcm-storage-ios/build/Build/Products/Debug-iphonesimulator/PackageFrameworks"
2026-04-22T16:43:36.3329560Z #include "..." search starts here:
2026-04-22T16:43:36.3430900Z  /Users/runner/work/tcm-storage-ios/tcm-storage-ios/build/Build/Intermediates.noindex/Nextcloud.build/Debug-iphonesimulator/Widget.build/Widget-generated-files.hmap (headermap)
2026-04-22T16:43:36.3533120Z  /Users/runner/work/tcm-storage-ios/tcm-storage-ios/build/Build/Intermediates.noindex/Nextcloud.build/Debug-iphonesimulator/Widget.build/Widget-project-headers.hmap (headermap)
2026-04-22T16:43:36.3638760Z #include <...> search starts here:
2026-04-22T16:43:36.3740310Z  /Users/runner/work/tcm-storage-ios/tcm-storage-ios/build/Build/Intermediates.noindex/Nextcloud.build/Debug-iphonesimulator/Widget.build/Widget-own-target-headers.hmap (headermap)
2026-04-22T16:43:36.3842160Z  /Users/runner/work/tcm-storage-ios/tcm-storage-ios/build/Build/Intermediates.noindex/Nextcloud.build/Debug-iphonesimulator/Widget.build/Widget-all-non-framework-target-headers.hmap (headermap)
2026-04-22T16:43:36.3943790Z  /Users/runner/work/tcm-storage-ios/tcm-storage-ios/build/SourcePackages/checkouts/swift-atomics/Sources/_AtomicsShims/include
2026-04-22T16:43:36.4046340Z  /Users/runner/work/tcm-storage-ios/tcm-storage-ios/build/SourcePackages/checkouts/swift-nio/Sources/CNIOPosix/include
2026-04-22T16:43:36.4148770Z  /Users/runner/work/tcm-storage-ios/tcm-storage-ios/build/SourcePackages/checkouts/swift-nio/Sources/CNIOWASI/include
2026-04-22T16:43:36.4250980Z  /Users/runner/work/tcm-storage-ios/tcm-storage-ios/build/SourcePackages/checkouts/swift-nio/Sources/CNIOWindows/include
2026-04-22T16:43:36.4352560Z  /Users/runner/work/tcm-storage-ios/tcm-storage-ios/build/SourcePackages/checkouts/swift-nio/Sources/CNIOLinux/include
2026-04-22T16:43:36.4454590Z  /Users/runner/work/tcm-storage-ios/tcm-storage-ios/build/SourcePackages/checkouts/swift-nio/Sources/CNIODarwin/include
2026-04-22T16:43:36.4556140Z  /Users/runner/work/tcm-storage-ios/tcm-storage-ios/build/SourcePackages/checkouts/swift-nio/Sources/CNIOOpenBSD/include
2026-04-22T16:43:36.4667180Z  /Users/runner/work/tcm-storage-ios/tcm-storage-ios/build/SourcePackages/checkouts/swift-nio/Sources/CNIOAtomics/include
2026-04-22T16:43:36.4769420Z  /Users/runner/work/tcm-storage-ios/tcm-storage-ios/build/SourcePackages/checkouts/swift-nio-ssl/Sources/CNIOBoringSSLShims/include
2026-04-22T16:43:36.5320210Z  /Users/runner/work/tcm-storage-ios/tcm-storage-ios/build/SourcePackages/checkouts/swift-nio-ssl/Sources/CNIOBoringSSL/include
2026-04-22T16:43:36.5461190Z  /Users/runner/work/tcm-storage-ios/tcm-storage-ios/build/SourcePackages/checkouts/realm-core/src
2026-04-22T16:43:36.5578000Z  /Users/runner/work/tcm-storage-ios/tcm-storage-ios/build/SourcePackages/checkouts/realm-core/src/external/s2
2026-04-22T16:43:36.5683090Z  /Users/runner/work/tcm-storage-ios/tcm-storage-ios/build/SourcePackages/checkouts/realm-core/src/external/IntelRDFPMathLib20U2/LIBRARY/src
2026-04-22T16:43:36.5784810Z  /Users/runner/work/tcm-storage-ios/tcm-storage-ios/build/SourcePackages/checkouts/realm-core/src/spm
2026-04-22T16:43:36.5992560Z  /Users/runner/work/tcm-storage-ios/tcm-storage-ios/build/SourcePackages/checkouts/realm-swift/include
2026-04-22T16:43:36.6094360Z  /Users/runner/work/tcm-storage-ios/tcm-storage-ios/build/Build/Intermediates.noindex/Nextcloud.build/Debug-iphonesimulator/Widget.build/DerivedSources
2026-04-22T16:43:36.6197340Z  /Users/runner/work/tcm-storage-ios/tcm-storage-ios/build/Build/Products/Debug-iphonesimulator/PackageFrameworks (framework directory)
2026-04-22T16:43:36.6299130Z  /Users/runner/work/tcm-storage-ios/tcm-storage-ios/build/Build/Products/Debug-iphonesimulator (framework directory)
2026-04-22T16:43:36.6401630Z  /Applications/Xcode_26.2.app/Contents/Developer/Platforms/iPhoneSimulator.platform/Developer/Library/Frameworks (framework directory)
2026-04-22T16:43:36.6499740Z  /Applications/Xcode_26.2.app/Contents/Developer/Platforms/iPhoneSimulator.platform/Developer/SDKs/iPhoneSimulator26.2.sdk/Developer/Library/Frameworks (framework directory)
2026-04-22T16:43:36.6602420Z  /Applications/Xcode_26.2.app/Contents/Developer/Toolchains/XcodeDefault.xctoolchain/usr/lib/clang/17/include
2026-04-22T16:43:36.6703870Z  /Applications/Xcode_26.2.app/Contents/Developer/Platforms/iPhoneSimulator.platform/Developer/SDKs/iPhoneSimulator26.2.sdk/usr/include
2026-04-22T16:43:36.6805830Z  /Applications/Xcode_26.2.app/Contents/Developer/Toolchains/XcodeDefault.xctoolchain/usr/include
2026-04-22T16:43:36.6907500Z  /Applications/Xcode_26.2.app/Contents/Developer/Platforms/iPhoneSimulator.platform/Developer/SDKs/iPhoneSimulator26.2.sdk/System/Library/Frameworks (framework directory)
2026-04-22T16:43:36.7007870Z  /Applications/Xcode_26.2.app/Contents/Developer/Platforms/iPhoneSimulator.platform/Developer/SDKs/iPhoneSimulator26.2.sdk/System/Library/SubFrameworks (framework directory)
2026-04-22T16:43:36.7109340Z End of search list.
2026-04-22T16:43:36.7210120Z clang -cc1 version 17.0.0 (clang-1700.6.3.2) default target arm64-apple-darwin24.6.0
2026-04-22T16:43:36.7311080Z ignoring nonexistent directory "/Users/runner/work/tcm-storage-ios/tcm-storage-ios/build/Build/Products/Debug-iphonesimulator/include"
2026-04-22T16:43:36.7412940Z ignoring nonexistent directory "/Users/runner/work/tcm-storage-ios/tcm-storage-ios/build/Build/Intermediates.noindex/Nextcloud.build/Debug-iphonesimulator/Widget.build/DerivedSources-normal/arm64"
2026-04-22T16:43:36.7513970Z ignoring nonexistent directory "/Users/runner/work/tcm-storage-ios/tcm-storage-ios/build/Build/Intermediates.noindex/Nextcloud.build/Debug-iphonesimulator/Widget.build/DerivedSources/arm64"
2026-04-22T16:43:36.7615070Z ignoring nonexistent directory "/Applications/Xcode_26.2.app/Contents/Developer/Platforms/iPhoneSimulator.platform/Developer/SDKs/iPhoneSimulator26.2.sdk/usr/local/include"
2026-04-22T16:43:36.7716500Z ignoring nonexistent directory "/Applications/Xcode_26.2.app/Contents/Developer/Platforms/iPhoneSimulator.platform/Developer/SDKs/iPhoneSimulator26.2.sdk/Library/Frameworks"
2026-04-22T16:43:36.7817060Z ignoring duplicate directory "/Users/runner/work/tcm-storage-ios/tcm-storage-ios/build/Build/Products/Debug-iphonesimulator/PackageFrameworks"
2026-04-22T16:43:36.7921860Z ignoring duplicate directory "/Users/runner/work/tcm-storage-ios/tcm-storage-ios/build/Build/Products/Debug-iphonesimulator/PackageFrameworks"
2026-04-22T16:43:36.8020570Z ignoring duplicate directory "/Users/runner/work/tcm-storage-ios/tcm-storage-ios/build/Build/Products/Debug-iphonesimulator/PackageFrameworks"
2026-04-22T16:43:36.8125170Z ignoring duplicate directory "/Users/runner/work/tcm-storage-ios/tcm-storage-ios/build/Build/Products/Debug-iphonesimulator/PackageFrameworks"
2026-04-22T16:43:36.8225140Z ignoring duplicate directory "/Users/runner/work/tcm-storage-ios/tcm-storage-ios/build/Build/Products/Debug-iphonesimulator/PackageFrameworks"
2026-04-22T16:43:36.8326860Z ignoring duplicate directory "/Users/runner/work/tcm-storage-ios/tcm-storage-ios/build/Build/Products/Debug-iphonesimulator/PackageFrameworks"
2026-04-22T16:43:36.8429070Z ignoring duplicate directory "/Users/runner/work/tcm-storage-ios/tcm-storage-ios/build/Build/Products/Debug-iphonesimulator/PackageFrameworks"
2026-04-22T16:43:36.8531090Z ignoring duplicate directory "/Users/runner/work/tcm-storage-ios/tcm-storage-ios/build/Build/Products/Debug-iphonesimulator/PackageFrameworks"
2026-04-22T16:43:36.8623110Z ignoring duplicate directory "/Users/runner/work/tcm-storage-ios/tcm-storage-ios/build/Build/Products/Debug-iphonesimulator/PackageFrameworks"
2026-04-22T16:43:36.8725910Z ignoring duplicate directory "/Users/runner/work/tcm-storage-ios/tcm-storage-ios/build/Build/Products/Debug-iphonesimulator/PackageFrameworks"
2026-04-22T16:43:36.8827700Z ignoring duplicate directory "/Users/runner/work/tcm-storage-ios/tcm-storage-ios/build/Build/Products/Debug-iphonesimulator/PackageFrameworks"
2026-04-22T16:43:36.8929700Z ignoring duplicate directory "/Users/runner/work/tcm-storage-ios/tcm-storage-ios/build/Build/Products/Debug-iphonesimulator/PackageFrameworks"
2026-04-22T16:43:36.9031150Z ignoring duplicate directory "/Users/runner/work/tcm-storage-ios/tcm-storage-ios/build/Build/Products/Debug-iphonesimulator/PackageFrameworks"
2026-04-22T16:43:36.9163330Z ignoring duplicate directory "/Users/runner/work/tcm-storage-ios/tcm-storage-ios/build/Build/Products/Debug-iphonesimulator/PackageFrameworks"
2026-04-22T16:43:36.9265630Z ignoring duplicate directory "/Users/runner/work/tcm-storage-ios/tcm-storage-ios/build/Build/Products/Debug-iphonesimulator/PackageFrameworks"
2026-04-22T16:43:36.9368490Z ignoring duplicate directory "/Users/runner/work/tcm-storage-ios/tcm-storage-ios/build/Build/Products/Debug-iphonesimulator/PackageFrameworks"
2026-04-22T16:43:36.9473970Z ignoring duplicate directory "/Users/runner/work/tcm-storage-ios/tcm-storage-ios/build/Build/Products/Debug-iphonesimulator/PackageFrameworks"
2026-04-22T16:43:36.9576980Z ignoring duplicate directory "/Users/runner/work/tcm-storage-ios/tcm-storage-ios/build/Build/Products/Debug-iphonesimulator/PackageFrameworks"
2026-04-22T16:43:36.9679740Z ignoring duplicate directory "/Users/runner/work/tcm-storage-ios/tcm-storage-ios/build/Build/Products/Debug-iphonesimulator/PackageFrameworks"
2026-04-22T16:43:36.9782870Z ignoring duplicate directory "/Users/runner/work/tcm-storage-ios/tcm-storage-ios/build/Build/Products/Debug-iphonesimulator/PackageFrameworks"
2026-04-22T16:43:36.9887090Z ignoring duplicate directory "/Users/runner/work/tcm-storage-ios/tcm-storage-ios/build/Build/Products/Debug-iphonesimulator/PackageFrameworks"
2026-04-22T16:43:36.9999930Z ignoring duplicate directory "/Users/runner/work/tcm-storage-ios/tcm-storage-ios/build/Build/Products/Debug-iphonesimulator/PackageFrameworks"
2026-04-22T16:43:37.0102440Z ignoring duplicate directory "/Users/runner/work/tcm-storage-ios/tcm-storage-ios/build/Build/Products/Debug-iphonesimulator/PackageFrameworks"
2026-04-22T16:43:37.0202100Z ignoring duplicate directory "/Users/runner/work/tcm-storage-ios/tcm-storage-ios/build/Build/Products/Debug-iphonesimulator/PackageFrameworks"
2026-04-22T16:43:37.0310220Z ignoring duplicate directory "/Users/runner/work/tcm-storage-ios/tcm-storage-ios/build/Build/Products/Debug-iphonesimulator/PackageFrameworks"
2026-04-22T16:43:37.0425410Z ignoring duplicate directory "/Users/runner/work/tcm-storage-ios/tcm-storage-ios/build/Build/Products/Debug-iphonesimulator/PackageFrameworks"
2026-04-22T16:43:37.0535150Z ignoring duplicate directory "/Users/runner/work/tcm-storage-ios/tcm-storage-ios/build/Build/Products/Debug-iphonesimulator/PackageFrameworks"
2026-04-22T16:43:37.0542110Z ignoring duplicate directory "/Users/runner/work/tcm-storage-ios/tcm-storage-ios/build/Build/Products/Debug-iphonesimulator/PackageFrameworks"
2026-04-22T16:43:37.0646210Z ignoring duplicate directory "/Users/runner/work/tcm-storage-ios/tcm-storage-ios/build/Build/Products/Debug-iphonesimulator/PackageFrameworks"
2026-04-22T16:43:37.0763870Z ignoring duplicate directory "/Users/runner/work/tcm-storage-ios/tcm-storage-ios/build/Build/Products/Debug-iphonesimulator/PackageFrameworks"
2026-04-22T16:43:37.0865350Z ignoring duplicate directory "/Users/runner/work/tcm-storage-ios/tcm-storage-ios/build/Build/Products/Debug-iphonesimulator/PackageFrameworks"
2026-04-22T16:43:37.0967150Z ignoring duplicate directory "/Users/runner/work/tcm-storage-ios/tcm-storage-ios/build/Build/Products/Debug-iphonesimulator/PackageFrameworks"
2026-04-22T16:43:37.1068390Z ignoring duplicate directory "/Users/runner/work/tcm-storage-ios/tcm-storage-ios/build/Build/Products/Debug-iphonesimulator/PackageFrameworks"
2026-04-22T16:43:37.1169120Z ignoring duplicate directory "/Users/runner/work/tcm-storage-ios/tcm-storage-ios/build/Build/Products/Debug-iphonesimulator/PackageFrameworks"
2026-04-22T16:43:37.1269970Z #include "..." search starts here:
2026-04-22T16:43:37.1372650Z  /Users/runner/work/tcm-storage-ios/tcm-storage-ios/build/Build/Intermediates.noindex/Nextcloud.build/Debug-iphonesimulator/Widget.build/Widget-generated-files.hmap (headermap)
2026-04-22T16:43:37.1474360Z  /Users/runner/work/tcm-storage-ios/tcm-storage-ios/build/Build/Intermediates.noindex/Nextcloud.build/Debug-iphonesimulator/Widget.build/Widget-project-headers.hmap (headermap)
2026-04-22T16:43:37.1590520Z #include <...> search starts here:
2026-04-22T16:43:37.1693510Z  /Users/runner/work/tcm-storage-ios/tcm-storage-ios/build/Build/Intermediates.noindex/Nextcloud.build/Debug-iphonesimulator/Widget.build/Widget-own-target-headers.hmap (headermap)
2026-04-22T16:43:37.1800800Z  /Users/runner/work/tcm-storage-ios/tcm-storage-ios/build/Build/Intermediates.noindex/Nextcloud.build/Debug-iphonesimulator/Widget.build/Widget-all-non-framework-target-headers.hmap (headermap)
2026-04-22T16:43:37.1904840Z  /Users/runner/work/tcm-storage-ios/tcm-storage-ios/build/SourcePackages/checkouts/swift-atomics/Sources/_AtomicsShims/include
2026-04-22T16:43:37.2007360Z  /Users/runner/work/tcm-storage-ios/tcm-storage-ios/build/SourcePackages/checkouts/swift-nio/Sources/CNIOPosix/include
2026-04-22T16:43:37.2109880Z  /Users/runner/work/tcm-storage-ios/tcm-storage-ios/build/SourcePackages/checkouts/swift-nio/Sources/CNIOWASI/include
2026-04-22T16:43:37.2212620Z  /Users/runner/work/tcm-storage-ios/tcm-storage-ios/build/SourcePackages/checkouts/swift-nio/Sources/CNIOWindows/include
2026-04-22T16:43:37.2314830Z  /Users/runner/work/tcm-storage-ios/tcm-storage-ios/build/SourcePackages/checkouts/swift-nio/Sources/CNIOLinux/include
2026-04-22T16:43:37.2415270Z  /Users/runner/work/tcm-storage-ios/tcm-storage-ios/build/SourcePackages/checkouts/swift-nio/Sources/CNIODarwin/include
2026-04-22T16:43:37.2520680Z  /Users/runner/work/tcm-storage-ios/tcm-storage-ios/build/SourcePackages/checkouts/swift-nio/Sources/CNIOOpenBSD/include
2026-04-22T16:43:37.2622580Z  /Users/runner/work/tcm-storage-ios/tcm-storage-ios/build/SourcePackages/checkouts/swift-nio/Sources/CNIOAtomics/include
2026-04-22T16:43:37.2725500Z  /Users/runner/work/tcm-storage-ios/tcm-storage-ios/build/SourcePackages/checkouts/swift-nio-ssl/Sources/CNIOBoringSSLShims/include
2026-04-22T16:43:37.2827420Z  /Users/runner/work/tcm-storage-ios/tcm-storage-ios/build/SourcePackages/checkouts/swift-nio-ssl/Sources/CNIOBoringSSL/include
2026-04-22T16:43:37.2932540Z  /Users/runner/work/tcm-storage-ios/tcm-storage-ios/build/SourcePackages/checkouts/realm-core/src
2026-04-22T16:43:37.3034660Z  /Users/runner/work/tcm-storage-ios/tcm-storage-ios/build/SourcePackages/checkouts/realm-core/src/external/s2
2026-04-22T16:43:37.3136530Z  /Users/runner/work/tcm-storage-ios/tcm-storage-ios/build/SourcePackages/checkouts/realm-core/src/external/IntelRDFPMathLib20U2/LIBRARY/src
2026-04-22T16:43:37.3238700Z  /Users/runner/work/tcm-storage-ios/tcm-storage-ios/build/SourcePackages/checkouts/realm-core/src/spm
2026-04-22T16:43:37.3287240Z  /Users/runner/work/tcm-storage-ios/tcm-storage-ios/build/SourcePackages/checkouts/realm-swift/include
2026-04-22T16:43:37.3388800Z  /Users/runner/work/tcm-storage-ios/tcm-storage-ios/build/Build/Intermediates.noindex/Nextcloud.build/Debug-iphonesimulator/Widget.build/DerivedSources
2026-04-22T16:43:37.3490500Z  /Users/runner/work/tcm-storage-ios/tcm-storage-ios/build/Build/Products/Debug-iphonesimulator/PackageFrameworks (framework directory)
2026-04-22T16:43:37.3591930Z  /Users/runner/work/tcm-storage-ios/tcm-storage-ios/build/Build/Products/Debug-iphonesimulator (framework directory)
2026-04-22T16:43:37.3693340Z  /Applications/Xcode_26.2.app/Contents/Developer/Platforms/iPhoneSimulator.platform/Developer/Library/Frameworks (framework directory)
2026-04-22T16:43:37.3801080Z  /Applications/Xcode_26.2.app/Contents/Developer/Platforms/iPhoneSimulator.platform/Developer/SDKs/iPhoneSimulator26.2.sdk/Developer/Library/Frameworks (framework directory)
2026-04-22T16:43:37.3902580Z  /Applications/Xcode_26.2.app/Contents/Developer/Toolchains/XcodeDefault.xctoolchain/usr/lib/clang/17/include
2026-04-22T16:43:37.4004050Z  /Applications/Xcode_26.2.app/Contents/Developer/Platforms/iPhoneSimulator.platform/Developer/SDKs/iPhoneSimulator26.2.sdk/usr/include
2026-04-22T16:43:37.4105480Z  /Applications/Xcode_26.2.app/Contents/Developer/Toolchains/XcodeDefault.xctoolchain/usr/include
2026-04-22T16:43:37.4207220Z  /Applications/Xcode_26.2.app/Contents/Developer/Platforms/iPhoneSimulator.platform/Developer/SDKs/iPhoneSimulator26.2.sdk/System/Library/Frameworks (framework directory)
2026-04-22T16:43:37.4309540Z  /Applications/Xcode_26.2.app/Contents/Developer/Platforms/iPhoneSimulator.platform/Developer/SDKs/iPhoneSimulator26.2.sdk/System/Library/SubFrameworks (framework directory)
2026-04-22T16:43:37.4410910Z End of search list.
2026-04-22T16:43:37.4511960Z clang -cc1 version 17.0.0 (clang-1700.6.3.2) default target arm64-apple-darwin24.6.0
2026-04-22T16:43:37.4613350Z ignoring nonexistent directory "/Users/runner/work/tcm-storage-ios/tcm-storage-ios/build/Build/Products/Debug-iphonesimulator/include"
2026-04-22T16:43:37.4714970Z ignoring nonexistent directory "/Users/runner/work/tcm-storage-ios/tcm-storage-ios/build/Build/Intermediates.noindex/Nextcloud.build/Debug-iphonesimulator/Widget.build/DerivedSources-normal/arm64"
2026-04-22T16:43:37.4816890Z ignoring nonexistent directory "/Users/runner/work/tcm-storage-ios/tcm-storage-ios/build/Build/Intermediates.noindex/Nextcloud.build/Debug-iphonesimulator/Widget.build/DerivedSources/arm64"
2026-04-22T16:43:37.4918750Z ignoring nonexistent directory "/Applications/Xcode_26.2.app/Contents/Developer/Platforms/iPhoneSimulator.platform/Developer/SDKs/iPhoneSimulator26.2.sdk/usr/local/include"
2026-04-22T16:43:37.5020850Z ignoring nonexistent directory "/Applications/Xcode_26.2.app/Contents/Developer/Platforms/iPhoneSimulator.platform/Developer/SDKs/iPhoneSimulator26.2.sdk/Library/Frameworks"
2026-04-22T16:43:37.5122600Z ignoring duplicate directory "/Users/runner/work/tcm-storage-ios/tcm-storage-ios/build/Build/Products/Debug-iphonesimulator/PackageFrameworks"
2026-04-22T16:43:37.5239770Z ignoring duplicate directory "/Users/runner/work/tcm-storage-ios/tcm-storage-ios/build/Build/Products/Debug-iphonesimulator/PackageFrameworks"
2026-04-22T16:43:37.5341410Z ignoring duplicate directory "/Users/runner/work/tcm-storage-ios/tcm-storage-ios/build/Build/Products/Debug-iphonesimulator/PackageFrameworks"
2026-04-22T16:43:37.5442970Z ignoring duplicate directory "/Users/runner/work/tcm-storage-ios/tcm-storage-ios/build/Build/Products/Debug-iphonesimulator/PackageFrameworks"
2026-04-22T16:43:37.5544880Z ignoring duplicate directory "/Users/runner/work/tcm-storage-ios/tcm-storage-ios/build/Build/Products/Debug-iphonesimulator/PackageFrameworks"
2026-04-22T16:43:37.5653480Z ignoring duplicate directory "/Users/runner/work/tcm-storage-ios/tcm-storage-ios/build/Build/Products/Debug-iphonesimulator/PackageFrameworks"
2026-04-22T16:43:37.5755160Z ignoring duplicate directory "/Users/runner/work/tcm-storage-ios/tcm-storage-ios/build/Build/Products/Debug-iphonesimulator/PackageFrameworks"
2026-04-22T16:43:37.5858020Z ignoring duplicate directory "/Users/runner/work/tcm-storage-ios/tcm-storage-ios/build/Build/Products/Debug-iphonesimulator/PackageFrameworks"
2026-04-22T16:43:37.5905240Z ignoring duplicate directory "/Users/runner/work/tcm-storage-ios/tcm-storage-ios/build/Build/Products/Debug-iphonesimulator/PackageFrameworks"
2026-04-22T16:43:37.6006680Z ignoring duplicate directory "/Users/runner/work/tcm-storage-ios/tcm-storage-ios/build/Build/Products/Debug-iphonesimulator/PackageFrameworks"
2026-04-22T16:43:37.6108090Z ignoring duplicate directory "/Users/runner/work/tcm-storage-ios/tcm-storage-ios/build/Build/Products/Debug-iphonesimulator/PackageFrameworks"
2026-04-22T16:43:37.6210650Z ignoring duplicate directory "/Users/runner/work/tcm-storage-ios/tcm-storage-ios/build/Build/Products/Debug-iphonesimulator/PackageFrameworks"
2026-04-22T16:43:37.6313970Z ignoring duplicate directory "/Users/runner/work/tcm-storage-ios/tcm-storage-ios/build/Build/Products/Debug-iphonesimulator/PackageFrameworks"
2026-04-22T16:43:37.6416880Z ignoring duplicate directory "/Users/runner/work/tcm-storage-ios/tcm-storage-ios/build/Build/Products/Debug-iphonesimulator/PackageFrameworks"
2026-04-22T16:43:37.6519500Z ignoring duplicate directory "/Users/runner/work/tcm-storage-ios/tcm-storage-ios/build/Build/Products/Debug-iphonesimulator/PackageFrameworks"
2026-04-22T16:43:37.6624320Z ignoring duplicate directory "/Users/runner/work/tcm-storage-ios/tcm-storage-ios/build/Build/Products/Debug-iphonesimulator/PackageFrameworks"
2026-04-22T16:43:37.6726580Z ignoring duplicate directory "/Users/runner/work/tcm-storage-ios/tcm-storage-ios/build/Build/Products/Debug-iphonesimulator/PackageFrameworks"
2026-04-22T16:43:37.6828160Z ignoring duplicate directory "/Users/runner/work/tcm-storage-ios/tcm-storage-ios/build/Build/Products/Debug-iphonesimulator/PackageFrameworks"
2026-04-22T16:43:37.6931190Z ignoring duplicate directory "/Users/runner/work/tcm-storage-ios/tcm-storage-ios/build/Build/Products/Debug-iphonesimulator/PackageFrameworks"
2026-04-22T16:43:37.7032860Z ignoring duplicate directory "/Users/runner/work/tcm-storage-ios/tcm-storage-ios/build/Build/Products/Debug-iphonesimulator/PackageFrameworks"
2026-04-22T16:43:37.7141390Z ignoring duplicate directory "/Users/runner/work/tcm-storage-ios/tcm-storage-ios/build/Build/Products/Debug-iphonesimulator/PackageFrameworks"
2026-04-22T16:43:37.7246400Z ignoring duplicate directory "/Users/runner/work/tcm-storage-ios/tcm-storage-ios/build/Build/Products/Debug-iphonesimulator/PackageFrameworks"
2026-04-22T16:43:37.7351950Z ignoring duplicate directory "/Users/runner/work/tcm-storage-ios/tcm-storage-ios/build/Build/Products/Debug-iphonesimulator/PackageFrameworks"
2026-04-22T16:43:37.7456450Z ignoring duplicate directory "/Users/runner/work/tcm-storage-ios/tcm-storage-ios/build/Build/Products/Debug-iphonesimulator/PackageFrameworks"
2026-04-22T16:43:37.7558280Z ignoring duplicate directory "/Users/runner/work/tcm-storage-ios/tcm-storage-ios/build/Build/Products/Debug-iphonesimulator/PackageFrameworks"
2026-04-22T16:43:37.7659940Z ignoring duplicate directory "/Users/runner/work/tcm-storage-ios/tcm-storage-ios/build/Build/Products/Debug-iphonesimulator/PackageFrameworks"
2026-04-22T16:43:37.7761430Z ignoring duplicate directory "/Users/runner/work/tcm-storage-ios/tcm-storage-ios/build/Build/Products/Debug-iphonesimulator/PackageFrameworks"
2026-04-22T16:43:37.7863170Z ignoring duplicate directory "/Users/runner/work/tcm-storage-ios/tcm-storage-ios/build/Build/Products/Debug-iphonesimulator/PackageFrameworks"
2026-04-22T16:43:37.7964760Z ignoring duplicate directory "/Users/runner/work/tcm-storage-ios/tcm-storage-ios/build/Build/Products/Debug-iphonesimulator/PackageFrameworks"
2026-04-22T16:43:37.8066510Z ignoring duplicate directory "/Users/runner/work/tcm-storage-ios/tcm-storage-ios/build/Build/Products/Debug-iphonesimulator/PackageFrameworks"
2026-04-22T16:43:37.8169550Z ignoring duplicate directory "/Users/runner/work/tcm-storage-ios/tcm-storage-ios/build/Build/Products/Debug-iphonesimulator/PackageFrameworks"
2026-04-22T16:43:37.8272340Z ignoring duplicate directory "/Users/runner/work/tcm-storage-ios/tcm-storage-ios/build/Build/Products/Debug-iphonesimulator/PackageFrameworks"
2026-04-22T16:43:37.8374490Z ignoring duplicate directory "/Users/runner/work/tcm-storage-ios/tcm-storage-ios/build/Build/Products/Debug-iphonesimulator/PackageFrameworks"
2026-04-22T16:43:37.8479810Z ignoring duplicate directory "/Users/runner/work/tcm-storage-ios/tcm-storage-ios/build/Build/Products/Debug-iphonesimulator/PackageFrameworks"
2026-04-22T16:43:37.8582300Z #include "..." search starts here:
2026-04-22T16:43:37.8684060Z  /Users/runner/work/tcm-storage-ios/tcm-storage-ios/build/Build/Intermediates.noindex/Nextcloud.build/Debug-iphonesimulator/Widget.build/Widget-generated-files.hmap (headermap)
2026-04-22T16:43:37.8786000Z  /Users/runner/work/tcm-storage-ios/tcm-storage-ios/build/Build/Intermediates.noindex/Nextcloud.build/Debug-iphonesimulator/Widget.build/Widget-project-headers.hmap (headermap)
2026-04-22T16:43:37.8889260Z #include <...> search starts here:
2026-04-22T16:43:37.8992550Z  /Users/runner/work/tcm-storage-ios/tcm-storage-ios/build/Build/Intermediates.noindex/Nextcloud.build/Debug-iphonesimulator/Widget.build/Widget-own-target-headers.hmap (headermap)
2026-04-22T16:43:37.9092380Z  /Users/runner/work/tcm-storage-ios/tcm-storage-ios/build/Build/Intermediates.noindex/Nextcloud.build/Debug-iphonesimulator/Widget.build/Widget-all-non-framework-target-headers.hmap (headermap)
2026-04-22T16:43:37.9193500Z  /Users/runner/work/tcm-storage-ios/tcm-storage-ios/build/SourcePackages/checkouts/swift-atomics/Sources/_AtomicsShims/include
2026-04-22T16:43:37.9295530Z  /Users/runner/work/tcm-storage-ios/tcm-storage-ios/build/SourcePackages/checkouts/swift-nio/Sources/CNIOPosix/include
2026-04-22T16:43:37.9401340Z  /Users/runner/work/tcm-storage-ios/tcm-storage-ios/build/SourcePackages/checkouts/swift-nio/Sources/CNIOWASI/include
2026-04-22T16:43:37.9442970Z  /Users/runner/work/tcm-storage-ios/tcm-storage-ios/build/SourcePackages/checkouts/swift-nio/Sources/CNIOWindows/include
2026-04-22T16:43:37.9544600Z  /Users/runner/work/tcm-storage-ios/tcm-storage-ios/build/SourcePackages/checkouts/swift-nio/Sources/CNIOLinux/include
2026-04-22T16:43:37.9653160Z  /Users/runner/work/tcm-storage-ios/tcm-storage-ios/build/SourcePackages/checkouts/swift-nio/Sources/CNIODarwin/include
2026-04-22T16:43:37.9755600Z  /Users/runner/work/tcm-storage-ios/tcm-storage-ios/build/SourcePackages/checkouts/swift-nio/Sources/CNIOOpenBSD/include
2026-04-22T16:43:37.9856930Z  /Users/runner/work/tcm-storage-ios/tcm-storage-ios/build/SourcePackages/checkouts/swift-nio/Sources/CNIOAtomics/include
2026-04-22T16:43:37.9958760Z  /Users/runner/work/tcm-storage-ios/tcm-storage-ios/build/SourcePackages/checkouts/swift-nio-ssl/Sources/CNIOBoringSSLShims/include
2026-04-22T16:43:38.0061460Z  /Users/runner/work/tcm-storage-ios/tcm-storage-ios/build/SourcePackages/checkouts/swift-nio-ssl/Sources/CNIOBoringSSL/include
2026-04-22T16:43:38.0192390Z  /Users/runner/work/tcm-storage-ios/tcm-storage-ios/build/SourcePackages/checkouts/realm-core/src
2026-04-22T16:43:38.0295150Z  /Users/runner/work/tcm-storage-ios/tcm-storage-ios/build/SourcePackages/checkouts/realm-core/src/external/s2
2026-04-22T16:43:38.0397870Z  /Users/runner/work/tcm-storage-ios/tcm-storage-ios/build/SourcePackages/checkouts/realm-core/src/external/IntelRDFPMathLib20U2/LIBRARY/src
2026-04-22T16:43:38.0500480Z  /Users/runner/work/tcm-storage-ios/tcm-storage-ios/build/SourcePackages/checkouts/realm-core/src/spm
2026-04-22T16:43:38.0602150Z  /Users/runner/work/tcm-storage-ios/tcm-storage-ios/build/SourcePackages/checkouts/realm-swift/include
2026-04-22T16:43:38.0703820Z  /Users/runner/work/tcm-storage-ios/tcm-storage-ios/build/Build/Intermediates.noindex/Nextcloud.build/Debug-iphonesimulator/Widget.build/DerivedSources
2026-04-22T16:43:38.0805360Z  /Users/runner/work/tcm-storage-ios/tcm-storage-ios/build/Build/Products/Debug-iphonesimulator/PackageFrameworks (framework directory)
2026-04-22T16:43:38.0929150Z  /Users/runner/work/tcm-storage-ios/tcm-storage-ios/build/Build/Products/Debug-iphonesimulator (framework directory)
2026-04-22T16:43:38.1031700Z  /Applications/Xcode_26.2.app/Contents/Developer/Platforms/iPhoneSimulator.platform/Developer/Library/Frameworks (framework directory)
2026-04-22T16:43:38.1134820Z  /Applications/Xcode_26.2.app/Contents/Developer/Platforms/iPhoneSimulator.platform/Developer/SDKs/iPhoneSimulator26.2.sdk/Developer/Library/Frameworks (framework directory)
2026-04-22T16:43:38.1236430Z  /Applications/Xcode_26.2.app/Contents/Developer/Toolchains/XcodeDefault.xctoolchain/usr/lib/clang/17/include
2026-04-22T16:43:38.1337020Z  /Applications/Xcode_26.2.app/Contents/Developer/Platforms/iPhoneSimulator.platform/Developer/SDKs/iPhoneSimulator26.2.sdk/usr/include
2026-04-22T16:43:38.1446830Z  /Applications/Xcode_26.2.app/Contents/Developer/Toolchains/XcodeDefault.xctoolchain/usr/include
2026-04-22T16:43:38.1549120Z  /Applications/Xcode_26.2.app/Contents/Developer/Platforms/iPhoneSimulator.platform/Developer/SDKs/iPhoneSimulator26.2.sdk/System/Library/Frameworks (framework directory)
2026-04-22T16:43:38.1650920Z  /Applications/Xcode_26.2.app/Contents/Developer/Platforms/iPhoneSimulator.platform/Developer/SDKs/iPhoneSimulator26.2.sdk/System/Library/SubFrameworks (framework directory)
2026-04-22T16:43:38.1752340Z End of search list.
2026-04-22T16:43:38.1855000Z clang -cc1 version 17.0.0 (clang-1700.6.3.2) default target arm64-apple-darwin24.6.0
2026-04-22T16:43:38.1956940Z ignoring nonexistent directory "/Users/runner/work/tcm-storage-ios/tcm-storage-ios/build/Build/Products/Debug-iphonesimulator/include"
2026-04-22T16:43:38.2058760Z ignoring nonexistent directory "/Users/runner/work/tcm-storage-ios/tcm-storage-ios/build/Build/Intermediates.noindex/Nextcloud.build/Debug-iphonesimulator/Widget.build/DerivedSources-normal/arm64"
2026-04-22T16:43:38.2160670Z ignoring nonexistent directory "/Users/runner/work/tcm-storage-ios/tcm-storage-ios/build/Build/Intermediates.noindex/Nextcloud.build/Debug-iphonesimulator/Widget.build/DerivedSources/arm64"
2026-04-22T16:43:38.2263000Z ignoring nonexistent directory "/Applications/Xcode_26.2.app/Contents/Developer/Platforms/iPhoneSimulator.platform/Developer/SDKs/iPhoneSimulator26.2.sdk/usr/local/include"
2026-04-22T16:43:38.2365550Z ignoring nonexistent directory "/Applications/Xcode_26.2.app/Contents/Developer/Platforms/iPhoneSimulator.platform/Developer/SDKs/iPhoneSimulator26.2.sdk/Library/Frameworks"
2026-04-22T16:43:38.2465120Z ignoring duplicate directory "/Users/runner/work/tcm-storage-ios/tcm-storage-ios/build/Build/Products/Debug-iphonesimulator/PackageFrameworks"
2026-04-22T16:43:38.2565920Z ignoring duplicate directory "/Users/runner/work/tcm-storage-ios/tcm-storage-ios/build/Build/Products/Debug-iphonesimulator/PackageFrameworks"
2026-04-22T16:43:38.2667770Z ignoring duplicate directory "/Users/runner/work/tcm-storage-ios/tcm-storage-ios/build/Build/Products/Debug-iphonesimulator/PackageFrameworks"
2026-04-22T16:43:38.2765530Z ignoring duplicate directory "/Users/runner/work/tcm-storage-ios/tcm-storage-ios/build/Build/Products/Debug-iphonesimulator/PackageFrameworks"
2026-04-22T16:43:38.2783130Z ignoring duplicate directory "/Users/runner/work/tcm-storage-ios/tcm-storage-ios/build/Build/Products/Debug-iphonesimulator/PackageFrameworks"
2026-04-22T16:43:38.2869950Z ignoring duplicate directory "/Users/runner/work/tcm-storage-ios/tcm-storage-ios/build/Build/Products/Debug-iphonesimulator/PackageFrameworks"
2026-04-22T16:43:38.2891180Z ignoring duplicate directory "/Users/runner/work/tcm-storage-ios/tcm-storage-ios/build/Build/Products/Debug-iphonesimulator/PackageFrameworks"
2026-04-22T16:43:38.2947310Z ignoring duplicate directory "/Users/runner/work/tcm-storage-ios/tcm-storage-ios/build/Build/Products/Debug-iphonesimulator/PackageFrameworks"
2026-04-22T16:43:38.3009750Z ignoring duplicate directory "/Users/runner/work/tcm-storage-ios/tcm-storage-ios/build/Build/Products/Debug-iphonesimulator/PackageFrameworks"
2026-04-22T16:43:38.3112390Z ignoring duplicate directory "/Users/runner/work/tcm-storage-ios/tcm-storage-ios/build/Build/Products/Debug-iphonesimulator/PackageFrameworks"
2026-04-22T16:43:38.3148030Z ignoring duplicate directory "/Users/runner/work/tcm-storage-ios/tcm-storage-ios/build/Build/Products/Debug-iphonesimulator/PackageFrameworks"
2026-04-22T16:43:38.3251210Z ignoring duplicate directory "/Users/runner/work/tcm-storage-ios/tcm-storage-ios/build/Build/Products/Debug-iphonesimulator/PackageFrameworks"
2026-04-22T16:43:38.3353690Z ignoring duplicate directory "/Users/runner/work/tcm-storage-ios/tcm-storage-ios/build/Build/Products/Debug-iphonesimulator/PackageFrameworks"
2026-04-22T16:43:38.3426580Z ignoring duplicate directory "/Users/runner/work/tcm-storage-ios/tcm-storage-ios/build/Build/Products/Debug-iphonesimulator/PackageFrameworks"
2026-04-22T16:43:38.3531540Z ignoring duplicate directory "/Users/runner/work/tcm-storage-ios/tcm-storage-ios/build/Build/Products/Debug-iphonesimulator/PackageFrameworks"
2026-04-22T16:43:38.3644960Z ignoring duplicate directory "/Users/runner/work/tcm-storage-ios/tcm-storage-ios/build/Build/Products/Debug-iphonesimulator/PackageFrameworks"
2026-04-22T16:43:38.3746420Z ignoring duplicate directory "/Users/runner/work/tcm-storage-ios/tcm-storage-ios/build/Build/Products/Debug-iphonesimulator/PackageFrameworks"
2026-04-22T16:43:38.3773530Z ignoring duplicate directory "/Users/runner/work/tcm-storage-ios/tcm-storage-ios/build/Build/Products/Debug-iphonesimulator/PackageFrameworks"
2026-04-22T16:43:38.3774980Z ignoring duplicate directory "/Users/runner/work/tcm-storage-ios/tcm-storage-ios/build/Build/Products/Debug-iphonesimulator/PackageFrameworks"
2026-04-22T16:43:38.3776860Z ignoring duplicate directory "/Users/runner/work/tcm-storage-ios/tcm-storage-ios/build/Build/Products/Debug-iphonesimulator/PackageFrameworks"
2026-04-22T16:43:38.3777840Z ignoring duplicate directory "/Users/runner/work/tcm-storage-ios/tcm-storage-ios/build/Build/Products/Debug-iphonesimulator/PackageFrameworks"
2026-04-22T16:43:38.3790350Z ignoring duplicate directory "/Users/runner/work/tcm-storage-ios/tcm-storage-ios/build/Build/Products/Debug-iphonesimulator/PackageFrameworks"
2026-04-22T16:43:38.3811630Z ignoring duplicate directory "/Users/runner/work/tcm-storage-ios/tcm-storage-ios/build/Build/Products/Debug-iphonesimulator/PackageFrameworks"
2026-04-22T16:43:38.3817030Z ignoring duplicate directory "/Users/runner/work/tcm-storage-ios/tcm-storage-ios/build/Build/Products/Debug-iphonesimulator/PackageFrameworks"
2026-04-22T16:43:38.3835010Z ignoring duplicate directory "/Users/runner/work/tcm-storage-ios/tcm-storage-ios/build/Build/Products/Debug-iphonesimulator/PackageFrameworks"
2026-04-22T16:43:38.3850430Z ignoring duplicate directory "/Users/runner/work/tcm-storage-ios/tcm-storage-ios/build/Build/Products/Debug-iphonesimulator/PackageFrameworks"
2026-04-22T16:43:38.3866180Z ignoring duplicate directory "/Users/runner/work/tcm-storage-ios/tcm-storage-ios/build/Build/Products/Debug-iphonesimulator/PackageFrameworks"
2026-04-22T16:43:38.3881490Z ignoring duplicate directory "/Users/runner/work/tcm-storage-ios/tcm-storage-ios/build/Build/Products/Debug-iphonesimulator/PackageFrameworks"
2026-04-22T16:43:38.3897210Z ignoring duplicate directory "/Users/runner/work/tcm-storage-ios/tcm-storage-ios/build/Build/Products/Debug-iphonesimulator/PackageFrameworks"
2026-04-22T16:43:38.3904810Z ignoring duplicate directory "/Users/runner/work/tcm-storage-ios/tcm-storage-ios/build/Build/Products/Debug-iphonesimulator/PackageFrameworks"
2026-04-22T16:43:38.3924370Z ignoring duplicate directory "/Users/runner/work/tcm-storage-ios/tcm-storage-ios/build/Build/Products/Debug-iphonesimulator/PackageFrameworks"
2026-04-22T16:43:38.3939890Z ignoring duplicate directory "/Users/runner/work/tcm-storage-ios/tcm-storage-ios/build/Build/Products/Debug-iphonesimulator/PackageFrameworks"
2026-04-22T16:43:38.3962100Z ignoring duplicate directory "/Users/runner/work/tcm-storage-ios/tcm-storage-ios/build/Build/Products/Debug-iphonesimulator/PackageFrameworks"
2026-04-22T16:43:38.3980590Z ignoring duplicate directory "/Users/runner/work/tcm-storage-ios/tcm-storage-ios/build/Build/Products/Debug-iphonesimulator/PackageFrameworks"
2026-04-22T16:43:38.4005120Z #include "..." search starts here:
2026-04-22T16:43:38.4018540Z  /Users/runner/work/tcm-storage-ios/tcm-storage-ios/build/Build/Intermediates.noindex/Nextcloud.build/Debug-iphonesimulator/Widget.build/Widget-generated-files.hmap (headermap)
2026-04-22T16:43:38.4028020Z  /Users/runner/work/tcm-storage-ios/tcm-storage-ios/build/Build/Intermediates.noindex/Nextcloud.build/Debug-iphonesimulator/Widget.build/Widget-project-headers.hmap (headermap)
2026-04-22T16:43:38.4030040Z #include <...> search starts here:
2026-04-22T16:43:38.4033960Z  /Users/runner/work/tcm-storage-ios/tcm-storage-ios/build/Build/Intermediates.noindex/Nextcloud.build/Debug-iphonesimulator/Widget.build/Widget-own-target-headers.hmap (headermap)
2026-04-22T16:43:38.4035020Z  /Users/runner/work/tcm-storage-ios/tcm-storage-ios/build/Build/Intermediates.noindex/Nextcloud.build/Debug-iphonesimulator/Widget.build/Widget-all-non-framework-target-headers.hmap (headermap)
2026-04-22T16:43:38.4035980Z  /Users/runner/work/tcm-storage-ios/tcm-storage-ios/build/SourcePackages/checkouts/swift-atomics/Sources/_AtomicsShims/include
2026-04-22T16:43:38.4036640Z  /Users/runner/work/tcm-storage-ios/tcm-storage-ios/build/SourcePackages/checkouts/swift-nio/Sources/CNIOPosix/include
2026-04-22T16:43:38.4037320Z  /Users/runner/work/tcm-storage-ios/tcm-storage-ios/build/SourcePackages/checkouts/swift-nio/Sources/CNIOWASI/include
2026-04-22T16:43:38.4038530Z  /Users/runner/work/tcm-storage-ios/tcm-storage-ios/build/SourcePackages/checkouts/swift-nio/Sources/CNIOWindows/include
2026-04-22T16:43:38.4039160Z  /Users/runner/work/tcm-storage-ios/tcm-storage-ios/build/SourcePackages/checkouts/swift-nio/Sources/CNIOLinux/include
2026-04-22T16:43:38.4040320Z  /Users/runner/work/tcm-storage-ios/tcm-storage-ios/build/SourcePackages/checkouts/swift-nio/Sources/CNIODarwin/include
2026-04-22T16:43:38.4041120Z  /Users/runner/work/tcm-storage-ios/tcm-storage-ios/build/SourcePackages/checkouts/swift-nio/Sources/CNIOOpenBSD/include
2026-04-22T16:43:38.4041770Z  /Users/runner/work/tcm-storage-ios/tcm-storage-ios/build/SourcePackages/checkouts/swift-nio/Sources/CNIOAtomics/include
2026-04-22T16:43:38.4042440Z  /Users/runner/work/tcm-storage-ios/tcm-storage-ios/build/SourcePackages/checkouts/swift-nio-ssl/Sources/CNIOBoringSSLShims/include
2026-04-22T16:43:38.4043120Z  /Users/runner/work/tcm-storage-ios/tcm-storage-ios/build/SourcePackages/checkouts/swift-nio-ssl/Sources/CNIOBoringSSL/include
2026-04-22T16:43:38.4043750Z  /Users/runner/work/tcm-storage-ios/tcm-storage-ios/build/SourcePackages/checkouts/realm-core/src
2026-04-22T16:43:38.4044780Z  /Users/runner/work/tcm-storage-ios/tcm-storage-ios/build/SourcePackages/checkouts/realm-core/src/external/s2
2026-04-22T16:43:38.4078510Z  /Users/runner/work/tcm-storage-ios/tcm-storage-ios/build/SourcePackages/checkouts/realm-core/src/external/IntelRDFPMathLib20U2/LIBRARY/src
2026-04-22T16:43:38.4079370Z  /Users/runner/work/tcm-storage-ios/tcm-storage-ios/build/SourcePackages/checkouts/realm-core/src/spm
2026-04-22T16:43:38.4079980Z  /Users/runner/work/tcm-storage-ios/tcm-storage-ios/build/SourcePackages/checkouts/realm-swift/include
2026-04-22T16:43:38.4081520Z  /Users/runner/work/tcm-storage-ios/tcm-storage-ios/build/Build/Intermediates.noindex/Nextcloud.build/Debug-iphonesimulator/Widget.build/DerivedSources
2026-04-22T16:43:38.4082410Z  /Users/runner/work/tcm-storage-ios/tcm-storage-ios/build/Build/Products/Debug-iphonesimulator/PackageFrameworks (framework directory)
2026-04-22T16:43:38.4085450Z  /Users/runner/work/tcm-storage-ios/tcm-storage-ios/build/Build/Products/Debug-iphonesimulator (framework directory)
2026-04-22T16:43:38.4086340Z  /Applications/Xcode_26.2.app/Contents/Developer/Platforms/iPhoneSimulator.platform/Developer/Library/Frameworks (framework directory)
2026-04-22T16:43:38.4087310Z  /Applications/Xcode_26.2.app/Contents/Developer/Platforms/iPhoneSimulator.platform/Developer/SDKs/iPhoneSimulator26.2.sdk/Developer/Library/Frameworks (framework directory)
2026-04-22T16:43:38.4088240Z  /Applications/Xcode_26.2.app/Contents/Developer/Toolchains/XcodeDefault.xctoolchain/usr/lib/clang/17/include
2026-04-22T16:43:38.4089090Z  /Applications/Xcode_26.2.app/Contents/Developer/Platforms/iPhoneSimulator.platform/Developer/SDKs/iPhoneSimulator26.2.sdk/usr/include
2026-04-22T16:43:38.4092560Z  /Applications/Xcode_26.2.app/Contents/Developer/Toolchains/XcodeDefault.xctoolchain/usr/include
2026-04-22T16:43:38.4093610Z  /Applications/Xcode_26.2.app/Contents/Developer/Platforms/iPhoneSimulator.platform/Developer/SDKs/iPhoneSimulator26.2.sdk/System/Library/Frameworks (framework directory)
2026-04-22T16:43:38.4096620Z  /Applications/Xcode_26.2.app/Contents/Developer/Platforms/iPhoneSimulator.platform/Developer/SDKs/iPhoneSimulator26.2.sdk/System/Library/SubFrameworks (framework directory)
2026-04-22T16:43:38.4098650Z End of search list.
2026-04-22T16:43:38.4099470Z clang -cc1 version 17.0.0 (clang-1700.6.3.2) default target arm64-apple-darwin24.6.0
2026-04-22T16:43:38.4101270Z ignoring nonexistent directory "/Users/runner/work/tcm-storage-ios/tcm-storage-ios/build/Build/Products/Debug-iphonesimulator/include"
2026-04-22T16:43:38.4104070Z ignoring nonexistent directory "/Users/runner/work/tcm-storage-ios/tcm-storage-ios/build/Build/Intermediates.noindex/Nextcloud.build/Debug-iphonesimulator/Widget.build/DerivedSources-normal/arm64"
2026-04-22T16:43:38.4108810Z ignoring nonexistent directory "/Users/runner/work/tcm-storage-ios/tcm-storage-ios/build/Build/Intermediates.noindex/Nextcloud.build/Debug-iphonesimulator/Widget.build/DerivedSources/arm64"
2026-04-22T16:43:38.4110050Z ignoring nonexistent directory "/Applications/Xcode_26.2.app/Contents/Developer/Platforms/iPhoneSimulator.platform/Developer/SDKs/iPhoneSimulator26.2.sdk/usr/local/include"
2026-04-22T16:43:38.4111150Z ignoring nonexistent directory "/Applications/Xcode_26.2.app/Contents/Developer/Platforms/iPhoneSimulator.platform/Developer/SDKs/iPhoneSimulator26.2.sdk/Library/Frameworks"
2026-04-22T16:43:38.4112160Z ignoring duplicate directory "/Users/runner/work/tcm-storage-ios/tcm-storage-ios/build/Build/Products/Debug-iphonesimulator/PackageFrameworks"
2026-04-22T16:43:38.4114600Z ignoring duplicate directory "/Users/runner/work/tcm-storage-ios/tcm-storage-ios/build/Build/Products/Debug-iphonesimulator/PackageFrameworks"
2026-04-22T16:43:38.4115590Z ignoring duplicate directory "/Users/runner/work/tcm-storage-ios/tcm-storage-ios/build/Build/Products/Debug-iphonesimulator/PackageFrameworks"
2026-04-22T16:43:38.4126180Z ignoring duplicate directory "/Users/runner/work/tcm-storage-ios/tcm-storage-ios/build/Build/Products/Debug-iphonesimulator/PackageFrameworks"
2026-04-22T16:43:38.4128400Z ignoring duplicate directory "/Users/runner/work/tcm-storage-ios/tcm-storage-ios/build/Build/Products/Debug-iphonesimulator/PackageFrameworks"
2026-04-22T16:43:38.4130770Z ignoring duplicate directory "/Users/runner/work/tcm-storage-ios/tcm-storage-ios/build/Build/Products/Debug-iphonesimulator/PackageFrameworks"
2026-04-22T16:43:38.4133430Z ignoring duplicate directory "/Users/runner/work/tcm-storage-ios/tcm-storage-ios/build/Build/Products/Debug-iphonesimulator/PackageFrameworks"
2026-04-22T16:43:38.4136000Z ignoring duplicate directory "/Users/runner/work/tcm-storage-ios/tcm-storage-ios/build/Build/Products/Debug-iphonesimulator/PackageFrameworks"
2026-04-22T16:43:38.4138450Z ignoring duplicate directory "/Users/runner/work/tcm-storage-ios/tcm-storage-ios/build/Build/Products/Debug-iphonesimulator/PackageFrameworks"
2026-04-22T16:43:38.4140600Z ignoring duplicate directory "/Users/runner/work/tcm-storage-ios/tcm-storage-ios/build/Build/Products/Debug-iphonesimulator/PackageFrameworks"
2026-04-22T16:43:38.4142780Z ignoring duplicate directory "/Users/runner/work/tcm-storage-ios/tcm-storage-ios/build/Build/Products/Debug-iphonesimulator/PackageFrameworks"
2026-04-22T16:43:38.4144880Z ignoring duplicate directory "/Users/runner/work/tcm-storage-ios/tcm-storage-ios/build/Build/Products/Debug-iphonesimulator/PackageFrameworks"
2026-04-22T16:43:38.4147880Z ignoring duplicate directory "/Users/runner/work/tcm-storage-ios/tcm-storage-ios/build/Build/Products/Debug-iphonesimulator/PackageFrameworks"
2026-04-22T16:43:38.4149880Z ignoring duplicate directory "/Users/runner/work/tcm-storage-ios/tcm-storage-ios/build/Build/Products/Debug-iphonesimulator/PackageFrameworks"
2026-04-22T16:43:38.4151290Z ignoring duplicate directory "/Users/runner/work/tcm-storage-ios/tcm-storage-ios/build/Build/Products/Debug-iphonesimulator/PackageFrameworks"
2026-04-22T16:43:38.4152120Z ignoring duplicate directory "/Users/runner/work/tcm-storage-ios/tcm-storage-ios/build/Build/Products/Debug-iphonesimulator/PackageFrameworks"
2026-04-22T16:43:38.4152920Z ignoring duplicate directory "/Users/runner/work/tcm-storage-ios/tcm-storage-ios/build/Build/Products/Debug-iphonesimulator/PackageFrameworks"
2026-04-22T16:43:38.4153810Z ignoring duplicate directory "/Users/runner/work/tcm-storage-ios/tcm-storage-ios/build/Build/Products/Debug-iphonesimulator/PackageFrameworks"
2026-04-22T16:43:38.4154770Z ignoring duplicate directory "/Users/runner/work/tcm-storage-ios/tcm-storage-ios/build/Build/Products/Debug-iphonesimulator/PackageFrameworks"
2026-04-22T16:43:38.4155670Z ignoring duplicate directory "/Users/runner/work/tcm-storage-ios/tcm-storage-ios/build/Build/Products/Debug-iphonesimulator/PackageFrameworks"
2026-04-22T16:43:38.4157680Z ignoring duplicate directory "/Users/runner/work/tcm-storage-ios/tcm-storage-ios/build/Build/Products/Debug-iphonesimulator/PackageFrameworks"
2026-04-22T16:43:38.4165320Z ignoring duplicate directory "/Users/runner/work/tcm-storage-ios/tcm-storage-ios/build/Build/Products/Debug-iphonesimulator/PackageFrameworks"
2026-04-22T16:43:38.4166050Z ignoring duplicate directory "/Users/runner/work/tcm-storage-ios/tcm-storage-ios/build/Build/Products/Debug-iphonesimulator/PackageFrameworks"
2026-04-22T16:43:38.4169540Z ignoring duplicate directory "/Users/runner/work/tcm-storage-ios/tcm-storage-ios/build/Build/Products/Debug-iphonesimulator/PackageFrameworks"
2026-04-22T16:43:38.4170300Z ignoring duplicate directory "/Users/runner/work/tcm-storage-ios/tcm-storage-ios/build/Build/Products/Debug-iphonesimulator/PackageFrameworks"
2026-04-22T16:43:38.4172420Z ignoring duplicate directory "/Users/runner/work/tcm-storage-ios/tcm-storage-ios/build/Build/Products/Debug-iphonesimulator/PackageFrameworks"
2026-04-22T16:43:38.4173180Z ignoring duplicate directory "/Users/runner/work/tcm-storage-ios/tcm-storage-ios/build/Build/Products/Debug-iphonesimulator/PackageFrameworks"
2026-04-22T16:43:38.4174230Z ignoring duplicate directory "/Users/runner/work/tcm-storage-ios/tcm-storage-ios/build/Build/Products/Debug-iphonesimulator/PackageFrameworks"
2026-04-22T16:43:38.4178300Z ignoring duplicate directory "/Users/runner/work/tcm-storage-ios/tcm-storage-ios/build/Build/Products/Debug-iphonesimulator/PackageFrameworks"
2026-04-22T16:43:38.4180570Z ignoring duplicate directory "/Users/runner/work/tcm-storage-ios/tcm-storage-ios/build/Build/Products/Debug-iphonesimulator/PackageFrameworks"
2026-04-22T16:43:38.4183070Z ignoring duplicate directory "/Users/runner/work/tcm-storage-ios/tcm-storage-ios/build/Build/Products/Debug-iphonesimulator/PackageFrameworks"
2026-04-22T16:43:38.4185500Z ignoring duplicate directory "/Users/runner/work/tcm-storage-ios/tcm-storage-ios/build/Build/Products/Debug-iphonesimulator/PackageFrameworks"
2026-04-22T16:43:38.4187720Z ignoring duplicate directory "/Users/runner/work/tcm-storage-ios/tcm-storage-ios/build/Build/Products/Debug-iphonesimulator/PackageFrameworks"
2026-04-22T16:43:38.4189920Z ignoring duplicate directory "/Users/runner/work/tcm-storage-ios/tcm-storage-ios/build/Build/Products/Debug-iphonesimulator/PackageFrameworks"
2026-04-22T16:43:38.4191270Z #include "..." search starts here:
2026-04-22T16:43:38.4192870Z  /Users/runner/work/tcm-storage-ios/tcm-storage-ios/build/Build/Intermediates.noindex/Nextcloud.build/Debug-iphonesimulator/Widget.build/Widget-generated-files.hmap (headermap)
2026-04-22T16:43:38.4195630Z  /Users/runner/work/tcm-storage-ios/tcm-storage-ios/build/Build/Intermediates.noindex/Nextcloud.build/Debug-iphonesimulator/Widget.build/Widget-project-headers.hmap (headermap)
2026-04-22T16:43:38.4198150Z #include <...> search starts here:
2026-04-22T16:43:38.4199760Z  /Users/runner/work/tcm-storage-ios/tcm-storage-ios/build/Build/Intermediates.noindex/Nextcloud.build/Debug-iphonesimulator/Widget.build/Widget-own-target-headers.hmap (headermap)
2026-04-22T16:43:38.4202900Z  /Users/runner/work/tcm-storage-ios/tcm-storage-ios/build/Build/Intermediates.noindex/Nextcloud.build/Debug-iphonesimulator/Widget.build/Widget-all-non-framework-target-headers.hmap (headermap)
2026-04-22T16:43:38.4205530Z  /Users/runner/work/tcm-storage-ios/tcm-storage-ios/build/SourcePackages/checkouts/swift-atomics/Sources/_AtomicsShims/include
2026-04-22T16:43:38.4207470Z  /Users/runner/work/tcm-storage-ios/tcm-storage-ios/build/SourcePackages/checkouts/swift-nio/Sources/CNIOPosix/include
2026-04-22T16:43:38.4209200Z  /Users/runner/work/tcm-storage-ios/tcm-storage-ios/build/SourcePackages/checkouts/swift-nio/Sources/CNIOWASI/include
2026-04-22T16:43:38.4210960Z  /Users/runner/work/tcm-storage-ios/tcm-storage-ios/build/SourcePackages/checkouts/swift-nio/Sources/CNIOWindows/include
2026-04-22T16:43:38.4212700Z  /Users/runner/work/tcm-storage-ios/tcm-storage-ios/build/SourcePackages/checkouts/swift-nio/Sources/CNIOLinux/include
2026-04-22T16:43:38.4228800Z  /Users/runner/work/tcm-storage-ios/tcm-storage-ios/build/SourcePackages/checkouts/swift-nio/Sources/CNIODarwin/include
2026-04-22T16:43:38.4229550Z  /Users/runner/work/tcm-storage-ios/tcm-storage-ios/build/SourcePackages/checkouts/swift-nio/Sources/CNIOOpenBSD/include
2026-04-22T16:43:38.4230180Z  /Users/runner/work/tcm-storage-ios/tcm-storage-ios/build/SourcePackages/checkouts/swift-nio/Sources/CNIOAtomics/include
2026-04-22T16:43:38.4230870Z  /Users/runner/work/tcm-storage-ios/tcm-storage-ios/build/SourcePackages/checkouts/swift-nio-ssl/Sources/CNIOBoringSSLShims/include
2026-04-22T16:43:38.4231570Z  /Users/runner/work/tcm-storage-ios/tcm-storage-ios/build/SourcePackages/checkouts/swift-nio-ssl/Sources/CNIOBoringSSL/include
2026-04-22T16:43:38.4232160Z  /Users/runner/work/tcm-storage-ios/tcm-storage-ios/build/SourcePackages/checkouts/realm-core/src
2026-04-22T16:43:38.4232700Z  /Users/runner/work/tcm-storage-ios/tcm-storage-ios/build/SourcePackages/checkouts/realm-core/src/external/s2
2026-04-22T16:43:38.4233380Z  /Users/runner/work/tcm-storage-ios/tcm-storage-ios/build/SourcePackages/checkouts/realm-core/src/external/IntelRDFPMathLib20U2/LIBRARY/src
2026-04-22T16:43:38.4234510Z  /Users/runner/work/tcm-storage-ios/tcm-storage-ios/build/SourcePackages/checkouts/realm-core/src/spm
2026-04-22T16:43:38.4235040Z  /Users/runner/work/tcm-storage-ios/tcm-storage-ios/build/SourcePackages/checkouts/realm-swift/include
2026-04-22T16:43:38.4235710Z  /Users/runner/work/tcm-storage-ios/tcm-storage-ios/build/Build/Intermediates.noindex/Nextcloud.build/Debug-iphonesimulator/Widget.build/DerivedSources
2026-04-22T16:43:38.4236490Z  /Users/runner/work/tcm-storage-ios/tcm-storage-ios/build/Build/Products/Debug-iphonesimulator/PackageFrameworks (framework directory)
2026-04-22T16:43:38.4237160Z  /Users/runner/work/tcm-storage-ios/tcm-storage-ios/build/Build/Products/Debug-iphonesimulator (framework directory)
2026-04-22T16:43:38.4237840Z  /Applications/Xcode_26.2.app/Contents/Developer/Platforms/iPhoneSimulator.platform/Developer/Library/Frameworks (framework directory)
2026-04-22T16:43:38.4238680Z  /Applications/Xcode_26.2.app/Contents/Developer/Platforms/iPhoneSimulator.platform/Developer/SDKs/iPhoneSimulator26.2.sdk/Developer/Library/Frameworks (framework directory)
2026-04-22T16:43:38.4239500Z  /Applications/Xcode_26.2.app/Contents/Developer/Toolchains/XcodeDefault.xctoolchain/usr/lib/clang/17/include
2026-04-22T16:43:38.4240150Z  /Applications/Xcode_26.2.app/Contents/Developer/Platforms/iPhoneSimulator.platform/Developer/SDKs/iPhoneSimulator26.2.sdk/usr/include
2026-04-22T16:43:38.4240810Z  /Applications/Xcode_26.2.app/Contents/Developer/Toolchains/XcodeDefault.xctoolchain/usr/include
2026-04-22T16:43:38.4241520Z  /Applications/Xcode_26.2.app/Contents/Developer/Platforms/iPhoneSimulator.platform/Developer/SDKs/iPhoneSimulator26.2.sdk/System/Library/Frameworks (framework directory)
2026-04-22T16:43:38.4242450Z  /Applications/Xcode_26.2.app/Contents/Developer/Platforms/iPhoneSimulator.platform/Developer/SDKs/iPhoneSimulator26.2.sdk/System/Library/SubFrameworks (framework directory)
2026-04-22T16:43:38.4243030Z End of search list.
2026-04-22T16:43:38.4243280Z clang -cc1 version 17.0.0 (clang-1700.6.3.2) default target arm64-apple-darwin24.6.0
2026-04-22T16:43:38.4243890Z ignoring nonexistent directory "/Users/runner/work/tcm-storage-ios/tcm-storage-ios/build/Build/Products/Debug-iphonesimulator/include"
2026-04-22T16:43:38.4244790Z ignoring nonexistent directory "/Users/runner/work/tcm-storage-ios/tcm-storage-ios/build/Build/Intermediates.noindex/Nextcloud.build/Debug-iphonesimulator/Widget.build/DerivedSources-normal/arm64"
2026-04-22T16:43:38.4245860Z ignoring nonexistent directory "/Users/runner/work/tcm-storage-ios/tcm-storage-ios/build/Build/Intermediates.noindex/Nextcloud.build/Debug-iphonesimulator/Widget.build/DerivedSources/arm64"
2026-04-22T16:43:38.4246860Z ignoring nonexistent directory "/Applications/Xcode_26.2.app/Contents/Developer/Platforms/iPhoneSimulator.platform/Developer/SDKs/iPhoneSimulator26.2.sdk/usr/local/include"
2026-04-22T16:43:38.4248410Z ignoring nonexistent directory "/Applications/Xcode_26.2.app/Contents/Developer/Platforms/iPhoneSimulator.platform/Developer/SDKs/iPhoneSimulator26.2.sdk/Library/Frameworks"
2026-04-22T16:43:38.4249420Z ignoring duplicate directory "/Users/runner/work/tcm-storage-ios/tcm-storage-ios/build/Build/Products/Debug-iphonesimulator/PackageFrameworks"
2026-04-22T16:43:38.4250180Z ignoring duplicate directory "/Users/runner/work/tcm-storage-ios/tcm-storage-ios/build/Build/Products/Debug-iphonesimulator/PackageFrameworks"
2026-04-22T16:43:38.4250930Z ignoring duplicate directory "/Users/runner/work/tcm-storage-ios/tcm-storage-ios/build/Build/Products/Debug-iphonesimulator/PackageFrameworks"
2026-04-22T16:43:38.4251670Z ignoring duplicate directory "/Users/runner/work/tcm-storage-ios/tcm-storage-ios/build/Build/Products/Debug-iphonesimulator/PackageFrameworks"
2026-04-22T16:43:38.4252410Z ignoring duplicate directory "/Users/runner/work/tcm-storage-ios/tcm-storage-ios/build/Build/Products/Debug-iphonesimulator/PackageFrameworks"
2026-04-22T16:43:38.4253510Z ignoring duplicate directory "/Users/runner/work/tcm-storage-ios/tcm-storage-ios/build/Build/Products/Debug-iphonesimulator/PackageFrameworks"
2026-04-22T16:43:38.4255880Z ignoring duplicate directory "/Users/runner/work/tcm-storage-ios/tcm-storage-ios/build/Build/Products/Debug-iphonesimulator/PackageFrameworks"
2026-04-22T16:43:38.4258630Z ignoring duplicate directory "/Users/runner/work/tcm-storage-ios/tcm-storage-ios/build/Build/Products/Debug-iphonesimulator/PackageFrameworks"
2026-04-22T16:43:38.4260950Z ignoring duplicate directory "/Users/runner/work/tcm-storage-ios/tcm-storage-ios/build/Build/Products/Debug-iphonesimulator/PackageFrameworks"
2026-04-22T16:43:38.4263060Z ignoring duplicate directory "/Users/runner/work/tcm-storage-ios/tcm-storage-ios/build/Build/Products/Debug-iphonesimulator/PackageFrameworks"
2026-04-22T16:43:38.4265540Z ignoring duplicate directory "/Users/runner/work/tcm-storage-ios/tcm-storage-ios/build/Build/Products/Debug-iphonesimulator/PackageFrameworks"
2026-04-22T16:43:38.4270120Z ignoring duplicate directory "/Users/runner/work/tcm-storage-ios/tcm-storage-ios/build/Build/Products/Debug-iphonesimulator/PackageFrameworks"
2026-04-22T16:43:38.4270910Z ignoring duplicate directory "/Users/runner/work/tcm-storage-ios/tcm-storage-ios/build/Build/Products/Debug-iphonesimulator/PackageFrameworks"
2026-04-22T16:43:38.4271670Z ignoring duplicate directory "/Users/runner/work/tcm-storage-ios/tcm-storage-ios/build/Build/Products/Debug-iphonesimulator/PackageFrameworks"
2026-04-22T16:43:38.4272440Z ignoring duplicate directory "/Users/runner/work/tcm-storage-ios/tcm-storage-ios/build/Build/Products/Debug-iphonesimulator/PackageFrameworks"
2026-04-22T16:43:38.4273210Z ignoring duplicate directory "/Users/runner/work/tcm-storage-ios/tcm-storage-ios/build/Build/Products/Debug-iphonesimulator/PackageFrameworks"
2026-04-22T16:43:38.4273980Z ignoring duplicate directory "/Users/runner/work/tcm-storage-ios/tcm-storage-ios/build/Build/Products/Debug-iphonesimulator/PackageFrameworks"
2026-04-22T16:43:38.4274730Z ignoring duplicate directory "/Users/runner/work/tcm-storage-ios/tcm-storage-ios/build/Build/Products/Debug-iphonesimulator/PackageFrameworks"
2026-04-22T16:43:38.4275480Z ignoring duplicate directory "/Users/runner/work/tcm-storage-ios/tcm-storage-ios/build/Build/Products/Debug-iphonesimulator/PackageFrameworks"
2026-04-22T16:43:38.4276230Z ignoring duplicate directory "/Users/runner/work/tcm-storage-ios/tcm-storage-ios/build/Build/Products/Debug-iphonesimulator/PackageFrameworks"
2026-04-22T16:43:38.4277010Z ignoring duplicate directory "/Users/runner/work/tcm-storage-ios/tcm-storage-ios/build/Build/Products/Debug-iphonesimulator/PackageFrameworks"
2026-04-22T16:43:38.4277790Z ignoring duplicate directory "/Users/runner/work/tcm-storage-ios/tcm-storage-ios/build/Build/Products/Debug-iphonesimulator/PackageFrameworks"
2026-04-22T16:43:38.4278560Z ignoring duplicate directory "/Users/runner/work/tcm-storage-ios/tcm-storage-ios/build/Build/Products/Debug-iphonesimulator/PackageFrameworks"
2026-04-22T16:43:38.4279540Z ignoring duplicate directory "/Users/runner/work/tcm-storage-ios/tcm-storage-ios/build/Build/Products/Debug-iphonesimulator/PackageFrameworks"
2026-04-22T16:43:38.4280280Z ignoring duplicate directory "/Users/runner/work/tcm-storage-ios/tcm-storage-ios/build/Build/Products/Debug-iphonesimulator/PackageFrameworks"
2026-04-22T16:43:38.4281010Z ignoring duplicate directory "/Users/runner/work/tcm-storage-ios/tcm-storage-ios/build/Build/Products/Debug-iphonesimulator/PackageFrameworks"
2026-04-22T16:43:38.4281760Z ignoring duplicate directory "/Users/runner/work/tcm-storage-ios/tcm-storage-ios/build/Build/Products/Debug-iphonesimulator/PackageFrameworks"
2026-04-22T16:43:38.4282510Z ignoring duplicate directory "/Users/runner/work/tcm-storage-ios/tcm-storage-ios/build/Build/Products/Debug-iphonesimulator/PackageFrameworks"
2026-04-22T16:43:38.4283290Z ignoring duplicate directory "/Users/runner/work/tcm-storage-ios/tcm-storage-ios/build/Build/Products/Debug-iphonesimulator/PackageFrameworks"
2026-04-22T16:43:38.4284180Z ignoring duplicate directory "/Users/runner/work/tcm-storage-ios/tcm-storage-ios/build/Build/Products/Debug-iphonesimulator/PackageFrameworks"
2026-04-22T16:43:38.4284920Z ignoring duplicate directory "/Users/runner/work/tcm-storage-ios/tcm-storage-ios/build/Build/Products/Debug-iphonesimulator/PackageFrameworks"
2026-04-22T16:43:38.4285670Z ignoring duplicate directory "/Users/runner/work/tcm-storage-ios/tcm-storage-ios/build/Build/Products/Debug-iphonesimulator/PackageFrameworks"
2026-04-22T16:43:38.4286440Z ignoring duplicate directory "/Users/runner/work/tcm-storage-ios/tcm-storage-ios/build/Build/Products/Debug-iphonesimulator/PackageFrameworks"
2026-04-22T16:43:38.4287230Z ignoring duplicate directory "/Users/runner/work/tcm-storage-ios/tcm-storage-ios/build/Build/Products/Debug-iphonesimulator/PackageFrameworks"
2026-04-22T16:43:38.4287730Z #include "..." search starts here:
2026-04-22T16:43:38.4288430Z  /Users/runner/work/tcm-storage-ios/tcm-storage-ios/build/Build/Intermediates.noindex/Nextcloud.build/Debug-iphonesimulator/Widget.build/Widget-generated-files.hmap (headermap)
2026-04-22T16:43:38.4289450Z  /Users/runner/work/tcm-storage-ios/tcm-storage-ios/build/Build/Intermediates.noindex/Nextcloud.build/Debug-iphonesimulator/Widget.build/Widget-project-headers.hmap (headermap)
2026-04-22T16:43:38.4290050Z #include <...> search starts here:
2026-04-22T16:43:38.4290630Z  /Users/runner/work/tcm-storage-ios/tcm-storage-ios/build/Build/Intermediates.noindex/Nextcloud.build/Debug-iphonesimulator/Widget.build/Widget-own-target-headers.hmap (headermap)
2026-04-22T16:43:38.4291650Z  /Users/runner/work/tcm-storage-ios/tcm-storage-ios/build/Build/Intermediates.noindex/Nextcloud.build/Debug-iphonesimulator/Widget.build/Widget-all-non-framework-target-headers.hmap (headermap)
2026-04-22T16:43:38.4292540Z  /Users/runner/work/tcm-storage-ios/tcm-storage-ios/build/SourcePackages/checkouts/swift-atomics/Sources/_AtomicsShims/include
2026-04-22T16:43:38.4293220Z  /Users/runner/work/tcm-storage-ios/tcm-storage-ios/build/SourcePackages/checkouts/swift-nio/Sources/CNIOPosix/include
2026-04-22T16:43:38.4293870Z  /Users/runner/work/tcm-storage-ios/tcm-storage-ios/build/SourcePackages/checkouts/swift-nio/Sources/CNIOWASI/include
2026-04-22T16:43:38.4294500Z  /Users/runner/work/tcm-storage-ios/tcm-storage-ios/build/SourcePackages/checkouts/swift-nio/Sources/CNIOWindows/include
2026-04-22T16:43:38.4295140Z  /Users/runner/work/tcm-storage-ios/tcm-storage-ios/build/SourcePackages/checkouts/swift-nio/Sources/CNIOLinux/include
2026-04-22T16:43:38.4295770Z  /Users/runner/work/tcm-storage-ios/tcm-storage-ios/build/SourcePackages/checkouts/swift-nio/Sources/CNIODarwin/include
2026-04-22T16:43:38.4296410Z  /Users/runner/work/tcm-storage-ios/tcm-storage-ios/build/SourcePackages/checkouts/swift-nio/Sources/CNIOOpenBSD/include
2026-04-22T16:43:38.4297060Z  /Users/runner/work/tcm-storage-ios/tcm-storage-ios/build/SourcePackages/checkouts/swift-nio/Sources/CNIOAtomics/include
2026-04-22T16:43:38.4297940Z  /Users/runner/work/tcm-storage-ios/tcm-storage-ios/build/SourcePackages/checkouts/swift-nio-ssl/Sources/CNIOBoringSSLShims/include
2026-04-22T16:43:38.4298640Z  /Users/runner/work/tcm-storage-ios/tcm-storage-ios/build/SourcePackages/checkouts/swift-nio-ssl/Sources/CNIOBoringSSL/include
2026-04-22T16:43:38.4299240Z  /Users/runner/work/tcm-storage-ios/tcm-storage-ios/build/SourcePackages/checkouts/realm-core/src
2026-04-22T16:43:38.4299800Z  /Users/runner/work/tcm-storage-ios/tcm-storage-ios/build/SourcePackages/checkouts/realm-core/src/external/s2
2026-04-22T16:43:38.4300500Z  /Users/runner/work/tcm-storage-ios/tcm-storage-ios/build/SourcePackages/checkouts/realm-core/src/external/IntelRDFPMathLib20U2/LIBRARY/src
2026-04-22T16:43:38.4301160Z  /Users/runner/work/tcm-storage-ios/tcm-storage-ios/build/SourcePackages/checkouts/realm-core/src/spm
2026-04-22T16:43:38.4301770Z  /Users/runner/work/tcm-storage-ios/tcm-storage-ios/build/SourcePackages/checkouts/realm-swift/include
2026-04-22T16:43:38.4302490Z  /Users/runner/work/tcm-storage-ios/tcm-storage-ios/build/Build/Intermediates.noindex/Nextcloud.build/Debug-iphonesimulator/Widget.build/DerivedSources
2026-04-22T16:43:38.4303430Z  /Users/runner/work/tcm-storage-ios/tcm-storage-ios/build/Build/Products/Debug-iphonesimulator/PackageFrameworks (framework directory)
2026-04-22T16:43:38.4304110Z  /Users/runner/work/tcm-storage-ios/tcm-storage-ios/build/Build/Products/Debug-iphonesimulator (framework directory)
2026-04-22T16:43:38.4332290Z  /Applications/Xcode_26.2.app/Contents/Developer/Platforms/iPhoneSimulator.platform/Developer/Library/Frameworks (framework directory)
2026-04-22T16:43:38.4333180Z  /Applications/Xcode_26.2.app/Contents/Developer/Platforms/iPhoneSimulator.platform/Developer/SDKs/iPhoneSimulator26.2.sdk/Developer/Library/Frameworks (framework directory)
2026-04-22T16:43:38.4333940Z  /Applications/Xcode_26.2.app/Contents/Developer/Toolchains/XcodeDefault.xctoolchain/usr/lib/clang/17/include
2026-04-22T16:43:38.4382420Z  /Applications/Xcode_26.2.app/Contents/Developer/Platforms/iPhoneSimulator.platform/Developer/SDKs/iPhoneSimulator26.2.sdk/usr/include
2026-04-22T16:43:38.4383110Z  /Applications/Xcode_26.2.app/Contents/Developer/Toolchains/XcodeDefault.xctoolchain/usr/include
2026-04-22T16:43:38.4383840Z  /Applications/Xcode_26.2.app/Contents/Developer/Platforms/iPhoneSimulator.platform/Developer/SDKs/iPhoneSimulator26.2.sdk/System/Library/Frameworks (framework directory)
2026-04-22T16:43:38.4384780Z  /Applications/Xcode_26.2.app/Contents/Developer/Platforms/iPhoneSimulator.platform/Developer/SDKs/iPhoneSimulator26.2.sdk/System/Library/SubFrameworks (framework directory)
2026-04-22T16:43:38.4385340Z End of search list.
2026-04-22T16:43:38.4385600Z clang -cc1 version 17.0.0 (clang-1700.6.3.2) default target arm64-apple-darwin24.6.0
2026-04-22T16:43:38.4386180Z ignoring nonexistent directory "/Users/runner/work/tcm-storage-ios/tcm-storage-ios/build/Build/Products/Debug-iphonesimulator/include"
2026-04-22T16:43:38.4387100Z ignoring nonexistent directory "/Users/runner/work/tcm-storage-ios/tcm-storage-ios/build/Build/Intermediates.noindex/Nextcloud.build/Debug-iphonesimulator/Widget.build/DerivedSources-normal/arm64"
2026-04-22T16:43:38.4388170Z ignoring nonexistent directory "/Users/runner/work/tcm-storage-ios/tcm-storage-ios/build/Build/Intermediates.noindex/Nextcloud.build/Debug-iphonesimulator/Widget.build/DerivedSources/arm64"
2026-04-22T16:43:38.4389150Z ignoring nonexistent directory "/Applications/Xcode_26.2.app/Contents/Developer/Platforms/iPhoneSimulator.platform/Developer/SDKs/iPhoneSimulator26.2.sdk/usr/local/include"
2026-04-22T16:43:38.4390170Z ignoring nonexistent directory "/Applications/Xcode_26.2.app/Contents/Developer/Platforms/iPhoneSimulator.platform/Developer/SDKs/iPhoneSimulator26.2.sdk/Library/Frameworks"
2026-04-22T16:43:38.4391070Z ignoring duplicate directory "/Users/runner/work/tcm-storage-ios/tcm-storage-ios/build/Build/Products/Debug-iphonesimulator/PackageFrameworks"
2026-04-22T16:43:38.4392270Z ignoring duplicate directory "/Users/runner/work/tcm-storage-ios/tcm-storage-ios/build/Build/Products/Debug-iphonesimulator/PackageFrameworks"
2026-04-22T16:43:38.4393030Z ignoring duplicate directory "/Users/runner/work/tcm-storage-ios/tcm-storage-ios/build/Build/Products/Debug-iphonesimulator/PackageFrameworks"
2026-04-22T16:43:38.4393810Z ignoring duplicate directory "/Users/runner/work/tcm-storage-ios/tcm-storage-ios/build/Build/Products/Debug-iphonesimulator/PackageFrameworks"
2026-04-22T16:43:38.4394550Z ignoring duplicate directory "/Users/runner/work/tcm-storage-ios/tcm-storage-ios/build/Build/Products/Debug-iphonesimulator/PackageFrameworks"
2026-04-22T16:43:38.4395270Z ignoring duplicate directory "/Users/runner/work/tcm-storage-ios/tcm-storage-ios/build/Build/Products/Debug-iphonesimulator/PackageFrameworks"
2026-04-22T16:43:38.4396010Z ignoring duplicate directory "/Users/runner/work/tcm-storage-ios/tcm-storage-ios/build/Build/Products/Debug-iphonesimulator/PackageFrameworks"
2026-04-22T16:43:38.4396760Z ignoring duplicate directory "/Users/runner/work/tcm-storage-ios/tcm-storage-ios/build/Build/Products/Debug-iphonesimulator/PackageFrameworks"
2026-04-22T16:43:38.4397650Z ignoring duplicate directory "/Users/runner/work/tcm-storage-ios/tcm-storage-ios/build/Build/Products/Debug-iphonesimulator/PackageFrameworks"
2026-04-22T16:43:38.4398410Z ignoring duplicate directory "/Users/runner/work/tcm-storage-ios/tcm-storage-ios/build/Build/Products/Debug-iphonesimulator/PackageFrameworks"
2026-04-22T16:43:38.4399150Z ignoring duplicate directory "/Users/runner/work/tcm-storage-ios/tcm-storage-ios/build/Build/Products/Debug-iphonesimulator/PackageFrameworks"
2026-04-22T16:43:38.4399900Z ignoring duplicate directory "/Users/runner/work/tcm-storage-ios/tcm-storage-ios/build/Build/Products/Debug-iphonesimulator/PackageFrameworks"
2026-04-22T16:43:38.4402970Z ignoring duplicate directory "/Users/runner/work/tcm-storage-ios/tcm-storage-ios/build/Build/Products/Debug-iphonesimulator/PackageFrameworks"
2026-04-22T16:43:38.4405170Z ignoring duplicate directory "/Users/runner/work/tcm-storage-ios/tcm-storage-ios/build/Build/Products/Debug-iphonesimulator/PackageFrameworks"
2026-04-22T16:43:38.4407340Z ignoring duplicate directory "/Users/runner/work/tcm-storage-ios/tcm-storage-ios/build/Build/Products/Debug-iphonesimulator/PackageFrameworks"
2026-04-22T16:43:38.4409480Z ignoring duplicate directory "/Users/runner/work/tcm-storage-ios/tcm-storage-ios/build/Build/Products/Debug-iphonesimulator/PackageFrameworks"
2026-04-22T16:43:38.4411670Z ignoring duplicate directory "/Users/runner/work/tcm-storage-ios/tcm-storage-ios/build/Build/Products/Debug-iphonesimulator/PackageFrameworks"
2026-04-22T16:43:38.4413850Z ignoring duplicate directory "/Users/runner/work/tcm-storage-ios/tcm-storage-ios/build/Build/Products/Debug-iphonesimulator/PackageFrameworks"
2026-04-22T16:43:38.4415960Z ignoring duplicate directory "/Users/runner/work/tcm-storage-ios/tcm-storage-ios/build/Build/Products/Debug-iphonesimulator/PackageFrameworks"
2026-04-22T16:43:38.4429390Z ignoring duplicate directory "/Users/runner/work/tcm-storage-ios/tcm-storage-ios/build/Build/Products/Debug-iphonesimulator/PackageFrameworks"
2026-04-22T16:43:38.4430210Z ignoring duplicate directory "/Users/runner/work/tcm-storage-ios/tcm-storage-ios/build/Build/Products/Debug-iphonesimulator/PackageFrameworks"
2026-04-22T16:43:38.4430960Z ignoring duplicate directory "/Users/runner/work/tcm-storage-ios/tcm-storage-ios/build/Build/Products/Debug-iphonesimulator/PackageFrameworks"
2026-04-22T16:43:38.4431710Z ignoring duplicate directory "/Users/runner/work/tcm-storage-ios/tcm-storage-ios/build/Build/Products/Debug-iphonesimulator/PackageFrameworks"
2026-04-22T16:43:38.4432470Z ignoring duplicate directory "/Users/runner/work/tcm-storage-ios/tcm-storage-ios/build/Build/Products/Debug-iphonesimulator/PackageFrameworks"
2026-04-22T16:43:38.4434320Z ignoring duplicate directory "/Users/runner/work/tcm-storage-ios/tcm-storage-ios/build/Build/Products/Debug-iphonesimulator/PackageFrameworks"
2026-04-22T16:43:38.4435530Z ignoring duplicate directory "/Users/runner/work/tcm-storage-ios/tcm-storage-ios/build/Build/Products/Debug-iphonesimulator/PackageFrameworks"
2026-04-22T16:43:38.4436300Z ignoring duplicate directory "/Users/runner/work/tcm-storage-ios/tcm-storage-ios/build/Build/Products/Debug-iphonesimulator/PackageFrameworks"
2026-04-22T16:43:38.4437060Z ignoring duplicate directory "/Users/runner/work/tcm-storage-ios/tcm-storage-ios/build/Build/Products/Debug-iphonesimulator/PackageFrameworks"
2026-04-22T16:43:38.4437840Z ignoring duplicate directory "/Users/runner/work/tcm-storage-ios/tcm-storage-ios/build/Build/Products/Debug-iphonesimulator/PackageFrameworks"
2026-04-22T16:43:38.4438610Z ignoring duplicate directory "/Users/runner/work/tcm-storage-ios/tcm-storage-ios/build/Build/Products/Debug-iphonesimulator/PackageFrameworks"
2026-04-22T16:43:38.4439370Z ignoring duplicate directory "/Users/runner/work/tcm-storage-ios/tcm-storage-ios/build/Build/Products/Debug-iphonesimulator/PackageFrameworks"
2026-04-22T16:43:38.4440130Z ignoring duplicate directory "/Users/runner/work/tcm-storage-ios/tcm-storage-ios/build/Build/Products/Debug-iphonesimulator/PackageFrameworks"
2026-04-22T16:43:38.4441160Z ignoring duplicate directory "/Users/runner/work/tcm-storage-ios/tcm-storage-ios/build/Build/Products/Debug-iphonesimulator/PackageFrameworks"
2026-04-22T16:43:38.4441930Z ignoring duplicate directory "/Users/runner/work/tcm-storage-ios/tcm-storage-ios/build/Build/Products/Debug-iphonesimulator/PackageFrameworks"
2026-04-22T16:43:38.4442400Z #include "..." search starts here:
2026-04-22T16:43:38.4442990Z  /Users/runner/work/tcm-storage-ios/tcm-storage-ios/build/Build/Intermediates.noindex/Nextcloud.build/Debug-iphonesimulator/Widget.build/Widget-generated-files.hmap (headermap)
2026-04-22T16:43:38.4443970Z  /Users/runner/work/tcm-storage-ios/tcm-storage-ios/build/Build/Intermediates.noindex/Nextcloud.build/Debug-iphonesimulator/Widget.build/Widget-project-headers.hmap (headermap)
2026-04-22T16:43:38.4444570Z #include <...> search starts here:
2026-04-22T16:43:38.4458270Z  /Users/runner/work/tcm-storage-ios/tcm-storage-ios/build/Build/Intermediates.noindex/Nextcloud.build/Debug-iphonesimulator/Widget.build/Widget-own-target-headers.hmap (headermap)
2026-04-22T16:43:38.4459460Z  /Users/runner/work/tcm-storage-ios/tcm-storage-ios/build/Build/Intermediates.noindex/Nextcloud.build/Debug-iphonesimulator/Widget.build/Widget-all-non-framework-target-headers.hmap (headermap)
2026-04-22T16:43:38.4460340Z  /Users/runner/work/tcm-storage-ios/tcm-storage-ios/build/SourcePackages/checkouts/swift-atomics/Sources/_AtomicsShims/include
2026-04-22T16:43:38.4460980Z  /Users/runner/work/tcm-storage-ios/tcm-storage-ios/build/SourcePackages/checkouts/swift-nio/Sources/CNIOPosix/include
2026-04-22T16:43:38.4461600Z  /Users/runner/work/tcm-storage-ios/tcm-storage-ios/build/SourcePackages/checkouts/swift-nio/Sources/CNIOWASI/include
2026-04-22T16:43:38.4462210Z  /Users/runner/work/tcm-storage-ios/tcm-storage-ios/build/SourcePackages/checkouts/swift-nio/Sources/CNIOWindows/include
2026-04-22T16:43:38.4462850Z  /Users/runner/work/tcm-storage-ios/tcm-storage-ios/build/SourcePackages/checkouts/swift-nio/Sources/CNIOLinux/include
2026-04-22T16:43:38.4463470Z  /Users/runner/work/tcm-storage-ios/tcm-storage-ios/build/SourcePackages/checkouts/swift-nio/Sources/CNIODarwin/include
2026-04-22T16:43:38.4464080Z  /Users/runner/work/tcm-storage-ios/tcm-storage-ios/build/SourcePackages/checkouts/swift-nio/Sources/CNIOOpenBSD/include
2026-04-22T16:43:38.4464700Z  /Users/runner/work/tcm-storage-ios/tcm-storage-ios/build/SourcePackages/checkouts/swift-nio/Sources/CNIOAtomics/include
2026-04-22T16:43:38.4465390Z  /Users/runner/work/tcm-storage-ios/tcm-storage-ios/build/SourcePackages/checkouts/swift-nio-ssl/Sources/CNIOBoringSSLShims/include
2026-04-22T16:43:38.4466080Z  /Users/runner/work/tcm-storage-ios/tcm-storage-ios/build/SourcePackages/checkouts/swift-nio-ssl/Sources/CNIOBoringSSL/include
2026-04-22T16:43:38.4467220Z  /Users/runner/work/tcm-storage-ios/tcm-storage-ios/build/SourcePackages/checkouts/realm-core/src
2026-04-22T16:43:38.4467760Z  /Users/runner/work/tcm-storage-ios/tcm-storage-ios/build/SourcePackages/checkouts/realm-core/src/external/s2
2026-04-22T16:43:38.4468400Z  /Users/runner/work/tcm-storage-ios/tcm-storage-ios/build/SourcePackages/checkouts/realm-core/src/external/IntelRDFPMathLib20U2/LIBRARY/src
2026-04-22T16:43:38.4469030Z  /Users/runner/work/tcm-storage-ios/tcm-storage-ios/build/SourcePackages/checkouts/realm-core/src/spm
2026-04-22T16:43:38.4469540Z  /Users/runner/work/tcm-storage-ios/tcm-storage-ios/build/SourcePackages/checkouts/realm-swift/include
2026-04-22T16:43:38.4470200Z  /Users/runner/work/tcm-storage-ios/tcm-storage-ios/build/Build/Intermediates.noindex/Nextcloud.build/Debug-iphonesimulator/Widget.build/DerivedSources
2026-04-22T16:43:38.4470990Z  /Users/runner/work/tcm-storage-ios/tcm-storage-ios/build/Build/Products/Debug-iphonesimulator/PackageFrameworks (framework directory)
2026-04-22T16:43:38.4471650Z  /Users/runner/work/tcm-storage-ios/tcm-storage-ios/build/Build/Products/Debug-iphonesimulator (framework directory)
2026-04-22T16:43:38.4472480Z  /Applications/Xcode_26.2.app/Contents/Developer/Platforms/iPhoneSimulator.platform/Developer/Library/Frameworks (framework directory)
2026-04-22T16:43:38.4473330Z  /Applications/Xcode_26.2.app/Contents/Developer/Platforms/iPhoneSimulator.platform/Developer/SDKs/iPhoneSimulator26.2.sdk/Developer/Library/Frameworks (framework directory)
2026-04-22T16:43:38.4474100Z  /Applications/Xcode_26.2.app/Contents/Developer/Toolchains/XcodeDefault.xctoolchain/usr/lib/clang/17/include
2026-04-22T16:43:38.4474750Z  /Applications/Xcode_26.2.app/Contents/Developer/Platforms/iPhoneSimulator.platform/Developer/SDKs/iPhoneSimulator26.2.sdk/usr/include
2026-04-22T16:43:38.4475360Z  /Applications/Xcode_26.2.app/Contents/Developer/Toolchains/XcodeDefault.xctoolchain/usr/include
2026-04-22T16:43:38.4476080Z  /Applications/Xcode_26.2.app/Contents/Developer/Platforms/iPhoneSimulator.platform/Developer/SDKs/iPhoneSimulator26.2.sdk/System/Library/Frameworks (framework directory)
2026-04-22T16:43:38.4477000Z  /Applications/Xcode_26.2.app/Contents/Developer/Platforms/iPhoneSimulator.platform/Developer/SDKs/iPhoneSimulator26.2.sdk/System/Library/SubFrameworks (framework directory)
2026-04-22T16:43:38.4477600Z End of search list.
2026-04-22T16:43:38.4477880Z clang -cc1 version 17.0.0 (clang-1700.6.3.2) default target arm64-apple-darwin24.6.0
2026-04-22T16:43:38.4478430Z ignoring nonexistent directory "/Users/runner/work/tcm-storage-ios/tcm-storage-ios/build/Build/Products/Debug-iphonesimulator/include"
2026-04-22T16:43:38.4479310Z ignoring nonexistent directory "/Users/runner/work/tcm-storage-ios/tcm-storage-ios/build/Build/Intermediates.noindex/Nextcloud.build/Debug-iphonesimulator/Widget.build/DerivedSources-normal/arm64"
2026-04-22T16:43:38.4480390Z ignoring nonexistent directory "/Users/runner/work/tcm-storage-ios/tcm-storage-ios/build/Build/Intermediates.noindex/Nextcloud.build/Debug-iphonesimulator/Widget.build/DerivedSources/arm64"
2026-04-22T16:43:38.4485970Z ignoring nonexistent directory "/Applications/Xcode_26.2.app/Contents/Developer/Platforms/iPhoneSimulator.platform/Developer/SDKs/iPhoneSimulator26.2.sdk/usr/local/include"
2026-04-22T16:43:38.4488720Z ignoring nonexistent directory "/Applications/Xcode_26.2.app/Contents/Developer/Platforms/iPhoneSimulator.platform/Developer/SDKs/iPhoneSimulator26.2.sdk/Library/Frameworks"
2026-04-22T16:43:38.4491050Z ignoring duplicate directory "/Users/runner/work/tcm-storage-ios/tcm-storage-ios/build/Build/Products/Debug-iphonesimulator/PackageFrameworks"
2026-04-22T16:43:38.4493180Z ignoring duplicate directory "/Users/runner/work/tcm-storage-ios/tcm-storage-ios/build/Build/Products/Debug-iphonesimulator/PackageFrameworks"
2026-04-22T16:43:38.4495280Z ignoring duplicate directory "/Users/runner/work/tcm-storage-ios/tcm-storage-ios/build/Build/Products/Debug-iphonesimulator/PackageFrameworks"
2026-04-22T16:43:38.4497370Z ignoring duplicate directory "/Users/runner/work/tcm-storage-ios/tcm-storage-ios/build/Build/Products/Debug-iphonesimulator/PackageFrameworks"
2026-04-22T16:43:38.4500300Z ignoring duplicate directory "/Users/runner/work/tcm-storage-ios/tcm-storage-ios/build/Build/Products/Debug-iphonesimulator/PackageFrameworks"
2026-04-22T16:43:38.4502400Z ignoring duplicate directory "/Users/runner/work/tcm-storage-ios/tcm-storage-ios/build/Build/Products/Debug-iphonesimulator/PackageFrameworks"
2026-04-22T16:43:38.4504500Z ignoring duplicate directory "/Users/runner/work/tcm-storage-ios/tcm-storage-ios/build/Build/Products/Debug-iphonesimulator/PackageFrameworks"
2026-04-22T16:43:38.4506600Z ignoring duplicate directory "/Users/runner/work/tcm-storage-ios/tcm-storage-ios/build/Build/Products/Debug-iphonesimulator/PackageFrameworks"
2026-04-22T16:43:38.4508690Z ignoring duplicate directory "/Users/runner/work/tcm-storage-ios/tcm-storage-ios/build/Build/Products/Debug-iphonesimulator/PackageFrameworks"
2026-04-22T16:43:38.4510740Z ignoring duplicate directory "/Users/runner/work/tcm-storage-ios/tcm-storage-ios/build/Build/Products/Debug-iphonesimulator/PackageFrameworks"
2026-04-22T16:43:38.4513180Z ignoring duplicate directory "/Users/runner/work/tcm-storage-ios/tcm-storage-ios/build/Build/Products/Debug-iphonesimulator/PackageFrameworks"
2026-04-22T16:43:38.4515290Z ignoring duplicate directory "/Users/runner/work/tcm-storage-ios/tcm-storage-ios/build/Build/Products/Debug-iphonesimulator/PackageFrameworks"
2026-04-22T16:43:38.4517380Z ignoring duplicate directory "/Users/runner/work/tcm-storage-ios/tcm-storage-ios/build/Build/Products/Debug-iphonesimulator/PackageFrameworks"
2026-04-22T16:43:38.4519510Z ignoring duplicate directory "/Users/runner/work/tcm-storage-ios/tcm-storage-ios/build/Build/Products/Debug-iphonesimulator/PackageFrameworks"
2026-04-22T16:43:38.4521610Z ignoring duplicate directory "/Users/runner/work/tcm-storage-ios/tcm-storage-ios/build/Build/Products/Debug-iphonesimulator/PackageFrameworks"
2026-04-22T16:43:38.4523730Z ignoring duplicate directory "/Users/runner/work/tcm-storage-ios/tcm-storage-ios/build/Build/Products/Debug-iphonesimulator/PackageFrameworks"
2026-04-22T16:43:38.4530800Z ignoring duplicate directory "/Users/runner/work/tcm-storage-ios/tcm-storage-ios/build/Build/Products/Debug-iphonesimulator/PackageFrameworks"
2026-04-22T16:43:38.4531660Z ignoring duplicate directory "/Users/runner/work/tcm-storage-ios/tcm-storage-ios/build/Build/Products/Debug-iphonesimulator/PackageFrameworks"
2026-04-22T16:43:38.4533210Z ignoring duplicate directory "/Users/runner/work/tcm-storage-ios/tcm-storage-ios/build/Build/Products/Debug-iphonesimulator/PackageFrameworks"
2026-04-22T16:43:38.4534000Z ignoring duplicate directory "/Users/runner/work/tcm-storage-ios/tcm-storage-ios/build/Build/Products/Debug-iphonesimulator/PackageFrameworks"
2026-04-22T16:43:38.4534760Z ignoring duplicate directory "/Users/runner/work/tcm-storage-ios/tcm-storage-ios/build/Build/Products/Debug-iphonesimulator/PackageFrameworks"
2026-04-22T16:43:38.4535530Z ignoring duplicate directory "/Users/runner/work/tcm-storage-ios/tcm-storage-ios/build/Build/Products/Debug-iphonesimulator/PackageFrameworks"
2026-04-22T16:43:38.4536260Z ignoring duplicate directory "/Users/runner/work/tcm-storage-ios/tcm-storage-ios/build/Build/Products/Debug-iphonesimulator/PackageFrameworks"
2026-04-22T16:43:38.4536990Z ignoring duplicate directory "/Users/runner/work/tcm-storage-ios/tcm-storage-ios/build/Build/Products/Debug-iphonesimulator/PackageFrameworks"
2026-04-22T16:43:38.4537760Z ignoring duplicate directory "/Users/runner/work/tcm-storage-ios/tcm-storage-ios/build/Build/Products/Debug-iphonesimulator/PackageFrameworks"
2026-04-22T16:43:38.4538540Z ignoring duplicate directory "/Users/runner/work/tcm-storage-ios/tcm-storage-ios/build/Build/Products/Debug-iphonesimulator/PackageFrameworks"
2026-04-22T16:43:38.4539280Z ignoring duplicate directory "/Users/runner/work/tcm-storage-ios/tcm-storage-ios/build/Build/Products/Debug-iphonesimulator/PackageFrameworks"
2026-04-22T16:43:38.4540220Z ignoring duplicate directory "/Users/runner/work/tcm-storage-ios/tcm-storage-ios/build/Build/Products/Debug-iphonesimulator/PackageFrameworks"
2026-04-22T16:43:38.4540960Z ignoring duplicate directory "/Users/runner/work/tcm-storage-ios/tcm-storage-ios/build/Build/Products/Debug-iphonesimulator/PackageFrameworks"
2026-04-22T16:43:38.4541700Z ignoring duplicate directory "/Users/runner/work/tcm-storage-ios/tcm-storage-ios/build/Build/Products/Debug-iphonesimulator/PackageFrameworks"
2026-04-22T16:43:38.4542450Z ignoring duplicate directory "/Users/runner/work/tcm-storage-ios/tcm-storage-ios/build/Build/Products/Debug-iphonesimulator/PackageFrameworks"
2026-04-22T16:43:38.4543230Z ignoring duplicate directory "/Users/runner/work/tcm-storage-ios/tcm-storage-ios/build/Build/Products/Debug-iphonesimulator/PackageFrameworks"
2026-04-22T16:43:38.4544010Z ignoring duplicate directory "/Users/runner/work/tcm-storage-ios/tcm-storage-ios/build/Build/Products/Debug-iphonesimulator/PackageFrameworks"
2026-04-22T16:43:38.4544780Z ignoring duplicate directory "/Users/runner/work/tcm-storage-ios/tcm-storage-ios/build/Build/Products/Debug-iphonesimulator/PackageFrameworks"
2026-04-22T16:43:38.4545250Z #include "..." search starts here:
2026-04-22T16:43:38.4545930Z  /Users/runner/work/tcm-storage-ios/tcm-storage-ios/build/Build/Intermediates.noindex/Nextcloud.build/Debug-iphonesimulator/Widget.build/Widget-generated-files.hmap (headermap)
2026-04-22T16:43:38.4546920Z  /Users/runner/work/tcm-storage-ios/tcm-storage-ios/build/Build/Intermediates.noindex/Nextcloud.build/Debug-iphonesimulator/Widget.build/Widget-project-headers.hmap (headermap)
2026-04-22T16:43:38.4547490Z #include <...> search starts here:
2026-04-22T16:43:38.4548060Z  /Users/runner/work/tcm-storage-ios/tcm-storage-ios/build/Build/Intermediates.noindex/Nextcloud.build/Debug-iphonesimulator/Widget.build/Widget-own-target-headers.hmap (headermap)
2026-04-22T16:43:38.4549070Z  /Users/runner/work/tcm-storage-ios/tcm-storage-ios/build/Build/Intermediates.noindex/Nextcloud.build/Debug-iphonesimulator/Widget.build/Widget-all-non-framework-target-headers.hmap (headermap)
2026-04-22T16:43:38.4549950Z  /Users/runner/work/tcm-storage-ios/tcm-storage-ios/build/SourcePackages/checkouts/swift-atomics/Sources/_AtomicsShims/include
2026-04-22T16:43:38.4550590Z  /Users/runner/work/tcm-storage-ios/tcm-storage-ios/build/SourcePackages/checkouts/swift-nio/Sources/CNIOPosix/include
2026-04-22T16:43:38.4551190Z  /Users/runner/work/tcm-storage-ios/tcm-storage-ios/build/SourcePackages/checkouts/swift-nio/Sources/CNIOWASI/include
2026-04-22T16:43:38.4551810Z  /Users/runner/work/tcm-storage-ios/tcm-storage-ios/build/SourcePackages/checkouts/swift-nio/Sources/CNIOWindows/include
2026-04-22T16:43:38.4552430Z  /Users/runner/work/tcm-storage-ios/tcm-storage-ios/build/SourcePackages/checkouts/swift-nio/Sources/CNIOLinux/include
2026-04-22T16:43:38.4553070Z  /Users/runner/work/tcm-storage-ios/tcm-storage-ios/build/SourcePackages/checkouts/swift-nio/Sources/CNIODarwin/include
2026-04-22T16:43:38.4553700Z  /Users/runner/work/tcm-storage-ios/tcm-storage-ios/build/SourcePackages/checkouts/swift-nio/Sources/CNIOOpenBSD/include
2026-04-22T16:43:38.4554320Z  /Users/runner/work/tcm-storage-ios/tcm-storage-ios/build/SourcePackages/checkouts/swift-nio/Sources/CNIOAtomics/include
2026-04-22T16:43:38.4554970Z  /Users/runner/work/tcm-storage-ios/tcm-storage-ios/build/SourcePackages/checkouts/swift-nio-ssl/Sources/CNIOBoringSSLShims/include
2026-04-22T16:43:38.4555710Z  /Users/runner/work/tcm-storage-ios/tcm-storage-ios/build/SourcePackages/checkouts/swift-nio-ssl/Sources/CNIOBoringSSL/include
2026-04-22T16:43:38.4556300Z  /Users/runner/work/tcm-storage-ios/tcm-storage-ios/build/SourcePackages/checkouts/realm-core/src
2026-04-22T16:43:38.4556840Z  /Users/runner/work/tcm-storage-ios/tcm-storage-ios/build/SourcePackages/checkouts/realm-core/src/external/s2
2026-04-22T16:43:38.4557480Z  /Users/runner/work/tcm-storage-ios/tcm-storage-ios/build/SourcePackages/checkouts/realm-core/src/external/IntelRDFPMathLib20U2/LIBRARY/src
2026-04-22T16:43:38.4558640Z  /Users/runner/work/tcm-storage-ios/tcm-storage-ios/build/SourcePackages/checkouts/realm-core/src/spm
2026-04-22T16:43:38.4559160Z  /Users/runner/work/tcm-storage-ios/tcm-storage-ios/build/SourcePackages/checkouts/realm-swift/include
2026-04-22T16:43:38.4559820Z  /Users/runner/work/tcm-storage-ios/tcm-storage-ios/build/Build/Intermediates.noindex/Nextcloud.build/Debug-iphonesimulator/Widget.build/DerivedSources
2026-04-22T16:43:38.4560560Z  /Users/runner/work/tcm-storage-ios/tcm-storage-ios/build/Build/Products/Debug-iphonesimulator/PackageFrameworks (framework directory)
2026-04-22T16:43:38.4561220Z  /Users/runner/work/tcm-storage-ios/tcm-storage-ios/build/Build/Products/Debug-iphonesimulator (framework directory)
2026-04-22T16:43:38.4561890Z  /Applications/Xcode_26.2.app/Contents/Developer/Platforms/iPhoneSimulator.platform/Developer/Library/Frameworks (framework directory)
2026-04-22T16:43:38.4564370Z  /Applications/Xcode_26.2.app/Contents/Developer/Platforms/iPhoneSimulator.platform/Developer/SDKs/iPhoneSimulator26.2.sdk/Developer/Library/Frameworks (framework directory)
2026-04-22T16:43:38.4567790Z  /Applications/Xcode_26.2.app/Contents/Developer/Toolchains/XcodeDefault.xctoolchain/usr/lib/clang/17/include
2026-04-22T16:43:38.4569650Z  /Applications/Xcode_26.2.app/Contents/Developer/Platforms/iPhoneSimulator.platform/Developer/SDKs/iPhoneSimulator26.2.sdk/usr/include
2026-04-22T16:43:38.4583180Z  /Applications/Xcode_26.2.app/Contents/Developer/Toolchains/XcodeDefault.xctoolchain/usr/include
2026-04-22T16:43:38.4583930Z  /Applications/Xcode_26.2.app/Contents/Developer/Platforms/iPhoneSimulator.platform/Developer/SDKs/iPhoneSimulator26.2.sdk/System/Library/Frameworks (framework directory)
2026-04-22T16:43:38.4584870Z  /Applications/Xcode_26.2.app/Contents/Developer/Platforms/iPhoneSimulator.platform/Developer/SDKs/iPhoneSimulator26.2.sdk/System/Library/SubFrameworks (framework directory)
2026-04-22T16:43:38.4585430Z End of search list.
2026-04-22T16:43:38.4585710Z clang -cc1 version 17.0.0 (clang-1700.6.3.2) default target arm64-apple-darwin24.6.0
2026-04-22T16:43:38.4586280Z ignoring nonexistent directory "/Users/runner/work/tcm-storage-ios/tcm-storage-ios/build/Build/Products/Debug-iphonesimulator/include"
2026-04-22T16:43:38.4587650Z ignoring nonexistent directory "/Users/runner/work/tcm-storage-ios/tcm-storage-ios/build/Build/Intermediates.noindex/Nextcloud.build/Debug-iphonesimulator/Widget.build/DerivedSources-normal/arm64"
2026-04-22T16:43:38.4588790Z ignoring nonexistent directory "/Users/runner/work/tcm-storage-ios/tcm-storage-ios/build/Build/Intermediates.noindex/Nextcloud.build/Debug-iphonesimulator/Widget.build/DerivedSources/arm64"
2026-04-22T16:43:38.4589760Z ignoring nonexistent directory "/Applications/Xcode_26.2.app/Contents/Developer/Platforms/iPhoneSimulator.platform/Developer/SDKs/iPhoneSimulator26.2.sdk/usr/local/include"
2026-04-22T16:43:38.4590700Z ignoring nonexistent directory "/Applications/Xcode_26.2.app/Contents/Developer/Platforms/iPhoneSimulator.platform/Developer/SDKs/iPhoneSimulator26.2.sdk/Library/Frameworks"
2026-04-22T16:43:38.4591540Z ignoring duplicate directory "/Users/runner/work/tcm-storage-ios/tcm-storage-ios/build/Build/Products/Debug-iphonesimulator/PackageFrameworks"
2026-04-22T16:43:38.4600780Z ignoring duplicate directory "/Users/runner/work/tcm-storage-ios/tcm-storage-ios/build/Build/Products/Debug-iphonesimulator/PackageFrameworks"
2026-04-22T16:43:38.4603020Z ignoring duplicate directory "/Users/runner/work/tcm-storage-ios/tcm-storage-ios/build/Build/Products/Debug-iphonesimulator/PackageFrameworks"
2026-04-22T16:43:38.4605160Z ignoring duplicate directory "/Users/runner/work/tcm-storage-ios/tcm-storage-ios/build/Build/Products/Debug-iphonesimulator/PackageFrameworks"
2026-04-22T16:43:38.4607290Z ignoring duplicate directory "/Users/runner/work/tcm-storage-ios/tcm-storage-ios/build/Build/Products/Debug-iphonesimulator/PackageFrameworks"
2026-04-22T16:43:38.4609370Z ignoring duplicate directory "/Users/runner/work/tcm-storage-ios/tcm-storage-ios/build/Build/Products/Debug-iphonesimulator/PackageFrameworks"
2026-04-22T16:43:38.4612130Z ignoring duplicate directory "/Users/runner/work/tcm-storage-ios/tcm-storage-ios/build/Build/Products/Debug-iphonesimulator/PackageFrameworks"
2026-04-22T16:43:38.4614250Z ignoring duplicate directory "/Users/runner/work/tcm-storage-ios/tcm-storage-ios/build/Build/Products/Debug-iphonesimulator/PackageFrameworks"
2026-04-22T16:43:38.4616360Z ignoring duplicate directory "/Users/runner/work/tcm-storage-ios/tcm-storage-ios/build/Build/Products/Debug-iphonesimulator/PackageFrameworks"
2026-04-22T16:43:38.4618450Z ignoring duplicate directory "/Users/runner/work/tcm-storage-ios/tcm-storage-ios/build/Build/Products/Debug-iphonesimulator/PackageFrameworks"
2026-04-22T16:43:38.4620780Z ignoring duplicate directory "/Users/runner/work/tcm-storage-ios/tcm-storage-ios/build/Build/Products/Debug-iphonesimulator/PackageFrameworks"
2026-04-22T16:43:38.4622930Z ignoring duplicate directory "/Users/runner/work/tcm-storage-ios/tcm-storage-ios/build/Build/Products/Debug-iphonesimulator/PackageFrameworks"
2026-04-22T16:43:38.4627210Z ignoring duplicate directory "/Users/runner/work/tcm-storage-ios/tcm-storage-ios/build/Build/Products/Debug-iphonesimulator/PackageFrameworks"
2026-04-22T16:43:38.4628150Z ignoring duplicate directory "/Users/runner/work/tcm-storage-ios/tcm-storage-ios/build/Build/Products/Debug-iphonesimulator/PackageFrameworks"
2026-04-22T16:43:38.4628930Z ignoring duplicate directory "/Users/runner/work/tcm-storage-ios/tcm-storage-ios/build/Build/Products/Debug-iphonesimulator/PackageFrameworks"
2026-04-22T16:43:38.4629700Z ignoring duplicate directory "/Users/runner/work/tcm-storage-ios/tcm-storage-ios/build/Build/Products/Debug-iphonesimulator/PackageFrameworks"
2026-04-22T16:43:38.4641100Z ignoring duplicate directory "/Users/runner/work/tcm-storage-ios/tcm-storage-ios/build/Build/Products/Debug-iphonesimulator/PackageFrameworks"
2026-04-22T16:43:38.4641950Z ignoring duplicate directory "/Users/runner/work/tcm-storage-ios/tcm-storage-ios/build/Build/Products/Debug-iphonesimulator/PackageFrameworks"
2026-04-22T16:43:38.4642720Z ignoring duplicate directory "/Users/runner/work/tcm-storage-ios/tcm-storage-ios/build/Build/Products/Debug-iphonesimulator/PackageFrameworks"
2026-04-22T16:43:38.4643460Z ignoring duplicate directory "/Users/runner/work/tcm-storage-ios/tcm-storage-ios/build/Build/Products/Debug-iphonesimulator/PackageFrameworks"
2026-04-22T16:43:38.4644190Z ignoring duplicate directory "/Users/runner/work/tcm-storage-ios/tcm-storage-ios/build/Build/Products/Debug-iphonesimulator/PackageFrameworks"
2026-04-22T16:43:38.4644920Z ignoring duplicate directory "/Users/runner/work/tcm-storage-ios/tcm-storage-ios/build/Build/Products/Debug-iphonesimulator/PackageFrameworks"
2026-04-22T16:43:38.4645650Z ignoring duplicate directory "/Users/runner/work/tcm-storage-ios/tcm-storage-ios/build/Build/Products/Debug-iphonesimulator/PackageFrameworks"
2026-04-22T16:43:38.4646380Z ignoring duplicate directory "/Users/runner/work/tcm-storage-ios/tcm-storage-ios/build/Build/Products/Debug-iphonesimulator/PackageFrameworks"
2026-04-22T16:43:38.4647120Z ignoring duplicate directory "/Users/runner/work/tcm-storage-ios/tcm-storage-ios/build/Build/Products/Debug-iphonesimulator/PackageFrameworks"
2026-04-22T16:43:38.4647870Z ignoring duplicate directory "/Users/runner/work/tcm-storage-ios/tcm-storage-ios/build/Build/Products/Debug-iphonesimulator/PackageFrameworks"
2026-04-22T16:43:38.4648610Z ignoring duplicate directory "/Users/runner/work/tcm-storage-ios/tcm-storage-ios/build/Build/Products/Debug-iphonesimulator/PackageFrameworks"
2026-04-22T16:43:38.4649360Z ignoring duplicate directory "/Users/runner/work/tcm-storage-ios/tcm-storage-ios/build/Build/Products/Debug-iphonesimulator/PackageFrameworks"
2026-04-22T16:43:38.4650100Z ignoring duplicate directory "/Users/runner/work/tcm-storage-ios/tcm-storage-ios/build/Build/Products/Debug-iphonesimulator/PackageFrameworks"
2026-04-22T16:43:38.4652350Z ignoring duplicate directory "/Users/runner/work/tcm-storage-ios/tcm-storage-ios/build/Build/Products/Debug-iphonesimulator/PackageFrameworks"
2026-04-22T16:43:38.4653480Z ignoring duplicate directory "/Users/runner/work/tcm-storage-ios/tcm-storage-ios/build/Build/Products/Debug-iphonesimulator/PackageFrameworks"
2026-04-22T16:43:38.4654240Z ignoring duplicate directory "/Users/runner/work/tcm-storage-ios/tcm-storage-ios/build/Build/Products/Debug-iphonesimulator/PackageFrameworks"
2026-04-22T16:43:38.4654990Z ignoring duplicate directory "/Users/runner/work/tcm-storage-ios/tcm-storage-ios/build/Build/Products/Debug-iphonesimulator/PackageFrameworks"
2026-04-22T16:43:38.4655750Z ignoring duplicate directory "/Users/runner/work/tcm-storage-ios/tcm-storage-ios/build/Build/Products/Debug-iphonesimulator/PackageFrameworks"
2026-04-22T16:43:38.4656230Z #include "..." search starts here:
2026-04-22T16:43:38.4656800Z  /Users/runner/work/tcm-storage-ios/tcm-storage-ios/build/Build/Intermediates.noindex/Nextcloud.build/Debug-iphonesimulator/Widget.build/Widget-generated-files.hmap (headermap)
2026-04-22T16:43:38.4657930Z  /Users/runner/work/tcm-storage-ios/tcm-storage-ios/build/Build/Intermediates.noindex/Nextcloud.build/Debug-iphonesimulator/Widget.build/Widget-project-headers.hmap (headermap)
2026-04-22T16:43:38.4658520Z #include <...> search starts here:
2026-04-22T16:43:38.4659110Z  /Users/runner/work/tcm-storage-ios/tcm-storage-ios/build/Build/Intermediates.noindex/Nextcloud.build/Debug-iphonesimulator/Widget.build/Widget-own-target-headers.hmap (headermap)
2026-04-22T16:43:38.4660160Z  /Users/runner/work/tcm-storage-ios/tcm-storage-ios/build/Build/Intermediates.noindex/Nextcloud.build/Debug-iphonesimulator/Widget.build/Widget-all-non-framework-target-headers.hmap (headermap)
2026-04-22T16:43:38.4661040Z  /Users/runner/work/tcm-storage-ios/tcm-storage-ios/build/SourcePackages/checkouts/swift-atomics/Sources/_AtomicsShims/include
2026-04-22T16:43:38.4661700Z  /Users/runner/work/tcm-storage-ios/tcm-storage-ios/build/SourcePackages/checkouts/swift-nio/Sources/CNIOPosix/include
2026-04-22T16:43:38.4662330Z  /Users/runner/work/tcm-storage-ios/tcm-storage-ios/build/SourcePackages/checkouts/swift-nio/Sources/CNIOWASI/include
2026-04-22T16:43:38.4662960Z  /Users/runner/work/tcm-storage-ios/tcm-storage-ios/build/SourcePackages/checkouts/swift-nio/Sources/CNIOWindows/include
2026-04-22T16:43:38.4663580Z  /Users/runner/work/tcm-storage-ios/tcm-storage-ios/build/SourcePackages/checkouts/swift-nio/Sources/CNIOLinux/include
2026-04-22T16:43:38.4664200Z  /Users/runner/work/tcm-storage-ios/tcm-storage-ios/build/SourcePackages/checkouts/swift-nio/Sources/CNIODarwin/include
2026-04-22T16:43:38.4664830Z  /Users/runner/work/tcm-storage-ios/tcm-storage-ios/build/SourcePackages/checkouts/swift-nio/Sources/CNIOOpenBSD/include
2026-04-22T16:43:38.4665460Z  /Users/runner/work/tcm-storage-ios/tcm-storage-ios/build/SourcePackages/checkouts/swift-nio/Sources/CNIOAtomics/include
2026-04-22T16:43:38.4666130Z  /Users/runner/work/tcm-storage-ios/tcm-storage-ios/build/SourcePackages/checkouts/swift-nio-ssl/Sources/CNIOBoringSSLShims/include
2026-04-22T16:43:38.4666830Z  /Users/runner/work/tcm-storage-ios/tcm-storage-ios/build/SourcePackages/checkouts/swift-nio-ssl/Sources/CNIOBoringSSL/include
2026-04-22T16:43:38.4667430Z  /Users/runner/work/tcm-storage-ios/tcm-storage-ios/build/SourcePackages/checkouts/realm-core/src
2026-04-22T16:43:38.4667980Z  /Users/runner/work/tcm-storage-ios/tcm-storage-ios/build/SourcePackages/checkouts/realm-core/src/external/s2
2026-04-22T16:43:38.4668630Z  /Users/runner/work/tcm-storage-ios/tcm-storage-ios/build/SourcePackages/checkouts/realm-core/src/external/IntelRDFPMathLib20U2/LIBRARY/src
2026-04-22T16:43:38.4669260Z  /Users/runner/work/tcm-storage-ios/tcm-storage-ios/build/SourcePackages/checkouts/realm-core/src/spm
2026-04-22T16:43:38.4669770Z  /Users/runner/work/tcm-storage-ios/tcm-storage-ios/build/SourcePackages/checkouts/realm-swift/include
2026-04-22T16:43:38.4670440Z  /Users/runner/work/tcm-storage-ios/tcm-storage-ios/build/Build/Intermediates.noindex/Nextcloud.build/Debug-iphonesimulator/Widget.build/DerivedSources
2026-04-22T16:43:38.4671310Z  /Users/runner/work/tcm-storage-ios/tcm-storage-ios/build/Build/Products/Debug-iphonesimulator/PackageFrameworks (framework directory)
2026-04-22T16:43:38.4671980Z  /Users/runner/work/tcm-storage-ios/tcm-storage-ios/build/Build/Products/Debug-iphonesimulator (framework directory)
2026-04-22T16:43:38.4672650Z  /Applications/Xcode_26.2.app/Contents/Developer/Platforms/iPhoneSimulator.platform/Developer/Library/Frameworks (framework directory)
2026-04-22T16:43:38.4673500Z  /Applications/Xcode_26.2.app/Contents/Developer/Platforms/iPhoneSimulator.platform/Developer/SDKs/iPhoneSimulator26.2.sdk/Developer/Library/Frameworks (framework directory)
2026-04-22T16:43:38.4674260Z  /Applications/Xcode_26.2.app/Contents/Developer/Toolchains/XcodeDefault.xctoolchain/usr/lib/clang/17/include
2026-04-22T16:43:38.4674920Z  /Applications/Xcode_26.2.app/Contents/Developer/Platforms/iPhoneSimulator.platform/Developer/SDKs/iPhoneSimulator26.2.sdk/usr/include
2026-04-22T16:43:38.4675550Z  /Applications/Xcode_26.2.app/Contents/Developer/Toolchains/XcodeDefault.xctoolchain/usr/include
2026-04-22T16:43:38.4676350Z  /Applications/Xcode_26.2.app/Contents/Developer/Platforms/iPhoneSimulator.platform/Developer/SDKs/iPhoneSimulator26.2.sdk/System/Library/Frameworks (framework directory)
2026-04-22T16:43:38.4677320Z  /Applications/Xcode_26.2.app/Contents/Developer/Platforms/iPhoneSimulator.platform/Developer/SDKs/iPhoneSimulator26.2.sdk/System/Library/SubFrameworks (framework directory)
2026-04-22T16:43:38.4677890Z End of search list.
2026-04-22T16:43:38.4678160Z clang -cc1 version 17.0.0 (clang-1700.6.3.2) default target arm64-apple-darwin24.6.0
2026-04-22T16:43:38.4678720Z ignoring nonexistent directory "/Users/runner/work/tcm-storage-ios/tcm-storage-ios/build/Build/Products/Debug-iphonesimulator/include"
2026-04-22T16:43:38.4679620Z ignoring nonexistent directory "/Users/runner/work/tcm-storage-ios/tcm-storage-ios/build/Build/Intermediates.noindex/Nextcloud.build/Debug-iphonesimulator/Widget.build/DerivedSources-normal/arm64"
2026-04-22T16:43:38.4680680Z ignoring nonexistent directory "/Users/runner/work/tcm-storage-ios/tcm-storage-ios/build/Build/Intermediates.noindex/Nextcloud.build/Debug-iphonesimulator/Widget.build/DerivedSources/arm64"
2026-04-22T16:43:38.4681680Z ignoring nonexistent directory "/Applications/Xcode_26.2.app/Contents/Developer/Platforms/iPhoneSimulator.platform/Developer/SDKs/iPhoneSimulator26.2.sdk/usr/local/include"
2026-04-22T16:43:38.4694420Z ignoring nonexistent directory "/Applications/Xcode_26.2.app/Contents/Developer/Platforms/iPhoneSimulator.platform/Developer/SDKs/iPhoneSimulator26.2.sdk/Library/Frameworks"
2026-04-22T16:43:38.4696850Z ignoring duplicate directory "/Users/runner/work/tcm-storage-ios/tcm-storage-ios/build/Build/Products/Debug-iphonesimulator/PackageFrameworks"
2026-04-22T16:43:38.4698990Z ignoring duplicate directory "/Users/runner/work/tcm-storage-ios/tcm-storage-ios/build/Build/Products/Debug-iphonesimulator/PackageFrameworks"
2026-04-22T16:43:38.4701140Z ignoring duplicate directory "/Users/runner/work/tcm-storage-ios/tcm-storage-ios/build/Build/Products/Debug-iphonesimulator/PackageFrameworks"
2026-04-22T16:43:38.4703300Z ignoring duplicate directory "/Users/runner/work/tcm-storage-ios/tcm-storage-ios/build/Build/Products/Debug-iphonesimulator/PackageFrameworks"
2026-04-22T16:43:38.4705430Z ignoring duplicate directory "/Users/runner/work/tcm-storage-ios/tcm-storage-ios/build/Build/Products/Debug-iphonesimulator/PackageFrameworks"
2026-04-22T16:43:38.4707540Z ignoring duplicate directory "/Users/runner/work/tcm-storage-ios/tcm-storage-ios/build/Build/Products/Debug-iphonesimulator/PackageFrameworks"
2026-04-22T16:43:38.4709600Z ignoring duplicate directory "/Users/runner/work/tcm-storage-ios/tcm-storage-ios/build/Build/Products/Debug-iphonesimulator/PackageFrameworks"
2026-04-22T16:43:38.4711680Z ignoring duplicate directory "/Users/runner/work/tcm-storage-ios/tcm-storage-ios/build/Build/Products/Debug-iphonesimulator/PackageFrameworks"
2026-04-22T16:43:38.4714950Z ignoring duplicate directory "/Users/runner/work/tcm-storage-ios/tcm-storage-ios/build/Build/Products/Debug-iphonesimulator/PackageFrameworks"
2026-04-22T16:43:38.4717080Z ignoring duplicate directory "/Users/runner/work/tcm-storage-ios/tcm-storage-ios/build/Build/Products/Debug-iphonesimulator/PackageFrameworks"
2026-04-22T16:43:38.4719150Z ignoring duplicate directory "/Users/runner/work/tcm-storage-ios/tcm-storage-ios/build/Build/Products/Debug-iphonesimulator/PackageFrameworks"
2026-04-22T16:43:38.4721230Z ignoring duplicate directory "/Users/runner/work/tcm-storage-ios/tcm-storage-ios/build/Build/Products/Debug-iphonesimulator/PackageFrameworks"
2026-04-22T16:43:38.4723270Z ignoring duplicate directory "/Users/runner/work/tcm-storage-ios/tcm-storage-ios/build/Build/Products/Debug-iphonesimulator/PackageFrameworks"
2026-04-22T16:43:38.4727690Z ignoring duplicate directory "/Users/runner/work/tcm-storage-ios/tcm-storage-ios/build/Build/Products/Debug-iphonesimulator/PackageFrameworks"
2026-04-22T16:43:38.4729790Z ignoring duplicate directory "/Users/runner/work/tcm-storage-ios/tcm-storage-ios/build/Build/Products/Debug-iphonesimulator/PackageFrameworks"
2026-04-22T16:43:38.4732590Z ignoring duplicate directory "/Users/runner/work/tcm-storage-ios/tcm-storage-ios/build/Build/Products/Debug-iphonesimulator/PackageFrameworks"
2026-04-22T16:43:38.4767390Z ignoring duplicate directory "/Users/runner/work/tcm-storage-ios/tcm-storage-ios/build/Build/Products/Debug-iphonesimulator/PackageFrameworks"
2026-04-22T16:43:38.4768340Z ignoring duplicate directory "/Users/runner/work/tcm-storage-ios/tcm-storage-ios/build/Build/Products/Debug-iphonesimulator/PackageFrameworks"
2026-04-22T16:43:38.4769150Z ignoring duplicate directory "/Users/runner/work/tcm-storage-ios/tcm-storage-ios/build/Build/Products/Debug-iphonesimulator/PackageFrameworks"
2026-04-22T16:43:38.4769930Z ignoring duplicate directory "/Users/runner/work/tcm-storage-ios/tcm-storage-ios/build/Build/Products/Debug-iphonesimulator/PackageFrameworks"
2026-04-22T16:43:38.4770770Z ignoring duplicate directory "/Users/runner/work/tcm-storage-ios/tcm-storage-ios/build/Build/Products/Debug-iphonesimulator/PackageFrameworks"
2026-04-22T16:43:38.4771550Z ignoring duplicate directory "/Users/runner/work/tcm-storage-ios/tcm-storage-ios/build/Build/Products/Debug-iphonesimulator/PackageFrameworks"
2026-04-22T16:43:38.4772310Z ignoring duplicate directory "/Users/runner/work/tcm-storage-ios/tcm-storage-ios/build/Build/Products/Debug-iphonesimulator/PackageFrameworks"
2026-04-22T16:43:38.4773090Z ignoring duplicate directory "/Users/runner/work/tcm-storage-ios/tcm-storage-ios/build/Build/Products/Debug-iphonesimulator/PackageFrameworks"
2026-04-22T16:43:38.4773840Z ignoring duplicate directory "/Users/runner/work/tcm-storage-ios/tcm-storage-ios/build/Build/Products/Debug-iphonesimulator/PackageFrameworks"
2026-04-22T16:43:38.4774580Z ignoring duplicate directory "/Users/runner/work/tcm-storage-ios/tcm-storage-ios/build/Build/Products/Debug-iphonesimulator/PackageFrameworks"
2026-04-22T16:43:38.4775320Z ignoring duplicate directory "/Users/runner/work/tcm-storage-ios/tcm-storage-ios/build/Build/Products/Debug-iphonesimulator/PackageFrameworks"
2026-04-22T16:43:38.4776070Z ignoring duplicate directory "/Users/runner/work/tcm-storage-ios/tcm-storage-ios/build/Build/Products/Debug-iphonesimulator/PackageFrameworks"
2026-04-22T16:43:38.4777880Z ignoring duplicate directory "/Users/runner/work/tcm-storage-ios/tcm-storage-ios/build/Build/Products/Debug-iphonesimulator/PackageFrameworks"
2026-04-22T16:43:38.4778650Z ignoring duplicate directory "/Users/runner/work/tcm-storage-ios/tcm-storage-ios/build/Build/Products/Debug-iphonesimulator/PackageFrameworks"
2026-04-22T16:43:38.4779410Z ignoring duplicate directory "/Users/runner/work/tcm-storage-ios/tcm-storage-ios/build/Build/Products/Debug-iphonesimulator/PackageFrameworks"
2026-04-22T16:43:38.4780160Z ignoring duplicate directory "/Users/runner/work/tcm-storage-ios/tcm-storage-ios/build/Build/Products/Debug-iphonesimulator/PackageFrameworks"
2026-04-22T16:43:38.4781510Z ignoring duplicate directory "/Users/runner/work/tcm-storage-ios/tcm-storage-ios/build/Build/Products/Debug-iphonesimulator/PackageFrameworks"
2026-04-22T16:43:38.4782270Z ignoring duplicate directory "/Users/runner/work/tcm-storage-ios/tcm-storage-ios/build/Build/Products/Debug-iphonesimulator/PackageFrameworks"
2026-04-22T16:43:38.4782750Z #include "..." search starts here:
2026-04-22T16:43:38.4783330Z  /Users/runner/work/tcm-storage-ios/tcm-storage-ios/build/Build/Intermediates.noindex/Nextcloud.build/Debug-iphonesimulator/Widget.build/Widget-generated-files.hmap (headermap)
2026-04-22T16:43:38.4784320Z  /Users/runner/work/tcm-storage-ios/tcm-storage-ios/build/Build/Intermediates.noindex/Nextcloud.build/Debug-iphonesimulator/Widget.build/Widget-project-headers.hmap (headermap)
2026-04-22T16:43:38.4784910Z #include <...> search starts here:
2026-04-22T16:43:38.4785490Z  /Users/runner/work/tcm-storage-ios/tcm-storage-ios/build/Build/Intermediates.noindex/Nextcloud.build/Debug-iphonesimulator/Widget.build/Widget-own-target-headers.hmap (headermap)
2026-04-22T16:43:38.4786680Z  /Users/runner/work/tcm-storage-ios/tcm-storage-ios/build/Build/Intermediates.noindex/Nextcloud.build/Debug-iphonesimulator/Widget.build/Widget-all-non-framework-target-headers.hmap (headermap)
2026-04-22T16:43:38.4787560Z  /Users/runner/work/tcm-storage-ios/tcm-storage-ios/build/SourcePackages/checkouts/swift-atomics/Sources/_AtomicsShims/include
2026-04-22T16:43:38.4788200Z  /Users/runner/work/tcm-storage-ios/tcm-storage-ios/build/SourcePackages/checkouts/swift-nio/Sources/CNIOPosix/include
2026-04-22T16:43:38.4788810Z  /Users/runner/work/tcm-storage-ios/tcm-storage-ios/build/SourcePackages/checkouts/swift-nio/Sources/CNIOWASI/include
2026-04-22T16:43:38.4789440Z  /Users/runner/work/tcm-storage-ios/tcm-storage-ios/build/SourcePackages/checkouts/swift-nio/Sources/CNIOWindows/include
2026-04-22T16:43:38.4790050Z  /Users/runner/work/tcm-storage-ios/tcm-storage-ios/build/SourcePackages/checkouts/swift-nio/Sources/CNIOLinux/include
2026-04-22T16:43:38.4790700Z  /Users/runner/work/tcm-storage-ios/tcm-storage-ios/build/SourcePackages/checkouts/swift-nio/Sources/CNIODarwin/include
2026-04-22T16:43:38.4791330Z  /Users/runner/work/tcm-storage-ios/tcm-storage-ios/build/SourcePackages/checkouts/swift-nio/Sources/CNIOOpenBSD/include
2026-04-22T16:43:38.4791960Z  /Users/runner/work/tcm-storage-ios/tcm-storage-ios/build/SourcePackages/checkouts/swift-nio/Sources/CNIOAtomics/include
2026-04-22T16:43:38.4792610Z  /Users/runner/work/tcm-storage-ios/tcm-storage-ios/build/SourcePackages/checkouts/swift-nio-ssl/Sources/CNIOBoringSSLShims/include
2026-04-22T16:43:38.4793400Z  /Users/runner/work/tcm-storage-ios/tcm-storage-ios/build/SourcePackages/checkouts/swift-nio-ssl/Sources/CNIOBoringSSL/include
2026-04-22T16:43:38.4794130Z  /Users/runner/work/tcm-storage-ios/tcm-storage-ios/build/SourcePackages/checkouts/realm-core/src
2026-04-22T16:43:38.4795110Z  /Users/runner/work/tcm-storage-ios/tcm-storage-ios/build/SourcePackages/checkouts/realm-core/src/external/s2
2026-04-22T16:43:38.4796190Z  /Users/runner/work/tcm-storage-ios/tcm-storage-ios/build/SourcePackages/checkouts/realm-core/src/external/IntelRDFPMathLib20U2/LIBRARY/src
2026-04-22T16:43:38.4796930Z  /Users/runner/work/tcm-storage-ios/tcm-storage-ios/build/SourcePackages/checkouts/realm-core/src/spm
2026-04-22T16:43:38.4797600Z  /Users/runner/work/tcm-storage-ios/tcm-storage-ios/build/SourcePackages/checkouts/realm-swift/include
2026-04-22T16:43:38.4798440Z  /Users/runner/work/tcm-storage-ios/tcm-storage-ios/build/Build/Intermediates.noindex/Nextcloud.build/Debug-iphonesimulator/Widget.build/DerivedSources
2026-04-22T16:43:38.4799340Z  /Users/runner/work/tcm-storage-ios/tcm-storage-ios/build/Build/Products/Debug-iphonesimulator/PackageFrameworks (framework directory)
2026-04-22T16:43:38.4800240Z  /Users/runner/work/tcm-storage-ios/tcm-storage-ios/build/Build/Products/Debug-iphonesimulator (framework directory)
2026-04-22T16:43:38.4801330Z  /Applications/Xcode_26.2.app/Contents/Developer/Platforms/iPhoneSimulator.platform/Developer/Library/Frameworks (framework directory)
2026-04-22T16:43:38.4802350Z  /Applications/Xcode_26.2.app/Contents/Developer/Platforms/iPhoneSimulator.platform/Developer/SDKs/iPhoneSimulator26.2.sdk/Developer/Library/Frameworks (framework directory)
2026-04-22T16:43:38.4803270Z  /Applications/Xcode_26.2.app/Contents/Developer/Toolchains/XcodeDefault.xctoolchain/usr/lib/clang/17/include
2026-04-22T16:43:38.4804120Z  /Applications/Xcode_26.2.app/Contents/Developer/Platforms/iPhoneSimulator.platform/Developer/SDKs/iPhoneSimulator26.2.sdk/usr/include
2026-04-22T16:43:38.4833590Z  /Applications/Xcode_26.2.app/Contents/Developer/Toolchains/XcodeDefault.xctoolchain/usr/include
2026-04-22T16:43:38.4835940Z  /Applications/Xcode_26.2.app/Contents/Developer/Platforms/iPhoneSimulator.platform/Developer/SDKs/iPhoneSimulator26.2.sdk/System/Library/Frameworks (framework directory)
2026-04-22T16:43:38.4838570Z  /Applications/Xcode_26.2.app/Contents/Developer/Platforms/iPhoneSimulator.platform/Developer/SDKs/iPhoneSimulator26.2.sdk/System/Library/SubFrameworks (framework directory)
2026-04-22T16:43:38.4840130Z End of search list.
2026-04-22T16:43:38.4841410Z clang -cc1 version 17.0.0 (clang-1700.6.3.2) default target arm64-apple-darwin24.6.0
2026-04-22T16:43:38.4842950Z ignoring nonexistent directory "/Users/runner/work/tcm-storage-ios/tcm-storage-ios/build/Build/Products/Debug-iphonesimulator/include"
2026-04-22T16:43:38.4845850Z ignoring nonexistent directory "/Users/runner/work/tcm-storage-ios/tcm-storage-ios/build/Build/Intermediates.noindex/Nextcloud.build/Debug-iphonesimulator/Widget.build/DerivedSources-normal/arm64"
2026-04-22T16:43:38.4846940Z ignoring nonexistent directory "/Users/runner/work/tcm-storage-ios/tcm-storage-ios/build/Build/Intermediates.noindex/Nextcloud.build/Debug-iphonesimulator/Widget.build/DerivedSources/arm64"
2026-04-22T16:43:38.4847920Z ignoring nonexistent directory "/Applications/Xcode_26.2.app/Contents/Developer/Platforms/iPhoneSimulator.platform/Developer/SDKs/iPhoneSimulator26.2.sdk/usr/local/include"
2026-04-22T16:43:38.4848860Z ignoring nonexistent directory "/Applications/Xcode_26.2.app/Contents/Developer/Platforms/iPhoneSimulator.platform/Developer/SDKs/iPhoneSimulator26.2.sdk/Library/Frameworks"
2026-04-22T16:43:38.4849700Z ignoring duplicate directory "/Users/runner/work/tcm-storage-ios/tcm-storage-ios/build/Build/Products/Debug-iphonesimulator/PackageFrameworks"
2026-04-22T16:43:38.4850640Z ignoring duplicate directory "/Users/runner/work/tcm-storage-ios/tcm-storage-ios/build/Build/Products/Debug-iphonesimulator/PackageFrameworks"
2026-04-22T16:43:38.4851390Z ignoring duplicate directory "/Users/runner/work/tcm-storage-ios/tcm-storage-ios/build/Build/Products/Debug-iphonesimulator/PackageFrameworks"
2026-04-22T16:43:38.4852110Z ignoring duplicate directory "/Users/runner/work/tcm-storage-ios/tcm-storage-ios/build/Build/Products/Debug-iphonesimulator/PackageFrameworks"
2026-04-22T16:43:38.4852860Z ignoring duplicate directory "/Users/runner/work/tcm-storage-ios/tcm-storage-ios/build/Build/Products/Debug-iphonesimulator/PackageFrameworks"
2026-04-22T16:43:38.4853590Z ignoring duplicate directory "/Users/runner/work/tcm-storage-ios/tcm-storage-ios/build/Build/Products/Debug-iphonesimulator/PackageFrameworks"
2026-04-22T16:43:38.4854320Z ignoring duplicate directory "/Users/runner/work/tcm-storage-ios/tcm-storage-ios/build/Build/Products/Debug-iphonesimulator/PackageFrameworks"
2026-04-22T16:43:38.4860110Z ignoring duplicate directory "/Users/runner/work/tcm-storage-ios/tcm-storage-ios/build/Build/Products/Debug-iphonesimulator/PackageFrameworks"
2026-04-22T16:43:38.4860870Z ignoring duplicate directory "/Users/runner/work/tcm-storage-ios/tcm-storage-ios/build/Build/Products/Debug-iphonesimulator/PackageFrameworks"
2026-04-22T16:43:38.4861620Z ignoring duplicate directory "/Users/runner/work/tcm-storage-ios/tcm-storage-ios/build/Build/Products/Debug-iphonesimulator/PackageFrameworks"
2026-04-22T16:43:38.4862570Z ignoring duplicate directory "/Users/runner/work/tcm-storage-ios/tcm-storage-ios/build/Build/Products/Debug-iphonesimulator/PackageFrameworks"
2026-04-22T16:43:38.4863300Z ignoring duplicate directory "/Users/runner/work/tcm-storage-ios/tcm-storage-ios/build/Build/Products/Debug-iphonesimulator/PackageFrameworks"
2026-04-22T16:43:38.4864030Z ignoring duplicate directory "/Users/runner/work/tcm-storage-ios/tcm-storage-ios/build/Build/Products/Debug-iphonesimulator/PackageFrameworks"
2026-04-22T16:43:38.4864760Z ignoring duplicate directory "/Users/runner/work/tcm-storage-ios/tcm-storage-ios/build/Build/Products/Debug-iphonesimulator/PackageFrameworks"
2026-04-22T16:43:38.4865480Z ignoring duplicate directory "/Users/runner/work/tcm-storage-ios/tcm-storage-ios/build/Build/Products/Debug-iphonesimulator/PackageFrameworks"
2026-04-22T16:43:38.4866200Z ignoring duplicate directory "/Users/runner/work/tcm-storage-ios/tcm-storage-ios/build/Build/Products/Debug-iphonesimulator/PackageFrameworks"
2026-04-22T16:43:38.4866930Z ignoring duplicate directory "/Users/runner/work/tcm-storage-ios/tcm-storage-ios/build/Build/Products/Debug-iphonesimulator/PackageFrameworks"
2026-04-22T16:43:38.4867730Z ignoring duplicate directory "/Users/runner/work/tcm-storage-ios/tcm-storage-ios/build/Build/Products/Debug-iphonesimulator/PackageFrameworks"
2026-04-22T16:43:38.4868460Z ignoring duplicate directory "/Users/runner/work/tcm-storage-ios/tcm-storage-ios/build/Build/Products/Debug-iphonesimulator/PackageFrameworks"
2026-04-22T16:43:38.4869180Z ignoring duplicate directory "/Users/runner/work/tcm-storage-ios/tcm-storage-ios/build/Build/Products/Debug-iphonesimulator/PackageFrameworks"
2026-04-22T16:43:38.4869900Z ignoring duplicate directory "/Users/runner/work/tcm-storage-ios/tcm-storage-ios/build/Build/Products/Debug-iphonesimulator/PackageFrameworks"
2026-04-22T16:43:38.4870620Z ignoring duplicate directory "/Users/runner/work/tcm-storage-ios/tcm-storage-ios/build/Build/Products/Debug-iphonesimulator/PackageFrameworks"
2026-04-22T16:43:38.4871350Z ignoring duplicate directory "/Users/runner/work/tcm-storage-ios/tcm-storage-ios/build/Build/Products/Debug-iphonesimulator/PackageFrameworks"
2026-04-22T16:43:38.4872070Z ignoring duplicate directory "/Users/runner/work/tcm-storage-ios/tcm-storage-ios/build/Build/Products/Debug-iphonesimulator/PackageFrameworks"
2026-04-22T16:43:38.4872800Z ignoring duplicate directory "/Users/runner/work/tcm-storage-ios/tcm-storage-ios/build/Build/Products/Debug-iphonesimulator/PackageFrameworks"
2026-04-22T16:43:38.4873600Z ignoring duplicate directory "/Users/runner/work/tcm-storage-ios/tcm-storage-ios/build/Build/Products/Debug-iphonesimulator/PackageFrameworks"
2026-04-22T16:43:38.4874320Z ignoring duplicate directory "/Users/runner/work/tcm-storage-ios/tcm-storage-ios/build/Build/Products/Debug-iphonesimulator/PackageFrameworks"
2026-04-22T16:43:38.4875060Z ignoring duplicate directory "/Users/runner/work/tcm-storage-ios/tcm-storage-ios/build/Build/Products/Debug-iphonesimulator/PackageFrameworks"
2026-04-22T16:43:38.4875780Z ignoring duplicate directory "/Users/runner/work/tcm-storage-ios/tcm-storage-ios/build/Build/Products/Debug-iphonesimulator/PackageFrameworks"
2026-04-22T16:43:38.4876510Z ignoring duplicate directory "/Users/runner/work/tcm-storage-ios/tcm-storage-ios/build/Build/Products/Debug-iphonesimulator/PackageFrameworks"
2026-04-22T16:43:38.4877230Z ignoring duplicate directory "/Users/runner/work/tcm-storage-ios/tcm-storage-ios/build/Build/Products/Debug-iphonesimulator/PackageFrameworks"
2026-04-22T16:43:38.4877960Z ignoring duplicate directory "/Users/runner/work/tcm-storage-ios/tcm-storage-ios/build/Build/Products/Debug-iphonesimulator/PackageFrameworks"
2026-04-22T16:43:38.4878680Z ignoring duplicate directory "/Users/runner/work/tcm-storage-ios/tcm-storage-ios/build/Build/Products/Debug-iphonesimulator/PackageFrameworks"
2026-04-22T16:43:38.4879400Z ignoring duplicate directory "/Users/runner/work/tcm-storage-ios/tcm-storage-ios/build/Build/Products/Debug-iphonesimulator/PackageFrameworks"
2026-04-22T16:43:38.4880150Z #include "..." search starts here:
2026-04-22T16:43:38.4880710Z  /Users/runner/work/tcm-storage-ios/tcm-storage-ios/build/Build/Intermediates.noindex/Nextcloud.build/Debug-iphonesimulator/Widget.build/Widget-generated-files.hmap (headermap)
2026-04-22T16:43:38.4881660Z  /Users/runner/work/tcm-storage-ios/tcm-storage-ios/build/Build/Intermediates.noindex/Nextcloud.build/Debug-iphonesimulator/Widget.build/Widget-project-headers.hmap (headermap)
2026-04-22T16:43:38.4882230Z #include <...> search starts here:
2026-04-22T16:43:38.4882790Z  /Users/runner/work/tcm-storage-ios/tcm-storage-ios/build/Build/Intermediates.noindex/Nextcloud.build/Debug-iphonesimulator/Widget.build/Widget-own-target-headers.hmap (headermap)
2026-04-22T16:43:38.4883790Z  /Users/runner/work/tcm-storage-ios/tcm-storage-ios/build/Build/Intermediates.noindex/Nextcloud.build/Debug-iphonesimulator/Widget.build/Widget-all-non-framework-target-headers.hmap (headermap)
2026-04-22T16:43:38.4884640Z  /Users/runner/work/tcm-storage-ios/tcm-storage-ios/build/SourcePackages/checkouts/swift-atomics/Sources/_AtomicsShims/include
2026-04-22T16:43:38.4885480Z  /Users/runner/work/tcm-storage-ios/tcm-storage-ios/build/SourcePackages/checkouts/swift-nio/Sources/CNIOPosix/include
2026-04-22T16:43:38.4886100Z  /Users/runner/work/tcm-storage-ios/tcm-storage-ios/build/SourcePackages/checkouts/swift-nio/Sources/CNIOWASI/include
2026-04-22T16:43:38.4886700Z  /Users/runner/work/tcm-storage-ios/tcm-storage-ios/build/SourcePackages/checkouts/swift-nio/Sources/CNIOWindows/include
2026-04-22T16:43:38.4887310Z  /Users/runner/work/tcm-storage-ios/tcm-storage-ios/build/SourcePackages/checkouts/swift-nio/Sources/CNIOLinux/include
2026-04-22T16:43:38.4887910Z  /Users/runner/work/tcm-storage-ios/tcm-storage-ios/build/SourcePackages/checkouts/swift-nio/Sources/CNIODarwin/include
2026-04-22T16:43:38.4888520Z  /Users/runner/work/tcm-storage-ios/tcm-storage-ios/build/SourcePackages/checkouts/swift-nio/Sources/CNIOOpenBSD/include
2026-04-22T16:43:38.4889260Z  /Users/runner/work/tcm-storage-ios/tcm-storage-ios/build/SourcePackages/checkouts/swift-nio/Sources/CNIOAtomics/include
2026-04-22T16:43:38.4889910Z  /Users/runner/work/tcm-storage-ios/tcm-storage-ios/build/SourcePackages/checkouts/swift-nio-ssl/Sources/CNIOBoringSSLShims/include
2026-04-22T16:43:38.4890580Z  /Users/runner/work/tcm-storage-ios/tcm-storage-ios/build/SourcePackages/checkouts/swift-nio-ssl/Sources/CNIOBoringSSL/include
2026-04-22T16:43:38.4891150Z  /Users/runner/work/tcm-storage-ios/tcm-storage-ios/build/SourcePackages/checkouts/realm-core/src
2026-04-22T16:43:38.4891690Z  /Users/runner/work/tcm-storage-ios/tcm-storage-ios/build/SourcePackages/checkouts/realm-core/src/external/s2
2026-04-22T16:43:38.4892340Z  /Users/runner/work/tcm-storage-ios/tcm-storage-ios/build/SourcePackages/checkouts/realm-core/src/external/IntelRDFPMathLib20U2/LIBRARY/src
2026-04-22T16:43:38.4892980Z  /Users/runner/work/tcm-storage-ios/tcm-storage-ios/build/SourcePackages/checkouts/realm-core/src/spm
2026-04-22T16:43:38.4893510Z  /Users/runner/work/tcm-storage-ios/tcm-storage-ios/build/SourcePackages/checkouts/realm-swift/include
2026-04-22T16:43:38.4894170Z  /Users/runner/work/tcm-storage-ios/tcm-storage-ios/build/Build/Intermediates.noindex/Nextcloud.build/Debug-iphonesimulator/Widget.build/DerivedSources
2026-04-22T16:43:38.4894920Z  /Users/runner/work/tcm-storage-ios/tcm-storage-ios/build/Build/Products/Debug-iphonesimulator/PackageFrameworks (framework directory)
2026-04-22T16:43:38.4895570Z  /Users/runner/work/tcm-storage-ios/tcm-storage-ios/build/Build/Products/Debug-iphonesimulator (framework directory)
2026-04-22T16:43:38.4896230Z  /Applications/Xcode_26.2.app/Contents/Developer/Platforms/iPhoneSimulator.platform/Developer/Library/Frameworks (framework directory)
2026-04-22T16:43:38.4897040Z  /Applications/Xcode_26.2.app/Contents/Developer/Platforms/iPhoneSimulator.platform/Developer/SDKs/iPhoneSimulator26.2.sdk/Developer/Library/Frameworks (framework directory)
2026-04-22T16:43:38.4897960Z  /Applications/Xcode_26.2.app/Contents/Developer/Toolchains/XcodeDefault.xctoolchain/usr/lib/clang/17/include
2026-04-22T16:43:38.4898590Z  /Applications/Xcode_26.2.app/Contents/Developer/Platforms/iPhoneSimulator.platform/Developer/SDKs/iPhoneSimulator26.2.sdk/usr/include
2026-04-22T16:43:38.4899210Z  /Applications/Xcode_26.2.app/Contents/Developer/Toolchains/XcodeDefault.xctoolchain/usr/include
2026-04-22T16:43:38.4917690Z  /Applications/Xcode_26.2.app/Contents/Developer/Platforms/iPhoneSimulator.platform/Developer/SDKs/iPhoneSimulator26.2.sdk/System/Library/Frameworks (framework directory)
2026-04-22T16:43:38.4918630Z  /Applications/Xcode_26.2.app/Contents/Developer/Platforms/iPhoneSimulator.platform/Developer/SDKs/iPhoneSimulator26.2.sdk/System/Library/SubFrameworks (framework directory)
2026-04-22T16:43:38.4919180Z End of search list.
2026-04-22T16:43:38.4919440Z clang -cc1 version 17.0.0 (clang-1700.6.3.2) default target arm64-apple-darwin24.6.0
2026-04-22T16:43:38.4920010Z ignoring nonexistent directory "/Users/runner/work/tcm-storage-ios/tcm-storage-ios/build/Build/Products/Debug-iphonesimulator/include"
2026-04-22T16:43:38.4921340Z ignoring nonexistent directory "/Users/runner/work/tcm-storage-ios/tcm-storage-ios/build/Build/Intermediates.noindex/Nextcloud.build/Debug-iphonesimulator/Widget.build/DerivedSources-normal/arm64"
2026-04-22T16:43:38.4922390Z ignoring nonexistent directory "/Users/runner/work/tcm-storage-ios/tcm-storage-ios/build/Build/Intermediates.noindex/Nextcloud.build/Debug-iphonesimulator/Widget.build/DerivedSources/arm64"
2026-04-22T16:43:38.4923350Z ignoring nonexistent directory "/Applications/Xcode_26.2.app/Contents/Developer/Platforms/iPhoneSimulator.platform/Developer/SDKs/iPhoneSimulator26.2.sdk/usr/local/include"
2026-04-22T16:43:38.4924300Z ignoring nonexistent directory "/Applications/Xcode_26.2.app/Contents/Developer/Platforms/iPhoneSimulator.platform/Developer/SDKs/iPhoneSimulator26.2.sdk/Library/Frameworks"
2026-04-22T16:43:38.4925130Z ignoring duplicate directory "/Users/runner/work/tcm-storage-ios/tcm-storage-ios/build/Build/Products/Debug-iphonesimulator/PackageFrameworks"
2026-04-22T16:43:38.4925870Z ignoring duplicate directory "/Users/runner/work/tcm-storage-ios/tcm-storage-ios/build/Build/Products/Debug-iphonesimulator/PackageFrameworks"
2026-04-22T16:43:38.4926600Z ignoring duplicate directory "/Users/runner/work/tcm-storage-ios/tcm-storage-ios/build/Build/Products/Debug-iphonesimulator/PackageFrameworks"
2026-04-22T16:43:38.4927340Z ignoring duplicate directory "/Users/runner/work/tcm-storage-ios/tcm-storage-ios/build/Build/Products/Debug-iphonesimulator/PackageFrameworks"
2026-04-22T16:43:38.4928060Z ignoring duplicate directory "/Users/runner/work/tcm-storage-ios/tcm-storage-ios/build/Build/Products/Debug-iphonesimulator/PackageFrameworks"
2026-04-22T16:43:38.4928790Z ignoring duplicate directory "/Users/runner/work/tcm-storage-ios/tcm-storage-ios/build/Build/Products/Debug-iphonesimulator/PackageFrameworks"
2026-04-22T16:43:38.4929510Z ignoring duplicate directory "/Users/runner/work/tcm-storage-ios/tcm-storage-ios/build/Build/Products/Debug-iphonesimulator/PackageFrameworks"
2026-04-22T16:43:38.4931580Z ignoring duplicate directory "/Users/runner/work/tcm-storage-ios/tcm-storage-ios/build/Build/Products/Debug-iphonesimulator/PackageFrameworks"
2026-04-22T16:43:38.4933690Z ignoring duplicate directory "/Users/runner/work/tcm-storage-ios/tcm-storage-ios/build/Build/Products/Debug-iphonesimulator/PackageFrameworks"
2026-04-22T16:43:38.4935790Z ignoring duplicate directory "/Users/runner/work/tcm-storage-ios/tcm-storage-ios/build/Build/Products/Debug-iphonesimulator/PackageFrameworks"
2026-04-22T16:43:38.4937860Z ignoring duplicate directory "/Users/runner/work/tcm-storage-ios/tcm-storage-ios/build/Build/Products/Debug-iphonesimulator/PackageFrameworks"
2026-04-22T16:43:38.4939910Z ignoring duplicate directory "/Users/runner/work/tcm-storage-ios/tcm-storage-ios/build/Build/Products/Debug-iphonesimulator/PackageFrameworks"
2026-04-22T16:43:38.4941950Z ignoring duplicate directory "/Users/runner/work/tcm-storage-ios/tcm-storage-ios/build/Build/Products/Debug-iphonesimulator/PackageFrameworks"
2026-04-22T16:43:38.4944570Z ignoring duplicate directory "/Users/runner/work/tcm-storage-ios/tcm-storage-ios/build/Build/Products/Debug-iphonesimulator/PackageFrameworks"
2026-04-22T16:43:38.4946600Z ignoring duplicate directory "/Users/runner/work/tcm-storage-ios/tcm-storage-ios/build/Build/Products/Debug-iphonesimulator/PackageFrameworks"
2026-04-22T16:43:38.4948760Z ignoring duplicate directory "/Users/runner/work/tcm-storage-ios/tcm-storage-ios/build/Build/Products/Debug-iphonesimulator/PackageFrameworks"
2026-04-22T16:43:38.4960310Z ignoring duplicate directory "/Users/runner/work/tcm-storage-ios/tcm-storage-ios/build/Build/Products/Debug-iphonesimulator/PackageFrameworks"
2026-04-22T16:43:38.4961090Z ignoring duplicate directory "/Users/runner/work/tcm-storage-ios/tcm-storage-ios/build/Build/Products/Debug-iphonesimulator/PackageFrameworks"
2026-04-22T16:43:38.4961850Z ignoring duplicate directory "/Users/runner/work/tcm-storage-ios/tcm-storage-ios/build/Build/Products/Debug-iphonesimulator/PackageFrameworks"
2026-04-22T16:43:38.4962820Z ignoring duplicate directory "/Users/runner/work/tcm-storage-ios/tcm-storage-ios/build/Build/Products/Debug-iphonesimulator/PackageFrameworks"
2026-04-22T16:43:38.4963580Z ignoring duplicate directory "/Users/runner/work/tcm-storage-ios/tcm-storage-ios/build/Build/Products/Debug-iphonesimulator/PackageFrameworks"
2026-04-22T16:43:38.4964300Z ignoring duplicate directory "/Users/runner/work/tcm-storage-ios/tcm-storage-ios/build/Build/Products/Debug-iphonesimulator/PackageFrameworks"
2026-04-22T16:43:38.4965020Z ignoring duplicate directory "/Users/runner/work/tcm-storage-ios/tcm-storage-ios/build/Build/Products/Debug-iphonesimulator/PackageFrameworks"
2026-04-22T16:43:38.4965760Z ignoring duplicate directory "/Users/runner/work/tcm-storage-ios/tcm-storage-ios/build/Build/Products/Debug-iphonesimulator/PackageFrameworks"
2026-04-22T16:43:38.4966500Z ignoring duplicate directory "/Users/runner/work/tcm-storage-ios/tcm-storage-ios/build/Build/Products/Debug-iphonesimulator/PackageFrameworks"
2026-04-22T16:43:38.4967230Z ignoring duplicate directory "/Users/runner/work/tcm-storage-ios/tcm-storage-ios/build/Build/Products/Debug-iphonesimulator/PackageFrameworks"
2026-04-22T16:43:38.4967960Z ignoring duplicate directory "/Users/runner/work/tcm-storage-ios/tcm-storage-ios/build/Build/Products/Debug-iphonesimulator/PackageFrameworks"
2026-04-22T16:43:38.4968690Z ignoring duplicate directory "/Users/runner/work/tcm-storage-ios/tcm-storage-ios/build/Build/Products/Debug-iphonesimulator/PackageFrameworks"
2026-04-22T16:43:38.4969440Z ignoring duplicate directory "/Users/runner/work/tcm-storage-ios/tcm-storage-ios/build/Build/Products/Debug-iphonesimulator/PackageFrameworks"
2026-04-22T16:43:38.4970170Z ignoring duplicate directory "/Users/runner/work/tcm-storage-ios/tcm-storage-ios/build/Build/Products/Debug-iphonesimulator/PackageFrameworks"
2026-04-22T16:43:38.4970910Z ignoring duplicate directory "/Users/runner/work/tcm-storage-ios/tcm-storage-ios/build/Build/Products/Debug-iphonesimulator/PackageFrameworks"
2026-04-22T16:43:38.4971640Z ignoring duplicate directory "/Users/runner/work/tcm-storage-ios/tcm-storage-ios/build/Build/Products/Debug-iphonesimulator/PackageFrameworks"
2026-04-22T16:43:38.4972450Z ignoring duplicate directory "/Users/runner/work/tcm-storage-ios/tcm-storage-ios/build/Build/Products/Debug-iphonesimulator/PackageFrameworks"
2026-04-22T16:43:38.4973180Z ignoring duplicate directory "/Users/runner/work/tcm-storage-ios/tcm-storage-ios/build/Build/Products/Debug-iphonesimulator/PackageFrameworks"
2026-04-22T16:43:38.4973640Z #include "..." search starts here:
2026-04-22T16:43:38.4974200Z  /Users/runner/work/tcm-storage-ios/tcm-storage-ios/build/Build/Intermediates.noindex/Nextcloud.build/Debug-iphonesimulator/Widget.build/Widget-generated-files.hmap (headermap)
2026-04-22T16:43:38.4975150Z  /Users/runner/work/tcm-storage-ios/tcm-storage-ios/build/Build/Intermediates.noindex/Nextcloud.build/Debug-iphonesimulator/Widget.build/Widget-project-headers.hmap (headermap)
2026-04-22T16:43:38.4975850Z #include <...> search starts here:
2026-04-22T16:43:38.4976410Z  /Users/runner/work/tcm-storage-ios/tcm-storage-ios/build/Build/Intermediates.noindex/Nextcloud.build/Debug-iphonesimulator/Widget.build/Widget-own-target-headers.hmap (headermap)
2026-04-22T16:43:38.4977420Z  /Users/runner/work/tcm-storage-ios/tcm-storage-ios/build/Build/Intermediates.noindex/Nextcloud.build/Debug-iphonesimulator/Widget.build/Widget-all-non-framework-target-headers.hmap (headermap)
2026-04-22T16:43:38.4978280Z  /Users/runner/work/tcm-storage-ios/tcm-storage-ios/build/SourcePackages/checkouts/swift-atomics/Sources/_AtomicsShims/include
2026-04-22T16:43:38.4978910Z  /Users/runner/work/tcm-storage-ios/tcm-storage-ios/build/SourcePackages/checkouts/swift-nio/Sources/CNIOPosix/include
2026-04-22T16:43:38.4979520Z  /Users/runner/work/tcm-storage-ios/tcm-storage-ios/build/SourcePackages/checkouts/swift-nio/Sources/CNIOWASI/include
2026-04-22T16:43:38.4980120Z  /Users/runner/work/tcm-storage-ios/tcm-storage-ios/build/SourcePackages/checkouts/swift-nio/Sources/CNIOWindows/include
2026-04-22T16:43:38.4980850Z  /Users/runner/work/tcm-storage-ios/tcm-storage-ios/build/SourcePackages/checkouts/swift-nio/Sources/CNIOLinux/include
2026-04-22T16:43:38.4981500Z  /Users/runner/work/tcm-storage-ios/tcm-storage-ios/build/SourcePackages/checkouts/swift-nio/Sources/CNIODarwin/include
2026-04-22T16:43:38.4982130Z  /Users/runner/work/tcm-storage-ios/tcm-storage-ios/build/SourcePackages/checkouts/swift-nio/Sources/CNIOOpenBSD/include
2026-04-22T16:43:38.4982770Z  /Users/runner/work/tcm-storage-ios/tcm-storage-ios/build/SourcePackages/checkouts/swift-nio/Sources/CNIOAtomics/include
2026-04-22T16:43:38.4983470Z  /Users/runner/work/tcm-storage-ios/tcm-storage-ios/build/SourcePackages/checkouts/swift-nio-ssl/Sources/CNIOBoringSSLShims/include
2026-04-22T16:43:38.4984160Z  /Users/runner/work/tcm-storage-ios/tcm-storage-ios/build/SourcePackages/checkouts/swift-nio-ssl/Sources/CNIOBoringSSL/include
2026-04-22T16:43:38.4984730Z  /Users/runner/work/tcm-storage-ios/tcm-storage-ios/build/SourcePackages/checkouts/realm-core/src
2026-04-22T16:43:38.4985250Z  /Users/runner/work/tcm-storage-ios/tcm-storage-ios/build/SourcePackages/checkouts/realm-core/src/external/s2
2026-04-22T16:43:38.4985890Z  /Users/runner/work/tcm-storage-ios/tcm-storage-ios/build/SourcePackages/checkouts/realm-core/src/external/IntelRDFPMathLib20U2/LIBRARY/src
2026-04-22T16:43:38.4986510Z  /Users/runner/work/tcm-storage-ios/tcm-storage-ios/build/SourcePackages/checkouts/realm-core/src/spm
2026-04-22T16:43:38.4987020Z  /Users/runner/work/tcm-storage-ios/tcm-storage-ios/build/SourcePackages/checkouts/realm-swift/include
2026-04-22T16:43:38.4987670Z  /Users/runner/work/tcm-storage-ios/tcm-storage-ios/build/Build/Intermediates.noindex/Nextcloud.build/Debug-iphonesimulator/Widget.build/DerivedSources
2026-04-22T16:43:38.4988420Z  /Users/runner/work/tcm-storage-ios/tcm-storage-ios/build/Build/Products/Debug-iphonesimulator/PackageFrameworks (framework directory)
2026-04-22T16:43:38.4989070Z  /Users/runner/work/tcm-storage-ios/tcm-storage-ios/build/Build/Products/Debug-iphonesimulator (framework directory)
2026-04-22T16:43:38.4989730Z  /Applications/Xcode_26.2.app/Contents/Developer/Platforms/iPhoneSimulator.platform/Developer/Library/Frameworks (framework directory)
2026-04-22T16:43:38.4990540Z  /Applications/Xcode_26.2.app/Contents/Developer/Platforms/iPhoneSimulator.platform/Developer/SDKs/iPhoneSimulator26.2.sdk/Developer/Library/Frameworks (framework directory)
2026-04-22T16:43:38.4991280Z  /Applications/Xcode_26.2.app/Contents/Developer/Toolchains/XcodeDefault.xctoolchain/usr/lib/clang/17/include
2026-04-22T16:43:38.4991910Z  /Applications/Xcode_26.2.app/Contents/Developer/Platforms/iPhoneSimulator.platform/Developer/SDKs/iPhoneSimulator26.2.sdk/usr/include
2026-04-22T16:43:38.4992500Z  /Applications/Xcode_26.2.app/Contents/Developer/Toolchains/XcodeDefault.xctoolchain/usr/include
2026-04-22T16:43:38.4993520Z  /Applications/Xcode_26.2.app/Contents/Developer/Platforms/iPhoneSimulator.platform/Developer/SDKs/iPhoneSimulator26.2.sdk/System/Library/Frameworks (framework directory)
2026-04-22T16:43:38.4994420Z  /Applications/Xcode_26.2.app/Contents/Developer/Platforms/iPhoneSimulator.platform/Developer/SDKs/iPhoneSimulator26.2.sdk/System/Library/SubFrameworks (framework directory)
2026-04-22T16:43:38.4994970Z End of search list.
2026-04-22T16:43:38.4995220Z clang -cc1 version 17.0.0 (clang-1700.6.3.2) default target arm64-apple-darwin24.6.0
2026-04-22T16:43:38.4995760Z ignoring nonexistent directory "/Users/runner/work/tcm-storage-ios/tcm-storage-ios/build/Build/Products/Debug-iphonesimulator/include"
2026-04-22T16:43:38.4996630Z ignoring nonexistent directory "/Users/runner/work/tcm-storage-ios/tcm-storage-ios/build/Build/Intermediates.noindex/Nextcloud.build/Debug-iphonesimulator/Widget.build/DerivedSources-normal/arm64"
2026-04-22T16:43:38.4997660Z ignoring nonexistent directory "/Users/runner/work/tcm-storage-ios/tcm-storage-ios/build/Build/Intermediates.noindex/Nextcloud.build/Debug-iphonesimulator/Widget.build/DerivedSources/arm64"
2026-04-22T16:43:38.4998860Z ignoring nonexistent directory "/Applications/Xcode_26.2.app/Contents/Developer/Platforms/iPhoneSimulator.platform/Developer/SDKs/iPhoneSimulator26.2.sdk/usr/local/include"
2026-04-22T16:43:38.5001260Z ignoring nonexistent directory "/Applications/Xcode_26.2.app/Contents/Developer/Platforms/iPhoneSimulator.platform/Developer/SDKs/iPhoneSimulator26.2.sdk/Library/Frameworks"
2026-04-22T16:43:38.5002190Z ignoring duplicate directory "/Users/runner/work/tcm-storage-ios/tcm-storage-ios/build/Build/Products/Debug-iphonesimulator/PackageFrameworks"
2026-04-22T16:43:38.5002980Z ignoring duplicate directory "/Users/runner/work/tcm-storage-ios/tcm-storage-ios/build/Build/Products/Debug-iphonesimulator/PackageFrameworks"
2026-04-22T16:43:38.5003730Z ignoring duplicate directory "/Users/runner/work/tcm-storage-ios/tcm-storage-ios/build/Build/Products/Debug-iphonesimulator/PackageFrameworks"
2026-04-22T16:43:38.5004500Z ignoring duplicate directory "/Users/runner/work/tcm-storage-ios/tcm-storage-ios/build/Build/Products/Debug-iphonesimulator/PackageFrameworks"
2026-04-22T16:43:38.5005260Z ignoring duplicate directory "/Users/runner/work/tcm-storage-ios/tcm-storage-ios/build/Build/Products/Debug-iphonesimulator/PackageFrameworks"
2026-04-22T16:43:38.5006000Z ignoring duplicate directory "/Users/runner/work/tcm-storage-ios/tcm-storage-ios/build/Build/Products/Debug-iphonesimulator/PackageFrameworks"
2026-04-22T16:43:38.5006750Z ignoring duplicate directory "/Users/runner/work/tcm-storage-ios/tcm-storage-ios/build/Build/Products/Debug-iphonesimulator/PackageFrameworks"
2026-04-22T16:43:38.5007480Z ignoring duplicate directory "/Users/runner/work/tcm-storage-ios/tcm-storage-ios/build/Build/Products/Debug-iphonesimulator/PackageFrameworks"
2026-04-22T16:43:38.5008210Z ignoring duplicate directory "/Users/runner/work/tcm-storage-ios/tcm-storage-ios/build/Build/Products/Debug-iphonesimulator/PackageFrameworks"
2026-04-22T16:43:38.5008930Z ignoring duplicate directory "/Users/runner/work/tcm-storage-ios/tcm-storage-ios/build/Build/Products/Debug-iphonesimulator/PackageFrameworks"
2026-04-22T16:43:38.5009670Z ignoring duplicate directory "/Users/runner/work/tcm-storage-ios/tcm-storage-ios/build/Build/Products/Debug-iphonesimulator/PackageFrameworks"
2026-04-22T16:43:38.5010390Z ignoring duplicate directory "/Users/runner/work/tcm-storage-ios/tcm-storage-ios/build/Build/Products/Debug-iphonesimulator/PackageFrameworks"
2026-04-22T16:43:38.5011110Z ignoring duplicate directory "/Users/runner/work/tcm-storage-ios/tcm-storage-ios/build/Build/Products/Debug-iphonesimulator/PackageFrameworks"
2026-04-22T16:43:38.5011840Z ignoring duplicate directory "/Users/runner/work/tcm-storage-ios/tcm-storage-ios/build/Build/Products/Debug-iphonesimulator/PackageFrameworks"
2026-04-22T16:43:38.5012570Z ignoring duplicate directory "/Users/runner/work/tcm-storage-ios/tcm-storage-ios/build/Build/Products/Debug-iphonesimulator/PackageFrameworks"
2026-04-22T16:43:38.5013640Z ignoring duplicate directory "/Users/runner/work/tcm-storage-ios/tcm-storage-ios/build/Build/Products/Debug-iphonesimulator/PackageFrameworks"
2026-04-22T16:43:38.5014370Z ignoring duplicate directory "/Users/runner/work/tcm-storage-ios/tcm-storage-ios/build/Build/Products/Debug-iphonesimulator/PackageFrameworks"
2026-04-22T16:43:38.5015100Z ignoring duplicate directory "/Users/runner/work/tcm-storage-ios/tcm-storage-ios/build/Build/Products/Debug-iphonesimulator/PackageFrameworks"
2026-04-22T16:43:38.5015820Z ignoring duplicate directory "/Users/runner/work/tcm-storage-ios/tcm-storage-ios/build/Build/Products/Debug-iphonesimulator/PackageFrameworks"
2026-04-22T16:43:38.5016540Z ignoring duplicate directory "/Users/runner/work/tcm-storage-ios/tcm-storage-ios/build/Build/Products/Debug-iphonesimulator/PackageFrameworks"
2026-04-22T16:43:38.5017290Z ignoring duplicate directory "/Users/runner/work/tcm-storage-ios/tcm-storage-ios/build/Build/Products/Debug-iphonesimulator/PackageFrameworks"
2026-04-22T16:43:38.5018140Z ignoring duplicate directory "/Users/runner/work/tcm-storage-ios/tcm-storage-ios/build/Build/Products/Debug-iphonesimulator/PackageFrameworks"
2026-04-22T16:43:38.5018880Z ignoring duplicate directory "/Users/runner/work/tcm-storage-ios/tcm-storage-ios/build/Build/Products/Debug-iphonesimulator/PackageFrameworks"
2026-04-22T16:43:38.5019610Z ignoring duplicate directory "/Users/runner/work/tcm-storage-ios/tcm-storage-ios/build/Build/Products/Debug-iphonesimulator/PackageFrameworks"
2026-04-22T16:43:38.5020360Z ignoring duplicate directory "/Users/runner/work/tcm-storage-ios/tcm-storage-ios/build/Build/Products/Debug-iphonesimulator/PackageFrameworks"
2026-04-22T16:43:38.5021080Z ignoring duplicate directory "/Users/runner/work/tcm-storage-ios/tcm-storage-ios/build/Build/Products/Debug-iphonesimulator/PackageFrameworks"
2026-04-22T16:43:38.5021820Z ignoring duplicate directory "/Users/runner/work/tcm-storage-ios/tcm-storage-ios/build/Build/Products/Debug-iphonesimulator/PackageFrameworks"
2026-04-22T16:43:38.5022550Z ignoring duplicate directory "/Users/runner/work/tcm-storage-ios/tcm-storage-ios/build/Build/Products/Debug-iphonesimulator/PackageFrameworks"
2026-04-22T16:43:38.5023290Z ignoring duplicate directory "/Users/runner/work/tcm-storage-ios/tcm-storage-ios/build/Build/Products/Debug-iphonesimulator/PackageFrameworks"
2026-04-22T16:43:38.5024030Z ignoring duplicate directory "/Users/runner/work/tcm-storage-ios/tcm-storage-ios/build/Build/Products/Debug-iphonesimulator/PackageFrameworks"
2026-04-22T16:43:38.5024750Z ignoring duplicate directory "/Users/runner/work/tcm-storage-ios/tcm-storage-ios/build/Build/Products/Debug-iphonesimulator/PackageFrameworks"
2026-04-22T16:43:38.5025470Z ignoring duplicate directory "/Users/runner/work/tcm-storage-ios/tcm-storage-ios/build/Build/Products/Debug-iphonesimulator/PackageFrameworks"
2026-04-22T16:43:38.5026200Z ignoring duplicate directory "/Users/runner/work/tcm-storage-ios/tcm-storage-ios/build/Build/Products/Debug-iphonesimulator/PackageFrameworks"
2026-04-22T16:43:38.5026940Z ignoring duplicate directory "/Users/runner/work/tcm-storage-ios/tcm-storage-ios/build/Build/Products/Debug-iphonesimulator/PackageFrameworks"
2026-04-22T16:43:38.5027420Z #include "..." search starts here:
2026-04-22T16:43:38.5027980Z  /Users/runner/work/tcm-storage-ios/tcm-storage-ios/build/Build/Intermediates.noindex/Nextcloud.build/Debug-iphonesimulator/Widget.build/Widget-generated-files.hmap (headermap)
2026-04-22T16:43:38.5028930Z  /Users/runner/work/tcm-storage-ios/tcm-storage-ios/build/Build/Intermediates.noindex/Nextcloud.build/Debug-iphonesimulator/Widget.build/Widget-project-headers.hmap (headermap)
2026-04-22T16:43:38.5029500Z #include <...> search starts here:
2026-04-22T16:43:38.5030050Z  /Users/runner/work/tcm-storage-ios/tcm-storage-ios/build/Build/Intermediates.noindex/Nextcloud.build/Debug-iphonesimulator/Widget.build/Widget-own-target-headers.hmap (headermap)
2026-04-22T16:43:38.5032060Z  /Users/runner/work/tcm-storage-ios/tcm-storage-ios/build/Build/Intermediates.noindex/Nextcloud.build/Debug-iphonesimulator/Widget.build/Widget-all-non-framework-target-headers.hmap (headermap)
2026-04-22T16:43:38.5032980Z  /Users/runner/work/tcm-storage-ios/tcm-storage-ios/build/SourcePackages/checkouts/swift-atomics/Sources/_AtomicsShims/include
2026-04-22T16:43:38.5033620Z  /Users/runner/work/tcm-storage-ios/tcm-storage-ios/build/SourcePackages/checkouts/swift-nio/Sources/CNIOPosix/include
2026-04-22T16:43:38.5034250Z  /Users/runner/work/tcm-storage-ios/tcm-storage-ios/build/SourcePackages/checkouts/swift-nio/Sources/CNIOWASI/include
2026-04-22T16:43:38.5034920Z  /Users/runner/work/tcm-storage-ios/tcm-storage-ios/build/SourcePackages/checkouts/swift-nio/Sources/CNIOWindows/include
2026-04-22T16:43:38.5035550Z  /Users/runner/work/tcm-storage-ios/tcm-storage-ios/build/SourcePackages/checkouts/swift-nio/Sources/CNIOLinux/include
2026-04-22T16:43:38.5036180Z  /Users/runner/work/tcm-storage-ios/tcm-storage-ios/build/SourcePackages/checkouts/swift-nio/Sources/CNIODarwin/include
2026-04-22T16:43:38.5036810Z  /Users/runner/work/tcm-storage-ios/tcm-storage-ios/build/SourcePackages/checkouts/swift-nio/Sources/CNIOOpenBSD/include
2026-04-22T16:43:38.5037590Z  /Users/runner/work/tcm-storage-ios/tcm-storage-ios/build/SourcePackages/checkouts/swift-nio/Sources/CNIOAtomics/include
2026-04-22T16:43:38.5039800Z  /Users/runner/work/tcm-storage-ios/tcm-storage-ios/build/SourcePackages/checkouts/swift-nio-ssl/Sources/CNIOBoringSSLShims/include
2026-04-22T16:43:38.5086120Z  /Users/runner/work/tcm-storage-ios/tcm-storage-ios/build/SourcePackages/checkouts/swift-nio-ssl/Sources/CNIOBoringSSL/include
2026-04-22T16:43:38.5086720Z  /Users/runner/work/tcm-storage-ios/tcm-storage-ios/build/SourcePackages/checkouts/realm-core/src
2026-04-22T16:43:38.5087240Z  /Users/runner/work/tcm-storage-ios/tcm-storage-ios/build/SourcePackages/checkouts/realm-core/src/external/s2
2026-04-22T16:43:38.5088350Z  /Users/runner/work/tcm-storage-ios/tcm-storage-ios/build/SourcePackages/checkouts/realm-core/src/external/IntelRDFPMathLib20U2/LIBRARY/src
2026-04-22T16:43:38.5089020Z  /Users/runner/work/tcm-storage-ios/tcm-storage-ios/build/SourcePackages/checkouts/realm-core/src/spm
2026-04-22T16:43:38.5089530Z  /Users/runner/work/tcm-storage-ios/tcm-storage-ios/build/SourcePackages/checkouts/realm-swift/include
2026-04-22T16:43:38.5091080Z  /Users/runner/work/tcm-storage-ios/tcm-storage-ios/build/Build/Intermediates.noindex/Nextcloud.build/Debug-iphonesimulator/Widget.build/DerivedSources
2026-04-22T16:43:38.5091840Z  /Users/runner/work/tcm-storage-ios/tcm-storage-ios/build/Build/Products/Debug-iphonesimulator/PackageFrameworks (framework directory)
2026-04-22T16:43:38.5092490Z  /Users/runner/work/tcm-storage-ios/tcm-storage-ios/build/Build/Products/Debug-iphonesimulator (framework directory)
2026-04-22T16:43:38.5094400Z  /Applications/Xcode_26.2.app/Contents/Developer/Platforms/iPhoneSimulator.platform/Developer/Library/Frameworks (framework directory)
2026-04-22T16:43:38.5095220Z  /Applications/Xcode_26.2.app/Contents/Developer/Platforms/iPhoneSimulator.platform/Developer/SDKs/iPhoneSimulator26.2.sdk/Developer/Library/Frameworks (framework directory)
2026-04-22T16:43:38.5096930Z  /Applications/Xcode_26.2.app/Contents/Developer/Toolchains/XcodeDefault.xctoolchain/usr/lib/clang/17/include
2026-04-22T16:43:38.5097640Z  /Applications/Xcode_26.2.app/Contents/Developer/Platforms/iPhoneSimulator.platform/Developer/SDKs/iPhoneSimulator26.2.sdk/usr/include
2026-04-22T16:43:38.5098250Z  /Applications/Xcode_26.2.app/Contents/Developer/Toolchains/XcodeDefault.xctoolchain/usr/include
2026-04-22T16:43:38.5099960Z  /Applications/Xcode_26.2.app/Contents/Developer/Platforms/iPhoneSimulator.platform/Developer/SDKs/iPhoneSimulator26.2.sdk/System/Library/Frameworks (framework directory)
2026-04-22T16:43:38.5100940Z  /Applications/Xcode_26.2.app/Contents/Developer/Platforms/iPhoneSimulator.platform/Developer/SDKs/iPhoneSimulator26.2.sdk/System/Library/SubFrameworks (framework directory)
2026-04-22T16:43:38.5101670Z End of search list.
2026-04-22T16:43:38.5102630Z clang -cc1 version 17.0.0 (clang-1700.6.3.2) default target arm64-apple-darwin24.6.0
2026-04-22T16:43:38.5103210Z ignoring nonexistent directory "/Users/runner/work/tcm-storage-ios/tcm-storage-ios/build/Build/Products/Debug-iphonesimulator/include"
2026-04-22T16:43:38.5104150Z ignoring nonexistent directory "/Users/runner/work/tcm-storage-ios/tcm-storage-ios/build/Build/Intermediates.noindex/Nextcloud.build/Debug-iphonesimulator/Widget.build/DerivedSources-normal/arm64"
2026-04-22T16:43:38.5105330Z ignoring nonexistent directory "/Users/runner/work/tcm-storage-ios/tcm-storage-ios/build/Build/Intermediates.noindex/Nextcloud.build/Debug-iphonesimulator/Widget.build/DerivedSources/arm64"
2026-04-22T16:43:38.5106290Z ignoring nonexistent directory "/Applications/Xcode_26.2.app/Contents/Developer/Platforms/iPhoneSimulator.platform/Developer/SDKs/iPhoneSimulator26.2.sdk/usr/local/include"
2026-04-22T16:43:38.5107210Z ignoring nonexistent directory "/Applications/Xcode_26.2.app/Contents/Developer/Platforms/iPhoneSimulator.platform/Developer/SDKs/iPhoneSimulator26.2.sdk/Library/Frameworks"
2026-04-22T16:43:38.5108220Z ignoring duplicate directory "/Users/runner/work/tcm-storage-ios/tcm-storage-ios/build/Build/Products/Debug-iphonesimulator/PackageFrameworks"
2026-04-22T16:43:38.5108970Z ignoring duplicate directory "/Users/runner/work/tcm-storage-ios/tcm-storage-ios/build/Build/Products/Debug-iphonesimulator/PackageFrameworks"
2026-04-22T16:43:38.5109700Z ignoring duplicate directory "/Users/runner/work/tcm-storage-ios/tcm-storage-ios/build/Build/Products/Debug-iphonesimulator/PackageFrameworks"
2026-04-22T16:43:38.5110460Z ignoring duplicate directory "/Users/runner/work/tcm-storage-ios/tcm-storage-ios/build/Build/Products/Debug-iphonesimulator/PackageFrameworks"
2026-04-22T16:43:38.5111190Z ignoring duplicate directory "/Users/runner/work/tcm-storage-ios/tcm-storage-ios/build/Build/Products/Debug-iphonesimulator/PackageFrameworks"
2026-04-22T16:43:38.5111910Z ignoring duplicate directory "/Users/runner/work/tcm-storage-ios/tcm-storage-ios/build/Build/Products/Debug-iphonesimulator/PackageFrameworks"
2026-04-22T16:43:38.5112670Z ignoring duplicate directory "/Users/runner/work/tcm-storage-ios/tcm-storage-ios/build/Build/Products/Debug-iphonesimulator/PackageFrameworks"
2026-04-22T16:43:38.5113390Z ignoring duplicate directory "/Users/runner/work/tcm-storage-ios/tcm-storage-ios/build/Build/Products/Debug-iphonesimulator/PackageFrameworks"
2026-04-22T16:43:38.5114110Z ignoring duplicate directory "/Users/runner/work/tcm-storage-ios/tcm-storage-ios/build/Build/Products/Debug-iphonesimulator/PackageFrameworks"
2026-04-22T16:43:38.5114830Z ignoring duplicate directory "/Users/runner/work/tcm-storage-ios/tcm-storage-ios/build/Build/Products/Debug-iphonesimulator/PackageFrameworks"
2026-04-22T16:43:38.5115550Z ignoring duplicate directory "/Users/runner/work/tcm-storage-ios/tcm-storage-ios/build/Build/Products/Debug-iphonesimulator/PackageFrameworks"
2026-04-22T16:43:38.5116290Z ignoring duplicate directory "/Users/runner/work/tcm-storage-ios/tcm-storage-ios/build/Build/Products/Debug-iphonesimulator/PackageFrameworks"
2026-04-22T16:43:38.5117020Z ignoring duplicate directory "/Users/runner/work/tcm-storage-ios/tcm-storage-ios/build/Build/Products/Debug-iphonesimulator/PackageFrameworks"
2026-04-22T16:43:38.5117750Z ignoring duplicate directory "/Users/runner/work/tcm-storage-ios/tcm-storage-ios/build/Build/Products/Debug-iphonesimulator/PackageFrameworks"
2026-04-22T16:43:38.5118490Z ignoring duplicate directory "/Users/runner/work/tcm-storage-ios/tcm-storage-ios/build/Build/Products/Debug-iphonesimulator/PackageFrameworks"
2026-04-22T16:43:38.5119220Z ignoring duplicate directory "/Users/runner/work/tcm-storage-ios/tcm-storage-ios/build/Build/Products/Debug-iphonesimulator/PackageFrameworks"
2026-04-22T16:43:38.5119960Z ignoring duplicate directory "/Users/runner/work/tcm-storage-ios/tcm-storage-ios/build/Build/Products/Debug-iphonesimulator/PackageFrameworks"
2026-04-22T16:43:38.5120930Z ignoring duplicate directory "/Users/runner/work/tcm-storage-ios/tcm-storage-ios/build/Build/Products/Debug-iphonesimulator/PackageFrameworks"
2026-04-22T16:43:38.5121660Z ignoring duplicate directory "/Users/runner/work/tcm-storage-ios/tcm-storage-ios/build/Build/Products/Debug-iphonesimulator/PackageFrameworks"
2026-04-22T16:43:38.5122390Z ignoring duplicate directory "/Users/runner/work/tcm-storage-ios/tcm-storage-ios/build/Build/Products/Debug-iphonesimulator/PackageFrameworks"
2026-04-22T16:43:38.5123110Z ignoring duplicate directory "/Users/runner/work/tcm-storage-ios/tcm-storage-ios/build/Build/Products/Debug-iphonesimulator/PackageFrameworks"
2026-04-22T16:43:38.5123840Z ignoring duplicate directory "/Users/runner/work/tcm-storage-ios/tcm-storage-ios/build/Build/Products/Debug-iphonesimulator/PackageFrameworks"
2026-04-22T16:43:38.5124570Z ignoring duplicate directory "/Users/runner/work/tcm-storage-ios/tcm-storage-ios/build/Build/Products/Debug-iphonesimulator/PackageFrameworks"
2026-04-22T16:43:38.5125290Z ignoring duplicate directory "/Users/runner/work/tcm-storage-ios/tcm-storage-ios/build/Build/Products/Debug-iphonesimulator/PackageFrameworks"
2026-04-22T16:43:38.5126310Z ignoring duplicate directory "/Users/runner/work/tcm-storage-ios/tcm-storage-ios/build/Build/Products/Debug-iphonesimulator/PackageFrameworks"
2026-04-22T16:43:38.5127070Z ignoring duplicate directory "/Users/runner/work/tcm-storage-ios/tcm-storage-ios/build/Build/Products/Debug-iphonesimulator/PackageFrameworks"
2026-04-22T16:43:38.5127800Z ignoring duplicate directory "/Users/runner/work/tcm-storage-ios/tcm-storage-ios/build/Build/Products/Debug-iphonesimulator/PackageFrameworks"
2026-04-22T16:43:38.5128550Z ignoring duplicate directory "/Users/runner/work/tcm-storage-ios/tcm-storage-ios/build/Build/Products/Debug-iphonesimulator/PackageFrameworks"
2026-04-22T16:43:38.5129280Z ignoring duplicate directory "/Users/runner/work/tcm-storage-ios/tcm-storage-ios/build/Build/Products/Debug-iphonesimulator/PackageFrameworks"
2026-04-22T16:43:38.5145160Z ignoring duplicate directory "/Users/runner/work/tcm-storage-ios/tcm-storage-ios/build/Build/Products/Debug-iphonesimulator/PackageFrameworks"
2026-04-22T16:43:38.5145910Z ignoring duplicate directory "/Users/runner/work/tcm-storage-ios/tcm-storage-ios/build/Build/Products/Debug-iphonesimulator/PackageFrameworks"
2026-04-22T16:43:38.5146640Z ignoring duplicate directory "/Users/runner/work/tcm-storage-ios/tcm-storage-ios/build/Build/Products/Debug-iphonesimulator/PackageFrameworks"
2026-04-22T16:43:38.5147400Z ignoring duplicate directory "/Users/runner/work/tcm-storage-ios/tcm-storage-ios/build/Build/Products/Debug-iphonesimulator/PackageFrameworks"
2026-04-22T16:43:38.5148130Z ignoring duplicate directory "/Users/runner/work/tcm-storage-ios/tcm-storage-ios/build/Build/Products/Debug-iphonesimulator/PackageFrameworks"
2026-04-22T16:43:38.5148590Z #include "..." search starts here:
2026-04-22T16:43:38.5149150Z  /Users/runner/work/tcm-storage-ios/tcm-storage-ios/build/Build/Intermediates.noindex/Nextcloud.build/Debug-iphonesimulator/Widget.build/Widget-generated-files.hmap (headermap)
2026-04-22T16:43:38.5150110Z  /Users/runner/work/tcm-storage-ios/tcm-storage-ios/build/Build/Intermediates.noindex/Nextcloud.build/Debug-iphonesimulator/Widget.build/Widget-project-headers.hmap (headermap)
2026-04-22T16:43:38.5150680Z #include <...> search starts here:
2026-04-22T16:43:38.5151270Z  /Users/runner/work/tcm-storage-ios/tcm-storage-ios/build/Build/Intermediates.noindex/Nextcloud.build/Debug-iphonesimulator/Widget.build/Widget-own-target-headers.hmap (headermap)
2026-04-22T16:43:38.5152280Z  /Users/runner/work/tcm-storage-ios/tcm-storage-ios/build/Build/Intermediates.noindex/Nextcloud.build/Debug-iphonesimulator/Widget.build/Widget-all-non-framework-target-headers.hmap (headermap)
2026-04-22T16:43:38.5153140Z  /Users/runner/work/tcm-storage-ios/tcm-storage-ios/build/SourcePackages/checkouts/swift-atomics/Sources/_AtomicsShims/include
2026-04-22T16:43:38.5154140Z  /Users/runner/work/tcm-storage-ios/tcm-storage-ios/build/SourcePackages/checkouts/swift-nio/Sources/CNIOPosix/include
2026-04-22T16:43:38.5154740Z  /Users/runner/work/tcm-storage-ios/tcm-storage-ios/build/SourcePackages/checkouts/swift-nio/Sources/CNIOWASI/include
2026-04-22T16:43:38.5155370Z  /Users/runner/work/tcm-storage-ios/tcm-storage-ios/build/SourcePackages/checkouts/swift-nio/Sources/CNIOWindows/include
2026-04-22T16:43:38.5155970Z  /Users/runner/work/tcm-storage-ios/tcm-storage-ios/build/SourcePackages/checkouts/swift-nio/Sources/CNIOLinux/include
2026-04-22T16:43:38.5156560Z  /Users/runner/work/tcm-storage-ios/tcm-storage-ios/build/SourcePackages/checkouts/swift-nio/Sources/CNIODarwin/include
2026-04-22T16:43:38.5157180Z  /Users/runner/work/tcm-storage-ios/tcm-storage-ios/build/SourcePackages/checkouts/swift-nio/Sources/CNIOOpenBSD/include
2026-04-22T16:43:38.5157780Z  /Users/runner/work/tcm-storage-ios/tcm-storage-ios/build/SourcePackages/checkouts/swift-nio/Sources/CNIOAtomics/include
2026-04-22T16:43:38.5158430Z  /Users/runner/work/tcm-storage-ios/tcm-storage-ios/build/SourcePackages/checkouts/swift-nio-ssl/Sources/CNIOBoringSSLShims/include
2026-04-22T16:43:38.5159220Z  /Users/runner/work/tcm-storage-ios/tcm-storage-ios/build/SourcePackages/checkouts/swift-nio-ssl/Sources/CNIOBoringSSL/include
2026-04-22T16:43:38.5159790Z  /Users/runner/work/tcm-storage-ios/tcm-storage-ios/build/SourcePackages/checkouts/realm-core/src
2026-04-22T16:43:38.5160320Z  /Users/runner/work/tcm-storage-ios/tcm-storage-ios/build/SourcePackages/checkouts/realm-core/src/external/s2
2026-04-22T16:43:38.5160960Z  /Users/runner/work/tcm-storage-ios/tcm-storage-ios/build/SourcePackages/checkouts/realm-core/src/external/IntelRDFPMathLib20U2/LIBRARY/src
2026-04-22T16:43:38.5161570Z  /Users/runner/work/tcm-storage-ios/tcm-storage-ios/build/SourcePackages/checkouts/realm-core/src/spm
2026-04-22T16:43:38.5162080Z  /Users/runner/work/tcm-storage-ios/tcm-storage-ios/build/SourcePackages/checkouts/realm-swift/include
2026-04-22T16:43:38.5163390Z  /Users/runner/work/tcm-storage-ios/tcm-storage-ios/build/Build/Intermediates.noindex/Nextcloud.build/Debug-iphonesimulator/Widget.build/DerivedSources
2026-04-22T16:43:38.5164210Z  /Users/runner/work/tcm-storage-ios/tcm-storage-ios/build/Build/Products/Debug-iphonesimulator/PackageFrameworks (framework directory)
2026-04-22T16:43:38.5164880Z  /Users/runner/work/tcm-storage-ios/tcm-storage-ios/build/Build/Products/Debug-iphonesimulator (framework directory)
2026-04-22T16:43:38.5165540Z  /Applications/Xcode_26.2.app/Contents/Developer/Platforms/iPhoneSimulator.platform/Developer/Library/Frameworks (framework directory)
2026-04-22T16:43:38.5166350Z  /Applications/Xcode_26.2.app/Contents/Developer/Platforms/iPhoneSimulator.platform/Developer/SDKs/iPhoneSimulator26.2.sdk/Developer/Library/Frameworks (framework directory)
2026-04-22T16:43:38.5167090Z  /Applications/Xcode_26.2.app/Contents/Developer/Toolchains/XcodeDefault.xctoolchain/usr/lib/clang/17/include
2026-04-22T16:43:38.5167750Z  /Applications/Xcode_26.2.app/Contents/Developer/Platforms/iPhoneSimulator.platform/Developer/SDKs/iPhoneSimulator26.2.sdk/usr/include
2026-04-22T16:43:38.5168350Z  /Applications/Xcode_26.2.app/Contents/Developer/Toolchains/XcodeDefault.xctoolchain/usr/include
2026-04-22T16:43:38.5175010Z  /Applications/Xcode_26.2.app/Contents/Developer/Platforms/iPhoneSimulator.platform/Developer/SDKs/iPhoneSimulator26.2.sdk/System/Library/Frameworks (framework directory)
2026-04-22T16:43:38.5175970Z  /Applications/Xcode_26.2.app/Contents/Developer/Platforms/iPhoneSimulator.platform/Developer/SDKs/iPhoneSimulator26.2.sdk/System/Library/SubFrameworks (framework directory)
2026-04-22T16:43:38.5176540Z End of search list.
2026-04-22T16:43:38.5176830Z clang -cc1 version 17.0.0 (clang-1700.6.3.2) default target arm64-apple-darwin24.6.0
2026-04-22T16:43:38.5177410Z ignoring nonexistent directory "/Users/runner/work/tcm-storage-ios/tcm-storage-ios/build/Build/Products/Debug-iphonesimulator/include"
2026-04-22T16:43:38.5178560Z ignoring nonexistent directory "/Users/runner/work/tcm-storage-ios/tcm-storage-ios/build/Build/Intermediates.noindex/Nextcloud.build/Debug-iphonesimulator/Widget.build/DerivedSources-normal/arm64"
2026-04-22T16:43:38.5179600Z ignoring nonexistent directory "/Users/runner/work/tcm-storage-ios/tcm-storage-ios/build/Build/Intermediates.noindex/Nextcloud.build/Debug-iphonesimulator/Widget.build/DerivedSources/arm64"
2026-04-22T16:43:38.5180560Z ignoring nonexistent directory "/Applications/Xcode_26.2.app/Contents/Developer/Platforms/iPhoneSimulator.platform/Developer/SDKs/iPhoneSimulator26.2.sdk/usr/local/include"
2026-04-22T16:43:38.5181490Z ignoring nonexistent directory "/Applications/Xcode_26.2.app/Contents/Developer/Platforms/iPhoneSimulator.platform/Developer/SDKs/iPhoneSimulator26.2.sdk/Library/Frameworks"
2026-04-22T16:43:38.5182320Z ignoring duplicate directory "/Users/runner/work/tcm-storage-ios/tcm-storage-ios/build/Build/Products/Debug-iphonesimulator/PackageFrameworks"
2026-04-22T16:43:38.5183090Z ignoring duplicate directory "/Users/runner/work/tcm-storage-ios/tcm-storage-ios/build/Build/Products/Debug-iphonesimulator/PackageFrameworks"
2026-04-22T16:43:38.5183940Z ignoring duplicate directory "/Users/runner/work/tcm-storage-ios/tcm-storage-ios/build/Build/Products/Debug-iphonesimulator/PackageFrameworks"
2026-04-22T16:43:38.5196550Z ignoring duplicate directory "/Users/runner/work/tcm-storage-ios/tcm-storage-ios/build/Build/Products/Debug-iphonesimulator/PackageFrameworks"
2026-04-22T16:43:38.5197310Z ignoring duplicate directory "/Users/runner/work/tcm-storage-ios/tcm-storage-ios/build/Build/Products/Debug-iphonesimulator/PackageFrameworks"
2026-04-22T16:43:38.5198050Z ignoring duplicate directory "/Users/runner/work/tcm-storage-ios/tcm-storage-ios/build/Build/Products/Debug-iphonesimulator/PackageFrameworks"
2026-04-22T16:43:38.5203980Z ignoring duplicate directory "/Users/runner/work/tcm-storage-ios/tcm-storage-ios/build/Build/Products/Debug-iphonesimulator/PackageFrameworks"
2026-04-22T16:43:38.5204810Z ignoring duplicate directory "/Users/runner/work/tcm-storage-ios/tcm-storage-ios/build/Build/Products/Debug-iphonesimulator/PackageFrameworks"
2026-04-22T16:43:38.5205590Z ignoring duplicate directory "/Users/runner/work/tcm-storage-ios/tcm-storage-ios/build/Build/Products/Debug-iphonesimulator/PackageFrameworks"
2026-04-22T16:43:38.5206980Z ignoring duplicate directory "/Users/runner/work/tcm-storage-ios/tcm-storage-ios/build/Build/Products/Debug-iphonesimulator/PackageFrameworks"
2026-04-22T16:43:38.5207770Z ignoring duplicate directory "/Users/runner/work/tcm-storage-ios/tcm-storage-ios/build/Build/Products/Debug-iphonesimulator/PackageFrameworks"
2026-04-22T16:43:38.5208510Z ignoring duplicate directory "/Users/runner/work/tcm-storage-ios/tcm-storage-ios/build/Build/Products/Debug-iphonesimulator/PackageFrameworks"
2026-04-22T16:43:38.5209240Z ignoring duplicate directory "/Users/runner/work/tcm-storage-ios/tcm-storage-ios/build/Build/Products/Debug-iphonesimulator/PackageFrameworks"
2026-04-22T16:43:38.5209970Z ignoring duplicate directory "/Users/runner/work/tcm-storage-ios/tcm-storage-ios/build/Build/Products/Debug-iphonesimulator/PackageFrameworks"
2026-04-22T16:43:38.5210700Z ignoring duplicate directory "/Users/runner/work/tcm-storage-ios/tcm-storage-ios/build/Build/Products/Debug-iphonesimulator/PackageFrameworks"
2026-04-22T16:43:38.5211430Z ignoring duplicate directory "/Users/runner/work/tcm-storage-ios/tcm-storage-ios/build/Build/Products/Debug-iphonesimulator/PackageFrameworks"
2026-04-22T16:43:38.5212170Z ignoring duplicate directory "/Users/runner/work/tcm-storage-ios/tcm-storage-ios/build/Build/Products/Debug-iphonesimulator/PackageFrameworks"
2026-04-22T16:43:38.5212890Z ignoring duplicate directory "/Users/runner/work/tcm-storage-ios/tcm-storage-ios/build/Build/Products/Debug-iphonesimulator/PackageFrameworks"
2026-04-22T16:43:38.5213620Z ignoring duplicate directory "/Users/runner/work/tcm-storage-ios/tcm-storage-ios/build/Build/Products/Debug-iphonesimulator/PackageFrameworks"
2026-04-22T16:43:38.5214610Z ignoring duplicate directory "/Users/runner/work/tcm-storage-ios/tcm-storage-ios/build/Build/Products/Debug-iphonesimulator/PackageFrameworks"
2026-04-22T16:43:38.5215370Z ignoring duplicate directory "/Users/runner/work/tcm-storage-ios/tcm-storage-ios/build/Build/Products/Debug-iphonesimulator/PackageFrameworks"
2026-04-22T16:43:38.5216100Z ignoring duplicate directory "/Users/runner/work/tcm-storage-ios/tcm-storage-ios/build/Build/Products/Debug-iphonesimulator/PackageFrameworks"
2026-04-22T16:43:38.5216820Z ignoring duplicate directory "/Users/runner/work/tcm-storage-ios/tcm-storage-ios/build/Build/Products/Debug-iphonesimulator/PackageFrameworks"
2026-04-22T16:43:38.5217550Z ignoring duplicate directory "/Users/runner/work/tcm-storage-ios/tcm-storage-ios/build/Build/Products/Debug-iphonesimulator/PackageFrameworks"
2026-04-22T16:43:38.5218280Z ignoring duplicate directory "/Users/runner/work/tcm-storage-ios/tcm-storage-ios/build/Build/Products/Debug-iphonesimulator/PackageFrameworks"
2026-04-22T16:43:38.5219000Z ignoring duplicate directory "/Users/runner/work/tcm-storage-ios/tcm-storage-ios/build/Build/Products/Debug-iphonesimulator/PackageFrameworks"
2026-04-22T16:43:38.5219860Z ignoring duplicate directory "/Users/runner/work/tcm-storage-ios/tcm-storage-ios/build/Build/Products/Debug-iphonesimulator/PackageFrameworks"
2026-04-22T16:43:38.5220620Z ignoring duplicate directory "/Users/runner/work/tcm-storage-ios/tcm-storage-ios/build/Build/Products/Debug-iphonesimulator/PackageFrameworks"
2026-04-22T16:43:38.5221350Z ignoring duplicate directory "/Users/runner/work/tcm-storage-ios/tcm-storage-ios/build/Build/Products/Debug-iphonesimulator/PackageFrameworks"
2026-04-22T16:43:38.5222070Z ignoring duplicate directory "/Users/runner/work/tcm-storage-ios/tcm-storage-ios/build/Build/Products/Debug-iphonesimulator/PackageFrameworks"
2026-04-22T16:43:38.5222790Z ignoring duplicate directory "/Users/runner/work/tcm-storage-ios/tcm-storage-ios/build/Build/Products/Debug-iphonesimulator/PackageFrameworks"
2026-04-22T16:43:38.5223520Z ignoring duplicate directory "/Users/runner/work/tcm-storage-ios/tcm-storage-ios/build/Build/Products/Debug-iphonesimulator/PackageFrameworks"
2026-04-22T16:43:38.5224270Z ignoring duplicate directory "/Users/runner/work/tcm-storage-ios/tcm-storage-ios/build/Build/Products/Debug-iphonesimulator/PackageFrameworks"
2026-04-22T16:43:38.5225050Z ignoring duplicate directory "/Users/runner/work/tcm-storage-ios/tcm-storage-ios/build/Build/Products/Debug-iphonesimulator/PackageFrameworks"
2026-04-22T16:43:38.5225520Z #include "..." search starts here:
2026-04-22T16:43:38.5226080Z  /Users/runner/work/tcm-storage-ios/tcm-storage-ios/build/Build/Intermediates.noindex/Nextcloud.build/Debug-iphonesimulator/Widget.build/Widget-generated-files.hmap (headermap)
2026-04-22T16:43:38.5227020Z  /Users/runner/work/tcm-storage-ios/tcm-storage-ios/build/Build/Intermediates.noindex/Nextcloud.build/Debug-iphonesimulator/Widget.build/Widget-project-headers.hmap (headermap)
2026-04-22T16:43:38.5227590Z #include <...> search starts here:
2026-04-22T16:43:38.5228150Z  /Users/runner/work/tcm-storage-ios/tcm-storage-ios/build/Build/Intermediates.noindex/Nextcloud.build/Debug-iphonesimulator/Widget.build/Widget-own-target-headers.hmap (headermap)
2026-04-22T16:43:38.5229160Z  /Users/runner/work/tcm-storage-ios/tcm-storage-ios/build/Build/Intermediates.noindex/Nextcloud.build/Debug-iphonesimulator/Widget.build/Widget-all-non-framework-target-headers.hmap (headermap)
2026-04-22T16:43:38.5230020Z  /Users/runner/work/tcm-storage-ios/tcm-storage-ios/build/SourcePackages/checkouts/swift-atomics/Sources/_AtomicsShims/include
2026-04-22T16:43:38.5230680Z  /Users/runner/work/tcm-storage-ios/tcm-storage-ios/build/SourcePackages/checkouts/swift-nio/Sources/CNIOPosix/include
2026-04-22T16:43:38.5231330Z  /Users/runner/work/tcm-storage-ios/tcm-storage-ios/build/SourcePackages/checkouts/swift-nio/Sources/CNIOWASI/include
2026-04-22T16:43:38.5231940Z  /Users/runner/work/tcm-storage-ios/tcm-storage-ios/build/SourcePackages/checkouts/swift-nio/Sources/CNIOWindows/include
2026-04-22T16:43:38.5232770Z  /Users/runner/work/tcm-storage-ios/tcm-storage-ios/build/SourcePackages/checkouts/swift-nio/Sources/CNIOLinux/include
2026-04-22T16:43:38.5233380Z  /Users/runner/work/tcm-storage-ios/tcm-storage-ios/build/SourcePackages/checkouts/swift-nio/Sources/CNIODarwin/include
2026-04-22T16:43:38.5234000Z  /Users/runner/work/tcm-storage-ios/tcm-storage-ios/build/SourcePackages/checkouts/swift-nio/Sources/CNIOOpenBSD/include
2026-04-22T16:43:38.5234650Z  /Users/runner/work/tcm-storage-ios/tcm-storage-ios/build/SourcePackages/checkouts/swift-nio/Sources/CNIOAtomics/include
2026-04-22T16:43:38.5235290Z  /Users/runner/work/tcm-storage-ios/tcm-storage-ios/build/SourcePackages/checkouts/swift-nio-ssl/Sources/CNIOBoringSSLShims/include
2026-04-22T16:43:38.5235970Z  /Users/runner/work/tcm-storage-ios/tcm-storage-ios/build/SourcePackages/checkouts/swift-nio-ssl/Sources/CNIOBoringSSL/include
2026-04-22T16:43:38.5236540Z  /Users/runner/work/tcm-storage-ios/tcm-storage-ios/build/SourcePackages/checkouts/realm-core/src
2026-04-22T16:43:38.5237070Z  /Users/runner/work/tcm-storage-ios/tcm-storage-ios/build/SourcePackages/checkouts/realm-core/src/external/s2
2026-04-22T16:43:38.5238040Z  /Users/runner/work/tcm-storage-ios/tcm-storage-ios/build/SourcePackages/checkouts/realm-core/src/external/IntelRDFPMathLib20U2/LIBRARY/src
2026-04-22T16:43:38.5238790Z  /Users/runner/work/tcm-storage-ios/tcm-storage-ios/build/SourcePackages/checkouts/realm-core/src/spm
2026-04-22T16:43:38.5239350Z  /Users/runner/work/tcm-storage-ios/tcm-storage-ios/build/SourcePackages/checkouts/realm-swift/include
2026-04-22T16:43:38.5240080Z  /Users/runner/work/tcm-storage-ios/tcm-storage-ios/build/Build/Intermediates.noindex/Nextcloud.build/Debug-iphonesimulator/Widget.build/DerivedSources
2026-04-22T16:43:38.5240880Z  /Users/runner/work/tcm-storage-ios/tcm-storage-ios/build/Build/Products/Debug-iphonesimulator/PackageFrameworks (framework directory)
2026-04-22T16:43:38.5245110Z  /Users/runner/work/tcm-storage-ios/tcm-storage-ios/build/Build/Products/Debug-iphonesimulator (framework directory)
2026-04-22T16:43:38.5245830Z  /Applications/Xcode_26.2.app/Contents/Developer/Platforms/iPhoneSimulator.platform/Developer/Library/Frameworks (framework directory)
2026-04-22T16:43:38.5246640Z  /Applications/Xcode_26.2.app/Contents/Developer/Platforms/iPhoneSimulator.platform/Developer/SDKs/iPhoneSimulator26.2.sdk/Developer/Library/Frameworks (framework directory)
2026-04-22T16:43:38.5247380Z  /Applications/Xcode_26.2.app/Contents/Developer/Toolchains/XcodeDefault.xctoolchain/usr/lib/clang/17/include
2026-04-22T16:43:38.5248000Z  /Applications/Xcode_26.2.app/Contents/Developer/Platforms/iPhoneSimulator.platform/Developer/SDKs/iPhoneSimulator26.2.sdk/usr/include
2026-04-22T16:43:38.5248590Z  /Applications/Xcode_26.2.app/Contents/Developer/Toolchains/XcodeDefault.xctoolchain/usr/include
2026-04-22T16:43:38.5249290Z  /Applications/Xcode_26.2.app/Contents/Developer/Platforms/iPhoneSimulator.platform/Developer/SDKs/iPhoneSimulator26.2.sdk/System/Library/Frameworks (framework directory)
2026-04-22T16:43:38.5250190Z  /Applications/Xcode_26.2.app/Contents/Developer/Platforms/iPhoneSimulator.platform/Developer/SDKs/iPhoneSimulator26.2.sdk/System/Library/SubFrameworks (framework directory)
2026-04-22T16:43:38.5250730Z End of search list.
2026-04-22T16:43:38.5270290Z clang -cc1 version 17.0.0 (clang-1700.6.3.2) default target arm64-apple-darwin24.6.0
2026-04-22T16:43:38.5380040Z ignoring nonexistent directory "/Users/runner/work/tcm-storage-ios/tcm-storage-ios/build/Build/Products/Debug-iphonesimulator/include"
2026-04-22T16:43:38.5525820Z ignoring nonexistent directory "/Users/runner/work/tcm-storage-ios/tcm-storage-ios/build/Build/Intermediates.noindex/Nextcloud.build/Debug-iphonesimulator/Widget.build/DerivedSources-normal/arm64"
2026-04-22T16:43:38.5527140Z ignoring nonexistent directory "/Users/runner/work/tcm-storage-ios/tcm-storage-ios/build/Build/Intermediates.noindex/Nextcloud.build/Debug-iphonesimulator/Widget.build/DerivedSources/arm64"
2026-04-22T16:43:38.5632970Z ignoring nonexistent directory "/Applications/Xcode_26.2.app/Contents/Developer/Platforms/iPhoneSimulator.platform/Developer/SDKs/iPhoneSimulator26.2.sdk/usr/local/include"
2026-04-22T16:43:38.5706670Z ignoring nonexistent directory "/Applications/Xcode_26.2.app/Contents/Developer/Platforms/iPhoneSimulator.platform/Developer/SDKs/iPhoneSimulator26.2.sdk/Library/Frameworks"
2026-04-22T16:43:38.5709040Z ignoring duplicate directory "/Users/runner/work/tcm-storage-ios/tcm-storage-ios/build/Build/Products/Debug-iphonesimulator/PackageFrameworks"
2026-04-22T16:43:38.5710070Z ignoring duplicate directory "/Users/runner/work/tcm-storage-ios/tcm-storage-ios/build/Build/Products/Debug-iphonesimulator/PackageFrameworks"
2026-04-22T16:43:38.5747420Z ignoring duplicate directory "/Users/runner/work/tcm-storage-ios/tcm-storage-ios/build/Build/Products/Debug-iphonesimulator/PackageFrameworks"
2026-04-22T16:43:38.5748740Z ignoring duplicate directory "/Users/runner/work/tcm-storage-ios/tcm-storage-ios/build/Build/Products/Debug-iphonesimulator/PackageFrameworks"
2026-04-22T16:43:38.5750620Z ignoring duplicate directory "/Users/runner/work/tcm-storage-ios/tcm-storage-ios/build/Build/Products/Debug-iphonesimulator/PackageFrameworks"
2026-04-22T16:43:38.5761330Z ignoring duplicate directory "/Users/runner/work/tcm-storage-ios/tcm-storage-ios/build/Build/Products/Debug-iphonesimulator/PackageFrameworks"
2026-04-22T16:43:38.5763310Z ignoring duplicate directory "/Users/runner/work/tcm-storage-ios/tcm-storage-ios/build/Build/Products/Debug-iphonesimulator/PackageFrameworks"
2026-04-22T16:43:38.5890090Z ignoring duplicate directory "/Users/runner/work/tcm-storage-ios/tcm-storage-ios/build/Build/Products/Debug-iphonesimulator/PackageFrameworks"
2026-04-22T16:43:38.6012870Z ignoring duplicate directory "/Users/runner/work/tcm-storage-ios/tcm-storage-ios/build/Build/Products/Debug-iphonesimulator/PackageFrameworks"
2026-04-22T16:43:38.6064240Z ignoring duplicate directory "/Users/runner/work/tcm-storage-ios/tcm-storage-ios/build/Build/Products/Debug-iphonesimulator/PackageFrameworks"
2026-04-22T16:43:38.6067150Z ignoring duplicate directory "/Users/runner/work/tcm-storage-ios/tcm-storage-ios/build/Build/Products/Debug-iphonesimulator/PackageFrameworks"
2026-04-22T16:43:38.6069210Z ignoring duplicate directory "/Users/runner/work/tcm-storage-ios/tcm-storage-ios/build/Build/Products/Debug-iphonesimulator/PackageFrameworks"
2026-04-22T16:43:38.6074090Z ignoring duplicate directory "/Users/runner/work/tcm-storage-ios/tcm-storage-ios/build/Build/Products/Debug-iphonesimulator/PackageFrameworks"
2026-04-22T16:43:38.6176410Z ignoring duplicate directory "/Users/runner/work/tcm-storage-ios/tcm-storage-ios/build/Build/Products/Debug-iphonesimulator/PackageFrameworks"
2026-04-22T16:43:38.6281980Z ignoring duplicate directory "/Users/runner/work/tcm-storage-ios/tcm-storage-ios/build/Build/Products/Debug-iphonesimulator/PackageFrameworks"
2026-04-22T16:43:38.6398590Z ignoring duplicate directory "/Users/runner/work/tcm-storage-ios/tcm-storage-ios/build/Build/Products/Debug-iphonesimulator/PackageFrameworks"
2026-04-22T16:43:38.6518650Z ignoring duplicate directory "/Users/runner/work/tcm-storage-ios/tcm-storage-ios/build/Build/Products/Debug-iphonesimulator/PackageFrameworks"
2026-04-22T16:43:38.6629290Z ignoring duplicate directory "/Users/runner/work/tcm-storage-ios/tcm-storage-ios/build/Build/Products/Debug-iphonesimulator/PackageFrameworks"
2026-04-22T16:43:38.6732110Z ignoring duplicate directory "/Users/runner/work/tcm-storage-ios/tcm-storage-ios/build/Build/Products/Debug-iphonesimulator/PackageFrameworks"
2026-04-22T16:43:38.6833830Z ignoring duplicate directory "/Users/runner/work/tcm-storage-ios/tcm-storage-ios/build/Build/Products/Debug-iphonesimulator/PackageFrameworks"
2026-04-22T16:43:38.6937880Z ignoring duplicate directory "/Users/runner/work/tcm-storage-ios/tcm-storage-ios/build/Build/Products/Debug-iphonesimulator/PackageFrameworks"
2026-04-22T16:43:38.7039400Z ignoring duplicate directory "/Users/runner/work/tcm-storage-ios/tcm-storage-ios/build/Build/Products/Debug-iphonesimulator/PackageFrameworks"
2026-04-22T16:43:38.7388470Z ignoring duplicate directory "/Users/runner/work/tcm-storage-ios/tcm-storage-ios/build/Build/Products/Debug-iphonesimulator/PackageFrameworks"
2026-04-22T16:43:38.7491900Z ignoring duplicate directory "/Users/runner/work/tcm-storage-ios/tcm-storage-ios/build/Build/Products/Debug-iphonesimulator/PackageFrameworks"
2026-04-22T16:43:38.7600590Z ignoring duplicate directory "/Users/runner/work/tcm-storage-ios/tcm-storage-ios/build/Build/Products/Debug-iphonesimulator/PackageFrameworks"
2026-04-22T16:43:38.7702290Z ignoring duplicate directory "/Users/runner/work/tcm-storage-ios/tcm-storage-ios/build/Build/Products/Debug-iphonesimulator/PackageFrameworks"
2026-04-22T16:43:38.7804070Z ignoring duplicate directory "/Users/runner/work/tcm-storage-ios/tcm-storage-ios/build/Build/Products/Debug-iphonesimulator/PackageFrameworks"
2026-04-22T16:43:38.7906680Z ignoring duplicate directory "/Users/runner/work/tcm-storage-ios/tcm-storage-ios/build/Build/Products/Debug-iphonesimulator/PackageFrameworks"
2026-04-22T16:43:38.8008680Z ignoring duplicate directory "/Users/runner/work/tcm-storage-ios/tcm-storage-ios/build/Build/Products/Debug-iphonesimulator/PackageFrameworks"
2026-04-22T16:43:38.8110710Z ignoring duplicate directory "/Users/runner/work/tcm-storage-ios/tcm-storage-ios/build/Build/Products/Debug-iphonesimulator/PackageFrameworks"
2026-04-22T16:43:38.8236060Z ignoring duplicate directory "/Users/runner/work/tcm-storage-ios/tcm-storage-ios/build/Build/Products/Debug-iphonesimulator/PackageFrameworks"
2026-04-22T16:43:38.8395730Z ignoring duplicate directory "/Users/runner/work/tcm-storage-ios/tcm-storage-ios/build/Build/Products/Debug-iphonesimulator/PackageFrameworks"
2026-04-22T16:43:38.8397570Z ignoring duplicate directory "/Users/runner/work/tcm-storage-ios/tcm-storage-ios/build/Build/Products/Debug-iphonesimulator/PackageFrameworks"
2026-04-22T16:43:38.8506930Z ignoring duplicate directory "/Users/runner/work/tcm-storage-ios/tcm-storage-ios/build/Build/Products/Debug-iphonesimulator/PackageFrameworks"
2026-04-22T16:43:38.8626680Z #include "..." search starts here:
2026-04-22T16:43:38.8741660Z  /Users/runner/work/tcm-storage-ios/tcm-storage-ios/build/Build/Intermediates.noindex/Nextcloud.build/Debug-iphonesimulator/Widget.build/Widget-generated-files.hmap (headermap)
2026-04-22T16:43:38.8890160Z  /Users/runner/work/tcm-storage-ios/tcm-storage-ios/build/Build/Intermediates.noindex/Nextcloud.build/Debug-iphonesimulator/Widget.build/Widget-project-headers.hmap (headermap)
2026-04-22T16:43:38.9043260Z #include <...> search starts here:
2026-04-22T16:43:38.9146540Z  /Users/runner/work/tcm-storage-ios/tcm-storage-ios/build/Build/Intermediates.noindex/Nextcloud.build/Debug-iphonesimulator/Widget.build/Widget-own-target-headers.hmap (headermap)
2026-04-22T16:43:38.9250170Z  /Users/runner/work/tcm-storage-ios/tcm-storage-ios/build/Build/Intermediates.noindex/Nextcloud.build/Debug-iphonesimulator/Widget.build/Widget-all-non-framework-target-headers.hmap (headermap)
2026-04-22T16:43:38.9367490Z  /Users/runner/work/tcm-storage-ios/tcm-storage-ios/build/SourcePackages/checkouts/swift-atomics/Sources/_AtomicsShims/include
2026-04-22T16:43:38.9471850Z  /Users/runner/work/tcm-storage-ios/tcm-storage-ios/build/SourcePackages/checkouts/swift-nio/Sources/CNIOPosix/include
2026-04-22T16:43:38.9606820Z  /Users/runner/work/tcm-storage-ios/tcm-storage-ios/build/SourcePackages/checkouts/swift-nio/Sources/CNIOWASI/include
2026-04-22T16:43:38.9709790Z  /Users/runner/work/tcm-storage-ios/tcm-storage-ios/build/SourcePackages/checkouts/swift-nio/Sources/CNIOWindows/include
2026-04-22T16:43:38.9812080Z  /Users/runner/work/tcm-storage-ios/tcm-storage-ios/build/SourcePackages/checkouts/swift-nio/Sources/CNIOLinux/include
2026-04-22T16:43:38.9916680Z  /Users/runner/work/tcm-storage-ios/tcm-storage-ios/build/SourcePackages/checkouts/swift-nio/Sources/CNIODarwin/include
2026-04-22T16:43:39.0041370Z  /Users/runner/work/tcm-storage-ios/tcm-storage-ios/build/SourcePackages/checkouts/swift-nio/Sources/CNIOOpenBSD/include
2026-04-22T16:43:39.0153980Z  /Users/runner/work/tcm-storage-ios/tcm-storage-ios/build/SourcePackages/checkouts/swift-nio/Sources/CNIOAtomics/include
2026-04-22T16:43:39.0263020Z  /Users/runner/work/tcm-storage-ios/tcm-storage-ios/build/SourcePackages/checkouts/swift-nio-ssl/Sources/CNIOBoringSSLShims/include
2026-04-22T16:43:39.0371310Z  /Users/runner/work/tcm-storage-ios/tcm-storage-ios/build/SourcePackages/checkouts/swift-nio-ssl/Sources/CNIOBoringSSL/include
2026-04-22T16:43:39.0473110Z  /Users/runner/work/tcm-storage-ios/tcm-storage-ios/build/SourcePackages/checkouts/realm-core/src
2026-04-22T16:43:39.0578170Z  /Users/runner/work/tcm-storage-ios/tcm-storage-ios/build/SourcePackages/checkouts/realm-core/src/external/s2
2026-04-22T16:43:39.0696070Z  /Users/runner/work/tcm-storage-ios/tcm-storage-ios/build/SourcePackages/checkouts/realm-core/src/external/IntelRDFPMathLib20U2/LIBRARY/src
2026-04-22T16:43:39.0798770Z  /Users/runner/work/tcm-storage-ios/tcm-storage-ios/build/SourcePackages/checkouts/realm-core/src/spm
2026-04-22T16:43:39.0900420Z  /Users/runner/work/tcm-storage-ios/tcm-storage-ios/build/SourcePackages/checkouts/realm-swift/include
2026-04-22T16:43:39.0934390Z  /Users/runner/work/tcm-storage-ios/tcm-storage-ios/build/Build/Intermediates.noindex/Nextcloud.build/Debug-iphonesimulator/Widget.build/DerivedSources
2026-04-22T16:43:39.1036760Z  /Users/runner/work/tcm-storage-ios/tcm-storage-ios/build/Build/Products/Debug-iphonesimulator/PackageFrameworks (framework directory)
2026-04-22T16:43:39.1138120Z  /Users/runner/work/tcm-storage-ios/tcm-storage-ios/build/Build/Products/Debug-iphonesimulator (framework directory)
2026-04-22T16:43:39.1239520Z  /Applications/Xcode_26.2.app/Contents/Developer/Platforms/iPhoneSimulator.platform/Developer/Library/Frameworks (framework directory)
2026-04-22T16:43:39.1341950Z  /Applications/Xcode_26.2.app/Contents/Developer/Platforms/iPhoneSimulator.platform/Developer/SDKs/iPhoneSimulator26.2.sdk/Developer/Library/Frameworks (framework directory)
2026-04-22T16:43:39.1443620Z  /Applications/Xcode_26.2.app/Contents/Developer/Toolchains/XcodeDefault.xctoolchain/usr/lib/clang/17/include
2026-04-22T16:43:39.1545160Z  /Applications/Xcode_26.2.app/Contents/Developer/Platforms/iPhoneSimulator.platform/Developer/SDKs/iPhoneSimulator26.2.sdk/usr/include
2026-04-22T16:43:39.1646550Z  /Applications/Xcode_26.2.app/Contents/Developer/Toolchains/XcodeDefault.xctoolchain/usr/include
2026-04-22T16:43:39.1747990Z  /Applications/Xcode_26.2.app/Contents/Developer/Platforms/iPhoneSimulator.platform/Developer/SDKs/iPhoneSimulator26.2.sdk/System/Library/Frameworks (framework directory)
2026-04-22T16:43:39.1856800Z  /Applications/Xcode_26.2.app/Contents/Developer/Platforms/iPhoneSimulator.platform/Developer/SDKs/iPhoneSimulator26.2.sdk/System/Library/SubFrameworks (framework directory)
2026-04-22T16:43:39.1959730Z End of search list.
2026-04-22T16:43:39.2078210Z clang -cc1 version 17.0.0 (clang-1700.6.3.2) default target arm64-apple-darwin24.6.0
2026-04-22T16:43:39.2193620Z ignoring nonexistent directory "/Users/runner/work/tcm-storage-ios/tcm-storage-ios/build/Build/Products/Debug-iphonesimulator/include"
2026-04-22T16:43:39.2304780Z ignoring nonexistent directory "/Users/runner/work/tcm-storage-ios/tcm-storage-ios/build/Build/Intermediates.noindex/Nextcloud.build/Debug-iphonesimulator/Widget.build/DerivedSources-normal/arm64"
2026-04-22T16:43:39.2422680Z ignoring nonexistent directory "/Users/runner/work/tcm-storage-ios/tcm-storage-ios/build/Build/Intermediates.noindex/Nextcloud.build/Debug-iphonesimulator/Widget.build/DerivedSources/arm64"
2026-04-22T16:43:39.2541290Z ignoring nonexistent directory "/Applications/Xcode_26.2.app/Contents/Developer/Platforms/iPhoneSimulator.platform/Developer/SDKs/iPhoneSimulator26.2.sdk/usr/local/include"
2026-04-22T16:43:39.2656160Z ignoring nonexistent directory "/Applications/Xcode_26.2.app/Contents/Developer/Platforms/iPhoneSimulator.platform/Developer/SDKs/iPhoneSimulator26.2.sdk/Library/Frameworks"
2026-04-22T16:43:39.2784450Z ignoring duplicate directory "/Users/runner/work/tcm-storage-ios/tcm-storage-ios/build/Build/Products/Debug-iphonesimulator/PackageFrameworks"
2026-04-22T16:43:39.2905630Z ignoring duplicate directory "/Users/runner/work/tcm-storage-ios/tcm-storage-ios/build/Build/Products/Debug-iphonesimulator/PackageFrameworks"
2026-04-22T16:43:39.3019900Z ignoring duplicate directory "/Users/runner/work/tcm-storage-ios/tcm-storage-ios/build/Build/Products/Debug-iphonesimulator/PackageFrameworks"
2026-04-22T16:43:39.3151200Z ignoring duplicate directory "/Users/runner/work/tcm-storage-ios/tcm-storage-ios/build/Build/Products/Debug-iphonesimulator/PackageFrameworks"
2026-04-22T16:43:39.3253020Z ignoring duplicate directory "/Users/runner/work/tcm-storage-ios/tcm-storage-ios/build/Build/Products/Debug-iphonesimulator/PackageFrameworks"
2026-04-22T16:43:39.3253920Z ignoring duplicate directory "/Users/runner/work/tcm-storage-ios/tcm-storage-ios/build/Build/Products/Debug-iphonesimulator/PackageFrameworks"
2026-04-22T16:43:39.3355380Z ignoring duplicate directory "/Users/runner/work/tcm-storage-ios/tcm-storage-ios/build/Build/Products/Debug-iphonesimulator/PackageFrameworks"
2026-04-22T16:43:39.3459100Z ignoring duplicate directory "/Users/runner/work/tcm-storage-ios/tcm-storage-ios/build/Build/Products/Debug-iphonesimulator/PackageFrameworks"
2026-04-22T16:43:39.3562210Z ignoring duplicate directory "/Users/runner/work/tcm-storage-ios/tcm-storage-ios/build/Build/Products/Debug-iphonesimulator/PackageFrameworks"
2026-04-22T16:43:39.3664560Z ignoring duplicate directory "/Users/runner/work/tcm-storage-ios/tcm-storage-ios/build/Build/Products/Debug-iphonesimulator/PackageFrameworks"
2026-04-22T16:43:39.3767120Z ignoring duplicate directory "/Users/runner/work/tcm-storage-ios/tcm-storage-ios/build/Build/Products/Debug-iphonesimulator/PackageFrameworks"
2026-04-22T16:43:39.3869900Z ignoring duplicate directory "/Users/runner/work/tcm-storage-ios/tcm-storage-ios/build/Build/Products/Debug-iphonesimulator/PackageFrameworks"
2026-04-22T16:43:39.3972460Z ignoring duplicate directory "/Users/runner/work/tcm-storage-ios/tcm-storage-ios/build/Build/Products/Debug-iphonesimulator/PackageFrameworks"
2026-04-22T16:43:39.4074220Z ignoring duplicate directory "/Users/runner/work/tcm-storage-ios/tcm-storage-ios/build/Build/Products/Debug-iphonesimulator/PackageFrameworks"
2026-04-22T16:43:39.4175760Z ignoring duplicate directory "/Users/runner/work/tcm-storage-ios/tcm-storage-ios/build/Build/Products/Debug-iphonesimulator/PackageFrameworks"
2026-04-22T16:43:39.4262660Z ignoring duplicate directory "/Users/runner/work/tcm-storage-ios/tcm-storage-ios/build/Build/Products/Debug-iphonesimulator/PackageFrameworks"
2026-04-22T16:43:39.4364310Z ignoring duplicate directory "/Users/runner/work/tcm-storage-ios/tcm-storage-ios/build/Build/Products/Debug-iphonesimulator/PackageFrameworks"
2026-04-22T16:43:39.4483680Z ignoring duplicate directory "/Users/runner/work/tcm-storage-ios/tcm-storage-ios/build/Build/Products/Debug-iphonesimulator/PackageFrameworks"
2026-04-22T16:43:39.4587610Z ignoring duplicate directory "/Users/runner/work/tcm-storage-ios/tcm-storage-ios/build/Build/Products/Debug-iphonesimulator/PackageFrameworks"
2026-04-22T16:43:39.4704370Z ignoring duplicate directory "/Users/runner/work/tcm-storage-ios/tcm-storage-ios/build/Build/Products/Debug-iphonesimulator/PackageFrameworks"
2026-04-22T16:43:39.4833390Z ignoring duplicate directory "/Users/runner/work/tcm-storage-ios/tcm-storage-ios/build/Build/Products/Debug-iphonesimulator/PackageFrameworks"
2026-04-22T16:43:39.4960100Z ignoring duplicate directory "/Users/runner/work/tcm-storage-ios/tcm-storage-ios/build/Build/Products/Debug-iphonesimulator/PackageFrameworks"
2026-04-22T16:43:39.5182780Z ignoring duplicate directory "/Users/runner/work/tcm-storage-ios/tcm-storage-ios/build/Build/Products/Debug-iphonesimulator/PackageFrameworks"
2026-04-22T16:43:39.5313760Z ignoring duplicate directory "/Users/runner/work/tcm-storage-ios/tcm-storage-ios/build/Build/Products/Debug-iphonesimulator/PackageFrameworks"
2026-04-22T16:43:39.5430930Z ignoring duplicate directory "/Users/runner/work/tcm-storage-ios/tcm-storage-ios/build/Build/Products/Debug-iphonesimulator/PackageFrameworks"
2026-04-22T16:43:39.5540300Z ignoring duplicate directory "/Users/runner/work/tcm-storage-ios/tcm-storage-ios/build/Build/Products/Debug-iphonesimulator/PackageFrameworks"
2026-04-22T16:43:39.5655300Z ignoring duplicate directory "/Users/runner/work/tcm-storage-ios/tcm-storage-ios/build/Build/Products/Debug-iphonesimulator/PackageFrameworks"
2026-04-22T16:43:39.5757250Z ignoring duplicate directory "/Users/runner/work/tcm-storage-ios/tcm-storage-ios/build/Build/Products/Debug-iphonesimulator/PackageFrameworks"
2026-04-22T16:43:39.5860600Z ignoring duplicate directory "/Users/runner/work/tcm-storage-ios/tcm-storage-ios/build/Build/Products/Debug-iphonesimulator/PackageFrameworks"
2026-04-22T16:43:39.5963560Z ignoring duplicate directory "/Users/runner/work/tcm-storage-ios/tcm-storage-ios/build/Build/Products/Debug-iphonesimulator/PackageFrameworks"
2026-04-22T16:43:39.5964160Z 
2026-04-22T16:43:39.5972680Z ignoring duplicate directory "/Users/runner/work/tcm-storage-ios/tcm-storage-ios/build/Build/Products/Debug-iphonesimulator/PackageFrameworks"
2026-04-22T16:43:39.6100050Z ⚠️  /Users/runner/work/tcm-storage-ios/tcm-storage-ios/iOSClient/Utility/NCLivePhoto.swift:69:70: 'duration' was deprecated in iOS 16.0: Use load(.duration) instead
2026-04-22T16:43:39.6101180Z ignoring duplicate directory "/Users/runner/work/tcm-storage-ios/tcm-storage-ios/build/Build/Products/Debug-iphonesimulator/PackageFrameworks"
2026-04-22T16:43:39.6104120Z ignoring duplicate directory "/Users/runner/work/tcm-storage-ios/tcm-storage-ios/build/Build/Products/Debug-iphonesimulator/PackageFrameworks"
2026-04-22T16:43:39.6106640Z ignoring duplicate directory "/Users/runner/work/tcm-storage-ios/tcm-storage-ios/build/Build/Products/Debug-iphonesimulator/PackageFrameworks"
2026-04-22T16:43:39.6108080Z #include "..." search starts here:
2026-04-22T16:43:39.6109800Z  /Users/runner/work/tcm-storage-ios/tcm-storage-ios/build/Build/Intermediates.noindex/Nextcloud.build/Debug-iphonesimulator/Widget.build/Widget-generated-files.hmap (headermap)
2026-04-22T16:43:39.6112590Z  /Users/runner/work/tcm-storage-ios/tcm-storage-ios/build/Build/Intermediates.noindex/Nextcloud.build/Debug-iphonesimulator/Widget.build/Widget-project-headers.hmap (headermap)
2026-04-22T16:43:39.6114300Z #include <...> search starts here:
2026-04-22T16:43:39.6115990Z  /Users/runner/work/tcm-storage-ios/tcm-storage-ios/build/Build/Intermediates.noindex/Nextcloud.build/Debug-iphonesimulator/Widget.build/Widget-own-target-headers.hmap (headermap)
2026-04-22T16:43:39.6119050Z  /Users/runner/work/tcm-storage-ios/tcm-storage-ios/build/Build/Intermediates.noindex/Nextcloud.build/Debug-iphonesimulator/Widget.build/Widget-all-non-framework-target-headers.hmap (headermap)
2026-04-22T16:43:39.6121540Z  /Users/runner/work/tcm-storage-ios/tcm-storage-ios/build/SourcePackages/checkouts/swift-atomics/Sources/_AtomicsShims/include
2026-04-22T16:43:39.6123560Z  /Users/runner/work/tcm-storage-ios/tcm-storage-ios/build/SourcePackages/checkouts/swift-nio/Sources/CNIOPosix/include
2026-04-22T16:43:39.6125290Z  /Users/runner/work/tcm-storage-ios/tcm-storage-ios/build/SourcePackages/checkouts/swift-nio/Sources/CNIOWASI/include
2026-04-22T16:43:39.6127190Z  /Users/runner/work/tcm-storage-ios/tcm-storage-ios/build/SourcePackages/checkouts/swift-nio/Sources/CNIOWindows/include
2026-04-22T16:43:39.6129060Z  /Users/runner/work/tcm-storage-ios/tcm-storage-ios/build/SourcePackages/checkouts/swift-nio/Sources/CNIOLinux/include
2026-04-22T16:43:39.6134250Z  /Users/runner/work/tcm-storage-ios/tcm-storage-ios/build/SourcePackages/checkouts/swift-nio/Sources/CNIODarwin/include
2026-04-22T16:43:39.6134950Z  /Users/runner/work/tcm-storage-ios/tcm-storage-ios/build/SourcePackages/checkouts/swift-nio/Sources/CNIOOpenBSD/include
2026-04-22T16:43:39.6135580Z  /Users/runner/work/tcm-storage-ios/tcm-storage-ios/build/SourcePackages/checkouts/swift-nio/Sources/CNIOAtomics/include
2026-04-22T16:43:39.6136670Z  /Users/runner/work/tcm-storage-ios/tcm-storage-ios/build/SourcePackages/checkouts/swift-nio-ssl/Sources/CNIOBoringSSLShims/include
2026-04-22T16:43:39.6137380Z  /Users/runner/work/tcm-storage-ios/tcm-storage-ios/build/SourcePackages/checkouts/swift-nio-ssl/Sources/CNIOBoringSSL/include
2026-04-22T16:43:39.6137990Z  /Users/runner/work/tcm-storage-ios/tcm-storage-ios/build/SourcePackages/checkouts/realm-core/src
2026-04-22T16:43:39.6138530Z  /Users/runner/work/tcm-storage-ios/tcm-storage-ios/build/SourcePackages/checkouts/realm-core/src/external/s2
2026-04-22T16:43:39.6139640Z  /Users/runner/work/tcm-storage-ios/tcm-storage-ios/build/SourcePackages/checkouts/realm-core/src/external/IntelRDFPMathLib20U2/LIBRARY/src
2026-04-22T16:43:39.6140280Z  /Users/runner/work/tcm-storage-ios/tcm-storage-ios/build/SourcePackages/checkouts/realm-core/src/spm
2026-04-22T16:43:39.6140800Z  /Users/runner/work/tcm-storage-ios/tcm-storage-ios/build/SourcePackages/checkouts/realm-swift/include
2026-04-22T16:43:39.6141660Z  /Users/runner/work/tcm-storage-ios/tcm-storage-ios/build/Build/Intermediates.noindex/Nextcloud.build/Debug-iphonesimulator/Widget.build/DerivedSources
2026-04-22T16:43:39.6142470Z  /Users/runner/work/tcm-storage-ios/tcm-storage-ios/build/Build/Products/Debug-iphonesimulator/PackageFrameworks (framework directory)
2026-04-22T16:43:39.6143170Z  /Users/runner/work/tcm-storage-ios/tcm-storage-ios/build/Build/Products/Debug-iphonesimulator (framework directory)
2026-04-22T16:43:39.6143890Z  /Applications/Xcode_26.2.app/Contents/Developer/Platforms/iPhoneSimulator.platform/Developer/Library/Frameworks (framework directory)
2026-04-22T16:43:39.6144730Z  /Applications/Xcode_26.2.app/Contents/Developer/Platforms/iPhoneSimulator.platform/Developer/SDKs/iPhoneSimulator26.2.sdk/Developer/Library/Frameworks (framework directory)
2026-04-22T16:43:39.6145480Z  /Applications/Xcode_26.2.app/Contents/Developer/Toolchains/XcodeDefault.xctoolchain/usr/lib/clang/17/include
2026-04-22T16:43:39.6146150Z  /Applications/Xcode_26.2.app/Contents/Developer/Platforms/iPhoneSimulator.platform/Developer/SDKs/iPhoneSimulator26.2.sdk/usr/include
2026-04-22T16:43:39.6146760Z  /Applications/Xcode_26.2.app/Contents/Developer/Toolchains/XcodeDefault.xctoolchain/usr/include
2026-04-22T16:43:39.6147460Z  /Applications/Xcode_26.2.app/Contents/Developer/Platforms/iPhoneSimulator.platform/Developer/SDKs/iPhoneSimulator26.2.sdk/System/Library/Frameworks (framework directory)
2026-04-22T16:43:39.6148380Z  /Applications/Xcode_26.2.app/Contents/Developer/Platforms/iPhoneSimulator.platform/Developer/SDKs/iPhoneSimulator26.2.sdk/System/Library/SubFrameworks (framework directory)
2026-04-22T16:43:39.6149000Z End of search list.
2026-04-22T16:43:39.6149260Z clang -cc1 version 17.0.0 (clang-1700.6.3.2) default target arm64-apple-darwin24.6.0
2026-04-22T16:43:39.6149810Z ignoring nonexistent directory "/Users/runner/work/tcm-storage-ios/tcm-storage-ios/build/Build/Products/Debug-iphonesimulator/include"
2026-04-22T16:43:39.6150700Z ignoring nonexistent directory "/Users/runner/work/tcm-storage-ios/tcm-storage-ios/build/Build/Intermediates.noindex/Nextcloud.build/Debug-iphonesimulator/Widget.build/DerivedSources-normal/arm64"
2026-04-22T16:43:39.6152330Z ignoring nonexistent directory "/Users/runner/work/tcm-storage-ios/tcm-storage-ios/build/Build/Intermediates.noindex/Nextcloud.build/Debug-iphonesimulator/Widget.build/DerivedSources/arm64"
2026-04-22T16:43:39.6153380Z ignoring nonexistent directory "/Applications/Xcode_26.2.app/Contents/Developer/Platforms/iPhoneSimulator.platform/Developer/SDKs/iPhoneSimulator26.2.sdk/usr/local/include"
2026-04-22T16:43:39.6154360Z ignoring nonexistent directory "/Applications/Xcode_26.2.app/Contents/Developer/Platforms/iPhoneSimulator.platform/Developer/SDKs/iPhoneSimulator26.2.sdk/Library/Frameworks"
2026-04-22T16:43:39.6174950Z ignoring duplicate directory "/Users/runner/work/tcm-storage-ios/tcm-storage-ios/build/Build/Products/Debug-iphonesimulator/PackageFrameworks"
2026-04-22T16:43:39.6176240Z ignoring duplicate directory "/Users/runner/work/tcm-storage-ios/tcm-storage-ios/build/Build/Products/Debug-iphonesimulator/PackageFrameworks"
2026-04-22T16:43:39.6177010Z ignoring duplicate directory "/Users/runner/work/tcm-storage-ios/tcm-storage-ios/build/Build/Products/Debug-iphonesimulator/PackageFrameworks"
2026-04-22T16:43:39.6177770Z ignoring duplicate directory "/Users/runner/work/tcm-storage-ios/tcm-storage-ios/build/Build/Products/Debug-iphonesimulator/PackageFrameworks"
2026-04-22T16:43:39.6178590Z ignoring duplicate directory "/Users/runner/work/tcm-storage-ios/tcm-storage-ios/build/Build/Products/Debug-iphonesimulator/PackageFrameworks"
2026-04-22T16:43:39.6181000Z ignoring duplicate directory "/Users/runner/work/tcm-storage-ios/tcm-storage-ios/build/Build/Products/Debug-iphonesimulator/PackageFrameworks"
2026-04-22T16:43:39.6182290Z ignoring duplicate directory "/Users/runner/work/tcm-storage-ios/tcm-storage-ios/build/Build/Products/Debug-iphonesimulator/PackageFrameworks"
2026-04-22T16:43:39.6183750Z ignoring duplicate directory "/Users/runner/work/tcm-storage-ios/tcm-storage-ios/build/Build/Products/Debug-iphonesimulator/PackageFrameworks"
2026-04-22T16:43:39.6185810Z ignoring duplicate directory "/Users/runner/work/tcm-storage-ios/tcm-storage-ios/build/Build/Products/Debug-iphonesimulator/PackageFrameworks"
2026-04-22T16:43:39.6188160Z ignoring duplicate directory "/Users/runner/work/tcm-storage-ios/tcm-storage-ios/build/Build/Products/Debug-iphonesimulator/PackageFrameworks"
2026-04-22T16:43:39.6188990Z ignoring duplicate directory "/Users/runner/work/tcm-storage-ios/tcm-storage-ios/build/Build/Products/Debug-iphonesimulator/PackageFrameworks"
2026-04-22T16:43:39.6189990Z ignoring duplicate directory "/Users/runner/work/tcm-storage-ios/tcm-storage-ios/build/Build/Products/Debug-iphonesimulator/PackageFrameworks"
2026-04-22T16:43:39.6191160Z ignoring duplicate directory "/Users/runner/work/tcm-storage-ios/tcm-storage-ios/build/Build/Products/Debug-iphonesimulator/PackageFrameworks"
2026-04-22T16:43:39.6192110Z ignoring duplicate directory "/Users/runner/work/tcm-storage-ios/tcm-storage-ios/build/Build/Products/Debug-iphonesimulator/PackageFrameworks"
2026-04-22T16:43:39.6193080Z ignoring duplicate directory "/Users/runner/work/tcm-storage-ios/tcm-storage-ios/build/Build/Products/Debug-iphonesimulator/PackageFrameworks"
2026-04-22T16:43:39.6242110Z ignoring duplicate directory "/Users/runner/work/tcm-storage-ios/tcm-storage-ios/build/Build/Products/Debug-iphonesimulator/PackageFrameworks"
2026-04-22T16:43:39.6243190Z ignoring duplicate directory "/Users/runner/work/tcm-storage-ios/tcm-storage-ios/build/Build/Products/Debug-iphonesimulator/PackageFrameworks"
2026-04-22T16:43:39.6246710Z ignoring duplicate directory "/Users/runner/work/tcm-storage-ios/tcm-storage-ios/build/Build/Products/Debug-iphonesimulator/PackageFrameworks"
2026-04-22T16:43:39.6247960Z ignoring duplicate directory "/Users/runner/work/tcm-storage-ios/tcm-storage-ios/build/Build/Products/Debug-iphonesimulator/PackageFrameworks"
2026-04-22T16:43:39.6249040Z ignoring duplicate directory "/Users/runner/work/tcm-storage-ios/tcm-storage-ios/build/Build/Products/Debug-iphonesimulator/PackageFrameworks"
2026-04-22T16:43:39.6251040Z ignoring duplicate directory "/Users/runner/work/tcm-storage-ios/tcm-storage-ios/build/Build/Products/Debug-iphonesimulator/PackageFrameworks"
2026-04-22T16:43:39.6251780Z ignoring duplicate directory "/Users/runner/work/tcm-storage-ios/tcm-storage-ios/build/Build/Products/Debug-iphonesimulator/PackageFrameworks"
2026-04-22T16:43:39.6252500Z ignoring duplicate directory "/Users/runner/work/tcm-storage-ios/tcm-storage-ios/build/Build/Products/Debug-iphonesimulator/PackageFrameworks"
2026-04-22T16:43:39.6253240Z ignoring duplicate directory "/Users/runner/work/tcm-storage-ios/tcm-storage-ios/build/Build/Products/Debug-iphonesimulator/PackageFrameworks"
2026-04-22T16:43:39.6254080Z ignoring duplicate directory "/Users/runner/work/tcm-storage-ios/tcm-storage-ios/build/Build/Products/Debug-iphonesimulator/PackageFrameworks"
2026-04-22T16:43:39.6256480Z ignoring duplicate directory "/Users/runner/work/tcm-storage-ios/tcm-storage-ios/build/Build/Products/Debug-iphonesimulator/PackageFrameworks"
2026-04-22T16:43:39.6257220Z ignoring duplicate directory "/Users/runner/work/tcm-storage-ios/tcm-storage-ios/build/Build/Products/Debug-iphonesimulator/PackageFrameworks"
2026-04-22T16:43:39.6257980Z ignoring duplicate directory "/Users/runner/work/tcm-storage-ios/tcm-storage-ios/build/Build/Products/Debug-iphonesimulator/PackageFrameworks"
2026-04-22T16:43:39.6258730Z ignoring duplicate directory "/Users/runner/work/tcm-storage-ios/tcm-storage-ios/build/Build/Products/Debug-iphonesimulator/PackageFrameworks"
2026-04-22T16:43:39.6259450Z ignoring duplicate directory "/Users/runner/work/tcm-storage-ios/tcm-storage-ios/build/Build/Products/Debug-iphonesimulator/PackageFrameworks"
2026-04-22T16:43:39.6260170Z ignoring duplicate directory "/Users/runner/work/tcm-storage-ios/tcm-storage-ios/build/Build/Products/Debug-iphonesimulator/PackageFrameworks"
2026-04-22T16:43:39.6261230Z ignoring duplicate directory "/Users/runner/work/tcm-storage-ios/tcm-storage-ios/build/Build/Products/Debug-iphonesimulator/PackageFrameworks"
2026-04-22T16:43:39.6262050Z ignoring duplicate directory "/Users/runner/work/tcm-storage-ios/tcm-storage-ios/build/Build/Products/Debug-iphonesimulator/PackageFrameworks"
2026-04-22T16:43:39.6262880Z ignoring duplicate directory "/Users/runner/work/tcm-storage-ios/tcm-storage-ios/build/Build/Products/Debug-iphonesimulator/PackageFrameworks"
2026-04-22T16:43:39.6263480Z #include "..." search starts here:
2026-04-22T16:43:39.6264180Z  /Users/runner/work/tcm-storage-ios/tcm-storage-ios/build/Build/Intermediates.noindex/Nextcloud.build/Debug-iphonesimulator/Widget.build/Widget-generated-files.hmap (headermap)
2026-04-22T16:43:39.6333960Z  /Users/runner/work/tcm-storage-ios/tcm-storage-ios/build/Build/Intermediates.noindex/Nextcloud.build/Debug-iphonesimulator/Widget.build/Widget-project-headers.hmap (headermap)
2026-04-22T16:43:39.6334610Z #include <...> search starts here:
2026-04-22T16:43:39.6335210Z  /Users/runner/work/tcm-storage-ios/tcm-storage-ios/build/Build/Intermediates.noindex/Nextcloud.build/Debug-iphonesimulator/Widget.build/Widget-own-target-headers.hmap (headermap)
2026-04-22T16:43:39.6336230Z  /Users/runner/work/tcm-storage-ios/tcm-storage-ios/build/Build/Intermediates.noindex/Nextcloud.build/Debug-iphonesimulator/Widget.build/Widget-all-non-framework-target-headers.hmap (headermap)
2026-04-22T16:43:39.6337090Z  /Users/runner/work/tcm-storage-ios/tcm-storage-ios/build/SourcePackages/checkouts/swift-atomics/Sources/_AtomicsShims/include
2026-04-22T16:43:39.6337720Z  /Users/runner/work/tcm-storage-ios/tcm-storage-ios/build/SourcePackages/checkouts/swift-nio/Sources/CNIOPosix/include
2026-04-22T16:43:39.6338340Z  /Users/runner/work/tcm-storage-ios/tcm-storage-ios/build/SourcePackages/checkouts/swift-nio/Sources/CNIOWASI/include
2026-04-22T16:43:39.6338960Z  /Users/runner/work/tcm-storage-ios/tcm-storage-ios/build/SourcePackages/checkouts/swift-nio/Sources/CNIOWindows/include
2026-04-22T16:43:39.6339570Z  /Users/runner/work/tcm-storage-ios/tcm-storage-ios/build/SourcePackages/checkouts/swift-nio/Sources/CNIOLinux/include
2026-04-22T16:43:39.6340180Z  /Users/runner/work/tcm-storage-ios/tcm-storage-ios/build/SourcePackages/checkouts/swift-nio/Sources/CNIODarwin/include
2026-04-22T16:43:39.6340780Z  /Users/runner/work/tcm-storage-ios/tcm-storage-ios/build/SourcePackages/checkouts/swift-nio/Sources/CNIOOpenBSD/include
2026-04-22T16:43:39.6341400Z  /Users/runner/work/tcm-storage-ios/tcm-storage-ios/build/SourcePackages/checkouts/swift-nio/Sources/CNIOAtomics/include
2026-04-22T16:43:39.6342060Z  /Users/runner/work/tcm-storage-ios/tcm-storage-ios/build/SourcePackages/checkouts/swift-nio-ssl/Sources/CNIOBoringSSLShims/include
2026-04-22T16:43:39.6342740Z  /Users/runner/work/tcm-storage-ios/tcm-storage-ios/build/SourcePackages/checkouts/swift-nio-ssl/Sources/CNIOBoringSSL/include
2026-04-22T16:43:39.6347390Z  /Users/runner/work/tcm-storage-ios/tcm-storage-ios/build/SourcePackages/checkouts/realm-core/src
2026-04-22T16:43:39.6347950Z  /Users/runner/work/tcm-storage-ios/tcm-storage-ios/build/SourcePackages/checkouts/realm-core/src/external/s2
2026-04-22T16:43:39.6349020Z  /Users/runner/work/tcm-storage-ios/tcm-storage-ios/build/SourcePackages/checkouts/realm-core/src/external/IntelRDFPMathLib20U2/LIBRARY/src
2026-04-22T16:43:39.6349670Z  /Users/runner/work/tcm-storage-ios/tcm-storage-ios/build/SourcePackages/checkouts/realm-core/src/spm
2026-04-22T16:43:39.6350190Z  /Users/runner/work/tcm-storage-ios/tcm-storage-ios/build/SourcePackages/checkouts/realm-swift/include
2026-04-22T16:43:39.6350860Z  /Users/runner/work/tcm-storage-ios/tcm-storage-ios/build/Build/Intermediates.noindex/Nextcloud.build/Debug-iphonesimulator/Widget.build/DerivedSources
2026-04-22T16:43:39.6351630Z  /Users/runner/work/tcm-storage-ios/tcm-storage-ios/build/Build/Products/Debug-iphonesimulator/PackageFrameworks (framework directory)
2026-04-22T16:43:39.6352300Z  /Users/runner/work/tcm-storage-ios/tcm-storage-ios/build/Build/Products/Debug-iphonesimulator (framework directory)
2026-04-22T16:43:39.6353130Z  /Applications/Xcode_26.2.app/Contents/Developer/Platforms/iPhoneSimulator.platform/Developer/Library/Frameworks (framework directory)
2026-04-22T16:43:39.6353990Z  /Applications/Xcode_26.2.app/Contents/Developer/Platforms/iPhoneSimulator.platform/Developer/SDKs/iPhoneSimulator26.2.sdk/Developer/Library/Frameworks (framework directory)
2026-04-22T16:43:39.6354770Z  /Applications/Xcode_26.2.app/Contents/Developer/Toolchains/XcodeDefault.xctoolchain/usr/lib/clang/17/include
2026-04-22T16:43:39.6355430Z  /Applications/Xcode_26.2.app/Contents/Developer/Platforms/iPhoneSimulator.platform/Developer/SDKs/iPhoneSimulator26.2.sdk/usr/include
2026-04-22T16:43:39.6356030Z  /Applications/Xcode_26.2.app/Contents/Developer/Toolchains/XcodeDefault.xctoolchain/usr/include
2026-04-22T16:43:39.6356740Z  /Applications/Xcode_26.2.app/Contents/Developer/Platforms/iPhoneSimulator.platform/Developer/SDKs/iPhoneSimulator26.2.sdk/System/Library/Frameworks (framework directory)
2026-04-22T16:43:39.6357690Z  /Applications/Xcode_26.2.app/Contents/Developer/Platforms/iPhoneSimulator.platform/Developer/SDKs/iPhoneSimulator26.2.sdk/System/Library/SubFrameworks (framework directory)
2026-04-22T16:43:39.6358240Z End of search list.
2026-04-22T16:43:39.6358330Z 
2026-04-22T16:43:39.6358500Z             percent = Float(stillImageTime.value) / Float(videoAsset.duration.value)
2026-04-22T16:43:39.6358830Z                                                                      ^
2026-04-22T16:43:39.6358980Z 
2026-04-22T16:43:39.6358990Z 
2026-04-22T16:43:39.6358990Z 
2026-04-22T16:43:39.6359730Z ⚠️  /Users/runner/work/tcm-storage-ios/tcm-storage-ios/iOSClient/Utility/NCLivePhoto.swift:194:43: 'tracks(withMediaType:)' was deprecated in iOS 16.0: Use loadTracks(withMediaType:) instead
2026-04-22T16:43:39.6360270Z 
2026-04-22T16:43:39.6360440Z         guard let videoTrack = videoAsset.tracks(withMediaType: .video).first else {
2026-04-22T16:43:39.6360790Z                                           ^
2026-04-22T16:43:39.6360920Z 
2026-04-22T16:43:39.6360920Z 
2026-04-22T16:43:39.6360920Z 
2026-04-22T16:43:39.6361430Z ⚠️  /Users/runner/work/tcm-storage-ios/tcm-storage-ios/iOSClient/Utility/NCLivePhoto.swift:206:159: 'naturalSize' was deprecated in iOS 16.0: Use load(.naturalSize) instead
2026-04-22T16:43:39.6361930Z 
2026-04-22T16:43:39.6362550Z             let videoWriterInput = AVAssetWriterInput(mediaType: .video, outputSettings: [AVVideoCodecKey: AVVideoCodecType.h264, AVVideoWidthKey: videoTrack.naturalSize.width, AVVideoHeightKey: videoTrack.naturalSize.height])
2026-04-22T16:43:39.6367840Z                                                                                                                                                               ^
2026-04-22T16:43:39.6368100Z 
2026-04-22T16:43:39.6368100Z 
2026-04-22T16:43:39.6368430Z 
2026-04-22T16:43:39.6369030Z ⚠️  /Users/runner/work/tcm-storage-ios/tcm-storage-ios/iOSClient/Utility/NCLivePhoto.swift:206:207: 'naturalSize' was deprecated in iOS 16.0: Use load(.naturalSize) instead
2026-04-22T16:43:39.6369530Z 
2026-04-22T16:43:39.6370120Z             let videoWriterInput = AVAssetWriterInput(mediaType: .video, outputSettings: [AVVideoCodecKey: AVVideoCodecType.h264, AVVideoWidthKey: videoTrack.naturalSize.width, AVVideoHeightKey: videoTrack.naturalSize.height])
2026-04-22T16:43:39.6371000Z                                                                                                                                                                                                               ^
2026-04-22T16:43:39.6371290Z 
2026-04-22T16:43:39.6371290Z 
2026-04-22T16:43:39.6371290Z 
2026-04-22T16:43:39.6371820Z ⚠️  /Users/runner/work/tcm-storage-ios/tcm-storage-ios/iOSClient/Utility/NCLivePhoto.swift:207:53: 'preferredTransform' was deprecated in iOS 16.0: Use load(.preferredTransform) instead
2026-04-22T16:43:39.6372350Z 
2026-04-22T16:43:39.6372490Z             videoWriterInput.transform = videoTrack.preferredTransform
2026-04-22T16:43:39.6372760Z                                                     ^
2026-04-22T16:43:39.6372910Z 
2026-04-22T16:43:39.6373070Z 
2026-04-22T16:43:39.6373070Z 
2026-04-22T16:43:39.6373620Z ⚠️  /Users/runner/work/tcm-storage-ios/tcm-storage-ios/iOSClient/Utility/NCLivePhoto.swift:211:44: 'tracks(withMediaType:)' was deprecated in iOS 16.0: Use loadTracks(withMediaType:) instead
2026-04-22T16:43:39.6374150Z 
2026-04-22T16:43:39.6374290Z             if let audioTrack = videoAsset.tracks(withMediaType: .audio).first {
2026-04-22T16:43:39.6374580Z                                            ^
2026-04-22T16:43:39.6374710Z 
2026-04-22T16:43:39.6374710Z 
2026-04-22T16:43:39.6374710Z 
2026-04-22T16:43:39.6375250Z ⚠️  /Users/runner/work/tcm-storage-ios/tcm-storage-ios/iOSClient/Utility/NCLivePhoto.swift:343:38: 'tracks(withMediaType:)' was deprecated in iOS 16.0: Use loadTracks(withMediaType:) instead
2026-04-22T16:43:39.6375790Z 
2026-04-22T16:43:39.6375910Z             if let videoTrack = self.tracks(withMediaType: .video).first {
2026-04-22T16:43:39.6376180Z                                      ^
2026-04-22T16:43:39.6376310Z 
2026-04-22T16:43:39.6376310Z 
2026-04-22T16:43:39.6376310Z 
2026-04-22T16:43:39.6376780Z ⚠️  /Users/runner/work/tcm-storage-ios/tcm-storage-ios/iOSClient/Utility/NCLivePhoto.swift:345:56: 'duration' was deprecated in iOS 16.0: Use load(.duration) instead
2026-04-22T16:43:39.6377250Z 
2026-04-22T16:43:39.6377520Z                 frameCount = Int(CMTimeGetSeconds(self.duration) * Float64(videoTrack.nominalFrameRate))
2026-04-22T16:43:39.6377960Z                                                        ^
2026-04-22T16:43:39.6378110Z 
2026-04-22T16:43:39.6378110Z 
2026-04-22T16:43:39.6378110Z 
2026-04-22T16:43:39.6378660Z ⚠️  /Users/runner/work/tcm-storage-ios/tcm-storage-ios/iOSClient/Utility/NCLivePhoto.swift:345:87: 'nominalFrameRate' was deprecated in iOS 16.0: Use load(.nominalFrameRate) instead
2026-04-22T16:43:39.6399520Z 
2026-04-22T16:43:39.6399780Z                 frameCount = Int(CMTimeGetSeconds(self.duration) * Float64(videoTrack.nominalFrameRate))
2026-04-22T16:43:39.6400190Z                                                                                       ^
2026-04-22T16:43:39.6400360Z 
2026-04-22T16:43:39.6400370Z 
2026-04-22T16:43:39.6400370Z 
2026-04-22T16:43:39.6401050Z ⚠️  /Users/runner/work/tcm-storage-ios/tcm-storage-ios/iOSClient/Utility/NCLivePhoto.swift:380:41: 'tracks(withMediaType:)' was deprecated in iOS 16.0: Use loadTracks(withMediaType:) instead
2026-04-22T16:43:39.6401570Z 
2026-04-22T16:43:39.6401710Z             if let metadataTrack = self.tracks(withMediaType: .metadata).first {
2026-04-22T16:43:39.6401990Z                                         ^
2026-04-22T16:43:39.6402110Z 
2026-04-22T16:43:39.6402110Z 
2026-04-22T16:43:39.6402110Z 
2026-04-22T16:43:39.6402570Z ⚠️  /Users/runner/work/tcm-storage-ios/tcm-storage-ios/iOSClient/Utility/NCLivePhoto.swift:421:25: 'duration' was deprecated in iOS 16.0: Use load(.duration) instead
2026-04-22T16:43:39.6403300Z 
2026-04-22T16:43:39.6403360Z         var time = self.duration
2026-04-22T16:43:39.6403550Z                         ^
2026-04-22T16:43:39.6403650Z 
2026-04-22T16:43:39.6403650Z 
2026-04-22T16:43:39.6403660Z 
2026-04-22T16:43:39.6404140Z ⚠️  /Users/runner/work/tcm-storage-ios/tcm-storage-ios/iOSClient/Utility/NCLivePhoto.swift:446:25: 'duration' was deprecated in iOS 16.0: Use load(.duration) instead
2026-04-22T16:43:39.6404600Z 
2026-04-22T16:43:39.6404650Z         var time = self.duration
2026-04-22T16:43:39.6404810Z                         ^
2026-04-22T16:43:39.6404900Z 
2026-04-22T16:43:39.6404900Z 
2026-04-22T16:43:39.6404900Z 
2026-04-22T16:43:39.6405530Z ⚠️  /Users/runner/work/tcm-storage-ios/tcm-storage-ios/iOSClient/Main/Collection Common/Cell/NCListCell.swift:109:22: 'imageEdgeInsets' was deprecated in iOS 15.0: This property is ignored when using UIButtonConfiguration
2026-04-22T16:43:39.6406130Z 
2026-04-22T16:43:39.6406210Z         buttonShared.imageEdgeInsets = .zero
2026-04-22T16:43:39.6406400Z                      ^
2026-04-22T16:43:39.6406490Z 
2026-04-22T16:43:39.6406490Z 
2026-04-22T16:43:39.6406490Z 
2026-04-22T16:43:39.6407480Z ⚠️  /Users/runner/work/tcm-storage-ios/tcm-storage-ios/iOSClient/Main/Collection Common/Cell/NCListCell.swift:183:22: 'imageEdgeInsets' was deprecated in iOS 15.0: This property is ignored when using UIButtonConfiguration
2026-04-22T16:43:39.6408110Z 
2026-04-22T16:43:39.6408290Z         buttonShared.imageEdgeInsets = UIEdgeInsets(top: 4, left: 4, bottom: 4, right: 4)
2026-04-22T16:43:39.6408590Z                      ^
2026-04-22T16:43:39.6410620Z 
2026-04-22T16:43:39.6410630Z 
2026-04-22T16:43:47.7976630Z 
2026-04-22T16:43:47.8084570Z ⚠️  /Users/runner/work/tcm-storage-ios/tcm-storage-ios/Share/NCShareExtension.swift:171:15: 'traitCollectionDidChange' was deprecated in iOS 17.0: Use the trait change registration APIs declared in the UITraitChangeObservable protocol
2026-04-22T16:43:47.8219720Z 
2026-04-22T16:43:47.8334400Z         super.traitCollectionDidChange(previousTraitCollection)
2026-04-22T16:43:47.8442590Z               ^
2026-04-22T16:43:47.8545260Z 
2026-04-22T16:43:47.8662430Z 
2026-04-22T16:43:51.7783600Z Apple clang version 17.0.0 (clang-1700.6.3.2)
2026-04-22T16:43:51.7883780Z Target: arm64-apple-ios17.0-simulator
2026-04-22T16:43:51.7986930Z Thread model: posix
2026-04-22T16:43:51.8092110Z InstalledDir: /Applications/Xcode_26.2.app/Contents/Developer/Toolchains/XcodeDefault.xctoolchain/usr/bin
2026-04-22T16:43:51.8192440Z clang -cc1 version 17.0.0 (clang-1700.6.3.2) default target arm64-apple-darwin24.6.0
2026-04-22T16:43:51.8293910Z ignoring nonexistent directory "/Users/runner/work/tcm-storage-ios/tcm-storage-ios/build/Build/Products/Debug-iphonesimulator/include"
2026-04-22T16:43:51.8395670Z ignoring nonexistent directory "/Users/runner/work/tcm-storage-ios/tcm-storage-ios/build/Build/Intermediates.noindex/Nextcloud.build/Debug-iphonesimulator/Share.build/DerivedSources-normal/arm64"
2026-04-22T16:43:51.8498060Z ignoring nonexistent directory "/Users/runner/work/tcm-storage-ios/tcm-storage-ios/build/Build/Intermediates.noindex/Nextcloud.build/Debug-iphonesimulator/Share.build/DerivedSources/arm64"
2026-04-22T16:43:51.8600160Z ignoring nonexistent directory "/Applications/Xcode_26.2.app/Contents/Developer/Platforms/iPhoneSimulator.platform/Developer/SDKs/iPhoneSimulator26.2.sdk/usr/local/include"
2026-04-22T16:43:51.8700880Z ignoring nonexistent directory "/Applications/Xcode_26.2.app/Contents/Developer/Platforms/iPhoneSimulator.platform/Developer/SDKs/iPhoneSimulator26.2.sdk/Library/Frameworks"
2026-04-22T16:43:51.8804400Z ignoring duplicate directory "/Users/runner/work/tcm-storage-ios/tcm-storage-ios/build/Build/Products/Debug-iphonesimulator/PackageFrameworks"
2026-04-22T16:43:51.8906510Z ignoring duplicate directory "/Users/runner/work/tcm-storage-ios/tcm-storage-ios/build/Build/Products/Debug-iphonesimulator/PackageFrameworks"
2026-04-22T16:43:51.8976720Z ignoring duplicate directory "/Users/runner/work/tcm-storage-ios/tcm-storage-ios/build/Build/Products/Debug-iphonesimulator/PackageFrameworks"
2026-04-22T16:43:51.9004370Z ignoring duplicate directory "/Users/runner/work/tcm-storage-ios/tcm-storage-ios/build/Build/Products/Debug-iphonesimulator/PackageFrameworks"
2026-04-22T16:43:51.9019850Z ignoring duplicate directory "/Users/runner/work/tcm-storage-ios/tcm-storage-ios/build/Build/Products/Debug-iphonesimulator/PackageFrameworks"
2026-04-22T16:43:51.9026850Z ignoring duplicate directory "/Users/runner/work/tcm-storage-ios/tcm-storage-ios/build/Build/Products/Debug-iphonesimulator/PackageFrameworks"
2026-04-22T16:43:51.9072740Z ignoring duplicate directory "/Users/runner/work/tcm-storage-ios/tcm-storage-ios/build/Build/Products/Debug-iphonesimulator/PackageFrameworks"
2026-04-22T16:43:51.9079310Z ignoring duplicate directory "/Users/runner/work/tcm-storage-ios/tcm-storage-ios/build/Build/Products/Debug-iphonesimulator/PackageFrameworks"
2026-04-22T16:43:51.9084830Z ignoring duplicate directory "/Users/runner/work/tcm-storage-ios/tcm-storage-ios/build/Build/Products/Debug-iphonesimulator/PackageFrameworks"
2026-04-22T16:43:51.9128910Z ignoring duplicate directory "/Users/runner/work/tcm-storage-ios/tcm-storage-ios/build/Build/Products/Debug-iphonesimulator/PackageFrameworks"
2026-04-22T16:43:51.9129930Z ignoring duplicate directory "/Users/runner/work/tcm-storage-ios/tcm-storage-ios/build/Build/Products/Debug-iphonesimulator/PackageFrameworks"
2026-04-22T16:43:51.9197150Z ignoring duplicate directory "/Users/runner/work/tcm-storage-ios/tcm-storage-ios/build/Build/Products/Debug-iphonesimulator/PackageFrameworks"
2026-04-22T16:43:51.9240700Z ignoring duplicate directory "/Users/runner/work/tcm-storage-ios/tcm-storage-ios/build/Build/Products/Debug-iphonesimulator/PackageFrameworks"
2026-04-22T16:43:51.9250050Z ignoring duplicate directory "/Users/runner/work/tcm-storage-ios/tcm-storage-ios/build/Build/Products/Debug-iphonesimulator/PackageFrameworks"
2026-04-22T16:43:51.9351620Z ignoring duplicate directory "/Users/runner/work/tcm-storage-ios/tcm-storage-ios/build/Build/Products/Debug-iphonesimulator/PackageFrameworks"
2026-04-22T16:43:51.9462090Z ignoring duplicate directory "/Users/runner/work/tcm-storage-ios/tcm-storage-ios/build/Build/Products/Debug-iphonesimulator/PackageFrameworks"
2026-04-22T16:43:51.9563720Z ignoring duplicate directory "/Users/runner/work/tcm-storage-ios/tcm-storage-ios/build/Build/Products/Debug-iphonesimulator/PackageFrameworks"
2026-04-22T16:43:51.9671620Z ignoring duplicate directory "/Users/runner/work/tcm-storage-ios/tcm-storage-ios/build/Build/Products/Debug-iphonesimulator/PackageFrameworks"
2026-04-22T16:43:51.9790480Z ignoring duplicate directory "/Users/runner/work/tcm-storage-ios/tcm-storage-ios/build/Build/Products/Debug-iphonesimulator/PackageFrameworks"
2026-04-22T16:43:51.9907350Z ignoring duplicate directory "/Users/runner/work/tcm-storage-ios/tcm-storage-ios/build/Build/Products/Debug-iphonesimulator/PackageFrameworks"
2026-04-22T16:43:52.0010580Z ignoring duplicate directory "/Users/runner/work/tcm-storage-ios/tcm-storage-ios/build/Build/Products/Debug-iphonesimulator/PackageFrameworks"
2026-04-22T16:43:52.0112100Z ignoring duplicate directory "/Users/runner/work/tcm-storage-ios/tcm-storage-ios/build/Build/Products/Debug-iphonesimulator/PackageFrameworks"
2026-04-22T16:43:52.0215280Z ignoring duplicate directory "/Users/runner/work/tcm-storage-ios/tcm-storage-ios/build/Build/Products/Debug-iphonesimulator/PackageFrameworks"
2026-04-22T16:43:52.0318410Z ignoring duplicate directory "/Users/runner/work/tcm-storage-ios/tcm-storage-ios/build/Build/Products/Debug-iphonesimulator/PackageFrameworks"
2026-04-22T16:43:52.0418940Z ignoring duplicate directory "/Users/runner/work/tcm-storage-ios/tcm-storage-ios/build/Build/Products/Debug-iphonesimulator/PackageFrameworks"
2026-04-22T16:43:52.0521530Z ignoring duplicate directory "/Users/runner/work/tcm-storage-ios/tcm-storage-ios/build/Build/Products/Debug-iphonesimulator/PackageFrameworks"
2026-04-22T16:43:52.0623530Z ignoring duplicate directory "/Users/runner/work/tcm-storage-ios/tcm-storage-ios/build/Build/Products/Debug-iphonesimulator/PackageFrameworks"
2026-04-22T16:43:52.0726720Z ignoring duplicate directory "/Users/runner/work/tcm-storage-ios/tcm-storage-ios/build/Build/Products/Debug-iphonesimulator/PackageFrameworks"
2026-04-22T16:43:52.0829260Z ignoring duplicate directory "/Users/runner/work/tcm-storage-ios/tcm-storage-ios/build/Build/Products/Debug-iphonesimulator/PackageFrameworks"
2026-04-22T16:43:52.0931670Z ignoring duplicate directory "/Users/runner/work/tcm-storage-ios/tcm-storage-ios/build/Build/Products/Debug-iphonesimulator/PackageFrameworks"
2026-04-22T16:43:52.1032340Z ignoring duplicate directory "/Users/runner/work/tcm-storage-ios/tcm-storage-ios/build/Build/Products/Debug-iphonesimulator/PackageFrameworks"
2026-04-22T16:43:52.1130820Z ignoring duplicate directory "/Users/runner/work/tcm-storage-ios/tcm-storage-ios/build/Build/Products/Debug-iphonesimulator/PackageFrameworks"
2026-04-22T16:43:52.1176160Z ignoring duplicate directory "/Users/runner/work/tcm-storage-ios/tcm-storage-ios/build/Build/Products/Debug-iphonesimulator/PackageFrameworks"
2026-04-22T16:43:52.1200680Z ignoring duplicate directory "/Users/runner/work/tcm-storage-ios/tcm-storage-ios/build/Build/Products/Debug-iphonesimulator/PackageFrameworks"
2026-04-22T16:43:52.1220720Z ignoring duplicate directory "/Users/runner/work/tcm-storage-ios/tcm-storage-ios/build/Build/Products/Debug-iphonesimulator/PackageFrameworks"
2026-04-22T16:43:52.1221880Z ignoring duplicate directory "/Users/runner/work/tcm-storage-ios/tcm-storage-ios/build/Build/Products/Debug-iphonesimulator/PackageFrameworks"
2026-04-22T16:43:52.1222830Z ignoring duplicate directory "/Users/runner/work/tcm-storage-ios/tcm-storage-ios/build/Build/Products/Debug-iphonesimulator/PackageFrameworks"
2026-04-22T16:43:52.1223960Z ignoring duplicate directory "/Users/runner/work/tcm-storage-ios/tcm-storage-ios/build/Build/Products/Debug-iphonesimulator/PackageFrameworks"
2026-04-22T16:43:52.1225280Z ignoring duplicate directory "/Users/runner/work/tcm-storage-ios/tcm-storage-ios/build/Build/Products/Debug-iphonesimulator/PackageFrameworks"
2026-04-22T16:43:52.1226460Z ignoring duplicate directory "/Users/runner/work/tcm-storage-ios/tcm-storage-ios/build/Build/Products/Debug-iphonesimulator/PackageFrameworks"
2026-04-22T16:43:52.1227190Z #include "..." search starts here:
2026-04-22T16:43:52.1227920Z  /Users/runner/work/tcm-storage-ios/tcm-storage-ios/build/Build/Intermediates.noindex/Nextcloud.build/Debug-iphonesimulator/Share.build/Share-generated-files.hmap (headermap)
2026-04-22T16:43:52.1228960Z  /Users/runner/work/tcm-storage-ios/tcm-storage-ios/build/Build/Intermediates.noindex/Nextcloud.build/Debug-iphonesimulator/Share.build/Share-project-headers.hmap (headermap)
2026-04-22T16:43:52.1229740Z #include <...> search starts here:
2026-04-22T16:43:52.1230500Z  /Users/runner/work/tcm-storage-ios/tcm-storage-ios/build/Build/Intermediates.noindex/Nextcloud.build/Debug-iphonesimulator/Share.build/Share-own-target-headers.hmap (headermap)
2026-04-22T16:43:52.1231580Z  /Users/runner/work/tcm-storage-ios/tcm-storage-ios/build/Build/Intermediates.noindex/Nextcloud.build/Debug-iphonesimulator/Share.build/Share-all-non-framework-target-headers.hmap (headermap)
2026-04-22T16:43:52.1232600Z  /Users/runner/work/tcm-storage-ios/tcm-storage-ios/build/SourcePackages/checkouts/realm-core/src
2026-04-22T16:43:52.1233290Z  /Users/runner/work/tcm-storage-ios/tcm-storage-ios/build/SourcePackages/checkouts/realm-core/src/external/s2
2026-04-22T16:43:52.1234880Z  /Users/runner/work/tcm-storage-ios/tcm-storage-ios/build/SourcePackages/checkouts/realm-core/src/external/IntelRDFPMathLib20U2/LIBRARY/src
2026-04-22T16:43:52.1235730Z  /Users/runner/work/tcm-storage-ios/tcm-storage-ios/build/SourcePackages/checkouts/realm-core/src/spm
2026-04-22T16:43:52.1236400Z  /Users/runner/work/tcm-storage-ios/tcm-storage-ios/build/SourcePackages/checkouts/realm-swift/include
2026-04-22T16:43:52.1237490Z  /Users/runner/work/tcm-storage-ios/tcm-storage-ios/build/SourcePackages/checkouts/swift-atomics/Sources/_AtomicsShims/include
2026-04-22T16:43:52.1238300Z  /Users/runner/work/tcm-storage-ios/tcm-storage-ios/build/SourcePackages/checkouts/swift-nio/Sources/CNIOPosix/include
2026-04-22T16:43:52.1257990Z  /Users/runner/work/tcm-storage-ios/tcm-storage-ios/build/SourcePackages/checkouts/swift-nio/Sources/CNIOWASI/include
2026-04-22T16:43:52.1267650Z  /Users/runner/work/tcm-storage-ios/tcm-storage-ios/build/SourcePackages/checkouts/swift-nio/Sources/CNIOWindows/include
2026-04-22T16:43:52.1284750Z  /Users/runner/work/tcm-storage-ios/tcm-storage-ios/build/SourcePackages/checkouts/swift-nio/Sources/CNIOLinux/include
2026-04-22T16:43:52.1285660Z  /Users/runner/work/tcm-storage-ios/tcm-storage-ios/build/SourcePackages/checkouts/swift-nio/Sources/CNIODarwin/include
2026-04-22T16:43:52.1286590Z  /Users/runner/work/tcm-storage-ios/tcm-storage-ios/build/SourcePackages/checkouts/swift-nio/Sources/CNIOOpenBSD/include
2026-04-22T16:43:52.1287380Z  /Users/runner/work/tcm-storage-ios/tcm-storage-ios/build/SourcePackages/checkouts/swift-nio/Sources/CNIOAtomics/include
2026-04-22T16:43:52.1288440Z  /Users/runner/work/tcm-storage-ios/tcm-storage-ios/build/SourcePackages/checkouts/swift-nio-ssl/Sources/CNIOBoringSSLShims/include
2026-04-22T16:43:52.1289360Z  /Users/runner/work/tcm-storage-ios/tcm-storage-ios/build/SourcePackages/checkouts/swift-nio-ssl/Sources/CNIOBoringSSL/include
2026-04-22T16:43:52.1290290Z  /Users/runner/work/tcm-storage-ios/tcm-storage-ios/build/SourcePackages/checkouts/GzipSwift/Sources/system-zlib/include
2026-04-22T16:43:52.1291590Z  /Users/runner/work/tcm-storage-ios/tcm-storage-ios/build/Build/Intermediates.noindex/Nextcloud.build/Debug-iphonesimulator/Share.build/DerivedSources
2026-04-22T16:43:52.1292710Z  /Users/runner/work/tcm-storage-ios/tcm-storage-ios/build/Build/Products/Debug-iphonesimulator/PackageFrameworks (framework directory)
2026-04-22T16:43:52.1293920Z  /Users/runner/work/tcm-storage-ios/tcm-storage-ios/build/Build/Products/Debug-iphonesimulator (framework directory)
2026-04-22T16:43:52.1294770Z  /Applications/Xcode_26.2.app/Contents/Developer/Platforms/iPhoneSimulator.platform/Developer/Library/Frameworks (framework directory)
2026-04-22T16:43:52.1295810Z  /Applications/Xcode_26.2.app/Contents/Developer/Platforms/iPhoneSimulator.platform/Developer/SDKs/iPhoneSimulator26.2.sdk/Developer/Library/Frameworks (framework directory)
2026-04-22T16:43:52.1296720Z  /Applications/Xcode_26.2.app/Contents/Developer/Toolchains/XcodeDefault.xctoolchain/usr/lib/clang/17/include
2026-04-22T16:43:52.1297520Z  /Applications/Xcode_26.2.app/Contents/Developer/Platforms/iPhoneSimulator.platform/Developer/SDKs/iPhoneSimulator26.2.sdk/usr/include
2026-04-22T16:43:52.1298370Z  /Applications/Xcode_26.2.app/Contents/Developer/Toolchains/XcodeDefault.xctoolchain/usr/include
2026-04-22T16:43:52.1299870Z  /Applications/Xcode_26.2.app/Contents/Developer/Platforms/iPhoneSimulator.platform/Developer/SDKs/iPhoneSimulator26.2.sdk/System/Library/Frameworks (framework directory)
2026-04-22T16:43:52.1300960Z  /Applications/Xcode_26.2.app/Contents/Developer/Platforms/iPhoneSimulator.platform/Developer/SDKs/iPhoneSimulator26.2.sdk/System/Library/SubFrameworks (framework directory)
2026-04-22T16:43:52.1301740Z End of search list.
2026-04-22T16:43:52.1302220Z clang -cc1 version 17.0.0 (clang-1700.6.3.2) default target arm64-apple-darwin24.6.0
2026-04-22T16:43:52.1302930Z ignoring nonexistent directory "/Users/runner/work/tcm-storage-ios/tcm-storage-ios/build/Build/Products/Debug-iphonesimulator/include"
2026-04-22T16:43:52.1303950Z ignoring nonexistent directory "/Users/runner/work/tcm-storage-ios/tcm-storage-ios/build/Build/Intermediates.noindex/Nextcloud.build/Debug-iphonesimulator/Share.build/DerivedSources-normal/arm64"
2026-04-22T16:43:52.1306090Z ignoring nonexistent directory "/Users/runner/work/tcm-storage-ios/tcm-storage-ios/build/Build/Intermediates.noindex/Nextcloud.build/Debug-iphonesimulator/Share.build/DerivedSources/arm64"
2026-04-22T16:43:52.1307600Z ignoring nonexistent directory "/Applications/Xcode_26.2.app/Contents/Developer/Platforms/iPhoneSimulator.platform/Developer/SDKs/iPhoneSimulator26.2.sdk/usr/local/include"
2026-04-22T16:43:52.1309480Z ignoring nonexistent directory "/Applications/Xcode_26.2.app/Contents/Developer/Platforms/iPhoneSimulator.platform/Developer/SDKs/iPhoneSimulator26.2.sdk/Library/Frameworks"
2026-04-22T16:43:52.1313880Z ignoring duplicate directory "/Users/runner/work/tcm-storage-ios/tcm-storage-ios/build/Build/Products/Debug-iphonesimulator/PackageFrameworks"
2026-04-22T16:43:52.1314910Z ignoring duplicate directory "/Users/runner/work/tcm-storage-ios/tcm-storage-ios/build/Build/Products/Debug-iphonesimulator/PackageFrameworks"
2026-04-22T16:43:52.1316980Z ignoring duplicate directory "/Users/runner/work/tcm-storage-ios/tcm-storage-ios/build/Build/Products/Debug-iphonesimulator/PackageFrameworks"
2026-04-22T16:43:52.1318670Z ignoring duplicate directory "/Users/runner/work/tcm-storage-ios/tcm-storage-ios/build/Build/Products/Debug-iphonesimulator/PackageFrameworks"
2026-04-22T16:43:52.1323080Z ignoring duplicate directory "/Users/runner/work/tcm-storage-ios/tcm-storage-ios/build/Build/Products/Debug-iphonesimulator/PackageFrameworks"
2026-04-22T16:43:52.1324390Z ignoring duplicate directory "/Users/runner/work/tcm-storage-ios/tcm-storage-ios/build/Build/Products/Debug-iphonesimulator/PackageFrameworks"
2026-04-22T16:43:52.1325720Z ignoring duplicate directory "/Users/runner/work/tcm-storage-ios/tcm-storage-ios/build/Build/Products/Debug-iphonesimulator/PackageFrameworks"
2026-04-22T16:43:52.1344670Z ignoring duplicate directory "/Users/runner/work/tcm-storage-ios/tcm-storage-ios/build/Build/Products/Debug-iphonesimulator/PackageFrameworks"
2026-04-22T16:43:52.1349410Z ignoring duplicate directory "/Users/runner/work/tcm-storage-ios/tcm-storage-ios/build/Build/Products/Debug-iphonesimulator/PackageFrameworks"
2026-04-22T16:43:52.1380410Z ignoring duplicate directory "/Users/runner/work/tcm-storage-ios/tcm-storage-ios/build/Build/Products/Debug-iphonesimulator/PackageFrameworks"
2026-04-22T16:43:52.1386650Z ignoring duplicate directory "/Users/runner/work/tcm-storage-ios/tcm-storage-ios/build/Build/Products/Debug-iphonesimulator/PackageFrameworks"
2026-04-22T16:43:52.1391990Z ignoring duplicate directory "/Users/runner/work/tcm-storage-ios/tcm-storage-ios/build/Build/Products/Debug-iphonesimulator/PackageFrameworks"
2026-04-22T16:43:52.1393020Z ignoring duplicate directory "/Users/runner/work/tcm-storage-ios/tcm-storage-ios/build/Build/Products/Debug-iphonesimulator/PackageFrameworks"
2026-04-22T16:43:52.1394010Z ignoring duplicate directory "/Users/runner/work/tcm-storage-ios/tcm-storage-ios/build/Build/Products/Debug-iphonesimulator/PackageFrameworks"
2026-04-22T16:43:52.1394900Z ignoring duplicate directory "/Users/runner/work/tcm-storage-ios/tcm-storage-ios/build/Build/Products/Debug-iphonesimulator/PackageFrameworks"
2026-04-22T16:43:52.1395950Z ignoring duplicate directory "/Users/runner/work/tcm-storage-ios/tcm-storage-ios/build/Build/Products/Debug-iphonesimulator/PackageFrameworks"
2026-04-22T16:43:52.1396930Z ignoring duplicate directory "/Users/runner/work/tcm-storage-ios/tcm-storage-ios/build/Build/Products/Debug-iphonesimulator/PackageFrameworks"
2026-04-22T16:43:52.1397820Z ignoring duplicate directory "/Users/runner/work/tcm-storage-ios/tcm-storage-ios/build/Build/Products/Debug-iphonesimulator/PackageFrameworks"
2026-04-22T16:43:52.1398700Z ignoring duplicate directory "/Users/runner/work/tcm-storage-ios/tcm-storage-ios/build/Build/Products/Debug-iphonesimulator/PackageFrameworks"
2026-04-22T16:43:52.1399670Z ignoring duplicate directory "/Users/runner/work/tcm-storage-ios/tcm-storage-ios/build/Build/Products/Debug-iphonesimulator/PackageFrameworks"
2026-04-22T16:43:52.1400580Z ignoring duplicate directory "/Users/runner/work/tcm-storage-ios/tcm-storage-ios/build/Build/Products/Debug-iphonesimulator/PackageFrameworks"
2026-04-22T16:43:52.1401530Z ignoring duplicate directory "/Users/runner/work/tcm-storage-ios/tcm-storage-ios/build/Build/Products/Debug-iphonesimulator/PackageFrameworks"
2026-04-22T16:43:52.1402720Z ignoring duplicate directory "/Users/runner/work/tcm-storage-ios/tcm-storage-ios/build/Build/Products/Debug-iphonesimulator/PackageFrameworks"
2026-04-22T16:43:52.1403630Z ignoring duplicate directory "/Users/runner/work/tcm-storage-ios/tcm-storage-ios/build/Build/Products/Debug-iphonesimulator/PackageFrameworks"
2026-04-22T16:43:52.1404580Z ignoring duplicate directory "/Users/runner/work/tcm-storage-ios/tcm-storage-ios/build/Build/Products/Debug-iphonesimulator/PackageFrameworks"
2026-04-22T16:43:52.1405470Z ignoring duplicate directory "/Users/runner/work/tcm-storage-ios/tcm-storage-ios/build/Build/Products/Debug-iphonesimulator/PackageFrameworks"
2026-04-22T16:43:52.1406390Z ignoring duplicate directory "/Users/runner/work/tcm-storage-ios/tcm-storage-ios/build/Build/Products/Debug-iphonesimulator/PackageFrameworks"
2026-04-22T16:43:52.1408190Z ignoring duplicate directory "/Users/runner/work/tcm-storage-ios/tcm-storage-ios/build/Build/Products/Debug-iphonesimulator/PackageFrameworks"
2026-04-22T16:43:52.1409280Z ignoring duplicate directory "/Users/runner/work/tcm-storage-ios/tcm-storage-ios/build/Build/Products/Debug-iphonesimulator/PackageFrameworks"
2026-04-22T16:43:52.1410610Z ignoring duplicate directory "/Users/runner/work/tcm-storage-ios/tcm-storage-ios/build/Build/Products/Debug-iphonesimulator/PackageFrameworks"
2026-04-22T16:43:52.1411560Z ignoring duplicate directory "/Users/runner/work/tcm-storage-ios/tcm-storage-ios/build/Build/Products/Debug-iphonesimulator/PackageFrameworks"
2026-04-22T16:43:52.1412460Z ignoring duplicate directory "/Users/runner/work/tcm-storage-ios/tcm-storage-ios/build/Build/Products/Debug-iphonesimulator/PackageFrameworks"
2026-04-22T16:43:52.1413480Z ignoring duplicate directory "/Users/runner/work/tcm-storage-ios/tcm-storage-ios/build/Build/Products/Debug-iphonesimulator/PackageFrameworks"
2026-04-22T16:43:52.1414320Z ignoring duplicate directory "/Users/runner/work/tcm-storage-ios/tcm-storage-ios/build/Build/Products/Debug-iphonesimulator/PackageFrameworks"
2026-04-22T16:43:52.1415280Z ignoring duplicate directory "/Users/runner/work/tcm-storage-ios/tcm-storage-ios/build/Build/Products/Debug-iphonesimulator/PackageFrameworks"
2026-04-22T16:43:52.1416230Z ignoring duplicate directory "/Users/runner/work/tcm-storage-ios/tcm-storage-ios/build/Build/Products/Debug-iphonesimulator/PackageFrameworks"
2026-04-22T16:43:52.1418250Z ignoring duplicate directory "/Users/runner/work/tcm-storage-ios/tcm-storage-ios/build/Build/Products/Debug-iphonesimulator/PackageFrameworks"
2026-04-22T16:43:52.1419180Z ignoring duplicate directory "/Users/runner/work/tcm-storage-ios/tcm-storage-ios/build/Build/Products/Debug-iphonesimulator/PackageFrameworks"
2026-04-22T16:43:52.1420150Z ignoring duplicate directory "/Users/runner/work/tcm-storage-ios/tcm-storage-ios/build/Build/Products/Debug-iphonesimulator/PackageFrameworks"
2026-04-22T16:43:52.1421060Z ignoring duplicate directory "/Users/runner/work/tcm-storage-ios/tcm-storage-ios/build/Build/Products/Debug-iphonesimulator/PackageFrameworks"
2026-04-22T16:43:52.1421670Z #include "..." search starts here:
2026-04-22T16:43:52.1422450Z  /Users/runner/work/tcm-storage-ios/tcm-storage-ios/build/Build/Intermediates.noindex/Nextcloud.build/Debug-iphonesimulator/Share.build/Share-generated-files.hmap (headermap)
2026-04-22T16:43:52.1423590Z  /Users/runner/work/tcm-storage-ios/tcm-storage-ios/build/Build/Intermediates.noindex/Nextcloud.build/Debug-iphonesimulator/Share.build/Share-project-headers.hmap (headermap)
2026-04-22T16:43:52.1424350Z #include <...> search starts here:
2026-04-22T16:43:52.1425100Z  /Users/runner/work/tcm-storage-ios/tcm-storage-ios/build/Build/Intermediates.noindex/Nextcloud.build/Debug-iphonesimulator/Share.build/Share-own-target-headers.hmap (headermap)
2026-04-22T16:43:52.1426320Z  /Users/runner/work/tcm-storage-ios/tcm-storage-ios/build/Build/Intermediates.noindex/Nextcloud.build/Debug-iphonesimulator/Share.build/Share-all-non-framework-target-headers.hmap (headermap)
2026-04-22T16:43:52.1427450Z  /Users/runner/work/tcm-storage-ios/tcm-storage-ios/build/SourcePackages/checkouts/realm-core/src
2026-04-22T16:43:52.1428170Z  /Users/runner/work/tcm-storage-ios/tcm-storage-ios/build/SourcePackages/checkouts/realm-core/src/external/s2
2026-04-22T16:43:52.1428990Z  /Users/runner/work/tcm-storage-ios/tcm-storage-ios/build/SourcePackages/checkouts/realm-core/src/external/IntelRDFPMathLib20U2/LIBRARY/src
2026-04-22T16:43:52.1429780Z  /Users/runner/work/tcm-storage-ios/tcm-storage-ios/build/SourcePackages/checkouts/realm-core/src/spm
2026-04-22T16:43:52.1430490Z  /Users/runner/work/tcm-storage-ios/tcm-storage-ios/build/SourcePackages/checkouts/realm-swift/include
2026-04-22T16:43:52.1431220Z  /Users/runner/work/tcm-storage-ios/tcm-storage-ios/build/SourcePackages/checkouts/swift-atomics/Sources/_AtomicsShims/include
2026-04-22T16:43:52.1432050Z  /Users/runner/work/tcm-storage-ios/tcm-storage-ios/build/SourcePackages/checkouts/swift-nio/Sources/CNIOPosix/include
2026-04-22T16:43:52.1432890Z  /Users/runner/work/tcm-storage-ios/tcm-storage-ios/build/SourcePackages/checkouts/swift-nio/Sources/CNIOWASI/include
2026-04-22T16:43:52.1433990Z  /Users/runner/work/tcm-storage-ios/tcm-storage-ios/build/SourcePackages/checkouts/swift-nio/Sources/CNIOWindows/include
2026-04-22T16:43:52.1434870Z  /Users/runner/work/tcm-storage-ios/tcm-storage-ios/build/SourcePackages/checkouts/swift-nio/Sources/CNIOLinux/include
2026-04-22T16:43:52.1435790Z  /Users/runner/work/tcm-storage-ios/tcm-storage-ios/build/SourcePackages/checkouts/swift-nio/Sources/CNIODarwin/include
2026-04-22T16:43:52.1436580Z  /Users/runner/work/tcm-storage-ios/tcm-storage-ios/build/SourcePackages/checkouts/swift-nio/Sources/CNIOOpenBSD/include
2026-04-22T16:43:52.1437370Z  /Users/runner/work/tcm-storage-ios/tcm-storage-ios/build/SourcePackages/checkouts/swift-nio/Sources/CNIOAtomics/include
2026-04-22T16:43:52.1438150Z  /Users/runner/work/tcm-storage-ios/tcm-storage-ios/build/SourcePackages/checkouts/swift-nio-ssl/Sources/CNIOBoringSSLShims/include
2026-04-22T16:43:52.1439020Z  /Users/runner/work/tcm-storage-ios/tcm-storage-ios/build/SourcePackages/checkouts/swift-nio-ssl/Sources/CNIOBoringSSL/include
2026-04-22T16:43:52.1440780Z  /Users/runner/work/tcm-storage-ios/tcm-storage-ios/build/SourcePackages/checkouts/GzipSwift/Sources/system-zlib/include
2026-04-22T16:43:52.1441730Z  /Users/runner/work/tcm-storage-ios/tcm-storage-ios/build/Build/Intermediates.noindex/Nextcloud.build/Debug-iphonesimulator/Share.build/DerivedSources
2026-04-22T16:43:52.1442660Z  /Users/runner/work/tcm-storage-ios/tcm-storage-ios/build/Build/Products/Debug-iphonesimulator/PackageFrameworks (framework directory)
2026-04-22T16:43:52.1443470Z  /Users/runner/work/tcm-storage-ios/tcm-storage-ios/build/Build/Products/Debug-iphonesimulator (framework directory)
2026-04-22T16:43:52.1475540Z  /Applications/Xcode_26.2.app/Contents/Developer/Platforms/iPhoneSimulator.platform/Developer/Library/Frameworks (framework directory)
2026-04-22T16:43:52.1480680Z  /Applications/Xcode_26.2.app/Contents/Developer/Platforms/iPhoneSimulator.platform/Developer/SDKs/iPhoneSimulator26.2.sdk/Developer/Library/Frameworks (framework directory)
2026-04-22T16:43:52.1486860Z  /Applications/Xcode_26.2.app/Contents/Developer/Toolchains/XcodeDefault.xctoolchain/usr/lib/clang/17/include
2026-04-22T16:43:52.1487680Z  /Applications/Xcode_26.2.app/Contents/Developer/Platforms/iPhoneSimulator.platform/Developer/SDKs/iPhoneSimulator26.2.sdk/usr/include
2026-04-22T16:43:52.1488440Z  /Applications/Xcode_26.2.app/Contents/Developer/Toolchains/XcodeDefault.xctoolchain/usr/include
2026-04-22T16:43:52.1490580Z  /Applications/Xcode_26.2.app/Contents/Developer/Platforms/iPhoneSimulator.platform/Developer/SDKs/iPhoneSimulator26.2.sdk/System/Library/Frameworks (framework directory)
2026-04-22T16:43:52.1491960Z  /Applications/Xcode_26.2.app/Contents/Developer/Platforms/iPhoneSimulator.platform/Developer/SDKs/iPhoneSimulator26.2.sdk/System/Library/SubFrameworks (framework directory)
2026-04-22T16:43:52.1492940Z End of search list.
2026-04-22T16:43:52.1494680Z clang -cc1 version 17.0.0 (clang-1700.6.3.2) default target arm64-apple-darwin24.6.0
2026-04-22T16:43:52.1495390Z ignoring nonexistent directory "/Users/runner/work/tcm-storage-ios/tcm-storage-ios/build/Build/Products/Debug-iphonesimulator/include"
2026-04-22T16:43:52.1496480Z ignoring nonexistent directory "/Users/runner/work/tcm-storage-ios/tcm-storage-ios/build/Build/Intermediates.noindex/Nextcloud.build/Debug-iphonesimulator/Share.build/DerivedSources-normal/arm64"
2026-04-22T16:43:52.1498740Z ignoring nonexistent directory "/Users/runner/work/tcm-storage-ios/tcm-storage-ios/build/Build/Intermediates.noindex/Nextcloud.build/Debug-iphonesimulator/Share.build/DerivedSources/arm64"
2026-04-22T16:43:52.1499850Z ignoring nonexistent directory "/Applications/Xcode_26.2.app/Contents/Developer/Platforms/iPhoneSimulator.platform/Developer/SDKs/iPhoneSimulator26.2.sdk/usr/local/include"
2026-04-22T16:43:52.1500920Z ignoring nonexistent directory "/Applications/Xcode_26.2.app/Contents/Developer/Platforms/iPhoneSimulator.platform/Developer/SDKs/iPhoneSimulator26.2.sdk/Library/Frameworks"
2026-04-22T16:43:52.1502770Z ignoring duplicate directory "/Users/runner/work/tcm-storage-ios/tcm-storage-ios/build/Build/Products/Debug-iphonesimulator/PackageFrameworks"
2026-04-22T16:43:52.1503680Z ignoring duplicate directory "/Users/runner/work/tcm-storage-ios/tcm-storage-ios/build/Build/Products/Debug-iphonesimulator/PackageFrameworks"
2026-04-22T16:43:52.1504620Z ignoring duplicate directory "/Users/runner/work/tcm-storage-ios/tcm-storage-ios/build/Build/Products/Debug-iphonesimulator/PackageFrameworks"
2026-04-22T16:43:52.1506060Z ignoring duplicate directory "/Users/runner/work/tcm-storage-ios/tcm-storage-ios/build/Build/Products/Debug-iphonesimulator/PackageFrameworks"
2026-04-22T16:43:52.1507530Z ignoring duplicate directory "/Users/runner/work/tcm-storage-ios/tcm-storage-ios/build/Build/Products/Debug-iphonesimulator/PackageFrameworks"
2026-04-22T16:43:52.1508500Z ignoring duplicate directory "/Users/runner/work/tcm-storage-ios/tcm-storage-ios/build/Build/Products/Debug-iphonesimulator/PackageFrameworks"
2026-04-22T16:43:52.1510360Z ignoring duplicate directory "/Users/runner/work/tcm-storage-ios/tcm-storage-ios/build/Build/Products/Debug-iphonesimulator/PackageFrameworks"
2026-04-22T16:43:52.1567580Z ignoring duplicate directory "/Users/runner/work/tcm-storage-ios/tcm-storage-ios/build/Build/Products/Debug-iphonesimulator/PackageFrameworks"
2026-04-22T16:43:52.1568940Z ignoring duplicate directory "/Users/runner/work/tcm-storage-ios/tcm-storage-ios/build/Build/Products/Debug-iphonesimulator/PackageFrameworks"
2026-04-22T16:43:52.1570220Z ignoring duplicate directory "/Users/runner/work/tcm-storage-ios/tcm-storage-ios/build/Build/Products/Debug-iphonesimulator/PackageFrameworks"
2026-04-22T16:43:52.1571140Z ignoring duplicate directory "/Users/runner/work/tcm-storage-ios/tcm-storage-ios/build/Build/Products/Debug-iphonesimulator/PackageFrameworks"
2026-04-22T16:43:52.1572140Z ignoring duplicate directory "/Users/runner/work/tcm-storage-ios/tcm-storage-ios/build/Build/Products/Debug-iphonesimulator/PackageFrameworks"
2026-04-22T16:43:52.1577410Z ignoring duplicate directory "/Users/runner/work/tcm-storage-ios/tcm-storage-ios/build/Build/Products/Debug-iphonesimulator/PackageFrameworks"
2026-04-22T16:43:52.1578910Z ignoring duplicate directory "/Users/runner/work/tcm-storage-ios/tcm-storage-ios/build/Build/Products/Debug-iphonesimulator/PackageFrameworks"
2026-04-22T16:43:52.1581270Z ignoring duplicate directory "/Users/runner/work/tcm-storage-ios/tcm-storage-ios/build/Build/Products/Debug-iphonesimulator/PackageFrameworks"
2026-04-22T16:43:52.1585780Z ignoring duplicate directory "/Users/runner/work/tcm-storage-ios/tcm-storage-ios/build/Build/Products/Debug-iphonesimulator/PackageFrameworks"
2026-04-22T16:43:52.1586740Z ignoring duplicate directory "/Users/runner/work/tcm-storage-ios/tcm-storage-ios/build/Build/Products/Debug-iphonesimulator/PackageFrameworks"
2026-04-22T16:43:52.1587970Z ignoring duplicate directory "/Users/runner/work/tcm-storage-ios/tcm-storage-ios/build/Build/Products/Debug-iphonesimulator/PackageFrameworks"
2026-04-22T16:43:52.1590320Z ignoring duplicate directory "/Users/runner/work/tcm-storage-ios/tcm-storage-ios/build/Build/Products/Debug-iphonesimulator/PackageFrameworks"
2026-04-22T16:43:52.1591290Z ignoring duplicate directory "/Users/runner/work/tcm-storage-ios/tcm-storage-ios/build/Build/Products/Debug-iphonesimulator/PackageFrameworks"
2026-04-22T16:43:52.1592170Z ignoring duplicate directory "/Users/runner/work/tcm-storage-ios/tcm-storage-ios/build/Build/Products/Debug-iphonesimulator/PackageFrameworks"
2026-04-22T16:43:52.1593170Z ignoring duplicate directory "/Users/runner/work/tcm-storage-ios/tcm-storage-ios/build/Build/Products/Debug-iphonesimulator/PackageFrameworks"
2026-04-22T16:43:52.1594090Z ignoring duplicate directory "/Users/runner/work/tcm-storage-ios/tcm-storage-ios/build/Build/Products/Debug-iphonesimulator/PackageFrameworks"
2026-04-22T16:43:52.1594980Z ignoring duplicate directory "/Users/runner/work/tcm-storage-ios/tcm-storage-ios/build/Build/Products/Debug-iphonesimulator/PackageFrameworks"
2026-04-22T16:43:52.1596500Z ignoring duplicate directory "/Users/runner/work/tcm-storage-ios/tcm-storage-ios/build/Build/Products/Debug-iphonesimulator/PackageFrameworks"
2026-04-22T16:43:52.1597470Z ignoring duplicate directory "/Users/runner/work/tcm-storage-ios/tcm-storage-ios/build/Build/Products/Debug-iphonesimulator/PackageFrameworks"
2026-04-22T16:43:52.1598360Z ignoring duplicate directory "/Users/runner/work/tcm-storage-ios/tcm-storage-ios/build/Build/Products/Debug-iphonesimulator/PackageFrameworks"
2026-04-22T16:43:52.1599600Z ignoring duplicate directory "/Users/runner/work/tcm-storage-ios/tcm-storage-ios/build/Build/Products/Debug-iphonesimulator/PackageFrameworks"
2026-04-22T16:43:52.1600600Z ignoring duplicate directory "/Users/runner/work/tcm-storage-ios/tcm-storage-ios/build/Build/Products/Debug-iphonesimulator/PackageFrameworks"
2026-04-22T16:43:52.1601480Z ignoring duplicate directory "/Users/runner/work/tcm-storage-ios/tcm-storage-ios/build/Build/Products/Debug-iphonesimulator/PackageFrameworks"
2026-04-22T16:43:52.1602700Z ignoring duplicate directory "/Users/runner/work/tcm-storage-ios/tcm-storage-ios/build/Build/Products/Debug-iphonesimulator/PackageFrameworks"
2026-04-22T16:43:52.1603610Z ignoring duplicate directory "/Users/runner/work/tcm-storage-ios/tcm-storage-ios/build/Build/Products/Debug-iphonesimulator/PackageFrameworks"
2026-04-22T16:43:52.1604480Z ignoring duplicate directory "/Users/runner/work/tcm-storage-ios/tcm-storage-ios/build/Build/Products/Debug-iphonesimulator/PackageFrameworks"
2026-04-22T16:43:52.1605420Z ignoring duplicate directory "/Users/runner/work/tcm-storage-ios/tcm-storage-ios/build/Build/Products/Debug-iphonesimulator/PackageFrameworks"
2026-04-22T16:43:52.1606310Z ignoring duplicate directory "/Users/runner/work/tcm-storage-ios/tcm-storage-ios/build/Build/Products/Debug-iphonesimulator/PackageFrameworks"
2026-04-22T16:43:52.1607330Z ignoring duplicate directory "/Users/runner/work/tcm-storage-ios/tcm-storage-ios/build/Build/Products/Debug-iphonesimulator/PackageFrameworks"
2026-04-22T16:43:52.1608330Z ignoring duplicate directory "/Users/runner/work/tcm-storage-ios/tcm-storage-ios/build/Build/Products/Debug-iphonesimulator/PackageFrameworks"
2026-04-22T16:43:52.1609210Z ignoring duplicate directory "/Users/runner/work/tcm-storage-ios/tcm-storage-ios/build/Build/Products/Debug-iphonesimulator/PackageFrameworks"
2026-04-22T16:43:52.1610780Z ignoring duplicate directory "/Users/runner/work/tcm-storage-ios/tcm-storage-ios/build/Build/Products/Debug-iphonesimulator/PackageFrameworks"
2026-04-22T16:43:52.1612060Z ignoring duplicate directory "/Users/runner/work/tcm-storage-ios/tcm-storage-ios/build/Build/Products/Debug-iphonesimulator/PackageFrameworks"
2026-04-22T16:43:52.1612660Z #include "..." search starts here:
2026-04-22T16:43:52.1615190Z  /Users/runner/work/tcm-storage-ios/tcm-storage-ios/build/Build/Intermediates.noindex/Nextcloud.build/Debug-iphonesimulator/Share.build/Share-generated-files.hmap (headermap)
2026-04-22T16:43:52.1616260Z  /Users/runner/work/tcm-storage-ios/tcm-storage-ios/build/Build/Intermediates.noindex/Nextcloud.build/Debug-iphonesimulator/Share.build/Share-project-headers.hmap (headermap)
2026-04-22T16:43:52.1616870Z #include <...> search starts here:
2026-04-22T16:43:52.1617560Z  /Users/runner/work/tcm-storage-ios/tcm-storage-ios/build/Build/Intermediates.noindex/Nextcloud.build/Debug-iphonesimulator/Share.build/Share-own-target-headers.hmap (headermap)
2026-04-22T16:43:52.1618620Z  /Users/runner/work/tcm-storage-ios/tcm-storage-ios/build/Build/Intermediates.noindex/Nextcloud.build/Debug-iphonesimulator/Share.build/Share-all-non-framework-target-headers.hmap (headermap)
2026-04-22T16:43:52.1619510Z  /Users/runner/work/tcm-storage-ios/tcm-storage-ios/build/SourcePackages/checkouts/realm-core/src
2026-04-22T16:43:52.1620200Z  /Users/runner/work/tcm-storage-ios/tcm-storage-ios/build/SourcePackages/checkouts/realm-core/src/external/s2
2026-04-22T16:43:52.1623210Z  /Users/runner/work/tcm-storage-ios/tcm-storage-ios/build/SourcePackages/checkouts/realm-core/src/external/IntelRDFPMathLib20U2/LIBRARY/src
2026-04-22T16:43:52.1624410Z  /Users/runner/work/tcm-storage-ios/tcm-storage-ios/build/SourcePackages/checkouts/realm-core/src/spm
2026-04-22T16:43:52.1625050Z  /Users/runner/work/tcm-storage-ios/tcm-storage-ios/build/SourcePackages/checkouts/realm-swift/include
2026-04-22T16:43:52.1625730Z  /Users/runner/work/tcm-storage-ios/tcm-storage-ios/build/SourcePackages/checkouts/swift-atomics/Sources/_AtomicsShims/include
2026-04-22T16:43:52.1626410Z  /Users/runner/work/tcm-storage-ios/tcm-storage-ios/build/SourcePackages/checkouts/swift-nio/Sources/CNIOPosix/include
2026-04-22T16:43:52.1627150Z  /Users/runner/work/tcm-storage-ios/tcm-storage-ios/build/SourcePackages/checkouts/swift-nio/Sources/CNIOWASI/include
2026-04-22T16:43:52.1627900Z  /Users/runner/work/tcm-storage-ios/tcm-storage-ios/build/SourcePackages/checkouts/swift-nio/Sources/CNIOWindows/include
2026-04-22T16:43:52.1632170Z  /Users/runner/work/tcm-storage-ios/tcm-storage-ios/build/SourcePackages/checkouts/swift-nio/Sources/CNIOLinux/include
2026-04-22T16:43:52.1632840Z  /Users/runner/work/tcm-storage-ios/tcm-storage-ios/build/SourcePackages/checkouts/swift-nio/Sources/CNIODarwin/include
2026-04-22T16:43:52.1633560Z  /Users/runner/work/tcm-storage-ios/tcm-storage-ios/build/SourcePackages/checkouts/swift-nio/Sources/CNIOOpenBSD/include
2026-04-22T16:43:52.1634220Z  /Users/runner/work/tcm-storage-ios/tcm-storage-ios/build/SourcePackages/checkouts/swift-nio/Sources/CNIOAtomics/include
2026-04-22T16:43:52.1634870Z  /Users/runner/work/tcm-storage-ios/tcm-storage-ios/build/SourcePackages/checkouts/swift-nio-ssl/Sources/CNIOBoringSSLShims/include
2026-04-22T16:43:52.1635620Z  /Users/runner/work/tcm-storage-ios/tcm-storage-ios/build/SourcePackages/checkouts/swift-nio-ssl/Sources/CNIOBoringSSL/include
2026-04-22T16:43:52.1636360Z  /Users/runner/work/tcm-storage-ios/tcm-storage-ios/build/SourcePackages/checkouts/GzipSwift/Sources/system-zlib/include
2026-04-22T16:43:52.1637160Z  /Users/runner/work/tcm-storage-ios/tcm-storage-ios/build/Build/Intermediates.noindex/Nextcloud.build/Debug-iphonesimulator/Share.build/DerivedSources
2026-04-22T16:43:52.1638020Z  /Users/runner/work/tcm-storage-ios/tcm-storage-ios/build/Build/Products/Debug-iphonesimulator/PackageFrameworks (framework directory)
2026-04-22T16:43:52.1638750Z  /Users/runner/work/tcm-storage-ios/tcm-storage-ios/build/Build/Products/Debug-iphonesimulator (framework directory)
2026-04-22T16:43:52.1639500Z  /Applications/Xcode_26.2.app/Contents/Developer/Platforms/iPhoneSimulator.platform/Developer/Library/Frameworks (framework directory)
2026-04-22T16:43:52.1640410Z  /Applications/Xcode_26.2.app/Contents/Developer/Platforms/iPhoneSimulator.platform/Developer/SDKs/iPhoneSimulator26.2.sdk/Developer/Library/Frameworks (framework directory)
2026-04-22T16:43:52.1641610Z  /Applications/Xcode_26.2.app/Contents/Developer/Toolchains/XcodeDefault.xctoolchain/usr/lib/clang/17/include
2026-04-22T16:43:52.1642330Z  /Applications/Xcode_26.2.app/Contents/Developer/Platforms/iPhoneSimulator.platform/Developer/SDKs/iPhoneSimulator26.2.sdk/usr/include
2026-04-22T16:43:52.1642970Z  /Applications/Xcode_26.2.app/Contents/Developer/Toolchains/XcodeDefault.xctoolchain/usr/include
2026-04-22T16:43:52.1643780Z  /Applications/Xcode_26.2.app/Contents/Developer/Platforms/iPhoneSimulator.platform/Developer/SDKs/iPhoneSimulator26.2.sdk/System/Library/Frameworks (framework directory)
2026-04-22T16:43:52.1644770Z  /Applications/Xcode_26.2.app/Contents/Developer/Platforms/iPhoneSimulator.platform/Developer/SDKs/iPhoneSimulator26.2.sdk/System/Library/SubFrameworks (framework directory)
2026-04-22T16:43:52.1645360Z End of search list.
2026-04-22T16:43:52.1645700Z clang -cc1 version 17.0.0 (clang-1700.6.3.2) default target arm64-apple-darwin24.6.0
2026-04-22T16:43:52.1646420Z ignoring nonexistent directory "/Users/runner/work/tcm-storage-ios/tcm-storage-ios/build/Build/Products/Debug-iphonesimulator/include"
2026-04-22T16:43:52.1647520Z ignoring nonexistent directory "/Users/runner/work/tcm-storage-ios/tcm-storage-ios/build/Build/Intermediates.noindex/Nextcloud.build/Debug-iphonesimulator/Share.build/DerivedSources-normal/arm64"
2026-04-22T16:43:52.1648670Z ignoring nonexistent directory "/Users/runner/work/tcm-storage-ios/tcm-storage-ios/build/Build/Intermediates.noindex/Nextcloud.build/Debug-iphonesimulator/Share.build/DerivedSources/arm64"
2026-04-22T16:43:52.1649720Z ignoring nonexistent directory "/Applications/Xcode_26.2.app/Contents/Developer/Platforms/iPhoneSimulator.platform/Developer/SDKs/iPhoneSimulator26.2.sdk/usr/local/include"
2026-04-22T16:43:52.1650690Z ignoring nonexistent directory "/Applications/Xcode_26.2.app/Contents/Developer/Platforms/iPhoneSimulator.platform/Developer/SDKs/iPhoneSimulator26.2.sdk/Library/Frameworks"
2026-04-22T16:43:52.1651610Z ignoring duplicate directory "/Users/runner/work/tcm-storage-ios/tcm-storage-ios/build/Build/Products/Debug-iphonesimulator/PackageFrameworks"
2026-04-22T16:43:52.1652400Z ignoring duplicate directory "/Users/runner/work/tcm-storage-ios/tcm-storage-ios/build/Build/Products/Debug-iphonesimulator/PackageFrameworks"
2026-04-22T16:43:52.1653230Z ignoring duplicate directory "/Users/runner/work/tcm-storage-ios/tcm-storage-ios/build/Build/Products/Debug-iphonesimulator/PackageFrameworks"
2026-04-22T16:43:52.1654020Z ignoring duplicate directory "/Users/runner/work/tcm-storage-ios/tcm-storage-ios/build/Build/Products/Debug-iphonesimulator/PackageFrameworks"
2026-04-22T16:43:52.1654900Z ignoring duplicate directory "/Users/runner/work/tcm-storage-ios/tcm-storage-ios/build/Build/Products/Debug-iphonesimulator/PackageFrameworks"
2026-04-22T16:43:52.1655690Z ignoring duplicate directory "/Users/runner/work/tcm-storage-ios/tcm-storage-ios/build/Build/Products/Debug-iphonesimulator/PackageFrameworks"
2026-04-22T16:43:52.1656510Z ignoring duplicate directory "/Users/runner/work/tcm-storage-ios/tcm-storage-ios/build/Build/Products/Debug-iphonesimulator/PackageFrameworks"
2026-04-22T16:43:52.1657380Z ignoring duplicate directory "/Users/runner/work/tcm-storage-ios/tcm-storage-ios/build/Build/Products/Debug-iphonesimulator/PackageFrameworks"
2026-04-22T16:43:52.1658160Z ignoring duplicate directory "/Users/runner/work/tcm-storage-ios/tcm-storage-ios/build/Build/Products/Debug-iphonesimulator/PackageFrameworks"
2026-04-22T16:43:52.1658960Z ignoring duplicate directory "/Users/runner/work/tcm-storage-ios/tcm-storage-ios/build/Build/Products/Debug-iphonesimulator/PackageFrameworks"
2026-04-22T16:43:52.1659810Z ignoring duplicate directory "/Users/runner/work/tcm-storage-ios/tcm-storage-ios/build/Build/Products/Debug-iphonesimulator/PackageFrameworks"
2026-04-22T16:43:52.1660600Z ignoring duplicate directory "/Users/runner/work/tcm-storage-ios/tcm-storage-ios/build/Build/Products/Debug-iphonesimulator/PackageFrameworks"
2026-04-22T16:43:52.1661530Z ignoring duplicate directory "/Users/runner/work/tcm-storage-ios/tcm-storage-ios/build/Build/Products/Debug-iphonesimulator/PackageFrameworks"
2026-04-22T16:43:52.1662370Z ignoring duplicate directory "/Users/runner/work/tcm-storage-ios/tcm-storage-ios/build/Build/Products/Debug-iphonesimulator/PackageFrameworks"
2026-04-22T16:43:52.1663170Z ignoring duplicate directory "/Users/runner/work/tcm-storage-ios/tcm-storage-ios/build/Build/Products/Debug-iphonesimulator/PackageFrameworks"
2026-04-22T16:43:52.1665090Z ignoring duplicate directory "/Users/runner/work/tcm-storage-ios/tcm-storage-ios/build/Build/Products/Debug-iphonesimulator/PackageFrameworks"
2026-04-22T16:43:52.1665990Z ignoring duplicate directory "/Users/runner/work/tcm-storage-ios/tcm-storage-ios/build/Build/Products/Debug-iphonesimulator/PackageFrameworks"
2026-04-22T16:43:52.1666800Z ignoring duplicate directory "/Users/runner/work/tcm-storage-ios/tcm-storage-ios/build/Build/Products/Debug-iphonesimulator/PackageFrameworks"
2026-04-22T16:43:52.1667610Z ignoring duplicate directory "/Users/runner/work/tcm-storage-ios/tcm-storage-ios/build/Build/Products/Debug-iphonesimulator/PackageFrameworks"
2026-04-22T16:43:52.1668600Z ignoring duplicate directory "/Users/runner/work/tcm-storage-ios/tcm-storage-ios/build/Build/Products/Debug-iphonesimulator/PackageFrameworks"
2026-04-22T16:43:52.1669380Z ignoring duplicate directory "/Users/runner/work/tcm-storage-ios/tcm-storage-ios/build/Build/Products/Debug-iphonesimulator/PackageFrameworks"
2026-04-22T16:43:52.1670250Z ignoring duplicate directory "/Users/runner/work/tcm-storage-ios/tcm-storage-ios/build/Build/Products/Debug-iphonesimulator/PackageFrameworks"
2026-04-22T16:43:52.1671090Z ignoring duplicate directory "/Users/runner/work/tcm-storage-ios/tcm-storage-ios/build/Build/Products/Debug-iphonesimulator/PackageFrameworks"
2026-04-22T16:43:52.1671910Z ignoring duplicate directory "/Users/runner/work/tcm-storage-ios/tcm-storage-ios/build/Build/Products/Debug-iphonesimulator/PackageFrameworks"
2026-04-22T16:43:52.1673080Z ignoring duplicate directory "/Users/runner/work/tcm-storage-ios/tcm-storage-ios/build/Build/Products/Debug-iphonesimulator/PackageFrameworks"
2026-04-22T16:43:52.1673960Z ignoring duplicate directory "/Users/runner/work/tcm-storage-ios/tcm-storage-ios/build/Build/Products/Debug-iphonesimulator/PackageFrameworks"
2026-04-22T16:43:52.1674730Z ignoring duplicate directory "/Users/runner/work/tcm-storage-ios/tcm-storage-ios/build/Build/Products/Debug-iphonesimulator/PackageFrameworks"
2026-04-22T16:43:52.1675480Z ignoring duplicate directory "/Users/runner/work/tcm-storage-ios/tcm-storage-ios/build/Build/Products/Debug-iphonesimulator/PackageFrameworks"
2026-04-22T16:43:52.1676210Z ignoring duplicate directory "/Users/runner/work/tcm-storage-ios/tcm-storage-ios/build/Build/Products/Debug-iphonesimulator/PackageFrameworks"
2026-04-22T16:43:52.1677050Z ignoring duplicate directory "/Users/runner/work/tcm-storage-ios/tcm-storage-ios/build/Build/Products/Debug-iphonesimulator/PackageFrameworks"
2026-04-22T16:43:52.1677780Z ignoring duplicate directory "/Users/runner/work/tcm-storage-ios/tcm-storage-ios/build/Build/Products/Debug-iphonesimulator/PackageFrameworks"
2026-04-22T16:43:52.1678530Z ignoring duplicate directory "/Users/runner/work/tcm-storage-ios/tcm-storage-ios/build/Build/Products/Debug-iphonesimulator/PackageFrameworks"
2026-04-22T16:43:52.1679280Z ignoring duplicate directory "/Users/runner/work/tcm-storage-ios/tcm-storage-ios/build/Build/Products/Debug-iphonesimulator/PackageFrameworks"
2026-04-22T16:43:52.1680020Z ignoring duplicate directory "/Users/runner/work/tcm-storage-ios/tcm-storage-ios/build/Build/Products/Debug-iphonesimulator/PackageFrameworks"
2026-04-22T16:43:52.1680740Z ignoring duplicate directory "/Users/runner/work/tcm-storage-ios/tcm-storage-ios/build/Build/Products/Debug-iphonesimulator/PackageFrameworks"
2026-04-22T16:43:52.1681460Z ignoring duplicate directory "/Users/runner/work/tcm-storage-ios/tcm-storage-ios/build/Build/Products/Debug-iphonesimulator/PackageFrameworks"
2026-04-22T16:43:52.1682340Z ignoring duplicate directory "/Users/runner/work/tcm-storage-ios/tcm-storage-ios/build/Build/Products/Debug-iphonesimulator/PackageFrameworks"
2026-04-22T16:43:52.1683060Z ignoring duplicate directory "/Users/runner/work/tcm-storage-ios/tcm-storage-ios/build/Build/Products/Debug-iphonesimulator/PackageFrameworks"
2026-04-22T16:43:52.1683790Z ignoring duplicate directory "/Users/runner/work/tcm-storage-ios/tcm-storage-ios/build/Build/Products/Debug-iphonesimulator/PackageFrameworks"
2026-04-22T16:43:52.1684510Z ignoring duplicate directory "/Users/runner/work/tcm-storage-ios/tcm-storage-ios/build/Build/Products/Debug-iphonesimulator/PackageFrameworks"
2026-04-22T16:43:52.1684970Z #include "..." search starts here:
2026-04-22T16:43:52.1685520Z  /Users/runner/work/tcm-storage-ios/tcm-storage-ios/build/Build/Intermediates.noindex/Nextcloud.build/Debug-iphonesimulator/Share.build/Share-generated-files.hmap (headermap)
2026-04-22T16:43:52.1686480Z  /Users/runner/work/tcm-storage-ios/tcm-storage-ios/build/Build/Intermediates.noindex/Nextcloud.build/Debug-iphonesimulator/Share.build/Share-project-headers.hmap (headermap)
2026-04-22T16:43:52.1687100Z #include <...> search starts here:
2026-04-22T16:43:52.1687730Z  /Users/runner/work/tcm-storage-ios/tcm-storage-ios/build/Build/Intermediates.noindex/Nextcloud.build/Debug-iphonesimulator/Share.build/Share-own-target-headers.hmap (headermap)
2026-04-22T16:43:52.1688730Z  /Users/runner/work/tcm-storage-ios/tcm-storage-ios/build/Build/Intermediates.noindex/Nextcloud.build/Debug-iphonesimulator/Share.build/Share-all-non-framework-target-headers.hmap (headermap)
2026-04-22T16:43:52.1689600Z  /Users/runner/work/tcm-storage-ios/tcm-storage-ios/build/SourcePackages/checkouts/realm-core/src
2026-04-22T16:43:52.1690120Z  /Users/runner/work/tcm-storage-ios/tcm-storage-ios/build/SourcePackages/checkouts/realm-core/src/external/s2
2026-04-22T16:43:52.1690760Z  /Users/runner/work/tcm-storage-ios/tcm-storage-ios/build/SourcePackages/checkouts/realm-core/src/external/IntelRDFPMathLib20U2/LIBRARY/src
2026-04-22T16:43:52.1691380Z  /Users/runner/work/tcm-storage-ios/tcm-storage-ios/build/SourcePackages/checkouts/realm-core/src/spm
2026-04-22T16:43:52.1692600Z  /Users/runner/work/tcm-storage-ios/tcm-storage-ios/build/SourcePackages/checkouts/realm-swift/include
2026-04-22T16:43:52.1693210Z  /Users/runner/work/tcm-storage-ios/tcm-storage-ios/build/SourcePackages/checkouts/swift-atomics/Sources/_AtomicsShims/include
2026-04-22T16:43:52.1693890Z  /Users/runner/work/tcm-storage-ios/tcm-storage-ios/build/SourcePackages/checkouts/swift-nio/Sources/CNIOPosix/include
2026-04-22T16:43:52.1694540Z  /Users/runner/work/tcm-storage-ios/tcm-storage-ios/build/SourcePackages/checkouts/swift-nio/Sources/CNIOWASI/include
2026-04-22T16:43:52.1695210Z  /Users/runner/work/tcm-storage-ios/tcm-storage-ios/build/SourcePackages/checkouts/swift-nio/Sources/CNIOWindows/include
2026-04-22T16:43:52.1695820Z  /Users/runner/work/tcm-storage-ios/tcm-storage-ios/build/SourcePackages/checkouts/swift-nio/Sources/CNIOLinux/include
2026-04-22T16:43:52.1696430Z  /Users/runner/work/tcm-storage-ios/tcm-storage-ios/build/SourcePackages/checkouts/swift-nio/Sources/CNIODarwin/include
2026-04-22T16:43:52.1697040Z  /Users/runner/work/tcm-storage-ios/tcm-storage-ios/build/SourcePackages/checkouts/swift-nio/Sources/CNIOOpenBSD/include
2026-04-22T16:43:52.1697650Z  /Users/runner/work/tcm-storage-ios/tcm-storage-ios/build/SourcePackages/checkouts/swift-nio/Sources/CNIOAtomics/include
2026-04-22T16:43:52.1698300Z  /Users/runner/work/tcm-storage-ios/tcm-storage-ios/build/SourcePackages/checkouts/swift-nio-ssl/Sources/CNIOBoringSSLShims/include
2026-04-22T16:43:52.1698960Z  /Users/runner/work/tcm-storage-ios/tcm-storage-ios/build/SourcePackages/checkouts/swift-nio-ssl/Sources/CNIOBoringSSL/include
2026-04-22T16:43:52.1699590Z  /Users/runner/work/tcm-storage-ios/tcm-storage-ios/build/SourcePackages/checkouts/GzipSwift/Sources/system-zlib/include
2026-04-22T16:43:52.1700290Z  /Users/runner/work/tcm-storage-ios/tcm-storage-ios/build/Build/Intermediates.noindex/Nextcloud.build/Debug-iphonesimulator/Share.build/DerivedSources
2026-04-22T16:43:52.1701280Z  /Users/runner/work/tcm-storage-ios/tcm-storage-ios/build/Build/Products/Debug-iphonesimulator/PackageFrameworks (framework directory)
2026-04-22T16:43:52.1701930Z  /Users/runner/work/tcm-storage-ios/tcm-storage-ios/build/Build/Products/Debug-iphonesimulator (framework directory)
2026-04-22T16:43:52.1702580Z  /Applications/Xcode_26.2.app/Contents/Developer/Platforms/iPhoneSimulator.platform/Developer/Library/Frameworks (framework directory)
2026-04-22T16:43:52.1703390Z  /Applications/Xcode_26.2.app/Contents/Developer/Platforms/iPhoneSimulator.platform/Developer/SDKs/iPhoneSimulator26.2.sdk/Developer/Library/Frameworks (framework directory)
2026-04-22T16:43:52.1704130Z  /Applications/Xcode_26.2.app/Contents/Developer/Toolchains/XcodeDefault.xctoolchain/usr/lib/clang/17/include
2026-04-22T16:43:52.1704760Z  /Applications/Xcode_26.2.app/Contents/Developer/Platforms/iPhoneSimulator.platform/Developer/SDKs/iPhoneSimulator26.2.sdk/usr/include
2026-04-22T16:43:52.1705360Z  /Applications/Xcode_26.2.app/Contents/Developer/Toolchains/XcodeDefault.xctoolchain/usr/include
2026-04-22T16:43:52.1706170Z  /Applications/Xcode_26.2.app/Contents/Developer/Platforms/iPhoneSimulator.platform/Developer/SDKs/iPhoneSimulator26.2.sdk/System/Library/Frameworks (framework directory)
2026-04-22T16:43:52.1707080Z  /Applications/Xcode_26.2.app/Contents/Developer/Platforms/iPhoneSimulator.platform/Developer/SDKs/iPhoneSimulator26.2.sdk/System/Library/SubFrameworks (framework directory)
2026-04-22T16:43:52.1707630Z End of search list.
2026-04-22T16:43:52.1707880Z clang -cc1 version 17.0.0 (clang-1700.6.3.2) default target arm64-apple-darwin24.6.0
2026-04-22T16:43:52.1708430Z ignoring nonexistent directory "/Users/runner/work/tcm-storage-ios/tcm-storage-ios/build/Build/Products/Debug-iphonesimulator/include"
2026-04-22T16:43:52.1709290Z ignoring nonexistent directory "/Users/runner/work/tcm-storage-ios/tcm-storage-ios/build/Build/Intermediates.noindex/Nextcloud.build/Debug-iphonesimulator/Share.build/DerivedSources-normal/arm64"
2026-04-22T16:43:52.1710310Z ignoring nonexistent directory "/Users/runner/work/tcm-storage-ios/tcm-storage-ios/build/Build/Intermediates.noindex/Nextcloud.build/Debug-iphonesimulator/Share.build/DerivedSources/arm64"
2026-04-22T16:43:52.1711260Z ignoring nonexistent directory "/Applications/Xcode_26.2.app/Contents/Developer/Platforms/iPhoneSimulator.platform/Developer/SDKs/iPhoneSimulator26.2.sdk/usr/local/include"
2026-04-22T16:43:52.1712160Z ignoring nonexistent directory "/Applications/Xcode_26.2.app/Contents/Developer/Platforms/iPhoneSimulator.platform/Developer/SDKs/iPhoneSimulator26.2.sdk/Library/Frameworks"
2026-04-22T16:43:52.1714400Z ignoring duplicate directory "/Users/runner/work/tcm-storage-ios/tcm-storage-ios/build/Build/Products/Debug-iphonesimulator/PackageFrameworks"
2026-04-22T16:43:52.1715140Z ignoring duplicate directory "/Users/runner/work/tcm-storage-ios/tcm-storage-ios/build/Build/Products/Debug-iphonesimulator/PackageFrameworks"
2026-04-22T16:43:52.1716120Z ignoring duplicate directory "/Users/runner/work/tcm-storage-ios/tcm-storage-ios/build/Build/Products/Debug-iphonesimulator/PackageFrameworks"
2026-04-22T16:43:52.1716880Z ignoring duplicate directory "/Users/runner/work/tcm-storage-ios/tcm-storage-ios/build/Build/Products/Debug-iphonesimulator/PackageFrameworks"
2026-04-22T16:43:52.1717610Z ignoring duplicate directory "/Users/runner/work/tcm-storage-ios/tcm-storage-ios/build/Build/Products/Debug-iphonesimulator/PackageFrameworks"
2026-04-22T16:43:52.1718690Z ignoring duplicate directory "/Users/runner/work/tcm-storage-ios/tcm-storage-ios/build/Build/Products/Debug-iphonesimulator/PackageFrameworks"
2026-04-22T16:43:52.1719440Z ignoring duplicate directory "/Users/runner/work/tcm-storage-ios/tcm-storage-ios/build/Build/Products/Debug-iphonesimulator/PackageFrameworks"
2026-04-22T16:43:52.1720160Z ignoring duplicate directory "/Users/runner/work/tcm-storage-ios/tcm-storage-ios/build/Build/Products/Debug-iphonesimulator/PackageFrameworks"
2026-04-22T16:43:52.1721060Z ignoring duplicate directory "/Users/runner/work/tcm-storage-ios/tcm-storage-ios/build/Build/Products/Debug-iphonesimulator/PackageFrameworks"
2026-04-22T16:43:52.1721780Z ignoring duplicate directory "/Users/runner/work/tcm-storage-ios/tcm-storage-ios/build/Build/Products/Debug-iphonesimulator/PackageFrameworks"
2026-04-22T16:43:52.1722510Z ignoring duplicate directory "/Users/runner/work/tcm-storage-ios/tcm-storage-ios/build/Build/Products/Debug-iphonesimulator/PackageFrameworks"
2026-04-22T16:43:52.1723240Z ignoring duplicate directory "/Users/runner/work/tcm-storage-ios/tcm-storage-ios/build/Build/Products/Debug-iphonesimulator/PackageFrameworks"
2026-04-22T16:43:52.1723960Z ignoring duplicate directory "/Users/runner/work/tcm-storage-ios/tcm-storage-ios/build/Build/Products/Debug-iphonesimulator/PackageFrameworks"
2026-04-22T16:43:52.1724700Z ignoring duplicate directory "/Users/runner/work/tcm-storage-ios/tcm-storage-ios/build/Build/Products/Debug-iphonesimulator/PackageFrameworks"
2026-04-22T16:43:52.1725430Z ignoring duplicate directory "/Users/runner/work/tcm-storage-ios/tcm-storage-ios/build/Build/Products/Debug-iphonesimulator/PackageFrameworks"
2026-04-22T16:43:52.1726250Z ignoring duplicate directory "/Users/runner/work/tcm-storage-ios/tcm-storage-ios/build/Build/Products/Debug-iphonesimulator/PackageFrameworks"
2026-04-22T16:43:52.1726990Z ignoring duplicate directory "/Users/runner/work/tcm-storage-ios/tcm-storage-ios/build/Build/Products/Debug-iphonesimulator/PackageFrameworks"
2026-04-22T16:43:52.1729150Z ignoring duplicate directory "/Users/runner/work/tcm-storage-ios/tcm-storage-ios/build/Build/Products/Debug-iphonesimulator/PackageFrameworks"
2026-04-22T16:43:52.1729930Z ignoring duplicate directory "/Users/runner/work/tcm-storage-ios/tcm-storage-ios/build/Build/Products/Debug-iphonesimulator/PackageFrameworks"
2026-04-22T16:43:52.1730670Z ignoring duplicate directory "/Users/runner/work/tcm-storage-ios/tcm-storage-ios/build/Build/Products/Debug-iphonesimulator/PackageFrameworks"
2026-04-22T16:43:52.1731420Z ignoring duplicate directory "/Users/runner/work/tcm-storage-ios/tcm-storage-ios/build/Build/Products/Debug-iphonesimulator/PackageFrameworks"
2026-04-22T16:43:52.1732180Z ignoring duplicate directory "/Users/runner/work/tcm-storage-ios/tcm-storage-ios/build/Build/Products/Debug-iphonesimulator/PackageFrameworks"
2026-04-22T16:43:52.1732910Z ignoring duplicate directory "/Users/runner/work/tcm-storage-ios/tcm-storage-ios/build/Build/Products/Debug-iphonesimulator/PackageFrameworks"
2026-04-22T16:43:52.1733660Z ignoring duplicate directory "/Users/runner/work/tcm-storage-ios/tcm-storage-ios/build/Build/Products/Debug-iphonesimulator/PackageFrameworks"
2026-04-22T16:43:52.1734390Z ignoring duplicate directory "/Users/runner/work/tcm-storage-ios/tcm-storage-ios/build/Build/Products/Debug-iphonesimulator/PackageFrameworks"
2026-04-22T16:43:52.1736530Z ignoring duplicate directory "/Users/runner/work/tcm-storage-ios/tcm-storage-ios/build/Build/Products/Debug-iphonesimulator/PackageFrameworks"
2026-04-22T16:43:52.1737380Z ignoring duplicate directory "/Users/runner/work/tcm-storage-ios/tcm-storage-ios/build/Build/Products/Debug-iphonesimulator/PackageFrameworks"
2026-04-22T16:43:52.1738300Z ignoring duplicate directory "/Users/runner/work/tcm-storage-ios/tcm-storage-ios/build/Build/Products/Debug-iphonesimulator/PackageFrameworks"
2026-04-22T16:43:52.1739140Z ignoring duplicate directory "/Users/runner/work/tcm-storage-ios/tcm-storage-ios/build/Build/Products/Debug-iphonesimulator/PackageFrameworks"
2026-04-22T16:43:52.1739940Z ignoring duplicate directory "/Users/runner/work/tcm-storage-ios/tcm-storage-ios/build/Build/Products/Debug-iphonesimulator/PackageFrameworks"
2026-04-22T16:43:52.1740710Z ignoring duplicate directory "/Users/runner/work/tcm-storage-ios/tcm-storage-ios/build/Build/Products/Debug-iphonesimulator/PackageFrameworks"
2026-04-22T16:43:52.1741440Z ignoring duplicate directory "/Users/runner/work/tcm-storage-ios/tcm-storage-ios/build/Build/Products/Debug-iphonesimulator/PackageFrameworks"
2026-04-22T16:43:52.1742390Z ignoring duplicate directory "/Users/runner/work/tcm-storage-ios/tcm-storage-ios/build/Build/Products/Debug-iphonesimulator/PackageFrameworks"
2026-04-22T16:43:52.1743160Z ignoring duplicate directory "/Users/runner/work/tcm-storage-ios/tcm-storage-ios/build/Build/Products/Debug-iphonesimulator/PackageFrameworks"
2026-04-22T16:43:52.1743950Z ignoring duplicate directory "/Users/runner/work/tcm-storage-ios/tcm-storage-ios/build/Build/Products/Debug-iphonesimulator/PackageFrameworks"
2026-04-22T16:43:52.1744700Z ignoring duplicate directory "/Users/runner/work/tcm-storage-ios/tcm-storage-ios/build/Build/Products/Debug-iphonesimulator/PackageFrameworks"
2026-04-22T16:43:52.1747600Z ignoring duplicate directory "/Users/runner/work/tcm-storage-ios/tcm-storage-ios/build/Build/Products/Debug-iphonesimulator/PackageFrameworks"
2026-04-22T16:43:52.1748420Z ignoring duplicate directory "/Users/runner/work/tcm-storage-ios/tcm-storage-ios/build/Build/Products/Debug-iphonesimulator/PackageFrameworks"
2026-04-22T16:43:52.1749420Z ignoring duplicate directory "/Users/runner/work/tcm-storage-ios/tcm-storage-ios/build/Build/Products/Debug-iphonesimulator/PackageFrameworks"
2026-04-22T16:43:52.1750180Z ignoring duplicate directory "/Users/runner/work/tcm-storage-ios/tcm-storage-ios/build/Build/Products/Debug-iphonesimulator/PackageFrameworks"
2026-04-22T16:43:52.1750670Z #include "..." search starts here:
2026-04-22T16:43:52.1751250Z  /Users/runner/work/tcm-storage-ios/tcm-storage-ios/build/Build/Intermediates.noindex/Nextcloud.build/Debug-iphonesimulator/Share.build/Share-generated-files.hmap (headermap)
2026-04-22T16:43:52.1752210Z  /Users/runner/work/tcm-storage-ios/tcm-storage-ios/build/Build/Intermediates.noindex/Nextcloud.build/Debug-iphonesimulator/Share.build/Share-project-headers.hmap (headermap)
2026-04-22T16:43:52.1752800Z #include <...> search starts here:
2026-04-22T16:43:52.1753360Z  /Users/runner/work/tcm-storage-ios/tcm-storage-ios/build/Build/Intermediates.noindex/Nextcloud.build/Debug-iphonesimulator/Share.build/Share-own-target-headers.hmap (headermap)
2026-04-22T16:43:52.1754370Z  /Users/runner/work/tcm-storage-ios/tcm-storage-ios/build/Build/Intermediates.noindex/Nextcloud.build/Debug-iphonesimulator/Share.build/Share-all-non-framework-target-headers.hmap (headermap)
2026-04-22T16:43:52.1755170Z  /Users/runner/work/tcm-storage-ios/tcm-storage-ios/build/SourcePackages/checkouts/realm-core/src
2026-04-22T16:43:52.1755730Z  /Users/runner/work/tcm-storage-ios/tcm-storage-ios/build/SourcePackages/checkouts/realm-core/src/external/s2
2026-04-22T16:43:52.1756420Z  /Users/runner/work/tcm-storage-ios/tcm-storage-ios/build/SourcePackages/checkouts/realm-core/src/external/IntelRDFPMathLib20U2/LIBRARY/src
2026-04-22T16:43:52.1757080Z  /Users/runner/work/tcm-storage-ios/tcm-storage-ios/build/SourcePackages/checkouts/realm-core/src/spm
2026-04-22T16:43:52.1757610Z  /Users/runner/work/tcm-storage-ios/tcm-storage-ios/build/SourcePackages/checkouts/realm-swift/include
2026-04-22T16:43:52.1758420Z  /Users/runner/work/tcm-storage-ios/tcm-storage-ios/build/SourcePackages/checkouts/swift-atomics/Sources/_AtomicsShims/include
2026-04-22T16:43:52.1759080Z  /Users/runner/work/tcm-storage-ios/tcm-storage-ios/build/SourcePackages/checkouts/swift-nio/Sources/CNIOPosix/include
2026-04-22T16:43:52.1759720Z  /Users/runner/work/tcm-storage-ios/tcm-storage-ios/build/SourcePackages/checkouts/swift-nio/Sources/CNIOWASI/include
2026-04-22T16:43:52.1760380Z  /Users/runner/work/tcm-storage-ios/tcm-storage-ios/build/SourcePackages/checkouts/swift-nio/Sources/CNIOWindows/include
2026-04-22T16:43:52.1761050Z  /Users/runner/work/tcm-storage-ios/tcm-storage-ios/build/SourcePackages/checkouts/swift-nio/Sources/CNIOLinux/include
2026-04-22T16:43:52.1761710Z  /Users/runner/work/tcm-storage-ios/tcm-storage-ios/build/SourcePackages/checkouts/swift-nio/Sources/CNIODarwin/include
2026-04-22T16:43:52.1762330Z  /Users/runner/work/tcm-storage-ios/tcm-storage-ios/build/SourcePackages/checkouts/swift-nio/Sources/CNIOOpenBSD/include
2026-04-22T16:43:52.1763110Z  /Users/runner/work/tcm-storage-ios/tcm-storage-ios/build/SourcePackages/checkouts/swift-nio/Sources/CNIOAtomics/include
2026-04-22T16:43:52.1763780Z  /Users/runner/work/tcm-storage-ios/tcm-storage-ios/build/SourcePackages/checkouts/swift-nio-ssl/Sources/CNIOBoringSSLShims/include
2026-04-22T16:43:52.1764450Z  /Users/runner/work/tcm-storage-ios/tcm-storage-ios/build/SourcePackages/checkouts/swift-nio-ssl/Sources/CNIOBoringSSL/include
2026-04-22T16:43:52.1765080Z  /Users/runner/work/tcm-storage-ios/tcm-storage-ios/build/SourcePackages/checkouts/GzipSwift/Sources/system-zlib/include
2026-04-22T16:43:52.1765770Z  /Users/runner/work/tcm-storage-ios/tcm-storage-ios/build/Build/Intermediates.noindex/Nextcloud.build/Debug-iphonesimulator/Share.build/DerivedSources
2026-04-22T16:43:52.1766530Z  /Users/runner/work/tcm-storage-ios/tcm-storage-ios/build/Build/Products/Debug-iphonesimulator/PackageFrameworks (framework directory)
2026-04-22T16:43:52.1768450Z  /Users/runner/work/tcm-storage-ios/tcm-storage-ios/build/Build/Products/Debug-iphonesimulator (framework directory)
2026-04-22T16:43:52.1769390Z  /Applications/Xcode_26.2.app/Contents/Developer/Platforms/iPhoneSimulator.platform/Developer/Library/Frameworks (framework directory)
2026-04-22T16:43:52.1770490Z  /Applications/Xcode_26.2.app/Contents/Developer/Platforms/iPhoneSimulator.platform/Developer/SDKs/iPhoneSimulator26.2.sdk/Developer/Library/Frameworks (framework directory)
2026-04-22T16:43:52.1771260Z  /Applications/Xcode_26.2.app/Contents/Developer/Toolchains/XcodeDefault.xctoolchain/usr/lib/clang/17/include
2026-04-22T16:43:52.1771900Z  /Applications/Xcode_26.2.app/Contents/Developer/Platforms/iPhoneSimulator.platform/Developer/SDKs/iPhoneSimulator26.2.sdk/usr/include
2026-04-22T16:43:52.1772640Z  /Applications/Xcode_26.2.app/Contents/Developer/Toolchains/XcodeDefault.xctoolchain/usr/include
2026-04-22T16:43:52.1773330Z  /Applications/Xcode_26.2.app/Contents/Developer/Platforms/iPhoneSimulator.platform/Developer/SDKs/iPhoneSimulator26.2.sdk/System/Library/Frameworks (framework directory)
2026-04-22T16:43:52.1774250Z  /Applications/Xcode_26.2.app/Contents/Developer/Platforms/iPhoneSimulator.platform/Developer/SDKs/iPhoneSimulator26.2.sdk/System/Library/SubFrameworks (framework directory)
2026-04-22T16:43:52.1774790Z End of search list.
2026-04-22T16:43:52.1775040Z clang -cc1 version 17.0.0 (clang-1700.6.3.2) default target arm64-apple-darwin24.6.0
2026-04-22T16:43:52.1775590Z ignoring nonexistent directory "/Users/runner/work/tcm-storage-ios/tcm-storage-ios/build/Build/Products/Debug-iphonesimulator/include"
2026-04-22T16:43:52.1776560Z ignoring nonexistent directory "/Users/runner/work/tcm-storage-ios/tcm-storage-ios/build/Build/Intermediates.noindex/Nextcloud.build/Debug-iphonesimulator/Share.build/DerivedSources-normal/arm64"
2026-04-22T16:43:52.1777580Z ignoring nonexistent directory "/Users/runner/work/tcm-storage-ios/tcm-storage-ios/build/Build/Intermediates.noindex/Nextcloud.build/Debug-iphonesimulator/Share.build/DerivedSources/arm64"
2026-04-22T16:43:52.1778540Z ignoring nonexistent directory "/Applications/Xcode_26.2.app/Contents/Developer/Platforms/iPhoneSimulator.platform/Developer/SDKs/iPhoneSimulator26.2.sdk/usr/local/include"
2026-04-22T16:43:52.1779450Z ignoring nonexistent directory "/Applications/Xcode_26.2.app/Contents/Developer/Platforms/iPhoneSimulator.platform/Developer/SDKs/iPhoneSimulator26.2.sdk/Library/Frameworks"
2026-04-22T16:43:52.1780270Z ignoring duplicate directory "/Users/runner/work/tcm-storage-ios/tcm-storage-ios/build/Build/Products/Debug-iphonesimulator/PackageFrameworks"
2026-04-22T16:43:52.1781010Z ignoring duplicate directory "/Users/runner/work/tcm-storage-ios/tcm-storage-ios/build/Build/Products/Debug-iphonesimulator/PackageFrameworks"
2026-04-22T16:43:52.1781730Z ignoring duplicate directory "/Users/runner/work/tcm-storage-ios/tcm-storage-ios/build/Build/Products/Debug-iphonesimulator/PackageFrameworks"
2026-04-22T16:43:52.1783630Z ignoring duplicate directory "/Users/runner/work/tcm-storage-ios/tcm-storage-ios/build/Build/Products/Debug-iphonesimulator/PackageFrameworks"
2026-04-22T16:43:52.1784380Z ignoring duplicate directory "/Users/runner/work/tcm-storage-ios/tcm-storage-ios/build/Build/Products/Debug-iphonesimulator/PackageFrameworks"
2026-04-22T16:43:52.1785110Z ignoring duplicate directory "/Users/runner/work/tcm-storage-ios/tcm-storage-ios/build/Build/Products/Debug-iphonesimulator/PackageFrameworks"
2026-04-22T16:43:52.1785830Z ignoring duplicate directory "/Users/runner/work/tcm-storage-ios/tcm-storage-ios/build/Build/Products/Debug-iphonesimulator/PackageFrameworks"
2026-04-22T16:43:52.1786560Z ignoring duplicate directory "/Users/runner/work/tcm-storage-ios/tcm-storage-ios/build/Build/Products/Debug-iphonesimulator/PackageFrameworks"
2026-04-22T16:43:52.1787280Z ignoring duplicate directory "/Users/runner/work/tcm-storage-ios/tcm-storage-ios/build/Build/Products/Debug-iphonesimulator/PackageFrameworks"
2026-04-22T16:43:52.1788020Z ignoring duplicate directory "/Users/runner/work/tcm-storage-ios/tcm-storage-ios/build/Build/Products/Debug-iphonesimulator/PackageFrameworks"
2026-04-22T16:43:52.1789010Z ignoring duplicate directory "/Users/runner/work/tcm-storage-ios/tcm-storage-ios/build/Build/Products/Debug-iphonesimulator/PackageFrameworks"
2026-04-22T16:43:52.1789800Z ignoring duplicate directory "/Users/runner/work/tcm-storage-ios/tcm-storage-ios/build/Build/Products/Debug-iphonesimulator/PackageFrameworks"
2026-04-22T16:43:52.1790540Z ignoring duplicate directory "/Users/runner/work/tcm-storage-ios/tcm-storage-ios/build/Build/Products/Debug-iphonesimulator/PackageFrameworks"
2026-04-22T16:43:52.1791380Z ignoring duplicate directory "/Users/runner/work/tcm-storage-ios/tcm-storage-ios/build/Build/Products/Debug-iphonesimulator/PackageFrameworks"
2026-04-22T16:43:52.1792290Z ignoring duplicate directory "/Users/runner/work/tcm-storage-ios/tcm-storage-ios/build/Build/Products/Debug-iphonesimulator/PackageFrameworks"
2026-04-22T16:43:52.1793060Z ignoring duplicate directory "/Users/runner/work/tcm-storage-ios/tcm-storage-ios/build/Build/Products/Debug-iphonesimulator/PackageFrameworks"
2026-04-22T16:43:52.1793810Z ignoring duplicate directory "/Users/runner/work/tcm-storage-ios/tcm-storage-ios/build/Build/Products/Debug-iphonesimulator/PackageFrameworks"
2026-04-22T16:43:52.1794550Z ignoring duplicate directory "/Users/runner/work/tcm-storage-ios/tcm-storage-ios/build/Build/Products/Debug-iphonesimulator/PackageFrameworks"
2026-04-22T16:43:52.1795270Z ignoring duplicate directory "/Users/runner/work/tcm-storage-ios/tcm-storage-ios/build/Build/Products/Debug-iphonesimulator/PackageFrameworks"
2026-04-22T16:43:52.1796030Z ignoring duplicate directory "/Users/runner/work/tcm-storage-ios/tcm-storage-ios/build/Build/Products/Debug-iphonesimulator/PackageFrameworks"
2026-04-22T16:43:52.1796810Z ignoring duplicate directory "/Users/runner/work/tcm-storage-ios/tcm-storage-ios/build/Build/Products/Debug-iphonesimulator/PackageFrameworks"
2026-04-22T16:43:52.1797560Z ignoring duplicate directory "/Users/runner/work/tcm-storage-ios/tcm-storage-ios/build/Build/Products/Debug-iphonesimulator/PackageFrameworks"
2026-04-22T16:43:52.1798300Z ignoring duplicate directory "/Users/runner/work/tcm-storage-ios/tcm-storage-ios/build/Build/Products/Debug-iphonesimulator/PackageFrameworks"
2026-04-22T16:43:52.1800790Z ignoring duplicate directory "/Users/runner/work/tcm-storage-ios/tcm-storage-ios/build/Build/Products/Debug-iphonesimulator/PackageFrameworks"
2026-04-22T16:43:52.1801580Z ignoring duplicate directory "/Users/runner/work/tcm-storage-ios/tcm-storage-ios/build/Build/Products/Debug-iphonesimulator/PackageFrameworks"
2026-04-22T16:43:52.1802350Z ignoring duplicate directory "/Users/runner/work/tcm-storage-ios/tcm-storage-ios/build/Build/Products/Debug-iphonesimulator/PackageFrameworks"
2026-04-22T16:43:52.1803120Z ignoring duplicate directory "/Users/runner/work/tcm-storage-ios/tcm-storage-ios/build/Build/Products/Debug-iphonesimulator/PackageFrameworks"
2026-04-22T16:43:52.1804030Z ignoring duplicate directory "/Users/runner/work/tcm-storage-ios/tcm-storage-ios/build/Build/Products/Debug-iphonesimulator/PackageFrameworks"
2026-04-22T16:43:52.1804800Z ignoring duplicate directory "/Users/runner/work/tcm-storage-ios/tcm-storage-ios/build/Build/Products/Debug-iphonesimulator/PackageFrameworks"
2026-04-22T16:43:52.1805560Z ignoring duplicate directory "/Users/runner/work/tcm-storage-ios/tcm-storage-ios/build/Build/Products/Debug-iphonesimulator/PackageFrameworks"
2026-04-22T16:43:52.1806330Z ignoring duplicate directory "/Users/runner/work/tcm-storage-ios/tcm-storage-ios/build/Build/Products/Debug-iphonesimulator/PackageFrameworks"
2026-04-22T16:43:52.1807060Z ignoring duplicate directory "/Users/runner/work/tcm-storage-ios/tcm-storage-ios/build/Build/Products/Debug-iphonesimulator/PackageFrameworks"
2026-04-22T16:43:52.1807800Z ignoring duplicate directory "/Users/runner/work/tcm-storage-ios/tcm-storage-ios/build/Build/Products/Debug-iphonesimulator/PackageFrameworks"
2026-04-22T16:43:52.1808580Z ignoring duplicate directory "/Users/runner/work/tcm-storage-ios/tcm-storage-ios/build/Build/Products/Debug-iphonesimulator/PackageFrameworks"
2026-04-22T16:43:52.1809410Z ignoring duplicate directory "/Users/runner/work/tcm-storage-ios/tcm-storage-ios/build/Build/Products/Debug-iphonesimulator/PackageFrameworks"
2026-04-22T16:43:52.1810160Z ignoring duplicate directory "/Users/runner/work/tcm-storage-ios/tcm-storage-ios/build/Build/Products/Debug-iphonesimulator/PackageFrameworks"
2026-04-22T16:43:52.1810980Z ignoring duplicate directory "/Users/runner/work/tcm-storage-ios/tcm-storage-ios/build/Build/Products/Debug-iphonesimulator/PackageFrameworks"
2026-04-22T16:43:52.1811710Z ignoring duplicate directory "/Users/runner/work/tcm-storage-ios/tcm-storage-ios/build/Build/Products/Debug-iphonesimulator/PackageFrameworks"
2026-04-22T16:43:52.1812430Z ignoring duplicate directory "/Users/runner/work/tcm-storage-ios/tcm-storage-ios/build/Build/Products/Debug-iphonesimulator/PackageFrameworks"
2026-04-22T16:43:52.1813180Z ignoring duplicate directory "/Users/runner/work/tcm-storage-ios/tcm-storage-ios/build/Build/Products/Debug-iphonesimulator/PackageFrameworks"
2026-04-22T16:43:52.1813630Z #include "..." search starts here:
2026-04-22T16:43:52.1814180Z  /Users/runner/work/tcm-storage-ios/tcm-storage-ios/build/Build/Intermediates.noindex/Nextcloud.build/Debug-iphonesimulator/Share.build/Share-generated-files.hmap (headermap)
2026-04-22T16:43:52.1815110Z  /Users/runner/work/tcm-storage-ios/tcm-storage-ios/build/Build/Intermediates.noindex/Nextcloud.build/Debug-iphonesimulator/Share.build/Share-project-headers.hmap (headermap)
2026-04-22T16:43:52.1824060Z #include <...> search starts here:
2026-04-22T16:43:52.1824730Z  /Users/runner/work/tcm-storage-ios/tcm-storage-ios/build/Build/Intermediates.noindex/Nextcloud.build/Debug-iphonesimulator/Share.build/Share-own-target-headers.hmap (headermap)
2026-04-22T16:43:52.1825760Z  /Users/runner/work/tcm-storage-ios/tcm-storage-ios/build/Build/Intermediates.noindex/Nextcloud.build/Debug-iphonesimulator/Share.build/Share-all-non-framework-target-headers.hmap (headermap)
2026-04-22T16:43:52.1826540Z  /Users/runner/work/tcm-storage-ios/tcm-storage-ios/build/SourcePackages/checkouts/realm-core/src
2026-04-22T16:43:52.1827060Z  /Users/runner/work/tcm-storage-ios/tcm-storage-ios/build/SourcePackages/checkouts/realm-core/src/external/s2
2026-04-22T16:43:52.1827700Z  /Users/runner/work/tcm-storage-ios/tcm-storage-ios/build/SourcePackages/checkouts/realm-core/src/external/IntelRDFPMathLib20U2/LIBRARY/src
2026-04-22T16:43:52.1828320Z  /Users/runner/work/tcm-storage-ios/tcm-storage-ios/build/SourcePackages/checkouts/realm-core/src/spm
2026-04-22T16:43:52.1828830Z  /Users/runner/work/tcm-storage-ios/tcm-storage-ios/build/SourcePackages/checkouts/realm-swift/include
2026-04-22T16:43:52.1829400Z  /Users/runner/work/tcm-storage-ios/tcm-storage-ios/build/SourcePackages/checkouts/swift-atomics/Sources/_AtomicsShims/include
2026-04-22T16:43:52.1830200Z  /Users/runner/work/tcm-storage-ios/tcm-storage-ios/build/SourcePackages/checkouts/swift-nio/Sources/CNIOPosix/include
2026-04-22T16:43:52.1830810Z  /Users/runner/work/tcm-storage-ios/tcm-storage-ios/build/SourcePackages/checkouts/swift-nio/Sources/CNIOWASI/include
2026-04-22T16:43:52.1831410Z  /Users/runner/work/tcm-storage-ios/tcm-storage-ios/build/SourcePackages/checkouts/swift-nio/Sources/CNIOWindows/include
2026-04-22T16:43:52.1832040Z  /Users/runner/work/tcm-storage-ios/tcm-storage-ios/build/SourcePackages/checkouts/swift-nio/Sources/CNIOLinux/include
2026-04-22T16:43:52.1832640Z  /Users/runner/work/tcm-storage-ios/tcm-storage-ios/build/SourcePackages/checkouts/swift-nio/Sources/CNIODarwin/include
2026-04-22T16:43:52.1834140Z  /Users/runner/work/tcm-storage-ios/tcm-storage-ios/build/SourcePackages/checkouts/swift-nio/Sources/CNIOOpenBSD/include
2026-04-22T16:43:52.1834810Z  /Users/runner/work/tcm-storage-ios/tcm-storage-ios/build/SourcePackages/checkouts/swift-nio/Sources/CNIOAtomics/include
2026-04-22T16:43:52.1835470Z  /Users/runner/work/tcm-storage-ios/tcm-storage-ios/build/SourcePackages/checkouts/swift-nio-ssl/Sources/CNIOBoringSSLShims/include
2026-04-22T16:43:52.1838450Z  /Users/runner/work/tcm-storage-ios/tcm-storage-ios/build/SourcePackages/checkouts/swift-nio-ssl/Sources/CNIOBoringSSL/include
2026-04-22T16:43:52.1839230Z  /Users/runner/work/tcm-storage-ios/tcm-storage-ios/build/SourcePackages/checkouts/GzipSwift/Sources/system-zlib/include
2026-04-22T16:43:52.1839960Z  /Users/runner/work/tcm-storage-ios/tcm-storage-ios/build/Build/Intermediates.noindex/Nextcloud.build/Debug-iphonesimulator/Share.build/DerivedSources
2026-04-22T16:43:52.1840700Z  /Users/runner/work/tcm-storage-ios/tcm-storage-ios/build/Build/Products/Debug-iphonesimulator/PackageFrameworks (framework directory)
2026-04-22T16:43:52.1841350Z  /Users/runner/work/tcm-storage-ios/tcm-storage-ios/build/Build/Products/Debug-iphonesimulator (framework directory)
2026-04-22T16:43:52.1841990Z  /Applications/Xcode_26.2.app/Contents/Developer/Platforms/iPhoneSimulator.platform/Developer/Library/Frameworks (framework directory)
2026-04-22T16:43:52.1842800Z  /Applications/Xcode_26.2.app/Contents/Developer/Platforms/iPhoneSimulator.platform/Developer/SDKs/iPhoneSimulator26.2.sdk/Developer/Library/Frameworks (framework directory)
2026-04-22T16:43:52.1843550Z  /Applications/Xcode_26.2.app/Contents/Developer/Toolchains/XcodeDefault.xctoolchain/usr/lib/clang/17/include
2026-04-22T16:43:52.1844190Z  /Applications/Xcode_26.2.app/Contents/Developer/Platforms/iPhoneSimulator.platform/Developer/SDKs/iPhoneSimulator26.2.sdk/usr/include
2026-04-22T16:43:52.1844770Z  /Applications/Xcode_26.2.app/Contents/Developer/Toolchains/XcodeDefault.xctoolchain/usr/include
2026-04-22T16:43:52.1845460Z  /Applications/Xcode_26.2.app/Contents/Developer/Platforms/iPhoneSimulator.platform/Developer/SDKs/iPhoneSimulator26.2.sdk/System/Library/Frameworks (framework directory)
2026-04-22T16:43:52.1846380Z  /Applications/Xcode_26.2.app/Contents/Developer/Platforms/iPhoneSimulator.platform/Developer/SDKs/iPhoneSimulator26.2.sdk/System/Library/SubFrameworks (framework directory)
2026-04-22T16:43:52.1847020Z End of search list.
2026-04-22T16:43:52.1847270Z clang -cc1 version 17.0.0 (clang-1700.6.3.2) default target arm64-apple-darwin24.6.0
2026-04-22T16:43:52.1847820Z ignoring nonexistent directory "/Users/runner/work/tcm-storage-ios/tcm-storage-ios/build/Build/Products/Debug-iphonesimulator/include"
2026-04-22T16:43:52.1848730Z ignoring nonexistent directory "/Users/runner/work/tcm-storage-ios/tcm-storage-ios/build/Build/Intermediates.noindex/Nextcloud.build/Debug-iphonesimulator/Share.build/DerivedSources-normal/arm64"
2026-04-22T16:43:52.1851220Z ignoring nonexistent directory "/Users/runner/work/tcm-storage-ios/tcm-storage-ios/build/Build/Intermediates.noindex/Nextcloud.build/Debug-iphonesimulator/Share.build/DerivedSources/arm64"
2026-04-22T16:43:52.1852250Z ignoring nonexistent directory "/Applications/Xcode_26.2.app/Contents/Developer/Platforms/iPhoneSimulator.platform/Developer/SDKs/iPhoneSimulator26.2.sdk/usr/local/include"
2026-04-22T16:43:52.1853300Z ignoring nonexistent directory "/Applications/Xcode_26.2.app/Contents/Developer/Platforms/iPhoneSimulator.platform/Developer/SDKs/iPhoneSimulator26.2.sdk/Library/Frameworks"
2026-04-22T16:43:52.1854240Z ignoring duplicate directory "/Users/runner/work/tcm-storage-ios/tcm-storage-ios/build/Build/Products/Debug-iphonesimulator/PackageFrameworks"
2026-04-22T16:43:52.1854980Z ignoring duplicate directory "/Users/runner/work/tcm-storage-ios/tcm-storage-ios/build/Build/Products/Debug-iphonesimulator/PackageFrameworks"
2026-04-22T16:43:52.1855710Z ignoring duplicate directory "/Users/runner/work/tcm-storage-ios/tcm-storage-ios/build/Build/Products/Debug-iphonesimulator/PackageFrameworks"
2026-04-22T16:43:52.1856440Z ignoring duplicate directory "/Users/runner/work/tcm-storage-ios/tcm-storage-ios/build/Build/Products/Debug-iphonesimulator/PackageFrameworks"
2026-04-22T16:43:52.1857160Z ignoring duplicate directory "/Users/runner/work/tcm-storage-ios/tcm-storage-ios/build/Build/Products/Debug-iphonesimulator/PackageFrameworks"
2026-04-22T16:43:52.1857990Z ignoring duplicate directory "/Users/runner/work/tcm-storage-ios/tcm-storage-ios/build/Build/Products/Debug-iphonesimulator/PackageFrameworks"
2026-04-22T16:43:52.1858720Z ignoring duplicate directory "/Users/runner/work/tcm-storage-ios/tcm-storage-ios/build/Build/Products/Debug-iphonesimulator/PackageFrameworks"
2026-04-22T16:43:52.1859450Z ignoring duplicate directory "/Users/runner/work/tcm-storage-ios/tcm-storage-ios/build/Build/Products/Debug-iphonesimulator/PackageFrameworks"
2026-04-22T16:43:52.1860170Z ignoring duplicate directory "/Users/runner/work/tcm-storage-ios/tcm-storage-ios/build/Build/Products/Debug-iphonesimulator/PackageFrameworks"
2026-04-22T16:43:52.1860900Z ignoring duplicate directory "/Users/runner/work/tcm-storage-ios/tcm-storage-ios/build/Build/Products/Debug-iphonesimulator/PackageFrameworks"
2026-04-22T16:43:52.1861620Z ignoring duplicate directory "/Users/runner/work/tcm-storage-ios/tcm-storage-ios/build/Build/Products/Debug-iphonesimulator/PackageFrameworks"
2026-04-22T16:43:52.1862350Z ignoring duplicate directory "/Users/runner/work/tcm-storage-ios/tcm-storage-ios/build/Build/Products/Debug-iphonesimulator/PackageFrameworks"
2026-04-22T16:43:52.1863150Z ignoring duplicate directory "/Users/runner/work/tcm-storage-ios/tcm-storage-ios/build/Build/Products/Debug-iphonesimulator/PackageFrameworks"
2026-04-22T16:43:52.1863880Z ignoring duplicate directory "/Users/runner/work/tcm-storage-ios/tcm-storage-ios/build/Build/Products/Debug-iphonesimulator/PackageFrameworks"
2026-04-22T16:43:52.1864630Z ignoring duplicate directory "/Users/runner/work/tcm-storage-ios/tcm-storage-ios/build/Build/Products/Debug-iphonesimulator/PackageFrameworks"
2026-04-22T16:43:52.1865350Z ignoring duplicate directory "/Users/runner/work/tcm-storage-ios/tcm-storage-ios/build/Build/Products/Debug-iphonesimulator/PackageFrameworks"
2026-04-22T16:43:52.1866060Z ignoring duplicate directory "/Users/runner/work/tcm-storage-ios/tcm-storage-ios/build/Build/Products/Debug-iphonesimulator/PackageFrameworks"
2026-04-22T16:43:52.1866790Z ignoring duplicate directory "/Users/runner/work/tcm-storage-ios/tcm-storage-ios/build/Build/Products/Debug-iphonesimulator/PackageFrameworks"
2026-04-22T16:43:52.1867530Z ignoring duplicate directory "/Users/runner/work/tcm-storage-ios/tcm-storage-ios/build/Build/Products/Debug-iphonesimulator/PackageFrameworks"
2026-04-22T16:43:52.1868260Z ignoring duplicate directory "/Users/runner/work/tcm-storage-ios/tcm-storage-ios/build/Build/Products/Debug-iphonesimulator/PackageFrameworks"
2026-04-22T16:43:52.1870080Z ignoring duplicate directory "/Users/runner/work/tcm-storage-ios/tcm-storage-ios/build/Build/Products/Debug-iphonesimulator/PackageFrameworks"
2026-04-22T16:43:52.1870870Z ignoring duplicate directory "/Users/runner/work/tcm-storage-ios/tcm-storage-ios/build/Build/Products/Debug-iphonesimulator/PackageFrameworks"
2026-04-22T16:43:52.1871890Z ignoring duplicate directory "/Users/runner/work/tcm-storage-ios/tcm-storage-ios/build/Build/Products/Debug-iphonesimulator/PackageFrameworks"
2026-04-22T16:43:52.1872840Z ignoring duplicate directory "/Users/runner/work/tcm-storage-ios/tcm-storage-ios/build/Build/Products/Debug-iphonesimulator/PackageFrameworks"
2026-04-22T16:43:52.1873590Z ignoring duplicate directory "/Users/runner/work/tcm-storage-ios/tcm-storage-ios/build/Build/Products/Debug-iphonesimulator/PackageFrameworks"
2026-04-22T16:43:52.1874320Z ignoring duplicate directory "/Users/runner/work/tcm-storage-ios/tcm-storage-ios/build/Build/Products/Debug-iphonesimulator/PackageFrameworks"
2026-04-22T16:43:52.1875040Z ignoring duplicate directory "/Users/runner/work/tcm-storage-ios/tcm-storage-ios/build/Build/Products/Debug-iphonesimulator/PackageFrameworks"
2026-04-22T16:43:52.1875770Z ignoring duplicate directory "/Users/runner/work/tcm-storage-ios/tcm-storage-ios/build/Build/Products/Debug-iphonesimulator/PackageFrameworks"
2026-04-22T16:43:52.1876510Z ignoring duplicate directory "/Users/runner/work/tcm-storage-ios/tcm-storage-ios/build/Build/Products/Debug-iphonesimulator/PackageFrameworks"
2026-04-22T16:43:52.1877360Z ignoring duplicate directory "/Users/runner/work/tcm-storage-ios/tcm-storage-ios/build/Build/Products/Debug-iphonesimulator/PackageFrameworks"
2026-04-22T16:43:52.1878090Z ignoring duplicate directory "/Users/runner/work/tcm-storage-ios/tcm-storage-ios/build/Build/Products/Debug-iphonesimulator/PackageFrameworks"
2026-04-22T16:43:52.1878820Z ignoring duplicate directory "/Users/runner/work/tcm-storage-ios/tcm-storage-ios/build/Build/Products/Debug-iphonesimulator/PackageFrameworks"
2026-04-22T16:43:52.1879550Z ignoring duplicate directory "/Users/runner/work/tcm-storage-ios/tcm-storage-ios/build/Build/Products/Debug-iphonesimulator/PackageFrameworks"
2026-04-22T16:43:52.1880280Z ignoring duplicate directory "/Users/runner/work/tcm-storage-ios/tcm-storage-ios/build/Build/Products/Debug-iphonesimulator/PackageFrameworks"
2026-04-22T16:43:52.1881010Z ignoring duplicate directory "/Users/runner/work/tcm-storage-ios/tcm-storage-ios/build/Build/Products/Debug-iphonesimulator/PackageFrameworks"
2026-04-22T16:43:52.1882760Z ignoring duplicate directory "/Users/runner/work/tcm-storage-ios/tcm-storage-ios/build/Build/Products/Debug-iphonesimulator/PackageFrameworks"
2026-04-22T16:43:52.1883500Z ignoring duplicate directory "/Users/runner/work/tcm-storage-ios/tcm-storage-ios/build/Build/Products/Debug-iphonesimulator/PackageFrameworks"
2026-04-22T16:43:52.1884230Z ignoring duplicate directory "/Users/runner/work/tcm-storage-ios/tcm-storage-ios/build/Build/Products/Debug-iphonesimulator/PackageFrameworks"
2026-04-22T16:43:52.1886870Z ignoring duplicate directory "/Users/runner/work/tcm-storage-ios/tcm-storage-ios/build/Build/Products/Debug-iphonesimulator/PackageFrameworks"
2026-04-22T16:43:52.1887630Z ignoring duplicate directory "/Users/runner/work/tcm-storage-ios/tcm-storage-ios/build/Build/Products/Debug-iphonesimulator/PackageFrameworks"
2026-04-22T16:43:52.1888130Z #include "..." search starts here:
2026-04-22T16:43:52.1888700Z  /Users/runner/work/tcm-storage-ios/tcm-storage-ios/build/Build/Intermediates.noindex/Nextcloud.build/Debug-iphonesimulator/Share.build/Share-generated-files.hmap (headermap)
2026-04-22T16:43:52.1889660Z  /Users/runner/work/tcm-storage-ios/tcm-storage-ios/build/Build/Intermediates.noindex/Nextcloud.build/Debug-iphonesimulator/Share.build/Share-project-headers.hmap (headermap)
2026-04-22T16:43:52.1890220Z #include <...> search starts here:
2026-04-22T16:43:52.1890780Z  /Users/runner/work/tcm-storage-ios/tcm-storage-ios/build/Build/Intermediates.noindex/Nextcloud.build/Debug-iphonesimulator/Share.build/Share-own-target-headers.hmap (headermap)
2026-04-22T16:43:52.1891800Z  /Users/runner/work/tcm-storage-ios/tcm-storage-ios/build/Build/Intermediates.noindex/Nextcloud.build/Debug-iphonesimulator/Share.build/Share-all-non-framework-target-headers.hmap (headermap)
2026-04-22T16:43:52.1892920Z  /Users/runner/work/tcm-storage-ios/tcm-storage-ios/build/SourcePackages/checkouts/realm-core/src
2026-04-22T16:43:52.1893660Z  /Users/runner/work/tcm-storage-ios/tcm-storage-ios/build/SourcePackages/checkouts/realm-core/src/external/s2
2026-04-22T16:43:52.1894300Z  /Users/runner/work/tcm-storage-ios/tcm-storage-ios/build/SourcePackages/checkouts/realm-core/src/external/IntelRDFPMathLib20U2/LIBRARY/src
2026-04-22T16:43:52.1894940Z  /Users/runner/work/tcm-storage-ios/tcm-storage-ios/build/SourcePackages/checkouts/realm-core/src/spm
2026-04-22T16:43:52.1895470Z  /Users/runner/work/tcm-storage-ios/tcm-storage-ios/build/SourcePackages/checkouts/realm-swift/include
2026-04-22T16:43:52.1896050Z  /Users/runner/work/tcm-storage-ios/tcm-storage-ios/build/SourcePackages/checkouts/swift-atomics/Sources/_AtomicsShims/include
2026-04-22T16:43:52.1896680Z  /Users/runner/work/tcm-storage-ios/tcm-storage-ios/build/SourcePackages/checkouts/swift-nio/Sources/CNIOPosix/include
2026-04-22T16:43:52.1897280Z  /Users/runner/work/tcm-storage-ios/tcm-storage-ios/build/SourcePackages/checkouts/swift-nio/Sources/CNIOWASI/include
2026-04-22T16:43:52.1897910Z  /Users/runner/work/tcm-storage-ios/tcm-storage-ios/build/SourcePackages/checkouts/swift-nio/Sources/CNIOWindows/include
2026-04-22T16:43:52.1898790Z  /Users/runner/work/tcm-storage-ios/tcm-storage-ios/build/SourcePackages/checkouts/swift-nio/Sources/CNIOLinux/include
2026-04-22T16:43:52.1899430Z  /Users/runner/work/tcm-storage-ios/tcm-storage-ios/build/SourcePackages/checkouts/swift-nio/Sources/CNIODarwin/include
2026-04-22T16:43:52.1900050Z  /Users/runner/work/tcm-storage-ios/tcm-storage-ios/build/SourcePackages/checkouts/swift-nio/Sources/CNIOOpenBSD/include
2026-04-22T16:43:52.1900680Z  /Users/runner/work/tcm-storage-ios/tcm-storage-ios/build/SourcePackages/checkouts/swift-nio/Sources/CNIOAtomics/include
2026-04-22T16:43:52.1901350Z  /Users/runner/work/tcm-storage-ios/tcm-storage-ios/build/SourcePackages/checkouts/swift-nio-ssl/Sources/CNIOBoringSSLShims/include
2026-04-22T16:43:52.1903760Z  /Users/runner/work/tcm-storage-ios/tcm-storage-ios/build/SourcePackages/checkouts/swift-nio-ssl/Sources/CNIOBoringSSL/includeApple clang version 17.0.0 (clang-1700.6.3.2)
2026-04-22T16:43:52.1904260Z 
2026-04-22T16:43:52.1904550Z  /Users/runner/work/tcm-storage-ios/tcm-storage-ios/build/SourcePackages/checkouts/GzipSwift/Sources/system-zlib/include
2026-04-22T16:43:52.1905410Z  Target: /Users/runner/work/tcm-storage-ios/tcm-storage-ios/build/Build/Intermediates.noindex/Nextcloud.build/Debug-iphonesimulator/Share.build/DerivedSources
2026-04-22T16:43:52.1906280Z  /Users/runner/work/tcm-storage-ios/tcm-storage-ios/build/Build/Products/Debug-iphonesimulator/PackageFrameworksarm64-apple-ios17.0-simulator (framework directory)
2026-04-22T16:43:52.1906770Z 
2026-04-22T16:43:52.1907040Z  /Users/runner/work/tcm-storage-ios/tcm-storage-ios/build/Build/Products/Debug-iphonesimulator (framework directory)
2026-04-22T16:43:52.1907700Z  /Applications/Xcode_26.2.app/Contents/Developer/Platforms/iPhoneSimulator.platform/Developer/Library/Frameworks (framework directory)
2026-04-22T16:43:52.1908510Z  /Applications/Xcode_26.2.app/Contents/Developer/Platforms/iPhoneSimulator.platform/Developer/SDKs/iPhoneSimulator26.2.sdk/Developer/Library/Frameworks (framework directory)
2026-04-22T16:43:52.1909260Z  /Applications/Xcode_26.2.app/Contents/Developer/Toolchains/XcodeDefault.xctoolchain/usr/lib/clang/17/include
2026-04-22T16:43:52.1909890Z  /Applications/Xcode_26.2.app/Contents/Developer/Platforms/iPhoneSimulator.platform/Developer/SDKs/iPhoneSimulator26.2.sdk/usr/include
2026-04-22T16:43:52.1910480Z  /Applications/Xcode_26.2.app/Contents/Developer/Toolchains/XcodeDefault.xctoolchain/usr/include
2026-04-22T16:43:52.1911180Z  /Applications/Xcode_26.2.app/Contents/Developer/Platforms/iPhoneSimulator.platform/Developer/SDKs/iPhoneSimulator26.2.sdk/System/Library/Frameworks (framework directory)
2026-04-22T16:43:52.1912080Z  /Applications/Xcode_26.2.app/Contents/Developer/Platforms/iPhoneSimulator.platform/Developer/SDKs/iPhoneSimulator26.2.sdk/System/Library/SubFrameworks (framework directory)
2026-04-22T16:43:52.1912770Z End of search list.
2026-04-22T16:43:52.1912900Z Thread model: posix
2026-04-22T16:43:52.1913310Z InstalledDir: /Applications/Xcode_26.2.app/Contents/Developer/Toolchains/XcodeDefault.xctoolchain/usr/bin
2026-04-22T16:43:52.1913820Z clang -cc1 version 17.0.0 (clang-1700.6.3.2) default target arm64-apple-darwin24.6.0
2026-04-22T16:43:52.1914370Z ignoring nonexistent directory "/Users/runner/work/tcm-storage-ios/tcm-storage-ios/build/Build/Products/Debug-iphonesimulator/include"
2026-04-22T16:43:52.1915290Z ignoring nonexistent directory "/Users/runner/work/tcm-storage-ios/tcm-storage-ios/build/Build/Intermediates.noindex/Nextcloud.build/Debug-iphonesimulator/Share.build/DerivedSources-normal/arm64"
2026-04-22T16:43:52.1916470Z ignoring nonexistent directory "/Users/runner/work/tcm-storage-ios/tcm-storage-ios/build/Build/Intermediates.noindex/Nextcloud.build/Debug-iphonesimulator/Share.build/DerivedSources/arm64"
2026-04-22T16:43:52.1917420Z ignoring nonexistent directory "/Applications/Xcode_26.2.app/Contents/Developer/Platforms/iPhoneSimulator.platform/Developer/SDKs/iPhoneSimulator26.2.sdk/usr/local/include"
2026-04-22T16:43:52.1918440Z ignoring nonexistent directory "/Applications/Xcode_26.2.app/Contents/Developer/Platforms/iPhoneSimulator.platform/Developer/SDKs/iPhoneSimulator26.2.sdk/Library/Frameworks"
2026-04-22T16:43:52.1919270Z ignoring duplicate directory "/Users/runner/work/tcm-storage-ios/tcm-storage-ios/build/Build/Products/Debug-iphonesimulator/PackageFrameworks"
2026-04-22T16:43:52.1920410Z ignoring duplicate directory "/Users/runner/work/tcm-storage-ios/tcm-storage-ios/build/Build/Products/Debug-iphonesimulator/PackageFrameworks"
2026-04-22T16:43:52.1922030Z ignoring duplicate directory "/Users/runner/work/tcm-storage-ios/tcm-storage-ios/build/Build/Products/Debug-iphonesimulator/PackageFrameworks"
2026-04-22T16:43:52.1922770Z ignoring duplicate directory "/Users/runner/work/tcm-storage-ios/tcm-storage-ios/build/Build/Products/Debug-iphonesimulator/PackageFrameworks"
2026-04-22T16:43:52.1923760Z ignoring duplicate directory "/Users/runner/work/tcm-storage-ios/tcm-storage-ios/build/Build/Products/Debug-iphonesimulator/PackageFrameworks"
2026-04-22T16:43:52.1924510Z ignoring duplicate directory "/Users/runner/work/tcm-storage-ios/tcm-storage-ios/build/Build/Products/Debug-iphonesimulator/PackageFrameworks"
2026-04-22T16:43:52.1925240Z ignoring duplicate directory "/Users/runner/work/tcm-storage-ios/tcm-storage-ios/build/Build/Products/Debug-iphonesimulator/PackageFrameworks"
2026-04-22T16:43:52.1925970Z ignoring duplicate directory "/Users/runner/work/tcm-storage-ios/tcm-storage-ios/build/Build/Products/Debug-iphonesimulator/PackageFrameworks"
2026-04-22T16:43:52.1926690Z ignoring duplicate directory "/Users/runner/work/tcm-storage-ios/tcm-storage-ios/build/Build/Products/Debug-iphonesimulator/PackageFrameworks"
2026-04-22T16:43:52.1927480Z ignoring duplicate directory "clang -cc1 version 17.0.0 /Users/runner/work/tcm-storage-ios/tcm-storage-ios/build/Build/Products/Debug-iphonesimulator/PackageFrameworks"
2026-04-22T16:43:52.1928360Z (clang-1700.6.3.2) default target ignoring duplicate directory "/Users/runner/work/tcm-storage-ios/tcm-storage-ios/build/Build/Products/Debug-iphonesimulator/PackageFrameworks"
2026-04-22T16:43:52.1929180Z ignoring duplicate directory "/Users/runner/work/tcm-storage-ios/tcm-storage-ios/build/Build/Products/Debug-iphonesimulator/PackageFrameworks"
2026-04-22T16:43:52.1929910Z ignoring duplicate directory "/Users/runner/work/tcm-storage-ios/tcm-storage-ios/build/Build/Products/Debug-iphonesimulator/PackageFrameworks"
2026-04-22T16:43:52.1930630Z ignoring duplicate directory "/Users/runner/work/tcm-storage-ios/tcm-storage-ios/build/Build/Products/Debug-iphonesimulator/PackageFrameworks"
2026-04-22T16:43:52.1931350Z ignoring duplicate directory "/Users/runner/work/tcm-storage-ios/tcm-storage-ios/build/Build/Products/Debug-iphonesimulator/PackageFrameworks"
2026-04-22T16:43:52.1932070Z ignoring duplicate directory "/Users/runner/work/tcm-storage-ios/tcm-storage-ios/build/Build/Products/Debug-iphonesimulator/PackageFrameworks"
2026-04-22T16:43:52.1932890Z ignoring duplicate directory "/Users/runner/work/tcm-storage-ios/tcm-storage-ios/build/Build/Products/Debug-iphonesimulator/PackageFrameworks"
2026-04-22T16:43:52.1933610Z ignoring duplicate directory "/Users/runner/work/tcm-storage-ios/tcm-storage-ios/build/Build/Products/Debug-iphonesimulator/PackageFrameworks"
2026-04-22T16:43:52.1934330Z ignoring duplicate directory "/Users/runner/work/tcm-storage-ios/tcm-storage-ios/build/Build/Products/Debug-iphonesimulator/PackageFrameworks"
2026-04-22T16:43:52.1936390Z ignoring duplicate directory "/Users/runner/work/tcm-storage-ios/tcm-storage-ios/build/Build/Products/Debug-iphonesimulator/PackageFrameworks"
2026-04-22T16:43:52.1937130Z ignoring duplicate directory "/Users/runner/work/tcm-storage-ios/tcm-storage-ios/build/Build/Products/Debug-iphonesimulator/PackageFrameworks"
2026-04-22T16:43:52.1938350Z ignoring duplicate directory "/Users/runner/work/tcm-storage-ios/tcm-storage-ios/build/Build/Products/Debug-iphonesimulator/PackageFrameworks"
2026-04-22T16:43:52.1939250Z ignoring duplicate directory "/Users/runner/work/tcm-storage-ios/tcm-storage-ios/build/Build/Products/Debug-iphonesimulator/PackageFrameworks"
2026-04-22T16:43:52.1941210Z arm64-apple-darwin24.6.0ignoring duplicate directory "
2026-04-22T16:43:52.1941630Z /Users/runner/work/tcm-storage-ios/tcm-storage-ios/build/Build/Products/Debug-iphonesimulator/PackageFrameworks"
2026-04-22T16:43:52.1942290Z ignoring duplicate directory "/Users/runner/work/tcm-storage-ios/tcm-storage-ios/build/Build/Products/Debug-iphonesimulator/PackageFrameworks"
2026-04-22T16:43:52.1943010Z ignoring duplicate directory "/Users/runner/work/tcm-storage-ios/tcm-storage-ios/build/Build/Products/Debug-iphonesimulator/PackageFrameworks"
2026-04-22T16:43:52.1943740Z ignoring duplicate directory "/Users/runner/work/tcm-storage-ios/tcm-storage-ios/build/Build/Products/Debug-iphonesimulator/PackageFrameworks"
2026-04-22T16:43:52.1944460Z ignoring duplicate directory "/Users/runner/work/tcm-storage-ios/tcm-storage-ios/build/Build/Products/Debug-iphonesimulator/PackageFrameworks"
2026-04-22T16:43:52.1945190Z ignoring duplicate directory "/Users/runner/work/tcm-storage-ios/tcm-storage-ios/build/Build/Products/Debug-iphonesimulator/PackageFrameworks"
2026-04-22T16:43:52.1945910Z ignoring duplicate directory "/Users/runner/work/tcm-storage-ios/tcm-storage-ios/build/Build/Products/Debug-iphonesimulator/PackageFrameworks"
2026-04-22T16:43:52.1946640Z ignoring duplicate directory "/Users/runner/work/tcm-storage-ios/tcm-storage-ios/build/Build/Products/Debug-iphonesimulator/PackageFrameworks"
2026-04-22T16:43:52.1947370Z ignoring duplicate directory "/Users/runner/work/tcm-storage-ios/tcm-storage-ios/build/Build/Products/Debug-iphonesimulator/PackageFrameworks"
2026-04-22T16:43:52.1948500Z ignoring duplicate directory "/Users/runner/work/tcm-storage-ios/tcm-storage-ios/build/Build/Products/Debug-iphonesimulator/PackageFrameworks"
2026-04-22T16:43:52.1949320Z ignoring duplicate directory "/Users/runner/work/tcm-storage-ios/tcm-storage-ios/build/Build/Products/Debug-iphonesimulator/PackageFrameworks"
2026-04-22T16:43:52.1950090Z ignoring duplicate directory "/Users/runner/work/tcm-storage-ios/tcm-storage-ios/build/Build/Products/Debug-iphonesimulator/PackageFrameworks"
2026-04-22T16:43:52.1950820Z ignoring duplicate directory "/Users/runner/work/tcm-storage-ios/tcm-storage-ios/build/Build/Products/Debug-iphonesimulator/PackageFrameworks"
2026-04-22T16:43:52.1953130Z ignoring duplicate directory "/Users/runner/work/tcm-storage-ios/tcm-storage-ios/build/Build/Products/Debug-iphonesimulator/PackageFrameworks"
2026-04-22T16:43:52.1953860Z ignoring duplicate directory "/Users/runner/work/tcm-storage-ios/tcm-storage-ios/build/Build/Products/Debug-iphonesimulator/PackageFrameworks"
2026-04-22T16:43:52.1954590Z ignoring duplicate directory "/Users/runner/work/tcm-storage-ios/tcm-storage-ios/build/Build/Products/Debug-iphonesimulator/PackageFrameworks"
2026-04-22T16:43:52.1955640Z ignoring duplicate directory "/Users/runner/work/tcm-storage-ios/tcm-storage-ios/build/Build/Products/Debug-iphonesimulator/PackageFrameworks"
2026-04-22T16:43:52.1956110Z #include "..." search starts here:
2026-04-22T16:43:52.1956660Z  /Users/runner/work/tcm-storage-ios/tcm-storage-ios/build/Build/Intermediates.noindex/Nextcloud.build/Debug-iphonesimulator/Share.build/Share-generated-files.hmap (headermap)
2026-04-22T16:43:52.1957600Z  /Users/runner/work/tcm-storage-ios/tcm-storage-ios/build/Build/Intermediates.noindex/Nextcloud.build/Debug-iphonesimulator/Share.build/Share-project-headers.hmap (headermap)
2026-04-22T16:43:52.1958150Z #include <...> search starts here:
2026-04-22T16:43:52.1958700Z  /Users/runner/work/tcm-storage-ios/tcm-storage-ios/build/Build/Intermediates.noindex/Nextcloud.build/Debug-iphonesimulator/Share.build/Share-own-target-headers.hmap (headermap)
2026-04-22T16:43:52.1959690Z  /Users/runner/work/tcm-storage-ios/tcm-storage-ios/build/Build/Intermediates.noindex/Nextcloud.build/Debug-iphonesimulator/Share.build/Share-all-non-framework-target-headers.hmap (headermap)
2026-04-22T16:43:52.1960460Z  /Users/runner/work/tcm-storage-ios/tcm-storage-ios/build/SourcePackages/checkouts/realm-core/src
2026-04-22T16:43:52.1961100Z  /Users/runner/work/tcm-storage-ios/tcm-storage-ios/build/SourcePackages/checkouts/realm-core/src/external/s2
2026-04-22T16:43:52.1961830Z  /Users/runner/work/tcm-storage-ios/tcm-storage-ios/build/SourcePackages/checkouts/realm-core/src/external/IntelRDFPMathLib20U2/LIBRARY/src
2026-04-22T16:43:52.1962460Z  /Users/runner/work/tcm-storage-ios/tcm-storage-ios/build/SourcePackages/checkouts/realm-core/src/spm
2026-04-22T16:43:52.1962970Z  /Users/runner/work/tcm-storage-ios/tcm-storage-ios/build/SourcePackages/checkouts/realm-swift/include
2026-04-22T16:43:52.1963580Z  /Users/runner/work/tcm-storage-ios/tcm-storage-ios/build/SourcePackages/checkouts/swift-atomics/Sources/_AtomicsShims/include
2026-04-22T16:43:52.1964220Z  /Users/runner/work/tcm-storage-ios/tcm-storage-ios/build/SourcePackages/checkouts/swift-nio/Sources/CNIOPosix/include
2026-04-22T16:43:52.1964830Z  /Users/runner/work/tcm-storage-ios/tcm-storage-ios/build/SourcePackages/checkouts/swift-nio/Sources/CNIOWASI/include
2026-04-22T16:43:52.1965440Z  /Users/runner/work/tcm-storage-ios/tcm-storage-ios/build/SourcePackages/checkouts/swift-nio/Sources/CNIOWindows/include
2026-04-22T16:43:52.1966040Z  /Users/runner/work/tcm-storage-ios/tcm-storage-ios/build/SourcePackages/checkouts/swift-nio/Sources/CNIOLinux/include
2026-04-22T16:43:52.1966650Z  /Users/runner/work/tcm-storage-ios/tcm-storage-ios/build/SourcePackages/checkouts/swift-nio/Sources/CNIODarwin/include
2026-04-22T16:43:52.1967270Z  /Users/runner/work/tcm-storage-ios/tcm-storage-ios/build/SourcePackages/checkouts/swift-nio/Sources/CNIOOpenBSD/include
2026-04-22T16:43:52.1967880Z  /Users/runner/work/tcm-storage-ios/tcm-storage-ios/build/SourcePackages/checkouts/swift-nio/Sources/CNIOAtomics/include
2026-04-22T16:43:52.1968550Z  /Users/runner/work/tcm-storage-ios/tcm-storage-ios/build/SourcePackages/checkouts/swift-nio-ssl/Sources/CNIOBoringSSLShims/include
2026-04-22T16:43:52.1969220Z  /Users/runner/work/tcm-storage-ios/tcm-storage-ios/build/SourcePackages/checkouts/swift-nio-ssl/Sources/CNIOBoringSSL/include
2026-04-22T16:43:52.1969870Z  /Users/runner/work/tcm-storage-ios/tcm-storage-ios/build/SourcePackages/checkouts/GzipSwift/Sources/system-zlib/include
2026-04-22T16:43:52.1971070Z  /Users/runner/work/tcm-storage-ios/tcm-storage-ios/build/Build/Intermediates.noindex/Nextcloud.build/Debug-iphonesimulator/Share.build/DerivedSources
2026-04-22T16:43:52.1972460Z  /Users/runner/work/tcm-storage-ios/tcm-storage-ios/build/Build/Products/Debug-iphonesimulator/PackageFrameworks (framework directory)
2026-04-22T16:43:52.1973130Z  /Users/runner/work/tcm-storage-ios/tcm-storage-ios/build/Build/Products/Debug-iphonesimulator (framework directory)
2026-04-22T16:43:52.1974060Z  /Applications/Xcode_26.2.app/Contents/Developer/Platforms/iPhoneSimulator.platform/Developer/Library/Frameworks (framework directory)
2026-04-22T16:43:52.1975040Z  /Applications/Xcode_26.2.app/Contents/Developer/Platforms/iPhoneSimulator.platform/Developer/SDKs/iPhoneSimulator26.2.sdk/Developer/Library/Frameworks (framework directory)
2026-04-22T16:43:52.1975780Z  /Applications/Xcode_26.2.app/Contents/Developer/Toolchains/XcodeDefault.xctoolchain/usr/lib/clang/17/include
2026-04-22T16:43:52.1976420Z  /Applications/Xcode_26.2.app/Contents/Developer/Platforms/iPhoneSimulator.platform/Developer/SDKs/iPhoneSimulator26.2.sdk/usr/include
2026-04-22T16:43:52.1977040Z  /Applications/Xcode_26.2.app/Contents/Developer/Toolchains/XcodeDefault.xctoolchain/usr/include
2026-04-22T16:43:52.1977740Z  /Applications/Xcode_26.2.app/Contents/Developer/Platforms/iPhoneSimulator.platform/Developer/SDKs/iPhoneSimulator26.2.sdk/System/Library/Frameworks (framework directory)
2026-04-22T16:43:52.1978640Z  /Applications/Xcode_26.2.app/Contents/Developer/Platforms/iPhoneSimulator.platform/Developer/SDKs/iPhoneSimulator26.2.sdk/System/Library/SubFrameworks (framework directory)
2026-04-22T16:43:52.1979190Z End of search list.
2026-04-22T16:43:52.1979790Z ignoring nonexistent directory "/Users/runner/work/tcm-storage-ios/tcm-storage-ios/build/Build/Products/Debug-iphonesimulator/include"
2026-04-22T16:43:52.1980900Z ignoring nonexistent directory "/Users/runner/work/tcm-storage-ios/tcm-storage-ios/build/Build/Intermediates.noindex/Nextcloud.build/Debug-iphonesimulator/Share.build/DerivedSources-normal/arm64"
2026-04-22T16:43:52.1981910Z ignoring nonexistent directory "/Users/runner/work/tcm-storage-ios/tcm-storage-ios/build/Build/Intermediates.noindex/Nextcloud.build/Debug-iphonesimulator/Share.build/DerivedSources/arm64"
2026-04-22T16:43:52.1982860Z ignoring nonexistent directory "/Applications/Xcode_26.2.app/Contents/Developer/Platforms/iPhoneSimulator.platform/Developer/SDKs/iPhoneSimulator26.2.sdk/usr/local/include"
2026-04-22T16:43:52.1983840Z ignoring nonexistent directory "/Applications/Xcode_26.2.app/Contents/Developer/Platforms/iPhoneSimulator.platform/Developer/SDKs/iPhoneSimulator26.2.sdk/Library/Frameworks"
2026-04-22T16:43:52.1984800Z ignoring duplicate directory "/Users/runner/work/tcm-storage-ios/tcm-storage-ios/build/Build/Products/Debug-iphonesimulator/PackageFrameworks"
2026-04-22T16:43:52.1987570Z ignoring duplicate directory "/Users/runner/work/tcm-storage-ios/tcm-storage-ios/build/Build/Products/Debug-iphonesimulator/PackageFrameworks"
2026-04-22T16:43:52.1988340Z ignoring duplicate directory "/Users/runner/work/tcm-storage-ios/tcm-storage-ios/build/Build/Products/Debug-iphonesimulator/PackageFrameworks"
2026-04-22T16:43:52.1989080Z ignoring duplicate directory "/Users/runner/work/tcm-storage-ios/tcm-storage-ios/build/Build/Products/Debug-iphonesimulator/PackageFrameworks"
2026-04-22T16:43:52.1989810Z ignoring duplicate directory "/Users/runner/work/tcm-storage-ios/tcm-storage-ios/build/Build/Products/Debug-iphonesimulator/PackageFrameworks"
2026-04-22T16:43:52.1990540Z ignoring duplicate directory "/Users/runner/work/tcm-storage-ios/tcm-storage-ios/build/Build/Products/Debug-iphonesimulator/PackageFrameworks"
2026-04-22T16:43:52.1991270Z ignoring duplicate directory "/Users/runner/work/tcm-storage-ios/tcm-storage-ios/build/Build/Products/Debug-iphonesimulator/PackageFrameworks"
2026-04-22T16:43:52.1992000Z ignoring duplicate directory "/Users/runner/work/tcm-storage-ios/tcm-storage-ios/build/Build/Products/Debug-iphonesimulator/PackageFrameworks"
2026-04-22T16:43:52.1992720Z ignoring duplicate directory "/Users/runner/work/tcm-storage-ios/tcm-storage-ios/build/Build/Products/Debug-iphonesimulator/PackageFrameworks"
2026-04-22T16:43:52.1993600Z ignoring duplicate directory "/Users/runner/work/tcm-storage-ios/tcm-storage-ios/build/Build/Products/Debug-iphonesimulator/PackageFrameworks"
2026-04-22T16:43:52.1994330Z ignoring duplicate directory "/Users/runner/work/tcm-storage-ios/tcm-storage-ios/build/Build/Products/Debug-iphonesimulator/PackageFrameworks"
2026-04-22T16:43:52.1995060Z ignoring duplicate directory "/Users/runner/work/tcm-storage-ios/tcm-storage-ios/build/Build/Products/Debug-iphonesimulator/PackageFrameworks"
2026-04-22T16:43:52.1995900Z ignoring duplicate directory "/Users/runner/work/tcm-storage-ios/tcm-storage-ios/build/Build/Products/Debug-iphonesimulator/PackageFrameworks"
2026-04-22T16:43:52.1996620Z ignoring duplicate directory "/Users/runner/work/tcm-storage-ios/tcm-storage-ios/build/Build/Products/Debug-iphonesimulator/PackageFrameworks"
2026-04-22T16:43:52.1997350Z ignoring duplicate directory "/Users/runner/work/tcm-storage-ios/tcm-storage-ios/build/Build/Products/Debug-iphonesimulator/PackageFrameworks"
2026-04-22T16:43:52.1998150Z ignoring duplicate directory "/Users/runner/work/tcm-storage-ios/tcm-storage-ios/build/Build/Products/Debug-iphonesimulator/PackageFrameworks"
2026-04-22T16:43:52.1998880Z ignoring duplicate directory "/Users/runner/work/tcm-storage-ios/tcm-storage-ios/build/Build/Products/Debug-iphonesimulator/PackageFrameworks"
2026-04-22T16:43:52.1999620Z ignoring duplicate directory "/Users/runner/work/tcm-storage-ios/tcm-storage-ios/build/Build/Products/Debug-iphonesimulator/PackageFrameworks"
2026-04-22T16:43:52.2000440Z ignoring duplicate directory "/Users/runner/work/tcm-storage-ios/tcm-storage-ios/build/Build/Products/Debug-iphonesimulator/PackageFrameworks"
2026-04-22T16:43:52.2002810Z ignoring duplicate directory "clang -cc1 version 17.0.0 (clang-1700.6.3.2) default target /Users/runner/work/tcm-storage-ios/tcm-storage-ios/build/Build/Products/Debug-iphonesimulator/PackageFrameworks"
2026-04-22T16:43:52.2003710Z ignoring duplicate directory "/Users/runner/work/tcm-storage-ios/tcm-storage-ios/build/Build/Products/Debug-iphonesimulator/PackageFrameworks"
2026-04-22T16:43:52.2004860Z ignoring duplicate directory "/Users/runner/work/tcm-storage-ios/tcm-storage-ios/build/Build/Products/Debug-iphonesimulator/PackageFrameworks"
2026-04-22T16:43:52.2005650Z ignoring duplicate directory "/Users/runner/work/tcm-storage-ios/tcm-storage-ios/build/Build/Products/Debug-iphonesimulator/PackageFrameworks"
2026-04-22T16:43:52.2006410Z ignoring duplicate directory "/Users/runner/work/tcm-storage-ios/tcm-storage-ios/build/Build/Products/Debug-iphonesimulator/PackageFrameworks"
2026-04-22T16:43:52.2007180Z ignoring duplicate directory "/Users/runner/work/tcm-storage-ios/tcm-storage-ios/build/Build/Products/Debug-iphonesimulator/PackageFrameworks"
2026-04-22T16:43:52.2007930Z ignoring duplicate directory "/Users/runner/work/tcm-storage-ios/tcm-storage-ios/build/Build/Products/Debug-iphonesimulator/PackageFrameworks"
2026-04-22T16:43:52.2008650Z ignoring duplicate directory "/Users/runner/work/tcm-storage-ios/tcm-storage-ios/build/Build/Products/Debug-iphonesimulator/PackageFrameworks"
2026-04-22T16:43:52.2009370Z ignoring duplicate directory "/Users/runner/work/tcm-storage-ios/tcm-storage-ios/build/Build/Products/Debug-iphonesimulator/PackageFrameworks"
2026-04-22T16:43:52.2010190Z ignoring duplicate directory "/Users/runner/work/tcm-storage-ios/tcm-storage-ios/build/Build/Products/Debug-iphonesimulator/PackageFrameworksarm64-apple-darwin24.6.0"
2026-04-22T16:43:52.2010740Z ignoring duplicate directory "
2026-04-22T16:43:52.2011110Z /Users/runner/work/tcm-storage-ios/tcm-storage-ios/build/Build/Products/Debug-iphonesimulator/PackageFrameworks"
2026-04-22T16:43:52.2011980Z ignoring duplicate directory "/Users/runner/work/tcm-storage-ios/tcm-storage-ios/build/Build/Products/Debug-iphonesimulator/PackageFrameworks"
2026-04-22T16:43:52.2013300Z ignoring duplicate directory "/Users/runner/work/tcm-storage-ios/tcm-storage-ios/build/Build/Products/Debug-iphonesimulator/PackageFrameworks"
2026-04-22T16:43:52.2015280Z ignoring duplicate directory "/Users/runner/work/tcm-storage-ios/tcm-storage-ios/build/Build/Products/Debug-iphonesimulator/PackageFrameworks"
2026-04-22T16:43:52.2016010Z ignoring duplicate directory "/Users/runner/work/tcm-storage-ios/tcm-storage-ios/build/Build/Products/Debug-iphonesimulator/PackageFrameworks"
2026-04-22T16:43:52.2016730Z ignoring duplicate directory "/Users/runner/work/tcm-storage-ios/tcm-storage-ios/build/Build/Products/Debug-iphonesimulator/PackageFrameworks"
2026-04-22T16:43:52.2017570Z ignoring duplicate directory "/Users/runner/work/tcm-storage-ios/tcm-storage-ios/build/Build/Products/Debug-iphonesimulator/PackageFrameworks"
2026-04-22T16:43:52.2018300Z ignoring duplicate directory "/Users/runner/work/tcm-storage-ios/tcm-storage-ios/build/Build/Products/Debug-iphonesimulator/PackageFrameworks"
2026-04-22T16:43:52.2019020Z ignoring duplicate directory "/Users/runner/work/tcm-storage-ios/tcm-storage-ios/build/Build/Products/Debug-iphonesimulator/PackageFrameworks"
2026-04-22T16:43:52.2021120Z ignoring duplicate directory "/Users/runner/work/tcm-storage-ios/tcm-storage-ios/build/Build/Products/Debug-iphonesimulator/PackageFrameworks"
2026-04-22T16:43:52.2021880Z ignoring duplicate directory "/Users/runner/work/tcm-storage-ios/tcm-storage-ios/build/Build/Products/Debug-iphonesimulator/PackageFrameworks"
2026-04-22T16:43:52.2022580Z #include "..." search starts here:
2026-04-22T16:43:52.2023300Z  /Users/runner/work/tcm-storage-ios/tcm-storage-ios/build/Build/Intermediates.noindex/Nextcloud.build/Debug-iphonesimulator/Share.build/Share-generated-files.hmap (headermap)
2026-04-22T16:43:52.2024400Z  /Users/runner/work/tcm-storage-ios/tcm-storage-ios/build/Build/Intermediates.noindex/Nextcloud.build/Debug-iphonesimulator/Share.build/Share-project-headers.hmap (headermap)
2026-04-22T16:43:52.2025020Z #include <...> search starts here:
2026-04-22T16:43:52.2025830Z  /Users/runner/work/tcm-storage-ios/tcm-storage-ios/build/Build/Intermediates.noindex/Nextcloud.build/Debug-iphonesimulator/Share.build/Share-own-target-headers.hmap (headermap)
2026-04-22T16:43:52.2027310Z  /Users/runner/work/tcm-storage-ios/tcm-storage-ios/build/Build/Intermediates.noindex/Nextcloud.build/Debug-iphonesimulator/Share.build/Share-all-non-framework-target-headers.hmap (headermap)
2026-04-22T16:43:52.2028190Z  /Users/runner/work/tcm-storage-ios/tcm-storage-ios/build/SourcePackages/checkouts/realm-core/src
2026-04-22T16:43:52.2028770Z  /Users/runner/work/tcm-storage-ios/tcm-storage-ios/build/SourcePackages/checkouts/realm-core/src/external/s2
2026-04-22T16:43:52.2029670Z  ignoring nonexistent directory "/Users/runner/work/tcm-storage-ios/tcm-storage-ios/build/SourcePackages/checkouts/realm-core/src/external/IntelRDFPMathLib20U2/LIBRARY/src
2026-04-22T16:43:52.2030540Z  /Users/runner/work/tcm-storage-ios/tcm-storage-ios/build/SourcePackages/checkouts/realm-core/src/spm
2026-04-22T16:43:52.2031190Z  /Users/runner/work/tcm-storage-ios/tcm-storage-ios/build/SourcePackages/checkouts/realm-swift/include
2026-04-22T16:43:52.2031890Z  /Users/runner/work/tcm-storage-ios/tcm-storage-ios/build/SourcePackages/checkouts/swift-atomics/Sources/_AtomicsShims/include
2026-04-22T16:43:52.2032630Z  /Users/runner/work/tcm-storage-ios/tcm-storage-ios/build/SourcePackages/checkouts/swift-nio/Sources/CNIOPosix/include
2026-04-22T16:43:52.2033250Z  /Users/runner/work/tcm-storage-ios/tcm-storage-ios/build/SourcePackages/checkouts/swift-nio/Sources/CNIOWASI/include
2026-04-22T16:43:52.2033920Z  /Users/runner/work/tcm-storage-ios/tcm-storage-ios/build/SourcePackages/checkouts/swift-nio/Sources/CNIOWindows/include
2026-04-22T16:43:52.2034540Z  /Users/runner/work/tcm-storage-ios/tcm-storage-ios/build/SourcePackages/checkouts/swift-nio/Sources/CNIOLinux/include
2026-04-22T16:43:52.2036000Z  /Users/runner/work/tcm-storage-ios/tcm-storage-ios/build/SourcePackages/checkouts/swift-nio/Sources/CNIODarwin/include
2026-04-22T16:43:52.2036620Z  /Users/runner/work/tcm-storage-ios/tcm-storage-ios/build/SourcePackages/checkouts/swift-nio/Sources/CNIOOpenBSD/include
2026-04-22T16:43:52.2037250Z  /Users/runner/work/tcm-storage-ios/tcm-storage-ios/build/SourcePackages/checkouts/swift-nio/Sources/CNIOAtomics/include
2026-04-22T16:43:52.2037890Z  /Users/runner/work/tcm-storage-ios/tcm-storage-ios/build/SourcePackages/checkouts/swift-nio-ssl/Sources/CNIOBoringSSLShims/include
2026-04-22T16:43:52.2038770Z  /Users/runner/work/tcm-storage-ios/tcm-storage-ios/build/SourcePackages/checkouts/swift-nio-ssl/Sources/CNIOBoringSSL/include
2026-04-22T16:43:52.2039550Z  /Users/runner/work/tcm-storage-ios/tcm-storage-ios/build/SourcePackages/checkouts/GzipSwift/Sources/system-zlib/include
2026-04-22T16:43:52.2040260Z  /Users/runner/work/tcm-storage-ios/tcm-storage-ios/build/Build/Intermediates.noindex/Nextcloud.build/Debug-iphonesimulator/Share.build/DerivedSources
2026-04-22T16:43:52.2041170Z  /Users/runner/work/tcm-storage-ios/tcm-storage-ios/build/Build/Products/Debug-iphonesimulator/PackageFrameworks (framework directory)
2026-04-22T16:43:52.2041820Z  /Users/runner/work/tcm-storage-ios/tcm-storage-ios/build/Build/Products/Debug-iphonesimulator (framework directory)
2026-04-22T16:43:52.2042470Z  /Applications/Xcode_26.2.app/Contents/Developer/Platforms/iPhoneSimulator.platform/Developer/Library/Frameworks (framework directory)
2026-04-22T16:43:52.2043270Z  /Applications/Xcode_26.2.app/Contents/Developer/Platforms/iPhoneSimulator.platform/Developer/SDKs/iPhoneSimulator26.2.sdk/Developer/Library/Frameworks (framework directory)
2026-04-22T16:43:52.2044010Z  /Applications/Xcode_26.2.app/Contents/Developer/Toolchains/XcodeDefault.xctoolchain/usr/lib/clang/17/include
2026-04-22T16:43:52.2044830Z  /Applications/Xcode_26.2.app/Contents/Developer/Platforms/iPhoneSimulator.platform/Developer/SDKs/iPhoneSimulator26.2.sdk/usr/include
2026-04-22T16:43:52.2045420Z  /Applications/Xcode_26.2.app/Contents/Developer/Toolchains/XcodeDefault.xctoolchain/usr/include
2026-04-22T16:43:52.2046130Z  /Applications/Xcode_26.2.app/Contents/Developer/Platforms/iPhoneSimulator.platform/Developer/SDKs/iPhoneSimulator26.2.sdk/System/Library/Frameworks (framework directory)
2026-04-22T16:43:52.2047100Z  /Applications/Xcode_26.2.app/Contents/Developer/Platforms/iPhoneSimulator.platform/Developer/SDKs/iPhoneSimulator26.2.sdk/System/Library/SubFrameworks (framework directory)
2026-04-22T16:43:52.2047750Z End of search list.
2026-04-22T16:43:52.2048120Z /Users/runner/work/tcm-storage-ios/tcm-storage-ios/build/Build/Products/Debug-iphonesimulator/include"
2026-04-22T16:43:52.2049010Z ignoring nonexistent directory "/Users/runner/work/tcm-storage-ios/tcm-storage-ios/build/Build/Intermediates.noindex/Nextcloud.build/Debug-iphonesimulator/Share.build/DerivedSources-normal/arm64"
2026-04-22T16:43:52.2051810Z ignoring nonexistent directory "/Users/runner/work/tcm-storage-ios/tcm-storage-ios/build/Build/Intermediates.noindex/Nextcloud.build/Debug-iphonesimulator/Share.build/DerivedSources/arm64"
2026-04-22T16:43:52.2052940Z ignoring nonexistent directory "/Applications/Xcode_26.2.app/Contents/Developer/Platforms/iPhoneSimulator.platform/Developer/SDKs/iPhoneSimulator26.2.sdk/usr/local/include"
2026-04-22T16:43:52.2053950Z ignoring nonexistent directory "/Applications/Xcode_26.2.app/Contents/Developer/Platforms/iPhoneSimulator.platform/Developer/SDKs/iPhoneSimulator26.2.sdk/Library/Frameworks"
2026-04-22T16:43:52.2054960Z ignoring duplicate directory "/Users/runner/work/tcm-storage-ios/tcm-storage-ios/build/Build/Products/Debug-iphonesimulator/PackageFrameworks"
2026-04-22T16:43:52.2055810Z ignoring duplicate directory "/Users/runner/work/tcm-storage-ios/tcm-storage-ios/build/Build/Products/Debug-iphonesimulator/PackageFrameworks"
2026-04-22T16:43:52.2056630Z ignoring duplicate directory "/Users/runner/work/tcm-storage-ios/tcm-storage-ios/build/Build/Products/Debug-iphonesimulator/PackageFrameworks"
2026-04-22T16:43:52.2058340Z ignoring duplicate directory "/Users/runner/work/tcm-storage-ios/tcm-storage-ios/build/Build/Products/Debug-iphonesimulator/PackageFrameworks"
2026-04-22T16:43:52.2059110Z ignoring duplicate directory "/Users/runner/work/tcm-storage-ios/tcm-storage-ios/build/Build/Products/Debug-iphonesimulator/PackageFrameworks"
2026-04-22T16:43:52.2059890Z ignoring duplicate directory "/Users/runner/work/tcm-storage-ios/tcm-storage-ios/build/Build/Products/Debug-iphonesimulator/PackageFrameworks"
2026-04-22T16:43:52.2068140Z ignoring duplicate directory "/Users/runner/work/tcm-storage-ios/tcm-storage-ios/build/Build/Products/Debug-iphonesimulator/PackageFrameworks"
2026-04-22T16:43:52.2069140Z ignoring duplicate directory "/Users/runner/work/tcm-storage-ios/tcm-storage-ios/build/Build/Products/Debug-iphonesimulator/PackageFrameworks"
2026-04-22T16:43:52.2071170Z ignoring duplicate directory "/Users/runner/work/tcm-storage-ios/tcm-storage-ios/build/Build/Products/Debug-iphonesimulator/PackageFrameworks"
2026-04-22T16:43:52.2073350Z ignoring duplicate directory "/Users/runner/work/tcm-storage-ios/tcm-storage-ios/build/Build/Products/Debug-iphonesimulator/PackageFrameworks"
2026-04-22T16:43:52.2074090Z ignoring duplicate directory "/Users/runner/work/tcm-storage-ios/tcm-storage-ios/build/Build/Products/Debug-iphonesimulator/PackageFrameworks"
2026-04-22T16:43:52.2074820Z ignoring duplicate directory "/Users/runner/work/tcm-storage-ios/tcm-storage-ios/build/Build/Products/Debug-iphonesimulator/PackageFrameworks"
2026-04-22T16:43:52.2075540Z ignoring duplicate directory "/Users/runner/work/tcm-storage-ios/tcm-storage-ios/build/Build/Products/Debug-iphonesimulator/PackageFrameworks"
2026-04-22T16:43:52.2076270Z ignoring duplicate directory "/Users/runner/work/tcm-storage-ios/tcm-storage-ios/build/Build/Products/Debug-iphonesimulator/PackageFrameworks"
2026-04-22T16:43:52.2077140Z ignoring duplicate directory "/Users/runner/work/tcm-storage-ios/tcm-storage-ios/build/Build/Products/Debug-iphonesimulator/PackageFrameworks"
2026-04-22T16:43:52.2077880Z ignoring duplicate directory "/Users/runner/work/tcm-storage-ios/tcm-storage-ios/build/Build/Products/Debug-iphonesimulator/PackageFrameworks"
2026-04-22T16:43:52.2078600Z ignoring duplicate directory "/Users/runner/work/tcm-storage-ios/tcm-storage-ios/build/Build/Products/Debug-iphonesimulator/PackageFrameworks"
2026-04-22T16:43:52.2079360Z ignoring duplicate directory "/Users/runner/work/tcm-storage-ios/tcm-storage-ios/build/Build/Products/Debug-iphonesimulator/PackageFrameworks"
2026-04-22T16:43:52.2080090Z ignoring duplicate directory "/Users/runner/work/tcm-storage-ios/tcm-storage-ios/build/Build/Products/Debug-iphonesimulator/PackageFrameworks"
2026-04-22T16:43:52.2080810Z ignoring duplicate directory "/Users/runner/work/tcm-storage-ios/tcm-storage-ios/build/Build/Products/Debug-iphonesimulator/PackageFrameworks"
2026-04-22T16:43:52.2081540Z ignoring duplicate directory "/Users/runner/work/tcm-storage-ios/tcm-storage-ios/build/Build/Products/Debug-iphonesimulator/PackageFrameworks"
2026-04-22T16:43:52.2082280Z ignoring duplicate directory "/Users/runner/work/tcm-storage-ios/tcm-storage-ios/build/Build/Products/Debug-iphonesimulator/PackageFrameworks"
2026-04-22T16:43:52.2083020Z ignoring duplicate directory "/Users/runner/work/tcm-storage-ios/tcm-storage-ios/build/Build/Products/Debug-iphonesimulator/PackageFrameworks"
2026-04-22T16:43:52.2083770Z ignoring duplicate directory "/Users/runner/work/tcm-storage-ios/tcm-storage-ios/build/Build/Products/Debug-iphonesimulator/PackageFrameworks"
2026-04-22T16:43:52.2085390Z ignoring duplicate directory "/Users/runner/work/tcm-storage-ios/tcm-storage-ios/build/Build/Products/Debug-iphonesimulator/PackageFrameworks"
2026-04-22T16:43:52.2086180Z ignoring duplicate directory "/Users/runner/work/tcm-storage-ios/tcm-storage-ios/build/Build/Products/Debug-iphonesimulator/PackageFrameworks"
2026-04-22T16:43:52.2086930Z ignoring duplicate directory "/Users/runner/work/tcm-storage-ios/tcm-storage-ios/build/Build/Products/Debug-iphonesimulator/PackageFrameworks"
2026-04-22T16:43:52.2087700Z ignoring duplicate directory "/Users/runner/work/tcm-storage-ios/tcm-storage-ios/build/Build/Products/Debug-iphonesimulator/PackageFrameworks"
2026-04-22T16:43:52.2088440Z ignoring duplicate directory "/Users/runner/work/tcm-storage-ios/tcm-storage-ios/build/Build/Products/Debug-iphonesimulator/PackageFrameworks"
2026-04-22T16:43:52.2089170Z ignoring duplicate directory "/Users/runner/work/tcm-storage-ios/tcm-storage-ios/build/Build/Products/Debug-iphonesimulator/PackageFrameworks"
2026-04-22T16:43:52.2089900Z ignoring duplicate directory "/Users/runner/work/tcm-storage-ios/tcm-storage-ios/build/Build/Products/Debug-iphonesimulator/PackageFrameworks"
2026-04-22T16:43:52.2090810Z ignoring duplicate directory "/Users/runner/work/tcm-storage-ios/tcm-storage-ios/build/Build/Products/Debug-iphonesimulator/PackageFrameworks"
2026-04-22T16:43:52.2091560Z ignoring duplicate directory "/Users/runner/work/tcm-storage-ios/tcm-storage-ios/build/Build/Products/Debug-iphonesimulator/PackageFrameworks"
2026-04-22T16:43:52.2092290Z ignoring duplicate directory "/Users/runner/work/tcm-storage-ios/tcm-storage-ios/build/Build/Products/Debug-iphonesimulator/PackageFrameworks"
2026-04-22T16:43:52.2093010Z ignoring duplicate directory "/Users/runner/work/tcm-storage-ios/tcm-storage-ios/build/Build/Products/Debug-iphonesimulator/PackageFrameworks"
2026-04-22T16:43:52.2093960Z ignoring duplicate directory "/Users/runner/work/tcm-storage-ios/tcm-storage-ios/build/Build/Products/Debug-iphonesimulator/PackageFrameworks"
2026-04-22T16:43:52.2094680Z ignoring duplicate directory "/Users/runner/work/tcm-storage-ios/tcm-storage-ios/build/Build/Products/Debug-iphonesimulator/PackageFrameworks"
2026-04-22T16:43:52.2095410Z ignoring duplicate directory "/Users/runner/work/tcm-storage-ios/tcm-storage-ios/build/Build/Products/Debug-iphonesimulator/PackageFrameworks"
2026-04-22T16:43:52.2096240Z ignoring duplicate directory "/Users/runner/work/tcm-storage-ios/tcm-storage-ios/build/Build/Products/Debug-iphonesimulator/PackageFrameworks"
2026-04-22T16:43:52.2096990Z ignoring duplicate directory "/Users/runner/work/tcm-storage-ios/tcm-storage-ios/build/Build/Products/Debug-iphonesimulator/PackageFrameworks"
2026-04-22T16:43:52.2097450Z #include "..." search starts here:
2026-04-22T16:43:52.2098020Z  /Users/runner/work/tcm-storage-ios/tcm-storage-ios/build/Build/Intermediates.noindex/Nextcloud.build/Debug-iphonesimulator/Share.build/Share-generated-files.hmap (headermap)
2026-04-22T16:43:52.2098950Z  /Users/runner/work/tcm-storage-ios/tcm-storage-ios/build/Build/Intermediates.noindex/Nextcloud.build/Debug-iphonesimulator/Share.build/Share-project-headers.hmap (headermap)
2026-04-22T16:43:52.2099540Z #include <...> search starts here:
2026-04-22T16:43:52.2100100Z  /Users/runner/work/tcm-storage-ios/tcm-storage-ios/build/Build/Intermediates.noindex/Nextcloud.build/Debug-iphonesimulator/Share.build/Share-own-target-headers.hmap (headermap)
2026-04-22T16:43:52.2102790Z  /Users/runner/work/tcm-storage-ios/tcm-storage-ios/build/Build/Intermediates.noindex/Nextcloud.build/Debug-iphonesimulator/Share.build/Share-all-non-framework-target-headers.hmap (headermap)
2026-04-22T16:43:52.2103590Z  /Users/runner/work/tcm-storage-ios/tcm-storage-ios/build/SourcePackages/checkouts/realm-core/src
2026-04-22T16:43:52.2104120Z  /Users/runner/work/tcm-storage-ios/tcm-storage-ios/build/SourcePackages/checkouts/realm-core/src/external/s2
2026-04-22T16:43:52.2104770Z  /Users/runner/work/tcm-storage-ios/tcm-storage-ios/build/SourcePackages/checkouts/realm-core/src/external/IntelRDFPMathLib20U2/LIBRARY/src
2026-04-22T16:43:52.2105380Z  /Users/runner/work/tcm-storage-ios/tcm-storage-ios/build/SourcePackages/checkouts/realm-core/src/spm
2026-04-22T16:43:52.2105910Z  /Users/runner/work/tcm-storage-ios/tcm-storage-ios/build/SourcePackages/checkouts/realm-swift/include
2026-04-22T16:43:52.2106510Z  /Users/runner/work/tcm-storage-ios/tcm-storage-ios/build/SourcePackages/checkouts/swift-atomics/Sources/_AtomicsShims/include
2026-04-22T16:43:52.2107140Z  /Users/runner/work/tcm-storage-ios/tcm-storage-ios/build/SourcePackages/checkouts/swift-nio/Sources/CNIOPosix/include
2026-04-22T16:43:52.2107750Z  /Users/runner/work/tcm-storage-ios/tcm-storage-ios/build/SourcePackages/checkouts/swift-nio/Sources/CNIOWASI/include
2026-04-22T16:43:52.2108350Z  /Users/runner/work/tcm-storage-ios/tcm-storage-ios/build/SourcePackages/checkouts/swift-nio/Sources/CNIOWindows/include
2026-04-22T16:43:52.2108960Z  /Users/runner/work/tcm-storage-ios/tcm-storage-ios/build/SourcePackages/checkouts/swift-nio/Sources/CNIOLinux/include
2026-04-22T16:43:52.2109560Z  /Users/runner/work/tcm-storage-ios/tcm-storage-ios/build/SourcePackages/checkouts/swift-nio/Sources/CNIODarwin/include
2026-04-22T16:43:52.2110310Z  /Users/runner/work/tcm-storage-ios/tcm-storage-ios/build/SourcePackages/checkouts/swift-nio/Sources/CNIOOpenBSD/include
2026-04-22T16:43:52.2110960Z  /Users/runner/work/tcm-storage-ios/tcm-storage-ios/build/SourcePackages/checkouts/swift-nio/Sources/CNIOAtomics/include
2026-04-22T16:43:52.2111630Z  /Users/runner/work/tcm-storage-ios/tcm-storage-ios/build/SourcePackages/checkouts/swift-nio-ssl/Sources/CNIOBoringSSLShims/include
2026-04-22T16:43:52.2112300Z  /Users/runner/work/tcm-storage-ios/tcm-storage-ios/build/SourcePackages/checkouts/swift-nio-ssl/Sources/CNIOBoringSSL/include
2026-04-22T16:43:52.2112930Z  /Users/runner/work/tcm-storage-ios/tcm-storage-ios/build/SourcePackages/checkouts/GzipSwift/Sources/system-zlib/include
2026-04-22T16:43:52.2113640Z  /Users/runner/work/tcm-storage-ios/tcm-storage-ios/build/Build/Intermediates.noindex/Nextcloud.build/Debug-iphonesimulator/Share.build/DerivedSources
2026-04-22T16:43:52.2114490Z  /Users/runner/work/tcm-storage-ios/tcm-storage-ios/build/Build/Products/Debug-iphonesimulator/PackageFrameworks (framework directory)
2026-04-22T16:43:52.2115240Z  /Users/runner/work/tcm-storage-ios/tcm-storage-ios/build/Build/Products/Debug-iphonesimulator (framework directory)
2026-04-22T16:43:52.2115900Z  /Applications/Xcode_26.2.app/Contents/Developer/Platforms/iPhoneSimulator.platform/Developer/Library/Frameworks (framework directory)
2026-04-22T16:43:52.2116730Z  /Applications/Xcode_26.2.app/Contents/Developer/Platforms/iPhoneSimulator.platform/Developer/SDKs/iPhoneSimulator26.2.sdk/Developer/Library/Frameworks (framework directory)
2026-04-22T16:43:52.2117470Z  /Applications/Xcode_26.2.app/Contents/Developer/Toolchains/XcodeDefault.xctoolchain/usr/lib/clang/17/include
2026-04-22T16:43:52.2118090Z  /Applications/Xcode_26.2.app/Contents/Developer/Platforms/iPhoneSimulator.platform/Developer/SDKs/iPhoneSimulator26.2.sdk/usr/include
2026-04-22T16:43:52.2118690Z  /Applications/Xcode_26.2.app/Contents/Developer/Toolchains/XcodeDefault.xctoolchain/usr/include
2026-04-22T16:43:52.2120960Z  /Applications/Xcode_26.2.app/Contents/Developer/Platforms/iPhoneSimulator.platform/Developer/SDKs/iPhoneSimulator26.2.sdk/System/Library/Frameworks (framework directory)
2026-04-22T16:43:52.2121870Z  /Applications/Xcode_26.2.app/Contents/Developer/Platforms/iPhoneSimulator.platform/Developer/SDKs/iPhoneSimulator26.2.sdk/System/Library/SubFrameworks (framework directory)
2026-04-22T16:43:52.2123010Z End of search list.
2026-04-22T16:43:52.2123270Z clang -cc1 version 17.0.0 (clang-1700.6.3.2) default target arm64-apple-darwin24.6.0
2026-04-22T16:43:52.2124540Z ignoring nonexistent directory "/Users/runner/work/tcm-storage-ios/tcm-storage-ios/build/Build/Products/Debug-iphonesimulator/include"
2026-04-22T16:43:52.2125440Z ignoring nonexistent directory "/Users/runner/work/tcm-storage-ios/tcm-storage-ios/build/Build/Intermediates.noindex/Nextcloud.build/Debug-iphonesimulator/Share.build/DerivedSources-normal/arm64"
2026-04-22T16:43:52.2126730Z ignoring nonexistent directory "/Users/runner/work/tcm-storage-ios/tcm-storage-ios/build/Build/Intermediates.noindex/Nextcloud.build/Debug-iphonesimulator/Share.build/DerivedSources/arm64"
2026-04-22T16:43:52.2127710Z ignoring nonexistent directory "/Applications/Xcode_26.2.app/Contents/Developer/Platforms/iPhoneSimulator.platform/Developer/SDKs/iPhoneSimulator26.2.sdk/usr/local/include"
2026-04-22T16:43:52.2128630Z ignoring nonexistent directory "/Applications/Xcode_26.2.app/Contents/Developer/Platforms/iPhoneSimulator.platform/Developer/SDKs/iPhoneSimulator26.2.sdk/Library/Frameworks"
2026-04-22T16:43:52.2129450Z ignoring duplicate directory "/Users/runner/work/tcm-storage-ios/tcm-storage-ios/build/Build/Products/Debug-iphonesimulator/PackageFrameworks"
2026-04-22T16:43:52.2130180Z ignoring duplicate directory "/Users/runner/work/tcm-storage-ios/tcm-storage-ios/build/Build/Products/Debug-iphonesimulator/PackageFrameworks"
2026-04-22T16:43:52.2131120Z ignoring duplicate directory "/Users/runner/work/tcm-storage-ios/tcm-storage-ios/build/Build/Products/Debug-iphonesimulator/PackageFrameworks"
2026-04-22T16:43:52.2131850Z ignoring duplicate directory "/Users/runner/work/tcm-storage-ios/tcm-storage-ios/build/Build/Products/Debug-iphonesimulator/PackageFrameworks"
2026-04-22T16:43:52.2132600Z ignoring duplicate directory "/Users/runner/work/tcm-storage-ios/tcm-storage-ios/build/Build/Products/Debug-iphonesimulator/PackageFrameworks"
2026-04-22T16:43:52.2133330Z ignoring duplicate directory "/Users/runner/work/tcm-storage-ios/tcm-storage-ios/build/Build/Products/Debug-iphonesimulator/PackageFrameworks"
2026-04-22T16:43:52.2134120Z ignoring duplicate directory "/Users/runner/work/tcm-storage-ios/tcm-storage-ios/build/Build/Products/Debug-iphonesimulator/PackageFrameworks"
2026-04-22T16:43:52.2134850Z ignoring duplicate directory "/Users/runner/work/tcm-storage-ios/tcm-storage-ios/build/Build/Products/Debug-iphonesimulator/PackageFrameworks"
2026-04-22T16:43:52.2135570Z ignoring duplicate directory "/Users/runner/work/tcm-storage-ios/tcm-storage-ios/build/Build/Products/Debug-iphonesimulator/PackageFrameworks"
2026-04-22T16:43:52.2136580Z ignoring duplicate directory "/Users/runner/work/tcm-storage-ios/tcm-storage-ios/build/Build/Products/Debug-iphonesimulator/PackageFrameworks"
2026-04-22T16:43:52.2137350Z ignoring duplicate directory "/Users/runner/work/tcm-storage-ios/tcm-storage-ios/build/Build/Products/Debug-iphonesimulator/PackageFrameworks"
2026-04-22T16:43:52.2138070Z ignoring duplicate directory "/Users/runner/work/tcm-storage-ios/tcm-storage-ios/build/Build/Products/Debug-iphonesimulator/PackageFrameworks"
2026-04-22T16:43:52.2140140Z ignoring duplicate directory "/Users/runner/work/tcm-storage-ios/tcm-storage-ios/build/Build/Products/Debug-iphonesimulator/PackageFrameworks"
2026-04-22T16:43:52.2141110Z ignoring duplicate directory "/Users/runner/work/tcm-storage-ios/tcm-storage-ios/build/Build/Products/Debug-iphonesimulator/PackageFrameworks"
2026-04-22T16:43:52.2141860Z ignoring duplicate directory "/Users/runner/work/tcm-storage-ios/tcm-storage-ios/build/Build/Products/Debug-iphonesimulator/PackageFrameworks"
2026-04-22T16:43:52.2142590Z ignoring duplicate directory "/Users/runner/work/tcm-storage-ios/tcm-storage-ios/build/Build/Products/Debug-iphonesimulator/PackageFrameworks"
2026-04-22T16:43:52.2143330Z ignoring duplicate directory "/Users/runner/work/tcm-storage-ios/tcm-storage-ios/build/Build/Products/Debug-iphonesimulator/PackageFrameworks"
2026-04-22T16:43:52.2144060Z ignoring duplicate directory "/Users/runner/work/tcm-storage-ios/tcm-storage-ios/build/Build/Products/Debug-iphonesimulator/PackageFrameworks"
2026-04-22T16:43:52.2144780Z ignoring duplicate directory "/Users/runner/work/tcm-storage-ios/tcm-storage-ios/build/Build/Products/Debug-iphonesimulator/PackageFrameworks"
2026-04-22T16:43:52.2145510Z ignoring duplicate directory "/Users/runner/work/tcm-storage-ios/tcm-storage-ios/build/Build/Products/Debug-iphonesimulator/PackageFrameworks"
2026-04-22T16:43:52.2146260Z ignoring duplicate directory "/Users/runner/work/tcm-storage-ios/tcm-storage-ios/build/Build/Products/Debug-iphonesimulator/PackageFrameworks"
2026-04-22T16:43:52.2147000Z ignoring duplicate directory "/Users/runner/work/tcm-storage-ios/tcm-storage-ios/build/Build/Products/Debug-iphonesimulator/PackageFrameworks"
2026-04-22T16:43:52.2147760Z ignoring duplicate directory "/Users/runner/work/tcm-storage-ios/tcm-storage-ios/build/Build/Products/Debug-iphonesimulator/PackageFrameworks"
2026-04-22T16:43:52.2148530Z ignoring duplicate directory "/Users/runner/work/tcm-storage-ios/tcm-storage-ios/build/Build/Products/Debug-iphonesimulator/PackageFrameworks"
2026-04-22T16:43:52.2149260Z ignoring duplicate directory "/Users/runner/work/tcm-storage-ios/tcm-storage-ios/build/Build/Products/Debug-iphonesimulator/PackageFrameworks"
2026-04-22T16:43:52.2150000Z ignoring duplicate directory "/Users/runner/work/tcm-storage-ios/tcm-storage-ios/build/Build/Products/Debug-iphonesimulator/PackageFrameworks"
2026-04-22T16:43:52.2150950Z ignoring duplicate directory "/Users/runner/work/tcm-storage-ios/tcm-storage-ios/build/Build/Products/Debug-iphonesimulator/PackageFrameworks"
2026-04-22T16:43:52.2151680Z ignoring duplicate directory "/Users/runner/work/tcm-storage-ios/tcm-storage-ios/build/Build/Products/Debug-iphonesimulator/PackageFrameworks"
2026-04-22T16:43:52.2152400Z ignoring duplicate directory "/Users/runner/work/tcm-storage-ios/tcm-storage-ios/build/Build/Products/Debug-iphonesimulator/PackageFrameworks"
2026-04-22T16:43:52.2153130Z ignoring duplicate directory "/Users/runner/work/tcm-storage-ios/tcm-storage-ios/build/Build/Products/Debug-iphonesimulator/PackageFrameworks"
2026-04-22T16:43:52.2153910Z ignoring duplicate directory "/Users/runner/work/tcm-storage-ios/tcm-storage-ios/build/Build/Products/Debug-iphonesimulator/PackageFrameworks"
2026-04-22T16:43:52.2154630Z ignoring duplicate directory "/Users/runner/work/tcm-storage-ios/tcm-storage-ios/build/Build/Products/Debug-iphonesimulator/PackageFrameworks"
2026-04-22T16:43:52.2157050Z ignoring duplicate directory "/Users/runner/work/tcm-storage-ios/tcm-storage-ios/build/Build/Products/Debug-iphonesimulator/PackageFrameworks"
2026-04-22T16:43:52.2158000Z ignoring duplicate directory "/Users/runner/work/tcm-storage-ios/tcm-storage-ios/build/Build/Products/Debug-iphonesimulator/PackageFrameworks"
2026-04-22T16:43:52.2158760Z ignoring duplicate directory "/Users/runner/work/tcm-storage-ios/tcm-storage-ios/build/Build/Products/Debug-iphonesimulator/PackageFrameworks"
2026-04-22T16:43:52.2159530Z ignoring duplicate directory "/Users/runner/work/tcm-storage-ios/tcm-storage-ios/build/Build/Products/Debug-iphonesimulator/PackageFrameworks"
2026-04-22T16:43:52.2160290Z ignoring duplicate directory "/Users/runner/work/tcm-storage-ios/tcm-storage-ios/build/Build/Products/Debug-iphonesimulator/PackageFrameworks"
2026-04-22T16:43:52.2161020Z ignoring duplicate directory "/Users/runner/work/tcm-storage-ios/tcm-storage-ios/build/Build/Products/Debug-iphonesimulator/PackageFrameworks"
2026-04-22T16:43:52.2161790Z ignoring duplicate directory "/Users/runner/work/tcm-storage-ios/tcm-storage-ios/build/Build/Products/Debug-iphonesimulator/PackageFrameworks"
2026-04-22T16:43:52.2162530Z ignoring duplicate directory "/Users/runner/work/tcm-storage-ios/tcm-storage-ios/build/Build/Products/Debug-iphonesimulator/PackageFrameworks"
2026-04-22T16:43:52.2163030Z #include "..." search starts here:
2026-04-22T16:43:52.2163580Z  /Users/runner/work/tcm-storage-ios/tcm-storage-ios/build/Build/Intermediates.noindex/Nextcloud.build/Debug-iphonesimulator/Share.build/Share-generated-files.hmap (headermap)
2026-04-22T16:43:52.2164650Z  /Users/runner/work/tcm-storage-ios/tcm-storage-ios/build/Build/Intermediates.noindex/Nextcloud.build/Debug-iphonesimulator/Share.build/Share-project-headers.hmap (headermap)
2026-04-22T16:43:52.2165220Z #include <...> search starts here:
2026-04-22T16:43:52.2165820Z  /Users/runner/work/tcm-storage-ios/tcm-storage-ios/build/Build/Intermediates.noindex/Nextcloud.build/Debug-iphonesimulator/Share.build/Share-own-target-headers.hmap (headermap)
2026-04-22T16:43:52.2166860Z  /Users/runner/work/tcm-storage-ios/tcm-storage-ios/build/Build/Intermediates.noindex/Nextcloud.build/Debug-iphonesimulator/Share.build/Share-all-non-framework-target-headers.hmap (headermap)
2026-04-22T16:43:52.2167640Z  /Users/runner/work/tcm-storage-ios/tcm-storage-ios/build/SourcePackages/checkouts/realm-core/src
2026-04-22T16:43:52.2168180Z  /Users/runner/work/tcm-storage-ios/tcm-storage-ios/build/SourcePackages/checkouts/realm-core/src/external/s2
2026-04-22T16:43:52.2168820Z  /Users/runner/work/tcm-storage-ios/tcm-storage-ios/build/SourcePackages/checkouts/realm-core/src/external/IntelRDFPMathLib20U2/LIBRARY/src
2026-04-22T16:43:52.2169480Z  /Users/runner/work/tcm-storage-ios/tcm-storage-ios/build/SourcePackages/checkouts/realm-core/src/spm
2026-04-22T16:43:52.2169990Z  /Users/runner/work/tcm-storage-ios/tcm-storage-ios/build/SourcePackages/checkouts/realm-swift/include
2026-04-22T16:43:52.2170730Z  /Users/runner/work/tcm-storage-ios/tcm-storage-ios/build/SourcePackages/checkouts/swift-atomics/Sources/_AtomicsShims/include
2026-04-22T16:43:52.2171360Z  /Users/runner/work/tcm-storage-ios/tcm-storage-ios/build/SourcePackages/checkouts/swift-nio/Sources/CNIOPosix/include
2026-04-22T16:43:52.2172000Z  /Users/runner/work/tcm-storage-ios/tcm-storage-ios/build/SourcePackages/checkouts/swift-nio/Sources/CNIOWASI/include
2026-04-22T16:43:52.2172600Z  /Users/runner/work/tcm-storage-ios/tcm-storage-ios/build/SourcePackages/checkouts/swift-nio/Sources/CNIOWindows/include
2026-04-22T16:43:52.2173240Z  /Users/runner/work/tcm-storage-ios/tcm-storage-ios/build/SourcePackages/checkouts/swift-nio/Sources/CNIOLinux/include
2026-04-22T16:43:52.2173890Z  /Users/runner/work/tcm-storage-ios/tcm-storage-ios/build/SourcePackages/checkouts/swift-nio/Sources/CNIODarwin/include
2026-04-22T16:43:52.2174580Z  /Users/runner/work/tcm-storage-ios/tcm-storage-ios/build/SourcePackages/checkouts/swift-nio/Sources/CNIOOpenBSD/include
2026-04-22T16:43:52.2176780Z  /Users/runner/work/tcm-storage-ios/tcm-storage-ios/build/SourcePackages/checkouts/swift-nio/Sources/CNIOAtomics/include
2026-04-22T16:43:52.2178060Z  /Users/runner/work/tcm-storage-ios/tcm-storage-ios/build/SourcePackages/checkouts/swift-nio-ssl/Sources/CNIOBoringSSLShims/include
2026-04-22T16:43:52.2179240Z  /Users/runner/work/tcm-storage-ios/tcm-storage-ios/build/SourcePackages/checkouts/swift-nio-ssl/Sources/CNIOBoringSSL/include
2026-04-22T16:43:52.2179980Z  /Users/runner/work/tcm-storage-ios/tcm-storage-ios/build/SourcePackages/checkouts/GzipSwift/Sources/system-zlib/include
2026-04-22T16:43:52.2180810Z  /Users/runner/work/tcm-storage-ios/tcm-storage-ios/build/Build/Intermediates.noindex/Nextcloud.build/Debug-iphonesimulator/Share.build/DerivedSources
2026-04-22T16:43:52.2181680Z  /Users/runner/work/tcm-storage-ios/tcm-storage-ios/build/Build/Products/Debug-iphonesimulator/PackageFrameworks (framework directory)
2026-04-22T16:43:52.2182430Z  /Users/runner/work/tcm-storage-ios/tcm-storage-ios/build/Build/Products/Debug-iphonesimulator (framework directory)
2026-04-22T16:43:52.2183290Z  /Applications/Xcode_26.2.app/Contents/Developer/Platforms/iPhoneSimulator.platform/Developer/Library/Frameworks (framework directory)
2026-04-22T16:43:52.2184280Z  /Applications/Xcode_26.2.app/Contents/Developer/Platforms/iPhoneSimulator.platform/Developer/SDKs/iPhoneSimulator26.2.sdk/Developer/Library/Frameworks (framework directory)
2026-04-22T16:43:52.2185130Z  /Applications/Xcode_26.2.app/Contents/Developer/Toolchains/XcodeDefault.xctoolchain/usr/lib/clang/17/include
2026-04-22T16:43:52.2186460Z  /Applications/Xcode_26.2.app/Contents/Developer/Platforms/iPhoneSimulator.platform/Developer/SDKs/iPhoneSimulator26.2.sdk/usr/include
2026-04-22T16:43:52.2187270Z  /Applications/Xcode_26.2.app/Contents/Developer/Toolchains/XcodeDefault.xctoolchain/usr/include
2026-04-22T16:43:52.2188250Z  /Applications/Xcode_26.2.app/Contents/Developer/Platforms/iPhoneSimulator.platform/Developer/SDKs/iPhoneSimulator26.2.sdk/System/Library/Frameworks (framework directory)
2026-04-22T16:43:52.2189670Z  /Applications/Xcode_26.2.app/Contents/Developer/Platforms/iPhoneSimulator.platform/Developer/SDKs/iPhoneSimulator26.2.sdk/System/Library/SubFrameworks (framework directory)
2026-04-22T16:43:52.2190290Z End of search list.
2026-04-22T16:43:52.2190600Z clang -cc1 version 17.0.0 (clang-1700.6.3.2) default target arm64-apple-darwin24.6.0
2026-04-22T16:43:52.2191300Z ignoring nonexistent directory "/Users/runner/work/tcm-storage-ios/tcm-storage-ios/build/Build/Products/Debug-iphonesimulator/include"
2026-04-22T16:43:52.2192340Z ignoring nonexistent directory "/Users/runner/work/tcm-storage-ios/tcm-storage-ios/build/Build/Intermediates.noindex/Nextcloud.build/Debug-iphonesimulator/Share.build/DerivedSources-normal/arm64"
2026-04-22T16:43:52.2193470Z ignoring nonexistent directory "/Users/runner/work/tcm-storage-ios/tcm-storage-ios/build/Build/Intermediates.noindex/Nextcloud.build/Debug-iphonesimulator/Share.build/DerivedSources/arm64"
2026-04-22T16:43:52.2194550Z ignoring nonexistent directory "/Applications/Xcode_26.2.app/Contents/Developer/Platforms/iPhoneSimulator.platform/Developer/SDKs/iPhoneSimulator26.2.sdk/usr/local/include"
2026-04-22T16:43:52.2195470Z ignoring nonexistent directory "/Applications/Xcode_26.2.app/Contents/Developer/Platforms/iPhoneSimulator.platform/Developer/SDKs/iPhoneSimulator26.2.sdk/Library/Frameworks"
2026-04-22T16:43:52.2196310Z ignoring duplicate directory "/Users/runner/work/tcm-storage-ios/tcm-storage-ios/build/Build/Products/Debug-iphonesimulator/PackageFrameworks"
2026-04-22T16:43:52.2197060Z ignoring duplicate directory "/Users/runner/work/tcm-storage-ios/tcm-storage-ios/build/Build/Products/Debug-iphonesimulator/PackageFrameworks"
2026-04-22T16:43:52.2197800Z ignoring duplicate directory "/Users/runner/work/tcm-storage-ios/tcm-storage-ios/build/Build/Products/Debug-iphonesimulator/PackageFrameworks"
2026-04-22T16:43:52.2198530Z ignoring duplicate directory "/Users/runner/work/tcm-storage-ios/tcm-storage-ios/build/Build/Products/Debug-iphonesimulator/PackageFrameworks"
2026-04-22T16:43:52.2199270Z ignoring duplicate directory "/Users/runner/work/tcm-storage-ios/tcm-storage-ios/build/Build/Products/Debug-iphonesimulator/PackageFrameworks"
2026-04-22T16:43:52.2200060Z ignoring duplicate directory "/Users/runner/work/tcm-storage-ios/tcm-storage-ios/build/Build/Products/Debug-iphonesimulator/PackageFrameworks"
2026-04-22T16:43:52.2200800Z ignoring duplicate directory "/Users/runner/work/tcm-storage-ios/tcm-storage-ios/build/Build/Products/Debug-iphonesimulator/PackageFrameworks"
2026-04-22T16:43:52.2201540Z ignoring duplicate directory "/Users/runner/work/tcm-storage-ios/tcm-storage-ios/build/Build/Products/Debug-iphonesimulator/PackageFrameworks"
2026-04-22T16:43:52.2203230Z ignoring duplicate directory "/Users/runner/work/tcm-storage-ios/tcm-storage-ios/build/Build/Products/Debug-iphonesimulator/PackageFrameworks"
2026-04-22T16:43:52.2204030Z ignoring duplicate directory "/Users/runner/work/tcm-storage-ios/tcm-storage-ios/build/Build/Products/Debug-iphonesimulator/PackageFrameworks"
2026-04-22T16:43:52.2204800Z ignoring duplicate directory "/Users/runner/work/tcm-storage-ios/tcm-storage-ios/build/Build/Products/Debug-iphonesimulator/PackageFrameworks"
2026-04-22T16:43:52.2205540Z ignoring duplicate directory "/Users/runner/work/tcm-storage-ios/tcm-storage-ios/build/Build/Products/Debug-iphonesimulator/PackageFrameworks"
2026-04-22T16:43:52.2206300Z ignoring duplicate directory "/Users/runner/work/tcm-storage-ios/tcm-storage-ios/build/Build/Products/Debug-iphonesimulator/PackageFrameworks"
2026-04-22T16:43:52.2207040Z ignoring duplicate directory "/Users/runner/work/tcm-storage-ios/tcm-storage-ios/build/Build/Products/Debug-iphonesimulator/PackageFrameworks"
2026-04-22T16:43:52.2207790Z ignoring duplicate directory "/Users/runner/work/tcm-storage-ios/tcm-storage-ios/build/Build/Products/Debug-iphonesimulator/PackageFrameworks"
2026-04-22T16:43:52.2208540Z ignoring duplicate directory "/Users/runner/work/tcm-storage-ios/tcm-storage-ios/build/Build/Products/Debug-iphonesimulator/PackageFrameworks"
2026-04-22T16:43:52.2209280Z ignoring duplicate directory "/Users/runner/work/tcm-storage-ios/tcm-storage-ios/build/Build/Products/Debug-iphonesimulator/PackageFrameworks"
2026-04-22T16:43:52.2210020Z ignoring duplicate directory "/Users/runner/work/tcm-storage-ios/tcm-storage-ios/build/Build/Products/Debug-iphonesimulator/PackageFrameworks"
2026-04-22T16:43:52.2210770Z ignoring duplicate directory "/Users/runner/work/tcm-storage-ios/tcm-storage-ios/build/Build/Products/Debug-iphonesimulator/PackageFrameworks"
2026-04-22T16:43:52.2211510Z ignoring duplicate directory "/Users/runner/work/tcm-storage-ios/tcm-storage-ios/build/Build/Products/Debug-iphonesimulator/PackageFrameworks"
2026-04-22T16:43:52.2212270Z ignoring duplicate directory "/Users/runner/work/tcm-storage-ios/tcm-storage-ios/build/Build/Products/Debug-iphonesimulator/PackageFrameworks"
2026-04-22T16:43:52.2213020Z ignoring duplicate directory "/Users/runner/work/tcm-storage-ios/tcm-storage-ios/build/Build/Products/Debug-iphonesimulator/PackageFrameworks"
2026-04-22T16:43:52.2214040Z ignoring duplicate directory "/Users/runner/work/tcm-storage-ios/tcm-storage-ios/build/Build/Products/Debug-iphonesimulator/PackageFrameworks"
2026-04-22T16:43:52.2218880Z ignoring duplicate directory "/Users/runner/work/tcm-storage-ios/tcm-storage-ios/build/Build/Products/Debug-iphonesimulator/PackageFrameworks"
2026-04-22T16:43:52.2225070Z ignoring duplicate directory "/Users/runner/work/tcm-storage-ios/tcm-storage-ios/build/Build/Products/Debug-iphonesimulator/PackageFrameworks"
2026-04-22T16:43:52.2225800Z ignoring duplicate directory "/Users/runner/work/tcm-storage-ios/tcm-storage-ios/build/Build/Products/Debug-iphonesimulator/PackageFrameworks"
2026-04-22T16:43:52.2226520Z ignoring duplicate directory "/Users/runner/work/tcm-storage-ios/tcm-storage-ios/build/Build/Products/Debug-iphonesimulator/PackageFrameworks"
2026-04-22T16:43:52.2227260Z ignoring duplicate directory "/Users/runner/work/tcm-storage-ios/tcm-storage-ios/build/Build/Products/Debug-iphonesimulator/PackageFrameworks"
2026-04-22T16:43:52.2228240Z ignoring duplicate directory "/Users/runner/work/tcm-storage-ios/tcm-storage-ios/build/Build/Products/Debug-iphonesimulator/PackageFrameworks"
2026-04-22T16:43:52.2228980Z ignoring duplicate directory "/Users/runner/work/tcm-storage-ios/tcm-storage-ios/build/Build/Products/Debug-iphonesimulator/PackageFrameworks"
2026-04-22T16:43:52.2229700Z ignoring duplicate directory "/Users/runner/work/tcm-storage-ios/tcm-storage-ios/build/Build/Products/Debug-iphonesimulator/PackageFrameworks"
2026-04-22T16:43:52.2230440Z ignoring duplicate directory "/Users/runner/work/tcm-storage-ios/tcm-storage-ios/build/Build/Products/Debug-iphonesimulator/PackageFrameworks"
2026-04-22T16:43:52.2231170Z ignoring duplicate directory "/Users/runner/work/tcm-storage-ios/tcm-storage-ios/build/Build/Products/Debug-iphonesimulator/PackageFrameworks"
2026-04-22T16:43:52.2231890Z ignoring duplicate directory "/Users/runner/work/tcm-storage-ios/tcm-storage-ios/build/Build/Products/Debug-iphonesimulator/PackageFrameworks"
2026-04-22T16:43:52.2232650Z ignoring duplicate directory "/Users/runner/work/tcm-storage-ios/tcm-storage-ios/build/Build/Products/Debug-iphonesimulator/PackageFrameworks"
2026-04-22T16:43:52.2233370Z ignoring duplicate directory "/Users/runner/work/tcm-storage-ios/tcm-storage-ios/build/Build/Products/Debug-iphonesimulator/PackageFrameworks"
2026-04-22T16:43:52.2234120Z ignoring duplicate directory "/Users/runner/work/tcm-storage-ios/tcm-storage-ios/build/Build/Products/Debug-iphonesimulator/PackageFrameworks"
2026-04-22T16:43:52.2234860Z ignoring duplicate directory "/Users/runner/work/tcm-storage-ios/tcm-storage-ios/build/Build/Products/Debug-iphonesimulator/PackageFrameworks"
2026-04-22T16:43:52.2235580Z ignoring duplicate directory "/Users/runner/work/tcm-storage-ios/tcm-storage-ios/build/Build/Products/Debug-iphonesimulator/PackageFrameworks"
2026-04-22T16:43:52.2236300Z ignoring duplicate directory "/Users/runner/work/tcm-storage-ios/tcm-storage-ios/build/Build/Products/Debug-iphonesimulator/PackageFrameworks"
2026-04-22T16:43:52.2236760Z #include "..." search starts here:
2026-04-22T16:43:52.2237320Z  /Users/runner/work/tcm-storage-ios/tcm-storage-ios/build/Build/Intermediates.noindex/Nextcloud.build/Debug-iphonesimulator/Share.build/Share-generated-files.hmap (headermap)
2026-04-22T16:43:52.2238250Z  /Users/runner/work/tcm-storage-ios/tcm-storage-ios/build/Build/Intermediates.noindex/Nextcloud.build/Debug-iphonesimulator/Share.build/Share-project-headers.hmap (headermap)
2026-04-22T16:43:52.2238810Z #include <...> search starts here:
2026-04-22T16:43:52.2239380Z  /Users/runner/work/tcm-storage-ios/tcm-storage-ios/build/Build/Intermediates.noindex/Nextcloud.build/Debug-iphonesimulator/Share.build/Share-own-target-headers.hmap (headermap)
2026-04-22T16:43:52.2240380Z  /Users/runner/work/tcm-storage-ios/tcm-storage-ios/build/Build/Intermediates.noindex/Nextcloud.build/Debug-iphonesimulator/Share.build/Share-all-non-framework-target-headers.hmap (headermap)
2026-04-22T16:43:52.2241310Z  /Users/runner/work/tcm-storage-ios/tcm-storage-ios/build/SourcePackages/checkouts/realm-core/src
2026-04-22T16:43:52.2241840Z  /Users/runner/work/tcm-storage-ios/tcm-storage-ios/build/SourcePackages/checkouts/realm-core/src/external/s2
2026-04-22T16:43:52.2242520Z  /Users/runner/work/tcm-storage-ios/tcm-storage-ios/build/SourcePackages/checkouts/realm-core/src/external/IntelRDFPMathLib20U2/LIBRARY/src
2026-04-22T16:43:52.2243200Z  /Users/runner/work/tcm-storage-ios/tcm-storage-ios/build/SourcePackages/checkouts/realm-core/src/spm
2026-04-22T16:43:52.2243720Z  /Users/runner/work/tcm-storage-ios/tcm-storage-ios/build/SourcePackages/checkouts/realm-swift/include
2026-04-22T16:43:52.2244300Z  /Users/runner/work/tcm-storage-ios/tcm-storage-ios/build/SourcePackages/checkouts/swift-atomics/Sources/_AtomicsShims/include
2026-04-22T16:43:52.2244930Z  /Users/runner/work/tcm-storage-ios/tcm-storage-ios/build/SourcePackages/checkouts/swift-nio/Sources/CNIOPosix/include
2026-04-22T16:43:52.2245540Z  /Users/runner/work/tcm-storage-ios/tcm-storage-ios/build/SourcePackages/checkouts/swift-nio/Sources/CNIOWASI/include
2026-04-22T16:43:52.2246240Z  /Users/runner/work/tcm-storage-ios/tcm-storage-ios/build/SourcePackages/checkouts/swift-nio/Sources/CNIOWindows/include
2026-04-22T16:43:52.2246880Z  /Users/runner/work/tcm-storage-ios/tcm-storage-ios/build/SourcePackages/checkouts/swift-nio/Sources/CNIOLinux/include
2026-04-22T16:43:52.2247480Z  /Users/runner/work/tcm-storage-ios/tcm-storage-ios/build/SourcePackages/checkouts/swift-nio/Sources/CNIODarwin/include
2026-04-22T16:43:52.2248120Z  /Users/runner/work/tcm-storage-ios/tcm-storage-ios/build/SourcePackages/checkouts/swift-nio/Sources/CNIOOpenBSD/include
2026-04-22T16:43:52.2248740Z  /Users/runner/work/tcm-storage-ios/tcm-storage-ios/build/SourcePackages/checkouts/swift-nio/Sources/CNIOAtomics/include
2026-04-22T16:43:52.2249400Z  /Users/runner/work/tcm-storage-ios/tcm-storage-ios/build/SourcePackages/checkouts/swift-nio-ssl/Sources/CNIOBoringSSLShims/include
2026-04-22T16:43:52.2250090Z  /Users/runner/work/tcm-storage-ios/tcm-storage-ios/build/SourcePackages/checkouts/swift-nio-ssl/Sources/CNIOBoringSSL/include
2026-04-22T16:43:52.2250720Z  /Users/runner/work/tcm-storage-ios/tcm-storage-ios/build/SourcePackages/checkouts/GzipSwift/Sources/system-zlib/include
2026-04-22T16:43:52.2251420Z  /Users/runner/work/tcm-storage-ios/tcm-storage-ios/build/Build/Intermediates.noindex/Nextcloud.build/Debug-iphonesimulator/Share.build/DerivedSources
2026-04-22T16:43:52.2252170Z  /Users/runner/work/tcm-storage-ios/tcm-storage-ios/build/Build/Products/Debug-iphonesimulator/PackageFrameworks (framework directory)
2026-04-22T16:43:52.2252810Z  /Users/runner/work/tcm-storage-ios/tcm-storage-ios/build/Build/Products/Debug-iphonesimulator (framework directory)
2026-04-22T16:43:52.2253450Z  /Applications/Xcode_26.2.app/Contents/Developer/Platforms/iPhoneSimulator.platform/Developer/Library/Frameworks (framework directory)
2026-04-22T16:43:52.2254270Z  /Applications/Xcode_26.2.app/Contents/Developer/Platforms/iPhoneSimulator.platform/Developer/SDKs/iPhoneSimulator26.2.sdk/Developer/Library/Frameworks (framework directory)
2026-04-22T16:43:52.2255000Z  /Applications/Xcode_26.2.app/Contents/Developer/Toolchains/XcodeDefault.xctoolchain/usr/lib/clang/17/include
2026-04-22T16:43:52.2255630Z  /Applications/Xcode_26.2.app/Contents/Developer/Platforms/iPhoneSimulator.platform/Developer/SDKs/iPhoneSimulator26.2.sdk/usr/include
2026-04-22T16:43:52.2256220Z  /Applications/Xcode_26.2.app/Contents/Developer/Toolchains/XcodeDefault.xctoolchain/usr/include
2026-04-22T16:43:52.2256910Z  /Applications/Xcode_26.2.app/Contents/Developer/Platforms/iPhoneSimulator.platform/Developer/SDKs/iPhoneSimulator26.2.sdk/System/Library/Frameworks (framework directory)
2026-04-22T16:43:52.2257810Z  /Applications/Xcode_26.2.app/Contents/Developer/Platforms/iPhoneSimulator.platform/Developer/SDKs/iPhoneSimulator26.2.sdk/System/Library/SubFrameworks (framework directory)
2026-04-22T16:43:52.2258460Z End of search list.
2026-04-22T16:43:52.2258870Z clang -cc1 version 17.0.0 (clang-1700.6.3.2) default target arm64-apple-darwin24.6.0
2026-04-22T16:43:52.2259450Z ignoring nonexistent directory "/Users/runner/work/tcm-storage-ios/tcm-storage-ios/build/Build/Products/Debug-iphonesimulator/include"
2026-04-22T16:43:52.2261130Z ignoring nonexistent directory "/Users/runner/work/tcm-storage-ios/tcm-storage-ios/build/Build/Intermediates.noindex/Nextcloud.build/Debug-iphonesimulator/Share.build/DerivedSources-normal/arm64"
2026-04-22T16:43:52.2262230Z ignoring nonexistent directory "/Users/runner/work/tcm-storage-ios/tcm-storage-ios/build/Build/Intermediates.noindex/Nextcloud.build/Debug-iphonesimulator/Share.build/DerivedSources/arm64"
2026-04-22T16:43:52.2264060Z ignoring nonexistent directory "/Applications/Xcode_26.2.app/Contents/Developer/Platforms/iPhoneSimulator.platform/Developer/SDKs/iPhoneSimulator26.2.sdk/usr/local/include"
2026-04-22T16:43:52.2266360Z ignoring nonexistent directory "/Applications/Xcode_26.2.app/Contents/Developer/Platforms/iPhoneSimulator.platform/Developer/SDKs/iPhoneSimulator26.2.sdk/Library/Frameworks"
2026-04-22T16:43:52.2268970Z ignoring duplicate directory "/Users/runner/work/tcm-storage-ios/tcm-storage-ios/build/Build/Products/Debug-iphonesimulator/PackageFrameworks"
2026-04-22T16:43:52.2270870Z ignoring duplicate directory "/Users/runner/work/tcm-storage-ios/tcm-storage-ios/build/Build/Products/Debug-iphonesimulator/PackageFrameworks"
2026-04-22T16:43:52.2272590Z ignoring duplicate directory "/Users/runner/work/tcm-storage-ios/tcm-storage-ios/build/Build/Products/Debug-iphonesimulator/PackageFrameworks"
2026-04-22T16:43:52.2274360Z ignoring duplicate directory "/Users/runner/work/tcm-storage-ios/tcm-storage-ios/build/Build/Products/Debug-iphonesimulator/PackageFrameworks"
2026-04-22T16:43:52.2275940Z ignoring duplicate directory "/Users/runner/work/tcm-storage-ios/tcm-storage-ios/build/Build/Products/Debug-iphonesimulator/PackageFrameworks"
2026-04-22T16:43:52.2277620Z ignoring duplicate directory "/Users/runner/work/tcm-storage-ios/tcm-storage-ios/build/Build/Products/Debug-iphonesimulator/PackageFrameworks"
2026-04-22T16:43:52.2279450Z ignoring duplicate directory "/Users/runner/work/tcm-storage-ios/tcm-storage-ios/build/Build/Products/Debug-iphonesimulator/PackageFrameworks"
2026-04-22T16:43:52.2281280Z ignoring duplicate directory "/Users/runner/work/tcm-storage-ios/tcm-storage-ios/build/Build/Products/Debug-iphonesimulator/PackageFrameworks"
2026-04-22T16:43:52.2283230Z ignoring duplicate directory "/Users/runner/work/tcm-storage-ios/tcm-storage-ios/build/Build/Products/Debug-iphonesimulator/PackageFrameworks"
2026-04-22T16:43:52.2285010Z ignoring duplicate directory "/Users/runner/work/tcm-storage-ios/tcm-storage-ios/build/Build/Products/Debug-iphonesimulator/PackageFrameworks"
2026-04-22T16:43:52.2286640Z ignoring duplicate directory "/Users/runner/work/tcm-storage-ios/tcm-storage-ios/build/Build/Products/Debug-iphonesimulator/PackageFrameworks"
2026-04-22T16:43:52.2291730Z ignoring duplicate directory "/Users/runner/work/tcm-storage-ios/tcm-storage-ios/build/Build/Products/Debug-iphonesimulator/PackageFrameworks"
2026-04-22T16:43:52.2295650Z ignoring duplicate directory "/Users/runner/work/tcm-storage-ios/tcm-storage-ios/build/Build/Products/Debug-iphonesimulator/PackageFrameworks"
2026-04-22T16:43:52.2297520Z ignoring duplicate directory "/Users/runner/work/tcm-storage-ios/tcm-storage-ios/build/Build/Products/Debug-iphonesimulator/PackageFrameworks"
2026-04-22T16:43:52.2299440Z ignoring duplicate directory "/Users/runner/work/tcm-storage-ios/tcm-storage-ios/build/Build/Products/Debug-iphonesimulator/PackageFrameworks"
2026-04-22T16:43:52.2301300Z ignoring duplicate directory "/Users/runner/work/tcm-storage-ios/tcm-storage-ios/build/Build/Products/Debug-iphonesimulator/PackageFrameworks"
2026-04-22T16:43:52.2303270Z ignoring duplicate directory "/Users/runner/work/tcm-storage-ios/tcm-storage-ios/build/Build/Products/Debug-iphonesimulator/PackageFrameworks"
2026-04-22T16:43:52.2305800Z ignoring duplicate directory "/Users/runner/work/tcm-storage-ios/tcm-storage-ios/build/Build/Products/Debug-iphonesimulator/PackageFrameworks"
2026-04-22T16:43:52.2307470Z ignoring duplicate directory "/Users/runner/work/tcm-storage-ios/tcm-storage-ios/build/Build/Products/Debug-iphonesimulator/PackageFrameworks"
2026-04-22T16:43:52.2309240Z ignoring duplicate directory "/Users/runner/work/tcm-storage-ios/tcm-storage-ios/build/Build/Products/Debug-iphonesimulator/PackageFrameworks"
2026-04-22T16:43:52.2311060Z ignoring duplicate directory "/Users/runner/work/tcm-storage-ios/tcm-storage-ios/build/Build/Products/Debug-iphonesimulator/PackageFrameworks"
2026-04-22T16:43:52.2312920Z ignoring duplicate directory "/Users/runner/work/tcm-storage-ios/tcm-storage-ios/build/Build/Products/Debug-iphonesimulator/PackageFrameworks"
2026-04-22T16:43:52.2315020Z ignoring duplicate directory "/Users/runner/work/tcm-storage-ios/tcm-storage-ios/build/Build/Products/Debug-iphonesimulator/PackageFrameworks"
2026-04-22T16:43:52.2316850Z ignoring duplicate directory "/Users/runner/work/tcm-storage-ios/tcm-storage-ios/build/Build/Products/Debug-iphonesimulator/PackageFrameworks"
2026-04-22T16:43:52.2317940Z ignoring duplicate directory "/Users/runner/work/tcm-storage-ios/tcm-storage-ios/build/Build/Products/Debug-iphonesimulator/PackageFrameworks"
2026-04-22T16:43:52.2318680Z ignoring duplicate directory "/Users/runner/work/tcm-storage-ios/tcm-storage-ios/build/Build/Products/Debug-iphonesimulator/PackageFrameworks"
2026-04-22T16:43:52.2319420Z ignoring duplicate directory "/Users/runner/work/tcm-storage-ios/tcm-storage-ios/build/Build/Products/Debug-iphonesimulator/PackageFrameworks"
2026-04-22T16:43:52.2320150Z ignoring duplicate directory "/Users/runner/work/tcm-storage-ios/tcm-storage-ios/build/Build/Products/Debug-iphonesimulator/PackageFrameworks"
2026-04-22T16:43:52.2320870Z ignoring duplicate directory "/Users/runner/work/tcm-storage-ios/tcm-storage-ios/build/Build/Products/Debug-iphonesimulator/PackageFrameworks"
2026-04-22T16:43:52.2322020Z ignoring duplicate directory "/Users/runner/work/tcm-storage-ios/tcm-storage-ios/build/Build/Products/Debug-iphonesimulator/PackageFrameworks"
2026-04-22T16:43:52.2322830Z ignoring duplicate directory "/Users/runner/work/tcm-storage-ios/tcm-storage-ios/build/Build/Products/Debug-iphonesimulator/PackageFrameworks"
2026-04-22T16:43:52.2323580Z ignoring duplicate directory "/Users/runner/work/tcm-storage-ios/tcm-storage-ios/build/Build/Products/Debug-iphonesimulator/PackageFrameworks"
2026-04-22T16:43:52.2324620Z ignoring duplicate directory "/Users/runner/work/tcm-storage-ios/tcm-storage-ios/build/Build/Products/Debug-iphonesimulator/PackageFrameworks"
2026-04-22T16:43:52.2325360Z ignoring duplicate directory "/Users/runner/work/tcm-storage-ios/tcm-storage-ios/build/Build/Products/Debug-iphonesimulator/PackageFrameworks"
2026-04-22T16:43:52.2326090Z ignoring duplicate directory "/Users/runner/work/tcm-storage-ios/tcm-storage-ios/build/Build/Products/Debug-iphonesimulator/PackageFrameworks"
2026-04-22T16:43:52.2327810Z ignoring duplicate directory "/Users/runner/work/tcm-storage-ios/tcm-storage-ios/build/Build/Products/Debug-iphonesimulator/PackageFrameworks"
2026-04-22T16:43:52.2328540Z ignoring duplicate directory "/Users/runner/work/tcm-storage-ios/tcm-storage-ios/build/Build/Products/Debug-iphonesimulator/PackageFrameworks"
2026-04-22T16:43:52.2329590Z ignoring duplicate directory "/Users/runner/work/tcm-storage-ios/tcm-storage-ios/build/Build/Products/Debug-iphonesimulator/PackageFrameworks"
2026-04-22T16:43:52.2330440Z ignoring duplicate directory "/Users/runner/work/tcm-storage-ios/tcm-storage-ios/build/Build/Products/Debug-iphonesimulator/PackageFrameworks"
2026-04-22T16:43:52.2331310Z ignoring duplicate directory "/Users/runner/work/tcm-storage-ios/tcm-storage-ios/build/Build/Products/Debug-iphonesimulator/PackageFrameworks"
2026-04-22T16:43:52.2331790Z #include "..." search starts here:
2026-04-22T16:43:52.2332340Z  /Users/runner/work/tcm-storage-ios/tcm-storage-ios/build/Build/Intermediates.noindex/Nextcloud.build/Debug-iphonesimulator/Share.build/Share-generated-files.hmap (headermap)
2026-04-22T16:43:52.2333870Z  /Users/runner/work/tcm-storage-ios/tcm-storage-ios/build/Build/Intermediates.noindex/Nextcloud.build/Debug-iphonesimulator/Share.build/Share-project-headers.hmap (headermap)
2026-04-22T16:43:52.2334460Z #include <...> search starts here:
2026-04-22T16:43:52.2335030Z  /Users/runner/work/tcm-storage-ios/tcm-storage-ios/build/Build/Intermediates.noindex/Nextcloud.build/Debug-iphonesimulator/Share.build/Share-own-target-headers.hmap (headermap)
2026-04-22T16:43:52.2336030Z  /Users/runner/work/tcm-storage-ios/tcm-storage-ios/build/Build/Intermediates.noindex/Nextcloud.build/Debug-iphonesimulator/Share.build/Share-all-non-framework-target-headers.hmap (headermap)
2026-04-22T16:43:52.2337160Z  /Users/runner/work/tcm-storage-ios/tcm-storage-ios/build/SourcePackages/checkouts/realm-core/src
2026-04-22T16:43:52.2337720Z  /Users/runner/work/tcm-storage-ios/tcm-storage-ios/build/SourcePackages/checkouts/realm-core/src/external/s2
2026-04-22T16:43:52.2338550Z  /Users/runner/work/tcm-storage-ios/tcm-storage-ios/build/SourcePackages/checkouts/realm-core/src/external/IntelRDFPMathLib20U2/LIBRARY/src
2026-04-22T16:43:52.2339370Z  /Users/runner/work/tcm-storage-ios/tcm-storage-ios/build/SourcePackages/checkouts/realm-core/src/spm
2026-04-22T16:43:52.2339960Z  /Users/runner/work/tcm-storage-ios/tcm-storage-ios/build/SourcePackages/checkouts/realm-swift/include
2026-04-22T16:43:52.2340600Z  /Users/runner/work/tcm-storage-ios/tcm-storage-ios/build/SourcePackages/checkouts/swift-atomics/Sources/_AtomicsShims/include
2026-04-22T16:43:52.2341470Z  /Users/runner/work/tcm-storage-ios/tcm-storage-ios/build/SourcePackages/checkouts/swift-nio/Sources/CNIOPosix/include
2026-04-22T16:43:52.2342090Z  /Users/runner/work/tcm-storage-ios/tcm-storage-ios/build/SourcePackages/checkouts/swift-nio/Sources/CNIOWASI/include
2026-04-22T16:43:52.2342720Z  /Users/runner/work/tcm-storage-ios/tcm-storage-ios/build/SourcePackages/checkouts/swift-nio/Sources/CNIOWindows/include
2026-04-22T16:43:52.2343330Z  /Users/runner/work/tcm-storage-ios/tcm-storage-ios/build/SourcePackages/checkouts/swift-nio/Sources/CNIOLinux/include
2026-04-22T16:43:52.2344080Z  /Users/runner/work/tcm-storage-ios/tcm-storage-ios/build/SourcePackages/checkouts/swift-nio/Sources/CNIODarwin/include
2026-04-22T16:43:52.2344850Z  /Users/runner/work/tcm-storage-ios/tcm-storage-ios/build/SourcePackages/checkouts/swift-nio/Sources/CNIOOpenBSD/include
2026-04-22T16:43:52.2345470Z  /Users/runner/work/tcm-storage-ios/tcm-storage-ios/build/SourcePackages/checkouts/swift-nio/Sources/CNIOAtomics/include
2026-04-22T16:43:52.2346120Z  /Users/runner/work/tcm-storage-ios/tcm-storage-ios/build/SourcePackages/checkouts/swift-nio-ssl/Sources/CNIOBoringSSLShims/include
2026-04-22T16:43:52.2353610Z  /Users/runner/work/tcm-storage-ios/tcm-storage-ios/build/SourcePackages/checkouts/swift-nio-ssl/Sources/CNIOBoringSSL/include
2026-04-22T16:43:52.2354470Z  /Users/runner/work/tcm-storage-ios/tcm-storage-ios/build/SourcePackages/checkouts/GzipSwift/Sources/system-zlib/include
2026-04-22T16:43:52.2355200Z  /Users/runner/work/tcm-storage-ios/tcm-storage-ios/build/Build/Intermediates.noindex/Nextcloud.build/Debug-iphonesimulator/Share.build/DerivedSources
2026-04-22T16:43:52.2356280Z  /Users/runner/work/tcm-storage-ios/tcm-storage-ios/build/Build/Products/Debug-iphonesimulator/PackageFrameworks (framework directory)
2026-04-22T16:43:52.2356930Z  /Users/runner/work/tcm-storage-ios/tcm-storage-ios/build/Build/Products/Debug-iphonesimulator (framework directory)
2026-04-22T16:43:52.2357730Z  /Applications/Xcode_26.2.app/Contents/Developer/Platforms/iPhoneSimulator.platform/Developer/Library/Frameworks (framework directory)
2026-04-22T16:43:52.2358540Z  /Applications/Xcode_26.2.app/Contents/Developer/Platforms/iPhoneSimulator.platform/Developer/SDKs/iPhoneSimulator26.2.sdk/Developer/Library/Frameworks (framework directory)
2026-04-22T16:43:52.2359750Z  /Applications/Xcode_26.2.app/Contents/Developer/Toolchains/XcodeDefault.xctoolchain/usr/lib/clang/17/include
2026-04-22T16:43:52.2360820Z  /Applications/Xcode_26.2.app/Contents/Developer/Platforms/iPhoneSimulator.platform/Developer/SDKs/iPhoneSimulator26.2.sdk/usr/include
2026-04-22T16:43:52.2361420Z  /Applications/Xcode_26.2.app/Contents/Developer/Toolchains/XcodeDefault.xctoolchain/usr/include
2026-04-22T16:43:52.2362120Z  /Applications/Xcode_26.2.app/Contents/Developer/Platforms/iPhoneSimulator.platform/Developer/SDKs/iPhoneSimulator26.2.sdk/System/Library/Frameworks (framework directory)
2026-04-22T16:43:52.2363410Z  /Applications/Xcode_26.2.app/Contents/Developer/Platforms/iPhoneSimulator.platform/Developer/SDKs/iPhoneSimulator26.2.sdk/System/Library/SubFrameworks (framework directory)
2026-04-22T16:43:52.2363970Z End of search list.
2026-04-22T16:43:52.2364220Z clang -cc1 version 17.0.0 (clang-1700.6.3.2) default target arm64-apple-darwin24.6.0
2026-04-22T16:43:52.2364780Z ignoring nonexistent directory "/Users/runner/work/tcm-storage-ios/tcm-storage-ios/build/Build/Products/Debug-iphonesimulator/include"
2026-04-22T16:43:52.2366310Z ignoring nonexistent directory "/Users/runner/work/tcm-storage-ios/tcm-storage-ios/build/Build/Intermediates.noindex/Nextcloud.build/Debug-iphonesimulator/Share.build/DerivedSources-normal/arm64"
2026-04-22T16:43:52.2367340Z ignoring nonexistent directory "/Users/runner/work/tcm-storage-ios/tcm-storage-ios/build/Build/Intermediates.noindex/Nextcloud.build/Debug-iphonesimulator/Share.build/DerivedSources/arm64"
2026-04-22T16:43:52.2368600Z ignoring nonexistent directory "/Applications/Xcode_26.2.app/Contents/Developer/Platforms/iPhoneSimulator.platform/Developer/SDKs/iPhoneSimulator26.2.sdk/usr/local/include"
2026-04-22T16:43:52.2369650Z ignoring nonexistent directory "/Applications/Xcode_26.2.app/Contents/Developer/Platforms/iPhoneSimulator.platform/Developer/SDKs/iPhoneSimulator26.2.sdk/Library/Frameworks"
2026-04-22T16:43:52.2370470Z ignoring duplicate directory "/Users/runner/work/tcm-storage-ios/tcm-storage-ios/build/Build/Products/Debug-iphonesimulator/PackageFrameworks"
2026-04-22T16:43:52.2371350Z ignoring duplicate directory "/Users/runner/work/tcm-storage-ios/tcm-storage-ios/build/Build/Products/Debug-iphonesimulator/PackageFrameworks"
2026-04-22T16:43:52.2372080Z ignoring duplicate directory "/Users/runner/work/tcm-storage-ios/tcm-storage-ios/build/Build/Products/Debug-iphonesimulator/PackageFrameworks"
2026-04-22T16:43:52.2372810Z ignoring duplicate directory "/Users/runner/work/tcm-storage-ios/tcm-storage-ios/build/Build/Products/Debug-iphonesimulator/PackageFrameworks"
2026-04-22T16:43:52.2373970Z ignoring duplicate directory "/Users/runner/work/tcm-storage-ios/tcm-storage-ios/build/Build/Products/Debug-iphonesimulator/PackageFrameworks"
2026-04-22T16:43:52.2374830Z ignoring duplicate directory "/Users/runner/work/tcm-storage-ios/tcm-storage-ios/build/Build/Products/Debug-iphonesimulator/PackageFrameworks"
2026-04-22T16:43:52.2375560Z ignoring duplicate directory "/Users/runner/work/tcm-storage-ios/tcm-storage-ios/build/Build/Products/Debug-iphonesimulator/PackageFrameworks"
2026-04-22T16:43:52.2376290Z ignoring duplicate directory "/Users/runner/work/tcm-storage-ios/tcm-storage-ios/build/Build/Products/Debug-iphonesimulator/PackageFrameworks"
2026-04-22T16:43:52.2377330Z ignoring duplicate directory "/Users/runner/work/tcm-storage-ios/tcm-storage-ios/build/Build/Products/Debug-iphonesimulator/PackageFrameworks"
2026-04-22T16:43:52.2378060Z ignoring duplicate directory "/Users/runner/work/tcm-storage-ios/tcm-storage-ios/build/Build/Products/Debug-iphonesimulator/PackageFrameworks"
2026-04-22T16:43:52.2378800Z ignoring duplicate directory "/Users/runner/work/tcm-storage-ios/tcm-storage-ios/build/Build/Products/Debug-iphonesimulator/PackageFrameworks"
2026-04-22T16:43:52.2380800Z ignoring duplicate directory "/Users/runner/work/tcm-storage-ios/tcm-storage-ios/build/Build/Products/Debug-iphonesimulator/PackageFrameworks"
2026-04-22T16:43:52.2381620Z ignoring duplicate directory "/Users/runner/work/tcm-storage-ios/tcm-storage-ios/build/Build/Products/Debug-iphonesimulator/PackageFrameworks"
2026-04-22T16:43:52.2382580Z ignoring duplicate directory "/Users/runner/work/tcm-storage-ios/tcm-storage-ios/build/Build/Products/Debug-iphonesimulator/PackageFrameworks"
2026-04-22T16:43:52.2383500Z ignoring duplicate directory "/Users/runner/work/tcm-storage-ios/tcm-storage-ios/build/Build/Products/Debug-iphonesimulator/PackageFrameworks"
2026-04-22T16:43:52.2384360Z ignoring duplicate directory "/Users/runner/work/tcm-storage-ios/tcm-storage-ios/build/Build/Products/Debug-iphonesimulator/PackageFrameworks"
2026-04-22T16:43:52.2385130Z ignoring duplicate directory "/Users/runner/work/tcm-storage-ios/tcm-storage-ios/build/Build/Products/Debug-iphonesimulator/PackageFrameworks"
2026-04-22T16:43:52.2385860Z ignoring duplicate directory "/Users/runner/work/tcm-storage-ios/tcm-storage-ios/build/Build/Products/Debug-iphonesimulator/PackageFrameworks"
2026-04-22T16:43:52.2386590Z ignoring duplicate directory "/Users/runner/work/tcm-storage-ios/tcm-storage-ios/build/Build/Products/Debug-iphonesimulator/PackageFrameworks"
2026-04-22T16:43:52.2387100Z ignoring duplicate directory "/Users/runner/work/tcm-storage-ios/tcm-storage-ios/build/Build/Products/Debug-iphonesimulator/PackageFrameworks"
2026-04-22T16:43:52.2387450Z ignoring duplicate directory "/Users/runner/work/tcm-storage-ios/tcm-storage-ios/build/Build/Products/Debug-iphonesimulator/PackageFrameworks"
2026-04-22T16:43:52.2387800Z ignoring duplicate directory "/Users/runner/work/tcm-storage-ios/tcm-storage-ios/build/Build/Products/Debug-iphonesimulator/PackageFrameworks"
2026-04-22T16:43:52.2388120Z ignoring duplicate directory "/Users/runner/work/tcm-storage-ios/tcm-storage-ios/build/Build/Products/Debug-iphonesimulator/PackageFrameworks"
2026-04-22T16:43:52.2388530Z ignoring duplicate directory "/Users/runner/work/tcm-storage-ios/tcm-storage-ios/build/Build/Products/Debug-iphonesimulator/PackageFrameworks"
2026-04-22T16:43:52.2388890Z ignoring duplicate directory "/Users/runner/work/tcm-storage-ios/tcm-storage-ios/build/Build/Products/Debug-iphonesimulator/PackageFrameworks"
2026-04-22T16:43:52.2389220Z ignoring duplicate directory "/Users/runner/work/tcm-storage-ios/tcm-storage-ios/build/Build/Products/Debug-iphonesimulator/PackageFrameworks"
2026-04-22T16:43:52.2389580Z ignoring duplicate directory "/Users/runner/work/tcm-storage-ios/tcm-storage-ios/build/Build/Products/Debug-iphonesimulator/PackageFrameworks"
2026-04-22T16:43:52.2389900Z ignoring duplicate directory "/Users/runner/work/tcm-storage-ios/tcm-storage-ios/build/Build/Products/Debug-iphonesimulator/PackageFrameworks"
2026-04-22T16:43:52.2390220Z ignoring duplicate directory "/Users/runner/work/tcm-storage-ios/tcm-storage-ios/build/Build/Products/Debug-iphonesimulator/PackageFrameworks"
2026-04-22T16:43:52.2390540Z ignoring duplicate directory "/Users/runner/work/tcm-storage-ios/tcm-storage-ios/build/Build/Products/Debug-iphonesimulator/PackageFrameworks"
2026-04-22T16:43:52.2390870Z ignoring duplicate directory "/Users/runner/work/tcm-storage-ios/tcm-storage-ios/build/Build/Products/Debug-iphonesimulator/PackageFrameworks"
2026-04-22T16:43:52.2391260Z ignoring duplicate directory "/Users/runner/work/tcm-storage-ios/tcm-storage-ios/build/Build/Products/Debug-iphonesimulator/PackageFrameworks"
2026-04-22T16:43:52.2391580Z ignoring duplicate directory "/Users/runner/work/tcm-storage-ios/tcm-storage-ios/build/Build/Products/Debug-iphonesimulator/PackageFrameworks"
2026-04-22T16:43:52.2391910Z ignoring duplicate directory "/Users/runner/work/tcm-storage-ios/tcm-storage-ios/build/Build/Products/Debug-iphonesimulator/PackageFrameworks"
2026-04-22T16:43:52.2392260Z ignoring duplicate directory "/Users/runner/work/tcm-storage-ios/tcm-storage-ios/build/Build/Products/Debug-iphonesimulator/PackageFrameworks"
2026-04-22T16:43:52.2392580Z ignoring duplicate directory "/Users/runner/work/tcm-storage-ios/tcm-storage-ios/build/Build/Products/Debug-iphonesimulator/PackageFrameworks"
2026-04-22T16:43:52.2393170Z ignoring duplicate directory "/Users/runner/work/tcm-storage-ios/tcm-storage-ios/build/Build/Products/Debug-iphonesimulator/PackageFrameworks"
2026-04-22T16:43:52.2393580Z ignoring duplicate directory "/Users/runner/work/tcm-storage-ios/tcm-storage-ios/build/Build/Products/Debug-iphonesimulator/PackageFrameworks"
2026-04-22T16:43:52.2393940Z ignoring duplicate directory "/Users/runner/work/tcm-storage-ios/tcm-storage-ios/build/Build/Products/Debug-iphonesimulator/PackageFrameworks"
2026-04-22T16:43:52.2394290Z ignoring duplicate directory "/Users/runner/work/tcm-storage-ios/tcm-storage-ios/build/Build/Products/Debug-iphonesimulator/PackageFrameworks"
2026-04-22T16:43:52.2394350Z #include "..." search starts here:
2026-04-22T16:43:52.2394810Z  /Users/runner/work/tcm-storage-ios/tcm-storage-ios/build/Build/Intermediates.noindex/Nextcloud.build/Debug-iphonesimulator/Share.build/Share-generated-files.hmap (headermap)
2026-04-22T16:43:52.2395330Z  /Users/runner/work/tcm-storage-ios/tcm-storage-ios/build/Build/Intermediates.noindex/Nextcloud.build/Debug-iphonesimulator/Share.build/Share-project-headers.hmap (headermap)
2026-04-22T16:43:52.2395400Z #include <...> search starts here:
2026-04-22T16:43:52.2395920Z  /Users/runner/work/tcm-storage-ios/tcm-storage-ios/build/Build/Intermediates.noindex/Nextcloud.build/Debug-iphonesimulator/Share.build/Share-own-target-headers.hmap (headermap)
2026-04-22T16:43:52.2396410Z  /Users/runner/work/tcm-storage-ios/tcm-storage-ios/build/Build/Intermediates.noindex/Nextcloud.build/Debug-iphonesimulator/Share.build/Share-all-non-framework-target-headers.hmap (headermap)
2026-04-22T16:43:52.2396630Z  /Users/runner/work/tcm-storage-ios/tcm-storage-ios/build/SourcePackages/checkouts/realm-core/src
2026-04-22T16:43:52.2396870Z  /Users/runner/work/tcm-storage-ios/tcm-storage-ios/build/SourcePackages/checkouts/realm-core/src/external/s2
2026-04-22T16:43:52.2397190Z  /Users/runner/work/tcm-storage-ios/tcm-storage-ios/build/SourcePackages/checkouts/realm-core/src/external/IntelRDFPMathLib20U2/LIBRARY/src
2026-04-22T16:43:52.2397490Z  /Users/runner/work/tcm-storage-ios/tcm-storage-ios/build/SourcePackages/checkouts/realm-core/src/spm
2026-04-22T16:43:52.2397750Z  /Users/runner/work/tcm-storage-ios/tcm-storage-ios/build/SourcePackages/checkouts/realm-swift/include
2026-04-22T16:43:52.2398050Z  /Users/runner/work/tcm-storage-ios/tcm-storage-ios/build/SourcePackages/checkouts/swift-atomics/Sources/_AtomicsShims/include
2026-04-22T16:43:52.2398310Z  /Users/runner/work/tcm-storage-ios/tcm-storage-ios/build/SourcePackages/checkouts/swift-nio/Sources/CNIOPosix/include
2026-04-22T16:43:52.2398580Z  /Users/runner/work/tcm-storage-ios/tcm-storage-ios/build/SourcePackages/checkouts/swift-nio/Sources/CNIOWASI/include
2026-04-22T16:43:52.2398840Z  /Users/runner/work/tcm-storage-ios/tcm-storage-ios/build/SourcePackages/checkouts/swift-nio/Sources/CNIOWindows/include
2026-04-22T16:43:52.2399100Z  /Users/runner/work/tcm-storage-ios/tcm-storage-ios/build/SourcePackages/checkouts/swift-nio/Sources/CNIOLinux/include
2026-04-22T16:43:52.2399370Z  /Users/runner/work/tcm-storage-ios/tcm-storage-ios/build/SourcePackages/checkouts/swift-nio/Sources/CNIODarwin/include
2026-04-22T16:43:52.2399640Z  /Users/runner/work/tcm-storage-ios/tcm-storage-ios/build/SourcePackages/checkouts/swift-nio/Sources/CNIOOpenBSD/include
2026-04-22T16:43:52.2399980Z  /Users/runner/work/tcm-storage-ios/tcm-storage-ios/build/SourcePackages/checkouts/swift-nio/Sources/CNIOAtomics/include
2026-04-22T16:43:52.2400460Z  /Users/runner/work/tcm-storage-ios/tcm-storage-ios/build/SourcePackages/checkouts/swift-nio-ssl/Sources/CNIOBoringSSLShims/include
2026-04-22T16:43:52.2400760Z  /Users/runner/work/tcm-storage-ios/tcm-storage-ios/build/SourcePackages/checkouts/swift-nio-ssl/Sources/CNIOBoringSSL/include
2026-04-22T16:43:52.2401020Z  /Users/runner/work/tcm-storage-ios/tcm-storage-ios/build/SourcePackages/checkouts/GzipSwift/Sources/system-zlib/include
2026-04-22T16:43:52.2401380Z  /Users/runner/work/tcm-storage-ios/tcm-storage-ios/build/Build/Intermediates.noindex/Nextcloud.build/Debug-iphonesimulator/Share.build/DerivedSources
2026-04-22T16:43:52.2401810Z  /Users/runner/work/tcm-storage-ios/tcm-storage-ios/build/Build/Products/Debug-iphonesimulator/PackageFrameworks (framework directory)
2026-04-22T16:43:52.2402360Z  /Users/runner/work/tcm-storage-ios/tcm-storage-ios/build/Build/Products/Debug-iphonesimulator (framework directory)
2026-04-22T16:43:52.2402710Z  /Applications/Xcode_26.2.app/Contents/Developer/Platforms/iPhoneSimulator.platform/Developer/Library/Frameworks (framework directory)
2026-04-22T16:43:52.2403150Z  /Applications/Xcode_26.2.app/Contents/Developer/Platforms/iPhoneSimulator.platform/Developer/SDKs/iPhoneSimulator26.2.sdk/Developer/Library/Frameworks (framework directory)
2026-04-22T16:43:52.2403390Z  /Applications/Xcode_26.2.app/Contents/Developer/Toolchains/XcodeDefault.xctoolchain/usr/lib/clang/17/include
2026-04-22T16:43:52.2403710Z  /Applications/Xcode_26.2.app/Contents/Developer/Platforms/iPhoneSimulator.platform/Developer/SDKs/iPhoneSimulator26.2.sdk/usr/include
2026-04-22T16:43:52.2403920Z  /Applications/Xcode_26.2.app/Contents/Developer/Toolchains/XcodeDefault.xctoolchain/usr/include
2026-04-22T16:43:52.2404470Z  /Applications/Xcode_26.2.app/Contents/Developer/Platforms/iPhoneSimulator.platform/Developer/SDKs/iPhoneSimulator26.2.sdk/System/Library/Frameworks (framework directory)
2026-04-22T16:43:52.2404960Z  /Applications/Xcode_26.2.app/Contents/Developer/Platforms/iPhoneSimulator.platform/Developer/SDKs/iPhoneSimulator26.2.sdk/System/Library/SubFrameworks (framework directory)
2026-04-22T16:43:52.2405010Z End of search list.
2026-04-22T16:43:52.2405230Z clang -cc1 version 17.0.0 (clang-1700.6.3.2) default target arm64-apple-darwin24.6.0
2026-04-22T16:43:52.2405550Z ignoring nonexistent directory "/Users/runner/work/tcm-storage-ios/tcm-storage-ios/build/Build/Products/Debug-iphonesimulator/include"
2026-04-22T16:43:52.2406050Z ignoring nonexistent directory "/Users/runner/work/tcm-storage-ios/tcm-storage-ios/build/Build/Intermediates.noindex/Nextcloud.build/Debug-iphonesimulator/Share.build/DerivedSources-normal/arm64"
2026-04-22T16:43:52.2406550Z ignoring nonexistent directory "/Users/runner/work/tcm-storage-ios/tcm-storage-ios/build/Build/Intermediates.noindex/Nextcloud.build/Debug-iphonesimulator/Share.build/DerivedSources/arm64"
2026-04-22T16:43:52.2406970Z ignoring nonexistent directory "/Applications/Xcode_26.2.app/Contents/Developer/Platforms/iPhoneSimulator.platform/Developer/SDKs/iPhoneSimulator26.2.sdk/usr/local/include"
2026-04-22T16:43:52.2407470Z ignoring nonexistent directory "/Applications/Xcode_26.2.app/Contents/Developer/Platforms/iPhoneSimulator.platform/Developer/SDKs/iPhoneSimulator26.2.sdk/Library/Frameworks"
2026-04-22T16:43:52.2408000Z ignoring duplicate directory "/Users/runner/work/tcm-storage-ios/tcm-storage-ios/build/Build/Products/Debug-iphonesimulator/PackageFrameworks"
2026-04-22T16:43:52.2408440Z ignoring duplicate directory "/Users/runner/work/tcm-storage-ios/tcm-storage-ios/build/Build/Products/Debug-iphonesimulator/PackageFrameworks"
2026-04-22T16:43:52.2408810Z ignoring duplicate directory "/Users/runner/work/tcm-storage-ios/tcm-storage-ios/build/Build/Products/Debug-iphonesimulator/PackageFrameworks"
2026-04-22T16:43:52.2409140Z ignoring duplicate directory "/Users/runner/work/tcm-storage-ios/tcm-storage-ios/build/Build/Products/Debug-iphonesimulator/PackageFrameworks"
2026-04-22T16:43:52.2409470Z ignoring duplicate directory "/Users/runner/work/tcm-storage-ios/tcm-storage-ios/build/Build/Products/Debug-iphonesimulator/PackageFrameworks"
2026-04-22T16:43:52.2409800Z ignoring duplicate directory "/Users/runner/work/tcm-storage-ios/tcm-storage-ios/build/Build/Products/Debug-iphonesimulator/PackageFrameworks"
2026-04-22T16:43:52.2410120Z ignoring duplicate directory "/Users/runner/work/tcm-storage-ios/tcm-storage-ios/build/Build/Products/Debug-iphonesimulator/PackageFrameworks"
2026-04-22T16:43:52.2410530Z ignoring duplicate directory "/Users/runner/work/tcm-storage-ios/tcm-storage-ios/build/Build/Products/Debug-iphonesimulator/PackageFrameworks"
2026-04-22T16:43:52.2411000Z ignoring duplicate directory "/Users/runner/work/tcm-storage-ios/tcm-storage-ios/build/Build/Products/Debug-iphonesimulator/PackageFrameworks"
2026-04-22T16:43:52.2411330Z ignoring duplicate directory "/Users/runner/work/tcm-storage-ios/tcm-storage-ios/build/Build/Products/Debug-iphonesimulator/PackageFrameworks"
2026-04-22T16:43:52.2411660Z ignoring duplicate directory "/Users/runner/work/tcm-storage-ios/tcm-storage-ios/build/Build/Products/Debug-iphonesimulator/PackageFrameworks"
2026-04-22T16:43:52.2412000Z ignoring duplicate directory "/Users/runner/work/tcm-storage-ios/tcm-storage-ios/build/Build/Products/Debug-iphonesimulator/PackageFrameworks"
2026-04-22T16:43:52.2412330Z ignoring duplicate directory "/Users/runner/work/tcm-storage-ios/tcm-storage-ios/build/Build/Products/Debug-iphonesimulator/PackageFrameworks"
2026-04-22T16:43:52.2413090Z ignoring duplicate directory "/Users/runner/work/tcm-storage-ios/tcm-storage-ios/build/Build/Products/Debug-iphonesimulator/PackageFrameworks"
2026-04-22T16:43:52.2413680Z ignoring duplicate directory "/Users/runner/work/tcm-storage-ios/tcm-storage-ios/build/Build/Products/Debug-iphonesimulator/PackageFrameworks"
2026-04-22T16:43:52.2414150Z ignoring duplicate directory "/Users/runner/work/tcm-storage-ios/tcm-storage-ios/build/Build/Products/Debug-iphonesimulator/PackageFrameworks"
2026-04-22T16:43:52.2414500Z ignoring duplicate directory "/Users/runner/work/tcm-storage-ios/tcm-storage-ios/build/Build/Products/Debug-iphonesimulator/PackageFrameworks"
2026-04-22T16:43:52.2414910Z ignoring duplicate directory "/Users/runner/work/tcm-storage-ios/tcm-storage-ios/build/Build/Products/Debug-iphonesimulator/PackageFrameworks"
2026-04-22T16:43:52.2415310Z ignoring duplicate directory "/Users/runner/work/tcm-storage-ios/tcm-storage-ios/build/Build/Products/Debug-iphonesimulator/PackageFrameworks"
2026-04-22T16:43:52.2415640Z ignoring duplicate directory "/Users/runner/work/tcm-storage-ios/tcm-storage-ios/build/Build/Products/Debug-iphonesimulator/PackageFrameworks"
2026-04-22T16:43:52.2415970Z ignoring duplicate directory "/Users/runner/work/tcm-storage-ios/tcm-storage-ios/build/Build/Products/Debug-iphonesimulator/PackageFrameworks"
2026-04-22T16:43:52.2416300Z ignoring duplicate directory "/Users/runner/work/tcm-storage-ios/tcm-storage-ios/build/Build/Products/Debug-iphonesimulator/PackageFrameworks"
2026-04-22T16:43:52.2416620Z ignoring duplicate directory "/Users/runner/work/tcm-storage-ios/tcm-storage-ios/build/Build/Products/Debug-iphonesimulator/PackageFrameworks"
2026-04-22T16:43:52.2416940Z ignoring duplicate directory "/Users/runner/work/tcm-storage-ios/tcm-storage-ios/build/Build/Products/Debug-iphonesimulator/PackageFrameworks"
2026-04-22T16:43:52.2417350Z ignoring duplicate directory "/Users/runner/work/tcm-storage-ios/tcm-storage-ios/build/Build/Products/Debug-iphonesimulator/PackageFrameworks"
2026-04-22T16:43:52.2417800Z ignoring duplicate directory "/Users/runner/work/tcm-storage-ios/tcm-storage-ios/build/Build/Products/Debug-iphonesimulator/PackageFrameworks"
2026-04-22T16:43:52.2418130Z ignoring duplicate directory "/Users/runner/work/tcm-storage-ios/tcm-storage-ios/build/Build/Products/Debug-iphonesimulator/PackageFrameworks"
2026-04-22T16:43:52.2418460Z ignoring duplicate directory "/Users/runner/work/tcm-storage-ios/tcm-storage-ios/build/Build/Products/Debug-iphonesimulator/PackageFrameworks"
2026-04-22T16:43:52.2418780Z ignoring duplicate directory "/Users/runner/work/tcm-storage-ios/tcm-storage-ios/build/Build/Products/Debug-iphonesimulator/PackageFrameworks"
2026-04-22T16:43:52.2419100Z ignoring duplicate directory "/Users/runner/work/tcm-storage-ios/tcm-storage-ios/build/Build/Products/Debug-iphonesimulator/PackageFrameworks"
2026-04-22T16:43:52.2419740Z ignoring duplicate directory "/Users/runner/work/tcm-storage-ios/tcm-storage-ios/build/Build/Products/Debug-iphonesimulator/PackageFrameworks"
2026-04-22T16:43:52.2420180Z ignoring duplicate directory "/Users/runner/work/tcm-storage-ios/tcm-storage-ios/build/Build/Products/Debug-iphonesimulator/PackageFrameworks"
2026-04-22T16:43:52.2420840Z ignoring duplicate directory "/Users/runner/work/tcm-storage-ios/tcm-storage-ios/build/Build/Products/Debug-iphonesimulator/PackageFrameworks"
2026-04-22T16:43:52.2421180Z ignoring duplicate directory "/Users/runner/work/tcm-storage-ios/tcm-storage-ios/build/Build/Products/Debug-iphonesimulator/PackageFrameworks"
2026-04-22T16:43:52.2421500Z ignoring duplicate directory "/Users/runner/work/tcm-storage-ios/tcm-storage-ios/build/Build/Products/Debug-iphonesimulator/PackageFrameworks"
2026-04-22T16:43:52.2421830Z ignoring duplicate directory "/Users/runner/work/tcm-storage-ios/tcm-storage-ios/build/Build/Products/Debug-iphonesimulator/PackageFrameworks"
2026-04-22T16:43:52.2422160Z ignoring duplicate directory "/Users/runner/work/tcm-storage-ios/tcm-storage-ios/build/Build/Products/Debug-iphonesimulator/PackageFrameworks"
2026-04-22T16:43:52.2422550Z ignoring duplicate directory "/Users/runner/work/tcm-storage-ios/tcm-storage-ios/build/Build/Products/Debug-iphonesimulator/PackageFrameworks"
2026-04-22T16:43:52.2422960Z ignoring duplicate directory "/Users/runner/work/tcm-storage-ios/tcm-storage-ios/build/Build/Products/Debug-iphonesimulator/PackageFrameworks"
2026-04-22T16:43:52.2423420Z ignoring duplicate directory "/Users/runner/work/tcm-storage-ios/tcm-storage-ios/build/Build/Products/Debug-iphonesimulator/PackageFrameworks"
2026-04-22T16:43:52.2423480Z #include "..." search starts here:
2026-04-22T16:43:52.2423920Z  /Users/runner/work/tcm-storage-ios/tcm-storage-ios/build/Build/Intermediates.noindex/Nextcloud.build/Debug-iphonesimulator/Share.build/Share-generated-files.hmap (headermap)
2026-04-22T16:43:52.2424350Z  /Users/runner/work/tcm-storage-ios/tcm-storage-ios/build/Build/Intermediates.noindex/Nextcloud.build/Debug-iphonesimulator/Share.build/Share-project-headers.hmap (headermap)
2026-04-22T16:43:52.2424410Z #include <...> search starts here:
2026-04-22T16:43:52.2424980Z  /Users/runner/work/tcm-storage-ios/tcm-storage-ios/build/Build/Intermediates.noindex/Nextcloud.build/Debug-iphonesimulator/Share.build/Share-own-target-headers.hmap (headermap)
2026-04-22T16:43:52.2425630Z  /Users/runner/work/tcm-storage-ios/tcm-storage-ios/build/Build/Intermediates.noindex/Nextcloud.build/Debug-iphonesimulator/Share.build/Share-all-non-framework-target-headers.hmap (headermap)
2026-04-22T16:43:52.2425840Z  /Users/runner/work/tcm-storage-ios/tcm-storage-ios/build/SourcePackages/checkouts/realm-core/src
2026-04-22T16:43:52.2426090Z  /Users/runner/work/tcm-storage-ios/tcm-storage-ios/build/SourcePackages/checkouts/realm-core/src/external/s2
2026-04-22T16:43:52.2426410Z  /Users/runner/work/tcm-storage-ios/tcm-storage-ios/build/SourcePackages/checkouts/realm-core/src/external/IntelRDFPMathLib20U2/LIBRARY/src
2026-04-22T16:43:52.2426630Z  /Users/runner/work/tcm-storage-ios/tcm-storage-ios/build/SourcePackages/checkouts/realm-core/src/spm
2026-04-22T16:43:52.2426850Z  /Users/runner/work/tcm-storage-ios/tcm-storage-ios/build/SourcePackages/checkouts/realm-swift/include
2026-04-22T16:43:52.2427190Z  /Users/runner/work/tcm-storage-ios/tcm-storage-ios/build/SourcePackages/checkouts/swift-atomics/Sources/_AtomicsShims/include
2026-04-22T16:43:52.2427840Z  /Users/runner/work/tcm-storage-ios/tcm-storage-ios/build/SourcePackages/checkouts/swift-nio/Sources/CNIOPosix/include
2026-04-22T16:43:52.2428110Z  /Users/runner/work/tcm-storage-ios/tcm-storage-ios/build/SourcePackages/checkouts/swift-nio/Sources/CNIOWASI/include
2026-04-22T16:43:52.2428380Z  /Users/runner/work/tcm-storage-ios/tcm-storage-ios/build/SourcePackages/checkouts/swift-nio/Sources/CNIOWindows/include
2026-04-22T16:43:52.2428690Z  /Users/runner/work/tcm-storage-ios/tcm-storage-ios/build/SourcePackages/checkouts/swift-nio/Sources/CNIOLinux/include
2026-04-22T16:43:52.2429120Z  /Users/runner/work/tcm-storage-ios/tcm-storage-ios/build/SourcePackages/checkouts/swift-nio/Sources/CNIODarwin/include
2026-04-22T16:43:52.2429470Z  /Users/runner/work/tcm-storage-ios/tcm-storage-ios/build/SourcePackages/checkouts/swift-nio/Sources/CNIOOpenBSD/include
2026-04-22T16:43:52.2429810Z  /Users/runner/work/tcm-storage-ios/tcm-storage-ios/build/SourcePackages/checkouts/swift-nio/Sources/CNIOAtomics/include
2026-04-22T16:43:52.2430170Z  /Users/runner/work/tcm-storage-ios/tcm-storage-ios/build/SourcePackages/checkouts/swift-nio-ssl/Sources/CNIOBoringSSLShims/include
2026-04-22T16:43:52.2430460Z  /Users/runner/work/tcm-storage-ios/tcm-storage-ios/build/SourcePackages/checkouts/swift-nio-ssl/Sources/CNIOBoringSSL/include
2026-04-22T16:43:52.2430730Z  /Users/runner/work/tcm-storage-ios/tcm-storage-ios/build/SourcePackages/checkouts/GzipSwift/Sources/system-zlib/include
2026-04-22T16:43:52.2431120Z  /Users/runner/work/tcm-storage-ios/tcm-storage-ios/build/Build/Intermediates.noindex/Nextcloud.build/Debug-iphonesimulator/Share.build/DerivedSources
2026-04-22T16:43:52.2431550Z  /Users/runner/work/tcm-storage-ios/tcm-storage-ios/build/Build/Products/Debug-iphonesimulator/PackageFrameworks (framework directory)
2026-04-22T16:43:52.2431900Z  /Users/runner/work/tcm-storage-ios/tcm-storage-ios/build/Build/Products/Debug-iphonesimulator (framework directory)
2026-04-22T16:43:52.2432290Z  /Applications/Xcode_26.2.app/Contents/Developer/Platforms/iPhoneSimulator.platform/Developer/Library/Frameworks (framework directory)
2026-04-22T16:43:52.2432730Z  /Applications/Xcode_26.2.app/Contents/Developer/Platforms/iPhoneSimulator.platform/Developer/SDKs/iPhoneSimulator26.2.sdk/Developer/Library/Frameworks (framework directory)
2026-04-22T16:43:52.2432970Z  /Applications/Xcode_26.2.app/Contents/Developer/Toolchains/XcodeDefault.xctoolchain/usr/lib/clang/17/include
2026-04-22T16:43:52.2433880Z  /Applications/Xcode_26.2.app/Contents/Developer/Platforms/iPhoneSimulator.platform/Developer/SDKs/iPhoneSimulator26.2.sdk/usr/include
2026-04-22T16:43:52.2434390Z  /Applications/Xcode_26.2.app/Contents/Developer/Toolchains/XcodeDefault.xctoolchain/usr/include
2026-04-22T16:43:52.2434810Z  /Applications/Xcode_26.2.app/Contents/Developer/Platforms/iPhoneSimulator.platform/Developer/SDKs/iPhoneSimulator26.2.sdk/System/Library/Frameworks (framework directory)
2026-04-22T16:43:52.2435240Z  /Applications/Xcode_26.2.app/Contents/Developer/Platforms/iPhoneSimulator.platform/Developer/SDKs/iPhoneSimulator26.2.sdk/System/Library/SubFrameworks (framework directory)
2026-04-22T16:43:52.2435290Z End of search list.
2026-04-22T16:43:52.2436040Z clang -cc1 version 17.0.0 (clang-1700.6.3.2) default target arm64-apple-darwin24.6.0
2026-04-22T16:43:52.2437210Z ignoring nonexistent directory "/Users/runner/work/tcm-storage-ios/tcm-storage-ios/build/Build/Products/Debug-iphonesimulator/include"
2026-04-22T16:43:52.2437730Z ignoring nonexistent directory "/Users/runner/work/tcm-storage-ios/tcm-storage-ios/build/Build/Intermediates.noindex/Nextcloud.build/Debug-iphonesimulator/Share.build/DerivedSources-normal/arm64"
2026-04-22T16:43:52.2438200Z ignoring nonexistent directory "/Users/runner/work/tcm-storage-ios/tcm-storage-ios/build/Build/Intermediates.noindex/Nextcloud.build/Debug-iphonesimulator/Share.build/DerivedSources/arm64"
2026-04-22T16:43:52.2438630Z ignoring nonexistent directory "/Applications/Xcode_26.2.app/Contents/Developer/Platforms/iPhoneSimulator.platform/Developer/SDKs/iPhoneSimulator26.2.sdk/usr/local/include"
2026-04-22T16:43:52.2439450Z ignoring nonexistent directory "/Applications/Xcode_26.2.app/Contents/Developer/Platforms/iPhoneSimulator.platform/Developer/SDKs/iPhoneSimulator26.2.sdk/Library/Frameworks"
2026-04-22T16:43:52.2440650Z ignoring duplicate directory "/Users/runner/work/tcm-storage-ios/tcm-storage-ios/build/Build/Products/Debug-iphonesimulator/PackageFrameworks"
2026-04-22T16:43:52.2441730Z ignoring duplicate directory "/Users/runner/work/tcm-storage-ios/tcm-storage-ios/build/Build/Products/Debug-iphonesimulator/PackageFrameworks"
2026-04-22T16:43:52.2442070Z ignoring duplicate directory "/Users/runner/work/tcm-storage-ios/tcm-storage-ios/build/Build/Products/Debug-iphonesimulator/PackageFrameworks"
2026-04-22T16:43:52.2442400Z ignoring duplicate directory "/Users/runner/work/tcm-storage-ios/tcm-storage-ios/build/Build/Products/Debug-iphonesimulator/PackageFrameworks"
2026-04-22T16:43:52.2442860Z ignoring duplicate directory "/Users/runner/work/tcm-storage-ios/tcm-storage-ios/build/Build/Products/Debug-iphonesimulator/PackageFrameworks"
2026-04-22T16:43:52.2444160Z ignoring duplicate directory "/Users/runner/work/tcm-storage-ios/tcm-storage-ios/build/Build/Products/Debug-iphonesimulator/PackageFrameworks"
2026-04-22T16:43:52.2444510Z ignoring duplicate directory "/Users/runner/work/tcm-storage-ios/tcm-storage-ios/build/Build/Products/Debug-iphonesimulator/PackageFrameworks"
2026-04-22T16:43:52.2444840Z ignoring duplicate directory "/Users/runner/work/tcm-storage-ios/tcm-storage-ios/build/Build/Products/Debug-iphonesimulator/PackageFrameworks"
2026-04-22T16:43:52.2445160Z ignoring duplicate directory "/Users/runner/work/tcm-storage-ios/tcm-storage-ios/build/Build/Products/Debug-iphonesimulator/PackageFrameworks"
2026-04-22T16:43:52.2445490Z ignoring duplicate directory "/Users/runner/work/tcm-storage-ios/tcm-storage-ios/build/Build/Products/Debug-iphonesimulator/PackageFrameworks"
2026-04-22T16:43:52.2446330Z ignoring duplicate directory "/Users/runner/work/tcm-storage-ios/tcm-storage-ios/build/Build/Products/Debug-iphonesimulator/PackageFrameworks"
2026-04-22T16:43:52.2446670Z ignoring duplicate directory "/Users/runner/work/tcm-storage-ios/tcm-storage-ios/build/Build/Products/Debug-iphonesimulator/PackageFrameworks"
2026-04-22T16:43:52.2447120Z ignoring duplicate directory "/Users/runner/work/tcm-storage-ios/tcm-storage-ios/build/Build/Products/Debug-iphonesimulator/PackageFrameworks"
2026-04-22T16:43:52.2447450Z ignoring duplicate directory "/Users/runner/work/tcm-storage-ios/tcm-storage-ios/build/Build/Products/Debug-iphonesimulator/PackageFrameworks"
2026-04-22T16:43:52.2447780Z ignoring duplicate directory "/Users/runner/work/tcm-storage-ios/tcm-storage-ios/build/Build/Products/Debug-iphonesimulator/PackageFrameworks"
2026-04-22T16:43:52.2448110Z ignoring duplicate directory "/Users/runner/work/tcm-storage-ios/tcm-storage-ios/build/Build/Products/Debug-iphonesimulator/PackageFrameworks"
2026-04-22T16:43:52.2449130Z ignoring duplicate directory "/Users/runner/work/tcm-storage-ios/tcm-storage-ios/build/Build/Products/Debug-iphonesimulator/PackageFrameworks"
2026-04-22T16:43:52.2449470Z ignoring duplicate directory "/Users/runner/work/tcm-storage-ios/tcm-storage-ios/build/Build/Products/Debug-iphonesimulator/PackageFrameworks"
2026-04-22T16:43:52.2449800Z ignoring duplicate directory "/Users/runner/work/tcm-storage-ios/tcm-storage-ios/build/Build/Products/Debug-iphonesimulator/PackageFrameworks"
2026-04-22T16:43:52.2450120Z ignoring duplicate directory "/Users/runner/work/tcm-storage-ios/tcm-storage-ios/build/Build/Products/Debug-iphonesimulator/PackageFrameworks"
2026-04-22T16:43:52.2450450Z ignoring duplicate directory "/Users/runner/work/tcm-storage-ios/tcm-storage-ios/build/Build/Products/Debug-iphonesimulator/PackageFrameworks"
2026-04-22T16:43:52.2452030Z ignoring duplicate directory "/Users/runner/work/tcm-storage-ios/tcm-storage-ios/build/Build/Products/Debug-iphonesimulator/PackageFrameworks"
2026-04-22T16:43:52.2453670Z ignoring duplicate directory "/Users/runner/work/tcm-storage-ios/tcm-storage-ios/build/Build/Products/Debug-iphonesimulator/PackageFrameworks"
2026-04-22T16:43:52.2454290Z ignoring duplicate directory "/Users/runner/work/tcm-storage-ios/tcm-storage-ios/build/Build/Products/Debug-iphonesimulator/PackageFrameworks"
2026-04-22T16:43:52.2454620Z ignoring duplicate directory "/Users/runner/work/tcm-storage-ios/tcm-storage-ios/build/Build/Products/Debug-iphonesimulator/PackageFrameworks"
2026-04-22T16:43:52.2454950Z ignoring duplicate directory "/Users/runner/work/tcm-storage-ios/tcm-storage-ios/build/Build/Products/Debug-iphonesimulator/PackageFrameworks"
2026-04-22T16:43:52.2455280Z ignoring duplicate directory "/Users/runner/work/tcm-storage-ios/tcm-storage-ios/build/Build/Products/Debug-iphonesimulator/PackageFrameworks"
2026-04-22T16:43:52.2455700Z ignoring duplicate directory "/Users/runner/work/tcm-storage-ios/tcm-storage-ios/build/Build/Products/Debug-iphonesimulator/PackageFrameworks"
2026-04-22T16:43:52.2456750Z ignoring duplicate directory "/Users/runner/work/tcm-storage-ios/tcm-storage-ios/build/Build/Products/Debug-iphonesimulator/PackageFrameworks"
2026-04-22T16:43:52.2457090Z ignoring duplicate directory "/Users/runner/work/tcm-storage-ios/tcm-storage-ios/build/Build/Products/Debug-iphonesimulator/PackageFrameworks"
2026-04-22T16:43:52.2457410Z ignoring duplicate directory "/Users/runner/work/tcm-storage-ios/tcm-storage-ios/build/Build/Products/Debug-iphonesimulator/PackageFrameworks"
2026-04-22T16:43:52.2457730Z ignoring duplicate directory "/Users/runner/work/tcm-storage-ios/tcm-storage-ios/build/Build/Products/Debug-iphonesimulator/PackageFrameworks"
2026-04-22T16:43:52.2458060Z ignoring duplicate directory "/Users/runner/work/tcm-storage-ios/tcm-storage-ios/build/Build/Products/Debug-iphonesimulator/PackageFrameworks"
2026-04-22T16:43:52.2459110Z ignoring duplicate directory "/Users/runner/work/tcm-storage-ios/tcm-storage-ios/build/Build/Products/Debug-iphonesimulator/PackageFrameworks"
2026-04-22T16:43:52.2459540Z ignoring duplicate directory "/Users/runner/work/tcm-storage-ios/tcm-storage-ios/build/Build/Products/Debug-iphonesimulator/PackageFrameworks"
2026-04-22T16:43:52.2459870Z ignoring duplicate directory "/Users/runner/work/tcm-storage-ios/tcm-storage-ios/build/Build/Products/Debug-iphonesimulator/PackageFrameworks"
2026-04-22T16:43:52.2460200Z ignoring duplicate directory "/Users/runner/work/tcm-storage-ios/tcm-storage-ios/build/Build/Products/Debug-iphonesimulator/PackageFrameworks"
2026-04-22T16:43:52.2460520Z ignoring duplicate directory "/Users/runner/work/tcm-storage-ios/tcm-storage-ios/build/Build/Products/Debug-iphonesimulator/PackageFrameworks"
2026-04-22T16:43:52.2461090Z ignoring duplicate directory "/Users/runner/work/tcm-storage-ios/tcm-storage-ios/build/Build/Products/Debug-iphonesimulator/PackageFrameworks"
2026-04-22T16:43:52.2461420Z ignoring duplicate directory "/Users/runner/work/tcm-storage-ios/tcm-storage-ios/build/Build/Products/Debug-iphonesimulator/PackageFrameworks"
2026-04-22T16:43:52.2461490Z #include "..." search starts here:
2026-04-22T16:43:52.2461920Z  /Users/runner/work/tcm-storage-ios/tcm-storage-ios/build/Build/Intermediates.noindex/Nextcloud.build/Debug-iphonesimulator/Share.build/Share-generated-files.hmap (headermap)
2026-04-22T16:43:52.2462350Z  /Users/runner/work/tcm-storage-ios/tcm-storage-ios/build/Build/Intermediates.noindex/Nextcloud.build/Debug-iphonesimulator/Share.build/Share-project-headers.hmap (headermap)
2026-04-22T16:43:52.2462410Z #include <...> search starts here:
2026-04-22T16:43:52.2463220Z  /Users/runner/work/tcm-storage-ios/tcm-storage-ios/build/Build/Intermediates.noindex/Nextcloud.build/Debug-iphonesimulator/Share.build/Share-own-target-headers.hmap (headermap)
2026-04-22T16:43:52.2464410Z  /Users/runner/work/tcm-storage-ios/tcm-storage-ios/build/Build/Intermediates.noindex/Nextcloud.build/Debug-iphonesimulator/Share.build/Share-all-non-framework-target-headers.hmap (headermap)
2026-04-22T16:43:52.2464640Z  /Users/runner/work/tcm-storage-ios/tcm-storage-ios/build/SourcePackages/checkouts/realm-core/src
2026-04-22T16:43:52.2464880Z  /Users/runner/work/tcm-storage-ios/tcm-storage-ios/build/SourcePackages/checkouts/realm-core/src/external/s2
2026-04-22T16:43:52.2465210Z  /Users/runner/work/tcm-storage-ios/tcm-storage-ios/build/SourcePackages/checkouts/realm-core/src/external/IntelRDFPMathLib20U2/LIBRARY/src
2026-04-22T16:43:52.2465430Z  /Users/runner/work/tcm-storage-ios/tcm-storage-ios/build/SourcePackages/checkouts/realm-core/src/spm
2026-04-22T16:43:52.2465650Z  /Users/runner/work/tcm-storage-ios/tcm-storage-ios/build/SourcePackages/checkouts/realm-swift/include
2026-04-22T16:43:52.2466770Z  /Users/runner/work/tcm-storage-ios/tcm-storage-ios/build/SourcePackages/checkouts/swift-atomics/Sources/_AtomicsShims/include
2026-04-22T16:43:52.2467060Z  /Users/runner/work/tcm-storage-ios/tcm-storage-ios/build/SourcePackages/checkouts/swift-nio/Sources/CNIOPosix/include
2026-04-22T16:43:52.2467420Z  /Users/runner/work/tcm-storage-ios/tcm-storage-ios/build/SourcePackages/checkouts/swift-nio/Sources/CNIOWASI/include
2026-04-22T16:43:52.2467700Z  /Users/runner/work/tcm-storage-ios/tcm-storage-ios/build/SourcePackages/checkouts/swift-nio/Sources/CNIOWindows/include
2026-04-22T16:43:52.2467970Z  /Users/runner/work/tcm-storage-ios/tcm-storage-ios/build/SourcePackages/checkouts/swift-nio/Sources/CNIOLinux/include
2026-04-22T16:43:52.2468250Z  /Users/runner/work/tcm-storage-ios/tcm-storage-ios/build/SourcePackages/checkouts/swift-nio/Sources/CNIODarwin/include
2026-04-22T16:43:52.2469070Z  /Users/runner/work/tcm-storage-ios/tcm-storage-ios/build/SourcePackages/checkouts/swift-nio/Sources/CNIOOpenBSD/include
2026-04-22T16:43:52.2469360Z  /Users/runner/work/tcm-storage-ios/tcm-storage-ios/build/SourcePackages/checkouts/swift-nio/Sources/CNIOAtomics/include
2026-04-22T16:43:52.2469690Z  /Users/runner/work/tcm-storage-ios/tcm-storage-ios/build/SourcePackages/checkouts/swift-nio-ssl/Sources/CNIOBoringSSLShims/include
2026-04-22T16:43:52.2470110Z  /Users/runner/work/tcm-storage-ios/tcm-storage-ios/build/SourcePackages/checkouts/swift-nio-ssl/Sources/CNIOBoringSSL/include
2026-04-22T16:43:52.2470400Z  /Users/runner/work/tcm-storage-ios/tcm-storage-ios/build/SourcePackages/checkouts/GzipSwift/Sources/system-zlib/include
2026-04-22T16:43:52.2472610Z  /Users/runner/work/tcm-storage-ios/tcm-storage-ios/build/Build/Intermediates.noindex/Nextcloud.build/Debug-iphonesimulator/Share.build/DerivedSources
2026-04-22T16:43:52.2472930Z  /Users/runner/work/tcm-storage-ios/tcm-storage-ios/build/Build/Products/Debug-iphonesimulator/PackageFrameworks (framework directory)
2026-04-22T16:43:52.2473200Z  /Users/runner/work/tcm-storage-ios/tcm-storage-ios/build/Build/Products/Debug-iphonesimulator (framework directory)
2026-04-22T16:43:52.2473510Z  /Applications/Xcode_26.2.app/Contents/Developer/Platforms/iPhoneSimulator.platform/Developer/Library/Frameworks (framework directory)
2026-04-22T16:43:52.2474250Z  /Applications/Xcode_26.2.app/Contents/Developer/Platforms/iPhoneSimulator.platform/Developer/SDKs/iPhoneSimulator26.2.sdk/Developer/Library/Frameworks (framework directory)
2026-04-22T16:43:52.2474500Z  /Applications/Xcode_26.2.app/Contents/Developer/Toolchains/XcodeDefault.xctoolchain/usr/lib/clang/17/include
2026-04-22T16:43:52.2474810Z  /Applications/Xcode_26.2.app/Contents/Developer/Platforms/iPhoneSimulator.platform/Developer/SDKs/iPhoneSimulator26.2.sdk/usr/include
2026-04-22T16:43:52.2475020Z  /Applications/Xcode_26.2.app/Contents/Developer/Toolchains/XcodeDefault.xctoolchain/usr/include
2026-04-22T16:43:52.2476350Z  /Applications/Xcode_26.2.app/Contents/Developer/Platforms/iPhoneSimulator.platform/Developer/SDKs/iPhoneSimulator26.2.sdk/System/Library/Frameworks (framework directory)
2026-04-22T16:43:52.2476790Z  /Applications/Xcode_26.2.app/Contents/Developer/Platforms/iPhoneSimulator.platform/Developer/SDKs/iPhoneSimulator26.2.sdk/System/Library/SubFrameworks (framework directory)
2026-04-22T16:43:52.2476840Z End of search list.
2026-04-22T16:43:52.2477010Z clang -cc1 version 17.0.0 (clang-1700.6.3.2) default target arm64-apple-darwin24.6.0
2026-04-22T16:43:52.2477330Z ignoring nonexistent directory "/Users/runner/work/tcm-storage-ios/tcm-storage-ios/build/Build/Products/Debug-iphonesimulator/include"
2026-04-22T16:43:52.2478920Z ignoring nonexistent directory "/Users/runner/work/tcm-storage-ios/tcm-storage-ios/build/Build/Intermediates.noindex/Nextcloud.build/Debug-iphonesimulator/Share.build/DerivedSources-normal/arm64"
2026-04-22T16:43:52.2479400Z ignoring nonexistent directory "/Users/runner/work/tcm-storage-ios/tcm-storage-ios/build/Build/Intermediates.noindex/Nextcloud.build/Debug-iphonesimulator/Share.build/DerivedSources/arm64"
2026-04-22T16:43:52.2479820Z ignoring nonexistent directory "/Applications/Xcode_26.2.app/Contents/Developer/Platforms/iPhoneSimulator.platform/Developer/SDKs/iPhoneSimulator26.2.sdk/usr/local/include"
2026-04-22T16:43:52.2480360Z ignoring nonexistent directory "/Applications/Xcode_26.2.app/Contents/Developer/Platforms/iPhoneSimulator.platform/Developer/SDKs/iPhoneSimulator26.2.sdk/Library/Frameworks"
2026-04-22T16:43:52.2480940Z ignoring duplicate directory "/Users/runner/work/tcm-storage-ios/tcm-storage-ios/build/Build/Products/Debug-iphonesimulator/PackageFrameworks"
2026-04-22T16:43:52.2481280Z ignoring duplicate directory "/Users/runner/work/tcm-storage-ios/tcm-storage-ios/build/Build/Products/Debug-iphonesimulator/PackageFrameworks"
2026-04-22T16:43:52.2481600Z ignoring duplicate directory "/Users/runner/work/tcm-storage-ios/tcm-storage-ios/build/Build/Products/Debug-iphonesimulator/PackageFrameworks"
2026-04-22T16:43:52.2481930Z ignoring duplicate directory "/Users/runner/work/tcm-storage-ios/tcm-storage-ios/build/Build/Products/Debug-iphonesimulator/PackageFrameworks"
2026-04-22T16:43:52.2482250Z ignoring duplicate directory "/Users/runner/work/tcm-storage-ios/tcm-storage-ios/build/Build/Products/Debug-iphonesimulator/PackageFrameworks"
2026-04-22T16:43:52.2484350Z ignoring duplicate directory "/Users/runner/work/tcm-storage-ios/tcm-storage-ios/build/Build/Products/Debug-iphonesimulator/PackageFrameworks"
2026-04-22T16:43:52.2484830Z ignoring duplicate directory "/Users/runner/work/tcm-storage-ios/tcm-storage-ios/build/Build/Products/Debug-iphonesimulator/PackageFrameworks"
2026-04-22T16:43:52.2485480Z ignoring duplicate directory "/Users/runner/work/tcm-storage-ios/tcm-storage-ios/build/Build/Products/Debug-iphonesimulator/PackageFrameworks"
2026-04-22T16:43:52.2485810Z ignoring duplicate directory "/Users/runner/work/tcm-storage-ios/tcm-storage-ios/build/Build/Products/Debug-iphonesimulator/PackageFrameworks"
2026-04-22T16:43:52.2486140Z ignoring duplicate directory "/Users/runner/work/tcm-storage-ios/tcm-storage-ios/build/Build/Products/Debug-iphonesimulator/PackageFrameworks"
2026-04-22T16:43:52.2486460Z ignoring duplicate directory "/Users/runner/work/tcm-storage-ios/tcm-storage-ios/build/Build/Products/Debug-iphonesimulator/PackageFrameworks"
2026-04-22T16:43:52.2486790Z ignoring duplicate directory "/Users/runner/work/tcm-storage-ios/tcm-storage-ios/build/Build/Products/Debug-iphonesimulator/PackageFrameworks"
2026-04-22T16:43:52.2487750Z ignoring duplicate directory "/Users/runner/work/tcm-storage-ios/tcm-storage-ios/build/Build/Products/Debug-iphonesimulator/PackageFrameworks"
2026-04-22T16:43:52.2488320Z ignoring duplicate directory "/Users/runner/work/tcm-storage-ios/tcm-storage-ios/build/Build/Products/Debug-iphonesimulator/PackageFrameworks"
2026-04-22T16:43:52.2488660Z ignoring duplicate directory "/Users/runner/work/tcm-storage-ios/tcm-storage-ios/build/Build/Products/Debug-iphonesimulator/PackageFrameworks"
2026-04-22T16:43:52.2488980Z ignoring duplicate directory "/Users/runner/work/tcm-storage-ios/tcm-storage-ios/build/Build/Products/Debug-iphonesimulator/PackageFrameworks"
2026-04-22T16:43:52.2489330Z ignoring duplicate directory "/Users/runner/work/tcm-storage-ios/tcm-storage-ios/build/Build/Products/Debug-iphonesimulator/PackageFrameworks"
2026-04-22T16:43:52.2489660Z ignoring duplicate directory "/Users/runner/work/tcm-storage-ios/tcm-storage-ios/build/Build/Products/Debug-iphonesimulator/PackageFrameworks"
2026-04-22T16:43:52.2490690Z ignoring duplicate directory "/Users/runner/work/tcm-storage-ios/tcm-storage-ios/build/Build/Products/Debug-iphonesimulator/PackageFrameworks"
2026-04-22T16:43:52.2491020Z ignoring duplicate directory "/Users/runner/work/tcm-storage-ios/tcm-storage-ios/build/Build/Products/Debug-iphonesimulator/PackageFrameworks"
2026-04-22T16:43:52.2491350Z ignoring duplicate directory "/Users/runner/work/tcm-storage-ios/tcm-storage-ios/build/Build/Products/Debug-iphonesimulator/PackageFrameworks"
2026-04-22T16:43:52.2491690Z ignoring duplicate directory "/Users/runner/work/tcm-storage-ios/tcm-storage-ios/build/Build/Products/Debug-iphonesimulator/PackageFrameworks"
2026-04-22T16:43:52.2492020Z ignoring duplicate directory "/Users/runner/work/tcm-storage-ios/tcm-storage-ios/build/Build/Products/Debug-iphonesimulator/PackageFrameworks"
2026-04-22T16:43:52.2494560Z ignoring duplicate directory "/Users/runner/work/tcm-storage-ios/tcm-storage-ios/build/Build/Products/Debug-iphonesimulator/PackageFrameworks"
2026-04-22T16:43:52.2494910Z ignoring duplicate directory "/Users/runner/work/tcm-storage-ios/tcm-storage-ios/build/Build/Products/Debug-iphonesimulator/PackageFrameworks"
2026-04-22T16:43:52.2495250Z ignoring duplicate directory "/Users/runner/work/tcm-storage-ios/tcm-storage-ios/build/Build/Products/Debug-iphonesimulator/PackageFrameworks"
2026-04-22T16:43:52.2495580Z ignoring duplicate directory "/Users/runner/work/tcm-storage-ios/tcm-storage-ios/build/Build/Products/Debug-iphonesimulator/PackageFrameworks"
2026-04-22T16:43:52.2496070Z ignoring duplicate directory "/Users/runner/work/tcm-storage-ios/tcm-storage-ios/build/Build/Products/Debug-iphonesimulator/PackageFrameworks"
2026-04-22T16:43:52.2496400Z ignoring duplicate directory "/Users/runner/work/tcm-storage-ios/tcm-storage-ios/build/Build/Products/Debug-iphonesimulator/PackageFrameworks"
2026-04-22T16:43:52.2496840Z ignoring duplicate directory "/Users/runner/work/tcm-storage-ios/tcm-storage-ios/build/Build/Products/Debug-iphonesimulator/PackageFrameworks"
2026-04-22T16:43:52.2497190Z ignoring duplicate directory "/Users/runner/work/tcm-storage-ios/tcm-storage-ios/build/Build/Products/Debug-iphonesimulator/PackageFrameworks"
2026-04-22T16:43:52.2497590Z ignoring duplicate directory "/Users/runner/work/tcm-storage-ios/tcm-storage-ios/build/Build/Products/Debug-iphonesimulator/PackageFrameworks"
2026-04-22T16:43:52.2497920Z ignoring duplicate directory "/Users/runner/work/tcm-storage-ios/tcm-storage-ios/build/Build/Products/Debug-iphonesimulator/PackageFrameworks"
2026-04-22T16:43:52.2498250Z ignoring duplicate directory "/Users/runner/work/tcm-storage-ios/tcm-storage-ios/build/Build/Products/Debug-iphonesimulator/PackageFrameworks"
2026-04-22T16:43:52.2498570Z ignoring duplicate directory "/Users/runner/work/tcm-storage-ios/tcm-storage-ios/build/Build/Products/Debug-iphonesimulator/PackageFrameworks"
2026-04-22T16:43:52.2498910Z ignoring duplicate directory "/Users/runner/work/tcm-storage-ios/tcm-storage-ios/build/Build/Products/Debug-iphonesimulator/PackageFrameworks"
2026-04-22T16:43:52.2499230Z ignoring duplicate directory "/Users/runner/work/tcm-storage-ios/tcm-storage-ios/build/Build/Products/Debug-iphonesimulator/PackageFrameworks"
2026-04-22T16:43:52.2499700Z ignoring duplicate directory "/Users/runner/work/tcm-storage-ios/tcm-storage-ios/build/Build/Products/Debug-iphonesimulator/PackageFrameworks"
2026-04-22T16:43:52.2500020Z ignoring duplicate directory "/Users/runner/work/tcm-storage-ios/tcm-storage-ios/build/Build/Products/Debug-iphonesimulator/PackageFrameworks"
2026-04-22T16:43:52.2500350Z ignoring duplicate directory "/Users/runner/work/tcm-storage-ios/tcm-storage-ios/build/Build/Products/Debug-iphonesimulator/PackageFrameworks"
2026-04-22T16:43:52.2500410Z #include "..." search starts here:
2026-04-22T16:43:52.2500850Z  /Users/runner/work/tcm-storage-ios/tcm-storage-ios/build/Build/Intermediates.noindex/Nextcloud.build/Debug-iphonesimulator/Share.build/Share-generated-files.hmap (headermap)
2026-04-22T16:43:52.2501290Z  /Users/runner/work/tcm-storage-ios/tcm-storage-ios/build/Build/Intermediates.noindex/Nextcloud.build/Debug-iphonesimulator/Share.build/Share-project-headers.hmap (headermap)
2026-04-22T16:43:52.2501450Z #include <...> search starts here:
2026-04-22T16:43:52.2501890Z  /Users/runner/work/tcm-storage-ios/tcm-storage-ios/build/Build/Intermediates.noindex/Nextcloud.build/Debug-iphonesimulator/Share.build/Share-own-target-headers.hmap (headermap)
2026-04-22T16:43:52.2502380Z  /Users/runner/work/tcm-storage-ios/tcm-storage-ios/build/Build/Intermediates.noindex/Nextcloud.build/Debug-iphonesimulator/Share.build/Share-all-non-framework-target-headers.hmap (headermap)
2026-04-22T16:43:52.2502590Z  /Users/runner/work/tcm-storage-ios/tcm-storage-ios/build/SourcePackages/checkouts/realm-core/src
2026-04-22T16:43:52.2503040Z  /Users/runner/work/tcm-storage-ios/tcm-storage-ios/build/SourcePackages/checkouts/realm-core/src/external/s2
2026-04-22T16:43:52.2503370Z  /Users/runner/work/tcm-storage-ios/tcm-storage-ios/build/SourcePackages/checkouts/realm-core/src/external/IntelRDFPMathLib20U2/LIBRARY/src
2026-04-22T16:43:52.2503610Z  /Users/runner/work/tcm-storage-ios/tcm-storage-ios/build/SourcePackages/checkouts/realm-core/src/spm
2026-04-22T16:43:52.2503830Z  /Users/runner/work/tcm-storage-ios/tcm-storage-ios/build/SourcePackages/checkouts/realm-swift/include
2026-04-22T16:43:52.2504120Z  /Users/runner/work/tcm-storage-ios/tcm-storage-ios/build/SourcePackages/checkouts/swift-atomics/Sources/_AtomicsShims/include
2026-04-22T16:43:52.2504380Z  /Users/runner/work/tcm-storage-ios/tcm-storage-ios/build/SourcePackages/checkouts/swift-nio/Sources/CNIOPosix/include
2026-04-22T16:43:52.2504780Z  /Users/runner/work/tcm-storage-ios/tcm-storage-ios/build/SourcePackages/checkouts/swift-nio/Sources/CNIOWASI/include
2026-04-22T16:43:52.2505160Z  /Users/runner/work/tcm-storage-ios/tcm-storage-ios/build/SourcePackages/checkouts/swift-nio/Sources/CNIOWindows/include
2026-04-22T16:43:52.2505500Z  /Users/runner/work/tcm-storage-ios/tcm-storage-ios/build/SourcePackages/checkouts/swift-nio/Sources/CNIOLinux/include
2026-04-22T16:43:52.2506500Z  /Users/runner/work/tcm-storage-ios/tcm-storage-ios/build/SourcePackages/checkouts/swift-nio/Sources/CNIODarwin/include
2026-04-22T16:43:52.2506820Z  /Users/runner/work/tcm-storage-ios/tcm-storage-ios/build/SourcePackages/checkouts/swift-nio/Sources/CNIOOpenBSD/include
2026-04-22T16:43:52.2507100Z  /Users/runner/work/tcm-storage-ios/tcm-storage-ios/build/SourcePackages/checkouts/swift-nio/Sources/CNIOAtomics/include
2026-04-22T16:43:52.2507410Z  /Users/runner/work/tcm-storage-ios/tcm-storage-ios/build/SourcePackages/checkouts/swift-nio-ssl/Sources/CNIOBoringSSLShims/include
2026-04-22T16:43:52.2507700Z  /Users/runner/work/tcm-storage-ios/tcm-storage-ios/build/SourcePackages/checkouts/swift-nio-ssl/Sources/CNIOBoringSSL/include
2026-04-22T16:43:52.2507980Z  /Users/runner/work/tcm-storage-ios/tcm-storage-ios/build/SourcePackages/checkouts/GzipSwift/Sources/system-zlib/include
2026-04-22T16:43:52.2508360Z  /Users/runner/work/tcm-storage-ios/tcm-storage-ios/build/Build/Intermediates.noindex/Nextcloud.build/Debug-iphonesimulator/Share.build/DerivedSources
2026-04-22T16:43:52.2508680Z  /Users/runner/work/tcm-storage-ios/tcm-storage-ios/build/Build/Products/Debug-iphonesimulator/PackageFrameworks (framework directory)
2026-04-22T16:43:52.2508940Z  /Users/runner/work/tcm-storage-ios/tcm-storage-ios/build/Build/Products/Debug-iphonesimulator (framework directory)
2026-04-22T16:43:52.2509380Z  /Applications/Xcode_26.2.app/Contents/Developer/Platforms/iPhoneSimulator.platform/Developer/Library/Frameworks (framework directory)
2026-04-22T16:43:52.2509810Z  /Applications/Xcode_26.2.app/Contents/Developer/Platforms/iPhoneSimulator.platform/Developer/SDKs/iPhoneSimulator26.2.sdk/Developer/Library/Frameworks (framework directory)
2026-04-22T16:43:52.2512050Z  /Applications/Xcode_26.2.app/Contents/Developer/Toolchains/XcodeDefault.xctoolchain/usr/lib/clang/17/include
2026-04-22T16:43:52.2512970Z  /Applications/Xcode_26.2.app/Contents/Developer/Platforms/iPhoneSimulator.platform/Developer/SDKs/iPhoneSimulator26.2.sdk/usr/include
2026-04-22T16:43:52.2513200Z  /Applications/Xcode_26.2.app/Contents/Developer/Toolchains/XcodeDefault.xctoolchain/usr/include
2026-04-22T16:43:52.2514670Z  /Applications/Xcode_26.2.app/Contents/Developer/Platforms/iPhoneSimulator.platform/Developer/SDKs/iPhoneSimulator26.2.sdk/System/Library/Frameworks (framework directory)
2026-04-22T16:43:52.2515110Z  /Applications/Xcode_26.2.app/Contents/Developer/Platforms/iPhoneSimulator.platform/Developer/SDKs/iPhoneSimulator26.2.sdk/System/Library/SubFrameworks (framework directory)
2026-04-22T16:43:52.2515360Z End of search list.
2026-04-22T16:43:52.2515600Z clang -cc1 version 17.0.0 (clang-1700.6.3.2) default target arm64-apple-darwin24.6.0
2026-04-22T16:43:52.2516130Z ignoring nonexistent directory "/Users/runner/work/tcm-storage-ios/tcm-storage-ios/build/Build/Products/Debug-iphonesimulator/include"
2026-04-22T16:43:52.2516640Z ignoring nonexistent directory "/Users/runner/work/tcm-storage-ios/tcm-storage-ios/build/Build/Intermediates.noindex/Nextcloud.build/Debug-iphonesimulator/Share.build/DerivedSources-normal/arm64"
2026-04-22T16:43:52.2517530Z ignoring nonexistent directory "/Users/runner/work/tcm-storage-ios/tcm-storage-ios/build/Build/Intermediates.noindex/Nextcloud.build/Debug-iphonesimulator/Share.build/DerivedSources/arm64"
2026-04-22T16:43:52.2518090Z ignoring nonexistent directory "/Applications/Xcode_26.2.app/Contents/Developer/Platforms/iPhoneSimulator.platform/Developer/SDKs/iPhoneSimulator26.2.sdk/usr/local/include"
2026-04-22T16:43:52.2518650Z ignoring nonexistent directory "/Applications/Xcode_26.2.app/Contents/Developer/Platforms/iPhoneSimulator.platform/Developer/SDKs/iPhoneSimulator26.2.sdk/Library/Frameworks"
2026-04-22T16:43:52.2519330Z ignoring duplicate directory "/Users/runner/work/tcm-storage-ios/tcm-storage-ios/build/Build/Products/Debug-iphonesimulator/PackageFrameworks"
2026-04-22T16:43:52.2520470Z ignoring duplicate directory "/Users/runner/work/tcm-storage-ios/tcm-storage-ios/build/Build/Products/Debug-iphonesimulator/PackageFrameworks"
2026-04-22T16:43:52.2520880Z ignoring duplicate directory "/Users/runner/work/tcm-storage-ios/tcm-storage-ios/build/Build/Products/Debug-iphonesimulator/PackageFrameworks"
2026-04-22T16:43:52.2521250Z ignoring duplicate directory "/Users/runner/work/tcm-storage-ios/tcm-storage-ios/build/Build/Products/Debug-iphonesimulator/PackageFrameworks"
2026-04-22T16:43:52.2521710Z ignoring duplicate directory "/Users/runner/work/tcm-storage-ios/tcm-storage-ios/build/Build/Products/Debug-iphonesimulator/PackageFrameworks"
2026-04-22T16:43:52.2522330Z ignoring duplicate directory "/Users/runner/work/tcm-storage-ios/tcm-storage-ios/build/Build/Products/Debug-iphonesimulator/PackageFrameworks"
2026-04-22T16:43:52.2522760Z ignoring duplicate directory "/Users/runner/work/tcm-storage-ios/tcm-storage-ios/build/Build/Products/Debug-iphonesimulator/PackageFrameworks"
2026-04-22T16:43:52.2523310Z ignoring duplicate directory "/Users/runner/work/tcm-storage-ios/tcm-storage-ios/build/Build/Products/Debug-iphonesimulator/PackageFrameworks"
2026-04-22T16:43:52.2523650Z ignoring duplicate directory "/Users/runner/work/tcm-storage-ios/tcm-storage-ios/build/Build/Products/Debug-iphonesimulator/PackageFrameworks"
2026-04-22T16:43:52.2524010Z ignoring duplicate directory "/Users/runner/work/tcm-storage-ios/tcm-storage-ios/build/Build/Products/Debug-iphonesimulator/PackageFrameworks"
2026-04-22T16:43:52.2524400Z ignoring duplicate directory "/Users/runner/work/tcm-storage-ios/tcm-storage-ios/build/Build/Products/Debug-iphonesimulator/PackageFrameworks"
2026-04-22T16:43:52.2524770Z ignoring duplicate directory "/Users/runner/work/tcm-storage-ios/tcm-storage-ios/build/Build/Products/Debug-iphonesimulator/PackageFrameworks"
2026-04-22T16:43:52.2525140Z ignoring duplicate directory "/Users/runner/work/tcm-storage-ios/tcm-storage-ios/build/Build/Products/Debug-iphonesimulator/PackageFrameworks"
2026-04-22T16:43:52.2525520Z ignoring duplicate directory "/Users/runner/work/tcm-storage-ios/tcm-storage-ios/build/Build/Products/Debug-iphonesimulator/PackageFrameworks"
2026-04-22T16:43:52.2525890Z ignoring duplicate directory "/Users/runner/work/tcm-storage-ios/tcm-storage-ios/build/Build/Products/Debug-iphonesimulator/PackageFrameworks"
2026-04-22T16:43:52.2526250Z ignoring duplicate directory "/Users/runner/work/tcm-storage-ios/tcm-storage-ios/build/Build/Products/Debug-iphonesimulator/PackageFrameworks"
2026-04-22T16:43:52.2526610Z ignoring duplicate directory "/Users/runner/work/tcm-storage-ios/tcm-storage-ios/build/Build/Products/Debug-iphonesimulator/PackageFrameworks"
2026-04-22T16:43:52.2526990Z ignoring duplicate directory "/Users/runner/work/tcm-storage-ios/tcm-storage-ios/build/Build/Products/Debug-iphonesimulator/PackageFrameworks"
2026-04-22T16:43:52.2527570Z ignoring duplicate directory "/Users/runner/work/tcm-storage-ios/tcm-storage-ios/build/Build/Products/Debug-iphonesimulator/PackageFrameworks"
2026-04-22T16:43:52.2527950Z ignoring duplicate directory "/Users/runner/work/tcm-storage-ios/tcm-storage-ios/build/Build/Products/Debug-iphonesimulator/PackageFrameworks"
2026-04-22T16:43:52.2547900Z ignoring duplicate directory "/Users/runner/work/tcm-storage-ios/tcm-storage-ios/build/Build/Products/Debug-iphonesimulator/PackageFrameworks"
2026-04-22T16:43:52.2548350Z ignoring duplicate directory "/Users/runner/work/tcm-storage-ios/tcm-storage-ios/build/Build/Products/Debug-iphonesimulator/PackageFrameworks"
2026-04-22T16:43:52.2548710Z ignoring duplicate directory "/Users/runner/work/tcm-storage-ios/tcm-storage-ios/build/Build/Products/Debug-iphonesimulator/PackageFrameworks"
2026-04-22T16:43:52.2549070Z ignoring duplicate directory "/Users/runner/work/tcm-storage-ios/tcm-storage-ios/build/Build/Products/Debug-iphonesimulator/PackageFrameworks"
2026-04-22T16:43:52.2549480Z ignoring duplicate directory "/Users/runner/work/tcm-storage-ios/tcm-storage-ios/build/Build/Products/Debug-iphonesimulator/PackageFrameworks"
2026-04-22T16:43:52.2550070Z ignoring duplicate directory "/Users/runner/work/tcm-storage-ios/tcm-storage-ios/build/Build/Products/Debug-iphonesimulator/PackageFrameworks"
2026-04-22T16:43:52.2550450Z ignoring duplicate directory "/Users/runner/work/tcm-storage-ios/tcm-storage-ios/build/Build/Products/Debug-iphonesimulator/PackageFrameworks"
2026-04-22T16:43:52.2550820Z ignoring duplicate directory "/Users/runner/work/tcm-storage-ios/tcm-storage-ios/build/Build/Products/Debug-iphonesimulator/PackageFrameworks"
2026-04-22T16:43:52.2551200Z ignoring duplicate directory "/Users/runner/work/tcm-storage-ios/tcm-storage-ios/build/Build/Products/Debug-iphonesimulator/PackageFrameworks"
2026-04-22T16:43:52.2551550Z ignoring duplicate directory "/Users/runner/work/tcm-storage-ios/tcm-storage-ios/build/Build/Products/Debug-iphonesimulator/PackageFrameworks"
2026-04-22T16:43:52.2551910Z ignoring duplicate directory "/Users/runner/work/tcm-storage-ios/tcm-storage-ios/build/Build/Products/Debug-iphonesimulator/PackageFrameworks"
2026-04-22T16:43:52.2552340Z ignoring duplicate directory "/Users/runner/work/tcm-storage-ios/tcm-storage-ios/build/Build/Products/Debug-iphonesimulator/PackageFrameworks"
2026-04-22T16:43:52.2552670Z ignoring duplicate directory "/Users/runner/work/tcm-storage-ios/tcm-storage-ios/build/Build/Products/Debug-iphonesimulator/PackageFrameworks"
2026-04-22T16:43:52.2553000Z ignoring duplicate directory "/Users/runner/work/tcm-storage-ios/tcm-storage-ios/build/Build/Products/Debug-iphonesimulator/PackageFrameworks"
2026-04-22T16:43:52.2553360Z ignoring duplicate directory "/Users/runner/work/tcm-storage-ios/tcm-storage-ios/build/Build/Products/Debug-iphonesimulator/PackageFrameworks"
2026-04-22T16:43:52.2553720Z ignoring duplicate directory "/Users/runner/work/tcm-storage-ios/tcm-storage-ios/build/Build/Products/Debug-iphonesimulator/PackageFrameworks"
2026-04-22T16:43:52.2554090Z ignoring duplicate directory "/Users/runner/work/tcm-storage-ios/tcm-storage-ios/build/Build/Products/Debug-iphonesimulator/PackageFrameworks"
2026-04-22T16:43:52.2554460Z ignoring duplicate directory "/Users/runner/work/tcm-storage-ios/tcm-storage-ios/build/Build/Products/Debug-iphonesimulator/PackageFrameworks"
2026-04-22T16:43:52.2554840Z ignoring duplicate directory "/Users/runner/work/tcm-storage-ios/tcm-storage-ios/build/Build/Products/Debug-iphonesimulator/PackageFrameworks"
2026-04-22T16:43:52.2555210Z ignoring duplicate directory "/Users/runner/work/tcm-storage-ios/tcm-storage-ios/build/Build/Products/Debug-iphonesimulator/PackageFrameworks"
2026-04-22T16:43:52.2555280Z #include "..." search starts here:
2026-04-22T16:43:52.2555770Z  /Users/runner/work/tcm-storage-ios/tcm-storage-ios/build/Build/Intermediates.noindex/Nextcloud.build/Debug-iphonesimulator/Share.build/Share-generated-files.hmap (headermap)
2026-04-22T16:43:52.2556260Z  /Users/runner/work/tcm-storage-ios/tcm-storage-ios/build/Build/Intermediates.noindex/Nextcloud.build/Debug-iphonesimulator/Share.build/Share-project-headers.hmap (headermap)
2026-04-22T16:43:52.2556750Z #include <...> search starts here:
2026-04-22T16:43:52.2557200Z  /Users/runner/work/tcm-storage-ios/tcm-storage-ios/build/Build/Intermediates.noindex/Nextcloud.build/Debug-iphonesimulator/Share.build/Share-own-target-headers.hmap (headermap)
2026-04-22T16:43:52.2557690Z  /Users/runner/work/tcm-storage-ios/tcm-storage-ios/build/Build/Intermediates.noindex/Nextcloud.build/Debug-iphonesimulator/Share.build/Share-all-non-framework-target-headers.hmap (headermap)
2026-04-22T16:43:52.2557910Z  /Users/runner/work/tcm-storage-ios/tcm-storage-ios/build/SourcePackages/checkouts/realm-core/src
2026-04-22T16:43:52.2558160Z  /Users/runner/work/tcm-storage-ios/tcm-storage-ios/build/SourcePackages/checkouts/realm-core/src/external/s2
2026-04-22T16:43:52.2558490Z  /Users/runner/work/tcm-storage-ios/tcm-storage-ios/build/SourcePackages/checkouts/realm-core/src/external/IntelRDFPMathLib20U2/LIBRARY/src
2026-04-22T16:43:52.2558710Z  /Users/runner/work/tcm-storage-ios/tcm-storage-ios/build/SourcePackages/checkouts/realm-core/src/spm
2026-04-22T16:43:52.2559030Z  /Users/runner/work/tcm-storage-ios/tcm-storage-ios/build/SourcePackages/checkouts/realm-swift/include
2026-04-22T16:43:52.2559330Z  /Users/runner/work/tcm-storage-ios/tcm-storage-ios/build/SourcePackages/checkouts/swift-atomics/Sources/_AtomicsShims/include
2026-04-22T16:43:52.2559650Z  /Users/runner/work/tcm-storage-ios/tcm-storage-ios/build/SourcePackages/checkouts/swift-nio/Sources/CNIOPosix/include
2026-04-22T16:43:52.2559930Z  /Users/runner/work/tcm-storage-ios/tcm-storage-ios/build/SourcePackages/checkouts/swift-nio/Sources/CNIOWASI/include
2026-04-22T16:43:52.2560240Z  /Users/runner/work/tcm-storage-ios/tcm-storage-ios/build/SourcePackages/checkouts/swift-nio/Sources/CNIOWindows/include
2026-04-22T16:43:52.2560540Z  /Users/runner/work/tcm-storage-ios/tcm-storage-ios/build/SourcePackages/checkouts/swift-nio/Sources/CNIOLinux/include
2026-04-22T16:43:52.2560840Z  /Users/runner/work/tcm-storage-ios/tcm-storage-ios/build/SourcePackages/checkouts/swift-nio/Sources/CNIODarwin/include
2026-04-22T16:43:52.2561410Z  /Users/runner/work/tcm-storage-ios/tcm-storage-ios/build/SourcePackages/checkouts/swift-nio/Sources/CNIOOpenBSD/include
2026-04-22T16:43:52.2561710Z  /Users/runner/work/tcm-storage-ios/tcm-storage-ios/build/SourcePackages/checkouts/swift-nio/Sources/CNIOAtomics/include
2026-04-22T16:43:52.2562040Z  /Users/runner/work/tcm-storage-ios/tcm-storage-ios/build/SourcePackages/checkouts/swift-nio-ssl/Sources/CNIOBoringSSLShims/include
2026-04-22T16:43:52.2562350Z  /Users/runner/work/tcm-storage-ios/tcm-storage-ios/build/SourcePackages/checkouts/swift-nio-ssl/Sources/CNIOBoringSSL/include
2026-04-22T16:43:52.2562650Z  /Users/runner/work/tcm-storage-ios/tcm-storage-ios/build/SourcePackages/checkouts/GzipSwift/Sources/system-zlib/include
2026-04-22T16:43:52.2563060Z  /Users/runner/work/tcm-storage-ios/tcm-storage-ios/build/Build/Intermediates.noindex/Nextcloud.build/Debug-iphonesimulator/Share.build/DerivedSources
2026-04-22T16:43:52.2563510Z  /Users/runner/work/tcm-storage-ios/tcm-storage-ios/build/Build/Products/Debug-iphonesimulator/PackageFrameworks (framework directory)
2026-04-22T16:43:52.2563780Z  /Users/runner/work/tcm-storage-ios/tcm-storage-ios/build/Build/Products/Debug-iphonesimulator (framework directory)
2026-04-22T16:43:52.2564130Z  /Applications/Xcode_26.2.app/Contents/Developer/Platforms/iPhoneSimulator.platform/Developer/Library/Frameworks (framework directory)
2026-04-22T16:43:52.2564550Z  /Applications/Xcode_26.2.app/Contents/Developer/Platforms/iPhoneSimulator.platform/Developer/SDKs/iPhoneSimulator26.2.sdk/Developer/Library/Frameworks (framework directory)
2026-04-22T16:43:52.2564790Z  /Applications/Xcode_26.2.app/Contents/Developer/Toolchains/XcodeDefault.xctoolchain/usr/lib/clang/17/include
2026-04-22T16:43:52.2565110Z  /Applications/Xcode_26.2.app/Contents/Developer/Platforms/iPhoneSimulator.platform/Developer/SDKs/iPhoneSimulator26.2.sdk/usr/include
2026-04-22T16:43:52.2565450Z  /Applications/Xcode_26.2.app/Contents/Developer/Toolchains/XcodeDefault.xctoolchain/usr/include
2026-04-22T16:43:52.2565870Z  /Applications/Xcode_26.2.app/Contents/Developer/Platforms/iPhoneSimulator.platform/Developer/SDKs/iPhoneSimulator26.2.sdk/System/Library/Frameworks (framework directory)
2026-04-22T16:43:52.2566290Z  /Applications/Xcode_26.2.app/Contents/Developer/Platforms/iPhoneSimulator.platform/Developer/SDKs/iPhoneSimulator26.2.sdk/System/Library/SubFrameworks (framework directory)
2026-04-22T16:43:52.2566330Z End of search list.
2026-04-22T16:43:52.2566530Z clang -cc1 version 17.0.0 (clang-1700.6.3.2) default target arm64-apple-darwin24.6.0
2026-04-22T16:43:52.2646410Z ignoring nonexistent directory "/Users/runner/work/tcm-storage-ios/tcm-storage-ios/build/Build/Products/Debug-iphonesimulator/include"
2026-04-22T16:43:52.2747800Z ignoring nonexistent directory "/Users/runner/work/tcm-storage-ios/tcm-storage-ios/build/Build/Intermediates.noindex/Nextcloud.build/Debug-iphonesimulator/Share.build/DerivedSources-normal/arm64"
2026-04-22T16:43:52.2754230Z ignoring nonexistent directory "/Users/runner/work/tcm-storage-ios/tcm-storage-ios/build/Build/Intermediates.noindex/Nextcloud.build/Debug-iphonesimulator/Share.build/DerivedSources/arm64"
2026-04-22T16:43:52.2755030Z ignoring nonexistent directory "/Applications/Xcode_26.2.app/Contents/Developer/Platforms/iPhoneSimulator.platform/Developer/SDKs/iPhoneSimulator26.2.sdk/usr/local/include"
2026-04-22T16:43:52.2755760Z ignoring nonexistent directory "/Applications/Xcode_26.2.app/Contents/Developer/Platforms/iPhoneSimulator.platform/Developer/SDKs/iPhoneSimulator26.2.sdk/Library/Frameworks"
2026-04-22T16:43:52.2756360Z ignoring duplicate directory "/Users/runner/work/tcm-storage-ios/tcm-storage-ios/build/Build/Products/Debug-iphonesimulator/PackageFrameworks"
2026-04-22T16:43:52.2756950Z ignoring duplicate directory "/Users/runner/work/tcm-storage-ios/tcm-storage-ios/build/Build/Products/Debug-iphonesimulator/PackageFrameworks"
2026-04-22T16:43:52.2757490Z ignoring duplicate directory "/Users/runner/work/tcm-storage-ios/tcm-storage-ios/build/Build/Products/Debug-iphonesimulator/PackageFrameworks"
2026-04-22T16:43:52.2758090Z ignoring duplicate directory "/Users/runner/work/tcm-storage-ios/tcm-storage-ios/build/Build/Products/Debug-iphonesimulator/PackageFrameworks"
2026-04-22T16:43:52.2758710Z ignoring duplicate directory "/Users/runner/work/tcm-storage-ios/tcm-storage-ios/build/Build/Products/Debug-iphonesimulator/PackageFrameworks"
2026-04-22T16:43:52.2780150Z ignoring duplicate directory "/Users/runner/work/tcm-storage-ios/tcm-storage-ios/build/Build/Products/Debug-iphonesimulator/PackageFrameworks"
2026-04-22T16:43:52.2780910Z ignoring duplicate directory "/Users/runner/work/tcm-storage-ios/tcm-storage-ios/build/Build/Products/Debug-iphonesimulator/PackageFrameworks"
2026-04-22T16:43:52.2781490Z ignoring duplicate directory "/Users/runner/work/tcm-storage-ios/tcm-storage-ios/build/Build/Products/Debug-iphonesimulator/PackageFrameworks"
2026-04-22T16:43:52.2782090Z ignoring duplicate directory "/Users/runner/work/tcm-storage-ios/tcm-storage-ios/build/Build/Products/Debug-iphonesimulator/PackageFrameworks"
2026-04-22T16:43:52.2782650Z ignoring duplicate directory "/Users/runner/work/tcm-storage-ios/tcm-storage-ios/build/Build/Products/Debug-iphonesimulator/PackageFrameworks"
2026-04-22T16:43:52.2785620Z ignoring duplicate directory "/Users/runner/work/tcm-storage-ios/tcm-storage-ios/build/Build/Products/Debug-iphonesimulator/PackageFrameworks"
2026-04-22T16:43:52.2884340Z ignoring duplicate directory "/Users/runner/work/tcm-storage-ios/tcm-storage-ios/build/Build/Products/Debug-iphonesimulator/PackageFrameworks"
2026-04-22T16:43:52.2988480Z ignoring duplicate directory "/Users/runner/work/tcm-storage-ios/tcm-storage-ios/build/Build/Products/Debug-iphonesimulator/PackageFrameworks"
2026-04-22T16:43:52.3090110Z ▸ Copying /Users/runner/work/tcm-storage-ios/tcm-storage-ios/build/Build/Products/Debug-iphonesimulator/File\ Provider\ Extension.appex/PrivacyInfo.xcprivacy
2026-04-22T16:43:52.3091520Z ignoring duplicate directory "/Users/runner/work/tcm-storage-ios/tcm-storage-ios/build/Build/Products/Debug-iphonesimulator/PackageFrameworks"
2026-04-22T16:43:52.3221030Z ▸ Linking __preview.dylib
2026-04-22T16:43:52.3221730Z ignoring duplicate directory "/Users/runner/work/tcm-storage-ios/tcm-storage-ios/build/Build/Products/Debug-iphonesimulator/PackageFrameworks"
2026-04-22T16:43:52.3221960Z ▸ Linking File\
2026-04-22T16:43:52.3323170Z ignoring duplicate directory "/Users/runner/work/tcm-storage-ios/tcm-storage-ios/build/Build/Products/Debug-iphonesimulator/PackageFrameworks"
2026-04-22T16:43:52.3323400Z ▸ Linking File\
2026-04-22T16:43:52.3424550Z ignoring duplicate directory "/Users/runner/work/tcm-storage-ios/tcm-storage-ios/build/Build/Products/Debug-iphonesimulator/PackageFrameworks"
2026-04-22T16:43:52.3425740Z ▸ Compiling NCViewCertificateDetails.storyboard
2026-04-22T16:43:52.3527100Z ignoring duplicate directory "/Users/runner/work/tcm-storage-ios/tcm-storage-ios/build/Build/Products/Debug-iphonesimulator/PackageFrameworks"
2026-04-22T16:43:52.3527450Z ▸ Linking __preview.dylib
2026-04-22T16:43:52.3630820Z ignoring duplicate directory "/Users/runner/work/tcm-storage-ios/tcm-storage-ios/build/Build/Products/Debug-iphonesimulator/PackageFrameworks"
2026-04-22T16:43:52.3631430Z ▸ Linking File\
2026-04-22T16:43:52.3649640Z ignoring duplicate directory "/Users/runner/work/tcm-storage-ios/tcm-storage-ios/build/Build/Products/Debug-iphonesimulator/PackageFrameworks"
2026-04-22T16:43:52.3649960Z ▸ Linking File\
2026-04-22T16:43:52.3654400Z ignoring duplicate directory "/Users/runner/work/tcm-storage-ios/tcm-storage-ios/build/Build/Products/Debug-iphonesimulator/PackageFrameworks"
2026-04-22T16:43:52.3654720Z ▸ Compiling UIImage+animatedGIF.m
2026-04-22T16:43:52.3656110Z ignoring duplicate directory "/Users/runner/work/tcm-storage-ios/tcm-storage-ios/build/Build/Products/Debug-iphonesimulator/PackageFrameworks"
2026-04-22T16:43:52.3656630Z ▸ Copying /Users/runner/work/tcm-storage-ios/tcm-storage-ios/build/Build/Products/Debug-iphonesimulator/File\ Provider\ Extension\ UI.appex/PrivacyInfo.xcprivacy
2026-04-22T16:43:52.3658160Z ignoring duplicate directory "/Users/runner/work/tcm-storage-ios/tcm-storage-ios/build/Build/Products/Debug-iphonesimulator/PackageFrameworks"
2026-04-22T16:43:52.3658420Z ▸ Copying Localizable.strings
2026-04-22T16:43:52.3658790Z ignoring duplicate directory "/Users/runner/work/tcm-storage-ios/tcm-storage-ios/build/Build/Products/Debug-iphonesimulator/PackageFrameworks"
2026-04-22T16:43:52.3658890Z ▸ Copying Localizable.strings
2026-04-22T16:43:52.3659280Z ignoring duplicate directory "/Users/runner/work/tcm-storage-ios/tcm-storage-ios/build/Build/Products/Debug-iphonesimulator/PackageFrameworks"
2026-04-22T16:43:52.3659390Z ▸ Copying Localizable.strings
2026-04-22T16:43:52.3659470Z ▸ Copying Localizable.strings
2026-04-22T16:43:52.3659560Z ▸ Copying Localizable.strings
2026-04-22T16:43:52.3659640Z ▸ Copying Localizable.strings
2026-04-22T16:43:52.3659720Z ▸ Copying Localizable.strings
2026-04-22T16:43:52.3659800Z ▸ Copying Localizable.strings
2026-04-22T16:43:52.3659880Z ▸ Copying Localizable.strings
2026-04-22T16:43:52.3659950Z ▸ Copying Localizable.strings
2026-04-22T16:43:52.3660030Z ▸ Copying Localizable.strings
2026-04-22T16:43:52.3660110Z ▸ Copying Localizable.strings
2026-04-22T16:43:52.3660190Z ▸ Copying Localizable.strings
2026-04-22T16:43:52.3660260Z ▸ Copying Localizable.strings
2026-04-22T16:43:52.3660340Z ▸ Copying Localizable.strings
2026-04-22T16:43:52.3660410Z ▸ Copying Localizable.strings
2026-04-22T16:43:52.3660740Z ▸ Copying Localizable.strings
2026-04-22T16:43:52.3660890Z ▸ Copying Localizable.strings
2026-04-22T16:43:52.3661000Z ▸ Copying Localizable.strings
2026-04-22T16:43:52.3661120Z ▸ Copying Localizable.strings
2026-04-22T16:43:52.3661220Z ▸ Copying Localizable.strings
2026-04-22T16:43:52.3661390Z ▸ Processing File_Provider_Extension.plist
2026-04-22T16:43:52.3661860Z ▸ Copying Localizable.strings
2026-04-22T16:43:52.3661950Z ▸ Copying Localizable.strings
2026-04-22T16:43:52.3662030Z ▸ Copying Localizable.strings
2026-04-22T16:43:52.3662100Z ▸ Copying Localizable.strings
2026-04-22T16:43:52.3662320Z ▸ Copying Localizable.strings
2026-04-22T16:43:52.3662400Z ▸ Copying Localizable.strings
2026-04-22T16:43:52.3662480Z ▸ Copying Localizable.strings
2026-04-22T16:43:52.3662550Z ▸ Copying Localizable.strings
2026-04-22T16:43:52.3662630Z ▸ Copying Localizable.strings
2026-04-22T16:43:52.3662700Z ▸ Copying Localizable.strings
2026-04-22T16:43:52.3662790Z ▸ Copying Localizable.strings
2026-04-22T16:43:52.3662880Z ▸ Copying Localizable.strings
2026-04-22T16:43:52.3662950Z ▸ Copying Localizable.strings
2026-04-22T16:43:52.3663030Z ▸ Copying Localizable.strings
2026-04-22T16:43:52.3663110Z ▸ Copying Localizable.strings
2026-04-22T16:43:52.3663190Z ▸ Copying Localizable.strings
2026-04-22T16:43:52.3663270Z ▸ Copying Localizable.strings
2026-04-22T16:43:52.3663340Z ▸ Copying Localizable.strings
2026-04-22T16:43:52.3663420Z ▸ Copying Localizable.strings
2026-04-22T16:43:52.3663490Z ▸ Copying Localizable.strings
2026-04-22T16:43:52.3663560Z ▸ Copying Localizable.strings
2026-04-22T16:43:52.3663640Z ▸ Copying Localizable.strings
2026-04-22T16:43:52.3663970Z ▸ Copying Localizable.strings
2026-04-22T16:43:52.3664070Z ▸ Copying Localizable.strings
2026-04-22T16:43:52.3664210Z ▸ Copying Localizable.strings
2026-04-22T16:43:52.3664320Z ▸ Copying Localizable.strings
2026-04-22T16:43:52.3664430Z ▸ Copying Localizable.strings
2026-04-22T16:43:52.3664500Z ▸ Copying Localizable.strings
2026-04-22T16:43:52.3664580Z ▸ Copying Localizable.strings
2026-04-22T16:43:52.3664650Z ▸ Copying Localizable.strings
2026-04-22T16:43:52.3664730Z ▸ Copying Localizable.strings
2026-04-22T16:43:52.3664800Z ▸ Copying Localizable.strings
2026-04-22T16:43:52.3664920Z ▸ Copying Localizable.strings
2026-04-22T16:43:52.3665010Z ▸ Copying Localizable.strings
2026-04-22T16:43:52.3665100Z ▸ Copying Localizable.strings
2026-04-22T16:43:52.3665180Z ▸ Copying Localizable.strings
2026-04-22T16:43:52.3665250Z ▸ Copying Localizable.strings
2026-04-22T16:43:52.3665320Z ▸ Copying Localizable.strings
2026-04-22T16:43:52.3665400Z ▸ Copying Localizable.strings
2026-04-22T16:43:52.3665480Z ▸ Copying Localizable.strings
2026-04-22T16:43:52.3665700Z ▸ Copying Localizable.strings
2026-04-22T16:43:52.3672930Z ▸ Copying Localizable.strings
2026-04-22T16:43:52.3673130Z ▸ Copying Localizable.strings
2026-04-22T16:43:52.3673220Z ▸ Copying Localizable.strings
2026-04-22T16:43:52.3673320Z ▸ Copying Localizable.strings
2026-04-22T16:43:52.3673420Z ▸ Copying Localizable.strings
2026-04-22T16:43:52.3673530Z ▸ Copying Localizable.strings
2026-04-22T16:43:52.3673620Z ▸ Copying Localizable.strings
2026-04-22T16:43:52.3673720Z ▸ Copying Localizable.strings
2026-04-22T16:43:52.3673810Z ▸ Copying Localizable.strings
2026-04-22T16:43:52.3674320Z ignoring duplicate directory "/Users/runner/work/tcm-storage-ios/tcm-storage-ios/build/Build/Products/Debug-iphonesimulator/PackageFrameworks"
2026-04-22T16:43:52.3674730Z ignoring duplicate directory "/Users/runner/work/tcm-storage-ios/tcm-storage-ios/build/Build/Products/Debug-iphonesimulator/PackageFrameworks"
2026-04-22T16:43:52.3675120Z ignoring duplicate directory "/Users/runner/work/tcm-storage-ios/tcm-storage-ios/build/Build/Products/Debug-iphonesimulator/PackageFrameworks"
2026-04-22T16:43:52.3675490Z ignoring duplicate directory "/Users/runner/work/tcm-storage-ios/tcm-storage-ios/build/Build/Products/Debug-iphonesimulator/PackageFrameworks"
2026-04-22T16:43:52.3675850Z ignoring duplicate directory "/Users/runner/work/tcm-storage-ios/tcm-storage-ios/build/Build/Products/Debug-iphonesimulator/PackageFrameworks"
2026-04-22T16:43:52.3676220Z ignoring duplicate directory "/Users/runner/work/tcm-storage-ios/tcm-storage-ios/build/Build/Products/Debug-iphonesimulator/PackageFrameworks"
2026-04-22T16:43:52.3676610Z ignoring duplicate directory "/Users/runner/work/tcm-storage-ios/tcm-storage-ios/build/Build/Products/Debug-iphonesimulator/PackageFrameworks"
2026-04-22T16:43:52.3677460Z ignoring duplicate directory "/Users/runner/work/tcm-storage-ios/tcm-storage-ios/build/Build/Products/Debug-iphonesimulator/PackageFrameworks"
2026-04-22T16:43:52.3678010Z ignoring duplicate directory "/Users/runner/work/tcm-storage-ios/tcm-storage-ios/build/Build/Products/Debug-iphonesimulator/PackageFrameworks"
2026-04-22T16:43:52.3678360Z ignoring duplicate directory "/Users/runner/work/tcm-storage-ios/tcm-storage-ios/build/Build/Products/Debug-iphonesimulator/PackageFrameworks"
2026-04-22T16:43:52.3678690Z ignoring duplicate directory "/Users/runner/work/tcm-storage-ios/tcm-storage-ios/build/Build/Products/Debug-iphonesimulator/PackageFrameworks"
2026-04-22T16:43:52.3679020Z ignoring duplicate directory "/Users/runner/work/tcm-storage-ios/tcm-storage-ios/build/Build/Products/Debug-iphonesimulator/PackageFrameworks"
2026-04-22T16:43:52.3679350Z ignoring duplicate directory "/Users/runner/work/tcm-storage-ios/tcm-storage-ios/build/Build/Products/Debug-iphonesimulator/PackageFrameworks"
2026-04-22T16:43:52.3679680Z ignoring duplicate directory "/Users/runner/work/tcm-storage-ios/tcm-storage-ios/build/Build/Products/Debug-iphonesimulator/PackageFrameworks"
2026-04-22T16:43:52.3680010Z ignoring duplicate directory "/Users/runner/work/tcm-storage-ios/tcm-storage-ios/build/Build/Products/Debug-iphonesimulator/PackageFrameworks"
2026-04-22T16:43:52.3680070Z #include "..." search starts here:
2026-04-22T16:43:52.3680510Z  /Users/runner/work/tcm-storage-ios/tcm-storage-ios/build/Build/Intermediates.noindex/Nextcloud.build/Debug-iphonesimulator/Share.build/Share-generated-files.hmap (headermap)
2026-04-22T16:43:52.3680940Z  /Users/runner/work/tcm-storage-ios/tcm-storage-ios/build/Build/Intermediates.noindex/Nextcloud.build/Debug-iphonesimulator/Share.build/Share-project-headers.hmap (headermap)
2026-04-22T16:43:52.3680990Z #include <...> search starts here:
2026-04-22T16:43:52.3681430Z  /Users/runner/work/tcm-storage-ios/tcm-storage-ios/build/Build/Intermediates.noindex/Nextcloud.build/Debug-iphonesimulator/Share.build/Share-own-target-headers.hmap (headermap)
2026-04-22T16:43:52.3681920Z  /Users/runner/work/tcm-storage-ios/tcm-storage-ios/build/Build/Intermediates.noindex/Nextcloud.build/Debug-iphonesimulator/Share.build/Share-all-non-framework-target-headers.hmap (headermap)
2026-04-22T16:43:52.3682130Z  /Users/runner/work/tcm-storage-ios/tcm-storage-ios/build/SourcePackages/checkouts/realm-core/src
2026-04-22T16:43:52.3682380Z  /Users/runner/work/tcm-storage-ios/tcm-storage-ios/build/SourcePackages/checkouts/realm-core/src/external/s2
2026-04-22T16:43:52.3682710Z  /Users/runner/work/tcm-storage-ios/tcm-storage-ios/build/SourcePackages/checkouts/realm-core/src/external/IntelRDFPMathLib20U2/LIBRARY/src
2026-04-22T16:43:52.3682920Z  /Users/runner/work/tcm-storage-ios/tcm-storage-ios/build/SourcePackages/checkouts/realm-core/src/spm
2026-04-22T16:43:52.3683140Z  /Users/runner/work/tcm-storage-ios/tcm-storage-ios/build/SourcePackages/checkouts/realm-swift/include
2026-04-22T16:43:52.3683440Z  /Users/runner/work/tcm-storage-ios/tcm-storage-ios/build/SourcePackages/checkouts/swift-atomics/Sources/_AtomicsShims/include
2026-04-22T16:43:52.3683700Z  /Users/runner/work/tcm-storage-ios/tcm-storage-ios/build/SourcePackages/checkouts/swift-nio/Sources/CNIOPosix/include
2026-04-22T16:43:52.3683970Z  /Users/runner/work/tcm-storage-ios/tcm-storage-ios/build/SourcePackages/checkouts/swift-nio/Sources/CNIOWASI/include
2026-04-22T16:43:52.3684900Z  /Users/runner/work/tcm-storage-ios/tcm-storage-ios/build/SourcePackages/checkouts/swift-nio/Sources/CNIOWindows/include
2026-04-22T16:43:52.3685180Z  /Users/runner/work/tcm-storage-ios/tcm-storage-ios/build/SourcePackages/checkouts/swift-nio/Sources/CNIOLinux/include
2026-04-22T16:43:52.3685440Z  /Users/runner/work/tcm-storage-ios/tcm-storage-ios/build/SourcePackages/checkouts/swift-nio/Sources/CNIODarwin/include
2026-04-22T16:43:52.3685710Z  /Users/runner/work/tcm-storage-ios/tcm-storage-ios/build/SourcePackages/checkouts/swift-nio/Sources/CNIOOpenBSD/include
2026-04-22T16:43:52.3686110Z  /Users/runner/work/tcm-storage-ios/tcm-storage-ios/build/SourcePackages/checkouts/swift-nio/Sources/CNIOAtomics/include
2026-04-22T16:43:52.3686490Z  /Users/runner/work/tcm-storage-ios/tcm-storage-ios/build/SourcePackages/checkouts/swift-nio-ssl/Sources/CNIOBoringSSLShims/include
2026-04-22T16:43:52.3686790Z  /Users/runner/work/tcm-storage-ios/tcm-storage-ios/build/SourcePackages/checkouts/swift-nio-ssl/Sources/CNIOBoringSSL/include
2026-04-22T16:43:52.3687060Z  /Users/runner/work/tcm-storage-ios/tcm-storage-ios/build/SourcePackages/checkouts/GzipSwift/Sources/system-zlib/include
2026-04-22T16:43:52.3687440Z  /Users/runner/work/tcm-storage-ios/tcm-storage-ios/build/Build/Intermediates.noindex/Nextcloud.build/Debug-iphonesimulator/Share.build/DerivedSources
2026-04-22T16:43:52.3687770Z  /Users/runner/work/tcm-storage-ios/tcm-storage-ios/build/Build/Products/Debug-iphonesimulator/PackageFrameworks (framework directory)
2026-04-22T16:43:52.3688040Z  /Users/runner/work/tcm-storage-ios/tcm-storage-ios/build/Build/Products/Debug-iphonesimulator (framework directory)
2026-04-22T16:43:52.3688360Z  /Applications/Xcode_26.2.app/Contents/Developer/Platforms/iPhoneSimulator.platform/Developer/Library/Frameworks (framework directory)
2026-04-22T16:43:52.3688790Z  /Applications/Xcode_26.2.app/Contents/Developer/Platforms/iPhoneSimulator.platform/Developer/SDKs/iPhoneSimulator26.2.sdk/Developer/Library/Frameworks (framework directory)
2026-04-22T16:43:52.3689030Z  /Applications/Xcode_26.2.app/Contents/Developer/Toolchains/XcodeDefault.xctoolchain/usr/lib/clang/17/include
2026-04-22T16:43:52.3689360Z  /Applications/Xcode_26.2.app/Contents/Developer/Platforms/iPhoneSimulator.platform/Developer/SDKs/iPhoneSimulator26.2.sdk/usr/include
2026-04-22T16:43:52.3689570Z  /Applications/Xcode_26.2.app/Contents/Developer/Toolchains/XcodeDefault.xctoolchain/usr/include
2026-04-22T16:43:52.3689980Z  /Applications/Xcode_26.2.app/Contents/Developer/Platforms/iPhoneSimulator.platform/Developer/SDKs/iPhoneSimulator26.2.sdk/System/Library/Frameworks (framework directory)
2026-04-22T16:43:52.3690410Z  /Applications/Xcode_26.2.app/Contents/Developer/Platforms/iPhoneSimulator.platform/Developer/SDKs/iPhoneSimulator26.2.sdk/System/Library/SubFrameworks (framework directory)
2026-04-22T16:43:52.3690450Z End of search list.
2026-04-22T16:43:52.3690620Z clang -cc1 version 17.0.0 (clang-1700.6.3.2) default target arm64-apple-darwin24.6.0
2026-04-22T16:43:52.3690930Z ignoring nonexistent directory "/Users/runner/work/tcm-storage-ios/tcm-storage-ios/build/Build/Products/Debug-iphonesimulator/include"
2026-04-22T16:43:52.3691450Z ignoring nonexistent directory "/Users/runner/work/tcm-storage-ios/tcm-storage-ios/build/Build/Intermediates.noindex/Nextcloud.build/Debug-iphonesimulator/Share.build/DerivedSources-normal/arm64"
2026-04-22T16:43:52.3691910Z ignoring nonexistent directory "/Users/runner/work/tcm-storage-ios/tcm-storage-ios/build/Build/Intermediates.noindex/Nextcloud.build/Debug-iphonesimulator/Share.build/DerivedSources/arm64"
2026-04-22T16:43:52.3692340Z ignoring nonexistent directory "/Applications/Xcode_26.2.app/Contents/Developer/Platforms/iPhoneSimulator.platform/Developer/SDKs/iPhoneSimulator26.2.sdk/usr/local/include"
2026-04-22T16:43:52.3692760Z ignoring nonexistent directory "/Applications/Xcode_26.2.app/Contents/Developer/Platforms/iPhoneSimulator.platform/Developer/SDKs/iPhoneSimulator26.2.sdk/Library/Frameworks"
2026-04-22T16:43:52.3693100Z ignoring duplicate directory "/Users/runner/work/tcm-storage-ios/tcm-storage-ios/build/Build/Products/Debug-iphonesimulator/PackageFrameworks"
2026-04-22T16:43:52.3693430Z ignoring duplicate directory "/Users/runner/work/tcm-storage-ios/tcm-storage-ios/build/Build/Products/Debug-iphonesimulator/PackageFrameworks"
2026-04-22T16:43:52.3693760Z ignoring duplicate directory "/Users/runner/work/tcm-storage-ios/tcm-storage-ios/build/Build/Products/Debug-iphonesimulator/PackageFrameworks"
2026-04-22T16:43:52.3694180Z ignoring duplicate directory "/Users/runner/work/tcm-storage-ios/tcm-storage-ios/build/Build/Products/Debug-iphonesimulator/PackageFrameworks"
2026-04-22T16:43:52.3694570Z ignoring duplicate directory "/Users/runner/work/tcm-storage-ios/tcm-storage-ios/build/Build/Products/Debug-iphonesimulator/PackageFrameworks"
2026-04-22T16:43:52.3694920Z ignoring duplicate directory "/Users/runner/work/tcm-storage-ios/tcm-storage-ios/build/Build/Products/Debug-iphonesimulator/PackageFrameworks"
2026-04-22T16:43:52.3695250Z ignoring duplicate directory "/Users/runner/work/tcm-storage-ios/tcm-storage-ios/build/Build/Products/Debug-iphonesimulator/PackageFrameworks"
2026-04-22T16:43:52.3695580Z ignoring duplicate directory "/Users/runner/work/tcm-storage-ios/tcm-storage-ios/build/Build/Products/Debug-iphonesimulator/PackageFrameworks"
2026-04-22T16:43:52.3695910Z ignoring duplicate directory "/Users/runner/work/tcm-storage-ios/tcm-storage-ios/build/Build/Products/Debug-iphonesimulator/PackageFrameworks"
2026-04-22T16:43:52.3696240Z ignoring duplicate directory "/Users/runner/work/tcm-storage-ios/tcm-storage-ios/build/Build/Products/Debug-iphonesimulator/PackageFrameworks"
2026-04-22T16:43:52.3696590Z ignoring duplicate directory "/Users/runner/work/tcm-storage-ios/tcm-storage-ios/build/Build/Products/Debug-iphonesimulator/PackageFrameworks"
2026-04-22T16:43:52.3696930Z ignoring duplicate directory "/Users/runner/work/tcm-storage-ios/tcm-storage-ios/build/Build/Products/Debug-iphonesimulator/PackageFrameworks"
2026-04-22T16:43:52.3697260Z ignoring duplicate directory "/Users/runner/work/tcm-storage-ios/tcm-storage-ios/build/Build/Products/Debug-iphonesimulator/PackageFrameworks"
2026-04-22T16:43:52.3697590Z ignoring duplicate directory "/Users/runner/work/tcm-storage-ios/tcm-storage-ios/build/Build/Products/Debug-iphonesimulator/PackageFrameworks"
2026-04-22T16:43:52.3697920Z ignoring duplicate directory "/Users/runner/work/tcm-storage-ios/tcm-storage-ios/build/Build/Products/Debug-iphonesimulator/PackageFrameworks"
2026-04-22T16:43:52.3698250Z ignoring duplicate directory "/Users/runner/work/tcm-storage-ios/tcm-storage-ios/build/Build/Products/Debug-iphonesimulator/PackageFrameworks"
2026-04-22T16:43:52.3698590Z ignoring duplicate directory "/Users/runner/work/tcm-storage-ios/tcm-storage-ios/build/Build/Products/Debug-iphonesimulator/PackageFrameworks"
2026-04-22T16:43:52.3698920Z ignoring duplicate directory "/Users/runner/work/tcm-storage-ios/tcm-storage-ios/build/Build/Products/Debug-iphonesimulator/PackageFrameworks"
2026-04-22T16:43:52.3699260Z ignoring duplicate directory "/Users/runner/work/tcm-storage-ios/tcm-storage-ios/build/Build/Products/Debug-iphonesimulator/PackageFrameworks"
2026-04-22T16:43:52.3699580Z ignoring duplicate directory "/Users/runner/work/tcm-storage-ios/tcm-storage-ios/build/Build/Products/Debug-iphonesimulator/PackageFrameworks"
2026-04-22T16:43:52.3699910Z ignoring duplicate directory "/Users/runner/work/tcm-storage-ios/tcm-storage-ios/build/Build/Products/Debug-iphonesimulator/PackageFrameworks"
2026-04-22T16:43:52.3700240Z ignoring duplicate directory "/Users/runner/work/tcm-storage-ios/tcm-storage-ios/build/Build/Products/Debug-iphonesimulator/PackageFrameworks"
2026-04-22T16:43:52.3700570Z ignoring duplicate directory "/Users/runner/work/tcm-storage-ios/tcm-storage-ios/build/Build/Products/Debug-iphonesimulator/PackageFrameworks"
2026-04-22T16:43:52.3700890Z ignoring duplicate directory "/Users/runner/work/tcm-storage-ios/tcm-storage-ios/build/Build/Products/Debug-iphonesimulator/PackageFrameworks"
2026-04-22T16:43:52.3701370Z ignoring duplicate directory "/Users/runner/work/tcm-storage-ios/tcm-storage-ios/build/Build/Products/Debug-iphonesimulator/PackageFrameworks"
2026-04-22T16:43:52.3701710Z ignoring duplicate directory "/Users/runner/work/tcm-storage-ios/tcm-storage-ios/build/Build/Products/Debug-iphonesimulator/PackageFrameworks"
2026-04-22T16:43:52.3702040Z ignoring duplicate directory "/Users/runner/work/tcm-storage-ios/tcm-storage-ios/build/Build/Products/Debug-iphonesimulator/PackageFrameworks"
2026-04-22T16:43:52.3702450Z ignoring duplicate directory "/Users/runner/work/tcm-storage-ios/tcm-storage-ios/build/Build/Products/Debug-iphonesimulator/PackageFrameworks"
2026-04-22T16:43:52.3702820Z ignoring duplicate directory "/Users/runner/work/tcm-storage-ios/tcm-storage-ios/build/Build/Products/Debug-iphonesimulator/PackageFrameworks"
2026-04-22T16:43:52.3703150Z ignoring duplicate directory "/Users/runner/work/tcm-storage-ios/tcm-storage-ios/build/Build/Products/Debug-iphonesimulator/PackageFrameworks"
2026-04-22T16:43:52.3703480Z ignoring duplicate directory "/Users/runner/work/tcm-storage-ios/tcm-storage-ios/build/Build/Products/Debug-iphonesimulator/PackageFrameworks"
2026-04-22T16:43:52.3703800Z ignoring duplicate directory "/Users/runner/work/tcm-storage-ios/tcm-storage-ios/build/Build/Products/Debug-iphonesimulator/PackageFrameworks"
2026-04-22T16:43:52.3704130Z ignoring duplicate directory "/Users/runner/work/tcm-storage-ios/tcm-storage-ios/build/Build/Products/Debug-iphonesimulator/PackageFrameworks"
2026-04-22T16:43:52.3704470Z ignoring duplicate directory "/Users/runner/work/tcm-storage-ios/tcm-storage-ios/build/Build/Products/Debug-iphonesimulator/PackageFrameworks"
2026-04-22T16:43:52.3704800Z ignoring duplicate directory "/Users/runner/work/tcm-storage-ios/tcm-storage-ios/build/Build/Products/Debug-iphonesimulator/PackageFrameworks"
2026-04-22T16:43:52.3705130Z ignoring duplicate directory "/Users/runner/work/tcm-storage-ios/tcm-storage-ios/build/Build/Products/Debug-iphonesimulator/PackageFrameworks"
2026-04-22T16:43:52.3705460Z ignoring duplicate directory "/Users/runner/work/tcm-storage-ios/tcm-storage-ios/build/Build/Products/Debug-iphonesimulator/PackageFrameworks"
2026-04-22T16:43:52.3705790Z ignoring duplicate directory "/Users/runner/work/tcm-storage-ios/tcm-storage-ios/build/Build/Products/Debug-iphonesimulator/PackageFrameworks"
2026-04-22T16:43:52.3706120Z ignoring duplicate directory "/Users/runner/work/tcm-storage-ios/tcm-storage-ios/build/Build/Products/Debug-iphonesimulator/PackageFrameworks"
2026-04-22T16:43:52.3706450Z ignoring duplicate directory "/Users/runner/work/tcm-storage-ios/tcm-storage-ios/build/Build/Products/Debug-iphonesimulator/PackageFrameworks"
2026-04-22T16:43:52.3706510Z #include "..." search starts here:
2026-04-22T16:43:52.3706950Z  /Users/runner/work/tcm-storage-ios/tcm-storage-ios/build/Build/Intermediates.noindex/Nextcloud.build/Debug-iphonesimulator/Share.build/Share-generated-files.hmap (headermap)
2026-04-22T16:43:52.3707380Z  /Users/runner/work/tcm-storage-ios/tcm-storage-ios/build/Build/Intermediates.noindex/Nextcloud.build/Debug-iphonesimulator/Share.build/Share-project-headers.hmap (headermap)
2026-04-22T16:43:52.3707440Z #include <...> search starts here:
2026-04-22T16:43:52.3707930Z  /Users/runner/work/tcm-storage-ios/tcm-storage-ios/build/Build/Intermediates.noindex/Nextcloud.build/Debug-iphonesimulator/Share.build/Share-own-target-headers.hmap (headermap)
2026-04-22T16:43:52.3708430Z  /Users/runner/work/tcm-storage-ios/tcm-storage-ios/build/Build/Intermediates.noindex/Nextcloud.build/Debug-iphonesimulator/Share.build/Share-all-non-framework-target-headers.hmap (headermap)
2026-04-22T16:43:52.3708660Z  /Users/runner/work/tcm-storage-ios/tcm-storage-ios/build/SourcePackages/checkouts/realm-core/src
2026-04-22T16:43:52.3708960Z  /Users/runner/work/tcm-storage-ios/tcm-storage-ios/build/SourcePackages/checkouts/realm-core/src/external/s2
2026-04-22T16:43:52.3709300Z  /Users/runner/work/tcm-storage-ios/tcm-storage-ios/build/SourcePackages/checkouts/realm-core/src/external/IntelRDFPMathLib20U2/LIBRARY/src
2026-04-22T16:43:52.3709530Z  /Users/runner/work/tcm-storage-ios/tcm-storage-ios/build/SourcePackages/checkouts/realm-core/src/spm
2026-04-22T16:43:52.3709750Z  /Users/runner/work/tcm-storage-ios/tcm-storage-ios/build/SourcePackages/checkouts/realm-swift/include
2026-04-22T16:43:52.3710040Z  /Users/runner/work/tcm-storage-ios/tcm-storage-ios/build/SourcePackages/checkouts/swift-atomics/Sources/_AtomicsShims/include
2026-04-22T16:43:52.3710320Z  /Users/runner/work/tcm-storage-ios/tcm-storage-ios/build/SourcePackages/checkouts/swift-nio/Sources/CNIOPosix/include
2026-04-22T16:43:52.3710800Z  /Users/runner/work/tcm-storage-ios/tcm-storage-ios/build/SourcePackages/checkouts/swift-nio/Sources/CNIOWASI/include
2026-04-22T16:43:52.3711360Z  /Users/runner/work/tcm-storage-ios/tcm-storage-ios/build/SourcePackages/checkouts/swift-nio/Sources/CNIOWindows/include
2026-04-22T16:43:52.3711660Z  /Users/runner/work/tcm-storage-ios/tcm-storage-ios/build/SourcePackages/checkouts/swift-nio/Sources/CNIOLinux/include
2026-04-22T16:43:52.3711930Z  /Users/runner/work/tcm-storage-ios/tcm-storage-ios/build/SourcePackages/checkouts/swift-nio/Sources/CNIODarwin/include
2026-04-22T16:43:52.3712200Z  /Users/runner/work/tcm-storage-ios/tcm-storage-ios/build/SourcePackages/checkouts/swift-nio/Sources/CNIOOpenBSD/include
2026-04-22T16:43:52.3712470Z  /Users/runner/work/tcm-storage-ios/tcm-storage-ios/build/SourcePackages/checkouts/swift-nio/Sources/CNIOAtomics/include
2026-04-22T16:43:52.3712790Z  /Users/runner/work/tcm-storage-ios/tcm-storage-ios/build/SourcePackages/checkouts/swift-nio-ssl/Sources/CNIOBoringSSLShims/include
2026-04-22T16:43:52.3713090Z  /Users/runner/work/tcm-storage-ios/tcm-storage-ios/build/SourcePackages/checkouts/swift-nio-ssl/Sources/CNIOBoringSSL/include
2026-04-22T16:43:52.3713360Z  /Users/runner/work/tcm-storage-ios/tcm-storage-ios/build/SourcePackages/checkouts/GzipSwift/Sources/system-zlib/include
2026-04-22T16:43:52.3713730Z  /Users/runner/work/tcm-storage-ios/tcm-storage-ios/build/Build/Intermediates.noindex/Nextcloud.build/Debug-iphonesimulator/Share.build/DerivedSources
2026-04-22T16:43:52.3714050Z  /Users/runner/work/tcm-storage-ios/tcm-storage-ios/build/Build/Products/Debug-iphonesimulator/PackageFrameworks (framework directory)
2026-04-22T16:43:52.3714320Z  /Users/runner/work/tcm-storage-ios/tcm-storage-ios/build/Build/Products/Debug-iphonesimulator (framework directory)
2026-04-22T16:43:52.3714670Z  /Applications/Xcode_26.2.app/Contents/Developer/Platforms/iPhoneSimulator.platform/Developer/Library/Frameworks (framework directory)
2026-04-22T16:43:52.3715100Z  /Applications/Xcode_26.2.app/Contents/Developer/Platforms/iPhoneSimulator.platform/Developer/SDKs/iPhoneSimulator26.2.sdk/Developer/Library/Frameworks (framework directory)
2026-04-22T16:43:52.3715350Z  /Applications/Xcode_26.2.app/Contents/Developer/Toolchains/XcodeDefault.xctoolchain/usr/lib/clang/17/include
2026-04-22T16:43:52.3715680Z  /Applications/Xcode_26.2.app/Contents/Developer/Platforms/iPhoneSimulator.platform/Developer/SDKs/iPhoneSimulator26.2.sdk/usr/include
2026-04-22T16:43:52.3715880Z  /Applications/Xcode_26.2.app/Contents/Developer/Toolchains/XcodeDefault.xctoolchain/usr/include
2026-04-22T16:43:52.3716300Z  /Applications/Xcode_26.2.app/Contents/Developer/Platforms/iPhoneSimulator.platform/Developer/SDKs/iPhoneSimulator26.2.sdk/System/Library/Frameworks (framework directory)
2026-04-22T16:43:52.3717000Z  /Applications/Xcode_26.2.app/Contents/Developer/Platforms/iPhoneSimulator.platform/Developer/SDKs/iPhoneSimulator26.2.sdk/System/Library/SubFrameworks (framework directory)
2026-04-22T16:43:52.3717050Z End of search list.
2026-04-22T16:43:52.3717220Z clang -cc1 version 17.0.0 (clang-1700.6.3.2) default target arm64-apple-darwin24.6.0
2026-04-22T16:43:52.3717530Z ignoring nonexistent directory "/Users/runner/work/tcm-storage-ios/tcm-storage-ios/build/Build/Products/Debug-iphonesimulator/include"
2026-04-22T16:43:52.3718020Z ignoring nonexistent directory "/Users/runner/work/tcm-storage-ios/tcm-storage-ios/build/Build/Intermediates.noindex/Nextcloud.build/Debug-iphonesimulator/Share.build/DerivedSources-normal/arm64"
2026-04-22T16:43:52.3718490Z ignoring nonexistent directory "/Users/runner/work/tcm-storage-ios/tcm-storage-ios/build/Build/Intermediates.noindex/Nextcloud.build/Debug-iphonesimulator/Share.build/DerivedSources/arm64"
2026-04-22T16:43:52.3718900Z ignoring nonexistent directory "/Applications/Xcode_26.2.app/Contents/Developer/Platforms/iPhoneSimulator.platform/Developer/SDKs/iPhoneSimulator26.2.sdk/usr/local/include"
2026-04-22T16:43:52.3719440Z ignoring nonexistent directory "/Applications/Xcode_26.2.app/Contents/Developer/Platforms/iPhoneSimulator.platform/Developer/SDKs/iPhoneSimulator26.2.sdk/Library/Frameworks"
2026-04-22T16:43:52.3719870Z ignoring duplicate directory "/Users/runner/work/tcm-storage-ios/tcm-storage-ios/build/Build/Products/Debug-iphonesimulator/PackageFrameworks"
2026-04-22T16:43:52.3720220Z ignoring duplicate directory "/Users/runner/work/tcm-storage-ios/tcm-storage-ios/build/Build/Products/Debug-iphonesimulator/PackageFrameworks"
2026-04-22T16:43:52.3720560Z ignoring duplicate directory "/Users/runner/work/tcm-storage-ios/tcm-storage-ios/build/Build/Products/Debug-iphonesimulator/PackageFrameworks"
2026-04-22T16:43:52.3720930Z ignoring duplicate directory "/Users/runner/work/tcm-storage-ios/tcm-storage-ios/build/Build/Products/Debug-iphonesimulator/PackageFrameworks"
2026-04-22T16:43:52.3721400Z ignoring duplicate directory "/Users/runner/work/tcm-storage-ios/tcm-storage-ios/build/Build/Products/Debug-iphonesimulator/PackageFrameworks"
2026-04-22T16:43:52.3722110Z ignoring duplicate directory "/Users/runner/work/tcm-storage-ios/tcm-storage-ios/build/Build/Products/Debug-iphonesimulator/PackageFrameworks"
2026-04-22T16:43:52.3722520Z ignoring duplicate directory "/Users/runner/work/tcm-storage-ios/tcm-storage-ios/build/Build/Products/Debug-iphonesimulator/PackageFrameworks"
2026-04-22T16:43:52.3722880Z ignoring duplicate directory "/Users/runner/work/tcm-storage-ios/tcm-storage-ios/build/Build/Products/Debug-iphonesimulator/PackageFrameworks"
2026-04-22T16:43:52.3723270Z ignoring duplicate directory "/Users/runner/work/tcm-storage-ios/tcm-storage-ios/build/Build/Products/Debug-iphonesimulator/PackageFrameworks"
2026-04-22T16:43:52.3723610Z ignoring duplicate directory "/Users/runner/work/tcm-storage-ios/tcm-storage-ios/build/Build/Products/Debug-iphonesimulator/PackageFrameworks"
2026-04-22T16:43:52.3723940Z ignoring duplicate directory "/Users/runner/work/tcm-storage-ios/tcm-storage-ios/build/Build/Products/Debug-iphonesimulator/PackageFrameworks"
2026-04-22T16:43:52.3724280Z ignoring duplicate directory "/Users/runner/work/tcm-storage-ios/tcm-storage-ios/build/Build/Products/Debug-iphonesimulator/PackageFrameworks"
2026-04-22T16:43:52.3724640Z ignoring duplicate directory "/Users/runner/work/tcm-storage-ios/tcm-storage-ios/build/Build/Products/Debug-iphonesimulator/PackageFrameworks"
2026-04-22T16:43:52.3724990Z ignoring duplicate directory "/Users/runner/work/tcm-storage-ios/tcm-storage-ios/build/Build/Products/Debug-iphonesimulator/PackageFrameworks"
2026-04-22T16:43:52.3725320Z ignoring duplicate directory "/Users/runner/work/tcm-storage-ios/tcm-storage-ios/build/Build/Products/Debug-iphonesimulator/PackageFrameworks"
2026-04-22T16:43:52.3725650Z ignoring duplicate directory "/Users/runner/work/tcm-storage-ios/tcm-storage-ios/build/Build/Products/Debug-iphonesimulator/PackageFrameworks"
2026-04-22T16:43:52.3725980Z ignoring duplicate directory "/Users/runner/work/tcm-storage-ios/tcm-storage-ios/build/Build/Products/Debug-iphonesimulator/PackageFrameworks"
2026-04-22T16:43:52.3726310Z ignoring duplicate directory "/Users/runner/work/tcm-storage-ios/tcm-storage-ios/build/Build/Products/Debug-iphonesimulator/PackageFrameworks"
2026-04-22T16:43:52.3726630Z ignoring duplicate directory "/Users/runner/work/tcm-storage-ios/tcm-storage-ios/build/Build/Products/Debug-iphonesimulator/PackageFrameworks"
2026-04-22T16:43:52.3726960Z ignoring duplicate directory "/Users/runner/work/tcm-storage-ios/tcm-storage-ios/build/Build/Products/Debug-iphonesimulator/PackageFrameworks"
2026-04-22T16:43:52.3727290Z ignoring duplicate directory "/Users/runner/work/tcm-storage-ios/tcm-storage-ios/build/Build/Products/Debug-iphonesimulator/PackageFrameworks"
2026-04-22T16:43:52.3727630Z ignoring duplicate directory "/Users/runner/work/tcm-storage-ios/tcm-storage-ios/build/Build/Products/Debug-iphonesimulator/PackageFrameworks"
2026-04-22T16:43:52.3727960Z ignoring duplicate directory "/Users/runner/work/tcm-storage-ios/tcm-storage-ios/build/Build/Products/Debug-iphonesimulator/PackageFrameworks"
2026-04-22T16:43:52.3728600Z ignoring duplicate directory "/Users/runner/work/tcm-storage-ios/tcm-storage-ios/build/Build/Products/Debug-iphonesimulator/PackageFrameworks"
2026-04-22T16:43:52.3728950Z ignoring duplicate directory "/Users/runner/work/tcm-storage-ios/tcm-storage-ios/build/Build/Products/Debug-iphonesimulator/PackageFrameworks"
2026-04-22T16:43:52.3729280Z ignoring duplicate directory "/Users/runner/work/tcm-storage-ios/tcm-storage-ios/build/Build/Products/Debug-iphonesimulator/PackageFrameworks"
2026-04-22T16:43:52.3729610Z ignoring duplicate directory "/Users/runner/work/tcm-storage-ios/tcm-storage-ios/build/Build/Products/Debug-iphonesimulator/PackageFrameworks"
2026-04-22T16:43:52.3729940Z ignoring duplicate directory "/Users/runner/work/tcm-storage-ios/tcm-storage-ios/build/Build/Products/Debug-iphonesimulator/PackageFrameworks"
2026-04-22T16:43:52.3730260Z ignoring duplicate directory "/Users/runner/work/tcm-storage-ios/tcm-storage-ios/build/Build/Products/Debug-iphonesimulator/PackageFrameworks"
2026-04-22T16:43:52.3730600Z ignoring duplicate directory "/Users/runner/work/tcm-storage-ios/tcm-storage-ios/build/Build/Products/Debug-iphonesimulator/PackageFrameworks"
2026-04-22T16:43:52.3730930Z ignoring duplicate directory "/Users/runner/work/tcm-storage-ios/tcm-storage-ios/build/Build/Products/Debug-iphonesimulator/PackageFrameworks"
2026-04-22T16:43:52.3731270Z ignoring duplicate directory "/Users/runner/work/tcm-storage-ios/tcm-storage-ios/build/Build/Products/Debug-iphonesimulator/PackageFrameworks"
2026-04-22T16:43:52.3731600Z ignoring duplicate directory "/Users/runner/work/tcm-storage-ios/tcm-storage-ios/build/Build/Products/Debug-iphonesimulator/PackageFrameworks"
2026-04-22T16:43:52.3731930Z ignoring duplicate directory "/Users/runner/work/tcm-storage-ios/tcm-storage-ios/build/Build/Products/Debug-iphonesimulator/PackageFrameworks"
2026-04-22T16:43:52.3732260Z ignoring duplicate directory "/Users/runner/work/tcm-storage-ios/tcm-storage-ios/build/Build/Products/Debug-iphonesimulator/PackageFrameworks"
2026-04-22T16:43:52.3732600Z ignoring duplicate directory "/Users/runner/work/tcm-storage-ios/tcm-storage-ios/build/Build/Products/Debug-iphonesimulator/PackageFrameworks"
2026-04-22T16:43:52.3732930Z ignoring duplicate directory "/Users/runner/work/tcm-storage-ios/tcm-storage-ios/build/Build/Products/Debug-iphonesimulator/PackageFrameworks"
2026-04-22T16:43:52.3733260Z ignoring duplicate directory "/Users/runner/work/tcm-storage-ios/tcm-storage-ios/build/Build/Products/Debug-iphonesimulator/PackageFrameworks"
2026-04-22T16:43:52.3733600Z ignoring duplicate directory "/Users/runner/work/tcm-storage-ios/tcm-storage-ios/build/Build/Products/Debug-iphonesimulator/PackageFrameworks"
2026-04-22T16:43:52.3733920Z ignoring duplicate directory "/Users/runner/work/tcm-storage-ios/tcm-storage-ios/build/Build/Products/Debug-iphonesimulator/PackageFrameworks"
2026-04-22T16:43:52.3733980Z #include "..." search starts here:
2026-04-22T16:43:52.3734440Z  /Users/runner/work/tcm-storage-ios/tcm-storage-ios/build/Build/Intermediates.noindex/Nextcloud.build/Debug-iphonesimulator/Share.build/Share-generated-files.hmap (headermap)
2026-04-22T16:43:52.3734890Z  /Users/runner/work/tcm-storage-ios/tcm-storage-ios/build/Build/Intermediates.noindex/Nextcloud.build/Debug-iphonesimulator/Share.build/Share-project-headers.hmap (headermap)
2026-04-22T16:43:52.3734940Z #include <...> search starts here:
2026-04-22T16:43:52.3735390Z  /Users/runner/work/tcm-storage-ios/tcm-storage-ios/build/Build/Intermediates.noindex/Nextcloud.build/Debug-iphonesimulator/Share.build/Share-own-target-headers.hmap (headermap)
2026-04-22T16:43:52.3735890Z  /Users/runner/work/tcm-storage-ios/tcm-storage-ios/build/Build/Intermediates.noindex/Nextcloud.build/Debug-iphonesimulator/Share.build/Share-all-non-framework-target-headers.hmap (headermap)
2026-04-22T16:43:52.3736120Z  /Users/runner/work/tcm-storage-ios/tcm-storage-ios/build/SourcePackages/checkouts/realm-core/src
2026-04-22T16:43:52.3736480Z  /Users/runner/work/tcm-storage-ios/tcm-storage-ios/build/SourcePackages/checkouts/realm-core/src/external/s2
2026-04-22T16:43:52.3736870Z  /Users/runner/work/tcm-storage-ios/tcm-storage-ios/build/SourcePackages/checkouts/realm-core/src/external/IntelRDFPMathLib20U2/LIBRARY/src
2026-04-22T16:43:52.3737100Z  /Users/runner/work/tcm-storage-ios/tcm-storage-ios/build/SourcePackages/checkouts/realm-core/src/spm
2026-04-22T16:43:52.3737320Z  /Users/runner/work/tcm-storage-ios/tcm-storage-ios/build/SourcePackages/checkouts/realm-swift/include
2026-04-22T16:43:52.3737620Z  /Users/runner/work/tcm-storage-ios/tcm-storage-ios/build/SourcePackages/checkouts/swift-atomics/Sources/_AtomicsShims/include
2026-04-22T16:43:52.3737890Z  /Users/runner/work/tcm-storage-ios/tcm-storage-ios/build/SourcePackages/checkouts/swift-nio/Sources/CNIOPosix/include
2026-04-22T16:43:52.3738160Z  /Users/runner/work/tcm-storage-ios/tcm-storage-ios/build/SourcePackages/checkouts/swift-nio/Sources/CNIOWASI/include
2026-04-22T16:43:52.3738440Z  /Users/runner/work/tcm-storage-ios/tcm-storage-ios/build/SourcePackages/checkouts/swift-nio/Sources/CNIOWindows/include
2026-04-22T16:43:52.3738710Z  /Users/runner/work/tcm-storage-ios/tcm-storage-ios/build/SourcePackages/checkouts/swift-nio/Sources/CNIOLinux/include
2026-04-22T16:43:52.3738980Z  /Users/runner/work/tcm-storage-ios/tcm-storage-ios/build/SourcePackages/checkouts/swift-nio/Sources/CNIODarwin/include
2026-04-22T16:43:52.3739250Z  /Users/runner/work/tcm-storage-ios/tcm-storage-ios/build/SourcePackages/checkouts/swift-nio/Sources/CNIOOpenBSD/include
2026-04-22T16:43:52.3739510Z  /Users/runner/work/tcm-storage-ios/tcm-storage-ios/build/SourcePackages/checkouts/swift-nio/Sources/CNIOAtomics/include
2026-04-22T16:43:52.3739830Z  /Users/runner/work/tcm-storage-ios/tcm-storage-ios/build/SourcePackages/checkouts/swift-nio-ssl/Sources/CNIOBoringSSLShims/include
2026-04-22T16:43:52.3740110Z  /Users/runner/work/tcm-storage-ios/tcm-storage-ios/build/SourcePackages/checkouts/swift-nio-ssl/Sources/CNIOBoringSSL/include
2026-04-22T16:43:52.3740390Z  /Users/runner/work/tcm-storage-ios/tcm-storage-ios/build/SourcePackages/checkouts/GzipSwift/Sources/system-zlib/include
2026-04-22T16:43:52.3740760Z  /Users/runner/work/tcm-storage-ios/tcm-storage-ios/build/Build/Intermediates.noindex/Nextcloud.build/Debug-iphonesimulator/Share.build/DerivedSources
2026-04-22T16:43:52.3741080Z  /Users/runner/work/tcm-storage-ios/tcm-storage-ios/build/Build/Products/Debug-iphonesimulator/PackageFrameworks (framework directory)
2026-04-22T16:43:52.3741350Z  /Users/runner/work/tcm-storage-ios/tcm-storage-ios/build/Build/Products/Debug-iphonesimulator (framework directory)
2026-04-22T16:43:52.3741680Z  /Applications/Xcode_26.2.app/Contents/Developer/Platforms/iPhoneSimulator.platform/Developer/Library/Frameworks (framework directory)
2026-04-22T16:43:52.3742120Z  /Applications/Xcode_26.2.app/Contents/Developer/Platforms/iPhoneSimulator.platform/Developer/SDKs/iPhoneSimulator26.2.sdk/Developer/Library/Frameworks (framework directory)
2026-04-22T16:43:52.3742380Z  /Applications/Xcode_26.2.app/Contents/Developer/Toolchains/XcodeDefault.xctoolchain/usr/lib/clang/17/include
2026-04-22T16:43:52.3742700Z  /Applications/Xcode_26.2.app/Contents/Developer/Platforms/iPhoneSimulator.platform/Developer/SDKs/iPhoneSimulator26.2.sdk/usr/include
2026-04-22T16:43:52.3742920Z  /Applications/Xcode_26.2.app/Contents/Developer/Toolchains/XcodeDefault.xctoolchain/usr/include
2026-04-22T16:43:52.3743340Z  /Applications/Xcode_26.2.app/Contents/Developer/Platforms/iPhoneSimulator.platform/Developer/SDKs/iPhoneSimulator26.2.sdk/System/Library/Frameworks (framework directory)
2026-04-22T16:43:52.3743790Z  /Applications/Xcode_26.2.app/Contents/Developer/Platforms/iPhoneSimulator.platform/Developer/SDKs/iPhoneSimulator26.2.sdk/System/Library/SubFrameworks (framework directory)
2026-04-22T16:43:52.3743840Z End of search list.
2026-04-22T16:43:52.3744020Z clang -cc1 version 17.0.0 (clang-1700.6.3.2) default target arm64-apple-darwin24.6.0
2026-04-22T16:43:52.3744580Z ignoring nonexistent directory "/Users/runner/work/tcm-storage-ios/tcm-storage-ios/build/Build/Products/Debug-iphonesimulator/include"
2026-04-22T16:43:52.3745170Z ignoring nonexistent directory "/Users/runner/work/tcm-storage-ios/tcm-storage-ios/build/Build/Intermediates.noindex/Nextcloud.build/Debug-iphonesimulator/Share.build/DerivedSources-normal/arm64"
2026-04-22T16:43:52.3745650Z ignoring nonexistent directory "/Users/runner/work/tcm-storage-ios/tcm-storage-ios/build/Build/Intermediates.noindex/Nextcloud.build/Debug-iphonesimulator/Share.build/DerivedSources/arm64"
2026-04-22T16:43:52.3746080Z ignoring nonexistent directory "/Applications/Xcode_26.2.app/Contents/Developer/Platforms/iPhoneSimulator.platform/Developer/SDKs/iPhoneSimulator26.2.sdk/usr/local/include"
2026-04-22T16:43:52.3746520Z ignoring nonexistent directory "/Applications/Xcode_26.2.app/Contents/Developer/Platforms/iPhoneSimulator.platform/Developer/SDKs/iPhoneSimulator26.2.sdk/Library/Frameworks"
2026-04-22T16:43:52.3746890Z ignoring duplicate directory "/Users/runner/work/tcm-storage-ios/tcm-storage-ios/build/Build/Products/Debug-iphonesimulator/PackageFrameworks"
2026-04-22T16:43:52.3747230Z ignoring duplicate directory "/Users/runner/work/tcm-storage-ios/tcm-storage-ios/build/Build/Products/Debug-iphonesimulator/PackageFrameworks"
2026-04-22T16:43:52.3747570Z ignoring duplicate directory "/Users/runner/work/tcm-storage-ios/tcm-storage-ios/build/Build/Products/Debug-iphonesimulator/PackageFrameworks"
2026-04-22T16:43:52.3747910Z ignoring duplicate directory "/Users/runner/work/tcm-storage-ios/tcm-storage-ios/build/Build/Products/Debug-iphonesimulator/PackageFrameworks"
2026-04-22T16:43:52.3748240Z ignoring duplicate directory "/Users/runner/work/tcm-storage-ios/tcm-storage-ios/build/Build/Products/Debug-iphonesimulator/PackageFrameworks"
2026-04-22T16:43:52.3748570Z ignoring duplicate directory "/Users/runner/work/tcm-storage-ios/tcm-storage-ios/build/Build/Products/Debug-iphonesimulator/PackageFrameworks"
2026-04-22T16:43:52.3748900Z ignoring duplicate directory "/Users/runner/work/tcm-storage-ios/tcm-storage-ios/build/Build/Products/Debug-iphonesimulator/PackageFrameworks"
2026-04-22T16:43:52.3749230Z ignoring duplicate directory "/Users/runner/work/tcm-storage-ios/tcm-storage-ios/build/Build/Products/Debug-iphonesimulator/PackageFrameworks"
2026-04-22T16:43:52.3749560Z ignoring duplicate directory "/Users/runner/work/tcm-storage-ios/tcm-storage-ios/build/Build/Products/Debug-iphonesimulator/PackageFrameworks"
2026-04-22T16:43:52.3749890Z ignoring duplicate directory "/Users/runner/work/tcm-storage-ios/tcm-storage-ios/build/Build/Products/Debug-iphonesimulator/PackageFrameworks"
2026-04-22T16:43:52.3750240Z ignoring duplicate directory "/Users/runner/work/tcm-storage-ios/tcm-storage-ios/build/Build/Products/Debug-iphonesimulator/PackageFrameworks"
2026-04-22T16:43:52.3750840Z ignoring duplicate directory "/Users/runner/work/tcm-storage-ios/tcm-storage-ios/build/Build/Products/Debug-iphonesimulator/PackageFrameworks"
2026-04-22T16:43:52.3751190Z ignoring duplicate directory "/Users/runner/work/tcm-storage-ios/tcm-storage-ios/build/Build/Products/Debug-iphonesimulator/PackageFrameworks"
2026-04-22T16:43:52.3751520Z ignoring duplicate directory "/Users/runner/work/tcm-storage-ios/tcm-storage-ios/build/Build/Products/Debug-iphonesimulator/PackageFrameworks"
2026-04-22T16:43:52.3751850Z ignoring duplicate directory "/Users/runner/work/tcm-storage-ios/tcm-storage-ios/build/Build/Products/Debug-iphonesimulator/PackageFrameworks"
2026-04-22T16:43:52.3752180Z ignoring duplicate directory "/Users/runner/work/tcm-storage-ios/tcm-storage-ios/build/Build/Products/Debug-iphonesimulator/PackageFrameworks"
2026-04-22T16:43:52.3752500Z ignoring duplicate directory "/Users/runner/work/tcm-storage-ios/tcm-storage-ios/build/Build/Products/Debug-iphonesimulator/PackageFrameworks"
2026-04-22T16:43:52.3752850Z ignoring duplicate directory "/Users/runner/work/tcm-storage-ios/tcm-storage-ios/build/Build/Products/Debug-iphonesimulator/PackageFrameworks"
2026-04-22T16:43:52.3753350Z ignoring duplicate directory "/Users/runner/work/tcm-storage-ios/tcm-storage-ios/build/Build/Products/Debug-iphonesimulator/PackageFrameworks"
2026-04-22T16:43:52.3753750Z ignoring duplicate directory "/Users/runner/work/tcm-storage-ios/tcm-storage-ios/build/Build/Products/Debug-iphonesimulator/PackageFrameworks"
2026-04-22T16:43:52.3754090Z ignoring duplicate directory "/Users/runner/work/tcm-storage-ios/tcm-storage-ios/build/Build/Products/Debug-iphonesimulator/PackageFrameworks"
2026-04-22T16:43:52.3754420Z ignoring duplicate directory "/Users/runner/work/tcm-storage-ios/tcm-storage-ios/build/Build/Products/Debug-iphonesimulator/PackageFrameworks"
2026-04-22T16:43:52.3754740Z ignoring duplicate directory "/Users/runner/work/tcm-storage-ios/tcm-storage-ios/build/Build/Products/Debug-iphonesimulator/PackageFrameworks"
2026-04-22T16:43:52.3755070Z ignoring duplicate directory "/Users/runner/work/tcm-storage-ios/tcm-storage-ios/build/Build/Products/Debug-iphonesimulator/PackageFrameworks"
2026-04-22T16:43:52.3755400Z ignoring duplicate directory "/Users/runner/work/tcm-storage-ios/tcm-storage-ios/build/Build/Products/Debug-iphonesimulator/PackageFrameworks"
2026-04-22T16:43:52.3755730Z ignoring duplicate directory "/Users/runner/work/tcm-storage-ios/tcm-storage-ios/build/Build/Products/Debug-iphonesimulator/PackageFrameworks"
2026-04-22T16:43:52.3756050Z ignoring duplicate directory "/Users/runner/work/tcm-storage-ios/tcm-storage-ios/build/Build/Products/Debug-iphonesimulator/PackageFrameworks"
2026-04-22T16:43:52.3756380Z ignoring duplicate directory "/Users/runner/work/tcm-storage-ios/tcm-storage-ios/build/Build/Products/Debug-iphonesimulator/PackageFrameworks"
2026-04-22T16:43:52.3756710Z ignoring duplicate directory "/Users/runner/work/tcm-storage-ios/tcm-storage-ios/build/Build/Products/Debug-iphonesimulator/PackageFrameworks"
2026-04-22T16:43:52.3757110Z ignoring duplicate directory "/Users/runner/work/tcm-storage-ios/tcm-storage-ios/build/Build/Products/Debug-iphonesimulator/PackageFrameworks"
2026-04-22T16:43:52.3757450Z ignoring duplicate directory "/Users/runner/work/tcm-storage-ios/tcm-storage-ios/build/Build/Products/Debug-iphonesimulator/PackageFrameworks"
2026-04-22T16:43:52.3757770Z ignoring duplicate directory "/Users/runner/work/tcm-storage-ios/tcm-storage-ios/build/Build/Products/Debug-iphonesimulator/PackageFrameworks"
2026-04-22T16:43:52.3758100Z ignoring duplicate directory "/Users/runner/work/tcm-storage-ios/tcm-storage-ios/build/Build/Products/Debug-iphonesimulator/PackageFrameworks"
2026-04-22T16:43:52.3758430Z ignoring duplicate directory "/Users/runner/work/tcm-storage-ios/tcm-storage-ios/build/Build/Products/Debug-iphonesimulator/PackageFrameworks"
2026-04-22T16:43:52.3758760Z ignoring duplicate directory "/Users/runner/work/tcm-storage-ios/tcm-storage-ios/build/Build/Products/Debug-iphonesimulator/PackageFrameworks"
2026-04-22T16:43:52.3759090Z ignoring duplicate directory "/Users/runner/work/tcm-storage-ios/tcm-storage-ios/build/Build/Products/Debug-iphonesimulator/PackageFrameworks"
2026-04-22T16:43:52.3759410Z ignoring duplicate directory "/Users/runner/work/tcm-storage-ios/tcm-storage-ios/build/Build/Products/Debug-iphonesimulator/PackageFrameworks"
2026-04-22T16:43:52.3759740Z ignoring duplicate directory "/Users/runner/work/tcm-storage-ios/tcm-storage-ios/build/Build/Products/Debug-iphonesimulator/PackageFrameworks"
2026-04-22T16:43:52.3760070Z ignoring duplicate directory "/Users/runner/work/tcm-storage-ios/tcm-storage-ios/build/Build/Products/Debug-iphonesimulator/PackageFrameworks"
2026-04-22T16:43:52.3760400Z ignoring duplicate directory "/Users/runner/work/tcm-storage-ios/tcm-storage-ios/build/Build/Products/Debug-iphonesimulator/PackageFrameworks"
2026-04-22T16:43:52.3760460Z #include "..." search starts here:
2026-04-22T16:43:52.3760910Z  /Users/runner/work/tcm-storage-ios/tcm-storage-ios/build/Build/Intermediates.noindex/Nextcloud.build/Debug-iphonesimulator/Share.build/Share-generated-files.hmap (headermap)
2026-04-22T16:43:52.3761420Z  /Users/runner/work/tcm-storage-ios/tcm-storage-ios/build/Build/Intermediates.noindex/Nextcloud.build/Debug-iphonesimulator/Share.build/Share-project-headers.hmap (headermap)
2026-04-22T16:43:52.3761480Z #include <...> search starts here:
2026-04-22T16:43:52.3762030Z  /Users/runner/work/tcm-storage-ios/tcm-storage-ios/build/Build/Intermediates.noindex/Nextcloud.build/Debug-iphonesimulator/Share.build/Share-own-target-headers.hmap (headermap)
2026-04-22T16:43:52.3762550Z  /Users/runner/work/tcm-storage-ios/tcm-storage-ios/build/Build/Intermediates.noindex/Nextcloud.build/Debug-iphonesimulator/Share.build/Share-all-non-framework-target-headers.hmap (headermap)
2026-04-22T16:43:52.3762770Z  /Users/runner/work/tcm-storage-ios/tcm-storage-ios/build/SourcePackages/checkouts/realm-core/src
2026-04-22T16:43:52.3763020Z  /Users/runner/work/tcm-storage-ios/tcm-storage-ios/build/SourcePackages/checkouts/realm-core/src/external/s2
2026-04-22T16:43:52.3763360Z  /Users/runner/work/tcm-storage-ios/tcm-storage-ios/build/SourcePackages/checkouts/realm-core/src/external/IntelRDFPMathLib20U2/LIBRARY/src
2026-04-22T16:43:52.3763590Z  /Users/runner/work/tcm-storage-ios/tcm-storage-ios/build/SourcePackages/checkouts/realm-core/src/spm
2026-04-22T16:43:52.3763810Z  /Users/runner/work/tcm-storage-ios/tcm-storage-ios/build/SourcePackages/checkouts/realm-swift/include
2026-04-22T16:43:52.3764110Z  /Users/runner/work/tcm-storage-ios/tcm-storage-ios/build/SourcePackages/checkouts/swift-atomics/Sources/_AtomicsShims/include
2026-04-22T16:43:52.3764400Z  /Users/runner/work/tcm-storage-ios/tcm-storage-ios/build/SourcePackages/checkouts/swift-nio/Sources/CNIOPosix/include
2026-04-22T16:43:52.3764670Z  /Users/runner/work/tcm-storage-ios/tcm-storage-ios/build/SourcePackages/checkouts/swift-nio/Sources/CNIOWASI/include
2026-04-22T16:43:52.3764950Z  /Users/runner/work/tcm-storage-ios/tcm-storage-ios/build/SourcePackages/checkouts/swift-nio/Sources/CNIOWindows/include
2026-04-22T16:43:52.3765210Z  /Users/runner/work/tcm-storage-ios/tcm-storage-ios/build/SourcePackages/checkouts/swift-nio/Sources/CNIOLinux/include
2026-04-22T16:43:52.3765480Z  /Users/runner/work/tcm-storage-ios/tcm-storage-ios/build/SourcePackages/checkouts/swift-nio/Sources/CNIODarwin/include
2026-04-22T16:43:52.3765760Z  /Users/runner/work/tcm-storage-ios/tcm-storage-ios/build/SourcePackages/checkouts/swift-nio/Sources/CNIOOpenBSD/include
2026-04-22T16:43:52.3766030Z  /Users/runner/work/tcm-storage-ios/tcm-storage-ios/build/SourcePackages/checkouts/swift-nio/Sources/CNIOAtomics/include
2026-04-22T16:43:52.3766340Z  /Users/runner/work/tcm-storage-ios/tcm-storage-ios/build/SourcePackages/checkouts/swift-nio-ssl/Sources/CNIOBoringSSLShims/include
2026-04-22T16:43:52.3766630Z  /Users/runner/work/tcm-storage-ios/tcm-storage-ios/build/SourcePackages/checkouts/swift-nio-ssl/Sources/CNIOBoringSSL/include
2026-04-22T16:43:52.3766910Z  /Users/runner/work/tcm-storage-ios/tcm-storage-ios/build/SourcePackages/checkouts/GzipSwift/Sources/system-zlib/include
2026-04-22T16:43:52.3767270Z  /Users/runner/work/tcm-storage-ios/tcm-storage-ios/build/Build/Intermediates.noindex/Nextcloud.build/Debug-iphonesimulator/Share.build/DerivedSources
2026-04-22T16:43:52.3767590Z  /Users/runner/work/tcm-storage-ios/tcm-storage-ios/build/Build/Products/Debug-iphonesimulator/PackageFrameworks (framework directory)
2026-04-22T16:43:52.3767850Z  /Users/runner/work/tcm-storage-ios/tcm-storage-ios/build/Build/Products/Debug-iphonesimulator (framework directory)
2026-04-22T16:43:52.3768170Z  /Applications/Xcode_26.2.app/Contents/Developer/Platforms/iPhoneSimulator.platform/Developer/Library/Frameworks (framework directory)
2026-04-22T16:43:52.3768610Z  /Applications/Xcode_26.2.app/Contents/Developer/Platforms/iPhoneSimulator.platform/Developer/SDKs/iPhoneSimulator26.2.sdk/Developer/Library/Frameworks (framework directory)
2026-04-22T16:43:52.3768850Z  /Applications/Xcode_26.2.app/Contents/Developer/Toolchains/XcodeDefault.xctoolchain/usr/lib/clang/17/include
2026-04-22T16:43:52.3769170Z  /Applications/Xcode_26.2.app/Contents/Developer/Platforms/iPhoneSimulator.platform/Developer/SDKs/iPhoneSimulator26.2.sdk/usr/include
2026-04-22T16:43:52.3769470Z  /Applications/Xcode_26.2.app/Contents/Developer/Toolchains/XcodeDefault.xctoolchain/usr/include
2026-04-22T16:43:52.3769920Z  /Applications/Xcode_26.2.app/Contents/Developer/Platforms/iPhoneSimulator.platform/Developer/SDKs/iPhoneSimulator26.2.sdk/System/Library/Frameworks (framework directory)
2026-04-22T16:43:52.3770350Z  /Applications/Xcode_26.2.app/Contents/Developer/Platforms/iPhoneSimulator.platform/Developer/SDKs/iPhoneSimulator26.2.sdk/System/Library/SubFrameworks (framework directory)
2026-04-22T16:43:52.3770400Z End of search list.
2026-04-22T16:43:52.3770560Z clang -cc1 version 17.0.0 (clang-1700.6.3.2) default target arm64-apple-darwin24.6.0
2026-04-22T16:43:52.3770870Z ignoring nonexistent directory "/Users/runner/work/tcm-storage-ios/tcm-storage-ios/build/Build/Products/Debug-iphonesimulator/include"
2026-04-22T16:43:52.3771360Z ignoring nonexistent directory "/Users/runner/work/tcm-storage-ios/tcm-storage-ios/build/Build/Intermediates.noindex/Nextcloud.build/Debug-iphonesimulator/Share.build/DerivedSources-normal/arm64"
2026-04-22T16:43:52.3771830Z ignoring nonexistent directory "/Users/runner/work/tcm-storage-ios/tcm-storage-ios/build/Build/Intermediates.noindex/Nextcloud.build/Debug-iphonesimulator/Share.build/DerivedSources/arm64"
2026-04-22T16:43:52.3772250Z ignoring nonexistent directory "/Applications/Xcode_26.2.app/Contents/Developer/Platforms/iPhoneSimulator.platform/Developer/SDKs/iPhoneSimulator26.2.sdk/usr/local/include"
2026-04-22T16:43:52.3772680Z ignoring nonexistent directory "/Applications/Xcode_26.2.app/Contents/Developer/Platforms/iPhoneSimulator.platform/Developer/SDKs/iPhoneSimulator26.2.sdk/Library/Frameworks"
2026-04-22T16:43:52.3773010Z ignoring duplicate directory "/Users/runner/work/tcm-storage-ios/tcm-storage-ios/build/Build/Products/Debug-iphonesimulator/PackageFrameworks"
2026-04-22T16:43:52.3773340Z ignoring duplicate directory "/Users/runner/work/tcm-storage-ios/tcm-storage-ios/build/Build/Products/Debug-iphonesimulator/PackageFrameworks"
2026-04-22T16:43:52.3773680Z ignoring duplicate directory "/Users/runner/work/tcm-storage-ios/tcm-storage-ios/build/Build/Products/Debug-iphonesimulator/PackageFrameworks"
2026-04-22T16:43:52.3774010Z ignoring duplicate directory "/Users/runner/work/tcm-storage-ios/tcm-storage-ios/build/Build/Products/Debug-iphonesimulator/PackageFrameworks"
2026-04-22T16:43:52.3774350Z ignoring duplicate directory "/Users/runner/work/tcm-storage-ios/tcm-storage-ios/build/Build/Products/Debug-iphonesimulator/PackageFrameworks"
2026-04-22T16:43:52.3774670Z ignoring duplicate directory "/Users/runner/work/tcm-storage-ios/tcm-storage-ios/build/Build/Products/Debug-iphonesimulator/PackageFrameworks"
2026-04-22T16:43:52.3775000Z ignoring duplicate directory "/Users/runner/work/tcm-storage-ios/tcm-storage-ios/build/Build/Products/Debug-iphonesimulator/PackageFrameworks"
2026-04-22T16:43:52.3775340Z ignoring duplicate directory "/Users/runner/work/tcm-storage-ios/tcm-storage-ios/build/Build/Products/Debug-iphonesimulator/PackageFrameworks"
2026-04-22T16:43:52.3775670Z ignoring duplicate directory "/Users/runner/work/tcm-storage-ios/tcm-storage-ios/build/Build/Products/Debug-iphonesimulator/PackageFrameworks"
2026-04-22T16:43:52.3776000Z ignoring duplicate directory "/Users/runner/work/tcm-storage-ios/tcm-storage-ios/build/Build/Products/Debug-iphonesimulator/PackageFrameworks"
2026-04-22T16:43:52.3776410Z ignoring duplicate directory "/Users/runner/work/tcm-storage-ios/tcm-storage-ios/build/Build/Products/Debug-iphonesimulator/PackageFrameworks"
2026-04-22T16:43:52.3776740Z ignoring duplicate directory "/Users/runner/work/tcm-storage-ios/tcm-storage-ios/build/Build/Products/Debug-iphonesimulator/PackageFrameworks"
2026-04-22T16:43:52.3777060Z ignoring duplicate directory "/Users/runner/work/tcm-storage-ios/tcm-storage-ios/build/Build/Products/Debug-iphonesimulator/PackageFrameworks"
2026-04-22T16:43:52.3777380Z ignoring duplicate directory "/Users/runner/work/tcm-storage-ios/tcm-storage-ios/build/Build/Products/Debug-iphonesimulator/PackageFrameworks"
2026-04-22T16:43:52.3778180Z ignoring duplicate directory "/Users/runner/work/tcm-storage-ios/tcm-storage-ios/build/Build/Products/Debug-iphonesimulator/PackageFrameworks"
2026-04-22T16:43:52.3778520Z ignoring duplicate directory "/Users/runner/work/tcm-storage-ios/tcm-storage-ios/build/Build/Products/Debug-iphonesimulator/PackageFrameworks"
2026-04-22T16:43:52.3778860Z ignoring duplicate directory "/Users/runner/work/tcm-storage-ios/tcm-storage-ios/build/Build/Products/Debug-iphonesimulator/PackageFrameworks"
2026-04-22T16:43:52.3779190Z ignoring duplicate directory "/Users/runner/work/tcm-storage-ios/tcm-storage-ios/build/Build/Products/Debug-iphonesimulator/PackageFrameworks"
2026-04-22T16:43:52.3779520Z ignoring duplicate directory "/Users/runner/work/tcm-storage-ios/tcm-storage-ios/build/Build/Products/Debug-iphonesimulator/PackageFrameworks"
2026-04-22T16:43:52.3779850Z ignoring duplicate directory "/Users/runner/work/tcm-storage-ios/tcm-storage-ios/build/Build/Products/Debug-iphonesimulator/PackageFrameworks"
2026-04-22T16:43:52.3780180Z ignoring duplicate directory "/Users/runner/work/tcm-storage-ios/tcm-storage-ios/build/Build/Products/Debug-iphonesimulator/PackageFrameworks"
2026-04-22T16:43:52.3780510Z ignoring duplicate directory "/Users/runner/work/tcm-storage-ios/tcm-storage-ios/build/Build/Products/Debug-iphonesimulator/PackageFrameworks"
2026-04-22T16:43:52.3780850Z ignoring duplicate directory "/Users/runner/work/tcm-storage-ios/tcm-storage-ios/build/Build/Products/Debug-iphonesimulator/PackageFrameworks"
2026-04-22T16:43:52.3781180Z ignoring duplicate directory "/Users/runner/work/tcm-storage-ios/tcm-storage-ios/build/Build/Products/Debug-iphonesimulator/PackageFrameworks"
2026-04-22T16:43:52.3781510Z ignoring duplicate directory "/Users/runner/work/tcm-storage-ios/tcm-storage-ios/build/Build/Products/Debug-iphonesimulator/PackageFrameworks"
2026-04-22T16:43:52.3781840Z ignoring duplicate directory "/Users/runner/work/tcm-storage-ios/tcm-storage-ios/build/Build/Products/Debug-iphonesimulator/PackageFrameworks"
2026-04-22T16:43:52.3782180Z ignoring duplicate directory "/Users/runner/work/tcm-storage-ios/tcm-storage-ios/build/Build/Products/Debug-iphonesimulator/PackageFrameworks"
2026-04-22T16:43:52.3782500Z ignoring duplicate directory "/Users/runner/work/tcm-storage-ios/tcm-storage-ios/build/Build/Products/Debug-iphonesimulator/PackageFrameworks"
2026-04-22T16:43:52.3782830Z ignoring duplicate directory "/Users/runner/work/tcm-storage-ios/tcm-storage-ios/build/Build/Products/Debug-iphonesimulator/PackageFrameworks"
2026-04-22T16:43:52.3783160Z ignoring duplicate directory "/Users/runner/work/tcm-storage-ios/tcm-storage-ios/build/Build/Products/Debug-iphonesimulator/PackageFrameworks"
2026-04-22T16:43:52.3783480Z ignoring duplicate directory "/Users/runner/work/tcm-storage-ios/tcm-storage-ios/build/Build/Products/Debug-iphonesimulator/PackageFrameworks"
2026-04-22T16:43:52.3783810Z ignoring duplicate directory "/Users/runner/work/tcm-storage-ios/tcm-storage-ios/build/Build/Products/Debug-iphonesimulator/PackageFrameworks"
2026-04-22T16:43:52.3784150Z ignoring duplicate directory "/Users/runner/work/tcm-storage-ios/tcm-storage-ios/build/Build/Products/Debug-iphonesimulator/PackageFrameworks"
2026-04-22T16:43:52.3784480Z ignoring duplicate directory "/Users/runner/work/tcm-storage-ios/tcm-storage-ios/build/Build/Products/Debug-iphonesimulator/PackageFrameworks"
2026-04-22T16:43:52.3785290Z ignoring duplicate directory "/Users/runner/work/tcm-storage-ios/tcm-storage-ios/build/Build/Products/Debug-iphonesimulator/PackageFrameworks"
2026-04-22T16:43:52.3785640Z ignoring duplicate directory "/Users/runner/work/tcm-storage-ios/tcm-storage-ios/build/Build/Products/Debug-iphonesimulator/PackageFrameworks"
2026-04-22T16:43:52.3786030Z ignoring duplicate directory "/Users/runner/work/tcm-storage-ios/tcm-storage-ios/build/Build/Products/Debug-iphonesimulator/PackageFrameworks"
2026-04-22T16:43:52.3786450Z ignoring duplicate directory "/Users/runner/work/tcm-storage-ios/tcm-storage-ios/build/Build/Products/Debug-iphonesimulator/PackageFrameworks"
2026-04-22T16:43:52.3789430Z ignoring duplicate directory "/Users/runner/work/tcm-storage-ios/tcm-storage-ios/build/Build/Products/Debug-iphonesimulator/PackageFrameworks"
2026-04-22T16:43:52.3789840Z ignoring duplicate directory "/Users/runner/work/tcm-storage-ios/tcm-storage-ios/build/Build/Products/Debug-iphonesimulator/PackageFrameworks"
2026-04-22T16:43:52.3789900Z #include "..." search starts here:
2026-04-22T16:43:52.3790350Z  /Users/runner/work/tcm-storage-ios/tcm-storage-ios/build/Build/Intermediates.noindex/Nextcloud.build/Debug-iphonesimulator/Share.build/Share-generated-files.hmap (headermap)
2026-04-22T16:43:52.3790790Z  /Users/runner/work/tcm-storage-ios/tcm-storage-ios/build/Build/Intermediates.noindex/Nextcloud.build/Debug-iphonesimulator/Share.build/Share-project-headers.hmap (headermap)
2026-04-22T16:43:52.3790850Z #include <...> search starts here:
2026-04-22T16:43:52.3791320Z  /Users/runner/work/tcm-storage-ios/tcm-storage-ios/build/Build/Intermediates.noindex/Nextcloud.build/Debug-iphonesimulator/Share.build/Share-own-target-headers.hmap (headermap)
2026-04-22T16:43:52.3791810Z  /Users/runner/work/tcm-storage-ios/tcm-storage-ios/build/Build/Intermediates.noindex/Nextcloud.build/Debug-iphonesimulator/Share.build/Share-all-non-framework-target-headers.hmap (headermap)
2026-04-22T16:43:52.3792030Z  /Users/runner/work/tcm-storage-ios/tcm-storage-ios/build/SourcePackages/checkouts/realm-core/src
2026-04-22T16:43:52.3792270Z  /Users/runner/work/tcm-storage-ios/tcm-storage-ios/build/SourcePackages/checkouts/realm-core/src/external/s2
2026-04-22T16:43:52.3793450Z  /Users/runner/work/tcm-storage-ios/tcm-storage-ios/build/SourcePackages/checkouts/realm-core/src/external/IntelRDFPMathLib20U2/LIBRARY/src
2026-04-22T16:43:52.3794140Z  /Users/runner/work/tcm-storage-ios/tcm-storage-ios/build/SourcePackages/checkouts/realm-core/src/spm
2026-04-22T16:43:52.3794380Z  /Users/runner/work/tcm-storage-ios/tcm-storage-ios/build/SourcePackages/checkouts/realm-swift/include
2026-04-22T16:43:52.3794690Z  /Users/runner/work/tcm-storage-ios/tcm-storage-ios/build/SourcePackages/checkouts/swift-atomics/Sources/_AtomicsShims/include
2026-04-22T16:43:52.3794960Z  /Users/runner/work/tcm-storage-ios/tcm-storage-ios/build/SourcePackages/checkouts/swift-nio/Sources/CNIOPosix/include
2026-04-22T16:43:52.3795220Z  /Users/runner/work/tcm-storage-ios/tcm-storage-ios/build/SourcePackages/checkouts/swift-nio/Sources/CNIOWASI/include
2026-04-22T16:43:52.3795490Z  /Users/runner/work/tcm-storage-ios/tcm-storage-ios/build/SourcePackages/checkouts/swift-nio/Sources/CNIOWindows/include
2026-04-22T16:43:52.3795760Z  /Users/runner/work/tcm-storage-ios/tcm-storage-ios/build/SourcePackages/checkouts/swift-nio/Sources/CNIOLinux/include
2026-04-22T16:43:52.3796050Z  /Users/runner/work/tcm-storage-ios/tcm-storage-ios/build/SourcePackages/checkouts/swift-nio/Sources/CNIODarwin/include
2026-04-22T16:43:52.3796330Z  /Users/runner/work/tcm-storage-ios/tcm-storage-ios/build/SourcePackages/checkouts/swift-nio/Sources/CNIOOpenBSD/include
2026-04-22T16:43:52.3796600Z  /Users/runner/work/tcm-storage-ios/tcm-storage-ios/build/SourcePackages/checkouts/swift-nio/Sources/CNIOAtomics/include
2026-04-22T16:43:52.3796910Z  /Users/runner/work/tcm-storage-ios/tcm-storage-ios/build/SourcePackages/checkouts/swift-nio-ssl/Sources/CNIOBoringSSLShims/include
2026-04-22T16:43:52.3797200Z  /Users/runner/work/tcm-storage-ios/tcm-storage-ios/build/SourcePackages/checkouts/swift-nio-ssl/Sources/CNIOBoringSSL/include
2026-04-22T16:43:52.3797480Z  /Users/runner/work/tcm-storage-ios/tcm-storage-ios/build/SourcePackages/checkouts/GzipSwift/Sources/system-zlib/include
2026-04-22T16:43:52.3797840Z  /Users/runner/work/tcm-storage-ios/tcm-storage-ios/build/Build/Intermediates.noindex/Nextcloud.build/Debug-iphonesimulator/Share.build/DerivedSources
2026-04-22T16:43:52.3798170Z  /Users/runner/work/tcm-storage-ios/tcm-storage-ios/build/Build/Products/Debug-iphonesimulator/PackageFrameworks (framework directory)
2026-04-22T16:43:52.3798620Z  /Users/runner/work/tcm-storage-ios/tcm-storage-ios/build/Build/Products/Debug-iphonesimulator (framework directory)
2026-04-22T16:43:52.3799310Z  /Applications/Xcode_26.2.app/Contents/Developer/Platforms/iPhoneSimulator.platform/Developer/Library/Frameworks (framework directory)
2026-04-22T16:43:52.3799800Z  /Applications/Xcode_26.2.app/Contents/Developer/Platforms/iPhoneSimulator.platform/Developer/SDKs/iPhoneSimulator26.2.sdk/Developer/Library/Frameworks (framework directory)
2026-04-22T16:43:52.3800050Z  /Applications/Xcode_26.2.app/Contents/Developer/Toolchains/XcodeDefault.xctoolchain/usr/lib/clang/17/include
2026-04-22T16:43:52.3800370Z  /Applications/Xcode_26.2.app/Contents/Developer/Platforms/iPhoneSimulator.platform/Developer/SDKs/iPhoneSimulator26.2.sdk/usr/include
2026-04-22T16:43:52.3800580Z  /Applications/Xcode_26.2.app/Contents/Developer/Toolchains/XcodeDefault.xctoolchain/usr/include
2026-04-22T16:43:52.3801120Z  /Applications/Xcode_26.2.app/Contents/Developer/Platforms/iPhoneSimulator.platform/Developer/SDKs/iPhoneSimulator26.2.sdk/System/Library/Frameworks (framework directory)
2026-04-22T16:43:52.3801540Z  /Applications/Xcode_26.2.app/Contents/Developer/Platforms/iPhoneSimulator.platform/Developer/SDKs/iPhoneSimulator26.2.sdk/System/Library/SubFrameworks (framework directory)
2026-04-22T16:43:52.3801590Z End of search list.
2026-04-22T16:43:52.3801670Z Apple clang version 17.0.0 (clang-1700.6.3.2)
2026-04-22T16:43:52.3801740Z Target: arm64-apple-ios17.0-simulator
2026-04-22T16:43:52.3801780Z Thread model: posix
2026-04-22T16:43:52.3802020Z InstalledDir: /Applications/Xcode_26.2.app/Contents/Developer/Toolchains/XcodeDefault.xctoolchain/usr/bin
2026-04-22T16:43:52.3802180Z clang -cc1 version 17.0.0 (clang-1700.6.3.2) default target arm64-apple-darwin24.6.0
2026-04-22T16:43:52.3802500Z ignoring nonexistent directory "/Users/runner/work/tcm-storage-ios/tcm-storage-ios/build/Build/Products/Debug-iphonesimulator/include"
2026-04-22T16:43:52.3803000Z ignoring nonexistent directory "/Users/runner/work/tcm-storage-ios/tcm-storage-ios/build/Build/Intermediates.noindex/Nextcloud.build/Debug-iphonesimulator/Share.build/DerivedSources-normal/arm64"
2026-04-22T16:43:52.3803460Z ignoring nonexistent directory "/Users/runner/work/tcm-storage-ios/tcm-storage-ios/build/Build/Intermediates.noindex/Nextcloud.build/Debug-iphonesimulator/Share.build/DerivedSources/arm64"
2026-04-22T16:43:52.3803880Z ignoring nonexistent directory "/Applications/Xcode_26.2.app/Contents/Developer/Platforms/iPhoneSimulator.platform/Developer/SDKs/iPhoneSimulator26.2.sdk/usr/local/include"
2026-04-22T16:43:52.3804300Z ignoring nonexistent directory "/Applications/Xcode_26.2.app/Contents/Developer/Platforms/iPhoneSimulator.platform/Developer/SDKs/iPhoneSimulator26.2.sdk/Library/Frameworks"
2026-04-22T16:43:52.3804640Z ignoring duplicate directory "/Users/runner/work/tcm-storage-ios/tcm-storage-ios/build/Build/Products/Debug-iphonesimulator/PackageFrameworks"
2026-04-22T16:43:52.3804970Z ignoring duplicate directory "/Users/runner/work/tcm-storage-ios/tcm-storage-ios/build/Build/Products/Debug-iphonesimulator/PackageFrameworks"
2026-04-22T16:43:52.3805300Z ignoring duplicate directory "/Users/runner/work/tcm-storage-ios/tcm-storage-ios/build/Build/Products/Debug-iphonesimulator/PackageFrameworks"
2026-04-22T16:43:52.3805630Z ignoring duplicate directory "/Users/runner/work/tcm-storage-ios/tcm-storage-ios/build/Build/Products/Debug-iphonesimulator/PackageFrameworks"
2026-04-22T16:43:52.3805960Z ignoring duplicate directory "/Users/runner/work/tcm-storage-ios/tcm-storage-ios/build/Build/Products/Debug-iphonesimulator/PackageFrameworks"
2026-04-22T16:43:52.3806290Z ignoring duplicate directory "/Users/runner/work/tcm-storage-ios/tcm-storage-ios/build/Build/Products/Debug-iphonesimulator/PackageFrameworks"
2026-04-22T16:43:52.3806610Z ignoring duplicate directory "/Users/runner/work/tcm-storage-ios/tcm-storage-ios/build/Build/Products/Debug-iphonesimulator/PackageFrameworks"
2026-04-22T16:43:52.3807020Z ignoring duplicate directory "/Users/runner/work/tcm-storage-ios/tcm-storage-ios/build/Build/Products/Debug-iphonesimulator/PackageFrameworks"
2026-04-22T16:43:52.3807400Z ignoring duplicate directory "/Users/runner/work/tcm-storage-ios/tcm-storage-ios/build/Build/Products/Debug-iphonesimulator/PackageFrameworks"
2026-04-22T16:43:52.3807730Z ignoring duplicate directory "/Users/runner/work/tcm-storage-ios/tcm-storage-ios/build/Build/Products/Debug-iphonesimulator/PackageFrameworks"
2026-04-22T16:43:52.3808060Z ignoring duplicate directory "/Users/runner/work/tcm-storage-ios/tcm-storage-ios/build/Build/Products/Debug-iphonesimulator/PackageFrameworks"
2026-04-22T16:43:52.3808390Z ignoring duplicate directory "/Users/runner/work/tcm-storage-ios/tcm-storage-ios/build/Build/Products/Debug-iphonesimulator/PackageFrameworks"
2026-04-22T16:43:52.3808710Z ignoring duplicate directory "/Users/runner/work/tcm-storage-ios/tcm-storage-ios/build/Build/Products/Debug-iphonesimulator/PackageFrameworks"
2026-04-22T16:43:52.3809050Z ignoring duplicate directory "/Users/runner/work/tcm-storage-ios/tcm-storage-ios/build/Build/Products/Debug-iphonesimulator/PackageFrameworks"
2026-04-22T16:43:52.3809390Z ignoring duplicate directory "/Users/runner/work/tcm-storage-ios/tcm-storage-ios/build/Build/Products/Debug-iphonesimulator/PackageFrameworks"
2026-04-22T16:43:52.3809720Z ignoring duplicate directory "/Users/runner/work/tcm-storage-ios/tcm-storage-ios/build/Build/Products/Debug-iphonesimulator/PackageFrameworks"
2026-04-22T16:43:52.3810050Z ignoring duplicate directory "/Users/runner/work/tcm-storage-ios/tcm-storage-ios/build/Build/Products/Debug-iphonesimulator/PackageFrameworks"
2026-04-22T16:43:52.3810380Z ignoring duplicate directory "/Users/runner/work/tcm-storage-ios/tcm-storage-ios/build/Build/Products/Debug-iphonesimulator/PackageFrameworks"
2026-04-22T16:43:52.3810720Z ignoring duplicate directory "/Users/runner/work/tcm-storage-ios/tcm-storage-ios/build/Build/Products/Debug-iphonesimulator/PackageFrameworks"
2026-04-22T16:43:52.3811050Z ignoring duplicate directory "/Users/runner/work/tcm-storage-ios/tcm-storage-ios/build/Build/Products/Debug-iphonesimulator/PackageFrameworks"
2026-04-22T16:43:52.3811380Z ignoring duplicate directory "/Users/runner/work/tcm-storage-ios/tcm-storage-ios/build/Build/Products/Debug-iphonesimulator/PackageFrameworks"
2026-04-22T16:43:52.3811710Z ignoring duplicate directory "/Users/runner/work/tcm-storage-ios/tcm-storage-ios/build/Build/Products/Debug-iphonesimulator/PackageFrameworks"
2026-04-22T16:43:52.3812200Z ignoring duplicate directory "/Users/runner/work/tcm-storage-ios/tcm-storage-ios/build/Build/Products/Debug-iphonesimulator/PackageFrameworks"
2026-04-22T16:43:52.3812590Z ignoring duplicate directory "/Users/runner/work/tcm-storage-ios/tcm-storage-ios/build/Build/Products/Debug-iphonesimulator/PackageFrameworks"
2026-04-22T16:43:52.3812930Z ignoring duplicate directory "/Users/runner/work/tcm-storage-ios/tcm-storage-ios/build/Build/Products/Debug-iphonesimulator/PackageFrameworks"
2026-04-22T16:43:52.3813280Z ignoring duplicate directory "/Users/runner/work/tcm-storage-ios/tcm-storage-ios/build/Build/Products/Debug-iphonesimulator/PackageFrameworks"
2026-04-22T16:43:52.3813630Z ignoring duplicate directory "/Users/runner/work/tcm-storage-ios/tcm-storage-ios/build/Build/Products/Debug-iphonesimulator/PackageFrameworks"
2026-04-22T16:43:52.3813970Z ignoring duplicate directory "/Users/runner/work/tcm-storage-ios/tcm-storage-ios/build/Build/Products/Debug-iphonesimulator/PackageFrameworks"
2026-04-22T16:43:52.3814320Z ignoring duplicate directory "/Users/runner/work/tcm-storage-ios/tcm-storage-ios/build/Build/Products/Debug-iphonesimulator/PackageFrameworks"
2026-04-22T16:43:52.3814650Z ignoring duplicate directory "/Users/runner/work/tcm-storage-ios/tcm-storage-ios/build/Build/Products/Debug-iphonesimulator/PackageFrameworks"
2026-04-22T16:43:52.3814970Z ignoring duplicate directory "/Users/runner/work/tcm-storage-ios/tcm-storage-ios/build/Build/Products/Debug-iphonesimulator/PackageFrameworks"
2026-04-22T16:43:52.3815500Z ignoring duplicate directory "/Users/runner/work/tcm-storage-ios/tcm-storage-ios/build/Build/Products/Debug-iphonesimulator/PackageFrameworks"
2026-04-22T16:43:52.3815940Z ignoring duplicate directory "/Users/runner/work/tcm-storage-ios/tcm-storage-ios/build/Build/Products/Debug-iphonesimulator/PackageFrameworks"
2026-04-22T16:43:52.3816270Z ignoring duplicate directory "/Users/runner/work/tcm-storage-ios/tcm-storage-ios/build/Build/Products/Debug-iphonesimulator/PackageFrameworks"
2026-04-22T16:43:52.3816600Z ignoring duplicate directory "/Users/runner/work/tcm-storage-ios/tcm-storage-ios/build/Build/Products/Debug-iphonesimulator/PackageFrameworks"
2026-04-22T16:43:52.3816930Z ignoring duplicate directory "/Users/runner/work/tcm-storage-ios/tcm-storage-ios/build/Build/Products/Debug-iphonesimulator/PackageFrameworks"
2026-04-22T16:43:52.3817260Z ignoring duplicate directory "/Users/runner/work/tcm-storage-ios/tcm-storage-ios/build/Build/Products/Debug-iphonesimulator/PackageFrameworks"
2026-04-22T16:43:52.3817590Z ignoring duplicate directory "/Users/runner/work/tcm-storage-ios/tcm-storage-ios/build/Build/Products/Debug-iphonesimulator/PackageFrameworks"
2026-04-22T16:43:52.3817930Z ignoring duplicate directory "/Users/runner/work/tcm-storage-ios/tcm-storage-ios/build/Build/Products/Debug-iphonesimulator/PackageFrameworks"
2026-04-22T16:43:52.3818260Z ignoring duplicate directory "/Users/runner/work/tcm-storage-ios/tcm-storage-ios/build/Build/Products/Debug-iphonesimulator/PackageFrameworks"
2026-04-22T16:43:52.3818320Z #include "..." search starts here:
2026-04-22T16:43:52.3818750Z  /Users/runner/work/tcm-storage-ios/tcm-storage-ios/build/Build/Intermediates.noindex/Nextcloud.build/Debug-iphonesimulator/Share.build/Share-generated-files.hmap (headermap)
2026-04-22T16:43:52.3819190Z  /Users/runner/work/tcm-storage-ios/tcm-storage-ios/build/Build/Intermediates.noindex/Nextcloud.build/Debug-iphonesimulator/Share.build/Share-project-headers.hmap (headermap)
2026-04-22T16:43:52.3819250Z #include <...> search starts here:
2026-04-22T16:43:52.3819690Z  /Users/runner/work/tcm-storage-ios/tcm-storage-ios/build/Build/Intermediates.noindex/Nextcloud.build/Debug-iphonesimulator/Share.build/Share-own-target-headers.hmap (headermap)
2026-04-22T16:43:52.3820180Z  /Users/runner/work/tcm-storage-ios/tcm-storage-ios/build/Build/Intermediates.noindex/Nextcloud.build/Debug-iphonesimulator/Share.build/Share-all-non-framework-target-headers.hmap (headermap)
2026-04-22T16:43:52.3820390Z  /Users/runner/work/tcm-storage-ios/tcm-storage-ios/build/SourcePackages/checkouts/realm-core/src
2026-04-22T16:43:52.3820640Z  /Users/runner/work/tcm-storage-ios/tcm-storage-ios/build/SourcePackages/checkouts/realm-core/src/external/s2
2026-04-22T16:43:52.3820970Z  /Users/runner/work/tcm-storage-ios/tcm-storage-ios/build/SourcePackages/checkouts/realm-core/src/external/IntelRDFPMathLib20U2/LIBRARY/src
2026-04-22T16:43:52.3821190Z  /Users/runner/work/tcm-storage-ios/tcm-storage-ios/build/SourcePackages/checkouts/realm-core/src/spm
2026-04-22T16:43:52.3821410Z  /Users/runner/work/tcm-storage-ios/tcm-storage-ios/build/SourcePackages/checkouts/realm-swift/include
2026-04-22T16:43:52.3821710Z  /Users/runner/work/tcm-storage-ios/tcm-storage-ios/build/SourcePackages/checkouts/swift-atomics/Sources/_AtomicsShims/include
2026-04-22T16:43:52.3821980Z  /Users/runner/work/tcm-storage-ios/tcm-storage-ios/build/SourcePackages/checkouts/swift-nio/Sources/CNIOPosix/include
2026-04-22T16:43:52.3822250Z  /Users/runner/work/tcm-storage-ios/tcm-storage-ios/build/SourcePackages/checkouts/swift-nio/Sources/CNIOWASI/include
2026-04-22T16:43:52.3822520Z  /Users/runner/work/tcm-storage-ios/tcm-storage-ios/build/SourcePackages/checkouts/swift-nio/Sources/CNIOWindows/include
2026-04-22T16:43:52.3822780Z  /Users/runner/work/tcm-storage-ios/tcm-storage-ios/build/SourcePackages/checkouts/swift-nio/Sources/CNIOLinux/include
2026-04-22T16:43:52.3823450Z  /Users/runner/work/tcm-storage-ios/tcm-storage-ios/build/SourcePackages/checkouts/swift-nio/Sources/CNIODarwin/include
2026-04-22T16:43:52.3824990Z  /Users/runner/work/tcm-storage-ios/tcm-storage-ios/build/SourcePackages/checkouts/swift-nio/Sources/CNIOOpenBSD/include
2026-04-22T16:43:52.3826000Z  /Users/runner/work/tcm-storage-ios/tcm-storage-ios/build/SourcePackages/checkouts/swift-nio/Sources/CNIOAtomics/include
2026-04-22T16:43:52.3827170Z  /Users/runner/work/tcm-storage-ios/tcm-storage-ios/build/SourcePackages/checkouts/swift-nio-ssl/Sources/CNIOBoringSSLShims/include
2026-04-22T16:43:52.3827510Z  /Users/runner/work/tcm-storage-ios/tcm-storage-ios/build/SourcePackages/checkouts/swift-nio-ssl/Sources/CNIOBoringSSL/include
2026-04-22T16:43:52.3827780Z  /Users/runner/work/tcm-storage-ios/tcm-storage-ios/build/SourcePackages/checkouts/GzipSwift/Sources/system-zlib/include
2026-04-22T16:43:52.3828140Z  /Users/runner/work/tcm-storage-ios/tcm-storage-ios/build/Build/Intermediates.noindex/Nextcloud.build/Debug-iphonesimulator/Share.build/DerivedSources
2026-04-22T16:43:52.3828470Z  /Users/runner/work/tcm-storage-ios/tcm-storage-ios/build/Build/Products/Debug-iphonesimulator/PackageFrameworks (framework directory)
2026-04-22T16:43:52.3828740Z  /Users/runner/work/tcm-storage-ios/tcm-storage-ios/build/Build/Products/Debug-iphonesimulator (framework directory)
2026-04-22T16:43:52.3829060Z  /Applications/Xcode_26.2.app/Contents/Developer/Platforms/iPhoneSimulator.platform/Developer/Library/Frameworks (framework directory)
2026-04-22T16:43:52.3829480Z  /Applications/Xcode_26.2.app/Contents/Developer/Platforms/iPhoneSimulator.platform/Developer/SDKs/iPhoneSimulator26.2.sdk/Developer/Library/Frameworks (framework directory)
2026-04-22T16:43:52.3829730Z  /Applications/Xcode_26.2.app/Contents/Developer/Toolchains/XcodeDefault.xctoolchain/usr/lib/clang/17/include
2026-04-22T16:43:52.3830050Z  /Applications/Xcode_26.2.app/Contents/Developer/Platforms/iPhoneSimulator.platform/Developer/SDKs/iPhoneSimulator26.2.sdk/usr/include
2026-04-22T16:43:52.3830260Z  /Applications/Xcode_26.2.app/Contents/Developer/Toolchains/XcodeDefault.xctoolchain/usr/include
2026-04-22T16:43:52.3830690Z  /Applications/Xcode_26.2.app/Contents/Developer/Platforms/iPhoneSimulator.platform/Developer/SDKs/iPhoneSimulator26.2.sdk/System/Library/Frameworks (framework directory)
2026-04-22T16:43:52.3831260Z  /Applications/Xcode_26.2.app/Contents/Developer/Platforms/iPhoneSimulator.platform/Developer/SDKs/iPhoneSimulator26.2.sdk/System/Library/SubFrameworks (framework directory)
2026-04-22T16:43:52.3831310Z End of search list.
2026-04-22T16:43:52.3831490Z clang -cc1 version 17.0.0 (clang-1700.6.3.2) default target arm64-apple-darwin24.6.0
2026-04-22T16:43:52.3831800Z ignoring nonexistent directory "/Users/runner/work/tcm-storage-ios/tcm-storage-ios/build/Build/Products/Debug-iphonesimulator/include"
2026-04-22T16:43:52.3832290Z ignoring nonexistent directory "/Users/runner/work/tcm-storage-ios/tcm-storage-ios/build/Build/Intermediates.noindex/Nextcloud.build/Debug-iphonesimulator/Share.build/DerivedSources-normal/arm64"
2026-04-22T16:43:52.3832770Z ignoring nonexistent directory "/Users/runner/work/tcm-storage-ios/tcm-storage-ios/build/Build/Intermediates.noindex/Nextcloud.build/Debug-iphonesimulator/Share.build/DerivedSources/arm64"
2026-04-22T16:43:52.3833200Z ignoring nonexistent directory "/Applications/Xcode_26.2.app/Contents/Developer/Platforms/iPhoneSimulator.platform/Developer/SDKs/iPhoneSimulator26.2.sdk/usr/local/include"
2026-04-22T16:43:52.3833620Z ignoring nonexistent directory "/Applications/Xcode_26.2.app/Contents/Developer/Platforms/iPhoneSimulator.platform/Developer/SDKs/iPhoneSimulator26.2.sdk/Library/Frameworks"
2026-04-22T16:43:52.3833950Z ignoring duplicate directory "/Users/runner/work/tcm-storage-ios/tcm-storage-ios/build/Build/Products/Debug-iphonesimulator/PackageFrameworks"
2026-04-22T16:43:52.3834280Z ignoring duplicate directory "/Users/runner/work/tcm-storage-ios/tcm-storage-ios/build/Build/Products/Debug-iphonesimulator/PackageFrameworks"
2026-04-22T16:43:52.3834620Z ignoring duplicate directory "/Users/runner/work/tcm-storage-ios/tcm-storage-ios/build/Build/Products/Debug-iphonesimulator/PackageFrameworks"
2026-04-22T16:43:52.3835220Z ignoring duplicate directory "/Users/runner/work/tcm-storage-ios/tcm-storage-ios/build/Build/Products/Debug-iphonesimulator/PackageFrameworks"
2026-04-22T16:43:52.3835560Z ignoring duplicate directory "/Users/runner/work/tcm-storage-ios/tcm-storage-ios/build/Build/Products/Debug-iphonesimulator/PackageFrameworks"
2026-04-22T16:43:52.3835890Z ignoring duplicate directory "/Users/runner/work/tcm-storage-ios/tcm-storage-ios/build/Build/Products/Debug-iphonesimulator/PackageFrameworks"
2026-04-22T16:43:52.3836220Z ignoring duplicate directory "/Users/runner/work/tcm-storage-ios/tcm-storage-ios/build/Build/Products/Debug-iphonesimulator/PackageFrameworks"
2026-04-22T16:43:52.3836550Z ignoring duplicate directory "/Users/runner/work/tcm-storage-ios/tcm-storage-ios/build/Build/Products/Debug-iphonesimulator/PackageFrameworks"
2026-04-22T16:43:52.3836880Z ignoring duplicate directory "/Users/runner/work/tcm-storage-ios/tcm-storage-ios/build/Build/Products/Debug-iphonesimulator/PackageFrameworks"
2026-04-22T16:43:52.3837210Z ignoring duplicate directory "/Users/runner/work/tcm-storage-ios/tcm-storage-ios/build/Build/Products/Debug-iphonesimulator/PackageFrameworks"
2026-04-22T16:43:52.3837540Z ignoring duplicate directory "/Users/runner/work/tcm-storage-ios/tcm-storage-ios/build/Build/Products/Debug-iphonesimulator/PackageFrameworks"
2026-04-22T16:43:52.3837870Z ignoring duplicate directory "/Users/runner/work/tcm-storage-ios/tcm-storage-ios/build/Build/Products/Debug-iphonesimulator/PackageFrameworks"
2026-04-22T16:43:52.3838200Z ignoring duplicate directory "/Users/runner/work/tcm-storage-ios/tcm-storage-ios/build/Build/Products/Debug-iphonesimulator/PackageFrameworks"
2026-04-22T16:43:52.3838560Z ignoring duplicate directory "/Users/runner/work/tcm-storage-ios/tcm-storage-ios/build/Build/Products/Debug-iphonesimulator/PackageFrameworks"
2026-04-22T16:43:52.3838900Z ignoring duplicate directory "/Users/runner/work/tcm-storage-ios/tcm-storage-ios/build/Build/Products/Debug-iphonesimulator/PackageFrameworks"
2026-04-22T16:43:52.3839240Z ignoring duplicate directory "/Users/runner/work/tcm-storage-ios/tcm-storage-ios/build/Build/Products/Debug-iphonesimulator/PackageFrameworks"
2026-04-22T16:43:52.3839580Z ignoring duplicate directory "/Users/runner/work/tcm-storage-ios/tcm-storage-ios/build/Build/Products/Debug-iphonesimulator/PackageFrameworks"
2026-04-22T16:43:52.3839910Z ignoring duplicate directory "/Users/runner/work/tcm-storage-ios/tcm-storage-ios/build/Build/Products/Debug-iphonesimulator/PackageFrameworks"
2026-04-22T16:43:52.3840240Z ignoring duplicate directory "/Users/runner/work/tcm-storage-ios/tcm-storage-ios/build/Build/Products/Debug-iphonesimulator/PackageFrameworks"
2026-04-22T16:43:52.3840580Z ignoring duplicate directory "/Users/runner/work/tcm-storage-ios/tcm-storage-ios/build/Build/Products/Debug-iphonesimulator/PackageFrameworks"
2026-04-22T16:43:52.3840920Z ignoring duplicate directory "/Users/runner/work/tcm-storage-ios/tcm-storage-ios/build/Build/Products/Debug-iphonesimulator/PackageFrameworks"
2026-04-22T16:43:52.3841250Z ignoring duplicate directory "/Users/runner/work/tcm-storage-ios/tcm-storage-ios/build/Build/Products/Debug-iphonesimulator/PackageFrameworks"
2026-04-22T16:43:52.3841570Z ignoring duplicate directory "/Users/runner/work/tcm-storage-ios/tcm-storage-ios/build/Build/Products/Debug-iphonesimulator/PackageFrameworks"
2026-04-22T16:43:52.3841910Z ignoring duplicate directory "/Users/runner/work/tcm-storage-ios/tcm-storage-ios/build/Build/Products/Debug-iphonesimulator/PackageFrameworks"
2026-04-22T16:43:52.3842240Z ignoring duplicate directory "/Users/runner/work/tcm-storage-ios/tcm-storage-ios/build/Build/Products/Debug-iphonesimulator/PackageFrameworks"
2026-04-22T16:43:52.3842570Z ignoring duplicate directory "/Users/runner/work/tcm-storage-ios/tcm-storage-ios/build/Build/Products/Debug-iphonesimulator/PackageFrameworks"
2026-04-22T16:43:52.3843010Z ignoring duplicate directory "/Users/runner/work/tcm-storage-ios/tcm-storage-ios/build/Build/Products/Debug-iphonesimulator/PackageFrameworks"
2026-04-22T16:43:52.3843410Z ignoring duplicate directory "/Users/runner/work/tcm-storage-ios/tcm-storage-ios/build/Build/Products/Debug-iphonesimulator/PackageFrameworks"
2026-04-22T16:43:52.3843740Z ignoring duplicate directory "/Users/runner/work/tcm-storage-ios/tcm-storage-ios/build/Build/Products/Debug-iphonesimulator/PackageFrameworks"
2026-04-22T16:43:52.3844060Z ignoring duplicate directory "/Users/runner/work/tcm-storage-ios/tcm-storage-ios/build/Build/Products/Debug-iphonesimulator/PackageFrameworks"
2026-04-22T16:43:52.3844390Z ignoring duplicate directory "/Users/runner/work/tcm-storage-ios/tcm-storage-ios/build/Build/Products/Debug-iphonesimulator/PackageFrameworks"
2026-04-22T16:43:52.3844710Z ignoring duplicate directory "/Users/runner/work/tcm-storage-ios/tcm-storage-ios/build/Build/Products/Debug-iphonesimulator/PackageFrameworks"
2026-04-22T16:43:52.3845040Z ignoring duplicate directory "/Users/runner/work/tcm-storage-ios/tcm-storage-ios/build/Build/Products/Debug-iphonesimulator/PackageFrameworks"
2026-04-22T16:43:52.3845370Z ignoring duplicate directory "/Users/runner/work/tcm-storage-ios/tcm-storage-ios/build/Build/Products/Debug-iphonesimulator/PackageFrameworks"
2026-04-22T16:43:52.3845700Z ignoring duplicate directory "/Users/runner/work/tcm-storage-ios/tcm-storage-ios/build/Build/Products/Debug-iphonesimulator/PackageFrameworks"
2026-04-22T16:43:52.3846030Z ignoring duplicate directory "/Users/runner/work/tcm-storage-ios/tcm-storage-ios/build/Build/Products/Debug-iphonesimulator/PackageFrameworks"
2026-04-22T16:43:52.3846620Z ignoring duplicate directory "/Users/runner/work/tcm-storage-ios/tcm-storage-ios/build/Build/Products/Debug-iphonesimulator/PackageFrameworks"
2026-04-22T16:43:52.3847120Z ignoring duplicate directory "/Users/runner/work/tcm-storage-ios/tcm-storage-ios/build/Build/Products/Debug-iphonesimulator/PackageFrameworks"
2026-04-22T16:43:52.3847470Z ignoring duplicate directory "/Users/runner/work/tcm-storage-ios/tcm-storage-ios/build/Build/Products/Debug-iphonesimulator/PackageFrameworks"
2026-04-22T16:43:52.3847800Z ignoring duplicate directory "/Users/runner/work/tcm-storage-ios/tcm-storage-ios/build/Build/Products/Debug-iphonesimulator/PackageFrameworks"
2026-04-22T16:43:52.3847860Z #include "..." search starts here:
2026-04-22T16:43:52.3848310Z  /Users/runner/work/tcm-storage-ios/tcm-storage-ios/build/Build/Intermediates.noindex/Nextcloud.build/Debug-iphonesimulator/Share.build/Share-generated-files.hmap (headermap)
2026-04-22T16:43:52.3848740Z  /Users/runner/work/tcm-storage-ios/tcm-storage-ios/build/Build/Intermediates.noindex/Nextcloud.build/Debug-iphonesimulator/Share.build/Share-project-headers.hmap (headermap)
2026-04-22T16:43:52.3848800Z #include <...> search starts here:
2026-04-22T16:43:52.3849240Z  /Users/runner/work/tcm-storage-ios/tcm-storage-ios/build/Build/Intermediates.noindex/Nextcloud.build/Debug-iphonesimulator/Share.build/Share-own-target-headers.hmap (headermap)
2026-04-22T16:43:52.3849730Z  /Users/runner/work/tcm-storage-ios/tcm-storage-ios/build/Build/Intermediates.noindex/Nextcloud.build/Debug-iphonesimulator/Share.build/Share-all-non-framework-target-headers.hmap (headermap)
2026-04-22T16:43:52.3849950Z  /Users/runner/work/tcm-storage-ios/tcm-storage-ios/build/SourcePackages/checkouts/realm-core/src
2026-04-22T16:43:52.3850190Z  /Users/runner/work/tcm-storage-ios/tcm-storage-ios/build/SourcePackages/checkouts/realm-core/src/external/s2
2026-04-22T16:43:52.3850520Z  /Users/runner/work/tcm-storage-ios/tcm-storage-ios/build/SourcePackages/checkouts/realm-core/src/external/IntelRDFPMathLib20U2/LIBRARY/src
2026-04-22T16:43:52.3850740Z  /Users/runner/work/tcm-storage-ios/tcm-storage-ios/build/SourcePackages/checkouts/realm-core/src/spm
2026-04-22T16:43:52.3850960Z  /Users/runner/work/tcm-storage-ios/tcm-storage-ios/build/SourcePackages/checkouts/realm-swift/include
2026-04-22T16:43:52.3851250Z  /Users/runner/work/tcm-storage-ios/tcm-storage-ios/build/SourcePackages/checkouts/swift-atomics/Sources/_AtomicsShims/include
2026-04-22T16:43:52.3851660Z  /Users/runner/work/tcm-storage-ios/tcm-storage-ios/build/SourcePackages/checkouts/swift-nio/Sources/CNIOPosix/include
2026-04-22T16:43:52.3852120Z  /Users/runner/work/tcm-storage-ios/tcm-storage-ios/build/SourcePackages/checkouts/swift-nio/Sources/CNIOWASI/include
2026-04-22T16:43:52.3852400Z  /Users/runner/work/tcm-storage-ios/tcm-storage-ios/build/SourcePackages/checkouts/swift-nio/Sources/CNIOWindows/include
2026-04-22T16:43:52.3852660Z  /Users/runner/work/tcm-storage-ios/tcm-storage-ios/build/SourcePackages/checkouts/swift-nio/Sources/CNIOLinux/include
2026-04-22T16:43:52.3852930Z  /Users/runner/work/tcm-storage-ios/tcm-storage-ios/build/SourcePackages/checkouts/swift-nio/Sources/CNIODarwin/include
2026-04-22T16:43:52.3853200Z  /Users/runner/work/tcm-storage-ios/tcm-storage-ios/build/SourcePackages/checkouts/swift-nio/Sources/CNIOOpenBSD/include
2026-04-22T16:43:52.3853470Z  /Users/runner/work/tcm-storage-ios/tcm-storage-ios/build/SourcePackages/checkouts/swift-nio/Sources/CNIOAtomics/include
2026-04-22T16:43:52.3853790Z  /Users/runner/work/tcm-storage-ios/tcm-storage-ios/build/SourcePackages/checkouts/swift-nio-ssl/Sources/CNIOBoringSSLShims/include
2026-04-22T16:43:52.3854280Z  /Users/runner/work/tcm-storage-ios/tcm-storage-ios/build/SourcePackages/checkouts/swift-nio-ssl/Sources/CNIOBoringSSL/include
2026-04-22T16:43:52.3854570Z  /Users/runner/work/tcm-storage-ios/tcm-storage-ios/build/SourcePackages/checkouts/GzipSwift/Sources/system-zlib/include
2026-04-22T16:43:52.3854940Z  /Users/runner/work/tcm-storage-ios/tcm-storage-ios/build/Build/Intermediates.noindex/Nextcloud.build/Debug-iphonesimulator/Share.build/DerivedSources
2026-04-22T16:43:52.3855250Z  /Users/runner/work/tcm-storage-ios/tcm-storage-ios/build/Build/Products/Debug-iphonesimulator/PackageFrameworks (framework directory)
2026-04-22T16:43:52.3855510Z  /Users/runner/work/tcm-storage-ios/tcm-storage-ios/build/Build/Products/Debug-iphonesimulator (framework directory)
2026-04-22T16:43:52.3855830Z  /Applications/Xcode_26.2.app/Contents/Developer/Platforms/iPhoneSimulator.platform/Developer/Library/Frameworks (framework directory)
2026-04-22T16:43:52.3856260Z  /Applications/Xcode_26.2.app/Contents/Developer/Platforms/iPhoneSimulator.platform/Developer/SDKs/iPhoneSimulator26.2.sdk/Developer/Library/Frameworks (framework directory)
2026-04-22T16:43:52.3856510Z  /Applications/Xcode_26.2.app/Contents/Developer/Toolchains/XcodeDefault.xctoolchain/usr/lib/clang/17/include
2026-04-22T16:43:52.3856820Z  /Applications/Xcode_26.2.app/Contents/Developer/Platforms/iPhoneSimulator.platform/Developer/SDKs/iPhoneSimulator26.2.sdk/usr/include
2026-04-22T16:43:52.3857110Z  /Applications/Xcode_26.2.app/Contents/Developer/Toolchains/XcodeDefault.xctoolchain/usr/include
2026-04-22T16:43:52.3857530Z  /Applications/Xcode_26.2.app/Contents/Developer/Platforms/iPhoneSimulator.platform/Developer/SDKs/iPhoneSimulator26.2.sdk/System/Library/Frameworks (framework directory)
2026-04-22T16:43:52.3857950Z  /Applications/Xcode_26.2.app/Contents/Developer/Platforms/iPhoneSimulator.platform/Developer/SDKs/iPhoneSimulator26.2.sdk/System/Library/SubFrameworks (framework directory)
2026-04-22T16:43:52.3858000Z End of search list.
2026-04-22T16:43:52.3858250Z ▸ Copying Localizable.strings
2026-04-22T16:43:52.3858330Z ▸ Copying Localizable.strings
2026-04-22T16:43:52.3858400Z ▸ Copying Localizable.strings
2026-04-22T16:43:52.3858480Z ▸ Copying Localizable.strings
2026-04-22T16:43:52.3858560Z ▸ Copying Localizable.strings
2026-04-22T16:43:52.3858630Z ▸ Copying Localizable.strings
2026-04-22T16:43:52.3858700Z ▸ Copying Localizable.strings
2026-04-22T16:43:52.3858780Z ▸ Copying Localizable.strings
2026-04-22T16:43:52.3858860Z ▸ Copying Localizable.strings
2026-04-22T16:43:52.3858930Z ▸ Copying Localizable.strings
2026-04-22T16:43:52.3859100Z ▸ Copying Localizable.strings
2026-04-22T16:43:52.3859170Z ▸ Copying Localizable.strings
2026-04-22T16:43:52.3859260Z ▸ Copying Localizable.strings
2026-04-22T16:43:52.3859510Z ▸ Copying Localizable.strings
2026-04-22T16:43:52.3859590Z ▸ Copying Localizable.strings
2026-04-22T16:43:52.3859730Z ▸ Copying Localizable.strings
2026-04-22T16:43:52.3859820Z ▸ Copying Localizable.strings
2026-04-22T16:43:52.3859970Z ▸ Copying Localizable.strings
2026-04-22T16:43:52.3860070Z ▸ Copying Localizable.strings
2026-04-22T16:43:52.3860150Z ▸ Copying Localizable.strings
2026-04-22T16:43:52.3860230Z ▸ Copying Localizable.strings
2026-04-22T16:43:52.3860310Z ▸ Copying Localizable.strings
2026-04-22T16:43:52.3860400Z ▸ Copying Localizable.strings
2026-04-22T16:43:52.3860470Z ▸ Copying Localizable.strings
2026-04-22T16:43:52.3860550Z ▸ Copying Localizable.strings
2026-04-22T16:43:52.3860640Z ▸ Copying Localizable.strings
2026-04-22T16:43:52.3860710Z ▸ Copying Localizable.strings
2026-04-22T16:43:52.3860820Z ▸ Compiling MainInterface.storyboard
2026-04-22T16:43:52.3861070Z clang -cc1 version 17.0.0 (clang-1700.6.3.2) default target arm64-apple-darwin24.6.0
2026-04-22T16:43:52.3861390Z ignoring nonexistent directory "/Users/runner/work/tcm-storage-ios/tcm-storage-ios/build/Build/Products/Debug-iphonesimulator/include"
2026-04-22T16:43:52.3866960Z ignoring nonexistent directory "/Users/runner/work/tcm-storage-ios/tcm-storage-ios/build/Build/Intermediates.noindex/Nextcloud.build/Debug-iphonesimulator/Share.build/DerivedSources-normal/arm64"
2026-04-22T16:43:52.3867490Z ignoring nonexistent directory "/Users/runner/work/tcm-storage-ios/tcm-storage-ios/build/Build/Intermediates.noindex/Nextcloud.build/Debug-iphonesimulator/Share.build/DerivedSources/arm64"
2026-04-22T16:43:52.3867920Z ignoring nonexistent directory "/Applications/Xcode_26.2.app/Contents/Developer/Platforms/iPhoneSimulator.platform/Developer/SDKs/iPhoneSimulator26.2.sdk/usr/local/include"
2026-04-22T16:43:52.3868340Z ignoring nonexistent directory "/Applications/Xcode_26.2.app/Contents/Developer/Platforms/iPhoneSimulator.platform/Developer/SDKs/iPhoneSimulator26.2.sdk/Library/Frameworks"
2026-04-22T16:43:52.3868700Z ignoring duplicate directory "/Users/runner/work/tcm-storage-ios/tcm-storage-ios/build/Build/Products/Debug-iphonesimulator/PackageFrameworks"
2026-04-22T16:43:52.3869050Z ignoring duplicate directory "/Users/runner/work/tcm-storage-ios/tcm-storage-ios/build/Build/Products/Debug-iphonesimulator/PackageFrameworks"
2026-04-22T16:43:52.3869390Z ignoring duplicate directory "/Users/runner/work/tcm-storage-ios/tcm-storage-ios/build/Build/Products/Debug-iphonesimulator/PackageFrameworks"
2026-04-22T16:43:52.3869720Z ignoring duplicate directory "/Users/runner/work/tcm-storage-ios/tcm-storage-ios/build/Build/Products/Debug-iphonesimulator/PackageFrameworks"
2026-04-22T16:43:52.3870050Z ignoring duplicate directory "/Users/runner/work/tcm-storage-ios/tcm-storage-ios/build/Build/Products/Debug-iphonesimulator/PackageFrameworks"
2026-04-22T16:43:52.3870370Z ignoring duplicate directory "/Users/runner/work/tcm-storage-ios/tcm-storage-ios/build/Build/Products/Debug-iphonesimulator/PackageFrameworks"
2026-04-22T16:43:52.3870700Z ignoring duplicate directory "/Users/runner/work/tcm-storage-ios/tcm-storage-ios/build/Build/Products/Debug-iphonesimulator/PackageFrameworks"
2026-04-22T16:43:52.3871030Z ignoring duplicate directory "/Users/runner/work/tcm-storage-ios/tcm-storage-ios/build/Build/Products/Debug-iphonesimulator/PackageFrameworks"
2026-04-22T16:43:52.3871360Z ignoring duplicate directory "/Users/runner/work/tcm-storage-ios/tcm-storage-ios/build/Build/Products/Debug-iphonesimulator/PackageFrameworks"
2026-04-22T16:43:52.3871680Z ignoring duplicate directory "/Users/runner/work/tcm-storage-ios/tcm-storage-ios/build/Build/Products/Debug-iphonesimulator/PackageFrameworks"
2026-04-22T16:43:52.3872040Z ignoring duplicate directory "/Users/runner/work/tcm-storage-ios/tcm-storage-ios/build/Build/Products/Debug-iphonesimulator/PackageFrameworks"
2026-04-22T16:43:52.3872370Z ignoring duplicate directory "/Users/runner/work/tcm-storage-ios/tcm-storage-ios/build/Build/Products/Debug-iphonesimulator/PackageFrameworks"
2026-04-22T16:43:52.3872900Z ignoring duplicate directory "/Users/runner/work/tcm-storage-ios/tcm-storage-ios/build/Build/Products/Debug-iphonesimulator/PackageFrameworks"
2026-04-22T16:43:52.3873310Z ignoring duplicate directory "/Users/runner/work/tcm-storage-ios/tcm-storage-ios/build/Build/Products/Debug-iphonesimulator/PackageFrameworks"
2026-04-22T16:43:52.3873640Z ignoring duplicate directory "/Users/runner/work/tcm-storage-ios/tcm-storage-ios/build/Build/Products/Debug-iphonesimulator/PackageFrameworks"
2026-04-22T16:43:52.3873970Z ignoring duplicate directory "/Users/runner/work/tcm-storage-ios/tcm-storage-ios/build/Build/Products/Debug-iphonesimulator/PackageFrameworks"
2026-04-22T16:43:52.3874290Z ignoring duplicate directory "/Users/runner/work/tcm-storage-ios/tcm-storage-ios/build/Build/Products/Debug-iphonesimulator/PackageFrameworks"
2026-04-22T16:43:52.3874620Z ignoring duplicate directory "/Users/runner/work/tcm-storage-ios/tcm-storage-ios/build/Build/Products/Debug-iphonesimulator/PackageFrameworks"
2026-04-22T16:43:52.3874950Z ignoring duplicate directory "/Users/runner/work/tcm-storage-ios/tcm-storage-ios/build/Build/Products/Debug-iphonesimulator/PackageFrameworks"
2026-04-22T16:43:52.3875270Z ignoring duplicate directory "/Users/runner/work/tcm-storage-ios/tcm-storage-ios/build/Build/Products/Debug-iphonesimulator/PackageFrameworks"
2026-04-22T16:43:52.3875600Z ignoring duplicate directory "/Users/runner/work/tcm-storage-ios/tcm-storage-ios/build/Build/Products/Debug-iphonesimulator/PackageFrameworks"
2026-04-22T16:43:52.3875920Z ignoring duplicate directory "/Users/runner/work/tcm-storage-ios/tcm-storage-ios/build/Build/Products/Debug-iphonesimulator/PackageFrameworks"
2026-04-22T16:43:52.3876250Z ignoring duplicate directory "/Users/runner/work/tcm-storage-ios/tcm-storage-ios/build/Build/Products/Debug-iphonesimulator/PackageFrameworks"
2026-04-22T16:43:52.3876580Z ignoring duplicate directory "/Users/runner/work/tcm-storage-ios/tcm-storage-ios/build/Build/Products/Debug-iphonesimulator/PackageFrameworks"
2026-04-22T16:43:52.3876910Z ignoring duplicate directory "/Users/runner/work/tcm-storage-ios/tcm-storage-ios/build/Build/Products/Debug-iphonesimulator/PackageFrameworks"
2026-04-22T16:43:52.3877230Z ignoring duplicate directory "/Users/runner/work/tcm-storage-ios/tcm-storage-ios/build/Build/Products/Debug-iphonesimulator/PackageFrameworks"
2026-04-22T16:43:52.3877730Z ignoring duplicate directory "/Users/runner/work/tcm-storage-ios/tcm-storage-ios/build/Build/Products/Debug-iphonesimulator/PackageFrameworks"
2026-04-22T16:43:52.3878160Z ignoring duplicate directory "/Users/runner/work/tcm-storage-ios/tcm-storage-ios/build/Build/Products/Debug-iphonesimulator/PackageFrameworks"
2026-04-22T16:43:52.3878490Z ignoring duplicate directory "/Users/runner/work/tcm-storage-ios/tcm-storage-ios/build/Build/Products/Debug-iphonesimulator/PackageFrameworks"
2026-04-22T16:43:52.3878810Z ignoring duplicate directory "/Users/runner/work/tcm-storage-ios/tcm-storage-ios/build/Build/Products/Debug-iphonesimulator/PackageFrameworks"
2026-04-22T16:43:52.3879140Z ignoring duplicate directory "/Users/runner/work/tcm-storage-ios/tcm-storage-ios/build/Build/Products/Debug-iphonesimulator/PackageFrameworks"
2026-04-22T16:43:52.3879470Z ignoring duplicate directory "/Users/runner/work/tcm-storage-ios/tcm-storage-ios/build/Build/Products/Debug-iphonesimulator/PackageFrameworks"
2026-04-22T16:43:52.3879850Z ignoring duplicate directory "/Users/runner/work/tcm-storage-ios/tcm-storage-ios/build/Build/Products/Debug-iphonesimulator/PackageFrameworks"
2026-04-22T16:43:52.3880170Z ignoring duplicate directory "/Users/runner/work/tcm-storage-ios/tcm-storage-ios/build/Build/Products/Debug-iphonesimulator/PackageFrameworks"
2026-04-22T16:43:52.3880500Z ignoring duplicate directory "/Users/runner/work/tcm-storage-ios/tcm-storage-ios/build/Build/Products/Debug-iphonesimulator/PackageFrameworks"
2026-04-22T16:43:52.3880820Z ignoring duplicate directory "/Users/runner/work/tcm-storage-ios/tcm-storage-ios/build/Build/Products/Debug-iphonesimulator/PackageFrameworks"
2026-04-22T16:43:52.3881220Z ignoring duplicate directory "/Users/runner/work/tcm-storage-ios/tcm-storage-ios/build/Build/Products/Debug-iphonesimulator/PackageFrameworks"
2026-04-22T16:43:52.3881600Z ignoring duplicate directory "/Users/runner/work/tcm-storage-ios/tcm-storage-ios/build/Build/Products/Debug-iphonesimulator/PackageFrameworks"
2026-04-22T16:43:52.3881930Z ignoring duplicate directory "/Users/runner/work/tcm-storage-ios/tcm-storage-ios/build/Build/Products/Debug-iphonesimulator/PackageFrameworks"
2026-04-22T16:43:52.3882260Z ignoring duplicate directory "/Users/runner/work/tcm-storage-ios/tcm-storage-ios/build/Build/Products/Debug-iphonesimulator/PackageFrameworks"
2026-04-22T16:43:52.3882320Z #include "..." search starts here:
2026-04-22T16:43:52.3882750Z  /Users/runner/work/tcm-storage-ios/tcm-storage-ios/build/Build/Intermediates.noindex/Nextcloud.build/Debug-iphonesimulator/Share.build/Share-generated-files.hmap (headermap)
2026-04-22T16:43:52.3883180Z  /Users/runner/work/tcm-storage-ios/tcm-storage-ios/build/Build/Intermediates.noindex/Nextcloud.build/Debug-iphonesimulator/Share.build/Share-project-headers.hmap (headermap)
2026-04-22T16:43:52.3883270Z #include <...> search starts here:
2026-04-22T16:43:52.3883720Z  /Users/runner/work/tcm-storage-ios/tcm-storage-ios/build/Build/Intermediates.noindex/Nextcloud.build/Debug-iphonesimulator/Share.build/Share-own-target-headers.hmap (headermap)
2026-04-22T16:43:52.3884260Z  /Users/runner/work/tcm-storage-ios/tcm-storage-ios/build/Build/Intermediates.noindex/Nextcloud.build/Debug-iphonesimulator/Share.build/Share-all-non-framework-target-headers.hmap (headermap)
2026-04-22T16:43:52.3884470Z  /Users/runner/work/tcm-storage-ios/tcm-storage-ios/build/SourcePackages/checkouts/realm-core/src
2026-04-22T16:43:52.3884710Z  /Users/runner/work/tcm-storage-ios/tcm-storage-ios/build/SourcePackages/checkouts/realm-core/src/external/s2
2026-04-22T16:43:52.3885040Z  /Users/runner/work/tcm-storage-ios/tcm-storage-ios/build/SourcePackages/checkouts/realm-core/src/external/IntelRDFPMathLib20U2/LIBRARY/src
2026-04-22T16:43:52.3885260Z  /Users/runner/work/tcm-storage-ios/tcm-storage-ios/build/SourcePackages/checkouts/realm-core/src/spm
2026-04-22T16:43:52.3885480Z  /Users/runner/work/tcm-storage-ios/tcm-storage-ios/build/SourcePackages/checkouts/realm-swift/include
2026-04-22T16:43:52.3885770Z  /Users/runner/work/tcm-storage-ios/tcm-storage-ios/build/SourcePackages/checkouts/swift-atomics/Sources/_AtomicsShims/include
2026-04-22T16:43:52.3886030Z  /Users/runner/work/tcm-storage-ios/tcm-storage-ios/build/SourcePackages/checkouts/swift-nio/Sources/CNIOPosix/include
2026-04-22T16:43:52.3886290Z  /Users/runner/work/tcm-storage-ios/tcm-storage-ios/build/SourcePackages/checkouts/swift-nio/Sources/CNIOWASI/include
2026-04-22T16:43:52.3886630Z  /Users/runner/work/tcm-storage-ios/tcm-storage-ios/build/SourcePackages/checkouts/swift-nio/Sources/CNIOWindows/include
2026-04-22T16:43:52.3886900Z  /Users/runner/work/tcm-storage-ios/tcm-storage-ios/build/SourcePackages/checkouts/swift-nio/Sources/CNIOLinux/include
2026-04-22T16:43:52.3887170Z  /Users/runner/work/tcm-storage-ios/tcm-storage-ios/build/SourcePackages/checkouts/swift-nio/Sources/CNIODarwin/include
2026-04-22T16:43:52.3887440Z  /Users/runner/work/tcm-storage-ios/tcm-storage-ios/build/SourcePackages/checkouts/swift-nio/Sources/CNIOOpenBSD/include
2026-04-22T16:43:52.3887710Z  /Users/runner/work/tcm-storage-ios/tcm-storage-ios/build/SourcePackages/checkouts/swift-nio/Sources/CNIOAtomics/include
2026-04-22T16:43:52.3888010Z  /Users/runner/work/tcm-storage-ios/tcm-storage-ios/build/SourcePackages/checkouts/swift-nio-ssl/Sources/CNIOBoringSSLShims/include
2026-04-22T16:43:52.3888300Z  /Users/runner/work/tcm-storage-ios/tcm-storage-ios/build/SourcePackages/checkouts/swift-nio-ssl/Sources/CNIOBoringSSL/include
2026-04-22T16:43:52.3888590Z  /Users/runner/work/tcm-storage-ios/tcm-storage-ios/build/SourcePackages/checkouts/GzipSwift/Sources/system-zlib/include
2026-04-22T16:43:52.3888960Z  /Users/runner/work/tcm-storage-ios/tcm-storage-ios/build/Build/Intermediates.noindex/Nextcloud.build/Debug-iphonesimulator/Share.build/DerivedSources
2026-04-22T16:43:52.3889550Z  /Users/runner/work/tcm-storage-ios/tcm-storage-ios/build/Build/Products/Debug-iphonesimulator/PackageFrameworks (framework directory)
2026-04-22T16:43:52.3889830Z  /Users/runner/work/tcm-storage-ios/tcm-storage-ios/build/Build/Products/Debug-iphonesimulator (framework directory)
2026-04-22T16:43:52.3890160Z  /Applications/Xcode_26.2.app/Contents/Developer/Platforms/iPhoneSimulator.platform/Developer/Library/Frameworks (framework directory)
2026-04-22T16:43:52.3890590Z  /Applications/Xcode_26.2.app/Contents/Developer/Platforms/iPhoneSimulator.platform/Developer/SDKs/iPhoneSimulator26.2.sdk/Developer/Library/Frameworks (framework directory)
2026-04-22T16:43:52.3890940Z  /Applications/Xcode_26.2.app/Contents/Developer/Toolchains/XcodeDefault.xctoolchain/usr/lib/clang/17/include
2026-04-22T16:43:52.3891260Z  /Applications/Xcode_26.2.app/Contents/Developer/Platforms/iPhoneSimulator.platform/Developer/SDKs/iPhoneSimulator26.2.sdk/usr/include
2026-04-22T16:43:52.3891470Z  /Applications/Xcode_26.2.app/Contents/Developer/Toolchains/XcodeDefault.xctoolchain/usr/include
2026-04-22T16:43:52.3891890Z  /Applications/Xcode_26.2.app/Contents/Developer/Platforms/iPhoneSimulator.platform/Developer/SDKs/iPhoneSimulator26.2.sdk/System/Library/Frameworks (framework directory)
2026-04-22T16:43:52.3892310Z  /Applications/Xcode_26.2.app/Contents/Developer/Platforms/iPhoneSimulator.platform/Developer/SDKs/iPhoneSimulator26.2.sdk/System/Library/SubFrameworks (framework directory)
2026-04-22T16:43:52.3892360Z End of search list.
2026-04-22T16:43:52.3892530Z clang -cc1 version 17.0.0 (clang-1700.6.3.2) default target arm64-apple-darwin24.6.0
2026-04-22T16:43:52.3892840Z ignoring nonexistent directory "/Users/runner/work/tcm-storage-ios/tcm-storage-ios/build/Build/Products/Debug-iphonesimulator/include"
2026-04-22T16:43:52.3893340Z ignoring nonexistent directory "/Users/runner/work/tcm-storage-ios/tcm-storage-ios/build/Build/Intermediates.noindex/Nextcloud.build/Debug-iphonesimulator/Share.build/DerivedSources-normal/arm64"
2026-04-22T16:43:52.3893820Z ignoring nonexistent directory "/Users/runner/work/tcm-storage-ios/tcm-storage-ios/build/Build/Intermediates.noindex/Nextcloud.build/Debug-iphonesimulator/Share.build/DerivedSources/arm64"
2026-04-22T16:43:52.3894240Z ignoring nonexistent directory "/Applications/Xcode_26.2.app/Contents/Developer/Platforms/iPhoneSimulator.platform/Developer/SDKs/iPhoneSimulator26.2.sdk/usr/local/include"
2026-04-22T16:43:52.3894660Z ignoring nonexistent directory "/Applications/Xcode_26.2.app/Contents/Developer/Platforms/iPhoneSimulator.platform/Developer/SDKs/iPhoneSimulator26.2.sdk/Library/Frameworks"
2026-04-22T16:43:52.3894990Z ignoring duplicate directory "/Users/runner/work/tcm-storage-ios/tcm-storage-ios/build/Build/Products/Debug-iphonesimulator/PackageFrameworks"
2026-04-22T16:43:52.3895320Z ignoring duplicate directory "/Users/runner/work/tcm-storage-ios/tcm-storage-ios/build/Build/Products/Debug-iphonesimulator/PackageFrameworks"
2026-04-22T16:43:52.3895700Z ignoring duplicate directory "/Users/runner/work/tcm-storage-ios/tcm-storage-ios/build/Build/Products/Debug-iphonesimulator/PackageFrameworks"
2026-04-22T16:43:52.3896040Z ignoring duplicate directory "/Users/runner/work/tcm-storage-ios/tcm-storage-ios/build/Build/Products/Debug-iphonesimulator/PackageFrameworks"
2026-04-22T16:43:52.3896370Z ignoring duplicate directory "/Users/runner/work/tcm-storage-ios/tcm-storage-ios/build/Build/Products/Debug-iphonesimulator/PackageFrameworks"
2026-04-22T16:43:52.3896690Z ignoring duplicate directory "/Users/runner/work/tcm-storage-ios/tcm-storage-ios/build/Build/Products/Debug-iphonesimulator/PackageFrameworks"
2026-04-22T16:43:52.3897030Z ignoring duplicate directory "/Users/runner/work/tcm-storage-ios/tcm-storage-ios/build/Build/Products/Debug-iphonesimulator/PackageFrameworks"
2026-04-22T16:43:52.3897350Z ignoring duplicate directory "/Users/runner/work/tcm-storage-ios/tcm-storage-ios/build/Build/Products/Debug-iphonesimulator/PackageFrameworks"
2026-04-22T16:43:52.3897910Z ignoring duplicate directory "/Users/runner/work/tcm-storage-ios/tcm-storage-ios/build/Build/Products/Debug-iphonesimulator/PackageFrameworks"
2026-04-22T16:43:52.3898250Z ignoring duplicate directory "/Users/runner/work/tcm-storage-ios/tcm-storage-ios/build/Build/Products/Debug-iphonesimulator/PackageFrameworks"
2026-04-22T16:43:52.3898580Z ignoring duplicate directory "/Users/runner/work/tcm-storage-ios/tcm-storage-ios/build/Build/Products/Debug-iphonesimulator/PackageFrameworks"
2026-04-22T16:43:52.3898910Z ignoring duplicate directory "/Users/runner/work/tcm-storage-ios/tcm-storage-ios/build/Build/Products/Debug-iphonesimulator/PackageFrameworks"
2026-04-22T16:43:52.3899230Z ignoring duplicate directory "/Users/runner/work/tcm-storage-ios/tcm-storage-ios/build/Build/Products/Debug-iphonesimulator/PackageFrameworks"
2026-04-22T16:43:52.3899560Z ignoring duplicate directory "/Users/runner/work/tcm-storage-ios/tcm-storage-ios/build/Build/Products/Debug-iphonesimulator/PackageFrameworks"
2026-04-22T16:43:52.3899900Z ignoring duplicate directory "/Users/runner/work/tcm-storage-ios/tcm-storage-ios/build/Build/Products/Debug-iphonesimulator/PackageFrameworks"
2026-04-22T16:43:52.3900230Z ignoring duplicate directory "/Users/runner/work/tcm-storage-ios/tcm-storage-ios/build/Build/Products/Debug-iphonesimulator/PackageFrameworks"
2026-04-22T16:43:52.3900550Z ignoring duplicate directory "/Users/runner/work/tcm-storage-ios/tcm-storage-ios/build/Build/Products/Debug-iphonesimulator/PackageFrameworks"
2026-04-22T16:43:52.3900880Z ignoring duplicate directory "/Users/runner/work/tcm-storage-ios/tcm-storage-ios/build/Build/Products/Debug-iphonesimulator/PackageFrameworks"
2026-04-22T16:43:52.3901210Z ignoring duplicate directory "/Users/runner/work/tcm-storage-ios/tcm-storage-ios/build/Build/Products/Debug-iphonesimulator/PackageFrameworks"
2026-04-22T16:43:52.3901540Z ignoring duplicate directory "/Users/runner/work/tcm-storage-ios/tcm-storage-ios/build/Build/Products/Debug-iphonesimulator/PackageFrameworks"
2026-04-22T16:43:52.3901870Z ignoring duplicate directory "/Users/runner/work/tcm-storage-ios/tcm-storage-ios/build/Build/Products/Debug-iphonesimulator/PackageFrameworks"
2026-04-22T16:43:52.3902200Z ignoring duplicate directory "/Users/runner/work/tcm-storage-ios/tcm-storage-ios/build/Build/Products/Debug-iphonesimulator/PackageFrameworks"
2026-04-22T16:43:52.3902660Z ignoring duplicate directory "/Users/runner/work/tcm-storage-ios/tcm-storage-ios/build/Build/Products/Debug-iphonesimulator/PackageFrameworks"
2026-04-22T16:43:52.3903000Z ignoring duplicate directory "/Users/runner/work/tcm-storage-ios/tcm-storage-ios/build/Build/Products/Debug-iphonesimulator/PackageFrameworks"
2026-04-22T16:43:52.3903330Z ignoring duplicate directory "/Users/runner/work/tcm-storage-ios/tcm-storage-ios/build/Build/Products/Debug-iphonesimulator/PackageFrameworks"
2026-04-22T16:43:52.3903660Z ignoring duplicate directory "/Users/runner/work/tcm-storage-ios/tcm-storage-ios/build/Build/Products/Debug-iphonesimulator/PackageFrameworks"
2026-04-22T16:43:52.3903990Z ignoring duplicate directory "/Users/runner/work/tcm-storage-ios/tcm-storage-ios/build/Build/Products/Debug-iphonesimulator/PackageFrameworks"
2026-04-22T16:43:52.3904320Z ignoring duplicate directory "/Users/runner/work/tcm-storage-ios/tcm-storage-ios/build/Build/Products/Debug-iphonesimulator/PackageFrameworks"
2026-04-22T16:43:52.3904660Z ignoring duplicate directory "/Users/runner/work/tcm-storage-ios/tcm-storage-ios/build/Build/Products/Debug-iphonesimulator/PackageFrameworks"
2026-04-22T16:43:52.3905000Z ignoring duplicate directory "/Users/runner/work/tcm-storage-ios/tcm-storage-ios/build/Build/Products/Debug-iphonesimulator/PackageFrameworks"
2026-04-22T16:43:52.3905330Z ignoring duplicate directory "/Users/runner/work/tcm-storage-ios/tcm-storage-ios/build/Build/Products/Debug-iphonesimulator/PackageFrameworks"
2026-04-22T16:43:52.3905670Z ignoring duplicate directory "/Users/runner/work/tcm-storage-ios/tcm-storage-ios/build/Build/Products/Debug-iphonesimulator/PackageFrameworks"
2026-04-22T16:43:52.3906170Z ignoring duplicate directory "/Users/runner/work/tcm-storage-ios/tcm-storage-ios/build/Build/Products/Debug-iphonesimulator/PackageFrameworks"
2026-04-22T16:43:52.3906520Z ignoring duplicate directory "/Users/runner/work/tcm-storage-ios/tcm-storage-ios/build/Build/Products/Debug-iphonesimulator/PackageFrameworks"
2026-04-22T16:43:52.3909760Z ignoring duplicate directory "/Users/runner/work/tcm-storage-ios/tcm-storage-ios/build/Build/Products/Debug-iphonesimulator/PackageFrameworks"
2026-04-22T16:43:52.3910190Z ignoring duplicate directory "/Users/runner/work/tcm-storage-ios/tcm-storage-ios/build/Build/Products/Debug-iphonesimulator/PackageFrameworks"
2026-04-22T16:43:52.3910540Z ignoring duplicate directory "/Users/runner/work/tcm-storage-ios/tcm-storage-ios/build/Build/Products/Debug-iphonesimulator/PackageFrameworks"
2026-04-22T16:43:52.3910880Z ignoring duplicate directory "/Users/runner/work/tcm-storage-ios/tcm-storage-ios/build/Build/Products/Debug-iphonesimulator/PackageFrameworks"
2026-04-22T16:43:52.3911230Z ignoring duplicate directory "/Users/runner/work/tcm-storage-ios/tcm-storage-ios/build/Build/Products/Debug-iphonesimulator/PackageFrameworks"
2026-04-22T16:43:52.3911550Z ignoring duplicate directory "/Users/runner/work/tcm-storage-ios/tcm-storage-ios/build/Build/Products/Debug-iphonesimulator/PackageFrameworks"
2026-04-22T16:43:52.3911610Z #include "..." search starts here:
2026-04-22T16:43:52.3912060Z  /Users/runner/work/tcm-storage-ios/tcm-storage-ios/build/Build/Intermediates.noindex/Nextcloud.build/Debug-iphonesimulator/Share.build/Share-generated-files.hmap (headermap)
2026-04-22T16:43:52.3912530Z  /Users/runner/work/tcm-storage-ios/tcm-storage-ios/build/Build/Intermediates.noindex/Nextcloud.build/Debug-iphonesimulator/Share.build/Share-project-headers.hmap (headermap)
2026-04-22T16:43:52.3912590Z #include <...> search starts here:
2026-04-22T16:43:52.3913040Z  /Users/runner/work/tcm-storage-ios/tcm-storage-ios/build/Build/Intermediates.noindex/Nextcloud.build/Debug-iphonesimulator/Share.build/Share-own-target-headers.hmap (headermap)
2026-04-22T16:43:52.3913530Z  /Users/runner/work/tcm-storage-ios/tcm-storage-ios/build/Build/Intermediates.noindex/Nextcloud.build/Debug-iphonesimulator/Share.build/Share-all-non-framework-target-headers.hmap (headermap)
2026-04-22T16:43:52.3913740Z  /Users/runner/work/tcm-storage-ios/tcm-storage-ios/build/SourcePackages/checkouts/realm-core/src
2026-04-22T16:43:52.3914000Z  /Users/runner/work/tcm-storage-ios/tcm-storage-ios/build/SourcePackages/checkouts/realm-core/src/external/s2
2026-04-22T16:43:52.3914350Z  /Users/runner/work/tcm-storage-ios/tcm-storage-ios/build/SourcePackages/checkouts/realm-core/src/external/IntelRDFPMathLib20U2/LIBRARY/src
2026-04-22T16:43:52.3914570Z  /Users/runner/work/tcm-storage-ios/tcm-storage-ios/build/SourcePackages/checkouts/realm-core/src/spm
2026-04-22T16:43:52.3914790Z  /Users/runner/work/tcm-storage-ios/tcm-storage-ios/build/SourcePackages/checkouts/realm-swift/include
2026-04-22T16:43:52.3915100Z  /Users/runner/work/tcm-storage-ios/tcm-storage-ios/build/SourcePackages/checkouts/swift-atomics/Sources/_AtomicsShims/include
2026-04-22T16:43:52.3915400Z  /Users/runner/work/tcm-storage-ios/tcm-storage-ios/build/SourcePackages/checkouts/swift-nio/Sources/CNIOPosix/include
2026-04-22T16:43:52.3915690Z  /Users/runner/work/tcm-storage-ios/tcm-storage-ios/build/SourcePackages/checkouts/swift-nio/Sources/CNIOWASI/include
2026-04-22T16:43:52.3915980Z  /Users/runner/work/tcm-storage-ios/tcm-storage-ios/build/SourcePackages/checkouts/swift-nio/Sources/CNIOWindows/include
2026-04-22T16:43:52.3916240Z  /Users/runner/work/tcm-storage-ios/tcm-storage-ios/build/SourcePackages/checkouts/swift-nio/Sources/CNIOLinux/include
2026-04-22T16:43:52.3916530Z  /Users/runner/work/tcm-storage-ios/tcm-storage-ios/build/SourcePackages/checkouts/swift-nio/Sources/CNIODarwin/include
2026-04-22T16:43:52.3917080Z  /Users/runner/work/tcm-storage-ios/tcm-storage-ios/build/SourcePackages/checkouts/swift-nio/Sources/CNIOOpenBSD/include
2026-04-22T16:43:52.3917460Z  /Users/runner/work/tcm-storage-ios/tcm-storage-ios/build/SourcePackages/checkouts/swift-nio/Sources/CNIOAtomics/include
2026-04-22T16:43:52.3917780Z  /Users/runner/work/tcm-storage-ios/tcm-storage-ios/build/SourcePackages/checkouts/swift-nio-ssl/Sources/CNIOBoringSSLShims/include
2026-04-22T16:43:52.3918090Z  /Users/runner/work/tcm-storage-ios/tcm-storage-ios/build/SourcePackages/checkouts/swift-nio-ssl/Sources/CNIOBoringSSL/include
2026-04-22T16:43:52.3918400Z  /Users/runner/work/tcm-storage-ios/tcm-storage-ios/build/SourcePackages/checkouts/GzipSwift/Sources/system-zlib/include
2026-04-22T16:43:52.3918800Z  /Users/runner/work/tcm-storage-ios/tcm-storage-ios/build/Build/Intermediates.noindex/Nextcloud.build/Debug-iphonesimulator/Share.build/DerivedSources
2026-04-22T16:43:52.3919140Z  /Users/runner/work/tcm-storage-ios/tcm-storage-ios/build/Build/Products/Debug-iphonesimulator/PackageFrameworks (framework directory)
2026-04-22T16:43:52.3919410Z  /Users/runner/work/tcm-storage-ios/tcm-storage-ios/build/Build/Products/Debug-iphonesimulator (framework directory)
2026-04-22T16:43:52.3919730Z  /Applications/Xcode_26.2.app/Contents/Developer/Platforms/iPhoneSimulator.platform/Developer/Library/Frameworks (framework directory)
2026-04-22T16:43:52.3920190Z  /Applications/Xcode_26.2.app/Contents/Developer/Platforms/iPhoneSimulator.platform/Developer/SDKs/iPhoneSimulator26.2.sdk/Developer/Library/Frameworks (framework directory)
2026-04-22T16:43:52.3920450Z  /Applications/Xcode_26.2.app/Contents/Developer/Toolchains/XcodeDefault.xctoolchain/usr/lib/clang/17/include
2026-04-22T16:43:52.3920770Z  /Applications/Xcode_26.2.app/Contents/Developer/Platforms/iPhoneSimulator.platform/Developer/SDKs/iPhoneSimulator26.2.sdk/usr/include
2026-04-22T16:43:52.3920980Z  /Applications/Xcode_26.2.app/Contents/Developer/Toolchains/XcodeDefault.xctoolchain/usr/include
2026-04-22T16:43:52.3921420Z  /Applications/Xcode_26.2.app/Contents/Developer/Platforms/iPhoneSimulator.platform/Developer/SDKs/iPhoneSimulator26.2.sdk/System/Library/Frameworks (framework directory)
2026-04-22T16:43:52.3921870Z  /Applications/Xcode_26.2.app/Contents/Developer/Platforms/iPhoneSimulator.platform/Developer/SDKs/iPhoneSimulator26.2.sdk/System/Library/SubFrameworks (framework directory)
2026-04-22T16:43:52.3921930Z End of search list.
2026-04-22T16:43:52.3986690Z clang -cc1 version 17.0.0 (clang-1700.6.3.2) default target arm64-apple-darwin24.6.0
2026-04-22T16:43:52.4088720Z ignoring nonexistent directory "/Users/runner/work/tcm-storage-ios/tcm-storage-ios/build/Build/Products/Debug-iphonesimulator/include"
2026-04-22T16:43:52.4192110Z ignoring nonexistent directory "/Users/runner/work/tcm-storage-ios/tcm-storage-ios/build/Build/Intermediates.noindex/Nextcloud.build/Debug-iphonesimulator/Share.build/DerivedSources-normal/arm64"
2026-04-22T16:43:52.4286860Z ignoring nonexistent directory "/Users/runner/work/tcm-storage-ios/tcm-storage-ios/build/Build/Intermediates.noindex/Nextcloud.build/Debug-iphonesimulator/Share.build/DerivedSources/arm64"
2026-04-22T16:43:52.4302100Z ignoring nonexistent directory "/Applications/Xcode_26.2.app/Contents/Developer/Platforms/iPhoneSimulator.platform/Developer/SDKs/iPhoneSimulator26.2.sdk/usr/local/include"
2026-04-22T16:43:52.4305430Z ignoring nonexistent directory "/Applications/Xcode_26.2.app/Contents/Developer/Platforms/iPhoneSimulator.platform/Developer/SDKs/iPhoneSimulator26.2.sdk/Library/Frameworks"
2026-04-22T16:43:52.4306770Z ignoring duplicate directory "/Users/runner/work/tcm-storage-ios/tcm-storage-ios/build/Build/Products/Debug-iphonesimulator/PackageFrameworks"
2026-04-22T16:43:52.4308060Z ignoring duplicate directory "/Users/runner/work/tcm-storage-ios/tcm-storage-ios/build/Build/Products/Debug-iphonesimulator/PackageFrameworks"
2026-04-22T16:43:52.4309300Z ignoring duplicate directory "/Users/runner/work/tcm-storage-ios/tcm-storage-ios/build/Build/Products/Debug-iphonesimulator/PackageFrameworks"
2026-04-22T16:43:52.4312900Z ignoring duplicate directory "/Users/runner/work/tcm-storage-ios/tcm-storage-ios/build/Build/Products/Debug-iphonesimulator/PackageFrameworks"
2026-04-22T16:43:52.4315310Z ignoring duplicate directory "/Users/runner/work/tcm-storage-ios/tcm-storage-ios/build/Build/Products/Debug-iphonesimulator/PackageFrameworks"
2026-04-22T16:43:52.4315720Z ignoring duplicate directory "/Users/runner/work/tcm-storage-ios/tcm-storage-ios/build/Build/Products/Debug-iphonesimulator/PackageFrameworks"
2026-04-22T16:43:52.4316080Z ignoring duplicate directory "/Users/runner/work/tcm-storage-ios/tcm-storage-ios/build/Build/Products/Debug-iphonesimulator/PackageFrameworks"
2026-04-22T16:43:52.4316410Z ignoring duplicate directory "/Users/runner/work/tcm-storage-ios/tcm-storage-ios/build/Build/Products/Debug-iphonesimulator/PackageFrameworks"
2026-04-22T16:43:52.4316750Z ignoring duplicate directory "/Users/runner/work/tcm-storage-ios/tcm-storage-ios/build/Build/Products/Debug-iphonesimulator/PackageFrameworks"
2026-04-22T16:43:52.4317090Z ignoring duplicate directory "/Users/runner/work/tcm-storage-ios/tcm-storage-ios/build/Build/Products/Debug-iphonesimulator/PackageFrameworks"
2026-04-22T16:43:52.4317410Z ignoring duplicate directory "/Users/runner/work/tcm-storage-ios/tcm-storage-ios/build/Build/Products/Debug-iphonesimulator/PackageFrameworks"
2026-04-22T16:43:52.4317740Z ignoring duplicate directory "/Users/runner/work/tcm-storage-ios/tcm-storage-ios/build/Build/Products/Debug-iphonesimulator/PackageFrameworks"
2026-04-22T16:43:52.4318070Z ignoring duplicate directory "/Users/runner/work/tcm-storage-ios/tcm-storage-ios/build/Build/Products/Debug-iphonesimulator/PackageFrameworks"
2026-04-22T16:43:52.4318400Z ignoring duplicate directory "/Users/runner/work/tcm-storage-ios/tcm-storage-ios/build/Build/Products/Debug-iphonesimulator/PackageFrameworks"
2026-04-22T16:43:52.4318750Z ignoring duplicate directory "/Users/runner/work/tcm-storage-ios/tcm-storage-ios/build/Build/Products/Debug-iphonesimulator/PackageFrameworks"
2026-04-22T16:43:52.4319090Z ignoring duplicate directory "/Users/runner/work/tcm-storage-ios/tcm-storage-ios/build/Build/Products/Debug-iphonesimulator/PackageFrameworks"
2026-04-22T16:43:52.4319420Z ignoring duplicate directory "/Users/runner/work/tcm-storage-ios/tcm-storage-ios/build/Build/Products/Debug-iphonesimulator/PackageFrameworks"
2026-04-22T16:43:52.4319750Z ignoring duplicate directory "/Users/runner/work/tcm-storage-ios/tcm-storage-ios/build/Build/Products/Debug-iphonesimulator/PackageFrameworks"
2026-04-22T16:43:52.4320070Z ignoring duplicate directory "/Users/runner/work/tcm-storage-ios/tcm-storage-ios/build/Build/Products/Debug-iphonesimulator/PackageFrameworks"
2026-04-22T16:43:52.4320400Z ignoring duplicate directory "/Users/runner/work/tcm-storage-ios/tcm-storage-ios/build/Build/Products/Debug-iphonesimulator/PackageFrameworks"
2026-04-22T16:43:52.4320750Z ignoring duplicate directory "/Users/runner/work/tcm-storage-ios/tcm-storage-ios/build/Build/Products/Debug-iphonesimulator/PackageFrameworks"
2026-04-22T16:43:52.4321080Z ignoring duplicate directory "/Users/runner/work/tcm-storage-ios/tcm-storage-ios/build/Build/Products/Debug-iphonesimulator/PackageFrameworks"
2026-04-22T16:43:52.4321540Z ignoring duplicate directory "/Users/runner/work/tcm-storage-ios/tcm-storage-ios/build/Build/Products/Debug-iphonesimulator/PackageFrameworks"
2026-04-22T16:43:52.4424140Z ignoring duplicate directory "/Users/runner/work/tcm-storage-ios/tcm-storage-ios/build/Build/Products/Debug-iphonesimulator/PackageFrameworks"
2026-04-22T16:43:52.4525270Z ignoring duplicate directory "/Users/runner/work/tcm-storage-ios/tcm-storage-ios/build/Build/Products/Debug-iphonesimulator/PackageFrameworks"
2026-04-22T16:43:52.4626340Z ignoring duplicate directory "/Users/runner/work/tcm-storage-ios/tcm-storage-ios/build/Build/Products/Debug-iphonesimulator/PackageFrameworks"
2026-04-22T16:43:52.4727450Z ignoring duplicate directory "/Users/runner/work/tcm-storage-ios/tcm-storage-ios/build/Build/Products/Debug-iphonesimulator/PackageFrameworks"
2026-04-22T16:43:52.4828560Z ignoring duplicate directory "/Users/runner/work/tcm-storage-ios/tcm-storage-ios/build/Build/Products/Debug-iphonesimulator/PackageFrameworks"
2026-04-22T16:43:52.4929870Z ignoring duplicate directory "/Users/runner/work/tcm-storage-ios/tcm-storage-ios/build/Build/Products/Debug-iphonesimulator/PackageFrameworks"
2026-04-22T16:43:52.5030960Z ignoring duplicate directory "/Users/runner/work/tcm-storage-ios/tcm-storage-ios/build/Build/Products/Debug-iphonesimulator/PackageFrameworks"
2026-04-22T16:43:52.5131970Z ignoring duplicate directory "/Users/runner/work/tcm-storage-ios/tcm-storage-ios/build/Build/Products/Debug-iphonesimulator/PackageFrameworks"
2026-04-22T16:43:52.5232920Z ignoring duplicate directory "/Users/runner/work/tcm-storage-ios/tcm-storage-ios/build/Build/Products/Debug-iphonesimulator/PackageFrameworks"
2026-04-22T16:43:52.5333980Z ignoring duplicate directory "/Users/runner/work/tcm-storage-ios/tcm-storage-ios/build/Build/Products/Debug-iphonesimulator/PackageFrameworks"
2026-04-22T16:43:52.5435440Z ignoring duplicate directory "/Users/runner/work/tcm-storage-ios/tcm-storage-ios/build/Build/Products/Debug-iphonesimulator/PackageFrameworks"
2026-04-22T16:43:52.5536610Z ignoring duplicate directory "/Users/runner/work/tcm-storage-ios/tcm-storage-ios/build/Build/Products/Debug-iphonesimulator/PackageFrameworks"
2026-04-22T16:43:52.5637740Z ignoring duplicate directory "/Users/runner/work/tcm-storage-ios/tcm-storage-ios/build/Build/Products/Debug-iphonesimulator/PackageFrameworks"
2026-04-22T16:43:52.5728840Z ignoring duplicate directory "/Users/runner/work/tcm-storage-ios/tcm-storage-ios/build/Build/Products/Debug-iphonesimulator/PackageFrameworks"
2026-04-22T16:43:52.5742000Z ignoring duplicate directory "/Users/runner/work/tcm-storage-ios/tcm-storage-ios/build/Build/Products/Debug-iphonesimulator/PackageFrameworks"
2026-04-22T16:43:52.5742360Z ignoring duplicate directory "/Users/runner/work/tcm-storage-ios/tcm-storage-ios/build/Build/Products/Debug-iphonesimulator/PackageFrameworks"
2026-04-22T16:43:52.5742740Z ignoring duplicate directory "/Users/runner/work/tcm-storage-ios/tcm-storage-ios/build/Build/Products/Debug-iphonesimulator/PackageFrameworks"
2026-04-22T16:43:52.5742810Z #include "..." search starts here:
2026-04-22T16:43:52.5743270Z  /Users/runner/work/tcm-storage-ios/tcm-storage-ios/build/Build/Intermediates.noindex/Nextcloud.build/Debug-iphonesimulator/Share.build/Share-generated-files.hmap (headermap)
2026-04-22T16:43:52.5743730Z  /Users/runner/work/tcm-storage-ios/tcm-storage-ios/build/Build/Intermediates.noindex/Nextcloud.build/Debug-iphonesimulator/Share.build/Share-project-headers.hmap (headermap)
2026-04-22T16:43:52.5743790Z #include <...> search starts here:
2026-04-22T16:43:52.5744230Z  /Users/runner/work/tcm-storage-ios/tcm-storage-ios/build/Build/Intermediates.noindex/Nextcloud.build/Debug-iphonesimulator/Share.build/Share-own-target-headers.hmap (headermap)
2026-04-22T16:43:52.5744710Z  /Users/runner/work/tcm-storage-ios/tcm-storage-ios/build/Build/Intermediates.noindex/Nextcloud.build/Debug-iphonesimulator/Share.build/Share-all-non-framework-target-headers.hmap (headermap)
2026-04-22T16:43:52.5744930Z  /Users/runner/work/tcm-storage-ios/tcm-storage-ios/build/SourcePackages/checkouts/realm-core/src
2026-04-22T16:43:52.5745170Z  /Users/runner/work/tcm-storage-ios/tcm-storage-ios/build/SourcePackages/checkouts/realm-core/src/external/s2
2026-04-22T16:43:52.5745510Z  /Users/runner/work/tcm-storage-ios/tcm-storage-ios/build/SourcePackages/checkouts/realm-core/src/external/IntelRDFPMathLib20U2/LIBRARY/src
2026-04-22T16:43:52.5745720Z  /Users/runner/work/tcm-storage-ios/tcm-storage-ios/build/SourcePackages/checkouts/realm-core/src/spm
2026-04-22T16:43:52.5745930Z  /Users/runner/work/tcm-storage-ios/tcm-storage-ios/build/SourcePackages/checkouts/realm-swift/include
2026-04-22T16:43:52.5746220Z  /Users/runner/work/tcm-storage-ios/tcm-storage-ios/build/SourcePackages/checkouts/swift-atomics/Sources/_AtomicsShims/include
2026-04-22T16:43:52.5746750Z  /Users/runner/work/tcm-storage-ios/tcm-storage-ios/build/SourcePackages/checkouts/swift-nio/Sources/CNIOPosix/include
2026-04-22T16:43:52.5747120Z  /Users/runner/work/tcm-storage-ios/tcm-storage-ios/build/SourcePackages/checkouts/swift-nio/Sources/CNIOWASI/include
2026-04-22T16:43:52.5747620Z  /Users/runner/work/tcm-storage-ios/tcm-storage-ios/build/SourcePackages/checkouts/swift-nio/Sources/CNIOWindows/include
2026-04-22T16:43:52.5748040Z  /Users/runner/work/tcm-storage-ios/tcm-storage-ios/build/SourcePackages/checkouts/swift-nio/Sources/CNIOLinux/include
2026-04-22T16:43:52.5748460Z  /Users/runner/work/tcm-storage-ios/tcm-storage-ios/build/SourcePackages/checkouts/swift-nio/Sources/CNIODarwin/include
2026-04-22T16:43:52.5748890Z  /Users/runner/work/tcm-storage-ios/tcm-storage-ios/build/SourcePackages/checkouts/swift-nio/Sources/CNIOOpenBSD/include
2026-04-22T16:43:52.5749320Z  /Users/runner/work/tcm-storage-ios/tcm-storage-ios/build/SourcePackages/checkouts/swift-nio/Sources/CNIOAtomics/include
2026-04-22T16:43:52.5749790Z  /Users/runner/work/tcm-storage-ios/tcm-storage-ios/build/SourcePackages/checkouts/swift-nio-ssl/Sources/CNIOBoringSSLShims/include
2026-04-22T16:43:52.5750380Z  /Users/runner/work/tcm-storage-ios/tcm-storage-ios/build/SourcePackages/checkouts/swift-nio-ssl/Sources/CNIOBoringSSL/include
2026-04-22T16:43:52.5750840Z  /Users/runner/work/tcm-storage-ios/tcm-storage-ios/build/SourcePackages/checkouts/GzipSwift/Sources/system-zlib/include
2026-04-22T16:43:52.5751370Z  /Users/runner/work/tcm-storage-ios/tcm-storage-ios/build/Build/Intermediates.noindex/Nextcloud.build/Debug-iphonesimulator/Share.build/DerivedSources
2026-04-22T16:43:52.5751850Z  /Users/runner/work/tcm-storage-ios/tcm-storage-ios/build/Build/Products/Debug-iphonesimulator/PackageFrameworks (framework directory)
2026-04-22T16:43:52.5752640Z  /Users/runner/work/tcm-storage-ios/tcm-storage-ios/build/Build/Products/Debug-iphonesimulator (framework directory)
2026-04-22T16:43:52.5753340Z  /Applications/Xcode_26.2.app/Contents/Developer/Platforms/iPhoneSimulator.platform/Developer/Library/Frameworks (framework directory)
2026-04-22T16:43:52.5754360Z  /Applications/Xcode_26.2.app/Contents/Developer/Platforms/iPhoneSimulator.platform/Developer/SDKs/iPhoneSimulator26.2.sdk/Developer/Library/Frameworks (framework directory)
2026-04-22T16:43:52.5754660Z  /Applications/Xcode_26.2.app/Contents/Developer/Toolchains/XcodeDefault.xctoolchain/usr/lib/clang/17/include
2026-04-22T16:43:52.5754980Z  /Applications/Xcode_26.2.app/Contents/Developer/Platforms/iPhoneSimulator.platform/Developer/SDKs/iPhoneSimulator26.2.sdk/usr/include
2026-04-22T16:43:52.5755250Z  /Applications/Xcode_26.2.app/Contents/Developer/Toolchains/XcodeDefault.xctoolchain/usr/include
2026-04-22T16:43:52.5755660Z  /Applications/Xcode_26.2.app/Contents/Developer/Platforms/iPhoneSimulator.platform/Developer/SDKs/iPhoneSimulator26.2.sdk/System/Library/Frameworks (framework directory)
2026-04-22T16:43:52.5756080Z  /Applications/Xcode_26.2.app/Contents/Developer/Platforms/iPhoneSimulator.platform/Developer/SDKs/iPhoneSimulator26.2.sdk/System/Library/SubFrameworks (framework directory)
2026-04-22T16:43:52.5756130Z End of search list.
2026-04-22T16:43:52.5756300Z clang -cc1 version 17.0.0 (clang-1700.6.3.2) default target arm64-apple-darwin24.6.0
2026-04-22T16:43:52.5756610Z ignoring nonexistent directory "/Users/runner/work/tcm-storage-ios/tcm-storage-ios/build/Build/Products/Debug-iphonesimulator/include"
2026-04-22T16:43:52.5757110Z ignoring nonexistent directory "/Users/runner/work/tcm-storage-ios/tcm-storage-ios/build/Build/Intermediates.noindex/Nextcloud.build/Debug-iphonesimulator/Share.build/DerivedSources-normal/arm64"
2026-04-22T16:43:52.5757570Z ignoring nonexistent directory "/Users/runner/work/tcm-storage-ios/tcm-storage-ios/build/Build/Intermediates.noindex/Nextcloud.build/Debug-iphonesimulator/Share.build/DerivedSources/arm64"
2026-04-22T16:43:52.5757990Z ignoring nonexistent directory "/Applications/Xcode_26.2.app/Contents/Developer/Platforms/iPhoneSimulator.platform/Developer/SDKs/iPhoneSimulator26.2.sdk/usr/local/include"
2026-04-22T16:43:52.5758570Z ignoring nonexistent directory "/Applications/Xcode_26.2.app/Contents/Developer/Platforms/iPhoneSimulator.platform/Developer/SDKs/iPhoneSimulator26.2.sdk/Library/Frameworks"
2026-04-22T16:43:52.5758910Z ignoring duplicate directory "/Users/runner/work/tcm-storage-ios/tcm-storage-ios/build/Build/Products/Debug-iphonesimulator/PackageFrameworks"
2026-04-22T16:43:52.5759240Z ignoring duplicate directory "/Users/runner/work/tcm-storage-ios/tcm-storage-ios/build/Build/Products/Debug-iphonesimulator/PackageFrameworks"
2026-04-22T16:43:52.5759570Z ignoring duplicate directory "/Users/runner/work/tcm-storage-ios/tcm-storage-ios/build/Build/Products/Debug-iphonesimulator/PackageFrameworks"
2026-04-22T16:43:52.5759900Z ignoring duplicate directory "/Users/runner/work/tcm-storage-ios/tcm-storage-ios/build/Build/Products/Debug-iphonesimulator/PackageFrameworks"
2026-04-22T16:43:52.5760230Z ignoring duplicate directory "/Users/runner/work/tcm-storage-ios/tcm-storage-ios/build/Build/Products/Debug-iphonesimulator/PackageFrameworks"
2026-04-22T16:43:52.5760560Z ignoring duplicate directory "/Users/runner/work/tcm-storage-ios/tcm-storage-ios/build/Build/Products/Debug-iphonesimulator/PackageFrameworks"
2026-04-22T16:43:52.5760880Z ignoring duplicate directory "/Users/runner/work/tcm-storage-ios/tcm-storage-ios/build/Build/Products/Debug-iphonesimulator/PackageFrameworks"
2026-04-22T16:43:52.5761210Z ignoring duplicate directory "/Users/runner/work/tcm-storage-ios/tcm-storage-ios/build/Build/Products/Debug-iphonesimulator/PackageFrameworks"
2026-04-22T16:43:52.5761540Z ignoring duplicate directory "/Users/runner/work/tcm-storage-ios/tcm-storage-ios/build/Build/Products/Debug-iphonesimulator/PackageFrameworks"
2026-04-22T16:43:52.5761860Z ignoring duplicate directory "/Users/runner/work/tcm-storage-ios/tcm-storage-ios/build/Build/Products/Debug-iphonesimulator/PackageFrameworks"
2026-04-22T16:43:52.5762180Z ignoring duplicate directory "/Users/runner/work/tcm-storage-ios/tcm-storage-ios/build/Build/Products/Debug-iphonesimulator/PackageFrameworks"
2026-04-22T16:43:52.5762520Z ignoring duplicate directory "/Users/runner/work/tcm-storage-ios/tcm-storage-ios/build/Build/Products/Debug-iphonesimulator/PackageFrameworks"
2026-04-22T16:43:52.5762840Z ignoring duplicate directory "/Users/runner/work/tcm-storage-ios/tcm-storage-ios/build/Build/Products/Debug-iphonesimulator/PackageFrameworks"
2026-04-22T16:43:52.5763170Z ignoring duplicate directory "/Users/runner/work/tcm-storage-ios/tcm-storage-ios/build/Build/Products/Debug-iphonesimulator/PackageFrameworks"
2026-04-22T16:43:52.5763500Z ignoring duplicate directory "/Users/runner/work/tcm-storage-ios/tcm-storage-ios/build/Build/Products/Debug-iphonesimulator/PackageFrameworks"
2026-04-22T16:43:52.5763860Z ignoring duplicate directory "/Users/runner/work/tcm-storage-ios/tcm-storage-ios/build/Build/Products/Debug-iphonesimulator/PackageFrameworks"
2026-04-22T16:43:52.5764230Z ignoring duplicate directory "/Users/runner/work/tcm-storage-ios/tcm-storage-ios/build/Build/Products/Debug-iphonesimulator/PackageFrameworks"
2026-04-22T16:43:52.5764610Z ignoring duplicate directory "/Users/runner/work/tcm-storage-ios/tcm-storage-ios/build/Build/Products/Debug-iphonesimulator/PackageFrameworks"
2026-04-22T16:43:52.5764980Z ignoring duplicate directory "/Users/runner/work/tcm-storage-ios/tcm-storage-ios/build/Build/Products/Debug-iphonesimulator/PackageFrameworks"
2026-04-22T16:43:52.5765350Z ignoring duplicate directory "/Users/runner/work/tcm-storage-ios/tcm-storage-ios/build/Build/Products/Debug-iphonesimulator/PackageFrameworks"
2026-04-22T16:43:52.5765720Z ignoring duplicate directory "/Users/runner/work/tcm-storage-ios/tcm-storage-ios/build/Build/Products/Debug-iphonesimulator/PackageFrameworks"
2026-04-22T16:43:52.5766110Z ignoring duplicate directory "/Users/runner/work/tcm-storage-ios/tcm-storage-ios/build/Build/Products/Debug-iphonesimulator/PackageFrameworks"
2026-04-22T16:43:52.5766660Z ignoring duplicate directory "/Users/runner/work/tcm-storage-ios/tcm-storage-ios/build/Build/Products/Debug-iphonesimulator/PackageFrameworks"
2026-04-22T16:43:52.5767170Z ignoring duplicate directory "/Users/runner/work/tcm-storage-ios/tcm-storage-ios/build/Build/Products/Debug-iphonesimulator/PackageFrameworks"
2026-04-22T16:43:52.5767560Z ignoring duplicate directory "/Users/runner/work/tcm-storage-ios/tcm-storage-ios/build/Build/Products/Debug-iphonesimulator/PackageFrameworks"
2026-04-22T16:43:52.5767930Z ignoring duplicate directory "/Users/runner/work/tcm-storage-ios/tcm-storage-ios/build/Build/Products/Debug-iphonesimulator/PackageFrameworks"
2026-04-22T16:43:52.5768320Z ignoring duplicate directory "/Users/runner/work/tcm-storage-ios/tcm-storage-ios/build/Build/Products/Debug-iphonesimulator/PackageFrameworks"
2026-04-22T16:43:52.5768710Z ignoring duplicate directory "/Users/runner/work/tcm-storage-ios/tcm-storage-ios/build/Build/Products/Debug-iphonesimulator/PackageFrameworks"
2026-04-22T16:43:52.5769160Z ignoring duplicate directory "/Users/runner/work/tcm-storage-ios/tcm-storage-ios/build/Build/Products/Debug-iphonesimulator/PackageFrameworks"
2026-04-22T16:43:52.5769500Z ignoring duplicate directory "/Users/runner/work/tcm-storage-ios/tcm-storage-ios/build/Build/Products/Debug-iphonesimulator/PackageFrameworks"
2026-04-22T16:43:52.5769840Z ignoring duplicate directory "/Users/runner/work/tcm-storage-ios/tcm-storage-ios/build/Build/Products/Debug-iphonesimulator/PackageFrameworks"
2026-04-22T16:43:52.5770180Z ignoring duplicate directory "/Users/runner/work/tcm-storage-ios/tcm-storage-ios/build/Build/Products/Debug-iphonesimulator/PackageFrameworks"
2026-04-22T16:43:52.5770500Z ignoring duplicate directory "/Users/runner/work/tcm-storage-ios/tcm-storage-ios/build/Build/Products/Debug-iphonesimulator/PackageFrameworks"
2026-04-22T16:43:52.5770830Z ignoring duplicate directory "/Users/runner/work/tcm-storage-ios/tcm-storage-ios/build/Build/Products/Debug-iphonesimulator/PackageFrameworks"
2026-04-22T16:43:52.5771180Z ignoring duplicate directory "/Users/runner/work/tcm-storage-ios/tcm-storage-ios/build/Build/Products/Debug-iphonesimulator/PackageFrameworks"
2026-04-22T16:43:52.5771510Z ignoring duplicate directory "/Users/runner/work/tcm-storage-ios/tcm-storage-ios/build/Build/Products/Debug-iphonesimulator/PackageFrameworks"
2026-04-22T16:43:52.5771850Z ignoring duplicate directory "/Users/runner/work/tcm-storage-ios/tcm-storage-ios/build/Build/Products/Debug-iphonesimulator/PackageFrameworks"
2026-04-22T16:43:52.5772170Z ignoring duplicate directory "/Users/runner/work/tcm-storage-ios/tcm-storage-ios/build/Build/Products/Debug-iphonesimulator/PackageFrameworks"
2026-04-22T16:43:52.5772500Z ignoring duplicate directory "/Users/runner/work/tcm-storage-ios/tcm-storage-ios/build/Build/Products/Debug-iphonesimulator/PackageFrameworks"
2026-04-22T16:43:52.5772820Z ignoring duplicate directory "/Users/runner/work/tcm-storage-ios/tcm-storage-ios/build/Build/Products/Debug-iphonesimulator/PackageFrameworks"
2026-04-22T16:43:52.5772890Z #include "..." search starts here:
2026-04-22T16:43:52.5773330Z  /Users/runner/work/tcm-storage-ios/tcm-storage-ios/build/Build/Intermediates.noindex/Nextcloud.build/Debug-iphonesimulator/Share.build/Share-generated-files.hmap (headermap)
2026-04-22T16:43:52.5773800Z  /Users/runner/work/tcm-storage-ios/tcm-storage-ios/build/Build/Intermediates.noindex/Nextcloud.build/Debug-iphonesimulator/Share.build/Share-project-headers.hmap (headermap)
2026-04-22T16:43:52.5773870Z #include <...> search starts here:
2026-04-22T16:43:52.5774330Z  /Users/runner/work/tcm-storage-ios/tcm-storage-ios/build/Build/Intermediates.noindex/Nextcloud.build/Debug-iphonesimulator/Share.build/Share-own-target-headers.hmap (headermap)
2026-04-22T16:43:52.5774940Z  /Users/runner/work/tcm-storage-ios/tcm-storage-ios/build/Build/Intermediates.noindex/Nextcloud.build/Debug-iphonesimulator/Share.build/Share-all-non-framework-target-headers.hmap (headermap)
2026-04-22T16:43:52.5775170Z  /Users/runner/work/tcm-storage-ios/tcm-storage-ios/build/SourcePackages/checkouts/realm-core/src
2026-04-22T16:43:52.5775530Z  /Users/runner/work/tcm-storage-ios/tcm-storage-ios/build/SourcePackages/checkouts/realm-core/src/external/s2
2026-04-22T16:43:52.5775940Z  /Users/runner/work/tcm-storage-ios/tcm-storage-ios/build/SourcePackages/checkouts/realm-core/src/external/IntelRDFPMathLib20U2/LIBRARY/src
2026-04-22T16:43:52.5776160Z  /Users/runner/work/tcm-storage-ios/tcm-storage-ios/build/SourcePackages/checkouts/realm-core/src/spm
2026-04-22T16:43:52.5776380Z  /Users/runner/work/tcm-storage-ios/tcm-storage-ios/build/SourcePackages/checkouts/realm-swift/include
2026-04-22T16:43:52.5776670Z  /Users/runner/work/tcm-storage-ios/tcm-storage-ios/build/SourcePackages/checkouts/swift-atomics/Sources/_AtomicsShims/include
2026-04-22T16:43:52.5776940Z  /Users/runner/work/tcm-storage-ios/tcm-storage-ios/build/SourcePackages/checkouts/swift-nio/Sources/CNIOPosix/include
2026-04-22T16:43:52.5777200Z  /Users/runner/work/tcm-storage-ios/tcm-storage-ios/build/SourcePackages/checkouts/swift-nio/Sources/CNIOWASI/include
2026-04-22T16:43:52.5777470Z  /Users/runner/work/tcm-storage-ios/tcm-storage-ios/build/SourcePackages/checkouts/swift-nio/Sources/CNIOWindows/include
2026-04-22T16:43:52.5777740Z  /Users/runner/work/tcm-storage-ios/tcm-storage-ios/build/SourcePackages/checkouts/swift-nio/Sources/CNIOLinux/include
2026-04-22T16:43:52.5778040Z  /Users/runner/work/tcm-storage-ios/tcm-storage-ios/build/SourcePackages/checkouts/swift-nio/Sources/CNIODarwin/include
2026-04-22T16:43:52.5778360Z  /Users/runner/work/tcm-storage-ios/tcm-storage-ios/build/SourcePackages/checkouts/swift-nio/Sources/CNIOOpenBSD/include
2026-04-22T16:43:52.5778680Z  /Users/runner/work/tcm-storage-ios/tcm-storage-ios/build/SourcePackages/checkouts/swift-nio/Sources/CNIOAtomics/include
2026-04-22T16:43:52.5779000Z  /Users/runner/work/tcm-storage-ios/tcm-storage-ios/build/SourcePackages/checkouts/swift-nio-ssl/Sources/CNIOBoringSSLShims/include
2026-04-22T16:43:52.5779310Z  /Users/runner/work/tcm-storage-ios/tcm-storage-ios/build/SourcePackages/checkouts/swift-nio-ssl/Sources/CNIOBoringSSL/include
2026-04-22T16:43:52.5779640Z  /Users/runner/work/tcm-storage-ios/tcm-storage-ios/build/SourcePackages/checkouts/GzipSwift/Sources/system-zlib/include
2026-04-22T16:43:52.5780050Z  /Users/runner/work/tcm-storage-ios/tcm-storage-ios/build/Build/Intermediates.noindex/Nextcloud.build/Debug-iphonesimulator/Share.build/DerivedSources
2026-04-22T16:43:52.5780450Z  /Users/runner/work/tcm-storage-ios/tcm-storage-ios/build/Build/Products/Debug-iphonesimulator/PackageFrameworks (framework directory)
2026-04-22T16:43:52.5780780Z  /Users/runner/work/tcm-storage-ios/tcm-storage-ios/build/Build/Products/Debug-iphonesimulator (framework directory)
2026-04-22T16:43:52.5781180Z  /Applications/Xcode_26.2.app/Contents/Developer/Platforms/iPhoneSimulator.platform/Developer/Library/Frameworks (framework directory)
2026-04-22T16:43:52.5781700Z  /Applications/Xcode_26.2.app/Contents/Developer/Platforms/iPhoneSimulator.platform/Developer/SDKs/iPhoneSimulator26.2.sdk/Developer/Library/Frameworks (framework directory)
2026-04-22T16:43:52.5782020Z  /Applications/Xcode_26.2.app/Contents/Developer/Toolchains/XcodeDefault.xctoolchain/usr/lib/clang/17/include
2026-04-22T16:43:52.5782390Z  /Applications/Xcode_26.2.app/Contents/Developer/Platforms/iPhoneSimulator.platform/Developer/SDKs/iPhoneSimulator26.2.sdk/usr/include
2026-04-22T16:43:52.5782630Z  /Applications/Xcode_26.2.app/Contents/Developer/Toolchains/XcodeDefault.xctoolchain/usr/include
2026-04-22T16:43:52.5783120Z  /Applications/Xcode_26.2.app/Contents/Developer/Platforms/iPhoneSimulator.platform/Developer/SDKs/iPhoneSimulator26.2.sdk/System/Library/Frameworks (framework directory)
2026-04-22T16:43:52.5783590Z  /Applications/Xcode_26.2.app/Contents/Developer/Platforms/iPhoneSimulator.platform/Developer/SDKs/iPhoneSimulator26.2.sdk/System/Library/SubFrameworks (framework directory)
2026-04-22T16:43:52.5783640Z End of search list.
2026-04-22T16:43:52.5783810Z clang -cc1 version 17.0.0 (clang-1700.6.3.2) default target arm64-apple-darwin24.6.0
2026-04-22T16:43:52.5784220Z ignoring nonexistent directory "/Users/runner/work/tcm-storage-ios/tcm-storage-ios/build/Build/Products/Debug-iphonesimulator/include"
2026-04-22T16:43:52.5784880Z ignoring nonexistent directory "/Users/runner/work/tcm-storage-ios/tcm-storage-ios/build/Build/Intermediates.noindex/Nextcloud.build/Debug-iphonesimulator/Share.build/DerivedSources-normal/arm64"
2026-04-22T16:43:52.5785400Z ignoring nonexistent directory "/Users/runner/work/tcm-storage-ios/tcm-storage-ios/build/Build/Intermediates.noindex/Nextcloud.build/Debug-iphonesimulator/Share.build/DerivedSources/arm64"
2026-04-22T16:43:52.5785850Z ignoring nonexistent directory "/Applications/Xcode_26.2.app/Contents/Developer/Platforms/iPhoneSimulator.platform/Developer/SDKs/iPhoneSimulator26.2.sdk/usr/local/include"
2026-04-22T16:43:52.5786320Z ignoring nonexistent directory "/Applications/Xcode_26.2.app/Contents/Developer/Platforms/iPhoneSimulator.platform/Developer/SDKs/iPhoneSimulator26.2.sdk/Library/Frameworks"
2026-04-22T16:43:52.5786670Z ignoring duplicate directory "/Users/runner/work/tcm-storage-ios/tcm-storage-ios/build/Build/Products/Debug-iphonesimulator/PackageFrameworks"
2026-04-22T16:43:52.5787050Z ignoring duplicate directory "/Users/runner/work/tcm-storage-ios/tcm-storage-ios/build/Build/Products/Debug-iphonesimulator/PackageFrameworks"
2026-04-22T16:43:52.5787400Z ignoring duplicate directory "/Users/runner/work/tcm-storage-ios/tcm-storage-ios/build/Build/Products/Debug-iphonesimulator/PackageFrameworks"
2026-04-22T16:43:52.5787740Z ignoring duplicate directory "/Users/runner/work/tcm-storage-ios/tcm-storage-ios/build/Build/Products/Debug-iphonesimulator/PackageFrameworks"
2026-04-22T16:43:52.5788070Z ignoring duplicate directory "/Users/runner/work/tcm-storage-ios/tcm-storage-ios/build/Build/Products/Debug-iphonesimulator/PackageFrameworks"
2026-04-22T16:43:52.5788410Z ignoring duplicate directory "/Users/runner/work/tcm-storage-ios/tcm-storage-ios/build/Build/Products/Debug-iphonesimulator/PackageFrameworks"
2026-04-22T16:43:52.5788760Z ignoring duplicate directory "/Users/runner/work/tcm-storage-ios/tcm-storage-ios/build/Build/Products/Debug-iphonesimulator/PackageFrameworks"
2026-04-22T16:43:52.5789110Z ignoring duplicate directory "/Users/runner/work/tcm-storage-ios/tcm-storage-ios/build/Build/Products/Debug-iphonesimulator/PackageFrameworks"
2026-04-22T16:43:52.5789480Z ignoring duplicate directory "/Users/runner/work/tcm-storage-ios/tcm-storage-ios/build/Build/Products/Debug-iphonesimulator/PackageFrameworks"
2026-04-22T16:43:52.5789840Z ignoring duplicate directory "/Users/runner/work/tcm-storage-ios/tcm-storage-ios/build/Build/Products/Debug-iphonesimulator/PackageFrameworks"
2026-04-22T16:43:52.5790170Z ignoring duplicate directory "/Users/runner/work/tcm-storage-ios/tcm-storage-ios/build/Build/Products/Debug-iphonesimulator/PackageFrameworks"
2026-04-22T16:43:52.5790490Z ignoring duplicate directory "/Users/runner/work/tcm-storage-ios/tcm-storage-ios/build/Build/Products/Debug-iphonesimulator/PackageFrameworks"
2026-04-22T16:43:52.5790820Z ignoring duplicate directory "/Users/runner/work/tcm-storage-ios/tcm-storage-ios/build/Build/Products/Debug-iphonesimulator/PackageFrameworks"
2026-04-22T16:43:52.5791150Z ignoring duplicate directory "/Users/runner/work/tcm-storage-ios/tcm-storage-ios/build/Build/Products/Debug-iphonesimulator/PackageFrameworks"
2026-04-22T16:43:52.5791480Z ignoring duplicate directory "/Users/runner/work/tcm-storage-ios/tcm-storage-ios/build/Build/Products/Debug-iphonesimulator/PackageFrameworks"
2026-04-22T16:43:52.5791830Z ignoring duplicate directory "/Users/runner/work/tcm-storage-ios/tcm-storage-ios/build/Build/Products/Debug-iphonesimulator/PackageFrameworks"
2026-04-22T16:43:52.5792160Z ignoring duplicate directory "/Users/runner/work/tcm-storage-ios/tcm-storage-ios/build/Build/Products/Debug-iphonesimulator/PackageFrameworks"
2026-04-22T16:43:52.5792480Z ignoring duplicate directory "/Users/runner/work/tcm-storage-ios/tcm-storage-ios/build/Build/Products/Debug-iphonesimulator/PackageFrameworks"
2026-04-22T16:43:52.5792890Z ignoring duplicate directory "/Users/runner/work/tcm-storage-ios/tcm-storage-ios/build/Build/Products/Debug-iphonesimulator/PackageFrameworks"
2026-04-22T16:43:52.5793260Z ignoring duplicate directory "/Users/runner/work/tcm-storage-ios/tcm-storage-ios/build/Build/Products/Debug-iphonesimulator/PackageFrameworks"
2026-04-22T16:43:52.5793630Z ignoring duplicate directory "/Users/runner/work/tcm-storage-ios/tcm-storage-ios/build/Build/Products/Debug-iphonesimulator/PackageFrameworks"
2026-04-22T16:43:52.5793970Z ignoring duplicate directory "/Users/runner/work/tcm-storage-ios/tcm-storage-ios/build/Build/Products/Debug-iphonesimulator/PackageFrameworks"
2026-04-22T16:43:52.5794300Z ignoring duplicate directory "/Users/runner/work/tcm-storage-ios/tcm-storage-ios/build/Build/Products/Debug-iphonesimulator/PackageFrameworks"
2026-04-22T16:43:52.5794650Z ignoring duplicate directory "/Users/runner/work/tcm-storage-ios/tcm-storage-ios/build/Build/Products/Debug-iphonesimulator/PackageFrameworks"
2026-04-22T16:43:52.5795010Z ignoring duplicate directory "/Users/runner/work/tcm-storage-ios/tcm-storage-ios/build/Build/Products/Debug-iphonesimulator/PackageFrameworks"
2026-04-22T16:43:52.5795340Z ignoring duplicate directory "/Users/runner/work/tcm-storage-ios/tcm-storage-ios/build/Build/Products/Debug-iphonesimulator/PackageFrameworks"
2026-04-22T16:43:52.5795670Z ignoring duplicate directory "/Users/runner/work/tcm-storage-ios/tcm-storage-ios/build/Build/Products/Debug-iphonesimulator/PackageFrameworks"
2026-04-22T16:43:52.5796000Z ignoring duplicate directory "/Users/runner/work/tcm-storage-ios/tcm-storage-ios/build/Build/Products/Debug-iphonesimulator/PackageFrameworks"
2026-04-22T16:43:52.5796340Z ignoring duplicate directory "/Users/runner/work/tcm-storage-ios/tcm-storage-ios/build/Build/Products/Debug-iphonesimulator/PackageFrameworks"
2026-04-22T16:43:52.5796690Z ignoring duplicate directory "/Users/runner/work/tcm-storage-ios/tcm-storage-ios/build/Build/Products/Debug-iphonesimulator/PackageFrameworks"
2026-04-22T16:43:52.5797030Z ignoring duplicate directory "/Users/runner/work/tcm-storage-ios/tcm-storage-ios/build/Build/Products/Debug-iphonesimulator/PackageFrameworks"
2026-04-22T16:43:52.5797360Z ignoring duplicate directory "/Users/runner/work/tcm-storage-ios/tcm-storage-ios/build/Build/Products/Debug-iphonesimulator/PackageFrameworks"
2026-04-22T16:43:52.5797690Z ignoring duplicate directory "/Users/runner/work/tcm-storage-ios/tcm-storage-ios/build/Build/Products/Debug-iphonesimulator/PackageFrameworks"
2026-04-22T16:43:52.5798050Z ignoring duplicate directory "/Users/runner/work/tcm-storage-ios/tcm-storage-ios/build/Build/Products/Debug-iphonesimulator/PackageFrameworks"
2026-04-22T16:43:52.5798380Z ignoring duplicate directory "/Users/runner/work/tcm-storage-ios/tcm-storage-ios/build/Build/Products/Debug-iphonesimulator/PackageFrameworks"
2026-04-22T16:43:52.5798710Z ignoring duplicate directory "/Users/runner/work/tcm-storage-ios/tcm-storage-ios/build/Build/Products/Debug-iphonesimulator/PackageFrameworks"
2026-04-22T16:43:52.5799060Z ignoring duplicate directory "/Users/runner/work/tcm-storage-ios/tcm-storage-ios/build/Build/Products/Debug-iphonesimulator/PackageFrameworks"
2026-04-22T16:43:52.5799390Z ignoring duplicate directory "/Users/runner/work/tcm-storage-ios/tcm-storage-ios/build/Build/Products/Debug-iphonesimulator/PackageFrameworks"
2026-04-22T16:43:52.5799730Z ignoring duplicate directory "/Users/runner/work/tcm-storage-ios/tcm-storage-ios/build/Build/Products/Debug-iphonesimulator/PackageFrameworks"
2026-04-22T16:43:52.5800060Z ignoring duplicate directory "/Users/runner/work/tcm-storage-ios/tcm-storage-ios/build/Build/Products/Debug-iphonesimulator/PackageFrameworks"
2026-04-22T16:43:52.5800120Z #include "..." search starts here:
2026-04-22T16:43:52.5800580Z  /Users/runner/work/tcm-storage-ios/tcm-storage-ios/build/Build/Intermediates.noindex/Nextcloud.build/Debug-iphonesimulator/Share.build/Share-generated-files.hmap (headermap)
2026-04-22T16:43:52.5801120Z  /Users/runner/work/tcm-storage-ios/tcm-storage-ios/build/Build/Intermediates.noindex/Nextcloud.build/Debug-iphonesimulator/Share.build/Share-project-headers.hmap (headermap)
2026-04-22T16:43:52.5801460Z #include <...> search starts here:
2026-04-22T16:43:52.5801940Z  /Users/runner/work/tcm-storage-ios/tcm-storage-ios/build/Build/Intermediates.noindex/Nextcloud.build/Debug-iphonesimulator/Share.build/Share-own-target-headers.hmap (headermap)
2026-04-22T16:43:52.5802430Z  /Users/runner/work/tcm-storage-ios/tcm-storage-ios/build/Build/Intermediates.noindex/Nextcloud.build/Debug-iphonesimulator/Share.build/Share-all-non-framework-target-headers.hmap (headermap)
2026-04-22T16:43:52.5802640Z  /Users/runner/work/tcm-storage-ios/tcm-storage-ios/build/SourcePackages/checkouts/realm-core/src
2026-04-22T16:43:52.5802880Z  /Users/runner/work/tcm-storage-ios/tcm-storage-ios/build/SourcePackages/checkouts/realm-core/src/external/s2
2026-04-22T16:43:52.5803230Z  /Users/runner/work/tcm-storage-ios/tcm-storage-ios/build/SourcePackages/checkouts/realm-core/src/external/IntelRDFPMathLib20U2/LIBRARY/src
2026-04-22T16:43:52.5803470Z  /Users/runner/work/tcm-storage-ios/tcm-storage-ios/build/SourcePackages/checkouts/realm-core/src/spm
2026-04-22T16:43:52.5803730Z  /Users/runner/work/tcm-storage-ios/tcm-storage-ios/build/SourcePackages/checkouts/realm-swift/include
2026-04-22T16:43:52.5804020Z  /Users/runner/work/tcm-storage-ios/tcm-storage-ios/build/SourcePackages/checkouts/swift-atomics/Sources/_AtomicsShims/include
2026-04-22T16:43:52.5804280Z  /Users/runner/work/tcm-storage-ios/tcm-storage-ios/build/SourcePackages/checkouts/swift-nio/Sources/CNIOPosix/include
2026-04-22T16:43:52.5804540Z  /Users/runner/work/tcm-storage-ios/tcm-storage-ios/build/SourcePackages/checkouts/swift-nio/Sources/CNIOWASI/include
2026-04-22T16:43:52.5805110Z  /Users/runner/work/tcm-storage-ios/tcm-storage-ios/build/SourcePackages/checkouts/swift-nio/Sources/CNIOWindows/include
2026-04-22T16:43:52.5805460Z  /Users/runner/work/tcm-storage-ios/tcm-storage-ios/build/SourcePackages/checkouts/swift-nio/Sources/CNIOLinux/include
2026-04-22T16:43:52.5805750Z  /Users/runner/work/tcm-storage-ios/tcm-storage-ios/build/SourcePackages/checkouts/swift-nio/Sources/CNIODarwin/include
2026-04-22T16:43:52.5806020Z  /Users/runner/work/tcm-storage-ios/tcm-storage-ios/build/SourcePackages/checkouts/swift-nio/Sources/CNIOOpenBSD/include
2026-04-22T16:43:52.5806290Z  /Users/runner/work/tcm-storage-ios/tcm-storage-ios/build/SourcePackages/checkouts/swift-nio/Sources/CNIOAtomics/include
2026-04-22T16:43:52.5806620Z  /Users/runner/work/tcm-storage-ios/tcm-storage-ios/build/SourcePackages/checkouts/swift-nio-ssl/Sources/CNIOBoringSSLShims/include
2026-04-22T16:43:52.5806930Z  /Users/runner/work/tcm-storage-ios/tcm-storage-ios/build/SourcePackages/checkouts/swift-nio-ssl/Sources/CNIOBoringSSL/include
2026-04-22T16:43:52.5807250Z  /Users/runner/work/tcm-storage-ios/tcm-storage-ios/build/SourcePackages/checkouts/GzipSwift/Sources/system-zlib/include
2026-04-22T16:43:52.5807650Z  /Users/runner/work/tcm-storage-ios/tcm-storage-ios/build/Build/Intermediates.noindex/Nextcloud.build/Debug-iphonesimulator/Share.build/DerivedSources
2026-04-22T16:43:52.5807970Z  /Users/runner/work/tcm-storage-ios/tcm-storage-ios/build/Build/Products/Debug-iphonesimulator/PackageFrameworks (framework directory)
2026-04-22T16:43:52.5808250Z  /Users/runner/work/tcm-storage-ios/tcm-storage-ios/build/Build/Products/Debug-iphonesimulator (framework directory)
2026-04-22T16:43:52.5808570Z  /Applications/Xcode_26.2.app/Contents/Developer/Platforms/iPhoneSimulator.platform/Developer/Library/Frameworks (framework directory)
2026-04-22T16:43:52.5809030Z  /Applications/Xcode_26.2.app/Contents/Developer/Platforms/iPhoneSimulator.platform/Developer/SDKs/iPhoneSimulator26.2.sdk/Developer/Library/Frameworks (framework directory)
2026-04-22T16:43:52.5809270Z  /Applications/Xcode_26.2.app/Contents/Developer/Toolchains/XcodeDefault.xctoolchain/usr/lib/clang/17/include
2026-04-22T16:43:52.5809770Z  /Applications/Xcode_26.2.app/Contents/Developer/Platforms/iPhoneSimulator.platform/Developer/SDKs/iPhoneSimulator26.2.sdk/usr/include
2026-04-22T16:43:52.5810040Z  /Applications/Xcode_26.2.app/Contents/Developer/Toolchains/XcodeDefault.xctoolchain/usr/include
2026-04-22T16:43:52.5810470Z  /Applications/Xcode_26.2.app/Contents/Developer/Platforms/iPhoneSimulator.platform/Developer/SDKs/iPhoneSimulator26.2.sdk/System/Library/Frameworks (framework directory)
2026-04-22T16:43:52.5810890Z  /Applications/Xcode_26.2.app/Contents/Developer/Platforms/iPhoneSimulator.platform/Developer/SDKs/iPhoneSimulator26.2.sdk/System/Library/SubFrameworks (framework directory)
2026-04-22T16:43:52.5810940Z End of search list.
2026-04-22T16:43:52.5811110Z clang -cc1 version 17.0.0 (clang-1700.6.3.2) default target arm64-apple-darwin24.6.0
2026-04-22T16:43:52.5811430Z ignoring nonexistent directory "/Users/runner/work/tcm-storage-ios/tcm-storage-ios/build/Build/Products/Debug-iphonesimulator/include"
2026-04-22T16:43:52.5811950Z ignoring nonexistent directory "/Users/runner/work/tcm-storage-ios/tcm-storage-ios/build/Build/Intermediates.noindex/Nextcloud.build/Debug-iphonesimulator/Share.build/DerivedSources-normal/arm64"
2026-04-22T16:43:52.5812460Z ignoring nonexistent directory "/Users/runner/work/tcm-storage-ios/tcm-storage-ios/build/Build/Intermediates.noindex/Nextcloud.build/Debug-iphonesimulator/Share.build/DerivedSources/arm64"
2026-04-22T16:43:52.5812930Z ignoring nonexistent directory "/Applications/Xcode_26.2.app/Contents/Developer/Platforms/iPhoneSimulator.platform/Developer/SDKs/iPhoneSimulator26.2.sdk/usr/local/include"
2026-04-22T16:43:52.5813370Z ignoring nonexistent directory "/Applications/Xcode_26.2.app/Contents/Developer/Platforms/iPhoneSimulator.platform/Developer/SDKs/iPhoneSimulator26.2.sdk/Library/Frameworks"
2026-04-22T16:43:52.5813720Z ignoring duplicate directory "/Users/runner/work/tcm-storage-ios/tcm-storage-ios/build/Build/Products/Debug-iphonesimulator/PackageFrameworks"
2026-04-22T16:43:52.5814060Z ignoring duplicate directory "/Users/runner/work/tcm-storage-ios/tcm-storage-ios/build/Build/Products/Debug-iphonesimulator/PackageFrameworks"
2026-04-22T16:43:52.5814390Z ignoring duplicate directory "/Users/runner/work/tcm-storage-ios/tcm-storage-ios/build/Build/Products/Debug-iphonesimulator/PackageFrameworks"
2026-04-22T16:43:52.5814800Z ignoring duplicate directory "/Users/runner/work/tcm-storage-ios/tcm-storage-ios/build/Build/Products/Debug-iphonesimulator/PackageFrameworks"
2026-04-22T16:43:52.5815130Z ignoring duplicate directory "/Users/runner/work/tcm-storage-ios/tcm-storage-ios/build/Build/Products/Debug-iphonesimulator/PackageFrameworks"
2026-04-22T16:43:52.5815450Z ignoring duplicate directory "/Users/runner/work/tcm-storage-ios/tcm-storage-ios/build/Build/Products/Debug-iphonesimulator/PackageFrameworks"
2026-04-22T16:43:52.5815790Z ignoring duplicate directory "/Users/runner/work/tcm-storage-ios/tcm-storage-ios/build/Build/Products/Debug-iphonesimulator/PackageFrameworks"
2026-04-22T16:43:52.5816150Z ignoring duplicate directory "/Users/runner/work/tcm-storage-ios/tcm-storage-ios/build/Build/Products/Debug-iphonesimulator/PackageFrameworks"
2026-04-22T16:43:52.5816510Z ignoring duplicate directory "/Users/runner/work/tcm-storage-ios/tcm-storage-ios/build/Build/Products/Debug-iphonesimulator/PackageFrameworks"
2026-04-22T16:43:52.5816870Z ignoring duplicate directory "/Users/runner/work/tcm-storage-ios/tcm-storage-ios/build/Build/Products/Debug-iphonesimulator/PackageFrameworks"
2026-04-22T16:43:52.5817230Z ignoring duplicate directory "/Users/runner/work/tcm-storage-ios/tcm-storage-ios/build/Build/Products/Debug-iphonesimulator/PackageFrameworks"
2026-04-22T16:43:52.5817570Z ignoring duplicate directory "/Users/runner/work/tcm-storage-ios/tcm-storage-ios/build/Build/Products/Debug-iphonesimulator/PackageFrameworks"
2026-04-22T16:43:52.5817900Z ignoring duplicate directory "/Users/runner/work/tcm-storage-ios/tcm-storage-ios/build/Build/Products/Debug-iphonesimulator/PackageFrameworks"
2026-04-22T16:43:52.5818320Z ignoring duplicate directory "/Users/runner/work/tcm-storage-ios/tcm-storage-ios/build/Build/Products/Debug-iphonesimulator/PackageFrameworks"
2026-04-22T16:43:52.5818950Z ignoring duplicate directory "/Users/runner/work/tcm-storage-ios/tcm-storage-ios/build/Build/Products/Debug-iphonesimulator/PackageFrameworks"
2026-04-22T16:43:52.5819320Z ignoring duplicate directory "/Users/runner/work/tcm-storage-ios/tcm-storage-ios/build/Build/Products/Debug-iphonesimulator/PackageFrameworks"
2026-04-22T16:43:52.5819660Z ignoring duplicate directory "/Users/runner/work/tcm-storage-ios/tcm-storage-ios/build/Build/Products/Debug-iphonesimulator/PackageFrameworks"
2026-04-22T16:43:52.5819990Z ignoring duplicate directory "/Users/runner/work/tcm-storage-ios/tcm-storage-ios/build/Build/Products/Debug-iphonesimulator/PackageFrameworks"
2026-04-22T16:43:52.5820320Z ignoring duplicate directory "/Users/runner/work/tcm-storage-ios/tcm-storage-ios/build/Build/Products/Debug-iphonesimulator/PackageFrameworks"
2026-04-22T16:43:52.5820650Z ignoring duplicate directory "/Users/runner/work/tcm-storage-ios/tcm-storage-ios/build/Build/Products/Debug-iphonesimulator/PackageFrameworks"
2026-04-22T16:43:52.5821000Z ignoring duplicate directory "/Users/runner/work/tcm-storage-ios/tcm-storage-ios/build/Build/Products/Debug-iphonesimulator/PackageFrameworks"
2026-04-22T16:43:52.5821340Z ignoring duplicate directory "/Users/runner/work/tcm-storage-ios/tcm-storage-ios/build/Build/Products/Debug-iphonesimulator/PackageFrameworks"
2026-04-22T16:43:52.5821680Z ignoring duplicate directory "/Users/runner/work/tcm-storage-ios/tcm-storage-ios/build/Build/Products/Debug-iphonesimulator/PackageFrameworks"
2026-04-22T16:43:52.5822010Z ignoring duplicate directory "/Users/runner/work/tcm-storage-ios/tcm-storage-ios/build/Build/Products/Debug-iphonesimulator/PackageFrameworks"
2026-04-22T16:43:52.5822340Z ignoring duplicate directory "/Users/runner/work/tcm-storage-ios/tcm-storage-ios/build/Build/Products/Debug-iphonesimulator/PackageFrameworks"
2026-04-22T16:43:52.5822680Z ignoring duplicate directory "/Users/runner/work/tcm-storage-ios/tcm-storage-ios/build/Build/Products/Debug-iphonesimulator/PackageFrameworks"
2026-04-22T16:43:52.5823030Z ignoring duplicate directory "/Users/runner/work/tcm-storage-ios/tcm-storage-ios/build/Build/Products/Debug-iphonesimulator/PackageFrameworks"
2026-04-22T16:43:52.5823380Z ignoring duplicate directory "/Users/runner/work/tcm-storage-ios/tcm-storage-ios/build/Build/Products/Debug-iphonesimulator/PackageFrameworks"
2026-04-22T16:43:52.5823760Z ignoring duplicate directory "/Users/runner/work/tcm-storage-ios/tcm-storage-ios/build/Build/Products/Debug-iphonesimulator/PackageFrameworks"
2026-04-22T16:43:52.5824120Z ignoring duplicate directory "/Users/runner/work/tcm-storage-ios/tcm-storage-ios/build/Build/Products/Debug-iphonesimulator/PackageFrameworks"
2026-04-22T16:43:52.5824480Z ignoring duplicate directory "/Users/runner/work/tcm-storage-ios/tcm-storage-ios/build/Build/Products/Debug-iphonesimulator/PackageFrameworks"
2026-04-22T16:43:52.5824810Z ignoring duplicate directory "/Users/runner/work/tcm-storage-ios/tcm-storage-ios/build/Build/Products/Debug-iphonesimulator/PackageFrameworks"
2026-04-22T16:43:52.5825140Z ignoring duplicate directory "/Users/runner/work/tcm-storage-ios/tcm-storage-ios/build/Build/Products/Debug-iphonesimulator/PackageFrameworks"
2026-04-22T16:43:52.5825470Z ignoring duplicate directory "/Users/runner/work/tcm-storage-ios/tcm-storage-ios/build/Build/Products/Debug-iphonesimulator/PackageFrameworks"
2026-04-22T16:43:52.5825810Z ignoring duplicate directory "/Users/runner/work/tcm-storage-ios/tcm-storage-ios/build/Build/Products/Debug-iphonesimulator/PackageFrameworks"
2026-04-22T16:43:52.5826140Z ignoring duplicate directory "/Users/runner/work/tcm-storage-ios/tcm-storage-ios/build/Build/Products/Debug-iphonesimulator/PackageFrameworks"
2026-04-22T16:43:52.5826490Z ignoring duplicate directory "/Users/runner/work/tcm-storage-ios/tcm-storage-ios/build/Build/Products/Debug-iphonesimulator/PackageFrameworks"
2026-04-22T16:43:52.5826910Z ignoring duplicate directory "/Users/runner/work/tcm-storage-ios/tcm-storage-ios/build/Build/Products/Debug-iphonesimulator/PackageFrameworks"
2026-04-22T16:43:52.5827290Z ignoring duplicate directory "/Users/runner/work/tcm-storage-ios/tcm-storage-ios/build/Build/Products/Debug-iphonesimulator/PackageFrameworks"
2026-04-22T16:43:52.5827630Z ignoring duplicate directory "/Users/runner/work/tcm-storage-ios/tcm-storage-ios/build/Build/Products/Debug-iphonesimulator/PackageFrameworks"
2026-04-22T16:43:52.5827690Z #include "..." search starts here:
2026-04-22T16:43:52.5828140Z  /Users/runner/work/tcm-storage-ios/tcm-storage-ios/build/Build/Intermediates.noindex/Nextcloud.build/Debug-iphonesimulator/Share.build/Share-generated-files.hmap (headermap)
2026-04-22T16:43:52.5828940Z  /Users/runner/work/tcm-storage-ios/tcm-storage-ios/build/Build/Intermediates.noindex/Nextcloud.build/Debug-iphonesimulator/Share.build/Share-project-headers.hmap (headermap)
2026-04-22T16:43:52.5829080Z #include <...> search starts here:
2026-04-22T16:43:52.5829560Z  /Users/runner/work/tcm-storage-ios/tcm-storage-ios/build/Build/Intermediates.noindex/Nextcloud.build/Debug-iphonesimulator/Share.build/Share-own-target-headers.hmap (headermap)
2026-04-22T16:43:52.5830110Z  /Users/runner/work/tcm-storage-ios/tcm-storage-ios/build/Build/Intermediates.noindex/Nextcloud.build/Debug-iphonesimulator/Share.build/Share-all-non-framework-target-headers.hmap (headermap)
2026-04-22T16:43:52.5830350Z  /Users/runner/work/tcm-storage-ios/tcm-storage-ios/build/SourcePackages/checkouts/realm-core/src
2026-04-22T16:43:52.5830600Z  /Users/runner/work/tcm-storage-ios/tcm-storage-ios/build/SourcePackages/checkouts/realm-core/src/external/s2
2026-04-22T16:43:52.5830960Z  /Users/runner/work/tcm-storage-ios/tcm-storage-ios/build/SourcePackages/checkouts/realm-core/src/external/IntelRDFPMathLib20U2/LIBRARY/src
2026-04-22T16:43:52.5831210Z  /Users/runner/work/tcm-storage-ios/tcm-storage-ios/build/SourcePackages/checkouts/realm-core/src/spm
2026-04-22T16:43:52.5831470Z  /Users/runner/work/tcm-storage-ios/tcm-storage-ios/build/SourcePackages/checkouts/realm-swift/include
2026-04-22T16:43:52.5831770Z  /Users/runner/work/tcm-storage-ios/tcm-storage-ios/build/SourcePackages/checkouts/swift-atomics/Sources/_AtomicsShims/include
2026-04-22T16:43:52.5832040Z  /Users/runner/work/tcm-storage-ios/tcm-storage-ios/build/SourcePackages/checkouts/swift-nio/Sources/CNIOPosix/include
2026-04-22T16:43:52.5832300Z  /Users/runner/work/tcm-storage-ios/tcm-storage-ios/build/SourcePackages/checkouts/swift-nio/Sources/CNIOWASI/include
2026-04-22T16:43:52.5832570Z  /Users/runner/work/tcm-storage-ios/tcm-storage-ios/build/SourcePackages/checkouts/swift-nio/Sources/CNIOWindows/include
2026-04-22T16:43:52.5832850Z  /Users/runner/work/tcm-storage-ios/tcm-storage-ios/build/SourcePackages/checkouts/swift-nio/Sources/CNIOLinux/include
2026-04-22T16:43:52.5833140Z  /Users/runner/work/tcm-storage-ios/tcm-storage-ios/build/SourcePackages/checkouts/swift-nio/Sources/CNIODarwin/include
2026-04-22T16:43:52.5833420Z  /Users/runner/work/tcm-storage-ios/tcm-storage-ios/build/SourcePackages/checkouts/swift-nio/Sources/CNIOOpenBSD/include
2026-04-22T16:43:52.5833730Z  /Users/runner/work/tcm-storage-ios/tcm-storage-ios/build/SourcePackages/checkouts/swift-nio/Sources/CNIOAtomics/include
2026-04-22T16:43:52.5834070Z  /Users/runner/work/tcm-storage-ios/tcm-storage-ios/build/SourcePackages/checkouts/swift-nio-ssl/Sources/CNIOBoringSSLShims/include
2026-04-22T16:43:52.5834370Z  /Users/runner/work/tcm-storage-ios/tcm-storage-ios/build/SourcePackages/checkouts/swift-nio-ssl/Sources/CNIOBoringSSL/include
2026-04-22T16:43:52.5834660Z  /Users/runner/work/tcm-storage-ios/tcm-storage-ios/build/SourcePackages/checkouts/GzipSwift/Sources/system-zlib/include
2026-04-22T16:43:52.5835080Z  /Users/runner/work/tcm-storage-ios/tcm-storage-ios/build/Build/Intermediates.noindex/Nextcloud.build/Debug-iphonesimulator/Share.build/DerivedSources
2026-04-22T16:43:52.5835400Z  /Users/runner/work/tcm-storage-ios/tcm-storage-ios/build/Build/Products/Debug-iphonesimulator/PackageFrameworks (framework directory)
2026-04-22T16:43:52.5836060Z  /Users/runner/work/tcm-storage-ios/tcm-storage-ios/build/Build/Products/Debug-iphonesimulator (framework directory)
2026-04-22T16:43:52.5836400Z  /Applications/Xcode_26.2.app/Contents/Developer/Platforms/iPhoneSimulator.platform/Developer/Library/Frameworks (framework directory)
2026-04-22T16:43:52.5836830Z  /Applications/Xcode_26.2.app/Contents/Developer/Platforms/iPhoneSimulator.platform/Developer/SDKs/iPhoneSimulator26.2.sdk/Developer/Library/Frameworks (framework directory)
2026-04-22T16:43:52.5837080Z  /Applications/Xcode_26.2.app/Contents/Developer/Toolchains/XcodeDefault.xctoolchain/usr/lib/clang/17/include
2026-04-22T16:43:52.5837390Z  /Applications/Xcode_26.2.app/Contents/Developer/Platforms/iPhoneSimulator.platform/Developer/SDKs/iPhoneSimulator26.2.sdk/usr/include
2026-04-22T16:43:52.5837600Z  /Applications/Xcode_26.2.app/Contents/Developer/Toolchains/XcodeDefault.xctoolchain/usr/include
2026-04-22T16:43:52.5838010Z  /Applications/Xcode_26.2.app/Contents/Developer/Platforms/iPhoneSimulator.platform/Developer/SDKs/iPhoneSimulator26.2.sdk/System/Library/Frameworks (framework directory)
2026-04-22T16:43:52.5838440Z  /Applications/Xcode_26.2.app/Contents/Developer/Platforms/iPhoneSimulator.platform/Developer/SDKs/iPhoneSimulator26.2.sdk/System/Library/SubFrameworks (framework directory)
2026-04-22T16:43:52.5838490Z End of search list.
2026-04-22T16:43:52.5838670Z clang -cc1 version 17.0.0 (clang-1700.6.3.2) default target arm64-apple-darwin24.6.0
2026-04-22T16:43:52.5839030Z ignoring nonexistent directory "/Users/runner/work/tcm-storage-ios/tcm-storage-ios/build/Build/Products/Debug-iphonesimulator/include"
2026-04-22T16:43:52.5839570Z ignoring nonexistent directory "/Users/runner/work/tcm-storage-ios/tcm-storage-ios/build/Build/Intermediates.noindex/Nextcloud.build/Debug-iphonesimulator/Share.build/DerivedSources-normal/arm64"
2026-04-22T16:43:52.5840040Z ignoring nonexistent directory "/Users/runner/work/tcm-storage-ios/tcm-storage-ios/build/Build/Intermediates.noindex/Nextcloud.build/Debug-iphonesimulator/Share.build/DerivedSources/arm64"
2026-04-22T16:43:52.5840470Z ignoring nonexistent directory "/Applications/Xcode_26.2.app/Contents/Developer/Platforms/iPhoneSimulator.platform/Developer/SDKs/iPhoneSimulator26.2.sdk/usr/local/include"
2026-04-22T16:43:52.5840900Z ignoring nonexistent directory "/Applications/Xcode_26.2.app/Contents/Developer/Platforms/iPhoneSimulator.platform/Developer/SDKs/iPhoneSimulator26.2.sdk/Library/Frameworks"
2026-04-22T16:43:52.5841230Z ignoring duplicate directory "/Users/runner/work/tcm-storage-ios/tcm-storage-ios/build/Build/Products/Debug-iphonesimulator/PackageFrameworks"
2026-04-22T16:43:52.5841760Z ignoring duplicate directory "/Users/runner/work/tcm-storage-ios/tcm-storage-ios/build/Build/Products/Debug-iphonesimulator/PackageFrameworks"
2026-04-22T16:43:52.5842150Z ignoring duplicate directory "/Users/runner/work/tcm-storage-ios/tcm-storage-ios/build/Build/Products/Debug-iphonesimulator/PackageFrameworks"
2026-04-22T16:43:52.5842510Z ignoring duplicate directory "/Users/runner/work/tcm-storage-ios/tcm-storage-ios/build/Build/Products/Debug-iphonesimulator/PackageFrameworks"
2026-04-22T16:43:52.5842950Z ignoring duplicate directory "/Users/runner/work/tcm-storage-ios/tcm-storage-ios/build/Build/Products/Debug-iphonesimulator/PackageFrameworks"
2026-04-22T16:43:52.5843320Z ignoring duplicate directory "/Users/runner/work/tcm-storage-ios/tcm-storage-ios/build/Build/Products/Debug-iphonesimulator/PackageFrameworks"
2026-04-22T16:43:52.5843650Z ignoring duplicate directory "/Users/runner/work/tcm-storage-ios/tcm-storage-ios/build/Build/Products/Debug-iphonesimulator/PackageFrameworks"
2026-04-22T16:43:52.5843970Z ignoring duplicate directory "/Users/runner/work/tcm-storage-ios/tcm-storage-ios/build/Build/Products/Debug-iphonesimulator/PackageFrameworks"
2026-04-22T16:43:52.5844300Z ignoring duplicate directory "/Users/runner/work/tcm-storage-ios/tcm-storage-ios/build/Build/Products/Debug-iphonesimulator/PackageFrameworks"
2026-04-22T16:43:52.5844910Z ignoring duplicate directory "/Users/runner/work/tcm-storage-ios/tcm-storage-ios/build/Build/Products/Debug-iphonesimulator/PackageFrameworks"
2026-04-22T16:43:52.5845320Z ignoring duplicate directory "/Users/runner/work/tcm-storage-ios/tcm-storage-ios/build/Build/Products/Debug-iphonesimulator/PackageFrameworks"
2026-04-22T16:43:52.5845700Z ignoring duplicate directory "/Users/runner/work/tcm-storage-ios/tcm-storage-ios/build/Build/Products/Debug-iphonesimulator/PackageFrameworks"
2026-04-22T16:43:52.5846030Z ignoring duplicate directory "/Users/runner/work/tcm-storage-ios/tcm-storage-ios/build/Build/Products/Debug-iphonesimulator/PackageFrameworks"
2026-04-22T16:43:52.5846450Z ignoring duplicate directory "/Users/runner/work/tcm-storage-ios/tcm-storage-ios/build/Build/Products/Debug-iphonesimulator/PackageFrameworks"
2026-04-22T16:43:52.5846810Z ignoring duplicate directory "/Users/runner/work/tcm-storage-ios/tcm-storage-ios/build/Build/Products/Debug-iphonesimulator/PackageFrameworks"
2026-04-22T16:43:52.5847240Z ignoring duplicate directory "/Users/runner/work/tcm-storage-ios/tcm-storage-ios/build/Build/Products/Debug-iphonesimulator/PackageFrameworks"
2026-04-22T16:43:52.5847600Z ignoring duplicate directory "/Users/runner/work/tcm-storage-ios/tcm-storage-ios/build/Build/Products/Debug-iphonesimulator/PackageFrameworks"
2026-04-22T16:43:52.5847930Z ignoring duplicate directory "/Users/runner/work/tcm-storage-ios/tcm-storage-ios/build/Build/Products/Debug-iphonesimulator/PackageFrameworks"
2026-04-22T16:43:52.5848250Z ignoring duplicate directory "/Users/runner/work/tcm-storage-ios/tcm-storage-ios/build/Build/Products/Debug-iphonesimulator/PackageFrameworks"
2026-04-22T16:43:52.5848580Z ignoring duplicate directory "/Users/runner/work/tcm-storage-ios/tcm-storage-ios/build/Build/Products/Debug-iphonesimulator/PackageFrameworks"
2026-04-22T16:43:52.5848980Z ignoring duplicate directory "/Users/runner/work/tcm-storage-ios/tcm-storage-ios/build/Build/Products/Debug-iphonesimulator/PackageFrameworks"
2026-04-22T16:43:52.5849320Z ignoring duplicate directory "/Users/runner/work/tcm-storage-ios/tcm-storage-ios/build/Build/Products/Debug-iphonesimulator/PackageFrameworks"
2026-04-22T16:43:52.5850080Z ignoring duplicate directory "/Users/runner/work/tcm-storage-ios/tcm-storage-ios/build/Build/Products/Debug-iphonesimulator/PackageFrameworks"
2026-04-22T16:43:52.5850450Z ignoring duplicate directory "/Users/runner/work/tcm-storage-ios/tcm-storage-ios/build/Build/Products/Debug-iphonesimulator/PackageFrameworks"
2026-04-22T16:43:52.5850900Z ignoring duplicate directory "/Users/runner/work/tcm-storage-ios/tcm-storage-ios/build/Build/Products/Debug-iphonesimulator/PackageFrameworks"
2026-04-22T16:43:52.5851300Z ignoring duplicate directory "/Users/runner/work/tcm-storage-ios/tcm-storage-ios/build/Build/Products/Debug-iphonesimulator/PackageFrameworks"
2026-04-22T16:43:52.5851730Z ignoring duplicate directory "/Users/runner/work/tcm-storage-ios/tcm-storage-ios/build/Build/Products/Debug-iphonesimulator/PackageFrameworks"
2026-04-22T16:43:52.5852100Z ignoring duplicate directory "/Users/runner/work/tcm-storage-ios/tcm-storage-ios/build/Build/Products/Debug-iphonesimulator/PackageFrameworks"
2026-04-22T16:43:52.5852470Z ignoring duplicate directory "/Users/runner/work/tcm-storage-ios/tcm-storage-ios/build/Build/Products/Debug-iphonesimulator/PackageFrameworks"
2026-04-22T16:43:52.5852900Z ignoring duplicate directory "/Users/runner/work/tcm-storage-ios/tcm-storage-ios/build/Build/Products/Debug-iphonesimulator/PackageFrameworks"
2026-04-22T16:43:52.5853230Z ignoring duplicate directory "/Users/runner/work/tcm-storage-ios/tcm-storage-ios/build/Build/Products/Debug-iphonesimulator/PackageFrameworks"
2026-04-22T16:43:52.5853560Z ignoring duplicate directory "/Users/runner/work/tcm-storage-ios/tcm-storage-ios/build/Build/Products/Debug-iphonesimulator/PackageFrameworks"
2026-04-22T16:43:52.5853880Z ignoring duplicate directory "/Users/runner/work/tcm-storage-ios/tcm-storage-ios/build/Build/Products/Debug-iphonesimulator/PackageFrameworks"
2026-04-22T16:43:52.5854400Z ignoring duplicate directory "/Users/runner/work/tcm-storage-ios/tcm-storage-ios/build/Build/Products/Debug-iphonesimulator/PackageFrameworks"
2026-04-22T16:43:52.5854740Z ignoring duplicate directory "/Users/runner/work/tcm-storage-ios/tcm-storage-ios/build/Build/Products/Debug-iphonesimulator/PackageFrameworks"
2026-04-22T16:43:52.5855060Z ignoring duplicate directory "/Users/runner/work/tcm-storage-ios/tcm-storage-ios/build/Build/Products/Debug-iphonesimulator/PackageFrameworks"
2026-04-22T16:43:52.5855500Z ignoring duplicate directory "/Users/runner/work/tcm-storage-ios/tcm-storage-ios/build/Build/Products/Debug-iphonesimulator/PackageFrameworks"
2026-04-22T16:43:52.5855930Z ignoring duplicate directory "/Users/runner/work/tcm-storage-ios/tcm-storage-ios/build/Build/Products/Debug-iphonesimulator/PackageFrameworks"
2026-04-22T16:43:52.5856260Z ignoring duplicate directory "/Users/runner/work/tcm-storage-ios/tcm-storage-ios/build/Build/Products/Debug-iphonesimulator/PackageFrameworks"
2026-04-22T16:43:52.5856590Z ignoring duplicate directory "/Users/runner/work/tcm-storage-ios/tcm-storage-ios/build/Build/Products/Debug-iphonesimulator/PackageFrameworks"
2026-04-22T16:43:52.5856650Z #include "..." search starts here:
2026-04-22T16:43:52.5857090Z  /Users/runner/work/tcm-storage-ios/tcm-storage-ios/build/Build/Intermediates.noindex/Nextcloud.build/Debug-iphonesimulator/Share.build/Share-generated-files.hmap (headermap)
2026-04-22T16:43:52.5857530Z  /Users/runner/work/tcm-storage-ios/tcm-storage-ios/build/Build/Intermediates.noindex/Nextcloud.build/Debug-iphonesimulator/Share.build/Share-project-headers.hmap (headermap)
2026-04-22T16:43:52.5857580Z #include <...> search starts here:
2026-04-22T16:43:52.5858100Z  /Users/runner/work/tcm-storage-ios/tcm-storage-ios/build/Build/Intermediates.noindex/Nextcloud.build/Debug-iphonesimulator/Share.build/Share-own-target-headers.hmap (headermap)
2026-04-22T16:43:52.5858580Z  /Users/runner/work/tcm-storage-ios/tcm-storage-ios/build/Build/Intermediates.noindex/Nextcloud.build/Debug-iphonesimulator/Share.build/Share-all-non-framework-target-headers.hmap (headermap)
2026-04-22T16:43:52.5858800Z  /Users/runner/work/tcm-storage-ios/tcm-storage-ios/build/SourcePackages/checkouts/realm-core/src
2026-04-22T16:43:52.5859050Z  /Users/runner/work/tcm-storage-ios/tcm-storage-ios/build/SourcePackages/checkouts/realm-core/src/external/s2
2026-04-22T16:43:52.5859370Z  /Users/runner/work/tcm-storage-ios/tcm-storage-ios/build/SourcePackages/checkouts/realm-core/src/external/IntelRDFPMathLib20U2/LIBRARY/src
2026-04-22T16:43:52.5859610Z  /Users/runner/work/tcm-storage-ios/tcm-storage-ios/build/SourcePackages/checkouts/realm-core/src/spm
2026-04-22T16:43:52.5859830Z  /Users/runner/work/tcm-storage-ios/tcm-storage-ios/build/SourcePackages/checkouts/realm-swift/include
2026-04-22T16:43:52.5860130Z  /Users/runner/work/tcm-storage-ios/tcm-storage-ios/build/SourcePackages/checkouts/swift-atomics/Sources/_AtomicsShims/include
2026-04-22T16:43:52.5860400Z  /Users/runner/work/tcm-storage-ios/tcm-storage-ios/build/SourcePackages/checkouts/swift-nio/Sources/CNIOPosix/include
2026-04-22T16:43:52.5860660Z  /Users/runner/work/tcm-storage-ios/tcm-storage-ios/build/SourcePackages/checkouts/swift-nio/Sources/CNIOWASI/include
2026-04-22T16:43:52.5860940Z  /Users/runner/work/tcm-storage-ios/tcm-storage-ios/build/SourcePackages/checkouts/swift-nio/Sources/CNIOWindows/include
2026-04-22T16:43:52.5861210Z  /Users/runner/work/tcm-storage-ios/tcm-storage-ios/build/SourcePackages/checkouts/swift-nio/Sources/CNIOLinux/include
2026-04-22T16:43:52.5861470Z  /Users/runner/work/tcm-storage-ios/tcm-storage-ios/build/SourcePackages/checkouts/swift-nio/Sources/CNIODarwin/include
2026-04-22T16:43:52.5861730Z  /Users/runner/work/tcm-storage-ios/tcm-storage-ios/build/SourcePackages/checkouts/swift-nio/Sources/CNIOOpenBSD/include
2026-04-22T16:43:52.5862010Z  /Users/runner/work/tcm-storage-ios/tcm-storage-ios/build/SourcePackages/checkouts/swift-nio/Sources/CNIOAtomics/include
2026-04-22T16:43:52.5862500Z  /Users/runner/work/tcm-storage-ios/tcm-storage-ios/build/SourcePackages/checkouts/swift-nio-ssl/Sources/CNIOBoringSSLShims/include
2026-04-22T16:43:52.5862920Z  /Users/runner/work/tcm-storage-ios/tcm-storage-ios/build/SourcePackages/checkouts/swift-nio-ssl/Sources/CNIOBoringSSL/include
2026-04-22T16:43:52.5863250Z  /Users/runner/work/tcm-storage-ios/tcm-storage-ios/build/SourcePackages/checkouts/GzipSwift/Sources/system-zlib/include
2026-04-22T16:43:52.5863670Z  /Users/runner/work/tcm-storage-ios/tcm-storage-ios/build/Build/Intermediates.noindex/Nextcloud.build/Debug-iphonesimulator/Share.build/DerivedSources
2026-04-22T16:43:52.5864040Z  /Users/runner/work/tcm-storage-ios/tcm-storage-ios/build/Build/Products/Debug-iphonesimulator/PackageFrameworks (framework directory)
2026-04-22T16:43:52.5864360Z  /Users/runner/work/tcm-storage-ios/tcm-storage-ios/build/Build/Products/Debug-iphonesimulator (framework directory)
2026-04-22T16:43:52.5864720Z  /Applications/Xcode_26.2.app/Contents/Developer/Platforms/iPhoneSimulator.platform/Developer/Library/Frameworks (framework directory)
2026-04-22T16:43:52.5865320Z  /Applications/Xcode_26.2.app/Contents/Developer/Platforms/iPhoneSimulator.platform/Developer/SDKs/iPhoneSimulator26.2.sdk/Developer/Library/Frameworks (framework directory)
2026-04-22T16:43:52.5866320Z  /Applications/Xcode_26.2.app/Contents/Developer/Toolchains/XcodeDefault.xctoolchain/usr/lib/clang/17/include
2026-04-22T16:43:52.5866670Z  /Applications/Xcode_26.2.app/Contents/Developer/Platforms/iPhoneSimulator.platform/Developer/SDKs/iPhoneSimulator26.2.sdk/usr/include
2026-04-22T16:43:52.5866880Z  /Applications/Xcode_26.2.app/Contents/Developer/Toolchains/XcodeDefault.xctoolchain/usr/include
2026-04-22T16:43:52.5867300Z  /Applications/Xcode_26.2.app/Contents/Developer/Platforms/iPhoneSimulator.platform/Developer/SDKs/iPhoneSimulator26.2.sdk/System/Library/Frameworks (framework directory)
2026-04-22T16:43:52.5873570Z  /Applications/Xcode_26.2.app/Contents/Developer/Platforms/iPhoneSimulator.platform/Developer/SDKs/iPhoneSimulator26.2.sdk/System/Library/SubFrameworks (framework directory)
2026-04-22T16:43:52.5873640Z End of search list.
2026-04-22T16:43:52.5873820Z clang -cc1 version 17.0.0 (clang-1700.6.3.2) default target arm64-apple-darwin24.6.0
2026-04-22T16:43:52.5874140Z ignoring nonexistent directory "/Users/runner/work/tcm-storage-ios/tcm-storage-ios/build/Build/Products/Debug-iphonesimulator/include"
2026-04-22T16:43:52.5874630Z ignoring nonexistent directory "/Users/runner/work/tcm-storage-ios/tcm-storage-ios/build/Build/Intermediates.noindex/Nextcloud.build/Debug-iphonesimulator/Share.build/DerivedSources-normal/arm64"
2026-04-22T16:43:52.5875100Z ignoring nonexistent directory "/Users/runner/work/tcm-storage-ios/tcm-storage-ios/build/Build/Intermediates.noindex/Nextcloud.build/Debug-iphonesimulator/Share.build/DerivedSources/arm64"
2026-04-22T16:43:52.5875520Z ignoring nonexistent directory "/Applications/Xcode_26.2.app/Contents/Developer/Platforms/iPhoneSimulator.platform/Developer/SDKs/iPhoneSimulator26.2.sdk/usr/local/include"
2026-04-22T16:43:52.5875960Z ignoring nonexistent directory "/Applications/Xcode_26.2.app/Contents/Developer/Platforms/iPhoneSimulator.platform/Developer/SDKs/iPhoneSimulator26.2.sdk/Library/Frameworks"
2026-04-22T16:43:52.5876310Z ignoring duplicate directory "/Users/runner/work/tcm-storage-ios/tcm-storage-ios/build/Build/Products/Debug-iphonesimulator/PackageFrameworks"
2026-04-22T16:43:52.5876640Z ignoring duplicate directory "/Users/runner/work/tcm-storage-ios/tcm-storage-ios/build/Build/Products/Debug-iphonesimulator/PackageFrameworks"
2026-04-22T16:43:52.5876960Z ignoring duplicate directory "/Users/runner/work/tcm-storage-ios/tcm-storage-ios/build/Build/Products/Debug-iphonesimulator/PackageFrameworks"
2026-04-22T16:43:52.5877290Z ignoring duplicate directory "/Users/runner/work/tcm-storage-ios/tcm-storage-ios/build/Build/Products/Debug-iphonesimulator/PackageFrameworks"
2026-04-22T16:43:52.5878070Z ignoring duplicate directory "/Users/runner/work/tcm-storage-ios/tcm-storage-ios/build/Build/Products/Debug-iphonesimulator/PackageFrameworks"
2026-04-22T16:43:52.5878490Z ignoring duplicate directory "/Users/runner/work/tcm-storage-ios/tcm-storage-ios/build/Build/Products/Debug-iphonesimulator/PackageFrameworks"
2026-04-22T16:43:52.5878820Z ignoring duplicate directory "/Users/runner/work/tcm-storage-ios/tcm-storage-ios/build/Build/Products/Debug-iphonesimulator/PackageFrameworks"
2026-04-22T16:43:52.5879150Z ignoring duplicate directory "/Users/runner/work/tcm-storage-ios/tcm-storage-ios/build/Build/Products/Debug-iphonesimulator/PackageFrameworks"
2026-04-22T16:43:52.5879470Z ignoring duplicate directory "/Users/runner/work/tcm-storage-ios/tcm-storage-ios/build/Build/Products/Debug-iphonesimulator/PackageFrameworks"
2026-04-22T16:43:52.5879790Z ignoring duplicate directory "/Users/runner/work/tcm-storage-ios/tcm-storage-ios/build/Build/Products/Debug-iphonesimulator/PackageFrameworks"
2026-04-22T16:43:52.5880120Z ignoring duplicate directory "/Users/runner/work/tcm-storage-ios/tcm-storage-ios/build/Build/Products/Debug-iphonesimulator/PackageFrameworks"
2026-04-22T16:43:52.5880450Z ignoring duplicate directory "/Users/runner/work/tcm-storage-ios/tcm-storage-ios/build/Build/Products/Debug-iphonesimulator/PackageFrameworks"
2026-04-22T16:43:52.5880780Z ignoring duplicate directory "/Users/runner/work/tcm-storage-ios/tcm-storage-ios/build/Build/Products/Debug-iphonesimulator/PackageFrameworks"
2026-04-22T16:43:52.5881100Z ignoring duplicate directory "/Users/runner/work/tcm-storage-ios/tcm-storage-ios/build/Build/Products/Debug-iphonesimulator/PackageFrameworks"
2026-04-22T16:43:52.5881430Z ignoring duplicate directory "/Users/runner/work/tcm-storage-ios/tcm-storage-ios/build/Build/Products/Debug-iphonesimulator/PackageFrameworks"
2026-04-22T16:43:52.5881750Z ignoring duplicate directory "/Users/runner/work/tcm-storage-ios/tcm-storage-ios/build/Build/Products/Debug-iphonesimulator/PackageFrameworks"
2026-04-22T16:43:52.5882080Z ignoring duplicate directory "/Users/runner/work/tcm-storage-ios/tcm-storage-ios/build/Build/Products/Debug-iphonesimulator/PackageFrameworks"
2026-04-22T16:43:52.5882400Z ignoring duplicate directory "/Users/runner/work/tcm-storage-ios/tcm-storage-ios/build/Build/Products/Debug-iphonesimulator/PackageFrameworks"
2026-04-22T16:43:52.5882730Z ignoring duplicate directory "/Users/runner/work/tcm-storage-ios/tcm-storage-ios/build/Build/Products/Debug-iphonesimulator/PackageFrameworks"
2026-04-22T16:43:52.5883050Z ignoring duplicate directory "/Users/runner/work/tcm-storage-ios/tcm-storage-ios/build/Build/Products/Debug-iphonesimulator/PackageFrameworks"
2026-04-22T16:43:52.5883380Z ignoring duplicate directory "/Users/runner/work/tcm-storage-ios/tcm-storage-ios/build/Build/Products/Debug-iphonesimulator/PackageFrameworks"
2026-04-22T16:43:52.5883710Z ignoring duplicate directory "/Users/runner/work/tcm-storage-ios/tcm-storage-ios/build/Build/Products/Debug-iphonesimulator/PackageFrameworks"
2026-04-22T16:43:52.5884040Z ignoring duplicate directory "/Users/runner/work/tcm-storage-ios/tcm-storage-ios/build/Build/Products/Debug-iphonesimulator/PackageFrameworks"
2026-04-22T16:43:52.5884370Z ignoring duplicate directory "/Users/runner/work/tcm-storage-ios/tcm-storage-ios/build/Build/Products/Debug-iphonesimulator/PackageFrameworks"
2026-04-22T16:43:52.5884700Z ignoring duplicate directory "/Users/runner/work/tcm-storage-ios/tcm-storage-ios/build/Build/Products/Debug-iphonesimulator/PackageFrameworks"
2026-04-22T16:43:52.5885030Z ignoring duplicate directory "/Users/runner/work/tcm-storage-ios/tcm-storage-ios/build/Build/Products/Debug-iphonesimulator/PackageFrameworks"
2026-04-22T16:43:52.5885350Z ignoring duplicate directory "/Users/runner/work/tcm-storage-ios/tcm-storage-ios/build/Build/Products/Debug-iphonesimulator/PackageFrameworks"
2026-04-22T16:43:52.5885680Z ignoring duplicate directory "/Users/runner/work/tcm-storage-ios/tcm-storage-ios/build/Build/Products/Debug-iphonesimulator/PackageFrameworks"
2026-04-22T16:43:52.5886110Z ignoring duplicate directory "/Users/runner/work/tcm-storage-ios/tcm-storage-ios/build/Build/Products/Debug-iphonesimulator/PackageFrameworks"
2026-04-22T16:43:52.5886510Z ignoring duplicate directory "/Users/runner/work/tcm-storage-ios/tcm-storage-ios/build/Build/Products/Debug-iphonesimulator/PackageFrameworks"
2026-04-22T16:43:52.5886850Z ignoring duplicate directory "/Users/runner/work/tcm-storage-ios/tcm-storage-ios/build/Build/Products/Debug-iphonesimulator/PackageFrameworks"
2026-04-22T16:43:52.5887180Z ignoring duplicate directory "/Users/runner/work/tcm-storage-ios/tcm-storage-ios/build/Build/Products/Debug-iphonesimulator/PackageFrameworks"
2026-04-22T16:43:52.5887500Z ignoring duplicate directory "/Users/runner/work/tcm-storage-ios/tcm-storage-ios/build/Build/Products/Debug-iphonesimulator/PackageFrameworks"
2026-04-22T16:43:52.5887830Z ignoring duplicate directory "/Users/runner/work/tcm-storage-ios/tcm-storage-ios/build/Build/Products/Debug-iphonesimulator/PackageFrameworks"
2026-04-22T16:43:52.5888150Z ignoring duplicate directory "/Users/runner/work/tcm-storage-ios/tcm-storage-ios/build/Build/Products/Debug-iphonesimulator/PackageFrameworks"
2026-04-22T16:43:52.5888480Z ignoring duplicate directory "/Users/runner/work/tcm-storage-ios/tcm-storage-ios/build/Build/Products/Debug-iphonesimulator/PackageFrameworks"
2026-04-22T16:43:52.5888810Z ignoring duplicate directory "/Users/runner/work/tcm-storage-ios/tcm-storage-ios/build/Build/Products/Debug-iphonesimulator/PackageFrameworks"
2026-04-22T16:43:52.5889140Z ignoring duplicate directory "/Users/runner/work/tcm-storage-ios/tcm-storage-ios/build/Build/Products/Debug-iphonesimulator/PackageFrameworks"
2026-04-22T16:43:52.5889470Z ignoring duplicate directory "/Users/runner/work/tcm-storage-ios/tcm-storage-ios/build/Build/Products/Debug-iphonesimulator/PackageFrameworks"
2026-04-22T16:43:52.5889800Z ignoring duplicate directory "/Users/runner/work/tcm-storage-ios/tcm-storage-ios/build/Build/Products/Debug-iphonesimulator/PackageFrameworks"
2026-04-22T16:43:52.5889860Z #include "..." search starts here:
2026-04-22T16:43:52.5890310Z  /Users/runner/work/tcm-storage-ios/tcm-storage-ios/build/Build/Intermediates.noindex/Nextcloud.build/Debug-iphonesimulator/Share.build/Share-generated-files.hmap (headermap)
2026-04-22T16:43:52.5890960Z  /Users/runner/work/tcm-storage-ios/tcm-storage-ios/build/Build/Intermediates.noindex/Nextcloud.build/Debug-iphonesimulator/Share.build/Share-project-headers.hmap (headermap)
2026-04-22T16:43:52.5891010Z #include <...> search starts here:
2026-04-22T16:43:52.5891450Z  /Users/runner/work/tcm-storage-ios/tcm-storage-ios/build/Build/Intermediates.noindex/Nextcloud.build/Debug-iphonesimulator/Share.build/Share-own-target-headers.hmap (headermap)
2026-04-22T16:43:52.5891940Z  /Users/runner/work/tcm-storage-ios/tcm-storage-ios/build/Build/Intermediates.noindex/Nextcloud.build/Debug-iphonesimulator/Share.build/Share-all-non-framework-target-headers.hmap (headermap)
2026-04-22T16:43:52.5892160Z  /Users/runner/work/tcm-storage-ios/tcm-storage-ios/build/SourcePackages/checkouts/realm-core/src
2026-04-22T16:43:52.5892410Z  /Users/runner/work/tcm-storage-ios/tcm-storage-ios/build/SourcePackages/checkouts/realm-core/src/external/s2
2026-04-22T16:43:52.5892740Z  /Users/runner/work/tcm-storage-ios/tcm-storage-ios/build/SourcePackages/checkouts/realm-core/src/external/IntelRDFPMathLib20U2/LIBRARY/src
2026-04-22T16:43:52.5892960Z  /Users/runner/work/tcm-storage-ios/tcm-storage-ios/build/SourcePackages/checkouts/realm-core/src/spm
2026-04-22T16:43:52.5893170Z  /Users/runner/work/tcm-storage-ios/tcm-storage-ios/build/SourcePackages/checkouts/realm-swift/include
2026-04-22T16:43:52.5893470Z  /Users/runner/work/tcm-storage-ios/tcm-storage-ios/build/SourcePackages/checkouts/swift-atomics/Sources/_AtomicsShims/include
2026-04-22T16:43:52.5893780Z  /Users/runner/work/tcm-storage-ios/tcm-storage-ios/build/SourcePackages/checkouts/swift-nio/Sources/CNIOPosix/include
2026-04-22T16:43:52.5894260Z  /Users/runner/work/tcm-storage-ios/tcm-storage-ios/build/SourcePackages/checkouts/swift-nio/Sources/CNIOWASI/include
2026-04-22T16:43:52.5894650Z  /Users/runner/work/tcm-storage-ios/tcm-storage-ios/build/SourcePackages/checkouts/swift-nio/Sources/CNIOWindows/include
2026-04-22T16:43:52.5894930Z  /Users/runner/work/tcm-storage-ios/tcm-storage-ios/build/SourcePackages/checkouts/swift-nio/Sources/CNIOLinux/include
2026-04-22T16:43:52.5895190Z  /Users/runner/work/tcm-storage-ios/tcm-storage-ios/build/SourcePackages/checkouts/swift-nio/Sources/CNIODarwin/include
2026-04-22T16:43:52.5895460Z  /Users/runner/work/tcm-storage-ios/tcm-storage-ios/build/SourcePackages/checkouts/swift-nio/Sources/CNIOOpenBSD/include
2026-04-22T16:43:52.5895730Z  /Users/runner/work/tcm-storage-ios/tcm-storage-ios/build/SourcePackages/checkouts/swift-nio/Sources/CNIOAtomics/include
2026-04-22T16:43:52.5896040Z  /Users/runner/work/tcm-storage-ios/tcm-storage-ios/build/SourcePackages/checkouts/swift-nio-ssl/Sources/CNIOBoringSSLShims/include
2026-04-22T16:43:52.5896340Z  /Users/runner/work/tcm-storage-ios/tcm-storage-ios/build/SourcePackages/checkouts/swift-nio-ssl/Sources/CNIOBoringSSL/include
2026-04-22T16:43:52.5896630Z  /Users/runner/work/tcm-storage-ios/tcm-storage-ios/build/SourcePackages/checkouts/GzipSwift/Sources/system-zlib/include
2026-04-22T16:43:52.5896990Z  /Users/runner/work/tcm-storage-ios/tcm-storage-ios/build/Build/Intermediates.noindex/Nextcloud.build/Debug-iphonesimulator/Share.build/DerivedSources
2026-04-22T16:43:52.5897310Z  /Users/runner/work/tcm-storage-ios/tcm-storage-ios/build/Build/Products/Debug-iphonesimulator/PackageFrameworks (framework directory)
2026-04-22T16:43:52.5897600Z  /Users/runner/work/tcm-storage-ios/tcm-storage-ios/build/Build/Products/Debug-iphonesimulator (framework directory)
2026-04-22T16:43:52.5897920Z  /Applications/Xcode_26.2.app/Contents/Developer/Platforms/iPhoneSimulator.platform/Developer/Library/Frameworks (framework directory)
2026-04-22T16:43:52.5898350Z  /Applications/Xcode_26.2.app/Contents/Developer/Platforms/iPhoneSimulator.platform/Developer/SDKs/iPhoneSimulator26.2.sdk/Developer/Library/Frameworks (framework directory)
2026-04-22T16:43:52.5898600Z  /Applications/Xcode_26.2.app/Contents/Developer/Toolchains/XcodeDefault.xctoolchain/usr/lib/clang/17/include
2026-04-22T16:43:52.5898910Z  /Applications/Xcode_26.2.app/Contents/Developer/Platforms/iPhoneSimulator.platform/Developer/SDKs/iPhoneSimulator26.2.sdk/usr/include
2026-04-22T16:43:52.5899210Z  /Applications/Xcode_26.2.app/Contents/Developer/Toolchains/XcodeDefault.xctoolchain/usr/include
2026-04-22T16:43:52.5899630Z  /Applications/Xcode_26.2.app/Contents/Developer/Platforms/iPhoneSimulator.platform/Developer/SDKs/iPhoneSimulator26.2.sdk/System/Library/Frameworks (framework directory)
2026-04-22T16:43:52.5900050Z  /Applications/Xcode_26.2.app/Contents/Developer/Platforms/iPhoneSimulator.platform/Developer/SDKs/iPhoneSimulator26.2.sdk/System/Library/SubFrameworks (framework directory)
2026-04-22T16:43:52.5900100Z End of search list.
2026-04-22T16:43:52.5900270Z clang -cc1 version 17.0.0 (clang-1700.6.3.2) default target arm64-apple-darwin24.6.0
2026-04-22T16:43:52.5900580Z ignoring nonexistent directory "/Users/runner/work/tcm-storage-ios/tcm-storage-ios/build/Build/Products/Debug-iphonesimulator/include"
2026-04-22T16:43:52.5901060Z ignoring nonexistent directory "/Users/runner/work/tcm-storage-ios/tcm-storage-ios/build/Build/Intermediates.noindex/Nextcloud.build/Debug-iphonesimulator/Share.build/DerivedSources-normal/arm64"
2026-04-22T16:43:52.5901530Z ignoring nonexistent directory "/Users/runner/work/tcm-storage-ios/tcm-storage-ios/build/Build/Intermediates.noindex/Nextcloud.build/Debug-iphonesimulator/Share.build/DerivedSources/arm64"
2026-04-22T16:43:52.5901940Z ignoring nonexistent directory "/Applications/Xcode_26.2.app/Contents/Developer/Platforms/iPhoneSimulator.platform/Developer/SDKs/iPhoneSimulator26.2.sdk/usr/local/include"
2026-04-22T16:43:52.5902360Z ignoring nonexistent directory "/Applications/Xcode_26.2.app/Contents/Developer/Platforms/iPhoneSimulator.platform/Developer/SDKs/iPhoneSimulator26.2.sdk/Library/Frameworks"
2026-04-22T16:43:52.5902850Z ignoring duplicate directory "/Users/runner/work/tcm-storage-ios/tcm-storage-ios/build/Build/Products/Debug-iphonesimulator/PackageFrameworks"
2026-04-22T16:43:52.5903200Z ignoring duplicate directory "/Users/runner/work/tcm-storage-ios/tcm-storage-ios/build/Build/Products/Debug-iphonesimulator/PackageFrameworks"
2026-04-22T16:43:52.5903550Z ignoring duplicate directory "/Users/runner/work/tcm-storage-ios/tcm-storage-ios/build/Build/Products/Debug-iphonesimulator/PackageFrameworks"
2026-04-22T16:43:52.5903900Z ignoring duplicate directory "/Users/runner/work/tcm-storage-ios/tcm-storage-ios/build/Build/Products/Debug-iphonesimulator/PackageFrameworks"
2026-04-22T16:43:52.5904230Z ignoring duplicate directory "/Users/runner/work/tcm-storage-ios/tcm-storage-ios/build/Build/Products/Debug-iphonesimulator/PackageFrameworks"
2026-04-22T16:43:52.5904550Z ignoring duplicate directory "/Users/runner/work/tcm-storage-ios/tcm-storage-ios/build/Build/Products/Debug-iphonesimulator/PackageFrameworks"
2026-04-22T16:43:52.5904880Z ignoring duplicate directory "/Users/runner/work/tcm-storage-ios/tcm-storage-ios/build/Build/Products/Debug-iphonesimulator/PackageFrameworks"
2026-04-22T16:43:52.5905290Z ignoring duplicate directory "/Users/runner/work/tcm-storage-ios/tcm-storage-ios/build/Build/Products/Debug-iphonesimulator/PackageFrameworks"
2026-04-22T16:43:52.5905610Z ignoring duplicate directory "/Users/runner/work/tcm-storage-ios/tcm-storage-ios/build/Build/Products/Debug-iphonesimulator/PackageFrameworks"
2026-04-22T16:43:52.5905940Z ignoring duplicate directory "/Users/runner/work/tcm-storage-ios/tcm-storage-ios/build/Build/Products/Debug-iphonesimulator/PackageFrameworks"
2026-04-22T16:43:52.5906260Z ignoring duplicate directory "/Users/runner/work/tcm-storage-ios/tcm-storage-ios/build/Build/Products/Debug-iphonesimulator/PackageFrameworks"
2026-04-22T16:43:52.5906580Z ignoring duplicate directory "/Users/runner/work/tcm-storage-ios/tcm-storage-ios/build/Build/Products/Debug-iphonesimulator/PackageFrameworks"
2026-04-22T16:43:52.5906920Z ignoring duplicate directory "/Users/runner/work/tcm-storage-ios/tcm-storage-ios/build/Build/Products/Debug-iphonesimulator/PackageFrameworks"
2026-04-22T16:43:52.5907240Z ignoring duplicate directory "/Users/runner/work/tcm-storage-ios/tcm-storage-ios/build/Build/Products/Debug-iphonesimulator/PackageFrameworks"
2026-04-22T16:43:52.5907560Z ignoring duplicate directory "/Users/runner/work/tcm-storage-ios/tcm-storage-ios/build/Build/Products/Debug-iphonesimulator/PackageFrameworks"
2026-04-22T16:43:52.5907890Z ignoring duplicate directory "/Users/runner/work/tcm-storage-ios/tcm-storage-ios/build/Build/Products/Debug-iphonesimulator/PackageFrameworks"
2026-04-22T16:43:52.5908210Z ignoring duplicate directory "/Users/runner/work/tcm-storage-ios/tcm-storage-ios/build/Build/Products/Debug-iphonesimulator/PackageFrameworks"
2026-04-22T16:43:52.5908530Z ignoring duplicate directory "/Users/runner/work/tcm-storage-ios/tcm-storage-ios/build/Build/Products/Debug-iphonesimulator/PackageFrameworks"
2026-04-22T16:43:52.5908860Z ignoring duplicate directory "/Users/runner/work/tcm-storage-ios/tcm-storage-ios/build/Build/Products/Debug-iphonesimulator/PackageFrameworks"
2026-04-22T16:43:52.5909190Z ignoring duplicate directory "/Users/runner/work/tcm-storage-ios/tcm-storage-ios/build/Build/Products/Debug-iphonesimulator/PackageFrameworks"
2026-04-22T16:43:52.5909510Z ignoring duplicate directory "/Users/runner/work/tcm-storage-ios/tcm-storage-ios/build/Build/Products/Debug-iphonesimulator/PackageFrameworks"
2026-04-22T16:43:52.5909840Z ignoring duplicate directory "/Users/runner/work/tcm-storage-ios/tcm-storage-ios/build/Build/Products/Debug-iphonesimulator/PackageFrameworks"
2026-04-22T16:43:52.5910160Z ignoring duplicate directory "/Users/runner/work/tcm-storage-ios/tcm-storage-ios/build/Build/Products/Debug-iphonesimulator/PackageFrameworks"
2026-04-22T16:43:52.5910610Z ignoring duplicate directory "/Users/runner/work/tcm-storage-ios/tcm-storage-ios/build/Build/Products/Debug-iphonesimulator/PackageFrameworks"
2026-04-22T16:43:52.5911070Z ignoring duplicate directory "/Users/runner/work/tcm-storage-ios/tcm-storage-ios/build/Build/Products/Debug-iphonesimulator/PackageFrameworks"
2026-04-22T16:43:52.5911410Z ignoring duplicate directory "/Users/runner/work/tcm-storage-ios/tcm-storage-ios/build/Build/Products/Debug-iphonesimulator/PackageFrameworks"
2026-04-22T16:43:52.5911740Z ignoring duplicate directory "/Users/runner/work/tcm-storage-ios/tcm-storage-ios/build/Build/Products/Debug-iphonesimulator/PackageFrameworks"
2026-04-22T16:43:52.5912070Z ignoring duplicate directory "/Users/runner/work/tcm-storage-ios/tcm-storage-ios/build/Build/Products/Debug-iphonesimulator/PackageFrameworks"
2026-04-22T16:43:52.5912400Z ignoring duplicate directory "/Users/runner/work/tcm-storage-ios/tcm-storage-ios/build/Build/Products/Debug-iphonesimulator/PackageFrameworks"
2026-04-22T16:43:52.5912740Z ignoring duplicate directory "/Users/runner/work/tcm-storage-ios/tcm-storage-ios/build/Build/Products/Debug-iphonesimulator/PackageFrameworks"
2026-04-22T16:43:52.5913080Z ignoring duplicate directory "/Users/runner/work/tcm-storage-ios/tcm-storage-ios/build/Build/Products/Debug-iphonesimulator/PackageFrameworks"
2026-04-22T16:43:52.5913440Z ignoring duplicate directory "/Users/runner/work/tcm-storage-ios/tcm-storage-ios/build/Build/Products/Debug-iphonesimulator/PackageFrameworks"
2026-04-22T16:43:52.5913770Z ignoring duplicate directory "/Users/runner/work/tcm-storage-ios/tcm-storage-ios/build/Build/Products/Debug-iphonesimulator/PackageFrameworks"
2026-04-22T16:43:52.5914090Z ignoring duplicate directory "/Users/runner/work/tcm-storage-ios/tcm-storage-ios/build/Build/Products/Debug-iphonesimulator/PackageFrameworks"
2026-04-22T16:43:52.5914420Z ignoring duplicate directory "/Users/runner/work/tcm-storage-ios/tcm-storage-ios/build/Build/Products/Debug-iphonesimulator/PackageFrameworks"
2026-04-22T16:43:52.5914750Z ignoring duplicate directory "/Users/runner/work/tcm-storage-ios/tcm-storage-ios/build/Build/Products/Debug-iphonesimulator/PackageFrameworks"
2026-04-22T16:43:52.5915080Z ignoring duplicate directory "/Users/runner/work/tcm-storage-ios/tcm-storage-ios/build/Build/Products/Debug-iphonesimulator/PackageFrameworks"
2026-04-22T16:43:52.5915410Z ignoring duplicate directory "/Users/runner/work/tcm-storage-ios/tcm-storage-ios/build/Build/Products/Debug-iphonesimulator/PackageFrameworks"
2026-04-22T16:43:52.5915730Z ignoring duplicate directory "/Users/runner/work/tcm-storage-ios/tcm-storage-ios/build/Build/Products/Debug-iphonesimulator/PackageFrameworks"
2026-04-22T16:43:52.5916060Z ignoring duplicate directory "/Users/runner/work/tcm-storage-ios/tcm-storage-ios/build/Build/Products/Debug-iphonesimulator/PackageFrameworks"
2026-04-22T16:43:52.5916120Z #include "..." search starts here:
2026-04-22T16:43:52.5916550Z  /Users/runner/work/tcm-storage-ios/tcm-storage-ios/build/Build/Intermediates.noindex/Nextcloud.build/Debug-iphonesimulator/Share.build/Share-generated-files.hmap (headermap)
2026-04-22T16:43:52.5916990Z  /Users/runner/work/tcm-storage-ios/tcm-storage-ios/build/Build/Intermediates.noindex/Nextcloud.build/Debug-iphonesimulator/Share.build/Share-project-headers.hmap (headermap)
2026-04-22T16:43:52.5917050Z #include <...> search starts here:
2026-04-22T16:43:52.5917490Z  /Users/runner/work/tcm-storage-ios/tcm-storage-ios/build/Build/Intermediates.noindex/Nextcloud.build/Debug-iphonesimulator/Share.build/Share-own-target-headers.hmap (headermap)
2026-04-22T16:43:52.5917980Z  /Users/runner/work/tcm-storage-ios/tcm-storage-ios/build/Build/Intermediates.noindex/Nextcloud.build/Debug-iphonesimulator/Share.build/Share-all-non-framework-target-headers.hmap (headermap)
2026-04-22T16:43:52.5918190Z  /Users/runner/work/tcm-storage-ios/tcm-storage-ios/build/SourcePackages/checkouts/realm-core/src
2026-04-22T16:43:52.5918430Z  /Users/runner/work/tcm-storage-ios/tcm-storage-ios/build/SourcePackages/checkouts/realm-core/src/external/s2
2026-04-22T16:43:52.5918850Z  /Users/runner/work/tcm-storage-ios/tcm-storage-ios/build/SourcePackages/checkouts/realm-core/src/external/IntelRDFPMathLib20U2/LIBRARY/src
2026-04-22T16:43:52.5919120Z  /Users/runner/work/tcm-storage-ios/tcm-storage-ios/build/SourcePackages/checkouts/realm-core/src/spm
2026-04-22T16:43:52.5919340Z  /Users/runner/work/tcm-storage-ios/tcm-storage-ios/build/SourcePackages/checkouts/realm-swift/include
2026-04-22T16:43:52.5919640Z  /Users/runner/work/tcm-storage-ios/tcm-storage-ios/build/SourcePackages/checkouts/swift-atomics/Sources/_AtomicsShims/include
2026-04-22T16:43:52.5919910Z  /Users/runner/work/tcm-storage-ios/tcm-storage-ios/build/SourcePackages/checkouts/swift-nio/Sources/CNIOPosix/include
2026-04-22T16:43:52.5920170Z  /Users/runner/work/tcm-storage-ios/tcm-storage-ios/build/SourcePackages/checkouts/swift-nio/Sources/CNIOWASI/include
2026-04-22T16:43:52.5920440Z  /Users/runner/work/tcm-storage-ios/tcm-storage-ios/build/SourcePackages/checkouts/swift-nio/Sources/CNIOWindows/include
2026-04-22T16:43:52.5920700Z  /Users/runner/work/tcm-storage-ios/tcm-storage-ios/build/SourcePackages/checkouts/swift-nio/Sources/CNIOLinux/include
2026-04-22T16:43:52.5920990Z  /Users/runner/work/tcm-storage-ios/tcm-storage-ios/build/SourcePackages/checkouts/swift-nio/Sources/CNIODarwin/include
2026-04-22T16:43:52.5921260Z  /Users/runner/work/tcm-storage-ios/tcm-storage-ios/build/SourcePackages/checkouts/swift-nio/Sources/CNIOOpenBSD/include
2026-04-22T16:43:52.5921540Z  /Users/runner/work/tcm-storage-ios/tcm-storage-ios/build/SourcePackages/checkouts/swift-nio/Sources/CNIOAtomics/include
2026-04-22T16:43:52.5921840Z  /Users/runner/work/tcm-storage-ios/tcm-storage-ios/build/SourcePackages/checkouts/swift-nio-ssl/Sources/CNIOBoringSSLShims/include
2026-04-22T16:43:52.5922130Z  /Users/runner/work/tcm-storage-ios/tcm-storage-ios/build/SourcePackages/checkouts/swift-nio-ssl/Sources/CNIOBoringSSL/include
2026-04-22T16:43:52.5922400Z  /Users/runner/work/tcm-storage-ios/tcm-storage-ios/build/SourcePackages/checkouts/GzipSwift/Sources/system-zlib/include
2026-04-22T16:43:52.5922760Z  /Users/runner/work/tcm-storage-ios/tcm-storage-ios/build/Build/Intermediates.noindex/Nextcloud.build/Debug-iphonesimulator/Share.build/DerivedSources
2026-04-22T16:43:52.5923080Z  /Users/runner/work/tcm-storage-ios/tcm-storage-ios/build/Build/Products/Debug-iphonesimulator/PackageFrameworks (framework directory)
2026-04-22T16:43:52.5923340Z  /Users/runner/work/tcm-storage-ios/tcm-storage-ios/build/Build/Products/Debug-iphonesimulator (framework directory)
2026-04-22T16:43:52.5923660Z  /Applications/Xcode_26.2.app/Contents/Developer/Platforms/iPhoneSimulator.platform/Developer/Library/Frameworks (framework directory)
2026-04-22T16:43:52.5924080Z  /Applications/Xcode_26.2.app/Contents/Developer/Platforms/iPhoneSimulator.platform/Developer/SDKs/iPhoneSimulator26.2.sdk/Developer/Library/Frameworks (framework directory)
2026-04-22T16:43:52.5924330Z  /Applications/Xcode_26.2.app/Contents/Developer/Toolchains/XcodeDefault.xctoolchain/usr/lib/clang/17/include
2026-04-22T16:43:52.5924650Z  /Applications/Xcode_26.2.app/Contents/Developer/Platforms/iPhoneSimulator.platform/Developer/SDKs/iPhoneSimulator26.2.sdk/usr/include
2026-04-22T16:43:52.5924850Z  /Applications/Xcode_26.2.app/Contents/Developer/Toolchains/XcodeDefault.xctoolchain/usr/include
2026-04-22T16:43:52.5925270Z  /Applications/Xcode_26.2.app/Contents/Developer/Platforms/iPhoneSimulator.platform/Developer/SDKs/iPhoneSimulator26.2.sdk/System/Library/Frameworks (framework directory)
2026-04-22T16:43:52.5925690Z  /Applications/Xcode_26.2.app/Contents/Developer/Platforms/iPhoneSimulator.platform/Developer/SDKs/iPhoneSimulator26.2.sdk/System/Library/SubFrameworks (framework directory)
2026-04-22T16:43:52.5925740Z End of search list.
2026-04-22T16:43:52.5925900Z clang -cc1 version 17.0.0 (clang-1700.6.3.2) default target arm64-apple-darwin24.6.0
2026-04-22T16:43:52.5926210Z ignoring nonexistent directory "/Users/runner/work/tcm-storage-ios/tcm-storage-ios/build/Build/Products/Debug-iphonesimulator/include"
2026-04-22T16:43:52.5926840Z ignoring nonexistent directory "/Users/runner/work/tcm-storage-ios/tcm-storage-ios/build/Build/Intermediates.noindex/Nextcloud.build/Debug-iphonesimulator/Share.build/DerivedSources-normal/arm64"
2026-04-22T16:43:52.5927310Z ignoring nonexistent directory "/Users/runner/work/tcm-storage-ios/tcm-storage-ios/build/Build/Intermediates.noindex/Nextcloud.build/Debug-iphonesimulator/Share.build/DerivedSources/arm64"
2026-04-22T16:43:52.5927730Z ignoring nonexistent directory "/Applications/Xcode_26.2.app/Contents/Developer/Platforms/iPhoneSimulator.platform/Developer/SDKs/iPhoneSimulator26.2.sdk/usr/local/include"
2026-04-22T16:43:52.5928150Z ignoring nonexistent directory "/Applications/Xcode_26.2.app/Contents/Developer/Platforms/iPhoneSimulator.platform/Developer/SDKs/iPhoneSimulator26.2.sdk/Library/Frameworks"
2026-04-22T16:43:52.5928480Z ignoring duplicate directory "/Users/runner/work/tcm-storage-ios/tcm-storage-ios/build/Build/Products/Debug-iphonesimulator/PackageFrameworks"
2026-04-22T16:43:52.5928820Z ignoring duplicate directory "/Users/runner/work/tcm-storage-ios/tcm-storage-ios/build/Build/Products/Debug-iphonesimulator/PackageFrameworks"
2026-04-22T16:43:52.5929180Z ignoring duplicate directory "/Users/runner/work/tcm-storage-ios/tcm-storage-ios/build/Build/Products/Debug-iphonesimulator/PackageFrameworks"
2026-04-22T16:43:52.5929540Z ignoring duplicate directory "/Users/runner/work/tcm-storage-ios/tcm-storage-ios/build/Build/Products/Debug-iphonesimulator/PackageFrameworks"
2026-04-22T16:43:52.5929870Z ignoring duplicate directory "/Users/runner/work/tcm-storage-ios/tcm-storage-ios/build/Build/Products/Debug-iphonesimulator/PackageFrameworks"
2026-04-22T16:43:52.5930200Z ignoring duplicate directory "/Users/runner/work/tcm-storage-ios/tcm-storage-ios/build/Build/Products/Debug-iphonesimulator/PackageFrameworks"
2026-04-22T16:43:52.5930620Z ignoring duplicate directory "/Users/runner/work/tcm-storage-ios/tcm-storage-ios/build/Build/Products/Debug-iphonesimulator/PackageFrameworks"
2026-04-22T16:43:52.5930950Z ignoring duplicate directory "/Users/runner/work/tcm-storage-ios/tcm-storage-ios/build/Build/Products/Debug-iphonesimulator/PackageFrameworks"
2026-04-22T16:43:52.5931270Z ignoring duplicate directory "/Users/runner/work/tcm-storage-ios/tcm-storage-ios/build/Build/Products/Debug-iphonesimulator/PackageFrameworks"
2026-04-22T16:43:52.5931610Z ignoring duplicate directory "/Users/runner/work/tcm-storage-ios/tcm-storage-ios/build/Build/Products/Debug-iphonesimulator/PackageFrameworks"
2026-04-22T16:43:52.5931930Z ignoring duplicate directory "/Users/runner/work/tcm-storage-ios/tcm-storage-ios/build/Build/Products/Debug-iphonesimulator/PackageFrameworks"
2026-04-22T16:43:52.5932250Z ignoring duplicate directory "/Users/runner/work/tcm-storage-ios/tcm-storage-ios/build/Build/Products/Debug-iphonesimulator/PackageFrameworks"
2026-04-22T16:43:52.5932580Z ignoring duplicate directory "/Users/runner/work/tcm-storage-ios/tcm-storage-ios/build/Build/Products/Debug-iphonesimulator/PackageFrameworks"
2026-04-22T16:43:52.5932900Z ignoring duplicate directory "/Users/runner/work/tcm-storage-ios/tcm-storage-ios/build/Build/Products/Debug-iphonesimulator/PackageFrameworks"
2026-04-22T16:43:52.5933250Z ignoring duplicate directory "/Users/runner/work/tcm-storage-ios/tcm-storage-ios/build/Build/Products/Debug-iphonesimulator/PackageFrameworks"
2026-04-22T16:43:52.5933580Z ignoring duplicate directory "/Users/runner/work/tcm-storage-ios/tcm-storage-ios/build/Build/Products/Debug-iphonesimulator/PackageFrameworks"
2026-04-22T16:43:52.5933950Z ignoring duplicate directory "/Users/runner/work/tcm-storage-ios/tcm-storage-ios/build/Build/Products/Debug-iphonesimulator/PackageFrameworks"
2026-04-22T16:43:52.5934280Z ignoring duplicate directory "/Users/runner/work/tcm-storage-ios/tcm-storage-ios/build/Build/Products/Debug-iphonesimulator/PackageFrameworks"
2026-04-22T16:43:52.5934610Z ignoring duplicate directory "/Users/runner/work/tcm-storage-ios/tcm-storage-ios/build/Build/Products/Debug-iphonesimulator/PackageFrameworks"
2026-04-22T16:43:52.5935060Z ignoring duplicate directory "/Users/runner/work/tcm-storage-ios/tcm-storage-ios/build/Build/Products/Debug-iphonesimulator/PackageFrameworks"
2026-04-22T16:43:52.5935490Z ignoring duplicate directory "/Users/runner/work/tcm-storage-ios/tcm-storage-ios/build/Build/Products/Debug-iphonesimulator/PackageFrameworks"
2026-04-22T16:43:52.5935830Z ignoring duplicate directory "/Users/runner/work/tcm-storage-ios/tcm-storage-ios/build/Build/Products/Debug-iphonesimulator/PackageFrameworks"
2026-04-22T16:43:52.5936160Z ignoring duplicate directory "/Users/runner/work/tcm-storage-ios/tcm-storage-ios/build/Build/Products/Debug-iphonesimulator/PackageFrameworks"
2026-04-22T16:43:52.5936490Z ignoring duplicate directory "/Users/runner/work/tcm-storage-ios/tcm-storage-ios/build/Build/Products/Debug-iphonesimulator/PackageFrameworks"
2026-04-22T16:43:52.5936810Z ignoring duplicate directory "/Users/runner/work/tcm-storage-ios/tcm-storage-ios/build/Build/Products/Debug-iphonesimulator/PackageFrameworks"
2026-04-22T16:43:52.5937140Z ignoring duplicate directory "/Users/runner/work/tcm-storage-ios/tcm-storage-ios/build/Build/Products/Debug-iphonesimulator/PackageFrameworks"
2026-04-22T16:43:52.5937470Z ignoring duplicate directory "/Users/runner/work/tcm-storage-ios/tcm-storage-ios/build/Build/Products/Debug-iphonesimulator/PackageFrameworks"
2026-04-22T16:43:52.5937800Z ignoring duplicate directory "/Users/runner/work/tcm-storage-ios/tcm-storage-ios/build/Build/Products/Debug-iphonesimulator/PackageFrameworks"
2026-04-22T16:43:52.5938130Z ignoring duplicate directory "/Users/runner/work/tcm-storage-ios/tcm-storage-ios/build/Build/Products/Debug-iphonesimulator/PackageFrameworks"
2026-04-22T16:43:52.5938450Z ignoring duplicate directory "/Users/runner/work/tcm-storage-ios/tcm-storage-ios/build/Build/Products/Debug-iphonesimulator/PackageFrameworks"
2026-04-22T16:43:52.5938780Z ignoring duplicate directory "/Users/runner/work/tcm-storage-ios/tcm-storage-ios/build/Build/Products/Debug-iphonesimulator/PackageFrameworks"
2026-04-22T16:43:52.5939100Z ignoring duplicate directory "/Users/runner/work/tcm-storage-ios/tcm-storage-ios/build/Build/Products/Debug-iphonesimulator/PackageFrameworks"
2026-04-22T16:43:52.5939430Z ignoring duplicate directory "/Users/runner/work/tcm-storage-ios/tcm-storage-ios/build/Build/Products/Debug-iphonesimulator/PackageFrameworks"
2026-04-22T16:43:52.5939800Z ignoring duplicate directory "/Users/runner/work/tcm-storage-ios/tcm-storage-ios/build/Build/Products/Debug-iphonesimulator/PackageFrameworks"
2026-04-22T16:43:52.5940130Z ignoring duplicate directory "/Users/runner/work/tcm-storage-ios/tcm-storage-ios/build/Build/Products/Debug-iphonesimulator/PackageFrameworks"
2026-04-22T16:43:52.5940460Z ignoring duplicate directory "/Users/runner/work/tcm-storage-ios/tcm-storage-ios/build/Build/Products/Debug-iphonesimulator/PackageFrameworks"
2026-04-22T16:43:52.5940790Z ignoring duplicate directory "/Users/runner/work/tcm-storage-ios/tcm-storage-ios/build/Build/Products/Debug-iphonesimulator/PackageFrameworks"
2026-04-22T16:43:52.5941120Z ignoring duplicate directory "/Users/runner/work/tcm-storage-ios/tcm-storage-ios/build/Build/Products/Debug-iphonesimulator/PackageFrameworks"
2026-04-22T16:43:52.5941450Z ignoring duplicate directory "/Users/runner/work/tcm-storage-ios/tcm-storage-ios/build/Build/Products/Debug-iphonesimulator/PackageFrameworks"
2026-04-22T16:43:52.5941770Z ignoring duplicate directory "/Users/runner/work/tcm-storage-ios/tcm-storage-ios/build/Build/Products/Debug-iphonesimulator/PackageFrameworks"
2026-04-22T16:43:52.5941830Z #include "..." search starts here:
2026-04-22T16:43:52.5942260Z  /Users/runner/work/tcm-storage-ios/tcm-storage-ios/build/Build/Intermediates.noindex/Nextcloud.build/Debug-iphonesimulator/Share.build/Share-generated-files.hmap (headermap)
2026-04-22T16:43:52.5942690Z  /Users/runner/work/tcm-storage-ios/tcm-storage-ios/build/Build/Intermediates.noindex/Nextcloud.build/Debug-iphonesimulator/Share.build/Share-project-headers.hmap (headermap)
2026-04-22T16:43:52.5942960Z #include <...> search starts here:
2026-04-22T16:43:52.5943680Z  /Users/runner/work/tcm-storage-ios/tcm-storage-ios/build/Build/Intermediates.noindex/Nextcloud.build/Debug-iphonesimulator/Share.build/Share-own-target-headers.hmap (headermap)
2026-04-22T16:43:52.5944200Z  /Users/runner/work/tcm-storage-ios/tcm-storage-ios/build/Build/Intermediates.noindex/Nextcloud.build/Debug-iphonesimulator/Share.build/Share-all-non-framework-target-headers.hmap (headermap)
2026-04-22T16:43:52.5944420Z  /Users/runner/work/tcm-storage-ios/tcm-storage-ios/build/SourcePackages/checkouts/realm-core/src
2026-04-22T16:43:52.5944660Z  /Users/runner/work/tcm-storage-ios/tcm-storage-ios/build/SourcePackages/checkouts/realm-core/src/external/s2
2026-04-22T16:43:52.5944980Z  /Users/runner/work/tcm-storage-ios/tcm-storage-ios/build/SourcePackages/checkouts/realm-core/src/external/IntelRDFPMathLib20U2/LIBRARY/src
2026-04-22T16:43:52.5945190Z  /Users/runner/work/tcm-storage-ios/tcm-storage-ios/build/SourcePackages/checkouts/realm-core/src/spm
2026-04-22T16:43:52.5945420Z  /Users/runner/work/tcm-storage-ios/tcm-storage-ios/build/SourcePackages/checkouts/realm-swift/include
2026-04-22T16:43:52.5945710Z  /Users/runner/work/tcm-storage-ios/tcm-storage-ios/build/SourcePackages/checkouts/swift-atomics/Sources/_AtomicsShims/include
2026-04-22T16:43:52.5945970Z  /Users/runner/work/tcm-storage-ios/tcm-storage-ios/build/SourcePackages/checkouts/swift-nio/Sources/CNIOPosix/include
2026-04-22T16:43:52.5946240Z  /Users/runner/work/tcm-storage-ios/tcm-storage-ios/build/SourcePackages/checkouts/swift-nio/Sources/CNIOWASI/include
2026-04-22T16:43:52.5946500Z  /Users/runner/work/tcm-storage-ios/tcm-storage-ios/build/SourcePackages/checkouts/swift-nio/Sources/CNIOWindows/include
2026-04-22T16:43:52.5946760Z  /Users/runner/work/tcm-storage-ios/tcm-storage-ios/build/SourcePackages/checkouts/swift-nio/Sources/CNIOLinux/include
2026-04-22T16:43:52.5947020Z  /Users/runner/work/tcm-storage-ios/tcm-storage-ios/build/SourcePackages/checkouts/swift-nio/Sources/CNIODarwin/include
2026-04-22T16:43:52.5947290Z  /Users/runner/work/tcm-storage-ios/tcm-storage-ios/build/SourcePackages/checkouts/swift-nio/Sources/CNIOOpenBSD/include
2026-04-22T16:43:52.5947560Z  /Users/runner/work/tcm-storage-ios/tcm-storage-ios/build/SourcePackages/checkouts/swift-nio/Sources/CNIOAtomics/include
2026-04-22T16:43:52.5947870Z  /Users/runner/work/tcm-storage-ios/tcm-storage-ios/build/SourcePackages/checkouts/swift-nio-ssl/Sources/CNIOBoringSSLShims/include
2026-04-22T16:43:52.5948160Z  /Users/runner/work/tcm-storage-ios/tcm-storage-ios/build/SourcePackages/checkouts/swift-nio-ssl/Sources/CNIOBoringSSL/include
2026-04-22T16:43:52.5948420Z  /Users/runner/work/tcm-storage-ios/tcm-storage-ios/build/SourcePackages/checkouts/GzipSwift/Sources/system-zlib/include
2026-04-22T16:43:52.5948780Z  /Users/runner/work/tcm-storage-ios/tcm-storage-ios/build/Build/Intermediates.noindex/Nextcloud.build/Debug-iphonesimulator/Share.build/DerivedSources
2026-04-22T16:43:52.5949100Z  /Users/runner/work/tcm-storage-ios/tcm-storage-ios/build/Build/Products/Debug-iphonesimulator/PackageFrameworks (framework directory)
2026-04-22T16:43:52.5949360Z  /Users/runner/work/tcm-storage-ios/tcm-storage-ios/build/Build/Products/Debug-iphonesimulator (framework directory)
2026-04-22T16:43:52.5949670Z  /Applications/Xcode_26.2.app/Contents/Developer/Platforms/iPhoneSimulator.platform/Developer/Library/Frameworks (framework directory)
2026-04-22T16:43:52.5950090Z  /Applications/Xcode_26.2.app/Contents/Developer/Platforms/iPhoneSimulator.platform/Developer/SDKs/iPhoneSimulator26.2.sdk/Developer/Library/Frameworks (framework directory)
2026-04-22T16:43:52.5950340Z  /Applications/Xcode_26.2.app/Contents/Developer/Toolchains/XcodeDefault.xctoolchain/usr/lib/clang/17/include
2026-04-22T16:43:52.5950650Z  /Applications/Xcode_26.2.app/Contents/Developer/Platforms/iPhoneSimulator.platform/Developer/SDKs/iPhoneSimulator26.2.sdk/usr/include
2026-04-22T16:43:52.5950950Z  /Applications/Xcode_26.2.app/Contents/Developer/Toolchains/XcodeDefault.xctoolchain/usr/include
2026-04-22T16:43:52.5951490Z  /Applications/Xcode_26.2.app/Contents/Developer/Platforms/iPhoneSimulator.platform/Developer/SDKs/iPhoneSimulator26.2.sdk/System/Library/Frameworks (framework directory)
2026-04-22T16:43:52.5951930Z  /Applications/Xcode_26.2.app/Contents/Developer/Platforms/iPhoneSimulator.platform/Developer/SDKs/iPhoneSimulator26.2.sdk/System/Library/SubFrameworks (framework directory)
2026-04-22T16:43:52.5951980Z End of search list.
2026-04-22T16:43:52.5970720Z clang -cc1 version 17.0.0 (clang-1700.6.3.2) default target arm64-apple-darwin24.6.0
2026-04-22T16:43:52.5971630Z ignoring nonexistent directory "/Users/runner/work/tcm-storage-ios/tcm-storage-ios/build/Build/Products/Debug-iphonesimulator/include"
2026-04-22T16:43:52.5972270Z ignoring nonexistent directory "/Users/runner/work/tcm-storage-ios/tcm-storage-ios/build/Build/Intermediates.noindex/Nextcloud.build/Debug-iphonesimulator/Share.build/DerivedSources-normal/arm64"
2026-04-22T16:43:52.5972850Z ignoring nonexistent directory "/Users/runner/work/tcm-storage-ios/tcm-storage-ios/build/Build/Intermediates.noindex/Nextcloud.build/Debug-iphonesimulator/Share.build/DerivedSources/arm64"
2026-04-22T16:43:52.5973390Z ignoring nonexistent directory "/Applications/Xcode_26.2.app/Contents/Developer/Platforms/iPhoneSimulator.platform/Developer/SDKs/iPhoneSimulator26.2.sdk/usr/local/include"
2026-04-22T16:43:52.5973910Z ignoring nonexistent directory "/Applications/Xcode_26.2.app/Contents/Developer/Platforms/iPhoneSimulator.platform/Developer/SDKs/iPhoneSimulator26.2.sdk/Library/Frameworks"
2026-04-22T16:43:52.5974330Z ignoring duplicate directory "/Users/runner/work/tcm-storage-ios/tcm-storage-ios/build/Build/Products/Debug-iphonesimulator/PackageFrameworks"
2026-04-22T16:43:52.5974810Z ignoring duplicate directory "/Users/runner/work/tcm-storage-ios/tcm-storage-ios/build/Build/Products/Debug-iphonesimulator/PackageFrameworks"
2026-04-22T16:43:52.5975150Z ignoring duplicate directory "/Users/runner/work/tcm-storage-ios/tcm-storage-ios/build/Build/Products/Debug-iphonesimulator/PackageFrameworks"
2026-04-22T16:43:52.5975480Z ignoring duplicate directory "/Users/runner/work/tcm-storage-ios/tcm-storage-ios/build/Build/Products/Debug-iphonesimulator/PackageFrameworks"
2026-04-22T16:43:52.5975810Z ignoring duplicate directory "/Users/runner/work/tcm-storage-ios/tcm-storage-ios/build/Build/Products/Debug-iphonesimulator/PackageFrameworks"
2026-04-22T16:43:52.5976130Z ignoring duplicate directory "/Users/runner/work/tcm-storage-ios/tcm-storage-ios/build/Build/Products/Debug-iphonesimulator/PackageFrameworks"
2026-04-22T16:43:52.5976460Z ignoring duplicate directory "/Users/runner/work/tcm-storage-ios/tcm-storage-ios/build/Build/Products/Debug-iphonesimulator/PackageFrameworks"
2026-04-22T16:43:52.5976780Z ignoring duplicate directory "/Users/runner/work/tcm-storage-ios/tcm-storage-ios/build/Build/Products/Debug-iphonesimulator/PackageFrameworks"
2026-04-22T16:43:52.5977110Z ignoring duplicate directory "/Users/runner/work/tcm-storage-ios/tcm-storage-ios/build/Build/Products/Debug-iphonesimulator/PackageFrameworks"
2026-04-22T16:43:52.5977440Z ignoring duplicate directory "/Users/runner/work/tcm-storage-ios/tcm-storage-ios/build/Build/Products/Debug-iphonesimulator/PackageFrameworks"
2026-04-22T16:43:52.5977770Z ignoring duplicate directory "/Users/runner/work/tcm-storage-ios/tcm-storage-ios/build/Build/Products/Debug-iphonesimulator/PackageFrameworks"
2026-04-22T16:43:52.5978090Z ignoring duplicate directory "/Users/runner/work/tcm-storage-ios/tcm-storage-ios/build/Build/Products/Debug-iphonesimulator/PackageFrameworks"
2026-04-22T16:43:52.5978420Z ignoring duplicate directory "/Users/runner/work/tcm-storage-ios/tcm-storage-ios/build/Build/Products/Debug-iphonesimulator/PackageFrameworks"
2026-04-22T16:43:52.5978750Z ignoring duplicate directory "/Users/runner/work/tcm-storage-ios/tcm-storage-ios/build/Build/Products/Debug-iphonesimulator/PackageFrameworks"
2026-04-22T16:43:52.5979210Z ignoring duplicate directory "/Users/runner/work/tcm-storage-ios/tcm-storage-ios/build/Build/Products/Debug-iphonesimulator/PackageFrameworks"
2026-04-22T16:43:52.5979620Z ignoring duplicate directory "/Users/runner/work/tcm-storage-ios/tcm-storage-ios/build/Build/Products/Debug-iphonesimulator/PackageFrameworks"
2026-04-22T16:43:52.5979950Z ignoring duplicate directory "/Users/runner/work/tcm-storage-ios/tcm-storage-ios/build/Build/Products/Debug-iphonesimulator/PackageFrameworks"
2026-04-22T16:43:52.5980290Z ignoring duplicate directory "/Users/runner/work/tcm-storage-ios/tcm-storage-ios/build/Build/Products/Debug-iphonesimulator/PackageFrameworks"
2026-04-22T16:43:52.5980620Z ignoring duplicate directory "/Users/runner/work/tcm-storage-ios/tcm-storage-ios/build/Build/Products/Debug-iphonesimulator/PackageFrameworks"
2026-04-22T16:43:52.5980950Z ignoring duplicate directory "/Users/runner/work/tcm-storage-ios/tcm-storage-ios/build/Build/Products/Debug-iphonesimulator/PackageFrameworks"
2026-04-22T16:43:52.5981280Z ignoring duplicate directory "/Users/runner/work/tcm-storage-ios/tcm-storage-ios/build/Build/Products/Debug-iphonesimulator/PackageFrameworks"
2026-04-22T16:43:52.5981610Z ignoring duplicate directory "/Users/runner/work/tcm-storage-ios/tcm-storage-ios/build/Build/Products/Debug-iphonesimulator/PackageFrameworks"
2026-04-22T16:43:52.5981940Z ignoring duplicate directory "/Users/runner/work/tcm-storage-ios/tcm-storage-ios/build/Build/Products/Debug-iphonesimulator/PackageFrameworks"
2026-04-22T16:43:52.5982270Z ignoring duplicate directory "/Users/runner/work/tcm-storage-ios/tcm-storage-ios/build/Build/Products/Debug-iphonesimulator/PackageFrameworks"
2026-04-22T16:43:52.5982600Z ignoring duplicate directory "/Users/runner/work/tcm-storage-ios/tcm-storage-ios/build/Build/Products/Debug-iphonesimulator/PackageFrameworks"
2026-04-22T16:43:52.5982930Z ignoring duplicate directory "/Users/runner/work/tcm-storage-ios/tcm-storage-ios/build/Build/Products/Debug-iphonesimulator/PackageFrameworks"
2026-04-22T16:43:52.5983250Z ignoring duplicate directory "/Users/runner/work/tcm-storage-ios/tcm-storage-ios/build/Build/Products/Debug-iphonesimulator/PackageFrameworks"
2026-04-22T16:43:52.5983590Z ignoring duplicate directory "/Users/runner/work/tcm-storage-ios/tcm-storage-ios/build/Build/Products/Debug-iphonesimulator/PackageFrameworks"
2026-04-22T16:43:52.5983910Z ignoring duplicate directory "/Users/runner/work/tcm-storage-ios/tcm-storage-ios/build/Build/Products/Debug-iphonesimulator/PackageFrameworks"
2026-04-22T16:43:52.5984230Z ignoring duplicate directory "/Users/runner/work/tcm-storage-ios/tcm-storage-ios/build/Build/Products/Debug-iphonesimulator/PackageFrameworks"
2026-04-22T16:43:52.5984560Z ignoring duplicate directory "/Users/runner/work/tcm-storage-ios/tcm-storage-ios/build/Build/Products/Debug-iphonesimulator/PackageFrameworks"
2026-04-22T16:43:52.5984880Z ignoring duplicate directory "/Users/runner/work/tcm-storage-ios/tcm-storage-ios/build/Build/Products/Debug-iphonesimulator/PackageFrameworks"
2026-04-22T16:43:52.5985210Z ignoring duplicate directory "/Users/runner/work/tcm-storage-ios/tcm-storage-ios/build/Build/Products/Debug-iphonesimulator/PackageFrameworks"
2026-04-22T16:43:52.5985540Z ignoring duplicate directory "/Users/runner/work/tcm-storage-ios/tcm-storage-ios/build/Build/Products/Debug-iphonesimulator/PackageFrameworks"
2026-04-22T16:43:52.5985870Z ignoring duplicate directory "/Users/runner/work/tcm-storage-ios/tcm-storage-ios/build/Build/Products/Debug-iphonesimulator/PackageFrameworks"
2026-04-22T16:43:52.5986200Z ignoring duplicate directory "/Users/runner/work/tcm-storage-ios/tcm-storage-ios/build/Build/Products/Debug-iphonesimulator/PackageFrameworks"
2026-04-22T16:43:52.5986550Z ignoring duplicate directory "/Users/runner/work/tcm-storage-ios/tcm-storage-ios/build/Build/Products/Debug-iphonesimulator/PackageFrameworks"
2026-04-22T16:43:52.5986880Z ignoring duplicate directory "/Users/runner/work/tcm-storage-ios/tcm-storage-ios/build/Build/Products/Debug-iphonesimulator/PackageFrameworks"
2026-04-22T16:43:52.5987290Z ignoring duplicate directory "/Users/runner/work/tcm-storage-ios/tcm-storage-ios/build/Build/Products/Debug-iphonesimulator/PackageFrameworks"
2026-04-22T16:43:52.5987660Z ignoring duplicate directory "/Users/runner/work/tcm-storage-ios/tcm-storage-ios/build/Build/Products/Debug-iphonesimulator/PackageFrameworks"
2026-04-22T16:43:52.5987720Z #include "..." search starts here:
2026-04-22T16:43:52.5988160Z  /Users/runner/work/tcm-storage-ios/tcm-storage-ios/build/Build/Intermediates.noindex/Nextcloud.build/Debug-iphonesimulator/Share.build/Share-generated-files.hmap (headermap)
2026-04-22T16:43:52.5988590Z  /Users/runner/work/tcm-storage-ios/tcm-storage-ios/build/Build/Intermediates.noindex/Nextcloud.build/Debug-iphonesimulator/Share.build/Share-project-headers.hmap (headermap)
2026-04-22T16:43:52.5988650Z #include <...> search starts here:
2026-04-22T16:43:52.5989090Z  /Users/runner/work/tcm-storage-ios/tcm-storage-ios/build/Build/Intermediates.noindex/Nextcloud.build/Debug-iphonesimulator/Share.build/Share-own-target-headers.hmap (headermap)
2026-04-22T16:43:52.5989590Z  /Users/runner/work/tcm-storage-ios/tcm-storage-ios/build/Build/Intermediates.noindex/Nextcloud.build/Debug-iphonesimulator/Share.build/Share-all-non-framework-target-headers.hmap (headermap)
2026-04-22T16:43:52.5989800Z  /Users/runner/work/tcm-storage-ios/tcm-storage-ios/build/SourcePackages/checkouts/realm-core/src
2026-04-22T16:43:52.5990040Z  /Users/runner/work/tcm-storage-ios/tcm-storage-ios/build/SourcePackages/checkouts/realm-core/src/external/s2
2026-04-22T16:43:52.5990370Z  /Users/runner/work/tcm-storage-ios/tcm-storage-ios/build/SourcePackages/checkouts/realm-core/src/external/IntelRDFPMathLib20U2/LIBRARY/src
2026-04-22T16:43:52.5990590Z  /Users/runner/work/tcm-storage-ios/tcm-storage-ios/build/SourcePackages/checkouts/realm-core/src/spm
2026-04-22T16:43:52.5990810Z  /Users/runner/work/tcm-storage-ios/tcm-storage-ios/build/SourcePackages/checkouts/realm-swift/include
2026-04-22T16:43:52.5991100Z  /Users/runner/work/tcm-storage-ios/tcm-storage-ios/build/SourcePackages/checkouts/swift-atomics/Sources/_AtomicsShims/include
2026-04-22T16:43:52.5991370Z  /Users/runner/work/tcm-storage-ios/tcm-storage-ios/build/SourcePackages/checkouts/swift-nio/Sources/CNIOPosix/include
2026-04-22T16:43:52.5991670Z  /Users/runner/work/tcm-storage-ios/tcm-storage-ios/build/SourcePackages/checkouts/swift-nio/Sources/CNIOWASI/include
2026-04-22T16:43:52.5991990Z  /Users/runner/work/tcm-storage-ios/tcm-storage-ios/build/SourcePackages/checkouts/swift-nio/Sources/CNIOWindows/include
2026-04-22T16:43:52.5992290Z  /Users/runner/work/tcm-storage-ios/tcm-storage-ios/build/SourcePackages/checkouts/swift-nio/Sources/CNIOLinux/include
2026-04-22T16:43:52.5992580Z  /Users/runner/work/tcm-storage-ios/tcm-storage-ios/build/SourcePackages/checkouts/swift-nio/Sources/CNIODarwin/include
2026-04-22T16:43:52.5992870Z  /Users/runner/work/tcm-storage-ios/tcm-storage-ios/build/SourcePackages/checkouts/swift-nio/Sources/CNIOOpenBSD/include
2026-04-22T16:43:52.5993150Z  /Users/runner/work/tcm-storage-ios/tcm-storage-ios/build/SourcePackages/checkouts/swift-nio/Sources/CNIOAtomics/include
2026-04-22T16:43:52.5993450Z  /Users/runner/work/tcm-storage-ios/tcm-storage-ios/build/SourcePackages/checkouts/swift-nio-ssl/Sources/CNIOBoringSSLShims/include
2026-04-22T16:43:52.5993750Z  /Users/runner/work/tcm-storage-ios/tcm-storage-ios/build/SourcePackages/checkouts/swift-nio-ssl/Sources/CNIOBoringSSL/include
2026-04-22T16:43:52.5994020Z  /Users/runner/work/tcm-storage-ios/tcm-storage-ios/build/SourcePackages/checkouts/GzipSwift/Sources/system-zlib/include
2026-04-22T16:43:52.5994540Z  /Users/runner/work/tcm-storage-ios/tcm-storage-ios/build/Build/Intermediates.noindex/Nextcloud.build/Debug-iphonesimulator/Share.build/DerivedSources
2026-04-22T16:43:52.5994870Z  /Users/runner/work/tcm-storage-ios/tcm-storage-ios/build/Build/Products/Debug-iphonesimulator/PackageFrameworks (framework directory)
2026-04-22T16:43:52.5995130Z  /Users/runner/work/tcm-storage-ios/tcm-storage-ios/build/Build/Products/Debug-iphonesimulator (framework directory)
2026-04-22T16:43:52.5995570Z  /Applications/Xcode_26.2.app/Contents/Developer/Platforms/iPhoneSimulator.platform/Developer/Library/Frameworks (framework directory)
2026-04-22T16:43:52.5996060Z  /Applications/Xcode_26.2.app/Contents/Developer/Platforms/iPhoneSimulator.platform/Developer/SDKs/iPhoneSimulator26.2.sdk/Developer/Library/Frameworks (framework directory)
2026-04-22T16:43:52.5996310Z  /Applications/Xcode_26.2.app/Contents/Developer/Toolchains/XcodeDefault.xctoolchain/usr/lib/clang/17/include
2026-04-22T16:43:52.5996690Z  /Applications/Xcode_26.2.app/Contents/Developer/Platforms/iPhoneSimulator.platform/Developer/SDKs/iPhoneSimulator26.2.sdk/usr/include
2026-04-22T16:43:52.5996900Z  /Applications/Xcode_26.2.app/Contents/Developer/Toolchains/XcodeDefault.xctoolchain/usr/include
2026-04-22T16:43:52.5997310Z  /Applications/Xcode_26.2.app/Contents/Developer/Platforms/iPhoneSimulator.platform/Developer/SDKs/iPhoneSimulator26.2.sdk/System/Library/Frameworks (framework directory)
2026-04-22T16:43:52.5997770Z  /Applications/Xcode_26.2.app/Contents/Developer/Platforms/iPhoneSimulator.platform/Developer/SDKs/iPhoneSimulator26.2.sdk/System/Library/SubFrameworks (framework directory)
2026-04-22T16:43:52.5997820Z End of search list.
2026-04-22T16:43:52.6092440Z clang -cc1 version 17.0.0 (clang-1700.6.3.2) default target arm64-apple-darwin24.6.0
2026-04-22T16:43:52.6182710Z ignoring nonexistent directory "/Users/runner/work/tcm-storage-ios/tcm-storage-ios/build/Build/Products/Debug-iphonesimulator/include"
2026-04-22T16:43:52.6184120Z ignoring nonexistent directory "/Users/runner/work/tcm-storage-ios/tcm-storage-ios/build/Build/Intermediates.noindex/Nextcloud.build/Debug-iphonesimulator/Share.build/DerivedSources-normal/arm64"
2026-04-22T16:43:52.6185300Z ignoring nonexistent directory "/Users/runner/work/tcm-storage-ios/tcm-storage-ios/build/Build/Intermediates.noindex/Nextcloud.build/Debug-iphonesimulator/Share.build/DerivedSources/arm64"
2026-04-22T16:43:52.6186710Z ignoring nonexistent directory "/Applications/Xcode_26.2.app/Contents/Developer/Platforms/iPhoneSimulator.platform/Developer/SDKs/iPhoneSimulator26.2.sdk/usr/local/include"
2026-04-22T16:43:52.6188250Z ignoring nonexistent directory "/Applications/Xcode_26.2.app/Contents/Developer/Platforms/iPhoneSimulator.platform/Developer/SDKs/iPhoneSimulator26.2.sdk/Library/Frameworks"
2026-04-22T16:43:52.6189260Z ignoring duplicate directory "/Users/runner/work/tcm-storage-ios/tcm-storage-ios/build/Build/Products/Debug-iphonesimulator/PackageFrameworks"
2026-04-22T16:43:52.6190110Z ignoring duplicate directory "/Users/runner/work/tcm-storage-ios/tcm-storage-ios/build/Build/Products/Debug-iphonesimulator/PackageFrameworks"
2026-04-22T16:43:52.6190940Z ignoring duplicate directory "/Users/runner/work/tcm-storage-ios/tcm-storage-ios/build/Build/Products/Debug-iphonesimulator/PackageFrameworks"
2026-04-22T16:43:52.6191770Z ignoring duplicate directory "/Users/runner/work/tcm-storage-ios/tcm-storage-ios/build/Build/Products/Debug-iphonesimulator/PackageFrameworks"
2026-04-22T16:43:52.6192630Z ignoring duplicate directory "/Users/runner/work/tcm-storage-ios/tcm-storage-ios/build/Build/Products/Debug-iphonesimulator/PackageFrameworks"
2026-04-22T16:43:52.6196980Z ignoring duplicate directory "/Users/runner/work/tcm-storage-ios/tcm-storage-ios/build/Build/Products/Debug-iphonesimulator/PackageFrameworks"
2026-04-22T16:43:52.6197790Z ignoring duplicate directory "/Users/runner/work/tcm-storage-ios/tcm-storage-ios/build/Build/Products/Debug-iphonesimulator/PackageFrameworks"
2026-04-22T16:43:52.6198540Z ignoring duplicate directory "/Users/runner/work/tcm-storage-ios/tcm-storage-ios/build/Build/Products/Debug-iphonesimulator/PackageFrameworks"
2026-04-22T16:43:52.6199280Z ignoring duplicate directory "/Users/runner/work/tcm-storage-ios/tcm-storage-ios/build/Build/Products/Debug-iphonesimulator/PackageFrameworks"
2026-04-22T16:43:52.6200030Z ignoring duplicate directory "/Users/runner/work/tcm-storage-ios/tcm-storage-ios/build/Build/Products/Debug-iphonesimulator/PackageFrameworks"
2026-04-22T16:43:52.6201010Z ignoring duplicate directory "/Users/runner/work/tcm-storage-ios/tcm-storage-ios/build/Build/Products/Debug-iphonesimulator/PackageFrameworks"
2026-04-22T16:43:52.6201940Z ignoring duplicate directory "/Users/runner/work/tcm-storage-ios/tcm-storage-ios/build/Build/Products/Debug-iphonesimulator/PackageFrameworks"
2026-04-22T16:43:52.6204010Z ignoring duplicate directory "/Users/runner/work/tcm-storage-ios/tcm-storage-ios/build/Build/Products/Debug-iphonesimulator/PackageFrameworks"
2026-04-22T16:43:52.6204960Z ignoring duplicate directory "/Users/runner/work/tcm-storage-ios/tcm-storage-ios/build/Build/Products/Debug-iphonesimulator/PackageFrameworks"
2026-04-22T16:43:52.6205870Z ignoring duplicate directory "/Users/runner/work/tcm-storage-ios/tcm-storage-ios/build/Build/Products/Debug-iphonesimulator/PackageFrameworks"
2026-04-22T16:43:52.6207610Z ignoring duplicate directory "/Users/runner/work/tcm-storage-ios/tcm-storage-ios/build/Build/Products/Debug-iphonesimulator/PackageFrameworks"
2026-04-22T16:43:52.6209020Z ignoring duplicate directory "/Users/runner/work/tcm-storage-ios/tcm-storage-ios/build/Build/Products/Debug-iphonesimulator/PackageFrameworks"
2026-04-22T16:43:52.6209920Z ignoring duplicate directory "/Users/runner/work/tcm-storage-ios/tcm-storage-ios/build/Build/Products/Debug-iphonesimulator/PackageFrameworks"
2026-04-22T16:43:52.6210790Z ignoring duplicate directory "/Users/runner/work/tcm-storage-ios/tcm-storage-ios/build/Build/Products/Debug-iphonesimulator/PackageFrameworks"
2026-04-22T16:43:52.6211520Z ignoring duplicate directory "/Users/runner/work/tcm-storage-ios/tcm-storage-ios/build/Build/Products/Debug-iphonesimulator/PackageFrameworks"
2026-04-22T16:43:52.6212240Z ignoring duplicate directory "/Users/runner/work/tcm-storage-ios/tcm-storage-ios/build/Build/Products/Debug-iphonesimulator/PackageFrameworks"
2026-04-22T16:43:52.6212960Z ignoring duplicate directory "/Users/runner/work/tcm-storage-ios/tcm-storage-ios/build/Build/Products/Debug-iphonesimulator/PackageFrameworks"
2026-04-22T16:43:52.6213700Z ignoring duplicate directory "/Users/runner/work/tcm-storage-ios/tcm-storage-ios/build/Build/Products/Debug-iphonesimulator/PackageFrameworks"
2026-04-22T16:43:52.6214440Z ignoring duplicate directory "/Users/runner/work/tcm-storage-ios/tcm-storage-ios/build/Build/Products/Debug-iphonesimulator/PackageFrameworks"
2026-04-22T16:43:52.6215170Z ignoring duplicate directory "/Users/runner/work/tcm-storage-ios/tcm-storage-ios/build/Build/Products/Debug-iphonesimulator/PackageFrameworks"
2026-04-22T16:43:52.6216050Z ignoring duplicate directory "/Users/runner/work/tcm-storage-ios/tcm-storage-ios/build/Build/Products/Debug-iphonesimulator/PackageFrameworks"
2026-04-22T16:43:52.6218300Z ignoring duplicate directory "/Users/runner/work/tcm-storage-ios/tcm-storage-ios/build/Build/Products/Debug-iphonesimulator/PackageFrameworks"
2026-04-22T16:43:52.6219200Z ignoring duplicate directory "/Users/runner/work/tcm-storage-ios/tcm-storage-ios/build/Build/Products/Debug-iphonesimulator/PackageFrameworks"
2026-04-22T16:43:52.6219970Z ignoring duplicate directory "/Users/runner/work/tcm-storage-ios/tcm-storage-ios/build/Build/Products/Debug-iphonesimulator/PackageFrameworks"
2026-04-22T16:43:52.6220730Z ignoring duplicate directory "/Users/runner/work/tcm-storage-ios/tcm-storage-ios/build/Build/Products/Debug-iphonesimulator/PackageFrameworks"
2026-04-22T16:43:52.6221460Z ignoring duplicate directory "/Users/runner/work/tcm-storage-ios/tcm-storage-ios/build/Build/Products/Debug-iphonesimulator/PackageFrameworks"
2026-04-22T16:43:52.6222200Z ignoring duplicate directory "/Users/runner/work/tcm-storage-ios/tcm-storage-ios/build/Build/Products/Debug-iphonesimulator/PackageFrameworks"
2026-04-22T16:43:52.6222940Z ignoring duplicate directory "/Users/runner/work/tcm-storage-ios/tcm-storage-ios/build/Build/Products/Debug-iphonesimulator/PackageFrameworks"
2026-04-22T16:43:52.6223680Z ignoring duplicate directory "/Users/runner/work/tcm-storage-ios/tcm-storage-ios/build/Build/Products/Debug-iphonesimulator/PackageFrameworks"
2026-04-22T16:43:52.6224860Z ignoring duplicate directory "/Users/runner/work/tcm-storage-ios/tcm-storage-ios/build/Build/Products/Debug-iphonesimulator/PackageFrameworks"
2026-04-22T16:43:52.6225600Z ignoring duplicate directory "/Users/runner/work/tcm-storage-ios/tcm-storage-ios/build/Build/Products/Debug-iphonesimulator/PackageFrameworks"
2026-04-22T16:43:52.6226360Z ignoring duplicate directory "/Users/runner/work/tcm-storage-ios/tcm-storage-ios/build/Build/Products/Debug-iphonesimulator/PackageFrameworks"
2026-04-22T16:43:52.6227100Z ignoring duplicate directory "/Users/runner/work/tcm-storage-ios/tcm-storage-ios/build/Build/Products/Debug-iphonesimulator/PackageFrameworks"
2026-04-22T16:43:52.6227840Z ignoring duplicate directory "/Users/runner/work/tcm-storage-ios/tcm-storage-ios/build/Build/Products/Debug-iphonesimulator/PackageFrameworks"
2026-04-22T16:43:52.6228580Z ignoring duplicate directory "/Users/runner/work/tcm-storage-ios/tcm-storage-ios/build/Build/Products/Debug-iphonesimulator/PackageFrameworks"
2026-04-22T16:43:52.6229040Z #include "..." search starts here:
2026-04-22T16:43:52.6229610Z  /Users/runner/work/tcm-storage-ios/tcm-storage-ios/build/Build/Intermediates.noindex/Nextcloud.build/Debug-iphonesimulator/Share.build/Share-generated-files.hmap (headermap)
2026-04-22T16:43:52.6230570Z  /Users/runner/work/tcm-storage-ios/tcm-storage-ios/build/Build/Intermediates.noindex/Nextcloud.build/Debug-iphonesimulator/Share.build/Share-project-headers.hmap (headermap)
2026-04-22T16:43:52.6231140Z #include <...> search starts here:
2026-04-22T16:43:52.6231700Z  /Users/runner/work/tcm-storage-ios/tcm-storage-ios/build/Build/Intermediates.noindex/Nextcloud.build/Debug-iphonesimulator/Share.build/Share-own-target-headers.hmap (headermap)
2026-04-22T16:43:52.6232700Z  /Users/runner/work/tcm-storage-ios/tcm-storage-ios/build/Build/Intermediates.noindex/Nextcloud.build/Debug-iphonesimulator/Share.build/Share-all-non-framework-target-headers.hmap (headermap)
2026-04-22T16:43:52.6233480Z  /Users/runner/work/tcm-storage-ios/tcm-storage-ios/build/SourcePackages/checkouts/realm-core/src
2026-04-22T16:43:52.6234020Z  /Users/runner/work/tcm-storage-ios/tcm-storage-ios/build/SourcePackages/checkouts/realm-core/src/external/s2
2026-04-22T16:43:52.6234660Z  /Users/runner/work/tcm-storage-ios/tcm-storage-ios/build/SourcePackages/checkouts/realm-core/src/external/IntelRDFPMathLib20U2/LIBRARY/src
2026-04-22T16:43:52.6235290Z  /Users/runner/work/tcm-storage-ios/tcm-storage-ios/build/SourcePackages/checkouts/realm-core/src/spm
2026-04-22T16:43:52.6235810Z  /Users/runner/work/tcm-storage-ios/tcm-storage-ios/build/SourcePackages/checkouts/realm-swift/include
2026-04-22T16:43:52.6236430Z  /Users/runner/work/tcm-storage-ios/tcm-storage-ios/build/SourcePackages/checkouts/swift-atomics/Sources/_AtomicsShims/include
2026-04-22T16:43:52.6237070Z  /Users/runner/work/tcm-storage-ios/tcm-storage-ios/build/SourcePackages/checkouts/swift-nio/Sources/CNIOPosix/include
2026-04-22T16:43:52.6237780Z  /Users/runner/work/tcm-storage-ios/tcm-storage-ios/build/SourcePackages/checkouts/swift-nio/Sources/CNIOWASI/include
2026-04-22T16:43:52.6238410Z  /Users/runner/work/tcm-storage-ios/tcm-storage-ios/build/SourcePackages/checkouts/swift-nio/Sources/CNIOWindows/include
2026-04-22T16:43:52.6239030Z  /Users/runner/work/tcm-storage-ios/tcm-storage-ios/build/SourcePackages/checkouts/swift-nio/Sources/CNIOLinux/include
2026-04-22T16:43:52.6239650Z  /Users/runner/work/tcm-storage-ios/tcm-storage-ios/build/SourcePackages/checkouts/swift-nio/Sources/CNIODarwin/include
2026-04-22T16:43:52.6240490Z  /Users/runner/work/tcm-storage-ios/tcm-storage-ios/build/SourcePackages/checkouts/swift-nio/Sources/CNIOOpenBSD/include
2026-04-22T16:43:52.6241110Z  /Users/runner/work/tcm-storage-ios/tcm-storage-ios/build/SourcePackages/checkouts/swift-nio/Sources/CNIOAtomics/include
2026-04-22T16:43:52.6241770Z  /Users/runner/work/tcm-storage-ios/tcm-storage-ios/build/SourcePackages/checkouts/swift-nio-ssl/Sources/CNIOBoringSSLShims/include
2026-04-22T16:43:52.6242660Z  /Users/runner/work/tcm-storage-ios/tcm-storage-ios/build/SourcePackages/checkouts/swift-nio-ssl/Sources/CNIOBoringSSL/include
2026-04-22T16:43:52.6243390Z  /Users/runner/work/tcm-storage-ios/tcm-storage-ios/build/SourcePackages/checkouts/GzipSwift/Sources/system-zlib/include
2026-04-22T16:43:52.6244100Z  /Users/runner/work/tcm-storage-ios/tcm-storage-ios/build/Build/Intermediates.noindex/Nextcloud.build/Debug-iphonesimulator/Share.build/DerivedSources
2026-04-22T16:43:52.6244860Z  /Users/runner/work/tcm-storage-ios/tcm-storage-ios/build/Build/Products/Debug-iphonesimulator/PackageFrameworks (framework directory)
2026-04-22T16:43:52.6245530Z  /Users/runner/work/tcm-storage-ios/tcm-storage-ios/build/Build/Products/Debug-iphonesimulator (framework directory)
2026-04-22T16:43:52.6246200Z  /Applications/Xcode_26.2.app/Contents/Developer/Platforms/iPhoneSimulator.platform/Developer/Library/Frameworks (framework directory)
2026-04-22T16:43:52.6247020Z  /Applications/Xcode_26.2.app/Contents/Developer/Platforms/iPhoneSimulator.platform/Developer/SDKs/iPhoneSimulator26.2.sdk/Developer/Library/Frameworks (framework directory)
2026-04-22T16:43:52.6247770Z  /Applications/Xcode_26.2.app/Contents/Developer/Toolchains/XcodeDefault.xctoolchain/usr/lib/clang/17/include
2026-04-22T16:43:52.6248410Z  /Applications/Xcode_26.2.app/Contents/Developer/Platforms/iPhoneSimulator.platform/Developer/SDKs/iPhoneSimulator26.2.sdk/usr/include
2026-04-22T16:43:52.6249000Z  /Applications/Xcode_26.2.app/Contents/Developer/Toolchains/XcodeDefault.xctoolchain/usr/include
2026-04-22T16:43:52.6249690Z  /Applications/Xcode_26.2.app/Contents/Developer/Platforms/iPhoneSimulator.platform/Developer/SDKs/iPhoneSimulator26.2.sdk/System/Library/Frameworks (framework directory)
2026-04-22T16:43:52.6250970Z  /Applications/Xcode_26.2.app/Contents/Developer/Platforms/iPhoneSimulator.platform/Developer/SDKs/iPhoneSimulator26.2.sdk/System/Library/SubFrameworks (framework directory)
2026-04-22T16:43:52.6251570Z End of search list.
2026-04-22T16:43:52.6251830Z clang -cc1 version 17.0.0 (clang-1700.6.3.2) default target arm64-apple-darwin24.6.0
2026-04-22T16:43:52.6252410Z ignoring nonexistent directory "/Users/runner/work/tcm-storage-ios/tcm-storage-ios/build/Build/Products/Debug-iphonesimulator/include"
2026-04-22T16:43:52.6253330Z ignoring nonexistent directory "/Users/runner/work/tcm-storage-ios/tcm-storage-ios/build/Build/Intermediates.noindex/Nextcloud.build/Debug-iphonesimulator/Share.build/DerivedSources-normal/arm64"
2026-04-22T16:43:52.6254380Z ignoring nonexistent directory "/Users/runner/work/tcm-storage-ios/tcm-storage-ios/build/Build/Intermediates.noindex/Nextcloud.build/Debug-iphonesimulator/Share.build/DerivedSources/arm64"
2026-04-22T16:43:52.6255390Z ignoring nonexistent directory "/Applications/Xcode_26.2.app/Contents/Developer/Platforms/iPhoneSimulator.platform/Developer/SDKs/iPhoneSimulator26.2.sdk/usr/local/include"
2026-04-22T16:43:52.6256350Z ignoring nonexistent directory "/Applications/Xcode_26.2.app/Contents/Developer/Platforms/iPhoneSimulator.platform/Developer/SDKs/iPhoneSimulator26.2.sdk/Library/Frameworks"
2026-04-22T16:43:52.6257200Z ignoring duplicate directory "/Users/runner/work/tcm-storage-ios/tcm-storage-ios/build/Build/Products/Debug-iphonesimulator/PackageFrameworks"
2026-04-22T16:43:52.6257980Z ignoring duplicate directory "/Users/runner/work/tcm-storage-ios/tcm-storage-ios/build/Build/Products/Debug-iphonesimulator/PackageFrameworks"
2026-04-22T16:43:52.6258760Z ignoring duplicate directory "/Users/runner/work/tcm-storage-ios/tcm-storage-ios/build/Build/Products/Debug-iphonesimulator/PackageFrameworks"
2026-04-22T16:43:52.6259500Z ignoring duplicate directory "/Users/runner/work/tcm-storage-ios/tcm-storage-ios/build/Build/Products/Debug-iphonesimulator/PackageFrameworks"
2026-04-22T16:43:52.6260220Z ignoring duplicate directory "/Users/runner/work/tcm-storage-ios/tcm-storage-ios/build/Build/Products/Debug-iphonesimulator/PackageFrameworks"
2026-04-22T16:43:52.6261390Z ignoring duplicate directory "/Users/runner/work/tcm-storage-ios/tcm-storage-ios/build/Build/Products/Debug-iphonesimulator/PackageFrameworks"
2026-04-22T16:43:52.6262280Z ignoring duplicate directory "/Users/runner/work/tcm-storage-ios/tcm-storage-ios/build/Build/Products/Debug-iphonesimulator/PackageFrameworks"
2026-04-22T16:43:52.6263020Z ignoring duplicate directory "/Users/runner/work/tcm-storage-ios/tcm-storage-ios/build/Build/Products/Debug-iphonesimulator/PackageFrameworks"
2026-04-22T16:43:52.6263760Z ignoring duplicate directory "/Users/runner/work/tcm-storage-ios/tcm-storage-ios/build/Build/Products/Debug-iphonesimulator/PackageFrameworks"
2026-04-22T16:43:52.6264520Z ignoring duplicate directory "/Users/runner/work/tcm-storage-ios/tcm-storage-ios/build/Build/Products/Debug-iphonesimulator/PackageFrameworks"
2026-04-22T16:43:52.6265260Z ignoring duplicate directory "/Users/runner/work/tcm-storage-ios/tcm-storage-ios/build/Build/Products/Debug-iphonesimulator/PackageFrameworks"
2026-04-22T16:43:52.6266000Z ignoring duplicate directory "/Users/runner/work/tcm-storage-ios/tcm-storage-ios/build/Build/Products/Debug-iphonesimulator/PackageFrameworks"
2026-04-22T16:43:52.6266740Z ignoring duplicate directory "/Users/runner/work/tcm-storage-ios/tcm-storage-ios/build/Build/Products/Debug-iphonesimulator/PackageFrameworks"
2026-04-22T16:43:52.6267480Z ignoring duplicate directory "/Users/runner/work/tcm-storage-ios/tcm-storage-ios/build/Build/Products/Debug-iphonesimulator/PackageFrameworks"
2026-04-22T16:43:52.6268280Z ignoring duplicate directory "/Users/runner/work/tcm-storage-ios/tcm-storage-ios/build/Build/Products/Debug-iphonesimulator/PackageFrameworks"
2026-04-22T16:43:52.6269010Z ignoring duplicate directory "/Users/runner/work/tcm-storage-ios/tcm-storage-ios/build/Build/Products/Debug-iphonesimulator/PackageFrameworks"
2026-04-22T16:43:52.6269770Z ignoring duplicate directory "/Users/runner/work/tcm-storage-ios/tcm-storage-ios/build/Build/Products/Debug-iphonesimulator/PackageFrameworks"
2026-04-22T16:43:52.6276620Z ignoring duplicate directory "/Users/runner/work/tcm-storage-ios/tcm-storage-ios/build/Build/Products/Debug-iphonesimulator/PackageFrameworks"
2026-04-22T16:43:52.6277370Z ignoring duplicate directory "/Users/runner/work/tcm-storage-ios/tcm-storage-ios/build/Build/Products/Debug-iphonesimulator/PackageFrameworks"
2026-04-22T16:43:52.6278100Z ignoring duplicate directory "/Users/runner/work/tcm-storage-ios/tcm-storage-ios/build/Build/Products/Debug-iphonesimulator/PackageFrameworks"
2026-04-22T16:43:52.6278820Z ignoring duplicate directory "/Users/runner/work/tcm-storage-ios/tcm-storage-ios/build/Build/Products/Debug-iphonesimulator/PackageFrameworks"
2026-04-22T16:43:52.6279550Z ignoring duplicate directory "/Users/runner/work/tcm-storage-ios/tcm-storage-ios/build/Build/Products/Debug-iphonesimulator/PackageFrameworks"
2026-04-22T16:43:52.6280270Z ignoring duplicate directory "/Users/runner/work/tcm-storage-ios/tcm-storage-ios/build/Build/Products/Debug-iphonesimulator/PackageFrameworks"
2026-04-22T16:43:52.6281000Z ignoring duplicate directory "/Users/runner/work/tcm-storage-ios/tcm-storage-ios/build/Build/Products/Debug-iphonesimulator/PackageFrameworks"
2026-04-22T16:43:52.6281770Z ignoring duplicate directory "/Users/runner/work/tcm-storage-ios/tcm-storage-ios/build/Build/Products/Debug-iphonesimulator/PackageFrameworks"
2026-04-22T16:43:52.6282500Z ignoring duplicate directory "/Users/runner/work/tcm-storage-ios/tcm-storage-ios/build/Build/Products/Debug-iphonesimulator/PackageFrameworks"
2026-04-22T16:43:52.6283240Z ignoring duplicate directory "/Users/runner/work/tcm-storage-ios/tcm-storage-ios/build/Build/Products/Debug-iphonesimulator/PackageFrameworks"
2026-04-22T16:43:52.6283960Z ignoring duplicate directory "/Users/runner/work/tcm-storage-ios/tcm-storage-ios/build/Build/Products/Debug-iphonesimulator/PackageFrameworks"
2026-04-22T16:43:52.6284680Z ignoring duplicate directory "/Users/runner/work/tcm-storage-ios/tcm-storage-ios/build/Build/Products/Debug-iphonesimulator/PackageFrameworks"
2026-04-22T16:43:52.6285690Z ignoring duplicate directory "/Users/runner/work/tcm-storage-ios/tcm-storage-ios/build/Build/Products/Debug-iphonesimulator/PackageFrameworks"
2026-04-22T16:43:52.6286550Z ignoring duplicate directory "/Users/runner/work/tcm-storage-ios/tcm-storage-ios/build/Build/Products/Debug-iphonesimulator/PackageFrameworks"
2026-04-22T16:43:52.6287290Z ignoring duplicate directory "/Users/runner/work/tcm-storage-ios/tcm-storage-ios/build/Build/Products/Debug-iphonesimulator/PackageFrameworks"
2026-04-22T16:43:52.6288010Z ignoring duplicate directory "/Users/runner/work/tcm-storage-ios/tcm-storage-ios/build/Build/Products/Debug-iphonesimulator/PackageFrameworks"
2026-04-22T16:43:52.6288740Z ignoring duplicate directory "/Users/runner/work/tcm-storage-ios/tcm-storage-ios/build/Build/Products/Debug-iphonesimulator/PackageFrameworks"
2026-04-22T16:43:52.6289470Z ignoring duplicate directory "/Users/runner/work/tcm-storage-ios/tcm-storage-ios/build/Build/Products/Debug-iphonesimulator/PackageFrameworks"
2026-04-22T16:43:52.6290410Z ignoring duplicate directory "/Users/runner/work/tcm-storage-ios/tcm-storage-ios/build/Build/Products/Debug-iphonesimulator/PackageFrameworks"
2026-04-22T16:43:52.6291150Z ignoring duplicate directory "/Users/runner/work/tcm-storage-ios/tcm-storage-ios/build/Build/Products/Debug-iphonesimulator/PackageFrameworks"
2026-04-22T16:43:52.6291880Z ignoring duplicate directory "/Users/runner/work/tcm-storage-ios/tcm-storage-ios/build/Build/Products/Debug-iphonesimulator/PackageFrameworks"
2026-04-22T16:43:52.6292620Z ignoring duplicate directory "/Users/runner/work/tcm-storage-ios/tcm-storage-ios/build/Build/Products/Debug-iphonesimulator/PackageFrameworks"
2026-04-22T16:43:52.6293370Z ignoring duplicate directory "/Users/runner/work/tcm-storage-ios/tcm-storage-ios/build/Build/Products/Debug-iphonesimulator/PackageFrameworks"
2026-04-22T16:43:52.6293830Z #include "..." search starts here:
2026-04-22T16:43:52.6294380Z  /Users/runner/work/tcm-storage-ios/tcm-storage-ios/build/Build/Intermediates.noindex/Nextcloud.build/Debug-iphonesimulator/Share.build/Share-generated-files.hmap (headermap)
2026-04-22T16:43:52.6295320Z  /Users/runner/work/tcm-storage-ios/tcm-storage-ios/build/Build/Intermediates.noindex/Nextcloud.build/Debug-iphonesimulator/Share.build/Share-project-headers.hmap (headermap)
2026-04-22T16:43:52.6295890Z #include <...> search starts here:
2026-04-22T16:43:52.6296450Z  /Users/runner/work/tcm-storage-ios/tcm-storage-ios/build/Build/Intermediates.noindex/Nextcloud.build/Debug-iphonesimulator/Share.build/Share-own-target-headers.hmap (headermap)
2026-04-22T16:43:52.6297480Z  /Users/runner/work/tcm-storage-ios/tcm-storage-ios/build/Build/Intermediates.noindex/Nextcloud.build/Debug-iphonesimulator/Share.build/Share-all-non-framework-target-headers.hmap (headermap)
2026-04-22T16:43:52.6298270Z  /Users/runner/work/tcm-storage-ios/tcm-storage-ios/build/SourcePackages/checkouts/realm-core/src
2026-04-22T16:43:52.6298800Z  /Users/runner/work/tcm-storage-ios/tcm-storage-ios/build/SourcePackages/checkouts/realm-core/src/external/s2
2026-04-22T16:43:52.6299450Z  /Users/runner/work/tcm-storage-ios/tcm-storage-ios/build/SourcePackages/checkouts/realm-core/src/external/IntelRDFPMathLib20U2/LIBRARY/src
2026-04-22T16:43:52.6300070Z  /Users/runner/work/tcm-storage-ios/tcm-storage-ios/build/SourcePackages/checkouts/realm-core/src/spm
2026-04-22T16:43:52.6300580Z  /Users/runner/work/tcm-storage-ios/tcm-storage-ios/build/SourcePackages/checkouts/realm-swift/include
2026-04-22T16:43:52.6301170Z  /Users/runner/work/tcm-storage-ios/tcm-storage-ios/build/SourcePackages/checkouts/swift-atomics/Sources/_AtomicsShims/include
2026-04-22T16:43:52.6301810Z  /Users/runner/work/tcm-storage-ios/tcm-storage-ios/build/SourcePackages/checkouts/swift-nio/Sources/CNIOPosix/include
2026-04-22T16:43:52.6302410Z  /Users/runner/work/tcm-storage-ios/tcm-storage-ios/build/SourcePackages/checkouts/swift-nio/Sources/CNIOWASI/include
2026-04-22T16:43:52.6303020Z  /Users/runner/work/tcm-storage-ios/tcm-storage-ios/build/SourcePackages/checkouts/swift-nio/Sources/CNIOWindows/include
2026-04-22T16:43:52.6303880Z  /Users/runner/work/tcm-storage-ios/tcm-storage-ios/build/SourcePackages/checkouts/swift-nio/Sources/CNIOLinux/include
2026-04-22T16:43:52.6304580Z  /Users/runner/work/tcm-storage-ios/tcm-storage-ios/build/SourcePackages/checkouts/swift-nio/Sources/CNIODarwin/include
2026-04-22T16:43:52.6305200Z  /Users/runner/work/tcm-storage-ios/tcm-storage-ios/build/SourcePackages/checkouts/swift-nio/Sources/CNIOOpenBSD/include
2026-04-22T16:43:52.6305820Z  /Users/runner/work/tcm-storage-ios/tcm-storage-ios/build/SourcePackages/checkouts/swift-nio/Sources/CNIOAtomics/include
2026-04-22T16:43:52.6306470Z  /Users/runner/work/tcm-storage-ios/tcm-storage-ios/build/SourcePackages/checkouts/swift-nio-ssl/Sources/CNIOBoringSSLShims/include
2026-04-22T16:43:52.6307150Z  /Users/runner/work/tcm-storage-ios/tcm-storage-ios/build/SourcePackages/checkouts/swift-nio-ssl/Sources/CNIOBoringSSL/include
2026-04-22T16:43:52.6307870Z  /Users/runner/work/tcm-storage-ios/tcm-storage-ios/build/SourcePackages/checkouts/GzipSwift/Sources/system-zlib/include
2026-04-22T16:43:52.6308590Z  /Users/runner/work/tcm-storage-ios/tcm-storage-ios/build/Build/Intermediates.noindex/Nextcloud.build/Debug-iphonesimulator/Share.build/DerivedSources
2026-04-22T16:43:52.6309370Z  /Users/runner/work/tcm-storage-ios/tcm-storage-ios/build/Build/Products/Debug-iphonesimulator/PackageFrameworks (framework directory)
2026-04-22T16:43:52.6310030Z  /Users/runner/work/tcm-storage-ios/tcm-storage-ios/build/Build/Products/Debug-iphonesimulator (framework directory)
2026-04-22T16:43:52.6310710Z  /Applications/Xcode_26.2.app/Contents/Developer/Platforms/iPhoneSimulator.platform/Developer/Library/Frameworks (framework directory)
2026-04-22T16:43:52.6311530Z  /Applications/Xcode_26.2.app/Contents/Developer/Platforms/iPhoneSimulator.platform/Developer/SDKs/iPhoneSimulator26.2.sdk/Developer/Library/Frameworks (framework directory)
2026-04-22T16:43:52.6312280Z  /Applications/Xcode_26.2.app/Contents/Developer/Toolchains/XcodeDefault.xctoolchain/usr/lib/clang/17/include
2026-04-22T16:43:52.6312920Z  /Applications/Xcode_26.2.app/Contents/Developer/Platforms/iPhoneSimulator.platform/Developer/SDKs/iPhoneSimulator26.2.sdk/usr/include
2026-04-22T16:43:52.6313510Z  /Applications/Xcode_26.2.app/Contents/Developer/Toolchains/XcodeDefault.xctoolchain/usr/include
2026-04-22T16:43:52.6314200Z  /Applications/Xcode_26.2.app/Contents/Developer/Platforms/iPhoneSimulator.platform/Developer/SDKs/iPhoneSimulator26.2.sdk/System/Library/Frameworks (framework directory)
2026-04-22T16:43:52.6315110Z  /Applications/Xcode_26.2.app/Contents/Developer/Platforms/iPhoneSimulator.platform/Developer/SDKs/iPhoneSimulator26.2.sdk/System/Library/SubFrameworks (framework directory)
2026-04-22T16:43:52.6315660Z End of search list.
2026-04-22T16:43:52.6315940Z clang -cc1 version 17.0.0 (clang-1700.6.3.2) default target arm64-apple-darwin24.6.0
2026-04-22T16:43:52.6318350Z ignoring nonexistent directory "/Users/runner/work/tcm-storage-ios/tcm-storage-ios/build/Build/Products/Debug-iphonesimulator/include"
2026-04-22T16:43:52.6319430Z ignoring nonexistent directory "/Users/runner/work/tcm-storage-ios/tcm-storage-ios/build/Build/Intermediates.noindex/Nextcloud.build/Debug-iphonesimulator/Share.build/DerivedSources-normal/arm64"
2026-04-22T16:43:52.6320580Z ignoring nonexistent directory "/Users/runner/work/tcm-storage-ios/tcm-storage-ios/build/Build/Intermediates.noindex/Nextcloud.build/Debug-iphonesimulator/Share.build/DerivedSources/arm64"
2026-04-22T16:43:52.6321680Z ignoring nonexistent directory "/Applications/Xcode_26.2.app/Contents/Developer/Platforms/iPhoneSimulator.platform/Developer/SDKs/iPhoneSimulator26.2.sdk/usr/local/include"
2026-04-22T16:43:52.6322760Z ignoring nonexistent directory "/Applications/Xcode_26.2.app/Contents/Developer/Platforms/iPhoneSimulator.platform/Developer/SDKs/iPhoneSimulator26.2.sdk/Library/Frameworks"
2026-04-22T16:43:52.6323750Z ignoring duplicate directory "/Users/runner/work/tcm-storage-ios/tcm-storage-ios/build/Build/Products/Debug-iphonesimulator/PackageFrameworks"
2026-04-22T16:43:52.6325000Z ignoring duplicate directory "/Users/runner/work/tcm-storage-ios/tcm-storage-ios/build/Build/Products/Debug-iphonesimulator/PackageFrameworks"
2026-04-22T16:43:52.6325890Z ignoring duplicate directory "/Users/runner/work/tcm-storage-ios/tcm-storage-ios/build/Build/Products/Debug-iphonesimulator/PackageFrameworks"
2026-04-22T16:43:52.6326820Z ignoring duplicate directory "/Users/runner/work/tcm-storage-ios/tcm-storage-ios/build/Build/Products/Debug-iphonesimulator/PackageFrameworks"
2026-04-22T16:43:52.6327730Z ignoring duplicate directory "/Users/runner/work/tcm-storage-ios/tcm-storage-ios/build/Build/Products/Debug-iphonesimulator/PackageFrameworks"
2026-04-22T16:43:52.6328620Z ignoring duplicate directory "/Users/runner/work/tcm-storage-ios/tcm-storage-ios/build/Build/Products/Debug-iphonesimulator/PackageFrameworks"
2026-04-22T16:43:52.6329700Z ignoring duplicate directory "/Users/runner/work/tcm-storage-ios/tcm-storage-ios/build/Build/Products/Debug-iphonesimulator/PackageFrameworks"
2026-04-22T16:43:52.6330620Z ignoring duplicate directory "/Users/runner/work/tcm-storage-ios/tcm-storage-ios/build/Build/Products/Debug-iphonesimulator/PackageFrameworks"
2026-04-22T16:43:52.6331490Z ignoring duplicate directory "/Users/runner/work/tcm-storage-ios/tcm-storage-ios/build/Build/Products/Debug-iphonesimulator/PackageFrameworks"
2026-04-22T16:43:52.6333410Z ignoring duplicate directory "/Users/runner/work/tcm-storage-ios/tcm-storage-ios/build/Build/Products/Debug-iphonesimulator/PackageFrameworks"
2026-04-22T16:43:52.6334410Z ignoring duplicate directory "/Users/runner/work/tcm-storage-ios/tcm-storage-ios/build/Build/Products/Debug-iphonesimulator/PackageFrameworks"
2026-04-22T16:43:52.6335290Z ignoring duplicate directory "/Users/runner/work/tcm-storage-ios/tcm-storage-ios/build/Build/Products/Debug-iphonesimulator/PackageFrameworks"
2026-04-22T16:43:52.6336170Z ignoring duplicate directory "/Users/runner/work/tcm-storage-ios/tcm-storage-ios/build/Build/Products/Debug-iphonesimulator/PackageFrameworks"
2026-04-22T16:43:52.6337060Z ignoring duplicate directory "/Users/runner/work/tcm-storage-ios/tcm-storage-ios/build/Build/Products/Debug-iphonesimulator/PackageFrameworks"
2026-04-22T16:43:52.6338010Z ignoring duplicate directory "/Users/runner/work/tcm-storage-ios/tcm-storage-ios/build/Build/Products/Debug-iphonesimulator/PackageFrameworks"
2026-04-22T16:43:52.6338890Z ignoring duplicate directory "/Users/runner/work/tcm-storage-ios/tcm-storage-ios/build/Build/Products/Debug-iphonesimulator/PackageFrameworks"
2026-04-22T16:43:52.6339790Z ignoring duplicate directory "/Users/runner/work/tcm-storage-ios/tcm-storage-ios/build/Build/Products/Debug-iphonesimulator/PackageFrameworks"
2026-04-22T16:43:52.6340710Z ignoring duplicate directory "/Users/runner/work/tcm-storage-ios/tcm-storage-ios/build/Build/Products/Debug-iphonesimulator/PackageFrameworks"
2026-04-22T16:43:52.6341630Z ignoring duplicate directory "/Users/runner/work/tcm-storage-ios/tcm-storage-ios/build/Build/Products/Debug-iphonesimulator/PackageFrameworks"
2026-04-22T16:43:52.6342540Z ignoring duplicate directory "/Users/runner/work/tcm-storage-ios/tcm-storage-ios/build/Build/Products/Debug-iphonesimulator/PackageFrameworks"
2026-04-22T16:43:52.6343400Z ignoring duplicate directory "/Users/runner/work/tcm-storage-ios/tcm-storage-ios/build/Build/Products/Debug-iphonesimulator/PackageFrameworks"
2026-04-22T16:43:52.6344280Z ignoring duplicate directory "/Users/runner/work/tcm-storage-ios/tcm-storage-ios/build/Build/Products/Debug-iphonesimulator/PackageFrameworks"
2026-04-22T16:43:52.6345240Z ignoring duplicate directory "/Users/runner/work/tcm-storage-ios/tcm-storage-ios/build/Build/Products/Debug-iphonesimulator/PackageFrameworks"
2026-04-22T16:43:52.6346130Z ignoring duplicate directory "/Users/runner/work/tcm-storage-ios/tcm-storage-ios/build/Build/Products/Debug-iphonesimulator/PackageFrameworks"
2026-04-22T16:43:52.6347020Z ignoring duplicate directory "/Users/runner/work/tcm-storage-ios/tcm-storage-ios/build/Build/Products/Debug-iphonesimulator/PackageFrameworks"
2026-04-22T16:43:52.6348440Z ignoring duplicate directory "/Users/runner/work/tcm-storage-ios/tcm-storage-ios/build/Build/Products/Debug-iphonesimulator/PackageFrameworks"
2026-04-22T16:43:52.6349360Z ignoring duplicate directory "/Users/runner/work/tcm-storage-ios/tcm-storage-ios/build/Build/Products/Debug-iphonesimulator/PackageFrameworks"
2026-04-22T16:43:52.6350250Z ignoring duplicate directory "/Users/runner/work/tcm-storage-ios/tcm-storage-ios/build/Build/Products/Debug-iphonesimulator/PackageFrameworks"
2026-04-22T16:43:52.6351120Z ignoring duplicate directory "/Users/runner/work/tcm-storage-ios/tcm-storage-ios/build/Build/Products/Debug-iphonesimulator/PackageFrameworks"
2026-04-22T16:43:52.6351990Z ignoring duplicate directory "/Users/runner/work/tcm-storage-ios/tcm-storage-ios/build/Build/Products/Debug-iphonesimulator/PackageFrameworks"
2026-04-22T16:43:52.6352880Z ignoring duplicate directory "/Users/runner/work/tcm-storage-ios/tcm-storage-ios/build/Build/Products/Debug-iphonesimulator/PackageFrameworks"
2026-04-22T16:43:52.6353750Z ignoring duplicate directory "/Users/runner/work/tcm-storage-ios/tcm-storage-ios/build/Build/Products/Debug-iphonesimulator/PackageFrameworks"
2026-04-22T16:43:52.6354680Z ignoring duplicate directory "/Users/runner/work/tcm-storage-ios/tcm-storage-ios/build/Build/Products/Debug-iphonesimulator/PackageFrameworks"
2026-04-22T16:43:52.6355550Z ignoring duplicate directory "/Users/runner/work/tcm-storage-ios/tcm-storage-ios/build/Build/Products/Debug-iphonesimulator/PackageFrameworks"
2026-04-22T16:43:52.6356400Z ignoring duplicate directory "/Users/runner/work/tcm-storage-ios/tcm-storage-ios/build/Build/Products/Debug-iphonesimulator/PackageFrameworks"
2026-04-22T16:43:52.6357270Z ignoring duplicate directory "/Users/runner/work/tcm-storage-ios/tcm-storage-ios/build/Build/Products/Debug-iphonesimulator/PackageFrameworks"
2026-04-22T16:43:52.6358140Z ignoring duplicate directory "/Users/runner/work/tcm-storage-ios/tcm-storage-ios/build/Build/Products/Debug-iphonesimulator/PackageFrameworks"
2026-04-22T16:43:52.6359020Z ignoring duplicate directory "/Users/runner/work/tcm-storage-ios/tcm-storage-ios/build/Build/Products/Debug-iphonesimulator/PackageFrameworks"
2026-04-22T16:43:52.6359900Z ignoring duplicate directory "/Users/runner/work/tcm-storage-ios/tcm-storage-ios/build/Build/Products/Debug-iphonesimulator/PackageFrameworks"
2026-04-22T16:43:52.6360760Z ignoring duplicate directory "/Users/runner/work/tcm-storage-ios/tcm-storage-ios/build/Build/Products/Debug-iphonesimulator/PackageFrameworks"
2026-04-22T16:43:52.6361360Z #include "..." search starts here:
2026-04-22T16:43:52.6362060Z  /Users/runner/work/tcm-storage-ios/tcm-storage-ios/build/Build/Intermediates.noindex/Nextcloud.build/Debug-iphonesimulator/Share.build/Share-generated-files.hmap (headermap)
2026-04-22T16:43:52.6363190Z  /Users/runner/work/tcm-storage-ios/tcm-storage-ios/build/Build/Intermediates.noindex/Nextcloud.build/Debug-iphonesimulator/Share.build/Share-project-headers.hmap (headermap)
2026-04-22T16:43:52.6363910Z #include <...> search starts here:
2026-04-22T16:43:52.6364640Z  /Users/runner/work/tcm-storage-ios/tcm-storage-ios/build/Build/Intermediates.noindex/Nextcloud.build/Debug-iphonesimulator/Share.build/Share-own-target-headers.hmap (headermap)
2026-04-22T16:43:52.6365800Z  /Users/runner/work/tcm-storage-ios/tcm-storage-ios/build/Build/Intermediates.noindex/Nextcloud.build/Debug-iphonesimulator/Share.build/Share-all-non-framework-target-headers.hmap (headermap)
2026-04-22T16:43:52.6366730Z  /Users/runner/work/tcm-storage-ios/tcm-storage-ios/build/SourcePackages/checkouts/realm-core/src
2026-04-22T16:43:52.6367450Z  /Users/runner/work/tcm-storage-ios/tcm-storage-ios/build/SourcePackages/checkouts/realm-core/src/external/s2
2026-04-22T16:43:52.6368240Z  /Users/runner/work/tcm-storage-ios/tcm-storage-ios/build/SourcePackages/checkouts/realm-core/src/external/IntelRDFPMathLib20U2/LIBRARY/src
2026-04-22T16:43:52.6369170Z  /Users/runner/work/tcm-storage-ios/tcm-storage-ios/build/SourcePackages/checkouts/realm-core/src/spm
2026-04-22T16:43:52.6369900Z  /Users/runner/work/tcm-storage-ios/tcm-storage-ios/build/SourcePackages/checkouts/realm-swift/include
2026-04-22T16:43:52.6370630Z  /Users/runner/work/tcm-storage-ios/tcm-storage-ios/build/SourcePackages/checkouts/swift-atomics/Sources/_AtomicsShims/include
2026-04-22T16:43:52.6371390Z  /Users/runner/work/tcm-storage-ios/tcm-storage-ios/build/SourcePackages/checkouts/swift-nio/Sources/CNIOPosix/include
2026-04-22T16:43:52.6372160Z  /Users/runner/work/tcm-storage-ios/tcm-storage-ios/build/SourcePackages/checkouts/swift-nio/Sources/CNIOWASI/include
2026-04-22T16:43:52.6372900Z  /Users/runner/work/tcm-storage-ios/tcm-storage-ios/build/SourcePackages/checkouts/swift-nio/Sources/CNIOWindows/include
2026-04-22T16:43:52.6373640Z  /Users/runner/work/tcm-storage-ios/tcm-storage-ios/build/SourcePackages/checkouts/swift-nio/Sources/CNIOLinux/include
2026-04-22T16:43:52.6374390Z  /Users/runner/work/tcm-storage-ios/tcm-storage-ios/build/SourcePackages/checkouts/swift-nio/Sources/CNIODarwin/include
2026-04-22T16:43:52.6375130Z  /Users/runner/work/tcm-storage-ios/tcm-storage-ios/build/SourcePackages/checkouts/swift-nio/Sources/CNIOOpenBSD/include
2026-04-22T16:43:52.6375880Z  /Users/runner/work/tcm-storage-ios/tcm-storage-ios/build/SourcePackages/checkouts/swift-nio/Sources/CNIOAtomics/include
2026-04-22T16:43:52.6376660Z  /Users/runner/work/tcm-storage-ios/tcm-storage-ios/build/SourcePackages/checkouts/swift-nio-ssl/Sources/CNIOBoringSSLShims/include
2026-04-22T16:43:52.6377460Z  /Users/runner/work/tcm-storage-ios/tcm-storage-ios/build/SourcePackages/checkouts/swift-nio-ssl/Sources/CNIOBoringSSL/include
2026-04-22T16:43:52.6378230Z  /Users/runner/work/tcm-storage-ios/tcm-storage-ios/build/SourcePackages/checkouts/GzipSwift/Sources/system-zlib/include
2026-04-22T16:43:52.6379060Z  /Users/runner/work/tcm-storage-ios/tcm-storage-ios/build/Build/Intermediates.noindex/Nextcloud.build/Debug-iphonesimulator/Share.build/DerivedSources
2026-04-22T16:43:52.6379960Z  /Users/runner/work/tcm-storage-ios/tcm-storage-ios/build/Build/Products/Debug-iphonesimulator/PackageFrameworks (framework directory)
2026-04-22T16:43:52.6381100Z  /Users/runner/work/tcm-storage-ios/tcm-storage-ios/build/Build/Products/Debug-iphonesimulator (framework directory)
2026-04-22T16:43:52.6381950Z  /Applications/Xcode_26.2.app/Contents/Developer/Platforms/iPhoneSimulator.platform/Developer/Library/Frameworks (framework directory)
2026-04-22T16:43:52.6382910Z  /Applications/Xcode_26.2.app/Contents/Developer/Platforms/iPhoneSimulator.platform/Developer/SDKs/iPhoneSimulator26.2.sdk/Developer/Library/Frameworks (framework directory)
2026-04-22T16:43:52.6383790Z  /Applications/Xcode_26.2.app/Contents/Developer/Toolchains/XcodeDefault.xctoolchain/usr/lib/clang/17/include
2026-04-22T16:43:52.6384570Z  /Applications/Xcode_26.2.app/Contents/Developer/Platforms/iPhoneSimulator.platform/Developer/SDKs/iPhoneSimulator26.2.sdk/usr/include
2026-04-22T16:43:52.6385320Z  /Applications/Xcode_26.2.app/Contents/Developer/Toolchains/XcodeDefault.xctoolchain/usr/include
2026-04-22T16:43:52.6386170Z  /Applications/Xcode_26.2.app/Contents/Developer/Platforms/iPhoneSimulator.platform/Developer/SDKs/iPhoneSimulator26.2.sdk/System/Library/Frameworks (framework directory)
2026-04-22T16:43:52.6387220Z  /Applications/Xcode_26.2.app/Contents/Developer/Platforms/iPhoneSimulator.platform/Developer/SDKs/iPhoneSimulator26.2.sdk/System/Library/SubFrameworks (framework directory)
2026-04-22T16:43:52.6387900Z End of search list.
2026-04-22T16:43:52.6414960Z clang -cc1 version 17.0.0 (clang-1700.6.3.2) default target arm64-apple-darwin24.6.0
2026-04-22T16:43:52.6415920Z ignoring nonexistent directory "/Users/runner/work/tcm-storage-ios/tcm-storage-ios/build/Build/Products/Debug-iphonesimulator/include"
2026-04-22T16:43:52.6417030Z ignoring nonexistent directory "/Users/runner/work/tcm-storage-ios/tcm-storage-ios/build/Build/Intermediates.noindex/Nextcloud.build/Debug-iphonesimulator/Share.build/DerivedSources-normal/arm64"
2026-04-22T16:43:52.6418530Z ignoring nonexistent directory "/Users/runner/work/tcm-storage-ios/tcm-storage-ios/build/Build/Intermediates.noindex/Nextcloud.build/Debug-iphonesimulator/Share.build/DerivedSources/arm64"
2026-04-22T16:43:52.6448060Z ignoring nonexistent directory "/Applications/Xcode_26.2.app/Contents/Developer/Platforms/iPhoneSimulator.platform/Developer/SDKs/iPhoneSimulator26.2.sdk/usr/local/include"
2026-04-22T16:43:52.6449370Z ignoring nonexistent directory "/Applications/Xcode_26.2.app/Contents/Developer/Platforms/iPhoneSimulator.platform/Developer/SDKs/iPhoneSimulator26.2.sdk/Library/Frameworks"
2026-04-22T16:43:52.6450520Z ignoring duplicate directory "/Users/runner/work/tcm-storage-ios/tcm-storage-ios/build/Build/Products/Debug-iphonesimulator/PackageFrameworks"
2026-04-22T16:43:52.6451280Z ignoring duplicate directory "/Users/runner/work/tcm-storage-ios/tcm-storage-ios/build/Build/Products/Debug-iphonesimulator/PackageFrameworks"
2026-04-22T16:43:52.6452030Z ignoring duplicate directory "/Users/runner/work/tcm-storage-ios/tcm-storage-ios/build/Build/Products/Debug-iphonesimulator/PackageFrameworks"
2026-04-22T16:43:52.6452790Z ignoring duplicate directory "/Users/runner/work/tcm-storage-ios/tcm-storage-ios/build/Build/Products/Debug-iphonesimulator/PackageFrameworks"
2026-04-22T16:43:52.6453530Z ignoring duplicate directory "/Users/runner/work/tcm-storage-ios/tcm-storage-ios/build/Build/Products/Debug-iphonesimulator/PackageFrameworks"
2026-04-22T16:43:52.6454350Z ignoring duplicate directory "/Users/runner/work/tcm-storage-ios/tcm-storage-ios/build/Build/Products/Debug-iphonesimulator/PackageFrameworks"
2026-04-22T16:43:52.6455080Z ignoring duplicate directory "/Users/runner/work/tcm-storage-ios/tcm-storage-ios/build/Build/Products/Debug-iphonesimulator/PackageFrameworks"
2026-04-22T16:43:52.6455810Z ignoring duplicate directory "/Users/runner/work/tcm-storage-ios/tcm-storage-ios/build/Build/Products/Debug-iphonesimulator/PackageFrameworks"
2026-04-22T16:43:52.6456550Z ignoring duplicate directory "/Users/runner/work/tcm-storage-ios/tcm-storage-ios/build/Build/Products/Debug-iphonesimulator/PackageFrameworks"
2026-04-22T16:43:52.6457300Z ignoring duplicate directory "/Users/runner/work/tcm-storage-ios/tcm-storage-ios/build/Build/Products/Debug-iphonesimulator/PackageFrameworks"
2026-04-22T16:43:52.6458030Z ignoring duplicate directory "/Users/runner/work/tcm-storage-ios/tcm-storage-ios/build/Build/Products/Debug-iphonesimulator/PackageFrameworks"
2026-04-22T16:43:52.6458880Z ignoring duplicate directory "/Users/runner/work/tcm-storage-ios/tcm-storage-ios/build/Build/Products/Debug-iphonesimulator/PackageFrameworks"
2026-04-22T16:43:52.6460020Z ignoring duplicate directory "/Users/runner/work/tcm-storage-ios/tcm-storage-ios/build/Build/Products/Debug-iphonesimulator/PackageFrameworks"
2026-04-22T16:43:52.6461080Z ignoring duplicate directory "/Users/runner/work/tcm-storage-ios/tcm-storage-ios/build/Build/Products/Debug-iphonesimulator/PackageFrameworks"
2026-04-22T16:43:52.6461920Z ignoring duplicate directory "/Users/runner/work/tcm-storage-ios/tcm-storage-ios/build/Build/Products/Debug-iphonesimulator/PackageFrameworks"
2026-04-22T16:43:52.6462660Z ignoring duplicate directory "/Users/runner/work/tcm-storage-ios/tcm-storage-ios/build/Build/Products/Debug-iphonesimulator/PackageFrameworks"
2026-04-22T16:43:52.6463390Z ignoring duplicate directory "/Users/runner/work/tcm-storage-ios/tcm-storage-ios/build/Build/Products/Debug-iphonesimulator/PackageFrameworks"
2026-04-22T16:43:52.6464120Z ignoring duplicate directory "/Users/runner/work/tcm-storage-ios/tcm-storage-ios/build/Build/Products/Debug-iphonesimulator/PackageFrameworks"
2026-04-22T16:43:52.6464850Z ignoring duplicate directory "/Users/runner/work/tcm-storage-ios/tcm-storage-ios/build/Build/Products/Debug-iphonesimulator/PackageFrameworks"
2026-04-22T16:43:52.6465570Z ignoring duplicate directory "/Users/runner/work/tcm-storage-ios/tcm-storage-ios/build/Build/Products/Debug-iphonesimulator/PackageFrameworks"
2026-04-22T16:43:52.6466610Z ignoring duplicate directory "/Users/runner/work/tcm-storage-ios/tcm-storage-ios/build/Build/Products/Debug-iphonesimulator/PackageFrameworks"
2026-04-22T16:43:52.6468340Z ignoring duplicate directory "/Users/runner/work/tcm-storage-ios/tcm-storage-ios/build/Build/Products/Debug-iphonesimulator/PackageFrameworks"
2026-04-22T16:43:52.6469130Z ignoring duplicate directory "/Users/runner/work/tcm-storage-ios/tcm-storage-ios/build/Build/Products/Debug-iphonesimulator/PackageFrameworks"
2026-04-22T16:43:52.6469990Z ignoring duplicate directory "/Users/runner/work/tcm-storage-ios/tcm-storage-ios/build/Build/Products/Debug-iphonesimulator/PackageFrameworks"
2026-04-22T16:43:52.6470950Z ignoring duplicate directory "/Users/runner/work/tcm-storage-ios/tcm-storage-ios/build/Build/Products/Debug-iphonesimulator/PackageFrameworks"
2026-04-22T16:43:52.6471810Z ignoring duplicate directory "/Users/runner/work/tcm-storage-ios/tcm-storage-ios/build/Build/Products/Debug-iphonesimulator/PackageFrameworks"
2026-04-22T16:43:52.6472750Z ignoring duplicate directory "/Users/runner/work/tcm-storage-ios/tcm-storage-ios/build/Build/Products/Debug-iphonesimulator/PackageFrameworks"
2026-04-22T16:43:52.6473580Z ignoring duplicate directory "/Users/runner/work/tcm-storage-ios/tcm-storage-ios/build/Build/Products/Debug-iphonesimulator/PackageFrameworks"
2026-04-22T16:43:52.6474580Z ignoring duplicate directory "/Users/runner/work/tcm-storage-ios/tcm-storage-ios/build/Build/Products/Debug-iphonesimulator/PackageFrameworks"
2026-04-22T16:43:52.6475580Z ignoring duplicate directory "/Users/runner/work/tcm-storage-ios/tcm-storage-ios/build/Build/Products/Debug-iphonesimulator/PackageFrameworks"
2026-04-22T16:43:52.6476390Z ignoring duplicate directory "/Users/runner/work/tcm-storage-ios/tcm-storage-ios/build/Build/Products/Debug-iphonesimulator/PackageFrameworks"
2026-04-22T16:43:52.6477480Z ignoring duplicate directory "/Users/runner/work/tcm-storage-ios/tcm-storage-ios/build/Build/Products/Debug-iphonesimulator/PackageFrameworks"
2026-04-22T16:43:52.6478240Z ignoring duplicate directory "/Users/runner/work/tcm-storage-ios/tcm-storage-ios/build/Build/Products/Debug-iphonesimulator/PackageFrameworks"
2026-04-22T16:43:52.6478980Z ignoring duplicate directory "/Users/runner/work/tcm-storage-ios/tcm-storage-ios/build/Build/Products/Debug-iphonesimulator/PackageFrameworks"
2026-04-22T16:43:52.6479700Z ignoring duplicate directory "/Users/runner/work/tcm-storage-ios/tcm-storage-ios/build/Build/Products/Debug-iphonesimulator/PackageFrameworks"
2026-04-22T16:43:52.6480430Z ignoring duplicate directory "/Users/runner/work/tcm-storage-ios/tcm-storage-ios/build/Build/Products/Debug-iphonesimulator/PackageFrameworks"
2026-04-22T16:43:52.6481190Z ignoring duplicate directory "/Users/runner/work/tcm-storage-ios/tcm-storage-ios/build/Build/Products/Debug-iphonesimulator/PackageFrameworks"
2026-04-22T16:43:52.6482300Z ignoring duplicate directory "/Users/runner/work/tcm-storage-ios/tcm-storage-ios/build/Build/Products/Debug-iphonesimulator/PackageFrameworks"
2026-04-22T16:43:52.6483150Z ignoring duplicate directory "/Users/runner/work/tcm-storage-ios/tcm-storage-ios/build/Build/Products/Debug-iphonesimulator/PackageFrameworks"
2026-04-22T16:43:52.6483890Z ignoring duplicate directory "/Users/runner/work/tcm-storage-ios/tcm-storage-ios/build/Build/Products/Debug-iphonesimulator/PackageFrameworks"
2026-04-22T16:43:52.6484470Z #include "..." search starts here:
2026-04-22T16:43:52.6485120Z  /Users/runner/work/tcm-storage-ios/tcm-storage-ios/build/Build/Intermediates.noindex/Nextcloud.build/Debug-iphonesimulator/Share.build/Share-generated-files.hmap (headermap)
2026-04-22T16:43:52.6486160Z  /Users/runner/work/tcm-storage-ios/tcm-storage-ios/build/Build/Intermediates.noindex/Nextcloud.build/Debug-iphonesimulator/Share.build/Share-project-headers.hmap (headermap)
2026-04-22T16:43:52.6486730Z #include <...> search starts here:
2026-04-22T16:43:52.6487310Z  /Users/runner/work/tcm-storage-ios/tcm-storage-ios/build/Build/Intermediates.noindex/Nextcloud.build/Debug-iphonesimulator/Share.build/Share-own-target-headers.hmap (headermap)
2026-04-22T16:43:52.6489120Z  /Users/runner/work/tcm-storage-ios/tcm-storage-ios/build/Build/Intermediates.noindex/Nextcloud.build/Debug-iphonesimulator/Share.build/Share-all-non-framework-target-headers.hmap (headermap)
2026-04-22T16:43:52.6489910Z  /Users/runner/work/tcm-storage-ios/tcm-storage-ios/build/SourcePackages/checkouts/realm-core/src
2026-04-22T16:43:52.6490440Z  /Users/runner/work/tcm-storage-ios/tcm-storage-ios/build/SourcePackages/checkouts/realm-core/src/external/s2
2026-04-22T16:43:52.6491200Z  /Users/runner/work/tcm-storage-ios/tcm-storage-ios/build/SourcePackages/checkouts/realm-core/src/external/IntelRDFPMathLib20U2/LIBRARY/src
2026-04-22T16:43:52.6491830Z  /Users/runner/work/tcm-storage-ios/tcm-storage-ios/build/SourcePackages/checkouts/realm-core/src/spm
2026-04-22T16:43:52.6492360Z  /Users/runner/work/tcm-storage-ios/tcm-storage-ios/build/SourcePackages/checkouts/realm-swift/include
2026-04-22T16:43:52.6492970Z  /Users/runner/work/tcm-storage-ios/tcm-storage-ios/build/SourcePackages/checkouts/swift-atomics/Sources/_AtomicsShims/include
2026-04-22T16:43:52.6493850Z  /Users/runner/work/tcm-storage-ios/tcm-storage-ios/build/SourcePackages/checkouts/swift-nio/Sources/CNIOPosix/include
2026-04-22T16:43:52.6494720Z  /Users/runner/work/tcm-storage-ios/tcm-storage-ios/build/SourcePackages/checkouts/swift-nio/Sources/CNIOWASI/include
2026-04-22T16:43:52.6495690Z  /Users/runner/work/tcm-storage-ios/tcm-storage-ios/build/SourcePackages/checkouts/swift-nio/Sources/CNIOWindows/include
2026-04-22T16:43:52.6496350Z  /Users/runner/work/tcm-storage-ios/tcm-storage-ios/build/SourcePackages/checkouts/swift-nio/Sources/CNIOLinux/include
2026-04-22T16:43:52.6496960Z  /Users/runner/work/tcm-storage-ios/tcm-storage-ios/build/SourcePackages/checkouts/swift-nio/Sources/CNIODarwin/include
2026-04-22T16:43:52.6497670Z  /Users/runner/work/tcm-storage-ios/tcm-storage-ios/build/SourcePackages/checkouts/swift-nio/Sources/CNIOOpenBSD/include
2026-04-22T16:43:52.6498600Z  /Users/runner/work/tcm-storage-ios/tcm-storage-ios/build/SourcePackages/checkouts/swift-nio/Sources/CNIOAtomics/include
2026-04-22T16:43:52.6499270Z  /Users/runner/work/tcm-storage-ios/tcm-storage-ios/build/SourcePackages/checkouts/swift-nio-ssl/Sources/CNIOBoringSSLShims/include
2026-04-22T16:43:52.6500110Z  /Users/runner/work/tcm-storage-ios/tcm-storage-ios/build/SourcePackages/checkouts/swift-nio-ssl/Sources/CNIOBoringSSL/include
2026-04-22T16:43:52.6500840Z  /Users/runner/work/tcm-storage-ios/tcm-storage-ios/build/SourcePackages/checkouts/GzipSwift/Sources/system-zlib/include
2026-04-22T16:43:52.6501560Z  /Users/runner/work/tcm-storage-ios/tcm-storage-ios/build/Build/Intermediates.noindex/Nextcloud.build/Debug-iphonesimulator/Share.build/DerivedSources
2026-04-22T16:43:52.6502420Z  /Users/runner/work/tcm-storage-ios/tcm-storage-ios/build/Build/Products/Debug-iphonesimulator/PackageFrameworks (framework directory)
2026-04-22T16:43:52.6503110Z  /Users/runner/work/tcm-storage-ios/tcm-storage-ios/build/Build/Products/Debug-iphonesimulator (framework directory)
2026-04-22T16:43:52.6503830Z  /Applications/Xcode_26.2.app/Contents/Developer/Platforms/iPhoneSimulator.platform/Developer/Library/Frameworks (framework directory)
2026-04-22T16:43:52.6504880Z  /Applications/Xcode_26.2.app/Contents/Developer/Platforms/iPhoneSimulator.platform/Developer/SDKs/iPhoneSimulator26.2.sdk/Developer/Library/Frameworks (framework directory)
2026-04-22T16:43:52.6505620Z  /Applications/Xcode_26.2.app/Contents/Developer/Toolchains/XcodeDefault.xctoolchain/usr/lib/clang/17/include
2026-04-22T16:43:52.6506240Z  /Applications/Xcode_26.2.app/Contents/Developer/Platforms/iPhoneSimulator.platform/Developer/SDKs/iPhoneSimulator26.2.sdk/usr/include
2026-04-22T16:43:52.6506830Z  /Applications/Xcode_26.2.app/Contents/Developer/Toolchains/XcodeDefault.xctoolchain/usr/include
2026-04-22T16:43:52.6507530Z  /Applications/Xcode_26.2.app/Contents/Developer/Platforms/iPhoneSimulator.platform/Developer/SDKs/iPhoneSimulator26.2.sdk/System/Library/Frameworks (framework directory)
2026-04-22T16:43:52.6508810Z  /Applications/Xcode_26.2.app/Contents/Developer/Platforms/iPhoneSimulator.platform/Developer/SDKs/iPhoneSimulator26.2.sdk/System/Library/SubFrameworks (framework directory)
2026-04-22T16:43:52.6509370Z End of search list.
2026-04-22T16:43:52.6919990Z Apple clang version 17.0.0 (clang-1700.6.3.2)
2026-04-22T16:43:52.7058400Z Target: arm64-apple-ios17.0-simulator
2026-04-22T16:43:52.7159270Z Thread model: posix
2026-04-22T16:43:52.7260360Z InstalledDir: /Applications/Xcode_26.2.app/Contents/Developer/Toolchains/XcodeDefault.xctoolchain/usr/bin
2026-04-22T16:43:52.7361440Z Apple clang version 17.0.0 (clang-1700.6.3.2)
2026-04-22T16:43:52.7462400Z Target: arm64-apple-ios17.0-simulator
2026-04-22T16:43:52.7563400Z Thread model: posix
2026-04-22T16:43:52.7668670Z InstalledDir: /Applications/Xcode_26.2.app/Contents/Developer/Toolchains/XcodeDefault.xctoolchain/usr/bin
2026-04-22T16:43:52.7775680Z Apple clang version 17.0.0 (clang-1700.6.3.2)
2026-04-22T16:43:52.7887620Z Target: arm64-apple-ios17.0-simulator
2026-04-22T16:43:52.8007640Z Thread model: posix
2026-04-22T16:43:52.8129390Z InstalledDir: /Applications/Xcode_26.2.app/Contents/Developer/Toolchains/XcodeDefault.xctoolchain/usr/bin
2026-04-22T16:43:52.8252530Z clang -cc1 version 17.0.0 (clang-1700.6.3.2) default target arm64-apple-darwin24.6.0
2026-04-22T16:43:52.8357040Z clang -cc1 version 17.0.0 (clang-1700.6.3.2) default target arm64-apple-darwin24.6.0
2026-04-22T16:43:52.8467510Z ignoring nonexistent directory "/Users/runner/work/tcm-storage-ios/tcm-storage-ios/build/Build/Products/Debug-iphonesimulator/include"
2026-04-22T16:43:52.8557300Z ignoring nonexistent directory "/Users/runner/work/tcm-storage-ios/tcm-storage-ios/build/Build/Intermediates.noindex/Nextcloud.build/Debug-iphonesimulator/Share.build/DerivedSources-normal/arm64"
2026-04-22T16:43:52.8558490Z ignoring nonexistent directory "/Users/runner/work/tcm-storage-ios/tcm-storage-ios/build/Build/Intermediates.noindex/Nextcloud.build/Debug-iphonesimulator/Share.build/DerivedSources/arm64"
2026-04-22T16:43:52.8561900Z ignoring nonexistent directory "/Applications/Xcode_26.2.app/Contents/Developer/Platforms/iPhoneSimulator.platform/Developer/SDKs/iPhoneSimulator26.2.sdk/usr/local/include"
2026-04-22T16:43:52.8562820Z ignoring nonexistent directory "/Applications/Xcode_26.2.app/Contents/Developer/Platforms/iPhoneSimulator.platform/Developer/SDKs/iPhoneSimulator26.2.sdk/Library/Frameworks"
2026-04-22T16:43:52.8564110Z ignoring duplicate directory "ignoring nonexistent directory "/Users/runner/work/tcm-storage-ios/tcm-storage-ios/build/Build/Products/Debug-iphonesimulator/PackageFrameworks/Users/runner/work/tcm-storage-ios/tcm-storage-ios/build/Build/Products/Debug-iphonesimulator/include"
2026-04-22T16:43:52.8579090Z "
2026-04-22T16:43:52.8579510Z ignoring duplicate directory "/Users/runner/work/tcm-storage-ios/tcm-storage-ios/build/Build/Products/Debug-iphonesimulator/PackageFrameworks"
2026-04-22T16:43:52.8588820Z ignoring duplicate directory "/Users/runner/work/tcm-storage-ios/tcm-storage-ios/build/Build/Products/Debug-iphonesimulator/PackageFrameworks"
2026-04-22T16:43:52.8589600Z ignoring duplicate directory "/Users/runner/work/tcm-storage-ios/tcm-storage-ios/build/Build/Products/Debug-iphonesimulator/PackageFrameworks"
2026-04-22T16:43:52.8590330Z ignoring duplicate directory "/Users/runner/work/tcm-storage-ios/tcm-storage-ios/build/Build/Products/Debug-iphonesimulator/PackageFrameworks"
2026-04-22T16:43:52.8591160Z ignoring duplicate directory "/Users/runner/work/tcm-storage-ios/tcm-storage-ios/build/Build/Products/Debug-iphonesimulator/PackageFrameworksignoring nonexistent directory ""
2026-04-22T16:43:52.8592150Z /Users/runner/work/tcm-storage-ios/tcm-storage-ios/build/Build/Intermediates.noindex/Nextcloud.build/Debug-iphonesimulator/Share.build/DerivedSources-normal/arm64ignoring duplicate directory ""
2026-04-22T16:43:52.8592960Z /Users/runner/work/tcm-storage-ios/tcm-storage-ios/build/Build/Products/Debug-iphonesimulator/PackageFrameworks"
2026-04-22T16:43:52.8593880Z ignoring duplicate directory "/Users/runner/work/tcm-storage-ios/tcm-storage-ios/build/Build/Products/Debug-iphonesimulator/PackageFrameworks"
2026-04-22T16:43:52.8594880Z ignoring duplicate directory "/Users/runner/work/tcm-storage-ios/tcm-storage-ios/build/Build/Products/Debug-iphonesimulator/PackageFrameworks"
2026-04-22T16:43:52.8595630Z ignoring duplicate directory "/Users/runner/work/tcm-storage-ios/tcm-storage-ios/build/Build/Products/Debug-iphonesimulator/PackageFrameworks"
2026-04-22T16:43:52.8596360Z ignoring duplicate directory "/Users/runner/work/tcm-storage-ios/tcm-storage-ios/build/Build/Products/Debug-iphonesimulator/PackageFrameworks"
2026-04-22T16:43:52.8597640Z ignoring nonexistent directory "ignoring duplicate directory "/Users/runner/work/tcm-storage-ios/tcm-storage-ios/build/Build/Intermediates.noindex/Nextcloud.build/Debug-iphonesimulator/Share.build/DerivedSources/arm64/Users/runner/work/tcm-storage-ios/tcm-storage-ios/build/Build/Products/Debug-iphonesimulator/PackageFrameworks"
2026-04-22T16:43:52.8598640Z "
2026-04-22T16:43:52.8599040Z ignoring duplicate directory "/Users/runner/work/tcm-storage-ios/tcm-storage-ios/build/Build/Products/Debug-iphonesimulator/PackageFrameworks"
2026-04-22T16:43:52.8599790Z ignoring duplicate directory "/Users/runner/work/tcm-storage-ios/tcm-storage-ios/build/Build/Products/Debug-iphonesimulator/PackageFrameworks"
2026-04-22T16:43:52.8600520Z ignoring duplicate directory "/Users/runner/work/tcm-storage-ios/tcm-storage-ios/build/Build/Products/Debug-iphonesimulator/PackageFrameworks"
2026-04-22T16:43:52.8601240Z ignoring duplicate directory "/Users/runner/work/tcm-storage-ios/tcm-storage-ios/build/Build/Products/Debug-iphonesimulator/PackageFrameworks"
2026-04-22T16:43:52.8601960Z ignoring duplicate directory "/Users/runner/work/tcm-storage-ios/tcm-storage-ios/build/Build/Products/Debug-iphonesimulator/PackageFrameworks"
2026-04-22T16:43:52.8602990Z ignoring duplicate directory "/Users/runner/work/tcm-storage-ios/tcm-storage-ios/build/Build/Products/Debug-iphonesimulator/PackageFrameworks"
2026-04-22T16:43:52.8603750Z ignoring duplicate directory "/Users/runner/work/tcm-storage-ios/tcm-storage-ios/build/Build/Products/Debug-iphonesimulator/PackageFrameworks"
2026-04-22T16:43:52.8604470Z ignoring duplicate directory "/Users/runner/work/tcm-storage-ios/tcm-storage-ios/build/Build/Products/Debug-iphonesimulator/PackageFrameworks"
2026-04-22T16:43:52.8605190Z ignoring duplicate directory "/Users/runner/work/tcm-storage-ios/tcm-storage-ios/build/Build/Products/Debug-iphonesimulator/PackageFrameworks"
2026-04-22T16:43:52.8606010Z ignoring duplicate directory "/Users/runner/work/tcm-storage-ios/tcm-storage-ios/build/Build/Products/Debug-iphonesimulator/PackageFrameworksignoring nonexistent directory ""
2026-04-22T16:43:52.8606930Z /Applications/Xcode_26.2.app/Contents/Developer/Platforms/iPhoneSimulator.platform/Developer/SDKs/iPhoneSimulator26.2.sdk/usr/local/includeignoring duplicate directory ""
2026-04-22T16:43:52.8607670Z /Users/runner/work/tcm-storage-ios/tcm-storage-ios/build/Build/Products/Debug-iphonesimulator/PackageFrameworks"
2026-04-22T16:43:52.8608330Z ignoring duplicate directory "/Users/runner/work/tcm-storage-ios/tcm-storage-ios/build/Build/Products/Debug-iphonesimulator/PackageFrameworks"
2026-04-22T16:43:52.8609070Z ignoring duplicate directory "/Users/runner/work/tcm-storage-ios/tcm-storage-ios/build/Build/Products/Debug-iphonesimulator/PackageFrameworks"
2026-04-22T16:43:52.8609800Z ignoring duplicate directory "/Users/runner/work/tcm-storage-ios/tcm-storage-ios/build/Build/Products/Debug-iphonesimulator/PackageFrameworks"
2026-04-22T16:43:52.8610620Z ignoring duplicate directory "/Users/runner/work/tcm-storage-ios/tcm-storage-ios/build/Build/Products/Debug-iphonesimulator/PackageFrameworksignoring nonexistent directory ""
2026-04-22T16:43:52.8611530Z /Applications/Xcode_26.2.app/Contents/Developer/Platforms/iPhoneSimulator.platform/Developer/SDKs/iPhoneSimulator26.2.sdk/Library/Frameworksignoring duplicate directory ""
2026-04-22T16:43:52.8612480Z /Users/runner/work/tcm-storage-ios/tcm-storage-ios/build/Build/Products/Debug-iphonesimulator/PackageFrameworks"
2026-04-22T16:43:52.8613330Z ignoring duplicate directory "/Users/runner/work/tcm-storage-ios/tcm-storage-ios/build/Build/Products/Debug-iphonesimulator/PackageFrameworksignoring duplicate directory ""
2026-04-22T16:43:52.8614170Z /Users/runner/work/tcm-storage-ios/tcm-storage-ios/build/Build/Products/Debug-iphonesimulator/PackageFrameworksignoring duplicate directory ""
2026-04-22T16:43:52.8614920Z /Users/runner/work/tcm-storage-ios/tcm-storage-ios/build/Build/Products/Debug-iphonesimulator/PackageFrameworksignoring duplicate directory ""
2026-04-22T16:43:52.8615660Z /Users/runner/work/tcm-storage-ios/tcm-storage-ios/build/Build/Products/Debug-iphonesimulator/PackageFrameworksignoring duplicate directory ""
2026-04-22T16:43:52.8616410Z /Users/runner/work/tcm-storage-ios/tcm-storage-ios/build/Build/Products/Debug-iphonesimulator/PackageFrameworksignoring duplicate directory ""
2026-04-22T16:43:52.8617160Z /Users/runner/work/tcm-storage-ios/tcm-storage-ios/build/Build/Products/Debug-iphonesimulator/PackageFrameworksignoring duplicate directory ""
2026-04-22T16:43:52.8617900Z /Users/runner/work/tcm-storage-ios/tcm-storage-ios/build/Build/Products/Debug-iphonesimulator/PackageFrameworksignoring duplicate directory ""
2026-04-22T16:43:52.8618680Z /Users/runner/work/tcm-storage-ios/tcm-storage-ios/build/Build/Products/Debug-iphonesimulator/PackageFrameworksignoring duplicate directory ""
2026-04-22T16:43:52.8619420Z /Users/runner/work/tcm-storage-ios/tcm-storage-ios/build/Build/Products/Debug-iphonesimulator/PackageFrameworksignoring duplicate directory ""
2026-04-22T16:43:52.8620170Z /Users/runner/work/tcm-storage-ios/tcm-storage-ios/build/Build/Products/Debug-iphonesimulator/PackageFrameworksignoring duplicate directory ""
2026-04-22T16:43:52.8620910Z /Users/runner/work/tcm-storage-ios/tcm-storage-ios/build/Build/Products/Debug-iphonesimulator/PackageFrameworksignoring duplicate directory ""
2026-04-22T16:43:52.8621660Z /Users/runner/work/tcm-storage-ios/tcm-storage-ios/build/Build/Products/Debug-iphonesimulator/PackageFrameworksignoring duplicate directory ""
2026-04-22T16:43:52.8622400Z /Users/runner/work/tcm-storage-ios/tcm-storage-ios/build/Build/Products/Debug-iphonesimulator/PackageFrameworksignoring duplicate directory ""
2026-04-22T16:43:52.8623150Z /Users/runner/work/tcm-storage-ios/tcm-storage-ios/build/Build/Products/Debug-iphonesimulator/PackageFrameworksignoring duplicate directory ""
2026-04-22T16:43:52.8623900Z /Users/runner/work/tcm-storage-ios/tcm-storage-ios/build/Build/Products/Debug-iphonesimulator/PackageFrameworksignoring duplicate directory ""
2026-04-22T16:43:52.8624640Z /Users/runner/work/tcm-storage-ios/tcm-storage-ios/build/Build/Products/Debug-iphonesimulator/PackageFrameworksignoring duplicate directory ""
2026-04-22T16:43:52.8625390Z /Users/runner/work/tcm-storage-ios/tcm-storage-ios/build/Build/Products/Debug-iphonesimulator/PackageFrameworksignoring duplicate directory ""
2026-04-22T16:43:52.8628280Z /Users/runner/work/tcm-storage-ios/tcm-storage-ios/build/Build/Products/Debug-iphonesimulator/PackageFrameworksignoring duplicate directory ""
2026-04-22T16:43:52.8643480Z /Users/runner/work/tcm-storage-ios/tcm-storage-ios/build/Build/Products/Debug-iphonesimulator/PackageFrameworksignoring duplicate directory ""
2026-04-22T16:43:52.8644280Z /Users/runner/work/tcm-storage-ios/tcm-storage-ios/build/Build/Products/Debug-iphonesimulator/PackageFrameworksignoring duplicate directory ""
2026-04-22T16:43:52.8645040Z /Users/runner/work/tcm-storage-ios/tcm-storage-ios/build/Build/Products/Debug-iphonesimulator/PackageFrameworksignoring duplicate directory ""
2026-04-22T16:43:52.8645780Z /Users/runner/work/tcm-storage-ios/tcm-storage-ios/build/Build/Products/Debug-iphonesimulator/PackageFrameworksignoring duplicate directory ""
2026-04-22T16:43:52.8646530Z /Users/runner/work/tcm-storage-ios/tcm-storage-ios/build/Build/Products/Debug-iphonesimulator/PackageFrameworksignoring duplicate directory ""
2026-04-22T16:43:52.8647500Z /Users/runner/work/tcm-storage-ios/tcm-storage-ios/build/Build/Products/Debug-iphonesimulator/PackageFrameworks"
2026-04-22T16:43:52.8648280Z ignoring duplicate directory "/Users/runner/work/tcm-storage-ios/tcm-storage-ios/build/Build/Products/Debug-iphonesimulator/PackageFrameworks"
2026-04-22T16:43:52.8649010Z ignoring duplicate directory "/Users/runner/work/tcm-storage-ios/tcm-storage-ios/build/Build/Products/Debug-iphonesimulator/PackageFrameworks"
2026-04-22T16:43:52.8649750Z ignoring duplicate directory "/Users/runner/work/tcm-storage-ios/tcm-storage-ios/build/Build/Products/Debug-iphonesimulator/PackageFrameworks"
2026-04-22T16:43:52.8650480Z ignoring duplicate directory "/Users/runner/work/tcm-storage-ios/tcm-storage-ios/build/Build/Products/Debug-iphonesimulator/PackageFrameworks"
2026-04-22T16:43:52.8651210Z ignoring duplicate directory "/Users/runner/work/tcm-storage-ios/tcm-storage-ios/build/Build/Products/Debug-iphonesimulator/PackageFrameworks"
2026-04-22T16:43:52.8652130Z ignoring duplicate directory "/Users/runner/work/tcm-storage-ios/tcm-storage-ios/build/Build/Products/Debug-iphonesimulator/PackageFrameworks#include "..." search starts here:
2026-04-22T16:43:52.8652670Z "
2026-04-22T16:43:52.8653550Z  ignoring duplicate directory "/Users/runner/work/tcm-storage-ios/tcm-storage-ios/build/Build/Intermediates.noindex/Nextcloud.build/Debug-iphonesimulator/Share.build/Share-generated-files.hmap/Users/runner/work/tcm-storage-ios/tcm-storage-ios/build/Build/Products/Debug-iphonesimulator/PackageFrameworks (headermap)"
2026-04-22T16:43:52.8654470Z 
2026-04-22T16:43:52.8655260Z ignoring duplicate directory " /Users/runner/work/tcm-storage-ios/tcm-storage-ios/build/Build/Products/Debug-iphonesimulator/PackageFrameworks/Users/runner/work/tcm-storage-ios/tcm-storage-ios/build/Build/Intermediates.noindex/Nextcloud.build/Debug-iphonesimulator/Share.build/Share-project-headers.hmap"
2026-04-22T16:43:52.8656190Z  (headermap)ignoring duplicate directory "
2026-04-22T16:43:52.8656820Z /Users/runner/work/tcm-storage-ios/tcm-storage-ios/build/Build/Products/Debug-iphonesimulator/PackageFrameworks#include <...> search starts here:
2026-04-22T16:43:52.8657280Z "
2026-04-22T16:43:52.8658160Z  ignoring duplicate directory "/Users/runner/work/tcm-storage-ios/tcm-storage-ios/build/Build/Intermediates.noindex/Nextcloud.build/Debug-iphonesimulator/Share.build/Share-own-target-headers.hmap/Users/runner/work/tcm-storage-ios/tcm-storage-ios/build/Build/Products/Debug-iphonesimulator/PackageFrameworks (headermap)"
2026-04-22T16:43:52.8659460Z 
2026-04-22T16:43:52.8660330Z ignoring duplicate directory " /Users/runner/work/tcm-storage-ios/tcm-storage-ios/build/Build/Products/Debug-iphonesimulator/PackageFrameworks/Users/runner/work/tcm-storage-ios/tcm-storage-ios/build/Build/Intermediates.noindex/Nextcloud.build/Debug-iphonesimulator/Share.build/Share-all-non-framework-target-headers.hmap"
2026-04-22T16:43:52.8661350Z  (headermap)ignoring duplicate directory "
2026-04-22T16:43:52.8661750Z /Users/runner/work/tcm-storage-ios/tcm-storage-ios/build/Build/Products/Debug-iphonesimulator/PackageFrameworks "
2026-04-22T16:43:52.8662380Z /Users/runner/work/tcm-storage-ios/tcm-storage-ios/build/SourcePackages/checkouts/realm-core/srcignoring duplicate directory "
2026-04-22T16:43:52.8663010Z /Users/runner/work/tcm-storage-ios/tcm-storage-ios/build/Build/Products/Debug-iphonesimulator/PackageFrameworks "
2026-04-22T16:43:52.8663660Z /Users/runner/work/tcm-storage-ios/tcm-storage-ios/build/SourcePackages/checkouts/realm-core/src/external/s2ignoring duplicate directory "
2026-04-22T16:43:52.8664310Z /Users/runner/work/tcm-storage-ios/tcm-storage-ios/build/Build/Products/Debug-iphonesimulator/PackageFrameworks "
2026-04-22T16:43:52.8665050Z /Users/runner/work/tcm-storage-ios/tcm-storage-ios/build/SourcePackages/checkouts/realm-core/src/external/IntelRDFPMathLib20U2/LIBRARY/srcignoring duplicate directory "
2026-04-22T16:43:52.8665960Z /Users/runner/work/tcm-storage-ios/tcm-storage-ios/build/Build/Products/Debug-iphonesimulator/PackageFrameworks "
2026-04-22T16:43:52.8666670Z /Users/runner/work/tcm-storage-ios/tcm-storage-ios/build/SourcePackages/checkouts/realm-core/src/spmignoring duplicate directory "
2026-04-22T16:43:52.8667310Z /Users/runner/work/tcm-storage-ios/tcm-storage-ios/build/Build/Products/Debug-iphonesimulator/PackageFrameworks "
2026-04-22T16:43:52.8667950Z /Users/runner/work/tcm-storage-ios/tcm-storage-ios/build/SourcePackages/checkouts/realm-swift/includeignoring duplicate directory "
2026-04-22T16:43:52.8668580Z /Users/runner/work/tcm-storage-ios/tcm-storage-ios/build/Build/Products/Debug-iphonesimulator/PackageFrameworks "
2026-04-22T16:43:52.8669280Z /Users/runner/work/tcm-storage-ios/tcm-storage-ios/build/SourcePackages/checkouts/swift-atomics/Sources/_AtomicsShims/includeignoring duplicate directory "
2026-04-22T16:43:52.8669980Z /Users/runner/work/tcm-storage-ios/tcm-storage-ios/build/Build/Products/Debug-iphonesimulator/PackageFrameworks "
2026-04-22T16:43:52.8670660Z /Users/runner/work/tcm-storage-ios/tcm-storage-ios/build/SourcePackages/checkouts/swift-nio/Sources/CNIOPosix/includeignoring duplicate directory "
2026-04-22T16:43:52.8671340Z /Users/runner/work/tcm-storage-ios/tcm-storage-ios/build/Build/Products/Debug-iphonesimulator/PackageFrameworks "
2026-04-22T16:43:52.8672020Z /Users/runner/work/tcm-storage-ios/tcm-storage-ios/build/SourcePackages/checkouts/swift-nio/Sources/CNIOWASI/includeignoring duplicate directory "
2026-04-22T16:43:52.8672700Z /Users/runner/work/tcm-storage-ios/tcm-storage-ios/build/Build/Products/Debug-iphonesimulator/PackageFrameworks "
2026-04-22T16:43:52.8673380Z /Users/runner/work/tcm-storage-ios/tcm-storage-ios/build/SourcePackages/checkouts/swift-nio/Sources/CNIOWindows/includeignoring duplicate directory "
2026-04-22T16:43:52.8674060Z /Users/runner/work/tcm-storage-ios/tcm-storage-ios/build/Build/Products/Debug-iphonesimulator/PackageFrameworks "
2026-04-22T16:43:52.8680310Z /Users/runner/work/tcm-storage-ios/tcm-storage-ios/build/SourcePackages/checkouts/swift-nio/Sources/CNIOLinux/includeignoring duplicate directory "
2026-04-22T16:43:52.8681010Z /Users/runner/work/tcm-storage-ios/tcm-storage-ios/build/Build/Products/Debug-iphonesimulator/PackageFrameworks "
2026-04-22T16:43:52.8681680Z /Users/runner/work/tcm-storage-ios/tcm-storage-ios/build/SourcePackages/checkouts/swift-nio/Sources/CNIODarwin/includeignoring duplicate directory "
2026-04-22T16:43:52.8682360Z /Users/runner/work/tcm-storage-ios/tcm-storage-ios/build/Build/Products/Debug-iphonesimulator/PackageFrameworks "
2026-04-22T16:43:52.8683030Z /Users/runner/work/tcm-storage-ios/tcm-storage-ios/build/SourcePackages/checkouts/swift-nio/Sources/CNIOOpenBSD/includeignoring duplicate directory "
2026-04-22T16:43:52.8683710Z /Users/runner/work/tcm-storage-ios/tcm-storage-ios/build/Build/Products/Debug-iphonesimulator/PackageFrameworks "
2026-04-22T16:43:52.8684380Z /Users/runner/work/tcm-storage-ios/tcm-storage-ios/build/SourcePackages/checkouts/swift-nio/Sources/CNIOAtomics/includeignoring duplicate directory "
2026-04-22T16:43:52.8685060Z /Users/runner/work/tcm-storage-ios/tcm-storage-ios/build/Build/Products/Debug-iphonesimulator/PackageFrameworks "
2026-04-22T16:43:52.8685770Z /Users/runner/work/tcm-storage-ios/tcm-storage-ios/build/SourcePackages/checkouts/swift-nio-ssl/Sources/CNIOBoringSSLShims/includeignoring duplicate directory "
2026-04-22T16:43:52.8686490Z /Users/runner/work/tcm-storage-ios/tcm-storage-ios/build/Build/Products/Debug-iphonesimulator/PackageFrameworks "
2026-04-22T16:43:52.8687190Z /Users/runner/work/tcm-storage-ios/tcm-storage-ios/build/SourcePackages/checkouts/swift-nio-ssl/Sources/CNIOBoringSSL/includeignoring duplicate directory "
2026-04-22T16:43:52.8687940Z /Users/runner/work/tcm-storage-ios/tcm-storage-ios/build/Build/Products/Debug-iphonesimulator/PackageFrameworks "
2026-04-22T16:43:52.8688630Z /Users/runner/work/tcm-storage-ios/tcm-storage-ios/build/SourcePackages/checkouts/GzipSwift/Sources/system-zlib/includeignoring duplicate directory "
2026-04-22T16:43:52.8689630Z /Users/runner/work/tcm-storage-ios/tcm-storage-ios/build/Build/Products/Debug-iphonesimulator/PackageFrameworks "
2026-04-22T16:43:52.8690420Z /Users/runner/work/tcm-storage-ios/tcm-storage-ios/build/Build/Intermediates.noindex/Nextcloud.build/Debug-iphonesimulator/Share.build/DerivedSources
2026-04-22T16:43:52.8691180Z  /Users/runner/work/tcm-storage-ios/tcm-storage-ios/build/Build/Products/Debug-iphonesimulator/PackageFrameworks (framework directory)
2026-04-22T16:43:52.8691840Z  /Users/runner/work/tcm-storage-ios/tcm-storage-ios/build/Build/Products/Debug-iphonesimulator (framework directory)
2026-04-22T16:43:52.8692490Z  /Applications/Xcode_26.2.app/Contents/Developer/Platforms/iPhoneSimulator.platform/Developer/Library/Frameworks (framework directory)
2026-04-22T16:43:52.8693350Z  /Applications/Xcode_26.2.app/Contents/Developer/Platforms/iPhoneSimulator.platform/Developer/SDKs/iPhoneSimulator26.2.sdk/Developer/Library/Frameworks#include "..." search starts here:
2026-04-22T16:43:52.8693940Z  (framework directory) 
2026-04-22T16:43:52.8694770Z /Users/runner/work/tcm-storage-ios/tcm-storage-ios/build/Build/Intermediates.noindex/Nextcloud.build/Debug-iphonesimulator/Share.build/Share-generated-files.hmap  (headermap)/Applications/Xcode_26.2.app/Contents/Developer/Toolchains/XcodeDefault.xctoolchain/usr/lib/clang/17/include
2026-04-22T16:43:52.8695590Z 
2026-04-22T16:43:52.8696400Z   /Users/runner/work/tcm-storage-ios/tcm-storage-ios/build/Build/Intermediates.noindex/Nextcloud.build/Debug-iphonesimulator/Share.build/Share-project-headers.hmap/Applications/Xcode_26.2.app/Contents/Developer/Platforms/iPhoneSimulator.platform/Developer/SDKs/iPhoneSimulator26.2.sdk/usr/include (headermap)
2026-04-22T16:43:52.8697570Z 
2026-04-22T16:43:52.8697640Z  #include <...> search starts here:
2026-04-22T16:43:52.8697970Z /Applications/Xcode_26.2.app/Contents/Developer/Toolchains/XcodeDefault.xctoolchain/usr/include 
2026-04-22T16:43:52.8699100Z /Users/runner/work/tcm-storage-ios/tcm-storage-ios/build/Build/Intermediates.noindex/Nextcloud.build/Debug-iphonesimulator/Share.build/Share-own-target-headers.hmap  (headermap)/Applications/Xcode_26.2.app/Contents/Developer/Platforms/iPhoneSimulator.platform/Developer/SDKs/iPhoneSimulator26.2.sdk/System/Library/Frameworks
2026-04-22T16:43:52.8700060Z  (framework directory) 
2026-04-22T16:43:52.8701070Z /Users/runner/work/tcm-storage-ios/tcm-storage-ios/build/Build/Intermediates.noindex/Nextcloud.build/Debug-iphonesimulator/Share.build/Share-all-non-framework-target-headers.hmap  (headermap)/Applications/Xcode_26.2.app/Contents/Developer/Platforms/iPhoneSimulator.platform/Developer/SDKs/iPhoneSimulator26.2.sdk/System/Library/SubFrameworks
2026-04-22T16:43:52.8702090Z  (framework directory) 
2026-04-22T16:43:52.8702440Z /Users/runner/work/tcm-storage-ios/tcm-storage-ios/build/SourcePackages/checkouts/realm-core/srcEnd of search list.
2026-04-22T16:43:52.8702780Z 
2026-04-22T16:43:52.8703010Z  /Users/runner/work/tcm-storage-ios/tcm-storage-ios/build/SourcePackages/checkouts/realm-core/src/external/s2
2026-04-22T16:43:52.8703660Z  /Users/runner/work/tcm-storage-ios/tcm-storage-ios/build/SourcePackages/checkouts/realm-core/src/external/IntelRDFPMathLib20U2/LIBRARY/src
2026-04-22T16:43:52.8704280Z  /Users/runner/work/tcm-storage-ios/tcm-storage-ios/build/SourcePackages/checkouts/realm-core/src/spm
2026-04-22T16:43:52.8704780Z  /Users/runner/work/tcm-storage-ios/tcm-storage-ios/build/SourcePackages/checkouts/realm-swift/include
2026-04-22T16:43:52.8705360Z  /Users/runner/work/tcm-storage-ios/tcm-storage-ios/build/SourcePackages/checkouts/swift-atomics/Sources/_AtomicsShims/include
2026-04-22T16:43:52.8706010Z  /Users/runner/work/tcm-storage-ios/tcm-storage-ios/build/SourcePackages/checkouts/swift-nio/Sources/CNIOPosix/include
2026-04-22T16:43:52.8706610Z  /Users/runner/work/tcm-storage-ios/tcm-storage-ios/build/SourcePackages/checkouts/swift-nio/Sources/CNIOWASI/include
2026-04-22T16:43:52.8707210Z  /Users/runner/work/tcm-storage-ios/tcm-storage-ios/build/SourcePackages/checkouts/swift-nio/Sources/CNIOWindows/include
2026-04-22T16:43:52.8707960Z  /Users/runner/work/tcm-storage-ios/tcm-storage-ios/build/SourcePackages/checkouts/swift-nio/Sources/CNIOLinux/include
2026-04-22T16:43:52.8708570Z  /Users/runner/work/tcm-storage-ios/tcm-storage-ios/build/SourcePackages/checkouts/swift-nio/Sources/CNIODarwin/include
2026-04-22T16:43:52.8709180Z  /Users/runner/work/tcm-storage-ios/tcm-storage-ios/build/SourcePackages/checkouts/swift-nio/Sources/CNIOOpenBSD/include
2026-04-22T16:43:52.8709780Z  /Users/runner/work/tcm-storage-ios/tcm-storage-ios/build/SourcePackages/checkouts/swift-nio/Sources/CNIOAtomics/include
2026-04-22T16:43:52.8710520Z  /Users/runner/work/tcm-storage-ios/tcm-storage-ios/build/SourcePackages/checkouts/swift-nio-ssl/Sources/CNIOBoringSSLShims/include
2026-04-22T16:43:52.8711180Z  /Users/runner/work/tcm-storage-ios/tcm-storage-ios/build/SourcePackages/checkouts/swift-nio-ssl/Sources/CNIOBoringSSL/include
2026-04-22T16:43:52.8711820Z  /Users/runner/work/tcm-storage-ios/tcm-storage-ios/build/SourcePackages/checkouts/GzipSwift/Sources/system-zlib/include
2026-04-22T16:43:52.8712510Z  /Users/runner/work/tcm-storage-ios/tcm-storage-ios/build/Build/Intermediates.noindex/Nextcloud.build/Debug-iphonesimulator/Share.build/DerivedSources
2026-04-22T16:43:52.8713280Z  /Users/runner/work/tcm-storage-ios/tcm-storage-ios/build/Build/Products/Debug-iphonesimulator/PackageFrameworks (framework directory)
2026-04-22T16:43:52.8713950Z  /Users/runner/work/tcm-storage-ios/tcm-storage-ios/build/Build/Products/Debug-iphonesimulator (framework directory)
2026-04-22T16:43:52.8714590Z  /Applications/Xcode_26.2.app/Contents/Developer/Platforms/iPhoneSimulator.platform/Developer/Library/Frameworks (framework directory)
2026-04-22T16:43:52.8715390Z  /Applications/Xcode_26.2.app/Contents/Developer/Platforms/iPhoneSimulator.platform/Developer/SDKs/iPhoneSimulator26.2.sdk/Developer/Library/Frameworks (framework directory)
2026-04-22T16:43:52.8716130Z  /Applications/Xcode_26.2.app/Contents/Developer/Toolchains/XcodeDefault.xctoolchain/usr/lib/clang/17/include
2026-04-22T16:43:52.8716760Z  /Applications/Xcode_26.2.app/Contents/Developer/Platforms/iPhoneSimulator.platform/Developer/SDKs/iPhoneSimulator26.2.sdk/usr/include
2026-04-22T16:43:52.8717350Z  /Applications/Xcode_26.2.app/Contents/Developer/Toolchains/XcodeDefault.xctoolchain/usr/include
2026-04-22T16:43:52.8718050Z  /Applications/Xcode_26.2.app/Contents/Developer/Platforms/iPhoneSimulator.platform/Developer/SDKs/iPhoneSimulator26.2.sdk/System/Library/Frameworks (framework directory)
2026-04-22T16:43:52.8718970Z  /Applications/Xcode_26.2.app/Contents/Developer/Platforms/iPhoneSimulator.platform/Developer/SDKs/iPhoneSimulator26.2.sdk/System/Library/SubFrameworks (framework directory)
2026-04-22T16:43:52.8719550Z End of search list.
2026-04-22T16:43:52.8719800Z clang -cc1 version 17.0.0 (clang-1700.6.3.2) default target arm64-apple-darwin24.6.0
2026-04-22T16:43:52.8741720Z ignoring nonexistent directory "/Users/runner/work/tcm-storage-ios/tcm-storage-ios/build/Build/Products/Debug-iphonesimulator/include"
2026-04-22T16:43:52.8742720Z ignoring nonexistent directory "/Users/runner/work/tcm-storage-ios/tcm-storage-ios/build/Build/Intermediates.noindex/Nextcloud.build/Debug-iphonesimulator/Share.build/DerivedSources-normal/arm64"
2026-04-22T16:43:52.8743740Z ignoring nonexistent directory "/Users/runner/work/tcm-storage-ios/tcm-storage-ios/build/Build/Intermediates.noindex/Nextcloud.build/Debug-iphonesimulator/Share.build/DerivedSources/arm64"
2026-04-22T16:43:52.8744710Z ignoring nonexistent directory "/Applications/Xcode_26.2.app/Contents/Developer/Platforms/iPhoneSimulator.platform/Developer/SDKs/iPhoneSimulator26.2.sdk/usr/local/include"
2026-04-22T16:43:52.8745670Z ignoring nonexistent directory "/Applications/Xcode_26.2.app/Contents/Developer/Platforms/iPhoneSimulator.platform/Developer/SDKs/iPhoneSimulator26.2.sdk/Library/Frameworks"
2026-04-22T16:43:52.8746550Z ignoring duplicate directory "/Users/runner/work/tcm-storage-ios/tcm-storage-ios/build/Build/Products/Debug-iphonesimulator/PackageFrameworks"
2026-04-22T16:43:52.8747800Z ignoring duplicate directory "/Users/runner/work/tcm-storage-ios/tcm-storage-ios/build/Build/Products/Debug-iphonesimulator/PackageFrameworks"
2026-04-22T16:43:52.8748580Z ignoring duplicate directory "/Users/runner/work/tcm-storage-ios/tcm-storage-ios/build/Build/Products/Debug-iphonesimulator/PackageFrameworks"
2026-04-22T16:43:52.8749350Z ignoring duplicate directory "/Users/runner/work/tcm-storage-ios/tcm-storage-ios/build/Build/Products/Debug-iphonesimulator/PackageFrameworks"
2026-04-22T16:43:52.8750090Z ignoring duplicate directory "/Users/runner/work/tcm-storage-ios/tcm-storage-ios/build/Build/Products/Debug-iphonesimulator/PackageFrameworks"
2026-04-22T16:43:52.8750820Z ignoring duplicate directory "/Users/runner/work/tcm-storage-ios/tcm-storage-ios/build/Build/Products/Debug-iphonesimulator/PackageFrameworks"
2026-04-22T16:43:52.8751570Z ignoring duplicate directory "/Users/runner/work/tcm-storage-ios/tcm-storage-ios/build/Build/Products/Debug-iphonesimulator/PackageFrameworks"
2026-04-22T16:43:52.8752390Z ignoring duplicate directory "/Users/runner/work/tcm-storage-ios/tcm-storage-ios/build/Build/Products/Debug-iphonesimulator/PackageFrameworks"
2026-04-22T16:43:52.8753160Z ignoring duplicate directory "/Users/runner/work/tcm-storage-ios/tcm-storage-ios/build/Build/Products/Debug-iphonesimulator/PackageFrameworks"
2026-04-22T16:43:52.8753950Z ignoring duplicate directory "/Users/runner/work/tcm-storage-ios/tcm-storage-ios/build/Build/Products/Debug-iphonesimulator/PackageFrameworks"
2026-04-22T16:43:52.8754710Z ignoring duplicate directory "/Users/runner/work/tcm-storage-ios/tcm-storage-ios/build/Build/Products/Debug-iphonesimulator/PackageFrameworks"
2026-04-22T16:43:52.8755440Z ignoring duplicate directory "/Users/runner/work/tcm-storage-ios/tcm-storage-ios/build/Build/Products/Debug-iphonesimulator/PackageFrameworks"
2026-04-22T16:43:52.8756230Z ignoring duplicate directory "/Users/runner/work/tcm-storage-ios/tcm-storage-ios/build/Build/Products/Debug-iphonesimulator/PackageFrameworks"
2026-04-22T16:43:52.8757050Z ignoring duplicate directory "/Users/runner/work/tcm-storage-ios/tcm-storage-ios/build/Build/Products/Debug-iphonesimulator/PackageFrameworks"
2026-04-22T16:43:52.8757800Z ignoring duplicate directory "/Users/runner/work/tcm-storage-ios/tcm-storage-ios/build/Build/Products/Debug-iphonesimulator/PackageFrameworks"
2026-04-22T16:43:52.8758530Z ignoring duplicate directory "/Users/runner/work/tcm-storage-ios/tcm-storage-ios/build/Build/Products/Debug-iphonesimulator/PackageFrameworks"
2026-04-22T16:43:52.8758850Z ignoring duplicate directory "/Users/runner/work/tcm-storage-ios/tcm-storage-ios/build/Build/Products/Debug-iphonesimulator/PackageFrameworks"
2026-04-22T16:43:52.8759170Z ignoring duplicate directory "/Users/runner/work/tcm-storage-ios/tcm-storage-ios/build/Build/Products/Debug-iphonesimulator/PackageFrameworks"
2026-04-22T16:43:52.8759570Z ignoring duplicate directory "/Users/runner/work/tcm-storage-ios/tcm-storage-ios/build/Build/Products/Debug-iphonesimulator/PackageFrameworks"
2026-04-22T16:43:52.8759900Z ignoring duplicate directory "/Users/runner/work/tcm-storage-ios/tcm-storage-ios/build/Build/Products/Debug-iphonesimulator/PackageFrameworks"
2026-04-22T16:43:52.8760230Z ignoring duplicate directory "/Users/runner/work/tcm-storage-ios/tcm-storage-ios/build/Build/Products/Debug-iphonesimulator/PackageFrameworks"
2026-04-22T16:43:52.8760550Z ignoring duplicate directory "/Users/runner/work/tcm-storage-ios/tcm-storage-ios/build/Build/Products/Debug-iphonesimulator/PackageFrameworks"
2026-04-22T16:43:52.8760870Z ignoring duplicate directory "/Users/runner/work/tcm-storage-ios/tcm-storage-ios/build/Build/Products/Debug-iphonesimulator/PackageFrameworks"
2026-04-22T16:43:52.8761210Z ignoring duplicate directory "/Users/runner/work/tcm-storage-ios/tcm-storage-ios/build/Build/Products/Debug-iphonesimulator/PackageFrameworks"
2026-04-22T16:43:52.8761670Z ignoring duplicate directory "/Users/runner/work/tcm-storage-ios/tcm-storage-ios/build/Build/Products/Debug-iphonesimulator/PackageFrameworks"
2026-04-22T16:43:52.8762090Z ignoring duplicate directory "/Users/runner/work/tcm-storage-ios/tcm-storage-ios/build/Build/Products/Debug-iphonesimulator/PackageFrameworks"
2026-04-22T16:43:52.8762430Z ignoring duplicate directory "/Users/runner/work/tcm-storage-ios/tcm-storage-ios/build/Build/Products/Debug-iphonesimulator/PackageFrameworks"
2026-04-22T16:43:52.8762760Z ignoring duplicate directory "/Users/runner/work/tcm-storage-ios/tcm-storage-ios/build/Build/Products/Debug-iphonesimulator/PackageFrameworks"
2026-04-22T16:43:52.8763090Z ignoring duplicate directory "/Users/runner/work/tcm-storage-ios/tcm-storage-ios/build/Build/Products/Debug-iphonesimulator/PackageFrameworks"
2026-04-22T16:43:52.8763420Z ignoring duplicate directory "/Users/runner/work/tcm-storage-ios/tcm-storage-ios/build/Build/Products/Debug-iphonesimulator/PackageFrameworks"
2026-04-22T16:43:52.8763780Z ignoring duplicate directory "/Users/runner/work/tcm-storage-ios/tcm-storage-ios/build/Build/Products/Debug-iphonesimulator/PackageFrameworks"
2026-04-22T16:43:52.8764140Z ignoring duplicate directory "/Users/runner/work/tcm-storage-ios/tcm-storage-ios/build/Build/Products/Debug-iphonesimulator/PackageFrameworks"
2026-04-22T16:43:52.8764500Z ignoring duplicate directory "/Users/runner/work/tcm-storage-ios/tcm-storage-ios/build/Build/Products/Debug-iphonesimulator/PackageFrameworks"
2026-04-22T16:43:52.8764850Z ignoring duplicate directory "/Users/runner/work/tcm-storage-ios/tcm-storage-ios/build/Build/Products/Debug-iphonesimulator/PackageFrameworks"
2026-04-22T16:43:52.8765180Z ignoring duplicate directory "/Users/runner/work/tcm-storage-ios/tcm-storage-ios/build/Build/Products/Debug-iphonesimulator/PackageFrameworks"
2026-04-22T16:43:52.8765500Z ignoring duplicate directory "/Users/runner/work/tcm-storage-ios/tcm-storage-ios/build/Build/Products/Debug-iphonesimulator/PackageFrameworks"
2026-04-22T16:43:52.8765830Z ignoring duplicate directory "/Users/runner/work/tcm-storage-ios/tcm-storage-ios/build/Build/Products/Debug-iphonesimulator/PackageFrameworks"
2026-04-22T16:43:52.8766180Z ignoring duplicate directory "/Users/runner/work/tcm-storage-ios/tcm-storage-ios/build/Build/Products/Debug-iphonesimulator/PackageFrameworks"
2026-04-22T16:43:52.8766540Z ignoring duplicate directory "/Users/runner/work/tcm-storage-ios/tcm-storage-ios/build/Build/Products/Debug-iphonesimulator/PackageFrameworks"
2026-04-22T16:43:52.8766870Z ignoring duplicate directory "/Users/runner/work/tcm-storage-ios/tcm-storage-ios/build/Build/Products/Debug-iphonesimulator/PackageFrameworks"
2026-04-22T16:43:52.8766930Z #include "..." search starts here:
2026-04-22T16:43:52.8767370Z  /Users/runner/work/tcm-storage-ios/tcm-storage-ios/build/Build/Intermediates.noindex/Nextcloud.build/Debug-iphonesimulator/Share.build/Share-generated-files.hmap (headermap)
2026-04-22T16:43:52.8767800Z  /Users/runner/work/tcm-storage-ios/tcm-storage-ios/build/Build/Intermediates.noindex/Nextcloud.build/Debug-iphonesimulator/Share.build/Share-project-headers.hmap (headermap)
2026-04-22T16:43:52.8767860Z #include <...> search starts here:
2026-04-22T16:43:52.8768300Z  /Users/runner/work/tcm-storage-ios/tcm-storage-ios/build/Build/Intermediates.noindex/Nextcloud.build/Debug-iphonesimulator/Share.build/Share-own-target-headers.hmap (headermap)
2026-04-22T16:43:52.8768790Z  /Users/runner/work/tcm-storage-ios/tcm-storage-ios/build/Build/Intermediates.noindex/Nextcloud.build/Debug-iphonesimulator/Share.build/Share-all-non-framework-target-headers.hmap (headermap)
2026-04-22T16:43:52.8769000Z  /Users/runner/work/tcm-storage-ios/tcm-storage-ios/build/SourcePackages/checkouts/realm-core/src
2026-04-22T16:43:52.8769250Z  /Users/runner/work/tcm-storage-ios/tcm-storage-ios/build/SourcePackages/checkouts/realm-core/src/external/s2
2026-04-22T16:43:52.8769580Z  /Users/runner/work/tcm-storage-ios/tcm-storage-ios/build/SourcePackages/checkouts/realm-core/src/external/IntelRDFPMathLib20U2/LIBRARY/src
2026-04-22T16:43:52.8769870Z  /Users/runner/work/tcm-storage-ios/tcm-storage-ios/build/SourcePackages/checkouts/realm-core/src/spm
2026-04-22T16:43:52.8770140Z  /Users/runner/work/tcm-storage-ios/tcm-storage-ios/build/SourcePackages/checkouts/realm-swift/include
2026-04-22T16:43:52.8770440Z  /Users/runner/work/tcm-storage-ios/tcm-storage-ios/build/SourcePackages/checkouts/swift-atomics/Sources/_AtomicsShims/include
2026-04-22T16:43:52.8770710Z  /Users/runner/work/tcm-storage-ios/tcm-storage-ios/build/SourcePackages/checkouts/swift-nio/Sources/CNIOPosix/include
2026-04-22T16:43:52.8770970Z  /Users/runner/work/tcm-storage-ios/tcm-storage-ios/build/SourcePackages/checkouts/swift-nio/Sources/CNIOWASI/include
2026-04-22T16:43:52.8771250Z  /Users/runner/work/tcm-storage-ios/tcm-storage-ios/build/SourcePackages/checkouts/swift-nio/Sources/CNIOWindows/include
2026-04-22T16:43:52.8771510Z  /Users/runner/work/tcm-storage-ios/tcm-storage-ios/build/SourcePackages/checkouts/swift-nio/Sources/CNIOLinux/include
2026-04-22T16:43:52.8771780Z  /Users/runner/work/tcm-storage-ios/tcm-storage-ios/build/SourcePackages/checkouts/swift-nio/Sources/CNIODarwin/include
2026-04-22T16:43:52.8772050Z  /Users/runner/work/tcm-storage-ios/tcm-storage-ios/build/SourcePackages/checkouts/swift-nio/Sources/CNIOOpenBSD/include
2026-04-22T16:43:52.8772320Z  /Users/runner/work/tcm-storage-ios/tcm-storage-ios/build/SourcePackages/checkouts/swift-nio/Sources/CNIOAtomics/include
2026-04-22T16:43:52.8772630Z  /Users/runner/work/tcm-storage-ios/tcm-storage-ios/build/SourcePackages/checkouts/swift-nio-ssl/Sources/CNIOBoringSSLShims/include
2026-04-22T16:43:52.8772920Z  /Users/runner/work/tcm-storage-ios/tcm-storage-ios/build/SourcePackages/checkouts/swift-nio-ssl/Sources/CNIOBoringSSL/include
2026-04-22T16:43:52.8773190Z  /Users/runner/work/tcm-storage-ios/tcm-storage-ios/build/SourcePackages/checkouts/GzipSwift/Sources/system-zlib/include
2026-04-22T16:43:52.8773550Z  /Users/runner/work/tcm-storage-ios/tcm-storage-ios/build/Build/Intermediates.noindex/Nextcloud.build/Debug-iphonesimulator/Share.build/DerivedSources
2026-04-22T16:43:52.8773870Z  /Users/runner/work/tcm-storage-ios/tcm-storage-ios/build/Build/Products/Debug-iphonesimulator/PackageFrameworks (framework directory)
2026-04-22T16:43:52.8774140Z  /Users/runner/work/tcm-storage-ios/tcm-storage-ios/build/Build/Products/Debug-iphonesimulator (framework directory)
2026-04-22T16:43:52.8774450Z  /Applications/Xcode_26.2.app/Contents/Developer/Platforms/iPhoneSimulator.platform/Developer/Library/Frameworks (framework directory)
2026-04-22T16:43:52.8774880Z  /Applications/Xcode_26.2.app/Contents/Developer/Platforms/iPhoneSimulator.platform/Developer/SDKs/iPhoneSimulator26.2.sdk/Developer/Library/Frameworks (framework directory)
2026-04-22T16:43:52.8775130Z  /Applications/Xcode_26.2.app/Contents/Developer/Toolchains/XcodeDefault.xctoolchain/usr/lib/clang/17/include
2026-04-22T16:43:52.8775450Z  /Applications/Xcode_26.2.app/Contents/Developer/Platforms/iPhoneSimulator.platform/Developer/SDKs/iPhoneSimulator26.2.sdk/usr/include
2026-04-22T16:43:52.8775650Z  /Applications/Xcode_26.2.app/Contents/Developer/Toolchains/XcodeDefault.xctoolchain/usr/include
2026-04-22T16:43:52.8776070Z  /Applications/Xcode_26.2.app/Contents/Developer/Platforms/iPhoneSimulator.platform/Developer/SDKs/iPhoneSimulator26.2.sdk/System/Library/Frameworks (framework directory)
2026-04-22T16:43:52.8776490Z  /Applications/Xcode_26.2.app/Contents/Developer/Platforms/iPhoneSimulator.platform/Developer/SDKs/iPhoneSimulator26.2.sdk/System/Library/SubFrameworks (framework directory)
2026-04-22T16:43:52.8776540Z End of search list.
2026-04-22T16:43:52.8776620Z Apple clang version 17.0.0 (clang-1700.6.3.2)
2026-04-22T16:43:52.8776690Z Target: arm64-apple-ios17.0-simulator
2026-04-22T16:43:52.8776730Z Thread model: posix
2026-04-22T16:43:52.8776970Z InstalledDir: /Applications/Xcode_26.2.app/Contents/Developer/Toolchains/XcodeDefault.xctoolchain/usr/bin
2026-04-22T16:43:52.8777130Z clang -cc1 version 17.0.0 (clang-1700.6.3.2) default target arm64-apple-darwin24.6.0
2026-04-22T16:43:52.8777500Z ignoring nonexistent directory "/Users/runner/work/tcm-storage-ios/tcm-storage-ios/build/Build/Products/Debug-iphonesimulator/include"
2026-04-22T16:43:52.8778060Z ignoring nonexistent directory "/Users/runner/work/tcm-storage-ios/tcm-storage-ios/build/Build/Intermediates.noindex/Nextcloud.build/Debug-iphonesimulator/Share.build/DerivedSources-normal/arm64"
2026-04-22T16:43:52.8778530Z ignoring nonexistent directory "/Users/runner/work/tcm-storage-ios/tcm-storage-ios/build/Build/Intermediates.noindex/Nextcloud.build/Debug-iphonesimulator/Share.build/DerivedSources/arm64"
2026-04-22T16:43:52.8778950Z ignoring nonexistent directory "/Applications/Xcode_26.2.app/Contents/Developer/Platforms/iPhoneSimulator.platform/Developer/SDKs/iPhoneSimulator26.2.sdk/usr/local/include"
2026-04-22T16:43:52.8779370Z ignoring nonexistent directory "/Applications/Xcode_26.2.app/Contents/Developer/Platforms/iPhoneSimulator.platform/Developer/SDKs/iPhoneSimulator26.2.sdk/Library/Frameworks"
2026-04-22T16:43:52.8779700Z ignoring duplicate directory "/Users/runner/work/tcm-storage-ios/tcm-storage-ios/build/Build/Products/Debug-iphonesimulator/PackageFrameworks"
2026-04-22T16:43:52.8780040Z ignoring duplicate directory "/Users/runner/work/tcm-storage-ios/tcm-storage-ios/build/Build/Products/Debug-iphonesimulator/PackageFrameworks"
2026-04-22T16:43:52.8780390Z ignoring duplicate directory "/Users/runner/work/tcm-storage-ios/tcm-storage-ios/build/Build/Products/Debug-iphonesimulator/PackageFrameworks"
2026-04-22T16:43:52.8780720Z ignoring duplicate directory "/Users/runner/work/tcm-storage-ios/tcm-storage-ios/build/Build/Products/Debug-iphonesimulator/PackageFrameworks"
2026-04-22T16:43:52.8789690Z ignoring duplicate directory "/Users/runner/work/tcm-storage-ios/tcm-storage-ios/build/Build/Products/Debug-iphonesimulator/PackageFrameworks"
2026-04-22T16:43:52.8790070Z ignoring duplicate directory "/Users/runner/work/tcm-storage-ios/tcm-storage-ios/build/Build/Products/Debug-iphonesimulator/PackageFrameworks"
2026-04-22T16:43:52.8790470Z ignoring duplicate directory "/Users/runner/work/tcm-storage-ios/tcm-storage-ios/build/Build/Products/Debug-iphonesimulator/PackageFrameworks"
2026-04-22T16:43:52.8790800Z ignoring duplicate directory "/Users/runner/work/tcm-storage-ios/tcm-storage-ios/build/Build/Products/Debug-iphonesimulator/PackageFrameworks"
2026-04-22T16:43:52.8791120Z ignoring duplicate directory "/Users/runner/work/tcm-storage-ios/tcm-storage-ios/build/Build/Products/Debug-iphonesimulator/PackageFrameworks"
2026-04-22T16:43:52.8791440Z ignoring duplicate directory "/Users/runner/work/tcm-storage-ios/tcm-storage-ios/build/Build/Products/Debug-iphonesimulator/PackageFrameworks"
2026-04-22T16:43:52.8791770Z ignoring duplicate directory "/Users/runner/work/tcm-storage-ios/tcm-storage-ios/build/Build/Products/Debug-iphonesimulator/PackageFrameworks"
2026-04-22T16:43:52.8792100Z ignoring duplicate directory "/Users/runner/work/tcm-storage-ios/tcm-storage-ios/build/Build/Products/Debug-iphonesimulator/PackageFrameworks"
2026-04-22T16:43:52.8792510Z ignoring duplicate directory "/Users/runner/work/tcm-storage-ios/tcm-storage-ios/build/Build/Products/Debug-iphonesimulator/PackageFrameworks"
2026-04-22T16:43:52.8792850Z ignoring duplicate directory "/Users/runner/work/tcm-storage-ios/tcm-storage-ios/build/Build/Products/Debug-iphonesimulator/PackageFrameworks"
2026-04-22T16:43:52.8793200Z ignoring duplicate directory "/Users/runner/work/tcm-storage-ios/tcm-storage-ios/build/Build/Products/Debug-iphonesimulator/PackageFrameworks"
2026-04-22T16:43:52.8793530Z ignoring duplicate directory "/Users/runner/work/tcm-storage-ios/tcm-storage-ios/build/Build/Products/Debug-iphonesimulator/PackageFrameworks"
2026-04-22T16:43:52.8793850Z ignoring duplicate directory "/Users/runner/work/tcm-storage-ios/tcm-storage-ios/build/Build/Products/Debug-iphonesimulator/PackageFrameworks"
2026-04-22T16:43:52.8794180Z ignoring duplicate directory "/Users/runner/work/tcm-storage-ios/tcm-storage-ios/build/Build/Products/Debug-iphonesimulator/PackageFrameworks"
2026-04-22T16:43:52.8794750Z ignoring duplicate directory "/Users/runner/work/tcm-storage-ios/tcm-storage-ios/build/Build/Products/Debug-iphonesimulator/PackageFrameworks"
2026-04-22T16:43:52.8795250Z ignoring duplicate directory "/Users/runner/work/tcm-storage-ios/tcm-storage-ios/build/Build/Products/Debug-iphonesimulator/PackageFrameworks"
2026-04-22T16:43:52.8795600Z ignoring duplicate directory "/Users/runner/work/tcm-storage-ios/tcm-storage-ios/build/Build/Products/Debug-iphonesimulator/PackageFrameworks"
2026-04-22T16:43:52.8795920Z ignoring duplicate directory "/Users/runner/work/tcm-storage-ios/tcm-storage-ios/build/Build/Products/Debug-iphonesimulator/PackageFrameworks"
2026-04-22T16:43:52.8796250Z ignoring duplicate directory "/Users/runner/work/tcm-storage-ios/tcm-storage-ios/build/Build/Products/Debug-iphonesimulator/PackageFrameworks"
2026-04-22T16:43:52.8796580Z ignoring duplicate directory "/Users/runner/work/tcm-storage-ios/tcm-storage-ios/build/Build/Products/Debug-iphonesimulator/PackageFrameworks"
2026-04-22T16:43:52.8796910Z ignoring duplicate directory "/Users/runner/work/tcm-storage-ios/tcm-storage-ios/build/Build/Products/Debug-iphonesimulator/PackageFrameworks"
2026-04-22T16:43:52.8797240Z ignoring duplicate directory "/Users/runner/work/tcm-storage-ios/tcm-storage-ios/build/Build/Products/Debug-iphonesimulator/PackageFrameworks"
2026-04-22T16:43:52.8797560Z ignoring duplicate directory "/Users/runner/work/tcm-storage-ios/tcm-storage-ios/build/Build/Products/Debug-iphonesimulator/PackageFrameworks"
2026-04-22T16:43:52.8797890Z ignoring duplicate directory "/Users/runner/work/tcm-storage-ios/tcm-storage-ios/build/Build/Products/Debug-iphonesimulator/PackageFrameworks"
2026-04-22T16:43:52.8798220Z ignoring duplicate directory "/Users/runner/work/tcm-storage-ios/tcm-storage-ios/build/Build/Products/Debug-iphonesimulator/PackageFrameworks"
2026-04-22T16:43:52.8798550Z ignoring duplicate directory "/Users/runner/work/tcm-storage-ios/tcm-storage-ios/build/Build/Products/Debug-iphonesimulator/PackageFrameworks"
2026-04-22T16:43:52.8798870Z ignoring duplicate directory "/Users/runner/work/tcm-storage-ios/tcm-storage-ios/build/Build/Products/Debug-iphonesimulator/PackageFrameworks"
2026-04-22T16:43:52.8799210Z ignoring duplicate directory "/Users/runner/work/tcm-storage-ios/tcm-storage-ios/build/Build/Products/Debug-iphonesimulator/PackageFrameworks"
2026-04-22T16:43:52.8799530Z ignoring duplicate directory "/Users/runner/work/tcm-storage-ios/tcm-storage-ios/build/Build/Products/Debug-iphonesimulator/PackageFrameworks"
2026-04-22T16:43:52.8799850Z ignoring duplicate directory "/Users/runner/work/tcm-storage-ios/tcm-storage-ios/build/Build/Products/Debug-iphonesimulator/PackageFrameworks"
2026-04-22T16:43:52.8800180Z ignoring duplicate directory "/Users/runner/work/tcm-storage-ios/tcm-storage-ios/build/Build/Products/Debug-iphonesimulator/PackageFrameworks"
2026-04-22T16:43:52.8800510Z ignoring duplicate directory "/Users/runner/work/tcm-storage-ios/tcm-storage-ios/build/Build/Products/Debug-iphonesimulator/PackageFrameworks"
2026-04-22T16:43:52.8800840Z ignoring duplicate directory "/Users/runner/work/tcm-storage-ios/tcm-storage-ios/build/Build/Products/Debug-iphonesimulator/PackageFrameworks"
2026-04-22T16:43:52.8801170Z ignoring duplicate directory "/Users/runner/work/tcm-storage-ios/tcm-storage-ios/build/Build/Products/Debug-iphonesimulator/PackageFrameworks"
2026-04-22T16:43:52.8801490Z ignoring duplicate directory "/Users/runner/work/tcm-storage-ios/tcm-storage-ios/build/Build/Products/Debug-iphonesimulator/PackageFrameworks"
2026-04-22T16:43:52.8801820Z ignoring duplicate directory "/Users/runner/work/tcm-storage-ios/tcm-storage-ios/build/Build/Products/Debug-iphonesimulator/PackageFrameworks"
2026-04-22T16:43:52.8801880Z #include "..." search starts here:
2026-04-22T16:43:52.8802310Z  /Users/runner/work/tcm-storage-ios/tcm-storage-ios/build/Build/Intermediates.noindex/Nextcloud.build/Debug-iphonesimulator/Share.build/Share-generated-files.hmap (headermap)
2026-04-22T16:43:52.8802810Z  /Users/runner/work/tcm-storage-ios/tcm-storage-ios/build/Build/Intermediates.noindex/Nextcloud.build/Debug-iphonesimulator/Share.build/Share-project-headers.hmap (headermap)
2026-04-22T16:43:52.8802920Z #include <...> search starts here:
2026-04-22T16:43:52.8803370Z  /Users/runner/work/tcm-storage-ios/tcm-storage-ios/build/Build/Intermediates.noindex/Nextcloud.build/Debug-iphonesimulator/Share.build/Share-own-target-headers.hmap (headermap)
2026-04-22T16:43:52.8803850Z  /Users/runner/work/tcm-storage-ios/tcm-storage-ios/build/Build/Intermediates.noindex/Nextcloud.build/Debug-iphonesimulator/Share.build/Share-all-non-framework-target-headers.hmap (headermap)
2026-04-22T16:43:52.8804060Z  /Users/runner/work/tcm-storage-ios/tcm-storage-ios/build/SourcePackages/checkouts/realm-core/src
2026-04-22T16:43:52.8804300Z  /Users/runner/work/tcm-storage-ios/tcm-storage-ios/build/SourcePackages/checkouts/realm-core/src/external/s2
2026-04-22T16:43:52.8804630Z  /Users/runner/work/tcm-storage-ios/tcm-storage-ios/build/SourcePackages/checkouts/realm-core/src/external/IntelRDFPMathLib20U2/LIBRARY/src
2026-04-22T16:43:52.8804860Z  /Users/runner/work/tcm-storage-ios/tcm-storage-ios/build/SourcePackages/checkouts/realm-core/src/spm
2026-04-22T16:43:52.8805080Z  /Users/runner/work/tcm-storage-ios/tcm-storage-ios/build/SourcePackages/checkouts/realm-swift/include
2026-04-22T16:43:52.8805370Z  /Users/runner/work/tcm-storage-ios/tcm-storage-ios/build/SourcePackages/checkouts/swift-atomics/Sources/_AtomicsShims/include
2026-04-22T16:43:52.8805640Z  /Users/runner/work/tcm-storage-ios/tcm-storage-ios/build/SourcePackages/checkouts/swift-nio/Sources/CNIOPosix/include
2026-04-22T16:43:52.8805900Z  /Users/runner/work/tcm-storage-ios/tcm-storage-ios/build/SourcePackages/checkouts/swift-nio/Sources/CNIOWASI/include
2026-04-22T16:43:52.8806160Z  /Users/runner/work/tcm-storage-ios/tcm-storage-ios/build/SourcePackages/checkouts/swift-nio/Sources/CNIOWindows/include
2026-04-22T16:43:52.8806430Z  /Users/runner/work/tcm-storage-ios/tcm-storage-ios/build/SourcePackages/checkouts/swift-nio/Sources/CNIOLinux/include
2026-04-22T16:43:52.8806700Z  /Users/runner/work/tcm-storage-ios/tcm-storage-ios/build/SourcePackages/checkouts/swift-nio/Sources/CNIODarwin/include
2026-04-22T16:43:52.8806970Z  /Users/runner/work/tcm-storage-ios/tcm-storage-ios/build/SourcePackages/checkouts/swift-nio/Sources/CNIOOpenBSD/include
2026-04-22T16:43:52.8807240Z  /Users/runner/work/tcm-storage-ios/tcm-storage-ios/build/SourcePackages/checkouts/swift-nio/Sources/CNIOAtomics/include
2026-04-22T16:43:52.8807550Z  /Users/runner/work/tcm-storage-ios/tcm-storage-ios/build/SourcePackages/checkouts/swift-nio-ssl/Sources/CNIOBoringSSLShims/include
2026-04-22T16:43:52.8807840Z  /Users/runner/work/tcm-storage-ios/tcm-storage-ios/build/SourcePackages/checkouts/swift-nio-ssl/Sources/CNIOBoringSSL/include
2026-04-22T16:43:52.8808110Z  /Users/runner/work/tcm-storage-ios/tcm-storage-ios/build/SourcePackages/checkouts/GzipSwift/Sources/system-zlib/include
2026-04-22T16:43:52.8808470Z  /Users/runner/work/tcm-storage-ios/tcm-storage-ios/build/Build/Intermediates.noindex/Nextcloud.build/Debug-iphonesimulator/Share.build/DerivedSources
2026-04-22T16:43:52.8808790Z  /Users/runner/work/tcm-storage-ios/tcm-storage-ios/build/Build/Products/Debug-iphonesimulator/PackageFrameworks (framework directory)
2026-04-22T16:43:52.8809050Z  /Users/runner/work/tcm-storage-ios/tcm-storage-ios/build/Build/Products/Debug-iphonesimulator (framework directory)
2026-04-22T16:43:52.8809370Z  /Applications/Xcode_26.2.app/Contents/Developer/Platforms/iPhoneSimulator.platform/Developer/Library/Frameworks (framework directory)
2026-04-22T16:43:52.8809790Z  /Applications/Xcode_26.2.app/Contents/Developer/Platforms/iPhoneSimulator.platform/Developer/SDKs/iPhoneSimulator26.2.sdk/Developer/Library/Frameworks (framework directory)
2026-04-22T16:43:52.8810030Z  /Applications/Xcode_26.2.app/Contents/Developer/Toolchains/XcodeDefault.xctoolchain/usr/lib/clang/17/include
2026-04-22T16:43:52.8810400Z  /Applications/Xcode_26.2.app/Contents/Developer/Platforms/iPhoneSimulator.platform/Developer/SDKs/iPhoneSimulator26.2.sdk/usr/include
2026-04-22T16:43:52.8810610Z  /Applications/Xcode_26.2.app/Contents/Developer/Toolchains/XcodeDefault.xctoolchain/usr/include
2026-04-22T16:43:52.8811070Z  /Applications/Xcode_26.2.app/Contents/Developer/Platforms/iPhoneSimulator.platform/Developer/SDKs/iPhoneSimulator26.2.sdk/System/Library/Frameworks (framework directory)
2026-04-22T16:43:52.8811490Z  /Applications/Xcode_26.2.app/Contents/Developer/Platforms/iPhoneSimulator.platform/Developer/SDKs/iPhoneSimulator26.2.sdk/System/Library/SubFrameworks (framework directory)
2026-04-22T16:43:52.8811540Z End of search list.
2026-04-22T16:43:52.8811620Z Apple clang version 17.0.0 (clang-1700.6.3.2)
2026-04-22T16:43:52.8811680Z Target: arm64-apple-ios17.0-simulator
2026-04-22T16:43:52.8811730Z Thread model: posix
2026-04-22T16:43:52.8811960Z InstalledDir: /Applications/Xcode_26.2.app/Contents/Developer/Toolchains/XcodeDefault.xctoolchain/usr/bin
2026-04-22T16:43:52.8812130Z clang -cc1 version 17.0.0 (clang-1700.6.3.2) default target arm64-apple-darwin24.6.0
2026-04-22T16:43:52.8812440Z ignoring nonexistent directory "/Users/runner/work/tcm-storage-ios/tcm-storage-ios/build/Build/Products/Debug-iphonesimulator/include"
2026-04-22T16:43:52.8812930Z ignoring nonexistent directory "/Users/runner/work/tcm-storage-ios/tcm-storage-ios/build/Build/Intermediates.noindex/Nextcloud.build/Debug-iphonesimulator/Share.build/DerivedSources-normal/arm64"
2026-04-22T16:43:52.8813430Z ignoring nonexistent directory "/Users/runner/work/tcm-storage-ios/tcm-storage-ios/build/Build/Intermediates.noindex/Nextcloud.build/Debug-iphonesimulator/Share.build/DerivedSources/arm64"
2026-04-22T16:43:52.8813850Z ignoring nonexistent directory "/Applications/Xcode_26.2.app/Contents/Developer/Platforms/iPhoneSimulator.platform/Developer/SDKs/iPhoneSimulator26.2.sdk/usr/local/include"
2026-04-22T16:43:52.8814280Z ignoring nonexistent directory "/Applications/Xcode_26.2.app/Contents/Developer/Platforms/iPhoneSimulator.platform/Developer/SDKs/iPhoneSimulator26.2.sdk/Library/Frameworks"
2026-04-22T16:43:52.8814620Z ignoring duplicate directory "/Users/runner/work/tcm-storage-ios/tcm-storage-ios/build/Build/Products/Debug-iphonesimulator/PackageFrameworks"
2026-04-22T16:43:52.8814950Z ignoring duplicate directory "/Users/runner/work/tcm-storage-ios/tcm-storage-ios/build/Build/Products/Debug-iphonesimulator/PackageFrameworks"
2026-04-22T16:43:52.8815280Z ignoring duplicate directory "/Users/runner/work/tcm-storage-ios/tcm-storage-ios/build/Build/Products/Debug-iphonesimulator/PackageFrameworks"
2026-04-22T16:43:52.8815600Z ignoring duplicate directory "/Users/runner/work/tcm-storage-ios/tcm-storage-ios/build/Build/Products/Debug-iphonesimulator/PackageFrameworks"
2026-04-22T16:43:52.8815930Z ignoring duplicate directory "/Users/runner/work/tcm-storage-ios/tcm-storage-ios/build/Build/Products/Debug-iphonesimulator/PackageFrameworks"
2026-04-22T16:43:52.8816260Z ignoring duplicate directory "/Users/runner/work/tcm-storage-ios/tcm-storage-ios/build/Build/Products/Debug-iphonesimulator/PackageFrameworks"
2026-04-22T16:43:52.8816580Z ignoring duplicate directory "/Users/runner/work/tcm-storage-ios/tcm-storage-ios/build/Build/Products/Debug-iphonesimulator/PackageFrameworks"
2026-04-22T16:43:52.8816910Z ignoring duplicate directory "/Users/runner/work/tcm-storage-ios/tcm-storage-ios/build/Build/Products/Debug-iphonesimulator/PackageFrameworks"
2026-04-22T16:43:52.8817240Z ignoring duplicate directory "/Users/runner/work/tcm-storage-ios/tcm-storage-ios/build/Build/Products/Debug-iphonesimulator/PackageFrameworks"
2026-04-22T16:43:52.8817560Z ignoring duplicate directory "/Users/runner/work/tcm-storage-ios/tcm-storage-ios/build/Build/Products/Debug-iphonesimulator/PackageFrameworks"
2026-04-22T16:43:52.8817880Z ignoring duplicate directory "/Users/runner/work/tcm-storage-ios/tcm-storage-ios/build/Build/Products/Debug-iphonesimulator/PackageFrameworks"
2026-04-22T16:43:52.8818210Z ignoring duplicate directory "/Users/runner/work/tcm-storage-ios/tcm-storage-ios/build/Build/Products/Debug-iphonesimulator/PackageFrameworks"
2026-04-22T16:43:52.8818670Z ignoring duplicate directory "/Users/runner/work/tcm-storage-ios/tcm-storage-ios/build/Build/Products/Debug-iphonesimulator/PackageFrameworks"
2026-04-22T16:43:52.8819000Z ignoring duplicate directory "/Users/runner/work/tcm-storage-ios/tcm-storage-ios/build/Build/Products/Debug-iphonesimulator/PackageFrameworks"
2026-04-22T16:43:52.8819330Z ignoring duplicate directory "/Users/runner/work/tcm-storage-ios/tcm-storage-ios/build/Build/Products/Debug-iphonesimulator/PackageFrameworks"
2026-04-22T16:43:52.8819650Z ignoring duplicate directory "/Users/runner/work/tcm-storage-ios/tcm-storage-ios/build/Build/Products/Debug-iphonesimulator/PackageFrameworks"
2026-04-22T16:43:52.8819980Z ignoring duplicate directory "/Users/runner/work/tcm-storage-ios/tcm-storage-ios/build/Build/Products/Debug-iphonesimulator/PackageFrameworks"
2026-04-22T16:43:52.8820300Z ignoring duplicate directory "/Users/runner/work/tcm-storage-ios/tcm-storage-ios/build/Build/Products/Debug-iphonesimulator/PackageFrameworks"
2026-04-22T16:43:52.8820630Z ignoring duplicate directory "/Users/runner/work/tcm-storage-ios/tcm-storage-ios/build/Build/Products/Debug-iphonesimulator/PackageFrameworks"
2026-04-22T16:43:52.8820960Z ignoring duplicate directory "/Users/runner/work/tcm-storage-ios/tcm-storage-ios/build/Build/Products/Debug-iphonesimulator/PackageFrameworks"
2026-04-22T16:43:52.8821280Z ignoring duplicate directory "/Users/runner/work/tcm-storage-ios/tcm-storage-ios/build/Build/Products/Debug-iphonesimulator/PackageFrameworks"
2026-04-22T16:43:52.8821610Z ignoring duplicate directory "/Users/runner/work/tcm-storage-ios/tcm-storage-ios/build/Build/Products/Debug-iphonesimulator/PackageFrameworks"
2026-04-22T16:43:52.8821950Z ignoring duplicate directory "/Users/runner/work/tcm-storage-ios/tcm-storage-ios/build/Build/Products/Debug-iphonesimulator/PackageFrameworks"
2026-04-22T16:43:52.8822280Z ignoring duplicate directory "/Users/runner/work/tcm-storage-ios/tcm-storage-ios/build/Build/Products/Debug-iphonesimulator/PackageFrameworks"
2026-04-22T16:43:52.8822610Z ignoring duplicate directory "/Users/runner/work/tcm-storage-ios/tcm-storage-ios/build/Build/Products/Debug-iphonesimulator/PackageFrameworks"
2026-04-22T16:43:52.8822930Z ignoring duplicate directory "/Users/runner/work/tcm-storage-ios/tcm-storage-ios/build/Build/Products/Debug-iphonesimulator/PackageFrameworks"
2026-04-22T16:43:52.8823260Z ignoring duplicate directory "/Users/runner/work/tcm-storage-ios/tcm-storage-ios/build/Build/Products/Debug-iphonesimulator/PackageFrameworks"
2026-04-22T16:43:52.8823580Z ignoring duplicate directory "/Users/runner/work/tcm-storage-ios/tcm-storage-ios/build/Build/Products/Debug-iphonesimulator/PackageFrameworks"
2026-04-22T16:43:52.8823910Z ignoring duplicate directory "/Users/runner/work/tcm-storage-ios/tcm-storage-ios/build/Build/Products/Debug-iphonesimulator/PackageFrameworks"
2026-04-22T16:43:52.8824240Z ignoring duplicate directory "/Users/runner/work/tcm-storage-ios/tcm-storage-ios/build/Build/Products/Debug-iphonesimulator/PackageFrameworks"
2026-04-22T16:43:52.8824560Z ignoring duplicate directory "/Users/runner/work/tcm-storage-ios/tcm-storage-ios/build/Build/Products/Debug-iphonesimulator/PackageFrameworks"
2026-04-22T16:43:52.8824890Z ignoring duplicate directory "/Users/runner/work/tcm-storage-ios/tcm-storage-ios/build/Build/Products/Debug-iphonesimulator/PackageFrameworks"
2026-04-22T16:43:52.8825220Z ignoring duplicate directory "/Users/runner/work/tcm-storage-ios/tcm-storage-ios/build/Build/Products/Debug-iphonesimulator/PackageFrameworks"
2026-04-22T16:43:52.8825540Z ignoring duplicate directory "/Users/runner/work/tcm-storage-ios/tcm-storage-ios/build/Build/Products/Debug-iphonesimulator/PackageFrameworks"
2026-04-22T16:43:52.8825860Z ignoring duplicate directory "/Users/runner/work/tcm-storage-ios/tcm-storage-ios/build/Build/Products/Debug-iphonesimulator/PackageFrameworks"
2026-04-22T16:43:52.8826300Z ignoring duplicate directory "/Users/runner/work/tcm-storage-ios/tcm-storage-ios/build/Build/Products/Debug-iphonesimulator/PackageFrameworks"
2026-04-22T16:43:52.8826830Z ignoring duplicate directory "/Users/runner/work/tcm-storage-ios/tcm-storage-ios/build/Build/Products/Debug-iphonesimulator/PackageFrameworks"
2026-04-22T16:43:52.8827180Z ignoring duplicate directory "/Users/runner/work/tcm-storage-ios/tcm-storage-ios/build/Build/Products/Debug-iphonesimulator/PackageFrameworks"
2026-04-22T16:43:52.8827500Z ignoring duplicate directory "/Users/runner/work/tcm-storage-ios/tcm-storage-ios/build/Build/Products/Debug-iphonesimulator/PackageFrameworks"
2026-04-22T16:43:52.8827830Z ignoring duplicate directory "/Users/runner/work/tcm-storage-ios/tcm-storage-ios/build/Build/Products/Debug-iphonesimulator/PackageFrameworks"
2026-04-22T16:43:52.8827890Z #include "..." search starts here:
2026-04-22T16:43:52.8828320Z  /Users/runner/work/tcm-storage-ios/tcm-storage-ios/build/Build/Intermediates.noindex/Nextcloud.build/Debug-iphonesimulator/Share.build/Share-generated-files.hmap (headermap)
2026-04-22T16:43:52.8828760Z  /Users/runner/work/tcm-storage-ios/tcm-storage-ios/build/Build/Intermediates.noindex/Nextcloud.build/Debug-iphonesimulator/Share.build/Share-project-headers.hmap (headermap)
2026-04-22T16:43:52.8828820Z #include <...> search starts here:
2026-04-22T16:43:52.8829260Z  /Users/runner/work/tcm-storage-ios/tcm-storage-ios/build/Build/Intermediates.noindex/Nextcloud.build/Debug-iphonesimulator/Share.build/Share-own-target-headers.hmap (headermap)
2026-04-22T16:43:52.8831240Z  /Users/runner/work/tcm-storage-ios/tcm-storage-ios/build/Build/Intermediates.noindex/Nextcloud.build/Debug-iphonesimulator/Share.build/Share-all-non-framework-target-headers.hmap (headermap)
2026-04-22T16:43:52.8831500Z  /Users/runner/work/tcm-storage-ios/tcm-storage-ios/build/SourcePackages/checkouts/realm-core/src
2026-04-22T16:43:52.8831750Z  /Users/runner/work/tcm-storage-ios/tcm-storage-ios/build/SourcePackages/checkouts/realm-core/src/external/s2
2026-04-22T16:43:52.8832090Z  /Users/runner/work/tcm-storage-ios/tcm-storage-ios/build/SourcePackages/checkouts/realm-core/src/external/IntelRDFPMathLib20U2/LIBRARY/src
2026-04-22T16:43:52.8832310Z  /Users/runner/work/tcm-storage-ios/tcm-storage-ios/build/SourcePackages/checkouts/realm-core/src/spm
2026-04-22T16:43:52.8832530Z  /Users/runner/work/tcm-storage-ios/tcm-storage-ios/build/SourcePackages/checkouts/realm-swift/include
2026-04-22T16:43:52.8832820Z  /Users/runner/work/tcm-storage-ios/tcm-storage-ios/build/SourcePackages/checkouts/swift-atomics/Sources/_AtomicsShims/include
2026-04-22T16:43:52.8833090Z  /Users/runner/work/tcm-storage-ios/tcm-storage-ios/build/SourcePackages/checkouts/swift-nio/Sources/CNIOPosix/include
2026-04-22T16:43:52.8833340Z  /Users/runner/work/tcm-storage-ios/tcm-storage-ios/build/SourcePackages/checkouts/swift-nio/Sources/CNIOWASI/include
2026-04-22T16:43:52.8833610Z  /Users/runner/work/tcm-storage-ios/tcm-storage-ios/build/SourcePackages/checkouts/swift-nio/Sources/CNIOWindows/include
2026-04-22T16:43:52.8833870Z  /Users/runner/work/tcm-storage-ios/tcm-storage-ios/build/SourcePackages/checkouts/swift-nio/Sources/CNIOLinux/include
2026-04-22T16:43:52.8834140Z  /Users/runner/work/tcm-storage-ios/tcm-storage-ios/build/SourcePackages/checkouts/swift-nio/Sources/CNIODarwin/include
2026-04-22T16:43:52.8834410Z  /Users/runner/work/tcm-storage-ios/tcm-storage-ios/build/SourcePackages/checkouts/swift-nio/Sources/CNIOOpenBSD/include
2026-04-22T16:43:52.8834670Z  /Users/runner/work/tcm-storage-ios/tcm-storage-ios/build/SourcePackages/checkouts/swift-nio/Sources/CNIOAtomics/include
2026-04-22T16:43:52.8834980Z  /Users/runner/work/tcm-storage-ios/tcm-storage-ios/build/SourcePackages/checkouts/swift-nio-ssl/Sources/CNIOBoringSSLShims/include
2026-04-22T16:43:52.8835260Z  /Users/runner/work/tcm-storage-ios/tcm-storage-ios/build/SourcePackages/checkouts/swift-nio-ssl/Sources/CNIOBoringSSL/include
2026-04-22T16:43:52.8835530Z  /Users/runner/work/tcm-storage-ios/tcm-storage-ios/build/SourcePackages/checkouts/GzipSwift/Sources/system-zlib/include
2026-04-22T16:43:52.8836200Z  /Users/runner/work/tcm-storage-ios/tcm-storage-ios/build/Build/Intermediates.noindex/Nextcloud.build/Debug-iphonesimulator/Share.build/DerivedSources
2026-04-22T16:43:52.8836580Z  /Users/runner/work/tcm-storage-ios/tcm-storage-ios/build/Build/Products/Debug-iphonesimulator/PackageFrameworks (framework directory)
2026-04-22T16:43:52.8836840Z  /Users/runner/work/tcm-storage-ios/tcm-storage-ios/build/Build/Products/Debug-iphonesimulator (framework directory)
2026-04-22T16:43:52.8837160Z  /Applications/Xcode_26.2.app/Contents/Developer/Platforms/iPhoneSimulator.platform/Developer/Library/Frameworks (framework directory)
2026-04-22T16:43:52.8837580Z  /Applications/Xcode_26.2.app/Contents/Developer/Platforms/iPhoneSimulator.platform/Developer/SDKs/iPhoneSimulator26.2.sdk/Developer/Library/Frameworks (framework directory)
2026-04-22T16:43:52.8837830Z  /Applications/Xcode_26.2.app/Contents/Developer/Toolchains/XcodeDefault.xctoolchain/usr/lib/clang/17/include
2026-04-22T16:43:52.8838140Z  /Applications/Xcode_26.2.app/Contents/Developer/Platforms/iPhoneSimulator.platform/Developer/SDKs/iPhoneSimulator26.2.sdk/usr/include
2026-04-22T16:43:52.8838350Z  /Applications/Xcode_26.2.app/Contents/Developer/Toolchains/XcodeDefault.xctoolchain/usr/include
2026-04-22T16:43:52.8838770Z  /Applications/Xcode_26.2.app/Contents/Developer/Platforms/iPhoneSimulator.platform/Developer/SDKs/iPhoneSimulator26.2.sdk/System/Library/Frameworks (framework directory)
2026-04-22T16:43:52.8839180Z  /Applications/Xcode_26.2.app/Contents/Developer/Platforms/iPhoneSimulator.platform/Developer/SDKs/iPhoneSimulator26.2.sdk/System/Library/SubFrameworks (framework directory)
2026-04-22T16:43:52.8839230Z End of search list.
2026-04-22T16:43:52.8839310Z Apple clang version 17.0.0 (clang-1700.6.3.2)
2026-04-22T16:43:52.8839380Z Target: arm64-apple-ios17.0-simulator
2026-04-22T16:43:52.8839420Z Thread model: posix
2026-04-22T16:43:52.8839670Z InstalledDir: /Applications/Xcode_26.2.app/Contents/Developer/Toolchains/XcodeDefault.xctoolchain/usr/bin
2026-04-22T16:43:52.8839840Z clang -cc1 version 17.0.0 (clang-1700.6.3.2) default target arm64-apple-darwin24.6.0
2026-04-22T16:43:52.8840150Z ignoring nonexistent directory "/Users/runner/work/tcm-storage-ios/tcm-storage-ios/build/Build/Products/Debug-iphonesimulator/include"
2026-04-22T16:43:52.8840640Z ignoring nonexistent directory "/Users/runner/work/tcm-storage-ios/tcm-storage-ios/build/Build/Intermediates.noindex/Nextcloud.build/Debug-iphonesimulator/Share.build/DerivedSources-normal/arm64"
2026-04-22T16:43:52.8841110Z ignoring nonexistent directory "/Users/runner/work/tcm-storage-ios/tcm-storage-ios/build/Build/Intermediates.noindex/Nextcloud.build/Debug-iphonesimulator/Share.build/DerivedSources/arm64"
2026-04-22T16:43:52.8841520Z ignoring nonexistent directory "/Applications/Xcode_26.2.app/Contents/Developer/Platforms/iPhoneSimulator.platform/Developer/SDKs/iPhoneSimulator26.2.sdk/usr/local/include"
2026-04-22T16:43:52.8841940Z ignoring nonexistent directory "/Applications/Xcode_26.2.app/Contents/Developer/Platforms/iPhoneSimulator.platform/Developer/SDKs/iPhoneSimulator26.2.sdk/Library/Frameworks"
2026-04-22T16:43:52.8842280Z ignoring duplicate directory "/Users/runner/work/tcm-storage-ios/tcm-storage-ios/build/Build/Products/Debug-iphonesimulator/PackageFrameworks"
2026-04-22T16:43:52.8842610Z ignoring duplicate directory "/Users/runner/work/tcm-storage-ios/tcm-storage-ios/build/Build/Products/Debug-iphonesimulator/PackageFrameworks"
2026-04-22T16:43:52.8842940Z ignoring duplicate directory "/Users/runner/work/tcm-storage-ios/tcm-storage-ios/build/Build/Products/Debug-iphonesimulator/PackageFrameworks"
2026-04-22T16:43:52.8843270Z ignoring duplicate directory "/Users/runner/work/tcm-storage-ios/tcm-storage-ios/build/Build/Products/Debug-iphonesimulator/PackageFrameworks"
2026-04-22T16:43:52.8843590Z ignoring duplicate directory "/Users/runner/work/tcm-storage-ios/tcm-storage-ios/build/Build/Products/Debug-iphonesimulator/PackageFrameworks"
2026-04-22T16:43:52.8843980Z ignoring duplicate directory "/Users/runner/work/tcm-storage-ios/tcm-storage-ios/build/Build/Products/Debug-iphonesimulator/PackageFrameworks"
2026-04-22T16:43:52.8844360Z ignoring duplicate directory "/Users/runner/work/tcm-storage-ios/tcm-storage-ios/build/Build/Products/Debug-iphonesimulator/PackageFrameworks"
2026-04-22T16:43:52.8844690Z ignoring duplicate directory "/Users/runner/work/tcm-storage-ios/tcm-storage-ios/build/Build/Products/Debug-iphonesimulator/PackageFrameworks"
2026-04-22T16:43:52.8845020Z ignoring duplicate directory "/Users/runner/work/tcm-storage-ios/tcm-storage-ios/build/Build/Products/Debug-iphonesimulator/PackageFrameworks"
2026-04-22T16:43:52.8845420Z ignoring duplicate directory "/Users/runner/work/tcm-storage-ios/tcm-storage-ios/build/Build/Products/Debug-iphonesimulator/PackageFrameworks"
2026-04-22T16:43:52.8845820Z ignoring duplicate directory "/Users/runner/work/tcm-storage-ios/tcm-storage-ios/build/Build/Products/Debug-iphonesimulator/PackageFrameworks"
2026-04-22T16:43:52.8846150Z ignoring duplicate directory "/Users/runner/work/tcm-storage-ios/tcm-storage-ios/build/Build/Products/Debug-iphonesimulator/PackageFrameworks"
2026-04-22T16:43:52.8846480Z ignoring duplicate directory "/Users/runner/work/tcm-storage-ios/tcm-storage-ios/build/Build/Products/Debug-iphonesimulator/PackageFrameworks"
2026-04-22T16:43:52.8846810Z ignoring duplicate directory "/Users/runner/work/tcm-storage-ios/tcm-storage-ios/build/Build/Products/Debug-iphonesimulator/PackageFrameworks"
2026-04-22T16:43:52.8847130Z ignoring duplicate directory "/Users/runner/work/tcm-storage-ios/tcm-storage-ios/build/Build/Products/Debug-iphonesimulator/PackageFrameworks"
2026-04-22T16:43:52.8847510Z ignoring duplicate directory "/Users/runner/work/tcm-storage-ios/tcm-storage-ios/build/Build/Products/Debug-iphonesimulator/PackageFrameworks"
2026-04-22T16:43:52.8847840Z ignoring duplicate directory "/Users/runner/work/tcm-storage-ios/tcm-storage-ios/build/Build/Products/Debug-iphonesimulator/PackageFrameworks"
2026-04-22T16:43:52.8848190Z ignoring duplicate directory "/Users/runner/work/tcm-storage-ios/tcm-storage-ios/build/Build/Products/Debug-iphonesimulator/PackageFrameworks"
2026-04-22T16:43:52.8848510Z ignoring duplicate directory "/Users/runner/work/tcm-storage-ios/tcm-storage-ios/build/Build/Products/Debug-iphonesimulator/PackageFrameworks"
2026-04-22T16:43:52.8848840Z ignoring duplicate directory "/Users/runner/work/tcm-storage-ios/tcm-storage-ios/build/Build/Products/Debug-iphonesimulator/PackageFrameworks"
2026-04-22T16:43:52.8849170Z ignoring duplicate directory "/Users/runner/work/tcm-storage-ios/tcm-storage-ios/build/Build/Products/Debug-iphonesimulator/PackageFrameworks"
2026-04-22T16:43:52.8849490Z ignoring duplicate directory "/Users/runner/work/tcm-storage-ios/tcm-storage-ios/build/Build/Products/Debug-iphonesimulator/PackageFrameworks"
2026-04-22T16:43:52.8849830Z ignoring duplicate directory "/Users/runner/work/tcm-storage-ios/tcm-storage-ios/build/Build/Products/Debug-iphonesimulator/PackageFrameworks"
2026-04-22T16:43:52.8850180Z ignoring duplicate directory "/Users/runner/work/tcm-storage-ios/tcm-storage-ios/build/Build/Products/Debug-iphonesimulator/PackageFrameworks"
2026-04-22T16:43:52.8850520Z ignoring duplicate directory "/Users/runner/work/tcm-storage-ios/tcm-storage-ios/build/Build/Products/Debug-iphonesimulator/PackageFrameworks"
2026-04-22T16:43:52.8850850Z ignoring duplicate directory "/Users/runner/work/tcm-storage-ios/tcm-storage-ios/build/Build/Products/Debug-iphonesimulator/PackageFrameworks"
2026-04-22T16:43:52.8851180Z ignoring duplicate directory "/Users/runner/work/tcm-storage-ios/tcm-storage-ios/build/Build/Products/Debug-iphonesimulator/PackageFrameworks"
2026-04-22T16:43:52.8851490Z ignoring duplicate directory "/Users/runner/work/tcm-storage-ios/tcm-storage-ios/build/Build/Products/Debug-iphonesimulator/PackageFrameworks"
2026-04-22T16:43:52.8851820Z ignoring duplicate directory "/Users/runner/work/tcm-storage-ios/tcm-storage-ios/build/Build/Products/Debug-iphonesimulator/PackageFrameworks"
2026-04-22T16:43:52.8852330Z ignoring duplicate directory "/Users/runner/work/tcm-storage-ios/tcm-storage-ios/build/Build/Products/Debug-iphonesimulator/PackageFrameworks"
2026-04-22T16:43:52.8852720Z ignoring duplicate directory "/Users/runner/work/tcm-storage-ios/tcm-storage-ios/build/Build/Products/Debug-iphonesimulator/PackageFrameworks"
2026-04-22T16:43:52.8853050Z ignoring duplicate directory "/Users/runner/work/tcm-storage-ios/tcm-storage-ios/build/Build/Products/Debug-iphonesimulator/PackageFrameworks"
2026-04-22T16:43:52.8853370Z ignoring duplicate directory "/Users/runner/work/tcm-storage-ios/tcm-storage-ios/build/Build/Products/Debug-iphonesimulator/PackageFrameworks"
2026-04-22T16:43:52.8853690Z ignoring duplicate directory "/Users/runner/work/tcm-storage-ios/tcm-storage-ios/build/Build/Products/Debug-iphonesimulator/PackageFrameworks"
2026-04-22T16:43:52.8854010Z ignoring duplicate directory "/Users/runner/work/tcm-storage-ios/tcm-storage-ios/build/Build/Products/Debug-iphonesimulator/PackageFrameworks"
2026-04-22T16:43:52.8854340Z ignoring duplicate directory "/Users/runner/work/tcm-storage-ios/tcm-storage-ios/build/Build/Products/Debug-iphonesimulator/PackageFrameworks"
2026-04-22T16:43:52.8854660Z ignoring duplicate directory "/Users/runner/work/tcm-storage-ios/tcm-storage-ios/build/Build/Products/Debug-iphonesimulator/PackageFrameworks"
2026-04-22T16:43:52.8854980Z ignoring duplicate directory "/Users/runner/work/tcm-storage-ios/tcm-storage-ios/build/Build/Products/Debug-iphonesimulator/PackageFrameworks"
2026-04-22T16:43:52.8855310Z ignoring duplicate directory "/Users/runner/work/tcm-storage-ios/tcm-storage-ios/build/Build/Products/Debug-iphonesimulator/PackageFrameworks"
2026-04-22T16:43:52.8855630Z ignoring duplicate directory "/Users/runner/work/tcm-storage-ios/tcm-storage-ios/build/Build/Products/Debug-iphonesimulator/PackageFrameworks"
2026-04-22T16:43:52.8855690Z #include "..." search starts here:
2026-04-22T16:43:52.8856130Z  /Users/runner/work/tcm-storage-ios/tcm-storage-ios/build/Build/Intermediates.noindex/Nextcloud.build/Debug-iphonesimulator/Share.build/Share-generated-files.hmap (headermap)
2026-04-22T16:43:52.8856560Z  /Users/runner/work/tcm-storage-ios/tcm-storage-ios/build/Build/Intermediates.noindex/Nextcloud.build/Debug-iphonesimulator/Share.build/Share-project-headers.hmap (headermap)
2026-04-22T16:43:52.8856610Z #include <...> search starts here:
2026-04-22T16:43:52.8857050Z  /Users/runner/work/tcm-storage-ios/tcm-storage-ios/build/Build/Intermediates.noindex/Nextcloud.build/Debug-iphonesimulator/Share.build/Share-own-target-headers.hmap (headermap)
2026-04-22T16:43:52.8857530Z  /Users/runner/work/tcm-storage-ios/tcm-storage-ios/build/Build/Intermediates.noindex/Nextcloud.build/Debug-iphonesimulator/Share.build/Share-all-non-framework-target-headers.hmap (headermap)
2026-04-22T16:43:52.8857740Z  /Users/runner/work/tcm-storage-ios/tcm-storage-ios/build/SourcePackages/checkouts/realm-core/src
2026-04-22T16:43:52.8857990Z  /Users/runner/work/tcm-storage-ios/tcm-storage-ios/build/SourcePackages/checkouts/realm-core/src/external/s2
2026-04-22T16:43:52.8858310Z  /Users/runner/work/tcm-storage-ios/tcm-storage-ios/build/SourcePackages/checkouts/realm-core/src/external/IntelRDFPMathLib20U2/LIBRARY/src
2026-04-22T16:43:52.8858530Z  /Users/runner/work/tcm-storage-ios/tcm-storage-ios/build/SourcePackages/checkouts/realm-core/src/spm
2026-04-22T16:43:52.8858750Z  /Users/runner/work/tcm-storage-ios/tcm-storage-ios/build/SourcePackages/checkouts/realm-swift/include
2026-04-22T16:43:52.8859040Z  /Users/runner/work/tcm-storage-ios/tcm-storage-ios/build/SourcePackages/checkouts/swift-atomics/Sources/_AtomicsShims/include
2026-04-22T16:43:52.8859300Z  /Users/runner/work/tcm-storage-ios/tcm-storage-ios/build/SourcePackages/checkouts/swift-nio/Sources/CNIOPosix/include
2026-04-22T16:43:52.8859560Z  /Users/runner/work/tcm-storage-ios/tcm-storage-ios/build/SourcePackages/checkouts/swift-nio/Sources/CNIOWASI/include
2026-04-22T16:43:52.8859930Z  /Users/runner/work/tcm-storage-ios/tcm-storage-ios/build/SourcePackages/checkouts/swift-nio/Sources/CNIOWindows/include
2026-04-22T16:43:52.8860270Z  /Users/runner/work/tcm-storage-ios/tcm-storage-ios/build/SourcePackages/checkouts/swift-nio/Sources/CNIOLinux/include
2026-04-22T16:43:52.8860540Z  /Users/runner/work/tcm-storage-ios/tcm-storage-ios/build/SourcePackages/checkouts/swift-nio/Sources/CNIODarwin/include
2026-04-22T16:43:52.8860810Z  /Users/runner/work/tcm-storage-ios/tcm-storage-ios/build/SourcePackages/checkouts/swift-nio/Sources/CNIOOpenBSD/include
2026-04-22T16:43:52.8861080Z  /Users/runner/work/tcm-storage-ios/tcm-storage-ios/build/SourcePackages/checkouts/swift-nio/Sources/CNIOAtomics/include
2026-04-22T16:43:52.8861390Z  /Users/runner/work/tcm-storage-ios/tcm-storage-ios/build/SourcePackages/checkouts/swift-nio-ssl/Sources/CNIOBoringSSLShims/include
2026-04-22T16:43:52.8861670Z  /Users/runner/work/tcm-storage-ios/tcm-storage-ios/build/SourcePackages/checkouts/swift-nio-ssl/Sources/CNIOBoringSSL/include
2026-04-22T16:43:52.8861980Z  /Users/runner/work/tcm-storage-ios/tcm-storage-ios/build/SourcePackages/checkouts/GzipSwift/Sources/system-zlib/include
2026-04-22T16:43:52.8862370Z  /Users/runner/work/tcm-storage-ios/tcm-storage-ios/build/Build/Intermediates.noindex/Nextcloud.build/Debug-iphonesimulator/Share.build/DerivedSources
2026-04-22T16:43:52.8862690Z  /Users/runner/work/tcm-storage-ios/tcm-storage-ios/build/Build/Products/Debug-iphonesimulator/PackageFrameworks (framework directory)
2026-04-22T16:43:52.8862950Z  /Users/runner/work/tcm-storage-ios/tcm-storage-ios/build/Build/Products/Debug-iphonesimulator (framework directory)
2026-04-22T16:43:52.8863290Z  /Applications/Xcode_26.2.app/Contents/Developer/Platforms/iPhoneSimulator.platform/Developer/Library/Frameworks (framework directory)
2026-04-22T16:43:52.8863720Z  /Applications/Xcode_26.2.app/Contents/Developer/Platforms/iPhoneSimulator.platform/Developer/SDKs/iPhoneSimulator26.2.sdk/Developer/Library/Frameworks (framework directory)
2026-04-22T16:43:52.8863960Z  /Applications/Xcode_26.2.app/Contents/Developer/Toolchains/XcodeDefault.xctoolchain/usr/lib/clang/17/include
2026-04-22T16:43:52.8864280Z  /Applications/Xcode_26.2.app/Contents/Developer/Platforms/iPhoneSimulator.platform/Developer/SDKs/iPhoneSimulator26.2.sdk/usr/include
2026-04-22T16:43:52.8864560Z  /Applications/Xcode_26.2.app/Contents/Developer/Toolchains/XcodeDefault.xctoolchain/usr/include
2026-04-22T16:43:52.8865370Z  /Applications/Xcode_26.2.app/Contents/Developer/Platforms/iPhoneSimulator.platform/Developer/SDKs/iPhoneSimulator26.2.sdk/System/Library/Frameworks (framework directory)
2026-04-22T16:43:52.8865900Z  /Applications/Xcode_26.2.app/Contents/Developer/Platforms/iPhoneSimulator.platform/Developer/SDKs/iPhoneSimulator26.2.sdk/System/Library/SubFrameworks (framework directory)
2026-04-22T16:43:52.8865960Z End of search list.
2026-04-22T16:43:52.8866040Z Apple clang version 17.0.0 (clang-1700.6.3.2)
2026-04-22T16:43:52.8866120Z Target: arm64-apple-ios17.0-simulator
2026-04-22T16:43:52.8866180Z Thread model: posix
2026-04-22T16:43:52.8866430Z InstalledDir: /Applications/Xcode_26.2.app/Contents/Developer/Toolchains/XcodeDefault.xctoolchain/usr/bin
2026-04-22T16:43:52.8866600Z clang -cc1 version 17.0.0 (clang-1700.6.3.2) default target arm64-apple-darwin24.6.0
2026-04-22T16:43:52.8866920Z ignoring nonexistent directory "/Users/runner/work/tcm-storage-ios/tcm-storage-ios/build/Build/Products/Debug-iphonesimulator/include"
2026-04-22T16:43:52.8868380Z ignoring nonexistent directory "/Users/runner/work/tcm-storage-ios/tcm-storage-ios/build/Build/Intermediates.noindex/Nextcloud.build/Debug-iphonesimulator/Share.build/DerivedSources-normal/arm64"
2026-04-22T16:43:52.8868890Z ignoring nonexistent directory "/Users/runner/work/tcm-storage-ios/tcm-storage-ios/build/Build/Intermediates.noindex/Nextcloud.build/Debug-iphonesimulator/Share.build/DerivedSources/arm64"
2026-04-22T16:43:52.8869320Z ignoring nonexistent directory "/Applications/Xcode_26.2.app/Contents/Developer/Platforms/iPhoneSimulator.platform/Developer/SDKs/iPhoneSimulator26.2.sdk/usr/local/include"
2026-04-22T16:43:52.8870090Z ignoring nonexistent directory "/Applications/Xcode_26.2.app/Contents/Developer/Platforms/iPhoneSimulator.platform/Developer/SDKs/iPhoneSimulator26.2.sdk/Library/Frameworks"
2026-04-22T16:43:52.8870430Z ignoring duplicate directory "/Users/runner/work/tcm-storage-ios/tcm-storage-ios/build/Build/Products/Debug-iphonesimulator/PackageFrameworks"
2026-04-22T16:43:52.8870770Z ignoring duplicate directory "/Users/runner/work/tcm-storage-ios/tcm-storage-ios/build/Build/Products/Debug-iphonesimulator/PackageFrameworks"
2026-04-22T16:43:52.8881380Z ignoring duplicate directory "/Users/runner/work/tcm-storage-ios/tcm-storage-ios/build/Build/Products/Debug-iphonesimulator/PackageFrameworks"
2026-04-22T16:43:52.8881740Z ignoring duplicate directory "/Users/runner/work/tcm-storage-ios/tcm-storage-ios/build/Build/Products/Debug-iphonesimulator/PackageFrameworks"
2026-04-22T16:43:52.8882070Z ignoring duplicate directory "/Users/runner/work/tcm-storage-ios/tcm-storage-ios/build/Build/Products/Debug-iphonesimulator/PackageFrameworks"
2026-04-22T16:43:52.8882430Z ignoring duplicate directory "/Users/runner/work/tcm-storage-ios/tcm-storage-ios/build/Build/Products/Debug-iphonesimulator/PackageFrameworks"
2026-04-22T16:43:52.8882760Z ignoring duplicate directory "/Users/runner/work/tcm-storage-ios/tcm-storage-ios/build/Build/Products/Debug-iphonesimulator/PackageFrameworks"
2026-04-22T16:43:52.8883090Z ignoring duplicate directory "/Users/runner/work/tcm-storage-ios/tcm-storage-ios/build/Build/Products/Debug-iphonesimulator/PackageFrameworks"
2026-04-22T16:43:52.8889100Z ignoring duplicate directory "/Users/runner/work/tcm-storage-ios/tcm-storage-ios/build/Build/Products/Debug-iphonesimulator/PackageFrameworks"
2026-04-22T16:43:52.8923630Z ignoring duplicate directory "/Users/runner/work/tcm-storage-ios/tcm-storage-ios/build/Build/Products/Debug-iphonesimulator/PackageFrameworks"
2026-04-22T16:43:52.8924130Z ignoring duplicate directory "/Users/runner/work/tcm-storage-ios/tcm-storage-ios/build/Build/Products/Debug-iphonesimulator/PackageFrameworks"
2026-04-22T16:43:52.8924530Z ignoring duplicate directory "/Users/runner/work/tcm-storage-ios/tcm-storage-ios/build/Build/Products/Debug-iphonesimulator/PackageFrameworks"
2026-04-22T16:43:52.8924890Z ignoring duplicate directory "/Users/runner/work/tcm-storage-ios/tcm-storage-ios/build/Build/Products/Debug-iphonesimulator/PackageFrameworks"
2026-04-22T16:43:52.8925230Z ignoring duplicate directory "/Users/runner/work/tcm-storage-ios/tcm-storage-ios/build/Build/Products/Debug-iphonesimulator/PackageFrameworks"
2026-04-22T16:43:52.8925560Z ignoring duplicate directory "/Users/runner/work/tcm-storage-ios/tcm-storage-ios/build/Build/Products/Debug-iphonesimulator/PackageFrameworks"
2026-04-22T16:43:52.8925890Z ignoring duplicate directory "/Users/runner/work/tcm-storage-ios/tcm-storage-ios/build/Build/Products/Debug-iphonesimulator/PackageFrameworks"
2026-04-22T16:43:52.8926230Z ignoring duplicate directory "/Users/runner/work/tcm-storage-ios/tcm-storage-ios/build/Build/Products/Debug-iphonesimulator/PackageFrameworks"
2026-04-22T16:43:52.8926380Z ignoring duplicate directory "Apple clang version 17.0.0 (clang-1700.6.3.2)
2026-04-22T16:43:52.8926660Z Target: /Users/runner/work/tcm-storage-ios/tcm-storage-ios/build/Build/Products/Debug-iphonesimulator/PackageFrameworks"
2026-04-22T16:43:52.8927010Z ignoring duplicate directory "/Users/runner/work/tcm-storage-ios/tcm-storage-ios/build/Build/Products/Debug-iphonesimulator/PackageFrameworks"
2026-04-22T16:43:52.8927400Z ignoring duplicate directory "/Users/runner/work/tcm-storage-ios/tcm-storage-ios/build/Build/Products/Debug-iphonesimulator/PackageFrameworks"
2026-04-22T16:43:52.8927720Z ignoring duplicate directory "/Users/runner/work/tcm-storage-ios/tcm-storage-ios/build/Build/Products/Debug-iphonesimulator/PackageFrameworks"
2026-04-22T16:43:52.8928040Z ignoring duplicate directory "/Users/runner/work/tcm-storage-ios/tcm-storage-ios/build/Build/Products/Debug-iphonesimulator/PackageFrameworks"
2026-04-22T16:43:52.8928660Z ignoring duplicate directory "/Users/runner/work/tcm-storage-ios/tcm-storage-ios/build/Build/Products/Debug-iphonesimulator/PackageFrameworks"
2026-04-22T16:43:52.8929140Z ignoring duplicate directory "/Users/runner/work/tcm-storage-ios/tcm-storage-ios/build/Build/Products/Debug-iphonesimulator/PackageFrameworks"
2026-04-22T16:43:52.8929470Z ignoring duplicate directory "/Users/runner/work/tcm-storage-ios/tcm-storage-ios/build/Build/Products/Debug-iphonesimulator/PackageFrameworks"
2026-04-22T16:43:52.8929800Z ignoring duplicate directory "/Users/runner/work/tcm-storage-ios/tcm-storage-ios/build/Build/Products/Debug-iphonesimulator/PackageFrameworks"
2026-04-22T16:43:52.8930140Z ignoring duplicate directory "/Users/runner/work/tcm-storage-ios/tcm-storage-ios/build/Build/Products/Debug-iphonesimulator/PackageFrameworks"
2026-04-22T16:43:52.8930470Z ignoring duplicate directory "/Users/runner/work/tcm-storage-ios/tcm-storage-ios/build/Build/Products/Debug-iphonesimulator/PackageFrameworks"
2026-04-22T16:43:52.8930810Z ignoring duplicate directory "/Users/runner/work/tcm-storage-ios/tcm-storage-ios/build/Build/Products/Debug-iphonesimulator/PackageFrameworks"
2026-04-22T16:43:52.8931150Z ignoring duplicate directory "/Users/runner/work/tcm-storage-ios/tcm-storage-ios/build/Build/Products/Debug-iphonesimulator/PackageFrameworks"
2026-04-22T16:43:52.8931490Z ignoring duplicate directory "/Users/runner/work/tcm-storage-ios/tcm-storage-ios/build/Build/Products/Debug-iphonesimulator/PackageFrameworks"
2026-04-22T16:43:52.8931850Z ignoring duplicate directory "/Users/runner/work/tcm-storage-ios/tcm-storage-ios/build/Build/Products/Debug-iphonesimulator/PackageFrameworks"
2026-04-22T16:43:52.8932200Z ignoring duplicate directory "/Users/runner/work/tcm-storage-ios/tcm-storage-ios/build/Build/Products/Debug-iphonesimulator/PackageFrameworks"
2026-04-22T16:43:52.8932540Z ignoring duplicate directory "/Users/runner/work/tcm-storage-ios/tcm-storage-ios/build/Build/Products/Debug-iphonesimulator/PackageFrameworks"
2026-04-22T16:43:52.8932900Z ignoring duplicate directory "/Users/runner/work/tcm-storage-ios/tcm-storage-ios/build/Build/Products/Debug-iphonesimulator/PackageFrameworks"
2026-04-22T16:43:52.8933460Z ignoring duplicate directory "/Users/runner/work/tcm-storage-ios/tcm-storage-ios/build/Build/Products/Debug-iphonesimulator/PackageFrameworks"
2026-04-22T16:43:52.8933830Z ignoring duplicate directory "/Users/runner/work/tcm-storage-ios/tcm-storage-ios/build/Build/Products/Debug-iphonesimulator/PackageFrameworks"
2026-04-22T16:43:52.8934160Z ignoring duplicate directory "/Users/runner/work/tcm-storage-ios/tcm-storage-ios/build/Build/Products/Debug-iphonesimulator/PackageFrameworks"
2026-04-22T16:43:52.8934520Z ignoring duplicate directory "/Users/runner/work/tcm-storage-ios/tcm-storage-ios/build/Build/Products/Debug-iphonesimulator/PackageFrameworks"
2026-04-22T16:43:52.8934850Z ignoring duplicate directory "/Users/runner/work/tcm-storage-ios/tcm-storage-ios/build/Build/Products/Debug-iphonesimulator/PackageFrameworks"
2026-04-22T16:43:52.8934920Z #include "..." search starts here:
2026-04-22T16:43:52.8935500Z  /Users/runner/work/tcm-storage-ios/tcm-storage-ios/build/Build/Intermediates.noindex/Nextcloud.build/Debug-iphonesimulator/Share.build/Share-generated-files.hmap (headermap)
2026-04-22T16:43:52.8935950Z  /Users/runner/work/tcm-storage-ios/tcm-storage-ios/build/Build/Intermediates.noindex/Nextcloud.build/Debug-iphonesimulator/Share.build/Share-project-headers.hmap (headermap)
2026-04-22T16:43:52.8936010Z #include <...> search starts here:
2026-04-22T16:43:52.8936450Z  /Users/runner/work/tcm-storage-ios/tcm-storage-ios/build/Build/Intermediates.noindex/Nextcloud.build/Debug-iphonesimulator/Share.build/Share-own-target-headers.hmap (headermap)
2026-04-22T16:43:52.8936940Z  /Users/runner/work/tcm-storage-ios/tcm-storage-ios/build/Build/Intermediates.noindex/Nextcloud.build/Debug-iphonesimulator/Share.build/Share-all-non-framework-target-headers.hmap (headermap)
2026-04-22T16:43:52.8937300Z  /Users/runner/work/tcm-storage-ios/tcm-storage-ios/build/SourcePackages/checkouts/realm-core/src
2026-04-22T16:43:52.8937720Z  /Users/runner/work/tcm-storage-ios/tcm-storage-ios/build/SourcePackages/checkouts/realm-core/src/external/s2
2026-04-22T16:43:52.8938150Z  /Users/runner/work/tcm-storage-ios/tcm-storage-ios/build/SourcePackages/checkouts/realm-core/src/external/IntelRDFPMathLib20U2/LIBRARY/src
2026-04-22T16:43:52.8938370Z  /Users/runner/work/tcm-storage-ios/tcm-storage-ios/build/SourcePackages/checkouts/realm-core/src/spm
2026-04-22T16:43:52.8938590Z  /Users/runner/work/tcm-storage-ios/tcm-storage-ios/build/SourcePackages/checkouts/realm-swift/include
2026-04-22T16:43:52.8938890Z  /Users/runner/work/tcm-storage-ios/tcm-storage-ios/build/SourcePackages/checkouts/swift-atomics/Sources/_AtomicsShims/include
2026-04-22T16:43:52.8939160Z  /Users/runner/work/tcm-storage-ios/tcm-storage-ios/build/SourcePackages/checkouts/swift-nio/Sources/CNIOPosix/include
2026-04-22T16:43:52.8939430Z  /Users/runner/work/tcm-storage-ios/tcm-storage-ios/build/SourcePackages/checkouts/swift-nio/Sources/CNIOWASI/include
2026-04-22T16:43:52.8939710Z  /Users/runner/work/tcm-storage-ios/tcm-storage-ios/build/SourcePackages/checkouts/swift-nio/Sources/CNIOWindows/include
2026-04-22T16:43:52.8939990Z  /Users/runner/work/tcm-storage-ios/tcm-storage-ios/build/SourcePackages/checkouts/swift-nio/Sources/CNIOLinux/include
2026-04-22T16:43:52.8940260Z  /Users/runner/work/tcm-storage-ios/tcm-storage-ios/build/SourcePackages/checkouts/swift-nio/Sources/CNIODarwin/include
2026-04-22T16:43:52.8940540Z  /Users/runner/work/tcm-storage-ios/tcm-storage-ios/build/SourcePackages/checkouts/swift-nio/Sources/CNIOOpenBSD/include
2026-04-22T16:43:52.8940830Z  /Users/runner/work/tcm-storage-ios/tcm-storage-ios/build/SourcePackages/checkouts/swift-nio/Sources/CNIOAtomics/include
2026-04-22T16:43:52.8941160Z  /Users/runner/work/tcm-storage-ios/tcm-storage-ios/build/SourcePackages/checkouts/swift-nio-ssl/Sources/CNIOBoringSSLShims/include
2026-04-22T16:43:52.8941470Z  /Users/runner/work/tcm-storage-ios/tcm-storage-ios/build/SourcePackages/checkouts/swift-nio-ssl/Sources/CNIOBoringSSL/include
2026-04-22T16:43:52.8941760Z  /Users/runner/work/tcm-storage-ios/tcm-storage-ios/build/SourcePackages/checkouts/GzipSwift/Sources/system-zlib/include
2026-04-22T16:43:52.8942160Z  /Users/runner/work/tcm-storage-ios/tcm-storage-ios/build/Build/Intermediates.noindex/Nextcloud.build/Debug-iphonesimulator/Share.build/DerivedSources
2026-04-22T16:43:52.8942480Z  /Users/runner/work/tcm-storage-ios/tcm-storage-ios/build/Build/Products/Debug-iphonesimulator/PackageFrameworks (framework directory)
2026-04-22T16:43:52.8942950Z  /Users/runner/work/tcm-storage-ios/tcm-storage-ios/build/Build/Products/Debug-iphonesimulator (framework directory)
2026-04-22T16:43:52.8943400Z  /Applications/Xcode_26.2.app/Contents/Developer/Platforms/iPhoneSimulator.platform/Developer/Library/Frameworks (framework directory)
2026-04-22T16:43:52.8943890Z  /Applications/Xcode_26.2.app/Contents/Developer/Platforms/iPhoneSimulator.platform/Developer/SDKs/iPhoneSimulator26.2.sdk/Developer/Library/Frameworks (framework directory)
2026-04-22T16:43:52.8944150Z  /Applications/Xcode_26.2.app/Contents/Developer/Toolchains/XcodeDefault.xctoolchain/usr/lib/clang/17/include
2026-04-22T16:43:52.8944470Z  /Applications/Xcode_26.2.app/Contents/Developer/Platforms/iPhoneSimulator.platform/Developer/SDKs/iPhoneSimulator26.2.sdk/usr/include
2026-04-22T16:43:52.8944680Z  /Applications/Xcode_26.2.app/Contents/Developer/Toolchains/XcodeDefault.xctoolchain/usr/include
2026-04-22T16:43:52.8945090Z  /Applications/Xcode_26.2.app/Contents/Developer/Platforms/iPhoneSimulator.platform/Developer/SDKs/iPhoneSimulator26.2.sdk/System/Library/Frameworks (framework directory)
2026-04-22T16:43:52.8945520Z  /Applications/Xcode_26.2.app/Contents/Developer/Platforms/iPhoneSimulator.platform/Developer/SDKs/iPhoneSimulator26.2.sdk/System/Library/SubFrameworks (framework directory)
2026-04-22T16:43:52.8945810Z End of search list.
2026-04-22T16:43:52.8945880Z arm64-apple-ios17.0-simulator
2026-04-22T16:43:52.8945930Z Thread model: posix
2026-04-22T16:43:52.8946310Z InstalledDir: /Applications/Xcode_26.2.app/Contents/Developer/Toolchains/XcodeDefault.xctoolchain/usr/bin
2026-04-22T16:43:52.8946490Z clang -cc1 version 17.0.0 (clang-1700.6.3.2) default target arm64-apple-darwin24.6.0
2026-04-22T16:43:52.8946810Z ignoring nonexistent directory "/Users/runner/work/tcm-storage-ios/tcm-storage-ios/build/Build/Products/Debug-iphonesimulator/include"
2026-04-22T16:43:52.8947310Z ignoring nonexistent directory "/Users/runner/work/tcm-storage-ios/tcm-storage-ios/build/Build/Intermediates.noindex/Nextcloud.build/Debug-iphonesimulator/Share.build/DerivedSources-normal/arm64"
2026-04-22T16:43:52.8947770Z ignoring nonexistent directory "/Users/runner/work/tcm-storage-ios/tcm-storage-ios/build/Build/Intermediates.noindex/Nextcloud.build/Debug-iphonesimulator/Share.build/DerivedSources/arm64"
2026-04-22T16:43:52.8948200Z ignoring nonexistent directory "/Applications/Xcode_26.2.app/Contents/Developer/Platforms/iPhoneSimulator.platform/Developer/SDKs/iPhoneSimulator26.2.sdk/usr/local/include"
2026-04-22T16:43:52.8948620Z ignoring nonexistent directory "/Applications/Xcode_26.2.app/Contents/Developer/Platforms/iPhoneSimulator.platform/Developer/SDKs/iPhoneSimulator26.2.sdk/Library/Frameworks"
2026-04-22T16:43:52.8965940Z ignoring duplicate directory "/Users/runner/work/tcm-storage-ios/tcm-storage-ios/build/Build/Products/Debug-iphonesimulator/PackageFrameworks"
2026-04-22T16:43:52.8966350Z ignoring duplicate directory "/Users/runner/work/tcm-storage-ios/tcm-storage-ios/build/Build/Products/Debug-iphonesimulator/PackageFrameworks"
2026-04-22T16:43:52.8966690Z ignoring duplicate directory "/Users/runner/work/tcm-storage-ios/tcm-storage-ios/build/Build/Products/Debug-iphonesimulator/PackageFrameworks"
2026-04-22T16:43:52.8967020Z ignoring duplicate directory "/Users/runner/work/tcm-storage-ios/tcm-storage-ios/build/Build/Products/Debug-iphonesimulator/PackageFrameworks"
2026-04-22T16:43:52.8967370Z ignoring duplicate directory "/Users/runner/work/tcm-storage-ios/tcm-storage-ios/build/Build/Products/Debug-iphonesimulator/PackageFrameworks"
2026-04-22T16:43:52.8967760Z ignoring duplicate directory "/Users/runner/work/tcm-storage-ios/tcm-storage-ios/build/Build/Products/Debug-iphonesimulator/PackageFrameworks"
2026-04-22T16:43:52.8968090Z ignoring duplicate directory "/Users/runner/work/tcm-storage-ios/tcm-storage-ios/build/Build/Products/Debug-iphonesimulator/PackageFrameworks"
2026-04-22T16:43:52.8968420Z ignoring duplicate directory "/Users/runner/work/tcm-storage-ios/tcm-storage-ios/build/Build/Products/Debug-iphonesimulator/PackageFrameworks"
2026-04-22T16:43:52.8968740Z ignoring duplicate directory "/Users/runner/work/tcm-storage-ios/tcm-storage-ios/build/Build/Products/Debug-iphonesimulator/PackageFrameworks"
2026-04-22T16:43:52.8969060Z ignoring duplicate directory "/Users/runner/work/tcm-storage-ios/tcm-storage-ios/build/Build/Products/Debug-iphonesimulator/PackageFrameworks"
2026-04-22T16:43:52.8969630Z ignoring duplicate directory "/Users/runner/work/tcm-storage-ios/tcm-storage-ios/build/Build/Products/Debug-iphonesimulator/PackageFrameworks"
2026-04-22T16:43:52.8970010Z ignoring duplicate directory "/Users/runner/work/tcm-storage-ios/tcm-storage-ios/build/Build/Products/Debug-iphonesimulator/PackageFrameworks"
2026-04-22T16:43:52.8970350Z ignoring duplicate directory "/Users/runner/work/tcm-storage-ios/tcm-storage-ios/build/Build/Products/Debug-iphonesimulator/PackageFrameworks"
2026-04-22T16:43:52.8970680Z ignoring duplicate directory "/Users/runner/work/tcm-storage-ios/tcm-storage-ios/build/Build/Products/Debug-iphonesimulator/PackageFrameworks"
2026-04-22T16:43:52.8971020Z ignoring duplicate directory "/Users/runner/work/tcm-storage-ios/tcm-storage-ios/build/Build/Products/Debug-iphonesimulator/PackageFrameworks"
2026-04-22T16:43:52.8971350Z ignoring duplicate directory "/Users/runner/work/tcm-storage-ios/tcm-storage-ios/build/Build/Products/Debug-iphonesimulator/PackageFrameworks"
2026-04-22T16:43:52.8971890Z ignoring duplicate directory "/Users/runner/work/tcm-storage-ios/tcm-storage-ios/build/Build/Products/Debug-iphonesimulator/PackageFrameworks"
2026-04-22T16:43:52.8972310Z ignoring duplicate directory "/Users/runner/work/tcm-storage-ios/tcm-storage-ios/build/Build/Products/Debug-iphonesimulator/PackageFrameworks"
2026-04-22T16:43:52.8972640Z ignoring duplicate directory "/Users/runner/work/tcm-storage-ios/tcm-storage-ios/build/Build/Products/Debug-iphonesimulator/PackageFrameworks"
2026-04-22T16:43:52.8972960Z ignoring duplicate directory "/Users/runner/work/tcm-storage-ios/tcm-storage-ios/build/Build/Products/Debug-iphonesimulator/PackageFrameworks"
2026-04-22T16:43:52.8973290Z ignoring duplicate directory "/Users/runner/work/tcm-storage-ios/tcm-storage-ios/build/Build/Products/Debug-iphonesimulator/PackageFrameworks"
2026-04-22T16:43:52.8973670Z ignoring duplicate directory "/Users/runner/work/tcm-storage-ios/tcm-storage-ios/build/Build/Products/Debug-iphonesimulator/PackageFrameworks"
2026-04-22T16:43:52.8974030Z ignoring duplicate directory "/Users/runner/work/tcm-storage-ios/tcm-storage-ios/build/Build/Products/Debug-iphonesimulator/PackageFrameworks"
2026-04-22T16:43:52.8974380Z ignoring duplicate directory "/Users/runner/work/tcm-storage-ios/tcm-storage-ios/build/Build/Products/Debug-iphonesimulator/PackageFrameworks"
2026-04-22T16:43:52.8974730Z ignoring duplicate directory "/Users/runner/work/tcm-storage-ios/tcm-storage-ios/build/Build/Products/Debug-iphonesimulator/PackageFrameworks"
2026-04-22T16:43:52.8975080Z ignoring duplicate directory "/Users/runner/work/tcm-storage-ios/tcm-storage-ios/build/Build/Products/Debug-iphonesimulator/PackageFrameworks"
2026-04-22T16:43:52.8975410Z ignoring duplicate directory "/Users/runner/work/tcm-storage-ios/tcm-storage-ios/build/Build/Products/Debug-iphonesimulator/PackageFrameworks"
2026-04-22T16:43:52.8975750Z ignoring duplicate directory "/Users/runner/work/tcm-storage-ios/tcm-storage-ios/build/Build/Products/Debug-iphonesimulator/PackageFrameworks"
2026-04-22T16:43:52.8976080Z ignoring duplicate directory "/Users/runner/work/tcm-storage-ios/tcm-storage-ios/build/Build/Products/Debug-iphonesimulator/PackageFrameworks"
2026-04-22T16:43:52.8976410Z ignoring duplicate directory "/Users/runner/work/tcm-storage-ios/tcm-storage-ios/build/Build/Products/Debug-iphonesimulator/PackageFrameworks"
2026-04-22T16:43:52.8976740Z ignoring duplicate directory "/Users/runner/work/tcm-storage-ios/tcm-storage-ios/build/Build/Products/Debug-iphonesimulator/PackageFrameworks"
2026-04-22T16:43:52.8977070Z ignoring duplicate directory "/Users/runner/work/tcm-storage-ios/tcm-storage-ios/build/Build/Products/Debug-iphonesimulator/PackageFrameworks"
2026-04-22T16:43:52.8977390Z ignoring duplicate directory "/Users/runner/work/tcm-storage-ios/tcm-storage-ios/build/Build/Products/Debug-iphonesimulator/PackageFrameworks"
2026-04-22T16:43:52.8977720Z ignoring duplicate directory "/Users/runner/work/tcm-storage-ios/tcm-storage-ios/build/Build/Products/Debug-iphonesimulator/PackageFrameworks"
2026-04-22T16:43:52.8978050Z ignoring duplicate directory "/Users/runner/work/tcm-storage-ios/tcm-storage-ios/build/Build/Products/Debug-iphonesimulator/PackageFrameworks"
2026-04-22T16:43:52.8978370Z ignoring duplicate directory "/Users/runner/work/tcm-storage-ios/tcm-storage-ios/build/Build/Products/Debug-iphonesimulator/PackageFrameworks"
2026-04-22T16:43:52.8978700Z ignoring duplicate directory "/Users/runner/work/tcm-storage-ios/tcm-storage-ios/build/Build/Products/Debug-iphonesimulator/PackageFrameworks"
2026-04-22T16:43:52.8979020Z ignoring duplicate directory "/Users/runner/work/tcm-storage-ios/tcm-storage-ios/build/Build/Products/Debug-iphonesimulator/PackageFrameworks"
2026-04-22T16:43:52.8979340Z ignoring duplicate directory "/Users/runner/work/tcm-storage-ios/tcm-storage-ios/build/Build/Products/Debug-iphonesimulator/PackageFrameworks"
2026-04-22T16:43:52.8979670Z ignoring duplicate directory "/Users/runner/work/tcm-storage-ios/tcm-storage-ios/build/Build/Products/Debug-iphonesimulator/PackageFrameworks"
2026-04-22T16:43:52.8979820Z #include "..." search starts here:
2026-04-22T16:43:52.8980330Z  /Users/runner/work/tcm-storage-ios/tcm-storage-ios/build/Build/Intermediates.noindex/Nextcloud.build/Debug-iphonesimulator/Share.build/Share-generated-files.hmap (headermap)
2026-04-22T16:43:52.8980770Z  /Users/runner/work/tcm-storage-ios/tcm-storage-ios/build/Build/Intermediates.noindex/Nextcloud.build/Debug-iphonesimulator/Share.build/Share-project-headers.hmap (headermap)
2026-04-22T16:43:52.8980830Z #include <...> search starts here:
2026-04-22T16:43:52.8981270Z  /Users/runner/work/tcm-storage-ios/tcm-storage-ios/build/Build/Intermediates.noindex/Nextcloud.build/Debug-iphonesimulator/Share.build/Share-own-target-headers.hmap (headermap)
2026-04-22T16:43:52.8981760Z  /Users/runner/work/tcm-storage-ios/tcm-storage-ios/build/Build/Intermediates.noindex/Nextcloud.build/Debug-iphonesimulator/Share.build/Share-all-non-framework-target-headers.hmap (headermap)
2026-04-22T16:43:52.8981980Z  /Users/runner/work/tcm-storage-ios/tcm-storage-ios/build/SourcePackages/checkouts/realm-core/src
2026-04-22T16:43:52.8982220Z  /Users/runner/work/tcm-storage-ios/tcm-storage-ios/build/SourcePackages/checkouts/realm-core/src/external/s2
2026-04-22T16:43:52.8982550Z  /Users/runner/work/tcm-storage-ios/tcm-storage-ios/build/SourcePackages/checkouts/realm-core/src/external/IntelRDFPMathLib20U2/LIBRARY/src
2026-04-22T16:43:52.8982770Z  /Users/runner/work/tcm-storage-ios/tcm-storage-ios/build/SourcePackages/checkouts/realm-core/src/spm
2026-04-22T16:43:52.8982990Z  /Users/runner/work/tcm-storage-ios/tcm-storage-ios/build/SourcePackages/checkouts/realm-swift/include
2026-04-22T16:43:52.8983280Z  /Users/runner/work/tcm-storage-ios/tcm-storage-ios/build/SourcePackages/checkouts/swift-atomics/Sources/_AtomicsShims/include
2026-04-22T16:43:52.8983550Z  /Users/runner/work/tcm-storage-ios/tcm-storage-ios/build/SourcePackages/checkouts/swift-nio/Sources/CNIOPosix/include
2026-04-22T16:43:52.8983810Z  /Users/runner/work/tcm-storage-ios/tcm-storage-ios/build/SourcePackages/checkouts/swift-nio/Sources/CNIOWASI/include
2026-04-22T16:43:52.8984090Z  /Users/runner/work/tcm-storage-ios/tcm-storage-ios/build/SourcePackages/checkouts/swift-nio/Sources/CNIOWindows/include
2026-04-22T16:43:52.8984350Z  /Users/runner/work/tcm-storage-ios/tcm-storage-ios/build/SourcePackages/checkouts/swift-nio/Sources/CNIOLinux/include
2026-04-22T16:43:52.8984620Z  /Users/runner/work/tcm-storage-ios/tcm-storage-ios/build/SourcePackages/checkouts/swift-nio/Sources/CNIODarwin/include
2026-04-22T16:43:52.8984890Z  /Users/runner/work/tcm-storage-ios/tcm-storage-ios/build/SourcePackages/checkouts/swift-nio/Sources/CNIOOpenBSD/include
2026-04-22T16:43:52.8985170Z  /Users/runner/work/tcm-storage-ios/tcm-storage-ios/build/SourcePackages/checkouts/swift-nio/Sources/CNIOAtomics/include
2026-04-22T16:43:52.8985480Z  /Users/runner/work/tcm-storage-ios/tcm-storage-ios/build/SourcePackages/checkouts/swift-nio-ssl/Sources/CNIOBoringSSLShims/include
2026-04-22T16:43:52.8985810Z  /Users/runner/work/tcm-storage-ios/tcm-storage-ios/build/SourcePackages/checkouts/swift-nio-ssl/Sources/CNIOBoringSSL/include
2026-04-22T16:43:52.8986100Z  /Users/runner/work/tcm-storage-ios/tcm-storage-ios/build/SourcePackages/checkouts/GzipSwift/Sources/system-zlib/include
2026-04-22T16:43:52.8986460Z  /Users/runner/work/tcm-storage-ios/tcm-storage-ios/build/Build/Intermediates.noindex/Nextcloud.build/Debug-iphonesimulator/Share.build/DerivedSources
2026-04-22T16:43:52.8986780Z  /Users/runner/work/tcm-storage-ios/tcm-storage-ios/build/Build/Products/Debug-iphonesimulator/PackageFrameworks (framework directory)
2026-04-22T16:43:52.8987040Z  /Users/runner/work/tcm-storage-ios/tcm-storage-ios/build/Build/Products/Debug-iphonesimulator (framework directory)
2026-04-22T16:43:52.8987360Z  /Applications/Xcode_26.2.app/Contents/Developer/Platforms/iPhoneSimulator.platform/Developer/Library/Frameworks (framework directory)
2026-04-22T16:43:52.8987780Z  /Applications/Xcode_26.2.app/Contents/Developer/Platforms/iPhoneSimulator.platform/Developer/SDKs/iPhoneSimulator26.2.sdk/Developer/Library/Frameworks (framework directory)
2026-04-22T16:43:52.8988190Z  /Applications/Xcode_26.2.app/Contents/Developer/Toolchains/XcodeDefault.xctoolchain/usr/lib/clang/17/include
2026-04-22T16:43:52.8988510Z  /Applications/Xcode_26.2.app/Contents/Developer/Platforms/iPhoneSimulator.platform/Developer/SDKs/iPhoneSimulator26.2.sdk/usr/include
2026-04-22T16:43:52.8988710Z  /Applications/Xcode_26.2.app/Contents/Developer/Toolchains/XcodeDefault.xctoolchain/usr/include
2026-04-22T16:43:52.8989130Z  /Applications/Xcode_26.2.app/Contents/Developer/Platforms/iPhoneSimulator.platform/Developer/SDKs/iPhoneSimulator26.2.sdk/System/Library/Frameworks (framework directory)
2026-04-22T16:43:52.8989550Z  /Applications/Xcode_26.2.app/Contents/Developer/Platforms/iPhoneSimulator.platform/Developer/SDKs/iPhoneSimulator26.2.sdk/System/Library/SubFrameworks (framework directory)
2026-04-22T16:43:52.8989600Z End of search list.
2026-04-22T16:43:52.8989810Z Apple clang version 17.0.0 (clang-1700.6.3.2)
2026-04-22T16:43:52.8989880Z Target: arm64-apple-ios17.0-simulator
2026-04-22T16:43:52.8989930Z Thread model: posix
2026-04-22T16:43:52.8990170Z InstalledDir: /Applications/Xcode_26.2.app/Contents/Developer/Toolchains/XcodeDefault.xctoolchain/usr/bin
2026-04-22T16:43:52.8990330Z clang -cc1 version 17.0.0 (clang-1700.6.3.2) default target arm64-apple-darwin24.6.0
2026-04-22T16:43:52.8990640Z ignoring nonexistent directory "/Users/runner/work/tcm-storage-ios/tcm-storage-ios/build/Build/Products/Debug-iphonesimulator/include"
2026-04-22T16:43:52.8991130Z ignoring nonexistent directory "/Users/runner/work/tcm-storage-ios/tcm-storage-ios/build/Build/Intermediates.noindex/Nextcloud.build/Debug-iphonesimulator/Share.build/DerivedSources-normal/arm64"
2026-04-22T16:43:52.8991590Z ignoring nonexistent directory "/Users/runner/work/tcm-storage-ios/tcm-storage-ios/build/Build/Intermediates.noindex/Nextcloud.build/Debug-iphonesimulator/Share.build/DerivedSources/arm64"
2026-04-22T16:43:52.8992010Z ignoring nonexistent directory "/Applications/Xcode_26.2.app/Contents/Developer/Platforms/iPhoneSimulator.platform/Developer/SDKs/iPhoneSimulator26.2.sdk/usr/local/include"
2026-04-22T16:43:52.8992430Z ignoring nonexistent directory "/Applications/Xcode_26.2.app/Contents/Developer/Platforms/iPhoneSimulator.platform/Developer/SDKs/iPhoneSimulator26.2.sdk/Library/Frameworks"
2026-04-22T16:43:52.8992760Z ignoring duplicate directory "/Users/runner/work/tcm-storage-ios/tcm-storage-ios/build/Build/Products/Debug-iphonesimulator/PackageFrameworks"
2026-04-22T16:43:52.8993090Z ignoring duplicate directory "/Users/runner/work/tcm-storage-ios/tcm-storage-ios/build/Build/Products/Debug-iphonesimulator/PackageFrameworks"
2026-04-22T16:43:52.8993420Z ignoring duplicate directory "/Users/runner/work/tcm-storage-ios/tcm-storage-ios/build/Build/Products/Debug-iphonesimulator/PackageFrameworks"
2026-04-22T16:43:52.8993750Z ignoring duplicate directory "/Users/runner/work/tcm-storage-ios/tcm-storage-ios/build/Build/Products/Debug-iphonesimulator/PackageFrameworks"
2026-04-22T16:43:52.8994080Z ignoring duplicate directory "/Users/runner/work/tcm-storage-ios/tcm-storage-ios/build/Build/Products/Debug-iphonesimulator/PackageFrameworks"
2026-04-22T16:43:52.8994400Z ignoring duplicate directory "/Users/runner/work/tcm-storage-ios/tcm-storage-ios/build/Build/Products/Debug-iphonesimulator/PackageFrameworks"
2026-04-22T16:43:52.8994730Z ignoring duplicate directory "/Users/runner/work/tcm-storage-ios/tcm-storage-ios/build/Build/Products/Debug-iphonesimulator/PackageFrameworks"
2026-04-22T16:43:52.8996280Z ignoring duplicate directory "/Users/runner/work/tcm-storage-ios/tcm-storage-ios/build/Build/Products/Debug-iphonesimulator/PackageFrameworks"
2026-04-22T16:43:52.8996720Z ignoring duplicate directory "/Users/runner/work/tcm-storage-ios/tcm-storage-ios/build/Build/Products/Debug-iphonesimulator/PackageFrameworks"
2026-04-22T16:43:52.8997060Z ignoring duplicate directory "/Users/runner/work/tcm-storage-ios/tcm-storage-ios/build/Build/Products/Debug-iphonesimulator/PackageFrameworks"
2026-04-22T16:43:52.8997890Z ignoring duplicate directory "/Users/runner/work/tcm-storage-ios/tcm-storage-ios/build/Build/Products/Debug-iphonesimulator/PackageFrameworks"
2026-04-22T16:43:52.8998240Z ignoring duplicate directory "/Users/runner/work/tcm-storage-ios/tcm-storage-ios/build/Build/Products/Debug-iphonesimulator/PackageFrameworks"
2026-04-22T16:43:52.8998580Z ignoring duplicate directory "/Users/runner/work/tcm-storage-ios/tcm-storage-ios/build/Build/Products/Debug-iphonesimulator/PackageFrameworks"
2026-04-22T16:43:52.8998910Z ignoring duplicate directory "/Users/runner/work/tcm-storage-ios/tcm-storage-ios/build/Build/Products/Debug-iphonesimulator/PackageFrameworks"
2026-04-22T16:43:52.8999240Z ignoring duplicate directory "/Users/runner/work/tcm-storage-ios/tcm-storage-ios/build/Build/Products/Debug-iphonesimulator/PackageFrameworks"
2026-04-22T16:43:52.9000130Z ignoring duplicate directory "/Users/runner/work/tcm-storage-ios/tcm-storage-ios/build/Build/Products/Debug-iphonesimulator/PackageFrameworks"
2026-04-22T16:43:52.9000470Z ignoring duplicate directory "/Users/runner/work/tcm-storage-ios/tcm-storage-ios/build/Build/Products/Debug-iphonesimulator/PackageFrameworks"
2026-04-22T16:43:52.9000800Z ignoring duplicate directory "/Users/runner/work/tcm-storage-ios/tcm-storage-ios/build/Build/Products/Debug-iphonesimulator/PackageFrameworks"
2026-04-22T16:43:52.9001120Z ignoring duplicate directory "/Users/runner/work/tcm-storage-ios/tcm-storage-ios/build/Build/Products/Debug-iphonesimulator/PackageFrameworks"
2026-04-22T16:43:52.9002610Z ignoring duplicate directory "/Users/runner/work/tcm-storage-ios/tcm-storage-ios/build/Build/Products/Debug-iphonesimulator/PackageFrameworks"
2026-04-22T16:43:52.9002950Z ignoring duplicate directory "/Users/runner/work/tcm-storage-ios/tcm-storage-ios/build/Build/Products/Debug-iphonesimulator/PackageFrameworks"
2026-04-22T16:43:52.9003270Z ignoring duplicate directory "/Users/runner/work/tcm-storage-ios/tcm-storage-ios/build/Build/Products/Debug-iphonesimulator/PackageFrameworks"
2026-04-22T16:43:52.9003600Z ignoring duplicate directory "/Users/runner/work/tcm-storage-ios/tcm-storage-ios/build/Build/Products/Debug-iphonesimulator/PackageFrameworks"
2026-04-22T16:43:52.9003930Z ignoring duplicate directory "/Users/runner/work/tcm-storage-ios/tcm-storage-ios/build/Build/Products/Debug-iphonesimulator/PackageFrameworks"
2026-04-22T16:43:52.9026290Z ignoring duplicate directory "/Users/runner/work/tcm-storage-ios/tcm-storage-ios/build/Build/Products/Debug-iphonesimulator/PackageFrameworks"
2026-04-22T16:43:52.9026670Z ignoring duplicate directory "/Users/runner/work/tcm-storage-ios/tcm-storage-ios/build/Build/Products/Debug-iphonesimulator/PackageFrameworks"
2026-04-22T16:43:52.9027010Z ignoring duplicate directory "/Users/runner/work/tcm-storage-ios/tcm-storage-ios/build/Build/Products/Debug-iphonesimulator/PackageFrameworks"
2026-04-22T16:43:52.9027350Z ignoring duplicate directory "/Users/runner/work/tcm-storage-ios/tcm-storage-ios/build/Build/Products/Debug-iphonesimulator/PackageFrameworks"
2026-04-22T16:43:52.9027690Z ignoring duplicate directory "/Users/runner/work/tcm-storage-ios/tcm-storage-ios/build/Build/Products/Debug-iphonesimulator/PackageFrameworks"
2026-04-22T16:43:52.9028020Z ignoring duplicate directory "/Users/runner/work/tcm-storage-ios/tcm-storage-ios/build/Build/Products/Debug-iphonesimulator/PackageFrameworks"
2026-04-22T16:43:52.9028340Z ignoring duplicate directory "/Users/runner/work/tcm-storage-ios/tcm-storage-ios/build/Build/Products/Debug-iphonesimulator/PackageFrameworks"
2026-04-22T16:43:52.9028670Z ignoring duplicate directory "/Users/runner/work/tcm-storage-ios/tcm-storage-ios/build/Build/Products/Debug-iphonesimulator/PackageFrameworks"
2026-04-22T16:43:52.9028990Z ignoring duplicate directory "/Users/runner/work/tcm-storage-ios/tcm-storage-ios/build/Build/Products/Debug-iphonesimulator/PackageFrameworks"
2026-04-22T16:43:52.9029470Z ignoring duplicate directory "/Users/runner/work/tcm-storage-ios/tcm-storage-ios/build/Build/Products/Debug-iphonesimulator/PackageFrameworks"
2026-04-22T16:43:52.9029880Z ignoring duplicate directory "/Users/runner/work/tcm-storage-ios/tcm-storage-ios/build/Build/Products/Debug-iphonesimulator/PackageFrameworks"
2026-04-22T16:43:52.9031090Z ignoring duplicate directory "/Users/runner/work/tcm-storage-ios/tcm-storage-ios/build/Build/Products/Debug-iphonesimulator/PackageFrameworks"
2026-04-22T16:43:52.9031450Z ignoring duplicate directory "/Users/runner/work/tcm-storage-ios/tcm-storage-ios/build/Build/Products/Debug-iphonesimulator/PackageFrameworks"
2026-04-22T16:43:52.9031790Z ignoring duplicate directory "/Users/runner/work/tcm-storage-ios/tcm-storage-ios/build/Build/Products/Debug-iphonesimulator/PackageFrameworks"
2026-04-22T16:43:52.9032120Z ignoring duplicate directory "/Users/runner/work/tcm-storage-ios/tcm-storage-ios/build/Build/Products/Debug-iphonesimulator/PackageFrameworks"
2026-04-22T16:43:52.9032460Z ignoring duplicate directory "/Users/runner/work/tcm-storage-ios/tcm-storage-ios/build/Build/Products/Debug-iphonesimulator/PackageFrameworks"
2026-04-22T16:43:52.9032520Z #include "..." search starts here:
2026-04-22T16:43:52.9033560Z  /Users/runner/work/tcm-storage-ios/tcm-storage-ios/build/Build/Intermediates.noindex/Nextcloud.build/Debug-iphonesimulator/Share.build/Share-generated-files.hmap (headermap)
2026-04-22T16:43:52.9034000Z  /Users/runner/work/tcm-storage-ios/tcm-storage-ios/build/Build/Intermediates.noindex/Nextcloud.build/Debug-iphonesimulator/Share.build/Share-project-headers.hmap (headermap)
2026-04-22T16:43:52.9034060Z #include <...> search starts here:
2026-04-22T16:43:52.9034500Z  /Users/runner/work/tcm-storage-ios/tcm-storage-ios/build/Build/Intermediates.noindex/Nextcloud.build/Debug-iphonesimulator/Share.build/Share-own-target-headers.hmap (headermap)
2026-04-22T16:43:52.9035470Z  /Users/runner/work/tcm-storage-ios/tcm-storage-ios/build/Build/Intermediates.noindex/Nextcloud.build/Debug-iphonesimulator/Share.build/Share-all-non-framework-target-headers.hmap (headermap)
2026-04-22T16:43:52.9035720Z  /Users/runner/work/tcm-storage-ios/tcm-storage-ios/build/SourcePackages/checkouts/realm-core/src
2026-04-22T16:43:52.9035970Z  /Users/runner/work/tcm-storage-ios/tcm-storage-ios/build/SourcePackages/checkouts/realm-core/src/external/s2
2026-04-22T16:43:52.9036300Z  /Users/runner/work/tcm-storage-ios/tcm-storage-ios/build/SourcePackages/checkouts/realm-core/src/external/IntelRDFPMathLib20U2/LIBRARY/src
2026-04-22T16:43:52.9036520Z  /Users/runner/work/tcm-storage-ios/tcm-storage-ios/build/SourcePackages/checkouts/realm-core/src/spm
2026-04-22T16:43:52.9036730Z  /Users/runner/work/tcm-storage-ios/tcm-storage-ios/build/SourcePackages/checkouts/realm-swift/include
2026-04-22T16:43:52.9037100Z  /Users/runner/work/tcm-storage-ios/tcm-storage-ios/build/SourcePackages/checkouts/swift-atomics/Sources/_AtomicsShims/include
2026-04-22T16:43:52.9037600Z  /Users/runner/work/tcm-storage-ios/tcm-storage-ios/build/SourcePackages/checkouts/swift-nio/Sources/CNIOPosix/include
2026-04-22T16:43:52.9037880Z  /Users/runner/work/tcm-storage-ios/tcm-storage-ios/build/SourcePackages/checkouts/swift-nio/Sources/CNIOWASI/include
2026-04-22T16:43:52.9038150Z  /Users/runner/work/tcm-storage-ios/tcm-storage-ios/build/SourcePackages/checkouts/swift-nio/Sources/CNIOWindows/include
2026-04-22T16:43:52.9038420Z  /Users/runner/work/tcm-storage-ios/tcm-storage-ios/build/SourcePackages/checkouts/swift-nio/Sources/CNIOLinux/include
2026-04-22T16:43:52.9038680Z  /Users/runner/work/tcm-storage-ios/tcm-storage-ios/build/SourcePackages/checkouts/swift-nio/Sources/CNIODarwin/include
2026-04-22T16:43:52.9038950Z  /Users/runner/work/tcm-storage-ios/tcm-storage-ios/build/SourcePackages/checkouts/swift-nio/Sources/CNIOOpenBSD/include
2026-04-22T16:43:52.9039210Z  /Users/runner/work/tcm-storage-ios/tcm-storage-ios/build/SourcePackages/checkouts/swift-nio/Sources/CNIOAtomics/include
2026-04-22T16:43:52.9039690Z  /Users/runner/work/tcm-storage-ios/tcm-storage-ios/build/SourcePackages/checkouts/swift-nio-ssl/Sources/CNIOBoringSSLShims/include
2026-04-22T16:43:52.9040210Z  /Users/runner/work/tcm-storage-ios/tcm-storage-ios/build/SourcePackages/checkouts/swift-nio-ssl/Sources/CNIOBoringSSL/include
2026-04-22T16:43:52.9040500Z  /Users/runner/work/tcm-storage-ios/tcm-storage-ios/build/SourcePackages/checkouts/GzipSwift/Sources/system-zlib/include
2026-04-22T16:43:52.9040870Z  /Users/runner/work/tcm-storage-ios/tcm-storage-ios/build/Build/Intermediates.noindex/Nextcloud.build/Debug-iphonesimulator/Share.build/DerivedSources
2026-04-22T16:43:52.9041190Z  /Users/runner/work/tcm-storage-ios/tcm-storage-ios/build/Build/Products/Debug-iphonesimulator/PackageFrameworks (framework directory)
2026-04-22T16:43:52.9041450Z  /Users/runner/work/tcm-storage-ios/tcm-storage-ios/build/Build/Products/Debug-iphonesimulator (framework directory)
2026-04-22T16:43:52.9041770Z  /Applications/Xcode_26.2.app/Contents/Developer/Platforms/iPhoneSimulator.platform/Developer/Library/Frameworks (framework directory)
2026-04-22T16:43:52.9042200Z  /Applications/Xcode_26.2.app/Contents/Developer/Platforms/iPhoneSimulator.platform/Developer/SDKs/iPhoneSimulator26.2.sdk/Developer/Library/Frameworks (framework directory)
2026-04-22T16:43:52.9042520Z  /Applications/Xcode_26.2.app/Contents/Developer/Toolchains/XcodeDefault.xctoolchain/usr/lib/clang/17/include
2026-04-22T16:43:52.9042830Z  /Applications/Xcode_26.2.app/Contents/Developer/Platforms/iPhoneSimulator.platform/Developer/SDKs/iPhoneSimulator26.2.sdk/usr/include
2026-04-22T16:43:52.9043040Z  /Applications/Xcode_26.2.app/Contents/Developer/Toolchains/XcodeDefault.xctoolchain/usr/include
2026-04-22T16:43:52.9043450Z  /Applications/Xcode_26.2.app/Contents/Developer/Platforms/iPhoneSimulator.platform/Developer/SDKs/iPhoneSimulator26.2.sdk/System/Library/Frameworks (framework directory)
2026-04-22T16:43:52.9043870Z  /Applications/Xcode_26.2.app/Contents/Developer/Platforms/iPhoneSimulator.platform/Developer/SDKs/iPhoneSimulator26.2.sdk/System/Library/SubFrameworks (framework directory)
2026-04-22T16:43:52.9043920Z End of search list.
2026-04-22T16:43:52.9044000Z Apple clang version 17.0.0 (clang-1700.6.3.2)
2026-04-22T16:43:52.9044060Z Target: arm64-apple-ios17.0-simulator
2026-04-22T16:43:52.9044110Z Thread model: posix
2026-04-22T16:43:52.9044350Z InstalledDir: /Applications/Xcode_26.2.app/Contents/Developer/Toolchains/XcodeDefault.xctoolchain/usr/bin
2026-04-22T16:43:52.9044510Z clang -cc1 version 17.0.0 (clang-1700.6.3.2) default target arm64-apple-darwin24.6.0
2026-04-22T16:43:52.9044870Z ignoring nonexistent directory "/Users/runner/work/tcm-storage-ios/tcm-storage-ios/build/Build/Products/Debug-iphonesimulator/include"
2026-04-22T16:43:52.9045360Z ignoring nonexistent directory "/Users/runner/work/tcm-storage-ios/tcm-storage-ios/build/Build/Intermediates.noindex/Nextcloud.build/Debug-iphonesimulator/Share.build/DerivedSources-normal/arm64"
2026-04-22T16:43:52.9045820Z ignoring nonexistent directory "/Users/runner/work/tcm-storage-ios/tcm-storage-ios/build/Build/Intermediates.noindex/Nextcloud.build/Debug-iphonesimulator/Share.build/DerivedSources/arm64"
2026-04-22T16:43:52.9046250Z ignoring nonexistent directory "/Applications/Xcode_26.2.app/Contents/Developer/Platforms/iPhoneSimulator.platform/Developer/SDKs/iPhoneSimulator26.2.sdk/usr/local/include"
2026-04-22T16:43:52.9046660Z ignoring nonexistent directory "/Applications/Xcode_26.2.app/Contents/Developer/Platforms/iPhoneSimulator.platform/Developer/SDKs/iPhoneSimulator26.2.sdk/Library/Frameworks"
2026-04-22T16:43:52.9047050Z ignoring duplicate directory "/Users/runner/work/tcm-storage-ios/tcm-storage-ios/build/Build/Products/Debug-iphonesimulator/PackageFrameworks"
2026-04-22T16:43:52.9047380Z ignoring duplicate directory "/Users/runner/work/tcm-storage-ios/tcm-storage-ios/build/Build/Products/Debug-iphonesimulator/PackageFrameworks"
2026-04-22T16:43:52.9047760Z ignoring duplicate directory "/Users/runner/work/tcm-storage-ios/tcm-storage-ios/build/Build/Products/Debug-iphonesimulator/PackageFrameworks"
2026-04-22T16:43:52.9048150Z ignoring duplicate directory "/Users/runner/work/tcm-storage-ios/tcm-storage-ios/build/Build/Products/Debug-iphonesimulator/PackageFrameworks"
2026-04-22T16:43:52.9048570Z ignoring duplicate directory "/Users/runner/work/tcm-storage-ios/tcm-storage-ios/build/Build/Products/Debug-iphonesimulator/PackageFrameworks"
2026-04-22T16:43:52.9048910Z ignoring duplicate directory "/Users/runner/work/tcm-storage-ios/tcm-storage-ios/build/Build/Products/Debug-iphonesimulator/PackageFrameworks"
2026-04-22T16:43:52.9049240Z ignoring duplicate directory "/Users/runner/work/tcm-storage-ios/tcm-storage-ios/build/Build/Products/Debug-iphonesimulator/PackageFrameworks"
2026-04-22T16:43:52.9049560Z ignoring duplicate directory "/Users/runner/work/tcm-storage-ios/tcm-storage-ios/build/Build/Products/Debug-iphonesimulator/PackageFrameworks"
2026-04-22T16:43:52.9049890Z ignoring duplicate directory "/Users/runner/work/tcm-storage-ios/tcm-storage-ios/build/Build/Products/Debug-iphonesimulator/PackageFrameworks"
2026-04-22T16:43:52.9050320Z ignoring duplicate directory "/Users/runner/work/tcm-storage-ios/tcm-storage-ios/build/Build/Products/Debug-iphonesimulator/PackageFrameworks"
2026-04-22T16:43:52.9050740Z ignoring duplicate directory "/Users/runner/work/tcm-storage-ios/tcm-storage-ios/build/Build/Products/Debug-iphonesimulator/PackageFrameworks"
2026-04-22T16:43:52.9051090Z ignoring duplicate directory "/Users/runner/work/tcm-storage-ios/tcm-storage-ios/build/Build/Products/Debug-iphonesimulator/PackageFrameworks"
2026-04-22T16:43:52.9051420Z ignoring duplicate directory "/Users/runner/work/tcm-storage-ios/tcm-storage-ios/build/Build/Products/Debug-iphonesimulator/PackageFrameworks"
2026-04-22T16:43:52.9051750Z ignoring duplicate directory "/Users/runner/work/tcm-storage-ios/tcm-storage-ios/build/Build/Products/Debug-iphonesimulator/PackageFrameworks"
2026-04-22T16:43:52.9052070Z ignoring duplicate directory "/Users/runner/work/tcm-storage-ios/tcm-storage-ios/build/Build/Products/Debug-iphonesimulator/PackageFrameworks"
2026-04-22T16:43:52.9052400Z ignoring duplicate directory "/Users/runner/work/tcm-storage-ios/tcm-storage-ios/build/Build/Products/Debug-iphonesimulator/PackageFrameworks"
2026-04-22T16:43:52.9052720Z ignoring duplicate directory "/Users/runner/work/tcm-storage-ios/tcm-storage-ios/build/Build/Products/Debug-iphonesimulator/PackageFrameworks"
2026-04-22T16:43:52.9053050Z ignoring duplicate directory "/Users/runner/work/tcm-storage-ios/tcm-storage-ios/build/Build/Products/Debug-iphonesimulator/PackageFrameworks"
2026-04-22T16:43:52.9053440Z ignoring duplicate directory "/Users/runner/work/tcm-storage-ios/tcm-storage-ios/build/Build/Products/Debug-iphonesimulator/PackageFrameworks"
2026-04-22T16:43:52.9053790Z ignoring duplicate directory "/Users/runner/work/tcm-storage-ios/tcm-storage-ios/build/Build/Products/Debug-iphonesimulator/PackageFrameworks"
2026-04-22T16:43:52.9054120Z ignoring duplicate directory "/Users/runner/work/tcm-storage-ios/tcm-storage-ios/build/Build/Products/Debug-iphonesimulator/PackageFrameworks"
2026-04-22T16:43:52.9054440Z ignoring duplicate directory "/Users/runner/work/tcm-storage-ios/tcm-storage-ios/build/Build/Products/Debug-iphonesimulator/PackageFrameworks"
2026-04-22T16:43:52.9054770Z ignoring duplicate directory "/Users/runner/work/tcm-storage-ios/tcm-storage-ios/build/Build/Products/Debug-iphonesimulator/PackageFrameworks"
2026-04-22T16:43:52.9055100Z ignoring duplicate directory "/Users/runner/work/tcm-storage-ios/tcm-storage-ios/build/Build/Products/Debug-iphonesimulator/PackageFrameworks"
2026-04-22T16:43:52.9055420Z ignoring duplicate directory "/Users/runner/work/tcm-storage-ios/tcm-storage-ios/build/Build/Products/Debug-iphonesimulator/PackageFrameworks"
2026-04-22T16:43:52.9055740Z ignoring duplicate directory "/Users/runner/work/tcm-storage-ios/tcm-storage-ios/build/Build/Products/Debug-iphonesimulator/PackageFrameworks"
2026-04-22T16:43:52.9056070Z ignoring duplicate directory "/Users/runner/work/tcm-storage-ios/tcm-storage-ios/build/Build/Products/Debug-iphonesimulator/PackageFrameworks"
2026-04-22T16:43:52.9056620Z ignoring duplicate directory "/Users/runner/work/tcm-storage-ios/tcm-storage-ios/build/Build/Products/Debug-iphonesimulator/PackageFrameworks"
2026-04-22T16:43:52.9057500Z ignoring duplicate directory "/Users/runner/work/tcm-storage-ios/tcm-storage-ios/build/Build/Products/Debug-iphonesimulator/PackageFrameworks"
2026-04-22T16:43:52.9057850Z ignoring duplicate directory "/Users/runner/work/tcm-storage-ios/tcm-storage-ios/build/Build/Products/Debug-iphonesimulator/PackageFrameworks"
2026-04-22T16:43:52.9058190Z ignoring duplicate directory "/Users/runner/work/tcm-storage-ios/tcm-storage-ios/build/Build/Products/Debug-iphonesimulator/PackageFrameworks"
2026-04-22T16:43:52.9058520Z ignoring duplicate directory "/Users/runner/work/tcm-storage-ios/tcm-storage-ios/build/Build/Products/Debug-iphonesimulator/PackageFrameworks"
2026-04-22T16:43:52.9059930Z ignoring duplicate directory "/Users/runner/work/tcm-storage-ios/tcm-storage-ios/build/Build/Products/Debug-iphonesimulator/PackageFrameworks"
2026-04-22T16:43:52.9060300Z ignoring duplicate directory "/Users/runner/work/tcm-storage-ios/tcm-storage-ios/build/Build/Products/Debug-iphonesimulator/PackageFrameworks"
2026-04-22T16:43:52.9060630Z ignoring duplicate directory "/Users/runner/work/tcm-storage-ios/tcm-storage-ios/build/Build/Products/Debug-iphonesimulator/PackageFrameworks"
2026-04-22T16:43:52.9069230Z ignoring duplicate directory "/Users/runner/work/tcm-storage-ios/tcm-storage-ios/build/Build/Products/Debug-iphonesimulator/PackageFrameworks"
2026-04-22T16:43:52.9069630Z ignoring duplicate directory "/Users/runner/work/tcm-storage-ios/tcm-storage-ios/build/Build/Products/Debug-iphonesimulator/PackageFrameworks"
2026-04-22T16:43:52.9072330Z ignoring duplicate directory "/Users/runner/work/tcm-storage-ios/tcm-storage-ios/build/Build/Products/Debug-iphonesimulator/PackageFrameworks"
2026-04-22T16:43:52.9072750Z ignoring duplicate directory "/Users/runner/work/tcm-storage-ios/tcm-storage-ios/build/Build/Products/Debug-iphonesimulator/PackageFrameworks"
2026-04-22T16:43:52.9073080Z ignoring duplicate directory "/Users/runner/work/tcm-storage-ios/tcm-storage-ios/build/Build/Products/Debug-iphonesimulator/PackageFrameworks"
2026-04-22T16:43:52.9073150Z #include "..." search starts here:
2026-04-22T16:43:52.9073580Z  /Users/runner/work/tcm-storage-ios/tcm-storage-ios/build/Build/Intermediates.noindex/Nextcloud.build/Debug-iphonesimulator/Share.build/Share-generated-files.hmap (headermap)
2026-04-22T16:43:52.9074130Z  /Users/runner/work/tcm-storage-ios/tcm-storage-ios/build/Build/Intermediates.noindex/Nextcloud.build/Debug-iphonesimulator/Share.build/Share-project-headers.hmap (headermap)
2026-04-22T16:43:52.9074190Z #include <...> search starts here:
2026-04-22T16:43:52.9074920Z  /Users/runner/work/tcm-storage-ios/tcm-storage-ios/build/Build/Intermediates.noindex/Nextcloud.build/Debug-iphonesimulator/Share.build/Share-own-target-headers.hmap (headermap)
2026-04-22T16:43:52.9075410Z  /Users/runner/work/tcm-storage-ios/tcm-storage-ios/build/Build/Intermediates.noindex/Nextcloud.build/Debug-iphonesimulator/Share.build/Share-all-non-framework-target-headers.hmap (headermap)
2026-04-22T16:43:52.9075630Z  /Users/runner/work/tcm-storage-ios/tcm-storage-ios/build/SourcePackages/checkouts/realm-core/src
2026-04-22T16:43:52.9075870Z  /Users/runner/work/tcm-storage-ios/tcm-storage-ios/build/SourcePackages/checkouts/realm-core/src/external/s2
2026-04-22T16:43:52.9076200Z  /Users/runner/work/tcm-storage-ios/tcm-storage-ios/build/SourcePackages/checkouts/realm-core/src/external/IntelRDFPMathLib20U2/LIBRARY/src
2026-04-22T16:43:52.9076420Z  /Users/runner/work/tcm-storage-ios/tcm-storage-ios/build/SourcePackages/checkouts/realm-core/src/spm
2026-04-22T16:43:52.9076640Z  /Users/runner/work/tcm-storage-ios/tcm-storage-ios/build/SourcePackages/checkouts/realm-swift/include
2026-04-22T16:43:52.9087210Z  /Users/runner/work/tcm-storage-ios/tcm-storage-ios/build/SourcePackages/checkouts/swift-atomics/Sources/_AtomicsShims/include
2026-04-22T16:43:52.9087690Z  /Users/runner/work/tcm-storage-ios/tcm-storage-ios/build/SourcePackages/checkouts/swift-nio/Sources/CNIOPosix/include
2026-04-22T16:43:52.9088060Z  /Users/runner/work/tcm-storage-ios/tcm-storage-ios/build/SourcePackages/checkouts/swift-nio/Sources/CNIOWASI/include
2026-04-22T16:43:52.9088330Z  /Users/runner/work/tcm-storage-ios/tcm-storage-ios/build/SourcePackages/checkouts/swift-nio/Sources/CNIOWindows/include
2026-04-22T16:43:52.9088600Z  /Users/runner/work/tcm-storage-ios/tcm-storage-ios/build/SourcePackages/checkouts/swift-nio/Sources/CNIOLinux/include
2026-04-22T16:43:52.9088860Z  /Users/runner/work/tcm-storage-ios/tcm-storage-ios/build/SourcePackages/checkouts/swift-nio/Sources/CNIODarwin/include
2026-04-22T16:43:52.9089290Z  /Users/runner/work/tcm-storage-ios/tcm-storage-ios/build/SourcePackages/checkouts/swift-nio/Sources/CNIOOpenBSD/include
2026-04-22T16:43:52.9089680Z  /Users/runner/work/tcm-storage-ios/tcm-storage-ios/build/SourcePackages/checkouts/swift-nio/Sources/CNIOAtomics/include
2026-04-22T16:43:52.9089990Z  /Users/runner/work/tcm-storage-ios/tcm-storage-ios/build/SourcePackages/checkouts/swift-nio-ssl/Sources/CNIOBoringSSLShims/include
2026-04-22T16:43:52.9090280Z  /Users/runner/work/tcm-storage-ios/tcm-storage-ios/build/SourcePackages/checkouts/swift-nio-ssl/Sources/CNIOBoringSSL/include
2026-04-22T16:43:52.9090550Z  /Users/runner/work/tcm-storage-ios/tcm-storage-ios/build/SourcePackages/checkouts/GzipSwift/Sources/system-zlib/include
2026-04-22T16:43:52.9090910Z  /Users/runner/work/tcm-storage-ios/tcm-storage-ios/build/Build/Intermediates.noindex/Nextcloud.build/Debug-iphonesimulator/Share.build/DerivedSources
2026-04-22T16:43:52.9091230Z  /Users/runner/work/tcm-storage-ios/tcm-storage-ios/build/Build/Products/Debug-iphonesimulator/PackageFrameworks (framework directory)
2026-04-22T16:43:52.9091730Z  /Users/runner/work/tcm-storage-ios/tcm-storage-ios/build/Build/Products/Debug-iphonesimulator (framework directory)
2026-04-22T16:43:52.9092060Z  /Applications/Xcode_26.2.app/Contents/Developer/Platforms/iPhoneSimulator.platform/Developer/Library/Frameworks (framework directory)
2026-04-22T16:43:52.9092490Z  /Applications/Xcode_26.2.app/Contents/Developer/Platforms/iPhoneSimulator.platform/Developer/SDKs/iPhoneSimulator26.2.sdk/Developer/Library/Frameworks (framework directory)
2026-04-22T16:43:52.9092860Z  /Applications/Xcode_26.2.app/Contents/Developer/Toolchains/XcodeDefault.xctoolchain/usr/lib/clang/17/include
2026-04-22T16:43:52.9093200Z  /Applications/Xcode_26.2.app/Contents/Developer/Platforms/iPhoneSimulator.platform/Developer/SDKs/iPhoneSimulator26.2.sdk/usr/include
2026-04-22T16:43:52.9093410Z  /Applications/Xcode_26.2.app/Contents/Developer/Toolchains/XcodeDefault.xctoolchain/usr/include
2026-04-22T16:43:52.9093820Z  /Applications/Xcode_26.2.app/Contents/Developer/Platforms/iPhoneSimulator.platform/Developer/SDKs/iPhoneSimulator26.2.sdk/System/Library/Frameworks (framework directory)
2026-04-22T16:43:52.9094680Z  /Applications/Xcode_26.2.app/Contents/Developer/Platforms/iPhoneSimulator.platform/Developer/SDKs/iPhoneSimulator26.2.sdk/System/Library/SubFrameworks (framework directory)
2026-04-22T16:43:52.9094750Z End of search list.
2026-04-22T16:43:52.9094930Z clang -cc1 version 17.0.0 (clang-1700.6.3.2) default target arm64-apple-darwin24.6.0
2026-04-22T16:43:52.9095250Z ignoring nonexistent directory "/Users/runner/work/tcm-storage-ios/tcm-storage-ios/build/Build/Products/Debug-iphonesimulator/include"
2026-04-22T16:43:52.9095750Z ignoring nonexistent directory "/Users/runner/work/tcm-storage-ios/tcm-storage-ios/build/Build/Intermediates.noindex/Nextcloud.build/Debug-iphonesimulator/Share.build/DerivedSources-normal/arm64"
2026-04-22T16:43:52.9096220Z ignoring nonexistent directory "/Users/runner/work/tcm-storage-ios/tcm-storage-ios/build/Build/Intermediates.noindex/Nextcloud.build/Debug-iphonesimulator/Share.build/DerivedSources/arm64"
2026-04-22T16:43:52.9096760Z ignoring nonexistent directory "/Applications/Xcode_26.2.app/Contents/Developer/Platforms/iPhoneSimulator.platform/Developer/SDKs/iPhoneSimulator26.2.sdk/usr/local/include"
2026-04-22T16:43:52.9097450Z ignoring nonexistent directory "/Applications/Xcode_26.2.app/Contents/Developer/Platforms/iPhoneSimulator.platform/Developer/SDKs/iPhoneSimulator26.2.sdk/Library/Frameworks"
2026-04-22T16:43:52.9097810Z ignoring duplicate directory "/Users/runner/work/tcm-storage-ios/tcm-storage-ios/build/Build/Products/Debug-iphonesimulator/PackageFrameworks"
2026-04-22T16:43:52.9098140Z ignoring duplicate directory "/Users/runner/work/tcm-storage-ios/tcm-storage-ios/build/Build/Products/Debug-iphonesimulator/PackageFrameworks"
2026-04-22T16:43:52.9098470Z ignoring duplicate directory "/Users/runner/work/tcm-storage-ios/tcm-storage-ios/build/Build/Products/Debug-iphonesimulator/PackageFrameworks"
2026-04-22T16:43:52.9098800Z ignoring duplicate directory "/Users/runner/work/tcm-storage-ios/tcm-storage-ios/build/Build/Products/Debug-iphonesimulator/PackageFrameworks"
2026-04-22T16:43:52.9099190Z ignoring duplicate directory "/Users/runner/work/tcm-storage-ios/tcm-storage-ios/build/Build/Products/Debug-iphonesimulator/PackageFrameworks"
2026-04-22T16:43:52.9099520Z ignoring duplicate directory "/Users/runner/work/tcm-storage-ios/tcm-storage-ios/build/Build/Products/Debug-iphonesimulator/PackageFrameworks"
2026-04-22T16:43:52.9099950Z ignoring duplicate directory "/Users/runner/work/tcm-storage-ios/tcm-storage-ios/build/Build/Products/Debug-iphonesimulator/PackageFrameworks"
2026-04-22T16:43:52.9100290Z ignoring duplicate directory "/Users/runner/work/tcm-storage-ios/tcm-storage-ios/build/Build/Products/Debug-iphonesimulator/PackageFrameworks"
2026-04-22T16:43:52.9100620Z ignoring duplicate directory "/Users/runner/work/tcm-storage-ios/tcm-storage-ios/build/Build/Products/Debug-iphonesimulator/PackageFrameworks"
2026-04-22T16:43:52.9100940Z ignoring duplicate directory "/Users/runner/work/tcm-storage-ios/tcm-storage-ios/build/Build/Products/Debug-iphonesimulator/PackageFrameworks"
2026-04-22T16:43:52.9101270Z ignoring duplicate directory "/Users/runner/work/tcm-storage-ios/tcm-storage-ios/build/Build/Products/Debug-iphonesimulator/PackageFrameworks"
2026-04-22T16:43:52.9101610Z ignoring duplicate directory "/Users/runner/work/tcm-storage-ios/tcm-storage-ios/build/Build/Products/Debug-iphonesimulator/PackageFrameworks"
2026-04-22T16:43:52.9101940Z ignoring duplicate directory "/Users/runner/work/tcm-storage-ios/tcm-storage-ios/build/Build/Products/Debug-iphonesimulator/PackageFrameworks"
2026-04-22T16:43:52.9102260Z ignoring duplicate directory "/Users/runner/work/tcm-storage-ios/tcm-storage-ios/build/Build/Products/Debug-iphonesimulator/PackageFrameworks"
2026-04-22T16:43:52.9102640Z ignoring duplicate directory "/Users/runner/work/tcm-storage-ios/tcm-storage-ios/build/Build/Products/Debug-iphonesimulator/PackageFrameworks"
2026-04-22T16:43:52.9102970Z ignoring duplicate directory "/Users/runner/work/tcm-storage-ios/tcm-storage-ios/build/Build/Products/Debug-iphonesimulator/PackageFrameworks"
2026-04-22T16:43:52.9103300Z ignoring duplicate directory "/Users/runner/work/tcm-storage-ios/tcm-storage-ios/build/Build/Products/Debug-iphonesimulator/PackageFrameworks"
2026-04-22T16:43:52.9103620Z ignoring duplicate directory "/Users/runner/work/tcm-storage-ios/tcm-storage-ios/build/Build/Products/Debug-iphonesimulator/PackageFrameworks"
2026-04-22T16:43:52.9103950Z ignoring duplicate directory "/Users/runner/work/tcm-storage-ios/tcm-storage-ios/build/Build/Products/Debug-iphonesimulator/PackageFrameworks"
2026-04-22T16:43:52.9104380Z ignoring duplicate directory "/Users/runner/work/tcm-storage-ios/tcm-storage-ios/build/Build/Products/Debug-iphonesimulator/PackageFrameworks"
2026-04-22T16:43:52.9104810Z ignoring duplicate directory "/Users/runner/work/tcm-storage-ios/tcm-storage-ios/build/Build/Products/Debug-iphonesimulator/PackageFrameworks"
2026-04-22T16:43:52.9105140Z ignoring duplicate directory "/Users/runner/work/tcm-storage-ios/tcm-storage-ios/build/Build/Products/Debug-iphonesimulator/PackageFrameworks"
2026-04-22T16:43:52.9105580Z ignoring duplicate directory "/Users/runner/work/tcm-storage-ios/tcm-storage-ios/build/Build/Products/Debug-iphonesimulator/PackageFrameworks"
2026-04-22T16:43:52.9105960Z ignoring duplicate directory "/Users/runner/work/tcm-storage-ios/tcm-storage-ios/build/Build/Products/Debug-iphonesimulator/PackageFrameworks"
2026-04-22T16:43:52.9106300Z ignoring duplicate directory "/Users/runner/work/tcm-storage-ios/tcm-storage-ios/build/Build/Products/Debug-iphonesimulator/PackageFrameworks"
2026-04-22T16:43:52.9106670Z ignoring duplicate directory "/Users/runner/work/tcm-storage-ios/tcm-storage-ios/build/Build/Products/Debug-iphonesimulator/PackageFrameworks"
2026-04-22T16:43:52.9107050Z ignoring duplicate directory "/Users/runner/work/tcm-storage-ios/tcm-storage-ios/build/Build/Products/Debug-iphonesimulator/PackageFrameworks"
2026-04-22T16:43:52.9107400Z ignoring duplicate directory "/Users/runner/work/tcm-storage-ios/tcm-storage-ios/build/Build/Products/Debug-iphonesimulator/PackageFrameworks"
2026-04-22T16:43:52.9107730Z ignoring duplicate directory "/Users/runner/work/tcm-storage-ios/tcm-storage-ios/build/Build/Products/Debug-iphonesimulator/PackageFrameworks"
2026-04-22T16:43:52.9108060Z ignoring duplicate directory "/Users/runner/work/tcm-storage-ios/tcm-storage-ios/build/Build/Products/Debug-iphonesimulator/PackageFrameworks"
2026-04-22T16:43:52.9109300Z ignoring duplicate directory "/Users/runner/work/tcm-storage-ios/tcm-storage-ios/build/Build/Products/Debug-iphonesimulator/PackageFrameworks"
2026-04-22T16:43:52.9109650Z ignoring duplicate directory "/Users/runner/work/tcm-storage-ios/tcm-storage-ios/build/Build/Products/Debug-iphonesimulator/PackageFrameworks"
2026-04-22T16:43:52.9109990Z ignoring duplicate directory "/Users/runner/work/tcm-storage-ios/tcm-storage-ios/build/Build/Products/Debug-iphonesimulator/PackageFrameworks"
2026-04-22T16:43:52.9110320Z ignoring duplicate directory "/Users/runner/work/tcm-storage-ios/tcm-storage-ios/build/Build/Products/Debug-iphonesimulator/PackageFrameworks"
2026-04-22T16:43:52.9110660Z ignoring duplicate directory "/Users/runner/work/tcm-storage-ios/tcm-storage-ios/build/Build/Products/Debug-iphonesimulator/PackageFrameworks"
2026-04-22T16:43:52.9111000Z ignoring duplicate directory "/Users/runner/work/tcm-storage-ios/tcm-storage-ios/build/Build/Products/Debug-iphonesimulator/PackageFrameworks"
2026-04-22T16:43:52.9111340Z ignoring duplicate directory "/Users/runner/work/tcm-storage-ios/tcm-storage-ios/build/Build/Products/Debug-iphonesimulator/PackageFrameworks"
2026-04-22T16:43:52.9111670Z ignoring duplicate directory "/Users/runner/work/tcm-storage-ios/tcm-storage-ios/build/Build/Products/Debug-iphonesimulator/PackageFrameworks"
2026-04-22T16:43:52.9112000Z ignoring duplicate directory "/Users/runner/work/tcm-storage-ios/tcm-storage-ios/build/Build/Products/Debug-iphonesimulator/PackageFrameworks"
2026-04-22T16:43:52.9112330Z ignoring duplicate directory "/Users/runner/work/tcm-storage-ios/tcm-storage-ios/build/Build/Products/Debug-iphonesimulator/PackageFrameworks"
2026-04-22T16:43:52.9112420Z #include "..." search starts here:
2026-04-22T16:43:52.9112870Z  /Users/runner/work/tcm-storage-ios/tcm-storage-ios/build/Build/Intermediates.noindex/Nextcloud.build/Debug-iphonesimulator/Share.build/Share-generated-files.hmap (headermap)
2026-04-22T16:43:52.9113310Z  /Users/runner/work/tcm-storage-ios/tcm-storage-ios/build/Build/Intermediates.noindex/Nextcloud.build/Debug-iphonesimulator/Share.build/Share-project-headers.hmap (headermap)
2026-04-22T16:43:52.9113370Z #include <...> search starts here:
2026-04-22T16:43:52.9113810Z  /Users/runner/work/tcm-storage-ios/tcm-storage-ios/build/Build/Intermediates.noindex/Nextcloud.build/Debug-iphonesimulator/Share.build/Share-own-target-headers.hmap (headermap)
2026-04-22T16:43:52.9114300Z  /Users/runner/work/tcm-storage-ios/tcm-storage-ios/build/Build/Intermediates.noindex/Nextcloud.build/Debug-iphonesimulator/Share.build/Share-all-non-framework-target-headers.hmap (headermap)
2026-04-22T16:43:52.9114500Z  /Users/runner/work/tcm-storage-ios/tcm-storage-ios/build/SourcePackages/checkouts/realm-core/src
2026-04-22T16:43:52.9114900Z  /Users/runner/work/tcm-storage-ios/tcm-storage-ios/build/SourcePackages/checkouts/realm-core/src/external/s2
2026-04-22T16:43:52.9115380Z  /Users/runner/work/tcm-storage-ios/tcm-storage-ios/build/SourcePackages/checkouts/realm-core/src/external/IntelRDFPMathLib20U2/LIBRARY/src
2026-04-22T16:43:52.9115610Z  /Users/runner/work/tcm-storage-ios/tcm-storage-ios/build/SourcePackages/checkouts/realm-core/src/spm
2026-04-22T16:43:52.9115830Z  /Users/runner/work/tcm-storage-ios/tcm-storage-ios/build/SourcePackages/checkouts/realm-swift/include
2026-04-22T16:43:52.9116120Z  /Users/runner/work/tcm-storage-ios/tcm-storage-ios/build/SourcePackages/checkouts/swift-atomics/Sources/_AtomicsShims/include
2026-04-22T16:43:52.9116380Z  /Users/runner/work/tcm-storage-ios/tcm-storage-ios/build/SourcePackages/checkouts/swift-nio/Sources/CNIOPosix/include
2026-04-22T16:43:52.9116640Z  /Users/runner/work/tcm-storage-ios/tcm-storage-ios/build/SourcePackages/checkouts/swift-nio/Sources/CNIOWASI/include
2026-04-22T16:43:52.9116910Z  /Users/runner/work/tcm-storage-ios/tcm-storage-ios/build/SourcePackages/checkouts/swift-nio/Sources/CNIOWindows/include
2026-04-22T16:43:52.9117170Z  /Users/runner/work/tcm-storage-ios/tcm-storage-ios/build/SourcePackages/checkouts/swift-nio/Sources/CNIOLinux/include
2026-04-22T16:43:52.9117440Z  /Users/runner/work/tcm-storage-ios/tcm-storage-ios/build/SourcePackages/checkouts/swift-nio/Sources/CNIODarwin/include
2026-04-22T16:43:52.9117700Z  /Users/runner/work/tcm-storage-ios/tcm-storage-ios/build/SourcePackages/checkouts/swift-nio/Sources/CNIOOpenBSD/include
2026-04-22T16:43:52.9117970Z  /Users/runner/work/tcm-storage-ios/tcm-storage-ios/build/SourcePackages/checkouts/swift-nio/Sources/CNIOAtomics/include
2026-04-22T16:43:52.9118270Z  /Users/runner/work/tcm-storage-ios/tcm-storage-ios/build/SourcePackages/checkouts/swift-nio-ssl/Sources/CNIOBoringSSLShims/include
2026-04-22T16:43:52.9118560Z  /Users/runner/work/tcm-storage-ios/tcm-storage-ios/build/SourcePackages/checkouts/swift-nio-ssl/Sources/CNIOBoringSSL/include
2026-04-22T16:43:52.9118830Z  /Users/runner/work/tcm-storage-ios/tcm-storage-ios/build/SourcePackages/checkouts/GzipSwift/Sources/system-zlib/include
2026-04-22T16:43:52.9136030Z  /Users/runner/work/tcm-storage-ios/tcm-storage-ios/build/Build/Intermediates.noindex/Nextcloud.build/Debug-iphonesimulator/Share.build/DerivedSources
2026-04-22T16:43:52.9136390Z  /Users/runner/work/tcm-storage-ios/tcm-storage-ios/build/Build/Products/Debug-iphonesimulator/PackageFrameworks (framework directory)
2026-04-22T16:43:52.9136690Z  /Users/runner/work/tcm-storage-ios/tcm-storage-ios/build/Build/Products/Debug-iphonesimulator (framework directory)
2026-04-22T16:43:52.9137040Z  /Applications/Xcode_26.2.app/Contents/Developer/Platforms/iPhoneSimulator.platform/Developer/Library/Frameworks (framework directory)
2026-04-22T16:43:52.9137470Z  /Applications/Xcode_26.2.app/Contents/Developer/Platforms/iPhoneSimulator.platform/Developer/SDKs/iPhoneSimulator26.2.sdk/Developer/Library/Frameworks (framework directory)
2026-04-22T16:43:52.9137810Z  /Applications/Xcode_26.2.app/Contents/Developer/Toolchains/XcodeDefault.xctoolchain/usr/lib/clang/17/include
2026-04-22T16:43:52.9139070Z  /Applications/Xcode_26.2.app/Contents/Developer/Platforms/iPhoneSimulator.platform/Developer/SDKs/iPhoneSimulator26.2.sdk/usr/include
2026-04-22T16:43:52.9139300Z  /Applications/Xcode_26.2.app/Contents/Developer/Toolchains/XcodeDefault.xctoolchain/usr/include
2026-04-22T16:43:52.9139720Z  /Applications/Xcode_26.2.app/Contents/Developer/Platforms/iPhoneSimulator.platform/Developer/SDKs/iPhoneSimulator26.2.sdk/System/Library/Frameworks (framework directory)
2026-04-22T16:43:52.9140140Z  /Applications/Xcode_26.2.app/Contents/Developer/Platforms/iPhoneSimulator.platform/Developer/SDKs/iPhoneSimulator26.2.sdk/System/Library/SubFrameworks (framework directory)
2026-04-22T16:43:52.9140190Z End of search list.
2026-04-22T16:43:52.9140350Z Apple clang version 17.0.0 (clang-1700.6.3.2)
2026-04-22T16:43:52.9142290Z Target: arm64-apple-ios17.0-simulator
2026-04-22T16:43:52.9142340Z Thread model: posix
2026-04-22T16:43:52.9142700Z InstalledDir: /Applications/Xcode_26.2.app/Contents/Developer/Toolchains/XcodeDefault.xctoolchain/usr/bin
2026-04-22T16:43:52.9142900Z clang -cc1 version 17.0.0 (clang-1700.6.3.2) default target arm64-apple-darwin24.6.0
2026-04-22T16:43:52.9143230Z ignoring nonexistent directory "/Users/runner/work/tcm-storage-ios/tcm-storage-ios/build/Build/Products/Debug-iphonesimulator/include"
2026-04-22T16:43:52.9143740Z ignoring nonexistent directory "/Users/runner/work/tcm-storage-ios/tcm-storage-ios/build/Build/Intermediates.noindex/Nextcloud.build/Debug-iphonesimulator/Share.build/DerivedSources-normal/arm64"
2026-04-22T16:43:52.9145520Z ignoring nonexistent directory "/Users/runner/work/tcm-storage-ios/tcm-storage-ios/build/Build/Intermediates.noindex/Nextcloud.build/Debug-iphonesimulator/Share.build/DerivedSources/arm64"
2026-04-22T16:43:52.9145980Z ignoring nonexistent directory "/Applications/Xcode_26.2.app/Contents/Developer/Platforms/iPhoneSimulator.platform/Developer/SDKs/iPhoneSimulator26.2.sdk/usr/local/include"
2026-04-22T16:43:52.9146430Z ignoring nonexistent directory "/Applications/Xcode_26.2.app/Contents/Developer/Platforms/iPhoneSimulator.platform/Developer/SDKs/iPhoneSimulator26.2.sdk/Library/Frameworks"
2026-04-22T16:43:52.9146770Z ignoring duplicate directory "/Users/runner/work/tcm-storage-ios/tcm-storage-ios/build/Build/Products/Debug-iphonesimulator/PackageFrameworks"
2026-04-22T16:43:52.9147100Z ignoring duplicate directory "/Users/runner/work/tcm-storage-ios/tcm-storage-ios/build/Build/Products/Debug-iphonesimulator/PackageFrameworks"
2026-04-22T16:43:52.9149640Z ignoring duplicate directory "/Users/runner/work/tcm-storage-ios/tcm-storage-ios/build/Build/Products/Debug-iphonesimulator/PackageFrameworks"
2026-04-22T16:43:52.9150000Z ignoring duplicate directory "/Users/runner/work/tcm-storage-ios/tcm-storage-ios/build/Build/Products/Debug-iphonesimulator/PackageFrameworks"
2026-04-22T16:43:52.9150350Z ignoring duplicate directory "/Users/runner/work/tcm-storage-ios/tcm-storage-ios/build/Build/Products/Debug-iphonesimulator/PackageFrameworks"
2026-04-22T16:43:52.9150700Z ignoring duplicate directory "/Users/runner/work/tcm-storage-ios/tcm-storage-ios/build/Build/Products/Debug-iphonesimulator/PackageFrameworks"
2026-04-22T16:43:52.9151030Z ignoring duplicate directory "/Users/runner/work/tcm-storage-ios/tcm-storage-ios/build/Build/Products/Debug-iphonesimulator/PackageFrameworks"
2026-04-22T16:43:52.9155840Z ignoring duplicate directory "/Users/runner/work/tcm-storage-ios/tcm-storage-ios/build/Build/Products/Debug-iphonesimulator/PackageFrameworks"
2026-04-22T16:43:52.9156230Z ignoring duplicate directory "/Users/runner/work/tcm-storage-ios/tcm-storage-ios/build/Build/Products/Debug-iphonesimulator/PackageFrameworks"
2026-04-22T16:43:52.9156570Z ignoring duplicate directory "/Users/runner/work/tcm-storage-ios/tcm-storage-ios/build/Build/Products/Debug-iphonesimulator/PackageFrameworks"
2026-04-22T16:43:52.9156910Z ignoring duplicate directory "/Users/runner/work/tcm-storage-ios/tcm-storage-ios/build/Build/Products/Debug-iphonesimulator/PackageFrameworks"
2026-04-22T16:43:52.9157240Z ignoring duplicate directory "/Users/runner/work/tcm-storage-ios/tcm-storage-ios/build/Build/Products/Debug-iphonesimulator/PackageFrameworks"
2026-04-22T16:43:52.9158310Z ignoring duplicate directory "/Users/runner/work/tcm-storage-ios/tcm-storage-ios/build/Build/Products/Debug-iphonesimulator/PackageFrameworks"
2026-04-22T16:43:52.9158640Z ignoring duplicate directory "/Users/runner/work/tcm-storage-ios/tcm-storage-ios/build/Build/Products/Debug-iphonesimulator/PackageFrameworks"
2026-04-22T16:43:52.9158990Z ignoring duplicate directory "/Users/runner/work/tcm-storage-ios/tcm-storage-ios/build/Build/Products/Debug-iphonesimulator/PackageFrameworks"
2026-04-22T16:43:52.9159320Z ignoring duplicate directory "/Users/runner/work/tcm-storage-ios/tcm-storage-ios/build/Build/Products/Debug-iphonesimulator/PackageFrameworks"
2026-04-22T16:43:52.9164950Z ignoring duplicate directory "/Users/runner/work/tcm-storage-ios/tcm-storage-ios/build/Build/Products/Debug-iphonesimulator/PackageFrameworks"
2026-04-22T16:43:52.9165410Z ignoring duplicate directory "/Users/runner/work/tcm-storage-ios/tcm-storage-ios/build/Build/Products/Debug-iphonesimulator/PackageFrameworks"
2026-04-22T16:43:52.9165750Z ignoring duplicate directory "/Users/runner/work/tcm-storage-ios/tcm-storage-ios/build/Build/Products/Debug-iphonesimulator/PackageFrameworks"
2026-04-22T16:43:52.9166070Z ignoring duplicate directory "/Users/runner/work/tcm-storage-ios/tcm-storage-ios/build/Build/Products/Debug-iphonesimulator/PackageFrameworks"
2026-04-22T16:43:52.9166500Z ignoring duplicate directory "/Users/runner/work/tcm-storage-ios/tcm-storage-ios/build/Build/Products/Debug-iphonesimulator/PackageFrameworks"
2026-04-22T16:43:52.9170850Z ignoring duplicate directory "/Users/runner/work/tcm-storage-ios/tcm-storage-ios/build/Build/Products/Debug-iphonesimulator/PackageFrameworks"
2026-04-22T16:43:52.9171200Z ignoring duplicate directory "/Users/runner/work/tcm-storage-ios/tcm-storage-ios/build/Build/Products/Debug-iphonesimulator/PackageFrameworks"
2026-04-22T16:43:52.9171530Z ignoring duplicate directory "/Users/runner/work/tcm-storage-ios/tcm-storage-ios/build/Build/Products/Debug-iphonesimulator/PackageFrameworks"
2026-04-22T16:43:52.9171870Z ignoring duplicate directory "/Users/runner/work/tcm-storage-ios/tcm-storage-ios/build/Build/Products/Debug-iphonesimulator/PackageFrameworks"
2026-04-22T16:43:52.9172210Z ignoring duplicate directory "/Users/runner/work/tcm-storage-ios/tcm-storage-ios/build/Build/Products/Debug-iphonesimulator/PackageFrameworks"
2026-04-22T16:43:52.9183390Z ignoring duplicate directory "/Users/runner/work/tcm-storage-ios/tcm-storage-ios/build/Build/Products/Debug-iphonesimulator/PackageFrameworks"
2026-04-22T16:43:52.9191440Z ignoring duplicate directory "/Users/runner/work/tcm-storage-ios/tcm-storage-ios/build/Build/Products/Debug-iphonesimulator/PackageFrameworks"
2026-04-22T16:43:52.9191830Z ignoring duplicate directory "/Users/runner/work/tcm-storage-ios/tcm-storage-ios/build/Build/Products/Debug-iphonesimulator/PackageFrameworks"
2026-04-22T16:43:52.9194150Z ignoring duplicate directory "/Users/runner/work/tcm-storage-ios/tcm-storage-ios/build/Build/Products/Debug-iphonesimulator/PackageFrameworks"
2026-04-22T16:43:52.9194520Z ignoring duplicate directory "/Users/runner/work/tcm-storage-ios/tcm-storage-ios/build/Build/Products/Debug-iphonesimulator/PackageFrameworks"
2026-04-22T16:43:52.9194850Z ignoring duplicate directory "/Users/runner/work/tcm-storage-ios/tcm-storage-ios/build/Build/Products/Debug-iphonesimulator/PackageFrameworks"
2026-04-22T16:43:52.9197860Z ignoring duplicate directory "/Users/runner/work/tcm-storage-ios/tcm-storage-ios/build/Build/Products/Debug-iphonesimulator/PackageFrameworks"
2026-04-22T16:43:52.9199700Z ignoring duplicate directory "/Users/runner/work/tcm-storage-ios/tcm-storage-ios/build/Build/Products/Debug-iphonesimulator/PackageFrameworks"
2026-04-22T16:43:52.9206190Z ignoring duplicate directory "/Users/runner/work/tcm-storage-ios/tcm-storage-ios/build/Build/Products/Debug-iphonesimulator/PackageFrameworks"
2026-04-22T16:43:52.9207590Z ignoring duplicate directory "/Users/runner/work/tcm-storage-ios/tcm-storage-ios/build/Build/Products/Debug-iphonesimulator/PackageFrameworks"
2026-04-22T16:43:52.9207990Z ignoring duplicate directory "/Users/runner/work/tcm-storage-ios/tcm-storage-ios/build/Build/Products/Debug-iphonesimulator/PackageFrameworks"
2026-04-22T16:43:52.9208330Z ignoring duplicate directory "/Users/runner/work/tcm-storage-ios/tcm-storage-ios/build/Build/Products/Debug-iphonesimulator/PackageFrameworks"
2026-04-22T16:43:52.9208660Z ignoring duplicate directory "/Users/runner/work/tcm-storage-ios/tcm-storage-ios/build/Build/Products/Debug-iphonesimulator/PackageFrameworks"
2026-04-22T16:43:52.9209130Z ignoring duplicate directory "/Users/runner/work/tcm-storage-ios/tcm-storage-ios/build/Build/Products/Debug-iphonesimulator/PackageFrameworks"
2026-04-22T16:43:52.9209530Z #include "..." search starts here:
2026-04-22T16:43:52.9210140Z  /Users/runner/work/tcm-storage-ios/tcm-storage-ios/build/Build/Intermediates.noindex/Nextcloud.build/Debug-iphonesimulator/Share.build/Share-generated-files.hmap (headermap)
2026-04-22T16:43:52.9210590Z  /Users/runner/work/tcm-storage-ios/tcm-storage-ios/build/Build/Intermediates.noindex/Nextcloud.build/Debug-iphonesimulator/Share.build/Share-project-headers.hmap (headermap)
2026-04-22T16:43:52.9210650Z #include <...> search starts here:
2026-04-22T16:43:52.9211170Z  /Users/runner/work/tcm-storage-ios/tcm-storage-ios/build/Build/Intermediates.noindex/Nextcloud.build/Debug-iphonesimulator/Share.build/Share-own-target-headers.hmap (headermap)
2026-04-22T16:43:52.9211660Z  /Users/runner/work/tcm-storage-ios/tcm-storage-ios/build/Build/Intermediates.noindex/Nextcloud.build/Debug-iphonesimulator/Share.build/Share-all-non-framework-target-headers.hmap (headermap)
2026-04-22T16:43:52.9211880Z  /Users/runner/work/tcm-storage-ios/tcm-storage-ios/build/SourcePackages/checkouts/realm-core/src
2026-04-22T16:43:52.9212420Z  /Users/runner/work/tcm-storage-ios/tcm-storage-ios/build/SourcePackages/checkouts/realm-core/src/external/s2
2026-04-22T16:43:52.9212830Z  /Users/runner/work/tcm-storage-ios/tcm-storage-ios/build/SourcePackages/checkouts/realm-core/src/external/IntelRDFPMathLib20U2/LIBRARY/src
2026-04-22T16:43:52.9213050Z  /Users/runner/work/tcm-storage-ios/tcm-storage-ios/build/SourcePackages/checkouts/realm-core/src/spm
2026-04-22T16:43:52.9213260Z  /Users/runner/work/tcm-storage-ios/tcm-storage-ios/build/SourcePackages/checkouts/realm-swift/include
2026-04-22T16:43:52.9213560Z  /Users/runner/work/tcm-storage-ios/tcm-storage-ios/build/SourcePackages/checkouts/swift-atomics/Sources/_AtomicsShims/include
2026-04-22T16:43:52.9214560Z  /Users/runner/work/tcm-storage-ios/tcm-storage-ios/build/SourcePackages/checkouts/swift-nio/Sources/CNIOPosix/include
2026-04-22T16:43:52.9214860Z  /Users/runner/work/tcm-storage-ios/tcm-storage-ios/build/SourcePackages/checkouts/swift-nio/Sources/CNIOWASI/include
2026-04-22T16:43:52.9215280Z  /Users/runner/work/tcm-storage-ios/tcm-storage-ios/build/SourcePackages/checkouts/swift-nio/Sources/CNIOWindows/include
2026-04-22T16:43:52.9215550Z  /Users/runner/work/tcm-storage-ios/tcm-storage-ios/build/SourcePackages/checkouts/swift-nio/Sources/CNIOLinux/include
2026-04-22T16:43:52.9215810Z  /Users/runner/work/tcm-storage-ios/tcm-storage-ios/build/SourcePackages/checkouts/swift-nio/Sources/CNIODarwin/include
2026-04-22T16:43:52.9216100Z  /Users/runner/work/tcm-storage-ios/tcm-storage-ios/build/SourcePackages/checkouts/swift-nio/Sources/CNIOOpenBSD/include
2026-04-22T16:43:52.9216380Z  /Users/runner/work/tcm-storage-ios/tcm-storage-ios/build/SourcePackages/checkouts/swift-nio/Sources/CNIOAtomics/include
2026-04-22T16:43:52.9217870Z  /Users/runner/work/tcm-storage-ios/tcm-storage-ios/build/SourcePackages/checkouts/swift-nio-ssl/Sources/CNIOBoringSSLShims/include
2026-04-22T16:43:52.9218230Z  /Users/runner/work/tcm-storage-ios/tcm-storage-ios/build/SourcePackages/checkouts/swift-nio-ssl/Sources/CNIOBoringSSL/include
2026-04-22T16:43:52.9218520Z  /Users/runner/work/tcm-storage-ios/tcm-storage-ios/build/SourcePackages/checkouts/GzipSwift/Sources/system-zlib/include
2026-04-22T16:43:52.9218910Z  /Users/runner/work/tcm-storage-ios/tcm-storage-ios/build/Build/Intermediates.noindex/Nextcloud.build/Debug-iphonesimulator/Share.build/DerivedSources
2026-04-22T16:43:52.9219240Z  /Users/runner/work/tcm-storage-ios/tcm-storage-ios/build/Build/Products/Debug-iphonesimulator/PackageFrameworks (framework directory)
2026-04-22T16:43:52.9219510Z  /Users/runner/work/tcm-storage-ios/tcm-storage-ios/build/Build/Products/Debug-iphonesimulator (framework directory)
2026-04-22T16:43:52.9220190Z  /Applications/Xcode_26.2.app/Contents/Developer/Platforms/iPhoneSimulator.platform/Developer/Library/Frameworks (framework directory)
2026-04-22T16:43:52.9223800Z  /Applications/Xcode_26.2.app/Contents/Developer/Platforms/iPhoneSimulator.platform/Developer/SDKs/iPhoneSimulator26.2.sdk/Developer/Library/Frameworks (framework directory)
2026-04-22T16:43:52.9224190Z  /Applications/Xcode_26.2.app/Contents/Developer/Toolchains/XcodeDefault.xctoolchain/usr/lib/clang/17/include
2026-04-22T16:43:52.9224520Z  /Applications/Xcode_26.2.app/Contents/Developer/Platforms/iPhoneSimulator.platform/Developer/SDKs/iPhoneSimulator26.2.sdk/usr/include
2026-04-22T16:43:52.9224740Z  /Applications/Xcode_26.2.app/Contents/Developer/Toolchains/XcodeDefault.xctoolchain/usr/include
2026-04-22T16:43:52.9225160Z  /Applications/Xcode_26.2.app/Contents/Developer/Platforms/iPhoneSimulator.platform/Developer/SDKs/iPhoneSimulator26.2.sdk/System/Library/Frameworks (framework directory)
2026-04-22T16:43:52.9225580Z  /Applications/Xcode_26.2.app/Contents/Developer/Platforms/iPhoneSimulator.platform/Developer/SDKs/iPhoneSimulator26.2.sdk/System/Library/SubFrameworks (framework directory)
2026-04-22T16:43:52.9225640Z End of search list.
2026-04-22T16:43:52.9226420Z clang -cc1 version 17.0.0 (clang-1700.6.3.2) default target arm64-apple-darwin24.6.0
2026-04-22T16:43:52.9226760Z ignoring nonexistent directory "/Users/runner/work/tcm-storage-ios/tcm-storage-ios/build/Build/Products/Debug-iphonesimulator/include"
2026-04-22T16:43:52.9227260Z ignoring nonexistent directory "/Users/runner/work/tcm-storage-ios/tcm-storage-ios/build/Build/Intermediates.noindex/Nextcloud.build/Debug-iphonesimulator/Share.build/DerivedSources-normal/arm64"
2026-04-22T16:43:52.9228070Z ignoring nonexistent directory "/Users/runner/work/tcm-storage-ios/tcm-storage-ios/build/Build/Intermediates.noindex/Nextcloud.build/Debug-iphonesimulator/Share.build/DerivedSources/arm64"
2026-04-22T16:43:52.9231930Z ignoring nonexistent directory "/Applications/Xcode_26.2.app/Contents/Developer/Platforms/iPhoneSimulator.platform/Developer/SDKs/iPhoneSimulator26.2.sdk/usr/local/include"
2026-04-22T16:43:52.9232380Z ignoring nonexistent directory "/Applications/Xcode_26.2.app/Contents/Developer/Platforms/iPhoneSimulator.platform/Developer/SDKs/iPhoneSimulator26.2.sdk/Library/Frameworks"
2026-04-22T16:43:52.9232730Z ignoring duplicate directory "/Users/runner/work/tcm-storage-ios/tcm-storage-ios/build/Build/Products/Debug-iphonesimulator/PackageFrameworks"
2026-04-22T16:43:52.9233070Z ignoring duplicate directory "/Users/runner/work/tcm-storage-ios/tcm-storage-ios/build/Build/Products/Debug-iphonesimulator/PackageFrameworks"
2026-04-22T16:43:52.9233400Z ignoring duplicate directory "/Users/runner/work/tcm-storage-ios/tcm-storage-ios/build/Build/Products/Debug-iphonesimulator/PackageFrameworks"
2026-04-22T16:43:52.9233730Z ignoring duplicate directory "/Users/runner/work/tcm-storage-ios/tcm-storage-ios/build/Build/Products/Debug-iphonesimulator/PackageFrameworks"
2026-04-22T16:43:52.9236000Z ignoring duplicate directory "/Users/runner/work/tcm-storage-ios/tcm-storage-ios/build/Build/Products/Debug-iphonesimulator/PackageFrameworks"
2026-04-22T16:43:52.9237360Z ignoring duplicate directory "/Users/runner/work/tcm-storage-ios/tcm-storage-ios/build/Build/Products/Debug-iphonesimulator/PackageFrameworks"
2026-04-22T16:43:52.9237720Z ignoring duplicate directory "/Users/runner/work/tcm-storage-ios/tcm-storage-ios/build/Build/Products/Debug-iphonesimulator/PackageFrameworks"
2026-04-22T16:43:52.9238060Z ignoring duplicate directory "/Users/runner/work/tcm-storage-ios/tcm-storage-ios/build/Build/Products/Debug-iphonesimulator/PackageFrameworks"
2026-04-22T16:43:52.9238390Z ignoring duplicate directory "/Users/runner/work/tcm-storage-ios/tcm-storage-ios/build/Build/Products/Debug-iphonesimulator/PackageFrameworks"
2026-04-22T16:43:52.9242230Z ignoring duplicate directory "/Users/runner/work/tcm-storage-ios/tcm-storage-ios/build/Build/Products/Debug-iphonesimulator/PackageFrameworks"
2026-04-22T16:43:52.9242590Z ignoring duplicate directory "/Users/runner/work/tcm-storage-ios/tcm-storage-ios/build/Build/Products/Debug-iphonesimulator/PackageFrameworks"
2026-04-22T16:43:52.9243120Z ignoring duplicate directory "/Users/runner/work/tcm-storage-ios/tcm-storage-ios/build/Build/Products/Debug-iphonesimulator/PackageFrameworks"
2026-04-22T16:43:52.9243590Z ignoring duplicate directory "/Users/runner/work/tcm-storage-ios/tcm-storage-ios/build/Build/Products/Debug-iphonesimulator/PackageFrameworks"
2026-04-22T16:43:52.9243930Z ignoring duplicate directory "/Users/runner/work/tcm-storage-ios/tcm-storage-ios/build/Build/Products/Debug-iphonesimulator/PackageFrameworks"
2026-04-22T16:43:52.9244270Z ignoring duplicate directory "/Users/runner/work/tcm-storage-ios/tcm-storage-ios/build/Build/Products/Debug-iphonesimulator/PackageFrameworks"
2026-04-22T16:43:52.9244940Z ignoring duplicate directory "/Users/runner/work/tcm-storage-ios/tcm-storage-ios/build/Build/Products/Debug-iphonesimulator/PackageFrameworks"
2026-04-22T16:43:52.9245310Z ignoring duplicate directory "/Users/runner/work/tcm-storage-ios/tcm-storage-ios/build/Build/Products/Debug-iphonesimulator/PackageFrameworks"
2026-04-22T16:43:52.9245650Z ignoring duplicate directory "/Users/runner/work/tcm-storage-ios/tcm-storage-ios/build/Build/Products/Debug-iphonesimulator/PackageFrameworks"
2026-04-22T16:43:52.9245980Z ignoring duplicate directory "/Users/runner/work/tcm-storage-ios/tcm-storage-ios/build/Build/Products/Debug-iphonesimulator/PackageFrameworks"
2026-04-22T16:43:52.9246310Z ignoring duplicate directory "/Users/runner/work/tcm-storage-ios/tcm-storage-ios/build/Build/Products/Debug-iphonesimulator/PackageFrameworks"
2026-04-22T16:43:52.9246640Z ignoring duplicate directory "/Users/runner/work/tcm-storage-ios/tcm-storage-ios/build/Build/Products/Debug-iphonesimulator/PackageFrameworks"
2026-04-22T16:43:52.9247050Z ignoring duplicate directory "/Users/runner/work/tcm-storage-ios/tcm-storage-ios/build/Build/Products/Debug-iphonesimulator/PackageFrameworks"
2026-04-22T16:43:52.9247430Z ignoring duplicate directory "/Users/runner/work/tcm-storage-ios/tcm-storage-ios/build/Build/Products/Debug-iphonesimulator/PackageFrameworks"
2026-04-22T16:43:52.9247770Z ignoring duplicate directory "/Users/runner/work/tcm-storage-ios/tcm-storage-ios/build/Build/Products/Debug-iphonesimulator/PackageFrameworks"
2026-04-22T16:43:52.9248110Z ignoring duplicate directory "/Users/runner/work/tcm-storage-ios/tcm-storage-ios/build/Build/Products/Debug-iphonesimulator/PackageFrameworks"
2026-04-22T16:43:52.9248440Z ignoring duplicate directory "/Users/runner/work/tcm-storage-ios/tcm-storage-ios/build/Build/Products/Debug-iphonesimulator/PackageFrameworks"
2026-04-22T16:43:52.9250080Z ignoring duplicate directory "/Users/runner/work/tcm-storage-ios/tcm-storage-ios/build/Build/Products/Debug-iphonesimulator/PackageFrameworks"
2026-04-22T16:43:52.9250440Z ignoring duplicate directory "/Users/runner/work/tcm-storage-ios/tcm-storage-ios/build/Build/Products/Debug-iphonesimulator/PackageFrameworks"
2026-04-22T16:43:52.9250780Z ignoring duplicate directory "/Users/runner/work/tcm-storage-ios/tcm-storage-ios/build/Build/Products/Debug-iphonesimulator/PackageFrameworks"
2026-04-22T16:43:52.9251250Z ignoring duplicate directory "/Users/runner/work/tcm-storage-ios/tcm-storage-ios/build/Build/Products/Debug-iphonesimulator/PackageFrameworks"
2026-04-22T16:43:52.9251590Z ignoring duplicate directory "/Users/runner/work/tcm-storage-ios/tcm-storage-ios/build/Build/Products/Debug-iphonesimulator/PackageFrameworks"
2026-04-22T16:43:52.9251910Z ignoring duplicate directory "/Users/runner/work/tcm-storage-ios/tcm-storage-ios/build/Build/Products/Debug-iphonesimulator/PackageFrameworks"
2026-04-22T16:43:52.9253230Z ignoring duplicate directory "/Users/runner/work/tcm-storage-ios/tcm-storage-ios/build/Build/Products/Debug-iphonesimulator/PackageFrameworks"
2026-04-22T16:43:52.9253720Z ignoring duplicate directory "/Users/runner/work/tcm-storage-ios/tcm-storage-ios/build/Build/Products/Debug-iphonesimulator/PackageFrameworks"
2026-04-22T16:43:52.9254060Z ignoring duplicate directory "/Users/runner/work/tcm-storage-ios/tcm-storage-ios/build/Build/Products/Debug-iphonesimulator/PackageFrameworks"
2026-04-22T16:43:52.9254670Z ignoring duplicate directory "/Users/runner/work/tcm-storage-ios/tcm-storage-ios/build/Build/Products/Debug-iphonesimulator/PackageFrameworks"
2026-04-22T16:43:52.9255410Z ignoring duplicate directory "/Users/runner/work/tcm-storage-ios/tcm-storage-ios/build/Build/Products/Debug-iphonesimulator/PackageFrameworks"
2026-04-22T16:43:52.9256230Z ignoring duplicate directory "/Users/runner/work/tcm-storage-ios/tcm-storage-ios/build/Build/Products/Debug-iphonesimulator/PackageFrameworks"
2026-04-22T16:43:52.9256660Z ignoring duplicate directory "/Users/runner/work/tcm-storage-ios/tcm-storage-ios/build/Build/Products/Debug-iphonesimulator/PackageFrameworks"
2026-04-22T16:43:52.9257000Z ignoring duplicate directory "/Users/runner/work/tcm-storage-ios/tcm-storage-ios/build/Build/Products/Debug-iphonesimulator/PackageFrameworks"
2026-04-22T16:43:52.9257060Z #include "..." search starts here:
2026-04-22T16:43:52.9257500Z  /Users/runner/work/tcm-storage-ios/tcm-storage-ios/build/Build/Intermediates.noindex/Nextcloud.build/Debug-iphonesimulator/Share.build/Share-generated-files.hmap (headermap)
2026-04-22T16:43:52.9257950Z  /Users/runner/work/tcm-storage-ios/tcm-storage-ios/build/Build/Intermediates.noindex/Nextcloud.build/Debug-iphonesimulator/Share.build/Share-project-headers.hmap (headermap)
2026-04-22T16:43:52.9258010Z #include <...> search starts here:
2026-04-22T16:43:52.9259530Z  /Users/runner/work/tcm-storage-ios/tcm-storage-ios/build/Build/Intermediates.noindex/Nextcloud.build/Debug-iphonesimulator/Share.build/Share-own-target-headers.hmap (headermap)
2026-04-22T16:43:52.9260040Z  /Users/runner/work/tcm-storage-ios/tcm-storage-ios/build/Build/Intermediates.noindex/Nextcloud.build/Debug-iphonesimulator/Share.build/Share-all-non-framework-target-headers.hmap (headermap)
2026-04-22T16:43:52.9260260Z  /Users/runner/work/tcm-storage-ios/tcm-storage-ios/build/SourcePackages/checkouts/realm-core/src
2026-04-22T16:43:52.9260500Z  /Users/runner/work/tcm-storage-ios/tcm-storage-ios/build/SourcePackages/checkouts/realm-core/src/external/s2
2026-04-22T16:43:52.9260830Z  /Users/runner/work/tcm-storage-ios/tcm-storage-ios/build/SourcePackages/checkouts/realm-core/src/external/IntelRDFPMathLib20U2/LIBRARY/src
2026-04-22T16:43:52.9261050Z  /Users/runner/work/tcm-storage-ios/tcm-storage-ios/build/SourcePackages/checkouts/realm-core/src/spm
2026-04-22T16:43:52.9261260Z  /Users/runner/work/tcm-storage-ios/tcm-storage-ios/build/SourcePackages/checkouts/realm-swift/include
2026-04-22T16:43:52.9262140Z  /Users/runner/work/tcm-storage-ios/tcm-storage-ios/build/SourcePackages/checkouts/swift-atomics/Sources/_AtomicsShims/include
2026-04-22T16:43:52.9262440Z  /Users/runner/work/tcm-storage-ios/tcm-storage-ios/build/SourcePackages/checkouts/swift-nio/Sources/CNIOPosix/include
2026-04-22T16:43:52.9262880Z  /Users/runner/work/tcm-storage-ios/tcm-storage-ios/build/SourcePackages/checkouts/swift-nio/Sources/CNIOWASI/include
2026-04-22T16:43:52.9263300Z  /Users/runner/work/tcm-storage-ios/tcm-storage-ios/build/SourcePackages/checkouts/swift-nio/Sources/CNIOWindows/include
2026-04-22T16:43:52.9263570Z  /Users/runner/work/tcm-storage-ios/tcm-storage-ios/build/SourcePackages/checkouts/swift-nio/Sources/CNIOLinux/include
2026-04-22T16:43:52.9263840Z  /Users/runner/work/tcm-storage-ios/tcm-storage-ios/build/SourcePackages/checkouts/swift-nio/Sources/CNIODarwin/include
2026-04-22T16:43:52.9264300Z  /Users/runner/work/tcm-storage-ios/tcm-storage-ios/build/SourcePackages/checkouts/swift-nio/Sources/CNIOOpenBSD/include
2026-04-22T16:43:52.9264620Z  /Users/runner/work/tcm-storage-ios/tcm-storage-ios/build/SourcePackages/checkouts/swift-nio/Sources/CNIOAtomics/include
2026-04-22T16:43:52.9265330Z  /Users/runner/work/tcm-storage-ios/tcm-storage-ios/build/SourcePackages/checkouts/swift-nio-ssl/Sources/CNIOBoringSSLShims/include
2026-04-22T16:43:52.9266130Z  /Users/runner/work/tcm-storage-ios/tcm-storage-ios/build/SourcePackages/checkouts/swift-nio-ssl/Sources/CNIOBoringSSL/include
2026-04-22T16:43:52.9266670Z  /Users/runner/work/tcm-storage-ios/tcm-storage-ios/build/SourcePackages/checkouts/GzipSwift/Sources/system-zlib/include
2026-04-22T16:43:52.9267230Z  /Users/runner/work/tcm-storage-ios/tcm-storage-ios/build/Build/Intermediates.noindex/Nextcloud.build/Debug-iphonesimulator/Share.build/DerivedSources
2026-04-22T16:43:52.9267550Z  /Users/runner/work/tcm-storage-ios/tcm-storage-ios/build/Build/Products/Debug-iphonesimulator/PackageFrameworks (framework directory)
2026-04-22T16:43:52.9267820Z  /Users/runner/work/tcm-storage-ios/tcm-storage-ios/build/Build/Products/Debug-iphonesimulator (framework directory)
2026-04-22T16:43:52.9268250Z  /Applications/Xcode_26.2.app/Contents/Developer/Platforms/iPhoneSimulator.platform/Developer/Library/Frameworks (framework directory)
2026-04-22T16:43:52.9268720Z  /Applications/Xcode_26.2.app/Contents/Developer/Platforms/iPhoneSimulator.platform/Developer/SDKs/iPhoneSimulator26.2.sdk/Developer/Library/Frameworks (framework directory)
2026-04-22T16:43:52.9268970Z  /Applications/Xcode_26.2.app/Contents/Developer/Toolchains/XcodeDefault.xctoolchain/usr/lib/clang/17/include
2026-04-22T16:43:52.9269310Z  /Applications/Xcode_26.2.app/Contents/Developer/Platforms/iPhoneSimulator.platform/Developer/SDKs/iPhoneSimulator26.2.sdk/usr/include
2026-04-22T16:43:52.9269520Z  /Applications/Xcode_26.2.app/Contents/Developer/Toolchains/XcodeDefault.xctoolchain/usr/include
2026-04-22T16:43:52.9270050Z  /Applications/Xcode_26.2.app/Contents/Developer/Platforms/iPhoneSimulator.platform/Developer/SDKs/iPhoneSimulator26.2.sdk/System/Library/Frameworks (framework directory)
2026-04-22T16:43:52.9270620Z  /Applications/Xcode_26.2.app/Contents/Developer/Platforms/iPhoneSimulator.platform/Developer/SDKs/iPhoneSimulator26.2.sdk/System/Library/SubFrameworks (framework directory)
2026-04-22T16:43:52.9270680Z End of search list.
2026-04-22T16:43:52.9270980Z clang -cc1 version 17.0.0 (clang-1700.6.3.2) default target arm64-apple-darwin24.6.0
2026-04-22T16:43:52.9278140Z ignoring nonexistent directory "/Users/runner/work/tcm-storage-ios/tcm-storage-ios/build/Build/Products/Debug-iphonesimulator/include"
2026-04-22T16:43:52.9278750Z ignoring nonexistent directory "/Users/runner/work/tcm-storage-ios/tcm-storage-ios/build/Build/Intermediates.noindex/Nextcloud.build/Debug-iphonesimulator/Share.build/DerivedSources-normal/arm64"
2026-04-22T16:43:52.9279310Z ignoring nonexistent directory "/Users/runner/work/tcm-storage-ios/tcm-storage-ios/build/Build/Intermediates.noindex/Nextcloud.build/Debug-iphonesimulator/Share.build/DerivedSources/arm64"
2026-04-22T16:43:52.9279780Z ignoring nonexistent directory "/Applications/Xcode_26.2.app/Contents/Developer/Platforms/iPhoneSimulator.platform/Developer/SDKs/iPhoneSimulator26.2.sdk/usr/local/include"
2026-04-22T16:43:52.9280260Z ignoring nonexistent directory "/Applications/Xcode_26.2.app/Contents/Developer/Platforms/iPhoneSimulator.platform/Developer/SDKs/iPhoneSimulator26.2.sdk/Library/Frameworks"
2026-04-22T16:43:52.9280640Z ignoring duplicate directory "/Users/runner/work/tcm-storage-ios/tcm-storage-ios/build/Build/Products/Debug-iphonesimulator/PackageFrameworks"
2026-04-22T16:43:52.9281030Z ignoring duplicate directory "/Users/runner/work/tcm-storage-ios/tcm-storage-ios/build/Build/Products/Debug-iphonesimulator/PackageFrameworks"
2026-04-22T16:43:52.9281430Z ignoring duplicate directory "/Users/runner/work/tcm-storage-ios/tcm-storage-ios/build/Build/Products/Debug-iphonesimulator/PackageFrameworks"
2026-04-22T16:43:52.9281800Z ignoring duplicate directory "/Users/runner/work/tcm-storage-ios/tcm-storage-ios/build/Build/Products/Debug-iphonesimulator/PackageFrameworks"
2026-04-22T16:43:52.9282140Z ignoring duplicate directory "/Users/runner/work/tcm-storage-ios/tcm-storage-ios/build/Build/Products/Debug-iphonesimulator/PackageFrameworks"
2026-04-22T16:43:52.9282500Z ignoring duplicate directory "/Users/runner/work/tcm-storage-ios/tcm-storage-ios/build/Build/Products/Debug-iphonesimulator/PackageFrameworks"
2026-04-22T16:43:52.9282830Z ignoring duplicate directory "/Users/runner/work/tcm-storage-ios/tcm-storage-ios/build/Build/Products/Debug-iphonesimulator/PackageFrameworks"
2026-04-22T16:43:52.9283390Z ignoring duplicate directory "/Users/runner/work/tcm-storage-ios/tcm-storage-ios/build/Build/Products/Debug-iphonesimulator/PackageFrameworks"
2026-04-22T16:43:52.9283850Z ignoring duplicate directory "/Users/runner/work/tcm-storage-ios/tcm-storage-ios/build/Build/Products/Debug-iphonesimulator/PackageFrameworks"
2026-04-22T16:43:52.9284190Z ignoring duplicate directory "/Users/runner/work/tcm-storage-ios/tcm-storage-ios/build/Build/Products/Debug-iphonesimulator/PackageFrameworks"
2026-04-22T16:43:52.9284530Z ignoring duplicate directory "/Users/runner/work/tcm-storage-ios/tcm-storage-ios/build/Build/Products/Debug-iphonesimulator/PackageFrameworks"
2026-04-22T16:43:52.9284860Z ignoring duplicate directory "/Users/runner/work/tcm-storage-ios/tcm-storage-ios/build/Build/Products/Debug-iphonesimulator/PackageFrameworks"
2026-04-22T16:43:52.9285190Z ignoring duplicate directory "/Users/runner/work/tcm-storage-ios/tcm-storage-ios/build/Build/Products/Debug-iphonesimulator/PackageFrameworks"
2026-04-22T16:43:52.9285520Z ignoring duplicate directory "/Users/runner/work/tcm-storage-ios/tcm-storage-ios/build/Build/Products/Debug-iphonesimulator/PackageFrameworks"
2026-04-22T16:43:52.9285850Z ignoring duplicate directory "/Users/runner/work/tcm-storage-ios/tcm-storage-ios/build/Build/Products/Debug-iphonesimulator/PackageFrameworks"
2026-04-22T16:43:52.9286180Z ignoring duplicate directory "/Users/runner/work/tcm-storage-ios/tcm-storage-ios/build/Build/Products/Debug-iphonesimulator/PackageFrameworks"
2026-04-22T16:43:52.9286510Z ignoring duplicate directory "/Users/runner/work/tcm-storage-ios/tcm-storage-ios/build/Build/Products/Debug-iphonesimulator/PackageFrameworks"
2026-04-22T16:43:52.9287000Z ignoring duplicate directory "/Users/runner/work/tcm-storage-ios/tcm-storage-ios/build/Build/Products/Debug-iphonesimulator/PackageFrameworks"
2026-04-22T16:43:52.9287340Z ignoring duplicate directory "/Users/runner/work/tcm-storage-ios/tcm-storage-ios/build/Build/Products/Debug-iphonesimulator/PackageFrameworks"
2026-04-22T16:43:52.9287690Z ignoring duplicate directory "/Users/runner/work/tcm-storage-ios/tcm-storage-ios/build/Build/Products/Debug-iphonesimulator/PackageFrameworks"
2026-04-22T16:43:52.9288020Z ignoring duplicate directory "/Users/runner/work/tcm-storage-ios/tcm-storage-ios/build/Build/Products/Debug-iphonesimulator/PackageFrameworks"
2026-04-22T16:43:52.9288350Z ignoring duplicate directory "/Users/runner/work/tcm-storage-ios/tcm-storage-ios/build/Build/Products/Debug-iphonesimulator/PackageFrameworks"
2026-04-22T16:43:52.9288690Z ignoring duplicate directory "/Users/runner/work/tcm-storage-ios/tcm-storage-ios/build/Build/Products/Debug-iphonesimulator/PackageFrameworks"
2026-04-22T16:43:52.9289020Z ignoring duplicate directory "/Users/runner/work/tcm-storage-ios/tcm-storage-ios/build/Build/Products/Debug-iphonesimulator/PackageFrameworks"
2026-04-22T16:43:52.9289340Z ignoring duplicate directory "/Users/runner/work/tcm-storage-ios/tcm-storage-ios/build/Build/Products/Debug-iphonesimulator/PackageFrameworks"
2026-04-22T16:43:52.9289670Z ignoring duplicate directory "/Users/runner/work/tcm-storage-ios/tcm-storage-ios/build/Build/Products/Debug-iphonesimulator/PackageFrameworks"
2026-04-22T16:43:52.9290000Z ignoring duplicate directory "/Users/runner/work/tcm-storage-ios/tcm-storage-ios/build/Build/Products/Debug-iphonesimulator/PackageFrameworks"
2026-04-22T16:43:52.9290330Z ignoring duplicate directory "/Users/runner/work/tcm-storage-ios/tcm-storage-ios/build/Build/Products/Debug-iphonesimulator/PackageFrameworks"
2026-04-22T16:43:52.9290670Z ignoring duplicate directory "/Users/runner/work/tcm-storage-ios/tcm-storage-ios/build/Build/Products/Debug-iphonesimulator/PackageFrameworks"
2026-04-22T16:43:52.9291010Z ignoring duplicate directory "/Users/runner/work/tcm-storage-ios/tcm-storage-ios/build/Build/Products/Debug-iphonesimulator/PackageFrameworks"
2026-04-22T16:43:52.9291370Z ignoring duplicate directory "/Users/runner/work/tcm-storage-ios/tcm-storage-ios/build/Build/Products/Debug-iphonesimulator/PackageFrameworks"
2026-04-22T16:43:52.9291960Z ignoring duplicate directory "/Users/runner/work/tcm-storage-ios/tcm-storage-ios/build/Build/Products/Debug-iphonesimulator/PackageFrameworks"
2026-04-22T16:43:52.9292320Z ignoring duplicate directory "/Users/runner/work/tcm-storage-ios/tcm-storage-ios/build/Build/Products/Debug-iphonesimulator/PackageFrameworks"
2026-04-22T16:43:52.9292650Z ignoring duplicate directory "/Users/runner/work/tcm-storage-ios/tcm-storage-ios/build/Build/Products/Debug-iphonesimulator/PackageFrameworks"
2026-04-22T16:43:52.9292970Z ignoring duplicate directory "/Users/runner/work/tcm-storage-ios/tcm-storage-ios/build/Build/Products/Debug-iphonesimulator/PackageFrameworks"
2026-04-22T16:43:52.9293300Z ignoring duplicate directory "/Users/runner/work/tcm-storage-ios/tcm-storage-ios/build/Build/Products/Debug-iphonesimulator/PackageFrameworks"
2026-04-22T16:43:52.9293650Z ignoring duplicate directory "/Users/runner/work/tcm-storage-ios/tcm-storage-ios/build/Build/Products/Debug-iphonesimulator/PackageFrameworks"
2026-04-22T16:43:52.9293990Z ignoring duplicate directory "/Users/runner/work/tcm-storage-ios/tcm-storage-ios/build/Build/Products/Debug-iphonesimulator/PackageFrameworks"
2026-04-22T16:43:52.9294340Z ignoring duplicate directory "/Users/runner/work/tcm-storage-ios/tcm-storage-ios/build/Build/Products/Debug-iphonesimulator/PackageFrameworks"
2026-04-22T16:43:52.9294660Z ignoring duplicate directory "/Users/runner/work/tcm-storage-ios/tcm-storage-ios/build/Build/Products/Debug-iphonesimulator/PackageFrameworks"
2026-04-22T16:43:52.9294730Z #include "..." search starts here:
2026-04-22T16:43:52.9295170Z  /Users/runner/work/tcm-storage-ios/tcm-storage-ios/build/Build/Intermediates.noindex/Nextcloud.build/Debug-iphonesimulator/Share.build/Share-generated-files.hmap (headermap)
2026-04-22T16:43:52.9295630Z  /Users/runner/work/tcm-storage-ios/tcm-storage-ios/build/Build/Intermediates.noindex/Nextcloud.build/Debug-iphonesimulator/Share.build/Share-project-headers.hmap (headermap)
2026-04-22T16:43:52.9295690Z #include <...> search starts here:
2026-04-22T16:43:52.9296330Z  /Users/runner/work/tcm-storage-ios/tcm-storage-ios/build/Build/Intermediates.noindex/Nextcloud.build/Debug-iphonesimulator/Share.build/Share-own-target-headers.hmap (headermap)
2026-04-22T16:43:52.9298060Z  /Users/runner/work/tcm-storage-ios/tcm-storage-ios/build/Build/Intermediates.noindex/Nextcloud.build/Debug-iphonesimulator/Share.build/Share-all-non-framework-target-headers.hmap (headermap)
2026-04-22T16:43:52.9298350Z  /Users/runner/work/tcm-storage-ios/tcm-storage-ios/build/SourcePackages/checkouts/realm-core/src
2026-04-22T16:43:52.9298620Z  /Users/runner/work/tcm-storage-ios/tcm-storage-ios/build/SourcePackages/checkouts/realm-core/src/external/s2
2026-04-22T16:43:52.9298950Z  /Users/runner/work/tcm-storage-ios/tcm-storage-ios/build/SourcePackages/checkouts/realm-core/src/external/IntelRDFPMathLib20U2/LIBRARY/src
2026-04-22T16:43:52.9299210Z  /Users/runner/work/tcm-storage-ios/tcm-storage-ios/build/SourcePackages/checkouts/realm-core/src/spm
2026-04-22T16:43:52.9299460Z  /Users/runner/work/tcm-storage-ios/tcm-storage-ios/build/SourcePackages/checkouts/realm-swift/include
2026-04-22T16:43:52.9299780Z  /Users/runner/work/tcm-storage-ios/tcm-storage-ios/build/SourcePackages/checkouts/swift-atomics/Sources/_AtomicsShims/include
2026-04-22T16:43:52.9300550Z  /Users/runner/work/tcm-storage-ios/tcm-storage-ios/build/SourcePackages/checkouts/swift-nio/Sources/CNIOPosix/include
2026-04-22T16:43:52.9300890Z  /Users/runner/work/tcm-storage-ios/tcm-storage-ios/build/SourcePackages/checkouts/swift-nio/Sources/CNIOWASI/include
2026-04-22T16:43:52.9301170Z  /Users/runner/work/tcm-storage-ios/tcm-storage-ios/build/SourcePackages/checkouts/swift-nio/Sources/CNIOWindows/include
2026-04-22T16:43:52.9301490Z  /Users/runner/work/tcm-storage-ios/tcm-storage-ios/build/SourcePackages/checkouts/swift-nio/Sources/CNIOLinux/include
2026-04-22T16:43:52.9302030Z  /Users/runner/work/tcm-storage-ios/tcm-storage-ios/build/SourcePackages/checkouts/swift-nio/Sources/CNIODarwin/include
2026-04-22T16:43:52.9302480Z  /Users/runner/work/tcm-storage-ios/tcm-storage-ios/build/SourcePackages/checkouts/swift-nio/Sources/CNIOOpenBSD/include
2026-04-22T16:43:52.9302790Z  /Users/runner/work/tcm-storage-ios/tcm-storage-ios/build/SourcePackages/checkouts/swift-nio/Sources/CNIOAtomics/include
2026-04-22T16:43:52.9303110Z  /Users/runner/work/tcm-storage-ios/tcm-storage-ios/build/SourcePackages/checkouts/swift-nio-ssl/Sources/CNIOBoringSSLShims/include
2026-04-22T16:43:52.9303920Z  /Users/runner/work/tcm-storage-ios/tcm-storage-ios/build/SourcePackages/checkouts/swift-nio-ssl/Sources/CNIOBoringSSL/include
2026-04-22T16:43:52.9304220Z  /Users/runner/work/tcm-storage-ios/tcm-storage-ios/build/SourcePackages/checkouts/GzipSwift/Sources/system-zlib/include
2026-04-22T16:43:52.9304590Z  /Users/runner/work/tcm-storage-ios/tcm-storage-ios/build/Build/Intermediates.noindex/Nextcloud.build/Debug-iphonesimulator/Share.build/DerivedSources
2026-04-22T16:43:52.9304920Z  /Users/runner/work/tcm-storage-ios/tcm-storage-ios/build/Build/Products/Debug-iphonesimulator/PackageFrameworks (framework directory)
2026-04-22T16:43:52.9305190Z  /Users/runner/work/tcm-storage-ios/tcm-storage-ios/build/Build/Products/Debug-iphonesimulator (framework directory)
2026-04-22T16:43:52.9305580Z  /Applications/Xcode_26.2.app/Contents/Developer/Platforms/iPhoneSimulator.platform/Developer/Library/Frameworks (framework directory)
2026-04-22T16:43:52.9306030Z  /Applications/Xcode_26.2.app/Contents/Developer/Platforms/iPhoneSimulator.platform/Developer/SDKs/iPhoneSimulator26.2.sdk/Developer/Library/Frameworks (framework directory)
2026-04-22T16:43:52.9306270Z  /Applications/Xcode_26.2.app/Contents/Developer/Toolchains/XcodeDefault.xctoolchain/usr/lib/clang/17/include
2026-04-22T16:43:52.9306590Z  /Applications/Xcode_26.2.app/Contents/Developer/Platforms/iPhoneSimulator.platform/Developer/SDKs/iPhoneSimulator26.2.sdk/usr/include
2026-04-22T16:43:52.9306800Z  /Applications/Xcode_26.2.app/Contents/Developer/Toolchains/XcodeDefault.xctoolchain/usr/include
2026-04-22T16:43:52.9307210Z  /Applications/Xcode_26.2.app/Contents/Developer/Platforms/iPhoneSimulator.platform/Developer/SDKs/iPhoneSimulator26.2.sdk/System/Library/Frameworks (framework directory)
2026-04-22T16:43:52.9307650Z  /Applications/Xcode_26.2.app/Contents/Developer/Platforms/iPhoneSimulator.platform/Developer/SDKs/iPhoneSimulator26.2.sdk/System/Library/SubFrameworks (framework directory)
2026-04-22T16:43:52.9307710Z End of search list.
2026-04-22T16:43:52.9410370Z Apple clang version 17.0.0 (clang-1700.6.3.2)
2026-04-22T16:43:52.9514710Z Target: arm64-apple-ios17.0-simulator
2026-04-22T16:43:52.9617710Z Thread model: posix
2026-04-22T16:43:52.9719180Z InstalledDir: /Applications/Xcode_26.2.app/Contents/Developer/Toolchains/XcodeDefault.xctoolchain/usr/bin
2026-04-22T16:43:52.9820390Z clang -cc1 version 17.0.0 (clang-1700.6.3.2) default target arm64-apple-darwin24.6.0
2026-04-22T16:43:52.9922720Z ignoring nonexistent directory "/Users/runner/work/tcm-storage-ios/tcm-storage-ios/build/Build/Products/Debug-iphonesimulator/include"
2026-04-22T16:43:53.0026020Z ignoring nonexistent directory "/Users/runner/work/tcm-storage-ios/tcm-storage-ios/build/Build/Intermediates.noindex/Nextcloud.build/Debug-iphonesimulator/Share.build/DerivedSources-normal/arm64"
2026-04-22T16:43:53.0130710Z ignoring nonexistent directory "/Users/runner/work/tcm-storage-ios/tcm-storage-ios/build/Build/Intermediates.noindex/Nextcloud.build/Debug-iphonesimulator/Share.build/DerivedSources/arm64"
2026-04-22T16:43:53.0238700Z ignoring nonexistent directory "/Applications/Xcode_26.2.app/Contents/Developer/Platforms/iPhoneSimulator.platform/Developer/SDKs/iPhoneSimulator26.2.sdk/usr/local/include"
2026-04-22T16:43:53.0340160Z ignoring nonexistent directory "/Applications/Xcode_26.2.app/Contents/Developer/Platforms/iPhoneSimulator.platform/Developer/SDKs/iPhoneSimulator26.2.sdk/Library/Frameworks"
2026-04-22T16:43:53.0440740Z ignoring duplicate directory "/Users/runner/work/tcm-storage-ios/tcm-storage-ios/build/Build/Products/Debug-iphonesimulator/PackageFrameworks"
2026-04-22T16:43:53.0541710Z ignoring duplicate directory "/Users/runner/work/tcm-storage-ios/tcm-storage-ios/build/Build/Products/Debug-iphonesimulator/PackageFrameworks"
2026-04-22T16:43:53.0641760Z ignoring duplicate directory "/Users/runner/work/tcm-storage-ios/tcm-storage-ios/build/Build/Products/Debug-iphonesimulator/PackageFrameworks"
2026-04-22T16:43:53.0742470Z ignoring duplicate directory "/Users/runner/work/tcm-storage-ios/tcm-storage-ios/build/Build/Products/Debug-iphonesimulator/PackageFrameworks"
2026-04-22T16:43:53.0843760Z ignoring duplicate directory "/Users/runner/work/tcm-storage-ios/tcm-storage-ios/build/Build/Products/Debug-iphonesimulator/PackageFrameworks"
2026-04-22T16:43:53.0945100Z ignoring duplicate directory "/Users/runner/work/tcm-storage-ios/tcm-storage-ios/build/Build/Products/Debug-iphonesimulator/PackageFrameworks"
2026-04-22T16:43:53.0945540Z ignoring duplicate directory "/Users/runner/work/tcm-storage-ios/tcm-storage-ios/build/Build/Products/Debug-iphonesimulator/PackageFrameworks"
2026-04-22T16:43:53.1047340Z ignoring duplicate directory "/Users/runner/work/tcm-storage-ios/tcm-storage-ios/build/Build/Products/Debug-iphonesimulator/PackageFrameworks"
2026-04-22T16:43:53.1148540Z ignoring duplicate directory "/Users/runner/work/tcm-storage-ios/tcm-storage-ios/build/Build/Products/Debug-iphonesimulator/PackageFrameworks"
2026-04-22T16:43:53.1249680Z ignoring duplicate directory "/Users/runner/work/tcm-storage-ios/tcm-storage-ios/build/Build/Products/Debug-iphonesimulator/PackageFrameworks"
2026-04-22T16:43:53.1351050Z ignoring duplicate directory "/Users/runner/work/tcm-storage-ios/tcm-storage-ios/build/Build/Products/Debug-iphonesimulator/PackageFrameworks"
2026-04-22T16:43:53.1452100Z ignoring duplicate directory "/Users/runner/work/tcm-storage-ios/tcm-storage-ios/build/Build/Products/Debug-iphonesimulator/PackageFrameworks"
2026-04-22T16:43:53.1475970Z ignoring duplicate directory "/Users/runner/work/tcm-storage-ios/tcm-storage-ios/build/Build/Products/Debug-iphonesimulator/PackageFrameworks"
2026-04-22T16:43:53.1476490Z ignoring duplicate directory "/Users/runner/work/tcm-storage-ios/tcm-storage-ios/build/Build/Products/Debug-iphonesimulator/PackageFrameworks"
2026-04-22T16:43:53.1477000Z ignoring duplicate directory "/Users/runner/work/tcm-storage-ios/tcm-storage-ios/build/Build/Products/Debug-iphonesimulator/PackageFrameworks"
2026-04-22T16:43:53.1477470Z ignoring duplicate directory "/Users/runner/work/tcm-storage-ios/tcm-storage-ios/build/Build/Products/Debug-iphonesimulator/PackageFrameworks"
2026-04-22T16:43:53.1477900Z ignoring duplicate directory "/Users/runner/work/tcm-storage-ios/tcm-storage-ios/build/Build/Products/Debug-iphonesimulator/PackageFrameworks"
2026-04-22T16:43:53.1478330Z ignoring duplicate directory "/Users/runner/work/tcm-storage-ios/tcm-storage-ios/build/Build/Products/Debug-iphonesimulator/PackageFrameworks"
2026-04-22T16:43:53.1478780Z ignoring duplicate directory "/Users/runner/work/tcm-storage-ios/tcm-storage-ios/build/Build/Products/Debug-iphonesimulator/PackageFrameworks"
2026-04-22T16:43:53.1479210Z ignoring duplicate directory "/Users/runner/work/tcm-storage-ios/tcm-storage-ios/build/Build/Products/Debug-iphonesimulator/PackageFrameworks"
2026-04-22T16:43:53.1481520Z ignoring duplicate directory "/Users/runner/work/tcm-storage-ios/tcm-storage-ios/build/Build/Products/Debug-iphonesimulator/PackageFrameworks"
2026-04-22T16:43:53.1481970Z ignoring duplicate directory "/Users/runner/work/tcm-storage-ios/tcm-storage-ios/build/Build/Products/Debug-iphonesimulator/PackageFrameworks"
2026-04-22T16:43:53.1482400Z ignoring duplicate directory "/Users/runner/work/tcm-storage-ios/tcm-storage-ios/build/Build/Products/Debug-iphonesimulator/PackageFrameworks"
2026-04-22T16:43:53.1482840Z ignoring duplicate directory "/Users/runner/work/tcm-storage-ios/tcm-storage-ios/build/Build/Products/Debug-iphonesimulator/PackageFrameworks"
2026-04-22T16:43:53.1483530Z ignoring duplicate directory "/Users/runner/work/tcm-storage-ios/tcm-storage-ios/build/Build/Products/Debug-iphonesimulator/PackageFrameworks"
2026-04-22T16:43:53.1484120Z ignoring duplicate directory "/Users/runner/work/tcm-storage-ios/tcm-storage-ios/build/Build/Products/Debug-iphonesimulator/PackageFrameworks"
2026-04-22T16:43:53.1484870Z ignoring duplicate directory "/Users/runner/work/tcm-storage-ios/tcm-storage-ios/build/Build/Products/Debug-iphonesimulator/PackageFrameworks"
2026-04-22T16:43:53.1485430Z ignoring duplicate directory "/Users/runner/work/tcm-storage-ios/tcm-storage-ios/build/Build/Products/Debug-iphonesimulator/PackageFrameworks"
2026-04-22T16:43:53.1486720Z ignoring duplicate directory "/Users/runner/work/tcm-storage-ios/tcm-storage-ios/build/Build/Products/Debug-iphonesimulator/PackageFrameworks"
2026-04-22T16:43:53.1487200Z ignoring duplicate directory "/Users/runner/work/tcm-storage-ios/tcm-storage-ios/build/Build/Products/Debug-iphonesimulator/PackageFrameworks"
2026-04-22T16:43:53.1487690Z ignoring duplicate directory "/Users/runner/work/tcm-storage-ios/tcm-storage-ios/build/Build/Products/Debug-iphonesimulator/PackageFrameworks"
2026-04-22T16:43:53.1488150Z ignoring duplicate directory "/Users/runner/work/tcm-storage-ios/tcm-storage-ios/build/Build/Products/Debug-iphonesimulator/PackageFrameworks"
2026-04-22T16:43:53.1488610Z ignoring duplicate directory "/Users/runner/work/tcm-storage-ios/tcm-storage-ios/build/Build/Products/Debug-iphonesimulator/PackageFrameworks"
2026-04-22T16:43:53.1489060Z ignoring duplicate directory "/Users/runner/work/tcm-storage-ios/tcm-storage-ios/build/Build/Products/Debug-iphonesimulator/PackageFrameworks"
2026-04-22T16:43:53.1489550Z ignoring duplicate directory "/Users/runner/work/tcm-storage-ios/tcm-storage-ios/build/Build/Products/Debug-iphonesimulator/PackageFrameworks"
2026-04-22T16:43:53.1490060Z ignoring duplicate directory "/Users/runner/work/tcm-storage-ios/tcm-storage-ios/build/Build/Products/Debug-iphonesimulator/PackageFrameworks"
2026-04-22T16:43:53.1490470Z ignoring duplicate directory "/Users/runner/work/tcm-storage-ios/tcm-storage-ios/build/Build/Products/Debug-iphonesimulator/PackageFrameworks"
2026-04-22T16:43:53.1490830Z ignoring duplicate directory "/Users/runner/work/tcm-storage-ios/tcm-storage-ios/build/Build/Products/Debug-iphonesimulator/PackageFrameworks"
2026-04-22T16:43:53.1491160Z ignoring duplicate directory "/Users/runner/work/tcm-storage-ios/tcm-storage-ios/build/Build/Products/Debug-iphonesimulator/PackageFrameworks"
2026-04-22T16:43:53.1491510Z ignoring duplicate directory "/Users/runner/work/tcm-storage-ios/tcm-storage-ios/build/Build/Products/Debug-iphonesimulator/PackageFrameworks"
2026-04-22T16:43:53.1491580Z #include "..." search starts here:
2026-04-22T16:43:53.1492050Z  /Users/runner/work/tcm-storage-ios/tcm-storage-ios/build/Build/Intermediates.noindex/Nextcloud.build/Debug-iphonesimulator/Share.build/Share-generated-files.hmap (headermap)
2026-04-22T16:43:53.1492510Z  /Users/runner/work/tcm-storage-ios/tcm-storage-ios/build/Build/Intermediates.noindex/Nextcloud.build/Debug-iphonesimulator/Share.build/Share-project-headers.hmap (headermap)
2026-04-22T16:43:53.1492570Z #include <...> search starts here:
2026-04-22T16:43:53.1493040Z  /Users/runner/work/tcm-storage-ios/tcm-storage-ios/build/Build/Intermediates.noindex/Nextcloud.build/Debug-iphonesimulator/Share.build/Share-own-target-headers.hmap (headermap)
2026-04-22T16:43:53.1493540Z  /Users/runner/work/tcm-storage-ios/tcm-storage-ios/build/Build/Intermediates.noindex/Nextcloud.build/Debug-iphonesimulator/Share.build/Share-all-non-framework-target-headers.hmap (headermap)
2026-04-22T16:43:53.1493750Z  /Users/runner/work/tcm-storage-ios/tcm-storage-ios/build/SourcePackages/checkouts/realm-core/src
2026-04-22T16:43:53.1494000Z  /Users/runner/work/tcm-storage-ios/tcm-storage-ios/build/SourcePackages/checkouts/realm-core/src/external/s2
2026-04-22T16:43:53.1494340Z  /Users/runner/work/tcm-storage-ios/tcm-storage-ios/build/SourcePackages/checkouts/realm-core/src/external/IntelRDFPMathLib20U2/LIBRARY/src
2026-04-22T16:43:53.1494720Z  /Users/runner/work/tcm-storage-ios/tcm-storage-ios/build/SourcePackages/checkouts/realm-core/src/spm
2026-04-22T16:43:53.1495050Z  /Users/runner/work/tcm-storage-ios/tcm-storage-ios/build/SourcePackages/checkouts/realm-swift/include
2026-04-22T16:43:53.1495380Z  /Users/runner/work/tcm-storage-ios/tcm-storage-ios/build/SourcePackages/checkouts/swift-atomics/Sources/_AtomicsShims/include
2026-04-22T16:43:53.1500820Z  /Users/runner/work/tcm-storage-ios/tcm-storage-ios/build/SourcePackages/checkouts/swift-nio/Sources/CNIOPosix/include
2026-04-22T16:43:53.1501270Z  /Users/runner/work/tcm-storage-ios/tcm-storage-ios/build/SourcePackages/checkouts/swift-nio/Sources/CNIOWASI/include
2026-04-22T16:43:53.1501700Z  /Users/runner/work/tcm-storage-ios/tcm-storage-ios/build/SourcePackages/checkouts/swift-nio/Sources/CNIOWindows/include
2026-04-22T16:43:53.1502520Z  /Users/runner/work/tcm-storage-ios/tcm-storage-ios/build/SourcePackages/checkouts/swift-nio/Sources/CNIOLinux/include
2026-04-22T16:43:53.1502860Z  /Users/runner/work/tcm-storage-ios/tcm-storage-ios/build/SourcePackages/checkouts/swift-nio/Sources/CNIODarwin/include
2026-04-22T16:43:53.1503140Z  /Users/runner/work/tcm-storage-ios/tcm-storage-ios/build/SourcePackages/checkouts/swift-nio/Sources/CNIOOpenBSD/include
2026-04-22T16:43:53.1503420Z  /Users/runner/work/tcm-storage-ios/tcm-storage-ios/build/SourcePackages/checkouts/swift-nio/Sources/CNIOAtomics/include
2026-04-22T16:43:53.1503730Z  /Users/runner/work/tcm-storage-ios/tcm-storage-ios/build/SourcePackages/checkouts/swift-nio-ssl/Sources/CNIOBoringSSLShims/include
2026-04-22T16:43:53.1504210Z  /Users/runner/work/tcm-storage-ios/tcm-storage-ios/build/SourcePackages/checkouts/swift-nio-ssl/Sources/CNIOBoringSSL/include
2026-04-22T16:43:53.1504510Z  /Users/runner/work/tcm-storage-ios/tcm-storage-ios/build/SourcePackages/checkouts/GzipSwift/Sources/system-zlib/include
2026-04-22T16:43:53.1504880Z  /Users/runner/work/tcm-storage-ios/tcm-storage-ios/build/Build/Intermediates.noindex/Nextcloud.build/Debug-iphonesimulator/Share.build/DerivedSources
2026-04-22T16:43:53.1505210Z  /Users/runner/work/tcm-storage-ios/tcm-storage-ios/build/Build/Products/Debug-iphonesimulator/PackageFrameworks (framework directory)
2026-04-22T16:43:53.1505490Z  /Users/runner/work/tcm-storage-ios/tcm-storage-ios/build/Build/Products/Debug-iphonesimulator (framework directory)
2026-04-22T16:43:53.1505810Z  /Applications/Xcode_26.2.app/Contents/Developer/Platforms/iPhoneSimulator.platform/Developer/Library/Frameworks (framework directory)
2026-04-22T16:43:53.1506230Z  /Applications/Xcode_26.2.app/Contents/Developer/Platforms/iPhoneSimulator.platform/Developer/SDKs/iPhoneSimulator26.2.sdk/Developer/Library/Frameworks (framework directory)
2026-04-22T16:43:53.1506480Z  /Applications/Xcode_26.2.app/Contents/Developer/Toolchains/XcodeDefault.xctoolchain/usr/lib/clang/17/include
2026-04-22T16:43:53.1506790Z  /Applications/Xcode_26.2.app/Contents/Developer/Platforms/iPhoneSimulator.platform/Developer/SDKs/iPhoneSimulator26.2.sdk/usr/include
2026-04-22T16:43:53.1507000Z  /Applications/Xcode_26.2.app/Contents/Developer/Toolchains/XcodeDefault.xctoolchain/usr/include
2026-04-22T16:43:53.1507420Z  /Applications/Xcode_26.2.app/Contents/Developer/Platforms/iPhoneSimulator.platform/Developer/SDKs/iPhoneSimulator26.2.sdk/System/Library/Frameworks (framework directory)
2026-04-22T16:43:53.1507830Z  /Applications/Xcode_26.2.app/Contents/Developer/Platforms/iPhoneSimulator.platform/Developer/SDKs/iPhoneSimulator26.2.sdk/System/Library/SubFrameworks (framework directory)
2026-04-22T16:43:53.1507880Z End of search list.
2026-04-22T16:43:53.1507960Z Apple clang version 17.0.0 (clang-1700.6.3.2)
2026-04-22T16:43:53.1508030Z Target: arm64-apple-ios17.0-simulator
2026-04-22T16:43:53.1508070Z Thread model: posix
2026-04-22T16:43:53.1508310Z InstalledDir: /Applications/Xcode_26.2.app/Contents/Developer/Toolchains/XcodeDefault.xctoolchain/usr/bin
2026-04-22T16:43:53.1508540Z Apple clang version 17.0.0 (clang-1700.6.3.2)
2026-04-22T16:43:53.1508610Z Target: arm64-apple-ios17.0-simulator
2026-04-22T16:43:53.1508650Z Thread model: posix
2026-04-22T16:43:53.1508970Z InstalledDir: /Applications/Xcode_26.2.app/Contents/Developer/Toolchains/XcodeDefault.xctoolchain/usr/bin
2026-04-22T16:43:53.1509140Z clang -cc1 version 17.0.0 (clang-1700.6.3.2) default target arm64-apple-darwin24.6.0
2026-04-22T16:43:53.1509300Z clang -cc1 version 17.0.0 (clang-1700.6.3.2) default target arm64-apple-darwin24.6.0
2026-04-22T16:43:53.1509710Z ignoring nonexistent directory "ignoring nonexistent directory "/Users/runner/work/tcm-storage-ios/tcm-storage-ios/build/Build/Products/Debug-iphonesimulator/include"
2026-04-22T16:43:53.1510460Z ignoring nonexistent directory "/Users/runner/work/tcm-storage-ios/tcm-storage-ios/build/Build/Intermediates.noindex/Nextcloud.build/Debug-iphonesimulator/Share.build/DerivedSources-normal/arm64"
2026-04-22T16:43:53.1510960Z ignoring nonexistent directory "/Users/runner/work/tcm-storage-ios/tcm-storage-ios/build/Build/Intermediates.noindex/Nextcloud.build/Debug-iphonesimulator/Share.build/DerivedSources/arm64"
2026-04-22T16:43:53.1511410Z ignoring nonexistent directory "/Applications/Xcode_26.2.app/Contents/Developer/Platforms/iPhoneSimulator.platform/Developer/SDKs/iPhoneSimulator26.2.sdk/usr/local/include"
2026-04-22T16:43:53.1512180Z ignoring nonexistent directory "/Applications/Xcode_26.2.app/Contents/Developer/Platforms/iPhoneSimulator.platform/Developer/SDKs/iPhoneSimulator26.2.sdk/Library/Frameworks"
2026-04-22T16:43:53.1512530Z ignoring duplicate directory "/Users/runner/work/tcm-storage-ios/tcm-storage-ios/build/Build/Products/Debug-iphonesimulator/PackageFrameworks"
2026-04-22T16:43:53.1512860Z ignoring duplicate directory "/Users/runner/work/tcm-storage-ios/tcm-storage-ios/build/Build/Products/Debug-iphonesimulator/PackageFrameworks"
2026-04-22T16:43:53.1513180Z ignoring duplicate directory "/Users/runner/work/tcm-storage-ios/tcm-storage-ios/build/Build/Products/Debug-iphonesimulator/PackageFrameworks"
2026-04-22T16:43:53.1513510Z ignoring duplicate directory "/Users/runner/work/tcm-storage-ios/tcm-storage-ios/build/Build/Products/Debug-iphonesimulator/PackageFrameworks"
2026-04-22T16:43:53.1513840Z ignoring duplicate directory "/Users/runner/work/tcm-storage-ios/tcm-storage-ios/build/Build/Products/Debug-iphonesimulator/PackageFrameworks"
2026-04-22T16:43:53.1514250Z ignoring duplicate directory "/Users/runner/work/tcm-storage-ios/tcm-storage-ios/build/Build/Products/Debug-iphonesimulator/PackageFrameworks"
2026-04-22T16:43:53.1514600Z ignoring duplicate directory "/Users/runner/work/tcm-storage-ios/tcm-storage-ios/build/Build/Products/Debug-iphonesimulator/PackageFrameworks"
2026-04-22T16:43:53.1514930Z ignoring duplicate directory "/Users/runner/work/tcm-storage-ios/tcm-storage-ios/build/Build/Products/Debug-iphonesimulator/PackageFrameworks"
2026-04-22T16:43:53.1515250Z ignoring duplicate directory "/Users/runner/work/tcm-storage-ios/tcm-storage-ios/build/Build/Products/Debug-iphonesimulator/PackageFrameworks"
2026-04-22T16:43:53.1515600Z ignoring duplicate directory "/Users/runner/work/tcm-storage-ios/tcm-storage-ios/build/Build/Products/Debug-iphonesimulator/PackageFrameworks"
2026-04-22T16:43:53.1515930Z ignoring duplicate directory "/Users/runner/work/tcm-storage-ios/tcm-storage-ios/build/Build/Products/Debug-iphonesimulator/PackageFrameworks"
2026-04-22T16:43:53.1516250Z ignoring duplicate directory "/Users/runner/work/tcm-storage-ios/tcm-storage-ios/build/Build/Products/Debug-iphonesimulator/PackageFrameworks"
2026-04-22T16:43:53.1516580Z ignoring duplicate directory "/Users/runner/work/tcm-storage-ios/tcm-storage-ios/build/Build/Products/Debug-iphonesimulator/PackageFrameworks"
2026-04-22T16:43:53.1516900Z ignoring duplicate directory "/Users/runner/work/tcm-storage-ios/tcm-storage-ios/build/Build/Products/Debug-iphonesimulator/PackageFrameworks"
2026-04-22T16:43:53.1517220Z ignoring duplicate directory "/Users/runner/work/tcm-storage-ios/tcm-storage-ios/build/Build/Products/Debug-iphonesimulator/PackageFrameworks"
2026-04-22T16:43:53.1517650Z ignoring duplicate directory "/Users/runner/work/tcm-storage-ios/tcm-storage-ios/build/Build/Products/Debug-iphonesimulator/PackageFrameworks"
2026-04-22T16:43:53.1518030Z ignoring duplicate directory "/Users/runner/work/tcm-storage-ios/tcm-storage-ios/build/Build/Products/Debug-iphonesimulator/PackageFrameworks"
2026-04-22T16:43:53.1518360Z ignoring duplicate directory "/Users/runner/work/tcm-storage-ios/tcm-storage-ios/build/Build/Products/Debug-iphonesimulator/PackageFrameworks"
2026-04-22T16:43:53.1518680Z ignoring duplicate directory "/Users/runner/work/tcm-storage-ios/tcm-storage-ios/build/Build/Products/Debug-iphonesimulator/PackageFrameworks"
2026-04-22T16:43:53.1519020Z ignoring duplicate directory "/Users/runner/work/tcm-storage-ios/tcm-storage-ios/build/Build/Products/Debug-iphonesimulator/PackageFrameworks"
2026-04-22T16:43:53.1519350Z ignoring duplicate directory "/Users/runner/work/tcm-storage-ios/tcm-storage-ios/build/Build/Products/Debug-iphonesimulator/PackageFrameworks"
2026-04-22T16:43:53.1519670Z ignoring duplicate directory "/Users/runner/work/tcm-storage-ios/tcm-storage-ios/build/Build/Products/Debug-iphonesimulator/PackageFrameworks"
2026-04-22T16:43:53.1520000Z ignoring duplicate directory "/Users/runner/work/tcm-storage-ios/tcm-storage-ios/build/Build/Products/Debug-iphonesimulator/PackageFrameworks"
2026-04-22T16:43:53.1520320Z ignoring duplicate directory "/Users/runner/work/tcm-storage-ios/tcm-storage-ios/build/Build/Products/Debug-iphonesimulator/PackageFrameworks"
2026-04-22T16:43:53.1520650Z ignoring duplicate directory "/Users/runner/work/tcm-storage-ios/tcm-storage-ios/build/Build/Products/Debug-iphonesimulator/PackageFrameworks"
2026-04-22T16:43:53.1520970Z ignoring duplicate directory "/Users/runner/work/tcm-storage-ios/tcm-storage-ios/build/Build/Products/Debug-iphonesimulator/PackageFrameworks"
2026-04-22T16:43:53.1521290Z ignoring duplicate directory "/Users/runner/work/tcm-storage-ios/tcm-storage-ios/build/Build/Products/Debug-iphonesimulator/PackageFrameworks"
2026-04-22T16:43:53.1521620Z ignoring duplicate directory "/Users/runner/work/tcm-storage-ios/tcm-storage-ios/build/Build/Products/Debug-iphonesimulator/PackageFrameworks"
2026-04-22T16:43:53.1521940Z ignoring duplicate directory "/Users/runner/work/tcm-storage-ios/tcm-storage-ios/build/Build/Products/Debug-iphonesimulator/PackageFrameworks"
2026-04-22T16:43:53.1524820Z ignoring duplicate directory "/Users/runner/work/tcm-storage-ios/tcm-storage-ios/build/Build/Products/Debug-iphonesimulator/PackageFrameworks"
2026-04-22T16:43:53.1525160Z ignoring duplicate directory "/Users/runner/work/tcm-storage-ios/tcm-storage-ios/build/Build/Products/Debug-iphonesimulator/PackageFrameworks"
2026-04-22T16:43:53.1525490Z ignoring duplicate directory "/Users/runner/work/tcm-storage-ios/tcm-storage-ios/build/Build/Products/Debug-iphonesimulator/PackageFrameworks"
2026-04-22T16:43:53.1525810Z ignoring duplicate directory "/Users/runner/work/tcm-storage-ios/tcm-storage-ios/build/Build/Products/Debug-iphonesimulator/PackageFrameworks"
2026-04-22T16:43:53.1526140Z ignoring duplicate directory "/Users/runner/work/tcm-storage-ios/tcm-storage-ios/build/Build/Products/Debug-iphonesimulator/PackageFrameworks"
2026-04-22T16:43:53.1526460Z ignoring duplicate directory "/Users/runner/work/tcm-storage-ios/tcm-storage-ios/build/Build/Products/Debug-iphonesimulator/PackageFrameworks"
2026-04-22T16:43:53.1527060Z ignoring duplicate directory "/Users/runner/work/tcm-storage-ios/tcm-storage-ios/build/Build/Products/Debug-iphonesimulator/PackageFrameworks"
2026-04-22T16:43:53.1527410Z ignoring duplicate directory "/Users/runner/work/tcm-storage-ios/tcm-storage-ios/build/Build/Products/Debug-iphonesimulator/PackageFrameworks"
2026-04-22T16:43:53.1527750Z ignoring duplicate directory "/Users/runner/work/tcm-storage-ios/tcm-storage-ios/build/Build/Products/Debug-iphonesimulator/PackageFrameworks"
2026-04-22T16:43:53.1528080Z ignoring duplicate directory "/Users/runner/work/tcm-storage-ios/tcm-storage-ios/build/Build/Products/Debug-iphonesimulator/PackageFrameworks"
2026-04-22T16:43:53.1528610Z ignoring duplicate directory "/Users/runner/work/tcm-storage-ios/tcm-storage-ios/build/Build/Products/Debug-iphonesimulator/PackageFrameworks"
2026-04-22T16:43:53.1528760Z #include "..." search starts here:
2026-04-22T16:43:53.1529210Z  /Users/runner/work/tcm-storage-ios/tcm-storage-ios/build/Build/Intermediates.noindex/Nextcloud.build/Debug-iphonesimulator/Share.build/Share-generated-files.hmap (headermap)
2026-04-22T16:43:53.1529650Z  /Users/runner/work/tcm-storage-ios/tcm-storage-ios/build/Build/Intermediates.noindex/Nextcloud.build/Debug-iphonesimulator/Share.build/Share-project-headers.hmap (headermap)
2026-04-22T16:43:53.1529710Z #include <...> search starts here:
2026-04-22T16:43:53.1530150Z  /Users/runner/work/tcm-storage-ios/tcm-storage-ios/build/Build/Intermediates.noindex/Nextcloud.build/Debug-iphonesimulator/Share.build/Share-own-target-headers.hmap (headermap)
2026-04-22T16:43:53.1530660Z  /Users/runner/work/tcm-storage-ios/tcm-storage-ios/build/Build/Intermediates.noindex/Nextcloud.build/Debug-iphonesimulator/Share.build/Share-all-non-framework-target-headers.hmap (headermap)
2026-04-22T16:43:53.1530880Z  /Users/runner/work/tcm-storage-ios/tcm-storage-ios/build/SourcePackages/checkouts/realm-core/src
2026-04-22T16:43:53.1531120Z  /Users/runner/work/tcm-storage-ios/tcm-storage-ios/build/SourcePackages/checkouts/realm-core/src/external/s2
2026-04-22T16:43:53.1531470Z  /Users/runner/work/tcm-storage-ios/tcm-storage-ios/build/SourcePackages/checkouts/realm-core/src/external/IntelRDFPMathLib20U2/LIBRARY/src
2026-04-22T16:43:53.1531720Z  /Users/runner/work/tcm-storage-ios/tcm-storage-ios/build/SourcePackages/checkouts/realm-core/src/spm
2026-04-22T16:43:53.1531950Z  /Users/runner/work/tcm-storage-ios/tcm-storage-ios/build/SourcePackages/checkouts/realm-swift/include
2026-04-22T16:43:53.1532240Z  /Users/runner/work/tcm-storage-ios/tcm-storage-ios/build/SourcePackages/checkouts/swift-atomics/Sources/_AtomicsShims/include
2026-04-22T16:43:53.1532510Z  /Users/runner/work/tcm-storage-ios/tcm-storage-ios/build/SourcePackages/checkouts/swift-nio/Sources/CNIOPosix/include
2026-04-22T16:43:53.1532790Z  /Users/runner/work/tcm-storage-ios/tcm-storage-ios/build/SourcePackages/checkouts/swift-nio/Sources/CNIOWASI/include
2026-04-22T16:43:53.1533070Z  /Users/runner/work/tcm-storage-ios/tcm-storage-ios/build/SourcePackages/checkouts/swift-nio/Sources/CNIOWindows/include
2026-04-22T16:43:53.1533330Z  /Users/runner/work/tcm-storage-ios/tcm-storage-ios/build/SourcePackages/checkouts/swift-nio/Sources/CNIOLinux/include
2026-04-22T16:43:53.1533600Z  /Users/runner/work/tcm-storage-ios/tcm-storage-ios/build/SourcePackages/checkouts/swift-nio/Sources/CNIODarwin/include
2026-04-22T16:43:53.1533870Z  /Users/runner/work/tcm-storage-ios/tcm-storage-ios/build/SourcePackages/checkouts/swift-nio/Sources/CNIOOpenBSD/include
2026-04-22T16:43:53.1534140Z  /Users/runner/work/tcm-storage-ios/tcm-storage-ios/build/SourcePackages/checkouts/swift-nio/Sources/CNIOAtomics/include
2026-04-22T16:43:53.1534450Z  /Users/runner/work/tcm-storage-ios/tcm-storage-ios/build/SourcePackages/checkouts/swift-nio-ssl/Sources/CNIOBoringSSLShims/include
2026-04-22T16:43:53.1534740Z  /Users/runner/work/tcm-storage-ios/tcm-storage-ios/build/SourcePackages/checkouts/swift-nio-ssl/Sources/CNIOBoringSSL/include
2026-04-22T16:43:53.1535020Z  /Users/runner/work/tcm-storage-ios/tcm-storage-ios/build/SourcePackages/checkouts/GzipSwift/Sources/system-zlib/include
2026-04-22T16:43:53.1535380Z  /Users/runner/work/tcm-storage-ios/tcm-storage-ios/build/Build/Intermediates.noindex/Nextcloud.build/Debug-iphonesimulator/Share.build/DerivedSources
2026-04-22T16:43:53.1535700Z  /Users/runner/work/tcm-storage-ios/tcm-storage-ios/build/Build/Products/Debug-iphonesimulator/PackageFrameworks (framework directory)
2026-04-22T16:43:53.1536210Z  /Users/runner/work/tcm-storage-ios/tcm-storage-ios/build/Build/Products/Debug-iphonesimulator (framework directory)
2026-04-22T16:43:53.1536760Z  /Applications/Xcode_26.2.app/Contents/Developer/Platforms/iPhoneSimulator.platform/Developer/Library/Frameworks (framework directory)
2026-04-22T16:43:53.1537250Z  /Applications/Xcode_26.2.app/Contents/Developer/Platforms/iPhoneSimulator.platform/Developer/SDKs/iPhoneSimulator26.2.sdk/Developer/Library/Frameworks (framework directory)
2026-04-22T16:43:53.1537500Z  /Applications/Xcode_26.2.app/Contents/Developer/Toolchains/XcodeDefault.xctoolchain/usr/lib/clang/17/include
2026-04-22T16:43:53.1537810Z  /Applications/Xcode_26.2.app/Contents/Developer/Platforms/iPhoneSimulator.platform/Developer/SDKs/iPhoneSimulator26.2.sdk/usr/include
2026-04-22T16:43:53.1538020Z  /Applications/Xcode_26.2.app/Contents/Developer/Toolchains/XcodeDefault.xctoolchain/usr/include
2026-04-22T16:43:53.1538440Z  /Applications/Xcode_26.2.app/Contents/Developer/Platforms/iPhoneSimulator.platform/Developer/SDKs/iPhoneSimulator26.2.sdk/System/Library/Frameworks (framework directory)
2026-04-22T16:43:53.1538880Z  /Applications/Xcode_26.2.app/Contents/Developer/Platforms/iPhoneSimulator.platform/Developer/SDKs/iPhoneSimulator26.2.sdk/System/Library/SubFrameworks (framework directory)
2026-04-22T16:43:53.1538930Z End of search list.
2026-04-22T16:43:53.1539160Z /Users/runner/work/tcm-storage-ios/tcm-storage-ios/build/Build/Products/Debug-iphonesimulator/include"
2026-04-22T16:43:53.1539650Z ignoring nonexistent directory "/Users/runner/work/tcm-storage-ios/tcm-storage-ios/build/Build/Intermediates.noindex/Nextcloud.build/Debug-iphonesimulator/Share.build/DerivedSources-normal/arm64"
2026-04-22T16:43:53.1540110Z ignoring nonexistent directory "/Users/runner/work/tcm-storage-ios/tcm-storage-ios/build/Build/Intermediates.noindex/Nextcloud.build/Debug-iphonesimulator/Share.build/DerivedSources/arm64"
2026-04-22T16:43:53.1540550Z ignoring nonexistent directory "/Applications/Xcode_26.2.app/Contents/Developer/Platforms/iPhoneSimulator.platform/Developer/SDKs/iPhoneSimulator26.2.sdk/usr/local/include"
2026-04-22T16:43:53.1540990Z ignoring nonexistent directory "/Applications/Xcode_26.2.app/Contents/Developer/Platforms/iPhoneSimulator.platform/Developer/SDKs/iPhoneSimulator26.2.sdk/Library/Frameworks"
2026-04-22T16:43:53.1541330Z ignoring duplicate directory "/Users/runner/work/tcm-storage-ios/tcm-storage-ios/build/Build/Products/Debug-iphonesimulator/PackageFrameworks"
2026-04-22T16:43:53.1541660Z ignoring duplicate directory "/Users/runner/work/tcm-storage-ios/tcm-storage-ios/build/Build/Products/Debug-iphonesimulator/PackageFrameworks"
2026-04-22T16:43:53.1541990Z ignoring duplicate directory "/Users/runner/work/tcm-storage-ios/tcm-storage-ios/build/Build/Products/Debug-iphonesimulator/PackageFrameworks"
2026-04-22T16:43:53.1542310Z ignoring duplicate directory "/Users/runner/work/tcm-storage-ios/tcm-storage-ios/build/Build/Products/Debug-iphonesimulator/PackageFrameworks"
2026-04-22T16:43:53.1542630Z ignoring duplicate directory "/Users/runner/work/tcm-storage-ios/tcm-storage-ios/build/Build/Products/Debug-iphonesimulator/PackageFrameworks"
2026-04-22T16:43:53.1542960Z ignoring duplicate directory "/Users/runner/work/tcm-storage-ios/tcm-storage-ios/build/Build/Products/Debug-iphonesimulator/PackageFrameworks"
2026-04-22T16:43:53.1543290Z ignoring duplicate directory "/Users/runner/work/tcm-storage-ios/tcm-storage-ios/build/Build/Products/Debug-iphonesimulator/PackageFrameworks"
2026-04-22T16:43:53.1543610Z ignoring duplicate directory "/Users/runner/work/tcm-storage-ios/tcm-storage-ios/build/Build/Products/Debug-iphonesimulator/PackageFrameworks"
2026-04-22T16:43:53.1543940Z ignoring duplicate directory "/Users/runner/work/tcm-storage-ios/tcm-storage-ios/build/Build/Products/Debug-iphonesimulator/PackageFrameworks"
2026-04-22T16:43:53.1544260Z ignoring duplicate directory "/Users/runner/work/tcm-storage-ios/tcm-storage-ios/build/Build/Products/Debug-iphonesimulator/PackageFrameworks"
2026-04-22T16:43:53.1544580Z ignoring duplicate directory "/Users/runner/work/tcm-storage-ios/tcm-storage-ios/build/Build/Products/Debug-iphonesimulator/PackageFrameworks"
2026-04-22T16:43:53.1545010Z ignoring duplicate directory "/Users/runner/work/tcm-storage-ios/tcm-storage-ios/build/Build/Products/Debug-iphonesimulator/PackageFrameworks"
2026-04-22T16:43:53.1545400Z ignoring duplicate directory "/Users/runner/work/tcm-storage-ios/tcm-storage-ios/build/Build/Products/Debug-iphonesimulator/PackageFrameworks"
2026-04-22T16:43:53.1545730Z ignoring duplicate directory "/Users/runner/work/tcm-storage-ios/tcm-storage-ios/build/Build/Products/Debug-iphonesimulator/PackageFrameworks"
2026-04-22T16:43:53.1546060Z ignoring duplicate directory "/Users/runner/work/tcm-storage-ios/tcm-storage-ios/build/Build/Products/Debug-iphonesimulator/PackageFrameworks"
2026-04-22T16:43:53.1546510Z ignoring duplicate directory "/Users/runner/work/tcm-storage-ios/tcm-storage-ios/build/Build/Products/Debug-iphonesimulator/PackageFrameworks"
2026-04-22T16:43:53.1546840Z ignoring duplicate directory "/Users/runner/work/tcm-storage-ios/tcm-storage-ios/build/Build/Products/Debug-iphonesimulator/PackageFrameworks"
2026-04-22T16:43:53.1547170Z ignoring duplicate directory "/Users/runner/work/tcm-storage-ios/tcm-storage-ios/build/Build/Products/Debug-iphonesimulator/PackageFrameworks"
2026-04-22T16:43:53.1547490Z ignoring duplicate directory "/Users/runner/work/tcm-storage-ios/tcm-storage-ios/build/Build/Products/Debug-iphonesimulator/PackageFrameworks"
2026-04-22T16:43:53.1547820Z ignoring duplicate directory "/Users/runner/work/tcm-storage-ios/tcm-storage-ios/build/Build/Products/Debug-iphonesimulator/PackageFrameworks"
2026-04-22T16:43:53.1548140Z ignoring duplicate directory "/Users/runner/work/tcm-storage-ios/tcm-storage-ios/build/Build/Products/Debug-iphonesimulator/PackageFrameworks"
2026-04-22T16:43:53.1548460Z ignoring duplicate directory "/Users/runner/work/tcm-storage-ios/tcm-storage-ios/build/Build/Products/Debug-iphonesimulator/PackageFrameworks"
2026-04-22T16:43:53.1548780Z ignoring duplicate directory "/Users/runner/work/tcm-storage-ios/tcm-storage-ios/build/Build/Products/Debug-iphonesimulator/PackageFrameworks"
2026-04-22T16:43:53.1549110Z ignoring duplicate directory "/Users/runner/work/tcm-storage-ios/tcm-storage-ios/build/Build/Products/Debug-iphonesimulator/PackageFrameworks"
2026-04-22T16:43:53.1549440Z ignoring duplicate directory "/Users/runner/work/tcm-storage-ios/tcm-storage-ios/build/Build/Products/Debug-iphonesimulator/PackageFrameworks"
2026-04-22T16:43:53.1549760Z ignoring duplicate directory "/Users/runner/work/tcm-storage-ios/tcm-storage-ios/build/Build/Products/Debug-iphonesimulator/PackageFrameworks"
2026-04-22T16:43:53.1550080Z ignoring duplicate directory "/Users/runner/work/tcm-storage-ios/tcm-storage-ios/build/Build/Products/Debug-iphonesimulator/PackageFrameworks"
2026-04-22T16:43:53.1550400Z ignoring duplicate directory "/Users/runner/work/tcm-storage-ios/tcm-storage-ios/build/Build/Products/Debug-iphonesimulator/PackageFrameworks"
2026-04-22T16:43:53.1550730Z ignoring duplicate directory "/Users/runner/work/tcm-storage-ios/tcm-storage-ios/build/Build/Products/Debug-iphonesimulator/PackageFrameworks"
2026-04-22T16:43:53.1551050Z ignoring duplicate directory "/Users/runner/work/tcm-storage-ios/tcm-storage-ios/build/Build/Products/Debug-iphonesimulator/PackageFrameworks"
2026-04-22T16:43:53.1551380Z ignoring duplicate directory "/Users/runner/work/tcm-storage-ios/tcm-storage-ios/build/Build/Products/Debug-iphonesimulator/PackageFrameworks"
2026-04-22T16:43:53.1551700Z ignoring duplicate directory "/Users/runner/work/tcm-storage-ios/tcm-storage-ios/build/Build/Products/Debug-iphonesimulator/PackageFrameworks"
2026-04-22T16:43:53.1552030Z ignoring duplicate directory "/Users/runner/work/tcm-storage-ios/tcm-storage-ios/build/Build/Products/Debug-iphonesimulator/PackageFrameworks"
2026-04-22T16:43:53.1552350Z ignoring duplicate directory "/Users/runner/work/tcm-storage-ios/tcm-storage-ios/build/Build/Products/Debug-iphonesimulator/PackageFrameworks"
2026-04-22T16:43:53.1552680Z ignoring duplicate directory "/Users/runner/work/tcm-storage-ios/tcm-storage-ios/build/Build/Products/Debug-iphonesimulator/PackageFrameworks"
2026-04-22T16:43:53.1553070Z ignoring duplicate directory "/Users/runner/work/tcm-storage-ios/tcm-storage-ios/build/Build/Products/Debug-iphonesimulator/PackageFrameworks"
2026-04-22T16:43:53.1553500Z ignoring duplicate directory "/Users/runner/work/tcm-storage-ios/tcm-storage-ios/build/Build/Products/Debug-iphonesimulator/PackageFrameworks"
2026-04-22T16:43:53.1553830Z ignoring duplicate directory "/Users/runner/work/tcm-storage-ios/tcm-storage-ios/build/Build/Products/Debug-iphonesimulator/PackageFrameworks"
2026-04-22T16:43:53.1554150Z ignoring duplicate directory "/Users/runner/work/tcm-storage-ios/tcm-storage-ios/build/Build/Products/Debug-iphonesimulator/PackageFrameworks"
2026-04-22T16:43:53.1554480Z ignoring duplicate directory "/Users/runner/work/tcm-storage-ios/tcm-storage-ios/build/Build/Products/Debug-iphonesimulator/PackageFrameworks"
2026-04-22T16:43:53.1554540Z #include "..." search starts here:
2026-04-22T16:43:53.1554970Z  /Users/runner/work/tcm-storage-ios/tcm-storage-ios/build/Build/Intermediates.noindex/Nextcloud.build/Debug-iphonesimulator/Share.build/Share-generated-files.hmap (headermap)
2026-04-22T16:43:53.1555580Z  /Users/runner/work/tcm-storage-ios/tcm-storage-ios/build/Build/Intermediates.noindex/Nextcloud.build/Debug-iphonesimulator/Share.build/Share-project-headers.hmap (headermap)
2026-04-22T16:43:53.1555650Z #include <...> search starts here:
2026-04-22T16:43:53.1556080Z  /Users/runner/work/tcm-storage-ios/tcm-storage-ios/build/Build/Intermediates.noindex/Nextcloud.build/Debug-iphonesimulator/Share.build/Share-own-target-headers.hmap (headermap)
2026-04-22T16:43:53.1556560Z  /Users/runner/work/tcm-storage-ios/tcm-storage-ios/build/Build/Intermediates.noindex/Nextcloud.build/Debug-iphonesimulator/Share.build/Share-all-non-framework-target-headers.hmap (headermap)
2026-04-22T16:43:53.1556770Z  /Users/runner/work/tcm-storage-ios/tcm-storage-ios/build/SourcePackages/checkouts/realm-core/src
2026-04-22T16:43:53.1557040Z  /Users/runner/work/tcm-storage-ios/tcm-storage-ios/build/SourcePackages/checkouts/realm-core/src/external/s2
2026-04-22T16:43:53.1557440Z  /Users/runner/work/tcm-storage-ios/tcm-storage-ios/build/SourcePackages/checkouts/realm-core/src/external/IntelRDFPMathLib20U2/LIBRARY/src
2026-04-22T16:43:53.1557670Z  /Users/runner/work/tcm-storage-ios/tcm-storage-ios/build/SourcePackages/checkouts/realm-core/src/spm
2026-04-22T16:43:53.1557880Z  /Users/runner/work/tcm-storage-ios/tcm-storage-ios/build/SourcePackages/checkouts/realm-swift/include
2026-04-22T16:43:53.1558170Z  /Users/runner/work/tcm-storage-ios/tcm-storage-ios/build/SourcePackages/checkouts/swift-atomics/Sources/_AtomicsShims/include
2026-04-22T16:43:53.1558440Z  /Users/runner/work/tcm-storage-ios/tcm-storage-ios/build/SourcePackages/checkouts/swift-nio/Sources/CNIOPosix/include
2026-04-22T16:43:53.1558690Z  /Users/runner/work/tcm-storage-ios/tcm-storage-ios/build/SourcePackages/checkouts/swift-nio/Sources/CNIOWASI/include
2026-04-22T16:43:53.1558960Z  /Users/runner/work/tcm-storage-ios/tcm-storage-ios/build/SourcePackages/checkouts/swift-nio/Sources/CNIOWindows/include
2026-04-22T16:43:53.1559280Z  /Users/runner/work/tcm-storage-ios/tcm-storage-ios/build/SourcePackages/checkouts/swift-nio/Sources/CNIOLinux/include
2026-04-22T16:43:53.1559550Z  /Users/runner/work/tcm-storage-ios/tcm-storage-ios/build/SourcePackages/checkouts/swift-nio/Sources/CNIODarwin/include
2026-04-22T16:43:53.1559850Z  /Users/runner/work/tcm-storage-ios/tcm-storage-ios/build/SourcePackages/checkouts/swift-nio/Sources/CNIOOpenBSD/include
2026-04-22T16:43:53.1560120Z  /Users/runner/work/tcm-storage-ios/tcm-storage-ios/build/SourcePackages/checkouts/swift-nio/Sources/CNIOAtomics/include
2026-04-22T16:43:53.1560420Z  /Users/runner/work/tcm-storage-ios/tcm-storage-ios/build/SourcePackages/checkouts/swift-nio-ssl/Sources/CNIOBoringSSLShims/include
2026-04-22T16:43:53.1560710Z  /Users/runner/work/tcm-storage-ios/tcm-storage-ios/build/SourcePackages/checkouts/swift-nio-ssl/Sources/CNIOBoringSSL/include
2026-04-22T16:43:53.1561140Z  /Users/runner/work/tcm-storage-ios/tcm-storage-ios/build/SourcePackages/checkouts/GzipSwift/Sources/system-zlib/include
2026-04-22T16:43:53.1561590Z  /Users/runner/work/tcm-storage-ios/tcm-storage-ios/build/Build/Intermediates.noindex/Nextcloud.build/Debug-iphonesimulator/Share.build/DerivedSources
2026-04-22T16:43:53.1561950Z  /Users/runner/work/tcm-storage-ios/tcm-storage-ios/build/Build/Products/Debug-iphonesimulator/PackageFrameworks (framework directory)
2026-04-22T16:43:53.1562210Z  /Users/runner/work/tcm-storage-ios/tcm-storage-ios/build/Build/Products/Debug-iphonesimulator (framework directory)
2026-04-22T16:43:53.1562530Z  /Applications/Xcode_26.2.app/Contents/Developer/Platforms/iPhoneSimulator.platform/Developer/Library/Frameworks (framework directory)
2026-04-22T16:43:53.1562980Z  /Applications/Xcode_26.2.app/Contents/Developer/Platforms/iPhoneSimulator.platform/Developer/SDKs/iPhoneSimulator26.2.sdk/Developer/Library/Frameworks (framework directory)
2026-04-22T16:43:53.1563230Z  /Applications/Xcode_26.2.app/Contents/Developer/Toolchains/XcodeDefault.xctoolchain/usr/lib/clang/17/include
2026-04-22T16:43:53.1563570Z  /Applications/Xcode_26.2.app/Contents/Developer/Platforms/iPhoneSimulator.platform/Developer/SDKs/iPhoneSimulator26.2.sdk/usr/include
2026-04-22T16:43:53.1563810Z  /Applications/Xcode_26.2.app/Contents/Developer/Toolchains/XcodeDefault.xctoolchain/usr/include
2026-04-22T16:43:53.1564250Z  /Applications/Xcode_26.2.app/Contents/Developer/Platforms/iPhoneSimulator.platform/Developer/SDKs/iPhoneSimulator26.2.sdk/System/Library/Frameworks (framework directory)
2026-04-22T16:43:53.1578370Z  /Applications/Xcode_26.2.app/Contents/Developer/Platforms/iPhoneSimulator.platform/Developer/SDKs/iPhoneSimulator26.2.sdk/System/Library/SubFrameworks (framework directory)
2026-04-22T16:43:53.1578470Z End of search list.
2026-04-22T16:43:53.1578560Z Apple clang version 17.0.0 (clang-1700.6.3.2)
2026-04-22T16:43:53.1578630Z Target: arm64-apple-ios17.0-simulator
2026-04-22T16:43:53.1578680Z Thread model: posix
2026-04-22T16:43:53.1578950Z InstalledDir: /Applications/Xcode_26.2.app/Contents/Developer/Toolchains/XcodeDefault.xctoolchain/usr/bin
2026-04-22T16:43:53.1579120Z clang -cc1 version 17.0.0 (clang-1700.6.3.2) default target arm64-apple-darwin24.6.0
2026-04-22T16:43:53.1579450Z ignoring nonexistent directory "/Users/runner/work/tcm-storage-ios/tcm-storage-ios/build/Build/Products/Debug-iphonesimulator/include"
2026-04-22T16:43:53.1579940Z ignoring nonexistent directory "/Users/runner/work/tcm-storage-ios/tcm-storage-ios/build/Build/Intermediates.noindex/Nextcloud.build/Debug-iphonesimulator/Share.build/DerivedSources-normal/arm64"
2026-04-22T16:43:53.1580530Z ignoring nonexistent directory "/Users/runner/work/tcm-storage-ios/tcm-storage-ios/build/Build/Intermediates.noindex/Nextcloud.build/Debug-iphonesimulator/Share.build/DerivedSources/arm64"
2026-04-22T16:43:53.1580970Z ignoring nonexistent directory "/Applications/Xcode_26.2.app/Contents/Developer/Platforms/iPhoneSimulator.platform/Developer/SDKs/iPhoneSimulator26.2.sdk/usr/local/include"
2026-04-22T16:43:53.1581390Z ignoring nonexistent directory "/Applications/Xcode_26.2.app/Contents/Developer/Platforms/iPhoneSimulator.platform/Developer/SDKs/iPhoneSimulator26.2.sdk/Library/Frameworks"
2026-04-22T16:43:53.1581730Z ignoring duplicate directory "/Users/runner/work/tcm-storage-ios/tcm-storage-ios/build/Build/Products/Debug-iphonesimulator/PackageFrameworks"
2026-04-22T16:43:53.1582060Z ignoring duplicate directory "/Users/runner/work/tcm-storage-ios/tcm-storage-ios/build/Build/Products/Debug-iphonesimulator/PackageFrameworks"
2026-04-22T16:43:53.1582390Z ignoring duplicate directory "/Users/runner/work/tcm-storage-ios/tcm-storage-ios/build/Build/Products/Debug-iphonesimulator/PackageFrameworks"
2026-04-22T16:43:53.1582800Z ignoring duplicate directory "/Users/runner/work/tcm-storage-ios/tcm-storage-ios/build/Build/Products/Debug-iphonesimulator/PackageFrameworks"
2026-04-22T16:43:53.1583130Z ignoring duplicate directory "/Users/runner/work/tcm-storage-ios/tcm-storage-ios/build/Build/Products/Debug-iphonesimulator/PackageFrameworks"
2026-04-22T16:43:53.1583660Z ignoring duplicate directory "/Users/runner/work/tcm-storage-ios/tcm-storage-ios/build/Build/Products/Debug-iphonesimulator/PackageFrameworks"
2026-04-22T16:43:53.1584150Z ignoring duplicate directory "/Users/runner/work/tcm-storage-ios/tcm-storage-ios/build/Build/Products/Debug-iphonesimulator/PackageFrameworks"
2026-04-22T16:43:53.1584500Z ignoring duplicate directory "/Users/runner/work/tcm-storage-ios/tcm-storage-ios/build/Build/Products/Debug-iphonesimulator/PackageFrameworks"
2026-04-22T16:43:53.1584890Z ignoring duplicate directory "/Users/runner/work/tcm-storage-ios/tcm-storage-ios/build/Build/Products/Debug-iphonesimulator/PackageFrameworks"
2026-04-22T16:43:53.1585240Z ignoring duplicate directory "/Users/runner/work/tcm-storage-ios/tcm-storage-ios/build/Build/Products/Debug-iphonesimulator/PackageFrameworks"
2026-04-22T16:43:53.1586430Z ignoring duplicate directory "/Users/runner/work/tcm-storage-ios/tcm-storage-ios/build/Build/Products/Debug-iphonesimulator/PackageFrameworks"
2026-04-22T16:43:53.1586800Z ignoring duplicate directory "/Users/runner/work/tcm-storage-ios/tcm-storage-ios/build/Build/Products/Debug-iphonesimulator/PackageFrameworks"
2026-04-22T16:43:53.1587140Z ignoring duplicate directory "/Users/runner/work/tcm-storage-ios/tcm-storage-ios/build/Build/Products/Debug-iphonesimulator/PackageFrameworks"
2026-04-22T16:43:53.1587470Z ignoring duplicate directory "/Users/runner/work/tcm-storage-ios/tcm-storage-ios/build/Build/Products/Debug-iphonesimulator/PackageFrameworks"
2026-04-22T16:43:53.1587800Z ignoring duplicate directory "/Users/runner/work/tcm-storage-ios/tcm-storage-ios/build/Build/Products/Debug-iphonesimulator/PackageFrameworks"
2026-04-22T16:43:53.1588140Z ignoring duplicate directory "/Users/runner/work/tcm-storage-ios/tcm-storage-ios/build/Build/Products/Debug-iphonesimulator/PackageFrameworks"
2026-04-22T16:43:53.1588470Z ignoring duplicate directory "/Users/runner/work/tcm-storage-ios/tcm-storage-ios/build/Build/Products/Debug-iphonesimulator/PackageFrameworks"
2026-04-22T16:43:53.1588810Z ignoring duplicate directory "/Users/runner/work/tcm-storage-ios/tcm-storage-ios/build/Build/Products/Debug-iphonesimulator/PackageFrameworks"
2026-04-22T16:43:53.1589140Z ignoring duplicate directory "/Users/runner/work/tcm-storage-ios/tcm-storage-ios/build/Build/Products/Debug-iphonesimulator/PackageFrameworks"
2026-04-22T16:43:53.1589470Z ignoring duplicate directory "/Users/runner/work/tcm-storage-ios/tcm-storage-ios/build/Build/Products/Debug-iphonesimulator/PackageFrameworks"
2026-04-22T16:43:53.1589800Z ignoring duplicate directory "/Users/runner/work/tcm-storage-ios/tcm-storage-ios/build/Build/Products/Debug-iphonesimulator/PackageFrameworks"
2026-04-22T16:43:53.1590120Z ignoring duplicate directory "/Users/runner/work/tcm-storage-ios/tcm-storage-ios/build/Build/Products/Debug-iphonesimulator/PackageFrameworks"
2026-04-22T16:43:53.1590440Z ignoring duplicate directory "/Users/runner/work/tcm-storage-ios/tcm-storage-ios/build/Build/Products/Debug-iphonesimulator/PackageFrameworks"
2026-04-22T16:43:53.1590770Z ignoring duplicate directory "/Users/runner/work/tcm-storage-ios/tcm-storage-ios/build/Build/Products/Debug-iphonesimulator/PackageFrameworks"
2026-04-22T16:43:53.1591090Z ignoring duplicate directory "/Users/runner/work/tcm-storage-ios/tcm-storage-ios/build/Build/Products/Debug-iphonesimulator/PackageFrameworks"
2026-04-22T16:43:53.1591420Z ignoring duplicate directory "/Users/runner/work/tcm-storage-ios/tcm-storage-ios/build/Build/Products/Debug-iphonesimulator/PackageFrameworks"
2026-04-22T16:43:53.1591750Z ignoring duplicate directory "/Users/runner/work/tcm-storage-ios/tcm-storage-ios/build/Build/Products/Debug-iphonesimulator/PackageFrameworks"
2026-04-22T16:43:53.1592070Z ignoring duplicate directory "/Users/runner/work/tcm-storage-ios/tcm-storage-ios/build/Build/Products/Debug-iphonesimulator/PackageFrameworks"
2026-04-22T16:43:53.1592390Z ignoring duplicate directory "/Users/runner/work/tcm-storage-ios/tcm-storage-ios/build/Build/Products/Debug-iphonesimulator/PackageFrameworks"
2026-04-22T16:43:53.1592920Z ignoring duplicate directory "/Users/runner/work/tcm-storage-ios/tcm-storage-ios/build/Build/Products/Debug-iphonesimulator/PackageFrameworks"
2026-04-22T16:43:53.1593280Z ignoring duplicate directory "/Users/runner/work/tcm-storage-ios/tcm-storage-ios/build/Build/Products/Debug-iphonesimulator/PackageFrameworks"
2026-04-22T16:43:53.1593610Z ignoring duplicate directory "/Users/runner/work/tcm-storage-ios/tcm-storage-ios/build/Build/Products/Debug-iphonesimulator/PackageFrameworks"
2026-04-22T16:43:53.1593940Z ignoring duplicate directory "/Users/runner/work/tcm-storage-ios/tcm-storage-ios/build/Build/Products/Debug-iphonesimulator/PackageFrameworks"
2026-04-22T16:43:53.1595740Z ignoring duplicate directory "/Users/runner/work/tcm-storage-ios/tcm-storage-ios/build/Build/Products/Debug-iphonesimulator/PackageFrameworks"
2026-04-22T16:43:53.1596080Z ignoring duplicate directory "/Users/runner/work/tcm-storage-ios/tcm-storage-ios/build/Build/Products/Debug-iphonesimulator/PackageFrameworks"
2026-04-22T16:43:53.1596430Z ignoring duplicate directory "/Users/runner/work/tcm-storage-ios/tcm-storage-ios/build/Build/Products/Debug-iphonesimulator/PackageFrameworks"
2026-04-22T16:43:53.1596770Z ignoring duplicate directory "/Users/runner/work/tcm-storage-ios/tcm-storage-ios/build/Build/Products/Debug-iphonesimulator/PackageFrameworks"
2026-04-22T16:43:53.1599110Z ignoring duplicate directory "/Users/runner/work/tcm-storage-ios/tcm-storage-ios/build/Build/Products/Debug-iphonesimulator/PackageFrameworks"
2026-04-22T16:43:53.1599450Z ignoring duplicate directory "/Users/runner/work/tcm-storage-ios/tcm-storage-ios/build/Build/Products/Debug-iphonesimulator/PackageFrameworks"
2026-04-22T16:43:53.1599780Z ignoring duplicate directory "/Users/runner/work/tcm-storage-ios/tcm-storage-ios/build/Build/Products/Debug-iphonesimulator/PackageFrameworks"
2026-04-22T16:43:53.1599840Z #include "..." search starts here:
2026-04-22T16:43:53.1600280Z  /Users/runner/work/tcm-storage-ios/tcm-storage-ios/build/Build/Intermediates.noindex/Nextcloud.build/Debug-iphonesimulator/Share.build/Share-generated-files.hmap (headermap)
2026-04-22T16:43:53.1602900Z  /Users/runner/work/tcm-storage-ios/tcm-storage-ios/build/Build/Intermediates.noindex/Nextcloud.build/Debug-iphonesimulator/Share.build/Share-project-headers.hmap (headermap)
2026-04-22T16:43:53.1602980Z #include <...> search starts here:
2026-04-22T16:43:53.1603430Z  /Users/runner/work/tcm-storage-ios/tcm-storage-ios/build/Build/Intermediates.noindex/Nextcloud.build/Debug-iphonesimulator/Share.build/Share-own-target-headers.hmap (headermap)
2026-04-22T16:43:53.1603910Z  /Users/runner/work/tcm-storage-ios/tcm-storage-ios/build/Build/Intermediates.noindex/Nextcloud.build/Debug-iphonesimulator/Share.build/Share-all-non-framework-target-headers.hmap (headermap)
2026-04-22T16:43:53.1604120Z  /Users/runner/work/tcm-storage-ios/tcm-storage-ios/build/SourcePackages/checkouts/realm-core/src
2026-04-22T16:43:53.1606050Z  /Users/runner/work/tcm-storage-ios/tcm-storage-ios/build/SourcePackages/checkouts/realm-core/src/external/s2
2026-04-22T16:43:53.1606430Z  /Users/runner/work/tcm-storage-ios/tcm-storage-ios/build/SourcePackages/checkouts/realm-core/src/external/IntelRDFPMathLib20U2/LIBRARY/src
2026-04-22T16:43:53.1606720Z  /Users/runner/work/tcm-storage-ios/tcm-storage-ios/build/SourcePackages/checkouts/realm-core/src/spm
2026-04-22T16:43:53.1606950Z  /Users/runner/work/tcm-storage-ios/tcm-storage-ios/build/SourcePackages/checkouts/realm-swift/include
2026-04-22T16:43:53.1607240Z  /Users/runner/work/tcm-storage-ios/tcm-storage-ios/build/SourcePackages/checkouts/swift-atomics/Sources/_AtomicsShims/include
2026-04-22T16:43:53.1607510Z  /Users/runner/work/tcm-storage-ios/tcm-storage-ios/build/SourcePackages/checkouts/swift-nio/Sources/CNIOPosix/include
2026-04-22T16:43:53.1607770Z  /Users/runner/work/tcm-storage-ios/tcm-storage-ios/build/SourcePackages/checkouts/swift-nio/Sources/CNIOWASI/include
2026-04-22T16:43:53.1608200Z  /Users/runner/work/tcm-storage-ios/tcm-storage-ios/build/SourcePackages/checkouts/swift-nio/Sources/CNIOWindows/include
2026-04-22T16:43:53.1608560Z  /Users/runner/work/tcm-storage-ios/tcm-storage-ios/build/SourcePackages/checkouts/swift-nio/Sources/CNIOLinux/include
2026-04-22T16:43:53.1608830Z  /Users/runner/work/tcm-storage-ios/tcm-storage-ios/build/SourcePackages/checkouts/swift-nio/Sources/CNIODarwin/include
2026-04-22T16:43:53.1609100Z  /Users/runner/work/tcm-storage-ios/tcm-storage-ios/build/SourcePackages/checkouts/swift-nio/Sources/CNIOOpenBSD/include
2026-04-22T16:43:53.1609360Z  /Users/runner/work/tcm-storage-ios/tcm-storage-ios/build/SourcePackages/checkouts/swift-nio/Sources/CNIOAtomics/include
2026-04-22T16:43:53.1609670Z  /Users/runner/work/tcm-storage-ios/tcm-storage-ios/build/SourcePackages/checkouts/swift-nio-ssl/Sources/CNIOBoringSSLShims/include
2026-04-22T16:43:53.1609960Z  /Users/runner/work/tcm-storage-ios/tcm-storage-ios/build/SourcePackages/checkouts/swift-nio-ssl/Sources/CNIOBoringSSL/include
2026-04-22T16:43:53.1610230Z  /Users/runner/work/tcm-storage-ios/tcm-storage-ios/build/SourcePackages/checkouts/GzipSwift/Sources/system-zlib/include
2026-04-22T16:43:53.1610600Z  /Users/runner/work/tcm-storage-ios/tcm-storage-ios/build/Build/Intermediates.noindex/Nextcloud.build/Debug-iphonesimulator/Share.build/DerivedSources
2026-04-22T16:43:53.1610910Z  /Users/runner/work/tcm-storage-ios/tcm-storage-ios/build/Build/Products/Debug-iphonesimulator/PackageFrameworks (framework directory)
2026-04-22T16:43:53.1611170Z  /Users/runner/work/tcm-storage-ios/tcm-storage-ios/build/Build/Products/Debug-iphonesimulator (framework directory)
2026-04-22T16:43:53.1611490Z  /Applications/Xcode_26.2.app/Contents/Developer/Platforms/iPhoneSimulator.platform/Developer/Library/Frameworks (framework directory)
2026-04-22T16:43:53.1611920Z  /Applications/Xcode_26.2.app/Contents/Developer/Platforms/iPhoneSimulator.platform/Developer/SDKs/iPhoneSimulator26.2.sdk/Developer/Library/Frameworks (framework directory)
2026-04-22T16:43:53.1612170Z  /Applications/Xcode_26.2.app/Contents/Developer/Toolchains/XcodeDefault.xctoolchain/usr/lib/clang/17/include
2026-04-22T16:43:53.1612490Z  /Applications/Xcode_26.2.app/Contents/Developer/Platforms/iPhoneSimulator.platform/Developer/SDKs/iPhoneSimulator26.2.sdk/usr/include
2026-04-22T16:43:53.1612690Z  /Applications/Xcode_26.2.app/Contents/Developer/Toolchains/XcodeDefault.xctoolchain/usr/include
2026-04-22T16:43:53.1613100Z  /Applications/Xcode_26.2.app/Contents/Developer/Platforms/iPhoneSimulator.platform/Developer/SDKs/iPhoneSimulator26.2.sdk/System/Library/Frameworks (framework directory)
2026-04-22T16:43:53.1613530Z  /Applications/Xcode_26.2.app/Contents/Developer/Platforms/iPhoneSimulator.platform/Developer/SDKs/iPhoneSimulator26.2.sdk/System/Library/SubFrameworks (framework directory)
2026-04-22T16:43:53.1613580Z End of search list.
2026-04-22T16:43:53.1613660Z Apple clang version 17.0.0 (clang-1700.6.3.2)
2026-04-22T16:43:53.1613720Z Target: arm64-apple-ios17.0-simulator
2026-04-22T16:43:53.1613770Z Thread model: posix
2026-04-22T16:43:53.1614010Z InstalledDir: /Applications/Xcode_26.2.app/Contents/Developer/Toolchains/XcodeDefault.xctoolchain/usr/bin
2026-04-22T16:43:53.1614170Z clang -cc1 version 17.0.0 (clang-1700.6.3.2) default target arm64-apple-darwin24.6.0
2026-04-22T16:43:53.1614490Z ignoring nonexistent directory "/Users/runner/work/tcm-storage-ios/tcm-storage-ios/build/Build/Products/Debug-iphonesimulator/include"
2026-04-22T16:43:53.1614980Z ignoring nonexistent directory "/Users/runner/work/tcm-storage-ios/tcm-storage-ios/build/Build/Intermediates.noindex/Nextcloud.build/Debug-iphonesimulator/Share.build/DerivedSources-normal/arm64"
2026-04-22T16:43:53.1615440Z ignoring nonexistent directory "/Users/runner/work/tcm-storage-ios/tcm-storage-ios/build/Build/Intermediates.noindex/Nextcloud.build/Debug-iphonesimulator/Share.build/DerivedSources/arm64"
2026-04-22T16:43:53.1615850Z ignoring nonexistent directory "/Applications/Xcode_26.2.app/Contents/Developer/Platforms/iPhoneSimulator.platform/Developer/SDKs/iPhoneSimulator26.2.sdk/usr/local/include"
2026-04-22T16:43:53.1616550Z ignoring nonexistent directory "/Applications/Xcode_26.2.app/Contents/Developer/Platforms/iPhoneSimulator.platform/Developer/SDKs/iPhoneSimulator26.2.sdk/Library/Frameworks"
2026-04-22T16:43:53.1616920Z ignoring duplicate directory "/Users/runner/work/tcm-storage-ios/tcm-storage-ios/build/Build/Products/Debug-iphonesimulator/PackageFrameworks"
2026-04-22T16:43:53.1617250Z ignoring duplicate directory "/Users/runner/work/tcm-storage-ios/tcm-storage-ios/build/Build/Products/Debug-iphonesimulator/PackageFrameworks"
2026-04-22T16:43:53.1617580Z ignoring duplicate directory "/Users/runner/work/tcm-storage-ios/tcm-storage-ios/build/Build/Products/Debug-iphonesimulator/PackageFrameworks"
2026-04-22T16:43:53.1617910Z ignoring duplicate directory "/Users/runner/work/tcm-storage-ios/tcm-storage-ios/build/Build/Products/Debug-iphonesimulator/PackageFrameworks"
2026-04-22T16:43:53.1618250Z ignoring duplicate directory "/Users/runner/work/tcm-storage-ios/tcm-storage-ios/build/Build/Products/Debug-iphonesimulator/PackageFrameworks"
2026-04-22T16:43:53.1618580Z ignoring duplicate directory "/Users/runner/work/tcm-storage-ios/tcm-storage-ios/build/Build/Products/Debug-iphonesimulator/PackageFrameworks"
2026-04-22T16:43:53.1618900Z ignoring duplicate directory "/Users/runner/work/tcm-storage-ios/tcm-storage-ios/build/Build/Products/Debug-iphonesimulator/PackageFrameworks"
2026-04-22T16:43:53.1619230Z ignoring duplicate directory "/Users/runner/work/tcm-storage-ios/tcm-storage-ios/build/Build/Products/Debug-iphonesimulator/PackageFrameworks"
2026-04-22T16:43:53.1619560Z ignoring duplicate directory "/Users/runner/work/tcm-storage-ios/tcm-storage-ios/build/Build/Products/Debug-iphonesimulator/PackageFrameworks"
2026-04-22T16:43:53.1619880Z ignoring duplicate directory "/Users/runner/work/tcm-storage-ios/tcm-storage-ios/build/Build/Products/Debug-iphonesimulator/PackageFrameworks"
2026-04-22T16:43:53.1620210Z ignoring duplicate directory "/Users/runner/work/tcm-storage-ios/tcm-storage-ios/build/Build/Products/Debug-iphonesimulator/PackageFrameworks"
2026-04-22T16:43:53.1620540Z ignoring duplicate directory "/Users/runner/work/tcm-storage-ios/tcm-storage-ios/build/Build/Products/Debug-iphonesimulator/PackageFrameworks"
2026-04-22T16:43:53.1620870Z ignoring duplicate directory "/Users/runner/work/tcm-storage-ios/tcm-storage-ios/build/Build/Products/Debug-iphonesimulator/PackageFrameworks"
2026-04-22T16:43:53.1621200Z ignoring duplicate directory "/Users/runner/work/tcm-storage-ios/tcm-storage-ios/build/Build/Products/Debug-iphonesimulator/PackageFrameworks"
2026-04-22T16:43:53.1621520Z ignoring duplicate directory "/Users/runner/work/tcm-storage-ios/tcm-storage-ios/build/Build/Products/Debug-iphonesimulator/PackageFrameworks"
2026-04-22T16:43:53.1621870Z ignoring duplicate directory "/Users/runner/work/tcm-storage-ios/tcm-storage-ios/build/Build/Products/Debug-iphonesimulator/PackageFrameworks"
2026-04-22T16:43:53.1622220Z ignoring duplicate directory "/Users/runner/work/tcm-storage-ios/tcm-storage-ios/build/Build/Products/Debug-iphonesimulator/PackageFrameworks"
2026-04-22T16:43:53.1622660Z ignoring duplicate directory "/Users/runner/work/tcm-storage-ios/tcm-storage-ios/build/Build/Products/Debug-iphonesimulator/PackageFrameworks"
2026-04-22T16:43:53.1622990Z ignoring duplicate directory "/Users/runner/work/tcm-storage-ios/tcm-storage-ios/build/Build/Products/Debug-iphonesimulator/PackageFrameworks"
2026-04-22T16:43:53.1623310Z ignoring duplicate directory "/Users/runner/work/tcm-storage-ios/tcm-storage-ios/build/Build/Products/Debug-iphonesimulator/PackageFrameworks"
2026-04-22T16:43:53.1623640Z ignoring duplicate directory "/Users/runner/work/tcm-storage-ios/tcm-storage-ios/build/Build/Products/Debug-iphonesimulator/PackageFrameworks"
2026-04-22T16:43:53.1623960Z ignoring duplicate directory "/Users/runner/work/tcm-storage-ios/tcm-storage-ios/build/Build/Products/Debug-iphonesimulator/PackageFrameworks"
2026-04-22T16:43:53.1624400Z ignoring duplicate directory "/Users/runner/work/tcm-storage-ios/tcm-storage-ios/build/Build/Products/Debug-iphonesimulator/PackageFrameworks"
2026-04-22T16:43:53.1624930Z ignoring duplicate directory "/Users/runner/work/tcm-storage-ios/tcm-storage-ios/build/Build/Products/Debug-iphonesimulator/PackageFrameworks"
2026-04-22T16:43:53.1628140Z ignoring duplicate directory "/Users/runner/work/tcm-storage-ios/tcm-storage-ios/build/Build/Products/Debug-iphonesimulator/PackageFrameworks"
2026-04-22T16:43:53.1633670Z ignoring duplicate directory "/Users/runner/work/tcm-storage-ios/tcm-storage-ios/build/Build/Products/Debug-iphonesimulator/PackageFrameworks"
2026-04-22T16:43:53.1634050Z ignoring duplicate directory "/Users/runner/work/tcm-storage-ios/tcm-storage-ios/build/Build/Products/Debug-iphonesimulator/PackageFrameworks"
2026-04-22T16:43:53.1634380Z ignoring duplicate directory "/Users/runner/work/tcm-storage-ios/tcm-storage-ios/build/Build/Products/Debug-iphonesimulator/PackageFrameworks"
2026-04-22T16:43:53.1634720Z ignoring duplicate directory "/Users/runner/work/tcm-storage-ios/tcm-storage-ios/build/Build/Products/Debug-iphonesimulator/PackageFrameworks"
2026-04-22T16:43:53.1635040Z ignoring duplicate directory "/Users/runner/work/tcm-storage-ios/tcm-storage-ios/build/Build/Products/Debug-iphonesimulator/PackageFrameworks"
2026-04-22T16:43:53.1636630Z ignoring duplicate directory "/Users/runner/work/tcm-storage-ios/tcm-storage-ios/build/Build/Products/Debug-iphonesimulator/PackageFrameworks"
2026-04-22T16:43:53.1638150Z ignoring duplicate directory "/Users/runner/work/tcm-storage-ios/tcm-storage-ios/build/Build/Products/Debug-iphonesimulator/PackageFrameworks"
2026-04-22T16:43:53.1638500Z ignoring duplicate directory "/Users/runner/work/tcm-storage-ios/tcm-storage-ios/build/Build/Products/Debug-iphonesimulator/PackageFrameworks"
2026-04-22T16:43:53.1638840Z ignoring duplicate directory "/Users/runner/work/tcm-storage-ios/tcm-storage-ios/build/Build/Products/Debug-iphonesimulator/PackageFrameworks"
2026-04-22T16:43:53.1639180Z ignoring duplicate directory "/Users/runner/work/tcm-storage-ios/tcm-storage-ios/build/Build/Products/Debug-iphonesimulator/PackageFrameworks"
2026-04-22T16:43:53.1639570Z ignoring duplicate directory "/Users/runner/work/tcm-storage-ios/tcm-storage-ios/build/Build/Products/Debug-iphonesimulator/PackageFrameworks"
2026-04-22T16:43:53.1639960Z ignoring duplicate directory "/Users/runner/work/tcm-storage-ios/tcm-storage-ios/build/Build/Products/Debug-iphonesimulator/PackageFrameworks"
2026-04-22T16:43:53.1640300Z ignoring duplicate directory "/Users/runner/work/tcm-storage-ios/tcm-storage-ios/build/Build/Products/Debug-iphonesimulator/PackageFrameworks"
2026-04-22T16:43:53.1640650Z ignoring duplicate directory "/Users/runner/work/tcm-storage-ios/tcm-storage-ios/build/Build/Products/Debug-iphonesimulator/PackageFrameworks"
2026-04-22T16:43:53.1640980Z ignoring duplicate directory "/Users/runner/work/tcm-storage-ios/tcm-storage-ios/build/Build/Products/Debug-iphonesimulator/PackageFrameworks"
2026-04-22T16:43:53.1641040Z #include "..." search starts here:
2026-04-22T16:43:53.1642010Z  /Users/runner/work/tcm-storage-ios/tcm-storage-ios/build/Build/Intermediates.noindex/Nextcloud.build/Debug-iphonesimulator/Share.build/Share-generated-files.hmap (headermap)
2026-04-22T16:43:53.1642460Z  /Users/runner/work/tcm-storage-ios/tcm-storage-ios/build/Build/Intermediates.noindex/Nextcloud.build/Debug-iphonesimulator/Share.build/Share-project-headers.hmap (headermap)
2026-04-22T16:43:53.1642520Z #include <...> search starts here:
2026-04-22T16:43:53.1642960Z  /Users/runner/work/tcm-storage-ios/tcm-storage-ios/build/Build/Intermediates.noindex/Nextcloud.build/Debug-iphonesimulator/Share.build/Share-own-target-headers.hmap (headermap)
2026-04-22T16:43:53.1643970Z  /Users/runner/work/tcm-storage-ios/tcm-storage-ios/build/Build/Intermediates.noindex/Nextcloud.build/Debug-iphonesimulator/Share.build/Share-all-non-framework-target-headers.hmap (headermap)
2026-04-22T16:43:53.1644350Z  /Users/runner/work/tcm-storage-ios/tcm-storage-ios/build/SourcePackages/checkouts/realm-core/src
2026-04-22T16:43:53.1644620Z  /Users/runner/work/tcm-storage-ios/tcm-storage-ios/build/SourcePackages/checkouts/realm-core/src/external/s2
2026-04-22T16:43:53.1645060Z  /Users/runner/work/tcm-storage-ios/tcm-storage-ios/build/SourcePackages/checkouts/realm-core/src/external/IntelRDFPMathLib20U2/LIBRARY/src
2026-04-22T16:43:53.1645290Z  /Users/runner/work/tcm-storage-ios/tcm-storage-ios/build/SourcePackages/checkouts/realm-core/src/spm
2026-04-22T16:43:53.1647440Z  /Users/runner/work/tcm-storage-ios/tcm-storage-ios/build/SourcePackages/checkouts/realm-swift/include
2026-04-22T16:43:53.1647800Z  /Users/runner/work/tcm-storage-ios/tcm-storage-ios/build/SourcePackages/checkouts/swift-atomics/Sources/_AtomicsShims/include
2026-04-22T16:43:53.1648070Z  /Users/runner/work/tcm-storage-ios/tcm-storage-ios/build/SourcePackages/checkouts/swift-nio/Sources/CNIOPosix/include
2026-04-22T16:43:53.1648330Z  /Users/runner/work/tcm-storage-ios/tcm-storage-ios/build/SourcePackages/checkouts/swift-nio/Sources/CNIOWASI/include
2026-04-22T16:43:53.1648620Z  /Users/runner/work/tcm-storage-ios/tcm-storage-ios/build/SourcePackages/checkouts/swift-nio/Sources/CNIOWindows/include
2026-04-22T16:43:53.1648920Z  /Users/runner/work/tcm-storage-ios/tcm-storage-ios/build/SourcePackages/checkouts/swift-nio/Sources/CNIOLinux/include
2026-04-22T16:43:53.1649200Z  /Users/runner/work/tcm-storage-ios/tcm-storage-ios/build/SourcePackages/checkouts/swift-nio/Sources/CNIODarwin/include
2026-04-22T16:43:53.1649480Z  /Users/runner/work/tcm-storage-ios/tcm-storage-ios/build/SourcePackages/checkouts/swift-nio/Sources/CNIOOpenBSD/include
2026-04-22T16:43:53.1649750Z  /Users/runner/work/tcm-storage-ios/tcm-storage-ios/build/SourcePackages/checkouts/swift-nio/Sources/CNIOAtomics/include
2026-04-22T16:43:53.1650050Z  /Users/runner/work/tcm-storage-ios/tcm-storage-ios/build/SourcePackages/checkouts/swift-nio-ssl/Sources/CNIOBoringSSLShims/include
2026-04-22T16:43:53.1650360Z  /Users/runner/work/tcm-storage-ios/tcm-storage-ios/build/SourcePackages/checkouts/swift-nio-ssl/Sources/CNIOBoringSSL/include
2026-04-22T16:43:53.1650640Z  /Users/runner/work/tcm-storage-ios/tcm-storage-ios/build/SourcePackages/checkouts/GzipSwift/Sources/system-zlib/include
2026-04-22T16:43:53.1651030Z  /Users/runner/work/tcm-storage-ios/tcm-storage-ios/build/Build/Intermediates.noindex/Nextcloud.build/Debug-iphonesimulator/Share.build/DerivedSources
2026-04-22T16:43:53.1651350Z  /Users/runner/work/tcm-storage-ios/tcm-storage-ios/build/Build/Products/Debug-iphonesimulator/PackageFrameworks (framework directory)
2026-04-22T16:43:53.1651610Z  /Users/runner/work/tcm-storage-ios/tcm-storage-ios/build/Build/Products/Debug-iphonesimulator (framework directory)
2026-04-22T16:43:53.1651920Z  /Applications/Xcode_26.2.app/Contents/Developer/Platforms/iPhoneSimulator.platform/Developer/Library/Frameworks (framework directory)
2026-04-22T16:43:53.1652340Z  /Applications/Xcode_26.2.app/Contents/Developer/Platforms/iPhoneSimulator.platform/Developer/SDKs/iPhoneSimulator26.2.sdk/Developer/Library/Frameworks (framework directory)
2026-04-22T16:43:53.1652600Z  /Applications/Xcode_26.2.app/Contents/Developer/Toolchains/XcodeDefault.xctoolchain/usr/lib/clang/17/include
2026-04-22T16:43:53.1652920Z  /Applications/Xcode_26.2.app/Contents/Developer/Platforms/iPhoneSimulator.platform/Developer/SDKs/iPhoneSimulator26.2.sdk/usr/include
2026-04-22T16:43:53.1653120Z  /Applications/Xcode_26.2.app/Contents/Developer/Toolchains/XcodeDefault.xctoolchain/usr/include
2026-04-22T16:43:53.1653530Z  /Applications/Xcode_26.2.app/Contents/Developer/Platforms/iPhoneSimulator.platform/Developer/SDKs/iPhoneSimulator26.2.sdk/System/Library/Frameworks (framework directory)
2026-04-22T16:43:53.1653950Z  /Applications/Xcode_26.2.app/Contents/Developer/Platforms/iPhoneSimulator.platform/Developer/SDKs/iPhoneSimulator26.2.sdk/System/Library/SubFrameworks (framework directory)
2026-04-22T16:43:53.1654000Z End of search list.
2026-04-22T16:43:53.1654310Z clang -cc1 version 17.0.0 (clang-1700.6.3.2) default target arm64-apple-darwin24.6.0
2026-04-22T16:43:53.1654680Z ignoring nonexistent directory "/Users/runner/work/tcm-storage-ios/tcm-storage-ios/build/Build/Products/Debug-iphonesimulator/include"
2026-04-22T16:43:53.1655160Z ignoring nonexistent directory "/Users/runner/work/tcm-storage-ios/tcm-storage-ios/build/Build/Intermediates.noindex/Nextcloud.build/Debug-iphonesimulator/Share.build/DerivedSources-normal/arm64"
2026-04-22T16:43:53.1655630Z ignoring nonexistent directory "/Users/runner/work/tcm-storage-ios/tcm-storage-ios/build/Build/Intermediates.noindex/Nextcloud.build/Debug-iphonesimulator/Share.build/DerivedSources/arm64"
2026-04-22T16:43:53.1656050Z ignoring nonexistent directory "/Applications/Xcode_26.2.app/Contents/Developer/Platforms/iPhoneSimulator.platform/Developer/SDKs/iPhoneSimulator26.2.sdk/usr/local/include"
2026-04-22T16:43:53.1656460Z ignoring nonexistent directory "/Applications/Xcode_26.2.app/Contents/Developer/Platforms/iPhoneSimulator.platform/Developer/SDKs/iPhoneSimulator26.2.sdk/Library/Frameworks"
2026-04-22T16:43:53.1656800Z ignoring duplicate directory "/Users/runner/work/tcm-storage-ios/tcm-storage-ios/build/Build/Products/Debug-iphonesimulator/PackageFrameworks"
2026-04-22T16:43:53.1657130Z ignoring duplicate directory "/Users/runner/work/tcm-storage-ios/tcm-storage-ios/build/Build/Products/Debug-iphonesimulator/PackageFrameworks"
2026-04-22T16:43:53.1657270Z Apple clang version 17.0.0 (clang-1700.6.3.2)ignoring duplicate directory "
2026-04-22T16:43:53.1657550Z /Users/runner/work/tcm-storage-ios/tcm-storage-ios/build/Build/Products/Debug-iphonesimulator/PackageFrameworksTarget: "
2026-04-22T16:43:53.1657670Z arm64-apple-ios17.0-simulatorignoring duplicate directory "
2026-04-22T16:43:53.1657970Z /Users/runner/work/tcm-storage-ios/tcm-storage-ios/build/Build/Products/Debug-iphonesimulator/PackageFrameworksThread model: "
2026-04-22T16:43:53.1658310Z ignoring duplicate directory "posix/Users/runner/work/tcm-storage-ios/tcm-storage-ios/build/Build/Products/Debug-iphonesimulator/PackageFrameworks
2026-04-22T16:43:53.1658360Z "
2026-04-22T16:43:53.1658980Z InstalledDir: ignoring duplicate directory "/Applications/Xcode_26.2.app/Contents/Developer/Toolchains/XcodeDefault.xctoolchain/usr/bin/Users/runner/work/tcm-storage-ios/tcm-storage-ios/build/Build/Products/Debug-iphonesimulator/PackageFrameworks
2026-04-22T16:43:53.1659020Z "
2026-04-22T16:43:53.1659350Z ignoring duplicate directory "/Users/runner/work/tcm-storage-ios/tcm-storage-ios/build/Build/Products/Debug-iphonesimulator/PackageFrameworks"
2026-04-22T16:43:53.1659680Z ignoring duplicate directory "/Users/runner/work/tcm-storage-ios/tcm-storage-ios/build/Build/Products/Debug-iphonesimulator/PackageFrameworks"
2026-04-22T16:43:53.1660010Z ignoring duplicate directory "/Users/runner/work/tcm-storage-ios/tcm-storage-ios/build/Build/Products/Debug-iphonesimulator/PackageFrameworks"
2026-04-22T16:43:53.1660340Z ignoring duplicate directory "/Users/runner/work/tcm-storage-ios/tcm-storage-ios/build/Build/Products/Debug-iphonesimulator/PackageFrameworks"
2026-04-22T16:43:53.1660670Z ignoring duplicate directory "/Users/runner/work/tcm-storage-ios/tcm-storage-ios/build/Build/Products/Debug-iphonesimulator/PackageFrameworks"
2026-04-22T16:43:53.1661010Z ignoring duplicate directory "/Users/runner/work/tcm-storage-ios/tcm-storage-ios/build/Build/Products/Debug-iphonesimulator/PackageFrameworks"
2026-04-22T16:43:53.1661340Z ignoring duplicate directory "/Users/runner/work/tcm-storage-ios/tcm-storage-ios/build/Build/Products/Debug-iphonesimulator/PackageFrameworks"
2026-04-22T16:43:53.1661660Z ignoring duplicate directory "/Users/runner/work/tcm-storage-ios/tcm-storage-ios/build/Build/Products/Debug-iphonesimulator/PackageFrameworks"
2026-04-22T16:43:53.1661980Z ignoring duplicate directory "/Users/runner/work/tcm-storage-ios/tcm-storage-ios/build/Build/Products/Debug-iphonesimulator/PackageFrameworks"
2026-04-22T16:43:53.1662300Z ignoring duplicate directory "/Users/runner/work/tcm-storage-ios/tcm-storage-ios/build/Build/Products/Debug-iphonesimulator/PackageFrameworks"
2026-04-22T16:43:53.1663320Z ignoring duplicate directory "/Users/runner/work/tcm-storage-ios/tcm-storage-ios/build/Build/Products/Debug-iphonesimulator/PackageFrameworks"
2026-04-22T16:43:53.1663670Z ignoring duplicate directory "/Users/runner/work/tcm-storage-ios/tcm-storage-ios/build/Build/Products/Debug-iphonesimulator/PackageFrameworks"
2026-04-22T16:43:53.1664000Z ignoring duplicate directory "/Users/runner/work/tcm-storage-ios/tcm-storage-ios/build/Build/Products/Debug-iphonesimulator/PackageFrameworks"
2026-04-22T16:43:53.1664320Z ignoring duplicate directory "/Users/runner/work/tcm-storage-ios/tcm-storage-ios/build/Build/Products/Debug-iphonesimulator/PackageFrameworks"
2026-04-22T16:43:53.1665010Z ignoring duplicate directory "/Users/runner/work/tcm-storage-ios/tcm-storage-ios/build/Build/Products/Debug-iphonesimulator/PackageFrameworks"
2026-04-22T16:43:53.1665340Z ignoring duplicate directory "/Users/runner/work/tcm-storage-ios/tcm-storage-ios/build/Build/Products/Debug-iphonesimulator/PackageFrameworks"
2026-04-22T16:43:53.1665670Z ignoring duplicate directory "/Users/runner/work/tcm-storage-ios/tcm-storage-ios/build/Build/Products/Debug-iphonesimulator/PackageFrameworks"
2026-04-22T16:43:53.1671200Z ignoring duplicate directory "/Users/runner/work/tcm-storage-ios/tcm-storage-ios/build/Build/Products/Debug-iphonesimulator/PackageFrameworks"
2026-04-22T16:43:53.1671590Z ignoring duplicate directory "/Users/runner/work/tcm-storage-ios/tcm-storage-ios/build/Build/Products/Debug-iphonesimulator/PackageFrameworks"
2026-04-22T16:43:53.1671950Z ignoring duplicate directory "/Users/runner/work/tcm-storage-ios/tcm-storage-ios/build/Build/Products/Debug-iphonesimulator/PackageFrameworks"
2026-04-22T16:43:53.1672290Z ignoring duplicate directory "/Users/runner/work/tcm-storage-ios/tcm-storage-ios/build/Build/Products/Debug-iphonesimulator/PackageFrameworks"
2026-04-22T16:43:53.1798530Z ignoring duplicate directory "/Users/runner/work/tcm-storage-ios/tcm-storage-ios/build/Build/Products/Debug-iphonesimulator/PackageFrameworks"
2026-04-22T16:43:53.1799040Z ignoring duplicate directory "/Users/runner/work/tcm-storage-ios/tcm-storage-ios/build/Build/Products/Debug-iphonesimulator/PackageFrameworks"
2026-04-22T16:43:53.1799390Z ignoring duplicate directory "/Users/runner/work/tcm-storage-ios/tcm-storage-ios/build/Build/Products/Debug-iphonesimulator/PackageFrameworks"
2026-04-22T16:43:53.1799720Z ignoring duplicate directory "/Users/runner/work/tcm-storage-ios/tcm-storage-ios/build/Build/Products/Debug-iphonesimulator/PackageFrameworks"
2026-04-22T16:43:53.1800060Z ignoring duplicate directory "/Users/runner/work/tcm-storage-ios/tcm-storage-ios/build/Build/Products/Debug-iphonesimulator/PackageFrameworks"
2026-04-22T16:43:53.1800380Z ignoring duplicate directory "/Users/runner/work/tcm-storage-ios/tcm-storage-ios/build/Build/Products/Debug-iphonesimulator/PackageFrameworks"
2026-04-22T16:43:53.1800720Z ignoring duplicate directory "/Users/runner/work/tcm-storage-ios/tcm-storage-ios/build/Build/Products/Debug-iphonesimulator/PackageFrameworks"
2026-04-22T16:43:53.1801050Z ignoring duplicate directory "/Users/runner/work/tcm-storage-ios/tcm-storage-ios/build/Build/Products/Debug-iphonesimulator/PackageFrameworks"
2026-04-22T16:43:53.1801380Z ignoring duplicate directory "/Users/runner/work/tcm-storage-ios/tcm-storage-ios/build/Build/Products/Debug-iphonesimulator/PackageFrameworks"
2026-04-22T16:43:53.1801710Z ignoring duplicate directory "/Users/runner/work/tcm-storage-ios/tcm-storage-ios/build/Build/Products/Debug-iphonesimulator/PackageFrameworks"
2026-04-22T16:43:53.1802060Z ignoring duplicate directory "/Users/runner/work/tcm-storage-ios/tcm-storage-ios/build/Build/Products/Debug-iphonesimulator/PackageFrameworks"
2026-04-22T16:43:53.1802420Z ignoring duplicate directory "/Users/runner/work/tcm-storage-ios/tcm-storage-ios/build/Build/Products/Debug-iphonesimulator/PackageFrameworks"
2026-04-22T16:43:53.1802790Z ignoring duplicate directory "/Users/runner/work/tcm-storage-ios/tcm-storage-ios/build/Build/Products/Debug-iphonesimulator/PackageFrameworks"
2026-04-22T16:43:53.1803220Z #include "..." search starts here:
2026-04-22T16:43:53.1803870Z  /Users/runner/work/tcm-storage-ios/tcm-storage-ios/build/Build/Intermediates.noindex/Nextcloud.build/Debug-iphonesimulator/Share.build/Share-generated-files.hmap (headermap)
2026-04-22T16:43:53.1804340Z  /Users/runner/work/tcm-storage-ios/tcm-storage-ios/build/Build/Intermediates.noindex/Nextcloud.build/Debug-iphonesimulator/Share.build/Share-project-headers.hmap (headermap)
2026-04-22T16:43:53.1804400Z #include <...> search starts here:
2026-04-22T16:43:53.1804840Z  /Users/runner/work/tcm-storage-ios/tcm-storage-ios/build/Build/Intermediates.noindex/Nextcloud.build/Debug-iphonesimulator/Share.build/Share-own-target-headers.hmap (headermap)
2026-04-22T16:43:53.1805340Z  /Users/runner/work/tcm-storage-ios/tcm-storage-ios/build/Build/Intermediates.noindex/Nextcloud.build/Debug-iphonesimulator/Share.build/Share-all-non-framework-target-headers.hmap (headermap)
2026-04-22T16:43:53.1805560Z  /Users/runner/work/tcm-storage-ios/tcm-storage-ios/build/SourcePackages/checkouts/realm-core/src
2026-04-22T16:43:53.1805810Z  /Users/runner/work/tcm-storage-ios/tcm-storage-ios/build/SourcePackages/checkouts/realm-core/src/external/s2
2026-04-22T16:43:53.1806140Z  /Users/runner/work/tcm-storage-ios/tcm-storage-ios/build/SourcePackages/checkouts/realm-core/src/external/IntelRDFPMathLib20U2/LIBRARY/src
2026-04-22T16:43:53.1806350Z  /Users/runner/work/tcm-storage-ios/tcm-storage-ios/build/SourcePackages/checkouts/realm-core/src/spm
2026-04-22T16:43:53.1806590Z  /Users/runner/work/tcm-storage-ios/tcm-storage-ios/build/SourcePackages/checkouts/realm-swift/include
2026-04-22T16:43:53.1806890Z  /Users/runner/work/tcm-storage-ios/tcm-storage-ios/build/SourcePackages/checkouts/swift-atomics/Sources/_AtomicsShims/include
2026-04-22T16:43:53.1807170Z  /Users/runner/work/tcm-storage-ios/tcm-storage-ios/build/SourcePackages/checkouts/swift-nio/Sources/CNIOPosix/include
2026-04-22T16:43:53.1807450Z  /Users/runner/work/tcm-storage-ios/tcm-storage-ios/build/SourcePackages/checkouts/swift-nio/Sources/CNIOWASI/include
2026-04-22T16:43:53.1807720Z  /Users/runner/work/tcm-storage-ios/tcm-storage-ios/build/SourcePackages/checkouts/swift-nio/Sources/CNIOWindows/include
2026-04-22T16:43:53.1807980Z  /Users/runner/work/tcm-storage-ios/tcm-storage-ios/build/SourcePackages/checkouts/swift-nio/Sources/CNIOLinux/include
2026-04-22T16:43:53.1808240Z  /Users/runner/work/tcm-storage-ios/tcm-storage-ios/build/SourcePackages/checkouts/swift-nio/Sources/CNIODarwin/include
2026-04-22T16:43:53.1808510Z  /Users/runner/work/tcm-storage-ios/tcm-storage-ios/build/SourcePackages/checkouts/swift-nio/Sources/CNIOOpenBSD/include
2026-04-22T16:43:53.1808780Z  /Users/runner/work/tcm-storage-ios/tcm-storage-ios/build/SourcePackages/checkouts/swift-nio/Sources/CNIOAtomics/include
2026-04-22T16:43:53.1809080Z  /Users/runner/work/tcm-storage-ios/tcm-storage-ios/build/SourcePackages/checkouts/swift-nio-ssl/Sources/CNIOBoringSSLShims/include
2026-04-22T16:43:53.1809370Z  /Users/runner/work/tcm-storage-ios/tcm-storage-ios/build/SourcePackages/checkouts/swift-nio-ssl/Sources/CNIOBoringSSL/include
2026-04-22T16:43:53.1809650Z  /Users/runner/work/tcm-storage-ios/tcm-storage-ios/build/SourcePackages/checkouts/GzipSwift/Sources/system-zlib/include
2026-04-22T16:43:53.1810010Z  /Users/runner/work/tcm-storage-ios/tcm-storage-ios/build/Build/Intermediates.noindex/Nextcloud.build/Debug-iphonesimulator/Share.build/DerivedSources
2026-04-22T16:43:53.1810330Z  /Users/runner/work/tcm-storage-ios/tcm-storage-ios/build/Build/Products/Debug-iphonesimulator/PackageFrameworks (framework directory)
2026-04-22T16:43:53.1810590Z  /Users/runner/work/tcm-storage-ios/tcm-storage-ios/build/Build/Products/Debug-iphonesimulator (framework directory)
2026-04-22T16:43:53.1810900Z  /Applications/Xcode_26.2.app/Contents/Developer/Platforms/iPhoneSimulator.platform/Developer/Library/Frameworks (framework directory)
2026-04-22T16:43:53.1811410Z  /Applications/Xcode_26.2.app/Contents/Developer/Platforms/iPhoneSimulator.platform/Developer/SDKs/iPhoneSimulator26.2.sdk/Developer/Library/Frameworks (framework directory)
2026-04-22T16:43:53.1811720Z  /Applications/Xcode_26.2.app/Contents/Developer/Toolchains/XcodeDefault.xctoolchain/usr/lib/clang/17/include
2026-04-22T16:43:53.1812050Z  /Applications/Xcode_26.2.app/Contents/Developer/Platforms/iPhoneSimulator.platform/Developer/SDKs/iPhoneSimulator26.2.sdk/usr/include
2026-04-22T16:43:53.1812250Z  /Applications/Xcode_26.2.app/Contents/Developer/Toolchains/XcodeDefault.xctoolchain/usr/include
2026-04-22T16:43:53.1812670Z  /Applications/Xcode_26.2.app/Contents/Developer/Platforms/iPhoneSimulator.platform/Developer/SDKs/iPhoneSimulator26.2.sdk/System/Library/Frameworks (framework directory)
2026-04-22T16:43:53.1820400Z  /Applications/Xcode_26.2.app/Contents/Developer/Platforms/iPhoneSimulator.platform/Developer/SDKs/iPhoneSimulator26.2.sdk/System/Library/SubFrameworks (framework directory)
2026-04-22T16:43:53.1820500Z End of search list.
2026-04-22T16:43:53.1820680Z clang -cc1 version 17.0.0 (clang-1700.6.3.2) default target arm64-apple-darwin24.6.0
2026-04-22T16:43:53.1821000Z ignoring nonexistent directory "/Users/runner/work/tcm-storage-ios/tcm-storage-ios/build/Build/Products/Debug-iphonesimulator/include"
2026-04-22T16:43:53.1821560Z ignoring nonexistent directory "/Users/runner/work/tcm-storage-ios/tcm-storage-ios/build/Build/Intermediates.noindex/Nextcloud.build/Debug-iphonesimulator/Notification Service Extension.build/DerivedSources-normal/arm64"
2026-04-22T16:43:53.1824860Z ignoring nonexistent directory "/Users/runner/work/tcm-storage-ios/tcm-storage-ios/build/Build/Intermediates.noindex/Nextcloud.build/Debug-iphonesimulator/Notification Service Extension.build/DerivedSources/arm64"
2026-04-22T16:43:53.1825320Z ignoring nonexistent directory "/Applications/Xcode_26.2.app/Contents/Developer/Platforms/iPhoneSimulator.platform/Developer/SDKs/iPhoneSimulator26.2.sdk/usr/local/include"
2026-04-22T16:43:53.1825750Z ignoring nonexistent directory "/Applications/Xcode_26.2.app/Contents/Developer/Platforms/iPhoneSimulator.platform/Developer/SDKs/iPhoneSimulator26.2.sdk/Library/Frameworks"
2026-04-22T16:43:53.1826090Z ignoring duplicate directory "/Users/runner/work/tcm-storage-ios/tcm-storage-ios/build/Build/Products/Debug-iphonesimulator/PackageFrameworks"
2026-04-22T16:43:53.1826540Z ignoring duplicate directory "/Users/runner/work/tcm-storage-ios/tcm-storage-ios/build/Build/Products/Debug-iphonesimulator/PackageFrameworks"
2026-04-22T16:43:53.1826920Z ignoring duplicate directory "/Users/runner/work/tcm-storage-ios/tcm-storage-ios/build/Build/Products/Debug-iphonesimulator/PackageFrameworks"
2026-04-22T16:43:53.1827250Z ignoring duplicate directory "/Users/runner/work/tcm-storage-ios/tcm-storage-ios/build/Build/Products/Debug-iphonesimulator/PackageFrameworks"
2026-04-22T16:43:53.1827600Z ignoring duplicate directory "/Users/runner/work/tcm-storage-ios/tcm-storage-ios/build/Build/Products/Debug-iphonesimulator/PackageFrameworks"
2026-04-22T16:43:53.1827930Z ignoring duplicate directory "/Users/runner/work/tcm-storage-ios/tcm-storage-ios/build/Build/Products/Debug-iphonesimulator/PackageFrameworks"
2026-04-22T16:43:53.1828260Z ignoring duplicate directory "/Users/runner/work/tcm-storage-ios/tcm-storage-ios/build/Build/Products/Debug-iphonesimulator/PackageFrameworks"
2026-04-22T16:43:53.1828590Z ignoring duplicate directory "/Users/runner/work/tcm-storage-ios/tcm-storage-ios/build/Build/Products/Debug-iphonesimulator/PackageFrameworks"
2026-04-22T16:43:53.1828980Z ignoring duplicate directory "/Users/runner/work/tcm-storage-ios/tcm-storage-ios/build/Build/Products/Debug-iphonesimulator/PackageFrameworks"
2026-04-22T16:43:53.1829310Z ignoring duplicate directory "/Users/runner/work/tcm-storage-ios/tcm-storage-ios/build/Build/Products/Debug-iphonesimulator/PackageFrameworks"
2026-04-22T16:43:53.1829660Z ignoring duplicate directory "/Users/runner/work/tcm-storage-ios/tcm-storage-ios/build/Build/Products/Debug-iphonesimulator/PackageFrameworks"
2026-04-22T16:43:53.1830170Z ignoring duplicate directory "/Users/runner/work/tcm-storage-ios/tcm-storage-ios/build/Build/Products/Debug-iphonesimulator/PackageFrameworks"
2026-04-22T16:43:53.1830590Z ignoring duplicate directory "/Users/runner/work/tcm-storage-ios/tcm-storage-ios/build/Build/Products/Debug-iphonesimulator/PackageFrameworks"
2026-04-22T16:43:53.1830920Z ignoring duplicate directory "/Users/runner/work/tcm-storage-ios/tcm-storage-ios/build/Build/Products/Debug-iphonesimulator/PackageFrameworks"
2026-04-22T16:43:53.1831250Z ignoring duplicate directory "/Users/runner/work/tcm-storage-ios/tcm-storage-ios/build/Build/Products/Debug-iphonesimulator/PackageFrameworks"
2026-04-22T16:43:53.1831570Z ignoring duplicate directory "/Users/runner/work/tcm-storage-ios/tcm-storage-ios/build/Build/Products/Debug-iphonesimulator/PackageFrameworks"
2026-04-22T16:43:53.1831910Z ignoring duplicate directory "/Users/runner/work/tcm-storage-ios/tcm-storage-ios/build/Build/Products/Debug-iphonesimulator/PackageFrameworks"
2026-04-22T16:43:53.1832260Z ignoring duplicate directory "/Users/runner/work/tcm-storage-ios/tcm-storage-ios/build/Build/Products/Debug-iphonesimulator/PackageFrameworks"
2026-04-22T16:43:53.1832590Z ignoring duplicate directory "/Users/runner/work/tcm-storage-ios/tcm-storage-ios/build/Build/Products/Debug-iphonesimulator/PackageFrameworks"
2026-04-22T16:43:53.1832990Z ignoring duplicate directory "clang -cc1 version 17.0.0/Users/runner/work/tcm-storage-ios/tcm-storage-ios/build/Build/Products/Debug-iphonesimulator/PackageFrameworks "
2026-04-22T16:43:53.1833420Z ignoring duplicate directory "(clang-1700.6.3.2)/Users/runner/work/tcm-storage-ios/tcm-storage-ios/build/Build/Products/Debug-iphonesimulator/PackageFrameworks default target "
2026-04-22T16:43:53.1833750Z ignoring duplicate directory "/Users/runner/work/tcm-storage-ios/tcm-storage-ios/build/Build/Products/Debug-iphonesimulator/PackageFrameworks"
2026-04-22T16:43:53.1834080Z ignoring duplicate directory "/Users/runner/work/tcm-storage-ios/tcm-storage-ios/build/Build/Products/Debug-iphonesimulator/PackageFrameworks"
2026-04-22T16:43:53.1834410Z ignoring duplicate directory "/Users/runner/work/tcm-storage-ios/tcm-storage-ios/build/Build/Products/Debug-iphonesimulator/PackageFrameworks"
2026-04-22T16:43:53.1834730Z ignoring duplicate directory "/Users/runner/work/tcm-storage-ios/tcm-storage-ios/build/Build/Products/Debug-iphonesimulator/PackageFrameworks"
2026-04-22T16:43:53.1835060Z ignoring duplicate directory "/Users/runner/work/tcm-storage-ios/tcm-storage-ios/build/Build/Products/Debug-iphonesimulator/PackageFrameworks"
2026-04-22T16:43:53.1835390Z ignoring duplicate directory "/Users/runner/work/tcm-storage-ios/tcm-storage-ios/build/Build/Products/Debug-iphonesimulator/PackageFrameworks"
2026-04-22T16:43:53.1835710Z ignoring duplicate directory "/Users/runner/work/tcm-storage-ios/tcm-storage-ios/build/Build/Products/Debug-iphonesimulator/PackageFrameworks"
2026-04-22T16:43:53.1836040Z ignoring duplicate directory "/Users/runner/work/tcm-storage-ios/tcm-storage-ios/build/Build/Products/Debug-iphonesimulator/PackageFrameworks"
2026-04-22T16:43:53.1836370Z ignoring duplicate directory "/Users/runner/work/tcm-storage-ios/tcm-storage-ios/build/Build/Products/Debug-iphonesimulator/PackageFrameworks"
2026-04-22T16:43:53.1836700Z ignoring duplicate directory "/Users/runner/work/tcm-storage-ios/tcm-storage-ios/build/Build/Products/Debug-iphonesimulator/PackageFrameworks"
2026-04-22T16:43:53.1837020Z ignoring duplicate directory "/Users/runner/work/tcm-storage-ios/tcm-storage-ios/build/Build/Products/Debug-iphonesimulator/PackageFrameworks"
2026-04-22T16:43:53.1837350Z ignoring duplicate directory "/Users/runner/work/tcm-storage-ios/tcm-storage-ios/build/Build/Products/Debug-iphonesimulator/PackageFrameworks"
2026-04-22T16:43:53.1837680Z ignoring duplicate directory "/Users/runner/work/tcm-storage-ios/tcm-storage-ios/build/Build/Products/Debug-iphonesimulator/PackageFrameworks"
2026-04-22T16:43:53.1837940Z arm64-apple-darwin24.6.0
2026-04-22T16:43:53.1838000Z #include "..." search starts here:
2026-04-22T16:43:53.1838670Z  /Users/runner/work/tcm-storage-ios/tcm-storage-ios/build/Build/Intermediates.noindex/Nextcloud.build/Debug-iphonesimulator/Notification Service Extension.build/Notification Service Extension-generated-files.hmap (headermap)
2026-04-22T16:43:53.1839250Z  /Users/runner/work/tcm-storage-ios/tcm-storage-ios/build/Build/Intermediates.noindex/Nextcloud.build/Debug-iphonesimulator/Notification Service Extension.build/Notification Service Extension-project-headers.hmap (headermap)
2026-04-22T16:43:53.1839310Z #include <...> search starts here:
2026-04-22T16:43:53.1839900Z  /Users/runner/work/tcm-storage-ios/tcm-storage-ios/build/Build/Intermediates.noindex/Nextcloud.build/Debug-iphonesimulator/Notification Service Extension.build/Notification Service Extension-own-target-headers.hmap (headermap)
2026-04-22T16:43:53.1840520Z  /Users/runner/work/tcm-storage-ios/tcm-storage-ios/build/Build/Intermediates.noindex/Nextcloud.build/Debug-iphonesimulator/Notification Service Extension.build/Notification Service Extension-all-non-framework-target-headers.hmap (headermap)
2026-04-22T16:43:53.1840940Z  /Users/runner/work/tcm-storage-ios/tcm-storage-ios/build/SourcePackages/checkouts/swift-atomics/Sources/_AtomicsShims/include
2026-04-22T16:43:53.1841220Z  /Users/runner/work/tcm-storage-ios/tcm-storage-ios/build/SourcePackages/checkouts/swift-nio/Sources/CNIOPosix/include
2026-04-22T16:43:53.1841480Z  /Users/runner/work/tcm-storage-ios/tcm-storage-ios/build/SourcePackages/checkouts/swift-nio/Sources/CNIOWASI/include
2026-04-22T16:43:53.1841750Z  /Users/runner/work/tcm-storage-ios/tcm-storage-ios/build/SourcePackages/checkouts/swift-nio/Sources/CNIOWindows/include
2026-04-22T16:43:53.1842010Z  /Users/runner/work/tcm-storage-ios/tcm-storage-ios/build/SourcePackages/checkouts/swift-nio/Sources/CNIOLinux/include
2026-04-22T16:43:53.1842290Z  /Users/runner/work/tcm-storage-ios/tcm-storage-ios/build/SourcePackages/checkouts/swift-nio/Sources/CNIODarwin/include
2026-04-22T16:43:53.1842570Z  /Users/runner/work/tcm-storage-ios/tcm-storage-ios/build/SourcePackages/checkouts/swift-nio/Sources/CNIOOpenBSD/include
2026-04-22T16:43:53.1842930Z  ignoring nonexistent directory "/Users/runner/work/tcm-storage-ios/tcm-storage-ios/build/SourcePackages/checkouts/swift-nio/Sources/CNIOAtomics/include
2026-04-22T16:43:53.1843230Z  /Users/runner/work/tcm-storage-ios/tcm-storage-ios/build/SourcePackages/checkouts/swift-nio-ssl/Sources/CNIOBoringSSLShims/include
2026-04-22T16:43:53.1843520Z  /Users/runner/work/tcm-storage-ios/tcm-storage-ios/build/SourcePackages/checkouts/swift-nio-ssl/Sources/CNIOBoringSSL/include
2026-04-22T16:43:53.1843730Z  /Users/runner/work/tcm-storage-ios/tcm-storage-ios/build/SourcePackages/checkouts/realm-core/src
2026-04-22T16:43:53.1843970Z  /Users/runner/work/tcm-storage-ios/tcm-storage-ios/build/SourcePackages/checkouts/realm-core/src/external/s2
2026-04-22T16:43:53.1844300Z  /Users/runner/work/tcm-storage-ios/tcm-storage-ios/build/SourcePackages/checkouts/realm-core/src/external/IntelRDFPMathLib20U2/LIBRARY/src
2026-04-22T16:43:53.1844520Z  /Users/runner/work/tcm-storage-ios/tcm-storage-ios/build/SourcePackages/checkouts/realm-core/src/spm
2026-04-22T16:43:53.1844730Z  /Users/runner/work/tcm-storage-ios/tcm-storage-ios/build/SourcePackages/checkouts/realm-swift/include
2026-04-22T16:43:53.1845170Z  /Users/runner/work/tcm-storage-ios/tcm-storage-ios/build/Build/Intermediates.noindex/Nextcloud.build/Debug-iphonesimulator/Notification Service Extension.build/DerivedSources
2026-04-22T16:43:53.1845480Z  /Users/runner/work/tcm-storage-ios/tcm-storage-ios/build/Build/Products/Debug-iphonesimulator/PackageFrameworks (framework directory)
2026-04-22T16:43:53.1845740Z  /Users/runner/work/tcm-storage-ios/tcm-storage-ios/build/Build/Products/Debug-iphonesimulator (framework directory)
2026-04-22T16:43:53.1846070Z  /Applications/Xcode_26.2.app/Contents/Developer/Platforms/iPhoneSimulator.platform/Developer/Library/Frameworks (framework directory)
2026-04-22T16:43:53.1846600Z  /Applications/Xcode_26.2.app/Contents/Developer/Platforms/iPhoneSimulator.platform/Developer/SDKs/iPhoneSimulator26.2.sdk/Developer/Library/Frameworks (framework directory)
2026-04-22T16:43:53.1846900Z  /Applications/Xcode_26.2.app/Contents/Developer/Toolchains/XcodeDefault.xctoolchain/usr/lib/clang/17/include
2026-04-22T16:43:53.1847220Z  /Applications/Xcode_26.2.app/Contents/Developer/Platforms/iPhoneSimulator.platform/Developer/SDKs/iPhoneSimulator26.2.sdk/usr/include
2026-04-22T16:43:53.1847450Z  /Applications/Xcode_26.2.app/Contents/Developer/Toolchains/XcodeDefault.xctoolchain/usr/include
2026-04-22T16:43:53.1847870Z  /Applications/Xcode_26.2.app/Contents/Developer/Platforms/iPhoneSimulator.platform/Developer/SDKs/iPhoneSimulator26.2.sdk/System/Library/Frameworks (framework directory)
2026-04-22T16:43:53.1848290Z  /Applications/Xcode_26.2.app/Contents/Developer/Platforms/iPhoneSimulator.platform/Developer/SDKs/iPhoneSimulator26.2.sdk/System/Library/SubFrameworks (framework directory)
2026-04-22T16:43:53.1848340Z End of search list.
2026-04-22T16:43:53.1848570Z /Users/runner/work/tcm-storage-ios/tcm-storage-ios/build/Build/Products/Debug-iphonesimulator/include"
2026-04-22T16:43:53.1849060Z ignoring nonexistent directory "/Users/runner/work/tcm-storage-ios/tcm-storage-ios/build/Build/Intermediates.noindex/Nextcloud.build/Debug-iphonesimulator/Share.build/DerivedSources-normal/arm64"
2026-04-22T16:43:53.1849520Z ignoring nonexistent directory "/Users/runner/work/tcm-storage-ios/tcm-storage-ios/build/Build/Intermediates.noindex/Nextcloud.build/Debug-iphonesimulator/Share.build/DerivedSources/arm64"
2026-04-22T16:43:53.1849950Z ignoring nonexistent directory "/Applications/Xcode_26.2.app/Contents/Developer/Platforms/iPhoneSimulator.platform/Developer/SDKs/iPhoneSimulator26.2.sdk/usr/local/include"
2026-04-22T16:43:53.1850360Z ignoring nonexistent directory "/Applications/Xcode_26.2.app/Contents/Developer/Platforms/iPhoneSimulator.platform/Developer/SDKs/iPhoneSimulator26.2.sdk/Library/Frameworks"
2026-04-22T16:43:53.1850700Z ignoring duplicate directory "/Users/runner/work/tcm-storage-ios/tcm-storage-ios/build/Build/Products/Debug-iphonesimulator/PackageFrameworks"
2026-04-22T16:43:53.1851030Z ignoring duplicate directory "/Users/runner/work/tcm-storage-ios/tcm-storage-ios/build/Build/Products/Debug-iphonesimulator/PackageFrameworks"
2026-04-22T16:43:53.1851360Z ignoring duplicate directory "/Users/runner/work/tcm-storage-ios/tcm-storage-ios/build/Build/Products/Debug-iphonesimulator/PackageFrameworks"
2026-04-22T16:43:53.1851680Z ignoring duplicate directory "/Users/runner/work/tcm-storage-ios/tcm-storage-ios/build/Build/Products/Debug-iphonesimulator/PackageFrameworks"
2026-04-22T16:43:53.1852040Z ignoring duplicate directory "/Users/runner/work/tcm-storage-ios/tcm-storage-ios/build/Build/Products/Debug-iphonesimulator/PackageFrameworks"
2026-04-22T16:43:53.1852370Z ignoring duplicate directory "/Users/runner/work/tcm-storage-ios/tcm-storage-ios/build/Build/Products/Debug-iphonesimulator/PackageFrameworks"
2026-04-22T16:43:53.1852720Z ignoring duplicate directory "/Users/runner/work/tcm-storage-ios/tcm-storage-ios/build/Build/Products/Debug-iphonesimulator/PackageFrameworks"
2026-04-22T16:43:53.1853060Z ignoring duplicate directory "/Users/runner/work/tcm-storage-ios/tcm-storage-ios/build/Build/Products/Debug-iphonesimulator/PackageFrameworks"
2026-04-22T16:43:53.1853400Z ignoring duplicate directory "/Users/runner/work/tcm-storage-ios/tcm-storage-ios/build/Build/Products/Debug-iphonesimulator/PackageFrameworks"
2026-04-22T16:43:53.1853790Z ignoring duplicate directory "/Users/runner/work/tcm-storage-ios/tcm-storage-ios/build/Build/Products/Debug-iphonesimulator/PackageFrameworks"
2026-04-22T16:43:53.1854130Z ignoring duplicate directory "/Users/runner/work/tcm-storage-ios/tcm-storage-ios/build/Build/Products/Debug-iphonesimulator/PackageFrameworks"
2026-04-22T16:43:53.1854460Z ignoring duplicate directory "/Users/runner/work/tcm-storage-ios/tcm-storage-ios/build/Build/Products/Debug-iphonesimulator/PackageFrameworks"
2026-04-22T16:43:53.1854920Z ignoring duplicate directory "/Users/runner/work/tcm-storage-ios/tcm-storage-ios/build/Build/Products/Debug-iphonesimulator/PackageFrameworks"
2026-04-22T16:43:53.1855350Z ignoring duplicate directory "/Users/runner/work/tcm-storage-ios/tcm-storage-ios/build/Build/Products/Debug-iphonesimulator/PackageFrameworks"
2026-04-22T16:43:53.1855680Z ignoring duplicate directory "/Users/runner/work/tcm-storage-ios/tcm-storage-ios/build/Build/Products/Debug-iphonesimulator/PackageFrameworks"
2026-04-22T16:43:53.1856010Z ignoring duplicate directory "/Users/runner/work/tcm-storage-ios/tcm-storage-ios/build/Build/Products/Debug-iphonesimulator/PackageFrameworks"
2026-04-22T16:43:53.1856340Z ignoring duplicate directory "/Users/runner/work/tcm-storage-ios/tcm-storage-ios/build/Build/Products/Debug-iphonesimulator/PackageFrameworks"
2026-04-22T16:43:53.1856660Z ignoring duplicate directory "/Users/runner/work/tcm-storage-ios/tcm-storage-ios/build/Build/Products/Debug-iphonesimulator/PackageFrameworks"
2026-04-22T16:43:53.1856990Z ignoring duplicate directory "/Users/runner/work/tcm-storage-ios/tcm-storage-ios/build/Build/Products/Debug-iphonesimulator/PackageFrameworks"
2026-04-22T16:43:53.1857320Z ignoring duplicate directory "/Users/runner/work/tcm-storage-ios/tcm-storage-ios/build/Build/Products/Debug-iphonesimulator/PackageFrameworks"
2026-04-22T16:43:53.1857650Z ignoring duplicate directory "/Users/runner/work/tcm-storage-ios/tcm-storage-ios/build/Build/Products/Debug-iphonesimulator/PackageFrameworks"
2026-04-22T16:43:53.1857970Z ignoring duplicate directory "/Users/runner/work/tcm-storage-ios/tcm-storage-ios/build/Build/Products/Debug-iphonesimulator/PackageFrameworks"
2026-04-22T16:43:53.1858300Z ignoring duplicate directory "/Users/runner/work/tcm-storage-ios/tcm-storage-ios/build/Build/Products/Debug-iphonesimulator/PackageFrameworks"
2026-04-22T16:43:53.1858620Z ignoring duplicate directory "/Users/runner/work/tcm-storage-ios/tcm-storage-ios/build/Build/Products/Debug-iphonesimulator/PackageFrameworks"
2026-04-22T16:43:53.1858980Z ignoring duplicate directory "/Users/runner/work/tcm-storage-ios/tcm-storage-ios/build/Build/Products/Debug-iphonesimulator/PackageFrameworks"
2026-04-22T16:43:53.1859310Z ignoring duplicate directory "/Users/runner/work/tcm-storage-ios/tcm-storage-ios/build/Build/Products/Debug-iphonesimulator/PackageFrameworks"
2026-04-22T16:43:53.1859640Z ignoring duplicate directory "/Users/runner/work/tcm-storage-ios/tcm-storage-ios/build/Build/Products/Debug-iphonesimulator/PackageFrameworks"
2026-04-22T16:43:53.1859960Z ignoring duplicate directory "/Users/runner/work/tcm-storage-ios/tcm-storage-ios/build/Build/Products/Debug-iphonesimulator/PackageFrameworks"
2026-04-22T16:43:53.1860290Z ignoring duplicate directory "/Users/runner/work/tcm-storage-ios/tcm-storage-ios/build/Build/Products/Debug-iphonesimulator/PackageFrameworks"
2026-04-22T16:43:53.1860610Z ignoring duplicate directory "/Users/runner/work/tcm-storage-ios/tcm-storage-ios/build/Build/Products/Debug-iphonesimulator/PackageFrameworks"
2026-04-22T16:43:53.1861010Z ignoring duplicate directory "/Users/runner/work/tcm-storage-ios/tcm-storage-ios/build/Build/Products/Debug-iphonesimulator/PackageFrameworks"
2026-04-22T16:43:53.1861340Z ignoring duplicate directory "/Users/runner/work/tcm-storage-ios/tcm-storage-ios/build/Build/Products/Debug-iphonesimulator/PackageFrameworks"
2026-04-22T16:43:53.1861690Z ignoring duplicate directory "/Users/runner/work/tcm-storage-ios/tcm-storage-ios/build/Build/Products/Debug-iphonesimulator/PackageFrameworks"
2026-04-22T16:43:53.1862030Z ignoring duplicate directory "/Users/runner/work/tcm-storage-ios/tcm-storage-ios/build/Build/Products/Debug-iphonesimulator/PackageFrameworks"
2026-04-22T16:43:53.1874430Z ignoring duplicate directory "/Users/runner/work/tcm-storage-ios/tcm-storage-ios/build/Build/Products/Debug-iphonesimulator/PackageFrameworks"
2026-04-22T16:43:53.1874840Z ignoring duplicate directory "/Users/runner/work/tcm-storage-ios/tcm-storage-ios/build/Build/Products/Debug-iphonesimulator/PackageFrameworks"
2026-04-22T16:43:53.1875640Z ignoring duplicate directory "/Users/runner/work/tcm-storage-ios/tcm-storage-ios/build/Build/Products/Debug-iphonesimulator/PackageFrameworks"
2026-04-22T16:43:53.1875980Z ignoring duplicate directory "/Users/runner/work/tcm-storage-ios/tcm-storage-ios/build/Build/Products/Debug-iphonesimulator/PackageFrameworks"
2026-04-22T16:43:53.1876870Z ignoring duplicate directory "/Users/runner/work/tcm-storage-ios/tcm-storage-ios/build/Build/Products/Debug-iphonesimulator/PackageFrameworks"
2026-04-22T16:43:53.1877210Z ignoring duplicate directory "/Users/runner/work/tcm-storage-ios/tcm-storage-ios/build/Build/Products/Debug-iphonesimulator/PackageFrameworks"
2026-04-22T16:43:53.1877270Z #include "..." search starts here:
2026-04-22T16:43:53.1877710Z  /Users/runner/work/tcm-storage-ios/tcm-storage-ios/build/Build/Intermediates.noindex/Nextcloud.build/Debug-iphonesimulator/Share.build/Share-generated-files.hmap (headermap)
2026-04-22T16:43:53.1878150Z  /Users/runner/work/tcm-storage-ios/tcm-storage-ios/build/Build/Intermediates.noindex/Nextcloud.build/Debug-iphonesimulator/Share.build/Share-project-headers.hmap (headermap)
2026-04-22T16:43:53.1878210Z #include <...> search starts here:
2026-04-22T16:43:53.1878670Z  /Users/runner/work/tcm-storage-ios/tcm-storage-ios/build/Build/Intermediates.noindex/Nextcloud.build/Debug-iphonesimulator/Share.build/Share-own-target-headers.hmap (headermap)
2026-04-22T16:43:53.1879160Z  /Users/runner/work/tcm-storage-ios/tcm-storage-ios/build/Build/Intermediates.noindex/Nextcloud.build/Debug-iphonesimulator/Share.build/Share-all-non-framework-target-headers.hmap (headermap)
2026-04-22T16:43:53.1879370Z  /Users/runner/work/tcm-storage-ios/tcm-storage-ios/build/SourcePackages/checkouts/realm-core/src
2026-04-22T16:43:53.1879630Z  /Users/runner/work/tcm-storage-ios/tcm-storage-ios/build/SourcePackages/checkouts/realm-core/src/external/s2
2026-04-22T16:43:53.1879960Z  /Users/runner/work/tcm-storage-ios/tcm-storage-ios/build/SourcePackages/checkouts/realm-core/src/external/IntelRDFPMathLib20U2/LIBRARY/src
2026-04-22T16:43:53.1880180Z  /Users/runner/work/tcm-storage-ios/tcm-storage-ios/build/SourcePackages/checkouts/realm-core/src/spm
2026-04-22T16:43:53.1880390Z  /Users/runner/work/tcm-storage-ios/tcm-storage-ios/build/SourcePackages/checkouts/realm-swift/include
2026-04-22T16:43:53.1880680Z  /Users/runner/work/tcm-storage-ios/tcm-storage-ios/build/SourcePackages/checkouts/swift-atomics/Sources/_AtomicsShims/include
2026-04-22T16:43:53.1880950Z  /Users/runner/work/tcm-storage-ios/tcm-storage-ios/build/SourcePackages/checkouts/swift-nio/Sources/CNIOPosix/include
2026-04-22T16:43:53.1881210Z  /Users/runner/work/tcm-storage-ios/tcm-storage-ios/build/SourcePackages/checkouts/swift-nio/Sources/CNIOWASI/include
2026-04-22T16:43:53.1881480Z  /Users/runner/work/tcm-storage-ios/tcm-storage-ios/build/SourcePackages/checkouts/swift-nio/Sources/CNIOWindows/include
2026-04-22T16:43:53.1881740Z  /Users/runner/work/tcm-storage-ios/tcm-storage-ios/build/SourcePackages/checkouts/swift-nio/Sources/CNIOLinux/include
2026-04-22T16:43:53.1882010Z  /Users/runner/work/tcm-storage-ios/tcm-storage-ios/build/SourcePackages/checkouts/swift-nio/Sources/CNIODarwin/include
2026-04-22T16:43:53.1882280Z  /Users/runner/work/tcm-storage-ios/tcm-storage-ios/build/SourcePackages/checkouts/swift-nio/Sources/CNIOOpenBSD/include
2026-04-22T16:43:53.1882540Z  /Users/runner/work/tcm-storage-ios/tcm-storage-ios/build/SourcePackages/checkouts/swift-nio/Sources/CNIOAtomics/include
2026-04-22T16:43:53.1882850Z  /Users/runner/work/tcm-storage-ios/tcm-storage-ios/build/SourcePackages/checkouts/swift-nio-ssl/Sources/CNIOBoringSSLShims/include
2026-04-22T16:43:53.1883130Z  /Users/runner/work/tcm-storage-ios/tcm-storage-ios/build/SourcePackages/checkouts/swift-nio-ssl/Sources/CNIOBoringSSL/include
2026-04-22T16:43:53.1883400Z  /Users/runner/work/tcm-storage-ios/tcm-storage-ios/build/SourcePackages/checkouts/GzipSwift/Sources/system-zlib/include
2026-04-22T16:43:53.1883910Z  /Users/runner/work/tcm-storage-ios/tcm-storage-ios/build/Build/Intermediates.noindex/Nextcloud.build/Debug-iphonesimulator/Share.build/DerivedSources
2026-04-22T16:43:53.1884390Z  /Users/runner/work/tcm-storage-ios/tcm-storage-ios/build/Build/Products/Debug-iphonesimulator/PackageFrameworks (framework directory)
2026-04-22T16:43:53.1884670Z  /Users/runner/work/tcm-storage-ios/tcm-storage-ios/build/Build/Products/Debug-iphonesimulator (framework directory)
2026-04-22T16:43:53.1884990Z  /Applications/Xcode_26.2.app/Contents/Developer/Platforms/iPhoneSimulator.platform/Developer/Library/Frameworks (framework directory)
2026-04-22T16:43:53.1885420Z  /Applications/Xcode_26.2.app/Contents/Developer/Platforms/iPhoneSimulator.platform/Developer/SDKs/iPhoneSimulator26.2.sdk/Developer/Library/Frameworks (framework directory)
2026-04-22T16:43:53.1885680Z  /Applications/Xcode_26.2.app/Contents/Developer/Toolchains/XcodeDefault.xctoolchain/usr/lib/clang/17/include
2026-04-22T16:43:53.1886000Z  /Applications/Xcode_26.2.app/Contents/Developer/Platforms/iPhoneSimulator.platform/Developer/SDKs/iPhoneSimulator26.2.sdk/usr/include
2026-04-22T16:43:53.1886210Z  /Applications/Xcode_26.2.app/Contents/Developer/Toolchains/XcodeDefault.xctoolchain/usr/include
2026-04-22T16:43:53.1886630Z  /Applications/Xcode_26.2.app/Contents/Developer/Platforms/iPhoneSimulator.platform/Developer/SDKs/iPhoneSimulator26.2.sdk/System/Library/Frameworks (framework directory)
2026-04-22T16:43:53.1887050Z  /Applications/Xcode_26.2.app/Contents/Developer/Platforms/iPhoneSimulator.platform/Developer/SDKs/iPhoneSimulator26.2.sdk/System/Library/SubFrameworks (framework directory)
2026-04-22T16:43:53.1887100Z End of search list.
2026-04-22T16:43:53.1887430Z clang -cc1 version 17.0.0 (clang-1700.6.3.2) default target arm64-apple-darwin24.6.0
2026-04-22T16:43:53.1887760Z ignoring nonexistent directory "/Users/runner/work/tcm-storage-ios/tcm-storage-ios/build/Build/Products/Debug-iphonesimulator/include"
2026-04-22T16:43:53.1888330Z ignoring nonexistent directory "/Users/runner/work/tcm-storage-ios/tcm-storage-ios/build/Build/Intermediates.noindex/Nextcloud.build/Debug-iphonesimulator/Notification Service Extension.build/DerivedSources-normal/arm64"
2026-04-22T16:43:53.1888870Z ignoring nonexistent directory "/Users/runner/work/tcm-storage-ios/tcm-storage-ios/build/Build/Intermediates.noindex/Nextcloud.build/Debug-iphonesimulator/Notification Service Extension.build/DerivedSources/arm64"
2026-04-22T16:43:53.1889290Z ignoring nonexistent directory "/Applications/Xcode_26.2.app/Contents/Developer/Platforms/iPhoneSimulator.platform/Developer/SDKs/iPhoneSimulator26.2.sdk/usr/local/include"
2026-04-22T16:43:53.1889740Z ignoring nonexistent directory "/Applications/Xcode_26.2.app/Contents/Developer/Platforms/iPhoneSimulator.platform/Developer/SDKs/iPhoneSimulator26.2.sdk/Library/Frameworks"
2026-04-22T16:43:53.1890080Z ignoring duplicate directory "/Users/runner/work/tcm-storage-ios/tcm-storage-ios/build/Build/Products/Debug-iphonesimulator/PackageFrameworks"
2026-04-22T16:43:53.1890420Z ignoring duplicate directory "/Users/runner/work/tcm-storage-ios/tcm-storage-ios/build/Build/Products/Debug-iphonesimulator/PackageFrameworks"
2026-04-22T16:43:53.1890750Z ignoring duplicate directory "/Users/runner/work/tcm-storage-ios/tcm-storage-ios/build/Build/Products/Debug-iphonesimulator/PackageFrameworks"
2026-04-22T16:43:53.1891090Z ignoring duplicate directory "/Users/runner/work/tcm-storage-ios/tcm-storage-ios/build/Build/Products/Debug-iphonesimulator/PackageFrameworks"
2026-04-22T16:43:53.1891430Z ignoring duplicate directory "/Users/runner/work/tcm-storage-ios/tcm-storage-ios/build/Build/Products/Debug-iphonesimulator/PackageFrameworks"
2026-04-22T16:43:53.1891750Z ignoring duplicate directory "/Users/runner/work/tcm-storage-ios/tcm-storage-ios/build/Build/Products/Debug-iphonesimulator/PackageFrameworks"
2026-04-22T16:43:53.1892080Z ignoring duplicate directory "/Users/runner/work/tcm-storage-ios/tcm-storage-ios/build/Build/Products/Debug-iphonesimulator/PackageFrameworks"
2026-04-22T16:43:53.1892500Z ignoring duplicate directory "/Users/runner/work/tcm-storage-ios/tcm-storage-ios/build/Build/Products/Debug-iphonesimulator/PackageFrameworks"
2026-04-22T16:43:53.1892880Z ignoring duplicate directory "/Users/runner/work/tcm-storage-ios/tcm-storage-ios/build/Build/Products/Debug-iphonesimulator/PackageFrameworks"
2026-04-22T16:43:53.1893210Z ignoring duplicate directory "/Users/runner/work/tcm-storage-ios/tcm-storage-ios/build/Build/Products/Debug-iphonesimulator/PackageFrameworks"
2026-04-22T16:43:53.1893540Z ignoring duplicate directory "/Users/runner/work/tcm-storage-ios/tcm-storage-ios/build/Build/Products/Debug-iphonesimulator/PackageFrameworks"
2026-04-22T16:43:53.1897720Z ignoring duplicate directory "/Users/runner/work/tcm-storage-ios/tcm-storage-ios/build/Build/Products/Debug-iphonesimulator/PackageFrameworks"
2026-04-22T16:43:53.1898110Z ignoring duplicate directory "/Users/runner/work/tcm-storage-ios/tcm-storage-ios/build/Build/Products/Debug-iphonesimulator/PackageFrameworks"
2026-04-22T16:43:53.1898460Z ignoring duplicate directory "/Users/runner/work/tcm-storage-ios/tcm-storage-ios/build/Build/Products/Debug-iphonesimulator/PackageFrameworks"
2026-04-22T16:43:53.1898800Z ignoring duplicate directory "/Users/runner/work/tcm-storage-ios/tcm-storage-ios/build/Build/Products/Debug-iphonesimulator/PackageFrameworks"
2026-04-22T16:43:53.1899130Z ignoring duplicate directory "/Users/runner/work/tcm-storage-ios/tcm-storage-ios/build/Build/Products/Debug-iphonesimulator/PackageFrameworks"
2026-04-22T16:43:53.1904610Z ignoring duplicate directory "/Users/runner/work/tcm-storage-ios/tcm-storage-ios/build/Build/Products/Debug-iphonesimulator/PackageFrameworks"
2026-04-22T16:43:53.1904950Z ignoring duplicate directory "/Users/runner/work/tcm-storage-ios/tcm-storage-ios/build/Build/Products/Debug-iphonesimulator/PackageFrameworks"
2026-04-22T16:43:53.1905280Z ignoring duplicate directory "/Users/runner/work/tcm-storage-ios/tcm-storage-ios/build/Build/Products/Debug-iphonesimulator/PackageFrameworks"
2026-04-22T16:43:53.1905610Z ignoring duplicate directory "/Users/runner/work/tcm-storage-ios/tcm-storage-ios/build/Build/Products/Debug-iphonesimulator/PackageFrameworks"
2026-04-22T16:43:53.1905930Z ignoring duplicate directory "/Users/runner/work/tcm-storage-ios/tcm-storage-ios/build/Build/Products/Debug-iphonesimulator/PackageFrameworks"
2026-04-22T16:43:53.1906250Z ignoring duplicate directory "/Users/runner/work/tcm-storage-ios/tcm-storage-ios/build/Build/Products/Debug-iphonesimulator/PackageFrameworks"
2026-04-22T16:43:53.1915350Z ignoring duplicate directory "/Users/runner/work/tcm-storage-ios/tcm-storage-ios/build/Build/Products/Debug-iphonesimulator/PackageFrameworks"
2026-04-22T16:43:53.1915750Z ignoring duplicate directory "/Users/runner/work/tcm-storage-ios/tcm-storage-ios/build/Build/Products/Debug-iphonesimulator/PackageFrameworks"
2026-04-22T16:43:53.1916090Z ignoring duplicate directory "/Users/runner/work/tcm-storage-ios/tcm-storage-ios/build/Build/Products/Debug-iphonesimulator/PackageFrameworks"
2026-04-22T16:43:53.1916440Z ignoring duplicate directory "/Users/runner/work/tcm-storage-ios/tcm-storage-ios/build/Build/Products/Debug-iphonesimulator/PackageFrameworks"
2026-04-22T16:43:53.1916770Z ignoring duplicate directory "/Users/runner/work/tcm-storage-ios/tcm-storage-ios/build/Build/Products/Debug-iphonesimulator/PackageFrameworks"
2026-04-22T16:43:53.1917090Z ignoring duplicate directory "/Users/runner/work/tcm-storage-ios/tcm-storage-ios/build/Build/Products/Debug-iphonesimulator/PackageFrameworks"
2026-04-22T16:43:53.1917420Z ignoring duplicate directory "/Users/runner/work/tcm-storage-ios/tcm-storage-ios/build/Build/Products/Debug-iphonesimulator/PackageFrameworks"
2026-04-22T16:43:53.1917750Z ignoring duplicate directory "/Users/runner/work/tcm-storage-ios/tcm-storage-ios/build/Build/Products/Debug-iphonesimulator/PackageFrameworks"
2026-04-22T16:43:53.1918080Z ignoring duplicate directory "/Users/runner/work/tcm-storage-ios/tcm-storage-ios/build/Build/Products/Debug-iphonesimulator/PackageFrameworks"
2026-04-22T16:43:53.1918600Z ignoring duplicate directory "/Users/runner/work/tcm-storage-ios/tcm-storage-ios/build/Build/Products/Debug-iphonesimulator/PackageFrameworks"
2026-04-22T16:43:53.1919010Z ignoring duplicate directory "/Users/runner/work/tcm-storage-ios/tcm-storage-ios/build/Build/Products/Debug-iphonesimulator/PackageFrameworks"
2026-04-22T16:43:53.1919360Z ignoring duplicate directory "/Users/runner/work/tcm-storage-ios/tcm-storage-ios/build/Build/Products/Debug-iphonesimulator/PackageFrameworks"
2026-04-22T16:43:53.1919420Z #include "..." search starts here:
2026-04-22T16:43:53.1920000Z  /Users/runner/work/tcm-storage-ios/tcm-storage-ios/build/Build/Intermediates.noindex/Nextcloud.build/Debug-iphonesimulator/Notification Service Extension.build/Notification Service Extension-generated-files.hmap (headermap)
2026-04-22T16:43:53.1920590Z  /Users/runner/work/tcm-storage-ios/tcm-storage-ios/build/Build/Intermediates.noindex/Nextcloud.build/Debug-iphonesimulator/Notification Service Extension.build/Notification Service Extension-project-headers.hmap (headermap)
2026-04-22T16:43:53.1920660Z #include <...> search starts here:
2026-04-22T16:43:53.1921240Z  /Users/runner/work/tcm-storage-ios/tcm-storage-ios/build/Build/Intermediates.noindex/Nextcloud.build/Debug-iphonesimulator/Notification Service Extension.build/Notification Service Extension-own-target-headers.hmap (headermap)
2026-04-22T16:43:53.1921870Z  /Users/runner/work/tcm-storage-ios/tcm-storage-ios/build/Build/Intermediates.noindex/Nextcloud.build/Debug-iphonesimulator/Notification Service Extension.build/Notification Service Extension-all-non-framework-target-headers.hmap (headermap)
2026-04-22T16:43:53.1922170Z  /Users/runner/work/tcm-storage-ios/tcm-storage-ios/build/SourcePackages/checkouts/swift-atomics/Sources/_AtomicsShims/include
2026-04-22T16:43:53.1922440Z  /Users/runner/work/tcm-storage-ios/tcm-storage-ios/build/SourcePackages/checkouts/swift-nio/Sources/CNIOPosix/include
2026-04-22T16:43:53.1922710Z  /Users/runner/work/tcm-storage-ios/tcm-storage-ios/build/SourcePackages/checkouts/swift-nio/Sources/CNIOWASI/include
2026-04-22T16:43:53.1922980Z  /Users/runner/work/tcm-storage-ios/tcm-storage-ios/build/SourcePackages/checkouts/swift-nio/Sources/CNIOWindows/include
2026-04-22T16:43:53.1923240Z  /Users/runner/work/tcm-storage-ios/tcm-storage-ios/build/SourcePackages/checkouts/swift-nio/Sources/CNIOLinux/include
2026-04-22T16:43:53.1923500Z  /Users/runner/work/tcm-storage-ios/tcm-storage-ios/build/SourcePackages/checkouts/swift-nio/Sources/CNIODarwin/include
2026-04-22T16:43:53.1923840Z  /Users/runner/work/tcm-storage-ios/tcm-storage-ios/build/SourcePackages/checkouts/swift-nio/Sources/CNIOOpenBSD/include
2026-04-22T16:43:53.1924110Z  /Users/runner/work/tcm-storage-ios/tcm-storage-ios/build/SourcePackages/checkouts/swift-nio/Sources/CNIOAtomics/include
2026-04-22T16:43:53.1924420Z  /Users/runner/work/tcm-storage-ios/tcm-storage-ios/build/SourcePackages/checkouts/swift-nio-ssl/Sources/CNIOBoringSSLShims/include
2026-04-22T16:43:53.1924710Z  /Users/runner/work/tcm-storage-ios/tcm-storage-ios/build/SourcePackages/checkouts/swift-nio-ssl/Sources/CNIOBoringSSL/include
2026-04-22T16:43:53.1924920Z  /Users/runner/work/tcm-storage-ios/tcm-storage-ios/build/SourcePackages/checkouts/realm-core/src
2026-04-22T16:43:53.1925160Z  /Users/runner/work/tcm-storage-ios/tcm-storage-ios/build/SourcePackages/checkouts/realm-core/src/external/s2
2026-04-22T16:43:53.1925480Z  /Users/runner/work/tcm-storage-ios/tcm-storage-ios/build/SourcePackages/checkouts/realm-core/src/external/IntelRDFPMathLib20U2/LIBRARY/src
2026-04-22T16:43:53.1925720Z  /Users/runner/work/tcm-storage-ios/tcm-storage-ios/build/SourcePackages/checkouts/realm-core/src/spm
2026-04-22T16:43:53.1925940Z  /Users/runner/work/tcm-storage-ios/tcm-storage-ios/build/SourcePackages/checkouts/realm-swift/include
2026-04-22T16:43:53.1926370Z  /Users/runner/work/tcm-storage-ios/tcm-storage-ios/build/Build/Intermediates.noindex/Nextcloud.build/Debug-iphonesimulator/Notification Service Extension.build/DerivedSources
2026-04-22T16:43:53.1926770Z  /Users/runner/work/tcm-storage-ios/tcm-storage-ios/build/Build/Products/Debug-iphonesimulator/PackageFrameworks (framework directory)
2026-04-22T16:43:53.1927100Z  /Users/runner/work/tcm-storage-ios/tcm-storage-ios/build/Build/Products/Debug-iphonesimulator (framework directory)
2026-04-22T16:43:53.1927430Z  /Applications/Xcode_26.2.app/Contents/Developer/Platforms/iPhoneSimulator.platform/Developer/Library/Frameworks (framework directory)
2026-04-22T16:43:53.1927900Z  /Applications/Xcode_26.2.app/Contents/Developer/Platforms/iPhoneSimulator.platform/Developer/SDKs/iPhoneSimulator26.2.sdk/Developer/Library/Frameworks (framework directory)
2026-04-22T16:43:53.1928170Z  /Applications/Xcode_26.2.app/Contents/Developer/Toolchains/XcodeDefault.xctoolchain/usr/lib/clang/17/include
2026-04-22T16:43:53.1928480Z  /Applications/Xcode_26.2.app/Contents/Developer/Platforms/iPhoneSimulator.platform/Developer/SDKs/iPhoneSimulator26.2.sdk/usr/include
2026-04-22T16:43:53.1928690Z  /Applications/Xcode_26.2.app/Contents/Developer/Toolchains/XcodeDefault.xctoolchain/usr/include
2026-04-22T16:43:53.1929140Z  /Applications/Xcode_26.2.app/Contents/Developer/Platforms/iPhoneSimulator.platform/Developer/SDKs/iPhoneSimulator26.2.sdk/System/Library/Frameworks (framework directory)
2026-04-22T16:43:53.1929580Z  /Applications/Xcode_26.2.app/Contents/Developer/Platforms/iPhoneSimulator.platform/Developer/SDKs/iPhoneSimulator26.2.sdk/System/Library/SubFrameworks (framework directory)
2026-04-22T16:43:53.1929630Z End of search list.
2026-04-22T16:43:53.1929800Z clang -cc1 version 17.0.0 (clang-1700.6.3.2) default target arm64-apple-darwin24.6.0
2026-04-22T16:43:53.1930110Z ignoring nonexistent directory "/Users/runner/work/tcm-storage-ios/tcm-storage-ios/build/Build/Products/Debug-iphonesimulator/include"
2026-04-22T16:43:53.1930660Z ignoring nonexistent directory "/Users/runner/work/tcm-storage-ios/tcm-storage-ios/build/Build/Intermediates.noindex/Nextcloud.build/Debug-iphonesimulator/Notification Service Extension.build/DerivedSources-normal/arm64"
2026-04-22T16:43:53.1931210Z ignoring nonexistent directory "/Users/runner/work/tcm-storage-ios/tcm-storage-ios/build/Build/Intermediates.noindex/Nextcloud.build/Debug-iphonesimulator/Notification Service Extension.build/DerivedSources/arm64"
2026-04-22T16:43:53.1931630Z ignoring nonexistent directory "/Applications/Xcode_26.2.app/Contents/Developer/Platforms/iPhoneSimulator.platform/Developer/SDKs/iPhoneSimulator26.2.sdk/usr/local/include"
2026-04-22T16:43:53.1943460Z ignoring nonexistent directory "/Applications/Xcode_26.2.app/Contents/Developer/Platforms/iPhoneSimulator.platform/Developer/SDKs/iPhoneSimulator26.2.sdk/Library/Frameworks"
2026-04-22T16:43:53.1943820Z ignoring duplicate directory "/Users/runner/work/tcm-storage-ios/tcm-storage-ios/build/Build/Products/Debug-iphonesimulator/PackageFrameworks"
2026-04-22T16:43:53.1944150Z ignoring duplicate directory "/Users/runner/work/tcm-storage-ios/tcm-storage-ios/build/Build/Products/Debug-iphonesimulator/PackageFrameworks"
2026-04-22T16:43:53.1944500Z ignoring duplicate directory "/Users/runner/work/tcm-storage-ios/tcm-storage-ios/build/Build/Products/Debug-iphonesimulator/PackageFrameworks"
2026-04-22T16:43:53.1944840Z ignoring duplicate directory "/Users/runner/work/tcm-storage-ios/tcm-storage-ios/build/Build/Products/Debug-iphonesimulator/PackageFrameworks"
2026-04-22T16:43:53.1945160Z ignoring duplicate directory "/Users/runner/work/tcm-storage-ios/tcm-storage-ios/build/Build/Products/Debug-iphonesimulator/PackageFrameworks"
2026-04-22T16:43:53.1945490Z ignoring duplicate directory "/Users/runner/work/tcm-storage-ios/tcm-storage-ios/build/Build/Products/Debug-iphonesimulator/PackageFrameworks"
2026-04-22T16:43:53.1945830Z ignoring duplicate directory "/Users/runner/work/tcm-storage-ios/tcm-storage-ios/build/Build/Products/Debug-iphonesimulator/PackageFrameworks"
2026-04-22T16:43:53.1946150Z ignoring duplicate directory "/Users/runner/work/tcm-storage-ios/tcm-storage-ios/build/Build/Products/Debug-iphonesimulator/PackageFrameworks"
2026-04-22T16:43:53.1946640Z ignoring duplicate directory "/Users/runner/work/tcm-storage-ios/tcm-storage-ios/build/Build/Products/Debug-iphonesimulator/PackageFrameworks"
2026-04-22T16:43:53.1947070Z ignoring duplicate directory "/Users/runner/work/tcm-storage-ios/tcm-storage-ios/build/Build/Products/Debug-iphonesimulator/PackageFrameworks"
2026-04-22T16:43:53.1947500Z ignoring duplicate directory "/Users/runner/work/tcm-storage-ios/tcm-storage-ios/build/Build/Products/Debug-iphonesimulator/PackageFrameworks"
2026-04-22T16:43:53.1947890Z ignoring duplicate directory "/Users/runner/work/tcm-storage-ios/tcm-storage-ios/build/Build/Products/Debug-iphonesimulator/PackageFrameworks"
2026-04-22T16:43:53.1948230Z ignoring duplicate directory "/Users/runner/work/tcm-storage-ios/tcm-storage-ios/build/Build/Products/Debug-iphonesimulator/PackageFrameworks"
2026-04-22T16:43:53.1948560Z ignoring duplicate directory "/Users/runner/work/tcm-storage-ios/tcm-storage-ios/build/Build/Products/Debug-iphonesimulator/PackageFrameworks"
2026-04-22T16:43:53.1948890Z ignoring duplicate directory "/Users/runner/work/tcm-storage-ios/tcm-storage-ios/build/Build/Products/Debug-iphonesimulator/PackageFrameworks"
2026-04-22T16:43:53.1949220Z ignoring duplicate directory "/Users/runner/work/tcm-storage-ios/tcm-storage-ios/build/Build/Products/Debug-iphonesimulator/PackageFrameworks"
2026-04-22T16:43:53.1949540Z ignoring duplicate directory "/Users/runner/work/tcm-storage-ios/tcm-storage-ios/build/Build/Products/Debug-iphonesimulator/PackageFrameworks"
2026-04-22T16:43:53.1949870Z ignoring duplicate directory "/Users/runner/work/tcm-storage-ios/tcm-storage-ios/build/Build/Products/Debug-iphonesimulator/PackageFrameworks"
2026-04-22T16:43:53.1950190Z ignoring duplicate directory "/Users/runner/work/tcm-storage-ios/tcm-storage-ios/build/Build/Products/Debug-iphonesimulator/PackageFrameworks"
2026-04-22T16:43:53.1950510Z ignoring duplicate directory "/Users/runner/work/tcm-storage-ios/tcm-storage-ios/build/Build/Products/Debug-iphonesimulator/PackageFrameworks"
2026-04-22T16:43:53.1950840Z ignoring duplicate directory "/Users/runner/work/tcm-storage-ios/tcm-storage-ios/build/Build/Products/Debug-iphonesimulator/PackageFrameworks"
2026-04-22T16:43:53.1951170Z ignoring duplicate directory "/Users/runner/work/tcm-storage-ios/tcm-storage-ios/build/Build/Products/Debug-iphonesimulator/PackageFrameworks"
2026-04-22T16:43:53.1951490Z ignoring duplicate directory "/Users/runner/work/tcm-storage-ios/tcm-storage-ios/build/Build/Products/Debug-iphonesimulator/PackageFrameworks"
2026-04-22T16:43:53.1951810Z ignoring duplicate directory "/Users/runner/work/tcm-storage-ios/tcm-storage-ios/build/Build/Products/Debug-iphonesimulator/PackageFrameworks"
2026-04-22T16:43:53.1952140Z ignoring duplicate directory "/Users/runner/work/tcm-storage-ios/tcm-storage-ios/build/Build/Products/Debug-iphonesimulator/PackageFrameworks"
2026-04-22T16:43:53.1952460Z ignoring duplicate directory "/Users/runner/work/tcm-storage-ios/tcm-storage-ios/build/Build/Products/Debug-iphonesimulator/PackageFrameworks"
2026-04-22T16:43:53.1952790Z ignoring duplicate directory "/Users/runner/work/tcm-storage-ios/tcm-storage-ios/build/Build/Products/Debug-iphonesimulator/PackageFrameworks"
2026-04-22T16:43:53.1953110Z ignoring duplicate directory "/Users/runner/work/tcm-storage-ios/tcm-storage-ios/build/Build/Products/Debug-iphonesimulator/PackageFrameworks"
2026-04-22T16:43:53.1953430Z ignoring duplicate directory "/Users/runner/work/tcm-storage-ios/tcm-storage-ios/build/Build/Products/Debug-iphonesimulator/PackageFrameworks"
2026-04-22T16:43:53.1953760Z ignoring duplicate directory "/Users/runner/work/tcm-storage-ios/tcm-storage-ios/build/Build/Products/Debug-iphonesimulator/PackageFrameworks"
2026-04-22T16:43:53.1954080Z ignoring duplicate directory "/Users/runner/work/tcm-storage-ios/tcm-storage-ios/build/Build/Products/Debug-iphonesimulator/PackageFrameworks"
2026-04-22T16:43:53.1954400Z ignoring duplicate directory "/Users/runner/work/tcm-storage-ios/tcm-storage-ios/build/Build/Products/Debug-iphonesimulator/PackageFrameworks"
2026-04-22T16:43:53.1954900Z ignoring duplicate directory "/Users/runner/work/tcm-storage-ios/tcm-storage-ios/build/Build/Products/Debug-iphonesimulator/PackageFrameworks"
2026-04-22T16:43:53.1955230Z ignoring duplicate directory "/Users/runner/work/tcm-storage-ios/tcm-storage-ios/build/Build/Products/Debug-iphonesimulator/PackageFrameworks"
2026-04-22T16:43:53.1955290Z #include "..." search starts here:
2026-04-22T16:43:53.1955880Z  /Users/runner/work/tcm-storage-ios/tcm-storage-ios/build/Build/Intermediates.noindex/Nextcloud.build/Debug-iphonesimulator/Notification Service Extension.build/Notification Service Extension-generated-files.hmap (headermap)
2026-04-22T16:43:53.1956460Z  /Users/runner/work/tcm-storage-ios/tcm-storage-ios/build/Build/Intermediates.noindex/Nextcloud.build/Debug-iphonesimulator/Notification Service Extension.build/Notification Service Extension-project-headers.hmap (headermap)
2026-04-22T16:43:53.1956520Z #include <...> search starts here:
2026-04-22T16:43:53.1957150Z  /Users/runner/work/tcm-storage-ios/tcm-storage-ios/build/Build/Intermediates.noindex/Nextcloud.build/Debug-iphonesimulator/Notification Service Extension.build/Notification Service Extension-own-target-headers.hmap (headermap)
2026-04-22T16:43:53.1957780Z  /Users/runner/work/tcm-storage-ios/tcm-storage-ios/build/Build/Intermediates.noindex/Nextcloud.build/Debug-iphonesimulator/Notification Service Extension.build/Notification Service Extension-all-non-framework-target-headers.hmap (headermap)
2026-04-22T16:43:53.1958080Z  /Users/runner/work/tcm-storage-ios/tcm-storage-ios/build/SourcePackages/checkouts/swift-atomics/Sources/_AtomicsShims/include
2026-04-22T16:43:53.1958350Z  /Users/runner/work/tcm-storage-ios/tcm-storage-ios/build/SourcePackages/checkouts/swift-nio/Sources/CNIOPosix/include
2026-04-22T16:43:53.1958610Z  /Users/runner/work/tcm-storage-ios/tcm-storage-ios/build/SourcePackages/checkouts/swift-nio/Sources/CNIOWASI/include
2026-04-22T16:43:53.1958890Z  /Users/runner/work/tcm-storage-ios/tcm-storage-ios/build/SourcePackages/checkouts/swift-nio/Sources/CNIOWindows/include
2026-04-22T16:43:53.1959150Z  /Users/runner/work/tcm-storage-ios/tcm-storage-ios/build/SourcePackages/checkouts/swift-nio/Sources/CNIOLinux/include
2026-04-22T16:43:53.1959420Z  /Users/runner/work/tcm-storage-ios/tcm-storage-ios/build/SourcePackages/checkouts/swift-nio/Sources/CNIODarwin/include
2026-04-22T16:43:53.1959690Z  /Users/runner/work/tcm-storage-ios/tcm-storage-ios/build/SourcePackages/checkouts/swift-nio/Sources/CNIOOpenBSD/include
2026-04-22T16:43:53.1959960Z  /Users/runner/work/tcm-storage-ios/tcm-storage-ios/build/SourcePackages/checkouts/swift-nio/Sources/CNIOAtomics/include
2026-04-22T16:43:53.1960270Z  /Users/runner/work/tcm-storage-ios/tcm-storage-ios/build/SourcePackages/checkouts/swift-nio-ssl/Sources/CNIOBoringSSLShims/include
2026-04-22T16:43:53.1960560Z  /Users/runner/work/tcm-storage-ios/tcm-storage-ios/build/SourcePackages/checkouts/swift-nio-ssl/Sources/CNIOBoringSSL/include
2026-04-22T16:43:53.1961940Z  /Users/runner/work/tcm-storage-ios/tcm-storage-ios/build/SourcePackages/checkouts/realm-core/src
2026-04-22T16:43:53.1962220Z  /Users/runner/work/tcm-storage-ios/tcm-storage-ios/build/SourcePackages/checkouts/realm-core/src/external/s2
2026-04-22T16:43:53.1962540Z  /Users/runner/work/tcm-storage-ios/tcm-storage-ios/build/SourcePackages/checkouts/realm-core/src/external/IntelRDFPMathLib20U2/LIBRARY/src
2026-04-22T16:43:53.1962760Z  /Users/runner/work/tcm-storage-ios/tcm-storage-ios/build/SourcePackages/checkouts/realm-core/src/spm
2026-04-22T16:43:53.1962990Z  /Users/runner/work/tcm-storage-ios/tcm-storage-ios/build/SourcePackages/checkouts/realm-swift/include
2026-04-22T16:43:53.1963460Z  /Users/runner/work/tcm-storage-ios/tcm-storage-ios/build/Build/Intermediates.noindex/Nextcloud.build/Debug-iphonesimulator/Notification Service Extension.build/DerivedSources
2026-04-22T16:43:53.1963800Z  /Users/runner/work/tcm-storage-ios/tcm-storage-ios/build/Build/Products/Debug-iphonesimulator/PackageFrameworks (framework directory)
2026-04-22T16:43:53.1964210Z  /Users/runner/work/tcm-storage-ios/tcm-storage-ios/build/Build/Products/Debug-iphonesimulator (framework directory)
2026-04-22T16:43:53.1964640Z  /Applications/Xcode_26.2.app/Contents/Developer/Platforms/iPhoneSimulator.platform/Developer/Library/Frameworks (framework directory)
2026-04-22T16:43:53.1965090Z  /Applications/Xcode_26.2.app/Contents/Developer/Platforms/iPhoneSimulator.platform/Developer/SDKs/iPhoneSimulator26.2.sdk/Developer/Library/Frameworks (framework directory)
2026-04-22T16:43:53.1965330Z  /Applications/Xcode_26.2.app/Contents/Developer/Toolchains/XcodeDefault.xctoolchain/usr/lib/clang/17/include
2026-04-22T16:43:53.1965640Z  /Applications/Xcode_26.2.app/Contents/Developer/Platforms/iPhoneSimulator.platform/Developer/SDKs/iPhoneSimulator26.2.sdk/usr/include
2026-04-22T16:43:53.1965850Z  /Applications/Xcode_26.2.app/Contents/Developer/Toolchains/XcodeDefault.xctoolchain/usr/include
2026-04-22T16:43:53.1966260Z  /Applications/Xcode_26.2.app/Contents/Developer/Platforms/iPhoneSimulator.platform/Developer/SDKs/iPhoneSimulator26.2.sdk/System/Library/Frameworks (framework directory)
2026-04-22T16:43:53.1966680Z  /Applications/Xcode_26.2.app/Contents/Developer/Platforms/iPhoneSimulator.platform/Developer/SDKs/iPhoneSimulator26.2.sdk/System/Library/SubFrameworks (framework directory)
2026-04-22T16:43:53.1966730Z End of search list.
2026-04-22T16:43:53.1966900Z clang -cc1 version 17.0.0 (clang-1700.6.3.2) default target arm64-apple-darwin24.6.0
2026-04-22T16:43:53.1967210Z ignoring nonexistent directory "/Users/runner/work/tcm-storage-ios/tcm-storage-ios/build/Build/Products/Debug-iphonesimulator/include"
2026-04-22T16:43:53.1967760Z ignoring nonexistent directory "/Users/runner/work/tcm-storage-ios/tcm-storage-ios/build/Build/Intermediates.noindex/Nextcloud.build/Debug-iphonesimulator/Notification Service Extension.build/DerivedSources-normal/arm64"
2026-04-22T16:43:53.1968320Z ignoring nonexistent directory "/Users/runner/work/tcm-storage-ios/tcm-storage-ios/build/Build/Intermediates.noindex/Nextcloud.build/Debug-iphonesimulator/Notification Service Extension.build/DerivedSources/arm64"
2026-04-22T16:43:53.1968750Z ignoring nonexistent directory "/Applications/Xcode_26.2.app/Contents/Developer/Platforms/iPhoneSimulator.platform/Developer/SDKs/iPhoneSimulator26.2.sdk/usr/local/include"
2026-04-22T16:43:53.1969180Z ignoring nonexistent directory "/Applications/Xcode_26.2.app/Contents/Developer/Platforms/iPhoneSimulator.platform/Developer/SDKs/iPhoneSimulator26.2.sdk/Library/Frameworks"
2026-04-22T16:43:53.1969510Z ignoring duplicate directory "/Users/runner/work/tcm-storage-ios/tcm-storage-ios/build/Build/Products/Debug-iphonesimulator/PackageFrameworks"
2026-04-22T16:43:53.1969870Z ignoring duplicate directory "/Users/runner/work/tcm-storage-ios/tcm-storage-ios/build/Build/Products/Debug-iphonesimulator/PackageFrameworks"
2026-04-22T16:43:53.1970200Z ignoring duplicate directory "/Users/runner/work/tcm-storage-ios/tcm-storage-ios/build/Build/Products/Debug-iphonesimulator/PackageFrameworks"
2026-04-22T16:43:53.1970610Z ignoring duplicate directory "/Users/runner/work/tcm-storage-ios/tcm-storage-ios/build/Build/Products/Debug-iphonesimulator/PackageFrameworks"
2026-04-22T16:43:53.1970930Z ignoring duplicate directory "/Users/runner/work/tcm-storage-ios/tcm-storage-ios/build/Build/Products/Debug-iphonesimulator/PackageFrameworks"
2026-04-22T16:43:53.1971260Z ignoring duplicate directory "/Users/runner/work/tcm-storage-ios/tcm-storage-ios/build/Build/Products/Debug-iphonesimulator/PackageFrameworks"
2026-04-22T16:43:53.1971600Z ignoring duplicate directory "/Users/runner/work/tcm-storage-ios/tcm-storage-ios/build/Build/Products/Debug-iphonesimulator/PackageFrameworks"
2026-04-22T16:43:53.1971930Z ignoring duplicate directory "/Users/runner/work/tcm-storage-ios/tcm-storage-ios/build/Build/Products/Debug-iphonesimulator/PackageFrameworks"
2026-04-22T16:43:53.1972250Z ignoring duplicate directory "/Users/runner/work/tcm-storage-ios/tcm-storage-ios/build/Build/Products/Debug-iphonesimulator/PackageFrameworks"
2026-04-22T16:43:53.1972720Z ignoring duplicate directory "/Users/runner/work/tcm-storage-ios/tcm-storage-ios/build/Build/Products/Debug-iphonesimulator/PackageFrameworks"
2026-04-22T16:43:53.1973430Z ignoring duplicate directory "/Users/runner/work/tcm-storage-ios/tcm-storage-ios/build/Build/Products/Debug-iphonesimulator/PackageFrameworks"
2026-04-22T16:43:53.1973760Z ignoring duplicate directory "/Users/runner/work/tcm-storage-ios/tcm-storage-ios/build/Build/Products/Debug-iphonesimulator/PackageFrameworks"
2026-04-22T16:43:53.1974080Z ignoring duplicate directory "/Users/runner/work/tcm-storage-ios/tcm-storage-ios/build/Build/Products/Debug-iphonesimulator/PackageFrameworks"
2026-04-22T16:43:53.1974400Z ignoring duplicate directory "/Users/runner/work/tcm-storage-ios/tcm-storage-ios/build/Build/Products/Debug-iphonesimulator/PackageFrameworks"
2026-04-22T16:43:53.1974730Z ignoring duplicate directory "/Users/runner/work/tcm-storage-ios/tcm-storage-ios/build/Build/Products/Debug-iphonesimulator/PackageFrameworks"
2026-04-22T16:43:53.1975060Z ignoring duplicate directory "/Users/runner/work/tcm-storage-ios/tcm-storage-ios/build/Build/Products/Debug-iphonesimulator/PackageFrameworks"
2026-04-22T16:43:53.1975380Z ignoring duplicate directory "/Users/runner/work/tcm-storage-ios/tcm-storage-ios/build/Build/Products/Debug-iphonesimulator/PackageFrameworks"
2026-04-22T16:43:53.1975700Z ignoring duplicate directory "/Users/runner/work/tcm-storage-ios/tcm-storage-ios/build/Build/Products/Debug-iphonesimulator/PackageFrameworks"
2026-04-22T16:43:53.1976020Z ignoring duplicate directory "/Users/runner/work/tcm-storage-ios/tcm-storage-ios/build/Build/Products/Debug-iphonesimulator/PackageFrameworks"
2026-04-22T16:43:53.1976400Z ignoring duplicate directory "/Users/runner/work/tcm-storage-ios/tcm-storage-ios/build/Build/Products/Debug-iphonesimulator/PackageFrameworks"
2026-04-22T16:43:53.1976750Z ignoring duplicate directory "/Users/runner/work/tcm-storage-ios/tcm-storage-ios/build/Build/Products/Debug-iphonesimulator/PackageFrameworks"
2026-04-22T16:43:53.1977080Z ignoring duplicate directory "/Users/runner/work/tcm-storage-ios/tcm-storage-ios/build/Build/Products/Debug-iphonesimulator/PackageFrameworks"
2026-04-22T16:43:53.1977440Z ignoring duplicate directory "/Users/runner/work/tcm-storage-ios/tcm-storage-ios/build/Build/Products/Debug-iphonesimulator/PackageFrameworks"
2026-04-22T16:43:53.1977780Z ignoring duplicate directory "/Users/runner/work/tcm-storage-ios/tcm-storage-ios/build/Build/Products/Debug-iphonesimulator/PackageFrameworks"
2026-04-22T16:43:53.1978120Z ignoring duplicate directory "/Users/runner/work/tcm-storage-ios/tcm-storage-ios/build/Build/Products/Debug-iphonesimulator/PackageFrameworks"
2026-04-22T16:43:53.1978450Z ignoring duplicate directory "/Users/runner/work/tcm-storage-ios/tcm-storage-ios/build/Build/Products/Debug-iphonesimulator/PackageFrameworks"
2026-04-22T16:43:53.1978780Z ignoring duplicate directory "/Users/runner/work/tcm-storage-ios/tcm-storage-ios/build/Build/Products/Debug-iphonesimulator/PackageFrameworks"
2026-04-22T16:43:53.1979110Z ignoring duplicate directory "/Users/runner/work/tcm-storage-ios/tcm-storage-ios/build/Build/Products/Debug-iphonesimulator/PackageFrameworks"
2026-04-22T16:43:53.1979430Z ignoring duplicate directory "/Users/runner/work/tcm-storage-ios/tcm-storage-ios/build/Build/Products/Debug-iphonesimulator/PackageFrameworks"
2026-04-22T16:43:53.1979750Z ignoring duplicate directory "/Users/runner/work/tcm-storage-ios/tcm-storage-ios/build/Build/Products/Debug-iphonesimulator/PackageFrameworks"
2026-04-22T16:43:53.1980080Z ignoring duplicate directory "/Users/runner/work/tcm-storage-ios/tcm-storage-ios/build/Build/Products/Debug-iphonesimulator/PackageFrameworks"
2026-04-22T16:43:53.1980410Z ignoring duplicate directory "/Users/runner/work/tcm-storage-ios/tcm-storage-ios/build/Build/Products/Debug-iphonesimulator/PackageFrameworks"
2026-04-22T16:43:53.1980880Z ignoring duplicate directory "/Users/runner/work/tcm-storage-ios/tcm-storage-ios/build/Build/Products/Debug-iphonesimulator/PackageFrameworks"
2026-04-22T16:43:53.1981290Z ignoring duplicate directory "/Users/runner/work/tcm-storage-ios/tcm-storage-ios/build/Build/Products/Debug-iphonesimulator/PackageFrameworks"
2026-04-22T16:43:53.1981360Z #include "..." search starts here:
2026-04-22T16:43:53.1981930Z  /Users/runner/work/tcm-storage-ios/tcm-storage-ios/build/Build/Intermediates.noindex/Nextcloud.build/Debug-iphonesimulator/Notification Service Extension.build/Notification Service Extension-generated-files.hmap (headermap)
2026-04-22T16:43:53.1982510Z  /Users/runner/work/tcm-storage-ios/tcm-storage-ios/build/Build/Intermediates.noindex/Nextcloud.build/Debug-iphonesimulator/Notification Service Extension.build/Notification Service Extension-project-headers.hmap (headermap)
2026-04-22T16:43:53.1982570Z #include <...> search starts here:
2026-04-22T16:43:53.1983160Z  /Users/runner/work/tcm-storage-ios/tcm-storage-ios/build/Build/Intermediates.noindex/Nextcloud.build/Debug-iphonesimulator/Notification Service Extension.build/Notification Service Extension-own-target-headers.hmap (headermap)
2026-04-22T16:43:53.1983780Z  /Users/runner/work/tcm-storage-ios/tcm-storage-ios/build/Build/Intermediates.noindex/Nextcloud.build/Debug-iphonesimulator/Notification Service Extension.build/Notification Service Extension-all-non-framework-target-headers.hmap (headermap)
2026-04-22T16:43:53.1984080Z  /Users/runner/work/tcm-storage-ios/tcm-storage-ios/build/SourcePackages/checkouts/swift-atomics/Sources/_AtomicsShims/include
2026-04-22T16:43:53.1988480Z  /Users/runner/work/tcm-storage-ios/tcm-storage-ios/build/SourcePackages/checkouts/swift-nio/Sources/CNIOPosix/include
2026-04-22T16:43:53.1988830Z  /Users/runner/work/tcm-storage-ios/tcm-storage-ios/build/SourcePackages/checkouts/swift-nio/Sources/CNIOWASI/include
2026-04-22T16:43:53.1989100Z  /Users/runner/work/tcm-storage-ios/tcm-storage-ios/build/SourcePackages/checkouts/swift-nio/Sources/CNIOWindows/include
2026-04-22T16:43:53.1989360Z  /Users/runner/work/tcm-storage-ios/tcm-storage-ios/build/SourcePackages/checkouts/swift-nio/Sources/CNIOLinux/include
2026-04-22T16:43:53.1989630Z  /Users/runner/work/tcm-storage-ios/tcm-storage-ios/build/SourcePackages/checkouts/swift-nio/Sources/CNIODarwin/include
2026-04-22T16:43:53.1989900Z  /Users/runner/work/tcm-storage-ios/tcm-storage-ios/build/SourcePackages/checkouts/swift-nio/Sources/CNIOOpenBSD/include
2026-04-22T16:43:53.1990170Z  /Users/runner/work/tcm-storage-ios/tcm-storage-ios/build/SourcePackages/checkouts/swift-nio/Sources/CNIOAtomics/include
2026-04-22T16:43:53.1990470Z  /Users/runner/work/tcm-storage-ios/tcm-storage-ios/build/SourcePackages/checkouts/swift-nio-ssl/Sources/CNIOBoringSSLShims/include
2026-04-22T16:43:53.1990760Z  /Users/runner/work/tcm-storage-ios/tcm-storage-ios/build/SourcePackages/checkouts/swift-nio-ssl/Sources/CNIOBoringSSL/include
2026-04-22T16:43:53.1990960Z  /Users/runner/work/tcm-storage-ios/tcm-storage-ios/build/SourcePackages/checkouts/realm-core/src
2026-04-22T16:43:53.1991200Z  /Users/runner/work/tcm-storage-ios/tcm-storage-ios/build/SourcePackages/checkouts/realm-core/src/external/s2
2026-04-22T16:43:53.1991540Z  /Users/runner/work/tcm-storage-ios/tcm-storage-ios/build/SourcePackages/checkouts/realm-core/src/external/IntelRDFPMathLib20U2/LIBRARY/src
2026-04-22T16:43:53.1991750Z  /Users/runner/work/tcm-storage-ios/tcm-storage-ios/build/SourcePackages/checkouts/realm-core/src/spm
2026-04-22T16:43:53.1991980Z  /Users/runner/work/tcm-storage-ios/tcm-storage-ios/build/SourcePackages/checkouts/realm-swift/include
2026-04-22T16:43:53.1992410Z  /Users/runner/work/tcm-storage-ios/tcm-storage-ios/build/Build/Intermediates.noindex/Nextcloud.build/Debug-iphonesimulator/Notification Service Extension.build/DerivedSources
2026-04-22T16:43:53.1992730Z  /Users/runner/work/tcm-storage-ios/tcm-storage-ios/build/Build/Products/Debug-iphonesimulator/PackageFrameworks (framework directory)
2026-04-22T16:43:53.1993080Z  /Users/runner/work/tcm-storage-ios/tcm-storage-ios/build/Build/Products/Debug-iphonesimulator (framework directory)
2026-04-22T16:43:53.1993450Z  /Applications/Xcode_26.2.app/Contents/Developer/Platforms/iPhoneSimulator.platform/Developer/Library/Frameworks (framework directory)
2026-04-22T16:43:53.1993920Z  /Applications/Xcode_26.2.app/Contents/Developer/Platforms/iPhoneSimulator.platform/Developer/SDKs/iPhoneSimulator26.2.sdk/Developer/Library/Frameworks (framework directory)
2026-04-22T16:43:53.1994170Z  /Applications/Xcode_26.2.app/Contents/Developer/Toolchains/XcodeDefault.xctoolchain/usr/lib/clang/17/include
2026-04-22T16:43:53.1994540Z  /Applications/Xcode_26.2.app/Contents/Developer/Platforms/iPhoneSimulator.platform/Developer/SDKs/iPhoneSimulator26.2.sdk/usr/include
2026-04-22T16:43:53.1994750Z  /Applications/Xcode_26.2.app/Contents/Developer/Toolchains/XcodeDefault.xctoolchain/usr/include
2026-04-22T16:43:53.1995170Z  /Applications/Xcode_26.2.app/Contents/Developer/Platforms/iPhoneSimulator.platform/Developer/SDKs/iPhoneSimulator26.2.sdk/System/Library/Frameworks (framework directory)
2026-04-22T16:43:53.1995600Z  /Applications/Xcode_26.2.app/Contents/Developer/Platforms/iPhoneSimulator.platform/Developer/SDKs/iPhoneSimulator26.2.sdk/System/Library/SubFrameworks (framework directory)
2026-04-22T16:43:53.1995660Z End of search list.
2026-04-22T16:43:53.1995830Z clang -cc1 version 17.0.0 (clang-1700.6.3.2) default target arm64-apple-darwin24.6.0
2026-04-22T16:43:53.1996140Z ignoring nonexistent directory "/Users/runner/work/tcm-storage-ios/tcm-storage-ios/build/Build/Products/Debug-iphonesimulator/include"
2026-04-22T16:43:53.1996690Z ignoring nonexistent directory "/Users/runner/work/tcm-storage-ios/tcm-storage-ios/build/Build/Intermediates.noindex/Nextcloud.build/Debug-iphonesimulator/Notification Service Extension.build/DerivedSources-normal/arm64"
2026-04-22T16:43:53.1997240Z ignoring nonexistent directory "/Users/runner/work/tcm-storage-ios/tcm-storage-ios/build/Build/Intermediates.noindex/Nextcloud.build/Debug-iphonesimulator/Notification Service Extension.build/DerivedSources/arm64"
2026-04-22T16:43:53.1997680Z ignoring nonexistent directory "/Applications/Xcode_26.2.app/Contents/Developer/Platforms/iPhoneSimulator.platform/Developer/SDKs/iPhoneSimulator26.2.sdk/usr/local/include"
2026-04-22T16:43:53.1998120Z ignoring nonexistent directory "/Applications/Xcode_26.2.app/Contents/Developer/Platforms/iPhoneSimulator.platform/Developer/SDKs/iPhoneSimulator26.2.sdk/Library/Frameworks"
2026-04-22T16:43:53.1998450Z ignoring duplicate directory "/Users/runner/work/tcm-storage-ios/tcm-storage-ios/build/Build/Products/Debug-iphonesimulator/PackageFrameworks"
2026-04-22T16:43:53.1998910Z ignoring duplicate directory "/Users/runner/work/tcm-storage-ios/tcm-storage-ios/build/Build/Products/Debug-iphonesimulator/PackageFrameworks"
2026-04-22T16:43:53.1999340Z ignoring duplicate directory "/Users/runner/work/tcm-storage-ios/tcm-storage-ios/build/Build/Products/Debug-iphonesimulator/PackageFrameworks"
2026-04-22T16:43:53.1999770Z ignoring duplicate directory "/Users/runner/work/tcm-storage-ios/tcm-storage-ios/build/Build/Products/Debug-iphonesimulator/PackageFrameworks"
2026-04-22T16:43:53.2000130Z ignoring duplicate directory "/Users/runner/work/tcm-storage-ios/tcm-storage-ios/build/Build/Products/Debug-iphonesimulator/PackageFrameworks"
2026-04-22T16:43:53.2000470Z ignoring duplicate directory "/Users/runner/work/tcm-storage-ios/tcm-storage-ios/build/Build/Products/Debug-iphonesimulator/PackageFrameworks"
2026-04-22T16:43:53.2000800Z ignoring duplicate directory "/Users/runner/work/tcm-storage-ios/tcm-storage-ios/build/Build/Products/Debug-iphonesimulator/PackageFrameworks"
2026-04-22T16:43:53.2001140Z ignoring duplicate directory "/Users/runner/work/tcm-storage-ios/tcm-storage-ios/build/Build/Products/Debug-iphonesimulator/PackageFrameworks"
2026-04-22T16:43:53.2001460Z ignoring duplicate directory "/Users/runner/work/tcm-storage-ios/tcm-storage-ios/build/Build/Products/Debug-iphonesimulator/PackageFrameworks"
2026-04-22T16:43:53.2001970Z ignoring duplicate directory "/Users/runner/work/tcm-storage-ios/tcm-storage-ios/build/Build/Products/Debug-iphonesimulator/PackageFrameworks"
2026-04-22T16:43:53.2002370Z ignoring duplicate directory "/Users/runner/work/tcm-storage-ios/tcm-storage-ios/build/Build/Products/Debug-iphonesimulator/PackageFrameworks"
2026-04-22T16:43:53.2002710Z ignoring duplicate directory "/Users/runner/work/tcm-storage-ios/tcm-storage-ios/build/Build/Products/Debug-iphonesimulator/PackageFrameworks"
2026-04-22T16:43:53.2003050Z ignoring duplicate directory "/Users/runner/work/tcm-storage-ios/tcm-storage-ios/build/Build/Products/Debug-iphonesimulator/PackageFrameworks"
2026-04-22T16:43:53.2003380Z ignoring duplicate directory "/Users/runner/work/tcm-storage-ios/tcm-storage-ios/build/Build/Products/Debug-iphonesimulator/PackageFrameworks"
2026-04-22T16:43:53.2003730Z ignoring duplicate directory "/Users/runner/work/tcm-storage-ios/tcm-storage-ios/build/Build/Products/Debug-iphonesimulator/PackageFrameworks"
2026-04-22T16:43:53.2004080Z ignoring duplicate directory "/Users/runner/work/tcm-storage-ios/tcm-storage-ios/build/Build/Products/Debug-iphonesimulator/PackageFrameworks"
2026-04-22T16:43:53.2004410Z ignoring duplicate directory "/Users/runner/work/tcm-storage-ios/tcm-storage-ios/build/Build/Products/Debug-iphonesimulator/PackageFrameworks"
2026-04-22T16:43:53.2004740Z ignoring duplicate directory "/Users/runner/work/tcm-storage-ios/tcm-storage-ios/build/Build/Products/Debug-iphonesimulator/PackageFrameworks"
2026-04-22T16:43:53.2005070Z ignoring duplicate directory "/Users/runner/work/tcm-storage-ios/tcm-storage-ios/build/Build/Products/Debug-iphonesimulator/PackageFrameworks"
2026-04-22T16:43:53.2005410Z ignoring duplicate directory "/Users/runner/work/tcm-storage-ios/tcm-storage-ios/build/Build/Products/Debug-iphonesimulator/PackageFrameworks"
2026-04-22T16:43:53.2005750Z ignoring duplicate directory "/Users/runner/work/tcm-storage-ios/tcm-storage-ios/build/Build/Products/Debug-iphonesimulator/PackageFrameworks"
2026-04-22T16:43:53.2006090Z ignoring duplicate directory "/Users/runner/work/tcm-storage-ios/tcm-storage-ios/build/Build/Products/Debug-iphonesimulator/PackageFrameworks"
2026-04-22T16:43:53.2006410Z ignoring duplicate directory "/Users/runner/work/tcm-storage-ios/tcm-storage-ios/build/Build/Products/Debug-iphonesimulator/PackageFrameworks"
2026-04-22T16:43:53.2006740Z ignoring duplicate directory "/Users/runner/work/tcm-storage-ios/tcm-storage-ios/build/Build/Products/Debug-iphonesimulator/PackageFrameworks"
2026-04-22T16:43:53.2007070Z ignoring duplicate directory "/Users/runner/work/tcm-storage-ios/tcm-storage-ios/build/Build/Products/Debug-iphonesimulator/PackageFrameworks"
2026-04-22T16:43:53.2007410Z ignoring duplicate directory "/Users/runner/work/tcm-storage-ios/tcm-storage-ios/build/Build/Products/Debug-iphonesimulator/PackageFrameworks"
2026-04-22T16:43:53.2007740Z ignoring duplicate directory "/Users/runner/work/tcm-storage-ios/tcm-storage-ios/build/Build/Products/Debug-iphonesimulator/PackageFrameworks"
2026-04-22T16:43:53.2008070Z ignoring duplicate directory "/Users/runner/work/tcm-storage-ios/tcm-storage-ios/build/Build/Products/Debug-iphonesimulator/PackageFrameworks"
2026-04-22T16:43:53.2008400Z ignoring duplicate directory "/Users/runner/work/tcm-storage-ios/tcm-storage-ios/build/Build/Products/Debug-iphonesimulator/PackageFrameworks"
2026-04-22T16:43:53.2008730Z ignoring duplicate directory "/Users/runner/work/tcm-storage-ios/tcm-storage-ios/build/Build/Products/Debug-iphonesimulator/PackageFrameworks"
2026-04-22T16:43:53.2009060Z ignoring duplicate directory "/Users/runner/work/tcm-storage-ios/tcm-storage-ios/build/Build/Products/Debug-iphonesimulator/PackageFrameworks"
2026-04-22T16:43:53.2009380Z ignoring duplicate directory "/Users/runner/work/tcm-storage-ios/tcm-storage-ios/build/Build/Products/Debug-iphonesimulator/PackageFrameworks"
2026-04-22T16:43:53.2009710Z ignoring duplicate directory "/Users/runner/work/tcm-storage-ios/tcm-storage-ios/build/Build/Products/Debug-iphonesimulator/PackageFrameworks"
2026-04-22T16:43:53.2010150Z ignoring duplicate directory "/Users/runner/work/tcm-storage-ios/tcm-storage-ios/build/Build/Products/Debug-iphonesimulator/PackageFrameworks"
2026-04-22T16:43:53.2010360Z #include "..." search starts here:
2026-04-22T16:43:53.2011010Z  /Users/runner/work/tcm-storage-ios/tcm-storage-ios/build/Build/Intermediates.noindex/Nextcloud.build/Debug-iphonesimulator/Notification Service Extension.build/Notification Service Extension-generated-files.hmap (headermap)
2026-04-22T16:43:53.2011640Z  /Users/runner/work/tcm-storage-ios/tcm-storage-ios/build/Build/Intermediates.noindex/Nextcloud.build/Debug-iphonesimulator/Notification Service Extension.build/Notification Service Extension-project-headers.hmap (headermap)
2026-04-22T16:43:53.2011700Z #include <...> search starts here:
2026-04-22T16:43:53.2012290Z  /Users/runner/work/tcm-storage-ios/tcm-storage-ios/build/Build/Intermediates.noindex/Nextcloud.build/Debug-iphonesimulator/Notification Service Extension.build/Notification Service Extension-own-target-headers.hmap (headermap)
2026-04-22T16:43:53.2012920Z  /Users/runner/work/tcm-storage-ios/tcm-storage-ios/build/Build/Intermediates.noindex/Nextcloud.build/Debug-iphonesimulator/Notification Service Extension.build/Notification Service Extension-all-non-framework-target-headers.hmap (headermap)
2026-04-22T16:43:53.2013220Z  /Users/runner/work/tcm-storage-ios/tcm-storage-ios/build/SourcePackages/checkouts/swift-atomics/Sources/_AtomicsShims/include
2026-04-22T16:43:53.2013500Z  /Users/runner/work/tcm-storage-ios/tcm-storage-ios/build/SourcePackages/checkouts/swift-nio/Sources/CNIOPosix/include
2026-04-22T16:43:53.2013770Z  /Users/runner/work/tcm-storage-ios/tcm-storage-ios/build/SourcePackages/checkouts/swift-nio/Sources/CNIOWASI/include
2026-04-22T16:43:53.2014040Z  /Users/runner/work/tcm-storage-ios/tcm-storage-ios/build/SourcePackages/checkouts/swift-nio/Sources/CNIOWindows/include
2026-04-22T16:43:53.2014310Z  /Users/runner/work/tcm-storage-ios/tcm-storage-ios/build/SourcePackages/checkouts/swift-nio/Sources/CNIOLinux/include
2026-04-22T16:43:53.2014580Z  /Users/runner/work/tcm-storage-ios/tcm-storage-ios/build/SourcePackages/checkouts/swift-nio/Sources/CNIODarwin/include
2026-04-22T16:43:53.2014870Z  /Users/runner/work/tcm-storage-ios/tcm-storage-ios/build/SourcePackages/checkouts/swift-nio/Sources/CNIOOpenBSD/include
2026-04-22T16:43:53.2015140Z  /Users/runner/work/tcm-storage-ios/tcm-storage-ios/build/SourcePackages/checkouts/swift-nio/Sources/CNIOAtomics/include
2026-04-22T16:43:53.2015470Z  /Users/runner/work/tcm-storage-ios/tcm-storage-ios/build/SourcePackages/checkouts/swift-nio-ssl/Sources/CNIOBoringSSLShims/include
2026-04-22T16:43:53.2015760Z  /Users/runner/work/tcm-storage-ios/tcm-storage-ios/build/SourcePackages/checkouts/swift-nio-ssl/Sources/CNIOBoringSSL/include
2026-04-22T16:43:53.2015980Z  /Users/runner/work/tcm-storage-ios/tcm-storage-ios/build/SourcePackages/checkouts/realm-core/src
2026-04-22T16:43:53.2016230Z  /Users/runner/work/tcm-storage-ios/tcm-storage-ios/build/SourcePackages/checkouts/realm-core/src/external/s2
2026-04-22T16:43:53.2016580Z  /Users/runner/work/tcm-storage-ios/tcm-storage-ios/build/SourcePackages/checkouts/realm-core/src/external/IntelRDFPMathLib20U2/LIBRARY/src
2026-04-22T16:43:53.2016810Z  /Users/runner/work/tcm-storage-ios/tcm-storage-ios/build/SourcePackages/checkouts/realm-core/src/spm
2026-04-22T16:43:53.2017030Z  /Users/runner/work/tcm-storage-ios/tcm-storage-ios/build/SourcePackages/checkouts/realm-swift/include
2026-04-22T16:43:53.2017460Z  /Users/runner/work/tcm-storage-ios/tcm-storage-ios/build/Build/Intermediates.noindex/Nextcloud.build/Debug-iphonesimulator/Notification Service Extension.build/DerivedSources
2026-04-22T16:43:53.2017780Z  /Users/runner/work/tcm-storage-ios/tcm-storage-ios/build/Build/Products/Debug-iphonesimulator/PackageFrameworks (framework directory)
2026-04-22T16:43:53.2018040Z  /Users/runner/work/tcm-storage-ios/tcm-storage-ios/build/Build/Products/Debug-iphonesimulator (framework directory)
2026-04-22T16:43:53.2018480Z  /Applications/Xcode_26.2.app/Contents/Developer/Platforms/iPhoneSimulator.platform/Developer/Library/Frameworks (framework directory)
2026-04-22T16:43:53.2018990Z  /Applications/Xcode_26.2.app/Contents/Developer/Platforms/iPhoneSimulator.platform/Developer/SDKs/iPhoneSimulator26.2.sdk/Developer/Library/Frameworks (framework directory)
2026-04-22T16:43:53.2019240Z  /Applications/Xcode_26.2.app/Contents/Developer/Toolchains/XcodeDefault.xctoolchain/usr/lib/clang/17/include
2026-04-22T16:43:53.2019560Z  /Applications/Xcode_26.2.app/Contents/Developer/Platforms/iPhoneSimulator.platform/Developer/SDKs/iPhoneSimulator26.2.sdk/usr/include
2026-04-22T16:43:53.2019760Z  /Applications/Xcode_26.2.app/Contents/Developer/Toolchains/XcodeDefault.xctoolchain/usr/include
2026-04-22T16:43:53.2020180Z  /Applications/Xcode_26.2.app/Contents/Developer/Platforms/iPhoneSimulator.platform/Developer/SDKs/iPhoneSimulator26.2.sdk/System/Library/Frameworks (framework directory)
2026-04-22T16:43:53.2020620Z  /Applications/Xcode_26.2.app/Contents/Developer/Platforms/iPhoneSimulator.platform/Developer/SDKs/iPhoneSimulator26.2.sdk/System/Library/SubFrameworks (framework directory)
2026-04-22T16:43:53.2020670Z End of search list.
2026-04-22T16:43:53.2020840Z clang -cc1 version 17.0.0 (clang-1700.6.3.2) default target arm64-apple-darwin24.6.0
2026-04-22T16:43:53.2021150Z ignoring nonexistent directory "/Users/runner/work/tcm-storage-ios/tcm-storage-ios/build/Build/Products/Debug-iphonesimulator/include"
2026-04-22T16:43:53.2021720Z ignoring nonexistent directory "/Users/runner/work/tcm-storage-ios/tcm-storage-ios/build/Build/Intermediates.noindex/Nextcloud.build/Debug-iphonesimulator/Notification Service Extension.build/DerivedSources-normal/arm64"
2026-04-22T16:43:53.2022290Z ignoring nonexistent directory "/Users/runner/work/tcm-storage-ios/tcm-storage-ios/build/Build/Intermediates.noindex/Nextcloud.build/Debug-iphonesimulator/Notification Service Extension.build/DerivedSources/arm64"
2026-04-22T16:43:53.2022720Z ignoring nonexistent directory "/Applications/Xcode_26.2.app/Contents/Developer/Platforms/iPhoneSimulator.platform/Developer/SDKs/iPhoneSimulator26.2.sdk/usr/local/include"
2026-04-22T16:43:53.2023140Z ignoring nonexistent directory "/Applications/Xcode_26.2.app/Contents/Developer/Platforms/iPhoneSimulator.platform/Developer/SDKs/iPhoneSimulator26.2.sdk/Library/Frameworks"
2026-04-22T16:43:53.2023470Z ignoring duplicate directory "/Users/runner/work/tcm-storage-ios/tcm-storage-ios/build/Build/Products/Debug-iphonesimulator/PackageFrameworks"
2026-04-22T16:43:53.2023810Z ignoring duplicate directory "/Users/runner/work/tcm-storage-ios/tcm-storage-ios/build/Build/Products/Debug-iphonesimulator/PackageFrameworks"
2026-04-22T16:43:53.2024140Z ignoring duplicate directory "/Users/runner/work/tcm-storage-ios/tcm-storage-ios/build/Build/Products/Debug-iphonesimulator/PackageFrameworks"
2026-04-22T16:43:53.2024460Z ignoring duplicate directory "/Users/runner/work/tcm-storage-ios/tcm-storage-ios/build/Build/Products/Debug-iphonesimulator/PackageFrameworks"
2026-04-22T16:43:53.2024790Z ignoring duplicate directory "/Users/runner/work/tcm-storage-ios/tcm-storage-ios/build/Build/Products/Debug-iphonesimulator/PackageFrameworks"
2026-04-22T16:43:53.2025120Z ignoring duplicate directory "/Users/runner/work/tcm-storage-ios/tcm-storage-ios/build/Build/Products/Debug-iphonesimulator/PackageFrameworks"
2026-04-22T16:43:53.2025440Z ignoring duplicate directory "/Users/runner/work/tcm-storage-ios/tcm-storage-ios/build/Build/Products/Debug-iphonesimulator/PackageFrameworks"
2026-04-22T16:43:53.2025760Z ignoring duplicate directory "/Users/runner/work/tcm-storage-ios/tcm-storage-ios/build/Build/Products/Debug-iphonesimulator/PackageFrameworks"
2026-04-22T16:43:53.2026090Z ignoring duplicate directory "/Users/runner/work/tcm-storage-ios/tcm-storage-ios/build/Build/Products/Debug-iphonesimulator/PackageFrameworks"
2026-04-22T16:43:53.2026410Z ignoring duplicate directory "/Users/runner/work/tcm-storage-ios/tcm-storage-ios/build/Build/Products/Debug-iphonesimulator/PackageFrameworks"
2026-04-22T16:43:53.2026830Z ignoring duplicate directory "/Users/runner/work/tcm-storage-ios/tcm-storage-ios/build/Build/Products/Debug-iphonesimulator/PackageFrameworks"
2026-04-22T16:43:53.2027210Z ignoring duplicate directory "/Users/runner/work/tcm-storage-ios/tcm-storage-ios/build/Build/Products/Debug-iphonesimulator/PackageFrameworks"
2026-04-22T16:43:53.2027540Z ignoring duplicate directory "/Users/runner/work/tcm-storage-ios/tcm-storage-ios/build/Build/Products/Debug-iphonesimulator/PackageFrameworks"
2026-04-22T16:43:53.2027870Z ignoring duplicate directory "/Users/runner/work/tcm-storage-ios/tcm-storage-ios/build/Build/Products/Debug-iphonesimulator/PackageFrameworks"
2026-04-22T16:43:53.2031570Z ignoring duplicate directory "/Users/runner/work/tcm-storage-ios/tcm-storage-ios/build/Build/Products/Debug-iphonesimulator/PackageFrameworks"
2026-04-22T16:43:53.2031990Z ignoring duplicate directory "/Users/runner/work/tcm-storage-ios/tcm-storage-ios/build/Build/Products/Debug-iphonesimulator/PackageFrameworks"
2026-04-22T16:43:53.2032360Z ignoring duplicate directory "/Users/runner/work/tcm-storage-ios/tcm-storage-ios/build/Build/Products/Debug-iphonesimulator/PackageFrameworks"
2026-04-22T16:43:53.2032700Z ignoring duplicate directory "/Users/runner/work/tcm-storage-ios/tcm-storage-ios/build/Build/Products/Debug-iphonesimulator/PackageFrameworks"
2026-04-22T16:43:53.2033060Z ignoring duplicate directory "/Users/runner/work/tcm-storage-ios/tcm-storage-ios/build/Build/Products/Debug-iphonesimulator/PackageFrameworks"
2026-04-22T16:43:53.2033400Z ignoring duplicate directory "/Users/runner/work/tcm-storage-ios/tcm-storage-ios/build/Build/Products/Debug-iphonesimulator/PackageFrameworks"
2026-04-22T16:43:53.2033730Z ignoring duplicate directory "/Users/runner/work/tcm-storage-ios/tcm-storage-ios/build/Build/Products/Debug-iphonesimulator/PackageFrameworks"
2026-04-22T16:43:53.2034070Z ignoring duplicate directory "/Users/runner/work/tcm-storage-ios/tcm-storage-ios/build/Build/Products/Debug-iphonesimulator/PackageFrameworks"
2026-04-22T16:43:53.2034400Z ignoring duplicate directory "/Users/runner/work/tcm-storage-ios/tcm-storage-ios/build/Build/Products/Debug-iphonesimulator/PackageFrameworks"
2026-04-22T16:43:53.2034730Z ignoring duplicate directory "/Users/runner/work/tcm-storage-ios/tcm-storage-ios/build/Build/Products/Debug-iphonesimulator/PackageFrameworks"
2026-04-22T16:43:53.2035050Z ignoring duplicate directory "/Users/runner/work/tcm-storage-ios/tcm-storage-ios/build/Build/Products/Debug-iphonesimulator/PackageFrameworks"
2026-04-22T16:43:53.2035380Z ignoring duplicate directory "/Users/runner/work/tcm-storage-ios/tcm-storage-ios/build/Build/Products/Debug-iphonesimulator/PackageFrameworks"
2026-04-22T16:43:53.2035710Z ignoring duplicate directory "/Users/runner/work/tcm-storage-ios/tcm-storage-ios/build/Build/Products/Debug-iphonesimulator/PackageFrameworks"
2026-04-22T16:43:53.2036030Z ignoring duplicate directory "/Users/runner/work/tcm-storage-ios/tcm-storage-ios/build/Build/Products/Debug-iphonesimulator/PackageFrameworks"
2026-04-22T16:43:53.2036360Z ignoring duplicate directory "/Users/runner/work/tcm-storage-ios/tcm-storage-ios/build/Build/Products/Debug-iphonesimulator/PackageFrameworks"
2026-04-22T16:43:53.2036690Z ignoring duplicate directory "/Users/runner/work/tcm-storage-ios/tcm-storage-ios/build/Build/Products/Debug-iphonesimulator/PackageFrameworks"
2026-04-22T16:43:53.2037010Z ignoring duplicate directory "/Users/runner/work/tcm-storage-ios/tcm-storage-ios/build/Build/Products/Debug-iphonesimulator/PackageFrameworks"
2026-04-22T16:43:53.2037340Z ignoring duplicate directory "/Users/runner/work/tcm-storage-ios/tcm-storage-ios/build/Build/Products/Debug-iphonesimulator/PackageFrameworks"
2026-04-22T16:43:53.2037660Z ignoring duplicate directory "/Users/runner/work/tcm-storage-ios/tcm-storage-ios/build/Build/Products/Debug-iphonesimulator/PackageFrameworks"
2026-04-22T16:43:53.2037980Z ignoring duplicate directory "/Users/runner/work/tcm-storage-ios/tcm-storage-ios/build/Build/Products/Debug-iphonesimulator/PackageFrameworks"
2026-04-22T16:43:53.2038200Z #include "..." search starts here:
2026-04-22T16:43:53.2038850Z  /Users/runner/work/tcm-storage-ios/tcm-storage-ios/build/Build/Intermediates.noindex/Nextcloud.build/Debug-iphonesimulator/Notification Service Extension.build/Notification Service Extension-generated-files.hmap (headermap)
2026-04-22T16:43:53.2039430Z  /Users/runner/work/tcm-storage-ios/tcm-storage-ios/build/Build/Intermediates.noindex/Nextcloud.build/Debug-iphonesimulator/Notification Service Extension.build/Notification Service Extension-project-headers.hmap (headermap)
2026-04-22T16:43:53.2039490Z #include <...> search starts here:
2026-04-22T16:43:53.2040070Z  /Users/runner/work/tcm-storage-ios/tcm-storage-ios/build/Build/Intermediates.noindex/Nextcloud.build/Debug-iphonesimulator/Notification Service Extension.build/Notification Service Extension-own-target-headers.hmap (headermap)
2026-04-22T16:43:53.2040700Z  /Users/runner/work/tcm-storage-ios/tcm-storage-ios/build/Build/Intermediates.noindex/Nextcloud.build/Debug-iphonesimulator/Notification Service Extension.build/Notification Service Extension-all-non-framework-target-headers.hmap (headermap)
2026-04-22T16:43:53.2041000Z  /Users/runner/work/tcm-storage-ios/tcm-storage-ios/build/SourcePackages/checkouts/swift-atomics/Sources/_AtomicsShims/include
2026-04-22T16:43:53.2041270Z  /Users/runner/work/tcm-storage-ios/tcm-storage-ios/build/SourcePackages/checkouts/swift-nio/Sources/CNIOPosix/include
2026-04-22T16:43:53.2041540Z  /Users/runner/work/tcm-storage-ios/tcm-storage-ios/build/SourcePackages/checkouts/swift-nio/Sources/CNIOWASI/include
2026-04-22T16:43:53.2041990Z  /Users/runner/work/tcm-storage-ios/tcm-storage-ios/build/SourcePackages/checkouts/swift-nio/Sources/CNIOWindows/include
2026-04-22T16:43:53.2042320Z  /Users/runner/work/tcm-storage-ios/tcm-storage-ios/build/SourcePackages/checkouts/swift-nio/Sources/CNIOLinux/include
2026-04-22T16:43:53.2042620Z  /Users/runner/work/tcm-storage-ios/tcm-storage-ios/build/SourcePackages/checkouts/swift-nio/Sources/CNIODarwin/include
2026-04-22T16:43:53.2042930Z  /Users/runner/work/tcm-storage-ios/tcm-storage-ios/build/SourcePackages/checkouts/swift-nio/Sources/CNIOOpenBSD/include
2026-04-22T16:43:53.2043200Z  /Users/runner/work/tcm-storage-ios/tcm-storage-ios/build/SourcePackages/checkouts/swift-nio/Sources/CNIOAtomics/include
2026-04-22T16:43:53.2043510Z  /Users/runner/work/tcm-storage-ios/tcm-storage-ios/build/SourcePackages/checkouts/swift-nio-ssl/Sources/CNIOBoringSSLShims/include
2026-04-22T16:43:53.2043800Z  /Users/runner/work/tcm-storage-ios/tcm-storage-ios/build/SourcePackages/checkouts/swift-nio-ssl/Sources/CNIOBoringSSL/include
2026-04-22T16:43:53.2044000Z  /Users/runner/work/tcm-storage-ios/tcm-storage-ios/build/SourcePackages/checkouts/realm-core/src
2026-04-22T16:43:53.2044240Z  /Users/runner/work/tcm-storage-ios/tcm-storage-ios/build/SourcePackages/checkouts/realm-core/src/external/s2
2026-04-22T16:43:53.2044570Z  /Users/runner/work/tcm-storage-ios/tcm-storage-ios/build/SourcePackages/checkouts/realm-core/src/external/IntelRDFPMathLib20U2/LIBRARY/src
2026-04-22T16:43:53.2044790Z  /Users/runner/work/tcm-storage-ios/tcm-storage-ios/build/SourcePackages/checkouts/realm-core/src/spm
2026-04-22T16:43:53.2045010Z  /Users/runner/work/tcm-storage-ios/tcm-storage-ios/build/SourcePackages/checkouts/realm-swift/include
2026-04-22T16:43:53.2045440Z  /Users/runner/work/tcm-storage-ios/tcm-storage-ios/build/Build/Intermediates.noindex/Nextcloud.build/Debug-iphonesimulator/Notification Service Extension.build/DerivedSources
2026-04-22T16:43:53.2045760Z  /Users/runner/work/tcm-storage-ios/tcm-storage-ios/build/Build/Products/Debug-iphonesimulator/PackageFrameworks (framework directory)
2026-04-22T16:43:53.2046020Z  /Users/runner/work/tcm-storage-ios/tcm-storage-ios/build/Build/Products/Debug-iphonesimulator (framework directory)
2026-04-22T16:43:53.2046340Z  /Applications/Xcode_26.2.app/Contents/Developer/Platforms/iPhoneSimulator.platform/Developer/Library/Frameworks (framework directory)
2026-04-22T16:43:53.2046860Z  /Applications/Xcode_26.2.app/Contents/Developer/Platforms/iPhoneSimulator.platform/Developer/SDKs/iPhoneSimulator26.2.sdk/Developer/Library/Frameworks (framework directory)
2026-04-22T16:43:53.2047160Z  /Applications/Xcode_26.2.app/Contents/Developer/Toolchains/XcodeDefault.xctoolchain/usr/lib/clang/17/include
2026-04-22T16:43:53.2047480Z  /Applications/Xcode_26.2.app/Contents/Developer/Platforms/iPhoneSimulator.platform/Developer/SDKs/iPhoneSimulator26.2.sdk/usr/include
2026-04-22T16:43:53.2047680Z  /Applications/Xcode_26.2.app/Contents/Developer/Toolchains/XcodeDefault.xctoolchain/usr/include
2026-04-22T16:43:53.2048090Z  /Applications/Xcode_26.2.app/Contents/Developer/Platforms/iPhoneSimulator.platform/Developer/SDKs/iPhoneSimulator26.2.sdk/System/Library/Frameworks (framework directory)
2026-04-22T16:43:53.2048510Z  /Applications/Xcode_26.2.app/Contents/Developer/Platforms/iPhoneSimulator.platform/Developer/SDKs/iPhoneSimulator26.2.sdk/System/Library/SubFrameworks (framework directory)
2026-04-22T16:43:53.2057760Z End of search list.
2026-04-22T16:43:53.2058060Z clang -cc1 version 17.0.0 (clang-1700.6.3.2) default target arm64-apple-darwin24.6.0
2026-04-22T16:43:53.2058410Z ignoring nonexistent directory "/Users/runner/work/tcm-storage-ios/tcm-storage-ios/build/Build/Products/Debug-iphonesimulator/include"
2026-04-22T16:43:53.2058920Z ignoring nonexistent directory "/Users/runner/work/tcm-storage-ios/tcm-storage-ios/build/Build/Intermediates.noindex/Nextcloud.build/Debug-iphonesimulator/Share.build/DerivedSources-normal/arm64"
2026-04-22T16:43:53.2059390Z ignoring nonexistent directory "/Users/runner/work/tcm-storage-ios/tcm-storage-ios/build/Build/Intermediates.noindex/Nextcloud.build/Debug-iphonesimulator/Share.build/DerivedSources/arm64"
2026-04-22T16:43:53.2059810Z ignoring nonexistent directory "/Applications/Xcode_26.2.app/Contents/Developer/Platforms/iPhoneSimulator.platform/Developer/SDKs/iPhoneSimulator26.2.sdk/usr/local/include"
2026-04-22T16:43:53.2060240Z ignoring nonexistent directory "/Applications/Xcode_26.2.app/Contents/Developer/Platforms/iPhoneSimulator.platform/Developer/SDKs/iPhoneSimulator26.2.sdk/Library/Frameworks"
2026-04-22T16:43:53.2060580Z ignoring duplicate directory "/Users/runner/work/tcm-storage-ios/tcm-storage-ios/build/Build/Products/Debug-iphonesimulator/PackageFrameworks"
2026-04-22T16:43:53.2060930Z ignoring duplicate directory "/Users/runner/work/tcm-storage-ios/tcm-storage-ios/build/Build/Products/Debug-iphonesimulator/PackageFrameworks"
2026-04-22T16:43:53.2061270Z ignoring duplicate directory "/Users/runner/work/tcm-storage-ios/tcm-storage-ios/build/Build/Products/Debug-iphonesimulator/PackageFrameworks"
2026-04-22T16:43:53.2061600Z ignoring duplicate directory "/Users/runner/work/tcm-storage-ios/tcm-storage-ios/build/Build/Products/Debug-iphonesimulator/PackageFrameworks"
2026-04-22T16:43:53.2061940Z ignoring duplicate directory "/Users/runner/work/tcm-storage-ios/tcm-storage-ios/build/Build/Products/Debug-iphonesimulator/PackageFrameworks"
2026-04-22T16:43:53.2062270Z ignoring duplicate directory "/Users/runner/work/tcm-storage-ios/tcm-storage-ios/build/Build/Products/Debug-iphonesimulator/PackageFrameworks"
2026-04-22T16:43:53.2062600Z ignoring duplicate directory "/Users/runner/work/tcm-storage-ios/tcm-storage-ios/build/Build/Products/Debug-iphonesimulator/PackageFrameworks"
2026-04-22T16:43:53.2062930Z ignoring duplicate directory "/Users/runner/work/tcm-storage-ios/tcm-storage-ios/build/Build/Products/Debug-iphonesimulator/PackageFrameworks"
2026-04-22T16:43:53.2063250Z ignoring duplicate directory "/Users/runner/work/tcm-storage-ios/tcm-storage-ios/build/Build/Products/Debug-iphonesimulator/PackageFrameworks"
2026-04-22T16:43:53.2063570Z ignoring duplicate directory "/Users/runner/work/tcm-storage-ios/tcm-storage-ios/build/Build/Products/Debug-iphonesimulator/PackageFrameworks"
2026-04-22T16:43:53.2063890Z ignoring duplicate directory "/Users/runner/work/tcm-storage-ios/tcm-storage-ios/build/Build/Products/Debug-iphonesimulator/PackageFrameworks"
2026-04-22T16:43:53.2064570Z ignoring duplicate directory "/Users/runner/work/tcm-storage-ios/tcm-storage-ios/build/Build/Products/Debug-iphonesimulator/PackageFrameworks"
2026-04-22T16:43:53.2065120Z ignoring duplicate directory "/Users/runner/work/tcm-storage-ios/tcm-storage-ios/build/Build/Products/Debug-iphonesimulator/PackageFrameworks"
2026-04-22T16:43:53.2065470Z ignoring duplicate directory "/Users/runner/work/tcm-storage-ios/tcm-storage-ios/build/Build/Products/Debug-iphonesimulator/PackageFrameworks"
2026-04-22T16:43:53.2065790Z ignoring duplicate directory "/Users/runner/work/tcm-storage-ios/tcm-storage-ios/build/Build/Products/Debug-iphonesimulator/PackageFrameworks"
2026-04-22T16:43:53.2066110Z ignoring duplicate directory "/Users/runner/work/tcm-storage-ios/tcm-storage-ios/build/Build/Products/Debug-iphonesimulator/PackageFrameworks"
2026-04-22T16:43:53.2066440Z ignoring duplicate directory "/Users/runner/work/tcm-storage-ios/tcm-storage-ios/build/Build/Products/Debug-iphonesimulator/PackageFrameworks"
2026-04-22T16:43:53.2066800Z ignoring duplicate directory "/Users/runner/work/tcm-storage-ios/tcm-storage-ios/build/Build/Products/Debug-iphonesimulator/PackageFrameworks"
2026-04-22T16:43:53.2067120Z ignoring duplicate directory "/Users/runner/work/tcm-storage-ios/tcm-storage-ios/build/Build/Products/Debug-iphonesimulator/PackageFrameworks"
2026-04-22T16:43:53.2067750Z ignoring duplicate directory "/Users/runner/work/tcm-storage-ios/tcm-storage-ios/build/Build/Products/Debug-iphonesimulator/PackageFrameworks"
2026-04-22T16:43:53.2068080Z ignoring duplicate directory "/Users/runner/work/tcm-storage-ios/tcm-storage-ios/build/Build/Products/Debug-iphonesimulator/PackageFrameworks"
2026-04-22T16:43:53.2068400Z ignoring duplicate directory "/Users/runner/work/tcm-storage-ios/tcm-storage-ios/build/Build/Products/Debug-iphonesimulator/PackageFrameworks"
2026-04-22T16:43:53.2068730Z ignoring duplicate directory "/Users/runner/work/tcm-storage-ios/tcm-storage-ios/build/Build/Products/Debug-iphonesimulator/PackageFrameworks"
2026-04-22T16:43:53.2069050Z ignoring duplicate directory "/Users/runner/work/tcm-storage-ios/tcm-storage-ios/build/Build/Products/Debug-iphonesimulator/PackageFrameworks"
2026-04-22T16:43:53.2069380Z ignoring duplicate directory "/Users/runner/work/tcm-storage-ios/tcm-storage-ios/build/Build/Products/Debug-iphonesimulator/PackageFrameworks"
2026-04-22T16:43:53.2069760Z ignoring duplicate directory "/Users/runner/work/tcm-storage-ios/tcm-storage-ios/build/Build/Products/Debug-iphonesimulator/PackageFrameworks"
2026-04-22T16:43:53.2070130Z ignoring duplicate directory "/Users/runner/work/tcm-storage-ios/tcm-storage-ios/build/Build/Products/Debug-iphonesimulator/PackageFrameworks"
2026-04-22T16:43:53.2070460Z ignoring duplicate directory "/Users/runner/work/tcm-storage-ios/tcm-storage-ios/build/Build/Products/Debug-iphonesimulator/PackageFrameworks"
2026-04-22T16:43:53.2070780Z ignoring duplicate directory "/Users/runner/work/tcm-storage-ios/tcm-storage-ios/build/Build/Products/Debug-iphonesimulator/PackageFrameworks"
2026-04-22T16:43:53.2071100Z ignoring duplicate directory "/Users/runner/work/tcm-storage-ios/tcm-storage-ios/build/Build/Products/Debug-iphonesimulator/PackageFrameworks"
2026-04-22T16:43:53.2075050Z ignoring duplicate directory "/Users/runner/work/tcm-storage-ios/tcm-storage-ios/build/Build/Products/Debug-iphonesimulator/PackageFrameworks"
2026-04-22T16:43:53.2075460Z ignoring duplicate directory "/Users/runner/work/tcm-storage-ios/tcm-storage-ios/build/Build/Products/Debug-iphonesimulator/PackageFrameworks"
2026-04-22T16:43:53.2075810Z ignoring duplicate directory "/Users/runner/work/tcm-storage-ios/tcm-storage-ios/build/Build/Products/Debug-iphonesimulator/PackageFrameworks"
2026-04-22T16:43:53.2076150Z ignoring duplicate directory "/Users/runner/work/tcm-storage-ios/tcm-storage-ios/build/Build/Products/Debug-iphonesimulator/PackageFrameworks"
2026-04-22T16:43:53.2076490Z ignoring duplicate directory "/Users/runner/work/tcm-storage-ios/tcm-storage-ios/build/Build/Products/Debug-iphonesimulator/PackageFrameworks"
2026-04-22T16:43:53.2076970Z ignoring duplicate directory "/Users/runner/work/tcm-storage-ios/tcm-storage-ios/build/Build/Products/Debug-iphonesimulator/PackageFrameworks"
2026-04-22T16:43:53.2077370Z ignoring duplicate directory "/Users/runner/work/tcm-storage-ios/tcm-storage-ios/build/Build/Products/Debug-iphonesimulator/PackageFrameworks"
2026-04-22T16:43:53.2077710Z ignoring duplicate directory "/Users/runner/work/tcm-storage-ios/tcm-storage-ios/build/Build/Products/Debug-iphonesimulator/PackageFrameworks"
2026-04-22T16:43:53.2078030Z ignoring duplicate directory "/Users/runner/work/tcm-storage-ios/tcm-storage-ios/build/Build/Products/Debug-iphonesimulator/PackageFrameworks"
2026-04-22T16:43:53.2078360Z ignoring duplicate directory "/Users/runner/work/tcm-storage-ios/tcm-storage-ios/build/Build/Products/Debug-iphonesimulator/PackageFrameworks"
2026-04-22T16:43:53.2078420Z #include "..." search starts here:
2026-04-22T16:43:53.2078860Z  /Users/runner/work/tcm-storage-ios/tcm-storage-ios/build/Build/Intermediates.noindex/Nextcloud.build/Debug-iphonesimulator/Share.build/Share-generated-files.hmap (headermap)
2026-04-22T16:43:53.2079300Z  /Users/runner/work/tcm-storage-ios/tcm-storage-ios/build/Build/Intermediates.noindex/Nextcloud.build/Debug-iphonesimulator/Share.build/Share-project-headers.hmap (headermap)
2026-04-22T16:43:53.2079360Z #include <...> search starts here:
2026-04-22T16:43:53.2079790Z  /Users/runner/work/tcm-storage-ios/tcm-storage-ios/build/Build/Intermediates.noindex/Nextcloud.build/Debug-iphonesimulator/Share.build/Share-own-target-headers.hmap (headermap)
2026-04-22T16:43:53.2080300Z  /Users/runner/work/tcm-storage-ios/tcm-storage-ios/build/Build/Intermediates.noindex/Nextcloud.build/Debug-iphonesimulator/Share.build/Share-all-non-framework-target-headers.hmap (headermap)
2026-04-22T16:43:53.2080520Z  /Users/runner/work/tcm-storage-ios/tcm-storage-ios/build/SourcePackages/checkouts/realm-core/src
2026-04-22T16:43:53.2080770Z  /Users/runner/work/tcm-storage-ios/tcm-storage-ios/build/SourcePackages/checkouts/realm-core/src/external/s2
2026-04-22T16:43:53.2081100Z  /Users/runner/work/tcm-storage-ios/tcm-storage-ios/build/SourcePackages/checkouts/realm-core/src/external/IntelRDFPMathLib20U2/LIBRARY/src
2026-04-22T16:43:53.2081320Z  /Users/runner/work/tcm-storage-ios/tcm-storage-ios/build/SourcePackages/checkouts/realm-core/src/spm
2026-04-22T16:43:53.2081530Z  /Users/runner/work/tcm-storage-ios/tcm-storage-ios/build/SourcePackages/checkouts/realm-swift/include
2026-04-22T16:43:53.2081820Z  /Users/runner/work/tcm-storage-ios/tcm-storage-ios/build/SourcePackages/checkouts/swift-atomics/Sources/_AtomicsShims/include
2026-04-22T16:43:53.2082080Z  /Users/runner/work/tcm-storage-ios/tcm-storage-ios/build/SourcePackages/checkouts/swift-nio/Sources/CNIOPosix/include
2026-04-22T16:43:53.2082350Z  /Users/runner/work/tcm-storage-ios/tcm-storage-ios/build/SourcePackages/checkouts/swift-nio/Sources/CNIOWASI/include
2026-04-22T16:43:53.2082620Z  /Users/runner/work/tcm-storage-ios/tcm-storage-ios/build/SourcePackages/checkouts/swift-nio/Sources/CNIOWindows/include
2026-04-22T16:43:53.2082880Z  /Users/runner/work/tcm-storage-ios/tcm-storage-ios/build/SourcePackages/checkouts/swift-nio/Sources/CNIOLinux/include
2026-04-22T16:43:53.2083170Z  /Users/runner/work/tcm-storage-ios/tcm-storage-ios/build/SourcePackages/checkouts/swift-nio/Sources/CNIODarwin/include
2026-04-22T16:43:53.2083440Z  /Users/runner/work/tcm-storage-ios/tcm-storage-ios/build/SourcePackages/checkouts/swift-nio/Sources/CNIOOpenBSD/include
2026-04-22T16:43:53.2083700Z  /Users/runner/work/tcm-storage-ios/tcm-storage-ios/build/SourcePackages/checkouts/swift-nio/Sources/CNIOAtomics/include
2026-04-22T16:43:53.2084030Z  /Users/runner/work/tcm-storage-ios/tcm-storage-ios/build/SourcePackages/checkouts/swift-nio-ssl/Sources/CNIOBoringSSLShims/include
2026-04-22T16:43:53.2084320Z  /Users/runner/work/tcm-storage-ios/tcm-storage-ios/build/SourcePackages/checkouts/swift-nio-ssl/Sources/CNIOBoringSSL/include
2026-04-22T16:43:53.2084680Z  /Users/runner/work/tcm-storage-ios/tcm-storage-ios/build/SourcePackages/checkouts/GzipSwift/Sources/system-zlib/include
2026-04-22T16:43:53.2085110Z  /Users/runner/work/tcm-storage-ios/tcm-storage-ios/build/Build/Intermediates.noindex/Nextcloud.build/Debug-iphonesimulator/Share.build/DerivedSources
2026-04-22T16:43:53.2085430Z  /Users/runner/work/tcm-storage-ios/tcm-storage-ios/build/Build/Products/Debug-iphonesimulator/PackageFrameworks (framework directory)
2026-04-22T16:43:53.2085690Z  /Users/runner/work/tcm-storage-ios/tcm-storage-ios/build/Build/Products/Debug-iphonesimulator (framework directory)
2026-04-22T16:43:53.2086010Z  /Applications/Xcode_26.2.app/Contents/Developer/Platforms/iPhoneSimulator.platform/Developer/Library/Frameworks (framework directory)
2026-04-22T16:43:53.2086440Z  /Applications/Xcode_26.2.app/Contents/Developer/Platforms/iPhoneSimulator.platform/Developer/SDKs/iPhoneSimulator26.2.sdk/Developer/Library/Frameworks (framework directory)
2026-04-22T16:43:53.2086690Z  /Applications/Xcode_26.2.app/Contents/Developer/Toolchains/XcodeDefault.xctoolchain/usr/lib/clang/17/include
2026-04-22T16:43:53.2087030Z  /Applications/Xcode_26.2.app/Contents/Developer/Platforms/iPhoneSimulator.platform/Developer/SDKs/iPhoneSimulator26.2.sdk/usr/include
2026-04-22T16:43:53.2087490Z  /Applications/Xcode_26.2.app/Contents/Developer/Toolchains/XcodeDefault.xctoolchain/usr/include
2026-04-22T16:43:53.2087940Z  /Applications/Xcode_26.2.app/Contents/Developer/Platforms/iPhoneSimulator.platform/Developer/SDKs/iPhoneSimulator26.2.sdk/System/Library/Frameworks (framework directory)
2026-04-22T16:43:53.2088360Z  /Applications/Xcode_26.2.app/Contents/Developer/Platforms/iPhoneSimulator.platform/Developer/SDKs/iPhoneSimulator26.2.sdk/System/Library/SubFrameworks (framework directory)
2026-04-22T16:43:53.2088400Z End of search list.
2026-04-22T16:43:53.2088570Z clang -cc1 version 17.0.0 (clang-1700.6.3.2) default target arm64-apple-darwin24.6.0
2026-04-22T16:43:53.2088970Z ignoring nonexistent directory "/Users/runner/work/tcm-storage-ios/tcm-storage-ios/build/Build/Products/Debug-iphonesimulator/include"
2026-04-22T16:43:53.2089530Z ignoring nonexistent directory "/Users/runner/work/tcm-storage-ios/tcm-storage-ios/build/Build/Intermediates.noindex/Nextcloud.build/Debug-iphonesimulator/Notification Service Extension.build/DerivedSources-normal/arm64"
2026-04-22T16:43:53.2090060Z ignoring nonexistent directory "/Users/runner/work/tcm-storage-ios/tcm-storage-ios/build/Build/Intermediates.noindex/Nextcloud.build/Debug-iphonesimulator/Notification Service Extension.build/DerivedSources/arm64"
2026-04-22T16:43:53.2090480Z ignoring nonexistent directory "/Applications/Xcode_26.2.app/Contents/Developer/Platforms/iPhoneSimulator.platform/Developer/SDKs/iPhoneSimulator26.2.sdk/usr/local/include"
2026-04-22T16:43:53.2090900Z ignoring nonexistent directory "/Applications/Xcode_26.2.app/Contents/Developer/Platforms/iPhoneSimulator.platform/Developer/SDKs/iPhoneSimulator26.2.sdk/Library/Frameworks"
2026-04-22T16:43:53.2091240Z ignoring duplicate directory "/Users/runner/work/tcm-storage-ios/tcm-storage-ios/build/Build/Products/Debug-iphonesimulator/PackageFrameworks"
2026-04-22T16:43:53.2091580Z ignoring duplicate directory "/Users/runner/work/tcm-storage-ios/tcm-storage-ios/build/Build/Products/Debug-iphonesimulator/PackageFrameworks"
2026-04-22T16:43:53.2091910Z ignoring duplicate directory "/Users/runner/work/tcm-storage-ios/tcm-storage-ios/build/Build/Products/Debug-iphonesimulator/PackageFrameworks"
2026-04-22T16:43:53.2092230Z ignoring duplicate directory "/Users/runner/work/tcm-storage-ios/tcm-storage-ios/build/Build/Products/Debug-iphonesimulator/PackageFrameworks"
2026-04-22T16:43:53.2092560Z ignoring duplicate directory "/Users/runner/work/tcm-storage-ios/tcm-storage-ios/build/Build/Products/Debug-iphonesimulator/PackageFrameworks"
2026-04-22T16:43:53.2092880Z ignoring duplicate directory "/Users/runner/work/tcm-storage-ios/tcm-storage-ios/build/Build/Products/Debug-iphonesimulator/PackageFrameworks"
2026-04-22T16:43:53.2093340Z ignoring duplicate directory "/Users/runner/work/tcm-storage-ios/tcm-storage-ios/build/Build/Products/Debug-iphonesimulator/PackageFrameworks"
2026-04-22T16:43:53.2093760Z ignoring duplicate directory "/Users/runner/work/tcm-storage-ios/tcm-storage-ios/build/Build/Products/Debug-iphonesimulator/PackageFrameworks"
2026-04-22T16:43:53.2094090Z ignoring duplicate directory "/Users/runner/work/tcm-storage-ios/tcm-storage-ios/build/Build/Products/Debug-iphonesimulator/PackageFrameworks"
2026-04-22T16:43:53.2094420Z ignoring duplicate directory "/Users/runner/work/tcm-storage-ios/tcm-storage-ios/build/Build/Products/Debug-iphonesimulator/PackageFrameworks"
2026-04-22T16:43:53.2094770Z ignoring duplicate directory "/Users/runner/work/tcm-storage-ios/tcm-storage-ios/build/Build/Products/Debug-iphonesimulator/PackageFrameworks"
2026-04-22T16:43:53.2095100Z ignoring duplicate directory "/Users/runner/work/tcm-storage-ios/tcm-storage-ios/build/Build/Products/Debug-iphonesimulator/PackageFrameworks"
2026-04-22T16:43:53.2095430Z ignoring duplicate directory "/Users/runner/work/tcm-storage-ios/tcm-storage-ios/build/Build/Products/Debug-iphonesimulator/PackageFrameworks"
2026-04-22T16:43:53.2096480Z ignoring duplicate directory "/Users/runner/work/tcm-storage-ios/tcm-storage-ios/build/Build/Products/Debug-iphonesimulator/PackageFrameworks"
2026-04-22T16:43:53.2096870Z ignoring duplicate directory "/Users/runner/work/tcm-storage-ios/tcm-storage-ios/build/Build/Products/Debug-iphonesimulator/PackageFrameworks"
2026-04-22T16:43:53.2097210Z ignoring duplicate directory "/Users/runner/work/tcm-storage-ios/tcm-storage-ios/build/Build/Products/Debug-iphonesimulator/PackageFrameworks"
2026-04-22T16:43:53.2097540Z ignoring duplicate directory "/Users/runner/work/tcm-storage-ios/tcm-storage-ios/build/Build/Products/Debug-iphonesimulator/PackageFrameworks"
2026-04-22T16:43:53.2097930Z ignoring duplicate directory "/Users/runner/work/tcm-storage-ios/tcm-storage-ios/build/Build/Products/Debug-iphonesimulator/PackageFrameworks"
2026-04-22T16:43:53.2100960Z ignoring duplicate directory "/Users/runner/work/tcm-storage-ios/tcm-storage-ios/build/Build/Products/Debug-iphonesimulator/PackageFrameworks"
2026-04-22T16:43:53.2101340Z ignoring duplicate directory "/Users/runner/work/tcm-storage-ios/tcm-storage-ios/build/Build/Products/Debug-iphonesimulator/PackageFrameworks"
2026-04-22T16:43:53.2101680Z ignoring duplicate directory "/Users/runner/work/tcm-storage-ios/tcm-storage-ios/build/Build/Products/Debug-iphonesimulator/PackageFrameworks"
2026-04-22T16:43:53.2102010Z ignoring duplicate directory "/Users/runner/work/tcm-storage-ios/tcm-storage-ios/build/Build/Products/Debug-iphonesimulator/PackageFrameworks"
2026-04-22T16:43:53.2102340Z ignoring duplicate directory "/Users/runner/work/tcm-storage-ios/tcm-storage-ios/build/Build/Products/Debug-iphonesimulator/PackageFrameworks"
2026-04-22T16:43:53.2102670Z ignoring duplicate directory "/Users/runner/work/tcm-storage-ios/tcm-storage-ios/build/Build/Products/Debug-iphonesimulator/PackageFrameworks"
2026-04-22T16:43:53.2103060Z ignoring duplicate directory "/Users/runner/work/tcm-storage-ios/tcm-storage-ios/build/Build/Products/Debug-iphonesimulator/PackageFrameworks"
2026-04-22T16:43:53.2103390Z ignoring duplicate directory "/Users/runner/work/tcm-storage-ios/tcm-storage-ios/build/Build/Products/Debug-iphonesimulator/PackageFrameworks"
2026-04-22T16:43:53.2103720Z ignoring duplicate directory "/Users/runner/work/tcm-storage-ios/tcm-storage-ios/build/Build/Products/Debug-iphonesimulator/PackageFrameworks"
2026-04-22T16:43:53.2104050Z ignoring duplicate directory "/Users/runner/work/tcm-storage-ios/tcm-storage-ios/build/Build/Products/Debug-iphonesimulator/PackageFrameworks"
2026-04-22T16:43:53.2104440Z ignoring duplicate directory "/Users/runner/work/tcm-storage-ios/tcm-storage-ios/build/Build/Products/Debug-iphonesimulator/PackageFrameworks"
2026-04-22T16:43:53.2104790Z ignoring duplicate directory "/Users/runner/work/tcm-storage-ios/tcm-storage-ios/build/Build/Products/Debug-iphonesimulator/PackageFrameworks"
2026-04-22T16:43:53.2105270Z ignoring duplicate directory "/Users/runner/work/tcm-storage-ios/tcm-storage-ios/build/Build/Products/Debug-iphonesimulator/PackageFrameworks"
2026-04-22T16:43:53.2105690Z ignoring duplicate directory "/Users/runner/work/tcm-storage-ios/tcm-storage-ios/build/Build/Products/Debug-iphonesimulator/PackageFrameworks"
2026-04-22T16:43:53.2106090Z ignoring duplicate directory "/Users/runner/work/tcm-storage-ios/tcm-storage-ios/build/Build/Products/Debug-iphonesimulator/PackageFrameworks"
2026-04-22T16:43:53.2106420Z ignoring duplicate directory "/Users/runner/work/tcm-storage-ios/tcm-storage-ios/build/Build/Products/Debug-iphonesimulator/PackageFrameworks"
2026-04-22T16:43:53.2106480Z #include "..." search starts here:
2026-04-22T16:43:53.2107060Z  /Users/runner/work/tcm-storage-ios/tcm-storage-ios/build/Build/Intermediates.noindex/Nextcloud.build/Debug-iphonesimulator/Notification Service Extension.build/Notification Service Extension-generated-files.hmap (headermap)
2026-04-22T16:43:53.2107640Z  /Users/runner/work/tcm-storage-ios/tcm-storage-ios/build/Build/Intermediates.noindex/Nextcloud.build/Debug-iphonesimulator/Notification Service Extension.build/Notification Service Extension-project-headers.hmap (headermap)
2026-04-22T16:43:53.2107710Z #include <...> search starts here:
2026-04-22T16:43:53.2108310Z  /Users/runner/work/tcm-storage-ios/tcm-storage-ios/build/Build/Intermediates.noindex/Nextcloud.build/Debug-iphonesimulator/Notification Service Extension.build/Notification Service Extension-own-target-headers.hmap (headermap)
2026-04-22T16:43:53.2108950Z  /Users/runner/work/tcm-storage-ios/tcm-storage-ios/build/Build/Intermediates.noindex/Nextcloud.build/Debug-iphonesimulator/Notification Service Extension.build/Notification Service Extension-all-non-framework-target-headers.hmap (headermap)
2026-04-22T16:43:53.2109250Z  /Users/runner/work/tcm-storage-ios/tcm-storage-ios/build/SourcePackages/checkouts/swift-atomics/Sources/_AtomicsShims/include
2026-04-22T16:43:53.2109520Z  /Users/runner/work/tcm-storage-ios/tcm-storage-ios/build/SourcePackages/checkouts/swift-nio/Sources/CNIOPosix/include
2026-04-22T16:43:53.2109790Z  /Users/runner/work/tcm-storage-ios/tcm-storage-ios/build/SourcePackages/checkouts/swift-nio/Sources/CNIOWASI/include
2026-04-22T16:43:53.2110060Z  /Users/runner/work/tcm-storage-ios/tcm-storage-ios/build/SourcePackages/checkouts/swift-nio/Sources/CNIOWindows/include
2026-04-22T16:43:53.2110340Z  /Users/runner/work/tcm-storage-ios/tcm-storage-ios/build/SourcePackages/checkouts/swift-nio/Sources/CNIOLinux/include
2026-04-22T16:43:53.2110610Z  /Users/runner/work/tcm-storage-ios/tcm-storage-ios/build/SourcePackages/checkouts/swift-nio/Sources/CNIODarwin/include
2026-04-22T16:43:53.2110880Z  /Users/runner/work/tcm-storage-ios/tcm-storage-ios/build/SourcePackages/checkouts/swift-nio/Sources/CNIOOpenBSD/include
2026-04-22T16:43:53.2111140Z  /Users/runner/work/tcm-storage-ios/tcm-storage-ios/build/SourcePackages/checkouts/swift-nio/Sources/CNIOAtomics/include
2026-04-22T16:43:53.2111450Z  /Users/runner/work/tcm-storage-ios/tcm-storage-ios/build/SourcePackages/checkouts/swift-nio-ssl/Sources/CNIOBoringSSLShims/include
2026-04-22T16:43:53.2111750Z  /Users/runner/work/tcm-storage-ios/tcm-storage-ios/build/SourcePackages/checkouts/swift-nio-ssl/Sources/CNIOBoringSSL/include
2026-04-22T16:43:53.2111960Z  /Users/runner/work/tcm-storage-ios/tcm-storage-ios/build/SourcePackages/checkouts/realm-core/src
2026-04-22T16:43:53.2112200Z  /Users/runner/work/tcm-storage-ios/tcm-storage-ios/build/SourcePackages/checkouts/realm-core/src/external/s2
2026-04-22T16:43:53.2112520Z  /Users/runner/work/tcm-storage-ios/tcm-storage-ios/build/SourcePackages/checkouts/realm-core/src/external/IntelRDFPMathLib20U2/LIBRARY/src
2026-04-22T16:43:53.2112740Z  /Users/runner/work/tcm-storage-ios/tcm-storage-ios/build/SourcePackages/checkouts/realm-core/src/spm
2026-04-22T16:43:53.2112950Z  /Users/runner/work/tcm-storage-ios/tcm-storage-ios/build/SourcePackages/checkouts/realm-swift/include
2026-04-22T16:43:53.2113470Z  /Users/runner/work/tcm-storage-ios/tcm-storage-ios/build/Build/Intermediates.noindex/Nextcloud.build/Debug-iphonesimulator/Notification Service Extension.build/DerivedSources
2026-04-22T16:43:53.2113840Z  /Users/runner/work/tcm-storage-ios/tcm-storage-ios/build/Build/Products/Debug-iphonesimulator/PackageFrameworks (framework directory)
2026-04-22T16:43:53.2114110Z  /Users/runner/work/tcm-storage-ios/tcm-storage-ios/build/Build/Products/Debug-iphonesimulator (framework directory)
2026-04-22T16:43:53.2114430Z  /Applications/Xcode_26.2.app/Contents/Developer/Platforms/iPhoneSimulator.platform/Developer/Library/Frameworks (framework directory)
2026-04-22T16:43:53.2114860Z  /Applications/Xcode_26.2.app/Contents/Developer/Platforms/iPhoneSimulator.platform/Developer/SDKs/iPhoneSimulator26.2.sdk/Developer/Library/Frameworks (framework directory)
2026-04-22T16:43:53.2115100Z  /Applications/Xcode_26.2.app/Contents/Developer/Toolchains/XcodeDefault.xctoolchain/usr/lib/clang/17/include
2026-04-22T16:43:53.2115420Z  /Applications/Xcode_26.2.app/Contents/Developer/Platforms/iPhoneSimulator.platform/Developer/SDKs/iPhoneSimulator26.2.sdk/usr/include
2026-04-22T16:43:53.2115630Z  /Applications/Xcode_26.2.app/Contents/Developer/Toolchains/XcodeDefault.xctoolchain/usr/include
2026-04-22T16:43:53.2116050Z  /Applications/Xcode_26.2.app/Contents/Developer/Platforms/iPhoneSimulator.platform/Developer/SDKs/iPhoneSimulator26.2.sdk/System/Library/Frameworks (framework directory)
2026-04-22T16:43:53.2116470Z  /Applications/Xcode_26.2.app/Contents/Developer/Platforms/iPhoneSimulator.platform/Developer/SDKs/iPhoneSimulator26.2.sdk/System/Library/SubFrameworks (framework directory)
2026-04-22T16:43:53.2116520Z End of search list.
2026-04-22T16:43:53.2116690Z clang -cc1 version 17.0.0 (clang-1700.6.3.2) default target arm64-apple-darwin24.6.0
2026-04-22T16:43:53.2117000Z ignoring nonexistent directory "/Users/runner/work/tcm-storage-ios/tcm-storage-ios/build/Build/Products/Debug-iphonesimulator/include"
2026-04-22T16:43:53.2117480Z ignoring nonexistent directory "/Users/runner/work/tcm-storage-ios/tcm-storage-ios/build/Build/Intermediates.noindex/Nextcloud.build/Debug-iphonesimulator/Share.build/DerivedSources-normal/arm64"
2026-04-22T16:43:53.2117950Z ignoring nonexistent directory "/Users/runner/work/tcm-storage-ios/tcm-storage-ios/build/Build/Intermediates.noindex/Nextcloud.build/Debug-iphonesimulator/Share.build/DerivedSources/arm64"
2026-04-22T16:43:53.2141290Z ignoring nonexistent directory "/Applications/Xcode_26.2.app/Contents/Developer/Platforms/iPhoneSimulator.platform/Developer/SDKs/iPhoneSimulator26.2.sdk/usr/local/include"
2026-04-22T16:43:53.2141820Z ignoring nonexistent directory "/Applications/Xcode_26.2.app/Contents/Developer/Platforms/iPhoneSimulator.platform/Developer/SDKs/iPhoneSimulator26.2.sdk/Library/Frameworks"
2026-04-22T16:43:53.2142190Z ignoring duplicate directory "/Users/runner/work/tcm-storage-ios/tcm-storage-ios/build/Build/Products/Debug-iphonesimulator/PackageFrameworks"
2026-04-22T16:43:53.2142590Z ignoring duplicate directory "/Users/runner/work/tcm-storage-ios/tcm-storage-ios/build/Build/Products/Debug-iphonesimulator/PackageFrameworks"
2026-04-22T16:43:53.2146480Z ignoring duplicate directory "/Users/runner/work/tcm-storage-ios/tcm-storage-ios/build/Build/Products/Debug-iphonesimulator/PackageFrameworks"
2026-04-22T16:43:53.2146860Z ignoring duplicate directory "/Users/runner/work/tcm-storage-ios/tcm-storage-ios/build/Build/Products/Debug-iphonesimulator/PackageFrameworks"
2026-04-22T16:43:53.2147200Z ignoring duplicate directory "/Users/runner/work/tcm-storage-ios/tcm-storage-ios/build/Build/Products/Debug-iphonesimulator/PackageFrameworks"
2026-04-22T16:43:53.2147530Z ignoring duplicate directory "/Users/runner/work/tcm-storage-ios/tcm-storage-ios/build/Build/Products/Debug-iphonesimulator/PackageFrameworks"
2026-04-22T16:43:53.2147860Z ignoring duplicate directory "/Users/runner/work/tcm-storage-ios/tcm-storage-ios/build/Build/Products/Debug-iphonesimulator/PackageFrameworks"
2026-04-22T16:43:53.2148500Z ignoring duplicate directory "/Users/runner/work/tcm-storage-ios/tcm-storage-ios/build/Build/Products/Debug-iphonesimulator/PackageFrameworks"
2026-04-22T16:43:53.2149020Z ignoring duplicate directory "/Users/runner/work/tcm-storage-ios/tcm-storage-ios/build/Build/Products/Debug-iphonesimulator/PackageFrameworks"
2026-04-22T16:43:53.2149410Z ignoring duplicate directory "/Users/runner/work/tcm-storage-ios/tcm-storage-ios/build/Build/Products/Debug-iphonesimulator/PackageFrameworks"
2026-04-22T16:43:53.2149770Z ignoring duplicate directory "/Users/runner/work/tcm-storage-ios/tcm-storage-ios/build/Build/Products/Debug-iphonesimulator/PackageFrameworks"
2026-04-22T16:43:53.2150130Z ignoring duplicate directory "/Users/runner/work/tcm-storage-ios/tcm-storage-ios/build/Build/Products/Debug-iphonesimulator/PackageFrameworks"
2026-04-22T16:43:53.2150510Z ignoring duplicate directory "/Users/runner/work/tcm-storage-ios/tcm-storage-ios/build/Build/Products/Debug-iphonesimulator/PackageFrameworks"
2026-04-22T16:43:53.2150860Z ignoring duplicate directory "/Users/runner/work/tcm-storage-ios/tcm-storage-ios/build/Build/Products/Debug-iphonesimulator/PackageFrameworks"
2026-04-22T16:43:53.2151230Z ignoring duplicate directory "/Users/runner/work/tcm-storage-ios/tcm-storage-ios/build/Build/Products/Debug-iphonesimulator/PackageFrameworks"
2026-04-22T16:43:53.2151610Z ignoring duplicate directory "/Users/runner/work/tcm-storage-ios/tcm-storage-ios/build/Build/Products/Debug-iphonesimulator/PackageFrameworks"
2026-04-22T16:43:53.2151960Z ignoring duplicate directory "/Users/runner/work/tcm-storage-ios/tcm-storage-ios/build/Build/Products/Debug-iphonesimulator/PackageFrameworks"
2026-04-22T16:43:53.2152320Z ignoring duplicate directory "/Users/runner/work/tcm-storage-ios/tcm-storage-ios/build/Build/Products/Debug-iphonesimulator/PackageFrameworks"
2026-04-22T16:43:53.2152690Z ignoring duplicate directory "/Users/runner/work/tcm-storage-ios/tcm-storage-ios/build/Build/Products/Debug-iphonesimulator/PackageFrameworks"
2026-04-22T16:43:53.2153050Z ignoring duplicate directory "/Users/runner/work/tcm-storage-ios/tcm-storage-ios/build/Build/Products/Debug-iphonesimulator/PackageFrameworks"
2026-04-22T16:43:53.2153420Z ignoring duplicate directory "/Users/runner/work/tcm-storage-ios/tcm-storage-ios/build/Build/Products/Debug-iphonesimulator/PackageFrameworks"
2026-04-22T16:43:53.2153770Z ignoring duplicate directory "/Users/runner/work/tcm-storage-ios/tcm-storage-ios/build/Build/Products/Debug-iphonesimulator/PackageFrameworks"
2026-04-22T16:43:53.2154140Z ignoring duplicate directory "/Users/runner/work/tcm-storage-ios/tcm-storage-ios/build/Build/Products/Debug-iphonesimulator/PackageFrameworks"
2026-04-22T16:43:53.2154490Z ignoring duplicate directory "/Users/runner/work/tcm-storage-ios/tcm-storage-ios/build/Build/Products/Debug-iphonesimulator/PackageFrameworks"
2026-04-22T16:43:53.2154830Z ignoring duplicate directory "/Users/runner/work/tcm-storage-ios/tcm-storage-ios/build/Build/Products/Debug-iphonesimulator/PackageFrameworks"
2026-04-22T16:43:53.2155160Z ignoring duplicate directory "/Users/runner/work/tcm-storage-ios/tcm-storage-ios/build/Build/Products/Debug-iphonesimulator/PackageFrameworks"
2026-04-22T16:43:53.2155500Z ignoring duplicate directory "/Users/runner/work/tcm-storage-ios/tcm-storage-ios/build/Build/Products/Debug-iphonesimulator/PackageFrameworks"
2026-04-22T16:43:53.2155850Z ignoring duplicate directory "/Users/runner/work/tcm-storage-ios/tcm-storage-ios/build/Build/Products/Debug-iphonesimulator/PackageFrameworks"
2026-04-22T16:43:53.2156200Z ignoring duplicate directory "/Users/runner/work/tcm-storage-ios/tcm-storage-ios/build/Build/Products/Debug-iphonesimulator/PackageFrameworks"
2026-04-22T16:43:53.2156530Z ignoring duplicate directory "/Users/runner/work/tcm-storage-ios/tcm-storage-ios/build/Build/Products/Debug-iphonesimulator/PackageFrameworks"
2026-04-22T16:43:53.2156860Z ignoring duplicate directory "/Users/runner/work/tcm-storage-ios/tcm-storage-ios/build/Build/Products/Debug-iphonesimulator/PackageFrameworks"
2026-04-22T16:43:53.2157280Z ignoring duplicate directory "/Users/runner/work/tcm-storage-ios/tcm-storage-ios/build/Build/Products/Debug-iphonesimulator/PackageFrameworks"
2026-04-22T16:43:53.2157700Z ignoring duplicate directory "/Users/runner/work/tcm-storage-ios/tcm-storage-ios/build/Build/Products/Debug-iphonesimulator/PackageFrameworks"
2026-04-22T16:43:53.2158050Z ignoring duplicate directory "/Users/runner/work/tcm-storage-ios/tcm-storage-ios/build/Build/Products/Debug-iphonesimulator/PackageFrameworks"
2026-04-22T16:43:53.2158400Z ignoring duplicate directory "/Users/runner/work/tcm-storage-ios/tcm-storage-ios/build/Build/Products/Debug-iphonesimulator/PackageFrameworks"
2026-04-22T16:43:53.2158730Z ignoring duplicate directory "/Users/runner/work/tcm-storage-ios/tcm-storage-ios/build/Build/Products/Debug-iphonesimulator/PackageFrameworks"
2026-04-22T16:43:53.2159070Z ignoring duplicate directory "/Users/runner/work/tcm-storage-ios/tcm-storage-ios/build/Build/Products/Debug-iphonesimulator/PackageFrameworks"
2026-04-22T16:43:53.2159400Z ignoring duplicate directory "/Users/runner/work/tcm-storage-ios/tcm-storage-ios/build/Build/Products/Debug-iphonesimulator/PackageFrameworks"
2026-04-22T16:43:53.2159740Z ignoring duplicate directory "/Users/runner/work/tcm-storage-ios/tcm-storage-ios/build/Build/Products/Debug-iphonesimulator/PackageFrameworks"
2026-04-22T16:43:53.2160070Z ignoring duplicate directory "/Users/runner/work/tcm-storage-ios/tcm-storage-ios/build/Build/Products/Debug-iphonesimulator/PackageFrameworks"
2026-04-22T16:43:53.2160130Z #include "..." search starts here:
2026-04-22T16:43:53.2160590Z  /Users/runner/work/tcm-storage-ios/tcm-storage-ios/build/Build/Intermediates.noindex/Nextcloud.build/Debug-iphonesimulator/Share.build/Share-generated-files.hmap (headermap)
2026-04-22T16:43:53.2161030Z  /Users/runner/work/tcm-storage-ios/tcm-storage-ios/build/Build/Intermediates.noindex/Nextcloud.build/Debug-iphonesimulator/Share.build/Share-project-headers.hmap (headermap)
2026-04-22T16:43:53.2161090Z #include <...> search starts here:
2026-04-22T16:43:53.2161560Z  /Users/runner/work/tcm-storage-ios/tcm-storage-ios/build/Build/Intermediates.noindex/Nextcloud.build/Debug-iphonesimulator/Share.build/Share-own-target-headers.hmap (headermap)
2026-04-22T16:43:53.2162050Z  /Users/runner/work/tcm-storage-ios/tcm-storage-ios/build/Build/Intermediates.noindex/Nextcloud.build/Debug-iphonesimulator/Share.build/Share-all-non-framework-target-headers.hmap (headermap)
2026-04-22T16:43:53.2162380Z  /Users/runner/work/tcm-storage-ios/tcm-storage-ios/build/SourcePackages/checkouts/realm-core/src
2026-04-22T16:43:53.2162630Z  /Users/runner/work/tcm-storage-ios/tcm-storage-ios/build/SourcePackages/checkouts/realm-core/src/external/s2
2026-04-22T16:43:53.2162960Z  /Users/runner/work/tcm-storage-ios/tcm-storage-ios/build/SourcePackages/checkouts/realm-core/src/external/IntelRDFPMathLib20U2/LIBRARY/src
2026-04-22T16:43:53.2163180Z  /Users/runner/work/tcm-storage-ios/tcm-storage-ios/build/SourcePackages/checkouts/realm-core/src/spm
2026-04-22T16:43:53.2163400Z  /Users/runner/work/tcm-storage-ios/tcm-storage-ios/build/SourcePackages/checkouts/realm-swift/include
2026-04-22T16:43:53.2163700Z  /Users/runner/work/tcm-storage-ios/tcm-storage-ios/build/SourcePackages/checkouts/swift-atomics/Sources/_AtomicsShims/include
2026-04-22T16:43:53.2163990Z  /Users/runner/work/tcm-storage-ios/tcm-storage-ios/build/SourcePackages/checkouts/swift-nio/Sources/CNIOPosix/include
2026-04-22T16:43:53.2164280Z  /Users/runner/work/tcm-storage-ios/tcm-storage-ios/build/SourcePackages/checkouts/swift-nio/Sources/CNIOWASI/include
2026-04-22T16:43:53.2164570Z  /Users/runner/work/tcm-storage-ios/tcm-storage-ios/build/SourcePackages/checkouts/swift-nio/Sources/CNIOWindows/include
2026-04-22T16:43:53.2164880Z  /Users/runner/work/tcm-storage-ios/tcm-storage-ios/build/SourcePackages/checkouts/swift-nio/Sources/CNIOLinux/include
2026-04-22T16:43:53.2165200Z  /Users/runner/work/tcm-storage-ios/tcm-storage-ios/build/SourcePackages/checkouts/swift-nio/Sources/CNIODarwin/include
2026-04-22T16:43:53.2165670Z  /Users/runner/work/tcm-storage-ios/tcm-storage-ios/build/SourcePackages/checkouts/swift-nio/Sources/CNIOOpenBSD/include
2026-04-22T16:43:53.2166070Z  /Users/runner/work/tcm-storage-ios/tcm-storage-ios/build/SourcePackages/checkouts/swift-nio/Sources/CNIOAtomics/include
2026-04-22T16:43:53.2166410Z  /Users/runner/work/tcm-storage-ios/tcm-storage-ios/build/SourcePackages/checkouts/swift-nio-ssl/Sources/CNIOBoringSSLShims/include
2026-04-22T16:43:53.2166710Z  /Users/runner/work/tcm-storage-ios/tcm-storage-ios/build/SourcePackages/checkouts/swift-nio-ssl/Sources/CNIOBoringSSL/include
2026-04-22T16:43:53.2167010Z  /Users/runner/work/tcm-storage-ios/tcm-storage-ios/build/SourcePackages/checkouts/GzipSwift/Sources/system-zlib/include
2026-04-22T16:43:53.2167430Z  /Users/runner/work/tcm-storage-ios/tcm-storage-ios/build/Build/Intermediates.noindex/Nextcloud.build/Debug-iphonesimulator/Share.build/DerivedSources
2026-04-22T16:43:53.2167770Z  /Users/runner/work/tcm-storage-ios/tcm-storage-ios/build/Build/Products/Debug-iphonesimulator/PackageFrameworks (framework directory)
2026-04-22T16:43:53.2168070Z  /Users/runner/work/tcm-storage-ios/tcm-storage-ios/build/Build/Products/Debug-iphonesimulator (framework directory)
2026-04-22T16:43:53.2168390Z  /Applications/Xcode_26.2.app/Contents/Developer/Platforms/iPhoneSimulator.platform/Developer/Library/Frameworks (framework directory)
2026-04-22T16:43:53.2168840Z  /Applications/Xcode_26.2.app/Contents/Developer/Platforms/iPhoneSimulator.platform/Developer/SDKs/iPhoneSimulator26.2.sdk/Developer/Library/Frameworks (framework directory)
2026-04-22T16:43:53.2169130Z  /Applications/Xcode_26.2.app/Contents/Developer/Toolchains/XcodeDefault.xctoolchain/usr/lib/clang/17/include
2026-04-22T16:43:53.2169460Z  /Applications/Xcode_26.2.app/Contents/Developer/Platforms/iPhoneSimulator.platform/Developer/SDKs/iPhoneSimulator26.2.sdk/usr/include
2026-04-22T16:43:53.2169700Z  /Applications/Xcode_26.2.app/Contents/Developer/Toolchains/XcodeDefault.xctoolchain/usr/include
2026-04-22T16:43:53.2170180Z  /Applications/Xcode_26.2.app/Contents/Developer/Platforms/iPhoneSimulator.platform/Developer/SDKs/iPhoneSimulator26.2.sdk/System/Library/Frameworks (framework directory)
2026-04-22T16:43:53.2170680Z  /Applications/Xcode_26.2.app/Contents/Developer/Platforms/iPhoneSimulator.platform/Developer/SDKs/iPhoneSimulator26.2.sdk/System/Library/SubFrameworks (framework directory)
2026-04-22T16:43:53.2170740Z End of search list.
2026-04-22T16:43:53.2170950Z clang -cc1 version 17.0.0 (clang-1700.6.3.2) default target arm64-apple-darwin24.6.0
2026-04-22T16:43:53.2171310Z ignoring nonexistent directory "/Users/runner/work/tcm-storage-ios/tcm-storage-ios/build/Build/Products/Debug-iphonesimulator/include"
2026-04-22T16:43:53.2171940Z ignoring nonexistent directory "/Users/runner/work/tcm-storage-ios/tcm-storage-ios/build/Build/Intermediates.noindex/Nextcloud.build/Debug-iphonesimulator/Notification Service Extension.build/DerivedSources-normal/arm64"
2026-04-22T16:43:53.2172620Z ignoring nonexistent directory "/Users/runner/work/tcm-storage-ios/tcm-storage-ios/build/Build/Intermediates.noindex/Nextcloud.build/Debug-iphonesimulator/Notification Service Extension.build/DerivedSources/arm64"
2026-04-22T16:43:53.2173130Z ignoring nonexistent directory "/Applications/Xcode_26.2.app/Contents/Developer/Platforms/iPhoneSimulator.platform/Developer/SDKs/iPhoneSimulator26.2.sdk/usr/local/include"
2026-04-22T16:43:53.2173590Z ignoring nonexistent directory "/Applications/Xcode_26.2.app/Contents/Developer/Platforms/iPhoneSimulator.platform/Developer/SDKs/iPhoneSimulator26.2.sdk/Library/Frameworks"
2026-04-22T16:43:53.2173950Z ignoring duplicate directory "/Users/runner/work/tcm-storage-ios/tcm-storage-ios/build/Build/Products/Debug-iphonesimulator/PackageFrameworks"
2026-04-22T16:43:53.2174290Z ignoring duplicate directory "/Users/runner/work/tcm-storage-ios/tcm-storage-ios/build/Build/Products/Debug-iphonesimulator/PackageFrameworks"
2026-04-22T16:43:53.2174740Z ignoring duplicate directory "/Users/runner/work/tcm-storage-ios/tcm-storage-ios/build/Build/Products/Debug-iphonesimulator/PackageFrameworks"
2026-04-22T16:43:53.2175280Z ignoring duplicate directory "/Users/runner/work/tcm-storage-ios/tcm-storage-ios/build/Build/Products/Debug-iphonesimulator/PackageFrameworks"
2026-04-22T16:43:53.2175650Z ignoring duplicate directory "/Users/runner/work/tcm-storage-ios/tcm-storage-ios/build/Build/Products/Debug-iphonesimulator/PackageFrameworks"
2026-04-22T16:43:53.2176040Z ignoring duplicate directory "/Users/runner/work/tcm-storage-ios/tcm-storage-ios/build/Build/Products/Debug-iphonesimulator/PackageFrameworks"
2026-04-22T16:43:53.2176420Z ignoring duplicate directory "/Users/runner/work/tcm-storage-ios/tcm-storage-ios/build/Build/Products/Debug-iphonesimulator/PackageFrameworks"
2026-04-22T16:43:53.2176800Z ignoring duplicate directory "/Users/runner/work/tcm-storage-ios/tcm-storage-ios/build/Build/Products/Debug-iphonesimulator/PackageFrameworks"
2026-04-22T16:43:53.2177160Z ignoring duplicate directory "/Users/runner/work/tcm-storage-ios/tcm-storage-ios/build/Build/Products/Debug-iphonesimulator/PackageFrameworks"
2026-04-22T16:43:53.2177610Z ignoring duplicate directory "/Users/runner/work/tcm-storage-ios/tcm-storage-ios/build/Build/Products/Debug-iphonesimulator/PackageFrameworks"
2026-04-22T16:43:53.2177980Z ignoring duplicate directory "/Users/runner/work/tcm-storage-ios/tcm-storage-ios/build/Build/Products/Debug-iphonesimulator/PackageFrameworks"
2026-04-22T16:43:53.2178350Z ignoring duplicate directory "/Users/runner/work/tcm-storage-ios/tcm-storage-ios/build/Build/Products/Debug-iphonesimulator/PackageFrameworks"
2026-04-22T16:43:53.2178740Z ignoring duplicate directory "/Users/runner/work/tcm-storage-ios/tcm-storage-ios/build/Build/Products/Debug-iphonesimulator/PackageFrameworks"
2026-04-22T16:43:53.2179100Z ignoring duplicate directory "/Users/runner/work/tcm-storage-ios/tcm-storage-ios/build/Build/Products/Debug-iphonesimulator/PackageFrameworks"
2026-04-22T16:43:53.2179470Z ignoring duplicate directory "/Users/runner/work/tcm-storage-ios/tcm-storage-ios/build/Build/Products/Debug-iphonesimulator/PackageFrameworks"
2026-04-22T16:43:53.2179860Z ignoring duplicate directory "/Users/runner/work/tcm-storage-ios/tcm-storage-ios/build/Build/Products/Debug-iphonesimulator/PackageFrameworks"
2026-04-22T16:43:53.2180230Z ignoring duplicate directory "/Users/runner/work/tcm-storage-ios/tcm-storage-ios/build/Build/Products/Debug-iphonesimulator/PackageFrameworks"
2026-04-22T16:43:53.2180650Z ignoring duplicate directory "/Users/runner/work/tcm-storage-ios/tcm-storage-ios/build/Build/Products/Debug-iphonesimulator/PackageFrameworks"
2026-04-22T16:43:53.2180980Z ignoring duplicate directory "/Users/runner/work/tcm-storage-ios/tcm-storage-ios/build/Build/Products/Debug-iphonesimulator/PackageFrameworks"
2026-04-22T16:43:53.2181310Z ignoring duplicate directory "/Users/runner/work/tcm-storage-ios/tcm-storage-ios/build/Build/Products/Debug-iphonesimulator/PackageFrameworks"
2026-04-22T16:43:53.2181690Z ignoring duplicate directory "/Users/runner/work/tcm-storage-ios/tcm-storage-ios/build/Build/Products/Debug-iphonesimulator/PackageFrameworks"
2026-04-22T16:43:53.2182020Z ignoring duplicate directory "/Users/runner/work/tcm-storage-ios/tcm-storage-ios/build/Build/Products/Debug-iphonesimulator/PackageFrameworks"
2026-04-22T16:43:53.2182690Z ignoring duplicate directory "/Users/runner/work/tcm-storage-ios/tcm-storage-ios/build/Build/Products/Debug-iphonesimulator/PackageFrameworks"
2026-04-22T16:43:53.2183160Z ignoring duplicate directory "/Users/runner/work/tcm-storage-ios/tcm-storage-ios/build/Build/Products/Debug-iphonesimulator/PackageFrameworks"
2026-04-22T16:43:53.2183540Z ignoring duplicate directory "/Users/runner/work/tcm-storage-ios/tcm-storage-ios/build/Build/Products/Debug-iphonesimulator/PackageFrameworks"
2026-04-22T16:43:53.2185840Z ignoring duplicate directory "/Users/runner/work/tcm-storage-ios/tcm-storage-ios/build/Build/Products/Debug-iphonesimulator/PackageFrameworks"
2026-04-22T16:43:53.2186430Z ignoring duplicate directory "/Users/runner/work/tcm-storage-ios/tcm-storage-ios/build/Build/Products/Debug-iphonesimulator/PackageFrameworks"
2026-04-22T16:43:53.2186880Z ignoring duplicate directory "/Users/runner/work/tcm-storage-ios/tcm-storage-ios/build/Build/Products/Debug-iphonesimulator/PackageFrameworks"
2026-04-22T16:43:53.2187250Z ignoring duplicate directory "/Users/runner/work/tcm-storage-ios/tcm-storage-ios/build/Build/Products/Debug-iphonesimulator/PackageFrameworks"
2026-04-22T16:43:53.2187640Z ignoring duplicate directory "/Users/runner/work/tcm-storage-ios/tcm-storage-ios/build/Build/Products/Debug-iphonesimulator/PackageFrameworks"
2026-04-22T16:43:53.2188170Z ignoring duplicate directory "/Users/runner/work/tcm-storage-ios/tcm-storage-ios/build/Build/Products/Debug-iphonesimulator/PackageFrameworks"
2026-04-22T16:43:53.2188520Z ignoring duplicate directory "/Users/runner/work/tcm-storage-ios/tcm-storage-ios/build/Build/Products/Debug-iphonesimulator/PackageFrameworks"
2026-04-22T16:43:53.2188890Z ignoring duplicate directory "/Users/runner/work/tcm-storage-ios/tcm-storage-ios/build/Build/Products/Debug-iphonesimulator/PackageFrameworks"
2026-04-22T16:43:53.2189270Z ignoring duplicate directory "/Users/runner/work/tcm-storage-ios/tcm-storage-ios/build/Build/Products/Debug-iphonesimulator/PackageFrameworks"
2026-04-22T16:43:53.2189360Z #include "..." search starts here:
2026-04-22T16:43:53.2190190Z  /Users/runner/work/tcm-storage-ios/tcm-storage-ios/build/Build/Intermediates.noindex/Nextcloud.build/Debug-iphonesimulator/Notification Service Extension.build/Notification Service Extension-generated-files.hmap (headermap)
2026-04-22T16:43:53.2190820Z  /Users/runner/work/tcm-storage-ios/tcm-storage-ios/build/Build/Intermediates.noindex/Nextcloud.build/Debug-iphonesimulator/Notification Service Extension.build/Notification Service Extension-project-headers.hmap (headermap)
2026-04-22T16:43:53.2190880Z #include <...> search starts here:
2026-04-22T16:43:53.2191960Z  /Users/runner/work/tcm-storage-ios/tcm-storage-ios/build/Build/Intermediates.noindex/Nextcloud.build/Debug-iphonesimulator/Notification Service Extension.build/Notification Service Extension-own-target-headers.hmap (headermap)
2026-04-22T16:43:53.2192720Z  /Users/runner/work/tcm-storage-ios/tcm-storage-ios/build/Build/Intermediates.noindex/Nextcloud.build/Debug-iphonesimulator/Notification Service Extension.build/Notification Service Extension-all-non-framework-target-headers.hmap (headermap)
2026-04-22T16:43:53.2193050Z  /Users/runner/work/tcm-storage-ios/tcm-storage-ios/build/SourcePackages/checkouts/swift-atomics/Sources/_AtomicsShims/include
2026-04-22T16:43:53.2193340Z  /Users/runner/work/tcm-storage-ios/tcm-storage-ios/build/SourcePackages/checkouts/swift-nio/Sources/CNIOPosix/include
2026-04-22T16:43:53.2193760Z  /Users/runner/work/tcm-storage-ios/tcm-storage-ios/build/SourcePackages/checkouts/swift-nio/Sources/CNIOWASI/include
2026-04-22T16:43:53.2194090Z  /Users/runner/work/tcm-storage-ios/tcm-storage-ios/build/SourcePackages/checkouts/swift-nio/Sources/CNIOWindows/include
2026-04-22T16:43:53.2194380Z  /Users/runner/work/tcm-storage-ios/tcm-storage-ios/build/SourcePackages/checkouts/swift-nio/Sources/CNIOLinux/include
2026-04-22T16:43:53.2194700Z  /Users/runner/work/tcm-storage-ios/tcm-storage-ios/build/SourcePackages/checkouts/swift-nio/Sources/CNIODarwin/include
2026-04-22T16:43:53.2194990Z  /Users/runner/work/tcm-storage-ios/tcm-storage-ios/build/SourcePackages/checkouts/swift-nio/Sources/CNIOOpenBSD/include
2026-04-22T16:43:53.2195300Z  /Users/runner/work/tcm-storage-ios/tcm-storage-ios/build/SourcePackages/checkouts/swift-nio/Sources/CNIOAtomics/include
2026-04-22T16:43:53.2195640Z  /Users/runner/work/tcm-storage-ios/tcm-storage-ios/build/SourcePackages/checkouts/swift-nio-ssl/Sources/CNIOBoringSSLShims/include
2026-04-22T16:43:53.2195950Z  /Users/runner/work/tcm-storage-ios/tcm-storage-ios/build/SourcePackages/checkouts/swift-nio-ssl/Sources/CNIOBoringSSL/include
2026-04-22T16:43:53.2196330Z  /Users/runner/work/tcm-storage-ios/tcm-storage-ios/build/SourcePackages/checkouts/realm-core/src
2026-04-22T16:43:53.2196620Z  /Users/runner/work/tcm-storage-ios/tcm-storage-ios/build/SourcePackages/checkouts/realm-core/src/external/s2
2026-04-22T16:43:53.2197060Z  /Users/runner/work/tcm-storage-ios/tcm-storage-ios/build/SourcePackages/checkouts/realm-core/src/external/IntelRDFPMathLib20U2/LIBRARY/src
2026-04-22T16:43:53.2197360Z  /Users/runner/work/tcm-storage-ios/tcm-storage-ios/build/SourcePackages/checkouts/realm-core/src/spm
2026-04-22T16:43:53.2197600Z  /Users/runner/work/tcm-storage-ios/tcm-storage-ios/build/SourcePackages/checkouts/realm-swift/include
2026-04-22T16:43:53.2198150Z  /Users/runner/work/tcm-storage-ios/tcm-storage-ios/build/Build/Intermediates.noindex/Nextcloud.build/Debug-iphonesimulator/Notification Service Extension.build/DerivedSources
2026-04-22T16:43:53.2198570Z  /Users/runner/work/tcm-storage-ios/tcm-storage-ios/build/Build/Products/Debug-iphonesimulator/PackageFrameworks (framework directory)
2026-04-22T16:43:53.2198890Z  /Users/runner/work/tcm-storage-ios/tcm-storage-ios/build/Build/Products/Debug-iphonesimulator (framework directory)
2026-04-22T16:43:53.2199240Z  /Applications/Xcode_26.2.app/Contents/Developer/Platforms/iPhoneSimulator.platform/Developer/Library/Frameworks (framework directory)
2026-04-22T16:43:53.2199710Z  /Applications/Xcode_26.2.app/Contents/Developer/Platforms/iPhoneSimulator.platform/Developer/SDKs/iPhoneSimulator26.2.sdk/Developer/Library/Frameworks (framework directory)
2026-04-22T16:43:53.2200020Z  /Applications/Xcode_26.2.app/Contents/Developer/Toolchains/XcodeDefault.xctoolchain/usr/lib/clang/17/include
2026-04-22T16:43:53.2200440Z  /Applications/Xcode_26.2.app/Contents/Developer/Platforms/iPhoneSimulator.platform/Developer/SDKs/iPhoneSimulator26.2.sdk/usr/include
2026-04-22T16:43:53.2200690Z  /Applications/Xcode_26.2.app/Contents/Developer/Toolchains/XcodeDefault.xctoolchain/usr/include
2026-04-22T16:43:53.2201150Z  /Applications/Xcode_26.2.app/Contents/Developer/Platforms/iPhoneSimulator.platform/Developer/SDKs/iPhoneSimulator26.2.sdk/System/Library/Frameworks (framework directory)
2026-04-22T16:43:53.2201610Z  /Applications/Xcode_26.2.app/Contents/Developer/Platforms/iPhoneSimulator.platform/Developer/SDKs/iPhoneSimulator26.2.sdk/System/Library/SubFrameworks (framework directory)
2026-04-22T16:43:53.2201680Z End of search list.
2026-04-22T16:43:53.2201890Z clang -cc1 version 17.0.0 (clang-1700.6.3.2) default target arm64-apple-darwin24.6.0
2026-04-22T16:43:53.2202240Z ignoring nonexistent directory "/Users/runner/work/tcm-storage-ios/tcm-storage-ios/build/Build/Products/Debug-iphonesimulator/include"
2026-04-22T16:43:53.2202850Z ignoring nonexistent directory "/Users/runner/work/tcm-storage-ios/tcm-storage-ios/build/Build/Intermediates.noindex/Nextcloud.build/Debug-iphonesimulator/Notification Service Extension.build/DerivedSources-normal/arm64"
2026-04-22T16:43:53.2203440Z ignoring nonexistent directory "/Users/runner/work/tcm-storage-ios/tcm-storage-ios/build/Build/Intermediates.noindex/Nextcloud.build/Debug-iphonesimulator/Notification Service Extension.build/DerivedSources/arm64"
2026-04-22T16:43:53.2203920Z ignoring nonexistent directory "/Applications/Xcode_26.2.app/Contents/Developer/Platforms/iPhoneSimulator.platform/Developer/SDKs/iPhoneSimulator26.2.sdk/usr/local/include"
2026-04-22T16:43:53.2204370Z ignoring nonexistent directory "/Applications/Xcode_26.2.app/Contents/Developer/Platforms/iPhoneSimulator.platform/Developer/SDKs/iPhoneSimulator26.2.sdk/Library/Frameworks"
2026-04-22T16:43:53.2204770Z ignoring duplicate directory "/Users/runner/work/tcm-storage-ios/tcm-storage-ios/build/Build/Products/Debug-iphonesimulator/PackageFrameworks"
2026-04-22T16:43:53.2205130Z ignoring duplicate directory "/Users/runner/work/tcm-storage-ios/tcm-storage-ios/build/Build/Products/Debug-iphonesimulator/PackageFrameworks"
2026-04-22T16:43:53.2205500Z ignoring duplicate directory "/Users/runner/work/tcm-storage-ios/tcm-storage-ios/build/Build/Products/Debug-iphonesimulator/PackageFrameworks"
2026-04-22T16:43:53.2206070Z ignoring duplicate directory "/Users/runner/work/tcm-storage-ios/tcm-storage-ios/build/Build/Products/Debug-iphonesimulator/PackageFrameworks"
2026-04-22T16:43:53.2206580Z ignoring duplicate directory "/Users/runner/work/tcm-storage-ios/tcm-storage-ios/build/Build/Products/Debug-iphonesimulator/PackageFrameworks"
2026-04-22T16:43:53.2206960Z ignoring duplicate directory "/Users/runner/work/tcm-storage-ios/tcm-storage-ios/build/Build/Products/Debug-iphonesimulator/PackageFrameworks"
2026-04-22T16:43:53.2207330Z ignoring duplicate directory "/Users/runner/work/tcm-storage-ios/tcm-storage-ios/build/Build/Products/Debug-iphonesimulator/PackageFrameworks"
2026-04-22T16:43:53.2207700Z ignoring duplicate directory "/Users/runner/work/tcm-storage-ios/tcm-storage-ios/build/Build/Products/Debug-iphonesimulator/PackageFrameworks"
2026-04-22T16:43:53.2208130Z ignoring duplicate directory "/Users/runner/work/tcm-storage-ios/tcm-storage-ios/build/Build/Products/Debug-iphonesimulator/PackageFrameworks"
2026-04-22T16:43:53.2208560Z ignoring duplicate directory "/Users/runner/work/tcm-storage-ios/tcm-storage-ios/build/Build/Products/Debug-iphonesimulator/PackageFrameworks"
2026-04-22T16:43:53.2208920Z ignoring duplicate directory "/Users/runner/work/tcm-storage-ios/tcm-storage-ios/build/Build/Products/Debug-iphonesimulator/PackageFrameworks"
2026-04-22T16:43:53.2209300Z ignoring duplicate directory "/Users/runner/work/tcm-storage-ios/tcm-storage-ios/build/Build/Products/Debug-iphonesimulator/PackageFrameworks"
2026-04-22T16:43:53.2209650Z ignoring duplicate directory "/Users/runner/work/tcm-storage-ios/tcm-storage-ios/build/Build/Products/Debug-iphonesimulator/PackageFrameworks"
2026-04-22T16:43:53.2209970Z ignoring duplicate directory "/Users/runner/work/tcm-storage-ios/tcm-storage-ios/build/Build/Products/Debug-iphonesimulator/PackageFrameworks"
2026-04-22T16:43:53.2210400Z ignoring duplicate directory "/Users/runner/work/tcm-storage-ios/tcm-storage-ios/build/Build/Products/Debug-iphonesimulator/PackageFrameworks"
2026-04-22T16:43:53.2210870Z ignoring duplicate directory "/Users/runner/work/tcm-storage-ios/tcm-storage-ios/build/Build/Products/Debug-iphonesimulator/PackageFrameworks"
2026-04-22T16:43:53.2211280Z ignoring duplicate directory "/Users/runner/work/tcm-storage-ios/tcm-storage-ios/build/Build/Products/Debug-iphonesimulator/PackageFrameworks"
2026-04-22T16:43:53.2211670Z ignoring duplicate directory "/Users/runner/work/tcm-storage-ios/tcm-storage-ios/build/Build/Products/Debug-iphonesimulator/PackageFrameworks"
2026-04-22T16:43:53.2212080Z ignoring duplicate directory "/Users/runner/work/tcm-storage-ios/tcm-storage-ios/build/Build/Products/Debug-iphonesimulator/PackageFrameworks"
2026-04-22T16:43:53.2212440Z ignoring duplicate directory "/Users/runner/work/tcm-storage-ios/tcm-storage-ios/build/Build/Products/Debug-iphonesimulator/PackageFrameworks"
2026-04-22T16:43:53.2212860Z ignoring duplicate directory "/Users/runner/work/tcm-storage-ios/tcm-storage-ios/build/Build/Products/Debug-iphonesimulator/PackageFrameworks"
2026-04-22T16:43:53.2213250Z ignoring duplicate directory "/Users/runner/work/tcm-storage-ios/tcm-storage-ios/build/Build/Products/Debug-iphonesimulator/PackageFrameworks"
2026-04-22T16:43:53.2213650Z ignoring duplicate directory "/Users/runner/work/tcm-storage-ios/tcm-storage-ios/build/Build/Products/Debug-iphonesimulator/PackageFrameworks"
2026-04-22T16:43:53.2214070Z ignoring duplicate directory "/Users/runner/work/tcm-storage-ios/tcm-storage-ios/build/Build/Products/Debug-iphonesimulator/PackageFrameworks"
2026-04-22T16:43:53.2214480Z ignoring duplicate directory "/Users/runner/work/tcm-storage-ios/tcm-storage-ios/build/Build/Products/Debug-iphonesimulator/PackageFrameworks"
2026-04-22T16:43:53.2214810Z ignoring duplicate directory "/Users/runner/work/tcm-storage-ios/tcm-storage-ios/build/Build/Products/Debug-iphonesimulator/PackageFrameworks"
2026-04-22T16:43:53.2215180Z ignoring duplicate directory "/Users/runner/work/tcm-storage-ios/tcm-storage-ios/build/Build/Products/Debug-iphonesimulator/PackageFrameworks"
2026-04-22T16:43:53.2215770Z ignoring duplicate directory "/Users/runner/work/tcm-storage-ios/tcm-storage-ios/build/Build/Products/Debug-iphonesimulator/PackageFrameworks"
2026-04-22T16:43:53.2216310Z ignoring duplicate directory "/Users/runner/work/tcm-storage-ios/tcm-storage-ios/build/Build/Products/Debug-iphonesimulator/PackageFrameworks"
2026-04-22T16:43:53.2216700Z ignoring duplicate directory "/Users/runner/work/tcm-storage-ios/tcm-storage-ios/build/Build/Products/Debug-iphonesimulator/PackageFrameworks"
2026-04-22T16:43:53.2217060Z ignoring duplicate directory "/Users/runner/work/tcm-storage-ios/tcm-storage-ios/build/Build/Products/Debug-iphonesimulator/PackageFrameworks"
2026-04-22T16:43:53.2217430Z ignoring duplicate directory "/Users/runner/work/tcm-storage-ios/tcm-storage-ios/build/Build/Products/Debug-iphonesimulator/PackageFrameworks"
2026-04-22T16:43:53.2217780Z ignoring duplicate directory "/Users/runner/work/tcm-storage-ios/tcm-storage-ios/build/Build/Products/Debug-iphonesimulator/PackageFrameworks"
2026-04-22T16:43:53.2218130Z ignoring duplicate directory "/Users/runner/work/tcm-storage-ios/tcm-storage-ios/build/Build/Products/Debug-iphonesimulator/PackageFrameworks"
2026-04-22T16:43:53.2218190Z #include "..." search starts here:
2026-04-22T16:43:53.2218800Z  /Users/runner/work/tcm-storage-ios/tcm-storage-ios/build/Build/Intermediates.noindex/Nextcloud.build/Debug-iphonesimulator/Notification Service Extension.build/Notification Service Extension-generated-files.hmap (headermap)
2026-04-22T16:43:53.2219420Z  /Users/runner/work/tcm-storage-ios/tcm-storage-ios/build/Build/Intermediates.noindex/Nextcloud.build/Debug-iphonesimulator/Notification Service Extension.build/Notification Service Extension-project-headers.hmap (headermap)
2026-04-22T16:43:53.2219500Z #include <...> search starts here:
2026-04-22T16:43:53.2220170Z  /Users/runner/work/tcm-storage-ios/tcm-storage-ios/build/Build/Intermediates.noindex/Nextcloud.build/Debug-iphonesimulator/Notification Service Extension.build/Notification Service Extension-own-target-headers.hmap (headermap)
2026-04-22T16:43:53.2220850Z  /Users/runner/work/tcm-storage-ios/tcm-storage-ios/build/Build/Intermediates.noindex/Nextcloud.build/Debug-iphonesimulator/Notification Service Extension.build/Notification Service Extension-all-non-framework-target-headers.hmap (headermap)
2026-04-22T16:43:53.2221200Z  /Users/runner/work/tcm-storage-ios/tcm-storage-ios/build/SourcePackages/checkouts/swift-atomics/Sources/_AtomicsShims/include
2026-04-22T16:43:53.2221500Z  /Users/runner/work/tcm-storage-ios/tcm-storage-ios/build/SourcePackages/checkouts/swift-nio/Sources/CNIOPosix/include
2026-04-22T16:43:53.2221760Z  /Users/runner/work/tcm-storage-ios/tcm-storage-ios/build/SourcePackages/checkouts/swift-nio/Sources/CNIOWASI/include
2026-04-22T16:43:53.2222030Z  /Users/runner/work/tcm-storage-ios/tcm-storage-ios/build/SourcePackages/checkouts/swift-nio/Sources/CNIOWindows/include
2026-04-22T16:43:53.2222290Z  /Users/runner/work/tcm-storage-ios/tcm-storage-ios/build/SourcePackages/checkouts/swift-nio/Sources/CNIOLinux/include
2026-04-22T16:43:53.2222560Z  /Users/runner/work/tcm-storage-ios/tcm-storage-ios/build/SourcePackages/checkouts/swift-nio/Sources/CNIODarwin/include
2026-04-22T16:43:53.2222830Z  /Users/runner/work/tcm-storage-ios/tcm-storage-ios/build/SourcePackages/checkouts/swift-nio/Sources/CNIOOpenBSD/include
2026-04-22T16:43:53.2223090Z  /Users/runner/work/tcm-storage-ios/tcm-storage-ios/build/SourcePackages/checkouts/swift-nio/Sources/CNIOAtomics/include
2026-04-22T16:43:53.2223390Z  /Users/runner/work/tcm-storage-ios/tcm-storage-ios/build/SourcePackages/checkouts/swift-nio-ssl/Sources/CNIOBoringSSLShims/include
2026-04-22T16:43:53.2223680Z  /Users/runner/work/tcm-storage-ios/tcm-storage-ios/build/SourcePackages/checkouts/swift-nio-ssl/Sources/CNIOBoringSSL/include
2026-04-22T16:43:53.2223880Z  /Users/runner/work/tcm-storage-ios/tcm-storage-ios/build/SourcePackages/checkouts/realm-core/src
2026-04-22T16:43:53.2224220Z  /Users/runner/work/tcm-storage-ios/tcm-storage-ios/build/SourcePackages/checkouts/realm-core/src/external/s2
2026-04-22T16:43:53.2224660Z  /Users/runner/work/tcm-storage-ios/tcm-storage-ios/build/SourcePackages/checkouts/realm-core/src/external/IntelRDFPMathLib20U2/LIBRARY/src
2026-04-22T16:43:53.2224910Z  /Users/runner/work/tcm-storage-ios/tcm-storage-ios/build/SourcePackages/checkouts/realm-core/src/spm
2026-04-22T16:43:53.2225120Z  /Users/runner/work/tcm-storage-ios/tcm-storage-ios/build/SourcePackages/checkouts/realm-swift/include
2026-04-22T16:43:53.2225630Z  /Users/runner/work/tcm-storage-ios/tcm-storage-ios/build/Build/Intermediates.noindex/Nextcloud.build/Debug-iphonesimulator/Notification Service Extension.build/DerivedSources
2026-04-22T16:43:53.2230420Z  /Users/runner/work/tcm-storage-ios/tcm-storage-ios/build/Build/Products/Debug-iphonesimulator/PackageFrameworks (framework directory)
2026-04-22T16:43:53.2230740Z  /Users/runner/work/tcm-storage-ios/tcm-storage-ios/build/Build/Products/Debug-iphonesimulator (framework directory)
2026-04-22T16:43:53.2231090Z  /Applications/Xcode_26.2.app/Contents/Developer/Platforms/iPhoneSimulator.platform/Developer/Library/Frameworks (framework directory)
2026-04-22T16:43:53.2231540Z  /Applications/Xcode_26.2.app/Contents/Developer/Platforms/iPhoneSimulator.platform/Developer/SDKs/iPhoneSimulator26.2.sdk/Developer/Library/Frameworks (framework directory)
2026-04-22T16:43:53.2231790Z  /Applications/Xcode_26.2.app/Contents/Developer/Toolchains/XcodeDefault.xctoolchain/usr/lib/clang/17/include
2026-04-22T16:43:53.2232110Z  /Applications/Xcode_26.2.app/Contents/Developer/Platforms/iPhoneSimulator.platform/Developer/SDKs/iPhoneSimulator26.2.sdk/usr/include
2026-04-22T16:43:53.2232700Z  /Applications/Xcode_26.2.app/Contents/Developer/Toolchains/XcodeDefault.xctoolchain/usr/include
2026-04-22T16:43:53.2233120Z  /Applications/Xcode_26.2.app/Contents/Developer/Platforms/iPhoneSimulator.platform/Developer/SDKs/iPhoneSimulator26.2.sdk/System/Library/Frameworks (framework directory)
2026-04-22T16:43:53.2233540Z  /Applications/Xcode_26.2.app/Contents/Developer/Platforms/iPhoneSimulator.platform/Developer/SDKs/iPhoneSimulator26.2.sdk/System/Library/SubFrameworks (framework directory)
2026-04-22T16:43:53.2233600Z End of search list.
2026-04-22T16:43:53.2233770Z clang -cc1 version 17.0.0 (clang-1700.6.3.2) default target arm64-apple-darwin24.6.0
2026-04-22T16:43:53.2234080Z ignoring nonexistent directory "/Users/runner/work/tcm-storage-ios/tcm-storage-ios/build/Build/Products/Debug-iphonesimulator/include"
2026-04-22T16:43:53.2235000Z ignoring nonexistent directory "/Users/runner/work/tcm-storage-ios/tcm-storage-ios/build/Build/Intermediates.noindex/Nextcloud.build/Debug-iphonesimulator/Notification Service Extension.build/DerivedSources-normal/arm64"
2026-04-22T16:43:53.2235530Z ignoring nonexistent directory "/Users/runner/work/tcm-storage-ios/tcm-storage-ios/build/Build/Intermediates.noindex/Nextcloud.build/Debug-iphonesimulator/Notification Service Extension.build/DerivedSources/arm64"
2026-04-22T16:43:53.2235960Z ignoring nonexistent directory "/Applications/Xcode_26.2.app/Contents/Developer/Platforms/iPhoneSimulator.platform/Developer/SDKs/iPhoneSimulator26.2.sdk/usr/local/include"
2026-04-22T16:43:53.2238020Z ignoring nonexistent directory "/Applications/Xcode_26.2.app/Contents/Developer/Platforms/iPhoneSimulator.platform/Developer/SDKs/iPhoneSimulator26.2.sdk/Library/Frameworks"
2026-04-22T16:43:53.2238370Z ignoring duplicate directory "/Users/runner/work/tcm-storage-ios/tcm-storage-ios/build/Build/Products/Debug-iphonesimulator/PackageFrameworks"
2026-04-22T16:43:53.2238700Z ignoring duplicate directory "/Users/runner/work/tcm-storage-ios/tcm-storage-ios/build/Build/Products/Debug-iphonesimulator/PackageFrameworks"
2026-04-22T16:43:53.2239030Z ignoring duplicate directory "/Users/runner/work/tcm-storage-ios/tcm-storage-ios/build/Build/Products/Debug-iphonesimulator/PackageFrameworks"
2026-04-22T16:43:53.2240920Z ignoring duplicate directory "/Users/runner/work/tcm-storage-ios/tcm-storage-ios/build/Build/Products/Debug-iphonesimulator/PackageFrameworks"
2026-04-22T16:43:53.2241430Z ignoring duplicate directory "/Users/runner/work/tcm-storage-ios/tcm-storage-ios/build/Build/Products/Debug-iphonesimulator/PackageFrameworks"
2026-04-22T16:43:53.2241760Z ignoring duplicate directory "/Users/runner/work/tcm-storage-ios/tcm-storage-ios/build/Build/Products/Debug-iphonesimulator/PackageFrameworks"
2026-04-22T16:43:53.2242090Z ignoring duplicate directory "/Users/runner/work/tcm-storage-ios/tcm-storage-ios/build/Build/Products/Debug-iphonesimulator/PackageFrameworks"
2026-04-22T16:43:53.2242420Z ignoring duplicate directory "/Users/runner/work/tcm-storage-ios/tcm-storage-ios/build/Build/Products/Debug-iphonesimulator/PackageFrameworks"
2026-04-22T16:43:53.2242750Z ignoring duplicate directory "/Users/runner/work/tcm-storage-ios/tcm-storage-ios/build/Build/Products/Debug-iphonesimulator/PackageFrameworks"
2026-04-22T16:43:53.2243090Z ignoring duplicate directory "/Users/runner/work/tcm-storage-ios/tcm-storage-ios/build/Build/Products/Debug-iphonesimulator/PackageFrameworks"
2026-04-22T16:43:53.2243430Z ignoring duplicate directory "/Users/runner/work/tcm-storage-ios/tcm-storage-ios/build/Build/Products/Debug-iphonesimulator/PackageFrameworks"
2026-04-22T16:43:53.2243750Z ignoring duplicate directory "/Users/runner/work/tcm-storage-ios/tcm-storage-ios/build/Build/Products/Debug-iphonesimulator/PackageFrameworks"
2026-04-22T16:43:53.2244080Z ignoring duplicate directory "/Users/runner/work/tcm-storage-ios/tcm-storage-ios/build/Build/Products/Debug-iphonesimulator/PackageFrameworks"
2026-04-22T16:43:53.2244410Z ignoring duplicate directory "/Users/runner/work/tcm-storage-ios/tcm-storage-ios/build/Build/Products/Debug-iphonesimulator/PackageFrameworks"
2026-04-22T16:43:53.2244740Z ignoring duplicate directory "/Users/runner/work/tcm-storage-ios/tcm-storage-ios/build/Build/Products/Debug-iphonesimulator/PackageFrameworks"
2026-04-22T16:43:53.2245060Z ignoring duplicate directory "/Users/runner/work/tcm-storage-ios/tcm-storage-ios/build/Build/Products/Debug-iphonesimulator/PackageFrameworks"
2026-04-22T16:43:53.2245410Z ignoring duplicate directory "/Users/runner/work/tcm-storage-ios/tcm-storage-ios/build/Build/Products/Debug-iphonesimulator/PackageFrameworks"
2026-04-22T16:43:53.2245740Z ignoring duplicate directory "/Users/runner/work/tcm-storage-ios/tcm-storage-ios/build/Build/Products/Debug-iphonesimulator/PackageFrameworks"
2026-04-22T16:43:53.2246080Z ignoring duplicate directory "/Users/runner/work/tcm-storage-ios/tcm-storage-ios/build/Build/Products/Debug-iphonesimulator/PackageFrameworks"
2026-04-22T16:43:53.2246430Z ignoring duplicate directory "/Users/runner/work/tcm-storage-ios/tcm-storage-ios/build/Build/Products/Debug-iphonesimulator/PackageFrameworks"
2026-04-22T16:43:53.2246760Z ignoring duplicate directory "/Users/runner/work/tcm-storage-ios/tcm-storage-ios/build/Build/Products/Debug-iphonesimulator/PackageFrameworks"
2026-04-22T16:43:53.2247110Z ignoring duplicate directory "/Users/runner/work/tcm-storage-ios/tcm-storage-ios/build/Build/Products/Debug-iphonesimulator/PackageFrameworks"
2026-04-22T16:43:53.2247450Z ignoring duplicate directory "/Users/runner/work/tcm-storage-ios/tcm-storage-ios/build/Build/Products/Debug-iphonesimulator/PackageFrameworks"
2026-04-22T16:43:53.2247770Z ignoring duplicate directory "/Users/runner/work/tcm-storage-ios/tcm-storage-ios/build/Build/Products/Debug-iphonesimulator/PackageFrameworks"
2026-04-22T16:43:53.2248100Z ignoring duplicate directory "/Users/runner/work/tcm-storage-ios/tcm-storage-ios/build/Build/Products/Debug-iphonesimulator/PackageFrameworks"
2026-04-22T16:43:53.2248440Z ignoring duplicate directory "/Users/runner/work/tcm-storage-ios/tcm-storage-ios/build/Build/Products/Debug-iphonesimulator/PackageFrameworks"
2026-04-22T16:43:53.2248770Z ignoring duplicate directory "/Users/runner/work/tcm-storage-ios/tcm-storage-ios/build/Build/Products/Debug-iphonesimulator/PackageFrameworks"
2026-04-22T16:43:53.2249120Z ignoring duplicate directory "/Users/runner/work/tcm-storage-ios/tcm-storage-ios/build/Build/Products/Debug-iphonesimulator/PackageFrameworks"
2026-04-22T16:43:53.2249650Z ignoring duplicate directory "/Users/runner/work/tcm-storage-ios/tcm-storage-ios/build/Build/Products/Debug-iphonesimulator/PackageFrameworks"
2026-04-22T16:43:53.2249980Z ignoring duplicate directory "/Users/runner/work/tcm-storage-ios/tcm-storage-ios/build/Build/Products/Debug-iphonesimulator/PackageFrameworks"
2026-04-22T16:43:53.2250760Z ignoring duplicate directory "/Users/runner/work/tcm-storage-ios/tcm-storage-ios/build/Build/Products/Debug-iphonesimulator/PackageFrameworks"
2026-04-22T16:43:53.2251120Z ignoring duplicate directory "/Users/runner/work/tcm-storage-ios/tcm-storage-ios/build/Build/Products/Debug-iphonesimulator/PackageFrameworks"
2026-04-22T16:43:53.2251450Z ignoring duplicate directory "/Users/runner/work/tcm-storage-ios/tcm-storage-ios/build/Build/Products/Debug-iphonesimulator/PackageFrameworks"
2026-04-22T16:43:53.2251780Z ignoring duplicate directory "/Users/runner/work/tcm-storage-ios/tcm-storage-ios/build/Build/Products/Debug-iphonesimulator/PackageFrameworks"
2026-04-22T16:43:53.2251840Z #include "..." search starts here:
2026-04-22T16:43:53.2252410Z  /Users/runner/work/tcm-storage-ios/tcm-storage-ios/build/Build/Intermediates.noindex/Nextcloud.build/Debug-iphonesimulator/Notification Service Extension.build/Notification Service Extension-generated-files.hmap (headermap)
2026-04-22T16:43:53.2256220Z  /Users/runner/work/tcm-storage-ios/tcm-storage-ios/build/Build/Intermediates.noindex/Nextcloud.build/Debug-iphonesimulator/Notification Service Extension.build/Notification Service Extension-project-headers.hmap (headermap)
2026-04-22T16:43:53.2256290Z #include <...> search starts here:
2026-04-22T16:43:53.2256870Z  /Users/runner/work/tcm-storage-ios/tcm-storage-ios/build/Build/Intermediates.noindex/Nextcloud.build/Debug-iphonesimulator/Notification Service Extension.build/Notification Service Extension-own-target-headers.hmap (headermap)
2026-04-22T16:43:53.2263700Z  /Users/runner/work/tcm-storage-ios/tcm-storage-ios/build/Build/Intermediates.noindex/Nextcloud.build/Debug-iphonesimulator/Notification Service Extension.build/Notification Service Extension-all-non-framework-target-headers.hmap (headermap)
2026-04-22T16:43:53.2264050Z  /Users/runner/work/tcm-storage-ios/tcm-storage-ios/build/SourcePackages/checkouts/swift-atomics/Sources/_AtomicsShims/include
2026-04-22T16:43:53.2264330Z  /Users/runner/work/tcm-storage-ios/tcm-storage-ios/build/SourcePackages/checkouts/swift-nio/Sources/CNIOPosix/include
2026-04-22T16:43:53.2264610Z  /Users/runner/work/tcm-storage-ios/tcm-storage-ios/build/SourcePackages/checkouts/swift-nio/Sources/CNIOWASI/include
2026-04-22T16:43:53.2264890Z  /Users/runner/work/tcm-storage-ios/tcm-storage-ios/build/SourcePackages/checkouts/swift-nio/Sources/CNIOWindows/include
2026-04-22T16:43:53.2265150Z  /Users/runner/work/tcm-storage-ios/tcm-storage-ios/build/SourcePackages/checkouts/swift-nio/Sources/CNIOLinux/include
2026-04-22T16:43:53.2265450Z  /Users/runner/work/tcm-storage-ios/tcm-storage-ios/build/SourcePackages/checkouts/swift-nio/Sources/CNIODarwin/include
2026-04-22T16:43:53.2265720Z  /Users/runner/work/tcm-storage-ios/tcm-storage-ios/build/SourcePackages/checkouts/swift-nio/Sources/CNIOOpenBSD/include
2026-04-22T16:43:53.2265990Z  /Users/runner/work/tcm-storage-ios/tcm-storage-ios/build/SourcePackages/checkouts/swift-nio/Sources/CNIOAtomics/include
2026-04-22T16:43:53.2266320Z  /Users/runner/work/tcm-storage-ios/tcm-storage-ios/build/SourcePackages/checkouts/swift-nio-ssl/Sources/CNIOBoringSSLShims/include
2026-04-22T16:43:53.2266610Z  /Users/runner/work/tcm-storage-ios/tcm-storage-ios/build/SourcePackages/checkouts/swift-nio-ssl/Sources/CNIOBoringSSL/include
2026-04-22T16:43:53.2266840Z  /Users/runner/work/tcm-storage-ios/tcm-storage-ios/build/SourcePackages/checkouts/realm-core/src
2026-04-22T16:43:53.2267080Z  /Users/runner/work/tcm-storage-ios/tcm-storage-ios/build/SourcePackages/checkouts/realm-core/src/external/s2
2026-04-22T16:43:53.2267660Z  /Users/runner/work/tcm-storage-ios/tcm-storage-ios/build/SourcePackages/checkouts/realm-core/src/external/IntelRDFPMathLib20U2/LIBRARY/src
2026-04-22T16:43:53.2268020Z  /Users/runner/work/tcm-storage-ios/tcm-storage-ios/build/SourcePackages/checkouts/realm-core/src/spm
2026-04-22T16:43:53.2268250Z  /Users/runner/work/tcm-storage-ios/tcm-storage-ios/build/SourcePackages/checkouts/realm-swift/include
2026-04-22T16:43:53.2268680Z  /Users/runner/work/tcm-storage-ios/tcm-storage-ios/build/Build/Intermediates.noindex/Nextcloud.build/Debug-iphonesimulator/Notification Service Extension.build/DerivedSources
2026-04-22T16:43:53.2269010Z  /Users/runner/work/tcm-storage-ios/tcm-storage-ios/build/Build/Products/Debug-iphonesimulator/PackageFrameworks (framework directory)
2026-04-22T16:43:53.2269270Z  /Users/runner/work/tcm-storage-ios/tcm-storage-ios/build/Build/Products/Debug-iphonesimulator (framework directory)
2026-04-22T16:43:53.2269590Z  /Applications/Xcode_26.2.app/Contents/Developer/Platforms/iPhoneSimulator.platform/Developer/Library/Frameworks (framework directory)
2026-04-22T16:43:53.2270030Z  /Applications/Xcode_26.2.app/Contents/Developer/Platforms/iPhoneSimulator.platform/Developer/SDKs/iPhoneSimulator26.2.sdk/Developer/Library/Frameworks (framework directory)
2026-04-22T16:43:53.2270350Z  /Applications/Xcode_26.2.app/Contents/Developer/Toolchains/XcodeDefault.xctoolchain/usr/lib/clang/17/include
2026-04-22T16:43:53.2270670Z  /Applications/Xcode_26.2.app/Contents/Developer/Platforms/iPhoneSimulator.platform/Developer/SDKs/iPhoneSimulator26.2.sdk/usr/include
2026-04-22T16:43:53.2270880Z  /Applications/Xcode_26.2.app/Contents/Developer/Toolchains/XcodeDefault.xctoolchain/usr/include
2026-04-22T16:43:53.2271290Z  /Applications/Xcode_26.2.app/Contents/Developer/Platforms/iPhoneSimulator.platform/Developer/SDKs/iPhoneSimulator26.2.sdk/System/Library/Frameworks (framework directory)
2026-04-22T16:43:53.2271710Z  /Applications/Xcode_26.2.app/Contents/Developer/Platforms/iPhoneSimulator.platform/Developer/SDKs/iPhoneSimulator26.2.sdk/System/Library/SubFrameworks (framework directory)
2026-04-22T16:43:53.2271770Z End of search list.
2026-04-22T16:43:53.2272060Z clang -cc1 version 17.0.0 (clang-1700.6.3.2) default target arm64-apple-darwin24.6.0
2026-04-22T16:43:53.2272380Z ignoring nonexistent directory "/Users/runner/work/tcm-storage-ios/tcm-storage-ios/build/Build/Products/Debug-iphonesimulator/include"
2026-04-22T16:43:53.2272990Z ignoring nonexistent directory "/Users/runner/work/tcm-storage-ios/tcm-storage-ios/build/Build/Intermediates.noindex/Nextcloud.build/Debug-iphonesimulator/Notification Service Extension.build/DerivedSources-normal/arm64"
2026-04-22T16:43:53.2273530Z ignoring nonexistent directory "/Users/runner/work/tcm-storage-ios/tcm-storage-ios/build/Build/Intermediates.noindex/Nextcloud.build/Debug-iphonesimulator/Notification Service Extension.build/DerivedSources/arm64"
2026-04-22T16:43:53.2273950Z ignoring nonexistent directory "/Applications/Xcode_26.2.app/Contents/Developer/Platforms/iPhoneSimulator.platform/Developer/SDKs/iPhoneSimulator26.2.sdk/usr/local/include"
2026-04-22T16:43:53.2274370Z ignoring nonexistent directory "/Applications/Xcode_26.2.app/Contents/Developer/Platforms/iPhoneSimulator.platform/Developer/SDKs/iPhoneSimulator26.2.sdk/Library/Frameworks"
2026-04-22T16:43:53.2274910Z ignoring duplicate directory "/Users/runner/work/tcm-storage-ios/tcm-storage-ios/build/Build/Products/Debug-iphonesimulator/PackageFrameworks"
2026-04-22T16:43:53.2275260Z ignoring duplicate directory "/Users/runner/work/tcm-storage-ios/tcm-storage-ios/build/Build/Products/Debug-iphonesimulator/PackageFrameworks"
2026-04-22T16:43:53.2275590Z ignoring duplicate directory "/Users/runner/work/tcm-storage-ios/tcm-storage-ios/build/Build/Products/Debug-iphonesimulator/PackageFrameworks"
2026-04-22T16:43:53.2275910Z ignoring duplicate directory "/Users/runner/work/tcm-storage-ios/tcm-storage-ios/build/Build/Products/Debug-iphonesimulator/PackageFrameworks"
2026-04-22T16:43:53.2276350Z ignoring duplicate directory "/Users/runner/work/tcm-storage-ios/tcm-storage-ios/build/Build/Products/Debug-iphonesimulator/PackageFrameworks"
2026-04-22T16:43:53.2276810Z ignoring duplicate directory "/Users/runner/work/tcm-storage-ios/tcm-storage-ios/build/Build/Products/Debug-iphonesimulator/PackageFrameworks"
2026-04-22T16:43:53.2277150Z ignoring duplicate directory "/Users/runner/work/tcm-storage-ios/tcm-storage-ios/build/Build/Products/Debug-iphonesimulator/PackageFrameworks"
2026-04-22T16:43:53.2277480Z ignoring duplicate directory "/Users/runner/work/tcm-storage-ios/tcm-storage-ios/build/Build/Products/Debug-iphonesimulator/PackageFrameworks"
2026-04-22T16:43:53.2277810Z ignoring duplicate directory "/Users/runner/work/tcm-storage-ios/tcm-storage-ios/build/Build/Products/Debug-iphonesimulator/PackageFrameworks"
2026-04-22T16:43:53.2278160Z ignoring duplicate directory "/Users/runner/work/tcm-storage-ios/tcm-storage-ios/build/Build/Products/Debug-iphonesimulator/PackageFrameworks"
2026-04-22T16:43:53.2278500Z ignoring duplicate directory "/Users/runner/work/tcm-storage-ios/tcm-storage-ios/build/Build/Products/Debug-iphonesimulator/PackageFrameworks"
2026-04-22T16:43:53.2278830Z ignoring duplicate directory "/Users/runner/work/tcm-storage-ios/tcm-storage-ios/build/Build/Products/Debug-iphonesimulator/PackageFrameworks"
2026-04-22T16:43:53.2279160Z ignoring duplicate directory "/Users/runner/work/tcm-storage-ios/tcm-storage-ios/build/Build/Products/Debug-iphonesimulator/PackageFrameworks"
2026-04-22T16:43:53.2279480Z ignoring duplicate directory "/Users/runner/work/tcm-storage-ios/tcm-storage-ios/build/Build/Products/Debug-iphonesimulator/PackageFrameworks"
2026-04-22T16:43:53.2279810Z ignoring duplicate directory "/Users/runner/work/tcm-storage-ios/tcm-storage-ios/build/Build/Products/Debug-iphonesimulator/PackageFrameworks"
2026-04-22T16:43:53.2280160Z ignoring duplicate directory "/Users/runner/work/tcm-storage-ios/tcm-storage-ios/build/Build/Products/Debug-iphonesimulator/PackageFrameworks"
2026-04-22T16:43:53.2280490Z ignoring duplicate directory "/Users/runner/work/tcm-storage-ios/tcm-storage-ios/build/Build/Products/Debug-iphonesimulator/PackageFrameworks"
2026-04-22T16:43:53.2280820Z ignoring duplicate directory "/Users/runner/work/tcm-storage-ios/tcm-storage-ios/build/Build/Products/Debug-iphonesimulator/PackageFrameworks"
2026-04-22T16:43:53.2281150Z ignoring duplicate directory "/Users/runner/work/tcm-storage-ios/tcm-storage-ios/build/Build/Products/Debug-iphonesimulator/PackageFrameworks"
2026-04-22T16:43:53.2281470Z ignoring duplicate directory "/Users/runner/work/tcm-storage-ios/tcm-storage-ios/build/Build/Products/Debug-iphonesimulator/PackageFrameworks"
2026-04-22T16:43:53.2281800Z ignoring duplicate directory "/Users/runner/work/tcm-storage-ios/tcm-storage-ios/build/Build/Products/Debug-iphonesimulator/PackageFrameworks"
2026-04-22T16:43:53.2282120Z ignoring duplicate directory "/Users/runner/work/tcm-storage-ios/tcm-storage-ios/build/Build/Products/Debug-iphonesimulator/PackageFrameworks"
2026-04-22T16:43:53.2282440Z ignoring duplicate directory "/Users/runner/work/tcm-storage-ios/tcm-storage-ios/build/Build/Products/Debug-iphonesimulator/PackageFrameworks"
2026-04-22T16:43:53.2304250Z ignoring duplicate directory "/Users/runner/work/tcm-storage-ios/tcm-storage-ios/build/Build/Products/Debug-iphonesimulator/PackageFrameworks"
2026-04-22T16:43:53.2304680Z ignoring duplicate directory "/Users/runner/work/tcm-storage-ios/tcm-storage-ios/build/Build/Products/Debug-iphonesimulator/PackageFrameworks"
2026-04-22T16:43:53.2305010Z ignoring duplicate directory "/Users/runner/work/tcm-storage-ios/tcm-storage-ios/build/Build/Products/Debug-iphonesimulator/PackageFrameworks"
2026-04-22T16:43:53.2305340Z ignoring duplicate directory "/Users/runner/work/tcm-storage-ios/tcm-storage-ios/build/Build/Products/Debug-iphonesimulator/PackageFrameworks"
2026-04-22T16:43:53.2305670Z ignoring duplicate directory "/Users/runner/work/tcm-storage-ios/tcm-storage-ios/build/Build/Products/Debug-iphonesimulator/PackageFrameworks"
2026-04-22T16:43:53.2306540Z ignoring duplicate directory "/Users/runner/work/tcm-storage-ios/tcm-storage-ios/build/Build/Products/Debug-iphonesimulator/PackageFrameworks"
2026-04-22T16:43:53.2307030Z ignoring duplicate directory "/Users/runner/work/tcm-storage-ios/tcm-storage-ios/build/Build/Products/Debug-iphonesimulator/PackageFrameworks"
2026-04-22T16:43:53.2307380Z ignoring duplicate directory "/Users/runner/work/tcm-storage-ios/tcm-storage-ios/build/Build/Products/Debug-iphonesimulator/PackageFrameworks"
2026-04-22T16:43:53.2307730Z ignoring duplicate directory "/Users/runner/work/tcm-storage-ios/tcm-storage-ios/build/Build/Products/Debug-iphonesimulator/PackageFrameworks"
2026-04-22T16:43:53.2308080Z ignoring duplicate directory "/Users/runner/work/tcm-storage-ios/tcm-storage-ios/build/Build/Products/Debug-iphonesimulator/PackageFrameworks"
2026-04-22T16:43:53.2308430Z ignoring duplicate directory "/Users/runner/work/tcm-storage-ios/tcm-storage-ios/build/Build/Products/Debug-iphonesimulator/PackageFrameworks"
2026-04-22T16:43:53.2308500Z #include "..." search starts here:
2026-04-22T16:43:53.2309080Z  /Users/runner/work/tcm-storage-ios/tcm-storage-ios/build/Build/Intermediates.noindex/Nextcloud.build/Debug-iphonesimulator/Notification Service Extension.build/Notification Service Extension-generated-files.hmap (headermap)
2026-04-22T16:43:53.2309650Z  /Users/runner/work/tcm-storage-ios/tcm-storage-ios/build/Build/Intermediates.noindex/Nextcloud.build/Debug-iphonesimulator/Notification Service Extension.build/Notification Service Extension-project-headers.hmap (headermap)
2026-04-22T16:43:53.2309710Z #include <...> search starts here:
2026-04-22T16:43:53.2310310Z  /Users/runner/work/tcm-storage-ios/tcm-storage-ios/build/Build/Intermediates.noindex/Nextcloud.build/Debug-iphonesimulator/Notification Service Extension.build/Notification Service Extension-own-target-headers.hmap (headermap)
2026-04-22T16:43:53.2310960Z  /Users/runner/work/tcm-storage-ios/tcm-storage-ios/build/Build/Intermediates.noindex/Nextcloud.build/Debug-iphonesimulator/Notification Service Extension.build/Notification Service Extension-all-non-framework-target-headers.hmap (headermap)
2026-04-22T16:43:53.2311260Z  /Users/runner/work/tcm-storage-ios/tcm-storage-ios/build/SourcePackages/checkouts/swift-atomics/Sources/_AtomicsShims/include
2026-04-22T16:43:53.2311550Z  /Users/runner/work/tcm-storage-ios/tcm-storage-ios/build/SourcePackages/checkouts/swift-nio/Sources/CNIOPosix/include
2026-04-22T16:43:53.2311820Z  /Users/runner/work/tcm-storage-ios/tcm-storage-ios/build/SourcePackages/checkouts/swift-nio/Sources/CNIOWASI/include
2026-04-22T16:43:53.2312090Z  /Users/runner/work/tcm-storage-ios/tcm-storage-ios/build/SourcePackages/checkouts/swift-nio/Sources/CNIOWindows/include
2026-04-22T16:43:53.2312360Z  /Users/runner/work/tcm-storage-ios/tcm-storage-ios/build/SourcePackages/checkouts/swift-nio/Sources/CNIOLinux/include
2026-04-22T16:43:53.2312630Z  /Users/runner/work/tcm-storage-ios/tcm-storage-ios/build/SourcePackages/checkouts/swift-nio/Sources/CNIODarwin/include
2026-04-22T16:43:53.2312900Z  /Users/runner/work/tcm-storage-ios/tcm-storage-ios/build/SourcePackages/checkouts/swift-nio/Sources/CNIOOpenBSD/include
2026-04-22T16:43:53.2313170Z  /Users/runner/work/tcm-storage-ios/tcm-storage-ios/build/SourcePackages/checkouts/swift-nio/Sources/CNIOAtomics/include
2026-04-22T16:43:53.2313480Z  /Users/runner/work/tcm-storage-ios/tcm-storage-ios/build/SourcePackages/checkouts/swift-nio-ssl/Sources/CNIOBoringSSLShims/include
2026-04-22T16:43:53.2313770Z  /Users/runner/work/tcm-storage-ios/tcm-storage-ios/build/SourcePackages/checkouts/swift-nio-ssl/Sources/CNIOBoringSSL/include
2026-04-22T16:43:53.2313970Z  /Users/runner/work/tcm-storage-ios/tcm-storage-ios/build/SourcePackages/checkouts/realm-core/src
2026-04-22T16:43:53.2314210Z  /Users/runner/work/tcm-storage-ios/tcm-storage-ios/build/SourcePackages/checkouts/realm-core/src/external/s2
2026-04-22T16:43:53.2314550Z  /Users/runner/work/tcm-storage-ios/tcm-storage-ios/build/SourcePackages/checkouts/realm-core/src/external/IntelRDFPMathLib20U2/LIBRARY/src
2026-04-22T16:43:53.2314920Z  /Users/runner/work/tcm-storage-ios/tcm-storage-ios/build/SourcePackages/checkouts/realm-core/src/spm
2026-04-22T16:43:53.2315230Z  /Users/runner/work/tcm-storage-ios/tcm-storage-ios/build/SourcePackages/checkouts/realm-swift/include
2026-04-22T16:43:53.2315690Z  /Users/runner/work/tcm-storage-ios/tcm-storage-ios/build/Build/Intermediates.noindex/Nextcloud.build/Debug-iphonesimulator/Notification Service Extension.build/DerivedSources
2026-04-22T16:43:53.2316030Z  /Users/runner/work/tcm-storage-ios/tcm-storage-ios/build/Build/Products/Debug-iphonesimulator/PackageFrameworks (framework directory)
2026-04-22T16:43:53.2316300Z  /Users/runner/work/tcm-storage-ios/tcm-storage-ios/build/Build/Products/Debug-iphonesimulator (framework directory)
2026-04-22T16:43:53.2316620Z  /Applications/Xcode_26.2.app/Contents/Developer/Platforms/iPhoneSimulator.platform/Developer/Library/Frameworks (framework directory)
2026-04-22T16:43:53.2317070Z  /Applications/Xcode_26.2.app/Contents/Developer/Platforms/iPhoneSimulator.platform/Developer/SDKs/iPhoneSimulator26.2.sdk/Developer/Library/Frameworks (framework directory)
2026-04-22T16:43:53.2317340Z  /Applications/Xcode_26.2.app/Contents/Developer/Toolchains/XcodeDefault.xctoolchain/usr/lib/clang/17/include
2026-04-22T16:43:53.2317670Z  /Applications/Xcode_26.2.app/Contents/Developer/Platforms/iPhoneSimulator.platform/Developer/SDKs/iPhoneSimulator26.2.sdk/usr/include
2026-04-22T16:43:53.2317890Z  /Applications/Xcode_26.2.app/Contents/Developer/Toolchains/XcodeDefault.xctoolchain/usr/include
2026-04-22T16:43:53.2318310Z  /Applications/Xcode_26.2.app/Contents/Developer/Platforms/iPhoneSimulator.platform/Developer/SDKs/iPhoneSimulator26.2.sdk/System/Library/Frameworks (framework directory)
2026-04-22T16:43:53.2318740Z  /Applications/Xcode_26.2.app/Contents/Developer/Platforms/iPhoneSimulator.platform/Developer/SDKs/iPhoneSimulator26.2.sdk/System/Library/SubFrameworks (framework directory)
2026-04-22T16:43:53.2318790Z End of search list.
2026-04-22T16:43:53.2318960Z clang -cc1 version 17.0.0 (clang-1700.6.3.2) default target arm64-apple-darwin24.6.0
2026-04-22T16:43:53.2319270Z ignoring nonexistent directory "/Users/runner/work/tcm-storage-ios/tcm-storage-ios/build/Build/Products/Debug-iphonesimulator/include"
2026-04-22T16:43:53.2319830Z ignoring nonexistent directory "/Users/runner/work/tcm-storage-ios/tcm-storage-ios/build/Build/Intermediates.noindex/Nextcloud.build/Debug-iphonesimulator/Notification Service Extension.build/DerivedSources-normal/arm64"
2026-04-22T16:43:53.2320370Z ignoring nonexistent directory "/Users/runner/work/tcm-storage-ios/tcm-storage-ios/build/Build/Intermediates.noindex/Nextcloud.build/Debug-iphonesimulator/Notification Service Extension.build/DerivedSources/arm64"
2026-04-22T16:43:53.2320790Z ignoring nonexistent directory "/Applications/Xcode_26.2.app/Contents/Developer/Platforms/iPhoneSimulator.platform/Developer/SDKs/iPhoneSimulator26.2.sdk/usr/local/include"
2026-04-22T16:43:53.2321210Z ignoring nonexistent directory "/Applications/Xcode_26.2.app/Contents/Developer/Platforms/iPhoneSimulator.platform/Developer/SDKs/iPhoneSimulator26.2.sdk/Library/Frameworks"
2026-04-22T16:43:53.2321540Z ignoring duplicate directory "/Users/runner/work/tcm-storage-ios/tcm-storage-ios/build/Build/Products/Debug-iphonesimulator/PackageFrameworks"
2026-04-22T16:43:53.2321870Z ignoring duplicate directory "/Users/runner/work/tcm-storage-ios/tcm-storage-ios/build/Build/Products/Debug-iphonesimulator/PackageFrameworks"
2026-04-22T16:43:53.2322200Z ignoring duplicate directory "/Users/runner/work/tcm-storage-ios/tcm-storage-ios/build/Build/Products/Debug-iphonesimulator/PackageFrameworks"
2026-04-22T16:43:53.2322530Z ignoring duplicate directory "/Users/runner/work/tcm-storage-ios/tcm-storage-ios/build/Build/Products/Debug-iphonesimulator/PackageFrameworks"
2026-04-22T16:43:53.2322850Z ignoring duplicate directory "/Users/runner/work/tcm-storage-ios/tcm-storage-ios/build/Build/Products/Debug-iphonesimulator/PackageFrameworks"
2026-04-22T16:43:53.2323280Z ignoring duplicate directory "/Users/runner/work/tcm-storage-ios/tcm-storage-ios/build/Build/Products/Debug-iphonesimulator/PackageFrameworks"
2026-04-22T16:43:53.2323680Z ignoring duplicate directory "/Users/runner/work/tcm-storage-ios/tcm-storage-ios/build/Build/Products/Debug-iphonesimulator/PackageFrameworks"
2026-04-22T16:43:53.2324010Z ignoring duplicate directory "/Users/runner/work/tcm-storage-ios/tcm-storage-ios/build/Build/Products/Debug-iphonesimulator/PackageFrameworks"
2026-04-22T16:43:53.2324340Z ignoring duplicate directory "/Users/runner/work/tcm-storage-ios/tcm-storage-ios/build/Build/Products/Debug-iphonesimulator/PackageFrameworks"
2026-04-22T16:43:53.2324670Z ignoring duplicate directory "/Users/runner/work/tcm-storage-ios/tcm-storage-ios/build/Build/Products/Debug-iphonesimulator/PackageFrameworks"
2026-04-22T16:43:53.2325010Z ignoring duplicate directory "/Users/runner/work/tcm-storage-ios/tcm-storage-ios/build/Build/Products/Debug-iphonesimulator/PackageFrameworks"
2026-04-22T16:43:53.2325350Z ignoring duplicate directory "/Users/runner/work/tcm-storage-ios/tcm-storage-ios/build/Build/Products/Debug-iphonesimulator/PackageFrameworks"
2026-04-22T16:43:53.2325690Z ignoring duplicate directory "/Users/runner/work/tcm-storage-ios/tcm-storage-ios/build/Build/Products/Debug-iphonesimulator/PackageFrameworks"
2026-04-22T16:43:53.2326050Z ignoring duplicate directory "/Users/runner/work/tcm-storage-ios/tcm-storage-ios/build/Build/Products/Debug-iphonesimulator/PackageFrameworks"
2026-04-22T16:43:53.2326390Z ignoring duplicate directory "/Users/runner/work/tcm-storage-ios/tcm-storage-ios/build/Build/Products/Debug-iphonesimulator/PackageFrameworks"
2026-04-22T16:43:53.2326720Z ignoring duplicate directory "/Users/runner/work/tcm-storage-ios/tcm-storage-ios/build/Build/Products/Debug-iphonesimulator/PackageFrameworks"
2026-04-22T16:43:53.2327060Z ignoring duplicate directory "/Users/runner/work/tcm-storage-ios/tcm-storage-ios/build/Build/Products/Debug-iphonesimulator/PackageFrameworks"
2026-04-22T16:43:53.2327400Z ignoring duplicate directory "/Users/runner/work/tcm-storage-ios/tcm-storage-ios/build/Build/Products/Debug-iphonesimulator/PackageFrameworks"
2026-04-22T16:43:53.2327740Z ignoring duplicate directory "/Users/runner/work/tcm-storage-ios/tcm-storage-ios/build/Build/Products/Debug-iphonesimulator/PackageFrameworks"
2026-04-22T16:43:53.2328090Z ignoring duplicate directory "/Users/runner/work/tcm-storage-ios/tcm-storage-ios/build/Build/Products/Debug-iphonesimulator/PackageFrameworks"
2026-04-22T16:43:53.2328430Z ignoring duplicate directory "/Users/runner/work/tcm-storage-ios/tcm-storage-ios/build/Build/Products/Debug-iphonesimulator/PackageFrameworks"
2026-04-22T16:43:53.2328780Z ignoring duplicate directory "/Users/runner/work/tcm-storage-ios/tcm-storage-ios/build/Build/Products/Debug-iphonesimulator/PackageFrameworks"
2026-04-22T16:43:53.2329120Z ignoring duplicate directory "/Users/runner/work/tcm-storage-ios/tcm-storage-ios/build/Build/Products/Debug-iphonesimulator/PackageFrameworks"
2026-04-22T16:43:53.2329460Z ignoring duplicate directory "/Users/runner/work/tcm-storage-ios/tcm-storage-ios/build/Build/Products/Debug-iphonesimulator/PackageFrameworks"
2026-04-22T16:43:53.2329800Z ignoring duplicate directory "/Users/runner/work/tcm-storage-ios/tcm-storage-ios/build/Build/Products/Debug-iphonesimulator/PackageFrameworks"
2026-04-22T16:43:53.2330130Z ignoring duplicate directory "/Users/runner/work/tcm-storage-ios/tcm-storage-ios/build/Build/Products/Debug-iphonesimulator/PackageFrameworks"
2026-04-22T16:43:53.2330470Z ignoring duplicate directory "/Users/runner/work/tcm-storage-ios/tcm-storage-ios/build/Build/Products/Debug-iphonesimulator/PackageFrameworks"
2026-04-22T16:43:53.2330810Z ignoring duplicate directory "/Users/runner/work/tcm-storage-ios/tcm-storage-ios/build/Build/Products/Debug-iphonesimulator/PackageFrameworks"
2026-04-22T16:43:53.2331140Z ignoring duplicate directory "/Users/runner/work/tcm-storage-ios/tcm-storage-ios/build/Build/Products/Debug-iphonesimulator/PackageFrameworks"
2026-04-22T16:43:53.2331580Z ignoring duplicate directory "/Users/runner/work/tcm-storage-ios/tcm-storage-ios/build/Build/Products/Debug-iphonesimulator/PackageFrameworks"
2026-04-22T16:43:53.2331970Z ignoring duplicate directory "/Users/runner/work/tcm-storage-ios/tcm-storage-ios/build/Build/Products/Debug-iphonesimulator/PackageFrameworks"
2026-04-22T16:43:53.2337970Z ignoring duplicate directory "/Users/runner/work/tcm-storage-ios/tcm-storage-ios/build/Build/Products/Debug-iphonesimulator/PackageFrameworks"
2026-04-22T16:43:53.2338330Z ignoring duplicate directory "/Users/runner/work/tcm-storage-ios/tcm-storage-ios/build/Build/Products/Debug-iphonesimulator/PackageFrameworks"
2026-04-22T16:43:53.2338660Z ignoring duplicate directory "/Users/runner/work/tcm-storage-ios/tcm-storage-ios/build/Build/Products/Debug-iphonesimulator/PackageFrameworks"
2026-04-22T16:43:53.2338730Z #include "..." search starts here:
2026-04-22T16:43:53.2339320Z  /Users/runner/work/tcm-storage-ios/tcm-storage-ios/build/Build/Intermediates.noindex/Nextcloud.build/Debug-iphonesimulator/Notification Service Extension.build/Notification Service Extension-generated-files.hmap (headermap)
2026-04-22T16:43:53.2339930Z  /Users/runner/work/tcm-storage-ios/tcm-storage-ios/build/Build/Intermediates.noindex/Nextcloud.build/Debug-iphonesimulator/Notification Service Extension.build/Notification Service Extension-project-headers.hmap (headermap)
2026-04-22T16:43:53.2340000Z #include <...> search starts here:
2026-04-22T16:43:53.2340590Z  /Users/runner/work/tcm-storage-ios/tcm-storage-ios/build/Build/Intermediates.noindex/Nextcloud.build/Debug-iphonesimulator/Notification Service Extension.build/Notification Service Extension-own-target-headers.hmap (headermap)
2026-04-22T16:43:53.2341270Z  /Users/runner/work/tcm-storage-ios/tcm-storage-ios/build/Build/Intermediates.noindex/Nextcloud.build/Debug-iphonesimulator/Notification Service Extension.build/Notification Service Extension-all-non-framework-target-headers.hmap (headermap)
2026-04-22T16:43:53.2341570Z  /Users/runner/work/tcm-storage-ios/tcm-storage-ios/build/SourcePackages/checkouts/swift-atomics/Sources/_AtomicsShims/include
2026-04-22T16:43:53.2341860Z  /Users/runner/work/tcm-storage-ios/tcm-storage-ios/build/SourcePackages/checkouts/swift-nio/Sources/CNIOPosix/include
2026-04-22T16:43:53.2342130Z  /Users/runner/work/tcm-storage-ios/tcm-storage-ios/build/SourcePackages/checkouts/swift-nio/Sources/CNIOWASI/include
2026-04-22T16:43:53.2342400Z  /Users/runner/work/tcm-storage-ios/tcm-storage-ios/build/SourcePackages/checkouts/swift-nio/Sources/CNIOWindows/include
2026-04-22T16:43:53.2342680Z  /Users/runner/work/tcm-storage-ios/tcm-storage-ios/build/SourcePackages/checkouts/swift-nio/Sources/CNIOLinux/include
2026-04-22T16:43:53.2342950Z  /Users/runner/work/tcm-storage-ios/tcm-storage-ios/build/SourcePackages/checkouts/swift-nio/Sources/CNIODarwin/include
2026-04-22T16:43:53.2343220Z  /Users/runner/work/tcm-storage-ios/tcm-storage-ios/build/SourcePackages/checkouts/swift-nio/Sources/CNIOOpenBSD/include
2026-04-22T16:43:53.2343500Z  /Users/runner/work/tcm-storage-ios/tcm-storage-ios/build/SourcePackages/checkouts/swift-nio/Sources/CNIOAtomics/include
2026-04-22T16:43:53.2356250Z  /Users/runner/work/tcm-storage-ios/tcm-storage-ios/build/SourcePackages/checkouts/swift-nio-ssl/Sources/CNIOBoringSSLShims/include
2026-04-22T16:43:53.2356710Z  /Users/runner/work/tcm-storage-ios/tcm-storage-ios/build/SourcePackages/checkouts/swift-nio-ssl/Sources/CNIOBoringSSL/include
2026-04-22T16:43:53.2356930Z  /Users/runner/work/tcm-storage-ios/tcm-storage-ios/build/SourcePackages/checkouts/realm-core/src
2026-04-22T16:43:53.2357190Z  /Users/runner/work/tcm-storage-ios/tcm-storage-ios/build/SourcePackages/checkouts/realm-core/src/external/s2
2026-04-22T16:43:53.2357540Z  /Users/runner/work/tcm-storage-ios/tcm-storage-ios/build/SourcePackages/checkouts/realm-core/src/external/IntelRDFPMathLib20U2/LIBRARY/src
2026-04-22T16:43:53.2357770Z  /Users/runner/work/tcm-storage-ios/tcm-storage-ios/build/SourcePackages/checkouts/realm-core/src/spm
2026-04-22T16:43:53.2358280Z  /Users/runner/work/tcm-storage-ios/tcm-storage-ios/build/SourcePackages/checkouts/realm-swift/include
2026-04-22T16:43:53.2358860Z  /Users/runner/work/tcm-storage-ios/tcm-storage-ios/build/Build/Intermediates.noindex/Nextcloud.build/Debug-iphonesimulator/Notification Service Extension.build/DerivedSources
2026-04-22T16:43:53.2359190Z  /Users/runner/work/tcm-storage-ios/tcm-storage-ios/build/Build/Products/Debug-iphonesimulator/PackageFrameworks (framework directory)
2026-04-22T16:43:53.2359470Z  /Users/runner/work/tcm-storage-ios/tcm-storage-ios/build/Build/Products/Debug-iphonesimulator (framework directory)
2026-04-22T16:43:53.2359790Z  /Applications/Xcode_26.2.app/Contents/Developer/Platforms/iPhoneSimulator.platform/Developer/Library/Frameworks (framework directory)
2026-04-22T16:43:53.2361650Z  /Applications/Xcode_26.2.app/Contents/Developer/Platforms/iPhoneSimulator.platform/Developer/SDKs/iPhoneSimulator26.2.sdk/Developer/Library/Frameworks (framework directory)
2026-04-22T16:43:53.2361960Z  /Applications/Xcode_26.2.app/Contents/Developer/Toolchains/XcodeDefault.xctoolchain/usr/lib/clang/17/include
2026-04-22T16:43:53.2362290Z  /Applications/Xcode_26.2.app/Contents/Developer/Platforms/iPhoneSimulator.platform/Developer/SDKs/iPhoneSimulator26.2.sdk/usr/include
2026-04-22T16:43:53.2362500Z  /Applications/Xcode_26.2.app/Contents/Developer/Toolchains/XcodeDefault.xctoolchain/usr/include
2026-04-22T16:43:53.2362950Z  /Applications/Xcode_26.2.app/Contents/Developer/Platforms/iPhoneSimulator.platform/Developer/SDKs/iPhoneSimulator26.2.sdk/System/Library/Frameworks (framework directory)
2026-04-22T16:43:53.2363380Z  /Applications/Xcode_26.2.app/Contents/Developer/Platforms/iPhoneSimulator.platform/Developer/SDKs/iPhoneSimulator26.2.sdk/System/Library/SubFrameworks (framework directory)
2026-04-22T16:43:53.2363430Z End of search list.
2026-04-22T16:43:53.2363600Z clang -cc1 version 17.0.0 (clang-1700.6.3.2) default target arm64-apple-darwin24.6.0
2026-04-22T16:43:53.2363930Z ignoring nonexistent directory "/Users/runner/work/tcm-storage-ios/tcm-storage-ios/build/Build/Products/Debug-iphonesimulator/include"
2026-04-22T16:43:53.2364510Z ignoring nonexistent directory "/Users/runner/work/tcm-storage-ios/tcm-storage-ios/build/Build/Intermediates.noindex/Nextcloud.build/Debug-iphonesimulator/Notification Service Extension.build/DerivedSources-normal/arm64"
2026-04-22T16:43:53.2365060Z ignoring nonexistent directory "/Users/runner/work/tcm-storage-ios/tcm-storage-ios/build/Build/Intermediates.noindex/Nextcloud.build/Debug-iphonesimulator/Notification Service Extension.build/DerivedSources/arm64"
2026-04-22T16:43:53.2365480Z ignoring nonexistent directory "/Applications/Xcode_26.2.app/Contents/Developer/Platforms/iPhoneSimulator.platform/Developer/SDKs/iPhoneSimulator26.2.sdk/usr/local/include"
2026-04-22T16:43:53.2365910Z ignoring nonexistent directory "/Applications/Xcode_26.2.app/Contents/Developer/Platforms/iPhoneSimulator.platform/Developer/SDKs/iPhoneSimulator26.2.sdk/Library/Frameworks"
2026-04-22T16:43:53.2366250Z ignoring duplicate directory "/Users/runner/work/tcm-storage-ios/tcm-storage-ios/build/Build/Products/Debug-iphonesimulator/PackageFrameworks"
2026-04-22T16:43:53.2366590Z ignoring duplicate directory "/Users/runner/work/tcm-storage-ios/tcm-storage-ios/build/Build/Products/Debug-iphonesimulator/PackageFrameworks"
2026-04-22T16:43:53.2366940Z ignoring duplicate directory "/Users/runner/work/tcm-storage-ios/tcm-storage-ios/build/Build/Products/Debug-iphonesimulator/PackageFrameworks"
2026-04-22T16:43:53.2367280Z ignoring duplicate directory "/Users/runner/work/tcm-storage-ios/tcm-storage-ios/build/Build/Products/Debug-iphonesimulator/PackageFrameworks"
2026-04-22T16:43:53.2367610Z ignoring duplicate directory "/Users/runner/work/tcm-storage-ios/tcm-storage-ios/build/Build/Products/Debug-iphonesimulator/PackageFrameworks"
2026-04-22T16:43:53.2367940Z ignoring duplicate directory "/Users/runner/work/tcm-storage-ios/tcm-storage-ios/build/Build/Products/Debug-iphonesimulator/PackageFrameworks"
2026-04-22T16:43:53.2368460Z ignoring duplicate directory "/Users/runner/work/tcm-storage-ios/tcm-storage-ios/build/Build/Products/Debug-iphonesimulator/PackageFrameworks"
2026-04-22T16:43:53.2368890Z ignoring duplicate directory "/Users/runner/work/tcm-storage-ios/tcm-storage-ios/build/Build/Products/Debug-iphonesimulator/PackageFrameworks"
2026-04-22T16:43:53.2369240Z ignoring duplicate directory "/Users/runner/work/tcm-storage-ios/tcm-storage-ios/build/Build/Products/Debug-iphonesimulator/PackageFrameworks"
2026-04-22T16:43:53.2369580Z ignoring duplicate directory "/Users/runner/work/tcm-storage-ios/tcm-storage-ios/build/Build/Products/Debug-iphonesimulator/PackageFrameworks"
2026-04-22T16:43:53.2369920Z ignoring duplicate directory "/Users/runner/work/tcm-storage-ios/tcm-storage-ios/build/Build/Products/Debug-iphonesimulator/PackageFrameworks"
2026-04-22T16:43:53.2370270Z ignoring duplicate directory "/Users/runner/work/tcm-storage-ios/tcm-storage-ios/build/Build/Products/Debug-iphonesimulator/PackageFrameworks"
2026-04-22T16:43:53.2370640Z ignoring duplicate directory "/Users/runner/work/tcm-storage-ios/tcm-storage-ios/build/Build/Products/Debug-iphonesimulator/PackageFrameworks"
2026-04-22T16:43:53.2370980Z ignoring duplicate directory "/Users/runner/work/tcm-storage-ios/tcm-storage-ios/build/Build/Products/Debug-iphonesimulator/PackageFrameworks"
2026-04-22T16:43:53.2371310Z ignoring duplicate directory "/Users/runner/work/tcm-storage-ios/tcm-storage-ios/build/Build/Products/Debug-iphonesimulator/PackageFrameworks"
2026-04-22T16:43:53.2371650Z ignoring duplicate directory "/Users/runner/work/tcm-storage-ios/tcm-storage-ios/build/Build/Products/Debug-iphonesimulator/PackageFrameworks"
2026-04-22T16:43:53.2371990Z ignoring duplicate directory "/Users/runner/work/tcm-storage-ios/tcm-storage-ios/build/Build/Products/Debug-iphonesimulator/PackageFrameworks"
2026-04-22T16:43:53.2372340Z ignoring duplicate directory "/Users/runner/work/tcm-storage-ios/tcm-storage-ios/build/Build/Products/Debug-iphonesimulator/PackageFrameworks"
2026-04-22T16:43:53.2372680Z ignoring duplicate directory "/Users/runner/work/tcm-storage-ios/tcm-storage-ios/build/Build/Products/Debug-iphonesimulator/PackageFrameworks"
2026-04-22T16:43:53.2373020Z ignoring duplicate directory "/Users/runner/work/tcm-storage-ios/tcm-storage-ios/build/Build/Products/Debug-iphonesimulator/PackageFrameworks"
2026-04-22T16:43:53.2373360Z ignoring duplicate directory "/Users/runner/work/tcm-storage-ios/tcm-storage-ios/build/Build/Products/Debug-iphonesimulator/PackageFrameworks"
2026-04-22T16:43:53.2373700Z ignoring duplicate directory "/Users/runner/work/tcm-storage-ios/tcm-storage-ios/build/Build/Products/Debug-iphonesimulator/PackageFrameworks"
2026-04-22T16:43:53.2374040Z ignoring duplicate directory "/Users/runner/work/tcm-storage-ios/tcm-storage-ios/build/Build/Products/Debug-iphonesimulator/PackageFrameworks"
2026-04-22T16:43:53.2374380Z ignoring duplicate directory "/Users/runner/work/tcm-storage-ios/tcm-storage-ios/build/Build/Products/Debug-iphonesimulator/PackageFrameworks"
2026-04-22T16:43:53.2374740Z ignoring duplicate directory "/Users/runner/work/tcm-storage-ios/tcm-storage-ios/build/Build/Products/Debug-iphonesimulator/PackageFrameworks"
2026-04-22T16:43:53.2375080Z ignoring duplicate directory "/Users/runner/work/tcm-storage-ios/tcm-storage-ios/build/Build/Products/Debug-iphonesimulator/PackageFrameworks"
2026-04-22T16:43:53.2375420Z ignoring duplicate directory "/Users/runner/work/tcm-storage-ios/tcm-storage-ios/build/Build/Products/Debug-iphonesimulator/PackageFrameworks"
2026-04-22T16:43:53.2375760Z ignoring duplicate directory "/Users/runner/work/tcm-storage-ios/tcm-storage-ios/build/Build/Products/Debug-iphonesimulator/PackageFrameworks"
2026-04-22T16:43:53.2376090Z ignoring duplicate directory "/Users/runner/work/tcm-storage-ios/tcm-storage-ios/build/Build/Products/Debug-iphonesimulator/PackageFrameworks"
2026-04-22T16:43:53.2376430Z ignoring duplicate directory "/Users/runner/work/tcm-storage-ios/tcm-storage-ios/build/Build/Products/Debug-iphonesimulator/PackageFrameworks"
2026-04-22T16:43:53.2376990Z ignoring duplicate directory "/Users/runner/work/tcm-storage-ios/tcm-storage-ios/build/Build/Products/Debug-iphonesimulator/PackageFrameworks"
2026-04-22T16:43:53.2377330Z ignoring duplicate directory "/Users/runner/work/tcm-storage-ios/tcm-storage-ios/build/Build/Products/Debug-iphonesimulator/PackageFrameworks"
2026-04-22T16:43:53.2377690Z ignoring duplicate directory "/Users/runner/work/tcm-storage-ios/tcm-storage-ios/build/Build/Products/Debug-iphonesimulator/PackageFrameworks"
2026-04-22T16:43:53.2378030Z ignoring duplicate directory "/Users/runner/work/tcm-storage-ios/tcm-storage-ios/build/Build/Products/Debug-iphonesimulator/PackageFrameworks"
2026-04-22T16:43:53.2378090Z #include "..." search starts here:
2026-04-22T16:43:53.2378680Z  /Users/runner/work/tcm-storage-ios/tcm-storage-ios/build/Build/Intermediates.noindex/Nextcloud.build/Debug-iphonesimulator/Notification Service Extension.build/Notification Service Extension-generated-files.hmap (headermap)
2026-04-22T16:43:53.2379260Z  /Users/runner/work/tcm-storage-ios/tcm-storage-ios/build/Build/Intermediates.noindex/Nextcloud.build/Debug-iphonesimulator/Notification Service Extension.build/Notification Service Extension-project-headers.hmap (headermap)
2026-04-22T16:43:53.2379320Z #include <...> search starts here:
2026-04-22T16:43:53.2379910Z  /Users/runner/work/tcm-storage-ios/tcm-storage-ios/build/Build/Intermediates.noindex/Nextcloud.build/Debug-iphonesimulator/Notification Service Extension.build/Notification Service Extension-own-target-headers.hmap (headermap)
2026-04-22T16:43:53.2380560Z  /Users/runner/work/tcm-storage-ios/tcm-storage-ios/build/Build/Intermediates.noindex/Nextcloud.build/Debug-iphonesimulator/Notification Service Extension.build/Notification Service Extension-all-non-framework-target-headers.hmap (headermap)
2026-04-22T16:43:53.2380860Z  /Users/runner/work/tcm-storage-ios/tcm-storage-ios/build/SourcePackages/checkouts/swift-atomics/Sources/_AtomicsShims/include
2026-04-22T16:43:53.2381140Z  /Users/runner/work/tcm-storage-ios/tcm-storage-ios/build/SourcePackages/checkouts/swift-nio/Sources/CNIOPosix/include
2026-04-22T16:43:53.2381410Z  /Users/runner/work/tcm-storage-ios/tcm-storage-ios/build/SourcePackages/checkouts/swift-nio/Sources/CNIOWASI/include
2026-04-22T16:43:53.2381690Z  /Users/runner/work/tcm-storage-ios/tcm-storage-ios/build/SourcePackages/checkouts/swift-nio/Sources/CNIOWindows/include
2026-04-22T16:43:53.2381950Z  /Users/runner/work/tcm-storage-ios/tcm-storage-ios/build/SourcePackages/checkouts/swift-nio/Sources/CNIOLinux/include
2026-04-22T16:43:53.2382220Z  /Users/runner/work/tcm-storage-ios/tcm-storage-ios/build/SourcePackages/checkouts/swift-nio/Sources/CNIODarwin/include
2026-04-22T16:43:53.2382500Z  /Users/runner/work/tcm-storage-ios/tcm-storage-ios/build/SourcePackages/checkouts/swift-nio/Sources/CNIOOpenBSD/include
2026-04-22T16:43:53.2382770Z  /Users/runner/work/tcm-storage-ios/tcm-storage-ios/build/SourcePackages/checkouts/swift-nio/Sources/CNIOAtomics/include
2026-04-22T16:43:53.2383080Z  /Users/runner/work/tcm-storage-ios/tcm-storage-ios/build/SourcePackages/checkouts/swift-nio-ssl/Sources/CNIOBoringSSLShims/include
2026-04-22T16:43:53.2383370Z  /Users/runner/work/tcm-storage-ios/tcm-storage-ios/build/SourcePackages/checkouts/swift-nio-ssl/Sources/CNIOBoringSSL/include
2026-04-22T16:43:53.2383580Z  /Users/runner/work/tcm-storage-ios/tcm-storage-ios/build/SourcePackages/checkouts/realm-core/src
2026-04-22T16:43:53.2383830Z  /Users/runner/work/tcm-storage-ios/tcm-storage-ios/build/SourcePackages/checkouts/realm-core/src/external/s2
2026-04-22T16:43:53.2384170Z  /Users/runner/work/tcm-storage-ios/tcm-storage-ios/build/SourcePackages/checkouts/realm-core/src/external/IntelRDFPMathLib20U2/LIBRARY/src
2026-04-22T16:43:53.2384390Z  /Users/runner/work/tcm-storage-ios/tcm-storage-ios/build/SourcePackages/checkouts/realm-core/src/spm
2026-04-22T16:43:53.2384620Z  /Users/runner/work/tcm-storage-ios/tcm-storage-ios/build/SourcePackages/checkouts/realm-swift/include
2026-04-22T16:43:53.2385230Z  /Users/runner/work/tcm-storage-ios/tcm-storage-ios/build/Build/Intermediates.noindex/Nextcloud.build/Debug-iphonesimulator/Notification Service Extension.build/DerivedSources
2026-04-22T16:43:53.2385560Z  /Users/runner/work/tcm-storage-ios/tcm-storage-ios/build/Build/Products/Debug-iphonesimulator/PackageFrameworks (framework directory)
2026-04-22T16:43:53.2385830Z  /Users/runner/work/tcm-storage-ios/tcm-storage-ios/build/Build/Products/Debug-iphonesimulator (framework directory)
2026-04-22T16:43:53.2386160Z  /Applications/Xcode_26.2.app/Contents/Developer/Platforms/iPhoneSimulator.platform/Developer/Library/Frameworks (framework directory)
2026-04-22T16:43:53.2386610Z  /Applications/Xcode_26.2.app/Contents/Developer/Platforms/iPhoneSimulator.platform/Developer/SDKs/iPhoneSimulator26.2.sdk/Developer/Library/Frameworks (framework directory)
2026-04-22T16:43:53.2386860Z  /Applications/Xcode_26.2.app/Contents/Developer/Toolchains/XcodeDefault.xctoolchain/usr/lib/clang/17/include
2026-04-22T16:43:53.2387190Z  /Applications/Xcode_26.2.app/Contents/Developer/Platforms/iPhoneSimulator.platform/Developer/SDKs/iPhoneSimulator26.2.sdk/usr/include
2026-04-22T16:43:53.2387410Z  /Applications/Xcode_26.2.app/Contents/Developer/Toolchains/XcodeDefault.xctoolchain/usr/include
2026-04-22T16:43:53.2387830Z  /Applications/Xcode_26.2.app/Contents/Developer/Platforms/iPhoneSimulator.platform/Developer/SDKs/iPhoneSimulator26.2.sdk/System/Library/Frameworks (framework directory)
2026-04-22T16:43:53.2388270Z  /Applications/Xcode_26.2.app/Contents/Developer/Platforms/iPhoneSimulator.platform/Developer/SDKs/iPhoneSimulator26.2.sdk/System/Library/SubFrameworks (framework directory)
2026-04-22T16:43:53.2388320Z End of search list.
2026-04-22T16:43:53.2388490Z clang -cc1 version 17.0.0 (clang-1700.6.3.2) default target arm64-apple-darwin24.6.0
2026-04-22T16:43:53.2388810Z ignoring nonexistent directory "/Users/runner/work/tcm-storage-ios/tcm-storage-ios/build/Build/Products/Debug-iphonesimulator/include"
2026-04-22T16:43:53.2389390Z ignoring nonexistent directory "/Users/runner/work/tcm-storage-ios/tcm-storage-ios/build/Build/Intermediates.noindex/Nextcloud.build/Debug-iphonesimulator/Notification Service Extension.build/DerivedSources-normal/arm64"
2026-04-22T16:43:53.2389970Z ignoring nonexistent directory "/Users/runner/work/tcm-storage-ios/tcm-storage-ios/build/Build/Intermediates.noindex/Nextcloud.build/Debug-iphonesimulator/Notification Service Extension.build/DerivedSources/arm64"
2026-04-22T16:43:53.2390740Z ignoring nonexistent directory "/Applications/Xcode_26.2.app/Contents/Developer/Platforms/iPhoneSimulator.platform/Developer/SDKs/iPhoneSimulator26.2.sdk/usr/local/include"
2026-04-22T16:43:53.2391200Z ignoring nonexistent directory "/Applications/Xcode_26.2.app/Contents/Developer/Platforms/iPhoneSimulator.platform/Developer/SDKs/iPhoneSimulator26.2.sdk/Library/Frameworks"
2026-04-22T16:43:53.2391550Z ignoring duplicate directory "/Users/runner/work/tcm-storage-ios/tcm-storage-ios/build/Build/Products/Debug-iphonesimulator/PackageFrameworks"
2026-04-22T16:43:53.2391900Z ignoring duplicate directory "/Users/runner/work/tcm-storage-ios/tcm-storage-ios/build/Build/Products/Debug-iphonesimulator/PackageFrameworks"
2026-04-22T16:43:53.2392230Z ignoring duplicate directory "/Users/runner/work/tcm-storage-ios/tcm-storage-ios/build/Build/Products/Debug-iphonesimulator/PackageFrameworks"
2026-04-22T16:43:53.2392560Z ignoring duplicate directory "/Users/runner/work/tcm-storage-ios/tcm-storage-ios/build/Build/Products/Debug-iphonesimulator/PackageFrameworks"
2026-04-22T16:43:53.2392880Z ignoring duplicate directory "/Users/runner/work/tcm-storage-ios/tcm-storage-ios/build/Build/Products/Debug-iphonesimulator/PackageFrameworks"
2026-04-22T16:43:53.2393210Z ignoring duplicate directory "/Users/runner/work/tcm-storage-ios/tcm-storage-ios/build/Build/Products/Debug-iphonesimulator/PackageFrameworks"
2026-04-22T16:43:53.2393540Z ignoring duplicate directory "/Users/runner/work/tcm-storage-ios/tcm-storage-ios/build/Build/Products/Debug-iphonesimulator/PackageFrameworks"
2026-04-22T16:43:53.2394240Z ignoring duplicate directory "/Users/runner/work/tcm-storage-ios/tcm-storage-ios/build/Build/Products/Debug-iphonesimulator/PackageFrameworks"
2026-04-22T16:43:53.2394590Z ignoring duplicate directory "/Users/runner/work/tcm-storage-ios/tcm-storage-ios/build/Build/Products/Debug-iphonesimulator/PackageFrameworks"
2026-04-22T16:43:53.2394930Z ignoring duplicate directory "/Users/runner/work/tcm-storage-ios/tcm-storage-ios/build/Build/Products/Debug-iphonesimulator/PackageFrameworks"
2026-04-22T16:43:53.2395280Z ignoring duplicate directory "/Users/runner/work/tcm-storage-ios/tcm-storage-ios/build/Build/Products/Debug-iphonesimulator/PackageFrameworks"
2026-04-22T16:43:53.2395610Z ignoring duplicate directory "/Users/runner/work/tcm-storage-ios/tcm-storage-ios/build/Build/Products/Debug-iphonesimulator/PackageFrameworks"
2026-04-22T16:43:53.2395930Z ignoring duplicate directory "/Users/runner/work/tcm-storage-ios/tcm-storage-ios/build/Build/Products/Debug-iphonesimulator/PackageFrameworks"
2026-04-22T16:43:53.2396280Z ignoring duplicate directory "/Users/runner/work/tcm-storage-ios/tcm-storage-ios/build/Build/Products/Debug-iphonesimulator/PackageFrameworks"
2026-04-22T16:43:53.2400560Z ignoring duplicate directory "/Users/runner/work/tcm-storage-ios/tcm-storage-ios/build/Build/Products/Debug-iphonesimulator/PackageFrameworks"
2026-04-22T16:43:53.2400960Z ignoring duplicate directory "/Users/runner/work/tcm-storage-ios/tcm-storage-ios/build/Build/Products/Debug-iphonesimulator/PackageFrameworks"
2026-04-22T16:43:53.2401300Z ignoring duplicate directory "/Users/runner/work/tcm-storage-ios/tcm-storage-ios/build/Build/Products/Debug-iphonesimulator/PackageFrameworks"
2026-04-22T16:43:53.2401640Z ignoring duplicate directory "/Users/runner/work/tcm-storage-ios/tcm-storage-ios/build/Build/Products/Debug-iphonesimulator/PackageFrameworks"
2026-04-22T16:43:53.2401980Z ignoring duplicate directory "/Users/runner/work/tcm-storage-ios/tcm-storage-ios/build/Build/Products/Debug-iphonesimulator/PackageFrameworks"
2026-04-22T16:43:53.2402330Z ignoring duplicate directory "/Users/runner/work/tcm-storage-ios/tcm-storage-ios/build/Build/Products/Debug-iphonesimulator/PackageFrameworks"
2026-04-22T16:43:53.2402670Z ignoring duplicate directory "/Users/runner/work/tcm-storage-ios/tcm-storage-ios/build/Build/Products/Debug-iphonesimulator/PackageFrameworks"
2026-04-22T16:43:53.2403000Z ignoring duplicate directory "/Users/runner/work/tcm-storage-ios/tcm-storage-ios/build/Build/Products/Debug-iphonesimulator/PackageFrameworks"
2026-04-22T16:43:53.2403500Z ignoring duplicate directory "/Users/runner/work/tcm-storage-ios/tcm-storage-ios/build/Build/Products/Debug-iphonesimulator/PackageFrameworks"
2026-04-22T16:43:53.2403830Z ignoring duplicate directory "/Users/runner/work/tcm-storage-ios/tcm-storage-ios/build/Build/Products/Debug-iphonesimulator/PackageFrameworks"
2026-04-22T16:43:53.2404170Z ignoring duplicate directory "/Users/runner/work/tcm-storage-ios/tcm-storage-ios/build/Build/Products/Debug-iphonesimulator/PackageFrameworks"
2026-04-22T16:43:53.2404520Z ignoring duplicate directory "/Users/runner/work/tcm-storage-ios/tcm-storage-ios/build/Build/Products/Debug-iphonesimulator/PackageFrameworks"
2026-04-22T16:43:53.2404860Z ignoring duplicate directory "/Users/runner/work/tcm-storage-ios/tcm-storage-ios/build/Build/Products/Debug-iphonesimulator/PackageFrameworks"
2026-04-22T16:43:53.2405200Z ignoring duplicate directory "/Users/runner/work/tcm-storage-ios/tcm-storage-ios/build/Build/Products/Debug-iphonesimulator/PackageFrameworks"
2026-04-22T16:43:53.2405540Z ignoring duplicate directory "/Users/runner/work/tcm-storage-ios/tcm-storage-ios/build/Build/Products/Debug-iphonesimulator/PackageFrameworks"
2026-04-22T16:43:53.2405890Z ignoring duplicate directory "/Users/runner/work/tcm-storage-ios/tcm-storage-ios/build/Build/Products/Debug-iphonesimulator/PackageFrameworks"
2026-04-22T16:43:53.2406390Z ignoring duplicate directory "/Users/runner/work/tcm-storage-ios/tcm-storage-ios/build/Build/Products/Debug-iphonesimulator/PackageFrameworks"
2026-04-22T16:43:53.2406860Z ignoring duplicate directory "/Users/runner/work/tcm-storage-ios/tcm-storage-ios/build/Build/Products/Debug-iphonesimulator/PackageFrameworks"
2026-04-22T16:43:53.2407200Z ignoring duplicate directory "/Users/runner/work/tcm-storage-ios/tcm-storage-ios/build/Build/Products/Debug-iphonesimulator/PackageFrameworks"
2026-04-22T16:43:53.2408420Z ignoring duplicate directory "/Users/runner/work/tcm-storage-ios/tcm-storage-ios/build/Build/Products/Debug-iphonesimulator/PackageFrameworks"
2026-04-22T16:43:53.2408720Z #include "..." search starts here:
2026-04-22T16:43:53.2410460Z  /Users/runner/work/tcm-storage-ios/tcm-storage-ios/build/Build/Intermediates.noindex/Nextcloud.build/Debug-iphonesimulator/Notification Service Extension.build/Notification Service Extension-generated-files.hmap (headermap)
2026-04-22T16:43:53.2412190Z  /Users/runner/work/tcm-storage-ios/tcm-storage-ios/build/Build/Intermediates.noindex/Nextcloud.build/Debug-iphonesimulator/Notification Service Extension.build/Notification Service Extension-project-headers.hmap (headermap)
2026-04-22T16:43:53.2412420Z #include <...> search starts here:
2026-04-22T16:43:53.2414180Z  /Users/runner/work/tcm-storage-ios/tcm-storage-ios/build/Build/Intermediates.noindex/Nextcloud.build/Debug-iphonesimulator/Notification Service Extension.build/Notification Service Extension-own-target-headers.hmap (headermap)
2026-04-22T16:43:53.2416330Z  /Users/runner/work/tcm-storage-ios/tcm-storage-ios/build/Build/Intermediates.noindex/Nextcloud.build/Debug-iphonesimulator/Notification Service Extension.build/Notification Service Extension-all-non-framework-target-headers.hmap (headermap)
2026-04-22T16:43:53.2417270Z  /Users/runner/work/tcm-storage-ios/tcm-storage-ios/build/SourcePackages/checkouts/swift-atomics/Sources/_AtomicsShims/include
2026-04-22T16:43:53.2418070Z  /Users/runner/work/tcm-storage-ios/tcm-storage-ios/build/SourcePackages/checkouts/swift-nio/Sources/CNIOPosix/include
2026-04-22T16:43:53.2418840Z  /Users/runner/work/tcm-storage-ios/tcm-storage-ios/build/SourcePackages/checkouts/swift-nio/Sources/CNIOWASI/include
2026-04-22T16:43:53.2419640Z  /Users/runner/work/tcm-storage-ios/tcm-storage-ios/build/SourcePackages/checkouts/swift-nio/Sources/CNIOWindows/include
2026-04-22T16:43:53.2420410Z  /Users/runner/work/tcm-storage-ios/tcm-storage-ios/build/SourcePackages/checkouts/swift-nio/Sources/CNIOLinux/include
2026-04-22T16:43:53.2421220Z  /Users/runner/work/tcm-storage-ios/tcm-storage-ios/build/SourcePackages/checkouts/swift-nio/Sources/CNIODarwin/include
2026-04-22T16:43:53.2422010Z  /Users/runner/work/tcm-storage-ios/tcm-storage-ios/build/SourcePackages/checkouts/swift-nio/Sources/CNIOOpenBSD/include
2026-04-22T16:43:53.2422790Z  /Users/runner/work/tcm-storage-ios/tcm-storage-ios/build/SourcePackages/checkouts/swift-nio/Sources/CNIOAtomics/include
2026-04-22T16:43:53.2423650Z  /Users/runner/work/tcm-storage-ios/tcm-storage-ios/build/SourcePackages/checkouts/swift-nio-ssl/Sources/CNIOBoringSSLShims/include
2026-04-22T16:43:53.2424520Z  /Users/runner/work/tcm-storage-ios/tcm-storage-ios/build/SourcePackages/checkouts/swift-nio-ssl/Sources/CNIOBoringSSL/include
2026-04-22T16:43:53.2425110Z  /Users/runner/work/tcm-storage-ios/tcm-storage-ios/build/SourcePackages/checkouts/realm-core/src
2026-04-22T16:43:53.2425800Z  /Users/runner/work/tcm-storage-ios/tcm-storage-ios/build/SourcePackages/checkouts/realm-core/src/external/s2
2026-04-22T16:43:53.2426750Z  /Users/runner/work/tcm-storage-ios/tcm-storage-ios/build/SourcePackages/checkouts/realm-core/src/external/IntelRDFPMathLib20U2/LIBRARY/src
2026-04-22T16:43:53.2427360Z  /Users/runner/work/tcm-storage-ios/tcm-storage-ios/build/SourcePackages/checkouts/realm-core/src/spm
2026-04-22T16:43:53.2427990Z  /Users/runner/work/tcm-storage-ios/tcm-storage-ios/build/SourcePackages/checkouts/realm-swift/include
2026-04-22T16:43:53.2429250Z  /Users/runner/work/tcm-storage-ios/tcm-storage-ios/build/Build/Intermediates.noindex/Nextcloud.build/Debug-iphonesimulator/Notification Service Extension.build/DerivedSources
2026-04-22T16:43:53.2432210Z  /Users/runner/work/tcm-storage-ios/tcm-storage-ios/build/Build/Products/Debug-iphonesimulator/PackageFrameworks (framework directory)
2026-04-22T16:43:53.2476520Z  /Users/runner/work/tcm-storage-ios/tcm-storage-ios/build/Build/Products/Debug-iphonesimulator (framework directory)
2026-04-22T16:43:53.2477020Z  /Applications/Xcode_26.2.app/Contents/Developer/Platforms/iPhoneSimulator.platform/Developer/Library/Frameworks (framework directory)
2026-04-22T16:43:53.2477580Z  /Applications/Xcode_26.2.app/Contents/Developer/Platforms/iPhoneSimulator.platform/Developer/SDKs/iPhoneSimulator26.2.sdk/Developer/Library/Frameworks (framework directory)
2026-04-22T16:43:53.2477840Z  /Applications/Xcode_26.2.app/Contents/Developer/Toolchains/XcodeDefault.xctoolchain/usr/lib/clang/17/include
2026-04-22T16:43:53.2478170Z  /Applications/Xcode_26.2.app/Contents/Developer/Platforms/iPhoneSimulator.platform/Developer/SDKs/iPhoneSimulator26.2.sdk/usr/include
2026-04-22T16:43:53.2478410Z  /Applications/Xcode_26.2.app/Contents/Developer/Toolchains/XcodeDefault.xctoolchain/usr/include
2026-04-22T16:43:53.2478870Z  /Applications/Xcode_26.2.app/Contents/Developer/Platforms/iPhoneSimulator.platform/Developer/SDKs/iPhoneSimulator26.2.sdk/System/Library/Frameworks (framework directory)
2026-04-22T16:43:53.2479320Z  /Applications/Xcode_26.2.app/Contents/Developer/Platforms/iPhoneSimulator.platform/Developer/SDKs/iPhoneSimulator26.2.sdk/System/Library/SubFrameworks (framework directory)
2026-04-22T16:43:53.2479370Z End of search list.
2026-04-22T16:43:53.2479550Z clang -cc1 version 17.0.0 (clang-1700.6.3.2) default target arm64-apple-darwin24.6.0
2026-04-22T16:43:53.2479900Z ignoring nonexistent directory "/Users/runner/work/tcm-storage-ios/tcm-storage-ios/build/Build/Products/Debug-iphonesimulator/include"
2026-04-22T16:43:53.2480490Z ignoring nonexistent directory "/Users/runner/work/tcm-storage-ios/tcm-storage-ios/build/Build/Intermediates.noindex/Nextcloud.build/Debug-iphonesimulator/Notification Service Extension.build/DerivedSources-normal/arm64"
2026-04-22T16:43:53.2481090Z ignoring nonexistent directory "/Users/runner/work/tcm-storage-ios/tcm-storage-ios/build/Build/Intermediates.noindex/Nextcloud.build/Debug-iphonesimulator/Notification Service Extension.build/DerivedSources/arm64"
2026-04-22T16:43:53.2481540Z ignoring nonexistent directory "/Applications/Xcode_26.2.app/Contents/Developer/Platforms/iPhoneSimulator.platform/Developer/SDKs/iPhoneSimulator26.2.sdk/usr/local/include"
2026-04-22T16:43:53.2481980Z ignoring nonexistent directory "/Applications/Xcode_26.2.app/Contents/Developer/Platforms/iPhoneSimulator.platform/Developer/SDKs/iPhoneSimulator26.2.sdk/Library/Frameworks"
2026-04-22T16:43:53.2482350Z ignoring duplicate directory "/Users/runner/work/tcm-storage-ios/tcm-storage-ios/build/Build/Products/Debug-iphonesimulator/PackageFrameworks"
2026-04-22T16:43:53.2482720Z ignoring duplicate directory "/Users/runner/work/tcm-storage-ios/tcm-storage-ios/build/Build/Products/Debug-iphonesimulator/PackageFrameworks"
2026-04-22T16:43:53.2483070Z ignoring duplicate directory "/Users/runner/work/tcm-storage-ios/tcm-storage-ios/build/Build/Products/Debug-iphonesimulator/PackageFrameworks"
2026-04-22T16:43:53.2483410Z ignoring duplicate directory "/Users/runner/work/tcm-storage-ios/tcm-storage-ios/build/Build/Products/Debug-iphonesimulator/PackageFrameworks"
2026-04-22T16:43:53.2483740Z ignoring duplicate directory "/Users/runner/work/tcm-storage-ios/tcm-storage-ios/build/Build/Products/Debug-iphonesimulator/PackageFrameworks"
2026-04-22T16:43:53.2484080Z ignoring duplicate directory "/Users/runner/work/tcm-storage-ios/tcm-storage-ios/build/Build/Products/Debug-iphonesimulator/PackageFrameworks"
2026-04-22T16:43:53.2484420Z ignoring duplicate directory "/Users/runner/work/tcm-storage-ios/tcm-storage-ios/build/Build/Products/Debug-iphonesimulator/PackageFrameworks"
2026-04-22T16:43:53.2485220Z ignoring duplicate directory "/Users/runner/work/tcm-storage-ios/tcm-storage-ios/build/Build/Products/Debug-iphonesimulator/PackageFrameworks"
2026-04-22T16:43:53.2485770Z ignoring duplicate directory "/Users/runner/work/tcm-storage-ios/tcm-storage-ios/build/Build/Products/Debug-iphonesimulator/PackageFrameworks"
2026-04-22T16:43:53.2486180Z ignoring duplicate directory "/Users/runner/work/tcm-storage-ios/tcm-storage-ios/build/Build/Products/Debug-iphonesimulator/PackageFrameworks"
2026-04-22T16:43:53.2486560Z ignoring duplicate directory "/Users/runner/work/tcm-storage-ios/tcm-storage-ios/build/Build/Products/Debug-iphonesimulator/PackageFrameworks"
2026-04-22T16:43:53.2486940Z ignoring duplicate directory "/Users/runner/work/tcm-storage-ios/tcm-storage-ios/build/Build/Products/Debug-iphonesimulator/PackageFrameworks"
2026-04-22T16:43:53.2487290Z ignoring duplicate directory "/Users/runner/work/tcm-storage-ios/tcm-storage-ios/build/Build/Products/Debug-iphonesimulator/PackageFrameworks"
2026-04-22T16:43:53.2487660Z ignoring duplicate directory "/Users/runner/work/tcm-storage-ios/tcm-storage-ios/build/Build/Products/Debug-iphonesimulator/PackageFrameworks"
2026-04-22T16:43:53.2488020Z ignoring duplicate directory "/Users/runner/work/tcm-storage-ios/tcm-storage-ios/build/Build/Products/Debug-iphonesimulator/PackageFrameworks"
2026-04-22T16:43:53.2488370Z ignoring duplicate directory "/Users/runner/work/tcm-storage-ios/tcm-storage-ios/build/Build/Products/Debug-iphonesimulator/PackageFrameworks"
2026-04-22T16:43:53.2488720Z ignoring duplicate directory "/Users/runner/work/tcm-storage-ios/tcm-storage-ios/build/Build/Products/Debug-iphonesimulator/PackageFrameworks"
2026-04-22T16:43:53.2489070Z ignoring duplicate directory "/Users/runner/work/tcm-storage-ios/tcm-storage-ios/build/Build/Products/Debug-iphonesimulator/PackageFrameworks"
2026-04-22T16:43:53.2489440Z ignoring duplicate directory "/Users/runner/work/tcm-storage-ios/tcm-storage-ios/build/Build/Products/Debug-iphonesimulator/PackageFrameworks"
2026-04-22T16:43:53.2489790Z ignoring duplicate directory "/Users/runner/work/tcm-storage-ios/tcm-storage-ios/build/Build/Products/Debug-iphonesimulator/PackageFrameworks"
2026-04-22T16:43:53.2490130Z ignoring duplicate directory "/Users/runner/work/tcm-storage-ios/tcm-storage-ios/build/Build/Products/Debug-iphonesimulator/PackageFrameworks"
2026-04-22T16:43:53.2490480Z ignoring duplicate directory "/Users/runner/work/tcm-storage-ios/tcm-storage-ios/build/Build/Products/Debug-iphonesimulator/PackageFrameworks"
2026-04-22T16:43:53.2490820Z ignoring duplicate directory "/Users/runner/work/tcm-storage-ios/tcm-storage-ios/build/Build/Products/Debug-iphonesimulator/PackageFrameworks"
2026-04-22T16:43:53.2491160Z ignoring duplicate directory "/Users/runner/work/tcm-storage-ios/tcm-storage-ios/build/Build/Products/Debug-iphonesimulator/PackageFrameworks"
2026-04-22T16:43:53.2491510Z ignoring duplicate directory "/Users/runner/work/tcm-storage-ios/tcm-storage-ios/build/Build/Products/Debug-iphonesimulator/PackageFrameworks"
2026-04-22T16:43:53.2491860Z ignoring duplicate directory "/Users/runner/work/tcm-storage-ios/tcm-storage-ios/build/Build/Products/Debug-iphonesimulator/PackageFrameworks"
2026-04-22T16:43:53.2492220Z ignoring duplicate directory "/Users/runner/work/tcm-storage-ios/tcm-storage-ios/build/Build/Products/Debug-iphonesimulator/PackageFrameworks"
2026-04-22T16:43:53.2492570Z ignoring duplicate directory "/Users/runner/work/tcm-storage-ios/tcm-storage-ios/build/Build/Products/Debug-iphonesimulator/PackageFrameworks"
2026-04-22T16:43:53.2492930Z ignoring duplicate directory "/Users/runner/work/tcm-storage-ios/tcm-storage-ios/build/Build/Products/Debug-iphonesimulator/PackageFrameworks"
2026-04-22T16:43:53.2493280Z ignoring duplicate directory "/Users/runner/work/tcm-storage-ios/tcm-storage-ios/build/Build/Products/Debug-iphonesimulator/PackageFrameworks"
2026-04-22T16:43:53.2493640Z ignoring duplicate directory "/Users/runner/work/tcm-storage-ios/tcm-storage-ios/build/Build/Products/Debug-iphonesimulator/PackageFrameworks"
2026-04-22T16:43:53.2494090Z ignoring duplicate directory "/Users/runner/work/tcm-storage-ios/tcm-storage-ios/build/Build/Products/Debug-iphonesimulator/PackageFrameworks"
2026-04-22T16:43:53.2494500Z ignoring duplicate directory "/Users/runner/work/tcm-storage-ios/tcm-storage-ios/build/Build/Products/Debug-iphonesimulator/PackageFrameworks"
2026-04-22T16:43:53.2494840Z ignoring duplicate directory "/Users/runner/work/tcm-storage-ios/tcm-storage-ios/build/Build/Products/Debug-iphonesimulator/PackageFrameworks"
2026-04-22T16:43:53.2494910Z #include "..." search starts here:
2026-04-22T16:43:53.2495500Z  /Users/runner/work/tcm-storage-ios/tcm-storage-ios/build/Build/Intermediates.noindex/Nextcloud.build/Debug-iphonesimulator/Notification Service Extension.build/Notification Service Extension-generated-files.hmap (headermap)
2026-04-22T16:43:53.2496090Z  /Users/runner/work/tcm-storage-ios/tcm-storage-ios/build/Build/Intermediates.noindex/Nextcloud.build/Debug-iphonesimulator/Notification Service Extension.build/Notification Service Extension-project-headers.hmap (headermap)
2026-04-22T16:43:53.2496150Z #include <...> search starts here:
2026-04-22T16:43:53.2496760Z  /Users/runner/work/tcm-storage-ios/tcm-storage-ios/build/Build/Intermediates.noindex/Nextcloud.build/Debug-iphonesimulator/Notification Service Extension.build/Notification Service Extension-own-target-headers.hmap (headermap)
2026-04-22T16:43:53.2497410Z  /Users/runner/work/tcm-storage-ios/tcm-storage-ios/build/Build/Intermediates.noindex/Nextcloud.build/Debug-iphonesimulator/Notification Service Extension.build/Notification Service Extension-all-non-framework-target-headers.hmap (headermap)
2026-04-22T16:43:53.2497720Z  /Users/runner/work/tcm-storage-ios/tcm-storage-ios/build/SourcePackages/checkouts/swift-atomics/Sources/_AtomicsShims/include
2026-04-22T16:43:53.2498010Z  /Users/runner/work/tcm-storage-ios/tcm-storage-ios/build/SourcePackages/checkouts/swift-nio/Sources/CNIOPosix/include
2026-04-22T16:43:53.2498290Z  /Users/runner/work/tcm-storage-ios/tcm-storage-ios/build/SourcePackages/checkouts/swift-nio/Sources/CNIOWASI/include
2026-04-22T16:43:53.2498580Z  /Users/runner/work/tcm-storage-ios/tcm-storage-ios/build/SourcePackages/checkouts/swift-nio/Sources/CNIOWindows/include
2026-04-22T16:43:53.2498870Z  /Users/runner/work/tcm-storage-ios/tcm-storage-ios/build/SourcePackages/checkouts/swift-nio/Sources/CNIOLinux/include
2026-04-22T16:43:53.2499150Z  /Users/runner/work/tcm-storage-ios/tcm-storage-ios/build/SourcePackages/checkouts/swift-nio/Sources/CNIODarwin/include
2026-04-22T16:43:53.2499440Z  /Users/runner/work/tcm-storage-ios/tcm-storage-ios/build/SourcePackages/checkouts/swift-nio/Sources/CNIOOpenBSD/include
2026-04-22T16:43:53.2499750Z  /Users/runner/work/tcm-storage-ios/tcm-storage-ios/build/SourcePackages/checkouts/swift-nio/Sources/CNIOAtomics/include
2026-04-22T16:43:53.2500080Z  /Users/runner/work/tcm-storage-ios/tcm-storage-ios/build/SourcePackages/checkouts/swift-nio-ssl/Sources/CNIOBoringSSLShims/include
2026-04-22T16:43:53.2500400Z  /Users/runner/work/tcm-storage-ios/tcm-storage-ios/build/SourcePackages/checkouts/swift-nio-ssl/Sources/CNIOBoringSSL/include
2026-04-22T16:43:53.2500620Z  /Users/runner/work/tcm-storage-ios/tcm-storage-ios/build/SourcePackages/checkouts/realm-core/src
2026-04-22T16:43:53.2500890Z  /Users/runner/work/tcm-storage-ios/tcm-storage-ios/build/SourcePackages/checkouts/realm-core/src/external/s2
2026-04-22T16:43:53.2501250Z  /Users/runner/work/tcm-storage-ios/tcm-storage-ios/build/SourcePackages/checkouts/realm-core/src/external/IntelRDFPMathLib20U2/LIBRARY/src
2026-04-22T16:43:53.2501480Z  /Users/runner/work/tcm-storage-ios/tcm-storage-ios/build/SourcePackages/checkouts/realm-core/src/spm
2026-04-22T16:43:53.2501710Z  /Users/runner/work/tcm-storage-ios/tcm-storage-ios/build/SourcePackages/checkouts/realm-swift/include
2026-04-22T16:43:53.2502160Z  /Users/runner/work/tcm-storage-ios/tcm-storage-ios/build/Build/Intermediates.noindex/Nextcloud.build/Debug-iphonesimulator/Notification Service Extension.build/DerivedSources
2026-04-22T16:43:53.2502860Z  /Users/runner/work/tcm-storage-ios/tcm-storage-ios/build/Build/Products/Debug-iphonesimulator/PackageFrameworks (framework directory)
2026-04-22T16:43:53.2503230Z  /Users/runner/work/tcm-storage-ios/tcm-storage-ios/build/Build/Products/Debug-iphonesimulator (framework directory)
2026-04-22T16:43:53.2503560Z  /Applications/Xcode_26.2.app/Contents/Developer/Platforms/iPhoneSimulator.platform/Developer/Library/Frameworks (framework directory)
2026-04-22T16:43:53.2504000Z  /Applications/Xcode_26.2.app/Contents/Developer/Platforms/iPhoneSimulator.platform/Developer/SDKs/iPhoneSimulator26.2.sdk/Developer/Library/Frameworks (framework directory)
2026-04-22T16:43:53.2504240Z  /Applications/Xcode_26.2.app/Contents/Developer/Toolchains/XcodeDefault.xctoolchain/usr/lib/clang/17/include
2026-04-22T16:43:53.2504570Z  /Applications/Xcode_26.2.app/Contents/Developer/Platforms/iPhoneSimulator.platform/Developer/SDKs/iPhoneSimulator26.2.sdk/usr/include
2026-04-22T16:43:53.2504790Z  /Applications/Xcode_26.2.app/Contents/Developer/Toolchains/XcodeDefault.xctoolchain/usr/include
2026-04-22T16:43:53.2505220Z  /Applications/Xcode_26.2.app/Contents/Developer/Platforms/iPhoneSimulator.platform/Developer/SDKs/iPhoneSimulator26.2.sdk/System/Library/Frameworks (framework directory)
2026-04-22T16:43:53.2505650Z  /Applications/Xcode_26.2.app/Contents/Developer/Platforms/iPhoneSimulator.platform/Developer/SDKs/iPhoneSimulator26.2.sdk/System/Library/SubFrameworks (framework directory)
2026-04-22T16:43:53.2505710Z End of search list.
2026-04-22T16:43:53.2505870Z clang -cc1 version 17.0.0 (clang-1700.6.3.2) default target arm64-apple-darwin24.6.0
2026-04-22T16:43:53.2506180Z ignoring nonexistent directory "/Users/runner/work/tcm-storage-ios/tcm-storage-ios/build/Build/Products/Debug-iphonesimulator/include"
2026-04-22T16:43:53.2506750Z ignoring nonexistent directory "/Users/runner/work/tcm-storage-ios/tcm-storage-ios/build/Build/Intermediates.noindex/Nextcloud.build/Debug-iphonesimulator/Notification Service Extension.build/DerivedSources-normal/arm64"
2026-04-22T16:43:53.2507310Z ignoring nonexistent directory "/Users/runner/work/tcm-storage-ios/tcm-storage-ios/build/Build/Intermediates.noindex/Nextcloud.build/Debug-iphonesimulator/Notification Service Extension.build/DerivedSources/arm64"
2026-04-22T16:43:53.2507950Z ignoring nonexistent directory "/Applications/Xcode_26.2.app/Contents/Developer/Platforms/iPhoneSimulator.platform/Developer/SDKs/iPhoneSimulator26.2.sdk/usr/local/include"
2026-04-22T16:43:53.2508390Z ignoring nonexistent directory "/Applications/Xcode_26.2.app/Contents/Developer/Platforms/iPhoneSimulator.platform/Developer/SDKs/iPhoneSimulator26.2.sdk/Library/Frameworks"
2026-04-22T16:43:53.2508730Z ignoring duplicate directory "/Users/runner/work/tcm-storage-ios/tcm-storage-ios/build/Build/Products/Debug-iphonesimulator/PackageFrameworks"
2026-04-22T16:43:53.2509080Z ignoring duplicate directory "/Users/runner/work/tcm-storage-ios/tcm-storage-ios/build/Build/Products/Debug-iphonesimulator/PackageFrameworks"
2026-04-22T16:43:53.2509420Z ignoring duplicate directory "/Users/runner/work/tcm-storage-ios/tcm-storage-ios/build/Build/Products/Debug-iphonesimulator/PackageFrameworks"
2026-04-22T16:43:53.2509760Z ignoring duplicate directory "/Users/runner/work/tcm-storage-ios/tcm-storage-ios/build/Build/Products/Debug-iphonesimulator/PackageFrameworks"
2026-04-22T16:43:53.2510100Z ignoring duplicate directory "/Users/runner/work/tcm-storage-ios/tcm-storage-ios/build/Build/Products/Debug-iphonesimulator/PackageFrameworks"
2026-04-22T16:43:53.2510440Z ignoring duplicate directory "/Users/runner/work/tcm-storage-ios/tcm-storage-ios/build/Build/Products/Debug-iphonesimulator/PackageFrameworks"
2026-04-22T16:43:53.2510790Z ignoring duplicate directory "/Users/runner/work/tcm-storage-ios/tcm-storage-ios/build/Build/Products/Debug-iphonesimulator/PackageFrameworks"
2026-04-22T16:43:53.2511120Z ignoring duplicate directory "/Users/runner/work/tcm-storage-ios/tcm-storage-ios/build/Build/Products/Debug-iphonesimulator/PackageFrameworks"
2026-04-22T16:43:53.2511580Z ignoring duplicate directory "/Users/runner/work/tcm-storage-ios/tcm-storage-ios/build/Build/Products/Debug-iphonesimulator/PackageFrameworks"
2026-04-22T16:43:53.2511980Z ignoring duplicate directory "/Users/runner/work/tcm-storage-ios/tcm-storage-ios/build/Build/Products/Debug-iphonesimulator/PackageFrameworks"
2026-04-22T16:43:53.2512320Z ignoring duplicate directory "/Users/runner/work/tcm-storage-ios/tcm-storage-ios/build/Build/Products/Debug-iphonesimulator/PackageFrameworks"
2026-04-22T16:43:53.2512990Z ignoring duplicate directory "/Users/runner/work/tcm-storage-ios/tcm-storage-ios/build/Build/Products/Debug-iphonesimulator/PackageFrameworks"
2026-04-22T16:43:53.2513330Z ignoring duplicate directory "/Users/runner/work/tcm-storage-ios/tcm-storage-ios/build/Build/Products/Debug-iphonesimulator/PackageFrameworks"
2026-04-22T16:43:53.2513660Z ignoring duplicate directory "/Users/runner/work/tcm-storage-ios/tcm-storage-ios/build/Build/Products/Debug-iphonesimulator/PackageFrameworks"
2026-04-22T16:43:53.2514000Z ignoring duplicate directory "/Users/runner/work/tcm-storage-ios/tcm-storage-ios/build/Build/Products/Debug-iphonesimulator/PackageFrameworks"
2026-04-22T16:43:53.2514330Z ignoring duplicate directory "/Users/runner/work/tcm-storage-ios/tcm-storage-ios/build/Build/Products/Debug-iphonesimulator/PackageFrameworks"
2026-04-22T16:43:53.2514670Z ignoring duplicate directory "/Users/runner/work/tcm-storage-ios/tcm-storage-ios/build/Build/Products/Debug-iphonesimulator/PackageFrameworks"
2026-04-22T16:43:53.2515030Z ignoring duplicate directory "/Users/runner/work/tcm-storage-ios/tcm-storage-ios/build/Build/Products/Debug-iphonesimulator/PackageFrameworks"
2026-04-22T16:43:53.2515390Z ignoring duplicate directory "/Users/runner/work/tcm-storage-ios/tcm-storage-ios/build/Build/Products/Debug-iphonesimulator/PackageFrameworks"
2026-04-22T16:43:53.2515720Z ignoring duplicate directory "/Users/runner/work/tcm-storage-ios/tcm-storage-ios/build/Build/Products/Debug-iphonesimulator/PackageFrameworks"
2026-04-22T16:43:53.2522770Z ignoring duplicate directory "/Users/runner/work/tcm-storage-ios/tcm-storage-ios/build/Build/Products/Debug-iphonesimulator/PackageFrameworks"
2026-04-22T16:43:53.2523820Z ignoring duplicate directory "/Users/runner/work/tcm-storage-ios/tcm-storage-ios/build/Build/Products/Debug-iphonesimulator/PackageFrameworks"
2026-04-22T16:43:53.2524790Z ignoring duplicate directory "/Users/runner/work/tcm-storage-ios/tcm-storage-ios/build/Build/Products/Debug-iphonesimulator/PackageFrameworks"
2026-04-22T16:43:53.2525770Z ignoring duplicate directory "/Users/runner/work/tcm-storage-ios/tcm-storage-ios/build/Build/Products/Debug-iphonesimulator/PackageFrameworks"
2026-04-22T16:43:53.2526750Z ignoring duplicate directory "/Users/runner/work/tcm-storage-ios/tcm-storage-ios/build/Build/Products/Debug-iphonesimulator/PackageFrameworks"
2026-04-22T16:43:53.2527690Z ignoring duplicate directory "/Users/runner/work/tcm-storage-ios/tcm-storage-ios/build/Build/Products/Debug-iphonesimulator/PackageFrameworks"
2026-04-22T16:43:53.2528660Z ignoring duplicate directory "/Users/runner/work/tcm-storage-ios/tcm-storage-ios/build/Build/Products/Debug-iphonesimulator/PackageFrameworks"
2026-04-22T16:43:53.2529610Z ignoring duplicate directory "/Users/runner/work/tcm-storage-ios/tcm-storage-ios/build/Build/Products/Debug-iphonesimulator/PackageFrameworks"
2026-04-22T16:43:53.2530570Z ignoring duplicate directory "/Users/runner/work/tcm-storage-ios/tcm-storage-ios/build/Build/Products/Debug-iphonesimulator/PackageFrameworks"
2026-04-22T16:43:53.2531530Z ignoring duplicate directory "/Users/runner/work/tcm-storage-ios/tcm-storage-ios/build/Build/Products/Debug-iphonesimulator/PackageFrameworks"
2026-04-22T16:43:53.2532470Z ignoring duplicate directory "/Users/runner/work/tcm-storage-ios/tcm-storage-ios/build/Build/Products/Debug-iphonesimulator/PackageFrameworks"
2026-04-22T16:43:53.2533420Z ignoring duplicate directory "/Users/runner/work/tcm-storage-ios/tcm-storage-ios/build/Build/Products/Debug-iphonesimulator/PackageFrameworks"
2026-04-22T16:43:53.2535330Z ignoring duplicate directory "/Users/runner/work/tcm-storage-ios/tcm-storage-ios/build/Build/Products/Debug-iphonesimulator/PackageFrameworks"
2026-04-22T16:43:53.2536500Z ignoring duplicate directory "/Users/runner/work/tcm-storage-ios/tcm-storage-ios/build/Build/Products/Debug-iphonesimulator/PackageFrameworks"
2026-04-22T16:43:53.2536690Z #include "..." search starts here:
2026-04-22T16:43:53.2538320Z  /Users/runner/work/tcm-storage-ios/tcm-storage-ios/build/Build/Intermediates.noindex/Nextcloud.build/Debug-iphonesimulator/Notification Service Extension.build/Notification Service Extension-generated-files.hmap (headermap)
2026-04-22T16:43:53.2540000Z  /Users/runner/work/tcm-storage-ios/tcm-storage-ios/build/Build/Intermediates.noindex/Nextcloud.build/Debug-iphonesimulator/Notification Service Extension.build/Notification Service Extension-project-headers.hmap (headermap)
2026-04-22T16:43:53.2540190Z #include <...> search starts here:
2026-04-22T16:43:53.2541840Z  /Users/runner/work/tcm-storage-ios/tcm-storage-ios/build/Build/Intermediates.noindex/Nextcloud.build/Debug-iphonesimulator/Notification Service Extension.build/Notification Service Extension-own-target-headers.hmap (headermap)
2026-04-22T16:43:53.2543650Z  /Users/runner/work/tcm-storage-ios/tcm-storage-ios/build/Build/Intermediates.noindex/Nextcloud.build/Debug-iphonesimulator/Notification Service Extension.build/Notification Service Extension-all-non-framework-target-headers.hmap (headermap)
2026-04-22T16:43:53.2546590Z  /Users/runner/work/tcm-storage-ios/tcm-storage-ios/build/SourcePackages/checkouts/swift-atomics/Sources/_AtomicsShims/include
2026-04-22T16:43:53.2547410Z  /Users/runner/work/tcm-storage-ios/tcm-storage-ios/build/SourcePackages/checkouts/swift-nio/Sources/CNIOPosix/include
2026-04-22T16:43:53.2548150Z  /Users/runner/work/tcm-storage-ios/tcm-storage-ios/build/SourcePackages/checkouts/swift-nio/Sources/CNIOWASI/include
2026-04-22T16:43:53.2548930Z  /Users/runner/work/tcm-storage-ios/tcm-storage-ios/build/SourcePackages/checkouts/swift-nio/Sources/CNIOWindows/include
2026-04-22T16:43:53.2549670Z  /Users/runner/work/tcm-storage-ios/tcm-storage-ios/build/SourcePackages/checkouts/swift-nio/Sources/CNIOLinux/include
2026-04-22T16:43:53.2550910Z  /Users/runner/work/tcm-storage-ios/tcm-storage-ios/build/SourcePackages/checkouts/swift-nio/Sources/CNIODarwin/include
2026-04-22T16:43:53.2554940Z  /Users/runner/work/tcm-storage-ios/tcm-storage-ios/build/SourcePackages/checkouts/swift-nio/Sources/CNIOOpenBSD/include
2026-04-22T16:43:53.2573930Z  /Users/runner/work/tcm-storage-ios/tcm-storage-ios/build/SourcePackages/checkouts/swift-nio/Sources/CNIOAtomics/include
2026-04-22T16:43:53.2575930Z  /Users/runner/work/tcm-storage-ios/tcm-storage-ios/build/SourcePackages/checkouts/swift-nio-ssl/Sources/CNIOBoringSSLShims/include
2026-04-22T16:43:53.2581480Z  /Users/runner/work/tcm-storage-ios/tcm-storage-ios/build/SourcePackages/checkouts/swift-nio-ssl/Sources/CNIOBoringSSL/include
2026-04-22T16:43:53.2582130Z  /Users/runner/work/tcm-storage-ios/tcm-storage-ios/build/SourcePackages/checkouts/realm-core/src
2026-04-22T16:43:53.2582730Z  /Users/runner/work/tcm-storage-ios/tcm-storage-ios/build/SourcePackages/checkouts/realm-core/src/external/s2
2026-04-22T16:43:53.2583400Z  /Users/runner/work/tcm-storage-ios/tcm-storage-ios/build/SourcePackages/checkouts/realm-core/src/external/IntelRDFPMathLib20U2/LIBRARY/src
2026-04-22T16:43:53.2584040Z  /Users/runner/work/tcm-storage-ios/tcm-storage-ios/build/SourcePackages/checkouts/realm-core/src/spm
2026-04-22T16:43:53.2584870Z  /Users/runner/work/tcm-storage-ios/tcm-storage-ios/build/SourcePackages/checkouts/realm-swift/include
2026-04-22T16:43:53.2585840Z  /Users/runner/work/tcm-storage-ios/tcm-storage-ios/build/Build/Intermediates.noindex/Nextcloud.build/Debug-iphonesimulator/Notification Service Extension.build/DerivedSources
2026-04-22T16:43:53.2586710Z  /Users/runner/work/tcm-storage-ios/tcm-storage-ios/build/Build/Products/Debug-iphonesimulator/PackageFrameworks (framework directory)
2026-04-22T16:43:53.2587770Z  /Users/runner/work/tcm-storage-ios/tcm-storage-ios/build/Build/Products/Debug-iphonesimulator (framework directory)
2026-04-22T16:43:53.2588600Z  /Applications/Xcode_26.2.app/Contents/Developer/Platforms/iPhoneSimulator.platform/Developer/Library/Frameworks (framework directory)
2026-04-22T16:43:53.2589470Z  /Applications/Xcode_26.2.app/Contents/Developer/Platforms/iPhoneSimulator.platform/Developer/SDKs/iPhoneSimulator26.2.sdk/Developer/Library/Frameworks (framework directory)
2026-04-22T16:43:53.2590280Z  /Applications/Xcode_26.2.app/Contents/Developer/Toolchains/XcodeDefault.xctoolchain/usr/lib/clang/17/include
2026-04-22T16:43:53.2590940Z  /Applications/Xcode_26.2.app/Contents/Developer/Platforms/iPhoneSimulator.platform/Developer/SDKs/iPhoneSimulator26.2.sdk/usr/include
2026-04-22T16:43:53.2591570Z  /Applications/Xcode_26.2.app/Contents/Developer/Toolchains/XcodeDefault.xctoolchain/usr/include
2026-04-22T16:43:53.2592310Z  /Applications/Xcode_26.2.app/Contents/Developer/Platforms/iPhoneSimulator.platform/Developer/SDKs/iPhoneSimulator26.2.sdk/System/Library/Frameworks (framework directory)
2026-04-22T16:43:53.2593280Z  /Applications/Xcode_26.2.app/Contents/Developer/Platforms/iPhoneSimulator.platform/Developer/SDKs/iPhoneSimulator26.2.sdk/System/Library/SubFrameworks (framework directory)
2026-04-22T16:43:53.2593840Z End of search list.
2026-04-22T16:43:53.2594180Z clang -cc1 version 17.0.0 (clang-1700.6.3.2) default target arm64-apple-darwin24.6.0
2026-04-22T16:43:53.2594770Z ignoring nonexistent directory "/Users/runner/work/tcm-storage-ios/tcm-storage-ios/build/Build/Products/Debug-iphonesimulator/include"
2026-04-22T16:43:53.2595750Z ignoring nonexistent directory "/Users/runner/work/tcm-storage-ios/tcm-storage-ios/build/Build/Intermediates.noindex/Nextcloud.build/Debug-iphonesimulator/Notification Service Extension.build/DerivedSources-normal/arm64"
2026-04-22T16:43:53.2596970Z ignoring nonexistent directory "/Users/runner/work/tcm-storage-ios/tcm-storage-ios/build/Build/Intermediates.noindex/Nextcloud.build/Debug-iphonesimulator/Notification Service Extension.build/DerivedSources/arm64"
2026-04-22T16:43:53.2598040Z ignoring nonexistent directory "/Applications/Xcode_26.2.app/Contents/Developer/Platforms/iPhoneSimulator.platform/Developer/SDKs/iPhoneSimulator26.2.sdk/usr/local/include"
2026-04-22T16:43:53.2599160Z ignoring nonexistent directory "/Applications/Xcode_26.2.app/Contents/Developer/Platforms/iPhoneSimulator.platform/Developer/SDKs/iPhoneSimulator26.2.sdk/Library/Frameworks"
2026-04-22T16:43:53.2600030Z ignoring duplicate directory "/Users/runner/work/tcm-storage-ios/tcm-storage-ios/build/Build/Products/Debug-iphonesimulator/PackageFrameworks"
2026-04-22T16:43:53.2600830Z ignoring duplicate directory "/Users/runner/work/tcm-storage-ios/tcm-storage-ios/build/Build/Products/Debug-iphonesimulator/PackageFrameworks"
2026-04-22T16:43:53.2601620Z ignoring duplicate directory "/Users/runner/work/tcm-storage-ios/tcm-storage-ios/build/Build/Products/Debug-iphonesimulator/PackageFrameworks"
2026-04-22T16:43:53.2602390Z ignoring duplicate directory "/Users/runner/work/tcm-storage-ios/tcm-storage-ios/build/Build/Products/Debug-iphonesimulator/PackageFrameworks"
2026-04-22T16:43:53.2603150Z ignoring duplicate directory "/Users/runner/work/tcm-storage-ios/tcm-storage-ios/build/Build/Products/Debug-iphonesimulator/PackageFrameworks"
2026-04-22T16:43:53.2603910Z ignoring duplicate directory "/Users/runner/work/tcm-storage-ios/tcm-storage-ios/build/Build/Products/Debug-iphonesimulator/PackageFrameworks"
2026-04-22T16:43:53.2604660Z ignoring duplicate directory "/Users/runner/work/tcm-storage-ios/tcm-storage-ios/build/Build/Products/Debug-iphonesimulator/PackageFrameworks"
2026-04-22T16:43:53.2605410Z ignoring duplicate directory "/Users/runner/work/tcm-storage-ios/tcm-storage-ios/build/Build/Products/Debug-iphonesimulator/PackageFrameworks"
2026-04-22T16:43:53.2606160Z ignoring duplicate directory "/Users/runner/work/tcm-storage-ios/tcm-storage-ios/build/Build/Products/Debug-iphonesimulator/PackageFrameworks"
2026-04-22T16:43:53.2607250Z ignoring duplicate directory "/Users/runner/work/tcm-storage-ios/tcm-storage-ios/build/Build/Products/Debug-iphonesimulator/PackageFrameworks"
2026-04-22T16:43:53.2608150Z ignoring duplicate directory "/Users/runner/work/tcm-storage-ios/tcm-storage-ios/build/Build/Products/Debug-iphonesimulator/PackageFrameworks"
2026-04-22T16:43:53.2608900Z ignoring duplicate directory "/Users/runner/work/tcm-storage-ios/tcm-storage-ios/build/Build/Products/Debug-iphonesimulator/PackageFrameworks"
2026-04-22T16:43:53.2609660Z ignoring duplicate directory "/Users/runner/work/tcm-storage-ios/tcm-storage-ios/build/Build/Products/Debug-iphonesimulator/PackageFrameworks"
2026-04-22T16:43:53.2610400Z ignoring duplicate directory "/Users/runner/work/tcm-storage-ios/tcm-storage-ios/build/Build/Products/Debug-iphonesimulator/PackageFrameworks"
2026-04-22T16:43:53.2611170Z ignoring duplicate directory "/Users/runner/work/tcm-storage-ios/tcm-storage-ios/build/Build/Products/Debug-iphonesimulator/PackageFrameworks"
2026-04-22T16:43:53.2611930Z ignoring duplicate directory "/Users/runner/work/tcm-storage-ios/tcm-storage-ios/build/Build/Products/Debug-iphonesimulator/PackageFrameworks"
2026-04-22T16:43:53.2612670Z ignoring duplicate directory "/Users/runner/work/tcm-storage-ios/tcm-storage-ios/build/Build/Products/Debug-iphonesimulator/PackageFrameworks"
2026-04-22T16:43:53.2613420Z ignoring duplicate directory "/Users/runner/work/tcm-storage-ios/tcm-storage-ios/build/Build/Products/Debug-iphonesimulator/PackageFrameworks"
2026-04-22T16:43:53.2614160Z ignoring duplicate directory "/Users/runner/work/tcm-storage-ios/tcm-storage-ios/build/Build/Products/Debug-iphonesimulator/PackageFrameworks"
2026-04-22T16:43:53.2614920Z ignoring duplicate directory "/Users/runner/work/tcm-storage-ios/tcm-storage-ios/build/Build/Products/Debug-iphonesimulator/PackageFrameworks"
2026-04-22T16:43:53.2615670Z ignoring duplicate directory "/Users/runner/work/tcm-storage-ios/tcm-storage-ios/build/Build/Products/Debug-iphonesimulator/PackageFrameworks"
2026-04-22T16:43:53.2616410Z ignoring duplicate directory "/Users/runner/work/tcm-storage-ios/tcm-storage-ios/build/Build/Products/Debug-iphonesimulator/PackageFrameworks"
2026-04-22T16:43:53.2617190Z ignoring duplicate directory "/Users/runner/work/tcm-storage-ios/tcm-storage-ios/build/Build/Products/Debug-iphonesimulator/PackageFrameworks"
2026-04-22T16:43:53.2617930Z ignoring duplicate directory "/Users/runner/work/tcm-storage-ios/tcm-storage-ios/build/Build/Products/Debug-iphonesimulator/PackageFrameworks"
2026-04-22T16:43:53.2618700Z ignoring duplicate directory "/Users/runner/work/tcm-storage-ios/tcm-storage-ios/build/Build/Products/Debug-iphonesimulator/PackageFrameworks"
2026-04-22T16:43:53.2619430Z ignoring duplicate directory "/Users/runner/work/tcm-storage-ios/tcm-storage-ios/build/Build/Products/Debug-iphonesimulator/PackageFrameworks"
2026-04-22T16:43:53.2620180Z ignoring duplicate directory "/Users/runner/work/tcm-storage-ios/tcm-storage-ios/build/Build/Products/Debug-iphonesimulator/PackageFrameworks"
2026-04-22T16:43:53.2620930Z ignoring duplicate directory "/Users/runner/work/tcm-storage-ios/tcm-storage-ios/build/Build/Products/Debug-iphonesimulator/PackageFrameworks"
2026-04-22T16:43:53.2621820Z ignoring duplicate directory "/Users/runner/work/tcm-storage-ios/tcm-storage-ios/build/Build/Products/Debug-iphonesimulator/PackageFrameworks"
2026-04-22T16:43:53.2622550Z ignoring duplicate directory "/Users/runner/work/tcm-storage-ios/tcm-storage-ios/build/Build/Products/Debug-iphonesimulator/PackageFrameworks"
2026-04-22T16:43:53.2623280Z ignoring duplicate directory "/Users/runner/work/tcm-storage-ios/tcm-storage-ios/build/Build/Products/Debug-iphonesimulator/PackageFrameworks"
2026-04-22T16:43:53.2624020Z ignoring duplicate directory "/Users/runner/work/tcm-storage-ios/tcm-storage-ios/build/Build/Products/Debug-iphonesimulator/PackageFrameworks"
2026-04-22T16:43:53.2624750Z ignoring duplicate directory "/Users/runner/work/tcm-storage-ios/tcm-storage-ios/build/Build/Products/Debug-iphonesimulator/PackageFrameworks"
2026-04-22T16:43:53.2625920Z ignoring duplicate directory "/Users/runner/work/tcm-storage-ios/tcm-storage-ios/build/Build/Products/Debug-iphonesimulator/PackageFrameworks"
2026-04-22T16:43:53.2626430Z #include "..." search starts here:
2026-04-22T16:43:53.2627130Z  /Users/runner/work/tcm-storage-ios/tcm-storage-ios/build/Build/Intermediates.noindex/Nextcloud.build/Debug-iphonesimulator/Notification Service Extension.build/Notification Service Extension-generated-files.hmap (headermap)
2026-04-22T16:43:53.2628360Z  /Users/runner/work/tcm-storage-ios/tcm-storage-ios/build/Build/Intermediates.noindex/Nextcloud.build/Debug-iphonesimulator/Notification Service Extension.build/Notification Service Extension-project-headers.hmap (headermap)
2026-04-22T16:43:53.2629080Z #include <...> search starts here:
2026-04-22T16:43:53.2629780Z  /Users/runner/work/tcm-storage-ios/tcm-storage-ios/build/Build/Intermediates.noindex/Nextcloud.build/Debug-iphonesimulator/Notification Service Extension.build/Notification Service Extension-own-target-headers.hmap (headermap)
2026-04-22T16:43:53.2631330Z  /Users/runner/work/tcm-storage-ios/tcm-storage-ios/build/Build/Intermediates.noindex/Nextcloud.build/Debug-iphonesimulator/Notification Service Extension.build/Notification Service Extension-all-non-framework-target-headers.hmap (headermap)
2026-04-22T16:43:53.2632340Z  /Users/runner/work/tcm-storage-ios/tcm-storage-ios/build/SourcePackages/checkouts/swift-atomics/Sources/_AtomicsShims/include
2026-04-22T16:43:53.2632970Z  /Users/runner/work/tcm-storage-ios/tcm-storage-ios/build/SourcePackages/checkouts/swift-nio/Sources/CNIOPosix/include
2026-04-22T16:43:53.2633570Z  /Users/runner/work/tcm-storage-ios/tcm-storage-ios/build/SourcePackages/checkouts/swift-nio/Sources/CNIOWASI/include
2026-04-22T16:43:53.2634230Z  /Users/runner/work/tcm-storage-ios/tcm-storage-ios/build/SourcePackages/checkouts/swift-nio/Sources/CNIOWindows/include
2026-04-22T16:43:53.2634870Z  /Users/runner/work/tcm-storage-ios/tcm-storage-ios/build/SourcePackages/checkouts/swift-nio/Sources/CNIOLinux/include
2026-04-22T16:43:53.2635480Z  /Users/runner/work/tcm-storage-ios/tcm-storage-ios/build/SourcePackages/checkouts/swift-nio/Sources/CNIODarwin/include
2026-04-22T16:43:53.2636090Z  /Users/runner/work/tcm-storage-ios/tcm-storage-ios/build/SourcePackages/checkouts/swift-nio/Sources/CNIOOpenBSD/include
2026-04-22T16:43:53.2636700Z  /Users/runner/work/tcm-storage-ios/tcm-storage-ios/build/SourcePackages/checkouts/swift-nio/Sources/CNIOAtomics/include
2026-04-22T16:43:53.2637350Z  /Users/runner/work/tcm-storage-ios/tcm-storage-ios/build/SourcePackages/checkouts/swift-nio-ssl/Sources/CNIOBoringSSLShims/include
2026-04-22T16:43:53.2638020Z  /Users/runner/work/tcm-storage-ios/tcm-storage-ios/build/SourcePackages/checkouts/swift-nio-ssl/Sources/CNIOBoringSSL/include
2026-04-22T16:43:53.2638590Z  /Users/runner/work/tcm-storage-ios/tcm-storage-ios/build/SourcePackages/checkouts/realm-core/src
2026-04-22T16:43:53.2639120Z  /Users/runner/work/tcm-storage-ios/tcm-storage-ios/build/SourcePackages/checkouts/realm-core/src/external/s2
2026-04-22T16:43:53.2639760Z  /Users/runner/work/tcm-storage-ios/tcm-storage-ios/build/SourcePackages/checkouts/realm-core/src/external/IntelRDFPMathLib20U2/LIBRARY/src
2026-04-22T16:43:53.2640380Z  /Users/runner/work/tcm-storage-ios/tcm-storage-ios/build/SourcePackages/checkouts/realm-core/src/spm
2026-04-22T16:43:53.2640890Z  /Users/runner/work/tcm-storage-ios/tcm-storage-ios/build/SourcePackages/checkouts/realm-swift/include
2026-04-22T16:43:53.2641640Z  /Users/runner/work/tcm-storage-ios/tcm-storage-ios/build/Build/Intermediates.noindex/Nextcloud.build/Debug-iphonesimulator/Notification Service Extension.build/DerivedSources
2026-04-22T16:43:53.2642480Z  /Users/runner/work/tcm-storage-ios/tcm-storage-ios/build/Build/Products/Debug-iphonesimulator/PackageFrameworks (framework directory)
2026-04-22T16:43:53.2643140Z  /Users/runner/work/tcm-storage-ios/tcm-storage-ios/build/Build/Products/Debug-iphonesimulator (framework directory)
2026-04-22T16:43:53.2644070Z  /Applications/Xcode_26.2.app/Contents/Developer/Platforms/iPhoneSimulator.platform/Developer/Library/Frameworks (framework directory)
2026-04-22T16:43:53.2645100Z  /Applications/Xcode_26.2.app/Contents/Developer/Platforms/iPhoneSimulator.platform/Developer/SDKs/iPhoneSimulator26.2.sdk/Developer/Library/Frameworks (framework directory)
2026-04-22T16:43:53.2645880Z  /Applications/Xcode_26.2.app/Contents/Developer/Toolchains/XcodeDefault.xctoolchain/usr/lib/clang/17/include
2026-04-22T16:43:53.2646530Z  /Applications/Xcode_26.2.app/Contents/Developer/Platforms/iPhoneSimulator.platform/Developer/SDKs/iPhoneSimulator26.2.sdk/usr/include
2026-04-22T16:43:53.2647130Z  /Applications/Xcode_26.2.app/Contents/Developer/Toolchains/XcodeDefault.xctoolchain/usr/include
2026-04-22T16:43:53.2647840Z  /Applications/Xcode_26.2.app/Contents/Developer/Platforms/iPhoneSimulator.platform/Developer/SDKs/iPhoneSimulator26.2.sdk/System/Library/Frameworks (framework directory)
2026-04-22T16:43:53.2653650Z  /Applications/Xcode_26.2.app/Contents/Developer/Platforms/iPhoneSimulator.platform/Developer/SDKs/iPhoneSimulator26.2.sdk/System/Library/SubFrameworks (framework directory)
2026-04-22T16:43:53.2655240Z End of search list.
2026-04-22T16:43:53.2889960Z clang -cc1 version 17.0.0 (clang-1700.6.3.2) default target arm64-apple-darwin24.6.0
2026-04-22T16:43:53.2992050Z ignoring nonexistent directory "/Users/runner/work/tcm-storage-ios/tcm-storage-ios/build/Build/Products/Debug-iphonesimulator/include"
2026-04-22T16:43:53.3043080Z ignoring nonexistent directory "/Users/runner/work/tcm-storage-ios/tcm-storage-ios/build/Build/Intermediates.noindex/Nextcloud.build/Debug-iphonesimulator/Notification Service Extension.build/DerivedSources-normal/arm64"
2026-04-22T16:43:53.3044520Z ignoring nonexistent directory "/Users/runner/work/tcm-storage-ios/tcm-storage-ios/build/Build/Intermediates.noindex/Nextcloud.build/Debug-iphonesimulator/Notification Service Extension.build/DerivedSources/arm64"
2026-04-22T16:43:53.3046000Z ignoring nonexistent directory "/Applications/Xcode_26.2.app/Contents/Developer/Platforms/iPhoneSimulator.platform/Developer/SDKs/iPhoneSimulator26.2.sdk/usr/local/include"
2026-04-22T16:43:53.3046950Z ignoring nonexistent directory "/Applications/Xcode_26.2.app/Contents/Developer/Platforms/iPhoneSimulator.platform/Developer/SDKs/iPhoneSimulator26.2.sdk/Library/Frameworks"
2026-04-22T16:43:53.3047780Z ignoring duplicate directory "/Users/runner/work/tcm-storage-ios/tcm-storage-ios/build/Build/Products/Debug-iphonesimulator/PackageFrameworks"
2026-04-22T16:43:53.3048530Z ignoring duplicate directory "/Users/runner/work/tcm-storage-ios/tcm-storage-ios/build/Build/Products/Debug-iphonesimulator/PackageFrameworks"
2026-04-22T16:43:53.3049270Z ignoring duplicate directory "/Users/runner/work/tcm-storage-ios/tcm-storage-ios/build/Build/Products/Debug-iphonesimulator/PackageFrameworks"
2026-04-22T16:43:53.3050020Z ignoring duplicate directory "/Users/runner/work/tcm-storage-ios/tcm-storage-ios/build/Build/Products/Debug-iphonesimulator/PackageFrameworks"
2026-04-22T16:43:53.3050750Z ignoring duplicate directory "/Users/runner/work/tcm-storage-ios/tcm-storage-ios/build/Build/Products/Debug-iphonesimulator/PackageFrameworks"
2026-04-22T16:43:53.3051540Z ignoring duplicate directory "/Users/runner/work/tcm-storage-ios/tcm-storage-ios/build/Build/Products/Debug-iphonesimulator/PackageFrameworks"
2026-04-22T16:43:53.3052300Z ignoring duplicate directory "/Users/runner/work/tcm-storage-ios/tcm-storage-ios/build/Build/Products/Debug-iphonesimulator/PackageFrameworks"
2026-04-22T16:43:53.3053100Z ignoring duplicate directory "/Users/runner/work/tcm-storage-ios/tcm-storage-ios/build/Build/Products/Debug-iphonesimulator/PackageFrameworks"
2026-04-22T16:43:53.3053910Z ignoring duplicate directory "/Users/runner/work/tcm-storage-ios/tcm-storage-ios/build/Build/Products/Debug-iphonesimulator/PackageFrameworks"
2026-04-22T16:43:53.3062200Z ignoring duplicate directory "/Users/runner/work/tcm-storage-ios/tcm-storage-ios/build/Build/Products/Debug-iphonesimulator/PackageFrameworks"
2026-04-22T16:43:53.3063540Z ignoring duplicate directory "/Users/runner/work/tcm-storage-ios/tcm-storage-ios/build/Build/Products/Debug-iphonesimulator/PackageFrameworks"
2026-04-22T16:43:53.3064540Z ignoring duplicate directory "/Users/runner/work/tcm-storage-ios/tcm-storage-ios/build/Build/Products/Debug-iphonesimulator/PackageFrameworks"
2026-04-22T16:43:53.3065400Z ignoring duplicate directory "/Users/runner/work/tcm-storage-ios/tcm-storage-ios/build/Build/Products/Debug-iphonesimulator/PackageFrameworks"
2026-04-22T16:43:53.3066230Z ignoring duplicate directory "/Users/runner/work/tcm-storage-ios/tcm-storage-ios/build/Build/Products/Debug-iphonesimulator/PackageFrameworks"
2026-04-22T16:43:53.3067010Z ignoring duplicate directory "/Users/runner/work/tcm-storage-ios/tcm-storage-ios/build/Build/Products/Debug-iphonesimulator/PackageFrameworks"
2026-04-22T16:43:53.3067770Z ignoring duplicate directory "/Users/runner/work/tcm-storage-ios/tcm-storage-ios/build/Build/Products/Debug-iphonesimulator/PackageFrameworks"
2026-04-22T16:43:53.3068550Z ignoring duplicate directory "/Users/runner/work/tcm-storage-ios/tcm-storage-ios/build/Build/Products/Debug-iphonesimulator/PackageFrameworks"
2026-04-22T16:43:53.3069300Z ignoring duplicate directory "/Users/runner/work/tcm-storage-ios/tcm-storage-ios/build/Build/Products/Debug-iphonesimulator/PackageFrameworks"
2026-04-22T16:43:53.3070050Z ignoring duplicate directory "/Users/runner/work/tcm-storage-ios/tcm-storage-ios/build/Build/Products/Debug-iphonesimulator/PackageFrameworks"
2026-04-22T16:43:53.3070790Z ignoring duplicate directory "/Users/runner/work/tcm-storage-ios/tcm-storage-ios/build/Build/Products/Debug-iphonesimulator/PackageFrameworks"
2026-04-22T16:43:53.3071530Z ignoring duplicate directory "/Users/runner/work/tcm-storage-ios/tcm-storage-ios/build/Build/Products/Debug-iphonesimulator/PackageFrameworks"
2026-04-22T16:43:53.3072280Z ignoring duplicate directory "/Users/runner/work/tcm-storage-ios/tcm-storage-ios/build/Build/Products/Debug-iphonesimulator/PackageFrameworks"
2026-04-22T16:43:53.3073020Z ignoring duplicate directory "/Users/runner/work/tcm-storage-ios/tcm-storage-ios/build/Build/Products/Debug-iphonesimulator/PackageFrameworks"
2026-04-22T16:43:53.3073770Z ignoring duplicate directory "/Users/runner/work/tcm-storage-ios/tcm-storage-ios/build/Build/Products/Debug-iphonesimulator/PackageFrameworks"
2026-04-22T16:43:53.3074540Z ignoring duplicate directory "/Users/runner/work/tcm-storage-ios/tcm-storage-ios/build/Build/Products/Debug-iphonesimulator/PackageFrameworks"
2026-04-22T16:43:53.3075290Z ignoring duplicate directory "/Users/runner/work/tcm-storage-ios/tcm-storage-ios/build/Build/Products/Debug-iphonesimulator/PackageFrameworks"
2026-04-22T16:43:53.3076070Z ignoring duplicate directory "/Users/runner/work/tcm-storage-ios/tcm-storage-ios/build/Build/Products/Debug-iphonesimulator/PackageFrameworks"
2026-04-22T16:43:53.3076820Z ignoring duplicate directory "/Users/runner/work/tcm-storage-ios/tcm-storage-ios/build/Build/Products/Debug-iphonesimulator/PackageFrameworks"
2026-04-22T16:43:53.3077560Z ignoring duplicate directory "/Users/runner/work/tcm-storage-ios/tcm-storage-ios/build/Build/Products/Debug-iphonesimulator/PackageFrameworks"
2026-04-22T16:43:53.3078310Z ignoring duplicate directory "/Users/runner/work/tcm-storage-ios/tcm-storage-ios/build/Build/Products/Debug-iphonesimulator/PackageFrameworks"
2026-04-22T16:43:53.3080590Z ignoring duplicate directory "/Users/runner/work/tcm-storage-ios/tcm-storage-ios/build/Build/Products/Debug-iphonesimulator/PackageFrameworks"
2026-04-22T16:43:53.3085500Z ignoring duplicate directory "/Users/runner/work/tcm-storage-ios/tcm-storage-ios/build/Build/Products/Debug-iphonesimulator/PackageFrameworks"
2026-04-22T16:43:53.3092240Z ignoring duplicate directory "/Users/runner/work/tcm-storage-ios/tcm-storage-ios/build/Build/Products/Debug-iphonesimulator/PackageFrameworks"
2026-04-22T16:43:53.3096120Z ignoring duplicate directory "/Users/runner/work/tcm-storage-ios/tcm-storage-ios/build/Build/Products/Debug-iphonesimulator/PackageFrameworks"
2026-04-22T16:43:53.3096600Z #include "..." search starts here:
2026-04-22T16:43:53.3097520Z  /Users/runner/work/tcm-storage-ios/tcm-storage-ios/build/Build/Intermediates.noindex/Nextcloud.build/Debug-iphonesimulator/Notification Service Extension.build/Notification Service Extension-generated-files.hmap (headermap)
2026-04-22T16:43:53.3098790Z  /Users/runner/work/tcm-storage-ios/tcm-storage-ios/build/Build/Intermediates.noindex/Nextcloud.build/Debug-iphonesimulator/Notification Service Extension.build/Notification Service Extension-project-headers.hmap (headermap)
2026-04-22T16:43:53.3099490Z #include <...> search starts here:
2026-04-22T16:43:53.3100190Z  /Users/runner/work/tcm-storage-ios/tcm-storage-ios/build/Build/Intermediates.noindex/Nextcloud.build/Debug-iphonesimulator/Notification Service Extension.build/Notification Service Extension-own-target-headers.hmap (headermap)
2026-04-22T16:43:53.3101990Z  /Users/runner/work/tcm-storage-ios/tcm-storage-ios/build/Build/Intermediates.noindex/Nextcloud.build/Debug-iphonesimulator/Notification Service Extension.build/Notification Service Extension-all-non-framework-target-headers.hmap (headermap)
2026-04-22T16:43:53.3103020Z  /Users/runner/work/tcm-storage-ios/tcm-storage-ios/build/SourcePackages/checkouts/swift-atomics/Sources/_AtomicsShims/include
2026-04-22T16:43:53.3103660Z  /Users/runner/work/tcm-storage-ios/tcm-storage-ios/build/SourcePackages/checkouts/swift-nio/Sources/CNIOPosix/include
2026-04-22T16:43:53.3104270Z  /Users/runner/work/tcm-storage-ios/tcm-storage-ios/build/SourcePackages/checkouts/swift-nio/Sources/CNIOWASI/include
2026-04-22T16:43:53.3104870Z  /Users/runner/work/tcm-storage-ios/tcm-storage-ios/build/SourcePackages/checkouts/swift-nio/Sources/CNIOWindows/include
2026-04-22T16:43:53.3105480Z  /Users/runner/work/tcm-storage-ios/tcm-storage-ios/build/SourcePackages/checkouts/swift-nio/Sources/CNIOLinux/include
2026-04-22T16:43:53.3107120Z  /Users/runner/work/tcm-storage-ios/tcm-storage-ios/build/SourcePackages/checkouts/swift-nio/Sources/CNIODarwin/include
2026-04-22T16:43:53.3107770Z  /Users/runner/work/tcm-storage-ios/tcm-storage-ios/build/SourcePackages/checkouts/swift-nio/Sources/CNIOOpenBSD/include
2026-04-22T16:43:53.3108390Z  /Users/runner/work/tcm-storage-ios/tcm-storage-ios/build/SourcePackages/checkouts/swift-nio/Sources/CNIOAtomics/include
2026-04-22T16:43:53.3109270Z  /Users/runner/work/tcm-storage-ios/tcm-storage-ios/build/SourcePackages/checkouts/swift-nio-ssl/Sources/CNIOBoringSSLShims/include
2026-04-22T16:43:53.3110030Z  /Users/runner/work/tcm-storage-ios/tcm-storage-ios/build/SourcePackages/checkouts/swift-nio-ssl/Sources/CNIOBoringSSL/include
2026-04-22T16:43:53.3110610Z  /Users/runner/work/tcm-storage-ios/tcm-storage-ios/build/SourcePackages/checkouts/realm-core/src
2026-04-22T16:43:53.3111130Z  /Users/runner/work/tcm-storage-ios/tcm-storage-ios/build/SourcePackages/checkouts/realm-core/src/external/s2
2026-04-22T16:43:53.3112120Z  /Users/runner/work/tcm-storage-ios/tcm-storage-ios/build/SourcePackages/checkouts/realm-core/src/external/IntelRDFPMathLib20U2/LIBRARY/src
2026-04-22T16:43:53.3112750Z  /Users/runner/work/tcm-storage-ios/tcm-storage-ios/build/SourcePackages/checkouts/realm-core/src/spm
2026-04-22T16:43:53.3113260Z  /Users/runner/work/tcm-storage-ios/tcm-storage-ios/build/SourcePackages/checkouts/realm-swift/include
2026-04-22T16:43:53.3114000Z  /Users/runner/work/tcm-storage-ios/tcm-storage-ios/build/Build/Intermediates.noindex/Nextcloud.build/Debug-iphonesimulator/Notification Service Extension.build/DerivedSources
2026-04-22T16:43:53.3114810Z  /Users/runner/work/tcm-storage-ios/tcm-storage-ios/build/Build/Products/Debug-iphonesimulator/PackageFrameworks (framework directory)
2026-04-22T16:43:53.3115550Z  /Users/runner/work/tcm-storage-ios/tcm-storage-ios/build/Build/Products/Debug-iphonesimulator (framework directory)
2026-04-22T16:43:53.3116220Z  /Applications/Xcode_26.2.app/Contents/Developer/Platforms/iPhoneSimulator.platform/Developer/Library/Frameworks (framework directory)
2026-04-22T16:43:53.3117650Z  /Applications/Xcode_26.2.app/Contents/Developer/Platforms/iPhoneSimulator.platform/Developer/SDKs/iPhoneSimulator26.2.sdk/Developer/Library/Frameworks (framework directory)
2026-04-22T16:43:53.3118560Z  /Applications/Xcode_26.2.app/Contents/Developer/Toolchains/XcodeDefault.xctoolchain/usr/lib/clang/17/include
2026-04-22T16:43:53.3119200Z  /Applications/Xcode_26.2.app/Contents/Developer/Platforms/iPhoneSimulator.platform/Developer/SDKs/iPhoneSimulator26.2.sdk/usr/include
2026-04-22T16:43:53.3119860Z  /Applications/Xcode_26.2.app/Contents/Developer/Toolchains/XcodeDefault.xctoolchain/usr/include
2026-04-22T16:43:53.3120570Z  /Applications/Xcode_26.2.app/Contents/Developer/Platforms/iPhoneSimulator.platform/Developer/SDKs/iPhoneSimulator26.2.sdk/System/Library/Frameworks (framework directory)
2026-04-22T16:43:53.3121460Z  /Applications/Xcode_26.2.app/Contents/Developer/Platforms/iPhoneSimulator.platform/Developer/SDKs/iPhoneSimulator26.2.sdk/System/Library/SubFrameworks (framework directory)
2026-04-22T16:43:53.3122060Z End of search list.
2026-04-22T16:43:53.3122370Z clang -cc1 version 17.0.0 (clang-1700.6.3.2) default target arm64-apple-darwin24.6.0
2026-04-22T16:43:53.3122930Z ignoring nonexistent directory "/Users/runner/work/tcm-storage-ios/tcm-storage-ios/build/Build/Products/Debug-iphonesimulator/include"
2026-04-22T16:43:53.3123890Z ignoring nonexistent directory "/Users/runner/work/tcm-storage-ios/tcm-storage-ios/build/Build/Intermediates.noindex/Nextcloud.build/Debug-iphonesimulator/Notification Service Extension.build/DerivedSources-normal/arm64"
2026-04-22T16:43:53.3126380Z ignoring nonexistent directory "/Users/runner/work/tcm-storage-ios/tcm-storage-ios/build/Build/Intermediates.noindex/Nextcloud.build/Debug-iphonesimulator/Notification Service Extension.build/DerivedSources/arm64"
2026-04-22T16:43:53.3127480Z ignoring nonexistent directory "/Applications/Xcode_26.2.app/Contents/Developer/Platforms/iPhoneSimulator.platform/Developer/SDKs/iPhoneSimulator26.2.sdk/usr/local/include"
2026-04-22T16:43:53.3128410Z ignoring nonexistent directory "/Applications/Xcode_26.2.app/Contents/Developer/Platforms/iPhoneSimulator.platform/Developer/SDKs/iPhoneSimulator26.2.sdk/Library/Frameworks"
2026-04-22T16:43:53.3130670Z ignoring duplicate directory "/Users/runner/work/tcm-storage-ios/tcm-storage-ios/build/Build/Products/Debug-iphonesimulator/PackageFrameworks"
2026-04-22T16:43:53.3131430Z ignoring duplicate directory "/Users/runner/work/tcm-storage-ios/tcm-storage-ios/build/Build/Products/Debug-iphonesimulator/PackageFrameworks"
2026-04-22T16:43:53.3132230Z ignoring duplicate directory "/Users/runner/work/tcm-storage-ios/tcm-storage-ios/build/Build/Products/Debug-iphonesimulator/PackageFrameworks"
2026-04-22T16:43:53.3132950Z ignoring duplicate directory "/Users/runner/work/tcm-storage-ios/tcm-storage-ios/build/Build/Products/Debug-iphonesimulator/PackageFrameworks"
2026-04-22T16:43:53.3133740Z ignoring duplicate directory "/Users/runner/work/tcm-storage-ios/tcm-storage-ios/build/Build/Products/Debug-iphonesimulator/PackageFrameworks"
2026-04-22T16:43:53.3134470Z ignoring duplicate directory "/Users/runner/work/tcm-storage-ios/tcm-storage-ios/build/Build/Products/Debug-iphonesimulator/PackageFrameworks"
2026-04-22T16:43:53.3136650Z ignoring duplicate directory "/Users/runner/work/tcm-storage-ios/tcm-storage-ios/build/Build/Products/Debug-iphonesimulator/PackageFrameworks"
2026-04-22T16:43:53.3138450Z ignoring duplicate directory "/Users/runner/work/tcm-storage-ios/tcm-storage-ios/build/Build/Products/Debug-iphonesimulator/PackageFrameworks"
2026-04-22T16:43:53.3139190Z ignoring duplicate directory "/Users/runner/work/tcm-storage-ios/tcm-storage-ios/build/Build/Products/Debug-iphonesimulator/PackageFrameworks"
2026-04-22T16:43:53.3140100Z ignoring duplicate directory "/Users/runner/work/tcm-storage-ios/tcm-storage-ios/build/Build/Products/Debug-iphonesimulator/PackageFrameworks"
2026-04-22T16:43:53.3141790Z ignoring duplicate directory "/Users/runner/work/tcm-storage-ios/tcm-storage-ios/build/Build/Products/Debug-iphonesimulator/PackageFrameworks"
2026-04-22T16:43:53.3142690Z ignoring duplicate directory "/Users/runner/work/tcm-storage-ios/tcm-storage-ios/build/Build/Products/Debug-iphonesimulator/PackageFrameworks"
2026-04-22T16:43:53.3143600Z ignoring duplicate directory "/Users/runner/work/tcm-storage-ios/tcm-storage-ios/build/Build/Products/Debug-iphonesimulator/PackageFrameworks"
2026-04-22T16:43:53.3144340Z ignoring duplicate directory "/Users/runner/work/tcm-storage-ios/tcm-storage-ios/build/Build/Products/Debug-iphonesimulator/PackageFrameworks"
2026-04-22T16:43:53.3147760Z ignoring duplicate directory "/Users/runner/work/tcm-storage-ios/tcm-storage-ios/build/Build/Products/Debug-iphonesimulator/PackageFrameworks"
2026-04-22T16:43:53.3148500Z ignoring duplicate directory "/Users/runner/work/tcm-storage-ios/tcm-storage-ios/build/Build/Products/Debug-iphonesimulator/PackageFrameworks"
2026-04-22T16:43:53.3149240Z ignoring duplicate directory "/Users/runner/work/tcm-storage-ios/tcm-storage-ios/build/Build/Products/Debug-iphonesimulator/PackageFrameworks"
2026-04-22T16:43:53.3149970Z ignoring duplicate directory "/Users/runner/work/tcm-storage-ios/tcm-storage-ios/build/Build/Products/Debug-iphonesimulator/PackageFrameworks"
2026-04-22T16:43:53.3151350Z ignoring duplicate directory "/Users/runner/work/tcm-storage-ios/tcm-storage-ios/build/Build/Products/Debug-iphonesimulator/PackageFrameworks"
2026-04-22T16:43:53.3152090Z ignoring duplicate directory "/Users/runner/work/tcm-storage-ios/tcm-storage-ios/build/Build/Products/Debug-iphonesimulator/PackageFrameworks"
2026-04-22T16:43:53.3152820Z ignoring duplicate directory "/Users/runner/work/tcm-storage-ios/tcm-storage-ios/build/Build/Products/Debug-iphonesimulator/PackageFrameworks"
2026-04-22T16:43:53.3154910Z ignoring duplicate directory "/Users/runner/work/tcm-storage-ios/tcm-storage-ios/build/Build/Products/Debug-iphonesimulator/PackageFrameworks"
2026-04-22T16:43:53.3155660Z ignoring duplicate directory "/Users/runner/work/tcm-storage-ios/tcm-storage-ios/build/Build/Products/Debug-iphonesimulator/PackageFrameworks"
2026-04-22T16:43:53.3156430Z ignoring duplicate directory "/Users/runner/work/tcm-storage-ios/tcm-storage-ios/build/Build/Products/Debug-iphonesimulator/PackageFrameworks"
2026-04-22T16:43:53.3157510Z ignoring duplicate directory "/Users/runner/work/tcm-storage-ios/tcm-storage-ios/build/Build/Products/Debug-iphonesimulator/PackageFrameworks"
2026-04-22T16:43:53.3158240Z ignoring duplicate directory "/Users/runner/work/tcm-storage-ios/tcm-storage-ios/build/Build/Products/Debug-iphonesimulator/PackageFrameworks"
2026-04-22T16:43:53.3159500Z ignoring duplicate directory "/Users/runner/work/tcm-storage-ios/tcm-storage-ios/build/Build/Products/Debug-iphonesimulator/PackageFrameworks"
2026-04-22T16:43:53.3160240Z ignoring duplicate directory "/Users/runner/work/tcm-storage-ios/tcm-storage-ios/build/Build/Products/Debug-iphonesimulator/PackageFrameworks"
2026-04-22T16:43:53.3161460Z ignoring duplicate directory "/Users/runner/work/tcm-storage-ios/tcm-storage-ios/build/Build/Products/Debug-iphonesimulator/PackageFrameworks"
2026-04-22T16:43:53.3162260Z ignoring duplicate directory "/Users/runner/work/tcm-storage-ios/tcm-storage-ios/build/Build/Products/Debug-iphonesimulator/PackageFrameworks"
2026-04-22T16:43:53.3163800Z ignoring duplicate directory "/Users/runner/work/tcm-storage-ios/tcm-storage-ios/build/Build/Products/Debug-iphonesimulator/PackageFrameworks"
2026-04-22T16:43:53.3165200Z ignoring duplicate directory "/Users/runner/work/tcm-storage-ios/tcm-storage-ios/build/Build/Products/Debug-iphonesimulator/PackageFrameworks"
2026-04-22T16:43:53.3165940Z ignoring duplicate directory "/Users/runner/work/tcm-storage-ios/tcm-storage-ios/build/Build/Products/Debug-iphonesimulator/PackageFrameworks"
2026-04-22T16:43:53.3166990Z ignoring duplicate directory "/Users/runner/work/tcm-storage-ios/tcm-storage-ios/build/Build/Products/Debug-iphonesimulator/PackageFrameworks"
2026-04-22T16:43:53.3168580Z #include "..." search starts here:
2026-04-22T16:43:53.3169400Z  /Users/runner/work/tcm-storage-ios/tcm-storage-ios/build/Build/Intermediates.noindex/Nextcloud.build/Debug-iphonesimulator/Notification Service Extension.build/Notification Service Extension-generated-files.hmap (headermap)
2026-04-22T16:43:53.3170970Z  /Users/runner/work/tcm-storage-ios/tcm-storage-ios/build/Build/Intermediates.noindex/Nextcloud.build/Debug-iphonesimulator/Notification Service Extension.build/Notification Service Extension-project-headers.hmap (headermap)
2026-04-22T16:43:53.3171670Z #include <...> search starts here:
2026-04-22T16:43:53.3172900Z  /Users/runner/work/tcm-storage-ios/tcm-storage-ios/build/Build/Intermediates.noindex/Nextcloud.build/Debug-iphonesimulator/Notification Service Extension.build/Notification Service Extension-own-target-headers.hmap (headermap)
2026-04-22T16:43:53.3174640Z  /Users/runner/work/tcm-storage-ios/tcm-storage-ios/build/Build/Intermediates.noindex/Nextcloud.build/Debug-iphonesimulator/Notification Service Extension.build/Notification Service Extension-all-non-framework-target-headers.hmap (headermap)
2026-04-22T16:43:53.3175670Z  /Users/runner/work/tcm-storage-ios/tcm-storage-ios/build/SourcePackages/checkouts/swift-atomics/Sources/_AtomicsShims/include
2026-04-22T16:43:53.3176300Z  /Users/runner/work/tcm-storage-ios/tcm-storage-ios/build/SourcePackages/checkouts/swift-nio/Sources/CNIOPosix/include
2026-04-22T16:43:53.3178930Z  /Users/runner/work/tcm-storage-ios/tcm-storage-ios/build/SourcePackages/checkouts/swift-nio/Sources/CNIOWASI/include
2026-04-22T16:43:53.3179550Z  /Users/runner/work/tcm-storage-ios/tcm-storage-ios/build/SourcePackages/checkouts/swift-nio/Sources/CNIOWindows/include
2026-04-22T16:43:53.3180150Z  /Users/runner/work/tcm-storage-ios/tcm-storage-ios/build/SourcePackages/checkouts/swift-nio/Sources/CNIOLinux/include
2026-04-22T16:43:53.3181020Z  /Users/runner/work/tcm-storage-ios/tcm-storage-ios/build/SourcePackages/checkouts/swift-nio/Sources/CNIODarwin/include
2026-04-22T16:43:53.3181640Z  /Users/runner/work/tcm-storage-ios/tcm-storage-ios/build/SourcePackages/checkouts/swift-nio/Sources/CNIOOpenBSD/include
2026-04-22T16:43:53.3182560Z  /Users/runner/work/tcm-storage-ios/tcm-storage-ios/build/SourcePackages/checkouts/swift-nio/Sources/CNIOAtomics/include
2026-04-22T16:43:53.3183210Z  /Users/runner/work/tcm-storage-ios/tcm-storage-ios/build/SourcePackages/checkouts/swift-nio-ssl/Sources/CNIOBoringSSLShims/include
2026-04-22T16:43:53.3183880Z  /Users/runner/work/tcm-storage-ios/tcm-storage-ios/build/SourcePackages/checkouts/swift-nio-ssl/Sources/CNIOBoringSSL/include
2026-04-22T16:43:53.3184710Z  /Users/runner/work/tcm-storage-ios/tcm-storage-ios/build/SourcePackages/checkouts/realm-core/src
2026-04-22T16:43:53.3185240Z  /Users/runner/work/tcm-storage-ios/tcm-storage-ios/build/SourcePackages/checkouts/realm-core/src/external/s2
2026-04-22T16:43:53.3185880Z  /Users/runner/work/tcm-storage-ios/tcm-storage-ios/build/SourcePackages/checkouts/realm-core/src/external/IntelRDFPMathLib20U2/LIBRARY/src
2026-04-22T16:43:53.3187010Z  /Users/runner/work/tcm-storage-ios/tcm-storage-ios/build/SourcePackages/checkouts/realm-core/src/spm
2026-04-22T16:43:53.3187530Z  /Users/runner/work/tcm-storage-ios/tcm-storage-ios/build/SourcePackages/checkouts/realm-swift/include
2026-04-22T16:43:53.3189770Z  /Users/runner/work/tcm-storage-ios/tcm-storage-ios/build/Build/Intermediates.noindex/Nextcloud.build/Debug-iphonesimulator/Notification Service Extension.build/DerivedSources
2026-04-22T16:43:53.3190620Z  /Users/runner/work/tcm-storage-ios/tcm-storage-ios/build/Build/Products/Debug-iphonesimulator/PackageFrameworks (framework directory)
2026-04-22T16:43:53.3191560Z  /Users/runner/work/tcm-storage-ios/tcm-storage-ios/build/Build/Products/Debug-iphonesimulator (framework directory)
2026-04-22T16:43:53.3192230Z  /Applications/Xcode_26.2.app/Contents/Developer/Platforms/iPhoneSimulator.platform/Developer/Library/Frameworks (framework directory)
2026-04-22T16:43:53.3193940Z  /Applications/Xcode_26.2.app/Contents/Developer/Platforms/iPhoneSimulator.platform/Developer/SDKs/iPhoneSimulator26.2.sdk/Developer/Library/Frameworks (framework directory)
2026-04-22T16:43:53.3194850Z  /Applications/Xcode_26.2.app/Contents/Developer/Toolchains/XcodeDefault.xctoolchain/usr/lib/clang/17/include
2026-04-22T16:43:53.3196610Z  /Applications/Xcode_26.2.app/Contents/Developer/Platforms/iPhoneSimulator.platform/Developer/SDKs/iPhoneSimulator26.2.sdk/usr/include
2026-04-22T16:43:53.3199190Z  /Applications/Xcode_26.2.app/Contents/Developer/Toolchains/XcodeDefault.xctoolchain/usr/include
2026-04-22T16:43:53.3199900Z  /Applications/Xcode_26.2.app/Contents/Developer/Platforms/iPhoneSimulator.platform/Developer/SDKs/iPhoneSimulator26.2.sdk/System/Library/Frameworks (framework directory)
2026-04-22T16:43:53.3201110Z  /Applications/Xcode_26.2.app/Contents/Developer/Platforms/iPhoneSimulator.platform/Developer/SDKs/iPhoneSimulator26.2.sdk/System/Library/SubFrameworks (framework directory)
2026-04-22T16:43:53.3201680Z End of search list.
2026-04-22T16:43:53.3201930Z clang -cc1 version 17.0.0 (clang-1700.6.3.2) default target arm64-apple-darwin24.6.0
2026-04-22T16:43:53.3202480Z ignoring nonexistent directory "/Users/runner/work/tcm-storage-ios/tcm-storage-ios/build/Build/Products/Debug-iphonesimulator/include"
2026-04-22T16:43:53.3203480Z ignoring nonexistent directory "/Users/runner/work/tcm-storage-ios/tcm-storage-ios/build/Build/Intermediates.noindex/Nextcloud.build/Debug-iphonesimulator/Notification Service Extension.build/DerivedSources-normal/arm64"
2026-04-22T16:43:53.3204690Z ignoring nonexistent directory "/Users/runner/work/tcm-storage-ios/tcm-storage-ios/build/Build/Intermediates.noindex/Nextcloud.build/Debug-iphonesimulator/Notification Service Extension.build/DerivedSources/arm64"
2026-04-22T16:43:53.3205740Z ignoring nonexistent directory "/Applications/Xcode_26.2.app/Contents/Developer/Platforms/iPhoneSimulator.platform/Developer/SDKs/iPhoneSimulator26.2.sdk/usr/local/include"
2026-04-22T16:43:53.3206950Z ignoring nonexistent directory "/Applications/Xcode_26.2.app/Contents/Developer/Platforms/iPhoneSimulator.platform/Developer/SDKs/iPhoneSimulator26.2.sdk/Library/Frameworks"
2026-04-22T16:43:53.3208170Z ignoring duplicate directory "/Users/runner/work/tcm-storage-ios/tcm-storage-ios/build/Build/Products/Debug-iphonesimulator/PackageFrameworks"
2026-04-22T16:43:53.3208930Z ignoring duplicate directory "/Users/runner/work/tcm-storage-ios/tcm-storage-ios/build/Build/Products/Debug-iphonesimulator/PackageFrameworks"
2026-04-22T16:43:53.3210080Z ignoring duplicate directory "/Users/runner/work/tcm-storage-ios/tcm-storage-ios/build/Build/Products/Debug-iphonesimulator/PackageFrameworks"
2026-04-22T16:43:53.3210860Z ignoring duplicate directory "/Users/runner/work/tcm-storage-ios/tcm-storage-ios/build/Build/Products/Debug-iphonesimulator/PackageFrameworks"
2026-04-22T16:43:53.3212190Z ignoring duplicate directory "/Users/runner/work/tcm-storage-ios/tcm-storage-ios/build/Build/Products/Debug-iphonesimulator/PackageFrameworks"
2026-04-22T16:43:53.3212940Z ignoring duplicate directory "/Users/runner/work/tcm-storage-ios/tcm-storage-ios/build/Build/Products/Debug-iphonesimulator/PackageFrameworks"
2026-04-22T16:43:53.3214640Z ignoring duplicate directory "/Users/runner/work/tcm-storage-ios/tcm-storage-ios/build/Build/Products/Debug-iphonesimulator/PackageFrameworks"
2026-04-22T16:43:53.3215400Z ignoring duplicate directory "/Users/runner/work/tcm-storage-ios/tcm-storage-ios/build/Build/Products/Debug-iphonesimulator/PackageFrameworks"
2026-04-22T16:43:53.3216370Z ignoring duplicate directory "/Users/runner/work/tcm-storage-ios/tcm-storage-ios/build/Build/Products/Debug-iphonesimulator/PackageFrameworks"
2026-04-22T16:43:53.3217160Z ignoring duplicate directory "/Users/runner/work/tcm-storage-ios/tcm-storage-ios/build/Build/Products/Debug-iphonesimulator/PackageFrameworks"
2026-04-22T16:43:53.3218020Z ignoring duplicate directory "/Users/runner/work/tcm-storage-ios/tcm-storage-ios/build/Build/Products/Debug-iphonesimulator/PackageFrameworks"
2026-04-22T16:43:53.3219010Z ignoring duplicate directory "/Users/runner/work/tcm-storage-ios/tcm-storage-ios/build/Build/Products/Debug-iphonesimulator/PackageFrameworks"
2026-04-22T16:43:53.3220460Z ignoring duplicate directory "/Users/runner/work/tcm-storage-ios/tcm-storage-ios/build/Build/Products/Debug-iphonesimulator/PackageFrameworks"
2026-04-22T16:43:53.3221200Z ignoring duplicate directory "/Users/runner/work/tcm-storage-ios/tcm-storage-ios/build/Build/Products/Debug-iphonesimulator/PackageFrameworks"
2026-04-22T16:43:53.3222520Z ignoring duplicate directory "/Users/runner/work/tcm-storage-ios/tcm-storage-ios/build/Build/Products/Debug-iphonesimulator/PackageFrameworks"
2026-04-22T16:43:53.3223270Z ignoring duplicate directory "/Users/runner/work/tcm-storage-ios/tcm-storage-ios/build/Build/Products/Debug-iphonesimulator/PackageFrameworks"
2026-04-22T16:43:53.3224000Z ignoring duplicate directory "/Users/runner/work/tcm-storage-ios/tcm-storage-ios/build/Build/Products/Debug-iphonesimulator/PackageFrameworks"
2026-04-22T16:43:53.3226180Z ignoring duplicate directory "/Users/runner/work/tcm-storage-ios/tcm-storage-ios/build/Build/Products/Debug-iphonesimulator/PackageFrameworks"
2026-04-22T16:43:53.3229230Z ignoring duplicate directory "/Users/runner/work/tcm-storage-ios/tcm-storage-ios/build/Build/Products/Debug-iphonesimulator/PackageFrameworks"
2026-04-22T16:43:53.3230030Z ignoring duplicate directory "/Users/runner/work/tcm-storage-ios/tcm-storage-ios/build/Build/Products/Debug-iphonesimulator/PackageFrameworks"
2026-04-22T16:43:53.3230790Z ignoring duplicate directory "/Users/runner/work/tcm-storage-ios/tcm-storage-ios/build/Build/Products/Debug-iphonesimulator/PackageFrameworks"
2026-04-22T16:43:53.3231510Z ignoring duplicate directory "/Users/runner/work/tcm-storage-ios/tcm-storage-ios/build/Build/Products/Debug-iphonesimulator/PackageFrameworks"
2026-04-22T16:43:53.3232840Z ignoring duplicate directory "/Users/runner/work/tcm-storage-ios/tcm-storage-ios/build/Build/Products/Debug-iphonesimulator/PackageFrameworks"
2026-04-22T16:43:53.3233590Z ignoring duplicate directory "/Users/runner/work/tcm-storage-ios/tcm-storage-ios/build/Build/Products/Debug-iphonesimulator/PackageFrameworks"
2026-04-22T16:43:53.3234400Z ignoring duplicate directory "/Users/runner/work/tcm-storage-ios/tcm-storage-ios/build/Build/Products/Debug-iphonesimulator/PackageFrameworks"
2026-04-22T16:43:53.3235140Z ignoring duplicate directory "/Users/runner/work/tcm-storage-ios/tcm-storage-ios/build/Build/Products/Debug-iphonesimulator/PackageFrameworks"
2026-04-22T16:43:53.3236200Z ignoring duplicate directory "/Users/runner/work/tcm-storage-ios/tcm-storage-ios/build/Build/Products/Debug-iphonesimulator/PackageFrameworks"
2026-04-22T16:43:53.3236940Z ignoring duplicate directory "/Users/runner/work/tcm-storage-ios/tcm-storage-ios/build/Build/Products/Debug-iphonesimulator/PackageFrameworks"
2026-04-22T16:43:53.3237710Z ignoring duplicate directory "/Users/runner/work/tcm-storage-ios/tcm-storage-ios/build/Build/Products/Debug-iphonesimulator/PackageFrameworks"
2026-04-22T16:43:53.3238440Z ignoring duplicate directory "/Users/runner/work/tcm-storage-ios/tcm-storage-ios/build/Build/Products/Debug-iphonesimulator/PackageFrameworks"
2026-04-22T16:43:53.3239220Z ignoring duplicate directory "/Users/runner/work/tcm-storage-ios/tcm-storage-ios/build/Build/Products/Debug-iphonesimulator/PackageFrameworks"
2026-04-22T16:43:53.3239940Z ignoring duplicate directory "/Users/runner/work/tcm-storage-ios/tcm-storage-ios/build/Build/Products/Debug-iphonesimulator/PackageFrameworks"
2026-04-22T16:43:53.3241200Z ignoring duplicate directory "/Users/runner/work/tcm-storage-ios/tcm-storage-ios/build/Build/Products/Debug-iphonesimulator/PackageFrameworks"
2026-04-22T16:43:53.3241990Z ignoring duplicate directory "/Users/runner/work/tcm-storage-ios/tcm-storage-ios/build/Build/Products/Debug-iphonesimulator/PackageFrameworks"
2026-04-22T16:43:53.3242450Z #include "..." search starts here:
2026-04-22T16:43:53.3243630Z  /Users/runner/work/tcm-storage-ios/tcm-storage-ios/build/Build/Intermediates.noindex/Nextcloud.build/Debug-iphonesimulator/Notification Service Extension.build/Notification Service Extension-generated-files.hmap (headermap)
2026-04-22T16:43:53.3244960Z  /Users/runner/work/tcm-storage-ios/tcm-storage-ios/build/Build/Intermediates.noindex/Nextcloud.build/Debug-iphonesimulator/Notification Service Extension.build/Notification Service Extension-project-headers.hmap (headermap)
2026-04-22T16:43:53.3246120Z #include <...> search starts here:
2026-04-22T16:43:53.3246810Z  /Users/runner/work/tcm-storage-ios/tcm-storage-ios/build/Build/Intermediates.noindex/Nextcloud.build/Debug-iphonesimulator/Notification Service Extension.build/Notification Service Extension-own-target-headers.hmap (headermap)
2026-04-22T16:43:53.3250640Z  /Users/runner/work/tcm-storage-ios/tcm-storage-ios/build/Build/Intermediates.noindex/Nextcloud.build/Debug-iphonesimulator/Notification Service Extension.build/Notification Service Extension-all-non-framework-target-headers.hmap (headermap)
2026-04-22T16:43:53.3251640Z  /Users/runner/work/tcm-storage-ios/tcm-storage-ios/build/SourcePackages/checkouts/swift-atomics/Sources/_AtomicsShims/include
2026-04-22T16:43:53.3253150Z  /Users/runner/work/tcm-storage-ios/tcm-storage-ios/build/SourcePackages/checkouts/swift-nio/Sources/CNIOPosix/include
2026-04-22T16:43:53.3253760Z  /Users/runner/work/tcm-storage-ios/tcm-storage-ios/build/SourcePackages/checkouts/swift-nio/Sources/CNIOWASI/include
2026-04-22T16:43:53.3254900Z  /Users/runner/work/tcm-storage-ios/tcm-storage-ios/build/SourcePackages/checkouts/swift-nio/Sources/CNIOWindows/include
2026-04-22T16:43:53.3256090Z  /Users/runner/work/tcm-storage-ios/tcm-storage-ios/build/SourcePackages/checkouts/swift-nio/Sources/CNIOLinux/include
2026-04-22T16:43:53.3256690Z  /Users/runner/work/tcm-storage-ios/tcm-storage-ios/build/SourcePackages/checkouts/swift-nio/Sources/CNIODarwin/include
2026-04-22T16:43:53.3258250Z  /Users/runner/work/tcm-storage-ios/tcm-storage-ios/build/SourcePackages/checkouts/swift-nio/Sources/CNIOOpenBSD/include
2026-04-22T16:43:53.3258870Z  /Users/runner/work/tcm-storage-ios/tcm-storage-ios/build/SourcePackages/checkouts/swift-nio/Sources/CNIOAtomics/include
2026-04-22T16:43:53.3259520Z  /Users/runner/work/tcm-storage-ios/tcm-storage-ios/build/SourcePackages/checkouts/swift-nio-ssl/Sources/CNIOBoringSSLShims/include
2026-04-22T16:43:53.3260450Z  /Users/runner/work/tcm-storage-ios/tcm-storage-ios/build/SourcePackages/checkouts/swift-nio-ssl/Sources/CNIOBoringSSL/include
2026-04-22T16:43:53.3261020Z  /Users/runner/work/tcm-storage-ios/tcm-storage-ios/build/SourcePackages/checkouts/realm-core/src
2026-04-22T16:43:53.3262030Z  /Users/runner/work/tcm-storage-ios/tcm-storage-ios/build/SourcePackages/checkouts/realm-core/src/external/s2
2026-04-22T16:43:53.3262690Z  /Users/runner/work/tcm-storage-ios/tcm-storage-ios/build/SourcePackages/checkouts/realm-core/src/external/IntelRDFPMathLib20U2/LIBRARY/src
2026-04-22T16:43:53.3263310Z  /Users/runner/work/tcm-storage-ios/tcm-storage-ios/build/SourcePackages/checkouts/realm-core/src/spm
2026-04-22T16:43:53.3265250Z  /Users/runner/work/tcm-storage-ios/tcm-storage-ios/build/SourcePackages/checkouts/realm-swift/include
2026-04-22T16:43:53.3265970Z  /Users/runner/work/tcm-storage-ios/tcm-storage-ios/build/Build/Intermediates.noindex/Nextcloud.build/Debug-iphonesimulator/Notification Service Extension.build/DerivedSources
2026-04-22T16:43:53.3268240Z  /Users/runner/work/tcm-storage-ios/tcm-storage-ios/build/Build/Products/Debug-iphonesimulator/PackageFrameworks (framework directory)
2026-04-22T16:43:53.3268920Z  /Users/runner/work/tcm-storage-ios/tcm-storage-ios/build/Build/Products/Debug-iphonesimulator (framework directory)
2026-04-22T16:43:53.3269570Z  /Applications/Xcode_26.2.app/Contents/Developer/Platforms/iPhoneSimulator.platform/Developer/Library/Frameworks (framework directory)
2026-04-22T16:43:53.3270700Z  /Applications/Xcode_26.2.app/Contents/Developer/Platforms/iPhoneSimulator.platform/Developer/SDKs/iPhoneSimulator26.2.sdk/Developer/Library/Frameworks (framework directory)
2026-04-22T16:43:53.3271630Z  /Applications/Xcode_26.2.app/Contents/Developer/Toolchains/XcodeDefault.xctoolchain/usr/lib/clang/17/include
2026-04-22T16:43:53.3272890Z  /Applications/Xcode_26.2.app/Contents/Developer/Platforms/iPhoneSimulator.platform/Developer/SDKs/iPhoneSimulator26.2.sdk/usr/include
2026-04-22T16:43:53.3273510Z  /Applications/Xcode_26.2.app/Contents/Developer/Toolchains/XcodeDefault.xctoolchain/usr/include
2026-04-22T16:43:53.3274660Z  /Applications/Xcode_26.2.app/Contents/Developer/Platforms/iPhoneSimulator.platform/Developer/SDKs/iPhoneSimulator26.2.sdk/System/Library/Frameworks (framework directory)
2026-04-22T16:43:53.3275570Z  /Applications/Xcode_26.2.app/Contents/Developer/Platforms/iPhoneSimulator.platform/Developer/SDKs/iPhoneSimulator26.2.sdk/System/Library/SubFrameworks (framework directory)
2026-04-22T16:43:53.3276370Z End of search list.
2026-04-22T16:43:53.3276630Z clang -cc1 version 17.0.0 (clang-1700.6.3.2) default target arm64-apple-darwin24.6.0
2026-04-22T16:43:53.3277190Z ignoring nonexistent directory "/Users/runner/work/tcm-storage-ios/tcm-storage-ios/build/Build/Products/Debug-iphonesimulator/include"
2026-04-22T16:43:53.3278130Z ignoring nonexistent directory "/Users/runner/work/tcm-storage-ios/tcm-storage-ios/build/Build/Intermediates.noindex/Nextcloud.build/Debug-iphonesimulator/Notification Service Extension.build/DerivedSources-normal/arm64"
2026-04-22T16:43:53.3280230Z ignoring nonexistent directory "/Users/runner/work/tcm-storage-ios/tcm-storage-ios/build/Build/Intermediates.noindex/Nextcloud.build/Debug-iphonesimulator/Notification Service Extension.build/DerivedSources/arm64"
2026-04-22T16:43:53.3281520Z ignoring nonexistent directory "/Applications/Xcode_26.2.app/Contents/Developer/Platforms/iPhoneSimulator.platform/Developer/SDKs/iPhoneSimulator26.2.sdk/usr/local/include"
2026-04-22T16:43:53.3282430Z ignoring nonexistent directory "/Applications/Xcode_26.2.app/Contents/Developer/Platforms/iPhoneSimulator.platform/Developer/SDKs/iPhoneSimulator26.2.sdk/Library/Frameworks"
2026-04-22T16:43:53.3283540Z ignoring duplicate directory "/Users/runner/work/tcm-storage-ios/tcm-storage-ios/build/Build/Products/Debug-iphonesimulator/PackageFrameworks"
2026-04-22T16:43:53.3284280Z ignoring duplicate directory "/Users/runner/work/tcm-storage-ios/tcm-storage-ios/build/Build/Products/Debug-iphonesimulator/PackageFrameworks"
2026-04-22T16:43:53.3285010Z ignoring duplicate directory "/Users/runner/work/tcm-storage-ios/tcm-storage-ios/build/Build/Products/Debug-iphonesimulator/PackageFrameworks"
2026-04-22T16:43:53.3288860Z ignoring duplicate directory "/Users/runner/work/tcm-storage-ios/tcm-storage-ios/build/Build/Products/Debug-iphonesimulator/PackageFrameworks"
2026-04-22T16:43:53.3289630Z ignoring duplicate directory "/Users/runner/work/tcm-storage-ios/tcm-storage-ios/build/Build/Products/Debug-iphonesimulator/PackageFrameworks"
2026-04-22T16:43:53.3290820Z ignoring duplicate directory "/Users/runner/work/tcm-storage-ios/tcm-storage-ios/build/Build/Products/Debug-iphonesimulator/PackageFrameworks"
2026-04-22T16:43:53.3291560Z ignoring duplicate directory "/Users/runner/work/tcm-storage-ios/tcm-storage-ios/build/Build/Products/Debug-iphonesimulator/PackageFrameworks"
2026-04-22T16:43:53.3292760Z ignoring duplicate directory "/Users/runner/work/tcm-storage-ios/tcm-storage-ios/build/Build/Products/Debug-iphonesimulator/PackageFrameworks"
2026-04-22T16:43:53.3293490Z ignoring duplicate directory "/Users/runner/work/tcm-storage-ios/tcm-storage-ios/build/Build/Products/Debug-iphonesimulator/PackageFrameworks"
2026-04-22T16:43:53.3294220Z ignoring duplicate directory "/Users/runner/work/tcm-storage-ios/tcm-storage-ios/build/Build/Products/Debug-iphonesimulator/PackageFrameworks"
2026-04-22T16:43:53.3295200Z ignoring duplicate directory "/Users/runner/work/tcm-storage-ios/tcm-storage-ios/build/Build/Products/Debug-iphonesimulator/PackageFrameworks"
2026-04-22T16:43:53.3295920Z ignoring duplicate directory "/Users/runner/work/tcm-storage-ios/tcm-storage-ios/build/Build/Products/Debug-iphonesimulator/PackageFrameworks"
2026-04-22T16:43:53.3297470Z ignoring duplicate directory "/Users/runner/work/tcm-storage-ios/tcm-storage-ios/build/Build/Products/Debug-iphonesimulator/PackageFrameworks"
2026-04-22T16:43:53.3298220Z ignoring duplicate directory "/Users/runner/work/tcm-storage-ios/tcm-storage-ios/build/Build/Products/Debug-iphonesimulator/PackageFrameworks"
2026-04-22T16:43:53.3299500Z ignoring duplicate directory "/Users/runner/work/tcm-storage-ios/tcm-storage-ios/build/Build/Products/Debug-iphonesimulator/PackageFrameworks"
2026-04-22T16:43:53.3300230Z ignoring duplicate directory "/Users/runner/work/tcm-storage-ios/tcm-storage-ios/build/Build/Products/Debug-iphonesimulator/PackageFrameworks"
2026-04-22T16:43:53.3301200Z ignoring duplicate directory "/Users/runner/work/tcm-storage-ios/tcm-storage-ios/build/Build/Products/Debug-iphonesimulator/PackageFrameworks"
2026-04-22T16:43:53.3301930Z ignoring duplicate directory "/Users/runner/work/tcm-storage-ios/tcm-storage-ios/build/Build/Products/Debug-iphonesimulator/PackageFrameworks"
2026-04-22T16:43:53.3303200Z ignoring duplicate directory "/Users/runner/work/tcm-storage-ios/tcm-storage-ios/build/Build/Products/Debug-iphonesimulator/PackageFrameworks"
2026-04-22T16:43:53.3303960Z ignoring duplicate directory "/Users/runner/work/tcm-storage-ios/tcm-storage-ios/build/Build/Products/Debug-iphonesimulator/PackageFrameworks"
2026-04-22T16:43:53.3306450Z ignoring duplicate directory "/Users/runner/work/tcm-storage-ios/tcm-storage-ios/build/Build/Products/Debug-iphonesimulator/PackageFrameworks"
2026-04-22T16:43:53.3307170Z ignoring duplicate directory "/Users/runner/work/tcm-storage-ios/tcm-storage-ios/build/Build/Products/Debug-iphonesimulator/PackageFrameworks"
2026-04-22T16:43:53.3308170Z ignoring duplicate directory "/Users/runner/work/tcm-storage-ios/tcm-storage-ios/build/Build/Products/Debug-iphonesimulator/PackageFrameworks"
2026-04-22T16:43:53.3308910Z ignoring duplicate directory "/Users/runner/work/tcm-storage-ios/tcm-storage-ios/build/Build/Products/Debug-iphonesimulator/PackageFrameworks"
2026-04-22T16:43:53.3310120Z ignoring duplicate directory "/Users/runner/work/tcm-storage-ios/tcm-storage-ios/build/Build/Products/Debug-iphonesimulator/PackageFrameworks"
2026-04-22T16:43:53.3310900Z ignoring duplicate directory "/Users/runner/work/tcm-storage-ios/tcm-storage-ios/build/Build/Products/Debug-iphonesimulator/PackageFrameworks"
2026-04-22T16:43:53.3311640Z ignoring duplicate directory "/Users/runner/work/tcm-storage-ios/tcm-storage-ios/build/Build/Products/Debug-iphonesimulator/PackageFrameworks"
2026-04-22T16:43:53.3312910Z ignoring duplicate directory "/Users/runner/work/tcm-storage-ios/tcm-storage-ios/build/Build/Products/Debug-iphonesimulator/PackageFrameworks"
2026-04-22T16:43:53.3313640Z ignoring duplicate directory "/Users/runner/work/tcm-storage-ios/tcm-storage-ios/build/Build/Products/Debug-iphonesimulator/PackageFrameworks"
2026-04-22T16:43:53.3314760Z ignoring duplicate directory "/Users/runner/work/tcm-storage-ios/tcm-storage-ios/build/Build/Products/Debug-iphonesimulator/PackageFrameworks"
2026-04-22T16:43:53.3315490Z ignoring duplicate directory "/Users/runner/work/tcm-storage-ios/tcm-storage-ios/build/Build/Products/Debug-iphonesimulator/PackageFrameworks"
2026-04-22T16:43:53.3316500Z ignoring duplicate directory "/Users/runner/work/tcm-storage-ios/tcm-storage-ios/build/Build/Products/Debug-iphonesimulator/PackageFrameworks"
2026-04-22T16:43:53.3317230Z ignoring duplicate directory "/Users/runner/work/tcm-storage-ios/tcm-storage-ios/build/Build/Products/Debug-iphonesimulator/PackageFrameworks"
2026-04-22T16:43:53.3318250Z ignoring duplicate directory "/Users/runner/work/tcm-storage-ios/tcm-storage-ios/build/Build/Products/Debug-iphonesimulator/PackageFrameworks"
2026-04-22T16:43:53.3318710Z #include "..." search starts here:
2026-04-22T16:43:53.3319400Z  /Users/runner/work/tcm-storage-ios/tcm-storage-ios/build/Build/Intermediates.noindex/Nextcloud.build/Debug-iphonesimulator/Notification Service Extension.build/Notification Service Extension-generated-files.hmap (headermap)
2026-04-22T16:43:53.3321320Z  /Users/runner/work/tcm-storage-ios/tcm-storage-ios/build/Build/Intermediates.noindex/Nextcloud.build/Debug-iphonesimulator/Notification Service Extension.build/Notification Service Extension-project-headers.hmap (headermap)
2026-04-22T16:43:53.3322010Z #include <...> search starts here:
2026-04-22T16:43:53.3323010Z  /Users/runner/work/tcm-storage-ios/tcm-storage-ios/build/Build/Intermediates.noindex/Nextcloud.build/Debug-iphonesimulator/Notification Service Extension.build/Notification Service Extension-own-target-headers.hmap (headermap)
2026-04-22T16:43:53.3324980Z  /Users/runner/work/tcm-storage-ios/tcm-storage-ios/build/Build/Intermediates.noindex/Nextcloud.build/Debug-iphonesimulator/Notification Service Extension.build/Notification Service Extension-all-non-framework-target-headers.hmap (headermap)
2026-04-22T16:43:53.3327040Z  /Users/runner/work/tcm-storage-ios/tcm-storage-ios/build/SourcePackages/checkouts/swift-atomics/Sources/_AtomicsShims/include
2026-04-22T16:43:53.3327710Z  /Users/runner/work/tcm-storage-ios/tcm-storage-ios/build/SourcePackages/checkouts/swift-nio/Sources/CNIOPosix/include
2026-04-22T16:43:53.3328320Z  /Users/runner/work/tcm-storage-ios/tcm-storage-ios/build/SourcePackages/checkouts/swift-nio/Sources/CNIOWASI/include
2026-04-22T16:43:53.3329200Z  /Users/runner/work/tcm-storage-ios/tcm-storage-ios/build/SourcePackages/checkouts/swift-nio/Sources/CNIOWindows/include
2026-04-22T16:43:53.3329820Z  /Users/runner/work/tcm-storage-ios/tcm-storage-ios/build/SourcePackages/checkouts/swift-nio/Sources/CNIOLinux/include
2026-04-22T16:43:53.3330420Z  /Users/runner/work/tcm-storage-ios/tcm-storage-ios/build/SourcePackages/checkouts/swift-nio/Sources/CNIODarwin/include
2026-04-22T16:43:53.3331160Z  /Users/runner/work/tcm-storage-ios/tcm-storage-ios/build/SourcePackages/checkouts/swift-nio/Sources/CNIOOpenBSD/include
2026-04-22T16:43:53.3331770Z  /Users/runner/work/tcm-storage-ios/tcm-storage-ios/build/SourcePackages/checkouts/swift-nio/Sources/CNIOAtomics/include
2026-04-22T16:43:53.3332430Z  /Users/runner/work/tcm-storage-ios/tcm-storage-ios/build/SourcePackages/checkouts/swift-nio-ssl/Sources/CNIOBoringSSLShims/include
2026-04-22T16:43:53.3333230Z  /Users/runner/work/tcm-storage-ios/tcm-storage-ios/build/SourcePackages/checkouts/swift-nio-ssl/Sources/CNIOBoringSSL/include
2026-04-22T16:43:53.3333800Z  /Users/runner/work/tcm-storage-ios/tcm-storage-ios/build/SourcePackages/checkouts/realm-core/src
2026-04-22T16:43:53.3334560Z  /Users/runner/work/tcm-storage-ios/tcm-storage-ios/build/SourcePackages/checkouts/realm-core/src/external/s2
2026-04-22T16:43:53.3335340Z  /Users/runner/work/tcm-storage-ios/tcm-storage-ios/build/SourcePackages/checkouts/realm-core/src/external/IntelRDFPMathLib20U2/LIBRARY/src
2026-04-22T16:43:53.3335950Z  /Users/runner/work/tcm-storage-ios/tcm-storage-ios/build/SourcePackages/checkouts/realm-core/src/spm
2026-04-22T16:43:53.3336520Z  /Users/runner/work/tcm-storage-ios/tcm-storage-ios/build/SourcePackages/checkouts/realm-swift/include
2026-04-22T16:43:53.3337320Z  /Users/runner/work/tcm-storage-ios/tcm-storage-ios/build/Build/Intermediates.noindex/Nextcloud.build/Debug-iphonesimulator/Notification Service Extension.build/DerivedSources
2026-04-22T16:43:53.3338150Z  /Users/runner/work/tcm-storage-ios/tcm-storage-ios/build/Build/Products/Debug-iphonesimulator/PackageFrameworks (framework directory)
2026-04-22T16:43:53.3338950Z  /Users/runner/work/tcm-storage-ios/tcm-storage-ios/build/Build/Products/Debug-iphonesimulator (framework directory)
2026-04-22T16:43:53.3339600Z  /Applications/Xcode_26.2.app/Contents/Developer/Platforms/iPhoneSimulator.platform/Developer/Library/Frameworks (framework directory)
2026-04-22T16:43:53.3340410Z  /Applications/Xcode_26.2.app/Contents/Developer/Platforms/iPhoneSimulator.platform/Developer/SDKs/iPhoneSimulator26.2.sdk/Developer/Library/Frameworks (framework directory)
2026-04-22T16:43:53.3341150Z  /Applications/Xcode_26.2.app/Contents/Developer/Toolchains/XcodeDefault.xctoolchain/usr/lib/clang/17/include
2026-04-22T16:43:53.3342550Z  /Applications/Xcode_26.2.app/Contents/Developer/Platforms/iPhoneSimulator.platform/Developer/SDKs/iPhoneSimulator26.2.sdk/usr/include
2026-04-22T16:43:53.3343170Z  /Applications/Xcode_26.2.app/Contents/Developer/Toolchains/XcodeDefault.xctoolchain/usr/include
2026-04-22T16:43:53.3343990Z  /Applications/Xcode_26.2.app/Contents/Developer/Platforms/iPhoneSimulator.platform/Developer/SDKs/iPhoneSimulator26.2.sdk/System/Library/Frameworks (framework directory)
2026-04-22T16:43:53.3344900Z  /Applications/Xcode_26.2.app/Contents/Developer/Platforms/iPhoneSimulator.platform/Developer/SDKs/iPhoneSimulator26.2.sdk/System/Library/SubFrameworks (framework directory)
2026-04-22T16:43:53.3345440Z End of search list.
2026-04-22T16:43:53.3345870Z clang -cc1 version 17.0.0 (clang-1700.6.3.2) default target arm64-apple-darwin24.6.0
2026-04-22T16:43:53.3346620Z ignoring nonexistent directory "/Users/runner/work/tcm-storage-ios/tcm-storage-ios/build/Build/Products/Debug-iphonesimulator/include"
2026-04-22T16:43:53.3347610Z ignoring nonexistent directory "/Users/runner/work/tcm-storage-ios/tcm-storage-ios/build/Build/Intermediates.noindex/Nextcloud.build/Debug-iphonesimulator/Notification Service Extension.build/DerivedSources-normal/arm64"
2026-04-22T16:43:53.3348780Z ignoring nonexistent directory "/Users/runner/work/tcm-storage-ios/tcm-storage-ios/build/Build/Intermediates.noindex/Nextcloud.build/Debug-iphonesimulator/Notification Service Extension.build/DerivedSources/arm64"
2026-04-22T16:43:53.3350070Z ignoring nonexistent directory "/Applications/Xcode_26.2.app/Contents/Developer/Platforms/iPhoneSimulator.platform/Developer/SDKs/iPhoneSimulator26.2.sdk/usr/local/include"
2026-04-22T16:43:53.3351010Z ignoring nonexistent directory "/Applications/Xcode_26.2.app/Contents/Developer/Platforms/iPhoneSimulator.platform/Developer/SDKs/iPhoneSimulator26.2.sdk/Library/Frameworks"
2026-04-22T16:43:53.3351960Z ignoring duplicate directory "/Users/runner/work/tcm-storage-ios/tcm-storage-ios/build/Build/Products/Debug-iphonesimulator/PackageFrameworks"
2026-04-22T16:43:53.3352710Z ignoring duplicate directory "/Users/runner/work/tcm-storage-ios/tcm-storage-ios/build/Build/Products/Debug-iphonesimulator/PackageFrameworks"
2026-04-22T16:43:53.3353480Z ignoring duplicate directory "/Users/runner/work/tcm-storage-ios/tcm-storage-ios/build/Build/Products/Debug-iphonesimulator/PackageFrameworks"
2026-04-22T16:43:53.3354350Z ignoring duplicate directory "/Users/runner/work/tcm-storage-ios/tcm-storage-ios/build/Build/Products/Debug-iphonesimulator/PackageFrameworks"
2026-04-22T16:43:53.3355100Z ignoring duplicate directory "/Users/runner/work/tcm-storage-ios/tcm-storage-ios/build/Build/Products/Debug-iphonesimulator/PackageFrameworks"
2026-04-22T16:43:53.3356100Z ignoring duplicate directory "/Users/runner/work/tcm-storage-ios/tcm-storage-ios/build/Build/Products/Debug-iphonesimulator/PackageFrameworks"
2026-04-22T16:43:53.3356890Z ignoring duplicate directory "/Users/runner/work/tcm-storage-ios/tcm-storage-ios/build/Build/Products/Debug-iphonesimulator/PackageFrameworks"
2026-04-22T16:43:53.3357630Z ignoring duplicate directory "/Users/runner/work/tcm-storage-ios/tcm-storage-ios/build/Build/Products/Debug-iphonesimulator/PackageFrameworks"
2026-04-22T16:43:53.3358500Z ignoring duplicate directory "/Users/runner/work/tcm-storage-ios/tcm-storage-ios/build/Build/Products/Debug-iphonesimulator/PackageFrameworks"
2026-04-22T16:43:53.3359290Z ignoring duplicate directory "/Users/runner/work/tcm-storage-ios/tcm-storage-ios/build/Build/Products/Debug-iphonesimulator/PackageFrameworks"
2026-04-22T16:43:53.3366870Z ignoring duplicate directory "/Users/runner/work/tcm-storage-ios/tcm-storage-ios/build/Build/Products/Debug-iphonesimulator/PackageFrameworks"
2026-04-22T16:43:53.3367640Z ignoring duplicate directory "/Users/runner/work/tcm-storage-ios/tcm-storage-ios/build/Build/Products/Debug-iphonesimulator/PackageFrameworks"
2026-04-22T16:43:53.3368720Z ignoring duplicate directory "/Users/runner/work/tcm-storage-ios/tcm-storage-ios/build/Build/Products/Debug-iphonesimulator/PackageFrameworks"
2026-04-22T16:43:53.3369600Z ignoring duplicate directory "/Users/runner/work/tcm-storage-ios/tcm-storage-ios/build/Build/Products/Debug-iphonesimulator/PackageFrameworks"
2026-04-22T16:43:53.3370350Z ignoring duplicate directory "/Users/runner/work/tcm-storage-ios/tcm-storage-ios/build/Build/Products/Debug-iphonesimulator/PackageFrameworks"
2026-04-22T16:43:53.3371240Z ignoring duplicate directory "/Users/runner/work/tcm-storage-ios/tcm-storage-ios/build/Build/Products/Debug-iphonesimulator/PackageFrameworks"
2026-04-22T16:43:53.3371970Z ignoring duplicate directory "/Users/runner/work/tcm-storage-ios/tcm-storage-ios/build/Build/Products/Debug-iphonesimulator/PackageFrameworks"
2026-04-22T16:43:53.3372700Z ignoring duplicate directory "/Users/runner/work/tcm-storage-ios/tcm-storage-ios/build/Build/Products/Debug-iphonesimulator/PackageFrameworks"
2026-04-22T16:43:53.3373800Z ignoring duplicate directory "/Users/runner/work/tcm-storage-ios/tcm-storage-ios/build/Build/Products/Debug-iphonesimulator/PackageFrameworks"
2026-04-22T16:43:53.3374550Z ignoring duplicate directory "/Users/runner/work/tcm-storage-ios/tcm-storage-ios/build/Build/Products/Debug-iphonesimulator/PackageFrameworks"
2026-04-22T16:43:53.3375280Z ignoring duplicate directory "/Users/runner/work/tcm-storage-ios/tcm-storage-ios/build/Build/Products/Debug-iphonesimulator/PackageFrameworks"
2026-04-22T16:43:53.3376130Z ignoring duplicate directory "/Users/runner/work/tcm-storage-ios/tcm-storage-ios/build/Build/Products/Debug-iphonesimulator/PackageFrameworks"
2026-04-22T16:43:53.3376870Z ignoring duplicate directory "/Users/runner/work/tcm-storage-ios/tcm-storage-ios/build/Build/Products/Debug-iphonesimulator/PackageFrameworks"
2026-04-22T16:43:53.3377730Z ignoring duplicate directory "/Users/runner/work/tcm-storage-ios/tcm-storage-ios/build/Build/Products/Debug-iphonesimulator/PackageFrameworks"
2026-04-22T16:43:53.3378480Z ignoring duplicate directory "/Users/runner/work/tcm-storage-ios/tcm-storage-ios/build/Build/Products/Debug-iphonesimulator/PackageFrameworks"
2026-04-22T16:43:53.3379200Z ignoring duplicate directory "/Users/runner/work/tcm-storage-ios/tcm-storage-ios/build/Build/Products/Debug-iphonesimulator/PackageFrameworks"
2026-04-22T16:43:53.3379920Z ignoring duplicate directory "/Users/runner/work/tcm-storage-ios/tcm-storage-ios/build/Build/Products/Debug-iphonesimulator/PackageFrameworks"
2026-04-22T16:43:53.3380910Z ignoring duplicate directory "/Users/runner/work/tcm-storage-ios/tcm-storage-ios/build/Build/Products/Debug-iphonesimulator/PackageFrameworks"
2026-04-22T16:43:53.3381630Z ignoring duplicate directory "/Users/runner/work/tcm-storage-ios/tcm-storage-ios/build/Build/Products/Debug-iphonesimulator/PackageFrameworks"
2026-04-22T16:43:53.3382360Z ignoring duplicate directory "/Users/runner/work/tcm-storage-ios/tcm-storage-ios/build/Build/Products/Debug-iphonesimulator/PackageFrameworks"
2026-04-22T16:43:53.3383210Z ignoring duplicate directory "/Users/runner/work/tcm-storage-ios/tcm-storage-ios/build/Build/Products/Debug-iphonesimulator/PackageFrameworks"
2026-04-22T16:43:53.3383940Z ignoring duplicate directory "/Users/runner/work/tcm-storage-ios/tcm-storage-ios/build/Build/Products/Debug-iphonesimulator/PackageFrameworks"
2026-04-22T16:43:53.3384790Z ignoring duplicate directory "/Users/runner/work/tcm-storage-ios/tcm-storage-ios/build/Build/Products/Debug-iphonesimulator/PackageFrameworks"
2026-04-22T16:43:53.3385700Z ignoring duplicate directory "/Users/runner/work/tcm-storage-ios/tcm-storage-ios/build/Build/Products/Debug-iphonesimulator/PackageFrameworks"
2026-04-22T16:43:53.3386530Z #include "..." search starts here:
2026-04-22T16:43:53.3387420Z  /Users/runner/work/tcm-storage-ios/tcm-storage-ios/build/Build/Intermediates.noindex/Nextcloud.build/Debug-iphonesimulator/Notification Service Extension.build/Notification Service Extension-generated-files.hmap (headermap)
2026-04-22T16:43:53.3388930Z  /Users/runner/work/tcm-storage-ios/tcm-storage-ios/build/Build/Intermediates.noindex/Nextcloud.build/Debug-iphonesimulator/Notification Service Extension.build/Notification Service Extension-project-headers.hmap (headermap)
2026-04-22T16:43:53.3389740Z #include <...> search starts here:
2026-04-22T16:43:53.3390460Z  /Users/runner/work/tcm-storage-ios/tcm-storage-ios/build/Build/Intermediates.noindex/Nextcloud.build/Debug-iphonesimulator/Notification Service Extension.build/Notification Service Extension-own-target-headers.hmap (headermap)
2026-04-22T16:43:53.3391990Z  /Users/runner/work/tcm-storage-ios/tcm-storage-ios/build/Build/Intermediates.noindex/Nextcloud.build/Debug-iphonesimulator/Notification Service Extension.build/Notification Service Extension-all-non-framework-target-headers.hmap (headermap)
2026-04-22T16:43:53.3393050Z  /Users/runner/work/tcm-storage-ios/tcm-storage-ios/build/SourcePackages/checkouts/swift-atomics/Sources/_AtomicsShims/include
2026-04-22T16:43:53.3393680Z  /Users/runner/work/tcm-storage-ios/tcm-storage-ios/build/SourcePackages/checkouts/swift-nio/Sources/CNIOPosix/include
2026-04-22T16:43:53.3394310Z  /Users/runner/work/tcm-storage-ios/tcm-storage-ios/build/SourcePackages/checkouts/swift-nio/Sources/CNIOWASI/include
2026-04-22T16:43:53.3395110Z  /Users/runner/work/tcm-storage-ios/tcm-storage-ios/build/SourcePackages/checkouts/swift-nio/Sources/CNIOWindows/include
2026-04-22T16:43:53.3395890Z  /Users/runner/work/tcm-storage-ios/tcm-storage-ios/build/SourcePackages/checkouts/swift-nio/Sources/CNIOLinux/include
2026-04-22T16:43:53.3396490Z  /Users/runner/work/tcm-storage-ios/tcm-storage-ios/build/SourcePackages/checkouts/swift-nio/Sources/CNIODarwin/include
2026-04-22T16:43:53.3397100Z  /Users/runner/work/tcm-storage-ios/tcm-storage-ios/build/SourcePackages/checkouts/swift-nio/Sources/CNIOOpenBSD/include
2026-04-22T16:43:53.3397830Z  /Users/runner/work/tcm-storage-ios/tcm-storage-ios/build/SourcePackages/checkouts/swift-nio/Sources/CNIOAtomics/include
2026-04-22T16:43:53.3398610Z  /Users/runner/work/tcm-storage-ios/tcm-storage-ios/build/SourcePackages/checkouts/swift-nio-ssl/Sources/CNIOBoringSSLShims/include
2026-04-22T16:43:53.3399310Z  /Users/runner/work/tcm-storage-ios/tcm-storage-ios/build/SourcePackages/checkouts/swift-nio-ssl/Sources/CNIOBoringSSL/include
2026-04-22T16:43:53.3399900Z  /Users/runner/work/tcm-storage-ios/tcm-storage-ios/build/SourcePackages/checkouts/realm-core/src
2026-04-22T16:43:53.3400570Z  /Users/runner/work/tcm-storage-ios/tcm-storage-ios/build/SourcePackages/checkouts/realm-core/src/external/s2
2026-04-22T16:43:53.3401200Z  /Users/runner/work/tcm-storage-ios/tcm-storage-ios/build/SourcePackages/checkouts/realm-core/src/external/IntelRDFPMathLib20U2/LIBRARY/src
2026-04-22T16:43:53.3401890Z  /Users/runner/work/tcm-storage-ios/tcm-storage-ios/build/SourcePackages/checkouts/realm-core/src/spm
2026-04-22T16:43:53.3402580Z  /Users/runner/work/tcm-storage-ios/tcm-storage-ios/build/SourcePackages/checkouts/realm-swift/include
2026-04-22T16:43:53.3403300Z  /Users/runner/work/tcm-storage-ios/tcm-storage-ios/build/Build/Intermediates.noindex/Nextcloud.build/Debug-iphonesimulator/Notification Service Extension.build/DerivedSources
2026-04-22T16:43:53.3404120Z  /Users/runner/work/tcm-storage-ios/tcm-storage-ios/build/Build/Products/Debug-iphonesimulator/PackageFrameworks (framework directory)
2026-04-22T16:43:53.3405180Z  /Users/runner/work/tcm-storage-ios/tcm-storage-ios/build/Build/Products/Debug-iphonesimulator (framework directory)
2026-04-22T16:43:53.3406020Z  /Applications/Xcode_26.2.app/Contents/Developer/Platforms/iPhoneSimulator.platform/Developer/Library/Frameworks (framework directory)
2026-04-22T16:43:53.3406840Z  /Applications/Xcode_26.2.app/Contents/Developer/Platforms/iPhoneSimulator.platform/Developer/SDKs/iPhoneSimulator26.2.sdk/Developer/Library/Frameworks (framework directory)
2026-04-22T16:43:53.3407600Z  /Applications/Xcode_26.2.app/Contents/Developer/Toolchains/XcodeDefault.xctoolchain/usr/lib/clang/17/include
2026-04-22T16:43:53.3408400Z  /Applications/Xcode_26.2.app/Contents/Developer/Platforms/iPhoneSimulator.platform/Developer/SDKs/iPhoneSimulator26.2.sdk/usr/include
2026-04-22T16:43:53.3409160Z  /Applications/Xcode_26.2.app/Contents/Developer/Toolchains/XcodeDefault.xctoolchain/usr/include
2026-04-22T16:43:53.3409910Z  /Applications/Xcode_26.2.app/Contents/Developer/Platforms/iPhoneSimulator.platform/Developer/SDKs/iPhoneSimulator26.2.sdk/System/Library/Frameworks (framework directory)
2026-04-22T16:43:53.3410840Z  /Applications/Xcode_26.2.app/Contents/Developer/Platforms/iPhoneSimulator.platform/Developer/SDKs/iPhoneSimulator26.2.sdk/System/Library/SubFrameworks (framework directory)
2026-04-22T16:43:53.3412420Z End of search list.
2026-04-22T16:43:53.3412700Z clang -cc1 version 17.0.0 (clang-1700.6.3.2) default target arm64-apple-darwin24.6.0
2026-04-22T16:43:53.3413250Z ignoring nonexistent directory "/Users/runner/work/tcm-storage-ios/tcm-storage-ios/build/Build/Products/Debug-iphonesimulator/include"
2026-04-22T16:43:53.3414240Z ignoring nonexistent directory "/Users/runner/work/tcm-storage-ios/tcm-storage-ios/build/Build/Intermediates.noindex/Nextcloud.build/Debug-iphonesimulator/Notification Service Extension.build/DerivedSources-normal/arm64"
2026-04-22T16:43:53.3415400Z ignoring nonexistent directory "/Users/runner/work/tcm-storage-ios/tcm-storage-ios/build/Build/Intermediates.noindex/Nextcloud.build/Debug-iphonesimulator/Notification Service Extension.build/DerivedSources/arm64"
2026-04-22T16:43:53.3416430Z ignoring nonexistent directory "/Applications/Xcode_26.2.app/Contents/Developer/Platforms/iPhoneSimulator.platform/Developer/SDKs/iPhoneSimulator26.2.sdk/usr/local/include"
2026-04-22T16:43:53.3417410Z ignoring nonexistent directory "/Applications/Xcode_26.2.app/Contents/Developer/Platforms/iPhoneSimulator.platform/Developer/SDKs/iPhoneSimulator26.2.sdk/Library/Frameworks"
2026-04-22T16:43:53.3418230Z ignoring duplicate directory "/Users/runner/work/tcm-storage-ios/tcm-storage-ios/build/Build/Products/Debug-iphonesimulator/PackageFrameworks"
2026-04-22T16:43:53.3419170Z ignoring duplicate directory "/Users/runner/work/tcm-storage-ios/tcm-storage-ios/build/Build/Products/Debug-iphonesimulator/PackageFrameworks"
2026-04-22T16:43:53.3419910Z ignoring duplicate directory "/Users/runner/work/tcm-storage-ios/tcm-storage-ios/build/Build/Products/Debug-iphonesimulator/PackageFrameworks"
2026-04-22T16:43:53.3420660Z ignoring duplicate directory "/Users/runner/work/tcm-storage-ios/tcm-storage-ios/build/Build/Products/Debug-iphonesimulator/PackageFrameworks"
2026-04-22T16:43:53.3421400Z ignoring duplicate directory "/Users/runner/work/tcm-storage-ios/tcm-storage-ios/build/Build/Products/Debug-iphonesimulator/PackageFrameworks"
2026-04-22T16:43:53.3422130Z ignoring duplicate directory "/Users/runner/work/tcm-storage-ios/tcm-storage-ios/build/Build/Products/Debug-iphonesimulator/PackageFrameworks"
2026-04-22T16:43:53.3422910Z ignoring duplicate directory "/Users/runner/work/tcm-storage-ios/tcm-storage-ios/build/Build/Products/Debug-iphonesimulator/PackageFrameworks"
2026-04-22T16:43:53.3423710Z ignoring duplicate directory "/Users/runner/work/tcm-storage-ios/tcm-storage-ios/build/Build/Products/Debug-iphonesimulator/PackageFrameworks"
2026-04-22T16:43:53.3424450Z ignoring duplicate directory "/Users/runner/work/tcm-storage-ios/tcm-storage-ios/build/Build/Products/Debug-iphonesimulator/PackageFrameworks"
2026-04-22T16:43:53.3425180Z ignoring duplicate directory "/Users/runner/work/tcm-storage-ios/tcm-storage-ios/build/Build/Products/Debug-iphonesimulator/PackageFrameworks"
2026-04-22T16:43:53.3425900Z ignoring duplicate directory "/Users/runner/work/tcm-storage-ios/tcm-storage-ios/build/Build/Products/Debug-iphonesimulator/PackageFrameworks"
2026-04-22T16:43:53.3427320Z ignoring duplicate directory "/Users/runner/work/tcm-storage-ios/tcm-storage-ios/build/Build/Products/Debug-iphonesimulator/PackageFrameworks"
2026-04-22T16:43:53.3428060Z ignoring duplicate directory "/Users/runner/work/tcm-storage-ios/tcm-storage-ios/build/Build/Products/Debug-iphonesimulator/PackageFrameworks"
2026-04-22T16:43:53.3429200Z ignoring duplicate directory "/Users/runner/work/tcm-storage-ios/tcm-storage-ios/build/Build/Products/Debug-iphonesimulator/PackageFrameworks"
2026-04-22T16:43:53.3430050Z ignoring duplicate directory "/Users/runner/work/tcm-storage-ios/tcm-storage-ios/build/Build/Products/Debug-iphonesimulator/PackageFrameworks"
2026-04-22T16:43:53.3430860Z ignoring duplicate directory "/Users/runner/work/tcm-storage-ios/tcm-storage-ios/build/Build/Products/Debug-iphonesimulator/PackageFrameworks"
2026-04-22T16:43:53.3431630Z ignoring duplicate directory "/Users/runner/work/tcm-storage-ios/tcm-storage-ios/build/Build/Products/Debug-iphonesimulator/PackageFrameworks"
2026-04-22T16:43:53.3432380Z ignoring duplicate directory "/Users/runner/work/tcm-storage-ios/tcm-storage-ios/build/Build/Products/Debug-iphonesimulator/PackageFrameworks"
2026-04-22T16:43:53.3433130Z ignoring duplicate directory "/Users/runner/work/tcm-storage-ios/tcm-storage-ios/build/Build/Products/Debug-iphonesimulator/PackageFrameworks"
2026-04-22T16:43:53.3433860Z ignoring duplicate directory "/Users/runner/work/tcm-storage-ios/tcm-storage-ios/build/Build/Products/Debug-iphonesimulator/PackageFrameworks"
2026-04-22T16:43:53.3434580Z ignoring duplicate directory "/Users/runner/work/tcm-storage-ios/tcm-storage-ios/build/Build/Products/Debug-iphonesimulator/PackageFrameworks"
2026-04-22T16:43:53.3435310Z ignoring duplicate directory "/Users/runner/work/tcm-storage-ios/tcm-storage-ios/build/Build/Products/Debug-iphonesimulator/PackageFrameworks"
2026-04-22T16:43:53.3436110Z ignoring duplicate directory "/Users/runner/work/tcm-storage-ios/tcm-storage-ios/build/Build/Products/Debug-iphonesimulator/PackageFrameworks"
2026-04-22T16:43:53.3436840Z ignoring duplicate directory "/Users/runner/work/tcm-storage-ios/tcm-storage-ios/build/Build/Products/Debug-iphonesimulator/PackageFrameworks"
2026-04-22T16:43:53.3437790Z ignoring duplicate directory "/Users/runner/work/tcm-storage-ios/tcm-storage-ios/build/Build/Products/Debug-iphonesimulator/PackageFrameworks"
2026-04-22T16:43:53.3438560Z ignoring duplicate directory "/Users/runner/work/tcm-storage-ios/tcm-storage-ios/build/Build/Products/Debug-iphonesimulator/PackageFrameworks"
2026-04-22T16:43:53.3439290Z ignoring duplicate directory "/Users/runner/work/tcm-storage-ios/tcm-storage-ios/build/Build/Products/Debug-iphonesimulator/PackageFrameworks"
2026-04-22T16:43:53.3440100Z ignoring duplicate directory "/Users/runner/work/tcm-storage-ios/tcm-storage-ios/build/Build/Products/Debug-iphonesimulator/PackageFrameworks"
2026-04-22T16:43:53.3440830Z ignoring duplicate directory "/Users/runner/work/tcm-storage-ios/tcm-storage-ios/build/Build/Products/Debug-iphonesimulator/PackageFrameworks"
2026-04-22T16:43:53.3441560Z ignoring duplicate directory "/Users/runner/work/tcm-storage-ios/tcm-storage-ios/build/Build/Products/Debug-iphonesimulator/PackageFrameworks"
2026-04-22T16:43:53.3442290Z ignoring duplicate directory "/Users/runner/work/tcm-storage-ios/tcm-storage-ios/build/Build/Products/Debug-iphonesimulator/PackageFrameworks"
2026-04-22T16:43:53.3443060Z ignoring duplicate directory "/Users/runner/work/tcm-storage-ios/tcm-storage-ios/build/Build/Products/Debug-iphonesimulator/PackageFrameworks"
2026-04-22T16:43:53.3443800Z ignoring duplicate directory "/Users/runner/work/tcm-storage-ios/tcm-storage-ios/build/Build/Products/Debug-iphonesimulator/PackageFrameworks"
2026-04-22T16:43:53.3444540Z ignoring duplicate directory "/Users/runner/work/tcm-storage-ios/tcm-storage-ios/build/Build/Products/Debug-iphonesimulator/PackageFrameworks"
2026-04-22T16:43:53.3445000Z #include "..." search starts here:
2026-04-22T16:43:53.3445690Z  /Users/runner/work/tcm-storage-ios/tcm-storage-ios/build/Build/Intermediates.noindex/Nextcloud.build/Debug-iphonesimulator/Notification Service Extension.build/Notification Service Extension-generated-files.hmap (headermap)
2026-04-22T16:43:53.3447410Z  /Users/runner/work/tcm-storage-ios/tcm-storage-ios/build/Build/Intermediates.noindex/Nextcloud.build/Debug-iphonesimulator/Notification Service Extension.build/Notification Service Extension-project-headers.hmap (headermap)
2026-04-22T16:43:53.3448290Z #include <...> search starts here:
2026-04-22T16:43:53.3449190Z  /Users/runner/work/tcm-storage-ios/tcm-storage-ios/build/Build/Intermediates.noindex/Nextcloud.build/Debug-iphonesimulator/Notification Service Extension.build/Notification Service Extension-own-target-headers.hmap (headermap)
2026-04-22T16:43:53.3450700Z  /Users/runner/work/tcm-storage-ios/tcm-storage-ios/build/Build/Intermediates.noindex/Nextcloud.build/Debug-iphonesimulator/Notification Service Extension.build/Notification Service Extension-all-non-framework-target-headers.hmap (headermap)
2026-04-22T16:43:53.3451900Z  /Users/runner/work/tcm-storage-ios/tcm-storage-ios/build/SourcePackages/checkouts/swift-atomics/Sources/_AtomicsShims/include
2026-04-22T16:43:53.3452670Z  /Users/runner/work/tcm-storage-ios/tcm-storage-ios/build/SourcePackages/checkouts/swift-nio/Sources/CNIOPosix/include
2026-04-22T16:43:53.3453430Z  /Users/runner/work/tcm-storage-ios/tcm-storage-ios/build/SourcePackages/checkouts/swift-nio/Sources/CNIOWASI/include
2026-04-22T16:43:53.3453740Z  /Users/runner/work/tcm-storage-ios/tcm-storage-ios/build/SourcePackages/checkouts/swift-nio/Sources/CNIOWindows/include
2026-04-22T16:43:53.3454680Z  /Users/runner/work/tcm-storage-ios/tcm-storage-ios/build/SourcePackages/checkouts/swift-nio/Sources/CNIOLinux/include
2026-04-22T16:43:53.3455010Z  /Users/runner/work/tcm-storage-ios/tcm-storage-ios/build/SourcePackages/checkouts/swift-nio/Sources/CNIODarwin/include
2026-04-22T16:43:53.3455350Z  /Users/runner/work/tcm-storage-ios/tcm-storage-ios/build/SourcePackages/checkouts/swift-nio/Sources/CNIOOpenBSD/include
2026-04-22T16:43:53.3456150Z  /Users/runner/work/tcm-storage-ios/tcm-storage-ios/build/SourcePackages/checkouts/swift-nio/Sources/CNIOAtomics/include
2026-04-22T16:43:53.3456510Z  /Users/runner/work/tcm-storage-ios/tcm-storage-ios/build/SourcePackages/checkouts/swift-nio-ssl/Sources/CNIOBoringSSLShims/include
2026-04-22T16:43:53.3457190Z  /Users/runner/work/tcm-storage-ios/tcm-storage-ios/build/SourcePackages/checkouts/swift-nio-ssl/Sources/CNIOBoringSSL/include
2026-04-22T16:43:53.3457450Z  /Users/runner/work/tcm-storage-ios/tcm-storage-ios/build/SourcePackages/checkouts/realm-core/src
2026-04-22T16:43:53.3457720Z  /Users/runner/work/tcm-storage-ios/tcm-storage-ios/build/SourcePackages/checkouts/realm-core/src/external/s2
2026-04-22T16:43:53.3458100Z  /Users/runner/work/tcm-storage-ios/tcm-storage-ios/build/SourcePackages/checkouts/realm-core/src/external/IntelRDFPMathLib20U2/LIBRARY/src
2026-04-22T16:43:53.3458860Z  /Users/runner/work/tcm-storage-ios/tcm-storage-ios/build/SourcePackages/checkouts/realm-core/src/spm
2026-04-22T16:43:53.3459140Z  /Users/runner/work/tcm-storage-ios/tcm-storage-ios/build/SourcePackages/checkouts/realm-swift/include
2026-04-22T16:43:53.3460580Z  /Users/runner/work/tcm-storage-ios/tcm-storage-ios/build/Build/Intermediates.noindex/Nextcloud.build/Debug-iphonesimulator/Notification Service Extension.build/DerivedSources
2026-04-22T16:43:53.3460960Z  /Users/runner/work/tcm-storage-ios/tcm-storage-ios/build/Build/Products/Debug-iphonesimulator/PackageFrameworks (framework directory)
2026-04-22T16:43:53.3461300Z  /Users/runner/work/tcm-storage-ios/tcm-storage-ios/build/Build/Products/Debug-iphonesimulator (framework directory)
2026-04-22T16:43:53.3461650Z  /Applications/Xcode_26.2.app/Contents/Developer/Platforms/iPhoneSimulator.platform/Developer/Library/Frameworks (framework directory)
2026-04-22T16:43:53.3462090Z  /Applications/Xcode_26.2.app/Contents/Developer/Platforms/iPhoneSimulator.platform/Developer/SDKs/iPhoneSimulator26.2.sdk/Developer/Library/Frameworks (framework directory)
2026-04-22T16:43:53.3462710Z  /Applications/Xcode_26.2.app/Contents/Developer/Toolchains/XcodeDefault.xctoolchain/usr/lib/clang/17/include
2026-04-22T16:43:53.3463080Z  /Applications/Xcode_26.2.app/Contents/Developer/Platforms/iPhoneSimulator.platform/Developer/SDKs/iPhoneSimulator26.2.sdk/usr/include
2026-04-22T16:43:53.3463590Z  /Applications/Xcode_26.2.app/Contents/Developer/Toolchains/XcodeDefault.xctoolchain/usr/include
2026-04-22T16:43:53.3465380Z  /Applications/Xcode_26.2.app/Contents/Developer/Platforms/iPhoneSimulator.platform/Developer/SDKs/iPhoneSimulator26.2.sdk/System/Library/Frameworks (framework directory)
2026-04-22T16:43:53.3465910Z  /Applications/Xcode_26.2.app/Contents/Developer/Platforms/iPhoneSimulator.platform/Developer/SDKs/iPhoneSimulator26.2.sdk/System/Library/SubFrameworks (framework directory)
2026-04-22T16:43:53.3465970Z End of search list.
2026-04-22T16:43:53.3466140Z clang -cc1 version 17.0.0 (clang-1700.6.3.2) default target arm64-apple-darwin24.6.0
2026-04-22T16:43:53.3466640Z ignoring nonexistent directory "/Users/runner/work/tcm-storage-ios/tcm-storage-ios/build/Build/Products/Debug-iphonesimulator/include"
2026-04-22T16:43:53.3468170Z ignoring nonexistent directory "/Users/runner/work/tcm-storage-ios/tcm-storage-ios/build/Build/Intermediates.noindex/Nextcloud.build/Debug-iphonesimulator/Notification Service Extension.build/DerivedSources-normal/arm64"
2026-04-22T16:43:53.3468770Z ignoring nonexistent directory "/Users/runner/work/tcm-storage-ios/tcm-storage-ios/build/Build/Intermediates.noindex/Nextcloud.build/Debug-iphonesimulator/Notification Service Extension.build/DerivedSources/arm64"
2026-04-22T16:43:53.3469460Z ignoring nonexistent directory "/Applications/Xcode_26.2.app/Contents/Developer/Platforms/iPhoneSimulator.platform/Developer/SDKs/iPhoneSimulator26.2.sdk/usr/local/include"
2026-04-22T16:43:53.3470200Z ignoring nonexistent directory "/Applications/Xcode_26.2.app/Contents/Developer/Platforms/iPhoneSimulator.platform/Developer/SDKs/iPhoneSimulator26.2.sdk/Library/Frameworks"
2026-04-22T16:43:53.3470650Z ignoring duplicate directory "/Users/runner/work/tcm-storage-ios/tcm-storage-ios/build/Build/Products/Debug-iphonesimulator/PackageFrameworks"
2026-04-22T16:43:53.3471130Z ignoring duplicate directory "/Users/runner/work/tcm-storage-ios/tcm-storage-ios/build/Build/Products/Debug-iphonesimulator/PackageFrameworks"
2026-04-22T16:43:53.3471880Z ignoring duplicate directory "/Users/runner/work/tcm-storage-ios/tcm-storage-ios/build/Build/Products/Debug-iphonesimulator/PackageFrameworks"
2026-04-22T16:43:53.3472290Z ignoring duplicate directory "/Users/runner/work/tcm-storage-ios/tcm-storage-ios/build/Build/Products/Debug-iphonesimulator/PackageFrameworks"
2026-04-22T16:43:53.3473640Z ignoring duplicate directory "/Users/runner/work/tcm-storage-ios/tcm-storage-ios/build/Build/Products/Debug-iphonesimulator/PackageFrameworks"
2026-04-22T16:43:53.3474100Z ignoring duplicate directory "/Users/runner/work/tcm-storage-ios/tcm-storage-ios/build/Build/Products/Debug-iphonesimulator/PackageFrameworks"
2026-04-22T16:43:53.3474590Z ignoring duplicate directory "/Users/runner/work/tcm-storage-ios/tcm-storage-ios/build/Build/Products/Debug-iphonesimulator/PackageFrameworks"
2026-04-22T16:43:53.3474980Z ignoring duplicate directory "/Users/runner/work/tcm-storage-ios/tcm-storage-ios/build/Build/Products/Debug-iphonesimulator/PackageFrameworks"
2026-04-22T16:43:53.3475340Z ignoring duplicate directory "/Users/runner/work/tcm-storage-ios/tcm-storage-ios/build/Build/Products/Debug-iphonesimulator/PackageFrameworks"
2026-04-22T16:43:53.3475710Z ignoring duplicate directory "/Users/runner/work/tcm-storage-ios/tcm-storage-ios/build/Build/Products/Debug-iphonesimulator/PackageFrameworks"
2026-04-22T16:43:53.3476120Z ignoring duplicate directory "/Users/runner/work/tcm-storage-ios/tcm-storage-ios/build/Build/Products/Debug-iphonesimulator/PackageFrameworks"
2026-04-22T16:43:53.3476970Z ignoring duplicate directory "/Users/runner/work/tcm-storage-ios/tcm-storage-ios/build/Build/Products/Debug-iphonesimulator/PackageFrameworks"
2026-04-22T16:43:53.3478240Z ignoring duplicate directory "/Users/runner/work/tcm-storage-ios/tcm-storage-ios/build/Build/Products/Debug-iphonesimulator/PackageFrameworks"
2026-04-22T16:43:53.3478650Z ignoring duplicate directory "/Users/runner/work/tcm-storage-ios/tcm-storage-ios/build/Build/Products/Debug-iphonesimulator/PackageFrameworks"
2026-04-22T16:43:53.3479280Z ignoring duplicate directory "/Users/runner/work/tcm-storage-ios/tcm-storage-ios/build/Build/Products/Debug-iphonesimulator/PackageFrameworks"
2026-04-22T16:43:53.3479920Z ignoring duplicate directory "/Users/runner/work/tcm-storage-ios/tcm-storage-ios/build/Build/Products/Debug-iphonesimulator/PackageFrameworks"
2026-04-22T16:43:53.3480330Z ignoring duplicate directory "/Users/runner/work/tcm-storage-ios/tcm-storage-ios/build/Build/Products/Debug-iphonesimulator/PackageFrameworks"
2026-04-22T16:43:53.3480770Z ignoring duplicate directory "/Users/runner/work/tcm-storage-ios/tcm-storage-ios/build/Build/Products/Debug-iphonesimulator/PackageFrameworks"
2026-04-22T16:43:53.3481170Z ignoring duplicate directory "/Users/runner/work/tcm-storage-ios/tcm-storage-ios/build/Build/Products/Debug-iphonesimulator/PackageFrameworks"
2026-04-22T16:43:53.3482020Z ignoring duplicate directory "/Users/runner/work/tcm-storage-ios/tcm-storage-ios/build/Build/Products/Debug-iphonesimulator/PackageFrameworks"
2026-04-22T16:43:53.3482450Z ignoring duplicate directory "/Users/runner/work/tcm-storage-ios/tcm-storage-ios/build/Build/Products/Debug-iphonesimulator/PackageFrameworks"
2026-04-22T16:43:53.3482960Z ignoring duplicate directory "/Users/runner/work/tcm-storage-ios/tcm-storage-ios/build/Build/Products/Debug-iphonesimulator/PackageFrameworks"
2026-04-22T16:43:53.3484630Z ignoring duplicate directory "/Users/runner/work/tcm-storage-ios/tcm-storage-ios/build/Build/Products/Debug-iphonesimulator/PackageFrameworks"
2026-04-22T16:43:53.3485600Z ignoring duplicate directory "/Users/runner/work/tcm-storage-ios/tcm-storage-ios/build/Build/Products/Debug-iphonesimulator/PackageFrameworks"
2026-04-22T16:43:53.3485990Z ignoring duplicate directory "/Users/runner/work/tcm-storage-ios/tcm-storage-ios/build/Build/Products/Debug-iphonesimulator/PackageFrameworks"
2026-04-22T16:43:53.3486440Z ignoring duplicate directory "/Users/runner/work/tcm-storage-ios/tcm-storage-ios/build/Build/Products/Debug-iphonesimulator/PackageFrameworks"
2026-04-22T16:43:53.3487540Z ignoring duplicate directory "/Users/runner/work/tcm-storage-ios/tcm-storage-ios/build/Build/Products/Debug-iphonesimulator/PackageFrameworks"
2026-04-22T16:43:53.3487920Z ignoring duplicate directory "/Users/runner/work/tcm-storage-ios/tcm-storage-ios/build/Build/Products/Debug-iphonesimulator/PackageFrameworks"
2026-04-22T16:43:53.3488280Z ignoring duplicate directory "/Users/runner/work/tcm-storage-ios/tcm-storage-ios/build/Build/Products/Debug-iphonesimulator/PackageFrameworks"
2026-04-22T16:43:53.3488650Z ignoring duplicate directory "/Users/runner/work/tcm-storage-ios/tcm-storage-ios/build/Build/Products/Debug-iphonesimulator/PackageFrameworks"
2026-04-22T16:43:53.3489020Z ignoring duplicate directory "/Users/runner/work/tcm-storage-ios/tcm-storage-ios/build/Build/Products/Debug-iphonesimulator/PackageFrameworks"
2026-04-22T16:43:53.3489380Z ignoring duplicate directory "/Users/runner/work/tcm-storage-ios/tcm-storage-ios/build/Build/Products/Debug-iphonesimulator/PackageFrameworks"
2026-04-22T16:43:53.3489770Z ignoring duplicate directory "/Users/runner/work/tcm-storage-ios/tcm-storage-ios/build/Build/Products/Debug-iphonesimulator/PackageFrameworks"
2026-04-22T16:43:53.3490200Z ignoring duplicate directory "/Users/runner/work/tcm-storage-ios/tcm-storage-ios/build/Build/Products/Debug-iphonesimulator/PackageFrameworks"
2026-04-22T16:43:53.3490300Z #include "..." search starts here:
2026-04-22T16:43:53.3490960Z  /Users/runner/work/tcm-storage-ios/tcm-storage-ios/build/Build/Intermediates.noindex/Nextcloud.build/Debug-iphonesimulator/Notification Service Extension.build/Notification Service Extension-generated-files.hmap (headermap)
2026-04-22T16:43:53.3492360Z  /Users/runner/work/tcm-storage-ios/tcm-storage-ios/build/Build/Intermediates.noindex/Nextcloud.build/Debug-iphonesimulator/Notification Service Extension.build/Notification Service Extension-project-headers.hmap (headermap)
2026-04-22T16:43:53.3492690Z #include <...> search starts here:
2026-04-22T16:43:53.3493750Z  /Users/runner/work/tcm-storage-ios/tcm-storage-ios/build/Build/Intermediates.noindex/Nextcloud.build/Debug-iphonesimulator/Notification Service Extension.build/Notification Service Extension-own-target-headers.hmap (headermap)
2026-04-22T16:43:53.3494480Z  /Users/runner/work/tcm-storage-ios/tcm-storage-ios/build/Build/Intermediates.noindex/Nextcloud.build/Debug-iphonesimulator/Notification Service Extension.build/Notification Service Extension-all-non-framework-target-headers.hmap (headermap)
2026-04-22T16:43:53.3495230Z  /Users/runner/work/tcm-storage-ios/tcm-storage-ios/build/SourcePackages/checkouts/swift-atomics/Sources/_AtomicsShims/include
2026-04-22T16:43:53.3495550Z  /Users/runner/work/tcm-storage-ios/tcm-storage-ios/build/SourcePackages/checkouts/swift-nio/Sources/CNIOPosix/include
2026-04-22T16:43:53.3495890Z  /Users/runner/work/tcm-storage-ios/tcm-storage-ios/build/SourcePackages/checkouts/swift-nio/Sources/CNIOWASI/include
2026-04-22T16:43:53.3496230Z  /Users/runner/work/tcm-storage-ios/tcm-storage-ios/build/SourcePackages/checkouts/swift-nio/Sources/CNIOWindows/include
2026-04-22T16:43:53.3496560Z  /Users/runner/work/tcm-storage-ios/tcm-storage-ios/build/SourcePackages/checkouts/swift-nio/Sources/CNIOLinux/include
2026-04-22T16:43:53.3497350Z  /Users/runner/work/tcm-storage-ios/tcm-storage-ios/build/SourcePackages/checkouts/swift-nio/Sources/CNIODarwin/include
2026-04-22T16:43:53.3498200Z  /Users/runner/work/tcm-storage-ios/tcm-storage-ios/build/SourcePackages/checkouts/swift-nio/Sources/CNIOOpenBSD/include
2026-04-22T16:43:53.3498600Z  /Users/runner/work/tcm-storage-ios/tcm-storage-ios/build/SourcePackages/checkouts/swift-nio/Sources/CNIOAtomics/include
2026-04-22T16:43:53.3498990Z  /Users/runner/work/tcm-storage-ios/tcm-storage-ios/build/SourcePackages/checkouts/swift-nio-ssl/Sources/CNIOBoringSSLShims/include
2026-04-22T16:43:53.3499380Z  /Users/runner/work/tcm-storage-ios/tcm-storage-ios/build/SourcePackages/checkouts/swift-nio-ssl/Sources/CNIOBoringSSL/include
2026-04-22T16:43:53.3499650Z  /Users/runner/work/tcm-storage-ios/tcm-storage-ios/build/SourcePackages/checkouts/realm-core/src
2026-04-22T16:43:53.3499990Z  /Users/runner/work/tcm-storage-ios/tcm-storage-ios/build/SourcePackages/checkouts/realm-core/src/external/s2
2026-04-22T16:43:53.3500410Z  /Users/runner/work/tcm-storage-ios/tcm-storage-ios/build/SourcePackages/checkouts/realm-core/src/external/IntelRDFPMathLib20U2/LIBRARY/src
2026-04-22T16:43:53.3500710Z  /Users/runner/work/tcm-storage-ios/tcm-storage-ios/build/SourcePackages/checkouts/realm-core/src/spm
2026-04-22T16:43:53.3501000Z  /Users/runner/work/tcm-storage-ios/tcm-storage-ios/build/SourcePackages/checkouts/realm-swift/include
2026-04-22T16:43:53.3501540Z  /Users/runner/work/tcm-storage-ios/tcm-storage-ios/build/Build/Intermediates.noindex/Nextcloud.build/Debug-iphonesimulator/Notification Service Extension.build/DerivedSources
2026-04-22T16:43:53.3501960Z  /Users/runner/work/tcm-storage-ios/tcm-storage-ios/build/Build/Products/Debug-iphonesimulator/PackageFrameworks (framework directory)
2026-04-22T16:43:53.3502290Z  /Users/runner/work/tcm-storage-ios/tcm-storage-ios/build/Build/Products/Debug-iphonesimulator (framework directory)
2026-04-22T16:43:53.3502680Z  /Applications/Xcode_26.2.app/Contents/Developer/Platforms/iPhoneSimulator.platform/Developer/Library/Frameworks (framework directory)
2026-04-22T16:43:53.3503220Z  /Applications/Xcode_26.2.app/Contents/Developer/Platforms/iPhoneSimulator.platform/Developer/SDKs/iPhoneSimulator26.2.sdk/Developer/Library/Frameworks (framework directory)
2026-04-22T16:43:53.3503570Z  /Applications/Xcode_26.2.app/Contents/Developer/Toolchains/XcodeDefault.xctoolchain/usr/lib/clang/17/include
2026-04-22T16:43:53.3503940Z  /Applications/Xcode_26.2.app/Contents/Developer/Platforms/iPhoneSimulator.platform/Developer/SDKs/iPhoneSimulator26.2.sdk/usr/include
2026-04-22T16:43:53.3504740Z  /Applications/Xcode_26.2.app/Contents/Developer/Toolchains/XcodeDefault.xctoolchain/usr/include
2026-04-22T16:43:53.3506130Z  /Applications/Xcode_26.2.app/Contents/Developer/Platforms/iPhoneSimulator.platform/Developer/SDKs/iPhoneSimulator26.2.sdk/System/Library/Frameworks (framework directory)
2026-04-22T16:43:53.3506930Z  /Applications/Xcode_26.2.app/Contents/Developer/Platforms/iPhoneSimulator.platform/Developer/SDKs/iPhoneSimulator26.2.sdk/System/Library/SubFrameworks (framework directory)
2026-04-22T16:43:53.3507020Z End of search list.
2026-04-22T16:43:53.3507380Z clang -cc1 version 17.0.0 (clang-1700.6.3.2) default target arm64-apple-darwin24.6.0
2026-04-22T16:43:53.3507750Z ignoring nonexistent directory "/Users/runner/work/tcm-storage-ios/tcm-storage-ios/build/Build/Products/Debug-iphonesimulator/include"
2026-04-22T16:43:53.3508350Z ignoring nonexistent directory "/Users/runner/work/tcm-storage-ios/tcm-storage-ios/build/Build/Intermediates.noindex/Nextcloud.build/Debug-iphonesimulator/Notification Service Extension.build/DerivedSources-normal/arm64"
2026-04-22T16:43:53.3508960Z ignoring nonexistent directory "/Users/runner/work/tcm-storage-ios/tcm-storage-ios/build/Build/Intermediates.noindex/Nextcloud.build/Debug-iphonesimulator/Notification Service Extension.build/DerivedSources/arm64"
2026-04-22T16:43:53.3509450Z ignoring nonexistent directory "/Applications/Xcode_26.2.app/Contents/Developer/Platforms/iPhoneSimulator.platform/Developer/SDKs/iPhoneSimulator26.2.sdk/usr/local/include"
2026-04-22T16:43:53.3511420Z ignoring nonexistent directory "/Applications/Xcode_26.2.app/Contents/Developer/Platforms/iPhoneSimulator.platform/Developer/SDKs/iPhoneSimulator26.2.sdk/Library/Frameworks"
2026-04-22T16:43:53.3511850Z ignoring duplicate directory "/Users/runner/work/tcm-storage-ios/tcm-storage-ios/build/Build/Products/Debug-iphonesimulator/PackageFrameworks"
2026-04-22T16:43:53.3512580Z ignoring duplicate directory "/Users/runner/work/tcm-storage-ios/tcm-storage-ios/build/Build/Products/Debug-iphonesimulator/PackageFrameworks"
2026-04-22T16:43:53.3513220Z ignoring duplicate directory "/Users/runner/work/tcm-storage-ios/tcm-storage-ios/build/Build/Products/Debug-iphonesimulator/PackageFrameworks"
2026-04-22T16:43:53.3513610Z ignoring duplicate directory "/Users/runner/work/tcm-storage-ios/tcm-storage-ios/build/Build/Products/Debug-iphonesimulator/PackageFrameworks"
2026-04-22T16:43:53.3515150Z ignoring duplicate directory "/Users/runner/work/tcm-storage-ios/tcm-storage-ios/build/Build/Products/Debug-iphonesimulator/PackageFrameworks"
2026-04-22T16:43:53.3515960Z ignoring duplicate directory "/Users/runner/work/tcm-storage-ios/tcm-storage-ios/build/Build/Products/Debug-iphonesimulator/PackageFrameworks"
2026-04-22T16:43:53.3517210Z ignoring duplicate directory "/Users/runner/work/tcm-storage-ios/tcm-storage-ios/build/Build/Products/Debug-iphonesimulator/PackageFrameworks"
2026-04-22T16:43:53.3518040Z ignoring duplicate directory "/Users/runner/work/tcm-storage-ios/tcm-storage-ios/build/Build/Products/Debug-iphonesimulator/PackageFrameworks"
2026-04-22T16:43:53.3518390Z ignoring duplicate directory "/Users/runner/work/tcm-storage-ios/tcm-storage-ios/build/Build/Products/Debug-iphonesimulator/PackageFrameworks"
2026-04-22T16:43:53.3518750Z ignoring duplicate directory "/Users/runner/work/tcm-storage-ios/tcm-storage-ios/build/Build/Products/Debug-iphonesimulator/PackageFrameworks"
2026-04-22T16:43:53.3519090Z ignoring duplicate directory "/Users/runner/work/tcm-storage-ios/tcm-storage-ios/build/Build/Products/Debug-iphonesimulator/PackageFrameworks"
2026-04-22T16:43:53.3519430Z ignoring duplicate directory "/Users/runner/work/tcm-storage-ios/tcm-storage-ios/build/Build/Products/Debug-iphonesimulator/PackageFrameworks"
2026-04-22T16:43:53.3519750Z ignoring duplicate directory "/Users/runner/work/tcm-storage-ios/tcm-storage-ios/build/Build/Products/Debug-iphonesimulator/PackageFrameworks"
2026-04-22T16:43:53.3520100Z ignoring duplicate directory "/Users/runner/work/tcm-storage-ios/tcm-storage-ios/build/Build/Products/Debug-iphonesimulator/PackageFrameworks"
2026-04-22T16:43:53.3520450Z ignoring duplicate directory "/Users/runner/work/tcm-storage-ios/tcm-storage-ios/build/Build/Products/Debug-iphonesimulator/PackageFrameworks"
2026-04-22T16:43:53.3521090Z ignoring duplicate directory "/Users/runner/work/tcm-storage-ios/tcm-storage-ios/build/Build/Products/Debug-iphonesimulator/PackageFrameworks"
2026-04-22T16:43:53.3521840Z ignoring duplicate directory "/Users/runner/work/tcm-storage-ios/tcm-storage-ios/build/Build/Products/Debug-iphonesimulator/PackageFrameworks"
2026-04-22T16:43:53.3522190Z ignoring duplicate directory "/Users/runner/work/tcm-storage-ios/tcm-storage-ios/build/Build/Products/Debug-iphonesimulator/PackageFrameworks"
2026-04-22T16:43:53.3522520Z ignoring duplicate directory "/Users/runner/work/tcm-storage-ios/tcm-storage-ios/build/Build/Products/Debug-iphonesimulator/PackageFrameworks"
2026-04-22T16:43:53.3522950Z ignoring duplicate directory "/Users/runner/work/tcm-storage-ios/tcm-storage-ios/build/Build/Products/Debug-iphonesimulator/PackageFrameworks"
2026-04-22T16:43:53.3523340Z ignoring duplicate directory "/Users/runner/work/tcm-storage-ios/tcm-storage-ios/build/Build/Products/Debug-iphonesimulator/PackageFrameworks"
2026-04-22T16:43:53.3523670Z ignoring duplicate directory "/Users/runner/work/tcm-storage-ios/tcm-storage-ios/build/Build/Products/Debug-iphonesimulator/PackageFrameworks"
2026-04-22T16:43:53.3523990Z ignoring duplicate directory "/Users/runner/work/tcm-storage-ios/tcm-storage-ios/build/Build/Products/Debug-iphonesimulator/PackageFrameworks"
2026-04-22T16:43:53.3524380Z ignoring duplicate directory "/Users/runner/work/tcm-storage-ios/tcm-storage-ios/build/Build/Products/Debug-iphonesimulator/PackageFrameworks"
2026-04-22T16:43:53.3524730Z ignoring duplicate directory "/Users/runner/work/tcm-storage-ios/tcm-storage-ios/build/Build/Products/Debug-iphonesimulator/PackageFrameworks"
2026-04-22T16:43:53.3525420Z ignoring duplicate directory "/Users/runner/work/tcm-storage-ios/tcm-storage-ios/build/Build/Products/Debug-iphonesimulator/PackageFrameworks"
2026-04-22T16:43:53.3525780Z ignoring duplicate directory "/Users/runner/work/tcm-storage-ios/tcm-storage-ios/build/Build/Products/Debug-iphonesimulator/PackageFrameworks"
2026-04-22T16:43:53.3526120Z ignoring duplicate directory "/Users/runner/work/tcm-storage-ios/tcm-storage-ios/build/Build/Products/Debug-iphonesimulator/PackageFrameworks"
2026-04-22T16:43:53.3526450Z ignoring duplicate directory "/Users/runner/work/tcm-storage-ios/tcm-storage-ios/build/Build/Products/Debug-iphonesimulator/PackageFrameworks"
2026-04-22T16:43:53.3526800Z ignoring duplicate directory "/Users/runner/work/tcm-storage-ios/tcm-storage-ios/build/Build/Products/Debug-iphonesimulator/PackageFrameworks"
2026-04-22T16:43:53.3527680Z ignoring duplicate directory "/Users/runner/work/tcm-storage-ios/tcm-storage-ios/build/Build/Products/Debug-iphonesimulator/PackageFrameworks"
2026-04-22T16:43:53.3528030Z ignoring duplicate directory "/Users/runner/work/tcm-storage-ios/tcm-storage-ios/build/Build/Products/Debug-iphonesimulator/PackageFrameworks"
2026-04-22T16:43:53.3528380Z ignoring duplicate directory "/Users/runner/work/tcm-storage-ios/tcm-storage-ios/build/Build/Products/Debug-iphonesimulator/PackageFrameworks"
2026-04-22T16:43:53.3528710Z ignoring duplicate directory "/Users/runner/work/tcm-storage-ios/tcm-storage-ios/build/Build/Products/Debug-iphonesimulator/PackageFrameworks"
2026-04-22T16:43:53.3528770Z #include "..." search starts here:
2026-04-22T16:43:53.3529680Z  /Users/runner/work/tcm-storage-ios/tcm-storage-ios/build/Build/Intermediates.noindex/Nextcloud.build/Debug-iphonesimulator/Notification Service Extension.build/Notification Service Extension-generated-files.hmap (headermap)
2026-04-22T16:43:53.3530250Z  /Users/runner/work/tcm-storage-ios/tcm-storage-ios/build/Build/Intermediates.noindex/Nextcloud.build/Debug-iphonesimulator/Notification Service Extension.build/Notification Service Extension-project-headers.hmap (headermap)
2026-04-22T16:43:53.3530330Z #include <...> search starts here:
2026-04-22T16:43:53.3531080Z  /Users/runner/work/tcm-storage-ios/tcm-storage-ios/build/Build/Intermediates.noindex/Nextcloud.build/Debug-iphonesimulator/Notification Service Extension.build/Notification Service Extension-own-target-headers.hmap (headermap)
2026-04-22T16:43:53.3531970Z  /Users/runner/work/tcm-storage-ios/tcm-storage-ios/build/Build/Intermediates.noindex/Nextcloud.build/Debug-iphonesimulator/Notification Service Extension.build/Notification Service Extension-all-non-framework-target-headers.hmap (headermap)
2026-04-22T16:43:53.3532280Z  /Users/runner/work/tcm-storage-ios/tcm-storage-ios/build/SourcePackages/checkouts/swift-atomics/Sources/_AtomicsShims/include
2026-04-22T16:43:53.3532550Z  /Users/runner/work/tcm-storage-ios/tcm-storage-ios/build/SourcePackages/checkouts/swift-nio/Sources/CNIOPosix/include
2026-04-22T16:43:53.3532810Z  /Users/runner/work/tcm-storage-ios/tcm-storage-ios/build/SourcePackages/checkouts/swift-nio/Sources/CNIOWASI/include
2026-04-22T16:43:53.3533080Z  /Users/runner/work/tcm-storage-ios/tcm-storage-ios/build/SourcePackages/checkouts/swift-nio/Sources/CNIOWindows/include
2026-04-22T16:43:53.3533350Z  /Users/runner/work/tcm-storage-ios/tcm-storage-ios/build/SourcePackages/checkouts/swift-nio/Sources/CNIOLinux/include
2026-04-22T16:43:53.3533650Z  /Users/runner/work/tcm-storage-ios/tcm-storage-ios/build/SourcePackages/checkouts/swift-nio/Sources/CNIODarwin/include
2026-04-22T16:43:53.3533940Z  /Users/runner/work/tcm-storage-ios/tcm-storage-ios/build/SourcePackages/checkouts/swift-nio/Sources/CNIOOpenBSD/include
2026-04-22T16:43:53.3534310Z  /Users/runner/work/tcm-storage-ios/tcm-storage-ios/build/SourcePackages/checkouts/swift-nio/Sources/CNIOAtomics/include
2026-04-22T16:43:53.3534670Z  /Users/runner/work/tcm-storage-ios/tcm-storage-ios/build/SourcePackages/checkouts/swift-nio-ssl/Sources/CNIOBoringSSLShims/include
2026-04-22T16:43:53.3535010Z  /Users/runner/work/tcm-storage-ios/tcm-storage-ios/build/SourcePackages/checkouts/swift-nio-ssl/Sources/CNIOBoringSSL/include
2026-04-22T16:43:53.3535230Z  /Users/runner/work/tcm-storage-ios/tcm-storage-ios/build/SourcePackages/checkouts/realm-core/src
2026-04-22T16:43:53.3535500Z  /Users/runner/work/tcm-storage-ios/tcm-storage-ios/build/SourcePackages/checkouts/realm-core/src/external/s2
2026-04-22T16:43:53.3536400Z  /Users/runner/work/tcm-storage-ios/tcm-storage-ios/build/SourcePackages/checkouts/realm-core/src/external/IntelRDFPMathLib20U2/LIBRARY/src
2026-04-22T16:43:53.3537100Z  /Users/runner/work/tcm-storage-ios/tcm-storage-ios/build/SourcePackages/checkouts/realm-core/src/spm
2026-04-22T16:43:53.3537860Z  /Users/runner/work/tcm-storage-ios/tcm-storage-ios/build/SourcePackages/checkouts/realm-swift/include
2026-04-22T16:43:53.3538710Z  /Users/runner/work/tcm-storage-ios/tcm-storage-ios/build/Build/Intermediates.noindex/Nextcloud.build/Debug-iphonesimulator/Notification Service Extension.build/DerivedSources
2026-04-22T16:43:53.3539050Z  /Users/runner/work/tcm-storage-ios/tcm-storage-ios/build/Build/Products/Debug-iphonesimulator/PackageFrameworks (framework directory)
2026-04-22T16:43:53.3539320Z  /Users/runner/work/tcm-storage-ios/tcm-storage-ios/build/Build/Products/Debug-iphonesimulator (framework directory)
2026-04-22T16:43:53.3539750Z  /Applications/Xcode_26.2.app/Contents/Developer/Platforms/iPhoneSimulator.platform/Developer/Library/Frameworks (framework directory)
2026-04-22T16:43:53.3540260Z  /Applications/Xcode_26.2.app/Contents/Developer/Platforms/iPhoneSimulator.platform/Developer/SDKs/iPhoneSimulator26.2.sdk/Developer/Library/Frameworks (framework directory)
2026-04-22T16:43:53.3540510Z  /Applications/Xcode_26.2.app/Contents/Developer/Toolchains/XcodeDefault.xctoolchain/usr/lib/clang/17/include
2026-04-22T16:43:53.3540820Z  /Applications/Xcode_26.2.app/Contents/Developer/Platforms/iPhoneSimulator.platform/Developer/SDKs/iPhoneSimulator26.2.sdk/usr/include
2026-04-22T16:43:53.3541030Z  /Applications/Xcode_26.2.app/Contents/Developer/Toolchains/XcodeDefault.xctoolchain/usr/include
2026-04-22T16:43:53.3541440Z  /Applications/Xcode_26.2.app/Contents/Developer/Platforms/iPhoneSimulator.platform/Developer/SDKs/iPhoneSimulator26.2.sdk/System/Library/Frameworks (framework directory)
2026-04-22T16:43:53.3542170Z  /Applications/Xcode_26.2.app/Contents/Developer/Platforms/iPhoneSimulator.platform/Developer/SDKs/iPhoneSimulator26.2.sdk/System/Library/SubFrameworks (framework directory)
2026-04-22T16:43:53.3542230Z End of search list.
2026-04-22T16:43:53.3628180Z clang -cc1 version 17.0.0 (clang-1700.6.3.2) default target arm64-apple-darwin24.6.0
2026-04-22T16:43:53.3728580Z ignoring nonexistent directory "/Users/runner/work/tcm-storage-ios/tcm-storage-ios/build/Build/Products/Debug-iphonesimulator/include"
2026-04-22T16:43:53.3838610Z ignoring nonexistent directory "/Users/runner/work/tcm-storage-ios/tcm-storage-ios/build/Build/Intermediates.noindex/Nextcloud.build/Debug-iphonesimulator/Notification Service Extension.build/DerivedSources-normal/arm64"
2026-04-22T16:43:53.3843920Z ignoring nonexistent directory "/Users/runner/work/tcm-storage-ios/tcm-storage-ios/build/Build/Intermediates.noindex/Nextcloud.build/Debug-iphonesimulator/Notification Service Extension.build/DerivedSources/arm64"
2026-04-22T16:43:53.3844570Z ignoring nonexistent directory "/Applications/Xcode_26.2.app/Contents/Developer/Platforms/iPhoneSimulator.platform/Developer/SDKs/iPhoneSimulator26.2.sdk/usr/local/include"
2026-04-22T16:43:53.3845160Z ignoring nonexistent directory "/Applications/Xcode_26.2.app/Contents/Developer/Platforms/iPhoneSimulator.platform/Developer/SDKs/iPhoneSimulator26.2.sdk/Library/Frameworks"
2026-04-22T16:43:53.3845630Z ignoring duplicate directory "/Users/runner/work/tcm-storage-ios/tcm-storage-ios/build/Build/Products/Debug-iphonesimulator/PackageFrameworks"
2026-04-22T16:43:53.3846430Z ignoring duplicate directory "/Users/runner/work/tcm-storage-ios/tcm-storage-ios/build/Build/Products/Debug-iphonesimulator/PackageFrameworks"
2026-04-22T16:43:53.3850050Z ignoring duplicate directory "/Users/runner/work/tcm-storage-ios/tcm-storage-ios/build/Build/Products/Debug-iphonesimulator/PackageFrameworks"
2026-04-22T16:43:53.3850460Z ignoring duplicate directory "/Users/runner/work/tcm-storage-ios/tcm-storage-ios/build/Build/Products/Debug-iphonesimulator/PackageFrameworks"
2026-04-22T16:43:53.3850810Z ignoring duplicate directory "/Users/runner/work/tcm-storage-ios/tcm-storage-ios/build/Build/Products/Debug-iphonesimulator/PackageFrameworks"
2026-04-22T16:43:53.3851160Z ignoring duplicate directory "/Users/runner/work/tcm-storage-ios/tcm-storage-ios/build/Build/Products/Debug-iphonesimulator/PackageFrameworks"
2026-04-22T16:43:53.3851490Z ignoring duplicate directory "/Users/runner/work/tcm-storage-ios/tcm-storage-ios/build/Build/Products/Debug-iphonesimulator/PackageFrameworks"
2026-04-22T16:43:53.3851820Z ignoring duplicate directory "/Users/runner/work/tcm-storage-ios/tcm-storage-ios/build/Build/Products/Debug-iphonesimulator/PackageFrameworks"
2026-04-22T16:43:53.3852180Z ignoring duplicate directory "/Users/runner/work/tcm-storage-ios/tcm-storage-ios/build/Build/Products/Debug-iphonesimulator/PackageFrameworks"
2026-04-22T16:43:53.3852540Z ignoring duplicate directory "/Users/runner/work/tcm-storage-ios/tcm-storage-ios/build/Build/Products/Debug-iphonesimulator/PackageFrameworks"
2026-04-22T16:43:53.3853000Z ignoring duplicate directory "/Users/runner/work/tcm-storage-ios/tcm-storage-ios/build/Build/Products/Debug-iphonesimulator/PackageFrameworks"
2026-04-22T16:43:53.3853340Z ignoring duplicate directory "/Users/runner/work/tcm-storage-ios/tcm-storage-ios/build/Build/Products/Debug-iphonesimulator/PackageFrameworks"
2026-04-22T16:43:53.3853660Z ignoring duplicate directory "/Users/runner/work/tcm-storage-ios/tcm-storage-ios/build/Build/Products/Debug-iphonesimulator/PackageFrameworks"
2026-04-22T16:43:53.3853990Z ignoring duplicate directory "/Users/runner/work/tcm-storage-ios/tcm-storage-ios/build/Build/Products/Debug-iphonesimulator/PackageFrameworks"
2026-04-22T16:43:53.3854310Z ignoring duplicate directory "/Users/runner/work/tcm-storage-ios/tcm-storage-ios/build/Build/Products/Debug-iphonesimulator/PackageFrameworks"
2026-04-22T16:43:53.3854830Z ignoring duplicate directory "/Users/runner/work/tcm-storage-ios/tcm-storage-ios/build/Build/Products/Debug-iphonesimulator/PackageFrameworks"
2026-04-22T16:43:53.3855290Z ignoring duplicate directory "/Users/runner/work/tcm-storage-ios/tcm-storage-ios/build/Build/Products/Debug-iphonesimulator/PackageFrameworks"
2026-04-22T16:43:53.3855630Z ignoring duplicate directory "/Users/runner/work/tcm-storage-ios/tcm-storage-ios/build/Build/Products/Debug-iphonesimulator/PackageFrameworks"
2026-04-22T16:43:53.3855950Z ignoring duplicate directory "/Users/runner/work/tcm-storage-ios/tcm-storage-ios/build/Build/Products/Debug-iphonesimulator/PackageFrameworks"
2026-04-22T16:43:53.3856280Z ignoring duplicate directory "/Users/runner/work/tcm-storage-ios/tcm-storage-ios/build/Build/Products/Debug-iphonesimulator/PackageFrameworks"
2026-04-22T16:43:53.3856610Z ignoring duplicate directory "/Users/runner/work/tcm-storage-ios/tcm-storage-ios/build/Build/Products/Debug-iphonesimulator/PackageFrameworks"
2026-04-22T16:43:53.3856950Z ignoring duplicate directory "/Users/runner/work/tcm-storage-ios/tcm-storage-ios/build/Build/Products/Debug-iphonesimulator/PackageFrameworks"
2026-04-22T16:43:53.3857300Z ignoring duplicate directory "/Users/runner/work/tcm-storage-ios/tcm-storage-ios/build/Build/Products/Debug-iphonesimulator/PackageFrameworks"
2026-04-22T16:43:53.3857640Z ignoring duplicate directory "/Users/runner/work/tcm-storage-ios/tcm-storage-ios/build/Build/Products/Debug-iphonesimulator/PackageFrameworks"
2026-04-22T16:43:53.3857970Z ignoring duplicate directory "/Users/runner/work/tcm-storage-ios/tcm-storage-ios/build/Build/Products/Debug-iphonesimulator/PackageFrameworks"
2026-04-22T16:43:53.3858300Z ignoring duplicate directory "/Users/runner/work/tcm-storage-ios/tcm-storage-ios/build/Build/Products/Debug-iphonesimulator/PackageFrameworks"
2026-04-22T16:43:53.3858620Z ignoring duplicate directory "/Users/runner/work/tcm-storage-ios/tcm-storage-ios/build/Build/Products/Debug-iphonesimulator/PackageFrameworks"
2026-04-22T16:43:53.3859200Z ignoring duplicate directory "/Users/runner/work/tcm-storage-ios/tcm-storage-ios/build/Build/Products/Debug-iphonesimulator/PackageFrameworks"
2026-04-22T16:43:53.3859570Z ignoring duplicate directory "/Users/runner/work/tcm-storage-ios/tcm-storage-ios/build/Build/Products/Debug-iphonesimulator/PackageFrameworks"
2026-04-22T16:43:53.3859910Z ignoring duplicate directory "/Users/runner/work/tcm-storage-ios/tcm-storage-ios/build/Build/Products/Debug-iphonesimulator/PackageFrameworks"
2026-04-22T16:43:53.3860230Z ignoring duplicate directory "/Users/runner/work/tcm-storage-ios/tcm-storage-ios/build/Build/Products/Debug-iphonesimulator/PackageFrameworks"
2026-04-22T16:43:53.3860560Z ignoring duplicate directory "/Users/runner/work/tcm-storage-ios/tcm-storage-ios/build/Build/Products/Debug-iphonesimulator/PackageFrameworks"
2026-04-22T16:43:53.3860890Z ignoring duplicate directory "/Users/runner/work/tcm-storage-ios/tcm-storage-ios/build/Build/Products/Debug-iphonesimulator/PackageFrameworks"
2026-04-22T16:43:53.3861210Z ignoring duplicate directory "/Users/runner/work/tcm-storage-ios/tcm-storage-ios/build/Build/Products/Debug-iphonesimulator/PackageFrameworks"
2026-04-22T16:43:53.3861280Z #include "..." search starts here:
2026-04-22T16:43:53.3861880Z  /Users/runner/work/tcm-storage-ios/tcm-storage-ios/build/Build/Intermediates.noindex/Nextcloud.build/Debug-iphonesimulator/Notification Service Extension.build/Notification Service Extension-generated-files.hmap (headermap)
2026-04-22T16:43:53.3862480Z  /Users/runner/work/tcm-storage-ios/tcm-storage-ios/build/Build/Intermediates.noindex/Nextcloud.build/Debug-iphonesimulator/Notification Service Extension.build/Notification Service Extension-project-headers.hmap (headermap)
2026-04-22T16:43:53.3862560Z #include <...> search starts here:
2026-04-22T16:43:53.3863280Z  /Users/runner/work/tcm-storage-ios/tcm-storage-ios/build/Build/Intermediates.noindex/Nextcloud.build/Debug-iphonesimulator/Notification Service Extension.build/Notification Service Extension-own-target-headers.hmap (headermap)
2026-04-22T16:43:53.3864210Z  /Users/runner/work/tcm-storage-ios/tcm-storage-ios/build/Build/Intermediates.noindex/Nextcloud.build/Debug-iphonesimulator/Notification Service Extension.build/Notification Service Extension-all-non-framework-target-headers.hmap (headermap)
2026-04-22T16:43:53.3864510Z  /Users/runner/work/tcm-storage-ios/tcm-storage-ios/build/SourcePackages/checkouts/swift-atomics/Sources/_AtomicsShims/include
2026-04-22T16:43:53.3864780Z  /Users/runner/work/tcm-storage-ios/tcm-storage-ios/build/SourcePackages/checkouts/swift-nio/Sources/CNIOPosix/include
2026-04-22T16:43:53.3865050Z  /Users/runner/work/tcm-storage-ios/tcm-storage-ios/build/SourcePackages/checkouts/swift-nio/Sources/CNIOWASI/include
2026-04-22T16:43:53.3865320Z  /Users/runner/work/tcm-storage-ios/tcm-storage-ios/build/SourcePackages/checkouts/swift-nio/Sources/CNIOWindows/include
2026-04-22T16:43:53.3865670Z  /Users/runner/work/tcm-storage-ios/tcm-storage-ios/build/SourcePackages/checkouts/swift-nio/Sources/CNIOLinux/include
2026-04-22T16:43:53.3866010Z  /Users/runner/work/tcm-storage-ios/tcm-storage-ios/build/SourcePackages/checkouts/swift-nio/Sources/CNIODarwin/include
2026-04-22T16:43:53.3866300Z  /Users/runner/work/tcm-storage-ios/tcm-storage-ios/build/SourcePackages/checkouts/swift-nio/Sources/CNIOOpenBSD/include
2026-04-22T16:43:53.3866560Z  /Users/runner/work/tcm-storage-ios/tcm-storage-ios/build/SourcePackages/checkouts/swift-nio/Sources/CNIOAtomics/include
2026-04-22T16:43:53.3866870Z  /Users/runner/work/tcm-storage-ios/tcm-storage-ios/build/SourcePackages/checkouts/swift-nio-ssl/Sources/CNIOBoringSSLShims/include
2026-04-22T16:43:53.3867170Z  /Users/runner/work/tcm-storage-ios/tcm-storage-ios/build/SourcePackages/checkouts/swift-nio-ssl/Sources/CNIOBoringSSL/include
2026-04-22T16:43:53.3867390Z  /Users/runner/work/tcm-storage-ios/tcm-storage-ios/build/SourcePackages/checkouts/realm-core/src
2026-04-22T16:43:53.3867630Z  /Users/runner/work/tcm-storage-ios/tcm-storage-ios/build/SourcePackages/checkouts/realm-core/src/external/s2
2026-04-22T16:43:53.3867950Z  /Users/runner/work/tcm-storage-ios/tcm-storage-ios/build/SourcePackages/checkouts/realm-core/src/external/IntelRDFPMathLib20U2/LIBRARY/src
2026-04-22T16:43:53.3868170Z  /Users/runner/work/tcm-storage-ios/tcm-storage-ios/build/SourcePackages/checkouts/realm-core/src/spm
2026-04-22T16:43:53.3868390Z  /Users/runner/work/tcm-storage-ios/tcm-storage-ios/build/SourcePackages/checkouts/realm-swift/include
2026-04-22T16:43:53.3878450Z  /Users/runner/work/tcm-storage-ios/tcm-storage-ios/build/Build/Intermediates.noindex/Nextcloud.build/Debug-iphonesimulator/Notification Service Extension.build/DerivedSources
2026-04-22T16:43:53.3878780Z  /Users/runner/work/tcm-storage-ios/tcm-storage-ios/build/Build/Products/Debug-iphonesimulator/PackageFrameworks (framework directory)
2026-04-22T16:43:53.3879040Z  /Users/runner/work/tcm-storage-ios/tcm-storage-ios/build/Build/Products/Debug-iphonesimulator (framework directory)
2026-04-22T16:43:53.3879360Z  /Applications/Xcode_26.2.app/Contents/Developer/Platforms/iPhoneSimulator.platform/Developer/Library/Frameworks (framework directory)
2026-04-22T16:43:53.3879790Z  /Applications/Xcode_26.2.app/Contents/Developer/Platforms/iPhoneSimulator.platform/Developer/SDKs/iPhoneSimulator26.2.sdk/Developer/Library/Frameworks (framework directory)
2026-04-22T16:43:53.3880050Z  /Applications/Xcode_26.2.app/Contents/Developer/Toolchains/XcodeDefault.xctoolchain/usr/lib/clang/17/include
2026-04-22T16:43:53.3880400Z  /Applications/Xcode_26.2.app/Contents/Developer/Platforms/iPhoneSimulator.platform/Developer/SDKs/iPhoneSimulator26.2.sdk/usr/include
2026-04-22T16:43:53.3880600Z  /Applications/Xcode_26.2.app/Contents/Developer/Toolchains/XcodeDefault.xctoolchain/usr/include
2026-04-22T16:43:53.3881020Z  /Applications/Xcode_26.2.app/Contents/Developer/Platforms/iPhoneSimulator.platform/Developer/SDKs/iPhoneSimulator26.2.sdk/System/Library/Frameworks (framework directory)
2026-04-22T16:43:53.3881430Z  /Applications/Xcode_26.2.app/Contents/Developer/Platforms/iPhoneSimulator.platform/Developer/SDKs/iPhoneSimulator26.2.sdk/System/Library/SubFrameworks (framework directory)
2026-04-22T16:43:53.3882080Z End of search list.
2026-04-22T16:43:53.3882370Z clang -cc1 version 17.0.0 (clang-1700.6.3.2) default target arm64-apple-darwin24.6.0
2026-04-22T16:43:53.3882710Z ignoring nonexistent directory "/Users/runner/work/tcm-storage-ios/tcm-storage-ios/build/Build/Products/Debug-iphonesimulator/include"
2026-04-22T16:43:53.3883280Z ignoring nonexistent directory "/Users/runner/work/tcm-storage-ios/tcm-storage-ios/build/Build/Intermediates.noindex/Nextcloud.build/Debug-iphonesimulator/Notification Service Extension.build/DerivedSources-normal/arm64"
2026-04-22T16:43:53.3883820Z ignoring nonexistent directory "/Users/runner/work/tcm-storage-ios/tcm-storage-ios/build/Build/Intermediates.noindex/Nextcloud.build/Debug-iphonesimulator/Notification Service Extension.build/DerivedSources/arm64"
2026-04-22T16:43:53.3884270Z ignoring nonexistent directory "/Applications/Xcode_26.2.app/Contents/Developer/Platforms/iPhoneSimulator.platform/Developer/SDKs/iPhoneSimulator26.2.sdk/usr/local/include"
2026-04-22T16:43:53.3884800Z ignoring nonexistent directory "/Applications/Xcode_26.2.app/Contents/Developer/Platforms/iPhoneSimulator.platform/Developer/SDKs/iPhoneSimulator26.2.sdk/Library/Frameworks"
2026-04-22T16:43:53.3885200Z ignoring duplicate directory "/Users/runner/work/tcm-storage-ios/tcm-storage-ios/build/Build/Products/Debug-iphonesimulator/PackageFrameworks"
2026-04-22T16:43:53.3885530Z ignoring duplicate directory "/Users/runner/work/tcm-storage-ios/tcm-storage-ios/build/Build/Products/Debug-iphonesimulator/PackageFrameworks"
2026-04-22T16:43:53.3885850Z ignoring duplicate directory "/Users/runner/work/tcm-storage-ios/tcm-storage-ios/build/Build/Products/Debug-iphonesimulator/PackageFrameworks"
2026-04-22T16:43:53.3886180Z ignoring duplicate directory "/Users/runner/work/tcm-storage-ios/tcm-storage-ios/build/Build/Products/Debug-iphonesimulator/PackageFrameworks"
2026-04-22T16:43:53.3886510Z ignoring duplicate directory "/Users/runner/work/tcm-storage-ios/tcm-storage-ios/build/Build/Products/Debug-iphonesimulator/PackageFrameworks"
2026-04-22T16:43:53.3886850Z ignoring duplicate directory "/Users/runner/work/tcm-storage-ios/tcm-storage-ios/build/Build/Products/Debug-iphonesimulator/PackageFrameworks"
2026-04-22T16:43:53.3887200Z ignoring duplicate directory "/Users/runner/work/tcm-storage-ios/tcm-storage-ios/build/Build/Products/Debug-iphonesimulator/PackageFrameworks"
2026-04-22T16:43:53.3887560Z ignoring duplicate directory "/Users/runner/work/tcm-storage-ios/tcm-storage-ios/build/Build/Products/Debug-iphonesimulator/PackageFrameworks"
2026-04-22T16:43:53.3887930Z ignoring duplicate directory "/Users/runner/work/tcm-storage-ios/tcm-storage-ios/build/Build/Products/Debug-iphonesimulator/PackageFrameworks"
2026-04-22T16:43:53.3888260Z ignoring duplicate directory "/Users/runner/work/tcm-storage-ios/tcm-storage-ios/build/Build/Products/Debug-iphonesimulator/PackageFrameworks"
2026-04-22T16:43:53.3888590Z ignoring duplicate directory "/Users/runner/work/tcm-storage-ios/tcm-storage-ios/build/Build/Products/Debug-iphonesimulator/PackageFrameworks"
2026-04-22T16:43:53.3888910Z ignoring duplicate directory "/Users/runner/work/tcm-storage-ios/tcm-storage-ios/build/Build/Products/Debug-iphonesimulator/PackageFrameworks"
2026-04-22T16:43:53.3889250Z ignoring duplicate directory "/Users/runner/work/tcm-storage-ios/tcm-storage-ios/build/Build/Products/Debug-iphonesimulator/PackageFrameworks"
2026-04-22T16:43:53.3889580Z ignoring duplicate directory "/Users/runner/work/tcm-storage-ios/tcm-storage-ios/build/Build/Products/Debug-iphonesimulator/PackageFrameworks"
2026-04-22T16:43:53.3889910Z ignoring duplicate directory "/Users/runner/work/tcm-storage-ios/tcm-storage-ios/build/Build/Products/Debug-iphonesimulator/PackageFrameworks"
2026-04-22T16:43:53.3890240Z ignoring duplicate directory "/Users/runner/work/tcm-storage-ios/tcm-storage-ios/build/Build/Products/Debug-iphonesimulator/PackageFrameworks"
2026-04-22T16:43:53.3890780Z ignoring duplicate directory "/Users/runner/work/tcm-storage-ios/tcm-storage-ios/build/Build/Products/Debug-iphonesimulator/PackageFrameworks"
2026-04-22T16:43:53.3891230Z ignoring duplicate directory "/Users/runner/work/tcm-storage-ios/tcm-storage-ios/build/Build/Products/Debug-iphonesimulator/PackageFrameworks"
2026-04-22T16:43:53.3891590Z ignoring duplicate directory "/Users/runner/work/tcm-storage-ios/tcm-storage-ios/build/Build/Products/Debug-iphonesimulator/PackageFrameworks"
2026-04-22T16:43:53.3891950Z ignoring duplicate directory "/Users/runner/work/tcm-storage-ios/tcm-storage-ios/build/Build/Products/Debug-iphonesimulator/PackageFrameworks"
2026-04-22T16:43:53.3892280Z ignoring duplicate directory "/Users/runner/work/tcm-storage-ios/tcm-storage-ios/build/Build/Products/Debug-iphonesimulator/PackageFrameworks"
2026-04-22T16:43:53.3892620Z ignoring duplicate directory "/Users/runner/work/tcm-storage-ios/tcm-storage-ios/build/Build/Products/Debug-iphonesimulator/PackageFrameworks"
2026-04-22T16:43:53.3892980Z ignoring duplicate directory "/Users/runner/work/tcm-storage-ios/tcm-storage-ios/build/Build/Products/Debug-iphonesimulator/PackageFrameworks"
2026-04-22T16:43:53.3893310Z ignoring duplicate directory "/Users/runner/work/tcm-storage-ios/tcm-storage-ios/build/Build/Products/Debug-iphonesimulator/PackageFrameworks"
2026-04-22T16:43:53.3893640Z ignoring duplicate directory "/Users/runner/work/tcm-storage-ios/tcm-storage-ios/build/Build/Products/Debug-iphonesimulator/PackageFrameworks"
2026-04-22T16:43:53.3893970Z ignoring duplicate directory "/Users/runner/work/tcm-storage-ios/tcm-storage-ios/build/Build/Products/Debug-iphonesimulator/PackageFrameworks"
2026-04-22T16:43:53.3894310Z ignoring duplicate directory "/Users/runner/work/tcm-storage-ios/tcm-storage-ios/build/Build/Products/Debug-iphonesimulator/PackageFrameworks"
2026-04-22T16:43:53.3894640Z ignoring duplicate directory "/Users/runner/work/tcm-storage-ios/tcm-storage-ios/build/Build/Products/Debug-iphonesimulator/PackageFrameworks"
2026-04-22T16:43:53.3894970Z ignoring duplicate directory "/Users/runner/work/tcm-storage-ios/tcm-storage-ios/build/Build/Products/Debug-iphonesimulator/PackageFrameworks"
2026-04-22T16:43:53.3895330Z ignoring duplicate directory "/Users/runner/work/tcm-storage-ios/tcm-storage-ios/build/Build/Products/Debug-iphonesimulator/PackageFrameworks"
2026-04-22T16:43:53.3895660Z ignoring duplicate directory "/Users/runner/work/tcm-storage-ios/tcm-storage-ios/build/Build/Products/Debug-iphonesimulator/PackageFrameworks"
2026-04-22T16:43:53.3896010Z ignoring duplicate directory "/Users/runner/work/tcm-storage-ios/tcm-storage-ios/build/Build/Products/Debug-iphonesimulator/PackageFrameworks"
2026-04-22T16:43:53.3896340Z ignoring duplicate directory "/Users/runner/work/tcm-storage-ios/tcm-storage-ios/build/Build/Products/Debug-iphonesimulator/PackageFrameworks"
2026-04-22T16:43:53.3896680Z ignoring duplicate directory "/Users/runner/work/tcm-storage-ios/tcm-storage-ios/build/Build/Products/Debug-iphonesimulator/PackageFrameworks"
2026-04-22T16:43:53.3896750Z #include "..." search starts here:
2026-04-22T16:43:53.3897350Z  /Users/runner/work/tcm-storage-ios/tcm-storage-ios/build/Build/Intermediates.noindex/Nextcloud.build/Debug-iphonesimulator/Notification Service Extension.build/Notification Service Extension-generated-files.hmap (headermap)
2026-04-22T16:43:53.3897940Z  /Users/runner/work/tcm-storage-ios/tcm-storage-ios/build/Build/Intermediates.noindex/Nextcloud.build/Debug-iphonesimulator/Notification Service Extension.build/Notification Service Extension-project-headers.hmap (headermap)
2026-04-22T16:43:53.3898010Z #include <...> search starts here:
2026-04-22T16:43:53.3898590Z  /Users/runner/work/tcm-storage-ios/tcm-storage-ios/build/Build/Intermediates.noindex/Nextcloud.build/Debug-iphonesimulator/Notification Service Extension.build/Notification Service Extension-own-target-headers.hmap (headermap)
2026-04-22T16:43:53.3899240Z  /Users/runner/work/tcm-storage-ios/tcm-storage-ios/build/Build/Intermediates.noindex/Nextcloud.build/Debug-iphonesimulator/Notification Service Extension.build/Notification Service Extension-all-non-framework-target-headers.hmap (headermap)
2026-04-22T16:43:53.3899690Z  /Users/runner/work/tcm-storage-ios/tcm-storage-ios/build/SourcePackages/checkouts/swift-atomics/Sources/_AtomicsShims/include
2026-04-22T16:43:53.3899970Z  /Users/runner/work/tcm-storage-ios/tcm-storage-ios/build/SourcePackages/checkouts/swift-nio/Sources/CNIOPosix/include
2026-04-22T16:43:53.3900230Z  /Users/runner/work/tcm-storage-ios/tcm-storage-ios/build/SourcePackages/checkouts/swift-nio/Sources/CNIOWASI/include
2026-04-22T16:43:53.3900510Z  /Users/runner/work/tcm-storage-ios/tcm-storage-ios/build/SourcePackages/checkouts/swift-nio/Sources/CNIOWindows/include
2026-04-22T16:43:53.3900800Z  /Users/runner/work/tcm-storage-ios/tcm-storage-ios/build/SourcePackages/checkouts/swift-nio/Sources/CNIOLinux/include
2026-04-22T16:43:53.3901070Z  /Users/runner/work/tcm-storage-ios/tcm-storage-ios/build/SourcePackages/checkouts/swift-nio/Sources/CNIODarwin/include
2026-04-22T16:43:53.3901350Z  /Users/runner/work/tcm-storage-ios/tcm-storage-ios/build/SourcePackages/checkouts/swift-nio/Sources/CNIOOpenBSD/include
2026-04-22T16:43:53.3901640Z  /Users/runner/work/tcm-storage-ios/tcm-storage-ios/build/SourcePackages/checkouts/swift-nio/Sources/CNIOAtomics/include
2026-04-22T16:43:53.3901940Z  /Users/runner/work/tcm-storage-ios/tcm-storage-ios/build/SourcePackages/checkouts/swift-nio-ssl/Sources/CNIOBoringSSLShims/include
2026-04-22T16:43:53.3902250Z  /Users/runner/work/tcm-storage-ios/tcm-storage-ios/build/SourcePackages/checkouts/swift-nio-ssl/Sources/CNIOBoringSSL/include
2026-04-22T16:43:53.3902460Z  /Users/runner/work/tcm-storage-ios/tcm-storage-ios/build/SourcePackages/checkouts/realm-core/src
2026-04-22T16:43:53.3902720Z  /Users/runner/work/tcm-storage-ios/tcm-storage-ios/build/SourcePackages/checkouts/realm-core/src/external/s2
2026-04-22T16:43:53.3903060Z  /Users/runner/work/tcm-storage-ios/tcm-storage-ios/build/SourcePackages/checkouts/realm-core/src/external/IntelRDFPMathLib20U2/LIBRARY/src
2026-04-22T16:43:53.3903410Z  /Users/runner/work/tcm-storage-ios/tcm-storage-ios/build/SourcePackages/checkouts/realm-core/src/spm
2026-04-22T16:43:53.3903690Z  /Users/runner/work/tcm-storage-ios/tcm-storage-ios/build/SourcePackages/checkouts/realm-swift/include
2026-04-22T16:43:53.3904130Z  /Users/runner/work/tcm-storage-ios/tcm-storage-ios/build/Build/Intermediates.noindex/Nextcloud.build/Debug-iphonesimulator/Notification Service Extension.build/DerivedSources
2026-04-22T16:43:53.3904450Z  /Users/runner/work/tcm-storage-ios/tcm-storage-ios/build/Build/Products/Debug-iphonesimulator/PackageFrameworks (framework directory)
2026-04-22T16:43:53.3904720Z  /Users/runner/work/tcm-storage-ios/tcm-storage-ios/build/Build/Products/Debug-iphonesimulator (framework directory)
2026-04-22T16:43:53.3905030Z  /Applications/Xcode_26.2.app/Contents/Developer/Platforms/iPhoneSimulator.platform/Developer/Library/Frameworks (framework directory)
2026-04-22T16:43:53.3905460Z  /Applications/Xcode_26.2.app/Contents/Developer/Platforms/iPhoneSimulator.platform/Developer/SDKs/iPhoneSimulator26.2.sdk/Developer/Library/Frameworks (framework directory)
2026-04-22T16:43:53.3905700Z  /Applications/Xcode_26.2.app/Contents/Developer/Toolchains/XcodeDefault.xctoolchain/usr/lib/clang/17/include
2026-04-22T16:43:53.3906010Z  /Applications/Xcode_26.2.app/Contents/Developer/Platforms/iPhoneSimulator.platform/Developer/SDKs/iPhoneSimulator26.2.sdk/usr/include
2026-04-22T16:43:53.3906220Z  /Applications/Xcode_26.2.app/Contents/Developer/Toolchains/XcodeDefault.xctoolchain/usr/include
2026-04-22T16:43:53.3906630Z  /Applications/Xcode_26.2.app/Contents/Developer/Platforms/iPhoneSimulator.platform/Developer/SDKs/iPhoneSimulator26.2.sdk/System/Library/Frameworks (framework directory)
2026-04-22T16:43:53.3907190Z  /Applications/Xcode_26.2.app/Contents/Developer/Platforms/iPhoneSimulator.platform/Developer/SDKs/iPhoneSimulator26.2.sdk/System/Library/SubFrameworks (framework directory)
2026-04-22T16:43:53.3907410Z End of search list.
2026-04-22T16:43:53.3907580Z clang -cc1 version 17.0.0 (clang-1700.6.3.2) default target arm64-apple-darwin24.6.0
2026-04-22T16:43:53.3908000Z ignoring nonexistent directory "/Users/runner/work/tcm-storage-ios/tcm-storage-ios/build/Build/Products/Debug-iphonesimulator/include"
2026-04-22T16:43:53.3908780Z ignoring nonexistent directory "/Users/runner/work/tcm-storage-ios/tcm-storage-ios/build/Build/Intermediates.noindex/Nextcloud.build/Debug-iphonesimulator/Notification Service Extension.build/DerivedSources-normal/arm64"
2026-04-22T16:43:53.3909320Z ignoring nonexistent directory "/Users/runner/work/tcm-storage-ios/tcm-storage-ios/build/Build/Intermediates.noindex/Nextcloud.build/Debug-iphonesimulator/Notification Service Extension.build/DerivedSources/arm64"
2026-04-22T16:43:53.3909740Z ignoring nonexistent directory "/Applications/Xcode_26.2.app/Contents/Developer/Platforms/iPhoneSimulator.platform/Developer/SDKs/iPhoneSimulator26.2.sdk/usr/local/include"
2026-04-22T16:43:53.3910160Z ignoring nonexistent directory "/Applications/Xcode_26.2.app/Contents/Developer/Platforms/iPhoneSimulator.platform/Developer/SDKs/iPhoneSimulator26.2.sdk/Library/Frameworks"
2026-04-22T16:43:53.3910490Z ignoring duplicate directory "/Users/runner/work/tcm-storage-ios/tcm-storage-ios/build/Build/Products/Debug-iphonesimulator/PackageFrameworks"
2026-04-22T16:43:53.3911150Z ignoring duplicate directory "/Users/runner/work/tcm-storage-ios/tcm-storage-ios/build/Build/Products/Debug-iphonesimulator/PackageFrameworks"
2026-04-22T16:43:53.3911530Z ignoring duplicate directory "/Users/runner/work/tcm-storage-ios/tcm-storage-ios/build/Build/Products/Debug-iphonesimulator/PackageFrameworks"
2026-04-22T16:43:53.3911870Z ignoring duplicate directory "/Users/runner/work/tcm-storage-ios/tcm-storage-ios/build/Build/Products/Debug-iphonesimulator/PackageFrameworks"
2026-04-22T16:43:53.3912200Z ignoring duplicate directory "/Users/runner/work/tcm-storage-ios/tcm-storage-ios/build/Build/Products/Debug-iphonesimulator/PackageFrameworks"
2026-04-22T16:43:53.3912550Z ignoring duplicate directory "/Users/runner/work/tcm-storage-ios/tcm-storage-ios/build/Build/Products/Debug-iphonesimulator/PackageFrameworks"
2026-04-22T16:43:53.3912890Z ignoring duplicate directory "/Users/runner/work/tcm-storage-ios/tcm-storage-ios/build/Build/Products/Debug-iphonesimulator/PackageFrameworks"
2026-04-22T16:43:53.3913220Z ignoring duplicate directory "/Users/runner/work/tcm-storage-ios/tcm-storage-ios/build/Build/Products/Debug-iphonesimulator/PackageFrameworks"
2026-04-22T16:43:53.3913550Z ignoring duplicate directory "/Users/runner/work/tcm-storage-ios/tcm-storage-ios/build/Build/Products/Debug-iphonesimulator/PackageFrameworks"
2026-04-22T16:43:53.3913890Z ignoring duplicate directory "/Users/runner/work/tcm-storage-ios/tcm-storage-ios/build/Build/Products/Debug-iphonesimulator/PackageFrameworks"
2026-04-22T16:43:53.3914310Z ignoring duplicate directory "/Users/runner/work/tcm-storage-ios/tcm-storage-ios/build/Build/Products/Debug-iphonesimulator/PackageFrameworks"
2026-04-22T16:43:53.3914700Z ignoring duplicate directory "/Users/runner/work/tcm-storage-ios/tcm-storage-ios/build/Build/Products/Debug-iphonesimulator/PackageFrameworks"
2026-04-22T16:43:53.3915020Z ignoring duplicate directory "/Users/runner/work/tcm-storage-ios/tcm-storage-ios/build/Build/Products/Debug-iphonesimulator/PackageFrameworks"
2026-04-22T16:43:53.3915340Z ignoring duplicate directory "/Users/runner/work/tcm-storage-ios/tcm-storage-ios/build/Build/Products/Debug-iphonesimulator/PackageFrameworks"
2026-04-22T16:43:53.3915720Z ignoring duplicate directory "/Users/runner/work/tcm-storage-ios/tcm-storage-ios/build/Build/Products/Debug-iphonesimulator/PackageFrameworks"
2026-04-22T16:43:53.3916060Z ignoring duplicate directory "/Users/runner/work/tcm-storage-ios/tcm-storage-ios/build/Build/Products/Debug-iphonesimulator/PackageFrameworks"
2026-04-22T16:43:53.3916390Z ignoring duplicate directory "/Users/runner/work/tcm-storage-ios/tcm-storage-ios/build/Build/Products/Debug-iphonesimulator/PackageFrameworks"
2026-04-22T16:43:53.3917020Z ignoring duplicate directory "/Users/runner/work/tcm-storage-ios/tcm-storage-ios/build/Build/Products/Debug-iphonesimulator/PackageFrameworks"
2026-04-22T16:43:53.3917350Z ignoring duplicate directory "/Users/runner/work/tcm-storage-ios/tcm-storage-ios/build/Build/Products/Debug-iphonesimulator/PackageFrameworks"
2026-04-22T16:43:53.3917830Z ignoring duplicate directory "/Users/runner/work/tcm-storage-ios/tcm-storage-ios/build/Build/Products/Debug-iphonesimulator/PackageFrameworks"
2026-04-22T16:43:53.3918280Z ignoring duplicate directory "/Users/runner/work/tcm-storage-ios/tcm-storage-ios/build/Build/Products/Debug-iphonesimulator/PackageFrameworks"
2026-04-22T16:43:53.3918600Z ignoring duplicate directory "/Users/runner/work/tcm-storage-ios/tcm-storage-ios/build/Build/Products/Debug-iphonesimulator/PackageFrameworks"
2026-04-22T16:43:53.3919030Z ignoring duplicate directory "/Users/runner/work/tcm-storage-ios/tcm-storage-ios/build/Build/Products/Debug-iphonesimulator/PackageFrameworks"
2026-04-22T16:43:53.3919390Z ignoring duplicate directory "/Users/runner/work/tcm-storage-ios/tcm-storage-ios/build/Build/Products/Debug-iphonesimulator/PackageFrameworks"
2026-04-22T16:43:53.3919770Z ignoring duplicate directory "/Users/runner/work/tcm-storage-ios/tcm-storage-ios/build/Build/Products/Debug-iphonesimulator/PackageFrameworks"
2026-04-22T16:43:53.3920100Z ignoring duplicate directory "/Users/runner/work/tcm-storage-ios/tcm-storage-ios/build/Build/Products/Debug-iphonesimulator/PackageFrameworks"
2026-04-22T16:43:53.3935990Z ignoring duplicate directory "/Users/runner/work/tcm-storage-ios/tcm-storage-ios/build/Build/Products/Debug-iphonesimulator/PackageFrameworks"
2026-04-22T16:43:53.3936350Z ignoring duplicate directory "/Users/runner/work/tcm-storage-ios/tcm-storage-ios/build/Build/Products/Debug-iphonesimulator/PackageFrameworks"
2026-04-22T16:43:53.3936700Z ignoring duplicate directory "/Users/runner/work/tcm-storage-ios/tcm-storage-ios/build/Build/Products/Debug-iphonesimulator/PackageFrameworks"
2026-04-22T16:43:53.3940130Z ignoring duplicate directory "/Users/runner/work/tcm-storage-ios/tcm-storage-ios/build/Build/Products/Debug-iphonesimulator/PackageFrameworks"
2026-04-22T16:43:53.3942920Z ignoring duplicate directory "/Users/runner/work/tcm-storage-ios/tcm-storage-ios/build/Build/Products/Debug-iphonesimulator/PackageFrameworks"
2026-04-22T16:43:53.3943360Z ignoring duplicate directory "/Users/runner/work/tcm-storage-ios/tcm-storage-ios/build/Build/Products/Debug-iphonesimulator/PackageFrameworks"
2026-04-22T16:43:53.3943770Z ignoring duplicate directory "/Users/runner/work/tcm-storage-ios/tcm-storage-ios/build/Build/Products/Debug-iphonesimulator/PackageFrameworks"
2026-04-22T16:43:53.3944190Z ignoring duplicate directory "/Users/runner/work/tcm-storage-ios/tcm-storage-ios/build/Build/Products/Debug-iphonesimulator/PackageFrameworks"
2026-04-22T16:43:53.3944260Z #include "..." search starts here:
2026-04-22T16:43:53.3944890Z  /Users/runner/work/tcm-storage-ios/tcm-storage-ios/build/Build/Intermediates.noindex/Nextcloud.build/Debug-iphonesimulator/Notification Service Extension.build/Notification Service Extension-generated-files.hmap (headermap)
2026-04-22T16:43:53.3945480Z  /Users/runner/work/tcm-storage-ios/tcm-storage-ios/build/Build/Intermediates.noindex/Nextcloud.build/Debug-iphonesimulator/Notification Service Extension.build/Notification Service Extension-project-headers.hmap (headermap)
2026-04-22T16:43:53.3945540Z #include <...> search starts here:
2026-04-22T16:43:53.3946210Z  /Users/runner/work/tcm-storage-ios/tcm-storage-ios/build/Build/Intermediates.noindex/Nextcloud.build/Debug-iphonesimulator/Notification Service Extension.build/Notification Service Extension-own-target-headers.hmap (headermap)
2026-04-22T16:43:53.3946850Z  /Users/runner/work/tcm-storage-ios/tcm-storage-ios/build/Build/Intermediates.noindex/Nextcloud.build/Debug-iphonesimulator/Notification Service Extension.build/Notification Service Extension-all-non-framework-target-headers.hmap (headermap)
2026-04-22T16:43:53.3947400Z  /Users/runner/work/tcm-storage-ios/tcm-storage-ios/build/SourcePackages/checkouts/swift-atomics/Sources/_AtomicsShims/include
2026-04-22T16:43:53.3947830Z  /Users/runner/work/tcm-storage-ios/tcm-storage-ios/build/SourcePackages/checkouts/swift-nio/Sources/CNIOPosix/include
2026-04-22T16:43:53.3948110Z  /Users/runner/work/tcm-storage-ios/tcm-storage-ios/build/SourcePackages/checkouts/swift-nio/Sources/CNIOWASI/include
2026-04-22T16:43:53.3948380Z  /Users/runner/work/tcm-storage-ios/tcm-storage-ios/build/SourcePackages/checkouts/swift-nio/Sources/CNIOWindows/include
2026-04-22T16:43:53.3948640Z  /Users/runner/work/tcm-storage-ios/tcm-storage-ios/build/SourcePackages/checkouts/swift-nio/Sources/CNIOLinux/include
2026-04-22T16:43:53.3948920Z  /Users/runner/work/tcm-storage-ios/tcm-storage-ios/build/SourcePackages/checkouts/swift-nio/Sources/CNIODarwin/include
2026-04-22T16:43:53.3949220Z  /Users/runner/work/tcm-storage-ios/tcm-storage-ios/build/SourcePackages/checkouts/swift-nio/Sources/CNIOOpenBSD/include
2026-04-22T16:43:53.3949520Z  /Users/runner/work/tcm-storage-ios/tcm-storage-ios/build/SourcePackages/checkouts/swift-nio/Sources/CNIOAtomics/include
2026-04-22T16:43:53.3949860Z  /Users/runner/work/tcm-storage-ios/tcm-storage-ios/build/SourcePackages/checkouts/swift-nio-ssl/Sources/CNIOBoringSSLShims/include
2026-04-22T16:43:53.3950170Z  /Users/runner/work/tcm-storage-ios/tcm-storage-ios/build/SourcePackages/checkouts/swift-nio-ssl/Sources/CNIOBoringSSL/include
2026-04-22T16:43:53.3950390Z  /Users/runner/work/tcm-storage-ios/tcm-storage-ios/build/SourcePackages/checkouts/realm-core/src
2026-04-22T16:43:53.3950660Z  /Users/runner/work/tcm-storage-ios/tcm-storage-ios/build/SourcePackages/checkouts/realm-core/src/external/s2
2026-04-22T16:43:53.3951010Z  /Users/runner/work/tcm-storage-ios/tcm-storage-ios/build/SourcePackages/checkouts/realm-core/src/external/IntelRDFPMathLib20U2/LIBRARY/src
2026-04-22T16:43:53.3951230Z  /Users/runner/work/tcm-storage-ios/tcm-storage-ios/build/SourcePackages/checkouts/realm-core/src/spm
2026-04-22T16:43:53.3951460Z  /Users/runner/work/tcm-storage-ios/tcm-storage-ios/build/SourcePackages/checkouts/realm-swift/include
2026-04-22T16:43:53.3951930Z  /Users/runner/work/tcm-storage-ios/tcm-storage-ios/build/Build/Intermediates.noindex/Nextcloud.build/Debug-iphonesimulator/Notification Service Extension.build/DerivedSources
2026-04-22T16:43:53.3952270Z  /Users/runner/work/tcm-storage-ios/tcm-storage-ios/build/Build/Products/Debug-iphonesimulator/PackageFrameworks (framework directory)
2026-04-22T16:43:53.3952540Z  /Users/runner/work/tcm-storage-ios/tcm-storage-ios/build/Build/Products/Debug-iphonesimulator (framework directory)
2026-04-22T16:43:53.3952850Z  /Applications/Xcode_26.2.app/Contents/Developer/Platforms/iPhoneSimulator.platform/Developer/Library/Frameworks (framework directory)
2026-04-22T16:43:53.3953270Z  /Applications/Xcode_26.2.app/Contents/Developer/Platforms/iPhoneSimulator.platform/Developer/SDKs/iPhoneSimulator26.2.sdk/Developer/Library/Frameworks (framework directory)
2026-04-22T16:43:53.3953590Z  /Applications/Xcode_26.2.app/Contents/Developer/Toolchains/XcodeDefault.xctoolchain/usr/lib/clang/17/include
2026-04-22T16:43:53.3953930Z  /Applications/Xcode_26.2.app/Contents/Developer/Platforms/iPhoneSimulator.platform/Developer/SDKs/iPhoneSimulator26.2.sdk/usr/include
2026-04-22T16:43:53.3954140Z  /Applications/Xcode_26.2.app/Contents/Developer/Toolchains/XcodeDefault.xctoolchain/usr/include
2026-04-22T16:43:53.3954550Z  /Applications/Xcode_26.2.app/Contents/Developer/Platforms/iPhoneSimulator.platform/Developer/SDKs/iPhoneSimulator26.2.sdk/System/Library/Frameworks (framework directory)
2026-04-22T16:43:53.3954970Z  /Applications/Xcode_26.2.app/Contents/Developer/Platforms/iPhoneSimulator.platform/Developer/SDKs/iPhoneSimulator26.2.sdk/System/Library/SubFrameworks (framework directory)
2026-04-22T16:43:53.3955010Z End of search list.
2026-04-22T16:43:53.3955290Z clang -cc1 version 17.0.0 (clang-1700.6.3.2) default target arm64-apple-darwin24.6.0
2026-04-22T16:43:53.3955610Z ignoring nonexistent directory "/Users/runner/work/tcm-storage-ios/tcm-storage-ios/build/Build/Products/Debug-iphonesimulator/include"
2026-04-22T16:43:53.3956250Z ignoring nonexistent directory "/Users/runner/work/tcm-storage-ios/tcm-storage-ios/build/Build/Intermediates.noindex/Nextcloud.build/Debug-iphonesimulator/Notification Service Extension.build/DerivedSources-normal/arm64"
2026-04-22T16:43:53.3956800Z ignoring nonexistent directory "/Users/runner/work/tcm-storage-ios/tcm-storage-ios/build/Build/Intermediates.noindex/Nextcloud.build/Debug-iphonesimulator/Notification Service Extension.build/DerivedSources/arm64"
2026-04-22T16:43:53.3957220Z ignoring nonexistent directory "/Applications/Xcode_26.2.app/Contents/Developer/Platforms/iPhoneSimulator.platform/Developer/SDKs/iPhoneSimulator26.2.sdk/usr/local/include"
2026-04-22T16:43:53.3957650Z ignoring nonexistent directory "/Applications/Xcode_26.2.app/Contents/Developer/Platforms/iPhoneSimulator.platform/Developer/SDKs/iPhoneSimulator26.2.sdk/Library/Frameworks"
2026-04-22T16:43:53.3957990Z ignoring duplicate directory "/Users/runner/work/tcm-storage-ios/tcm-storage-ios/build/Build/Products/Debug-iphonesimulator/PackageFrameworks"
2026-04-22T16:43:53.3958340Z ignoring duplicate directory "/Users/runner/work/tcm-storage-ios/tcm-storage-ios/build/Build/Products/Debug-iphonesimulator/PackageFrameworks"
2026-04-22T16:43:53.3958670Z ignoring duplicate directory "/Users/runner/work/tcm-storage-ios/tcm-storage-ios/build/Build/Products/Debug-iphonesimulator/PackageFrameworks"
2026-04-22T16:43:53.3959000Z ignoring duplicate directory "/Users/runner/work/tcm-storage-ios/tcm-storage-ios/build/Build/Products/Debug-iphonesimulator/PackageFrameworks"
2026-04-22T16:43:53.3959330Z ignoring duplicate directory "/Users/runner/work/tcm-storage-ios/tcm-storage-ios/build/Build/Products/Debug-iphonesimulator/PackageFrameworks"
2026-04-22T16:43:53.3959650Z ignoring duplicate directory "/Users/runner/work/tcm-storage-ios/tcm-storage-ios/build/Build/Products/Debug-iphonesimulator/PackageFrameworks"
2026-04-22T16:43:53.3960010Z ignoring duplicate directory "/Users/runner/work/tcm-storage-ios/tcm-storage-ios/build/Build/Products/Debug-iphonesimulator/PackageFrameworks"
2026-04-22T16:43:53.3960340Z ignoring duplicate directory "/Users/runner/work/tcm-storage-ios/tcm-storage-ios/build/Build/Products/Debug-iphonesimulator/PackageFrameworks"
2026-04-22T16:43:53.3960680Z ignoring duplicate directory "/Users/runner/work/tcm-storage-ios/tcm-storage-ios/build/Build/Products/Debug-iphonesimulator/PackageFrameworks"
2026-04-22T16:43:53.3961140Z ignoring duplicate directory "/Users/runner/work/tcm-storage-ios/tcm-storage-ios/build/Build/Products/Debug-iphonesimulator/PackageFrameworks"
2026-04-22T16:43:53.3961500Z ignoring duplicate directory "/Users/runner/work/tcm-storage-ios/tcm-storage-ios/build/Build/Products/Debug-iphonesimulator/PackageFrameworks"
2026-04-22T16:43:53.3961870Z ignoring duplicate directory "/Users/runner/work/tcm-storage-ios/tcm-storage-ios/build/Build/Products/Debug-iphonesimulator/PackageFrameworks"
2026-04-22T16:43:53.3962220Z ignoring duplicate directory "/Users/runner/work/tcm-storage-ios/tcm-storage-ios/build/Build/Products/Debug-iphonesimulator/PackageFrameworks"
2026-04-22T16:43:53.3962570Z ignoring duplicate directory "/Users/runner/work/tcm-storage-ios/tcm-storage-ios/build/Build/Products/Debug-iphonesimulator/PackageFrameworks"
2026-04-22T16:43:53.3962900Z ignoring duplicate directory "/Users/runner/work/tcm-storage-ios/tcm-storage-ios/build/Build/Products/Debug-iphonesimulator/PackageFrameworks"
2026-04-22T16:43:53.3963230Z ignoring duplicate directory "/Users/runner/work/tcm-storage-ios/tcm-storage-ios/build/Build/Products/Debug-iphonesimulator/PackageFrameworks"
2026-04-22T16:43:53.3963560Z ignoring duplicate directory "/Users/runner/work/tcm-storage-ios/tcm-storage-ios/build/Build/Products/Debug-iphonesimulator/PackageFrameworks"
2026-04-22T16:43:53.3964060Z ignoring duplicate directory "/Users/runner/work/tcm-storage-ios/tcm-storage-ios/build/Build/Products/Debug-iphonesimulator/PackageFrameworks"
2026-04-22T16:43:53.3964510Z ignoring duplicate directory "/Users/runner/work/tcm-storage-ios/tcm-storage-ios/build/Build/Products/Debug-iphonesimulator/PackageFrameworks"
2026-04-22T16:43:53.3964840Z ignoring duplicate directory "/Users/runner/work/tcm-storage-ios/tcm-storage-ios/build/Build/Products/Debug-iphonesimulator/PackageFrameworks"
2026-04-22T16:43:53.3965170Z ignoring duplicate directory "/Users/runner/work/tcm-storage-ios/tcm-storage-ios/build/Build/Products/Debug-iphonesimulator/PackageFrameworks"
2026-04-22T16:43:53.3965510Z ignoring duplicate directory "/Users/runner/work/tcm-storage-ios/tcm-storage-ios/build/Build/Products/Debug-iphonesimulator/PackageFrameworks"
2026-04-22T16:43:53.3965840Z ignoring duplicate directory "/Users/runner/work/tcm-storage-ios/tcm-storage-ios/build/Build/Products/Debug-iphonesimulator/PackageFrameworks"
2026-04-22T16:43:53.3966170Z ignoring duplicate directory "/Users/runner/work/tcm-storage-ios/tcm-storage-ios/build/Build/Products/Debug-iphonesimulator/PackageFrameworks"
2026-04-22T16:43:53.3966520Z ignoring duplicate directory "/Users/runner/work/tcm-storage-ios/tcm-storage-ios/build/Build/Products/Debug-iphonesimulator/PackageFrameworks"
2026-04-22T16:43:53.3966840Z ignoring duplicate directory "/Users/runner/work/tcm-storage-ios/tcm-storage-ios/build/Build/Products/Debug-iphonesimulator/PackageFrameworks"
2026-04-22T16:43:53.3967170Z ignoring duplicate directory "/Users/runner/work/tcm-storage-ios/tcm-storage-ios/build/Build/Products/Debug-iphonesimulator/PackageFrameworks"
2026-04-22T16:43:53.3967520Z ignoring duplicate directory "/Users/runner/work/tcm-storage-ios/tcm-storage-ios/build/Build/Products/Debug-iphonesimulator/PackageFrameworks"
2026-04-22T16:43:53.3967860Z ignoring duplicate directory "/Users/runner/work/tcm-storage-ios/tcm-storage-ios/build/Build/Products/Debug-iphonesimulator/PackageFrameworks"
2026-04-22T16:43:53.3968190Z ignoring duplicate directory "/Users/runner/work/tcm-storage-ios/tcm-storage-ios/build/Build/Products/Debug-iphonesimulator/PackageFrameworks"
2026-04-22T16:43:53.3968540Z ignoring duplicate directory "/Users/runner/work/tcm-storage-ios/tcm-storage-ios/build/Build/Products/Debug-iphonesimulator/PackageFrameworks"
2026-04-22T16:43:53.3968870Z ignoring duplicate directory "/Users/runner/work/tcm-storage-ios/tcm-storage-ios/build/Build/Products/Debug-iphonesimulator/PackageFrameworks"
2026-04-22T16:43:53.3969200Z ignoring duplicate directory "/Users/runner/work/tcm-storage-ios/tcm-storage-ios/build/Build/Products/Debug-iphonesimulator/PackageFrameworks"
2026-04-22T16:43:53.3969590Z ignoring duplicate directory "/Users/runner/work/tcm-storage-ios/tcm-storage-ios/build/Build/Products/Debug-iphonesimulator/PackageFrameworks"
2026-04-22T16:43:53.3969660Z #include "..." search starts here:
2026-04-22T16:43:53.3970250Z  /Users/runner/work/tcm-storage-ios/tcm-storage-ios/build/Build/Intermediates.noindex/Nextcloud.build/Debug-iphonesimulator/Notification Service Extension.build/Notification Service Extension-generated-files.hmap (headermap)
2026-04-22T16:43:53.3970900Z  /Users/runner/work/tcm-storage-ios/tcm-storage-ios/build/Build/Intermediates.noindex/Nextcloud.build/Debug-iphonesimulator/Notification Service Extension.build/Notification Service Extension-project-headers.hmap (headermap)
2026-04-22T16:43:53.3970960Z #include <...> search starts here:
2026-04-22T16:43:53.3971530Z  /Users/runner/work/tcm-storage-ios/tcm-storage-ios/build/Build/Intermediates.noindex/Nextcloud.build/Debug-iphonesimulator/Notification Service Extension.build/Notification Service Extension-own-target-headers.hmap (headermap)
2026-04-22T16:43:53.3972170Z  /Users/runner/work/tcm-storage-ios/tcm-storage-ios/build/Build/Intermediates.noindex/Nextcloud.build/Debug-iphonesimulator/Notification Service Extension.build/Notification Service Extension-all-non-framework-target-headers.hmap (headermap)
2026-04-22T16:43:53.3973630Z  /Users/runner/work/tcm-storage-ios/tcm-storage-ios/build/SourcePackages/checkouts/swift-atomics/Sources/_AtomicsShims/include
2026-04-22T16:43:53.3974080Z  /Users/runner/work/tcm-storage-ios/tcm-storage-ios/build/SourcePackages/checkouts/swift-nio/Sources/CNIOPosix/include
2026-04-22T16:43:53.3974360Z  /Users/runner/work/tcm-storage-ios/tcm-storage-ios/build/SourcePackages/checkouts/swift-nio/Sources/CNIOWASI/include
2026-04-22T16:43:53.3974640Z  /Users/runner/work/tcm-storage-ios/tcm-storage-ios/build/SourcePackages/checkouts/swift-nio/Sources/CNIOWindows/include
2026-04-22T16:43:53.3974970Z  /Users/runner/work/tcm-storage-ios/tcm-storage-ios/build/SourcePackages/checkouts/swift-nio/Sources/CNIOLinux/include
2026-04-22T16:43:53.3975250Z  /Users/runner/work/tcm-storage-ios/tcm-storage-ios/build/SourcePackages/checkouts/swift-nio/Sources/CNIODarwin/include
2026-04-22T16:43:53.3975530Z  /Users/runner/work/tcm-storage-ios/tcm-storage-ios/build/SourcePackages/checkouts/swift-nio/Sources/CNIOOpenBSD/include
2026-04-22T16:43:53.3975800Z  /Users/runner/work/tcm-storage-ios/tcm-storage-ios/build/SourcePackages/checkouts/swift-nio/Sources/CNIOAtomics/include
2026-04-22T16:43:53.3976110Z  /Users/runner/work/tcm-storage-ios/tcm-storage-ios/build/SourcePackages/checkouts/swift-nio-ssl/Sources/CNIOBoringSSLShims/include
2026-04-22T16:43:53.3976400Z  /Users/runner/work/tcm-storage-ios/tcm-storage-ios/build/SourcePackages/checkouts/swift-nio-ssl/Sources/CNIOBoringSSL/include
2026-04-22T16:43:53.3976600Z  /Users/runner/work/tcm-storage-ios/tcm-storage-ios/build/SourcePackages/checkouts/realm-core/src
2026-04-22T16:43:53.3976850Z  /Users/runner/work/tcm-storage-ios/tcm-storage-ios/build/SourcePackages/checkouts/realm-core/src/external/s2
2026-04-22T16:43:53.3977180Z  /Users/runner/work/tcm-storage-ios/tcm-storage-ios/build/SourcePackages/checkouts/realm-core/src/external/IntelRDFPMathLib20U2/LIBRARY/src
2026-04-22T16:43:53.3977390Z  /Users/runner/work/tcm-storage-ios/tcm-storage-ios/build/SourcePackages/checkouts/realm-core/src/spm
2026-04-22T16:43:53.3977610Z  /Users/runner/work/tcm-storage-ios/tcm-storage-ios/build/SourcePackages/checkouts/realm-swift/include
2026-04-22T16:43:53.3978170Z  /Users/runner/work/tcm-storage-ios/tcm-storage-ios/build/Build/Intermediates.noindex/Nextcloud.build/Debug-iphonesimulator/Notification Service Extension.build/DerivedSources
2026-04-22T16:43:53.3978640Z  /Users/runner/work/tcm-storage-ios/tcm-storage-ios/build/Build/Products/Debug-iphonesimulator/PackageFrameworks (framework directory)
2026-04-22T16:43:53.3978920Z  /Users/runner/work/tcm-storage-ios/tcm-storage-ios/build/Build/Products/Debug-iphonesimulator (framework directory)
2026-04-22T16:43:53.3979250Z  /Applications/Xcode_26.2.app/Contents/Developer/Platforms/iPhoneSimulator.platform/Developer/Library/Frameworks (framework directory)
2026-04-22T16:43:53.3979680Z  /Applications/Xcode_26.2.app/Contents/Developer/Platforms/iPhoneSimulator.platform/Developer/SDKs/iPhoneSimulator26.2.sdk/Developer/Library/Frameworks (framework directory)
2026-04-22T16:43:53.3979930Z  /Applications/Xcode_26.2.app/Contents/Developer/Toolchains/XcodeDefault.xctoolchain/usr/lib/clang/17/include
2026-04-22T16:43:53.3980270Z  /Applications/Xcode_26.2.app/Contents/Developer/Platforms/iPhoneSimulator.platform/Developer/SDKs/iPhoneSimulator26.2.sdk/usr/include
2026-04-22T16:43:53.3980480Z  /Applications/Xcode_26.2.app/Contents/Developer/Toolchains/XcodeDefault.xctoolchain/usr/include
2026-04-22T16:43:53.3980900Z  /Applications/Xcode_26.2.app/Contents/Developer/Platforms/iPhoneSimulator.platform/Developer/SDKs/iPhoneSimulator26.2.sdk/System/Library/Frameworks (framework directory)
2026-04-22T16:43:53.3981320Z  /Applications/Xcode_26.2.app/Contents/Developer/Platforms/iPhoneSimulator.platform/Developer/SDKs/iPhoneSimulator26.2.sdk/System/Library/SubFrameworks (framework directory)
2026-04-22T16:43:53.3981370Z End of search list.
2026-04-22T16:43:53.3981530Z clang -cc1 version 17.0.0 (clang-1700.6.3.2) default target arm64-apple-darwin24.6.0
2026-04-22T16:43:53.3981850Z ignoring nonexistent directory "/Users/runner/work/tcm-storage-ios/tcm-storage-ios/build/Build/Products/Debug-iphonesimulator/include"
2026-04-22T16:43:53.3982650Z ignoring nonexistent directory "/Users/runner/work/tcm-storage-ios/tcm-storage-ios/build/Build/Intermediates.noindex/Nextcloud.build/Debug-iphonesimulator/Notification Service Extension.build/DerivedSources-normal/arm64"
2026-04-22T16:43:53.3983190Z ignoring nonexistent directory "/Users/runner/work/tcm-storage-ios/tcm-storage-ios/build/Build/Intermediates.noindex/Nextcloud.build/Debug-iphonesimulator/Notification Service Extension.build/DerivedSources/arm64"
2026-04-22T16:43:53.3983610Z ignoring nonexistent directory "/Applications/Xcode_26.2.app/Contents/Developer/Platforms/iPhoneSimulator.platform/Developer/SDKs/iPhoneSimulator26.2.sdk/usr/local/include"
2026-04-22T16:43:53.3984030Z ignoring nonexistent directory "/Applications/Xcode_26.2.app/Contents/Developer/Platforms/iPhoneSimulator.platform/Developer/SDKs/iPhoneSimulator26.2.sdk/Library/Frameworks"
2026-04-22T16:43:53.3984360Z ignoring duplicate directory "/Users/runner/work/tcm-storage-ios/tcm-storage-ios/build/Build/Products/Debug-iphonesimulator/PackageFrameworks"
2026-04-22T16:43:53.3984720Z ignoring duplicate directory "/Users/runner/work/tcm-storage-ios/tcm-storage-ios/build/Build/Products/Debug-iphonesimulator/PackageFrameworks"
2026-04-22T16:43:53.3985050Z ignoring duplicate directory "/Users/runner/work/tcm-storage-ios/tcm-storage-ios/build/Build/Products/Debug-iphonesimulator/PackageFrameworks"
2026-04-22T16:43:53.3985380Z ignoring duplicate directory "/Users/runner/work/tcm-storage-ios/tcm-storage-ios/build/Build/Products/Debug-iphonesimulator/PackageFrameworks"
2026-04-22T16:43:53.3985700Z ignoring duplicate directory "/Users/runner/work/tcm-storage-ios/tcm-storage-ios/build/Build/Products/Debug-iphonesimulator/PackageFrameworks"
2026-04-22T16:43:53.3986020Z ignoring duplicate directory "/Users/runner/work/tcm-storage-ios/tcm-storage-ios/build/Build/Products/Debug-iphonesimulator/PackageFrameworks"
2026-04-22T16:43:53.3986350Z ignoring duplicate directory "/Users/runner/work/tcm-storage-ios/tcm-storage-ios/build/Build/Products/Debug-iphonesimulator/PackageFrameworks"
2026-04-22T16:43:53.3986680Z ignoring duplicate directory "/Users/runner/work/tcm-storage-ios/tcm-storage-ios/build/Build/Products/Debug-iphonesimulator/PackageFrameworks"
2026-04-22T16:43:53.3987000Z ignoring duplicate directory "/Users/runner/work/tcm-storage-ios/tcm-storage-ios/build/Build/Products/Debug-iphonesimulator/PackageFrameworks"
2026-04-22T16:43:53.3987340Z ignoring duplicate directory "/Users/runner/work/tcm-storage-ios/tcm-storage-ios/build/Build/Products/Debug-iphonesimulator/PackageFrameworks"
2026-04-22T16:43:53.3987670Z ignoring duplicate directory "/Users/runner/work/tcm-storage-ios/tcm-storage-ios/build/Build/Products/Debug-iphonesimulator/PackageFrameworks"
2026-04-22T16:43:53.3987990Z ignoring duplicate directory "/Users/runner/work/tcm-storage-ios/tcm-storage-ios/build/Build/Products/Debug-iphonesimulator/PackageFrameworks"
2026-04-22T16:43:53.3988350Z ignoring duplicate directory "/Users/runner/work/tcm-storage-ios/tcm-storage-ios/build/Build/Products/Debug-iphonesimulator/PackageFrameworks"
2026-04-22T16:43:53.3988710Z ignoring duplicate directory "/Users/runner/work/tcm-storage-ios/tcm-storage-ios/build/Build/Products/Debug-iphonesimulator/PackageFrameworks"
2026-04-22T16:43:53.3989030Z ignoring duplicate directory "/Users/runner/work/tcm-storage-ios/tcm-storage-ios/build/Build/Products/Debug-iphonesimulator/PackageFrameworks"
2026-04-22T16:43:53.3989360Z ignoring duplicate directory "/Users/runner/work/tcm-storage-ios/tcm-storage-ios/build/Build/Products/Debug-iphonesimulator/PackageFrameworks"
2026-04-22T16:43:53.3989700Z ignoring duplicate directory "/Users/runner/work/tcm-storage-ios/tcm-storage-ios/build/Build/Products/Debug-iphonesimulator/PackageFrameworks"
2026-04-22T16:43:53.3990050Z ignoring duplicate directory "/Users/runner/work/tcm-storage-ios/tcm-storage-ios/build/Build/Products/Debug-iphonesimulator/PackageFrameworks"
2026-04-22T16:43:53.3990450Z ignoring duplicate directory "/Users/runner/work/tcm-storage-ios/tcm-storage-ios/build/Build/Products/Debug-iphonesimulator/PackageFrameworks"
2026-04-22T16:43:53.3990870Z ignoring duplicate directory "/Users/runner/work/tcm-storage-ios/tcm-storage-ios/build/Build/Products/Debug-iphonesimulator/PackageFrameworks"
2026-04-22T16:43:53.3991220Z ignoring duplicate directory "/Users/runner/work/tcm-storage-ios/tcm-storage-ios/build/Build/Products/Debug-iphonesimulator/PackageFrameworks"
2026-04-22T16:43:53.3991560Z ignoring duplicate directory "/Users/runner/work/tcm-storage-ios/tcm-storage-ios/build/Build/Products/Debug-iphonesimulator/PackageFrameworks"
2026-04-22T16:43:53.3991910Z ignoring duplicate directory "/Users/runner/work/tcm-storage-ios/tcm-storage-ios/build/Build/Products/Debug-iphonesimulator/PackageFrameworks"
2026-04-22T16:43:53.3992240Z ignoring duplicate directory "/Users/runner/work/tcm-storage-ios/tcm-storage-ios/build/Build/Products/Debug-iphonesimulator/PackageFrameworks"
2026-04-22T16:43:53.3992580Z ignoring duplicate directory "/Users/runner/work/tcm-storage-ios/tcm-storage-ios/build/Build/Products/Debug-iphonesimulator/PackageFrameworks"
2026-04-22T16:43:53.3992910Z ignoring duplicate directory "/Users/runner/work/tcm-storage-ios/tcm-storage-ios/build/Build/Products/Debug-iphonesimulator/PackageFrameworks"
2026-04-22T16:43:53.3993240Z ignoring duplicate directory "/Users/runner/work/tcm-storage-ios/tcm-storage-ios/build/Build/Products/Debug-iphonesimulator/PackageFrameworks"
2026-04-22T16:43:53.3993560Z ignoring duplicate directory "/Users/runner/work/tcm-storage-ios/tcm-storage-ios/build/Build/Products/Debug-iphonesimulator/PackageFrameworks"
2026-04-22T16:43:53.3993890Z ignoring duplicate directory "/Users/runner/work/tcm-storage-ios/tcm-storage-ios/build/Build/Products/Debug-iphonesimulator/PackageFrameworks"
2026-04-22T16:43:53.3994240Z ignoring duplicate directory "/Users/runner/work/tcm-storage-ios/tcm-storage-ios/build/Build/Products/Debug-iphonesimulator/PackageFrameworks"
2026-04-22T16:43:53.3994570Z ignoring duplicate directory "/Users/runner/work/tcm-storage-ios/tcm-storage-ios/build/Build/Products/Debug-iphonesimulator/PackageFrameworks"
2026-04-22T16:43:53.3994920Z ignoring duplicate directory "/Users/runner/work/tcm-storage-ios/tcm-storage-ios/build/Build/Products/Debug-iphonesimulator/PackageFrameworks"
2026-04-22T16:43:53.3995250Z ignoring duplicate directory "/Users/runner/work/tcm-storage-ios/tcm-storage-ios/build/Build/Products/Debug-iphonesimulator/PackageFrameworks"
2026-04-22T16:43:53.3995570Z ignoring duplicate directory "/Users/runner/work/tcm-storage-ios/tcm-storage-ios/build/Build/Products/Debug-iphonesimulator/PackageFrameworks"
2026-04-22T16:43:53.3995640Z #include "..." search starts here:
2026-04-22T16:43:53.3996240Z  /Users/runner/work/tcm-storage-ios/tcm-storage-ios/build/Build/Intermediates.noindex/Nextcloud.build/Debug-iphonesimulator/Notification Service Extension.build/Notification Service Extension-generated-files.hmap (headermap)
2026-04-22T16:43:53.3996840Z  /Users/runner/work/tcm-storage-ios/tcm-storage-ios/build/Build/Intermediates.noindex/Nextcloud.build/Debug-iphonesimulator/Notification Service Extension.build/Notification Service Extension-project-headers.hmap (headermap)
2026-04-22T16:43:53.3996910Z #include <...> search starts here:
2026-04-22T16:43:53.3997500Z  /Users/runner/work/tcm-storage-ios/tcm-storage-ios/build/Build/Intermediates.noindex/Nextcloud.build/Debug-iphonesimulator/Notification Service Extension.build/Notification Service Extension-own-target-headers.hmap (headermap)
2026-04-22T16:43:53.3998150Z  /Users/runner/work/tcm-storage-ios/tcm-storage-ios/build/Build/Intermediates.noindex/Nextcloud.build/Debug-iphonesimulator/Notification Service Extension.build/Notification Service Extension-all-non-framework-target-headers.hmap (headermap)
2026-04-22T16:43:53.3998450Z  /Users/runner/work/tcm-storage-ios/tcm-storage-ios/build/SourcePackages/checkouts/swift-atomics/Sources/_AtomicsShims/include
2026-04-22T16:43:53.3998820Z  /Users/runner/work/tcm-storage-ios/tcm-storage-ios/build/SourcePackages/checkouts/swift-nio/Sources/CNIOPosix/include
2026-04-22T16:43:53.3999160Z  /Users/runner/work/tcm-storage-ios/tcm-storage-ios/build/SourcePackages/checkouts/swift-nio/Sources/CNIOWASI/include
2026-04-22T16:43:53.3999440Z  /Users/runner/work/tcm-storage-ios/tcm-storage-ios/build/SourcePackages/checkouts/swift-nio/Sources/CNIOWindows/include
2026-04-22T16:43:53.3999710Z  /Users/runner/work/tcm-storage-ios/tcm-storage-ios/build/SourcePackages/checkouts/swift-nio/Sources/CNIOLinux/include
2026-04-22T16:43:53.3999980Z  /Users/runner/work/tcm-storage-ios/tcm-storage-ios/build/SourcePackages/checkouts/swift-nio/Sources/CNIODarwin/include
2026-04-22T16:43:53.4000270Z  /Users/runner/work/tcm-storage-ios/tcm-storage-ios/build/SourcePackages/checkouts/swift-nio/Sources/CNIOOpenBSD/include
2026-04-22T16:43:53.4000550Z  /Users/runner/work/tcm-storage-ios/tcm-storage-ios/build/SourcePackages/checkouts/swift-nio/Sources/CNIOAtomics/include
2026-04-22T16:43:53.4000870Z  /Users/runner/work/tcm-storage-ios/tcm-storage-ios/build/SourcePackages/checkouts/swift-nio-ssl/Sources/CNIOBoringSSLShims/include
2026-04-22T16:43:53.4001180Z  /Users/runner/work/tcm-storage-ios/tcm-storage-ios/build/SourcePackages/checkouts/swift-nio-ssl/Sources/CNIOBoringSSL/include
2026-04-22T16:43:53.4001390Z  /Users/runner/work/tcm-storage-ios/tcm-storage-ios/build/SourcePackages/checkouts/realm-core/src
2026-04-22T16:43:53.4001640Z  /Users/runner/work/tcm-storage-ios/tcm-storage-ios/build/SourcePackages/checkouts/realm-core/src/external/s2
2026-04-22T16:43:53.4001970Z  /Users/runner/work/tcm-storage-ios/tcm-storage-ios/build/SourcePackages/checkouts/realm-core/src/external/IntelRDFPMathLib20U2/LIBRARY/src
2026-04-22T16:43:53.4002180Z  /Users/runner/work/tcm-storage-ios/tcm-storage-ios/build/SourcePackages/checkouts/realm-core/src/spm
2026-04-22T16:43:53.4002400Z  /Users/runner/work/tcm-storage-ios/tcm-storage-ios/build/SourcePackages/checkouts/realm-swift/include
2026-04-22T16:43:53.4002840Z  /Users/runner/work/tcm-storage-ios/tcm-storage-ios/build/Build/Intermediates.noindex/Nextcloud.build/Debug-iphonesimulator/Notification Service Extension.build/DerivedSources
2026-04-22T16:43:53.4003160Z  /Users/runner/work/tcm-storage-ios/tcm-storage-ios/build/Build/Products/Debug-iphonesimulator/PackageFrameworks (framework directory)
2026-04-22T16:43:53.4003430Z  /Users/runner/work/tcm-storage-ios/tcm-storage-ios/build/Build/Products/Debug-iphonesimulator (framework directory)
2026-04-22T16:43:53.4003740Z  /Applications/Xcode_26.2.app/Contents/Developer/Platforms/iPhoneSimulator.platform/Developer/Library/Frameworks (framework directory)
2026-04-22T16:43:53.4004170Z  /Applications/Xcode_26.2.app/Contents/Developer/Platforms/iPhoneSimulator.platform/Developer/SDKs/iPhoneSimulator26.2.sdk/Developer/Library/Frameworks (framework directory)
2026-04-22T16:43:53.4004420Z  /Applications/Xcode_26.2.app/Contents/Developer/Toolchains/XcodeDefault.xctoolchain/usr/lib/clang/17/include
2026-04-22T16:43:53.4004740Z  /Applications/Xcode_26.2.app/Contents/Developer/Platforms/iPhoneSimulator.platform/Developer/SDKs/iPhoneSimulator26.2.sdk/usr/include
2026-04-22T16:43:53.4004950Z  /Applications/Xcode_26.2.app/Contents/Developer/Toolchains/XcodeDefault.xctoolchain/usr/include
2026-04-22T16:43:53.4005380Z  /Applications/Xcode_26.2.app/Contents/Developer/Platforms/iPhoneSimulator.platform/Developer/SDKs/iPhoneSimulator26.2.sdk/System/Library/Frameworks (framework directory)
2026-04-22T16:43:53.4005810Z  /Applications/Xcode_26.2.app/Contents/Developer/Platforms/iPhoneSimulator.platform/Developer/SDKs/iPhoneSimulator26.2.sdk/System/Library/SubFrameworks (framework directory)
2026-04-22T16:43:53.4005850Z End of search list.
2026-04-22T16:43:53.4006020Z clang -cc1 version 17.0.0 (clang-1700.6.3.2) default target arm64-apple-darwin24.6.0
2026-04-22T16:43:53.4006330Z ignoring nonexistent directory "/Users/runner/work/tcm-storage-ios/tcm-storage-ios/build/Build/Products/Debug-iphonesimulator/include"
2026-04-22T16:43:53.4006960Z ignoring nonexistent directory "/Users/runner/work/tcm-storage-ios/tcm-storage-ios/build/Build/Intermediates.noindex/Nextcloud.build/Debug-iphonesimulator/Notification Service Extension.build/DerivedSources-normal/arm64"
2026-04-22T16:43:53.4007550Z ignoring nonexistent directory "/Users/runner/work/tcm-storage-ios/tcm-storage-ios/build/Build/Intermediates.noindex/Nextcloud.build/Debug-iphonesimulator/Notification Service Extension.build/DerivedSources/arm64"
2026-04-22T16:43:53.4007980Z ignoring nonexistent directory "/Applications/Xcode_26.2.app/Contents/Developer/Platforms/iPhoneSimulator.platform/Developer/SDKs/iPhoneSimulator26.2.sdk/usr/local/include"
2026-04-22T16:43:53.4008420Z ignoring nonexistent directory "/Applications/Xcode_26.2.app/Contents/Developer/Platforms/iPhoneSimulator.platform/Developer/SDKs/iPhoneSimulator26.2.sdk/Library/Frameworks"
2026-04-22T16:43:53.4008760Z ignoring duplicate directory "/Users/runner/work/tcm-storage-ios/tcm-storage-ios/build/Build/Products/Debug-iphonesimulator/PackageFrameworks"
2026-04-22T16:43:53.4009090Z ignoring duplicate directory "/Users/runner/work/tcm-storage-ios/tcm-storage-ios/build/Build/Products/Debug-iphonesimulator/PackageFrameworks"
2026-04-22T16:43:53.4009420Z ignoring duplicate directory "/Users/runner/work/tcm-storage-ios/tcm-storage-ios/build/Build/Products/Debug-iphonesimulator/PackageFrameworks"
2026-04-22T16:43:53.4009770Z ignoring duplicate directory "/Users/runner/work/tcm-storage-ios/tcm-storage-ios/build/Build/Products/Debug-iphonesimulator/PackageFrameworks"
2026-04-22T16:43:53.4010120Z ignoring duplicate directory "/Users/runner/work/tcm-storage-ios/tcm-storage-ios/build/Build/Products/Debug-iphonesimulator/PackageFrameworks"
2026-04-22T16:43:53.4010450Z ignoring duplicate directory "/Users/runner/work/tcm-storage-ios/tcm-storage-ios/build/Build/Products/Debug-iphonesimulator/PackageFrameworks"
2026-04-22T16:43:53.4010780Z ignoring duplicate directory "/Users/runner/work/tcm-storage-ios/tcm-storage-ios/build/Build/Products/Debug-iphonesimulator/PackageFrameworks"
2026-04-22T16:43:53.4011100Z ignoring duplicate directory "/Users/runner/work/tcm-storage-ios/tcm-storage-ios/build/Build/Products/Debug-iphonesimulator/PackageFrameworks"
2026-04-22T16:43:53.4011430Z ignoring duplicate directory "/Users/runner/work/tcm-storage-ios/tcm-storage-ios/build/Build/Products/Debug-iphonesimulator/PackageFrameworks"
2026-04-22T16:43:53.4011760Z ignoring duplicate directory "/Users/runner/work/tcm-storage-ios/tcm-storage-ios/build/Build/Products/Debug-iphonesimulator/PackageFrameworks"
2026-04-22T16:43:53.4012090Z ignoring duplicate directory "/Users/runner/work/tcm-storage-ios/tcm-storage-ios/build/Build/Products/Debug-iphonesimulator/PackageFrameworks"
2026-04-22T16:43:53.4012410Z ignoring duplicate directory "/Users/runner/work/tcm-storage-ios/tcm-storage-ios/build/Build/Products/Debug-iphonesimulator/PackageFrameworks"
2026-04-22T16:43:53.4012740Z ignoring duplicate directory "/Users/runner/work/tcm-storage-ios/tcm-storage-ios/build/Build/Products/Debug-iphonesimulator/PackageFrameworks"
2026-04-22T16:43:53.4013070Z ignoring duplicate directory "/Users/runner/work/tcm-storage-ios/tcm-storage-ios/build/Build/Products/Debug-iphonesimulator/PackageFrameworks"
2026-04-22T16:43:53.4013400Z ignoring duplicate directory "/Users/runner/work/tcm-storage-ios/tcm-storage-ios/build/Build/Products/Debug-iphonesimulator/PackageFrameworks"
2026-04-22T16:43:53.4013740Z ignoring duplicate directory "/Users/runner/work/tcm-storage-ios/tcm-storage-ios/build/Build/Products/Debug-iphonesimulator/PackageFrameworks"
2026-04-22T16:43:53.4014060Z ignoring duplicate directory "/Users/runner/work/tcm-storage-ios/tcm-storage-ios/build/Build/Products/Debug-iphonesimulator/PackageFrameworks"
2026-04-22T16:43:53.4014390Z ignoring duplicate directory "/Users/runner/work/tcm-storage-ios/tcm-storage-ios/build/Build/Products/Debug-iphonesimulator/PackageFrameworks"
2026-04-22T16:43:53.4014720Z ignoring duplicate directory "/Users/runner/work/tcm-storage-ios/tcm-storage-ios/build/Build/Products/Debug-iphonesimulator/PackageFrameworks"
2026-04-22T16:43:53.4015130Z ignoring duplicate directory "/Users/runner/work/tcm-storage-ios/tcm-storage-ios/build/Build/Products/Debug-iphonesimulator/PackageFrameworks"
2026-04-22T16:43:53.4017470Z ignoring duplicate directory "/Users/runner/work/tcm-storage-ios/tcm-storage-ios/build/Build/Products/Debug-iphonesimulator/PackageFrameworks"
2026-04-22T16:43:53.4017840Z ignoring duplicate directory "/Users/runner/work/tcm-storage-ios/tcm-storage-ios/build/Build/Products/Debug-iphonesimulator/PackageFrameworks"
2026-04-22T16:43:53.4018170Z ignoring duplicate directory "/Users/runner/work/tcm-storage-ios/tcm-storage-ios/build/Build/Products/Debug-iphonesimulator/PackageFrameworks"
2026-04-22T16:43:53.4018500Z ignoring duplicate directory "/Users/runner/work/tcm-storage-ios/tcm-storage-ios/build/Build/Products/Debug-iphonesimulator/PackageFrameworks"
2026-04-22T16:43:53.4018830Z ignoring duplicate directory "/Users/runner/work/tcm-storage-ios/tcm-storage-ios/build/Build/Products/Debug-iphonesimulator/PackageFrameworks"
2026-04-22T16:43:53.4019160Z ignoring duplicate directory "/Users/runner/work/tcm-storage-ios/tcm-storage-ios/build/Build/Products/Debug-iphonesimulator/PackageFrameworks"
2026-04-22T16:43:53.4024270Z ignoring duplicate directory "/Users/runner/work/tcm-storage-ios/tcm-storage-ios/build/Build/Products/Debug-iphonesimulator/PackageFrameworks"
2026-04-22T16:43:53.4025710Z ignoring duplicate directory "/Users/runner/work/tcm-storage-ios/tcm-storage-ios/build/Build/Products/Debug-iphonesimulator/PackageFrameworks"
2026-04-22T16:43:53.4026040Z ignoring duplicate directory "/Users/runner/work/tcm-storage-ios/tcm-storage-ios/build/Build/Products/Debug-iphonesimulator/PackageFrameworks"
2026-04-22T16:43:53.4026370Z ignoring duplicate directory "/Users/runner/work/tcm-storage-ios/tcm-storage-ios/build/Build/Products/Debug-iphonesimulator/PackageFrameworks"
2026-04-22T16:43:53.4026690Z ignoring duplicate directory "/Users/runner/work/tcm-storage-ios/tcm-storage-ios/build/Build/Products/Debug-iphonesimulator/PackageFrameworks"
2026-04-22T16:43:53.4030400Z ignoring duplicate directory "/Users/runner/work/tcm-storage-ios/tcm-storage-ios/build/Build/Products/Debug-iphonesimulator/PackageFrameworks"
2026-04-22T16:43:53.4030810Z ignoring duplicate directory "/Users/runner/work/tcm-storage-ios/tcm-storage-ios/build/Build/Products/Debug-iphonesimulator/PackageFrameworks"
2026-04-22T16:43:53.4031190Z ignoring duplicate directory "/Users/runner/work/tcm-storage-ios/tcm-storage-ios/build/Build/Products/Debug-iphonesimulator/PackageFrameworks"
2026-04-22T16:43:53.4031250Z #include "..." search starts here:
2026-04-22T16:43:53.4031850Z  /Users/runner/work/tcm-storage-ios/tcm-storage-ios/build/Build/Intermediates.noindex/Nextcloud.build/Debug-iphonesimulator/Notification Service Extension.build/Notification Service Extension-generated-files.hmap (headermap)
2026-04-22T16:43:53.4032430Z  /Users/runner/work/tcm-storage-ios/tcm-storage-ios/build/Build/Intermediates.noindex/Nextcloud.build/Debug-iphonesimulator/Notification Service Extension.build/Notification Service Extension-project-headers.hmap (headermap)
2026-04-22T16:43:53.4032500Z #include <...> search starts here:
2026-04-22T16:43:53.4033080Z  /Users/runner/work/tcm-storage-ios/tcm-storage-ios/build/Build/Intermediates.noindex/Nextcloud.build/Debug-iphonesimulator/Notification Service Extension.build/Notification Service Extension-own-target-headers.hmap (headermap)
2026-04-22T16:43:53.4033710Z  /Users/runner/work/tcm-storage-ios/tcm-storage-ios/build/Build/Intermediates.noindex/Nextcloud.build/Debug-iphonesimulator/Notification Service Extension.build/Notification Service Extension-all-non-framework-target-headers.hmap (headermap)
2026-04-22T16:43:53.4034000Z  /Users/runner/work/tcm-storage-ios/tcm-storage-ios/build/SourcePackages/checkouts/swift-atomics/Sources/_AtomicsShims/include
2026-04-22T16:43:53.4034270Z  /Users/runner/work/tcm-storage-ios/tcm-storage-ios/build/SourcePackages/checkouts/swift-nio/Sources/CNIOPosix/include
2026-04-22T16:43:53.4034640Z  /Users/runner/work/tcm-storage-ios/tcm-storage-ios/build/SourcePackages/checkouts/swift-nio/Sources/CNIOWASI/include
2026-04-22T16:43:53.4035010Z  /Users/runner/work/tcm-storage-ios/tcm-storage-ios/build/SourcePackages/checkouts/swift-nio/Sources/CNIOWindows/include
2026-04-22T16:43:53.4035280Z  /Users/runner/work/tcm-storage-ios/tcm-storage-ios/build/SourcePackages/checkouts/swift-nio/Sources/CNIOLinux/include
2026-04-22T16:43:53.4035540Z  /Users/runner/work/tcm-storage-ios/tcm-storage-ios/build/SourcePackages/checkouts/swift-nio/Sources/CNIODarwin/include
2026-04-22T16:43:53.4035800Z  /Users/runner/work/tcm-storage-ios/tcm-storage-ios/build/SourcePackages/checkouts/swift-nio/Sources/CNIOOpenBSD/include
2026-04-22T16:43:53.4036080Z  /Users/runner/work/tcm-storage-ios/tcm-storage-ios/build/SourcePackages/checkouts/swift-nio/Sources/CNIOAtomics/include
2026-04-22T16:43:53.4036380Z  /Users/runner/work/tcm-storage-ios/tcm-storage-ios/build/SourcePackages/checkouts/swift-nio-ssl/Sources/CNIOBoringSSLShims/include
2026-04-22T16:43:53.4036670Z  /Users/runner/work/tcm-storage-ios/tcm-storage-ios/build/SourcePackages/checkouts/swift-nio-ssl/Sources/CNIOBoringSSL/include
2026-04-22T16:43:53.4036880Z  /Users/runner/work/tcm-storage-ios/tcm-storage-ios/build/SourcePackages/checkouts/realm-core/src
2026-04-22T16:43:53.4037140Z  /Users/runner/work/tcm-storage-ios/tcm-storage-ios/build/SourcePackages/checkouts/realm-core/src/external/s2
2026-04-22T16:43:53.4037470Z  /Users/runner/work/tcm-storage-ios/tcm-storage-ios/build/SourcePackages/checkouts/realm-core/src/external/IntelRDFPMathLib20U2/LIBRARY/src
2026-04-22T16:43:53.4043970Z  /Users/runner/work/tcm-storage-ios/tcm-storage-ios/build/SourcePackages/checkouts/realm-core/src/spm
2026-04-22T16:43:53.4044210Z  /Users/runner/work/tcm-storage-ios/tcm-storage-ios/build/SourcePackages/checkouts/realm-swift/include
2026-04-22T16:43:53.4044640Z  /Users/runner/work/tcm-storage-ios/tcm-storage-ios/build/Build/Intermediates.noindex/Nextcloud.build/Debug-iphonesimulator/Notification Service Extension.build/DerivedSources
2026-04-22T16:43:53.4044960Z  /Users/runner/work/tcm-storage-ios/tcm-storage-ios/build/Build/Products/Debug-iphonesimulator/PackageFrameworks (framework directory)
2026-04-22T16:43:53.4045230Z  /Users/runner/work/tcm-storage-ios/tcm-storage-ios/build/Build/Products/Debug-iphonesimulator (framework directory)
2026-04-22T16:43:53.4045540Z  /Applications/Xcode_26.2.app/Contents/Developer/Platforms/iPhoneSimulator.platform/Developer/Library/Frameworks (framework directory)
2026-04-22T16:43:53.4045960Z  /Applications/Xcode_26.2.app/Contents/Developer/Platforms/iPhoneSimulator.platform/Developer/SDKs/iPhoneSimulator26.2.sdk/Developer/Library/Frameworks (framework directory)
2026-04-22T16:43:53.4046200Z  /Applications/Xcode_26.2.app/Contents/Developer/Toolchains/XcodeDefault.xctoolchain/usr/lib/clang/17/include
2026-04-22T16:43:53.4046510Z  /Applications/Xcode_26.2.app/Contents/Developer/Platforms/iPhoneSimulator.platform/Developer/SDKs/iPhoneSimulator26.2.sdk/usr/include
2026-04-22T16:43:53.4046720Z  /Applications/Xcode_26.2.app/Contents/Developer/Toolchains/XcodeDefault.xctoolchain/usr/include
2026-04-22T16:43:53.4047130Z  /Applications/Xcode_26.2.app/Contents/Developer/Platforms/iPhoneSimulator.platform/Developer/SDKs/iPhoneSimulator26.2.sdk/System/Library/Frameworks (framework directory)
2026-04-22T16:43:53.4047550Z  /Applications/Xcode_26.2.app/Contents/Developer/Platforms/iPhoneSimulator.platform/Developer/SDKs/iPhoneSimulator26.2.sdk/System/Library/SubFrameworks (framework directory)
2026-04-22T16:43:53.4047600Z End of search list.
2026-04-22T16:43:53.4047790Z clang -cc1 version 17.0.0 (clang-1700.6.3.2) default target arm64-apple-darwin24.6.0
2026-04-22T16:43:53.4073850Z ignoring nonexistent directory "/Users/runner/work/tcm-storage-ios/tcm-storage-ios/build/Build/Products/Debug-iphonesimulator/include"
2026-04-22T16:43:53.4074660Z ignoring nonexistent directory "/Users/runner/work/tcm-storage-ios/tcm-storage-ios/build/Build/Intermediates.noindex/Nextcloud.build/Debug-iphonesimulator/Notification Service Extension.build/DerivedSources-normal/arm64"
2026-04-22T16:43:53.4076440Z ignoring nonexistent directory "/Users/runner/work/tcm-storage-ios/tcm-storage-ios/build/Build/Intermediates.noindex/Nextcloud.build/Debug-iphonesimulator/Notification Service Extension.build/DerivedSources/arm64"
2026-04-22T16:43:53.4077000Z ignoring nonexistent directory "/Applications/Xcode_26.2.app/Contents/Developer/Platforms/iPhoneSimulator.platform/Developer/SDKs/iPhoneSimulator26.2.sdk/usr/local/include"
2026-04-22T16:43:53.4077530Z ignoring nonexistent directory "/Applications/Xcode_26.2.app/Contents/Developer/Platforms/iPhoneSimulator.platform/Developer/SDKs/iPhoneSimulator26.2.sdk/Library/Frameworks"
2026-04-22T16:43:53.4078240Z ignoring duplicate directory "/Users/runner/work/tcm-storage-ios/tcm-storage-ios/build/Build/Products/Debug-iphonesimulator/PackageFrameworks"
2026-04-22T16:43:53.4078960Z ignoring duplicate directory "/Users/runner/work/tcm-storage-ios/tcm-storage-ios/build/Build/Products/Debug-iphonesimulator/PackageFrameworks"
2026-04-22T16:43:53.4079420Z ignoring duplicate directory "/Users/runner/work/tcm-storage-ios/tcm-storage-ios/build/Build/Products/Debug-iphonesimulator/PackageFrameworks"
2026-04-22T16:43:53.4079840Z ignoring duplicate directory "/Users/runner/work/tcm-storage-ios/tcm-storage-ios/build/Build/Products/Debug-iphonesimulator/PackageFrameworks"
2026-04-22T16:43:53.4080290Z ignoring duplicate directory "/Users/runner/work/tcm-storage-ios/tcm-storage-ios/build/Build/Products/Debug-iphonesimulator/PackageFrameworks"
2026-04-22T16:43:53.4081060Z ignoring duplicate directory "/Users/runner/work/tcm-storage-ios/tcm-storage-ios/build/Build/Products/Debug-iphonesimulator/PackageFrameworks"
2026-04-22T16:43:53.4081510Z ignoring duplicate directory "/Users/runner/work/tcm-storage-ios/tcm-storage-ios/build/Build/Products/Debug-iphonesimulator/PackageFrameworks"
2026-04-22T16:43:53.4081970Z ignoring duplicate directory "/Users/runner/work/tcm-storage-ios/tcm-storage-ios/build/Build/Products/Debug-iphonesimulator/PackageFrameworks"
2026-04-22T16:43:53.4082400Z ignoring duplicate directory "/Users/runner/work/tcm-storage-ios/tcm-storage-ios/build/Build/Products/Debug-iphonesimulator/PackageFrameworks"
2026-04-22T16:43:53.4084120Z ignoring duplicate directory "/Users/runner/work/tcm-storage-ios/tcm-storage-ios/build/Build/Products/Debug-iphonesimulator/PackageFrameworks"
2026-04-22T16:43:53.4084580Z ignoring duplicate directory "/Users/runner/work/tcm-storage-ios/tcm-storage-ios/build/Build/Products/Debug-iphonesimulator/PackageFrameworks"
2026-04-22T16:43:53.4085020Z ignoring duplicate directory "/Users/runner/work/tcm-storage-ios/tcm-storage-ios/build/Build/Products/Debug-iphonesimulator/PackageFrameworks"
2026-04-22T16:43:53.4085610Z ignoring duplicate directory "/Users/runner/work/tcm-storage-ios/tcm-storage-ios/build/Build/Products/Debug-iphonesimulator/PackageFrameworks"
2026-04-22T16:43:53.4086160Z ignoring duplicate directory "/Users/runner/work/tcm-storage-ios/tcm-storage-ios/build/Build/Products/Debug-iphonesimulator/PackageFrameworks"
2026-04-22T16:43:53.4086640Z ignoring duplicate directory "/Users/runner/work/tcm-storage-ios/tcm-storage-ios/build/Build/Products/Debug-iphonesimulator/PackageFrameworks"
2026-04-22T16:43:53.4098280Z ignoring duplicate directory "/Users/runner/work/tcm-storage-ios/tcm-storage-ios/build/Build/Products/Debug-iphonesimulator/PackageFrameworks"
2026-04-22T16:43:53.4099700Z ignoring duplicate directory "/Users/runner/work/tcm-storage-ios/tcm-storage-ios/build/Build/Products/Debug-iphonesimulator/PackageFrameworks"
2026-04-22T16:43:53.4100130Z ignoring duplicate directory "/Users/runner/work/tcm-storage-ios/tcm-storage-ios/build/Build/Products/Debug-iphonesimulator/PackageFrameworks"
2026-04-22T16:43:53.4100560Z ignoring duplicate directory "/Users/runner/work/tcm-storage-ios/tcm-storage-ios/build/Build/Products/Debug-iphonesimulator/PackageFrameworks"
2026-04-22T16:43:53.4103070Z ignoring duplicate directory "/Users/runner/work/tcm-storage-ios/tcm-storage-ios/build/Build/Products/Debug-iphonesimulator/PackageFrameworks"
2026-04-22T16:43:53.4104120Z ignoring duplicate directory "/Users/runner/work/tcm-storage-ios/tcm-storage-ios/build/Build/Products/Debug-iphonesimulator/PackageFrameworks"
2026-04-22T16:43:53.4104610Z ignoring duplicate directory "/Users/runner/work/tcm-storage-ios/tcm-storage-ios/build/Build/Products/Debug-iphonesimulator/PackageFrameworks"
2026-04-22T16:43:53.4105030Z ignoring duplicate directory "/Users/runner/work/tcm-storage-ios/tcm-storage-ios/build/Build/Products/Debug-iphonesimulator/PackageFrameworks"
2026-04-22T16:43:53.4106360Z ignoring duplicate directory "/Users/runner/work/tcm-storage-ios/tcm-storage-ios/build/Build/Products/Debug-iphonesimulator/PackageFrameworks"
2026-04-22T16:43:53.4107890Z ignoring duplicate directory "/Users/runner/work/tcm-storage-ios/tcm-storage-ios/build/Build/Products/Debug-iphonesimulator/PackageFrameworks"
2026-04-22T16:43:53.4108370Z ignoring duplicate directory "/Users/runner/work/tcm-storage-ios/tcm-storage-ios/build/Build/Products/Debug-iphonesimulator/PackageFrameworks"
2026-04-22T16:43:53.4108860Z ignoring duplicate directory "/Users/runner/work/tcm-storage-ios/tcm-storage-ios/build/Build/Products/Debug-iphonesimulator/PackageFrameworks"
2026-04-22T16:43:53.4116870Z ignoring duplicate directory "/Users/runner/work/tcm-storage-ios/tcm-storage-ios/build/Build/Products/Debug-iphonesimulator/PackageFrameworks"
2026-04-22T16:43:53.4117460Z ignoring duplicate directory "/Users/runner/work/tcm-storage-ios/tcm-storage-ios/build/Build/Products/Debug-iphonesimulator/PackageFrameworks"
2026-04-22T16:43:53.4117930Z ignoring duplicate directory "/Users/runner/work/tcm-storage-ios/tcm-storage-ios/build/Build/Products/Debug-iphonesimulator/PackageFrameworks"
2026-04-22T16:43:53.4118360Z ignoring duplicate directory "/Users/runner/work/tcm-storage-ios/tcm-storage-ios/build/Build/Products/Debug-iphonesimulator/PackageFrameworks"
2026-04-22T16:43:53.4118790Z ignoring duplicate directory "/Users/runner/work/tcm-storage-ios/tcm-storage-ios/build/Build/Products/Debug-iphonesimulator/PackageFrameworks"
2026-04-22T16:43:53.4119250Z ignoring duplicate directory "/Users/runner/work/tcm-storage-ios/tcm-storage-ios/build/Build/Products/Debug-iphonesimulator/PackageFrameworks"
2026-04-22T16:43:53.4120920Z ignoring duplicate directory "/Users/runner/work/tcm-storage-ios/tcm-storage-ios/build/Build/Products/Debug-iphonesimulator/PackageFrameworks"
2026-04-22T16:43:53.4147240Z #include "..." search starts here:
2026-04-22T16:43:53.4171750Z  /Users/runner/work/tcm-storage-ios/tcm-storage-ios/build/Build/Intermediates.noindex/Nextcloud.build/Debug-iphonesimulator/Notification Service Extension.build/Notification Service Extension-generated-files.hmap (headermap)
2026-04-22T16:43:53.4172510Z  /Users/runner/work/tcm-storage-ios/tcm-storage-ios/build/Build/Intermediates.noindex/Nextcloud.build/Debug-iphonesimulator/Notification Service Extension.build/Notification Service Extension-project-headers.hmap (headermap)
2026-04-22T16:43:53.4172700Z #include <...> search starts here:
2026-04-22T16:43:53.4173390Z  /Users/runner/work/tcm-storage-ios/tcm-storage-ios/build/Build/Intermediates.noindex/Nextcloud.build/Debug-iphonesimulator/Notification Service Extension.build/Notification Service Extension-own-target-headers.hmap (headermap)
2026-04-22T16:43:53.4174120Z  /Users/runner/work/tcm-storage-ios/tcm-storage-ios/build/Build/Intermediates.noindex/Nextcloud.build/Debug-iphonesimulator/Notification Service Extension.build/Notification Service Extension-all-non-framework-target-headers.hmap (headermap)
2026-04-22T16:43:53.4174520Z  /Users/runner/work/tcm-storage-ios/tcm-storage-ios/build/SourcePackages/checkouts/swift-atomics/Sources/_AtomicsShims/include
2026-04-22T16:43:53.4174880Z  /Users/runner/work/tcm-storage-ios/tcm-storage-ios/build/SourcePackages/checkouts/swift-nio/Sources/CNIOPosix/include
2026-04-22T16:43:53.4175250Z  /Users/runner/work/tcm-storage-ios/tcm-storage-ios/build/SourcePackages/checkouts/swift-nio/Sources/CNIOWASI/include
2026-04-22T16:43:53.4175790Z  /Users/runner/work/tcm-storage-ios/tcm-storage-ios/build/SourcePackages/checkouts/swift-nio/Sources/CNIOWindows/include
2026-04-22T16:43:53.4176260Z  /Users/runner/work/tcm-storage-ios/tcm-storage-ios/build/SourcePackages/checkouts/swift-nio/Sources/CNIOLinux/include
2026-04-22T16:43:53.4176640Z  /Users/runner/work/tcm-storage-ios/tcm-storage-ios/build/SourcePackages/checkouts/swift-nio/Sources/CNIODarwin/include
2026-04-22T16:43:53.4177010Z  /Users/runner/work/tcm-storage-ios/tcm-storage-ios/build/SourcePackages/checkouts/swift-nio/Sources/CNIOOpenBSD/include
2026-04-22T16:43:53.4177370Z  /Users/runner/work/tcm-storage-ios/tcm-storage-ios/build/SourcePackages/checkouts/swift-nio/Sources/CNIOAtomics/include
2026-04-22T16:43:53.4177780Z  /Users/runner/work/tcm-storage-ios/tcm-storage-ios/build/SourcePackages/checkouts/swift-nio-ssl/Sources/CNIOBoringSSLShims/include
2026-04-22T16:43:53.4178160Z  /Users/runner/work/tcm-storage-ios/tcm-storage-ios/build/SourcePackages/checkouts/swift-nio-ssl/Sources/CNIOBoringSSL/include
2026-04-22T16:43:53.4178470Z  /Users/runner/work/tcm-storage-ios/tcm-storage-ios/build/SourcePackages/checkouts/realm-core/src
2026-04-22T16:43:53.4178910Z  /Users/runner/work/tcm-storage-ios/tcm-storage-ios/build/SourcePackages/checkouts/realm-core/src/external/s2
2026-04-22T16:43:53.4179340Z  /Users/runner/work/tcm-storage-ios/tcm-storage-ios/build/SourcePackages/checkouts/realm-core/src/external/IntelRDFPMathLib20U2/LIBRARY/src
2026-04-22T16:43:53.4179720Z  /Users/runner/work/tcm-storage-ios/tcm-storage-ios/build/SourcePackages/checkouts/realm-core/src/spm
2026-04-22T16:43:53.4180040Z  /Users/runner/work/tcm-storage-ios/tcm-storage-ios/build/SourcePackages/checkouts/realm-swift/include
2026-04-22T16:43:53.4180570Z  /Users/runner/work/tcm-storage-ios/tcm-storage-ios/build/Build/Intermediates.noindex/Nextcloud.build/Debug-iphonesimulator/Notification Service Extension.build/DerivedSources
2026-04-22T16:43:53.4180990Z  /Users/runner/work/tcm-storage-ios/tcm-storage-ios/build/Build/Products/Debug-iphonesimulator/PackageFrameworks (framework directory)
2026-04-22T16:43:53.4181360Z  /Users/runner/work/tcm-storage-ios/tcm-storage-ios/build/Build/Products/Debug-iphonesimulator (framework directory)
2026-04-22T16:43:53.4181780Z  /Applications/Xcode_26.2.app/Contents/Developer/Platforms/iPhoneSimulator.platform/Developer/Library/Frameworks (framework directory)
2026-04-22T16:43:53.4182300Z  /Applications/Xcode_26.2.app/Contents/Developer/Platforms/iPhoneSimulator.platform/Developer/SDKs/iPhoneSimulator26.2.sdk/Developer/Library/Frameworks (framework directory)
2026-04-22T16:43:53.4182640Z  /Applications/Xcode_26.2.app/Contents/Developer/Toolchains/XcodeDefault.xctoolchain/usr/lib/clang/17/include
2026-04-22T16:43:53.4183060Z  /Applications/Xcode_26.2.app/Contents/Developer/Platforms/iPhoneSimulator.platform/Developer/SDKs/iPhoneSimulator26.2.sdk/usr/include
2026-04-22T16:43:53.4183360Z  /Applications/Xcode_26.2.app/Contents/Developer/Toolchains/XcodeDefault.xctoolchain/usr/include
2026-04-22T16:43:53.4183880Z  /Applications/Xcode_26.2.app/Contents/Developer/Platforms/iPhoneSimulator.platform/Developer/SDKs/iPhoneSimulator26.2.sdk/System/Library/Frameworks (framework directory)
2026-04-22T16:43:53.4184400Z  /Applications/Xcode_26.2.app/Contents/Developer/Platforms/iPhoneSimulator.platform/Developer/SDKs/iPhoneSimulator26.2.sdk/System/Library/SubFrameworks (framework directory)
2026-04-22T16:43:53.4184550Z End of search list.
2026-04-22T16:43:53.4212720Z clang -cc1 version 17.0.0 (clang-1700.6.3.2) default target arm64-apple-darwin24.6.0
2026-04-22T16:43:53.4242650Z ignoring nonexistent directory "/Users/runner/work/tcm-storage-ios/tcm-storage-ios/build/Build/Products/Debug-iphonesimulator/include"
2026-04-22T16:43:53.4243480Z ignoring nonexistent directory "/Users/runner/work/tcm-storage-ios/tcm-storage-ios/build/Build/Intermediates.noindex/Nextcloud.build/Debug-iphonesimulator/Notification Service Extension.build/DerivedSources-normal/arm64"
2026-04-22T16:43:53.4246120Z ignoring nonexistent directory "/Users/runner/work/tcm-storage-ios/tcm-storage-ios/build/Build/Intermediates.noindex/Nextcloud.build/Debug-iphonesimulator/Notification Service Extension.build/DerivedSources/arm64"
2026-04-22T16:43:53.4246920Z ignoring nonexistent directory "/Applications/Xcode_26.2.app/Contents/Developer/Platforms/iPhoneSimulator.platform/Developer/SDKs/iPhoneSimulator26.2.sdk/usr/local/include"
2026-04-22T16:43:53.4247540Z ignoring nonexistent directory "/Applications/Xcode_26.2.app/Contents/Developer/Platforms/iPhoneSimulator.platform/Developer/SDKs/iPhoneSimulator26.2.sdk/Library/Frameworks"
2026-04-22T16:43:53.4248680Z ignoring duplicate directory "/Users/runner/work/tcm-storage-ios/tcm-storage-ios/build/Build/Products/Debug-iphonesimulator/PackageFrameworks"
2026-04-22T16:43:53.4249230Z ignoring duplicate directory "/Users/runner/work/tcm-storage-ios/tcm-storage-ios/build/Build/Products/Debug-iphonesimulator/PackageFrameworks"
2026-04-22T16:43:53.4249680Z ignoring duplicate directory "/Users/runner/work/tcm-storage-ios/tcm-storage-ios/build/Build/Products/Debug-iphonesimulator/PackageFrameworks"
2026-04-22T16:43:53.4251260Z ignoring duplicate directory "/Users/runner/work/tcm-storage-ios/tcm-storage-ios/build/Build/Products/Debug-iphonesimulator/PackageFrameworks"
2026-04-22T16:43:53.4251710Z ignoring duplicate directory "/Users/runner/work/tcm-storage-ios/tcm-storage-ios/build/Build/Products/Debug-iphonesimulator/PackageFrameworks"
2026-04-22T16:43:53.4252170Z ignoring duplicate directory "/Users/runner/work/tcm-storage-ios/tcm-storage-ios/build/Build/Products/Debug-iphonesimulator/PackageFrameworks"
2026-04-22T16:43:53.4252630Z ignoring duplicate directory "/Users/runner/work/tcm-storage-ios/tcm-storage-ios/build/Build/Products/Debug-iphonesimulator/PackageFrameworks"
2026-04-22T16:43:53.4253410Z ignoring duplicate directory "/Users/runner/work/tcm-storage-ios/tcm-storage-ios/build/Build/Products/Debug-iphonesimulator/PackageFrameworks"
2026-04-22T16:43:53.4253930Z ignoring duplicate directory "/Users/runner/work/tcm-storage-ios/tcm-storage-ios/build/Build/Products/Debug-iphonesimulator/PackageFrameworks"
2026-04-22T16:43:53.4254350Z ignoring duplicate directory "/Users/runner/work/tcm-storage-ios/tcm-storage-ios/build/Build/Products/Debug-iphonesimulator/PackageFrameworks"
2026-04-22T16:43:53.4255290Z ignoring duplicate directory "/Users/runner/work/tcm-storage-ios/tcm-storage-ios/build/Build/Products/Debug-iphonesimulator/PackageFrameworks"
2026-04-22T16:43:53.4256340Z ignoring duplicate directory "/Users/runner/work/tcm-storage-ios/tcm-storage-ios/build/Build/Products/Debug-iphonesimulator/PackageFrameworks"
2026-04-22T16:43:53.4256770Z ignoring duplicate directory "/Users/runner/work/tcm-storage-ios/tcm-storage-ios/build/Build/Products/Debug-iphonesimulator/PackageFrameworks"
2026-04-22T16:43:53.4257200Z ignoring duplicate directory "/Users/runner/work/tcm-storage-ios/tcm-storage-ios/build/Build/Products/Debug-iphonesimulator/PackageFrameworks"
2026-04-22T16:43:53.4258300Z ignoring duplicate directory "/Users/runner/work/tcm-storage-ios/tcm-storage-ios/build/Build/Products/Debug-iphonesimulator/PackageFrameworks"
2026-04-22T16:43:53.4258770Z ignoring duplicate directory "/Users/runner/work/tcm-storage-ios/tcm-storage-ios/build/Build/Products/Debug-iphonesimulator/PackageFrameworks"
2026-04-22T16:43:53.4259190Z ignoring duplicate directory "/Users/runner/work/tcm-storage-ios/tcm-storage-ios/build/Build/Products/Debug-iphonesimulator/PackageFrameworks"
2026-04-22T16:43:53.4259620Z ignoring duplicate directory "/Users/runner/work/tcm-storage-ios/tcm-storage-ios/build/Build/Products/Debug-iphonesimulator/PackageFrameworks"
2026-04-22T16:43:53.4260740Z ignoring duplicate directory "/Users/runner/work/tcm-storage-ios/tcm-storage-ios/build/Build/Products/Debug-iphonesimulator/PackageFrameworks"
2026-04-22T16:43:53.4261210Z ignoring duplicate directory "/Users/runner/work/tcm-storage-ios/tcm-storage-ios/build/Build/Products/Debug-iphonesimulator/PackageFrameworks"
2026-04-22T16:43:53.4261830Z ignoring duplicate directory "/Users/runner/work/tcm-storage-ios/tcm-storage-ios/build/Build/Products/Debug-iphonesimulator/PackageFrameworks"
2026-04-22T16:43:53.4262350Z ignoring duplicate directory "/Users/runner/work/tcm-storage-ios/tcm-storage-ios/build/Build/Products/Debug-iphonesimulator/PackageFrameworks"
2026-04-22T16:43:53.4263100Z ignoring duplicate directory "/Users/runner/work/tcm-storage-ios/tcm-storage-ios/build/Build/Products/Debug-iphonesimulator/PackageFrameworks"
2026-04-22T16:43:53.4263530Z ignoring duplicate directory "/Users/runner/work/tcm-storage-ios/tcm-storage-ios/build/Build/Products/Debug-iphonesimulator/PackageFrameworks"
2026-04-22T16:43:53.4263950Z ignoring duplicate directory "/Users/runner/work/tcm-storage-ios/tcm-storage-ios/build/Build/Products/Debug-iphonesimulator/PackageFrameworks"
2026-04-22T16:43:53.4265120Z ignoring duplicate directory "/Users/runner/work/tcm-storage-ios/tcm-storage-ios/build/Build/Products/Debug-iphonesimulator/PackageFrameworks"
2026-04-22T16:43:53.4313770Z ignoring duplicate directory "/Users/runner/work/tcm-storage-ios/tcm-storage-ios/build/Build/Products/Debug-iphonesimulator/PackageFrameworks"
2026-04-22T16:43:53.4337190Z ignoring duplicate directory "/Users/runner/work/tcm-storage-ios/tcm-storage-ios/build/Build/Products/Debug-iphonesimulator/PackageFrameworks"
2026-04-22T16:43:53.4337670Z ignoring duplicate directory "/Users/runner/work/tcm-storage-ios/tcm-storage-ios/build/Build/Products/Debug-iphonesimulator/PackageFrameworks"
2026-04-22T16:43:53.4338100Z ignoring duplicate directory "/Users/runner/work/tcm-storage-ios/tcm-storage-ios/build/Build/Products/Debug-iphonesimulator/PackageFrameworks"
2026-04-22T16:43:53.4338530Z ignoring duplicate directory "/Users/runner/work/tcm-storage-ios/tcm-storage-ios/build/Build/Products/Debug-iphonesimulator/PackageFrameworks"
2026-04-22T16:43:53.4358420Z ignoring duplicate directory "/Users/runner/work/tcm-storage-ios/tcm-storage-ios/build/Build/Products/Debug-iphonesimulator/PackageFrameworks"
2026-04-22T16:43:53.4457710Z ignoring duplicate directory "/Users/runner/work/tcm-storage-ios/tcm-storage-ios/build/Build/Products/Debug-iphonesimulator/PackageFrameworks"
2026-04-22T16:43:53.4521090Z ignoring duplicate directory "/Users/runner/work/tcm-storage-ios/tcm-storage-ios/build/Build/Products/Debug-iphonesimulator/PackageFrameworks"
2026-04-22T16:43:53.4521350Z #include "..." search starts here:
2026-04-22T16:43:53.4523050Z  /Users/runner/work/tcm-storage-ios/tcm-storage-ios/build/Build/Intermediates.noindex/Nextcloud.build/Debug-iphonesimulator/Notification Service Extension.build/Notification Service Extension-generated-files.hmap (headermap)
2026-04-22T16:43:53.4524430Z  /Users/runner/work/tcm-storage-ios/tcm-storage-ios/build/Build/Intermediates.noindex/Nextcloud.build/Debug-iphonesimulator/Notification Service Extension.build/Notification Service Extension-project-headers.hmap (headermap)
2026-04-22T16:43:53.4524660Z #include <...> search starts here:
2026-04-22T16:43:53.4525430Z  /Users/runner/work/tcm-storage-ios/tcm-storage-ios/build/Build/Intermediates.noindex/Nextcloud.build/Debug-iphonesimulator/Notification Service Extension.build/Notification Service Extension-own-target-headers.hmap (headermap)
2026-04-22T16:43:53.4527410Z  /Users/runner/work/tcm-storage-ios/tcm-storage-ios/build/Build/Intermediates.noindex/Nextcloud.build/Debug-iphonesimulator/Notification Service Extension.build/Notification Service Extension-all-non-framework-target-headers.hmap (headermap)
2026-04-22T16:43:53.4527900Z  /Users/runner/work/tcm-storage-ios/tcm-storage-ios/build/SourcePackages/checkouts/swift-atomics/Sources/_AtomicsShims/include
2026-04-22T16:43:53.4528330Z  /Users/runner/work/tcm-storage-ios/tcm-storage-ios/build/SourcePackages/checkouts/swift-nio/Sources/CNIOPosix/include
2026-04-22T16:43:53.4528770Z  /Users/runner/work/tcm-storage-ios/tcm-storage-ios/build/SourcePackages/checkouts/swift-nio/Sources/CNIOWASI/include
2026-04-22T16:43:53.4529280Z  /Users/runner/work/tcm-storage-ios/tcm-storage-ios/build/SourcePackages/checkouts/swift-nio/Sources/CNIOWindows/include
2026-04-22T16:43:53.4530690Z  /Users/runner/work/tcm-storage-ios/tcm-storage-ios/build/SourcePackages/checkouts/swift-nio/Sources/CNIOLinux/include
2026-04-22T16:43:53.4531280Z  /Users/runner/work/tcm-storage-ios/tcm-storage-ios/build/SourcePackages/checkouts/swift-nio/Sources/CNIODarwin/include
2026-04-22T16:43:53.4531710Z  /Users/runner/work/tcm-storage-ios/tcm-storage-ios/build/SourcePackages/checkouts/swift-nio/Sources/CNIOOpenBSD/include
2026-04-22T16:43:53.4532140Z  /Users/runner/work/tcm-storage-ios/tcm-storage-ios/build/SourcePackages/checkouts/swift-nio/Sources/CNIOAtomics/include
2026-04-22T16:43:53.4534550Z  /Users/runner/work/tcm-storage-ios/tcm-storage-ios/build/SourcePackages/checkouts/swift-nio-ssl/Sources/CNIOBoringSSLShims/include
2026-04-22T16:43:53.4535010Z  /Users/runner/work/tcm-storage-ios/tcm-storage-ios/build/SourcePackages/checkouts/swift-nio-ssl/Sources/CNIOBoringSSL/include
2026-04-22T16:43:53.4535340Z  /Users/runner/work/tcm-storage-ios/tcm-storage-ios/build/SourcePackages/checkouts/realm-core/src
2026-04-22T16:43:53.4535700Z  /Users/runner/work/tcm-storage-ios/tcm-storage-ios/build/SourcePackages/checkouts/realm-core/src/external/s2
2026-04-22T16:43:53.4536130Z  /Users/runner/work/tcm-storage-ios/tcm-storage-ios/build/SourcePackages/checkouts/realm-core/src/external/IntelRDFPMathLib20U2/LIBRARY/src
2026-04-22T16:43:53.4536450Z  /Users/runner/work/tcm-storage-ios/tcm-storage-ios/build/SourcePackages/checkouts/realm-core/src/spm
2026-04-22T16:43:53.4536770Z  /Users/runner/work/tcm-storage-ios/tcm-storage-ios/build/SourcePackages/checkouts/realm-swift/include
2026-04-22T16:43:53.4537320Z  /Users/runner/work/tcm-storage-ios/tcm-storage-ios/build/Build/Intermediates.noindex/Nextcloud.build/Debug-iphonesimulator/Notification Service Extension.build/DerivedSources
2026-04-22T16:43:53.4537760Z  /Users/runner/work/tcm-storage-ios/tcm-storage-ios/build/Build/Products/Debug-iphonesimulator/PackageFrameworks (framework directory)
2026-04-22T16:43:53.4539550Z  /Users/runner/work/tcm-storage-ios/tcm-storage-ios/build/Build/Products/Debug-iphonesimulator (framework directory)
2026-04-22T16:43:53.4540030Z  /Applications/Xcode_26.2.app/Contents/Developer/Platforms/iPhoneSimulator.platform/Developer/Library/Frameworks (framework directory)
2026-04-22T16:43:53.4540570Z  /Applications/Xcode_26.2.app/Contents/Developer/Platforms/iPhoneSimulator.platform/Developer/SDKs/iPhoneSimulator26.2.sdk/Developer/Library/Frameworks (framework directory)
2026-04-22T16:43:53.4540910Z  /Applications/Xcode_26.2.app/Contents/Developer/Toolchains/XcodeDefault.xctoolchain/usr/lib/clang/17/include
2026-04-22T16:43:53.4541330Z  /Applications/Xcode_26.2.app/Contents/Developer/Platforms/iPhoneSimulator.platform/Developer/SDKs/iPhoneSimulator26.2.sdk/usr/include
2026-04-22T16:43:53.4543670Z  /Applications/Xcode_26.2.app/Contents/Developer/Toolchains/XcodeDefault.xctoolchain/usr/include
2026-04-22T16:43:53.4547730Z  /Applications/Xcode_26.2.app/Contents/Developer/Platforms/iPhoneSimulator.platform/Developer/SDKs/iPhoneSimulator26.2.sdk/System/Library/Frameworks (framework directory)
2026-04-22T16:43:53.4548280Z  /Applications/Xcode_26.2.app/Contents/Developer/Platforms/iPhoneSimulator.platform/Developer/SDKs/iPhoneSimulator26.2.sdk/System/Library/SubFrameworks (framework directory)
2026-04-22T16:43:53.4548460Z End of search list.
2026-04-22T16:43:53.4548730Z clang -cc1 version 17.0.0 (clang-1700.6.3.2) default target arm64-apple-darwin24.6.0
2026-04-22T16:43:53.4549450Z ignoring nonexistent directory "/Users/runner/work/tcm-storage-ios/tcm-storage-ios/build/Build/Products/Debug-iphonesimulator/include"
2026-04-22T16:43:53.4550310Z ignoring nonexistent directory "/Users/runner/work/tcm-storage-ios/tcm-storage-ios/build/Build/Intermediates.noindex/Nextcloud.build/Debug-iphonesimulator/Notification Service Extension.build/DerivedSources-normal/arm64"
2026-04-22T16:43:53.4550990Z ignoring nonexistent directory "/Users/runner/work/tcm-storage-ios/tcm-storage-ios/build/Build/Intermediates.noindex/Nextcloud.build/Debug-iphonesimulator/Notification Service Extension.build/DerivedSources/arm64"
2026-04-22T16:43:53.4552070Z ignoring nonexistent directory "/Applications/Xcode_26.2.app/Contents/Developer/Platforms/iPhoneSimulator.platform/Developer/SDKs/iPhoneSimulator26.2.sdk/usr/local/include"
2026-04-22T16:43:53.4552620Z ignoring nonexistent directory "/Applications/Xcode_26.2.app/Contents/Developer/Platforms/iPhoneSimulator.platform/Developer/SDKs/iPhoneSimulator26.2.sdk/Library/Frameworks"
2026-04-22T16:43:53.4553080Z ignoring duplicate directory "/Users/runner/work/tcm-storage-ios/tcm-storage-ios/build/Build/Products/Debug-iphonesimulator/PackageFrameworks"
2026-04-22T16:43:53.4554360Z ignoring duplicate directory "/Users/runner/work/tcm-storage-ios/tcm-storage-ios/build/Build/Products/Debug-iphonesimulator/PackageFrameworks"
2026-04-22T16:43:53.4554800Z ignoring duplicate directory "/Users/runner/work/tcm-storage-ios/tcm-storage-ios/build/Build/Products/Debug-iphonesimulator/PackageFrameworks"
2026-04-22T16:43:53.4555280Z ignoring duplicate directory "/Users/runner/work/tcm-storage-ios/tcm-storage-ios/build/Build/Products/Debug-iphonesimulator/PackageFrameworks"
2026-04-22T16:43:53.4555730Z ignoring duplicate directory "/Users/runner/work/tcm-storage-ios/tcm-storage-ios/build/Build/Products/Debug-iphonesimulator/PackageFrameworks"
2026-04-22T16:43:53.4556800Z ignoring duplicate directory "/Users/runner/work/tcm-storage-ios/tcm-storage-ios/build/Build/Products/Debug-iphonesimulator/PackageFrameworks"
2026-04-22T16:43:53.4557250Z ignoring duplicate directory "/Users/runner/work/tcm-storage-ios/tcm-storage-ios/build/Build/Products/Debug-iphonesimulator/PackageFrameworks"
2026-04-22T16:43:53.4557670Z ignoring duplicate directory "/Users/runner/work/tcm-storage-ios/tcm-storage-ios/build/Build/Products/Debug-iphonesimulator/PackageFrameworks"
2026-04-22T16:43:53.4559680Z ignoring duplicate directory "/Users/runner/work/tcm-storage-ios/tcm-storage-ios/build/Build/Products/Debug-iphonesimulator/PackageFrameworks"
2026-04-22T16:43:53.4560150Z ignoring duplicate directory "/Users/runner/work/tcm-storage-ios/tcm-storage-ios/build/Build/Products/Debug-iphonesimulator/PackageFrameworks"
2026-04-22T16:43:53.4560590Z ignoring duplicate directory "/Users/runner/work/tcm-storage-ios/tcm-storage-ios/build/Build/Products/Debug-iphonesimulator/PackageFrameworks"
2026-04-22T16:43:53.4561030Z ignoring duplicate directory "/Users/runner/work/tcm-storage-ios/tcm-storage-ios/build/Build/Products/Debug-iphonesimulator/PackageFrameworks"
2026-04-22T16:43:53.4561490Z ignoring duplicate directory "/Users/runner/work/tcm-storage-ios/tcm-storage-ios/build/Build/Products/Debug-iphonesimulator/PackageFrameworks"
2026-04-22T16:43:53.4561920Z ignoring duplicate directory "/Users/runner/work/tcm-storage-ios/tcm-storage-ios/build/Build/Products/Debug-iphonesimulator/PackageFrameworks"
2026-04-22T16:43:53.4562340Z ignoring duplicate directory "/Users/runner/work/tcm-storage-ios/tcm-storage-ios/build/Build/Products/Debug-iphonesimulator/PackageFrameworks"
2026-04-22T16:43:53.4562770Z ignoring duplicate directory "/Users/runner/work/tcm-storage-ios/tcm-storage-ios/build/Build/Products/Debug-iphonesimulator/PackageFrameworks"
2026-04-22T16:43:53.4564420Z ignoring duplicate directory "/Users/runner/work/tcm-storage-ios/tcm-storage-ios/build/Build/Products/Debug-iphonesimulator/PackageFrameworks"
2026-04-22T16:43:53.4564880Z ignoring duplicate directory "/Users/runner/work/tcm-storage-ios/tcm-storage-ios/build/Build/Products/Debug-iphonesimulator/PackageFrameworks"
2026-04-22T16:43:53.4565310Z ignoring duplicate directory "/Users/runner/work/tcm-storage-ios/tcm-storage-ios/build/Build/Products/Debug-iphonesimulator/PackageFrameworks"
2026-04-22T16:43:53.4565760Z ignoring duplicate directory "/Users/runner/work/tcm-storage-ios/tcm-storage-ios/build/Build/Products/Debug-iphonesimulator/PackageFrameworks"
2026-04-22T16:43:53.4566220Z ignoring duplicate directory "/Users/runner/work/tcm-storage-ios/tcm-storage-ios/build/Build/Products/Debug-iphonesimulator/PackageFrameworks"
2026-04-22T16:43:53.4566770Z ignoring duplicate directory "/Users/runner/work/tcm-storage-ios/tcm-storage-ios/build/Build/Products/Debug-iphonesimulator/PackageFrameworks"
2026-04-22T16:43:53.4567260Z ignoring duplicate directory "/Users/runner/work/tcm-storage-ios/tcm-storage-ios/build/Build/Products/Debug-iphonesimulator/PackageFrameworks"
2026-04-22T16:43:53.4572520Z ignoring duplicate directory "/Users/runner/work/tcm-storage-ios/tcm-storage-ios/build/Build/Products/Debug-iphonesimulator/PackageFrameworks"
2026-04-22T16:43:53.4573030Z ignoring duplicate directory "/Users/runner/work/tcm-storage-ios/tcm-storage-ios/build/Build/Products/Debug-iphonesimulator/PackageFrameworks"
2026-04-22T16:43:53.4573480Z ignoring duplicate directory "/Users/runner/work/tcm-storage-ios/tcm-storage-ios/build/Build/Products/Debug-iphonesimulator/PackageFrameworks"
2026-04-22T16:43:53.4573920Z ignoring duplicate directory "/Users/runner/work/tcm-storage-ios/tcm-storage-ios/build/Build/Products/Debug-iphonesimulator/PackageFrameworks"
2026-04-22T16:43:53.4574710Z ignoring duplicate directory "/Users/runner/work/tcm-storage-ios/tcm-storage-ios/build/Build/Products/Debug-iphonesimulator/PackageFrameworks"
2026-04-22T16:43:53.4575150Z ignoring duplicate directory "/Users/runner/work/tcm-storage-ios/tcm-storage-ios/build/Build/Products/Debug-iphonesimulator/PackageFrameworks"
2026-04-22T16:43:53.4575580Z ignoring duplicate directory "/Users/runner/work/tcm-storage-ios/tcm-storage-ios/build/Build/Products/Debug-iphonesimulator/PackageFrameworks"
2026-04-22T16:43:53.4576000Z ignoring duplicate directory "/Users/runner/work/tcm-storage-ios/tcm-storage-ios/build/Build/Products/Debug-iphonesimulator/PackageFrameworks"
2026-04-22T16:43:53.4576810Z ignoring duplicate directory "/Users/runner/work/tcm-storage-ios/tcm-storage-ios/build/Build/Products/Debug-iphonesimulator/PackageFrameworks"
2026-04-22T16:43:53.4577260Z ignoring duplicate directory "/Users/runner/work/tcm-storage-ios/tcm-storage-ios/build/Build/Products/Debug-iphonesimulator/PackageFrameworks"
2026-04-22T16:43:53.4577690Z ignoring duplicate directory "/Users/runner/work/tcm-storage-ios/tcm-storage-ios/build/Build/Products/Debug-iphonesimulator/PackageFrameworks"
2026-04-22T16:43:53.4577860Z #include "..." search starts here:
2026-04-22T16:43:53.4580520Z  /Users/runner/work/tcm-storage-ios/tcm-storage-ios/build/Build/Intermediates.noindex/Nextcloud.build/Debug-iphonesimulator/Notification Service Extension.build/Notification Service Extension-generated-files.hmap (headermap)
2026-04-22T16:43:53.4581230Z  /Users/runner/work/tcm-storage-ios/tcm-storage-ios/build/Build/Intermediates.noindex/Nextcloud.build/Debug-iphonesimulator/Notification Service Extension.build/Notification Service Extension-project-headers.hmap (headermap)
2026-04-22T16:43:53.4581390Z #include <...> search starts here:
2026-04-22T16:43:53.4582530Z  /Users/runner/work/tcm-storage-ios/tcm-storage-ios/build/Build/Intermediates.noindex/Nextcloud.build/Debug-iphonesimulator/Notification Service Extension.build/Notification Service Extension-own-target-headers.hmap (headermap)
2026-04-22T16:43:53.4583310Z  /Users/runner/work/tcm-storage-ios/tcm-storage-ios/build/Build/Intermediates.noindex/Nextcloud.build/Debug-iphonesimulator/Notification Service Extension.build/Notification Service Extension-all-non-framework-target-headers.hmap (headermap)
2026-04-22T16:43:53.4583700Z  /Users/runner/work/tcm-storage-ios/tcm-storage-ios/build/SourcePackages/checkouts/swift-atomics/Sources/_AtomicsShims/include
2026-04-22T16:43:53.4589920Z  /Users/runner/work/tcm-storage-ios/tcm-storage-ios/build/SourcePackages/checkouts/swift-nio/Sources/CNIOPosix/include
2026-04-22T16:43:53.4629360Z  /Users/runner/work/tcm-storage-ios/tcm-storage-ios/build/SourcePackages/checkouts/swift-nio/Sources/CNIOWASI/include
2026-04-22T16:43:53.4629930Z  /Users/runner/work/tcm-storage-ios/tcm-storage-ios/build/SourcePackages/checkouts/swift-nio/Sources/CNIOWindows/include
2026-04-22T16:43:53.4630310Z  /Users/runner/work/tcm-storage-ios/tcm-storage-ios/build/SourcePackages/checkouts/swift-nio/Sources/CNIOLinux/include
2026-04-22T16:43:53.4632770Z  /Users/runner/work/tcm-storage-ios/tcm-storage-ios/build/SourcePackages/checkouts/swift-nio/Sources/CNIODarwin/include
2026-04-22T16:43:53.4633400Z  /Users/runner/work/tcm-storage-ios/tcm-storage-ios/build/SourcePackages/checkouts/swift-nio/Sources/CNIOOpenBSD/include
2026-04-22T16:43:53.4633800Z  /Users/runner/work/tcm-storage-ios/tcm-storage-ios/build/SourcePackages/checkouts/swift-nio/Sources/CNIOAtomics/include
2026-04-22T16:43:53.4634210Z  /Users/runner/work/tcm-storage-ios/tcm-storage-ios/build/SourcePackages/checkouts/swift-nio-ssl/Sources/CNIOBoringSSLShims/include
2026-04-22T16:43:53.4634600Z  /Users/runner/work/tcm-storage-ios/tcm-storage-ios/build/SourcePackages/checkouts/swift-nio-ssl/Sources/CNIOBoringSSL/include
2026-04-22T16:43:53.4701900Z  /Users/runner/work/tcm-storage-ios/tcm-storage-ios/build/SourcePackages/checkouts/realm-core/src
2026-04-22T16:43:53.4702310Z  /Users/runner/work/tcm-storage-ios/tcm-storage-ios/build/SourcePackages/checkouts/realm-core/src/external/s2
2026-04-22T16:43:53.4702770Z  /Users/runner/work/tcm-storage-ios/tcm-storage-ios/build/SourcePackages/checkouts/realm-core/src/external/IntelRDFPMathLib20U2/LIBRARY/src
2026-04-22T16:43:53.4703190Z  /Users/runner/work/tcm-storage-ios/tcm-storage-ios/build/SourcePackages/checkouts/realm-core/src/spm
2026-04-22T16:43:53.4703640Z  /Users/runner/work/tcm-storage-ios/tcm-storage-ios/build/SourcePackages/checkouts/realm-swift/include
2026-04-22T16:43:53.4705770Z  /Users/runner/work/tcm-storage-ios/tcm-storage-ios/build/Build/Intermediates.noindex/Nextcloud.build/Debug-iphonesimulator/Notification Service Extension.build/DerivedSources
2026-04-22T16:43:53.4708020Z  /Users/runner/work/tcm-storage-ios/tcm-storage-ios/build/Build/Products/Debug-iphonesimulator/PackageFrameworks (framework directory)
2026-04-22T16:43:53.4711270Z  /Users/runner/work/tcm-storage-ios/tcm-storage-ios/build/Build/Products/Debug-iphonesimulator (framework directory)
2026-04-22T16:43:53.4711790Z  /Applications/Xcode_26.2.app/Contents/Developer/Platforms/iPhoneSimulator.platform/Developer/Library/Frameworks (framework directory)
2026-04-22T16:43:53.4712400Z  /Applications/Xcode_26.2.app/Contents/Developer/Platforms/iPhoneSimulator.platform/Developer/SDKs/iPhoneSimulator26.2.sdk/Developer/Library/Frameworks (framework directory)
2026-04-22T16:43:53.4712790Z  /Applications/Xcode_26.2.app/Contents/Developer/Toolchains/XcodeDefault.xctoolchain/usr/lib/clang/17/include
2026-04-22T16:43:53.4713220Z  /Applications/Xcode_26.2.app/Contents/Developer/Platforms/iPhoneSimulator.platform/Developer/SDKs/iPhoneSimulator26.2.sdk/usr/include
2026-04-22T16:43:53.4713620Z  /Applications/Xcode_26.2.app/Contents/Developer/Toolchains/XcodeDefault.xctoolchain/usr/include
2026-04-22T16:43:53.4715170Z  /Applications/Xcode_26.2.app/Contents/Developer/Platforms/iPhoneSimulator.platform/Developer/SDKs/iPhoneSimulator26.2.sdk/System/Library/Frameworks (framework directory)
2026-04-22T16:43:53.4715730Z  /Applications/Xcode_26.2.app/Contents/Developer/Platforms/iPhoneSimulator.platform/Developer/SDKs/iPhoneSimulator26.2.sdk/System/Library/SubFrameworks (framework directory)
2026-04-22T16:43:53.4715850Z End of search list.
2026-04-22T16:43:53.4716020Z clang -cc1 version 17.0.0 (clang-1700.6.3.2) default target arm64-apple-darwin24.6.0
2026-04-22T16:43:53.4716420Z ignoring nonexistent directory "/Users/runner/work/tcm-storage-ios/tcm-storage-ios/build/Build/Products/Debug-iphonesimulator/include"
2026-04-22T16:43:53.4717090Z ignoring nonexistent directory "/Users/runner/work/tcm-storage-ios/tcm-storage-ios/build/Build/Intermediates.noindex/Nextcloud.build/Debug-iphonesimulator/Notification Service Extension.build/DerivedSources-normal/arm64"
2026-04-22T16:43:53.4717620Z ignoring nonexistent directory "/Users/runner/work/tcm-storage-ios/tcm-storage-ios/build/Build/Intermediates.noindex/Nextcloud.build/Debug-iphonesimulator/Notification Service Extension.build/DerivedSources/arm64"
2026-04-22T16:43:53.4718780Z ignoring nonexistent directory "/Applications/Xcode_26.2.app/Contents/Developer/Platforms/iPhoneSimulator.platform/Developer/SDKs/iPhoneSimulator26.2.sdk/usr/local/include"
2026-04-22T16:43:53.4719360Z ignoring nonexistent directory "/Applications/Xcode_26.2.app/Contents/Developer/Platforms/iPhoneSimulator.platform/Developer/SDKs/iPhoneSimulator26.2.sdk/Library/Frameworks"
2026-04-22T16:43:53.4719730Z ignoring duplicate directory "/Users/runner/work/tcm-storage-ios/tcm-storage-ios/build/Build/Products/Debug-iphonesimulator/PackageFrameworks"
2026-04-22T16:43:53.4720080Z ignoring duplicate directory "/Users/runner/work/tcm-storage-ios/tcm-storage-ios/build/Build/Products/Debug-iphonesimulator/PackageFrameworks"
2026-04-22T16:43:53.4720420Z ignoring duplicate directory "/Users/runner/work/tcm-storage-ios/tcm-storage-ios/build/Build/Products/Debug-iphonesimulator/PackageFrameworks"
2026-04-22T16:43:53.4720740Z ignoring duplicate directory "/Users/runner/work/tcm-storage-ios/tcm-storage-ios/build/Build/Products/Debug-iphonesimulator/PackageFrameworks"
2026-04-22T16:43:53.4721080Z ignoring duplicate directory "/Users/runner/work/tcm-storage-ios/tcm-storage-ios/build/Build/Products/Debug-iphonesimulator/PackageFrameworks"
2026-04-22T16:43:53.4721410Z ignoring duplicate directory "/Users/runner/work/tcm-storage-ios/tcm-storage-ios/build/Build/Products/Debug-iphonesimulator/PackageFrameworks"
2026-04-22T16:43:53.4721750Z ignoring duplicate directory "/Users/runner/work/tcm-storage-ios/tcm-storage-ios/build/Build/Products/Debug-iphonesimulator/PackageFrameworks"
2026-04-22T16:43:53.4722100Z ignoring duplicate directory "/Users/runner/work/tcm-storage-ios/tcm-storage-ios/build/Build/Products/Debug-iphonesimulator/PackageFrameworks"
2026-04-22T16:43:53.4722420Z ignoring duplicate directory "/Users/runner/work/tcm-storage-ios/tcm-storage-ios/build/Build/Products/Debug-iphonesimulator/PackageFrameworks"
2026-04-22T16:43:53.4722740Z ignoring duplicate directory "/Users/runner/work/tcm-storage-ios/tcm-storage-ios/build/Build/Products/Debug-iphonesimulator/PackageFrameworks"
2026-04-22T16:43:53.4723090Z ignoring duplicate directory "/Users/runner/work/tcm-storage-ios/tcm-storage-ios/build/Build/Products/Debug-iphonesimulator/PackageFrameworks"
2026-04-22T16:43:53.4723440Z ignoring duplicate directory "/Users/runner/work/tcm-storage-ios/tcm-storage-ios/build/Build/Products/Debug-iphonesimulator/PackageFrameworks"
2026-04-22T16:43:53.4723760Z ignoring duplicate directory "/Users/runner/work/tcm-storage-ios/tcm-storage-ios/build/Build/Products/Debug-iphonesimulator/PackageFrameworks"
2026-04-22T16:43:53.4724080Z ignoring duplicate directory "/Users/runner/work/tcm-storage-ios/tcm-storage-ios/build/Build/Products/Debug-iphonesimulator/PackageFrameworks"
2026-04-22T16:43:53.4724400Z ignoring duplicate directory "/Users/runner/work/tcm-storage-ios/tcm-storage-ios/build/Build/Products/Debug-iphonesimulator/PackageFrameworks"
2026-04-22T16:43:53.4724730Z ignoring duplicate directory "/Users/runner/work/tcm-storage-ios/tcm-storage-ios/build/Build/Products/Debug-iphonesimulator/PackageFrameworks"
2026-04-22T16:43:53.4725050Z ignoring duplicate directory "/Users/runner/work/tcm-storage-ios/tcm-storage-ios/build/Build/Products/Debug-iphonesimulator/PackageFrameworks"
2026-04-22T16:43:53.4725380Z ignoring duplicate directory "/Users/runner/work/tcm-storage-ios/tcm-storage-ios/build/Build/Products/Debug-iphonesimulator/PackageFrameworks"
2026-04-22T16:43:53.4725700Z ignoring duplicate directory "/Users/runner/work/tcm-storage-ios/tcm-storage-ios/build/Build/Products/Debug-iphonesimulator/PackageFrameworks"
2026-04-22T16:43:53.4726020Z ignoring duplicate directory "/Users/runner/work/tcm-storage-ios/tcm-storage-ios/build/Build/Products/Debug-iphonesimulator/PackageFrameworks"
2026-04-22T16:43:53.4726350Z ignoring duplicate directory "/Users/runner/work/tcm-storage-ios/tcm-storage-ios/build/Build/Products/Debug-iphonesimulator/PackageFrameworks"
2026-04-22T16:43:53.4726670Z ignoring duplicate directory "/Users/runner/work/tcm-storage-ios/tcm-storage-ios/build/Build/Products/Debug-iphonesimulator/PackageFrameworks"
2026-04-22T16:43:53.4727130Z ignoring duplicate directory "/Users/runner/work/tcm-storage-ios/tcm-storage-ios/build/Build/Products/Debug-iphonesimulator/PackageFrameworks"
2026-04-22T16:43:53.4727460Z ignoring duplicate directory "/Users/runner/work/tcm-storage-ios/tcm-storage-ios/build/Build/Products/Debug-iphonesimulator/PackageFrameworks"
2026-04-22T16:43:53.4727810Z ignoring duplicate directory "/Users/runner/work/tcm-storage-ios/tcm-storage-ios/build/Build/Products/Debug-iphonesimulator/PackageFrameworks"
2026-04-22T16:43:53.4728140Z ignoring duplicate directory "/Users/runner/work/tcm-storage-ios/tcm-storage-ios/build/Build/Products/Debug-iphonesimulator/PackageFrameworks"
2026-04-22T16:43:53.4728460Z ignoring duplicate directory "/Users/runner/work/tcm-storage-ios/tcm-storage-ios/build/Build/Products/Debug-iphonesimulator/PackageFrameworks"
2026-04-22T16:43:53.4728790Z ignoring duplicate directory "/Users/runner/work/tcm-storage-ios/tcm-storage-ios/build/Build/Products/Debug-iphonesimulator/PackageFrameworks"
2026-04-22T16:43:53.4729120Z ignoring duplicate directory "/Users/runner/work/tcm-storage-ios/tcm-storage-ios/build/Build/Products/Debug-iphonesimulator/PackageFrameworks"
2026-04-22T16:43:53.4729450Z ignoring duplicate directory "/Users/runner/work/tcm-storage-ios/tcm-storage-ios/build/Build/Products/Debug-iphonesimulator/PackageFrameworks"
2026-04-22T16:43:53.4729770Z ignoring duplicate directory "/Users/runner/work/tcm-storage-ios/tcm-storage-ios/build/Build/Products/Debug-iphonesimulator/PackageFrameworks"
2026-04-22T16:43:53.4730100Z ignoring duplicate directory "/Users/runner/work/tcm-storage-ios/tcm-storage-ios/build/Build/Products/Debug-iphonesimulator/PackageFrameworks"
2026-04-22T16:43:53.4730420Z ignoring duplicate directory "/Users/runner/work/tcm-storage-ios/tcm-storage-ios/build/Build/Products/Debug-iphonesimulator/PackageFrameworks"
2026-04-22T16:43:53.4730750Z ignoring duplicate directory "/Users/runner/work/tcm-storage-ios/tcm-storage-ios/build/Build/Products/Debug-iphonesimulator/PackageFrameworks"
2026-04-22T16:43:53.4730810Z #include "..." search starts here:
2026-04-22T16:43:53.4731450Z  /Users/runner/work/tcm-storage-ios/tcm-storage-ios/build/Build/Intermediates.noindex/Nextcloud.build/Debug-iphonesimulator/Notification Service Extension.build/Notification Service Extension-generated-files.hmap (headermap)
2026-04-22T16:43:53.4732050Z  /Users/runner/work/tcm-storage-ios/tcm-storage-ios/build/Build/Intermediates.noindex/Nextcloud.build/Debug-iphonesimulator/Notification Service Extension.build/Notification Service Extension-project-headers.hmap (headermap)
2026-04-22T16:43:53.4732110Z #include <...> search starts here:
2026-04-22T16:43:53.4732690Z  /Users/runner/work/tcm-storage-ios/tcm-storage-ios/build/Build/Intermediates.noindex/Nextcloud.build/Debug-iphonesimulator/Notification Service Extension.build/Notification Service Extension-own-target-headers.hmap (headermap)
2026-04-22T16:43:53.4733340Z  /Users/runner/work/tcm-storage-ios/tcm-storage-ios/build/Build/Intermediates.noindex/Nextcloud.build/Debug-iphonesimulator/Notification Service Extension.build/Notification Service Extension-all-non-framework-target-headers.hmap (headermap)
2026-04-22T16:43:53.4733640Z  /Users/runner/work/tcm-storage-ios/tcm-storage-ios/build/SourcePackages/checkouts/swift-atomics/Sources/_AtomicsShims/include
2026-04-22T16:43:53.4733930Z  /Users/runner/work/tcm-storage-ios/tcm-storage-ios/build/SourcePackages/checkouts/swift-nio/Sources/CNIOPosix/include
2026-04-22T16:43:53.4734200Z  /Users/runner/work/tcm-storage-ios/tcm-storage-ios/build/SourcePackages/checkouts/swift-nio/Sources/CNIOWASI/include
2026-04-22T16:43:53.4734460Z  /Users/runner/work/tcm-storage-ios/tcm-storage-ios/build/SourcePackages/checkouts/swift-nio/Sources/CNIOWindows/include
2026-04-22T16:43:53.4734730Z  /Users/runner/work/tcm-storage-ios/tcm-storage-ios/build/SourcePackages/checkouts/swift-nio/Sources/CNIOLinux/include
2026-04-22T16:43:53.4735080Z  /Users/runner/work/tcm-storage-ios/tcm-storage-ios/build/SourcePackages/checkouts/swift-nio/Sources/CNIODarwin/include
2026-04-22T16:43:53.4736350Z  /Users/runner/work/tcm-storage-ios/tcm-storage-ios/build/SourcePackages/checkouts/swift-nio/Sources/CNIOOpenBSD/include
2026-04-22T16:43:53.4736670Z  /Users/runner/work/tcm-storage-ios/tcm-storage-ios/build/SourcePackages/checkouts/swift-nio/Sources/CNIOAtomics/include
2026-04-22T16:43:53.4736990Z  /Users/runner/work/tcm-storage-ios/tcm-storage-ios/build/SourcePackages/checkouts/swift-nio-ssl/Sources/CNIOBoringSSLShims/include
2026-04-22T16:43:53.4737270Z  /Users/runner/work/tcm-storage-ios/tcm-storage-ios/build/SourcePackages/checkouts/swift-nio-ssl/Sources/CNIOBoringSSL/include
2026-04-22T16:43:53.4737480Z  /Users/runner/work/tcm-storage-ios/tcm-storage-ios/build/SourcePackages/checkouts/realm-core/src
2026-04-22T16:43:53.4737720Z  /Users/runner/work/tcm-storage-ios/tcm-storage-ios/build/SourcePackages/checkouts/realm-core/src/external/s2
2026-04-22T16:43:53.4738130Z  /Users/runner/work/tcm-storage-ios/tcm-storage-ios/build/SourcePackages/checkouts/realm-core/src/external/IntelRDFPMathLib20U2/LIBRARY/src
2026-04-22T16:43:53.4738350Z  /Users/runner/work/tcm-storage-ios/tcm-storage-ios/build/SourcePackages/checkouts/realm-core/src/spm
2026-04-22T16:43:53.4738700Z  /Users/runner/work/tcm-storage-ios/tcm-storage-ios/build/SourcePackages/checkouts/realm-swift/include
2026-04-22T16:43:53.4739140Z  /Users/runner/work/tcm-storage-ios/tcm-storage-ios/build/Build/Intermediates.noindex/Nextcloud.build/Debug-iphonesimulator/Notification Service Extension.build/DerivedSources
2026-04-22T16:43:53.4739480Z  /Users/runner/work/tcm-storage-ios/tcm-storage-ios/build/Build/Products/Debug-iphonesimulator/PackageFrameworks (framework directory)
2026-04-22T16:43:53.4739790Z  /Users/runner/work/tcm-storage-ios/tcm-storage-ios/build/Build/Products/Debug-iphonesimulator (framework directory)
2026-04-22T16:43:53.4740140Z  /Applications/Xcode_26.2.app/Contents/Developer/Platforms/iPhoneSimulator.platform/Developer/Library/Frameworks (framework directory)
2026-04-22T16:43:53.4740600Z  /Applications/Xcode_26.2.app/Contents/Developer/Platforms/iPhoneSimulator.platform/Developer/SDKs/iPhoneSimulator26.2.sdk/Developer/Library/Frameworks (framework directory)
2026-04-22T16:43:53.4740920Z  /Applications/Xcode_26.2.app/Contents/Developer/Toolchains/XcodeDefault.xctoolchain/usr/lib/clang/17/include
2026-04-22T16:43:53.4741250Z  /Applications/Xcode_26.2.app/Contents/Developer/Platforms/iPhoneSimulator.platform/Developer/SDKs/iPhoneSimulator26.2.sdk/usr/include
2026-04-22T16:43:53.4741570Z  /Applications/Xcode_26.2.app/Contents/Developer/Toolchains/XcodeDefault.xctoolchain/usr/include
2026-04-22T16:43:53.4742010Z  /Applications/Xcode_26.2.app/Contents/Developer/Platforms/iPhoneSimulator.platform/Developer/SDKs/iPhoneSimulator26.2.sdk/System/Library/Frameworks (framework directory)
2026-04-22T16:43:53.4742450Z  /Applications/Xcode_26.2.app/Contents/Developer/Platforms/iPhoneSimulator.platform/Developer/SDKs/iPhoneSimulator26.2.sdk/System/Library/SubFrameworks (framework directory)
2026-04-22T16:43:53.4749040Z End of search list.
2026-04-22T16:43:53.4749250Z clang -cc1 version 17.0.0 (clang-1700.6.3.2) default target arm64-apple-darwin24.6.0
2026-04-22T16:43:53.4749590Z ignoring nonexistent directory "/Users/runner/work/tcm-storage-ios/tcm-storage-ios/build/Build/Products/Debug-iphonesimulator/include"
2026-04-22T16:43:53.4750160Z ignoring nonexistent directory "/Users/runner/work/tcm-storage-ios/tcm-storage-ios/build/Build/Intermediates.noindex/Nextcloud.build/Debug-iphonesimulator/Notification Service Extension.build/DerivedSources-normal/arm64"
2026-04-22T16:43:53.4750860Z ignoring nonexistent directory "/Users/runner/work/tcm-storage-ios/tcm-storage-ios/build/Build/Intermediates.noindex/Nextcloud.build/Debug-iphonesimulator/Notification Service Extension.build/DerivedSources/arm64"
2026-04-22T16:43:53.4751280Z ignoring nonexistent directory "/Applications/Xcode_26.2.app/Contents/Developer/Platforms/iPhoneSimulator.platform/Developer/SDKs/iPhoneSimulator26.2.sdk/usr/local/include"
2026-04-22T16:43:53.4752200Z ignoring nonexistent directory "/Applications/Xcode_26.2.app/Contents/Developer/Platforms/iPhoneSimulator.platform/Developer/SDKs/iPhoneSimulator26.2.sdk/Library/Frameworks"
2026-04-22T16:43:53.4752670Z ignoring duplicate directory "/Users/runner/work/tcm-storage-ios/tcm-storage-ios/build/Build/Products/Debug-iphonesimulator/PackageFrameworks"
2026-04-22T16:43:53.4753010Z ignoring duplicate directory "/Users/runner/work/tcm-storage-ios/tcm-storage-ios/build/Build/Products/Debug-iphonesimulator/PackageFrameworks"
2026-04-22T16:43:53.4753340Z ignoring duplicate directory "/Users/runner/work/tcm-storage-ios/tcm-storage-ios/build/Build/Products/Debug-iphonesimulator/PackageFrameworks"
2026-04-22T16:43:53.4753670Z ignoring duplicate directory "/Users/runner/work/tcm-storage-ios/tcm-storage-ios/build/Build/Products/Debug-iphonesimulator/PackageFrameworks"
2026-04-22T16:43:53.4754000Z ignoring duplicate directory "/Users/runner/work/tcm-storage-ios/tcm-storage-ios/build/Build/Products/Debug-iphonesimulator/PackageFrameworks"
2026-04-22T16:43:53.4754330Z ignoring duplicate directory "/Users/runner/work/tcm-storage-ios/tcm-storage-ios/build/Build/Products/Debug-iphonesimulator/PackageFrameworks"
2026-04-22T16:43:53.4754660Z ignoring duplicate directory "/Users/runner/work/tcm-storage-ios/tcm-storage-ios/build/Build/Products/Debug-iphonesimulator/PackageFrameworks"
2026-04-22T16:43:53.4755040Z ignoring duplicate directory "/Users/runner/work/tcm-storage-ios/tcm-storage-ios/build/Build/Products/Debug-iphonesimulator/PackageFrameworks"
2026-04-22T16:43:53.4755370Z ignoring duplicate directory "/Users/runner/work/tcm-storage-ios/tcm-storage-ios/build/Build/Products/Debug-iphonesimulator/PackageFrameworks"
2026-04-22T16:43:53.4755690Z ignoring duplicate directory "/Users/runner/work/tcm-storage-ios/tcm-storage-ios/build/Build/Products/Debug-iphonesimulator/PackageFrameworks"
2026-04-22T16:43:53.4756020Z ignoring duplicate directory "/Users/runner/work/tcm-storage-ios/tcm-storage-ios/build/Build/Products/Debug-iphonesimulator/PackageFrameworks"
2026-04-22T16:43:53.4756350Z ignoring duplicate directory "/Users/runner/work/tcm-storage-ios/tcm-storage-ios/build/Build/Products/Debug-iphonesimulator/PackageFrameworks"
2026-04-22T16:43:53.4756670Z ignoring duplicate directory "/Users/runner/work/tcm-storage-ios/tcm-storage-ios/build/Build/Products/Debug-iphonesimulator/PackageFrameworks"
2026-04-22T16:43:53.4756990Z ignoring duplicate directory "/Users/runner/work/tcm-storage-ios/tcm-storage-ios/build/Build/Products/Debug-iphonesimulator/PackageFrameworks"
2026-04-22T16:43:53.4757320Z ignoring duplicate directory "/Users/runner/work/tcm-storage-ios/tcm-storage-ios/build/Build/Products/Debug-iphonesimulator/PackageFrameworks"
2026-04-22T16:43:53.4757640Z ignoring duplicate directory "/Users/runner/work/tcm-storage-ios/tcm-storage-ios/build/Build/Products/Debug-iphonesimulator/PackageFrameworks"
2026-04-22T16:43:53.4757960Z ignoring duplicate directory "/Users/runner/work/tcm-storage-ios/tcm-storage-ios/build/Build/Products/Debug-iphonesimulator/PackageFrameworks"
2026-04-22T16:43:53.4758280Z ignoring duplicate directory "/Users/runner/work/tcm-storage-ios/tcm-storage-ios/build/Build/Products/Debug-iphonesimulator/PackageFrameworks"
2026-04-22T16:43:53.4758610Z ignoring duplicate directory "/Users/runner/work/tcm-storage-ios/tcm-storage-ios/build/Build/Products/Debug-iphonesimulator/PackageFrameworks"
2026-04-22T16:43:53.4758930Z ignoring duplicate directory "/Users/runner/work/tcm-storage-ios/tcm-storage-ios/build/Build/Products/Debug-iphonesimulator/PackageFrameworks"
2026-04-22T16:43:53.4759250Z ignoring duplicate directory "/Users/runner/work/tcm-storage-ios/tcm-storage-ios/build/Build/Products/Debug-iphonesimulator/PackageFrameworks"
2026-04-22T16:43:53.4759580Z ignoring duplicate directory "/Users/runner/work/tcm-storage-ios/tcm-storage-ios/build/Build/Products/Debug-iphonesimulator/PackageFrameworks"
2026-04-22T16:43:53.4759900Z ignoring duplicate directory "/Users/runner/work/tcm-storage-ios/tcm-storage-ios/build/Build/Products/Debug-iphonesimulator/PackageFrameworks"
2026-04-22T16:43:53.4760430Z ignoring duplicate directory "/Users/runner/work/tcm-storage-ios/tcm-storage-ios/build/Build/Products/Debug-iphonesimulator/PackageFrameworks"
2026-04-22T16:43:53.4760770Z ignoring duplicate directory "/Users/runner/work/tcm-storage-ios/tcm-storage-ios/build/Build/Products/Debug-iphonesimulator/PackageFrameworks"
2026-04-22T16:43:53.4761090Z ignoring duplicate directory "/Users/runner/work/tcm-storage-ios/tcm-storage-ios/build/Build/Products/Debug-iphonesimulator/PackageFrameworks"
2026-04-22T16:43:53.4761410Z ignoring duplicate directory "/Users/runner/work/tcm-storage-ios/tcm-storage-ios/build/Build/Products/Debug-iphonesimulator/PackageFrameworks"
2026-04-22T16:43:53.4761740Z ignoring duplicate directory "/Users/runner/work/tcm-storage-ios/tcm-storage-ios/build/Build/Products/Debug-iphonesimulator/PackageFrameworks"
2026-04-22T16:43:53.4762080Z ignoring duplicate directory "/Users/runner/work/tcm-storage-ios/tcm-storage-ios/build/Build/Products/Debug-iphonesimulator/PackageFrameworks"
2026-04-22T16:43:53.4762410Z ignoring duplicate directory "/Users/runner/work/tcm-storage-ios/tcm-storage-ios/build/Build/Products/Debug-iphonesimulator/PackageFrameworks"
2026-04-22T16:43:53.4762740Z ignoring duplicate directory "/Users/runner/work/tcm-storage-ios/tcm-storage-ios/build/Build/Products/Debug-iphonesimulator/PackageFrameworks"
2026-04-22T16:43:53.4763060Z ignoring duplicate directory "/Users/runner/work/tcm-storage-ios/tcm-storage-ios/build/Build/Products/Debug-iphonesimulator/PackageFrameworks"
2026-04-22T16:43:53.4763380Z ignoring duplicate directory "/Users/runner/work/tcm-storage-ios/tcm-storage-ios/build/Build/Products/Debug-iphonesimulator/PackageFrameworks"
2026-04-22T16:43:53.4763700Z ignoring duplicate directory "/Users/runner/work/tcm-storage-ios/tcm-storage-ios/build/Build/Products/Debug-iphonesimulator/PackageFrameworks"
2026-04-22T16:43:53.4763760Z #include "..." search starts here:
2026-04-22T16:43:53.4764340Z  /Users/runner/work/tcm-storage-ios/tcm-storage-ios/build/Build/Intermediates.noindex/Nextcloud.build/Debug-iphonesimulator/Notification Service Extension.build/Notification Service Extension-generated-files.hmap (headermap)
2026-04-22T16:43:53.4764900Z  /Users/runner/work/tcm-storage-ios/tcm-storage-ios/build/Build/Intermediates.noindex/Nextcloud.build/Debug-iphonesimulator/Notification Service Extension.build/Notification Service Extension-project-headers.hmap (headermap)
2026-04-22T16:43:53.4764960Z #include <...> search starts here:
2026-04-22T16:43:53.4765540Z  /Users/runner/work/tcm-storage-ios/tcm-storage-ios/build/Build/Intermediates.noindex/Nextcloud.build/Debug-iphonesimulator/Notification Service Extension.build/Notification Service Extension-own-target-headers.hmap (headermap)
2026-04-22T16:43:53.4766160Z  /Users/runner/work/tcm-storage-ios/tcm-storage-ios/build/Build/Intermediates.noindex/Nextcloud.build/Debug-iphonesimulator/Notification Service Extension.build/Notification Service Extension-all-non-framework-target-headers.hmap (headermap)
2026-04-22T16:43:53.4766450Z  /Users/runner/work/tcm-storage-ios/tcm-storage-ios/build/SourcePackages/checkouts/swift-atomics/Sources/_AtomicsShims/include
2026-04-22T16:43:53.4766720Z  /Users/runner/work/tcm-storage-ios/tcm-storage-ios/build/SourcePackages/checkouts/swift-nio/Sources/CNIOPosix/include
2026-04-22T16:43:53.4766980Z  /Users/runner/work/tcm-storage-ios/tcm-storage-ios/build/SourcePackages/checkouts/swift-nio/Sources/CNIOWASI/include
2026-04-22T16:43:53.4767250Z  /Users/runner/work/tcm-storage-ios/tcm-storage-ios/build/SourcePackages/checkouts/swift-nio/Sources/CNIOWindows/include
2026-04-22T16:43:53.4767510Z  /Users/runner/work/tcm-storage-ios/tcm-storage-ios/build/SourcePackages/checkouts/swift-nio/Sources/CNIOLinux/include
2026-04-22T16:43:53.4767770Z  /Users/runner/work/tcm-storage-ios/tcm-storage-ios/build/SourcePackages/checkouts/swift-nio/Sources/CNIODarwin/include
2026-04-22T16:43:53.4768120Z  /Users/runner/work/tcm-storage-ios/tcm-storage-ios/build/SourcePackages/checkouts/swift-nio/Sources/CNIOOpenBSD/include
2026-04-22T16:43:53.4768480Z  /Users/runner/work/tcm-storage-ios/tcm-storage-ios/build/SourcePackages/checkouts/swift-nio/Sources/CNIOAtomics/include
2026-04-22T16:43:53.4768800Z  /Users/runner/work/tcm-storage-ios/tcm-storage-ios/build/SourcePackages/checkouts/swift-nio-ssl/Sources/CNIOBoringSSLShims/include
2026-04-22T16:43:53.4769080Z  /Users/runner/work/tcm-storage-ios/tcm-storage-ios/build/SourcePackages/checkouts/swift-nio-ssl/Sources/CNIOBoringSSL/include
2026-04-22T16:43:53.4769290Z  /Users/runner/work/tcm-storage-ios/tcm-storage-ios/build/SourcePackages/checkouts/realm-core/src
2026-04-22T16:43:53.4769530Z  /Users/runner/work/tcm-storage-ios/tcm-storage-ios/build/SourcePackages/checkouts/realm-core/src/external/s2
2026-04-22T16:43:53.4769850Z  /Users/runner/work/tcm-storage-ios/tcm-storage-ios/build/SourcePackages/checkouts/realm-core/src/external/IntelRDFPMathLib20U2/LIBRARY/src
2026-04-22T16:43:53.4770070Z  /Users/runner/work/tcm-storage-ios/tcm-storage-ios/build/SourcePackages/checkouts/realm-core/src/spm
2026-04-22T16:43:53.4770290Z  /Users/runner/work/tcm-storage-ios/tcm-storage-ios/build/SourcePackages/checkouts/realm-swift/include
2026-04-22T16:43:53.4770720Z  /Users/runner/work/tcm-storage-ios/tcm-storage-ios/build/Build/Intermediates.noindex/Nextcloud.build/Debug-iphonesimulator/Notification Service Extension.build/DerivedSources
2026-04-22T16:43:53.4771050Z  /Users/runner/work/tcm-storage-ios/tcm-storage-ios/build/Build/Products/Debug-iphonesimulator/PackageFrameworks (framework directory)
2026-04-22T16:43:53.4771310Z  /Users/runner/work/tcm-storage-ios/tcm-storage-ios/build/Build/Products/Debug-iphonesimulator (framework directory)
2026-04-22T16:43:53.4771620Z  /Applications/Xcode_26.2.app/Contents/Developer/Platforms/iPhoneSimulator.platform/Developer/Library/Frameworks (framework directory)
2026-04-22T16:43:53.4772040Z  /Applications/Xcode_26.2.app/Contents/Developer/Platforms/iPhoneSimulator.platform/Developer/SDKs/iPhoneSimulator26.2.sdk/Developer/Library/Frameworks (framework directory)
2026-04-22T16:43:53.4772290Z  /Applications/Xcode_26.2.app/Contents/Developer/Toolchains/XcodeDefault.xctoolchain/usr/lib/clang/17/include
2026-04-22T16:43:53.4772600Z  /Applications/Xcode_26.2.app/Contents/Developer/Platforms/iPhoneSimulator.platform/Developer/SDKs/iPhoneSimulator26.2.sdk/usr/include
2026-04-22T16:43:53.4772820Z  /Applications/Xcode_26.2.app/Contents/Developer/Toolchains/XcodeDefault.xctoolchain/usr/include
2026-04-22T16:43:53.4773250Z  /Applications/Xcode_26.2.app/Contents/Developer/Platforms/iPhoneSimulator.platform/Developer/SDKs/iPhoneSimulator26.2.sdk/System/Library/Frameworks (framework directory)
2026-04-22T16:43:53.4773670Z  /Applications/Xcode_26.2.app/Contents/Developer/Platforms/iPhoneSimulator.platform/Developer/SDKs/iPhoneSimulator26.2.sdk/System/Library/SubFrameworks (framework directory)
2026-04-22T16:43:53.4773720Z End of search list.
2026-04-22T16:43:53.4773890Z clang -cc1 version 17.0.0 (clang-1700.6.3.2) default target arm64-apple-darwin24.6.0
2026-04-22T16:43:53.4774200Z ignoring nonexistent directory "/Users/runner/work/tcm-storage-ios/tcm-storage-ios/build/Build/Products/Debug-iphonesimulator/include"
2026-04-22T16:43:53.4774780Z ignoring nonexistent directory "/Users/runner/work/tcm-storage-ios/tcm-storage-ios/build/Build/Intermediates.noindex/Nextcloud.build/Debug-iphonesimulator/Notification Service Extension.build/DerivedSources-normal/arm64"
2026-04-22T16:43:53.4775310Z ignoring nonexistent directory "/Users/runner/work/tcm-storage-ios/tcm-storage-ios/build/Build/Intermediates.noindex/Nextcloud.build/Debug-iphonesimulator/Notification Service Extension.build/DerivedSources/arm64"
2026-04-22T16:43:53.4775730Z ignoring nonexistent directory "/Applications/Xcode_26.2.app/Contents/Developer/Platforms/iPhoneSimulator.platform/Developer/SDKs/iPhoneSimulator26.2.sdk/usr/local/include"
2026-04-22T16:43:53.4776330Z ignoring nonexistent directory "/Applications/Xcode_26.2.app/Contents/Developer/Platforms/iPhoneSimulator.platform/Developer/SDKs/iPhoneSimulator26.2.sdk/Library/Frameworks"
2026-04-22T16:43:53.4777220Z ignoring duplicate directory "/Users/runner/work/tcm-storage-ios/tcm-storage-ios/build/Build/Products/Debug-iphonesimulator/PackageFrameworks"
2026-04-22T16:43:53.4777570Z ignoring duplicate directory "/Users/runner/work/tcm-storage-ios/tcm-storage-ios/build/Build/Products/Debug-iphonesimulator/PackageFrameworks"
2026-04-22T16:43:53.4777910Z ignoring duplicate directory "/Users/runner/work/tcm-storage-ios/tcm-storage-ios/build/Build/Products/Debug-iphonesimulator/PackageFrameworks"
2026-04-22T16:43:53.4778240Z ignoring duplicate directory "/Users/runner/work/tcm-storage-ios/tcm-storage-ios/build/Build/Products/Debug-iphonesimulator/PackageFrameworks"
2026-04-22T16:43:53.4778590Z ignoring duplicate directory "/Users/runner/work/tcm-storage-ios/tcm-storage-ios/build/Build/Products/Debug-iphonesimulator/PackageFrameworks"
2026-04-22T16:43:53.4778920Z ignoring duplicate directory "/Users/runner/work/tcm-storage-ios/tcm-storage-ios/build/Build/Products/Debug-iphonesimulator/PackageFrameworks"
2026-04-22T16:43:53.4779250Z ignoring duplicate directory "/Users/runner/work/tcm-storage-ios/tcm-storage-ios/build/Build/Products/Debug-iphonesimulator/PackageFrameworks"
2026-04-22T16:43:53.4779590Z ignoring duplicate directory "/Users/runner/work/tcm-storage-ios/tcm-storage-ios/build/Build/Products/Debug-iphonesimulator/PackageFrameworks"
2026-04-22T16:43:53.4779930Z ignoring duplicate directory "/Users/runner/work/tcm-storage-ios/tcm-storage-ios/build/Build/Products/Debug-iphonesimulator/PackageFrameworks"
2026-04-22T16:43:53.4780250Z ignoring duplicate directory "/Users/runner/work/tcm-storage-ios/tcm-storage-ios/build/Build/Products/Debug-iphonesimulator/PackageFrameworks"
2026-04-22T16:43:53.4780570Z ignoring duplicate directory "/Users/runner/work/tcm-storage-ios/tcm-storage-ios/build/Build/Products/Debug-iphonesimulator/PackageFrameworks"
2026-04-22T16:43:53.4780900Z ignoring duplicate directory "/Users/runner/work/tcm-storage-ios/tcm-storage-ios/build/Build/Products/Debug-iphonesimulator/PackageFrameworks"
2026-04-22T16:43:53.4781230Z ignoring duplicate directory "/Users/runner/work/tcm-storage-ios/tcm-storage-ios/build/Build/Products/Debug-iphonesimulator/PackageFrameworks"
2026-04-22T16:43:53.4781550Z ignoring duplicate directory "/Users/runner/work/tcm-storage-ios/tcm-storage-ios/build/Build/Products/Debug-iphonesimulator/PackageFrameworks"
2026-04-22T16:43:53.4781880Z ignoring duplicate directory "/Users/runner/work/tcm-storage-ios/tcm-storage-ios/build/Build/Products/Debug-iphonesimulator/PackageFrameworks"
2026-04-22T16:43:53.4782200Z ignoring duplicate directory "/Users/runner/work/tcm-storage-ios/tcm-storage-ios/build/Build/Products/Debug-iphonesimulator/PackageFrameworks"
2026-04-22T16:43:53.4782520Z ignoring duplicate directory "/Users/runner/work/tcm-storage-ios/tcm-storage-ios/build/Build/Products/Debug-iphonesimulator/PackageFrameworks"
2026-04-22T16:43:53.4782840Z ignoring duplicate directory "/Users/runner/work/tcm-storage-ios/tcm-storage-ios/build/Build/Products/Debug-iphonesimulator/PackageFrameworks"
2026-04-22T16:43:53.4783170Z ignoring duplicate directory "/Users/runner/work/tcm-storage-ios/tcm-storage-ios/build/Build/Products/Debug-iphonesimulator/PackageFrameworks"
2026-04-22T16:43:53.4783490Z ignoring duplicate directory "/Users/runner/work/tcm-storage-ios/tcm-storage-ios/build/Build/Products/Debug-iphonesimulator/PackageFrameworks"
2026-04-22T16:43:53.4783820Z ignoring duplicate directory "/Users/runner/work/tcm-storage-ios/tcm-storage-ios/build/Build/Products/Debug-iphonesimulator/PackageFrameworks"
2026-04-22T16:43:53.4784140Z ignoring duplicate directory "/Users/runner/work/tcm-storage-ios/tcm-storage-ios/build/Build/Products/Debug-iphonesimulator/PackageFrameworks"
2026-04-22T16:43:53.4784460Z ignoring duplicate directory "/Users/runner/work/tcm-storage-ios/tcm-storage-ios/build/Build/Products/Debug-iphonesimulator/PackageFrameworks"
2026-04-22T16:43:53.4784920Z ignoring duplicate directory "/Users/runner/work/tcm-storage-ios/tcm-storage-ios/build/Build/Products/Debug-iphonesimulator/PackageFrameworks"
2026-04-22T16:43:53.4785380Z ignoring duplicate directory "/Users/runner/work/tcm-storage-ios/tcm-storage-ios/build/Build/Products/Debug-iphonesimulator/PackageFrameworks"
2026-04-22T16:43:53.4785720Z ignoring duplicate directory "/Users/runner/work/tcm-storage-ios/tcm-storage-ios/build/Build/Products/Debug-iphonesimulator/PackageFrameworks"
2026-04-22T16:43:53.4786050Z ignoring duplicate directory "/Users/runner/work/tcm-storage-ios/tcm-storage-ios/build/Build/Products/Debug-iphonesimulator/PackageFrameworks"
2026-04-22T16:43:53.4786370Z ignoring duplicate directory "/Users/runner/work/tcm-storage-ios/tcm-storage-ios/build/Build/Products/Debug-iphonesimulator/PackageFrameworks"
2026-04-22T16:43:53.4786700Z ignoring duplicate directory "/Users/runner/work/tcm-storage-ios/tcm-storage-ios/build/Build/Products/Debug-iphonesimulator/PackageFrameworks"
2026-04-22T16:43:53.4787030Z ignoring duplicate directory "/Users/runner/work/tcm-storage-ios/tcm-storage-ios/build/Build/Products/Debug-iphonesimulator/PackageFrameworks"
2026-04-22T16:43:53.4787350Z ignoring duplicate directory "/Users/runner/work/tcm-storage-ios/tcm-storage-ios/build/Build/Products/Debug-iphonesimulator/PackageFrameworks"
2026-04-22T16:43:53.4787700Z ignoring duplicate directory "/Users/runner/work/tcm-storage-ios/tcm-storage-ios/build/Build/Products/Debug-iphonesimulator/PackageFrameworks"
2026-04-22T16:43:53.4788020Z ignoring duplicate directory "/Users/runner/work/tcm-storage-ios/tcm-storage-ios/build/Build/Products/Debug-iphonesimulator/PackageFrameworks"
2026-04-22T16:43:53.4788350Z ignoring duplicate directory "/Users/runner/work/tcm-storage-ios/tcm-storage-ios/build/Build/Products/Debug-iphonesimulator/PackageFrameworks"
2026-04-22T16:43:53.4788410Z #include "..." search starts here:
2026-04-22T16:43:53.4789000Z  /Users/runner/work/tcm-storage-ios/tcm-storage-ios/build/Build/Intermediates.noindex/Nextcloud.build/Debug-iphonesimulator/Notification Service Extension.build/Notification Service Extension-generated-files.hmap (headermap)
2026-04-22T16:43:53.4789580Z  /Users/runner/work/tcm-storage-ios/tcm-storage-ios/build/Build/Intermediates.noindex/Nextcloud.build/Debug-iphonesimulator/Notification Service Extension.build/Notification Service Extension-project-headers.hmap (headermap)
2026-04-22T16:43:53.4789650Z #include <...> search starts here:
2026-04-22T16:43:53.4790230Z  /Users/runner/work/tcm-storage-ios/tcm-storage-ios/build/Build/Intermediates.noindex/Nextcloud.build/Debug-iphonesimulator/Notification Service Extension.build/Notification Service Extension-own-target-headers.hmap (headermap)
2026-04-22T16:43:53.4790860Z  /Users/runner/work/tcm-storage-ios/tcm-storage-ios/build/Build/Intermediates.noindex/Nextcloud.build/Debug-iphonesimulator/Notification Service Extension.build/Notification Service Extension-all-non-framework-target-headers.hmap (headermap)
2026-04-22T16:43:53.4791160Z  /Users/runner/work/tcm-storage-ios/tcm-storage-ios/build/SourcePackages/checkouts/swift-atomics/Sources/_AtomicsShims/include
2026-04-22T16:43:53.4791430Z  /Users/runner/work/tcm-storage-ios/tcm-storage-ios/build/SourcePackages/checkouts/swift-nio/Sources/CNIOPosix/include
2026-04-22T16:43:53.4791690Z  /Users/runner/work/tcm-storage-ios/tcm-storage-ios/build/SourcePackages/checkouts/swift-nio/Sources/CNIOWASI/include
2026-04-22T16:43:53.4791960Z  /Users/runner/work/tcm-storage-ios/tcm-storage-ios/build/SourcePackages/checkouts/swift-nio/Sources/CNIOWindows/include
2026-04-22T16:43:53.4792220Z  /Users/runner/work/tcm-storage-ios/tcm-storage-ios/build/SourcePackages/checkouts/swift-nio/Sources/CNIOLinux/include
2026-04-22T16:43:53.4792490Z  /Users/runner/work/tcm-storage-ios/tcm-storage-ios/build/SourcePackages/checkouts/swift-nio/Sources/CNIODarwin/include
2026-04-22T16:43:53.4792760Z  /Users/runner/work/tcm-storage-ios/tcm-storage-ios/build/SourcePackages/checkouts/swift-nio/Sources/CNIOOpenBSD/include
2026-04-22T16:43:53.4793120Z  /Users/runner/work/tcm-storage-ios/tcm-storage-ios/build/SourcePackages/checkouts/swift-nio/Sources/CNIOAtomics/include
2026-04-22T16:43:53.4793530Z  /Users/runner/work/tcm-storage-ios/tcm-storage-ios/build/SourcePackages/checkouts/swift-nio-ssl/Sources/CNIOBoringSSLShims/include
2026-04-22T16:43:53.4793840Z  /Users/runner/work/tcm-storage-ios/tcm-storage-ios/build/SourcePackages/checkouts/swift-nio-ssl/Sources/CNIOBoringSSL/include
2026-04-22T16:43:53.4794060Z  /Users/runner/work/tcm-storage-ios/tcm-storage-ios/build/SourcePackages/checkouts/realm-core/src
2026-04-22T16:43:53.4794310Z  /Users/runner/work/tcm-storage-ios/tcm-storage-ios/build/SourcePackages/checkouts/realm-core/src/external/s2
2026-04-22T16:43:53.4794640Z  /Users/runner/work/tcm-storage-ios/tcm-storage-ios/build/SourcePackages/checkouts/realm-core/src/external/IntelRDFPMathLib20U2/LIBRARY/src
2026-04-22T16:43:53.4794850Z  /Users/runner/work/tcm-storage-ios/tcm-storage-ios/build/SourcePackages/checkouts/realm-core/src/spm
2026-04-22T16:43:53.4795070Z  /Users/runner/work/tcm-storage-ios/tcm-storage-ios/build/SourcePackages/checkouts/realm-swift/include
2026-04-22T16:43:53.4795510Z  /Users/runner/work/tcm-storage-ios/tcm-storage-ios/build/Build/Intermediates.noindex/Nextcloud.build/Debug-iphonesimulator/Notification Service Extension.build/DerivedSources
2026-04-22T16:43:53.4795830Z  /Users/runner/work/tcm-storage-ios/tcm-storage-ios/build/Build/Products/Debug-iphonesimulator/PackageFrameworks (framework directory)
2026-04-22T16:43:53.4796110Z  /Users/runner/work/tcm-storage-ios/tcm-storage-ios/build/Build/Products/Debug-iphonesimulator (framework directory)
2026-04-22T16:43:53.4796440Z  /Applications/Xcode_26.2.app/Contents/Developer/Platforms/iPhoneSimulator.platform/Developer/Library/Frameworks (framework directory)
2026-04-22T16:43:53.4796870Z  /Applications/Xcode_26.2.app/Contents/Developer/Platforms/iPhoneSimulator.platform/Developer/SDKs/iPhoneSimulator26.2.sdk/Developer/Library/Frameworks (framework directory)
2026-04-22T16:43:53.4797110Z  /Applications/Xcode_26.2.app/Contents/Developer/Toolchains/XcodeDefault.xctoolchain/usr/lib/clang/17/include
2026-04-22T16:43:53.4797440Z  /Applications/Xcode_26.2.app/Contents/Developer/Platforms/iPhoneSimulator.platform/Developer/SDKs/iPhoneSimulator26.2.sdk/usr/include
2026-04-22T16:43:53.4797660Z  /Applications/Xcode_26.2.app/Contents/Developer/Toolchains/XcodeDefault.xctoolchain/usr/include
2026-04-22T16:43:53.4798100Z  /Applications/Xcode_26.2.app/Contents/Developer/Platforms/iPhoneSimulator.platform/Developer/SDKs/iPhoneSimulator26.2.sdk/System/Library/Frameworks (framework directory)
2026-04-22T16:43:53.4798530Z  /Applications/Xcode_26.2.app/Contents/Developer/Platforms/iPhoneSimulator.platform/Developer/SDKs/iPhoneSimulator26.2.sdk/System/Library/SubFrameworks (framework directory)
2026-04-22T16:43:53.4798570Z End of search list.
2026-04-22T16:43:53.4798740Z clang -cc1 version 17.0.0 (clang-1700.6.3.2) default target arm64-apple-darwin24.6.0
2026-04-22T16:43:53.4799050Z ignoring nonexistent directory "/Users/runner/work/tcm-storage-ios/tcm-storage-ios/build/Build/Products/Debug-iphonesimulator/include"
2026-04-22T16:43:53.4799610Z ignoring nonexistent directory "/Users/runner/work/tcm-storage-ios/tcm-storage-ios/build/Build/Intermediates.noindex/Nextcloud.build/Debug-iphonesimulator/Notification Service Extension.build/DerivedSources-normal/arm64"
2026-04-22T16:43:53.4802010Z ignoring nonexistent directory "/Users/runner/work/tcm-storage-ios/tcm-storage-ios/build/Build/Intermediates.noindex/Nextcloud.build/Debug-iphonesimulator/Notification Service Extension.build/DerivedSources/arm64"
2026-04-22T16:43:53.4802490Z ignoring nonexistent directory "/Applications/Xcode_26.2.app/Contents/Developer/Platforms/iPhoneSimulator.platform/Developer/SDKs/iPhoneSimulator26.2.sdk/usr/local/include"
2026-04-22T16:43:53.4802920Z ignoring nonexistent directory "/Applications/Xcode_26.2.app/Contents/Developer/Platforms/iPhoneSimulator.platform/Developer/SDKs/iPhoneSimulator26.2.sdk/Library/Frameworks"
2026-04-22T16:43:53.4803450Z ignoring duplicate directory "/Users/runner/work/tcm-storage-ios/tcm-storage-ios/build/Build/Products/Debug-iphonesimulator/PackageFrameworks"
2026-04-22T16:43:53.4803860Z ignoring duplicate directory "/Users/runner/work/tcm-storage-ios/tcm-storage-ios/build/Build/Products/Debug-iphonesimulator/PackageFrameworks"
2026-04-22T16:43:53.4804190Z ignoring duplicate directory "/Users/runner/work/tcm-storage-ios/tcm-storage-ios/build/Build/Products/Debug-iphonesimulator/PackageFrameworks"
2026-04-22T16:43:53.4804520Z ignoring duplicate directory "/Users/runner/work/tcm-storage-ios/tcm-storage-ios/build/Build/Products/Debug-iphonesimulator/PackageFrameworks"
2026-04-22T16:43:53.4804840Z ignoring duplicate directory "/Users/runner/work/tcm-storage-ios/tcm-storage-ios/build/Build/Products/Debug-iphonesimulator/PackageFrameworks"
2026-04-22T16:43:53.4805170Z ignoring duplicate directory "/Users/runner/work/tcm-storage-ios/tcm-storage-ios/build/Build/Products/Debug-iphonesimulator/PackageFrameworks"
2026-04-22T16:43:53.4805490Z ignoring duplicate directory "/Users/runner/work/tcm-storage-ios/tcm-storage-ios/build/Build/Products/Debug-iphonesimulator/PackageFrameworks"
2026-04-22T16:43:53.4805820Z ignoring duplicate directory "/Users/runner/work/tcm-storage-ios/tcm-storage-ios/build/Build/Products/Debug-iphonesimulator/PackageFrameworks"
2026-04-22T16:43:53.4806160Z ignoring duplicate directory "/Users/runner/work/tcm-storage-ios/tcm-storage-ios/build/Build/Products/Debug-iphonesimulator/PackageFrameworks"
2026-04-22T16:43:53.4806490Z ignoring duplicate directory "/Users/runner/work/tcm-storage-ios/tcm-storage-ios/build/Build/Products/Debug-iphonesimulator/PackageFrameworks"
2026-04-22T16:43:53.4806820Z ignoring duplicate directory "/Users/runner/work/tcm-storage-ios/tcm-storage-ios/build/Build/Products/Debug-iphonesimulator/PackageFrameworks"
2026-04-22T16:43:53.4807140Z ignoring duplicate directory "/Users/runner/work/tcm-storage-ios/tcm-storage-ios/build/Build/Products/Debug-iphonesimulator/PackageFrameworks"
2026-04-22T16:43:53.4807560Z ignoring duplicate directory "/Users/runner/work/tcm-storage-ios/tcm-storage-ios/build/Build/Products/Debug-iphonesimulator/PackageFrameworks"
2026-04-22T16:43:53.4807890Z ignoring duplicate directory "/Users/runner/work/tcm-storage-ios/tcm-storage-ios/build/Build/Products/Debug-iphonesimulator/PackageFrameworks"
2026-04-22T16:43:53.4808210Z ignoring duplicate directory "/Users/runner/work/tcm-storage-ios/tcm-storage-ios/build/Build/Products/Debug-iphonesimulator/PackageFrameworks"
2026-04-22T16:43:53.4808530Z ignoring duplicate directory "/Users/runner/work/tcm-storage-ios/tcm-storage-ios/build/Build/Products/Debug-iphonesimulator/PackageFrameworks"
2026-04-22T16:43:53.4808860Z ignoring duplicate directory "/Users/runner/work/tcm-storage-ios/tcm-storage-ios/build/Build/Products/Debug-iphonesimulator/PackageFrameworks"
2026-04-22T16:43:53.4809180Z ignoring duplicate directory "/Users/runner/work/tcm-storage-ios/tcm-storage-ios/build/Build/Products/Debug-iphonesimulator/PackageFrameworks"
2026-04-22T16:43:53.4809510Z ignoring duplicate directory "/Users/runner/work/tcm-storage-ios/tcm-storage-ios/build/Build/Products/Debug-iphonesimulator/PackageFrameworks"
2026-04-22T16:43:53.4809830Z ignoring duplicate directory "/Users/runner/work/tcm-storage-ios/tcm-storage-ios/build/Build/Products/Debug-iphonesimulator/PackageFrameworks"
2026-04-22T16:43:53.4810160Z ignoring duplicate directory "/Users/runner/work/tcm-storage-ios/tcm-storage-ios/build/Build/Products/Debug-iphonesimulator/PackageFrameworks"
2026-04-22T16:43:53.4810500Z ignoring duplicate directory "/Users/runner/work/tcm-storage-ios/tcm-storage-ios/build/Build/Products/Debug-iphonesimulator/PackageFrameworks"
2026-04-22T16:43:53.4810830Z ignoring duplicate directory "/Users/runner/work/tcm-storage-ios/tcm-storage-ios/build/Build/Products/Debug-iphonesimulator/PackageFrameworks"
2026-04-22T16:43:53.4811160Z ignoring duplicate directory "/Users/runner/work/tcm-storage-ios/tcm-storage-ios/build/Build/Products/Debug-iphonesimulator/PackageFrameworks"
2026-04-22T16:43:53.4811580Z ignoring duplicate directory "/Users/runner/work/tcm-storage-ios/tcm-storage-ios/build/Build/Products/Debug-iphonesimulator/PackageFrameworks"
2026-04-22T16:43:53.4812000Z ignoring duplicate directory "/Users/runner/work/tcm-storage-ios/tcm-storage-ios/build/Build/Products/Debug-iphonesimulator/PackageFrameworks"
2026-04-22T16:43:53.4812340Z ignoring duplicate directory "/Users/runner/work/tcm-storage-ios/tcm-storage-ios/build/Build/Products/Debug-iphonesimulator/PackageFrameworks"
2026-04-22T16:43:53.4812660Z ignoring duplicate directory "/Users/runner/work/tcm-storage-ios/tcm-storage-ios/build/Build/Products/Debug-iphonesimulator/PackageFrameworks"
2026-04-22T16:43:53.4812990Z ignoring duplicate directory "/Users/runner/work/tcm-storage-ios/tcm-storage-ios/build/Build/Products/Debug-iphonesimulator/PackageFrameworks"
2026-04-22T16:43:53.4813310Z ignoring duplicate directory "/Users/runner/work/tcm-storage-ios/tcm-storage-ios/build/Build/Products/Debug-iphonesimulator/PackageFrameworks"
2026-04-22T16:43:53.4813720Z ignoring duplicate directory "/Users/runner/work/tcm-storage-ios/tcm-storage-ios/build/Build/Products/Debug-iphonesimulator/PackageFrameworks"
2026-04-22T16:43:53.4814050Z ignoring duplicate directory "/Users/runner/work/tcm-storage-ios/tcm-storage-ios/build/Build/Products/Debug-iphonesimulator/PackageFrameworks"
2026-04-22T16:43:53.4814380Z ignoring duplicate directory "/Users/runner/work/tcm-storage-ios/tcm-storage-ios/build/Build/Products/Debug-iphonesimulator/PackageFrameworks"
2026-04-22T16:43:53.4815540Z ignoring duplicate directory "/Users/runner/work/tcm-storage-ios/tcm-storage-ios/build/Build/Products/Debug-iphonesimulator/PackageFrameworks"
2026-04-22T16:43:53.4815620Z #include "..." search starts here:
2026-04-22T16:43:53.4816190Z  /Users/runner/work/tcm-storage-ios/tcm-storage-ios/build/Build/Intermediates.noindex/Nextcloud.build/Debug-iphonesimulator/Notification Service Extension.build/Notification Service Extension-generated-files.hmap (headermap)
2026-04-22T16:43:53.4816760Z  /Users/runner/work/tcm-storage-ios/tcm-storage-ios/build/Build/Intermediates.noindex/Nextcloud.build/Debug-iphonesimulator/Notification Service Extension.build/Notification Service Extension-project-headers.hmap (headermap)
2026-04-22T16:43:53.4816820Z #include <...> search starts here:
2026-04-22T16:43:53.4817820Z  /Users/runner/work/tcm-storage-ios/tcm-storage-ios/build/Build/Intermediates.noindex/Nextcloud.build/Debug-iphonesimulator/Notification Service Extension.build/Notification Service Extension-own-target-headers.hmap (headermap)
2026-04-22T16:43:53.4818530Z  /Users/runner/work/tcm-storage-ios/tcm-storage-ios/build/Build/Intermediates.noindex/Nextcloud.build/Debug-iphonesimulator/Notification Service Extension.build/Notification Service Extension-all-non-framework-target-headers.hmap (headermap)
2026-04-22T16:43:53.4818820Z  /Users/runner/work/tcm-storage-ios/tcm-storage-ios/build/SourcePackages/checkouts/swift-atomics/Sources/_AtomicsShims/include
2026-04-22T16:43:53.4819090Z  /Users/runner/work/tcm-storage-ios/tcm-storage-ios/build/SourcePackages/checkouts/swift-nio/Sources/CNIOPosix/include
2026-04-22T16:43:53.4819430Z  /Users/runner/work/tcm-storage-ios/tcm-storage-ios/build/SourcePackages/checkouts/swift-nio/Sources/CNIOWASI/include
2026-04-22T16:43:53.4819950Z  /Users/runner/work/tcm-storage-ios/tcm-storage-ios/build/SourcePackages/checkouts/swift-nio/Sources/CNIOWindows/include
2026-04-22T16:43:53.4820220Z  /Users/runner/work/tcm-storage-ios/tcm-storage-ios/build/SourcePackages/checkouts/swift-nio/Sources/CNIOLinux/include
2026-04-22T16:43:53.4820490Z  /Users/runner/work/tcm-storage-ios/tcm-storage-ios/build/SourcePackages/checkouts/swift-nio/Sources/CNIODarwin/include
2026-04-22T16:43:53.4820750Z  /Users/runner/work/tcm-storage-ios/tcm-storage-ios/build/SourcePackages/checkouts/swift-nio/Sources/CNIOOpenBSD/include
2026-04-22T16:43:53.4821020Z  /Users/runner/work/tcm-storage-ios/tcm-storage-ios/build/SourcePackages/checkouts/swift-nio/Sources/CNIOAtomics/include
2026-04-22T16:43:53.4829680Z  /Users/runner/work/tcm-storage-ios/tcm-storage-ios/build/SourcePackages/checkouts/swift-nio-ssl/Sources/CNIOBoringSSLShims/include
2026-04-22T16:43:53.4830100Z  /Users/runner/work/tcm-storage-ios/tcm-storage-ios/build/SourcePackages/checkouts/swift-nio-ssl/Sources/CNIOBoringSSL/include
2026-04-22T16:43:53.4830320Z  /Users/runner/work/tcm-storage-ios/tcm-storage-ios/build/SourcePackages/checkouts/realm-core/src
2026-04-22T16:43:53.4830560Z  /Users/runner/work/tcm-storage-ios/tcm-storage-ios/build/SourcePackages/checkouts/realm-core/src/external/s2
2026-04-22T16:43:53.4832490Z  /Users/runner/work/tcm-storage-ios/tcm-storage-ios/build/SourcePackages/checkouts/realm-core/src/external/IntelRDFPMathLib20U2/LIBRARY/src
2026-04-22T16:43:53.4832730Z  /Users/runner/work/tcm-storage-ios/tcm-storage-ios/build/SourcePackages/checkouts/realm-core/src/spm
2026-04-22T16:43:53.4837580Z  /Users/runner/work/tcm-storage-ios/tcm-storage-ios/build/SourcePackages/checkouts/realm-swift/include
2026-04-22T16:43:53.4838170Z  /Users/runner/work/tcm-storage-ios/tcm-storage-ios/build/Build/Intermediates.noindex/Nextcloud.build/Debug-iphonesimulator/Notification Service Extension.build/DerivedSources
2026-04-22T16:43:53.4838510Z  /Users/runner/work/tcm-storage-ios/tcm-storage-ios/build/Build/Products/Debug-iphonesimulator/PackageFrameworks (framework directory)
2026-04-22T16:43:53.4838960Z  /Users/runner/work/tcm-storage-ios/tcm-storage-ios/build/Build/Products/Debug-iphonesimulator (framework directory)
2026-04-22T16:43:53.4839360Z  /Applications/Xcode_26.2.app/Contents/Developer/Platforms/iPhoneSimulator.platform/Developer/Library/Frameworks (framework directory)
2026-04-22T16:43:53.4839790Z  /Applications/Xcode_26.2.app/Contents/Developer/Platforms/iPhoneSimulator.platform/Developer/SDKs/iPhoneSimulator26.2.sdk/Developer/Library/Frameworks (framework directory)
2026-04-22T16:43:53.4841180Z  /Applications/Xcode_26.2.app/Contents/Developer/Toolchains/XcodeDefault.xctoolchain/usr/lib/clang/17/include
2026-04-22T16:43:53.4841590Z  /Applications/Xcode_26.2.app/Contents/Developer/Platforms/iPhoneSimulator.platform/Developer/SDKs/iPhoneSimulator26.2.sdk/usr/include
2026-04-22T16:43:53.4841810Z  /Applications/Xcode_26.2.app/Contents/Developer/Toolchains/XcodeDefault.xctoolchain/usr/include
2026-04-22T16:43:53.4842370Z  /Applications/Xcode_26.2.app/Contents/Developer/Platforms/iPhoneSimulator.platform/Developer/SDKs/iPhoneSimulator26.2.sdk/System/Library/Frameworks (framework directory)
2026-04-22T16:43:53.4842860Z  /Applications/Xcode_26.2.app/Contents/Developer/Platforms/iPhoneSimulator.platform/Developer/SDKs/iPhoneSimulator26.2.sdk/System/Library/SubFrameworks (framework directory)
2026-04-22T16:43:53.4842910Z End of search list.
2026-04-22T16:43:53.4843080Z clang -cc1 version 17.0.0 (clang-1700.6.3.2) default target arm64-apple-darwin24.6.0
2026-04-22T16:43:53.4843390Z ignoring nonexistent directory "/Users/runner/work/tcm-storage-ios/tcm-storage-ios/build/Build/Products/Debug-iphonesimulator/include"
2026-04-22T16:43:53.4843960Z ignoring nonexistent directory "/Users/runner/work/tcm-storage-ios/tcm-storage-ios/build/Build/Intermediates.noindex/Nextcloud.build/Debug-iphonesimulator/Notification Service Extension.build/DerivedSources-normal/arm64"
2026-04-22T16:43:53.4844490Z ignoring nonexistent directory "/Users/runner/work/tcm-storage-ios/tcm-storage-ios/build/Build/Intermediates.noindex/Nextcloud.build/Debug-iphonesimulator/Notification Service Extension.build/DerivedSources/arm64"
2026-04-22T16:43:53.4844920Z ignoring nonexistent directory "/Applications/Xcode_26.2.app/Contents/Developer/Platforms/iPhoneSimulator.platform/Developer/SDKs/iPhoneSimulator26.2.sdk/usr/local/include"
2026-04-22T16:43:53.4845330Z ignoring nonexistent directory "/Applications/Xcode_26.2.app/Contents/Developer/Platforms/iPhoneSimulator.platform/Developer/SDKs/iPhoneSimulator26.2.sdk/Library/Frameworks"
2026-04-22T16:43:53.4845670Z ignoring duplicate directory "/Users/runner/work/tcm-storage-ios/tcm-storage-ios/build/Build/Products/Debug-iphonesimulator/PackageFrameworks"
2026-04-22T16:43:53.4846150Z ignoring duplicate directory "/Users/runner/work/tcm-storage-ios/tcm-storage-ios/build/Build/Products/Debug-iphonesimulator/PackageFrameworks"
2026-04-22T16:43:53.4846580Z ignoring duplicate directory "/Users/runner/work/tcm-storage-ios/tcm-storage-ios/build/Build/Products/Debug-iphonesimulator/PackageFrameworks"
2026-04-22T16:43:53.4846910Z ignoring duplicate directory "/Users/runner/work/tcm-storage-ios/tcm-storage-ios/build/Build/Products/Debug-iphonesimulator/PackageFrameworks"
2026-04-22T16:43:53.4847270Z ignoring duplicate directory "/Users/runner/work/tcm-storage-ios/tcm-storage-ios/build/Build/Products/Debug-iphonesimulator/PackageFrameworks"
2026-04-22T16:43:53.4847600Z ignoring duplicate directory "/Users/runner/work/tcm-storage-ios/tcm-storage-ios/build/Build/Products/Debug-iphonesimulator/PackageFrameworks"
2026-04-22T16:43:53.4847920Z ignoring duplicate directory "/Users/runner/work/tcm-storage-ios/tcm-storage-ios/build/Build/Products/Debug-iphonesimulator/PackageFrameworks"
2026-04-22T16:43:53.4848250Z ignoring duplicate directory "/Users/runner/work/tcm-storage-ios/tcm-storage-ios/build/Build/Products/Debug-iphonesimulator/PackageFrameworks"
2026-04-22T16:43:53.4848580Z ignoring duplicate directory "/Users/runner/work/tcm-storage-ios/tcm-storage-ios/build/Build/Products/Debug-iphonesimulator/PackageFrameworks"
2026-04-22T16:43:53.4848910Z ignoring duplicate directory "/Users/runner/work/tcm-storage-ios/tcm-storage-ios/build/Build/Products/Debug-iphonesimulator/PackageFrameworks"
2026-04-22T16:43:53.4849240Z ignoring duplicate directory "/Users/runner/work/tcm-storage-ios/tcm-storage-ios/build/Build/Products/Debug-iphonesimulator/PackageFrameworks"
2026-04-22T16:43:53.4849580Z ignoring duplicate directory "/Users/runner/work/tcm-storage-ios/tcm-storage-ios/build/Build/Products/Debug-iphonesimulator/PackageFrameworks"
2026-04-22T16:43:53.4849910Z ignoring duplicate directory "/Users/runner/work/tcm-storage-ios/tcm-storage-ios/build/Build/Products/Debug-iphonesimulator/PackageFrameworks"
2026-04-22T16:43:53.4850250Z ignoring duplicate directory "/Users/runner/work/tcm-storage-ios/tcm-storage-ios/build/Build/Products/Debug-iphonesimulator/PackageFrameworks"
2026-04-22T16:43:53.4850580Z ignoring duplicate directory "/Users/runner/work/tcm-storage-ios/tcm-storage-ios/build/Build/Products/Debug-iphonesimulator/PackageFrameworks"
2026-04-22T16:43:53.4850910Z ignoring duplicate directory "/Users/runner/work/tcm-storage-ios/tcm-storage-ios/build/Build/Products/Debug-iphonesimulator/PackageFrameworks"
2026-04-22T16:43:53.4851250Z ignoring duplicate directory "/Users/runner/work/tcm-storage-ios/tcm-storage-ios/build/Build/Products/Debug-iphonesimulator/PackageFrameworks"
2026-04-22T16:43:53.4851580Z ignoring duplicate directory "/Users/runner/work/tcm-storage-ios/tcm-storage-ios/build/Build/Products/Debug-iphonesimulator/PackageFrameworks"
2026-04-22T16:43:53.4851910Z ignoring duplicate directory "/Users/runner/work/tcm-storage-ios/tcm-storage-ios/build/Build/Products/Debug-iphonesimulator/PackageFrameworks"
2026-04-22T16:43:53.4852250Z ignoring duplicate directory "/Users/runner/work/tcm-storage-ios/tcm-storage-ios/build/Build/Products/Debug-iphonesimulator/PackageFrameworks"
2026-04-22T16:43:53.4852590Z ignoring duplicate directory "/Users/runner/work/tcm-storage-ios/tcm-storage-ios/build/Build/Products/Debug-iphonesimulator/PackageFrameworks"
2026-04-22T16:43:53.4852920Z ignoring duplicate directory "/Users/runner/work/tcm-storage-ios/tcm-storage-ios/build/Build/Products/Debug-iphonesimulator/PackageFrameworks"
2026-04-22T16:43:53.4853250Z ignoring duplicate directory "/Users/runner/work/tcm-storage-ios/tcm-storage-ios/build/Build/Products/Debug-iphonesimulator/PackageFrameworks"
2026-04-22T16:43:53.4853580Z ignoring duplicate directory "/Users/runner/work/tcm-storage-ios/tcm-storage-ios/build/Build/Products/Debug-iphonesimulator/PackageFrameworks"
2026-04-22T16:43:53.4853900Z ignoring duplicate directory "/Users/runner/work/tcm-storage-ios/tcm-storage-ios/build/Build/Products/Debug-iphonesimulator/PackageFrameworks"
2026-04-22T16:43:53.4854370Z ignoring duplicate directory "/Users/runner/work/tcm-storage-ios/tcm-storage-ios/build/Build/Products/Debug-iphonesimulator/PackageFrameworks"
2026-04-22T16:43:53.4854700Z ignoring duplicate directory "/Users/runner/work/tcm-storage-ios/tcm-storage-ios/build/Build/Products/Debug-iphonesimulator/PackageFrameworks"
2026-04-22T16:43:53.4855020Z ignoring duplicate directory "/Users/runner/work/tcm-storage-ios/tcm-storage-ios/build/Build/Products/Debug-iphonesimulator/PackageFrameworks"
2026-04-22T16:43:53.4855370Z ignoring duplicate directory "/Users/runner/work/tcm-storage-ios/tcm-storage-ios/build/Build/Products/Debug-iphonesimulator/PackageFrameworks"
2026-04-22T16:43:53.4855700Z ignoring duplicate directory "/Users/runner/work/tcm-storage-ios/tcm-storage-ios/build/Build/Products/Debug-iphonesimulator/PackageFrameworks"
2026-04-22T16:43:53.4856020Z ignoring duplicate directory "/Users/runner/work/tcm-storage-ios/tcm-storage-ios/build/Build/Products/Debug-iphonesimulator/PackageFrameworks"
2026-04-22T16:43:53.4856350Z ignoring duplicate directory "/Users/runner/work/tcm-storage-ios/tcm-storage-ios/build/Build/Products/Debug-iphonesimulator/PackageFrameworks"
2026-04-22T16:43:53.4856680Z ignoring duplicate directory "/Users/runner/work/tcm-storage-ios/tcm-storage-ios/build/Build/Products/Debug-iphonesimulator/PackageFrameworks"
2026-04-22T16:43:53.4857000Z ignoring duplicate directory "/Users/runner/work/tcm-storage-ios/tcm-storage-ios/build/Build/Products/Debug-iphonesimulator/PackageFrameworks"
2026-04-22T16:43:53.4857060Z #include "..." search starts here:
2026-04-22T16:43:53.4858840Z  /Users/runner/work/tcm-storage-ios/tcm-storage-ios/build/Build/Intermediates.noindex/Nextcloud.build/Debug-iphonesimulator/Notification Service Extension.build/Notification Service Extension-generated-files.hmap (headermap)
2026-04-22T16:43:53.4859440Z  /Users/runner/work/tcm-storage-ios/tcm-storage-ios/build/Build/Intermediates.noindex/Nextcloud.build/Debug-iphonesimulator/Notification Service Extension.build/Notification Service Extension-project-headers.hmap (headermap)
2026-04-22T16:43:53.4859510Z #include <...> search starts here:
2026-04-22T16:43:53.4860090Z  /Users/runner/work/tcm-storage-ios/tcm-storage-ios/build/Build/Intermediates.noindex/Nextcloud.build/Debug-iphonesimulator/Notification Service Extension.build/Notification Service Extension-own-target-headers.hmap (headermap)
2026-04-22T16:43:53.4860720Z  /Users/runner/work/tcm-storage-ios/tcm-storage-ios/build/Build/Intermediates.noindex/Nextcloud.build/Debug-iphonesimulator/Notification Service Extension.build/Notification Service Extension-all-non-framework-target-headers.hmap (headermap)
2026-04-22T16:43:53.4861020Z  /Users/runner/work/tcm-storage-ios/tcm-storage-ios/build/SourcePackages/checkouts/swift-atomics/Sources/_AtomicsShims/include
2026-04-22T16:43:53.4861280Z  /Users/runner/work/tcm-storage-ios/tcm-storage-ios/build/SourcePackages/checkouts/swift-nio/Sources/CNIOPosix/include
2026-04-22T16:43:53.4861550Z  /Users/runner/work/tcm-storage-ios/tcm-storage-ios/build/SourcePackages/checkouts/swift-nio/Sources/CNIOWASI/include
2026-04-22T16:43:53.4861820Z  /Users/runner/work/tcm-storage-ios/tcm-storage-ios/build/SourcePackages/checkouts/swift-nio/Sources/CNIOWindows/include
2026-04-22T16:43:53.4862080Z  /Users/runner/work/tcm-storage-ios/tcm-storage-ios/build/SourcePackages/checkouts/swift-nio/Sources/CNIOLinux/include
2026-04-22T16:43:53.4862350Z  /Users/runner/work/tcm-storage-ios/tcm-storage-ios/build/SourcePackages/checkouts/swift-nio/Sources/CNIODarwin/include
2026-04-22T16:43:53.4862610Z  /Users/runner/work/tcm-storage-ios/tcm-storage-ios/build/SourcePackages/checkouts/swift-nio/Sources/CNIOOpenBSD/include
2026-04-22T16:43:53.4862870Z  /Users/runner/work/tcm-storage-ios/tcm-storage-ios/build/SourcePackages/checkouts/swift-nio/Sources/CNIOAtomics/include
2026-04-22T16:43:53.4863180Z  /Users/runner/work/tcm-storage-ios/tcm-storage-ios/build/SourcePackages/checkouts/swift-nio-ssl/Sources/CNIOBoringSSLShims/include
2026-04-22T16:43:53.4863610Z  /Users/runner/work/tcm-storage-ios/tcm-storage-ios/build/SourcePackages/checkouts/swift-nio-ssl/Sources/CNIOBoringSSL/include
2026-04-22T16:43:53.4863870Z  /Users/runner/work/tcm-storage-ios/tcm-storage-ios/build/SourcePackages/checkouts/realm-core/src
2026-04-22T16:43:53.4864120Z  /Users/runner/work/tcm-storage-ios/tcm-storage-ios/build/SourcePackages/checkouts/realm-core/src/external/s2
2026-04-22T16:43:53.4864440Z  /Users/runner/work/tcm-storage-ios/tcm-storage-ios/build/SourcePackages/checkouts/realm-core/src/external/IntelRDFPMathLib20U2/LIBRARY/src
2026-04-22T16:43:53.4864660Z  /Users/runner/work/tcm-storage-ios/tcm-storage-ios/build/SourcePackages/checkouts/realm-core/src/spm
2026-04-22T16:43:53.4864880Z  /Users/runner/work/tcm-storage-ios/tcm-storage-ios/build/SourcePackages/checkouts/realm-swift/include
2026-04-22T16:43:53.4865300Z  /Users/runner/work/tcm-storage-ios/tcm-storage-ios/build/Build/Intermediates.noindex/Nextcloud.build/Debug-iphonesimulator/Notification Service Extension.build/DerivedSources
2026-04-22T16:43:53.4865650Z  /Users/runner/work/tcm-storage-ios/tcm-storage-ios/build/Build/Products/Debug-iphonesimulator/PackageFrameworks (framework directory)
2026-04-22T16:43:53.4865920Z  /Users/runner/work/tcm-storage-ios/tcm-storage-ios/build/Build/Products/Debug-iphonesimulator (framework directory)
2026-04-22T16:43:53.4866230Z  /Applications/Xcode_26.2.app/Contents/Developer/Platforms/iPhoneSimulator.platform/Developer/Library/Frameworks (framework directory)
2026-04-22T16:43:53.4866650Z  /Applications/Xcode_26.2.app/Contents/Developer/Platforms/iPhoneSimulator.platform/Developer/SDKs/iPhoneSimulator26.2.sdk/Developer/Library/Frameworks (framework directory)
2026-04-22T16:43:53.4866890Z  /Applications/Xcode_26.2.app/Contents/Developer/Toolchains/XcodeDefault.xctoolchain/usr/lib/clang/17/include
2026-04-22T16:43:53.4867210Z  /Applications/Xcode_26.2.app/Contents/Developer/Platforms/iPhoneSimulator.platform/Developer/SDKs/iPhoneSimulator26.2.sdk/usr/include
2026-04-22T16:43:53.4867420Z  /Applications/Xcode_26.2.app/Contents/Developer/Toolchains/XcodeDefault.xctoolchain/usr/include
2026-04-22T16:43:53.4867830Z  /Applications/Xcode_26.2.app/Contents/Developer/Platforms/iPhoneSimulator.platform/Developer/SDKs/iPhoneSimulator26.2.sdk/System/Library/Frameworks (framework directory)
2026-04-22T16:43:53.4868270Z  /Applications/Xcode_26.2.app/Contents/Developer/Platforms/iPhoneSimulator.platform/Developer/SDKs/iPhoneSimulator26.2.sdk/System/Library/SubFrameworks (framework directory)
2026-04-22T16:43:53.4868330Z End of search list.
2026-04-22T16:43:53.4868530Z clang -cc1 version 17.0.0 (clang-1700.6.3.2) default target arm64-apple-darwin24.6.0
2026-04-22T16:43:53.4898940Z ignoring nonexistent directory "/Users/runner/work/tcm-storage-ios/tcm-storage-ios/build/Build/Products/Debug-iphonesimulator/include"
2026-04-22T16:43:53.4962480Z ignoring nonexistent directory "/Users/runner/work/tcm-storage-ios/tcm-storage-ios/build/Build/Intermediates.noindex/Nextcloud.build/Debug-iphonesimulator/Notification Service Extension.build/DerivedSources-normal/arm64"
2026-04-22T16:43:53.4963990Z ignoring nonexistent directory "/Users/runner/work/tcm-storage-ios/tcm-storage-ios/build/Build/Intermediates.noindex/Nextcloud.build/Debug-iphonesimulator/Notification Service Extension.build/DerivedSources/arm64"
2026-04-22T16:43:53.4964550Z ignoring nonexistent directory "/Applications/Xcode_26.2.app/Contents/Developer/Platforms/iPhoneSimulator.platform/Developer/SDKs/iPhoneSimulator26.2.sdk/usr/local/include"
2026-04-22T16:43:53.4965090Z ignoring nonexistent directory "/Applications/Xcode_26.2.app/Contents/Developer/Platforms/iPhoneSimulator.platform/Developer/SDKs/iPhoneSimulator26.2.sdk/Library/Frameworks"
2026-04-22T16:43:53.4965780Z ignoring duplicate directory "/Users/runner/work/tcm-storage-ios/tcm-storage-ios/build/Build/Products/Debug-iphonesimulator/PackageFrameworks"
2026-04-22T16:43:53.4966430Z ignoring duplicate directory "/Users/runner/work/tcm-storage-ios/tcm-storage-ios/build/Build/Products/Debug-iphonesimulator/PackageFrameworks"
2026-04-22T16:43:53.4967400Z ignoring duplicate directory "/Users/runner/work/tcm-storage-ios/tcm-storage-ios/build/Build/Products/Debug-iphonesimulator/PackageFrameworks"
2026-04-22T16:43:53.4967890Z ignoring duplicate directory "/Users/runner/work/tcm-storage-ios/tcm-storage-ios/build/Build/Products/Debug-iphonesimulator/PackageFrameworks"
2026-04-22T16:43:53.4968330Z ignoring duplicate directory "/Users/runner/work/tcm-storage-ios/tcm-storage-ios/build/Build/Products/Debug-iphonesimulator/PackageFrameworks"
2026-04-22T16:43:53.4968900Z ignoring duplicate directory "/Users/runner/work/tcm-storage-ios/tcm-storage-ios/build/Build/Products/Debug-iphonesimulator/PackageFrameworks"
2026-04-22T16:43:53.4969890Z ignoring duplicate directory "/Users/runner/work/tcm-storage-ios/tcm-storage-ios/build/Build/Products/Debug-iphonesimulator/PackageFrameworks"
2026-04-22T16:43:53.4970410Z ignoring duplicate directory "/Users/runner/work/tcm-storage-ios/tcm-storage-ios/build/Build/Products/Debug-iphonesimulator/PackageFrameworks"
2026-04-22T16:43:53.4970880Z ignoring duplicate directory "/Users/runner/work/tcm-storage-ios/tcm-storage-ios/build/Build/Products/Debug-iphonesimulator/PackageFrameworks"
2026-04-22T16:43:53.4971440Z ignoring duplicate directory "/Users/runner/work/tcm-storage-ios/tcm-storage-ios/build/Build/Products/Debug-iphonesimulator/PackageFrameworks"
2026-04-22T16:43:53.4972440Z ignoring duplicate directory "/Users/runner/work/tcm-storage-ios/tcm-storage-ios/build/Build/Products/Debug-iphonesimulator/PackageFrameworks"
2026-04-22T16:43:53.4972890Z ignoring duplicate directory "/Users/runner/work/tcm-storage-ios/tcm-storage-ios/build/Build/Products/Debug-iphonesimulator/PackageFrameworks"
2026-04-22T16:43:53.4973320Z ignoring duplicate directory "/Users/runner/work/tcm-storage-ios/tcm-storage-ios/build/Build/Products/Debug-iphonesimulator/PackageFrameworks"
2026-04-22T16:43:53.4973790Z ignoring duplicate directory "/Users/runner/work/tcm-storage-ios/tcm-storage-ios/build/Build/Products/Debug-iphonesimulator/PackageFrameworks"
2026-04-22T16:43:53.4975490Z ignoring duplicate directory "/Users/runner/work/tcm-storage-ios/tcm-storage-ios/build/Build/Products/Debug-iphonesimulator/PackageFrameworks"
2026-04-22T16:43:53.4976210Z ignoring duplicate directory "/Users/runner/work/tcm-storage-ios/tcm-storage-ios/build/Build/Products/Debug-iphonesimulator/PackageFrameworks"
2026-04-22T16:43:53.4976660Z ignoring duplicate directory "/Users/runner/work/tcm-storage-ios/tcm-storage-ios/build/Build/Products/Debug-iphonesimulator/PackageFrameworks"
2026-04-22T16:43:53.4977090Z ignoring duplicate directory "/Users/runner/work/tcm-storage-ios/tcm-storage-ios/build/Build/Products/Debug-iphonesimulator/PackageFrameworks"
2026-04-22T16:43:53.4977520Z ignoring duplicate directory "/Users/runner/work/tcm-storage-ios/tcm-storage-ios/build/Build/Products/Debug-iphonesimulator/PackageFrameworks"
2026-04-22T16:43:53.4978350Z ignoring duplicate directory "/Users/runner/work/tcm-storage-ios/tcm-storage-ios/build/Build/Products/Debug-iphonesimulator/PackageFrameworks"
2026-04-22T16:43:53.4978810Z ignoring duplicate directory "/Users/runner/work/tcm-storage-ios/tcm-storage-ios/build/Build/Products/Debug-iphonesimulator/PackageFrameworks"
2026-04-22T16:43:53.4979300Z ignoring duplicate directory "/Users/runner/work/tcm-storage-ios/tcm-storage-ios/build/Build/Products/Debug-iphonesimulator/PackageFrameworks"
2026-04-22T16:43:53.4979730Z ignoring duplicate directory "/Users/runner/work/tcm-storage-ios/tcm-storage-ios/build/Build/Products/Debug-iphonesimulator/PackageFrameworks"
2026-04-22T16:43:53.4980900Z ignoring duplicate directory "/Users/runner/work/tcm-storage-ios/tcm-storage-ios/build/Build/Products/Debug-iphonesimulator/PackageFrameworks"
2026-04-22T16:43:53.4981440Z ignoring duplicate directory "/Users/runner/work/tcm-storage-ios/tcm-storage-ios/build/Build/Products/Debug-iphonesimulator/PackageFrameworks"
2026-04-22T16:43:53.4982030Z ignoring duplicate directory "/Users/runner/work/tcm-storage-ios/tcm-storage-ios/build/Build/Products/Debug-iphonesimulator/PackageFrameworks"
2026-04-22T16:43:53.4983280Z ignoring duplicate directory "/Users/runner/work/tcm-storage-ios/tcm-storage-ios/build/Build/Products/Debug-iphonesimulator/PackageFrameworks"
2026-04-22T16:43:53.4984530Z ignoring duplicate directory "/Users/runner/work/tcm-storage-ios/tcm-storage-ios/build/Build/Products/Debug-iphonesimulator/PackageFrameworks"
2026-04-22T16:43:53.4985820Z ignoring duplicate directory "/Users/runner/work/tcm-storage-ios/tcm-storage-ios/build/Build/Products/Debug-iphonesimulator/PackageFrameworks"
2026-04-22T16:43:53.4986270Z ignoring duplicate directory "/Users/runner/work/tcm-storage-ios/tcm-storage-ios/build/Build/Products/Debug-iphonesimulator/PackageFrameworks"
2026-04-22T16:43:53.4986700Z ignoring duplicate directory "/Users/runner/work/tcm-storage-ios/tcm-storage-ios/build/Build/Products/Debug-iphonesimulator/PackageFrameworks"
2026-04-22T16:43:53.4987130Z ignoring duplicate directory "/Users/runner/work/tcm-storage-ios/tcm-storage-ios/build/Build/Products/Debug-iphonesimulator/PackageFrameworks"
2026-04-22T16:43:53.4987630Z ignoring duplicate directory "/Users/runner/work/tcm-storage-ios/tcm-storage-ios/build/Build/Products/Debug-iphonesimulator/PackageFrameworks"
2026-04-22T16:43:53.4988480Z ignoring duplicate directory "/Users/runner/work/tcm-storage-ios/tcm-storage-ios/build/Build/Products/Debug-iphonesimulator/PackageFrameworks"
2026-04-22T16:43:53.4988660Z #include "..." search starts here:
2026-04-22T16:43:53.4989340Z  /Users/runner/work/tcm-storage-ios/tcm-storage-ios/build/Build/Intermediates.noindex/Nextcloud.build/Debug-iphonesimulator/Notification Service Extension.build/Notification Service Extension-generated-files.hmap (headermap)
2026-04-22T16:43:53.4990510Z  /Users/runner/work/tcm-storage-ios/tcm-storage-ios/build/Build/Intermediates.noindex/Nextcloud.build/Debug-iphonesimulator/Notification Service Extension.build/Notification Service Extension-project-headers.hmap (headermap)
2026-04-22T16:43:53.4990750Z #include <...> search starts here:
2026-04-22T16:43:53.4991440Z  /Users/runner/work/tcm-storage-ios/tcm-storage-ios/build/Build/Intermediates.noindex/Nextcloud.build/Debug-iphonesimulator/Notification Service Extension.build/Notification Service Extension-own-target-headers.hmap (headermap)
2026-04-22T16:43:53.4992170Z  /Users/runner/work/tcm-storage-ios/tcm-storage-ios/build/Build/Intermediates.noindex/Nextcloud.build/Debug-iphonesimulator/Notification Service Extension.build/Notification Service Extension-all-non-framework-target-headers.hmap (headermap)
2026-04-22T16:43:53.4993910Z  /Users/runner/work/tcm-storage-ios/tcm-storage-ios/build/SourcePackages/checkouts/swift-atomics/Sources/_AtomicsShims/include
2026-04-22T16:43:53.5009240Z  /Users/runner/work/tcm-storage-ios/tcm-storage-ios/build/SourcePackages/checkouts/swift-nio/Sources/CNIOPosix/include
2026-04-22T16:43:53.5022680Z  /Users/runner/work/tcm-storage-ios/tcm-storage-ios/build/SourcePackages/checkouts/swift-nio/Sources/CNIOWASI/include
2026-04-22T16:43:53.5062250Z  /Users/runner/work/tcm-storage-ios/tcm-storage-ios/build/SourcePackages/checkouts/swift-nio/Sources/CNIOWindows/include
2026-04-22T16:43:53.5062690Z  /Users/runner/work/tcm-storage-ios/tcm-storage-ios/build/SourcePackages/checkouts/swift-nio/Sources/CNIOLinux/include
2026-04-22T16:43:53.5063080Z  /Users/runner/work/tcm-storage-ios/tcm-storage-ios/build/SourcePackages/checkouts/swift-nio/Sources/CNIODarwin/include
2026-04-22T16:43:53.5063450Z  /Users/runner/work/tcm-storage-ios/tcm-storage-ios/build/SourcePackages/checkouts/swift-nio/Sources/CNIOOpenBSD/include
2026-04-22T16:43:53.5064420Z  /Users/runner/work/tcm-storage-ios/tcm-storage-ios/build/SourcePackages/checkouts/swift-nio/Sources/CNIOAtomics/include
2026-04-22T16:43:53.5169120Z  /Users/runner/work/tcm-storage-ios/tcm-storage-ios/build/SourcePackages/checkouts/swift-nio-ssl/Sources/CNIOBoringSSLShims/include
2026-04-22T16:43:53.5271340Z  /Users/runner/work/tcm-storage-ios/tcm-storage-ios/build/SourcePackages/checkouts/swift-nio-ssl/Sources/CNIOBoringSSL/include
2026-04-22T16:43:53.5300640Z  /Users/runner/work/tcm-storage-ios/tcm-storage-ios/build/SourcePackages/checkouts/realm-core/src
2026-04-22T16:43:53.5361650Z  /Users/runner/work/tcm-storage-ios/tcm-storage-ios/build/SourcePackages/checkouts/realm-core/src/external/s2
2026-04-22T16:43:53.5370640Z  /Users/runner/work/tcm-storage-ios/tcm-storage-ios/build/SourcePackages/checkouts/realm-core/src/external/IntelRDFPMathLib20U2/LIBRARY/src
2026-04-22T16:43:53.5374490Z  /Users/runner/work/tcm-storage-ios/tcm-storage-ios/build/SourcePackages/checkouts/realm-core/src/spm
2026-04-22T16:43:53.5379950Z  /Users/runner/work/tcm-storage-ios/tcm-storage-ios/build/SourcePackages/checkouts/realm-swift/include
2026-04-22T16:43:53.5384770Z  /Users/runner/work/tcm-storage-ios/tcm-storage-ios/build/Build/Intermediates.noindex/Nextcloud.build/Debug-iphonesimulator/Notification Service Extension.build/DerivedSources
2026-04-22T16:43:53.5392070Z  /Users/runner/work/tcm-storage-ios/tcm-storage-ios/build/Build/Products/Debug-iphonesimulator/PackageFrameworks (framework directory)
2026-04-22T16:43:53.5396580Z  /Users/runner/work/tcm-storage-ios/tcm-storage-ios/build/Build/Products/Debug-iphonesimulator (framework directory)
2026-04-22T16:43:53.5399410Z  /Applications/Xcode_26.2.app/Contents/Developer/Platforms/iPhoneSimulator.platform/Developer/Library/Frameworks (framework directory)
2026-04-22T16:43:53.5412090Z  /Applications/Xcode_26.2.app/Contents/Developer/Platforms/iPhoneSimulator.platform/Developer/SDKs/iPhoneSimulator26.2.sdk/Developer/Library/Frameworks (framework directory)
2026-04-22T16:43:53.5417880Z  /Applications/Xcode_26.2.app/Contents/Developer/Toolchains/XcodeDefault.xctoolchain/usr/lib/clang/17/include
2026-04-22T16:43:53.5423620Z  /Applications/Xcode_26.2.app/Contents/Developer/Platforms/iPhoneSimulator.platform/Developer/SDKs/iPhoneSimulator26.2.sdk/usr/include
2026-04-22T16:43:53.5426490Z  /Applications/Xcode_26.2.app/Contents/Developer/Toolchains/XcodeDefault.xctoolchain/usr/include
2026-04-22T16:43:53.5432670Z  /Applications/Xcode_26.2.app/Contents/Developer/Platforms/iPhoneSimulator.platform/Developer/SDKs/iPhoneSimulator26.2.sdk/System/Library/Frameworks (framework directory)
2026-04-22T16:43:53.5437580Z  /Applications/Xcode_26.2.app/Contents/Developer/Platforms/iPhoneSimulator.platform/Developer/SDKs/iPhoneSimulator26.2.sdk/System/Library/SubFrameworks (framework directory)
2026-04-22T16:43:53.5440540Z End of search list.
2026-04-22T16:43:53.5466800Z clang -cc1 version 17.0.0 (clang-1700.6.3.2) default target arm64-apple-darwin24.6.0
2026-04-22T16:43:53.5478540Z ignoring nonexistent directory "/Users/runner/work/tcm-storage-ios/tcm-storage-ios/build/Build/Products/Debug-iphonesimulator/include"
2026-04-22T16:43:53.5486540Z ignoring nonexistent directory "/Users/runner/work/tcm-storage-ios/tcm-storage-ios/build/Build/Intermediates.noindex/Nextcloud.build/Debug-iphonesimulator/Notification Service Extension.build/DerivedSources-normal/arm64"
2026-04-22T16:43:53.5507650Z ignoring nonexistent directory "/Users/runner/work/tcm-storage-ios/tcm-storage-ios/build/Build/Intermediates.noindex/Nextcloud.build/Debug-iphonesimulator/Notification Service Extension.build/DerivedSources/arm64"
2026-04-22T16:43:53.5527130Z ignoring nonexistent directory "/Applications/Xcode_26.2.app/Contents/Developer/Platforms/iPhoneSimulator.platform/Developer/SDKs/iPhoneSimulator26.2.sdk/usr/local/include"
2026-04-22T16:43:53.5537480Z ignoring nonexistent directory "/Applications/Xcode_26.2.app/Contents/Developer/Platforms/iPhoneSimulator.platform/Developer/SDKs/iPhoneSimulator26.2.sdk/Library/Frameworks"
2026-04-22T16:43:53.5552040Z ignoring duplicate directory "/Users/runner/work/tcm-storage-ios/tcm-storage-ios/build/Build/Products/Debug-iphonesimulator/PackageFrameworks"
2026-04-22T16:43:53.5554890Z ignoring duplicate directory "/Users/runner/work/tcm-storage-ios/tcm-storage-ios/build/Build/Products/Debug-iphonesimulator/PackageFrameworks"
2026-04-22T16:43:53.5561710Z ignoring duplicate directory "/Users/runner/work/tcm-storage-ios/tcm-storage-ios/build/Build/Products/Debug-iphonesimulator/PackageFrameworks"
2026-04-22T16:43:53.5638960Z ▸ Processing File_Provider_Extension_UI.plist
2026-04-22T16:43:53.5640090Z ignoring duplicate directory "/Users/runner/work/tcm-storage-ios/tcm-storage-ios/build/Build/Products/Debug-iphonesimulator/PackageFrameworks"
2026-04-22T16:43:53.5640940Z ignoring duplicate directory "/Users/runner/work/tcm-storage-ios/tcm-storage-ios/build/Build/Products/Debug-iphonesimulator/PackageFrameworks"
2026-04-22T16:43:53.5641440Z ignoring duplicate directory "/Users/runner/work/tcm-storage-ios/tcm-storage-ios/build/Build/Products/Debug-iphonesimulator/PackageFrameworks"
2026-04-22T16:43:53.5641970Z ignoring duplicate directory "/Users/runner/work/tcm-storage-ios/tcm-storage-ios/build/Build/Products/Debug-iphonesimulator/PackageFrameworks"
2026-04-22T16:43:53.5642610Z ignoring duplicate directory "/Users/runner/work/tcm-storage-ios/tcm-storage-ios/build/Build/Products/Debug-iphonesimulator/PackageFrameworks"
2026-04-22T16:43:53.5707050Z ignoring duplicate directory "/Users/runner/work/tcm-storage-ios/tcm-storage-ios/build/Build/Products/Debug-iphonesimulator/PackageFrameworks"
2026-04-22T16:43:53.5719390Z ignoring duplicate directory "/Users/runner/work/tcm-storage-ios/tcm-storage-ios/build/Build/Products/Debug-iphonesimulator/PackageFrameworks"
2026-04-22T16:43:53.5719870Z ignoring duplicate directory "/Users/runner/work/tcm-storage-ios/tcm-storage-ios/build/Build/Products/Debug-iphonesimulator/PackageFrameworks"
2026-04-22T16:43:53.5720310Z ignoring duplicate directory "/Users/runner/work/tcm-storage-ios/tcm-storage-ios/build/Build/Products/Debug-iphonesimulator/PackageFrameworks"
2026-04-22T16:43:53.5720750Z ignoring duplicate directory "/Users/runner/work/tcm-storage-ios/tcm-storage-ios/build/Build/Products/Debug-iphonesimulator/PackageFrameworks"
2026-04-22T16:43:53.5721190Z ignoring duplicate directory "/Users/runner/work/tcm-storage-ios/tcm-storage-ios/build/Build/Products/Debug-iphonesimulator/PackageFrameworks"
2026-04-22T16:43:53.5729110Z ignoring duplicate directory "/Users/runner/work/tcm-storage-ios/tcm-storage-ios/build/Build/Products/Debug-iphonesimulator/PackageFrameworks"
2026-04-22T16:43:53.5729620Z ignoring duplicate directory "/Users/runner/work/tcm-storage-ios/tcm-storage-ios/build/Build/Products/Debug-iphonesimulator/PackageFrameworks"
2026-04-22T16:43:53.5730100Z ignoring duplicate directory "/Users/runner/work/tcm-storage-ios/tcm-storage-ios/build/Build/Products/Debug-iphonesimulator/PackageFrameworks"
2026-04-22T16:43:53.5730530Z ignoring duplicate directory "/Users/runner/work/tcm-storage-ios/tcm-storage-ios/build/Build/Products/Debug-iphonesimulator/PackageFrameworks"
2026-04-22T16:43:53.5730960Z ignoring duplicate directory "/Users/runner/work/tcm-storage-ios/tcm-storage-ios/build/Build/Products/Debug-iphonesimulator/PackageFrameworks"
2026-04-22T16:43:53.5736930Z ignoring duplicate directory "/Users/runner/work/tcm-storage-ios/tcm-storage-ios/build/Build/Products/Debug-iphonesimulator/PackageFrameworks"
2026-04-22T16:43:53.5745570Z ignoring duplicate directory "/Users/runner/work/tcm-storage-ios/tcm-storage-ios/build/Build/Products/Debug-iphonesimulator/PackageFrameworks"
2026-04-22T16:43:53.5746040Z ignoring duplicate directory "/Users/runner/work/tcm-storage-ios/tcm-storage-ios/build/Build/Products/Debug-iphonesimulator/PackageFrameworks"
2026-04-22T16:43:53.5746480Z ignoring duplicate directory "/Users/runner/work/tcm-storage-ios/tcm-storage-ios/build/Build/Products/Debug-iphonesimulator/PackageFrameworks"
2026-04-22T16:43:53.5749610Z ignoring duplicate directory "/Users/runner/work/tcm-storage-ios/tcm-storage-ios/build/Build/Products/Debug-iphonesimulator/PackageFrameworks"
2026-04-22T16:43:53.5764740Z ignoring duplicate directory "/Users/runner/work/tcm-storage-ios/tcm-storage-ios/build/Build/Products/Debug-iphonesimulator/PackageFrameworks"
2026-04-22T16:43:53.5769410Z ignoring duplicate directory "/Users/runner/work/tcm-storage-ios/tcm-storage-ios/build/Build/Products/Debug-iphonesimulator/PackageFrameworks"
2026-04-22T16:43:53.5770380Z ignoring duplicate directory "/Users/runner/work/tcm-storage-ios/tcm-storage-ios/build/Build/Products/Debug-iphonesimulator/PackageFrameworks"
2026-04-22T16:43:53.5770730Z ignoring duplicate directory "/Users/runner/work/tcm-storage-ios/tcm-storage-ios/build/Build/Products/Debug-iphonesimulator/PackageFrameworks"
2026-04-22T16:43:53.5771090Z ignoring duplicate directory "/Users/runner/work/tcm-storage-ios/tcm-storage-ios/build/Build/Products/Debug-iphonesimulator/PackageFrameworks"
2026-04-22T16:43:53.5771490Z ignoring duplicate directory "/Users/runner/work/tcm-storage-ios/tcm-storage-ios/build/Build/Products/Debug-iphonesimulator/PackageFrameworks"
2026-04-22T16:43:53.5772450Z ignoring duplicate directory "/Users/runner/work/tcm-storage-ios/tcm-storage-ios/build/Build/Products/Debug-iphonesimulator/PackageFrameworks"
2026-04-22T16:43:53.5775380Z ignoring duplicate directory "/Users/runner/work/tcm-storage-ios/tcm-storage-ios/build/Build/Products/Debug-iphonesimulator/PackageFrameworks"
2026-04-22T16:43:53.5780420Z ignoring duplicate directory "/Users/runner/work/tcm-storage-ios/tcm-storage-ios/build/Build/Products/Debug-iphonesimulator/PackageFrameworks"
2026-04-22T16:43:53.5780800Z ignoring duplicate directory "/Users/runner/work/tcm-storage-ios/tcm-storage-ios/build/Build/Products/Debug-iphonesimulator/PackageFrameworks"
2026-04-22T16:43:53.5780870Z #include "..." search starts here:
2026-04-22T16:43:53.5781470Z  /Users/runner/work/tcm-storage-ios/tcm-storage-ios/build/Build/Intermediates.noindex/Nextcloud.build/Debug-iphonesimulator/Notification Service Extension.build/Notification Service Extension-generated-files.hmap (headermap)
2026-04-22T16:43:53.5782060Z  /Users/runner/work/tcm-storage-ios/tcm-storage-ios/build/Build/Intermediates.noindex/Nextcloud.build/Debug-iphonesimulator/Notification Service Extension.build/Notification Service Extension-project-headers.hmap (headermap)
2026-04-22T16:43:53.5782130Z #include <...> search starts here:
2026-04-22T16:43:53.5792360Z  /Users/runner/work/tcm-storage-ios/tcm-storage-ios/build/Build/Intermediates.noindex/Nextcloud.build/Debug-iphonesimulator/Notification Service Extension.build/Notification Service Extension-own-target-headers.hmap (headermap)
2026-04-22T16:43:53.5866080Z  /Users/runner/work/tcm-storage-ios/tcm-storage-ios/build/Build/Intermediates.noindex/Nextcloud.build/Debug-iphonesimulator/Notification Service Extension.build/Notification Service Extension-all-non-framework-target-headers.hmap (headermap)
2026-04-22T16:43:53.5866470Z  /Users/runner/work/tcm-storage-ios/tcm-storage-ios/build/SourcePackages/checkouts/swift-atomics/Sources/_AtomicsShims/include
2026-04-22T16:43:53.5866750Z  /Users/runner/work/tcm-storage-ios/tcm-storage-ios/build/SourcePackages/checkouts/swift-nio/Sources/CNIOPosix/include
2026-04-22T16:43:53.5867020Z  /Users/runner/work/tcm-storage-ios/tcm-storage-ios/build/SourcePackages/checkouts/swift-nio/Sources/CNIOWASI/include
2026-04-22T16:43:53.5867320Z  /Users/runner/work/tcm-storage-ios/tcm-storage-ios/build/SourcePackages/checkouts/swift-nio/Sources/CNIOWindows/include
2026-04-22T16:43:53.5879830Z  /Users/runner/work/tcm-storage-ios/tcm-storage-ios/build/SourcePackages/checkouts/swift-nio/Sources/CNIOLinux/include
2026-04-22T16:43:53.5880150Z  /Users/runner/work/tcm-storage-ios/tcm-storage-ios/build/SourcePackages/checkouts/swift-nio/Sources/CNIODarwin/include
2026-04-22T16:43:53.5880430Z  /Users/runner/work/tcm-storage-ios/tcm-storage-ios/build/SourcePackages/checkouts/swift-nio/Sources/CNIOOpenBSD/include
2026-04-22T16:43:53.5880700Z  /Users/runner/work/tcm-storage-ios/tcm-storage-ios/build/SourcePackages/checkouts/swift-nio/Sources/CNIOAtomics/include
2026-04-22T16:43:53.5881000Z  /Users/runner/work/tcm-storage-ios/tcm-storage-ios/build/SourcePackages/checkouts/swift-nio-ssl/Sources/CNIOBoringSSLShims/include
2026-04-22T16:43:53.5881290Z  /Users/runner/work/tcm-storage-ios/tcm-storage-ios/build/SourcePackages/checkouts/swift-nio-ssl/Sources/CNIOBoringSSL/include
2026-04-22T16:43:53.5881660Z  /Users/runner/work/tcm-storage-ios/tcm-storage-ios/build/SourcePackages/checkouts/realm-core/src
2026-04-22T16:43:53.5901440Z  /Users/runner/work/tcm-storage-ios/tcm-storage-ios/build/SourcePackages/checkouts/realm-core/src/external/s2
2026-04-22T16:43:53.5903440Z  /Users/runner/work/tcm-storage-ios/tcm-storage-ios/build/SourcePackages/checkouts/realm-core/src/external/IntelRDFPMathLib20U2/LIBRARY/src
2026-04-22T16:43:53.5903680Z  /Users/runner/work/tcm-storage-ios/tcm-storage-ios/build/SourcePackages/checkouts/realm-core/src/spm
2026-04-22T16:43:53.5903910Z  /Users/runner/work/tcm-storage-ios/tcm-storage-ios/build/SourcePackages/checkouts/realm-swift/include
2026-04-22T16:43:53.5904350Z  /Users/runner/work/tcm-storage-ios/tcm-storage-ios/build/Build/Intermediates.noindex/Nextcloud.build/Debug-iphonesimulator/Notification Service Extension.build/DerivedSources
2026-04-22T16:43:53.5904670Z  /Users/runner/work/tcm-storage-ios/tcm-storage-ios/build/Build/Products/Debug-iphonesimulator/PackageFrameworks (framework directory)
2026-04-22T16:43:53.5904950Z  /Users/runner/work/tcm-storage-ios/tcm-storage-ios/build/Build/Products/Debug-iphonesimulator (framework directory)
2026-04-22T16:43:53.5905790Z  /Applications/Xcode_26.2.app/Contents/Developer/Platforms/iPhoneSimulator.platform/Developer/Library/Frameworks (framework directory)
2026-04-22T16:43:53.5906260Z  /Applications/Xcode_26.2.app/Contents/Developer/Platforms/iPhoneSimulator.platform/Developer/SDKs/iPhoneSimulator26.2.sdk/Developer/Library/Frameworks (framework directory)
2026-04-22T16:43:53.5906520Z  /Applications/Xcode_26.2.app/Contents/Developer/Toolchains/XcodeDefault.xctoolchain/usr/lib/clang/17/include
2026-04-22T16:43:53.5906870Z  /Applications/Xcode_26.2.app/Contents/Developer/Platforms/iPhoneSimulator.platform/Developer/SDKs/iPhoneSimulator26.2.sdk/usr/include
2026-04-22T16:43:53.5907080Z  /Applications/Xcode_26.2.app/Contents/Developer/Toolchains/XcodeDefault.xctoolchain/usr/include
2026-04-22T16:43:53.5907510Z  /Applications/Xcode_26.2.app/Contents/Developer/Platforms/iPhoneSimulator.platform/Developer/SDKs/iPhoneSimulator26.2.sdk/System/Library/Frameworks (framework directory)
2026-04-22T16:43:53.5907950Z  /Applications/Xcode_26.2.app/Contents/Developer/Platforms/iPhoneSimulator.platform/Developer/SDKs/iPhoneSimulator26.2.sdk/System/Library/SubFrameworks (framework directory)
2026-04-22T16:43:53.5908000Z End of search list.
2026-04-22T16:43:54.8220480Z ▸ Copying Intent.strings
2026-04-22T16:43:55.3432610Z ▸ Copying Intent.strings
2026-04-22T16:43:55.3543280Z ▸ Copying Intent.strings
2026-04-22T16:43:55.3651520Z ▸ Copying Intent.strings
2026-04-22T16:43:55.3758740Z ▸ Copying Intent.strings
2026-04-22T16:43:55.3881940Z ▸ Copying Intent.strings
2026-04-22T16:43:55.3984630Z ▸ Copying Intent.strings
2026-04-22T16:43:55.4088590Z ▸ Copying Intent.strings
2026-04-22T16:43:55.4206080Z ▸ Copying Intent.strings
2026-04-22T16:43:55.4309160Z ▸ Copying Intent.strings
2026-04-22T16:43:55.4418440Z ▸ Copying Intent.strings
2026-04-22T16:43:55.4536170Z ▸ Copying Intent.strings
2026-04-22T16:43:55.4641550Z ▸ Copying Intent.strings
2026-04-22T16:43:55.4769470Z ▸ Copying Intent.strings
2026-04-22T16:43:55.4872130Z ▸ Copying Intent.strings
2026-04-22T16:43:55.4992880Z ▸ Copying Intent.strings
2026-04-22T16:43:55.5095290Z ▸ Compiling UIImage+animatedGIF.m
2026-04-22T16:43:55.5210240Z ▸ Compiling TOSettingsKeypadImage.m
2026-04-22T16:43:55.5331550Z ▸ Compiling TOPasscodeViewControllerAnimatedTransitioning.m
2026-04-22T16:43:55.5446720Z ▸ Compiling TOPasscodeViewController.m
2026-04-22T16:43:55.5552980Z ▸ Compiling TOPasscodeViewContentLayout.m
2026-04-22T16:43:55.5669760Z ▸ Compiling TOPasscodeView.m
2026-04-22T16:43:55.5804280Z ▸ Compiling TOPasscodeVariableInputView.m
2026-04-22T16:43:55.5924010Z ▸ Compiling TOPasscodeSettingsWarningLabel.m
2026-04-22T16:43:55.6029440Z ▸ Compiling TOPasscodeSettingsViewController.m
2026-04-22T16:43:55.6154080Z ▸ Compiling TOPasscodeSettingsKeypadView.m
2026-04-22T16:43:55.6267960Z ▸ Compiling TOPasscodeSettingsKeypadButton.m
2026-04-22T16:43:55.6370750Z ▸ Compiling TOPasscodeKeypadView.m
2026-04-22T16:43:55.6498020Z ▸ Compiling TOPasscodeInputField.m
2026-04-22T16:43:55.6726190Z ▸ Compiling TOPasscodeFixedInputView.m
2026-04-22T16:43:55.6830610Z ▸ Compiling TOPasscodeCircleView.m
2026-04-22T16:43:55.7055600Z ▸ Compiling TOPasscodeCircleImage.m
2026-04-22T16:43:55.7055920Z ▸ Compiling TOPasscodeCircleButton.m
2026-04-22T16:43:55.7162150Z ▸ Compiling TOPasscodeButtonLabel.m
2026-04-22T16:43:55.7265630Z ▸ Compiling NCEndToEndEncryption.m
2026-04-22T16:43:55.8778420Z ▸ Copying Intent.strings
2026-04-22T16:43:55.8883130Z ▸ Copying Intent.strings
2026-04-22T16:43:55.8985820Z ▸ Copying Intent.strings
2026-04-22T16:43:55.9078460Z ▸ Copying Intent.strings
2026-04-22T16:43:55.9180030Z ▸ Copying Intent.strings
2026-04-22T16:43:55.9281410Z ▸ Copying Intent.strings
2026-04-22T16:43:55.9385110Z ▸ Copying Intent.strings
2026-04-22T16:43:55.9707480Z ▸ Copying Intent.strings
2026-04-22T16:43:55.9810730Z ▸ Copying Intent.strings
2026-04-22T16:43:55.9912450Z ▸ Copying Intent.strings
2026-04-22T16:43:56.0014720Z ▸ Copying Intent.strings
2026-04-22T16:43:56.0116230Z ▸ Copying Intent.strings
2026-04-22T16:43:56.0217840Z ▸ Copying Intent.strings
2026-04-22T16:43:56.0237030Z ▸ Copying Intent.strings
2026-04-22T16:43:56.0238130Z ▸ Copying Intent.strings
2026-04-22T16:43:56.0272160Z ▸ Copying Intent.strings
2026-04-22T16:43:56.0273620Z ▸ Copying Intent.strings
2026-04-22T16:43:56.0273870Z ▸ Copying Intent.strings
2026-04-22T16:43:56.0274040Z ▸ Copying Intent.strings
2026-04-22T16:43:56.0274210Z ▸ Copying Intent.strings
2026-04-22T16:43:56.0274370Z ▸ Copying Intent.strings
2026-04-22T16:43:56.0274540Z ▸ Copying Intent.strings
2026-04-22T16:43:56.0274700Z ▸ Copying Intent.strings
2026-04-22T16:43:56.0274860Z ▸ Copying Intent.strings
2026-04-22T16:43:56.0276830Z ▸ Copying Intent.strings
2026-04-22T16:43:56.0277490Z ▸ Copying Intent.strings
2026-04-22T16:43:56.0277960Z ▸ Copying Intent.strings
2026-04-22T16:43:56.0279120Z ▸ Copying Intent.strings
2026-04-22T16:43:56.0279300Z ▸ Copying Intent.strings
2026-04-22T16:43:56.0279470Z ▸ Copying Intent.strings
2026-04-22T16:43:56.0279630Z ▸ Copying Intent.strings
2026-04-22T16:43:56.0279810Z ▸ Copying Intent.strings
2026-04-22T16:43:56.0279980Z ▸ Copying Intent.strings
2026-04-22T16:44:16.2444520Z ▸ Compiling NCPushNotificationEncryption.m
2026-04-22T16:44:16.2535220Z ▸ Linking NIO.o
2026-04-22T16:44:16.2636360Z ▸ Touching File\ Provider\ Extension.appex (in target 'File Provider Extension' from project 'Nextcloud')
2026-04-22T16:44:16.2745090Z ▸ Touching File\ Provider\ Extension\ UI.appex (in target 'File Provider Extension UI' from project 'Nextcloud')
2026-04-22T16:44:16.2838280Z ▸ Linking NIOTLS.o
2026-04-22T16:44:16.2939320Z ▸ Linking NIOSSL.o
2026-04-22T16:44:16.3040980Z ▸ Copying /Users/runner/work/tcm-storage-ios/tcm-storage-ios/build/Build/Products/Debug-iphonesimulator/WidgetDashboardIntentHandler.appex/PrivacyInfo.xcprivacy
2026-04-22T16:44:16.3151380Z ▸ Linking __preview.dylib
2026-04-22T16:44:16.3252890Z ▸ Linking WidgetDashboardIntentHandler.debug.dylib
2026-04-22T16:44:16.3352910Z ▸ Linking __preview.dylib
2026-04-22T16:44:16.3454720Z ▸ Linking Widget.debug.dylib
2026-04-22T16:44:16.3554460Z ▸ Linking __preview.dylib
2026-04-22T16:44:16.3655060Z ▸ Linking Share.debug.dylib
2026-04-22T16:44:16.3756230Z ▸ Linking WidgetDashboardIntentHandler
2026-04-22T16:44:16.3857350Z ▸ Linking __preview.dylib
2026-04-22T16:44:16.3958160Z ▸ Linking Widget
2026-04-22T16:44:16.4059400Z ▸ Linking Notification\
2026-04-22T16:44:16.4160630Z ▸ Linking Share
2026-04-22T16:44:16.4262260Z ▸ Linking Notification\
2026-04-22T16:44:16.4362930Z ▸ Processing WidgetDashboardIntentHandler.plist
2026-04-22T16:44:16.4463580Z ▸ Copying /Users/runner/work/tcm-storage-ios/tcm-storage-ios/build/Build/Products/Debug-iphonesimulator/Widget.appex/PrivacyInfo.xcprivacy
2026-04-22T16:44:16.4564730Z ▸ Copying Localizable.strings
2026-04-22T16:44:16.4664730Z ▸ Copying Localizable.strings
2026-04-22T16:44:16.4673890Z ▸ Copying Localizable.strings
2026-04-22T16:44:16.4866810Z ▸ Copying Localizable.strings
2026-04-22T16:44:16.4898400Z ▸ Copying Localizable.strings
2026-04-22T16:44:16.5008030Z ▸ Copying Localizable.strings
2026-04-22T16:44:16.5135010Z ▸ Copying Localizable.strings
2026-04-22T16:44:16.5249410Z ▸ Copying Localizable.strings
2026-04-22T16:44:16.5350580Z ▸ Copying Localizable.strings
2026-04-22T16:44:16.5451890Z ▸ Copying Localizable.strings
2026-04-22T16:44:16.5560310Z ▸ Copying Localizable.strings
2026-04-22T16:44:16.5682490Z ▸ Copying Localizable.strings
2026-04-22T16:44:16.5783820Z ▸ Copying Localizable.strings
2026-04-22T16:44:16.5914970Z ▸ Copying Localizable.strings
2026-04-22T16:44:16.6016500Z ▸ Copying Localizable.strings
2026-04-22T16:44:16.6117930Z ▸ Copying Localizable.strings
2026-04-22T16:44:16.6219330Z ▸ Copying Localizable.strings
2026-04-22T16:44:16.6321130Z ▸ Copying Localizable.strings
2026-04-22T16:44:16.6380460Z ▸ Copying Localizable.strings
2026-04-22T16:44:16.6482560Z ▸ Copying Localizable.strings
2026-04-22T16:44:16.6584410Z ▸ Copying Localizable.strings
2026-04-22T16:44:16.6684410Z ▸ Copying Localizable.strings
2026-04-22T16:44:16.6785740Z ▸ Copying Localizable.strings
2026-04-22T16:44:16.6886190Z ▸ Copying Localizable.strings
2026-04-22T16:44:16.6987490Z ▸ Copying Localizable.strings
2026-04-22T16:44:16.7088760Z ▸ Copying Localizable.strings
2026-04-22T16:44:16.7189220Z ▸ Copying Localizable.strings
2026-04-22T16:44:16.7290570Z ▸ Copying Localizable.strings
2026-04-22T16:44:16.7412820Z ▸ Copying Localizable.strings
2026-04-22T16:44:16.7514420Z ▸ Copying Localizable.strings
2026-04-22T16:44:16.7638710Z ▸ Copying Localizable.strings
2026-04-22T16:44:16.7740140Z ▸ Copying Localizable.strings
2026-04-22T16:44:16.7842110Z ▸ Copying Localizable.strings
2026-04-22T16:44:16.7949660Z ▸ Copying Localizable.strings
2026-04-22T16:44:16.8061240Z ▸ Copying Localizable.strings
2026-04-22T16:44:16.8188310Z ▸ Copying Localizable.strings
2026-04-22T16:44:16.8297900Z ▸ Copying Localizable.strings
2026-04-22T16:44:16.8417270Z ▸ Copying Localizable.strings
2026-04-22T16:44:16.8519370Z ▸ Copying Localizable.strings
2026-04-22T16:44:16.8621060Z ▸ Copying Localizable.strings
2026-04-22T16:44:16.8722740Z ▸ Copying Localizable.strings
2026-04-22T16:44:16.8822950Z ▸ Copying Localizable.strings
2026-04-22T16:44:16.8924460Z ▸ Copying Localizable.strings
2026-04-22T16:44:16.9025620Z ▸ Copying Localizable.strings
2026-04-22T16:44:16.9126740Z ▸ Copying Localizable.strings
2026-04-22T16:44:16.9228130Z ▸ Copying Localizable.strings
2026-04-22T16:44:16.9332190Z ▸ Copying Localizable.strings
2026-04-22T16:44:16.9433330Z ▸ Copying Localizable.strings
2026-04-22T16:44:16.9533630Z ▸ Copying Localizable.strings
2026-04-22T16:44:16.9634810Z ▸ Copying Localizable.strings
2026-04-22T16:44:16.9735380Z ▸ Copying Localizable.strings
2026-04-22T16:44:16.9836960Z ▸ Copying Localizable.strings
2026-04-22T16:44:16.9941630Z ▸ Copying Localizable.strings
2026-04-22T16:44:17.0057330Z ▸ Copying Localizable.strings
2026-04-22T16:44:17.0169640Z ▸ Copying Localizable.strings
2026-04-22T16:44:17.0284160Z ▸ Copying Localizable.strings
2026-04-22T16:44:17.0407910Z ▸ Copying Localizable.strings
2026-04-22T16:44:17.0533030Z ▸ Copying Localizable.strings
2026-04-22T16:44:17.0657990Z ▸ Copying Localizable.strings
2026-04-22T16:44:17.0784320Z ▸ Copying Localizable.strings
2026-04-22T16:44:17.0885710Z ▸ Copying Localizable.strings
2026-04-22T16:44:17.0986990Z ▸ Copying Localizable.strings
2026-04-22T16:44:17.1088520Z ▸ Copying Localizable.strings
2026-04-22T16:44:17.1190400Z ▸ Copying Localizable.strings
2026-04-22T16:44:17.1292000Z ▸ Copying Localizable.strings
2026-04-22T16:44:17.1392540Z ▸ Copying Localizable.strings
2026-04-22T16:44:17.1492440Z ▸ Copying Localizable.strings
2026-04-22T16:44:17.1594160Z ▸ Copying Localizable.strings
2026-04-22T16:44:17.1694690Z ▸ Copying Localizable.strings
2026-04-22T16:44:17.1795390Z ▸ Copying Localizable.strings
2026-04-22T16:44:17.1897490Z ▸ Copying Localizable.strings
2026-04-22T16:44:17.1998930Z ▸ Copying Localizable.strings
2026-04-22T16:44:17.2099200Z ▸ Copying Localizable.strings
2026-04-22T16:44:17.2202130Z ▸ Copying Localizable.strings
2026-04-22T16:44:17.2301400Z ▸ Copying Localizable.strings
2026-04-22T16:44:17.2416220Z ▸ Copying Localizable.strings
2026-04-22T16:44:17.2528500Z ▸ Copying Localizable.strings
2026-04-22T16:44:17.2630100Z ▸ Copying Localizable.strings
2026-04-22T16:44:17.2734300Z ▸ Copying Localizable.strings
2026-04-22T16:44:17.2837630Z ▸ Copying Localizable.strings
2026-04-22T16:44:17.2962260Z ▸ Copying Localizable.strings
2026-04-22T16:44:17.3063540Z ▸ Copying Localizable.strings
2026-04-22T16:44:17.3165170Z ▸ Copying Localizable.strings
2026-04-22T16:44:17.3267410Z ▸ Copying Localizable.strings
2026-04-22T16:44:17.3368920Z ▸ Copying Localizable.strings
2026-04-22T16:44:17.3472130Z ▸ Copying Localizable.strings
2026-04-22T16:44:17.3573860Z ▸ Copying Localizable.strings
2026-04-22T16:44:17.3702990Z ▸ Copying Localizable.strings
2026-04-22T16:44:17.3811020Z ▸ Copying Localizable.strings
2026-04-22T16:44:17.3914780Z ▸ Copying Localizable.strings
2026-04-22T16:44:17.4015450Z ▸ Copying Localizable.strings
2026-04-22T16:44:17.4116800Z ▸ Copying Localizable.strings
2026-04-22T16:44:17.4218130Z ▸ Copying Localizable.strings
2026-04-22T16:44:17.4319450Z ▸ Copying Localizable.strings
2026-04-22T16:44:17.4420330Z ▸ Copying Localizable.strings
2026-04-22T16:44:17.4521170Z ▸ Copying Localizable.strings
2026-04-22T16:44:17.4642340Z ▸ Copying Localizable.strings
2026-04-22T16:44:17.4743020Z ▸ Copying Localizable.strings
2026-04-22T16:44:17.4844370Z ▸ Copying /Users/runner/work/tcm-storage-ios/tcm-storage-ios/build/Build/Products/Debug-iphonesimulator/Share.appex/PrivacyInfo.xcprivacy
2026-04-22T16:44:17.4944910Z ▸ Processing Widget.plist
2026-04-22T16:44:17.5045220Z ▸ Copying Localizable.strings
2026-04-22T16:44:17.5146540Z ▸ Copying Localizable.strings
2026-04-22T16:44:17.5247020Z ▸ Copying Localizable.strings
2026-04-22T16:44:17.5347300Z ▸ Copying Localizable.strings
2026-04-22T16:44:17.5448660Z ▸ Copying Localizable.strings
2026-04-22T16:44:17.5487520Z ▸ Copying Localizable.strings
2026-04-22T16:44:17.5589070Z ▸ Copying Localizable.strings
2026-04-22T16:44:17.5690490Z ▸ Copying Localizable.strings
2026-04-22T16:44:17.5793360Z ▸ Copying Localizable.strings
2026-04-22T16:44:17.5895690Z ▸ Copying Localizable.strings
2026-04-22T16:44:17.5997720Z ▸ Copying Localizable.strings
2026-04-22T16:44:17.6102510Z ▸ Copying Localizable.strings
2026-04-22T16:44:17.6213400Z ▸ Copying Localizable.strings
2026-04-22T16:44:17.6321360Z ▸ Copying Localizable.strings
2026-04-22T16:44:17.6429370Z ▸ Copying Localizable.strings
2026-04-22T16:44:17.6533160Z ▸ Copying Localizable.strings
2026-04-22T16:44:17.6638880Z ▸ Copying Localizable.strings
2026-04-22T16:44:17.6757150Z ▸ Copying Localizable.strings
2026-04-22T16:44:17.6867430Z ▸ Copying Localizable.strings
2026-04-22T16:44:17.6968860Z ▸ Copying Localizable.strings
2026-04-22T16:44:17.7073710Z ▸ Copying Localizable.strings
2026-04-22T16:44:17.7175440Z ▸ Copying Localizable.strings
2026-04-22T16:44:17.7287290Z ▸ Copying Localizable.strings
2026-04-22T16:44:17.7389110Z 
2026-04-22T16:44:17.7494190Z ⚠️  /Users/runner/work/tcm-storage-ios/tcm-storage-ios/iOSClient/Networking/NCConfigServer.swift:44:10: sendability of function types in instance method 'urlSession(_:didReceive:completionHandler:)' does not match requirement in protocol 'URLSessionDelegate'; this is an error in the Swift 6 language mode
2026-04-22T16:44:17.7612520Z 
2026-04-22T16:44:17.7714330Z     func urlSession(_ session: URLSession, didReceive challenge: URLAuthenticationChallenge, completionHandler: @escaping @Sendable (URLSession.AuthChallengeDisposition, URLCredential?) -> Void) {
2026-04-22T16:44:17.7816110Z          ^
2026-04-22T16:44:17.7917490Z 
2026-04-22T16:44:17.8018110Z 
2026-04-22T16:44:17.8119330Z ▸ Copying Localizable.strings
2026-04-22T16:44:17.8220970Z ▸ Copying Localizable.strings
2026-04-22T16:44:17.8322910Z ▸ Copying Localizable.strings
2026-04-22T16:44:17.8425910Z ▸ Copying Localizable.strings
2026-04-22T16:44:17.8529790Z ▸ Copying Localizable.strings
2026-04-22T16:44:17.8629870Z ▸ Copying Localizable.strings
2026-04-22T16:44:17.8739480Z ▸ Copying Localizable.strings
2026-04-22T16:44:17.8841210Z ▸ Copying Localizable.strings
2026-04-22T16:44:17.8949490Z ▸ Copying Localizable.strings
2026-04-22T16:44:17.9051910Z ▸ Copying Localizable.strings
2026-04-22T16:44:17.9153550Z ▸ Copying Localizable.strings
2026-04-22T16:44:17.9254100Z ▸ Copying Localizable.strings
2026-04-22T16:44:17.9356600Z ▸ Copying Localizable.strings
2026-04-22T16:44:17.9458650Z ▸ Copying Localizable.strings
2026-04-22T16:44:17.9564760Z ▸ Copying Localizable.strings
2026-04-22T16:44:17.9683230Z ▸ Copying Localizable.strings
2026-04-22T16:44:17.9800090Z ▸ Copying Localizable.strings
2026-04-22T16:44:17.9900720Z ▸ Copying Localizable.strings
2026-04-22T16:44:18.0001970Z ▸ Copying Localizable.strings
2026-04-22T16:44:18.0102460Z ▸ Copying Localizable.strings
2026-04-22T16:44:18.0203020Z ▸ Copying Localizable.strings
2026-04-22T16:44:18.0304460Z ▸ Copying Localizable.strings
2026-04-22T16:44:18.0406870Z ▸ Copying Localizable.strings
2026-04-22T16:44:18.0506040Z ▸ Copying Localizable.strings
2026-04-22T16:44:18.0607690Z ▸ Copying Localizable.strings
2026-04-22T16:44:18.0708120Z ▸ Copying Localizable.strings
2026-04-22T16:44:18.0810090Z ▸ Copying Localizable.strings
2026-04-22T16:44:18.0910030Z ▸ Copying Localizable.strings
2026-04-22T16:44:18.1011260Z ▸ Copying Localizable.strings
2026-04-22T16:44:18.1112470Z ▸ Copying Localizable.strings
2026-04-22T16:44:18.1241290Z ▸ Copying Localizable.strings
2026-04-22T16:44:18.1341720Z ▸ Copying Localizable.strings
2026-04-22T16:44:18.1442010Z ▸ Copying Localizable.strings
2026-04-22T16:44:18.1543980Z ▸ Copying Localizable.strings
2026-04-22T16:44:18.1645520Z ▸ Copying Localizable.strings
2026-04-22T16:44:18.1747570Z ▸ Copying Localizable.strings
2026-04-22T16:44:18.1849030Z ▸ Copying Localizable.strings
2026-04-22T16:44:18.1950570Z ▸ Copying Localizable.strings
2026-04-22T16:44:18.2052040Z ▸ Copying Localizable.strings
2026-04-22T16:44:18.2157870Z ▸ Copying Localizable.strings
2026-04-22T16:44:18.2259300Z ▸ Copying Localizable.strings
2026-04-22T16:44:18.2363160Z ▸ Copying Localizable.strings
2026-04-22T16:44:18.2465520Z ▸ Copying Localizable.strings
2026-04-22T16:44:18.2566850Z ▸ Copying Localizable.strings
2026-04-22T16:44:18.2668410Z ▸ Copying Localizable.strings
2026-04-22T16:44:18.2769560Z ▸ Copying Localizable.strings
2026-04-22T16:44:18.2880780Z ▸ Copying Localizable.strings
2026-04-22T16:44:18.2983810Z ▸ Copying Localizable.strings
2026-04-22T16:44:18.3084970Z ▸ Copying Localizable.strings
2026-04-22T16:44:18.3188310Z ▸ Copying Localizable.strings
2026-04-22T16:44:18.3289370Z ▸ Copying Localizable.strings
2026-04-22T16:44:18.3390590Z ▸ Copying Localizable.strings
2026-04-22T16:44:18.3491820Z ▸ Copying Localizable.strings
2026-04-22T16:44:18.3592920Z ▸ Copying Localizable.strings
2026-04-22T16:44:18.3714320Z ▸ Copying Localizable.strings
2026-04-22T16:44:18.3852820Z ▸ Copying Localizable.strings
2026-04-22T16:44:18.3965390Z ▸ Copying Localizable.strings
2026-04-22T16:44:18.4066610Z ▸ Copying Localizable.strings
2026-04-22T16:44:18.4168020Z ▸ Copying Localizable.strings
2026-04-22T16:44:18.4269220Z ▸ Copying Localizable.strings
2026-04-22T16:44:18.4371070Z ▸ Copying Localizable.strings
2026-04-22T16:44:18.4489930Z ▸ Copying Localizable.strings
2026-04-22T16:44:18.4592400Z ▸ Copying Localizable.strings
2026-04-22T16:44:18.4693540Z ▸ Copying Localizable.strings
2026-04-22T16:44:18.4799050Z ▸ Copying Localizable.strings
2026-04-22T16:44:18.4913020Z ▸ Copying Localizable.strings
2026-04-22T16:44:18.5040210Z ▸ Copying Localizable.strings
2026-04-22T16:44:18.5162330Z ▸ Copying Localizable.strings
2026-04-22T16:44:18.5273740Z ▸ Copying Localizable.strings
2026-04-22T16:44:18.5409120Z ▸ Copying Localizable.strings
2026-04-22T16:44:18.5509650Z ▸ Copying Localizable.strings
2026-04-22T16:44:18.5625650Z ▸ Copying Localizable.strings
2026-04-22T16:44:18.5726960Z ▸ Copying Localizable.strings
2026-04-22T16:44:18.5835200Z ▸ Copying Localizable.strings
2026-04-22T16:44:18.5963920Z ▸ Copying Localizable.strings
2026-04-22T16:44:18.6067120Z ▸ Compiling NCCreateFormUploadConflictCell.xib
2026-04-22T16:44:18.6169710Z ▸ Compiling NCSectionFooter.xib
2026-04-22T16:44:18.6270620Z ▸ Compiling NCSectionFirstHeaderEmptyData.xib
2026-04-22T16:44:18.6372170Z ▸ Compiling NCSectionFirstHeader.xib
2026-04-22T16:44:18.6473880Z ▸ Compiling NCRecommendationsCell.xib
2026-04-22T16:44:18.6574550Z ▸ Compiling NCListCell.xib
2026-04-22T16:44:18.6688210Z ▸ Compiling NCCreateFormUploadConflict.storyboard
2026-04-22T16:44:18.6796600Z ▸ Compiling NCViewCertificateDetails.storyboard
2026-04-22T16:44:18.6896880Z ▸ Compiling NCAccountRequest.storyboard
2026-04-22T16:44:18.6998170Z ▸ Compiling MainInterface.storyboard
2026-04-22T16:44:18.7110890Z ▸ Copying /Users/runner/work/tcm-storage-ios/tcm-storage-ios/build/Build/Products/Debug-iphonesimulator/Notification\ Service\ Extension.appex/PrivacyInfo.xcprivacy
2026-04-22T16:44:18.7211690Z ▸ Processing Share.plist
2026-04-22T16:44:18.7319510Z ▸ Compiling NCViewCertificateDetails.storyboard
2026-04-22T16:44:23.5688180Z ▸ Processing Notification_Service_Extension.plist
2026-04-22T16:44:32.3201810Z 
2026-04-22T16:44:32.3306240Z ⚠️  /Users/runner/work/tcm-storage-ios/tcm-storage-ios/iOSClient/Utility/NCLivePhoto.swift:69:70: 'duration' was deprecated in iOS 16.0: Use load(.duration) instead
2026-04-22T16:44:32.3404390Z 
2026-04-22T16:44:32.3505250Z             percent = Float(stillImageTime.value) / Float(videoAsset.duration.value)
2026-04-22T16:44:32.3605730Z               ^
2026-04-22T16:44:32.3706530Z 
2026-04-22T16:44:32.3806900Z 
2026-04-22T16:44:32.3907460Z 
2026-04-22T16:44:32.4009190Z ⚠️  /Users/runner/work/tcm-storage-ios/tcm-storage-ios/iOSClient/Utility/NCLivePhoto.swift:194:43: 'tracks(withMediaType:)' was deprecated in iOS 16.0: Use loadTracks(withMediaType:) instead
2026-04-22T16:44:32.4110140Z 
2026-04-22T16:44:32.4211010Z         guard let videoTrack = videoAsset.tracks(withMediaType: .video).first else {
2026-04-22T16:44:32.4311260Z                                                                      ^
2026-04-22T16:44:32.4412070Z 
2026-04-22T16:44:32.4512680Z 
2026-04-22T16:44:32.4613240Z 
2026-04-22T16:44:32.4721470Z ⚠️  /Users/runner/work/tcm-storage-ios/tcm-storage-ios/iOSClient/Utility/NCLivePhoto.swift:206:159: 'naturalSize' was deprecated in iOS 16.0: Use load(.naturalSize) instead
2026-04-22T16:44:32.4822640Z 
2026-04-22T16:44:32.4924130Z             let videoWriterInput = AVAssetWriterInput(mediaType: .video, outputSettings: [AVVideoCodecKey: AVVideoCodecType.h264, AVVideoWidthKey: videoTrack.naturalSize.width, AVVideoHeightKey: videoTrack.naturalSize.height])
2026-04-22T16:44:32.5032690Z                                           ^
2026-04-22T16:44:32.5134410Z 
2026-04-22T16:44:32.5235060Z 
2026-04-22T16:44:32.5335900Z 
2026-04-22T16:44:32.5437180Z ⚠️  /Users/runner/work/tcm-storage-ios/tcm-storage-ios/iOSClient/Utility/NCLivePhoto.swift:206:207: 'naturalSize' was deprecated in iOS 16.0: Use load(.naturalSize) instead
2026-04-22T16:44:32.5536920Z 
2026-04-22T16:44:32.5638290Z             let videoWriterInput = AVAssetWriterInput(mediaType: .video, outputSettings: [AVVideoCodecKey: AVVideoCodecType.h264, AVVideoWidthKey: videoTrack.naturalSize.width, AVVideoHeightKey: videoTrack.naturalSize.height])
2026-04-22T16:44:32.5740110Z                                                                                                                                                               ^
2026-04-22T16:44:32.5840850Z 
2026-04-22T16:44:32.5941420Z 
2026-04-22T16:44:32.6042130Z 
2026-04-22T16:44:32.6148760Z ⚠️  /Users/runner/work/tcm-storage-ios/tcm-storage-ios/iOSClient/Utility/NCLivePhoto.swift:207:53: 'preferredTransform' was deprecated in iOS 16.0: Use load(.preferredTransform) instead
2026-04-22T16:44:32.6250230Z 
2026-04-22T16:44:32.6350930Z             videoWriterInput.transform = videoTrack.preferredTransform
2026-04-22T16:44:32.6451960Z                                                                                                                                                                                                               ^
2026-04-22T16:44:32.6552950Z 
2026-04-22T16:44:32.6653490Z 
2026-04-22T16:44:32.6753760Z 
2026-04-22T16:44:32.6869820Z ⚠️  /Users/runner/work/tcm-storage-ios/tcm-storage-ios/iOSClient/Utility/NCLivePhoto.swift:211:44: 'tracks(withMediaType:)' was deprecated in iOS 16.0: Use loadTracks(withMediaType:) instead
2026-04-22T16:44:32.6959720Z 
2026-04-22T16:44:32.7069220Z             if let audioTrack = videoAsset.tracks(withMediaType: .audio).first {
2026-04-22T16:44:32.7170950Z                                                     ^
2026-04-22T16:44:32.7270760Z 
2026-04-22T16:44:32.7390000Z 
2026-04-22T16:44:32.7493450Z 
2026-04-22T16:44:32.7595420Z ⚠️  /Users/runner/work/tcm-storage-ios/tcm-storage-ios/iOSClient/Utility/NCLivePhoto.swift:343:38: 'tracks(withMediaType:)' was deprecated in iOS 16.0: Use loadTracks(withMediaType:) instead
2026-04-22T16:44:32.7697090Z 
2026-04-22T16:44:32.7799130Z             if let videoTrack = self.tracks(withMediaType: .video).first {
2026-04-22T16:44:32.7906190Z                                            ^
2026-04-22T16:44:32.8009950Z 
2026-04-22T16:44:32.8137530Z 
2026-04-22T16:44:32.8238210Z 
2026-04-22T16:44:32.8339650Z ⚠️  /Users/runner/work/tcm-storage-ios/tcm-storage-ios/iOSClient/Utility/NCLivePhoto.swift:345:56: 'duration' was deprecated in iOS 16.0: Use load(.duration) instead
2026-04-22T16:44:32.8441070Z 
2026-04-22T16:44:32.8542100Z                 frameCount = Int(CMTimeGetSeconds(self.duration) * Float64(videoTrack.nominalFrameRate))
2026-04-22T16:44:32.8642570Z                                      ^
2026-04-22T16:44:32.8651820Z 
2026-04-22T16:44:32.8752460Z 
2026-04-22T16:44:32.8853300Z 
2026-04-22T16:44:32.8956270Z ⚠️  /Users/runner/work/tcm-storage-ios/tcm-storage-ios/iOSClient/Utility/NCLivePhoto.swift:345:87: 'nominalFrameRate' was deprecated in iOS 16.0: Use load(.nominalFrameRate) instead
2026-04-22T16:44:32.9059810Z 
2026-04-22T16:44:32.9161610Z                 frameCount = Int(CMTimeGetSeconds(self.duration) * Float64(videoTrack.nominalFrameRate))
2026-04-22T16:44:32.9261970Z                                                        ^
2026-04-22T16:44:32.9363160Z 
2026-04-22T16:44:32.9466350Z 
2026-04-22T16:44:32.9578370Z 
2026-04-22T16:44:32.9694290Z ⚠️  /Users/runner/work/tcm-storage-ios/tcm-storage-ios/iOSClient/Utility/NCLivePhoto.swift:380:41: 'tracks(withMediaType:)' was deprecated in iOS 16.0: Use loadTracks(withMediaType:) instead
2026-04-22T16:44:32.9799800Z 
2026-04-22T16:44:32.9927220Z             if let metadataTrack = self.tracks(withMediaType: .metadata).first {
2026-04-22T16:44:33.0030530Z                                                                                       ^
2026-04-22T16:44:33.0141130Z 
2026-04-22T16:44:33.0242400Z 
2026-04-22T16:44:33.0348580Z 
2026-04-22T16:44:33.0459210Z ⚠️  /Users/runner/work/tcm-storage-ios/tcm-storage-ios/iOSClient/Utility/NCLivePhoto.swift:421:25: 'duration' was deprecated in iOS 16.0: Use load(.duration) instead
2026-04-22T16:44:33.0573780Z 
2026-04-22T16:44:33.0677510Z         var time = self.duration
2026-04-22T16:44:33.0784810Z                                         ^
2026-04-22T16:44:33.0892330Z 
2026-04-22T16:44:33.0993000Z 
2026-04-22T16:44:33.1093640Z 
2026-04-22T16:44:33.1195060Z ⚠️  /Users/runner/work/tcm-storage-ios/tcm-storage-ios/iOSClient/Utility/NCLivePhoto.swift:446:25: 'duration' was deprecated in iOS 16.0: Use load(.duration) instead
2026-04-22T16:44:33.1295240Z 
2026-04-22T16:44:33.1407080Z         var time = self.duration
2026-04-22T16:44:33.1522660Z                         ^
2026-04-22T16:44:33.1628000Z 
2026-04-22T16:44:33.1732520Z 
2026-04-22T16:44:54.9709470Z 
2026-04-22T16:44:54.9815270Z ⚠️  /Users/runner/work/tcm-storage-ios/tcm-storage-ios/iOSClient/Scan document/NCScan.swift:129:15: 'traitCollectionDidChange' was deprecated in iOS 17.0: Use the trait change registration APIs declared in the UITraitChangeObservable protocol
2026-04-22T16:44:54.9917980Z 
2026-04-22T16:44:55.0022500Z         super.traitCollectionDidChange(previousTraitCollection)
2026-04-22T16:44:55.0123870Z                         ^
2026-04-22T16:44:55.0224740Z 
2026-04-22T16:44:55.0325720Z 
2026-04-22T16:44:55.0429120Z 
2026-04-22T16:44:55.0538310Z ⚠️  /Users/runner/work/tcm-storage-ios/tcm-storage-ios/iOSClient/Scan document/NCScan.swift:291:17: 'UIMenuController' was deprecated in iOS 16.0: UIMenuController is deprecated. Use UIEditMenuInteraction instead.
2026-04-22T16:44:55.0639890Z 
2026-04-22T16:44:55.0741570Z                 UIMenuController.shared.menuItems = [UIMenuItem(title: "Paste", action: #selector(pasteImage(_:)))]
2026-04-22T16:44:55.0842920Z               ^
2026-04-22T16:44:55.0943830Z 
2026-04-22T16:44:55.1044750Z 
2026-04-22T16:44:55.1145450Z 
2026-04-22T16:44:55.1247150Z ⚠️  /Users/runner/work/tcm-storage-ios/tcm-storage-ios/iOSClient/Scan document/NCScan.swift:291:54: 'UIMenuItem' was deprecated in iOS 16.0: UIMenuItem is deprecated. Use UIEditMenuInteraction instead.
2026-04-22T16:44:55.1348370Z 
2026-04-22T16:44:55.1483870Z                 UIMenuController.shared.menuItems = [UIMenuItem(title: "Paste", action: #selector(pasteImage(_:)))]
2026-04-22T16:44:55.1584480Z                 ^
2026-04-22T16:44:55.1685050Z 
2026-04-22T16:44:55.1786290Z 
2026-04-22T16:44:55.1802600Z 
2026-04-22T16:44:55.1904160Z ⚠️  /Users/runner/work/tcm-storage-ios/tcm-storage-ios/iOSClient/Scan document/NCScan.swift:292:17: 'UIMenuController' was deprecated in iOS 16.0: UIMenuController is deprecated. Use UIEditMenuInteraction instead.
2026-04-22T16:44:55.2005280Z 
2026-04-22T16:44:55.2106320Z                 UIMenuController.shared.showMenu(from: recognizerSuperView, rect: recognizerView.frame)
2026-04-22T16:44:55.2214220Z                                                      ^
2026-04-22T16:44:55.2315210Z 
2026-04-22T16:44:55.2415900Z 
2026-04-22T16:44:56.6823560Z 
2026-04-22T16:44:56.6938360Z ⚠️  /Users/runner/work/tcm-storage-ios/tcm-storage-ios/iOSClient/Main/Collection Common/NCCollectionViewCommon.swift:598:29: 'UIMenuItem' was deprecated in iOS 16.0: UIMenuItem is deprecated. Use UIEditMenuInteraction instead.
2026-04-22T16:44:56.7032270Z 
2026-04-22T16:44:56.7133180Z         var listMenuItems: [UIMenuItem] = []
2026-04-22T16:44:56.7235130Z                 ^
2026-04-22T16:44:56.7354480Z 
2026-04-22T16:44:56.7457980Z 
2026-04-22T16:44:56.7586230Z 
2026-04-22T16:44:56.7712540Z ⚠️  /Users/runner/work/tcm-storage-ios/tcm-storage-ios/iOSClient/Main/Collection Common/NCCollectionViewCommon.swift:604:34: 'UIMenuItem' was deprecated in iOS 16.0: UIMenuItem is deprecated. Use UIEditMenuInteraction instead.
2026-04-22T16:44:56.7713360Z 
2026-04-22T16:44:56.7814630Z             listMenuItems.append(UIMenuItem(title: NSLocalizedString("_paste_file_", comment: ""), action: #selector(pasteFilesMenu(_:))))
2026-04-22T16:44:56.7918420Z                             ^
2026-04-22T16:44:56.8022650Z 
2026-04-22T16:44:56.8146070Z 
2026-04-22T16:44:56.8261020Z 
2026-04-22T16:44:56.8374130Z ⚠️  /Users/runner/work/tcm-storage-ios/tcm-storage-ios/iOSClient/Main/Collection Common/NCCollectionViewCommon.swift:608:13: 'UIMenuController' was deprecated in iOS 16.0: UIMenuController is deprecated. Use UIEditMenuInteraction instead.
2026-04-22T16:44:56.8475800Z 
2026-04-22T16:44:56.8598800Z             UIMenuController.shared.menuItems = listMenuItems
2026-04-22T16:44:56.8700210Z                                  ^
2026-04-22T16:44:56.8803590Z 
2026-04-22T16:44:56.8904990Z 
2026-04-22T16:44:56.9005870Z 
2026-04-22T16:44:56.9125870Z ⚠️  /Users/runner/work/tcm-storage-ios/tcm-storage-ios/iOSClient/Main/Collection Common/NCCollectionViewCommon.swift:609:13: 'UIMenuController' was deprecated in iOS 16.0: UIMenuController is deprecated. Use UIEditMenuInteraction instead.
2026-04-22T16:44:56.9258580Z 
2026-04-22T16:44:56.9369030Z             UIMenuController.shared.showMenu(from: collectionView, rect: CGRect(x: touchPoint.x, y: touchPoint.y, width: 0, height: 0))
2026-04-22T16:44:56.9416880Z Apple clang version 17.0.0 (clang-1700.6.3.2)
2026-04-22T16:44:56.9417840Z             ^
2026-04-22T16:44:56.9418220Z 
2026-04-22T16:44:56.9418230Z 
2026-04-22T16:44:56.9418240Z 
2026-04-22T16:44:56.9420670Z ⚠️  /Users/runner/work/tcm-storage-ios/tcm-storage-ios/iOSClient/Share/Advanced/NCShareAdvancePermission.swift:249:21: initialization of immutable value 'capabilities' was never used; consider replacing with assignment to '_' or removing it
2026-04-22T16:44:56.9421530Z 
2026-04-22T16:44:56.9421820Z                 let capabilities = await NKCapabilities.shared.getCapabilities(for: metadata.account)
2026-04-22T16:44:56.9422240Z             ^
2026-04-22T16:44:56.9422770Z 
2026-04-22T16:44:56.9422770Z 
2026-04-22T16:44:56.9520470Z Target: arm64-apple-ios17.0-simulator
2026-04-22T16:44:56.9622220Z Thread model: posix
2026-04-22T16:44:56.9724140Z InstalledDir: /Applications/Xcode_26.2.app/Contents/Developer/Toolchains/XcodeDefault.xctoolchain/usr/bin
2026-04-22T16:44:56.9825700Z clang -cc1 version 17.0.0 (clang-1700.6.3.2) default target arm64-apple-darwin24.6.0
2026-04-22T16:44:56.9926910Z ignoring nonexistent directory "/Users/runner/work/tcm-storage-ios/tcm-storage-ios/build/Build/Products/Debug-iphonesimulator/include"
2026-04-22T16:44:57.0030440Z ignoring nonexistent directory "/Users/runner/work/tcm-storage-ios/tcm-storage-ios/build/Build/Intermediates.noindex/Nextcloud.build/Debug-iphonesimulator/Nextcloud.build/DerivedSources-normal/arm64"
2026-04-22T16:44:57.0130140Z ignoring nonexistent directory "/Users/runner/work/tcm-storage-ios/tcm-storage-ios/build/Build/Intermediates.noindex/Nextcloud.build/Debug-iphonesimulator/Nextcloud.build/DerivedSources/arm64"
2026-04-22T16:44:57.0233520Z ignoring nonexistent directory "/Applications/Xcode_26.2.app/Contents/Developer/Platforms/iPhoneSimulator.platform/Developer/SDKs/iPhoneSimulator26.2.sdk/usr/local/include"
2026-04-22T16:44:57.0335080Z ignoring nonexistent directory "/Applications/Xcode_26.2.app/Contents/Developer/Platforms/iPhoneSimulator.platform/Developer/SDKs/iPhoneSimulator26.2.sdk/Library/Frameworks"
2026-04-22T16:44:57.0437370Z ignoring duplicate directory "/Users/runner/work/tcm-storage-ios/tcm-storage-ios/build/Build/Products/Debug-iphonesimulator/PackageFrameworks"
2026-04-22T16:44:57.0539330Z ignoring duplicate directory "/Users/runner/work/tcm-storage-ios/tcm-storage-ios/build/Build/Products/Debug-iphonesimulator/PackageFrameworks"
2026-04-22T16:44:57.0640260Z ignoring duplicate directory "/Users/runner/work/tcm-storage-ios/tcm-storage-ios/build/Build/Products/Debug-iphonesimulator/PackageFrameworks"
2026-04-22T16:44:57.0742070Z ignoring duplicate directory "/Users/runner/work/tcm-storage-ios/tcm-storage-ios/build/Build/Products/Debug-iphonesimulator/PackageFrameworks"
2026-04-22T16:44:57.0850330Z ignoring duplicate directory "/Users/runner/work/tcm-storage-ios/tcm-storage-ios/build/Build/Products/Debug-iphonesimulator/PackageFrameworks"
2026-04-22T16:44:57.0956870Z ignoring duplicate directory "/Users/runner/work/tcm-storage-ios/tcm-storage-ios/build/Build/Products/Debug-iphonesimulator/PackageFrameworks"
2026-04-22T16:44:57.1060700Z ignoring duplicate directory "/Users/runner/work/tcm-storage-ios/tcm-storage-ios/build/Build/Products/Debug-iphonesimulator/PackageFrameworks"
2026-04-22T16:44:57.1162040Z ignoring duplicate directory "/Users/runner/work/tcm-storage-ios/tcm-storage-ios/build/Build/Products/Debug-iphonesimulator/PackageFrameworks"
2026-04-22T16:44:57.1263270Z ignoring duplicate directory "/Users/runner/work/tcm-storage-ios/tcm-storage-ios/build/Build/Products/Debug-iphonesimulator/PackageFrameworks"
2026-04-22T16:44:57.1367090Z ignoring duplicate directory "/Users/runner/work/tcm-storage-ios/tcm-storage-ios/build/Build/Products/Debug-iphonesimulator/PackageFrameworks"
2026-04-22T16:44:57.1468940Z ignoring duplicate directory "/Users/runner/work/tcm-storage-ios/tcm-storage-ios/build/Build/Products/Debug-iphonesimulator/PackageFrameworks"
2026-04-22T16:44:57.1570680Z ignoring duplicate directory "/Users/runner/work/tcm-storage-ios/tcm-storage-ios/build/Build/Products/Debug-iphonesimulator/PackageFrameworks"
2026-04-22T16:44:57.1673770Z ignoring duplicate directory "/Users/runner/work/tcm-storage-ios/tcm-storage-ios/build/Build/Products/Debug-iphonesimulator/PackageFrameworks"
2026-04-22T16:44:57.1778690Z ignoring duplicate directory "/Users/runner/work/tcm-storage-ios/tcm-storage-ios/build/Build/Products/Debug-iphonesimulator/PackageFrameworks"
2026-04-22T16:44:57.1880480Z ignoring duplicate directory "/Users/runner/work/tcm-storage-ios/tcm-storage-ios/build/Build/Products/Debug-iphonesimulator/PackageFrameworks"
2026-04-22T16:44:57.1983270Z ignoring duplicate directory "/Users/runner/work/tcm-storage-ios/tcm-storage-ios/build/Build/Products/Debug-iphonesimulator/PackageFrameworks"
2026-04-22T16:44:57.2085920Z ignoring duplicate directory "/Users/runner/work/tcm-storage-ios/tcm-storage-ios/build/Build/Products/Debug-iphonesimulator/PackageFrameworks"
2026-04-22T16:44:57.2204010Z ignoring duplicate directory "/Users/runner/work/tcm-storage-ios/tcm-storage-ios/build/Build/Products/Debug-iphonesimulator/PackageFrameworks"
2026-04-22T16:44:57.2304520Z ignoring duplicate directory "/Users/runner/work/tcm-storage-ios/tcm-storage-ios/build/Build/Products/Debug-iphonesimulator/PackageFrameworks"
2026-04-22T16:44:57.2420750Z ignoring duplicate directory "/Users/runner/work/tcm-storage-ios/tcm-storage-ios/build/Build/Products/Debug-iphonesimulator/PackageFrameworks"
2026-04-22T16:44:57.2525260Z ignoring duplicate directory "/Users/runner/work/tcm-storage-ios/tcm-storage-ios/build/Build/Products/Debug-iphonesimulator/PackageFrameworks"
2026-04-22T16:44:57.2627540Z ignoring duplicate directory "/Users/runner/work/tcm-storage-ios/tcm-storage-ios/build/Build/Products/Debug-iphonesimulator/PackageFrameworks"
2026-04-22T16:44:57.2729940Z ignoring duplicate directory "/Users/runner/work/tcm-storage-ios/tcm-storage-ios/build/Build/Products/Debug-iphonesimulator/PackageFrameworks"
2026-04-22T16:44:57.2832990Z ignoring duplicate directory "/Users/runner/work/tcm-storage-ios/tcm-storage-ios/build/Build/Products/Debug-iphonesimulator/PackageFrameworks"
2026-04-22T16:44:57.2935890Z ignoring duplicate directory "/Users/runner/work/tcm-storage-ios/tcm-storage-ios/build/Build/Products/Debug-iphonesimulator/PackageFrameworks"
2026-04-22T16:44:57.3037780Z ignoring duplicate directory "/Users/runner/work/tcm-storage-ios/tcm-storage-ios/build/Build/Products/Debug-iphonesimulator/PackageFrameworks"
2026-04-22T16:44:57.3139870Z ignoring duplicate directory "/Users/runner/work/tcm-storage-ios/tcm-storage-ios/build/Build/Products/Debug-iphonesimulator/PackageFrameworks"
2026-04-22T16:44:57.3241630Z ignoring duplicate directory "/Users/runner/work/tcm-storage-ios/tcm-storage-ios/build/Build/Products/Debug-iphonesimulator/PackageFrameworks"
2026-04-22T16:44:57.3288940Z ignoring duplicate directory "/Users/runner/work/tcm-storage-ios/tcm-storage-ios/build/Build/Products/Debug-iphonesimulator/PackageFrameworks"
2026-04-22T16:44:57.3394190Z ignoring duplicate directory "/Users/runner/work/tcm-storage-ios/tcm-storage-ios/build/Build/Products/Debug-iphonesimulator/PackageFrameworks"
2026-04-22T16:44:57.3496610Z ignoring duplicate directory "/Users/runner/work/tcm-storage-ios/tcm-storage-ios/build/Build/Products/Debug-iphonesimulator/PackageFrameworks"
2026-04-22T16:44:57.3598360Z ignoring duplicate directory "/Users/runner/work/tcm-storage-ios/tcm-storage-ios/build/Build/Products/Debug-iphonesimulator/PackageFrameworks"
2026-04-22T16:44:57.3701750Z ignoring duplicate directory "/Users/runner/work/tcm-storage-ios/tcm-storage-ios/build/Build/Products/Debug-iphonesimulator/PackageFrameworks"
2026-04-22T16:44:57.3804670Z ignoring duplicate directory "/Users/runner/work/tcm-storage-ios/tcm-storage-ios/build/Build/Products/Debug-iphonesimulator/PackageFrameworks"
2026-04-22T16:44:57.3906490Z ignoring duplicate directory "/Users/runner/work/tcm-storage-ios/tcm-storage-ios/build/Build/Products/Debug-iphonesimulator/PackageFrameworks"
2026-04-22T16:44:57.4025660Z ignoring duplicate directory "/Users/runner/work/tcm-storage-ios/tcm-storage-ios/build/Build/Products/Debug-iphonesimulator/PackageFrameworks"
2026-04-22T16:44:57.4130480Z ignoring duplicate directory "/Users/runner/work/tcm-storage-ios/tcm-storage-ios/build/Build/Products/Debug-iphonesimulator/PackageFrameworks"
2026-04-22T16:44:57.4237330Z ignoring duplicate directory "/Users/runner/work/tcm-storage-ios/tcm-storage-ios/build/Build/Products/Debug-iphonesimulator/PackageFrameworks"
2026-04-22T16:44:57.4340550Z ignoring duplicate directory "/Users/runner/work/tcm-storage-ios/tcm-storage-ios/build/Build/Products/Debug-iphonesimulator/PackageFrameworks"
2026-04-22T16:44:57.4442570Z ignoring duplicate directory "/Users/runner/work/tcm-storage-ios/tcm-storage-ios/build/Build/Products/Debug-iphonesimulator/PackageFrameworks"
2026-04-22T16:44:57.4544790Z ignoring duplicate directory "/Users/runner/work/tcm-storage-ios/tcm-storage-ios/build/Build/Products/Debug-iphonesimulator/PackageFrameworks"
2026-04-22T16:44:57.4646940Z ignoring duplicate directory "/Users/runner/work/tcm-storage-ios/tcm-storage-ios/build/Build/Products/Debug-iphonesimulator/PackageFrameworks"
2026-04-22T16:44:57.4753830Z ignoring duplicate directory "/Users/runner/work/tcm-storage-ios/tcm-storage-ios/build/Build/Products/Debug-iphonesimulator/PackageFrameworks"
2026-04-22T16:44:57.4854910Z ignoring duplicate directory "/Users/runner/work/tcm-storage-ios/tcm-storage-ios/build/Build/Products/Debug-iphonesimulator/PackageFrameworks"
2026-04-22T16:44:57.4955190Z ignoring duplicate directory "/Users/runner/work/tcm-storage-ios/tcm-storage-ios/build/Build/Products/Debug-iphonesimulator/PackageFrameworks"
2026-04-22T16:44:57.5057320Z ignoring duplicate directory "/Users/runner/work/tcm-storage-ios/tcm-storage-ios/build/Build/Products/Debug-iphonesimulator/PackageFrameworks"
2026-04-22T16:44:57.5157490Z ignoring duplicate directory "/Users/runner/work/tcm-storage-ios/tcm-storage-ios/build/Build/Products/Debug-iphonesimulator/PackageFrameworks"
2026-04-22T16:44:57.5258720Z ignoring duplicate directory "/Users/runner/work/tcm-storage-ios/tcm-storage-ios/build/Build/Products/Debug-iphonesimulator/PackageFrameworks"
2026-04-22T16:44:57.5361430Z ignoring duplicate directory "/Users/runner/work/tcm-storage-ios/tcm-storage-ios/build/Build/Products/Debug-iphonesimulator/PackageFrameworks"
2026-04-22T16:44:57.5405900Z ignoring duplicate directory "/Users/runner/work/tcm-storage-ios/tcm-storage-ios/build/Build/Products/Debug-iphonesimulator/PackageFrameworks"
2026-04-22T16:44:57.5507440Z ignoring duplicate directory "/Users/runner/work/tcm-storage-ios/tcm-storage-ios/build/Build/Products/Debug-iphonesimulator/PackageFrameworks"
2026-04-22T16:44:57.5609080Z ignoring duplicate directory "/Users/runner/work/tcm-storage-ios/tcm-storage-ios/build/Build/Products/Debug-iphonesimulator/PackageFrameworks"
2026-04-22T16:44:57.5725230Z ignoring duplicate directory "/Users/runner/work/tcm-storage-ios/tcm-storage-ios/build/Build/Products/Debug-iphonesimulator/PackageFrameworks"
2026-04-22T16:44:57.5828140Z ignoring duplicate directory "/Users/runner/work/tcm-storage-ios/tcm-storage-ios/build/Build/Products/Debug-iphonesimulator/PackageFrameworks"
2026-04-22T16:44:57.5931440Z ignoring duplicate directory "/Users/runner/work/tcm-storage-ios/tcm-storage-ios/build/Build/Products/Debug-iphonesimulator/PackageFrameworks"
2026-04-22T16:44:57.6033560Z ignoring duplicate directory "/Users/runner/work/tcm-storage-ios/tcm-storage-ios/build/Build/Products/Debug-iphonesimulator/PackageFrameworks"
2026-04-22T16:44:57.6136350Z ignoring duplicate directory "/Users/runner/work/tcm-storage-ios/tcm-storage-ios/build/Build/Products/Debug-iphonesimulator/PackageFrameworks"
2026-04-22T16:44:57.6240560Z ignoring duplicate directory "/Users/runner/work/tcm-storage-ios/tcm-storage-ios/build/Build/Products/Debug-iphonesimulator/PackageFrameworks"
2026-04-22T16:44:57.6342250Z ignoring duplicate directory "/Users/runner/work/tcm-storage-ios/tcm-storage-ios/build/Build/Products/Debug-iphonesimulator/PackageFrameworks"
2026-04-22T16:44:57.6443910Z ignoring duplicate directory "/Users/runner/work/tcm-storage-ios/tcm-storage-ios/build/Build/Products/Debug-iphonesimulator/PackageFrameworks"
2026-04-22T16:44:57.6546260Z ignoring duplicate directory "/Users/runner/work/tcm-storage-ios/tcm-storage-ios/build/Build/Products/Debug-iphonesimulator/PackageFrameworks"
2026-04-22T16:44:57.6648270Z ignoring duplicate directory "/Users/runner/work/tcm-storage-ios/tcm-storage-ios/build/Build/Products/Debug-iphonesimulator/PackageFrameworks"
2026-04-22T16:44:57.6749910Z ignoring duplicate directory "/Users/runner/work/tcm-storage-ios/tcm-storage-ios/build/Build/Products/Debug-iphonesimulator/PackageFrameworks"
2026-04-22T16:44:57.6851780Z ignoring duplicate directory "/Users/runner/work/tcm-storage-ios/tcm-storage-ios/build/Build/Products/Debug-iphonesimulator/PackageFrameworks"
2026-04-22T16:44:57.6953620Z ignoring duplicate directory "/Users/runner/work/tcm-storage-ios/tcm-storage-ios/build/Build/Products/Debug-iphonesimulator/PackageFrameworks"
2026-04-22T16:44:57.7055410Z ignoring duplicate directory "/Users/runner/work/tcm-storage-ios/tcm-storage-ios/build/Build/Products/Debug-iphonesimulator/PackageFrameworks"
2026-04-22T16:44:57.7159290Z ignoring duplicate directory "/Users/runner/work/tcm-storage-ios/tcm-storage-ios/build/Build/Products/Debug-iphonesimulator/PackageFrameworks"
2026-04-22T16:44:57.7261590Z ignoring duplicate directory "/Users/runner/work/tcm-storage-ios/tcm-storage-ios/build/Build/Products/Debug-iphonesimulator/PackageFrameworks"
2026-04-22T16:44:57.7363230Z ignoring duplicate directory "/Users/runner/work/tcm-storage-ios/tcm-storage-ios/build/Build/Products/Debug-iphonesimulator/PackageFrameworks"
2026-04-22T16:44:57.7472690Z ignoring duplicate directory "/Users/runner/work/tcm-storage-ios/tcm-storage-ios/build/Build/Products/Debug-iphonesimulator/PackageFrameworks"
2026-04-22T16:44:57.7583890Z ignoring duplicate directory "/Users/runner/work/tcm-storage-ios/tcm-storage-ios/build/Build/Products/Debug-iphonesimulator/PackageFrameworks"
2026-04-22T16:44:57.7685750Z ignoring duplicate directory "/Users/runner/work/tcm-storage-ios/tcm-storage-ios/build/Build/Products/Debug-iphonesimulator/PackageFrameworks"
2026-04-22T16:44:57.7788650Z ignoring duplicate directory "/Users/runner/work/tcm-storage-ios/tcm-storage-ios/build/Build/Products/Debug-iphonesimulator/PackageFrameworks"
2026-04-22T16:44:57.7890290Z ignoring duplicate directory "/Users/runner/work/tcm-storage-ios/tcm-storage-ios/build/Build/Products/Debug-iphonesimulator/PackageFrameworks"
2026-04-22T16:44:57.7992940Z ignoring duplicate directory "/Users/runner/work/tcm-storage-ios/tcm-storage-ios/build/Build/Products/Debug-iphonesimulator/PackageFrameworks"
2026-04-22T16:44:57.8096310Z ignoring duplicate directory "/Users/runner/work/tcm-storage-ios/tcm-storage-ios/build/Build/Products/Debug-iphonesimulator/PackageFrameworks"
2026-04-22T16:44:57.8199940Z #include "..." search starts here:
2026-04-22T16:44:57.8305440Z  /Users/runner/work/tcm-storage-ios/tcm-storage-ios/build/Build/Intermediates.noindex/Nextcloud.build/Debug-iphonesimulator/Nextcloud.build/Nextcloud-generated-files.hmap (headermap)
2026-04-22T16:44:57.8408010Z  /Users/runner/work/tcm-storage-ios/tcm-storage-ios/build/Build/Intermediates.noindex/Nextcloud.build/Debug-iphonesimulator/Nextcloud.build/Nextcloud-project-headers.hmap (headermap)
2026-04-22T16:44:57.8514070Z #include <...> search starts here:
2026-04-22T16:44:57.8615930Z  /Users/runner/work/tcm-storage-ios/tcm-storage-ios/build/Build/Intermediates.noindex/Nextcloud.build/Debug-iphonesimulator/Nextcloud.build/Nextcloud-own-target-headers.hmap (headermap)
2026-04-22T16:44:57.8718300Z  /Users/runner/work/tcm-storage-ios/tcm-storage-ios/build/Build/Intermediates.noindex/Nextcloud.build/Debug-iphonesimulator/Nextcloud.build/Nextcloud-all-non-framework-target-headers.hmap (headermap)
2026-04-22T16:44:57.8825560Z  /Users/runner/work/tcm-storage-ios/tcm-storage-ios/build/SourcePackages/checkouts/swift-nio-ssl/Sources/CNIOBoringSSLShims/include
2026-04-22T16:44:57.8927420Z  /Users/runner/work/tcm-storage-ios/tcm-storage-ios/build/SourcePackages/checkouts/swift-nio-ssl/Sources/CNIOBoringSSL/include
2026-04-22T16:44:57.9029890Z  /Users/runner/work/tcm-storage-ios/tcm-storage-ios/build/SourcePackages/checkouts/swift-atomics/Sources/_AtomicsShims/include
2026-04-22T16:44:57.9132620Z  /Users/runner/work/tcm-storage-ios/tcm-storage-ios/build/SourcePackages/checkouts/swift-nio/Sources/CNIOPosix/include
2026-04-22T16:44:57.9236300Z  /Users/runner/work/tcm-storage-ios/tcm-storage-ios/build/SourcePackages/checkouts/swift-nio/Sources/CNIOWASI/include
2026-04-22T16:44:57.9338880Z  /Users/runner/work/tcm-storage-ios/tcm-storage-ios/build/SourcePackages/checkouts/swift-nio/Sources/CNIOWindows/include
2026-04-22T16:44:57.9441230Z  /Users/runner/work/tcm-storage-ios/tcm-storage-ios/build/SourcePackages/checkouts/swift-nio/Sources/CNIOLinux/include
2026-04-22T16:44:57.9541570Z  /Users/runner/work/tcm-storage-ios/tcm-storage-ios/build/SourcePackages/checkouts/swift-nio/Sources/CNIODarwin/include
2026-04-22T16:44:57.9643220Z  /Users/runner/work/tcm-storage-ios/tcm-storage-ios/build/SourcePackages/checkouts/swift-nio/Sources/CNIOOpenBSD/include
2026-04-22T16:44:57.9743390Z  /Users/runner/work/tcm-storage-ios/tcm-storage-ios/build/SourcePackages/checkouts/swift-nio/Sources/CNIOAtomics/include
2026-04-22T16:44:57.9845090Z  /Users/runner/work/tcm-storage-ios/tcm-storage-ios/build/SourcePackages/checkouts/realm-core/src
2026-04-22T16:44:57.9946730Z  /Users/runner/work/tcm-storage-ios/tcm-storage-ios/build/SourcePackages/checkouts/realm-core/src/external/s2
2026-04-22T16:44:58.0048350Z  /Users/runner/work/tcm-storage-ios/tcm-storage-ios/build/SourcePackages/checkouts/realm-core/src/external/IntelRDFPMathLib20U2/LIBRARY/src
2026-04-22T16:44:58.0149160Z  /Users/runner/work/tcm-storage-ios/tcm-storage-ios/build/SourcePackages/checkouts/realm-core/src/spm
2026-04-22T16:44:58.0249560Z  /Users/runner/work/tcm-storage-ios/tcm-storage-ios/build/SourcePackages/checkouts/realm-swift/include
2026-04-22T16:44:58.0353240Z  /Users/runner/work/tcm-storage-ios/tcm-storage-ios/build/SourcePackages/checkouts/GoogleUtilities/GoogleUtilities/NSData+zlib/Public
2026-04-22T16:44:58.0455170Z  /Users/runner/work/tcm-storage-ios/tcm-storage-ios/build/SourcePackages/checkouts/GoogleUtilities/GoogleUtilities/Logger/Public
2026-04-22T16:44:58.0558260Z  /Users/runner/work/tcm-storage-ios/tcm-storage-ios/build/SourcePackages/checkouts/GoogleUtilities/GoogleUtilities/Environment/Public
2026-04-22T16:44:58.0660810Z  /Users/runner/work/tcm-storage-ios/tcm-storage-ios/build/SourcePackages/checkouts/GoogleUtilities/third_party/IsAppEncrypted/Public
2026-04-22T16:44:58.0764340Z  /Users/runner/work/tcm-storage-ios/tcm-storage-ios/build/SourcePackages/checkouts/GoogleUtilities/GoogleUtilities/UserDefaults/Public
2026-04-22T16:44:58.0873830Z  /Users/runner/work/tcm-storage-ios/tcm-storage-ios/build/SourcePackages/checkouts/nanopb/spm_headers
2026-04-22T16:44:58.0994110Z  /Users/runner/work/tcm-storage-ios/tcm-storage-ios/build/SourcePackages/checkouts/promises/Sources/FBLPromises/include
2026-04-22T16:44:58.1100690Z  /Users/runner/work/tcm-storage-ios/tcm-storage-ios/build/SourcePackages/checkouts/GoogleDataTransport/GoogleDataTransport/GDTCORLibrary/Public
2026-04-22T16:44:58.1203710Z  /Users/runner/work/tcm-storage-ios/tcm-storage-ios/build/SourcePackages/checkouts/firebase-ios-sdk/FirebaseSessions/SourcesObjC
2026-04-22T16:44:58.1306800Z  /Users/runner/work/tcm-storage-ios/tcm-storage-ios/build/SourcePackages/checkouts/firebase-ios-sdk/FirebaseCore/Extension
2026-04-22T16:44:58.1409350Z  /Users/runner/work/tcm-storage-ios/tcm-storage-ios/build/SourcePackages/checkouts/firebase-ios-sdk/FirebaseInstallations/Source/Library/Public
2026-04-22T16:44:58.1511130Z  /Users/runner/work/tcm-storage-ios/tcm-storage-ios/build/SourcePackages/checkouts/firebase-ios-sdk/FirebaseCore/Sources/Public
2026-04-22T16:44:58.1612820Z  /Users/runner/work/tcm-storage-ios/tcm-storage-ios/build/SourcePackages/checkouts/firebase-ios-sdk/CoreOnly/Sources
2026-04-22T16:44:58.1714880Z  /Users/runner/work/tcm-storage-ios/tcm-storage-ios/build/SourcePackages/checkouts/firebase-ios-sdk/Crashlytics/Crashlytics/Public
2026-04-22T16:44:58.1816700Z  /Users/runner/work/tcm-storage-ios/tcm-storage-ios/build/SourcePackages/checkouts/GzipSwift/Sources/system-zlib/include
2026-04-22T16:44:58.1919140Z  /Users/runner/work/tcm-storage-ios/tcm-storage-ios/build/Build/Intermediates.noindex/Nextcloud.build/Debug-iphonesimulator/Nextcloud.build/DerivedSources
2026-04-22T16:44:58.2021070Z  /Users/runner/work/tcm-storage-ios/tcm-storage-ios/build/Build/Products/Debug-iphonesimulator/PackageFrameworks (framework directory)
2026-04-22T16:44:58.2122700Z  /Users/runner/work/tcm-storage-ios/tcm-storage-ios/build/Build/Products/Debug-iphonesimulator (framework directory)
2026-04-22T16:44:58.2224450Z  /Applications/Xcode_26.2.app/Contents/Developer/Platforms/iPhoneSimulator.platform/Developer/Library/Frameworks (framework directory)
2026-04-22T16:44:58.2326310Z  /Applications/Xcode_26.2.app/Contents/Developer/Platforms/iPhoneSimulator.platform/Developer/SDKs/iPhoneSimulator26.2.sdk/Developer/Library/Frameworks (framework directory)
2026-04-22T16:44:58.2427980Z  /Applications/Xcode_26.2.app/Contents/Developer/Toolchains/XcodeDefault.xctoolchain/usr/lib/clang/17/include
2026-04-22T16:44:58.2550620Z  /Applications/Xcode_26.2.app/Contents/Developer/Platforms/iPhoneSimulator.platform/Developer/SDKs/iPhoneSimulator26.2.sdk/usr/include
2026-04-22T16:44:58.2652880Z  /Applications/Xcode_26.2.app/Contents/Developer/Toolchains/XcodeDefault.xctoolchain/usr/include
2026-04-22T16:44:58.2756420Z  /Applications/Xcode_26.2.app/Contents/Developer/Platforms/iPhoneSimulator.platform/Developer/SDKs/iPhoneSimulator26.2.sdk/System/Library/Frameworks (framework directory)
2026-04-22T16:44:58.2860460Z  /Applications/Xcode_26.2.app/Contents/Developer/Platforms/iPhoneSimulator.platform/Developer/SDKs/iPhoneSimulator26.2.sdk/System/Library/SubFrameworks (framework directory)
2026-04-22T16:44:58.2962360Z End of search list.
2026-04-22T16:44:58.3067320Z clang -cc1 version 17.0.0 (clang-1700.6.3.2) default target arm64-apple-darwin24.6.0
2026-04-22T16:44:58.3069300Z ignoring nonexistent directory "/Users/runner/work/tcm-storage-ios/tcm-storage-ios/build/Build/Products/Debug-iphonesimulator/include"
2026-04-22T16:44:58.3072070Z ignoring nonexistent directory "/Users/runner/work/tcm-storage-ios/tcm-storage-ios/build/Build/Intermediates.noindex/Nextcloud.build/Debug-iphonesimulator/Nextcloud.build/DerivedSources-normal/arm64"
2026-04-22T16:44:58.3075380Z ignoring nonexistent directory "/Users/runner/work/tcm-storage-ios/tcm-storage-ios/build/Build/Intermediates.noindex/Nextcloud.build/Debug-iphonesimulator/Nextcloud.build/DerivedSources/arm64"
2026-04-22T16:44:58.3078400Z ignoring nonexistent directory "/Applications/Xcode_26.2.app/Contents/Developer/Platforms/iPhoneSimulator.platform/Developer/SDKs/iPhoneSimulator26.2.sdk/usr/local/include"
2026-04-22T16:44:58.3081370Z ignoring nonexistent directory "/Applications/Xcode_26.2.app/Contents/Developer/Platforms/iPhoneSimulator.platform/Developer/SDKs/iPhoneSimulator26.2.sdk/Library/Frameworks"
2026-04-22T16:44:58.3084760Z ignoring duplicate directory "/Users/runner/work/tcm-storage-ios/tcm-storage-ios/build/Build/Products/Debug-iphonesimulator/PackageFrameworks"
2026-04-22T16:44:58.3087270Z ignoring duplicate directory "/Users/runner/work/tcm-storage-ios/tcm-storage-ios/build/Build/Products/Debug-iphonesimulator/PackageFrameworks"
2026-04-22T16:44:58.3090100Z ignoring duplicate directory "/Users/runner/work/tcm-storage-ios/tcm-storage-ios/build/Build/Products/Debug-iphonesimulator/PackageFrameworks"
2026-04-22T16:44:58.3092410Z ignoring duplicate directory "/Users/runner/work/tcm-storage-ios/tcm-storage-ios/build/Build/Products/Debug-iphonesimulator/PackageFrameworks"
2026-04-22T16:44:58.3093730Z ignoring duplicate directory "/Users/runner/work/tcm-storage-ios/tcm-storage-ios/build/Build/Products/Debug-iphonesimulator/PackageFrameworks"
2026-04-22T16:44:58.3096020Z ignoring duplicate directory "/Users/runner/work/tcm-storage-ios/tcm-storage-ios/build/Build/Products/Debug-iphonesimulator/PackageFrameworks"
2026-04-22T16:44:58.3096920Z ignoring duplicate directory "/Users/runner/work/tcm-storage-ios/tcm-storage-ios/build/Build/Products/Debug-iphonesimulator/PackageFrameworks"
2026-04-22T16:44:58.3098130Z ignoring duplicate directory "/Users/runner/work/tcm-storage-ios/tcm-storage-ios/build/Build/Products/Debug-iphonesimulator/PackageFrameworks"
2026-04-22T16:44:58.3100040Z ignoring duplicate directory "/Users/runner/work/tcm-storage-ios/tcm-storage-ios/build/Build/Products/Debug-iphonesimulator/PackageFrameworks"
2026-04-22T16:44:58.3103250Z ignoring duplicate directory "/Users/runner/work/tcm-storage-ios/tcm-storage-ios/build/Build/Products/Debug-iphonesimulator/PackageFrameworks"
2026-04-22T16:44:58.3104060Z ignoring duplicate directory "/Users/runner/work/tcm-storage-ios/tcm-storage-ios/build/Build/Products/Debug-iphonesimulator/PackageFrameworks"
2026-04-22T16:44:58.3104860Z ignoring duplicate directory "/Users/runner/work/tcm-storage-ios/tcm-storage-ios/build/Build/Products/Debug-iphonesimulator/PackageFrameworks"
2026-04-22T16:44:58.3107480Z ignoring duplicate directory "/Users/runner/work/tcm-storage-ios/tcm-storage-ios/build/Build/Products/Debug-iphonesimulator/PackageFrameworks"
2026-04-22T16:44:58.3209270Z ignoring duplicate directory "/Users/runner/work/tcm-storage-ios/tcm-storage-ios/build/Build/Products/Debug-iphonesimulator/PackageFrameworks"
2026-04-22T16:44:58.3338330Z ignoring duplicate directory "/Users/runner/work/tcm-storage-ios/tcm-storage-ios/build/Build/Products/Debug-iphonesimulator/PackageFrameworks"
2026-04-22T16:44:58.3379840Z ignoring duplicate directory "/Users/runner/work/tcm-storage-ios/tcm-storage-ios/build/Build/Products/Debug-iphonesimulator/PackageFrameworks"
2026-04-22T16:44:58.3478380Z ignoring duplicate directory "/Users/runner/work/tcm-storage-ios/tcm-storage-ios/build/Build/Products/Debug-iphonesimulator/PackageFrameworks"
2026-04-22T16:44:58.3585760Z ignoring duplicate directory "/Users/runner/work/tcm-storage-ios/tcm-storage-ios/build/Build/Products/Debug-iphonesimulator/PackageFrameworks"
2026-04-22T16:44:58.3685050Z ignoring duplicate directory "/Users/runner/work/tcm-storage-ios/tcm-storage-ios/build/Build/Products/Debug-iphonesimulator/PackageFrameworks"
2026-04-22T16:44:58.3788410Z ignoring duplicate directory "/Users/runner/work/tcm-storage-ios/tcm-storage-ios/build/Build/Products/Debug-iphonesimulator/PackageFrameworks"
2026-04-22T16:44:58.3889370Z ignoring duplicate directory "/Users/runner/work/tcm-storage-ios/tcm-storage-ios/build/Build/Products/Debug-iphonesimulator/PackageFrameworks"
2026-04-22T16:44:58.3990980Z ignoring duplicate directory "/Users/runner/work/tcm-storage-ios/tcm-storage-ios/build/Build/Products/Debug-iphonesimulator/PackageFrameworks"
2026-04-22T16:44:58.4093240Z ignoring duplicate directory "/Users/runner/work/tcm-storage-ios/tcm-storage-ios/build/Build/Products/Debug-iphonesimulator/PackageFrameworks"
2026-04-22T16:44:58.4194340Z ignoring duplicate directory "/Users/runner/work/tcm-storage-ios/tcm-storage-ios/build/Build/Products/Debug-iphonesimulator/PackageFrameworks"
2026-04-22T16:44:58.4297530Z ignoring duplicate directory "/Users/runner/work/tcm-storage-ios/tcm-storage-ios/build/Build/Products/Debug-iphonesimulator/PackageFrameworks"
2026-04-22T16:44:58.4399380Z ignoring duplicate directory "/Users/runner/work/tcm-storage-ios/tcm-storage-ios/build/Build/Products/Debug-iphonesimulator/PackageFrameworks"
2026-04-22T16:44:58.4501350Z ignoring duplicate directory "/Users/runner/work/tcm-storage-ios/tcm-storage-ios/build/Build/Products/Debug-iphonesimulator/PackageFrameworks"
2026-04-22T16:44:58.4602580Z ignoring duplicate directory "/Users/runner/work/tcm-storage-ios/tcm-storage-ios/build/Build/Products/Debug-iphonesimulator/PackageFrameworks"
2026-04-22T16:44:58.4795810Z ignoring duplicate directory "/Users/runner/work/tcm-storage-ios/tcm-storage-ios/build/Build/Products/Debug-iphonesimulator/PackageFrameworks"
2026-04-22T16:44:58.4897270Z ignoring duplicate directory "/Users/runner/work/tcm-storage-ios/tcm-storage-ios/build/Build/Products/Debug-iphonesimulator/PackageFrameworks"
2026-04-22T16:44:58.4997390Z ignoring duplicate directory "/Users/runner/work/tcm-storage-ios/tcm-storage-ios/build/Build/Products/Debug-iphonesimulator/PackageFrameworks"
2026-04-22T16:44:58.5100080Z ignoring duplicate directory "/Users/runner/work/tcm-storage-ios/tcm-storage-ios/build/Build/Products/Debug-iphonesimulator/PackageFrameworks"
2026-04-22T16:44:58.5201080Z ignoring duplicate directory "/Users/runner/work/tcm-storage-ios/tcm-storage-ios/build/Build/Products/Debug-iphonesimulator/PackageFrameworks"
2026-04-22T16:44:58.5300330Z ignoring duplicate directory "/Users/runner/work/tcm-storage-ios/tcm-storage-ios/build/Build/Products/Debug-iphonesimulator/PackageFrameworks"
2026-04-22T16:44:58.5402330Z ignoring duplicate directory "/Users/runner/work/tcm-storage-ios/tcm-storage-ios/build/Build/Products/Debug-iphonesimulator/PackageFrameworks"
2026-04-22T16:44:58.5504130Z ignoring duplicate directory "/Users/runner/work/tcm-storage-ios/tcm-storage-ios/build/Build/Products/Debug-iphonesimulator/PackageFrameworks"
2026-04-22T16:44:58.5609930Z ignoring duplicate directory "/Users/runner/work/tcm-storage-ios/tcm-storage-ios/build/Build/Products/Debug-iphonesimulator/PackageFrameworks"
2026-04-22T16:44:58.5713290Z ignoring duplicate directory "/Users/runner/work/tcm-storage-ios/tcm-storage-ios/build/Build/Products/Debug-iphonesimulator/PackageFrameworks"
2026-04-22T16:44:58.5815740Z ignoring duplicate directory "/Users/runner/work/tcm-storage-ios/tcm-storage-ios/build/Build/Products/Debug-iphonesimulator/PackageFrameworks"
2026-04-22T16:44:58.5917460Z ignoring duplicate directory "/Users/runner/work/tcm-storage-ios/tcm-storage-ios/build/Build/Products/Debug-iphonesimulator/PackageFrameworks"
2026-04-22T16:44:58.6019010Z ignoring duplicate directory "/Users/runner/work/tcm-storage-ios/tcm-storage-ios/build/Build/Products/Debug-iphonesimulator/PackageFrameworks"
2026-04-22T16:44:58.6120990Z ignoring duplicate directory "/Users/runner/work/tcm-storage-ios/tcm-storage-ios/build/Build/Products/Debug-iphonesimulator/PackageFrameworks"
2026-04-22T16:44:58.6221640Z ignoring duplicate directory "/Users/runner/work/tcm-storage-ios/tcm-storage-ios/build/Build/Products/Debug-iphonesimulator/PackageFrameworks"
2026-04-22T16:44:58.6321700Z ignoring duplicate directory "/Users/runner/work/tcm-storage-ios/tcm-storage-ios/build/Build/Products/Debug-iphonesimulator/PackageFrameworks"
2026-04-22T16:44:58.6424220Z ignoring duplicate directory "/Users/runner/work/tcm-storage-ios/tcm-storage-ios/build/Build/Products/Debug-iphonesimulator/PackageFrameworks"
2026-04-22T16:44:58.6546740Z ignoring duplicate directory "/Users/runner/work/tcm-storage-ios/tcm-storage-ios/build/Build/Products/Debug-iphonesimulator/PackageFrameworks"
2026-04-22T16:44:58.6656570Z ignoring duplicate directory "/Users/runner/work/tcm-storage-ios/tcm-storage-ios/build/Build/Products/Debug-iphonesimulator/PackageFrameworks"
2026-04-22T16:44:58.6757030Z ignoring duplicate directory "/Users/runner/work/tcm-storage-ios/tcm-storage-ios/build/Build/Products/Debug-iphonesimulator/PackageFrameworks"
2026-04-22T16:44:58.6857580Z ignoring duplicate directory "/Users/runner/work/tcm-storage-ios/tcm-storage-ios/build/Build/Products/Debug-iphonesimulator/PackageFrameworks"
2026-04-22T16:44:58.6963990Z ignoring duplicate directory "/Users/runner/work/tcm-storage-ios/tcm-storage-ios/build/Build/Products/Debug-iphonesimulator/PackageFrameworks"
2026-04-22T16:44:58.7066100Z ignoring duplicate directory "/Users/runner/work/tcm-storage-ios/tcm-storage-ios/build/Build/Products/Debug-iphonesimulator/PackageFrameworks"
2026-04-22T16:44:58.7171200Z ignoring duplicate directory "/Users/runner/work/tcm-storage-ios/tcm-storage-ios/build/Build/Products/Debug-iphonesimulator/PackageFrameworks"
2026-04-22T16:44:58.7306210Z ignoring duplicate directory "/Users/runner/work/tcm-storage-ios/tcm-storage-ios/build/Build/Products/Debug-iphonesimulator/PackageFrameworks"
2026-04-22T16:44:58.7308590Z ignoring duplicate directory "/Users/runner/work/tcm-storage-ios/tcm-storage-ios/build/Build/Products/Debug-iphonesimulator/PackageFrameworks"
2026-04-22T16:44:58.7412480Z ignoring duplicate directory "/Users/runner/work/tcm-storage-ios/tcm-storage-ios/build/Build/Products/Debug-iphonesimulator/PackageFrameworks"
2026-04-22T16:44:58.7508520Z ignoring duplicate directory "/Users/runner/work/tcm-storage-ios/tcm-storage-ios/build/Build/Products/Debug-iphonesimulator/PackageFrameworks"
2026-04-22T16:44:58.7617110Z ignoring duplicate directory "/Users/runner/work/tcm-storage-ios/tcm-storage-ios/build/Build/Products/Debug-iphonesimulator/PackageFrameworks"
2026-04-22T16:44:58.7719330Z ignoring duplicate directory "/Users/runner/work/tcm-storage-ios/tcm-storage-ios/build/Build/Products/Debug-iphonesimulator/PackageFrameworks"
2026-04-22T16:44:58.7836220Z ignoring duplicate directory "/Users/runner/work/tcm-storage-ios/tcm-storage-ios/build/Build/Products/Debug-iphonesimulator/PackageFrameworks"
2026-04-22T16:44:58.8039170Z ignoring duplicate directory "/Users/runner/work/tcm-storage-ios/tcm-storage-ios/build/Build/Products/Debug-iphonesimulator/PackageFrameworks"
2026-04-22T16:44:58.8141120Z ignoring duplicate directory "/Users/runner/work/tcm-storage-ios/tcm-storage-ios/build/Build/Products/Debug-iphonesimulator/PackageFrameworks"
2026-04-22T16:44:58.8260520Z ignoring duplicate directory "/Users/runner/work/tcm-storage-ios/tcm-storage-ios/build/Build/Products/Debug-iphonesimulator/PackageFrameworks"
2026-04-22T16:44:58.8369660Z ignoring duplicate directory "/Users/runner/work/tcm-storage-ios/tcm-storage-ios/build/Build/Products/Debug-iphonesimulator/PackageFrameworks"
2026-04-22T16:44:58.8477590Z ignoring duplicate directory "/Users/runner/work/tcm-storage-ios/tcm-storage-ios/build/Build/Products/Debug-iphonesimulator/PackageFrameworks"
2026-04-22T16:44:58.8579400Z ignoring duplicate directory "/Users/runner/work/tcm-storage-ios/tcm-storage-ios/build/Build/Products/Debug-iphonesimulator/PackageFrameworks"
2026-04-22T16:44:58.8681440Z ignoring duplicate directory "/Users/runner/work/tcm-storage-ios/tcm-storage-ios/build/Build/Products/Debug-iphonesimulator/PackageFrameworks"
2026-04-22T16:44:58.8783320Z ignoring duplicate directory "/Users/runner/work/tcm-storage-ios/tcm-storage-ios/build/Build/Products/Debug-iphonesimulator/PackageFrameworks"
2026-04-22T16:44:58.8886370Z ignoring duplicate directory "/Users/runner/work/tcm-storage-ios/tcm-storage-ios/build/Build/Products/Debug-iphonesimulator/PackageFrameworks"
2026-04-22T16:44:58.8994110Z ignoring duplicate directory "/Users/runner/work/tcm-storage-ios/tcm-storage-ios/build/Build/Products/Debug-iphonesimulator/PackageFrameworks"
2026-04-22T16:44:58.9097490Z ignoring duplicate directory "/Users/runner/work/tcm-storage-ios/tcm-storage-ios/build/Build/Products/Debug-iphonesimulator/PackageFrameworks"
2026-04-22T16:44:58.9200150Z ignoring duplicate directory "/Users/runner/work/tcm-storage-ios/tcm-storage-ios/build/Build/Products/Debug-iphonesimulator/PackageFrameworks"
2026-04-22T16:44:58.9302010Z ignoring duplicate directory "/Users/runner/work/tcm-storage-ios/tcm-storage-ios/build/Build/Products/Debug-iphonesimulator/PackageFrameworks"
2026-04-22T16:44:58.9403830Z ignoring duplicate directory "/Users/runner/work/tcm-storage-ios/tcm-storage-ios/build/Build/Products/Debug-iphonesimulator/PackageFrameworks"
2026-04-22T16:44:58.9406140Z ignoring duplicate directory "/Users/runner/work/tcm-storage-ios/tcm-storage-ios/build/Build/Products/Debug-iphonesimulator/PackageFrameworks"
2026-04-22T16:44:58.9509890Z ignoring duplicate directory "/Users/runner/work/tcm-storage-ios/tcm-storage-ios/build/Build/Products/Debug-iphonesimulator/PackageFrameworks"
2026-04-22T16:44:58.9644620Z ignoring duplicate directory "/Users/runner/work/tcm-storage-ios/tcm-storage-ios/build/Build/Products/Debug-iphonesimulator/PackageFrameworks"
2026-04-22T16:44:58.9745470Z #include "..." search starts here:
2026-04-22T16:44:58.9846990Z  /Users/runner/work/tcm-storage-ios/tcm-storage-ios/build/Build/Intermediates.noindex/Nextcloud.build/Debug-iphonesimulator/Nextcloud.build/Nextcloud-generated-files.hmap (headermap)
2026-04-22T16:44:58.9951310Z  /Users/runner/work/tcm-storage-ios/tcm-storage-ios/build/Build/Intermediates.noindex/Nextcloud.build/Debug-iphonesimulator/Nextcloud.build/Nextcloud-project-headers.hmap (headermap)
2026-04-22T16:44:59.0060710Z #include <...> search starts here:
2026-04-22T16:44:59.0162190Z  /Users/runner/work/tcm-storage-ios/tcm-storage-ios/build/Build/Intermediates.noindex/Nextcloud.build/Debug-iphonesimulator/Nextcloud.build/Nextcloud-own-target-headers.hmap (headermap)
2026-04-22T16:44:59.0264290Z  /Users/runner/work/tcm-storage-ios/tcm-storage-ios/build/Build/Intermediates.noindex/Nextcloud.build/Debug-iphonesimulator/Nextcloud.build/Nextcloud-all-non-framework-target-headers.hmap (headermap)
2026-04-22T16:44:59.0367630Z  /Users/runner/work/tcm-storage-ios/tcm-storage-ios/build/SourcePackages/checkouts/swift-nio-ssl/Sources/CNIOBoringSSLShims/include
2026-04-22T16:44:59.0470110Z  /Users/runner/work/tcm-storage-ios/tcm-storage-ios/build/SourcePackages/checkouts/swift-nio-ssl/Sources/CNIOBoringSSL/include
2026-04-22T16:44:59.0571690Z  /Users/runner/work/tcm-storage-ios/tcm-storage-ios/build/SourcePackages/checkouts/swift-atomics/Sources/_AtomicsShims/include
2026-04-22T16:44:59.0673250Z  /Users/runner/work/tcm-storage-ios/tcm-storage-ios/build/SourcePackages/checkouts/swift-nio/Sources/CNIOPosix/include
2026-04-22T16:44:59.0775470Z  /Users/runner/work/tcm-storage-ios/tcm-storage-ios/build/SourcePackages/checkouts/swift-nio/Sources/CNIOWASI/include
2026-04-22T16:44:59.0878080Z  /Users/runner/work/tcm-storage-ios/tcm-storage-ios/build/SourcePackages/checkouts/swift-nio/Sources/CNIOWindows/include
2026-04-22T16:44:59.0983560Z  /Users/runner/work/tcm-storage-ios/tcm-storage-ios/build/SourcePackages/checkouts/swift-nio/Sources/CNIOLinux/include
2026-04-22T16:44:59.1097360Z  /Users/runner/work/tcm-storage-ios/tcm-storage-ios/build/SourcePackages/checkouts/swift-nio/Sources/CNIODarwin/include
2026-04-22T16:44:59.1199520Z  /Users/runner/work/tcm-storage-ios/tcm-storage-ios/build/SourcePackages/checkouts/swift-nio/Sources/CNIOOpenBSD/include
2026-04-22T16:44:59.1304900Z  /Users/runner/work/tcm-storage-ios/tcm-storage-ios/build/SourcePackages/checkouts/swift-nio/Sources/CNIOAtomics/include
2026-04-22T16:44:59.1408410Z  /Users/runner/work/tcm-storage-ios/tcm-storage-ios/build/SourcePackages/checkouts/realm-core/src
2026-04-22T16:44:59.1610230Z  /Users/runner/work/tcm-storage-ios/tcm-storage-ios/build/SourcePackages/checkouts/realm-core/src/external/s2
2026-04-22T16:44:59.1611170Z  /Users/runner/work/tcm-storage-ios/tcm-storage-ios/build/SourcePackages/checkouts/realm-core/src/external/IntelRDFPMathLib20U2/LIBRARY/src
2026-04-22T16:44:59.1713570Z  /Users/runner/work/tcm-storage-ios/tcm-storage-ios/build/SourcePackages/checkouts/realm-core/src/spm
2026-04-22T16:44:59.1822840Z  /Users/runner/work/tcm-storage-ios/tcm-storage-ios/build/SourcePackages/checkouts/realm-swift/include
2026-04-22T16:44:59.1924890Z  /Users/runner/work/tcm-storage-ios/tcm-storage-ios/build/SourcePackages/checkouts/GoogleUtilities/GoogleUtilities/NSData+zlib/Public
2026-04-22T16:44:59.2030000Z  /Users/runner/work/tcm-storage-ios/tcm-storage-ios/build/SourcePackages/checkouts/GoogleUtilities/GoogleUtilities/Logger/Public
2026-04-22T16:44:59.2133710Z  /Users/runner/work/tcm-storage-ios/tcm-storage-ios/build/SourcePackages/checkouts/GoogleUtilities/GoogleUtilities/Environment/Public
2026-04-22T16:44:59.2248550Z  /Users/runner/work/tcm-storage-ios/tcm-storage-ios/build/SourcePackages/checkouts/GoogleUtilities/third_party/IsAppEncrypted/Public
2026-04-22T16:44:59.2350320Z  /Users/runner/work/tcm-storage-ios/tcm-storage-ios/build/SourcePackages/checkouts/GoogleUtilities/GoogleUtilities/UserDefaults/Public
2026-04-22T16:44:59.2451620Z  /Users/runner/work/tcm-storage-ios/tcm-storage-ios/build/SourcePackages/checkouts/nanopb/spm_headers
2026-04-22T16:44:59.2553960Z  /Users/runner/work/tcm-storage-ios/tcm-storage-ios/build/SourcePackages/checkouts/promises/Sources/FBLPromises/include
2026-04-22T16:44:59.2657750Z  /Users/runner/work/tcm-storage-ios/tcm-storage-ios/build/SourcePackages/checkouts/GoogleDataTransport/GoogleDataTransport/GDTCORLibrary/Public
2026-04-22T16:44:59.2762490Z  /Users/runner/work/tcm-storage-ios/tcm-storage-ios/build/SourcePackages/checkouts/firebase-ios-sdk/FirebaseSessions/SourcesObjC
2026-04-22T16:44:59.2878940Z  /Users/runner/work/tcm-storage-ios/tcm-storage-ios/build/SourcePackages/checkouts/firebase-ios-sdk/FirebaseCore/Extension
2026-04-22T16:44:59.2981360Z  /Users/runner/work/tcm-storage-ios/tcm-storage-ios/build/SourcePackages/checkouts/firebase-ios-sdk/FirebaseInstallations/Source/Library/Public
2026-04-22T16:44:59.3085020Z  /Users/runner/work/tcm-storage-ios/tcm-storage-ios/build/SourcePackages/checkouts/firebase-ios-sdk/FirebaseCore/Sources/Public
2026-04-22T16:44:59.3186770Z  /Users/runner/work/tcm-storage-ios/tcm-storage-ios/build/SourcePackages/checkouts/firebase-ios-sdk/CoreOnly/Sources
2026-04-22T16:44:59.3257330Z  /Users/runner/work/tcm-storage-ios/tcm-storage-ios/build/SourcePackages/checkouts/firebase-ios-sdk/Crashlytics/Crashlytics/Public
2026-04-22T16:44:59.3275020Z  /Users/runner/work/tcm-storage-ios/tcm-storage-ios/build/SourcePackages/checkouts/GzipSwift/Sources/system-zlib/include
2026-04-22T16:44:59.3276250Z  /Users/runner/work/tcm-storage-ios/tcm-storage-ios/build/Build/Intermediates.noindex/Nextcloud.build/Debug-iphonesimulator/Nextcloud.build/DerivedSources
2026-04-22T16:44:59.3277450Z  /Users/runner/work/tcm-storage-ios/tcm-storage-ios/build/Build/Products/Debug-iphonesimulator/PackageFrameworks (framework directory)
2026-04-22T16:44:59.3278300Z  /Users/runner/work/tcm-storage-ios/tcm-storage-ios/build/Build/Products/Debug-iphonesimulator (framework directory)
2026-04-22T16:44:59.3279190Z  /Applications/Xcode_26.2.app/Contents/Developer/Platforms/iPhoneSimulator.platform/Developer/Library/Frameworks (framework directory)
2026-04-22T16:44:59.3280240Z  /Applications/Xcode_26.2.app/Contents/Developer/Platforms/iPhoneSimulator.platform/Developer/SDKs/iPhoneSimulator26.2.sdk/Developer/Library/Frameworks (framework directory)
2026-04-22T16:44:59.3281350Z  /Applications/Xcode_26.2.app/Contents/Developer/Toolchains/XcodeDefault.xctoolchain/usr/lib/clang/17/include
2026-04-22T16:44:59.3282310Z  /Applications/Xcode_26.2.app/Contents/Developer/Platforms/iPhoneSimulator.platform/Developer/SDKs/iPhoneSimulator26.2.sdk/usr/include
2026-04-22T16:44:59.3283270Z  /Applications/Xcode_26.2.app/Contents/Developer/Toolchains/XcodeDefault.xctoolchain/usr/include
2026-04-22T16:44:59.3284300Z  /Applications/Xcode_26.2.app/Contents/Developer/Platforms/iPhoneSimulator.platform/Developer/SDKs/iPhoneSimulator26.2.sdk/System/Library/Frameworks (framework directory)
2026-04-22T16:44:59.3285610Z  /Applications/Xcode_26.2.app/Contents/Developer/Platforms/iPhoneSimulator.platform/Developer/SDKs/iPhoneSimulator26.2.sdk/System/Library/SubFrameworks (framework directory)
2026-04-22T16:44:59.3286470Z End of search list.
2026-04-22T16:44:59.3286980Z clang -cc1 version 17.0.0 (clang-1700.6.3.2) default target arm64-apple-darwin24.6.0
2026-04-22T16:44:59.3311720Z ignoring nonexistent directory "/Users/runner/work/tcm-storage-ios/tcm-storage-ios/build/Build/Products/Debug-iphonesimulator/include"
2026-04-22T16:44:59.3313090Z ignoring nonexistent directory "/Users/runner/work/tcm-storage-ios/tcm-storage-ios/build/Build/Intermediates.noindex/Nextcloud.build/Debug-iphonesimulator/Nextcloud.build/DerivedSources-normal/arm64"
2026-04-22T16:44:59.3315070Z ignoring nonexistent directory "/Users/runner/work/tcm-storage-ios/tcm-storage-ios/build/Build/Intermediates.noindex/Nextcloud.build/Debug-iphonesimulator/Nextcloud.build/DerivedSources/arm64"
2026-04-22T16:44:59.3316260Z ignoring nonexistent directory "/Applications/Xcode_26.2.app/Contents/Developer/Platforms/iPhoneSimulator.platform/Developer/SDKs/iPhoneSimulator26.2.sdk/usr/local/include"
2026-04-22T16:44:59.3317460Z ignoring nonexistent directory "/Applications/Xcode_26.2.app/Contents/Developer/Platforms/iPhoneSimulator.platform/Developer/SDKs/iPhoneSimulator26.2.sdk/Library/Frameworks"
2026-04-22T16:44:59.3318720Z ignoring duplicate directory "/Users/runner/work/tcm-storage-ios/tcm-storage-ios/build/Build/Products/Debug-iphonesimulator/PackageFrameworks"
2026-04-22T16:44:59.3320210Z ignoring duplicate directory "/Users/runner/work/tcm-storage-ios/tcm-storage-ios/build/Build/Products/Debug-iphonesimulator/PackageFrameworks"
2026-04-22T16:44:59.3321940Z ignoring duplicate directory "/Users/runner/work/tcm-storage-ios/tcm-storage-ios/build/Build/Products/Debug-iphonesimulator/PackageFrameworks"
2026-04-22T16:44:59.3328130Z ignoring duplicate directory "/Users/runner/work/tcm-storage-ios/tcm-storage-ios/build/Build/Products/Debug-iphonesimulator/PackageFrameworks"
2026-04-22T16:44:59.3329340Z ignoring duplicate directory "/Users/runner/work/tcm-storage-ios/tcm-storage-ios/build/Build/Products/Debug-iphonesimulator/PackageFrameworks"
2026-04-22T16:44:59.3330630Z ignoring duplicate directory "/Users/runner/work/tcm-storage-ios/tcm-storage-ios/build/Build/Products/Debug-iphonesimulator/PackageFrameworks"
2026-04-22T16:44:59.3331520Z ignoring duplicate directory "/Users/runner/work/tcm-storage-ios/tcm-storage-ios/build/Build/Products/Debug-iphonesimulator/PackageFrameworks"
2026-04-22T16:44:59.3332500Z ignoring duplicate directory "/Users/runner/work/tcm-storage-ios/tcm-storage-ios/build/Build/Products/Debug-iphonesimulator/PackageFrameworks"
2026-04-22T16:44:59.3333410Z ignoring duplicate directory "/Users/runner/work/tcm-storage-ios/tcm-storage-ios/build/Build/Products/Debug-iphonesimulator/PackageFrameworks"
2026-04-22T16:44:59.3334360Z ignoring duplicate directory "/Users/runner/work/tcm-storage-ios/tcm-storage-ios/build/Build/Products/Debug-iphonesimulator/PackageFrameworks"
2026-04-22T16:44:59.3335230Z ignoring duplicate directory "/Users/runner/work/tcm-storage-ios/tcm-storage-ios/build/Build/Products/Debug-iphonesimulator/PackageFrameworks"
2026-04-22T16:44:59.3336180Z ignoring duplicate directory "/Users/runner/work/tcm-storage-ios/tcm-storage-ios/build/Build/Products/Debug-iphonesimulator/PackageFrameworks"
2026-04-22T16:44:59.3337130Z ignoring duplicate directory "/Users/runner/work/tcm-storage-ios/tcm-storage-ios/build/Build/Products/Debug-iphonesimulator/PackageFrameworks"
2026-04-22T16:44:59.3338010Z ignoring duplicate directory "/Users/runner/work/tcm-storage-ios/tcm-storage-ios/build/Build/Products/Debug-iphonesimulator/PackageFrameworks"
2026-04-22T16:44:59.3338910Z ignoring duplicate directory "/Users/runner/work/tcm-storage-ios/tcm-storage-ios/build/Build/Products/Debug-iphonesimulator/PackageFrameworks"
2026-04-22T16:44:59.3339790Z ignoring duplicate directory "/Users/runner/work/tcm-storage-ios/tcm-storage-ios/build/Build/Products/Debug-iphonesimulator/PackageFrameworks"
2026-04-22T16:44:59.3341120Z ignoring duplicate directory "/Users/runner/work/tcm-storage-ios/tcm-storage-ios/build/Build/Products/Debug-iphonesimulator/PackageFrameworks"
2026-04-22T16:44:59.3342080Z ignoring duplicate directory "/Users/runner/work/tcm-storage-ios/tcm-storage-ios/build/Build/Products/Debug-iphonesimulator/PackageFrameworks"
2026-04-22T16:44:59.3351690Z ignoring duplicate directory "/Users/runner/work/tcm-storage-ios/tcm-storage-ios/build/Build/Products/Debug-iphonesimulator/PackageFrameworks"
2026-04-22T16:44:59.3352730Z ignoring duplicate directory "/Users/runner/work/tcm-storage-ios/tcm-storage-ios/build/Build/Products/Debug-iphonesimulator/PackageFrameworks"
2026-04-22T16:44:59.3353590Z ignoring duplicate directory "/Users/runner/work/tcm-storage-ios/tcm-storage-ios/build/Build/Products/Debug-iphonesimulator/PackageFrameworks"
2026-04-22T16:44:59.3354950Z ignoring duplicate directory "/Users/runner/work/tcm-storage-ios/tcm-storage-ios/build/Build/Products/Debug-iphonesimulator/PackageFrameworks"
2026-04-22T16:44:59.3355850Z ignoring duplicate directory "/Users/runner/work/tcm-storage-ios/tcm-storage-ios/build/Build/Products/Debug-iphonesimulator/PackageFrameworks"
2026-04-22T16:44:59.3357810Z ignoring duplicate directory "/Users/runner/work/tcm-storage-ios/tcm-storage-ios/build/Build/Products/Debug-iphonesimulator/PackageFrameworks"
2026-04-22T16:44:59.3360790Z ignoring duplicate directory "/Users/runner/work/tcm-storage-ios/tcm-storage-ios/build/Build/Products/Debug-iphonesimulator/PackageFrameworks"
2026-04-22T16:44:59.3364180Z ignoring duplicate directory "/Users/runner/work/tcm-storage-ios/tcm-storage-ios/build/Build/Products/Debug-iphonesimulator/PackageFrameworks"
2026-04-22T16:44:59.3366870Z ignoring duplicate directory "/Users/runner/work/tcm-storage-ios/tcm-storage-ios/build/Build/Products/Debug-iphonesimulator/PackageFrameworks"
2026-04-22T16:44:59.3369250Z ignoring duplicate directory "/Users/runner/work/tcm-storage-ios/tcm-storage-ios/build/Build/Products/Debug-iphonesimulator/PackageFrameworks"
2026-04-22T16:44:59.3371680Z ignoring duplicate directory "/Users/runner/work/tcm-storage-ios/tcm-storage-ios/build/Build/Products/Debug-iphonesimulator/PackageFrameworks"
2026-04-22T16:44:59.3383490Z ignoring duplicate directory "/Users/runner/work/tcm-storage-ios/tcm-storage-ios/build/Build/Products/Debug-iphonesimulator/PackageFrameworks"
2026-04-22T16:44:59.3384520Z ignoring duplicate directory "/Users/runner/work/tcm-storage-ios/tcm-storage-ios/build/Build/Products/Debug-iphonesimulator/PackageFrameworks"
2026-04-22T16:44:59.3411910Z ignoring duplicate directory "/Users/runner/work/tcm-storage-ios/tcm-storage-ios/build/Build/Products/Debug-iphonesimulator/PackageFrameworks"
2026-04-22T16:44:59.3413110Z ignoring duplicate directory "/Users/runner/work/tcm-storage-ios/tcm-storage-ios/build/Build/Products/Debug-iphonesimulator/PackageFrameworks"
2026-04-22T16:44:59.3414400Z ignoring duplicate directory "/Users/runner/work/tcm-storage-ios/tcm-storage-ios/build/Build/Products/Debug-iphonesimulator/PackageFrameworks"
2026-04-22T16:44:59.3432650Z ignoring duplicate directory "/Users/runner/work/tcm-storage-ios/tcm-storage-ios/build/Build/Products/Debug-iphonesimulator/PackageFrameworks"
2026-04-22T16:44:59.3433760Z ignoring duplicate directory "/Users/runner/work/tcm-storage-ios/tcm-storage-ios/build/Build/Products/Debug-iphonesimulator/PackageFrameworks"
2026-04-22T16:44:59.3442560Z ignoring duplicate directory "/Users/runner/work/tcm-storage-ios/tcm-storage-ios/build/Build/Products/Debug-iphonesimulator/PackageFrameworks"
2026-04-22T16:44:59.3443520Z ignoring duplicate directory "/Users/runner/work/tcm-storage-ios/tcm-storage-ios/build/Build/Products/Debug-iphonesimulator/PackageFrameworks"
2026-04-22T16:44:59.3444700Z ignoring duplicate directory "/Users/runner/work/tcm-storage-ios/tcm-storage-ios/build/Build/Products/Debug-iphonesimulator/PackageFrameworks"
2026-04-22T16:44:59.3449870Z ignoring duplicate directory "/Users/runner/work/tcm-storage-ios/tcm-storage-ios/build/Build/Products/Debug-iphonesimulator/PackageFrameworks"
2026-04-22T16:44:59.3451260Z ignoring duplicate directory "/Users/runner/work/tcm-storage-ios/tcm-storage-ios/build/Build/Products/Debug-iphonesimulator/PackageFrameworks"
2026-04-22T16:44:59.3455210Z ignoring duplicate directory "/Users/runner/work/tcm-storage-ios/tcm-storage-ios/build/Build/Products/Debug-iphonesimulator/PackageFrameworks"
2026-04-22T16:44:59.3460580Z ignoring duplicate directory "/Users/runner/work/tcm-storage-ios/tcm-storage-ios/build/Build/Products/Debug-iphonesimulator/PackageFrameworks"
2026-04-22T16:44:59.3462790Z ignoring duplicate directory "/Users/runner/work/tcm-storage-ios/tcm-storage-ios/build/Build/Products/Debug-iphonesimulator/PackageFrameworks"
2026-04-22T16:44:59.3471410Z ignoring duplicate directory "/Users/runner/work/tcm-storage-ios/tcm-storage-ios/build/Build/Products/Debug-iphonesimulator/PackageFrameworks"
2026-04-22T16:44:59.3472220Z ignoring duplicate directory "/Users/runner/work/tcm-storage-ios/tcm-storage-ios/build/Build/Products/Debug-iphonesimulator/PackageFrameworks"
2026-04-22T16:44:59.3473020Z ignoring duplicate directory "/Users/runner/work/tcm-storage-ios/tcm-storage-ios/build/Build/Products/Debug-iphonesimulator/PackageFrameworks"
2026-04-22T16:44:59.3473780Z ignoring duplicate directory "/Users/runner/work/tcm-storage-ios/tcm-storage-ios/build/Build/Products/Debug-iphonesimulator/PackageFrameworks"
2026-04-22T16:44:59.3487100Z ignoring duplicate directory "/Users/runner/work/tcm-storage-ios/tcm-storage-ios/build/Build/Products/Debug-iphonesimulator/PackageFrameworks"
2026-04-22T16:44:59.3488060Z ignoring duplicate directory "/Users/runner/work/tcm-storage-ios/tcm-storage-ios/build/Build/Products/Debug-iphonesimulator/PackageFrameworks"
2026-04-22T16:44:59.3488930Z ignoring duplicate directory "/Users/runner/work/tcm-storage-ios/tcm-storage-ios/build/Build/Products/Debug-iphonesimulator/PackageFrameworks"
2026-04-22T16:44:59.3489670Z ignoring duplicate directory "/Users/runner/work/tcm-storage-ios/tcm-storage-ios/build/Build/Products/Debug-iphonesimulator/PackageFrameworks"
2026-04-22T16:44:59.3490430Z ignoring duplicate directory "/Users/runner/work/tcm-storage-ios/tcm-storage-ios/build/Build/Products/Debug-iphonesimulator/PackageFrameworks"
2026-04-22T16:44:59.3491220Z ignoring duplicate directory "/Users/runner/work/tcm-storage-ios/tcm-storage-ios/build/Build/Products/Debug-iphonesimulator/PackageFrameworks"
2026-04-22T16:44:59.3492080Z ignoring duplicate directory "/Users/runner/work/tcm-storage-ios/tcm-storage-ios/build/Build/Products/Debug-iphonesimulator/PackageFrameworks"
2026-04-22T16:44:59.3492850Z ignoring duplicate directory "/Users/runner/work/tcm-storage-ios/tcm-storage-ios/build/Build/Products/Debug-iphonesimulator/PackageFrameworks"
2026-04-22T16:44:59.3493630Z ignoring duplicate directory "/Users/runner/work/tcm-storage-ios/tcm-storage-ios/build/Build/Products/Debug-iphonesimulator/PackageFrameworks"
2026-04-22T16:44:59.3494400Z ignoring duplicate directory "/Users/runner/work/tcm-storage-ios/tcm-storage-ios/build/Build/Products/Debug-iphonesimulator/PackageFrameworks"
2026-04-22T16:44:59.3495160Z ignoring duplicate directory "/Users/runner/work/tcm-storage-ios/tcm-storage-ios/build/Build/Products/Debug-iphonesimulator/PackageFrameworks"
2026-04-22T16:44:59.3496040Z ignoring duplicate directory "/Users/runner/work/tcm-storage-ios/tcm-storage-ios/build/Build/Products/Debug-iphonesimulator/PackageFrameworks"
2026-04-22T16:44:59.3496790Z ignoring duplicate directory "/Users/runner/work/tcm-storage-ios/tcm-storage-ios/build/Build/Products/Debug-iphonesimulator/PackageFrameworks"
2026-04-22T16:44:59.3501920Z ignoring duplicate directory "/Users/runner/work/tcm-storage-ios/tcm-storage-ios/build/Build/Products/Debug-iphonesimulator/PackageFrameworks"
2026-04-22T16:44:59.3504920Z ignoring duplicate directory "/Users/runner/work/tcm-storage-ios/tcm-storage-ios/build/Build/Products/Debug-iphonesimulator/PackageFrameworks"
2026-04-22T16:44:59.3507160Z ignoring duplicate directory "/Users/runner/work/tcm-storage-ios/tcm-storage-ios/build/Build/Products/Debug-iphonesimulator/PackageFrameworks"
2026-04-22T16:44:59.3509500Z ignoring duplicate directory "/Users/runner/work/tcm-storage-ios/tcm-storage-ios/build/Build/Products/Debug-iphonesimulator/PackageFrameworks"
2026-04-22T16:44:59.3512790Z ignoring duplicate directory "/Users/runner/work/tcm-storage-ios/tcm-storage-ios/build/Build/Products/Debug-iphonesimulator/PackageFrameworks"
2026-04-22T16:44:59.3515050Z ignoring duplicate directory "/Users/runner/work/tcm-storage-ios/tcm-storage-ios/build/Build/Products/Debug-iphonesimulator/PackageFrameworks"
2026-04-22T16:44:59.3517210Z ignoring duplicate directory "/Users/runner/work/tcm-storage-ios/tcm-storage-ios/build/Build/Products/Debug-iphonesimulator/PackageFrameworks"
2026-04-22T16:44:59.3519350Z ignoring duplicate directory "/Users/runner/work/tcm-storage-ios/tcm-storage-ios/build/Build/Products/Debug-iphonesimulator/PackageFrameworks"
2026-04-22T16:44:59.3521560Z ignoring duplicate directory "/Users/runner/work/tcm-storage-ios/tcm-storage-ios/build/Build/Products/Debug-iphonesimulator/PackageFrameworks"
2026-04-22T16:44:59.3523850Z ignoring duplicate directory "/Users/runner/work/tcm-storage-ios/tcm-storage-ios/build/Build/Products/Debug-iphonesimulator/PackageFrameworks"
2026-04-22T16:44:59.3542480Z ignoring duplicate directory "/Users/runner/work/tcm-storage-ios/tcm-storage-ios/build/Build/Products/Debug-iphonesimulator/PackageFrameworks"
2026-04-22T16:44:59.3546580Z ignoring duplicate directory "/Users/runner/work/tcm-storage-ios/tcm-storage-ios/build/Build/Products/Debug-iphonesimulator/PackageFrameworks"
2026-04-22T16:44:59.3547350Z ignoring duplicate directory "/Users/runner/work/tcm-storage-ios/tcm-storage-ios/build/Build/Products/Debug-iphonesimulator/PackageFrameworks"
2026-04-22T16:44:59.3548100Z ignoring duplicate directory "/Users/runner/work/tcm-storage-ios/tcm-storage-ios/build/Build/Products/Debug-iphonesimulator/PackageFrameworks"
2026-04-22T16:44:59.3548880Z ignoring duplicate directory "/Users/runner/work/tcm-storage-ios/tcm-storage-ios/build/Build/Products/Debug-iphonesimulator/PackageFrameworks"
2026-04-22T16:44:59.3549390Z #include "..." search starts here:
2026-04-22T16:44:59.3550220Z  /Users/runner/work/tcm-storage-ios/tcm-storage-ios/build/Build/Intermediates.noindex/Nextcloud.build/Debug-iphonesimulator/Nextcloud.build/Nextcloud-generated-files.hmap (headermap)
2026-04-22T16:44:59.3551230Z  /Users/runner/work/tcm-storage-ios/tcm-storage-ios/build/Build/Intermediates.noindex/Nextcloud.build/Debug-iphonesimulator/Nextcloud.build/Nextcloud-project-headers.hmap (headermap)
2026-04-22T16:44:59.3551820Z #include <...> search starts here:
2026-04-22T16:44:59.3552420Z  /Users/runner/work/tcm-storage-ios/tcm-storage-ios/build/Build/Intermediates.noindex/Nextcloud.build/Debug-iphonesimulator/Nextcloud.build/Nextcloud-own-target-headers.hmap (headermap)
2026-04-22T16:44:59.3553500Z  /Users/runner/work/tcm-storage-ios/tcm-storage-ios/build/Build/Intermediates.noindex/Nextcloud.build/Debug-iphonesimulator/Nextcloud.build/Nextcloud-all-non-framework-target-headers.hmap (headermap)
2026-04-22T16:44:59.3554420Z  /Users/runner/work/tcm-storage-ios/tcm-storage-ios/build/SourcePackages/checkouts/swift-nio-ssl/Sources/CNIOBoringSSLShims/include
2026-04-22T16:44:59.3555120Z  /Users/runner/work/tcm-storage-ios/tcm-storage-ios/build/SourcePackages/checkouts/swift-nio-ssl/Sources/CNIOBoringSSL/include
2026-04-22T16:44:59.3555790Z  /Users/runner/work/tcm-storage-ios/tcm-storage-ios/build/SourcePackages/checkouts/swift-atomics/Sources/_AtomicsShims/include
2026-04-22T16:44:59.3556450Z  /Users/runner/work/tcm-storage-ios/tcm-storage-ios/build/SourcePackages/checkouts/swift-nio/Sources/CNIOPosix/include
2026-04-22T16:44:59.3557120Z  /Users/runner/work/tcm-storage-ios/tcm-storage-ios/build/SourcePackages/checkouts/swift-nio/Sources/CNIOWASI/include
2026-04-22T16:44:59.3557770Z  /Users/runner/work/tcm-storage-ios/tcm-storage-ios/build/SourcePackages/checkouts/swift-nio/Sources/CNIOWindows/include
2026-04-22T16:44:59.3558440Z  /Users/runner/work/tcm-storage-ios/tcm-storage-ios/build/SourcePackages/checkouts/swift-nio/Sources/CNIOLinux/include
2026-04-22T16:44:59.3559060Z  /Users/runner/work/tcm-storage-ios/tcm-storage-ios/build/SourcePackages/checkouts/swift-nio/Sources/CNIODarwin/include
2026-04-22T16:44:59.3560320Z  /Users/runner/work/tcm-storage-ios/tcm-storage-ios/build/SourcePackages/checkouts/swift-nio/Sources/CNIOOpenBSD/include
2026-04-22T16:44:59.3560960Z  /Users/runner/work/tcm-storage-ios/tcm-storage-ios/build/SourcePackages/checkouts/swift-nio/Sources/CNIOAtomics/include
2026-04-22T16:44:59.3561510Z  /Users/runner/work/tcm-storage-ios/tcm-storage-ios/build/SourcePackages/checkouts/realm-core/src
2026-04-22T16:44:59.3562050Z  /Users/runner/work/tcm-storage-ios/tcm-storage-ios/build/SourcePackages/checkouts/realm-core/src/external/s2
2026-04-22T16:44:59.3562710Z  /Users/runner/work/tcm-storage-ios/tcm-storage-ios/build/SourcePackages/checkouts/realm-core/src/external/IntelRDFPMathLib20U2/LIBRARY/src
2026-04-22T16:44:59.3563360Z  /Users/runner/work/tcm-storage-ios/tcm-storage-ios/build/SourcePackages/checkouts/realm-core/src/spm
2026-04-22T16:44:59.3563880Z  /Users/runner/work/tcm-storage-ios/tcm-storage-ios/build/SourcePackages/checkouts/realm-swift/include
2026-04-22T16:44:59.3564500Z  /Users/runner/work/tcm-storage-ios/tcm-storage-ios/build/SourcePackages/checkouts/GoogleUtilities/GoogleUtilities/NSData+zlib/Public
2026-04-22T16:44:59.3565550Z  /Users/runner/work/tcm-storage-ios/tcm-storage-ios/build/SourcePackages/checkouts/GoogleUtilities/GoogleUtilities/Logger/Public
2026-04-22T16:44:59.3566350Z  /Users/runner/work/tcm-storage-ios/tcm-storage-ios/build/SourcePackages/checkouts/GoogleUtilities/GoogleUtilities/Environment/Public
2026-04-22T16:44:59.3567100Z  /Users/runner/work/tcm-storage-ios/tcm-storage-ios/build/SourcePackages/checkouts/GoogleUtilities/third_party/IsAppEncrypted/Public
2026-04-22T16:44:59.3567840Z  /Users/runner/work/tcm-storage-ios/tcm-storage-ios/build/SourcePackages/checkouts/GoogleUtilities/GoogleUtilities/UserDefaults/Public
2026-04-22T16:44:59.3568480Z  /Users/runner/work/tcm-storage-ios/tcm-storage-ios/build/SourcePackages/checkouts/nanopb/spm_headers
2026-04-22T16:44:59.3569080Z  /Users/runner/work/tcm-storage-ios/tcm-storage-ios/build/SourcePackages/checkouts/promises/Sources/FBLPromises/include
2026-04-22T16:44:59.3569810Z  /Users/runner/work/tcm-storage-ios/tcm-storage-ios/build/SourcePackages/checkouts/GoogleDataTransport/GoogleDataTransport/GDTCORLibrary/Public
2026-04-22T16:44:59.3570620Z  /Users/runner/work/tcm-storage-ios/tcm-storage-ios/build/SourcePackages/checkouts/firebase-ios-sdk/FirebaseSessions/SourcesObjC
2026-04-22T16:44:59.3571320Z  /Users/runner/work/tcm-storage-ios/tcm-storage-ios/build/SourcePackages/checkouts/firebase-ios-sdk/FirebaseCore/Extension
2026-04-22T16:44:59.3572050Z  /Users/runner/work/tcm-storage-ios/tcm-storage-ios/build/SourcePackages/checkouts/firebase-ios-sdk/FirebaseInstallations/Source/Library/Public
2026-04-22T16:44:59.3572810Z  /Users/runner/work/tcm-storage-ios/tcm-storage-ios/build/SourcePackages/checkouts/firebase-ios-sdk/FirebaseCore/Sources/Public
2026-04-22T16:44:59.3573460Z  /Users/runner/work/tcm-storage-ios/tcm-storage-ios/build/SourcePackages/checkouts/firebase-ios-sdk/CoreOnly/Sources
2026-04-22T16:44:59.3574130Z  /Users/runner/work/tcm-storage-ios/tcm-storage-ios/build/SourcePackages/checkouts/firebase-ios-sdk/Crashlytics/Crashlytics/Public
2026-04-22T16:44:59.3574820Z  /Users/runner/work/tcm-storage-ios/tcm-storage-ios/build/SourcePackages/checkouts/GzipSwift/Sources/system-zlib/include
2026-04-22T16:44:59.3575550Z  /Users/runner/work/tcm-storage-ios/tcm-storage-ios/build/Build/Intermediates.noindex/Nextcloud.build/Debug-iphonesimulator/Nextcloud.build/DerivedSources
2026-04-22T16:44:59.3578420Z  /Users/runner/work/tcm-storage-ios/tcm-storage-ios/build/Build/Products/Debug-iphonesimulator/PackageFrameworks (framework directory)
2026-04-22T16:44:59.3580340Z  /Users/runner/work/tcm-storage-ios/tcm-storage-ios/build/Build/Products/Debug-iphonesimulator (framework directory)
2026-04-22T16:44:59.3582450Z  /Applications/Xcode_26.2.app/Contents/Developer/Platforms/iPhoneSimulator.platform/Developer/Library/Frameworks (framework directory)
2026-04-22T16:44:59.3583430Z  /Applications/Xcode_26.2.app/Contents/Developer/Platforms/iPhoneSimulator.platform/Developer/SDKs/iPhoneSimulator26.2.sdk/Developer/Library/Frameworks (framework directory)
2026-04-22T16:44:59.3584670Z  /Applications/Xcode_26.2.app/Contents/Developer/Toolchains/XcodeDefault.xctoolchain/usr/lib/clang/17/include
2026-04-22T16:44:59.3590240Z  /Applications/Xcode_26.2.app/Contents/Developer/Platforms/iPhoneSimulator.platform/Developer/SDKs/iPhoneSimulator26.2.sdk/usr/include
2026-04-22T16:44:59.3590900Z  /Applications/Xcode_26.2.app/Contents/Developer/Toolchains/XcodeDefault.xctoolchain/usr/include
2026-04-22T16:44:59.3591630Z  /Applications/Xcode_26.2.app/Contents/Developer/Platforms/iPhoneSimulator.platform/Developer/SDKs/iPhoneSimulator26.2.sdk/System/Library/Frameworks (framework directory)
2026-04-22T16:44:59.3592590Z  /Applications/Xcode_26.2.app/Contents/Developer/Platforms/iPhoneSimulator.platform/Developer/SDKs/iPhoneSimulator26.2.sdk/System/Library/SubFrameworks (framework directory)
2026-04-22T16:44:59.3593170Z End of search list.
2026-04-22T16:44:59.3593440Z clang -cc1 version 17.0.0 (clang-1700.6.3.2) default target arm64-apple-darwin24.6.0
2026-04-22T16:44:59.3594010Z ignoring nonexistent directory "/Users/runner/work/tcm-storage-ios/tcm-storage-ios/build/Build/Products/Debug-iphonesimulator/include"
2026-04-22T16:44:59.3595420Z ignoring nonexistent directory "/Users/runner/work/tcm-storage-ios/tcm-storage-ios/build/Build/Intermediates.noindex/Nextcloud.build/Debug-iphonesimulator/Nextcloud.build/DerivedSources-normal/arm64"
2026-04-22T16:44:59.3596530Z ignoring nonexistent directory "/Users/runner/work/tcm-storage-ios/tcm-storage-ios/build/Build/Intermediates.noindex/Nextcloud.build/Debug-iphonesimulator/Nextcloud.build/DerivedSources/arm64"
2026-04-22T16:44:59.3597520Z ignoring nonexistent directory "/Applications/Xcode_26.2.app/Contents/Developer/Platforms/iPhoneSimulator.platform/Developer/SDKs/iPhoneSimulator26.2.sdk/usr/local/include"
2026-04-22T16:44:59.3598450Z ignoring nonexistent directory "/Applications/Xcode_26.2.app/Contents/Developer/Platforms/iPhoneSimulator.platform/Developer/SDKs/iPhoneSimulator26.2.sdk/Library/Frameworks"
2026-04-22T16:44:59.3599290Z ignoring duplicate directory "/Users/runner/work/tcm-storage-ios/tcm-storage-ios/build/Build/Products/Debug-iphonesimulator/PackageFrameworks"
2026-04-22T16:44:59.3600070Z ignoring duplicate directory "/Users/runner/work/tcm-storage-ios/tcm-storage-ios/build/Build/Products/Debug-iphonesimulator/PackageFrameworks"
2026-04-22T16:44:59.3600820Z ignoring duplicate directory "/Users/runner/work/tcm-storage-ios/tcm-storage-ios/build/Build/Products/Debug-iphonesimulator/PackageFrameworks"
2026-04-22T16:44:59.3601630Z ignoring duplicate directory "/Users/runner/work/tcm-storage-ios/tcm-storage-ios/build/Build/Products/Debug-iphonesimulator/PackageFrameworks"
2026-04-22T16:44:59.3602400Z ignoring duplicate directory "/Users/runner/work/tcm-storage-ios/tcm-storage-ios/build/Build/Products/Debug-iphonesimulator/PackageFrameworks"
2026-04-22T16:44:59.3603150Z ignoring duplicate directory "/Users/runner/work/tcm-storage-ios/tcm-storage-ios/build/Build/Products/Debug-iphonesimulator/PackageFrameworks"
2026-04-22T16:44:59.3603920Z ignoring duplicate directory "/Users/runner/work/tcm-storage-ios/tcm-storage-ios/build/Build/Products/Debug-iphonesimulator/PackageFrameworks"
2026-04-22T16:44:59.3604680Z ignoring duplicate directory "/Users/runner/work/tcm-storage-ios/tcm-storage-ios/build/Build/Products/Debug-iphonesimulator/PackageFrameworks"
2026-04-22T16:44:59.3605440Z ignoring duplicate directory "/Users/runner/work/tcm-storage-ios/tcm-storage-ios/build/Build/Products/Debug-iphonesimulator/PackageFrameworks"
2026-04-22T16:44:59.3606190Z ignoring duplicate directory "/Users/runner/work/tcm-storage-ios/tcm-storage-ios/build/Build/Products/Debug-iphonesimulator/PackageFrameworks"
2026-04-22T16:44:59.3606940Z ignoring duplicate directory "/Users/runner/work/tcm-storage-ios/tcm-storage-ios/build/Build/Products/Debug-iphonesimulator/PackageFrameworks"
2026-04-22T16:44:59.3607690Z ignoring duplicate directory "/Users/runner/work/tcm-storage-ios/tcm-storage-ios/build/Build/Products/Debug-iphonesimulator/PackageFrameworks"
2026-04-22T16:44:59.3608820Z ignoring duplicate directory "/Users/runner/work/tcm-storage-ios/tcm-storage-ios/build/Build/Products/Debug-iphonesimulator/PackageFrameworks"
2026-04-22T16:44:59.3609570Z ignoring duplicate directory "/Users/runner/work/tcm-storage-ios/tcm-storage-ios/build/Build/Products/Debug-iphonesimulator/PackageFrameworks"
2026-04-22T16:44:59.3610320Z ignoring duplicate directory "/Users/runner/work/tcm-storage-ios/tcm-storage-ios/build/Build/Products/Debug-iphonesimulator/PackageFrameworks"
2026-04-22T16:44:59.3611080Z ignoring duplicate directory "/Users/runner/work/tcm-storage-ios/tcm-storage-ios/build/Build/Products/Debug-iphonesimulator/PackageFrameworks"
2026-04-22T16:44:59.3612090Z ignoring duplicate directory "/Users/runner/work/tcm-storage-ios/tcm-storage-ios/build/Build/Products/Debug-iphonesimulator/PackageFrameworks"
2026-04-22T16:44:59.3612870Z ignoring duplicate directory "/Users/runner/work/tcm-storage-ios/tcm-storage-ios/build/Build/Products/Debug-iphonesimulator/PackageFrameworks"
2026-04-22T16:44:59.3613990Z ignoring duplicate directory "/Users/runner/work/tcm-storage-ios/tcm-storage-ios/build/Build/Products/Debug-iphonesimulator/PackageFrameworks"
2026-04-22T16:44:59.3614760Z ignoring duplicate directory "/Users/runner/work/tcm-storage-ios/tcm-storage-ios/build/Build/Products/Debug-iphonesimulator/PackageFrameworks"
2026-04-22T16:44:59.3615500Z ignoring duplicate directory "/Users/runner/work/tcm-storage-ios/tcm-storage-ios/build/Build/Products/Debug-iphonesimulator/PackageFrameworks"
2026-04-22T16:44:59.3616250Z ignoring duplicate directory "/Users/runner/work/tcm-storage-ios/tcm-storage-ios/build/Build/Products/Debug-iphonesimulator/PackageFrameworks"
2026-04-22T16:44:59.3616980Z ignoring duplicate directory "/Users/runner/work/tcm-storage-ios/tcm-storage-ios/build/Build/Products/Debug-iphonesimulator/PackageFrameworks"
2026-04-22T16:44:59.3617710Z ignoring duplicate directory "/Users/runner/work/tcm-storage-ios/tcm-storage-ios/build/Build/Products/Debug-iphonesimulator/PackageFrameworks"
2026-04-22T16:44:59.3618450Z ignoring duplicate directory "/Users/runner/work/tcm-storage-ios/tcm-storage-ios/build/Build/Products/Debug-iphonesimulator/PackageFrameworks"
2026-04-22T16:44:59.3619190Z ignoring duplicate directory "/Users/runner/work/tcm-storage-ios/tcm-storage-ios/build/Build/Products/Debug-iphonesimulator/PackageFrameworks"
2026-04-22T16:44:59.3619950Z ignoring duplicate directory "/Users/runner/work/tcm-storage-ios/tcm-storage-ios/build/Build/Products/Debug-iphonesimulator/PackageFrameworks"
2026-04-22T16:44:59.3620700Z ignoring duplicate directory "/Users/runner/work/tcm-storage-ios/tcm-storage-ios/build/Build/Products/Debug-iphonesimulator/PackageFrameworks"
2026-04-22T16:44:59.3621450Z ignoring duplicate directory "/Users/runner/work/tcm-storage-ios/tcm-storage-ios/build/Build/Products/Debug-iphonesimulator/PackageFrameworks"
2026-04-22T16:44:59.3622200Z ignoring duplicate directory "/Users/runner/work/tcm-storage-ios/tcm-storage-ios/build/Build/Products/Debug-iphonesimulator/PackageFrameworks"
2026-04-22T16:44:59.3622990Z ignoring duplicate directory "/Users/runner/work/tcm-storage-ios/tcm-storage-ios/build/Build/Products/Debug-iphonesimulator/PackageFrameworks"
2026-04-22T16:44:59.3623750Z ignoring duplicate directory "/Users/runner/work/tcm-storage-ios/tcm-storage-ios/build/Build/Products/Debug-iphonesimulator/PackageFrameworks"
2026-04-22T16:44:59.3624510Z ignoring duplicate directory "/Users/runner/work/tcm-storage-ios/tcm-storage-ios/build/Build/Products/Debug-iphonesimulator/PackageFrameworks"
2026-04-22T16:44:59.3625270Z ignoring duplicate directory "/Users/runner/work/tcm-storage-ios/tcm-storage-ios/build/Build/Products/Debug-iphonesimulator/PackageFrameworks"
2026-04-22T16:44:59.3626100Z ignoring duplicate directory "/Users/runner/work/tcm-storage-ios/tcm-storage-ios/build/Build/Products/Debug-iphonesimulator/PackageFrameworks"
2026-04-22T16:44:59.3626880Z ignoring duplicate directory "/Users/runner/work/tcm-storage-ios/tcm-storage-ios/build/Build/Products/Debug-iphonesimulator/PackageFrameworks"
2026-04-22T16:44:59.3627910Z ignoring duplicate directory "/Users/runner/work/tcm-storage-ios/tcm-storage-ios/build/Build/Products/Debug-iphonesimulator/PackageFrameworks"
2026-04-22T16:44:59.3628650Z ignoring duplicate directory "/Users/runner/work/tcm-storage-ios/tcm-storage-ios/build/Build/Products/Debug-iphonesimulator/PackageFrameworks"
2026-04-22T16:44:59.3629430Z ignoring duplicate directory "/Users/runner/work/tcm-storage-ios/tcm-storage-ios/build/Build/Products/Debug-iphonesimulator/PackageFrameworks"
2026-04-22T16:44:59.3650600Z ignoring duplicate directory "/Users/runner/work/tcm-storage-ios/tcm-storage-ios/build/Build/Products/Debug-iphonesimulator/PackageFrameworks"
2026-04-22T16:44:59.3651410Z ignoring duplicate directory "/Users/runner/work/tcm-storage-ios/tcm-storage-ios/build/Build/Products/Debug-iphonesimulator/PackageFrameworks"
2026-04-22T16:44:59.3652200Z ignoring duplicate directory "/Users/runner/work/tcm-storage-ios/tcm-storage-ios/build/Build/Products/Debug-iphonesimulator/PackageFrameworks"
2026-04-22T16:44:59.3653350Z ignoring duplicate directory "/Users/runner/work/tcm-storage-ios/tcm-storage-ios/build/Build/Products/Debug-iphonesimulator/PackageFrameworks"
2026-04-22T16:44:59.3654120Z ignoring duplicate directory "/Users/runner/work/tcm-storage-ios/tcm-storage-ios/build/Build/Products/Debug-iphonesimulator/PackageFrameworks"
2026-04-22T16:44:59.3655080Z ignoring duplicate directory "/Users/runner/work/tcm-storage-ios/tcm-storage-ios/build/Build/Products/Debug-iphonesimulator/PackageFrameworks"
2026-04-22T16:44:59.3655870Z ignoring duplicate directory "/Users/runner/work/tcm-storage-ios/tcm-storage-ios/build/Build/Products/Debug-iphonesimulator/PackageFrameworks"
2026-04-22T16:44:59.3656640Z ignoring duplicate directory "/Users/runner/work/tcm-storage-ios/tcm-storage-ios/build/Build/Products/Debug-iphonesimulator/PackageFrameworks"
2026-04-22T16:44:59.3657380Z ignoring duplicate directory "/Users/runner/work/tcm-storage-ios/tcm-storage-ios/build/Build/Products/Debug-iphonesimulator/PackageFrameworks"
2026-04-22T16:44:59.3658160Z ignoring duplicate directory "/Users/runner/work/tcm-storage-ios/tcm-storage-ios/build/Build/Products/Debug-iphonesimulator/PackageFrameworks"
2026-04-22T16:44:59.3658970Z ignoring duplicate directory "/Users/runner/work/tcm-storage-ios/tcm-storage-ios/build/Build/Products/Debug-iphonesimulator/PackageFrameworks"
2026-04-22T16:44:59.3659740Z ignoring duplicate directory "/Users/runner/work/tcm-storage-ios/tcm-storage-ios/build/Build/Products/Debug-iphonesimulator/PackageFrameworks"
2026-04-22T16:44:59.3660520Z ignoring duplicate directory "/Users/runner/work/tcm-storage-ios/tcm-storage-ios/build/Build/Products/Debug-iphonesimulator/PackageFrameworks"
2026-04-22T16:44:59.3661310Z ignoring duplicate directory "/Users/runner/work/tcm-storage-ios/tcm-storage-ios/build/Build/Products/Debug-iphonesimulator/PackageFrameworks"
2026-04-22T16:44:59.3662080Z ignoring duplicate directory "/Users/runner/work/tcm-storage-ios/tcm-storage-ios/build/Build/Products/Debug-iphonesimulator/PackageFrameworks"
2026-04-22T16:44:59.3662860Z ignoring duplicate directory "/Users/runner/work/tcm-storage-ios/tcm-storage-ios/build/Build/Products/Debug-iphonesimulator/PackageFrameworks"
2026-04-22T16:44:59.3664020Z ignoring duplicate directory "/Users/runner/work/tcm-storage-ios/tcm-storage-ios/build/Build/Products/Debug-iphonesimulator/PackageFrameworks"
2026-04-22T16:44:59.3666120Z ignoring duplicate directory "/Users/runner/work/tcm-storage-ios/tcm-storage-ios/build/Build/Products/Debug-iphonesimulator/PackageFrameworks"
2026-04-22T16:44:59.3666990Z ignoring duplicate directory "/Users/runner/work/tcm-storage-ios/tcm-storage-ios/build/Build/Products/Debug-iphonesimulator/PackageFrameworks"
2026-04-22T16:44:59.3667770Z ignoring duplicate directory "/Users/runner/work/tcm-storage-ios/tcm-storage-ios/build/Build/Products/Debug-iphonesimulator/PackageFrameworks"
2026-04-22T16:44:59.3669610Z ignoring duplicate directory "/Users/runner/work/tcm-storage-ios/tcm-storage-ios/build/Build/Products/Debug-iphonesimulator/PackageFrameworks"
2026-04-22T16:44:59.3670540Z ignoring duplicate directory "/Users/runner/work/tcm-storage-ios/tcm-storage-ios/build/Build/Products/Debug-iphonesimulator/PackageFrameworks"
2026-04-22T16:44:59.3678390Z ignoring duplicate directory "/Users/runner/work/tcm-storage-ios/tcm-storage-ios/build/Build/Products/Debug-iphonesimulator/PackageFrameworks"
2026-04-22T16:44:59.3679170Z ignoring duplicate directory "/Users/runner/work/tcm-storage-ios/tcm-storage-ios/build/Build/Products/Debug-iphonesimulator/PackageFrameworks"
2026-04-22T16:44:59.3679930Z ignoring duplicate directory "/Users/runner/work/tcm-storage-ios/tcm-storage-ios/build/Build/Products/Debug-iphonesimulator/PackageFrameworks"
2026-04-22T16:44:59.3680720Z ignoring duplicate directory "/Users/runner/work/tcm-storage-ios/tcm-storage-ios/build/Build/Products/Debug-iphonesimulator/PackageFrameworks"
2026-04-22T16:44:59.3681540Z ignoring duplicate directory "/Users/runner/work/tcm-storage-ios/tcm-storage-ios/build/Build/Products/Debug-iphonesimulator/PackageFrameworks"
2026-04-22T16:44:59.3682810Z ignoring duplicate directory "/Users/runner/work/tcm-storage-ios/tcm-storage-ios/build/Build/Products/Debug-iphonesimulator/PackageFrameworks"
2026-04-22T16:44:59.3683580Z ignoring duplicate directory "/Users/runner/work/tcm-storage-ios/tcm-storage-ios/build/Build/Products/Debug-iphonesimulator/PackageFrameworks"
2026-04-22T16:44:59.3684370Z ignoring duplicate directory "/Users/runner/work/tcm-storage-ios/tcm-storage-ios/build/Build/Products/Debug-iphonesimulator/PackageFrameworks"
2026-04-22T16:44:59.3685130Z ignoring duplicate directory "/Users/runner/work/tcm-storage-ios/tcm-storage-ios/build/Build/Products/Debug-iphonesimulator/PackageFrameworks"
2026-04-22T16:44:59.3685890Z ignoring duplicate directory "/Users/runner/work/tcm-storage-ios/tcm-storage-ios/build/Build/Products/Debug-iphonesimulator/PackageFrameworks"
2026-04-22T16:44:59.3686650Z ignoring duplicate directory "/Users/runner/work/tcm-storage-ios/tcm-storage-ios/build/Build/Products/Debug-iphonesimulator/PackageFrameworks"
2026-04-22T16:44:59.3687430Z ignoring duplicate directory "/Users/runner/work/tcm-storage-ios/tcm-storage-ios/build/Build/Products/Debug-iphonesimulator/PackageFrameworks"
2026-04-22T16:44:59.3688260Z ignoring duplicate directory "/Users/runner/work/tcm-storage-ios/tcm-storage-ios/build/Build/Products/Debug-iphonesimulator/PackageFrameworks"
2026-04-22T16:44:59.3689040Z ignoring duplicate directory "/Users/runner/work/tcm-storage-ios/tcm-storage-ios/build/Build/Products/Debug-iphonesimulator/PackageFrameworks"
2026-04-22T16:44:59.3707220Z ignoring duplicate directory "/Users/runner/work/tcm-storage-ios/tcm-storage-ios/build/Build/Products/Debug-iphonesimulator/PackageFrameworks"
2026-04-22T16:44:59.3707740Z #include "..." search starts here:
2026-04-22T16:44:59.3708390Z  /Users/runner/work/tcm-storage-ios/tcm-storage-ios/build/Build/Intermediates.noindex/Nextcloud.build/Debug-iphonesimulator/Nextcloud.build/Nextcloud-generated-files.hmap (headermap)
2026-04-22T16:44:59.3709510Z  /Users/runner/work/tcm-storage-ios/tcm-storage-ios/build/Build/Intermediates.noindex/Nextcloud.build/Debug-iphonesimulator/Nextcloud.build/Nextcloud-project-headers.hmap (headermap)
2026-04-22T16:44:59.3710170Z #include <...> search starts here:
2026-04-22T16:44:59.3710810Z  /Users/runner/work/tcm-storage-ios/tcm-storage-ios/build/Build/Intermediates.noindex/Nextcloud.build/Debug-iphonesimulator/Nextcloud.build/Nextcloud-own-target-headers.hmap (headermap)
2026-04-22T16:44:59.3711940Z  /Users/runner/work/tcm-storage-ios/tcm-storage-ios/build/Build/Intermediates.noindex/Nextcloud.build/Debug-iphonesimulator/Nextcloud.build/Nextcloud-all-non-framework-target-headers.hmap (headermap)
2026-04-22T16:44:59.3713000Z  /Users/runner/work/tcm-storage-ios/tcm-storage-ios/build/SourcePackages/checkouts/swift-nio-ssl/Sources/CNIOBoringSSLShims/include
2026-04-22T16:44:59.3715720Z  /Users/runner/work/tcm-storage-ios/tcm-storage-ios/build/SourcePackages/checkouts/swift-nio-ssl/Sources/CNIOBoringSSL/include
2026-04-22T16:44:59.3722580Z  /Users/runner/work/tcm-storage-ios/tcm-storage-ios/build/SourcePackages/checkouts/swift-atomics/Sources/_AtomicsShims/include
2026-04-22T16:44:59.3724660Z  /Users/runner/work/tcm-storage-ios/tcm-storage-ios/build/SourcePackages/checkouts/swift-nio/Sources/CNIOPosix/include
2026-04-22T16:44:59.3725360Z  /Users/runner/work/tcm-storage-ios/tcm-storage-ios/build/SourcePackages/checkouts/swift-nio/Sources/CNIOWASI/include
2026-04-22T16:44:59.3733730Z  /Users/runner/work/tcm-storage-ios/tcm-storage-ios/build/SourcePackages/checkouts/swift-nio/Sources/CNIOWindows/include
2026-04-22T16:44:59.3735670Z  /Users/runner/work/tcm-storage-ios/tcm-storage-ios/build/SourcePackages/checkouts/swift-nio/Sources/CNIOLinux/include
2026-04-22T16:44:59.3736420Z  /Users/runner/work/tcm-storage-ios/tcm-storage-ios/build/SourcePackages/checkouts/swift-nio/Sources/CNIODarwin/include
2026-04-22T16:44:59.3737160Z  /Users/runner/work/tcm-storage-ios/tcm-storage-ios/build/SourcePackages/checkouts/swift-nio/Sources/CNIOOpenBSD/include
2026-04-22T16:44:59.3738480Z  /Users/runner/work/tcm-storage-ios/tcm-storage-ios/build/SourcePackages/checkouts/swift-nio/Sources/CNIOAtomics/include
2026-04-22T16:44:59.3739150Z  /Users/runner/work/tcm-storage-ios/tcm-storage-ios/build/SourcePackages/checkouts/realm-core/src
2026-04-22T16:44:59.3739780Z  /Users/runner/work/tcm-storage-ios/tcm-storage-ios/build/SourcePackages/checkouts/realm-core/src/external/s2
2026-04-22T16:44:59.3740550Z  /Users/runner/work/tcm-storage-ios/tcm-storage-ios/build/SourcePackages/checkouts/realm-core/src/external/IntelRDFPMathLib20U2/LIBRARY/src
2026-04-22T16:44:59.3741260Z  /Users/runner/work/tcm-storage-ios/tcm-storage-ios/build/SourcePackages/checkouts/realm-core/src/spm
2026-04-22T16:44:59.3741850Z  /Users/runner/work/tcm-storage-ios/tcm-storage-ios/build/SourcePackages/checkouts/realm-swift/include
2026-04-22T16:44:59.3742560Z  /Users/runner/work/tcm-storage-ios/tcm-storage-ios/build/SourcePackages/checkouts/GoogleUtilities/GoogleUtilities/NSData+zlib/Public
2026-04-22T16:44:59.3743310Z  /Users/runner/work/tcm-storage-ios/tcm-storage-ios/build/SourcePackages/checkouts/GoogleUtilities/GoogleUtilities/Logger/Public
2026-04-22T16:44:59.3744040Z  /Users/runner/work/tcm-storage-ios/tcm-storage-ios/build/SourcePackages/checkouts/GoogleUtilities/GoogleUtilities/Environment/Public
2026-04-22T16:44:59.3744760Z  /Users/runner/work/tcm-storage-ios/tcm-storage-ios/build/SourcePackages/checkouts/GoogleUtilities/third_party/IsAppEncrypted/Public
2026-04-22T16:44:59.3745520Z  /Users/runner/work/tcm-storage-ios/tcm-storage-ios/build/SourcePackages/checkouts/GoogleUtilities/GoogleUtilities/UserDefaults/Public
2026-04-22T16:44:59.3746160Z  /Users/runner/work/tcm-storage-ios/tcm-storage-ios/build/SourcePackages/checkouts/nanopb/spm_headers
2026-04-22T16:44:59.3751470Z  /Users/runner/work/tcm-storage-ios/tcm-storage-ios/build/SourcePackages/checkouts/promises/Sources/FBLPromises/include
2026-04-22T16:44:59.3752250Z  /Users/runner/work/tcm-storage-ios/tcm-storage-ios/build/SourcePackages/checkouts/GoogleDataTransport/GoogleDataTransport/GDTCORLibrary/Public
2026-04-22T16:44:59.3753010Z  /Users/runner/work/tcm-storage-ios/tcm-storage-ios/build/SourcePackages/checkouts/firebase-ios-sdk/FirebaseSessions/SourcesObjC
2026-04-22T16:44:59.3753680Z  /Users/runner/work/tcm-storage-ios/tcm-storage-ios/build/SourcePackages/checkouts/firebase-ios-sdk/FirebaseCore/Extension
2026-04-22T16:44:59.3754390Z  /Users/runner/work/tcm-storage-ios/tcm-storage-ios/build/SourcePackages/checkouts/firebase-ios-sdk/FirebaseInstallations/Source/Library/Public
2026-04-22T16:44:59.3755140Z  /Users/runner/work/tcm-storage-ios/tcm-storage-ios/build/SourcePackages/checkouts/firebase-ios-sdk/FirebaseCore/Sources/Public
2026-04-22T16:44:59.3755830Z  /Users/runner/work/tcm-storage-ios/tcm-storage-ios/build/SourcePackages/checkouts/firebase-ios-sdk/CoreOnly/Sources
2026-04-22T16:44:59.3756490Z  /Users/runner/work/tcm-storage-ios/tcm-storage-ios/build/SourcePackages/checkouts/firebase-ios-sdk/Crashlytics/Crashlytics/Public
2026-04-22T16:44:59.3757880Z  /Users/runner/work/tcm-storage-ios/tcm-storage-ios/build/SourcePackages/checkouts/GzipSwift/Sources/system-zlib/include
2026-04-22T16:44:59.3758650Z  /Users/runner/work/tcm-storage-ios/tcm-storage-ios/build/Build/Intermediates.noindex/Nextcloud.build/Debug-iphonesimulator/Nextcloud.build/DerivedSources
2026-04-22T16:44:59.3759430Z  /Users/runner/work/tcm-storage-ios/tcm-storage-ios/build/Build/Products/Debug-iphonesimulator/PackageFrameworks (framework directory)
2026-04-22T16:44:59.3760160Z  /Users/runner/work/tcm-storage-ios/tcm-storage-ios/build/Build/Products/Debug-iphonesimulator (framework directory)
2026-04-22T16:44:59.3760880Z  /Applications/Xcode_26.2.app/Contents/Developer/Platforms/iPhoneSimulator.platform/Developer/Library/Frameworks (framework directory)
2026-04-22T16:44:59.3761740Z  /Applications/Xcode_26.2.app/Contents/Developer/Platforms/iPhoneSimulator.platform/Developer/SDKs/iPhoneSimulator26.2.sdk/Developer/Library/Frameworks (framework directory)
2026-04-22T16:44:59.3762560Z  /Applications/Xcode_26.2.app/Contents/Developer/Toolchains/XcodeDefault.xctoolchain/usr/lib/clang/17/include
2026-04-22T16:44:59.3763510Z  /Applications/Xcode_26.2.app/Contents/Developer/Platforms/iPhoneSimulator.platform/Developer/SDKs/iPhoneSimulator26.2.sdk/usr/include
2026-04-22T16:44:59.3764170Z  /Applications/Xcode_26.2.app/Contents/Developer/Toolchains/XcodeDefault.xctoolchain/usr/include
2026-04-22T16:44:59.3764930Z  /Applications/Xcode_26.2.app/Contents/Developer/Platforms/iPhoneSimulator.platform/Developer/SDKs/iPhoneSimulator26.2.sdk/System/Library/Frameworks (framework directory)
2026-04-22T16:44:59.3768300Z  /Applications/Xcode_26.2.app/Contents/Developer/Platforms/iPhoneSimulator.platform/Developer/SDKs/iPhoneSimulator26.2.sdk/System/Library/SubFrameworks (framework directory)
2026-04-22T16:44:59.3770800Z End of search list.
2026-04-22T16:44:59.3771800Z clang -cc1 version 17.0.0 (clang-1700.6.3.2) default target arm64-apple-darwin24.6.0
2026-04-22T16:44:59.3773460Z ignoring nonexistent directory "/Users/runner/work/tcm-storage-ios/tcm-storage-ios/build/Build/Products/Debug-iphonesimulator/include"
2026-04-22T16:44:59.3775990Z ignoring nonexistent directory "/Users/runner/work/tcm-storage-ios/tcm-storage-ios/build/Build/Intermediates.noindex/Nextcloud.build/Debug-iphonesimulator/Nextcloud.build/DerivedSources-normal/arm64"
2026-04-22T16:44:59.3780350Z ignoring nonexistent directory "/Users/runner/work/tcm-storage-ios/tcm-storage-ios/build/Build/Intermediates.noindex/Nextcloud.build/Debug-iphonesimulator/Nextcloud.build/DerivedSources/arm64"
2026-04-22T16:44:59.3783150Z ignoring nonexistent directory "/Applications/Xcode_26.2.app/Contents/Developer/Platforms/iPhoneSimulator.platform/Developer/SDKs/iPhoneSimulator26.2.sdk/usr/local/include"
2026-04-22T16:44:59.3785760Z ignoring nonexistent directory "/Applications/Xcode_26.2.app/Contents/Developer/Platforms/iPhoneSimulator.platform/Developer/SDKs/iPhoneSimulator26.2.sdk/Library/Frameworks"
2026-04-22T16:44:59.3789350Z ignoring duplicate directory "/Users/runner/work/tcm-storage-ios/tcm-storage-ios/build/Build/Products/Debug-iphonesimulator/PackageFrameworks"
2026-04-22T16:44:59.3813840Z ignoring duplicate directory "/Users/runner/work/tcm-storage-ios/tcm-storage-ios/build/Build/Products/Debug-iphonesimulator/PackageFrameworks"
2026-04-22T16:44:59.3814710Z ignoring duplicate directory "/Users/runner/work/tcm-storage-ios/tcm-storage-ios/build/Build/Products/Debug-iphonesimulator/PackageFrameworks"
2026-04-22T16:44:59.3815750Z ignoring duplicate directory "/Users/runner/work/tcm-storage-ios/tcm-storage-ios/build/Build/Products/Debug-iphonesimulator/PackageFrameworks"
2026-04-22T16:44:59.3816510Z ignoring duplicate directory "/Users/runner/work/tcm-storage-ios/tcm-storage-ios/build/Build/Products/Debug-iphonesimulator/PackageFrameworks"
2026-04-22T16:44:59.3817280Z ignoring duplicate directory "/Users/runner/work/tcm-storage-ios/tcm-storage-ios/build/Build/Products/Debug-iphonesimulator/PackageFrameworks"
2026-04-22T16:44:59.3818530Z ignoring duplicate directory "/Users/runner/work/tcm-storage-ios/tcm-storage-ios/build/Build/Products/Debug-iphonesimulator/PackageFrameworks"
2026-04-22T16:44:59.3819270Z ignoring duplicate directory "/Users/runner/work/tcm-storage-ios/tcm-storage-ios/build/Build/Products/Debug-iphonesimulator/PackageFrameworks"
2026-04-22T16:44:59.3820030Z ignoring duplicate directory "/Users/runner/work/tcm-storage-ios/tcm-storage-ios/build/Build/Products/Debug-iphonesimulator/PackageFrameworks"
2026-04-22T16:44:59.3820770Z ignoring duplicate directory "/Users/runner/work/tcm-storage-ios/tcm-storage-ios/build/Build/Products/Debug-iphonesimulator/PackageFrameworks"
2026-04-22T16:44:59.3821500Z ignoring duplicate directory "/Users/runner/work/tcm-storage-ios/tcm-storage-ios/build/Build/Products/Debug-iphonesimulator/PackageFrameworks"
2026-04-22T16:44:59.3822240Z ignoring duplicate directory "/Users/runner/work/tcm-storage-ios/tcm-storage-ios/build/Build/Products/Debug-iphonesimulator/PackageFrameworks"
2026-04-22T16:44:59.3823220Z ignoring duplicate directory "/Users/runner/work/tcm-storage-ios/tcm-storage-ios/build/Build/Products/Debug-iphonesimulator/PackageFrameworks"
2026-04-22T16:44:59.3824000Z ignoring duplicate directory "/Users/runner/work/tcm-storage-ios/tcm-storage-ios/build/Build/Products/Debug-iphonesimulator/PackageFrameworks"
2026-04-22T16:44:59.3824780Z ignoring duplicate directory "/Users/runner/work/tcm-storage-ios/tcm-storage-ios/build/Build/Products/Debug-iphonesimulator/PackageFrameworks"
2026-04-22T16:44:59.3825530Z ignoring duplicate directory "/Users/runner/work/tcm-storage-ios/tcm-storage-ios/build/Build/Products/Debug-iphonesimulator/PackageFrameworks"
2026-04-22T16:44:59.3826290Z ignoring duplicate directory "/Users/runner/work/tcm-storage-ios/tcm-storage-ios/build/Build/Products/Debug-iphonesimulator/PackageFrameworks"
2026-04-22T16:44:59.3827030Z ignoring duplicate directory "/Users/runner/work/tcm-storage-ios/tcm-storage-ios/build/Build/Products/Debug-iphonesimulator/PackageFrameworks"
2026-04-22T16:44:59.3827780Z ignoring duplicate directory "/Users/runner/work/tcm-storage-ios/tcm-storage-ios/build/Build/Products/Debug-iphonesimulator/PackageFrameworks"
2026-04-22T16:44:59.3828520Z ignoring duplicate directory "/Users/runner/work/tcm-storage-ios/tcm-storage-ios/build/Build/Products/Debug-iphonesimulator/PackageFrameworks"
2026-04-22T16:44:59.3829270Z ignoring duplicate directory "/Users/runner/work/tcm-storage-ios/tcm-storage-ios/build/Build/Products/Debug-iphonesimulator/PackageFrameworks"
2026-04-22T16:44:59.3829990Z ignoring duplicate directory "/Users/runner/work/tcm-storage-ios/tcm-storage-ios/build/Build/Products/Debug-iphonesimulator/PackageFrameworks"
2026-04-22T16:44:59.3830720Z ignoring duplicate directory "/Users/runner/work/tcm-storage-ios/tcm-storage-ios/build/Build/Products/Debug-iphonesimulator/PackageFrameworks"
2026-04-22T16:44:59.3831450Z ignoring duplicate directory "/Users/runner/work/tcm-storage-ios/tcm-storage-ios/build/Build/Products/Debug-iphonesimulator/PackageFrameworks"
2026-04-22T16:44:59.3832230Z ignoring duplicate directory "/Users/runner/work/tcm-storage-ios/tcm-storage-ios/build/Build/Products/Debug-iphonesimulator/PackageFrameworks"
2026-04-22T16:44:59.3833020Z ignoring duplicate directory "/Users/runner/work/tcm-storage-ios/tcm-storage-ios/build/Build/Products/Debug-iphonesimulator/PackageFrameworks"
2026-04-22T16:44:59.3833840Z ignoring duplicate directory "/Users/runner/work/tcm-storage-ios/tcm-storage-ios/build/Build/Products/Debug-iphonesimulator/PackageFrameworks"
2026-04-22T16:44:59.3834660Z ignoring duplicate directory "/Users/runner/work/tcm-storage-ios/tcm-storage-ios/build/Build/Products/Debug-iphonesimulator/PackageFrameworks"
2026-04-22T16:44:59.3835410Z ignoring duplicate directory "/Users/runner/work/tcm-storage-ios/tcm-storage-ios/build/Build/Products/Debug-iphonesimulator/PackageFrameworks"
2026-04-22T16:44:59.3836160Z ignoring duplicate directory "/Users/runner/work/tcm-storage-ios/tcm-storage-ios/build/Build/Products/Debug-iphonesimulator/PackageFrameworks"
2026-04-22T16:44:59.3837590Z ignoring duplicate directory "/Users/runner/work/tcm-storage-ios/tcm-storage-ios/build/Build/Products/Debug-iphonesimulator/PackageFrameworks"
2026-04-22T16:44:59.3838370Z ignoring duplicate directory "/Users/runner/work/tcm-storage-ios/tcm-storage-ios/build/Build/Products/Debug-iphonesimulator/PackageFrameworks"
2026-04-22T16:44:59.3839160Z ignoring duplicate directory "/Users/runner/work/tcm-storage-ios/tcm-storage-ios/build/Build/Products/Debug-iphonesimulator/PackageFrameworks"
2026-04-22T16:44:59.3839900Z ignoring duplicate directory "/Users/runner/work/tcm-storage-ios/tcm-storage-ios/build/Build/Products/Debug-iphonesimulator/PackageFrameworks"
2026-04-22T16:44:59.3841520Z ignoring duplicate directory "/Users/runner/work/tcm-storage-ios/tcm-storage-ios/build/Build/Products/Debug-iphonesimulator/PackageFrameworks"
2026-04-22T16:44:59.3843980Z ignoring duplicate directory "/Users/runner/work/tcm-storage-ios/tcm-storage-ios/build/Build/Products/Debug-iphonesimulator/PackageFrameworks"
2026-04-22T16:44:59.3847490Z ignoring duplicate directory "/Users/runner/work/tcm-storage-ios/tcm-storage-ios/build/Build/Products/Debug-iphonesimulator/PackageFrameworks"
2026-04-22T16:44:59.3849830Z ignoring duplicate directory "/Users/runner/work/tcm-storage-ios/tcm-storage-ios/build/Build/Products/Debug-iphonesimulator/PackageFrameworks"
2026-04-22T16:44:59.3852600Z ignoring duplicate directory "/Users/runner/work/tcm-storage-ios/tcm-storage-ios/build/Build/Products/Debug-iphonesimulator/PackageFrameworks"
2026-04-22T16:44:59.3874820Z ignoring duplicate directory "/Users/runner/work/tcm-storage-ios/tcm-storage-ios/build/Build/Products/Debug-iphonesimulator/PackageFrameworks"
2026-04-22T16:44:59.3877570Z ignoring duplicate directory "/Users/runner/work/tcm-storage-ios/tcm-storage-ios/build/Build/Products/Debug-iphonesimulator/PackageFrameworks"
2026-04-22T16:44:59.3879910Z ignoring duplicate directory "/Users/runner/work/tcm-storage-ios/tcm-storage-ios/build/Build/Products/Debug-iphonesimulator/PackageFrameworks"
2026-04-22T16:44:59.3882120Z ignoring duplicate directory "/Users/runner/work/tcm-storage-ios/tcm-storage-ios/build/Build/Products/Debug-iphonesimulator/PackageFrameworks"
2026-04-22T16:44:59.3884360Z ignoring duplicate directory "/Users/runner/work/tcm-storage-ios/tcm-storage-ios/build/Build/Products/Debug-iphonesimulator/PackageFrameworks"
2026-04-22T16:44:59.3886510Z ignoring duplicate directory "/Users/runner/work/tcm-storage-ios/tcm-storage-ios/build/Build/Products/Debug-iphonesimulator/PackageFrameworks"
2026-04-22T16:44:59.3888650Z ignoring duplicate directory "/Users/runner/work/tcm-storage-ios/tcm-storage-ios/build/Build/Products/Debug-iphonesimulator/PackageFrameworks"
2026-04-22T16:44:59.3890910Z ignoring duplicate directory "/Users/runner/work/tcm-storage-ios/tcm-storage-ios/build/Build/Products/Debug-iphonesimulator/PackageFrameworks"
2026-04-22T16:44:59.3893860Z ignoring duplicate directory "/Users/runner/work/tcm-storage-ios/tcm-storage-ios/build/Build/Products/Debug-iphonesimulator/PackageFrameworks"
2026-04-22T16:44:59.3896070Z ignoring duplicate directory "/Users/runner/work/tcm-storage-ios/tcm-storage-ios/build/Build/Products/Debug-iphonesimulator/PackageFrameworks"
2026-04-22T16:44:59.3898220Z ignoring duplicate directory "/Users/runner/work/tcm-storage-ios/tcm-storage-ios/build/Build/Products/Debug-iphonesimulator/PackageFrameworks"
2026-04-22T16:44:59.3900490Z ignoring duplicate directory "/Users/runner/work/tcm-storage-ios/tcm-storage-ios/build/Build/Products/Debug-iphonesimulator/PackageFrameworks"
2026-04-22T16:44:59.3903280Z ignoring duplicate directory "/Users/runner/work/tcm-storage-ios/tcm-storage-ios/build/Build/Products/Debug-iphonesimulator/PackageFrameworks"
2026-04-22T16:44:59.3905520Z ignoring duplicate directory "/Users/runner/work/tcm-storage-ios/tcm-storage-ios/build/Build/Products/Debug-iphonesimulator/PackageFrameworks"
2026-04-22T16:44:59.3909100Z ignoring duplicate directory "/Users/runner/work/tcm-storage-ios/tcm-storage-ios/build/Build/Products/Debug-iphonesimulator/PackageFrameworks"
2026-04-22T16:44:59.3911360Z ignoring duplicate directory "/Users/runner/work/tcm-storage-ios/tcm-storage-ios/build/Build/Products/Debug-iphonesimulator/PackageFrameworks"
2026-04-22T16:44:59.3913880Z ignoring duplicate directory "/Users/runner/work/tcm-storage-ios/tcm-storage-ios/build/Build/Products/Debug-iphonesimulator/PackageFrameworks"
2026-04-22T16:44:59.3916050Z ignoring duplicate directory "/Users/runner/work/tcm-storage-ios/tcm-storage-ios/build/Build/Products/Debug-iphonesimulator/PackageFrameworks"
2026-04-22T16:44:59.3918170Z ignoring duplicate directory "/Users/runner/work/tcm-storage-ios/tcm-storage-ios/build/Build/Products/Debug-iphonesimulator/PackageFrameworks"
2026-04-22T16:44:59.3920390Z ignoring duplicate directory "/Users/runner/work/tcm-storage-ios/tcm-storage-ios/build/Build/Products/Debug-iphonesimulator/PackageFrameworks"
2026-04-22T16:44:59.3922540Z ignoring duplicate directory "/Users/runner/work/tcm-storage-ios/tcm-storage-ios/build/Build/Products/Debug-iphonesimulator/PackageFrameworks"
2026-04-22T16:44:59.3925800Z ignoring duplicate directory "/Users/runner/work/tcm-storage-ios/tcm-storage-ios/build/Build/Products/Debug-iphonesimulator/PackageFrameworks"
2026-04-22T16:44:59.3928420Z ignoring duplicate directory "/Users/runner/work/tcm-storage-ios/tcm-storage-ios/build/Build/Products/Debug-iphonesimulator/PackageFrameworks"
2026-04-22T16:44:59.3930660Z ignoring duplicate directory "/Users/runner/work/tcm-storage-ios/tcm-storage-ios/build/Build/Products/Debug-iphonesimulator/PackageFrameworks"
2026-04-22T16:44:59.3932820Z ignoring duplicate directory "/Users/runner/work/tcm-storage-ios/tcm-storage-ios/build/Build/Products/Debug-iphonesimulator/PackageFrameworks"
2026-04-22T16:44:59.3934920Z ignoring duplicate directory "/Users/runner/work/tcm-storage-ios/tcm-storage-ios/build/Build/Products/Debug-iphonesimulator/PackageFrameworks"
2026-04-22T16:44:59.3937050Z ignoring duplicate directory "/Users/runner/work/tcm-storage-ios/tcm-storage-ios/build/Build/Products/Debug-iphonesimulator/PackageFrameworks"
2026-04-22T16:44:59.3939120Z ignoring duplicate directory "/Users/runner/work/tcm-storage-ios/tcm-storage-ios/build/Build/Products/Debug-iphonesimulator/PackageFrameworks"
2026-04-22T16:44:59.3941180Z ignoring duplicate directory "/Users/runner/work/tcm-storage-ios/tcm-storage-ios/build/Build/Products/Debug-iphonesimulator/PackageFrameworks"
2026-04-22T16:44:59.3943480Z ignoring duplicate directory "/Users/runner/work/tcm-storage-ios/tcm-storage-ios/build/Build/Products/Debug-iphonesimulator/PackageFrameworks"
2026-04-22T16:44:59.3947090Z ignoring duplicate directory "/Users/runner/work/tcm-storage-ios/tcm-storage-ios/build/Build/Products/Debug-iphonesimulator/PackageFrameworks"
2026-04-22T16:44:59.3949560Z ignoring duplicate directory "/Users/runner/work/tcm-storage-ios/tcm-storage-ios/build/Build/Products/Debug-iphonesimulator/PackageFrameworks"
2026-04-22T16:44:59.3951830Z ignoring duplicate directory "/Users/runner/work/tcm-storage-ios/tcm-storage-ios/build/Build/Products/Debug-iphonesimulator/PackageFrameworks"
2026-04-22T16:44:59.3990540Z ignoring duplicate directory "/Users/runner/work/tcm-storage-ios/tcm-storage-ios/build/Build/Products/Debug-iphonesimulator/PackageFrameworks"
2026-04-22T16:44:59.3992690Z ignoring duplicate directory "/Users/runner/work/tcm-storage-ios/tcm-storage-ios/build/Build/Products/Debug-iphonesimulator/PackageFrameworks"
2026-04-22T16:44:59.3995920Z ignoring duplicate directory "/Users/runner/work/tcm-storage-ios/tcm-storage-ios/build/Build/Products/Debug-iphonesimulator/PackageFrameworks"
2026-04-22T16:44:59.3998040Z ignoring duplicate directory "/Users/runner/work/tcm-storage-ios/tcm-storage-ios/build/Build/Products/Debug-iphonesimulator/PackageFrameworks"
2026-04-22T16:44:59.3999370Z #include "..." search starts here:
2026-04-22T16:44:59.4001090Z  /Users/runner/work/tcm-storage-ios/tcm-storage-ios/build/Build/Intermediates.noindex/Nextcloud.build/Debug-iphonesimulator/Nextcloud.build/Nextcloud-generated-files.hmap (headermap)
2026-04-22T16:44:59.4005670Z  /Users/runner/work/tcm-storage-ios/tcm-storage-ios/build/Build/Intermediates.noindex/Nextcloud.build/Debug-iphonesimulator/Nextcloud.build/Nextcloud-project-headers.hmap (headermap)
2026-04-22T16:44:59.4007550Z #include <...> search starts here:
2026-04-22T16:44:59.4009320Z  /Users/runner/work/tcm-storage-ios/tcm-storage-ios/build/Build/Intermediates.noindex/Nextcloud.build/Debug-iphonesimulator/Nextcloud.build/Nextcloud-own-target-headers.hmap (headermap)
2026-04-22T16:44:59.4013870Z  /Users/runner/work/tcm-storage-ios/tcm-storage-ios/build/Build/Intermediates.noindex/Nextcloud.build/Debug-iphonesimulator/Nextcloud.build/Nextcloud-all-non-framework-target-headers.hmap (headermap)
2026-04-22T16:44:59.4016540Z  /Users/runner/work/tcm-storage-ios/tcm-storage-ios/build/SourcePackages/checkouts/swift-nio-ssl/Sources/CNIOBoringSSLShims/include
2026-04-22T16:44:59.4018480Z  /Users/runner/work/tcm-storage-ios/tcm-storage-ios/build/SourcePackages/checkouts/swift-nio-ssl/Sources/CNIOBoringSSL/include
2026-04-22T16:44:59.4022230Z  /Users/runner/work/tcm-storage-ios/tcm-storage-ios/build/SourcePackages/checkouts/swift-atomics/Sources/_AtomicsShims/include
2026-04-22T16:44:59.4025490Z  /Users/runner/work/tcm-storage-ios/tcm-storage-ios/build/SourcePackages/checkouts/swift-nio/Sources/CNIOPosix/include
2026-04-22T16:44:59.4029660Z  /Users/runner/work/tcm-storage-ios/tcm-storage-ios/build/SourcePackages/checkouts/swift-nio/Sources/CNIOWASI/include
2026-04-22T16:44:59.4031690Z  /Users/runner/work/tcm-storage-ios/tcm-storage-ios/build/SourcePackages/checkouts/swift-nio/Sources/CNIOWindows/include
2026-04-22T16:44:59.4033420Z  /Users/runner/work/tcm-storage-ios/tcm-storage-ios/build/SourcePackages/checkouts/swift-nio/Sources/CNIOLinux/include
2026-04-22T16:44:59.4035140Z  /Users/runner/work/tcm-storage-ios/tcm-storage-ios/build/SourcePackages/checkouts/swift-nio/Sources/CNIODarwin/include
2026-04-22T16:44:59.4037720Z  /Users/runner/work/tcm-storage-ios/tcm-storage-ios/build/SourcePackages/checkouts/swift-nio/Sources/CNIOOpenBSD/include
2026-04-22T16:44:59.4040320Z  /Users/runner/work/tcm-storage-ios/tcm-storage-ios/build/SourcePackages/checkouts/swift-nio/Sources/CNIOAtomics/include
2026-04-22T16:44:59.4042160Z  /Users/runner/work/tcm-storage-ios/tcm-storage-ios/build/SourcePackages/checkouts/realm-core/src
2026-04-22T16:44:59.4043860Z  /Users/runner/work/tcm-storage-ios/tcm-storage-ios/build/SourcePackages/checkouts/realm-core/src/external/s2
2026-04-22T16:44:59.4045740Z  /Users/runner/work/tcm-storage-ios/tcm-storage-ios/build/SourcePackages/checkouts/realm-core/src/external/IntelRDFPMathLib20U2/LIBRARY/src
2026-04-22T16:44:59.4048020Z  /Users/runner/work/tcm-storage-ios/tcm-storage-ios/build/SourcePackages/checkouts/realm-core/src/spm
2026-04-22T16:44:59.4049510Z  /Users/runner/work/tcm-storage-ios/tcm-storage-ios/build/SourcePackages/checkouts/realm-swift/include
2026-04-22T16:44:59.4092440Z  /Users/runner/work/tcm-storage-ios/tcm-storage-ios/build/SourcePackages/checkouts/GoogleUtilities/GoogleUtilities/NSData+zlib/Public
2026-04-22T16:44:59.4094530Z  /Users/runner/work/tcm-storage-ios/tcm-storage-ios/build/SourcePackages/checkouts/GoogleUtilities/GoogleUtilities/Logger/Public
2026-04-22T16:44:59.4097700Z  /Users/runner/work/tcm-storage-ios/tcm-storage-ios/build/SourcePackages/checkouts/GoogleUtilities/GoogleUtilities/Environment/Public
2026-04-22T16:44:59.4099690Z  /Users/runner/work/tcm-storage-ios/tcm-storage-ios/build/SourcePackages/checkouts/GoogleUtilities/third_party/IsAppEncrypted/Public
2026-04-22T16:44:59.4101680Z  /Users/runner/work/tcm-storage-ios/tcm-storage-ios/build/SourcePackages/checkouts/GoogleUtilities/GoogleUtilities/UserDefaults/Public
2026-04-22T16:44:59.4103370Z  /Users/runner/work/tcm-storage-ios/tcm-storage-ios/build/SourcePackages/checkouts/nanopb/spm_headers
2026-04-22T16:44:59.4106470Z  /Users/runner/work/tcm-storage-ios/tcm-storage-ios/build/SourcePackages/checkouts/promises/Sources/FBLPromises/include
2026-04-22T16:44:59.4107530Z  /Users/runner/work/tcm-storage-ios/tcm-storage-ios/build/SourcePackages/checkouts/GoogleDataTransport/GoogleDataTransport/GDTCORLibrary/Public
2026-04-22T16:44:59.4108320Z  /Users/runner/work/tcm-storage-ios/tcm-storage-ios/build/SourcePackages/checkouts/firebase-ios-sdk/FirebaseSessions/SourcesObjC
2026-04-22T16:44:59.4109000Z  /Users/runner/work/tcm-storage-ios/tcm-storage-ios/build/SourcePackages/checkouts/firebase-ios-sdk/FirebaseCore/Extension
2026-04-22T16:44:59.4109710Z  /Users/runner/work/tcm-storage-ios/tcm-storage-ios/build/SourcePackages/checkouts/firebase-ios-sdk/FirebaseInstallations/Source/Library/Public
2026-04-22T16:44:59.4110410Z  /Users/runner/work/tcm-storage-ios/tcm-storage-ios/build/SourcePackages/checkouts/firebase-ios-sdk/FirebaseCore/Sources/Public
2026-04-22T16:44:59.4111080Z  /Users/runner/work/tcm-storage-ios/tcm-storage-ios/build/SourcePackages/checkouts/firebase-ios-sdk/CoreOnly/Sources
2026-04-22T16:44:59.4111740Z  /Users/runner/work/tcm-storage-ios/tcm-storage-ios/build/SourcePackages/checkouts/firebase-ios-sdk/Crashlytics/Crashlytics/Public
2026-04-22T16:44:59.4112570Z  /Users/runner/work/tcm-storage-ios/tcm-storage-ios/build/SourcePackages/checkouts/GzipSwift/Sources/system-zlib/include
2026-04-22T16:44:59.4113350Z  /Users/runner/work/tcm-storage-ios/tcm-storage-ios/build/Build/Intermediates.noindex/Nextcloud.build/Debug-iphonesimulator/Nextcloud.build/DerivedSources
2026-04-22T16:44:59.4114140Z  /Users/runner/work/tcm-storage-ios/tcm-storage-ios/build/Build/Products/Debug-iphonesimulator/PackageFrameworks (framework directory)
2026-04-22T16:44:59.4114850Z  /Users/runner/work/tcm-storage-ios/tcm-storage-ios/build/Build/Products/Debug-iphonesimulator (framework directory)
2026-04-22T16:44:59.4115530Z  /Applications/Xcode_26.2.app/Contents/Developer/Platforms/iPhoneSimulator.platform/Developer/Library/Frameworks (framework directory)
2026-04-22T16:44:59.4116370Z  /Applications/Xcode_26.2.app/Contents/Developer/Platforms/iPhoneSimulator.platform/Developer/SDKs/iPhoneSimulator26.2.sdk/Developer/Library/Frameworks (framework directory)
2026-04-22T16:44:59.4117130Z  /Applications/Xcode_26.2.app/Contents/Developer/Toolchains/XcodeDefault.xctoolchain/usr/lib/clang/17/include
2026-04-22T16:44:59.4117800Z  /Applications/Xcode_26.2.app/Contents/Developer/Platforms/iPhoneSimulator.platform/Developer/SDKs/iPhoneSimulator26.2.sdk/usr/include
2026-04-22T16:44:59.4118420Z  /Applications/Xcode_26.2.app/Contents/Developer/Toolchains/XcodeDefault.xctoolchain/usr/include
2026-04-22T16:44:59.4119130Z  /Applications/Xcode_26.2.app/Contents/Developer/Platforms/iPhoneSimulator.platform/Developer/SDKs/iPhoneSimulator26.2.sdk/System/Library/Frameworks (framework directory)
2026-04-22T16:44:59.4120080Z  /Applications/Xcode_26.2.app/Contents/Developer/Platforms/iPhoneSimulator.platform/Developer/SDKs/iPhoneSimulator26.2.sdk/System/Library/SubFrameworks (framework directory)
2026-04-22T16:44:59.4120630Z End of search list.
2026-04-22T16:44:59.4120880Z clang -cc1 version 17.0.0 (clang-1700.6.3.2) default target arm64-apple-darwin24.6.0
2026-04-22T16:44:59.4121440Z ignoring nonexistent directory "/Users/runner/work/tcm-storage-ios/tcm-storage-ios/build/Build/Products/Debug-iphonesimulator/include"
2026-04-22T16:44:59.4122330Z ignoring nonexistent directory "/Users/runner/work/tcm-storage-ios/tcm-storage-ios/build/Build/Intermediates.noindex/Nextcloud.build/Debug-iphonesimulator/Nextcloud.build/DerivedSources-normal/arm64"
2026-04-22T16:44:59.4123400Z ignoring nonexistent directory "/Users/runner/work/tcm-storage-ios/tcm-storage-ios/build/Build/Intermediates.noindex/Nextcloud.build/Debug-iphonesimulator/Nextcloud.build/DerivedSources/arm64"
2026-04-22T16:44:59.4124390Z ignoring nonexistent directory "/Applications/Xcode_26.2.app/Contents/Developer/Platforms/iPhoneSimulator.platform/Developer/SDKs/iPhoneSimulator26.2.sdk/usr/local/include"
2026-04-22T16:44:59.4125350Z ignoring nonexistent directory "/Applications/Xcode_26.2.app/Contents/Developer/Platforms/iPhoneSimulator.platform/Developer/SDKs/iPhoneSimulator26.2.sdk/Library/Frameworks"
2026-04-22T16:44:59.4126620Z ignoring duplicate directory "/Users/runner/work/tcm-storage-ios/tcm-storage-ios/build/Build/Products/Debug-iphonesimulator/PackageFrameworks"
2026-04-22T16:44:59.4130450Z ignoring duplicate directory "/Users/runner/work/tcm-storage-ios/tcm-storage-ios/build/Build/Products/Debug-iphonesimulator/PackageFrameworks"
2026-04-22T16:44:59.4146750Z ignoring duplicate directory "/Users/runner/work/tcm-storage-ios/tcm-storage-ios/build/Build/Products/Debug-iphonesimulator/PackageFrameworks"
2026-04-22T16:44:59.4147560Z ignoring duplicate directory "/Users/runner/work/tcm-storage-ios/tcm-storage-ios/build/Build/Products/Debug-iphonesimulator/PackageFrameworks"
2026-04-22T16:44:59.4148330Z ignoring duplicate directory "/Users/runner/work/tcm-storage-ios/tcm-storage-ios/build/Build/Products/Debug-iphonesimulator/PackageFrameworks"
2026-04-22T16:44:59.4149110Z ignoring duplicate directory "/Users/runner/work/tcm-storage-ios/tcm-storage-ios/build/Build/Products/Debug-iphonesimulator/PackageFrameworks"
2026-04-22T16:44:59.4153290Z ignoring duplicate directory "/Users/runner/work/tcm-storage-ios/tcm-storage-ios/build/Build/Products/Debug-iphonesimulator/PackageFrameworks"
2026-04-22T16:44:59.4155650Z ignoring duplicate directory "/Users/runner/work/tcm-storage-ios/tcm-storage-ios/build/Build/Products/Debug-iphonesimulator/PackageFrameworks"
2026-04-22T16:44:59.4157840Z ignoring duplicate directory "/Users/runner/work/tcm-storage-ios/tcm-storage-ios/build/Build/Products/Debug-iphonesimulator/PackageFrameworks"
2026-04-22T16:44:59.4160000Z ignoring duplicate directory "/Users/runner/work/tcm-storage-ios/tcm-storage-ios/build/Build/Products/Debug-iphonesimulator/PackageFrameworks"
2026-04-22T16:44:59.4165240Z ignoring duplicate directory "/Users/runner/work/tcm-storage-ios/tcm-storage-ios/build/Build/Products/Debug-iphonesimulator/PackageFrameworks"
2026-04-22T16:44:59.4180440Z ignoring duplicate directory "/Users/runner/work/tcm-storage-ios/tcm-storage-ios/build/Build/Products/Debug-iphonesimulator/PackageFrameworks"
2026-04-22T16:44:59.4181290Z ignoring duplicate directory "/Users/runner/work/tcm-storage-ios/tcm-storage-ios/build/Build/Products/Debug-iphonesimulator/PackageFrameworks"
2026-04-22T16:44:59.4182030Z ignoring duplicate directory "/Users/runner/work/tcm-storage-ios/tcm-storage-ios/build/Build/Products/Debug-iphonesimulator/PackageFrameworks"
2026-04-22T16:44:59.4182780Z ignoring duplicate directory "/Users/runner/work/tcm-storage-ios/tcm-storage-ios/build/Build/Products/Debug-iphonesimulator/PackageFrameworks"
2026-04-22T16:44:59.4183530Z ignoring duplicate directory "/Users/runner/work/tcm-storage-ios/tcm-storage-ios/build/Build/Products/Debug-iphonesimulator/PackageFrameworks"
2026-04-22T16:44:59.4184260Z ignoring duplicate directory "/Users/runner/work/tcm-storage-ios/tcm-storage-ios/build/Build/Products/Debug-iphonesimulator/PackageFrameworks"
2026-04-22T16:44:59.4185000Z ignoring duplicate directory "/Users/runner/work/tcm-storage-ios/tcm-storage-ios/build/Build/Products/Debug-iphonesimulator/PackageFrameworks"
2026-04-22T16:44:59.4185750Z ignoring duplicate directory "/Users/runner/work/tcm-storage-ios/tcm-storage-ios/build/Build/Products/Debug-iphonesimulator/PackageFrameworks"
2026-04-22T16:44:59.4186530Z ignoring duplicate directory "/Users/runner/work/tcm-storage-ios/tcm-storage-ios/build/Build/Products/Debug-iphonesimulator/PackageFrameworks"
2026-04-22T16:44:59.4205300Z ignoring duplicate directory "/Users/runner/work/tcm-storage-ios/tcm-storage-ios/build/Build/Products/Debug-iphonesimulator/PackageFrameworks"
2026-04-22T16:44:59.4206120Z ignoring duplicate directory "/Users/runner/work/tcm-storage-ios/tcm-storage-ios/build/Build/Products/Debug-iphonesimulator/PackageFrameworks"
2026-04-22T16:44:59.4206910Z ignoring duplicate directory "/Users/runner/work/tcm-storage-ios/tcm-storage-ios/build/Build/Products/Debug-iphonesimulator/PackageFrameworks"
2026-04-22T16:44:59.4207680Z ignoring duplicate directory "/Users/runner/work/tcm-storage-ios/tcm-storage-ios/build/Build/Products/Debug-iphonesimulator/PackageFrameworks"
2026-04-22T16:44:59.4208960Z ignoring duplicate directory "/Users/runner/work/tcm-storage-ios/tcm-storage-ios/build/Build/Products/Debug-iphonesimulator/PackageFrameworks"
2026-04-22T16:44:59.4210100Z ignoring duplicate directory "/Users/runner/work/tcm-storage-ios/tcm-storage-ios/build/Build/Products/Debug-iphonesimulator/PackageFrameworks"
2026-04-22T16:44:59.4210850Z ignoring duplicate directory "/Users/runner/work/tcm-storage-ios/tcm-storage-ios/build/Build/Products/Debug-iphonesimulator/PackageFrameworks"
2026-04-22T16:44:59.4211580Z ignoring duplicate directory "/Users/runner/work/tcm-storage-ios/tcm-storage-ios/build/Build/Products/Debug-iphonesimulator/PackageFrameworks"
2026-04-22T16:44:59.4212330Z ignoring duplicate directory "/Users/runner/work/tcm-storage-ios/tcm-storage-ios/build/Build/Products/Debug-iphonesimulator/PackageFrameworks"
2026-04-22T16:44:59.4213180Z ignoring duplicate directory "/Users/runner/work/tcm-storage-ios/tcm-storage-ios/build/Build/Products/Debug-iphonesimulator/PackageFrameworks"
2026-04-22T16:44:59.4214180Z ignoring duplicate directory "/Users/runner/work/tcm-storage-ios/tcm-storage-ios/build/Build/Products/Debug-iphonesimulator/PackageFrameworks"
2026-04-22T16:44:59.4214980Z ignoring duplicate directory "/Users/runner/work/tcm-storage-ios/tcm-storage-ios/build/Build/Products/Debug-iphonesimulator/PackageFrameworks"
2026-04-22T16:44:59.4215770Z ignoring duplicate directory "/Users/runner/work/tcm-storage-ios/tcm-storage-ios/build/Build/Products/Debug-iphonesimulator/PackageFrameworks"
2026-04-22T16:44:59.4216530Z ignoring duplicate directory "/Users/runner/work/tcm-storage-ios/tcm-storage-ios/build/Build/Products/Debug-iphonesimulator/PackageFrameworks"
2026-04-22T16:44:59.4217310Z ignoring duplicate directory "/Users/runner/work/tcm-storage-ios/tcm-storage-ios/build/Build/Products/Debug-iphonesimulator/PackageFrameworks"
2026-04-22T16:44:59.4218080Z ignoring duplicate directory "/Users/runner/work/tcm-storage-ios/tcm-storage-ios/build/Build/Products/Debug-iphonesimulator/PackageFrameworks"
2026-04-22T16:44:59.4218850Z ignoring duplicate directory "/Users/runner/work/tcm-storage-ios/tcm-storage-ios/build/Build/Products/Debug-iphonesimulator/PackageFrameworks"
2026-04-22T16:44:59.4219640Z ignoring duplicate directory "/Users/runner/work/tcm-storage-ios/tcm-storage-ios/build/Build/Products/Debug-iphonesimulator/PackageFrameworks"
2026-04-22T16:44:59.4220450Z ignoring duplicate directory "/Users/runner/work/tcm-storage-ios/tcm-storage-ios/build/Build/Products/Debug-iphonesimulator/PackageFrameworks"
2026-04-22T16:44:59.4221230Z ignoring duplicate directory "/Users/runner/work/tcm-storage-ios/tcm-storage-ios/build/Build/Products/Debug-iphonesimulator/PackageFrameworks"
2026-04-22T16:44:59.4222010Z ignoring duplicate directory "/Users/runner/work/tcm-storage-ios/tcm-storage-ios/build/Build/Products/Debug-iphonesimulator/PackageFrameworks"
2026-04-22T16:44:59.4222780Z ignoring duplicate directory "/Users/runner/work/tcm-storage-ios/tcm-storage-ios/build/Build/Products/Debug-iphonesimulator/PackageFrameworks"
2026-04-22T16:44:59.4224870Z ignoring duplicate directory "/Users/runner/work/tcm-storage-ios/tcm-storage-ios/build/Build/Products/Debug-iphonesimulator/PackageFrameworks"
2026-04-22T16:44:59.4225660Z ignoring duplicate directory "/Users/runner/work/tcm-storage-ios/tcm-storage-ios/build/Build/Products/Debug-iphonesimulator/PackageFrameworks"
2026-04-22T16:44:59.4227040Z ignoring duplicate directory "/Users/runner/work/tcm-storage-ios/tcm-storage-ios/build/Build/Products/Debug-iphonesimulator/PackageFrameworks"
2026-04-22T16:44:59.4230270Z ignoring duplicate directory "/Users/runner/work/tcm-storage-ios/tcm-storage-ios/build/Build/Products/Debug-iphonesimulator/PackageFrameworks"
2026-04-22T16:44:59.4232600Z ignoring duplicate directory "/Users/runner/work/tcm-storage-ios/tcm-storage-ios/build/Build/Products/Debug-iphonesimulator/PackageFrameworks"
2026-04-22T16:44:59.4236620Z ignoring duplicate directory "/Users/runner/work/tcm-storage-ios/tcm-storage-ios/build/Build/Products/Debug-iphonesimulator/PackageFrameworks"
2026-04-22T16:44:59.4239900Z ignoring duplicate directory "/Users/runner/work/tcm-storage-ios/tcm-storage-ios/build/Build/Products/Debug-iphonesimulator/PackageFrameworks"
2026-04-22T16:44:59.4242280Z ignoring duplicate directory "/Users/runner/work/tcm-storage-ios/tcm-storage-ios/build/Build/Products/Debug-iphonesimulator/PackageFrameworks"
2026-04-22T16:44:59.4246420Z ignoring duplicate directory "/Users/runner/work/tcm-storage-ios/tcm-storage-ios/build/Build/Products/Debug-iphonesimulator/PackageFrameworks"
2026-04-22T16:44:59.4248840Z ignoring duplicate directory "/Users/runner/work/tcm-storage-ios/tcm-storage-ios/build/Build/Products/Debug-iphonesimulator/PackageFrameworks"
2026-04-22T16:44:59.4253370Z ignoring duplicate directory "/Users/runner/work/tcm-storage-ios/tcm-storage-ios/build/Build/Products/Debug-iphonesimulator/PackageFrameworks"
2026-04-22T16:44:59.4254740Z ignoring duplicate directory "/Users/runner/work/tcm-storage-ios/tcm-storage-ios/build/Build/Products/Debug-iphonesimulator/PackageFrameworks"
2026-04-22T16:44:59.4259450Z ignoring duplicate directory "/Users/runner/work/tcm-storage-ios/tcm-storage-ios/build/Build/Products/Debug-iphonesimulator/PackageFrameworks"
2026-04-22T16:44:59.4263750Z ignoring duplicate directory "/Users/runner/work/tcm-storage-ios/tcm-storage-ios/build/Build/Products/Debug-iphonesimulator/PackageFrameworks"
2026-04-22T16:44:59.4266770Z ignoring duplicate directory "/Users/runner/work/tcm-storage-ios/tcm-storage-ios/build/Build/Products/Debug-iphonesimulator/PackageFrameworks"
2026-04-22T16:44:59.4269740Z ignoring duplicate directory "/Users/runner/work/tcm-storage-ios/tcm-storage-ios/build/Build/Products/Debug-iphonesimulator/PackageFrameworks"
2026-04-22T16:44:59.4273390Z ignoring duplicate directory "/Users/runner/work/tcm-storage-ios/tcm-storage-ios/build/Build/Products/Debug-iphonesimulator/PackageFrameworks"
2026-04-22T16:44:59.4275490Z ignoring duplicate directory "/Users/runner/work/tcm-storage-ios/tcm-storage-ios/build/Build/Products/Debug-iphonesimulator/PackageFrameworks"
2026-04-22T16:44:59.4277560Z ignoring duplicate directory "/Users/runner/work/tcm-storage-ios/tcm-storage-ios/build/Build/Products/Debug-iphonesimulator/PackageFrameworks"
2026-04-22T16:44:59.4279670Z ignoring duplicate directory "/Users/runner/work/tcm-storage-ios/tcm-storage-ios/build/Build/Products/Debug-iphonesimulator/PackageFrameworks"
2026-04-22T16:44:59.4285120Z ignoring duplicate directory "/Users/runner/work/tcm-storage-ios/tcm-storage-ios/build/Build/Products/Debug-iphonesimulator/PackageFrameworks"
2026-04-22T16:44:59.4322100Z ignoring duplicate directory "/Users/runner/work/tcm-storage-ios/tcm-storage-ios/build/Build/Products/Debug-iphonesimulator/PackageFrameworks"
2026-04-22T16:44:59.4324760Z ignoring duplicate directory "/Users/runner/work/tcm-storage-ios/tcm-storage-ios/build/Build/Products/Debug-iphonesimulator/PackageFrameworks"
2026-04-22T16:44:59.4327300Z ignoring duplicate directory "/Users/runner/work/tcm-storage-ios/tcm-storage-ios/build/Build/Products/Debug-iphonesimulator/PackageFrameworks"
2026-04-22T16:44:59.4329890Z ignoring duplicate directory "/Users/runner/work/tcm-storage-ios/tcm-storage-ios/build/Build/Products/Debug-iphonesimulator/PackageFrameworks"
2026-04-22T16:44:59.4332240Z ignoring duplicate directory "/Users/runner/work/tcm-storage-ios/tcm-storage-ios/build/Build/Products/Debug-iphonesimulator/PackageFrameworks"
2026-04-22T16:44:59.4334770Z ignoring duplicate directory "/Users/runner/work/tcm-storage-ios/tcm-storage-ios/build/Build/Products/Debug-iphonesimulator/PackageFrameworks"
2026-04-22T16:44:59.4337050Z ignoring duplicate directory "/Users/runner/work/tcm-storage-ios/tcm-storage-ios/build/Build/Products/Debug-iphonesimulator/PackageFrameworks"
2026-04-22T16:44:59.4339210Z ignoring duplicate directory "/Users/runner/work/tcm-storage-ios/tcm-storage-ios/build/Build/Products/Debug-iphonesimulator/PackageFrameworks"
2026-04-22T16:44:59.4342210Z ignoring duplicate directory "/Users/runner/work/tcm-storage-ios/tcm-storage-ios/build/Build/Products/Debug-iphonesimulator/PackageFrameworks"
2026-04-22T16:44:59.4344420Z ignoring duplicate directory "/Users/runner/work/tcm-storage-ios/tcm-storage-ios/build/Build/Products/Debug-iphonesimulator/PackageFrameworks"
2026-04-22T16:44:59.4346960Z ignoring duplicate directory "/Users/runner/work/tcm-storage-ios/tcm-storage-ios/build/Build/Products/Debug-iphonesimulator/PackageFrameworks"
2026-04-22T16:44:59.4349330Z ignoring duplicate directory "/Users/runner/work/tcm-storage-ios/tcm-storage-ios/build/Build/Products/Debug-iphonesimulator/PackageFrameworks"
2026-04-22T16:44:59.4351790Z ignoring duplicate directory "/Users/runner/work/tcm-storage-ios/tcm-storage-ios/build/Build/Products/Debug-iphonesimulator/PackageFrameworks"
2026-04-22T16:44:59.4353410Z #include "..." search starts here:
2026-04-22T16:44:59.4355260Z  /Users/runner/work/tcm-storage-ios/tcm-storage-ios/build/Build/Intermediates.noindex/Nextcloud.build/Debug-iphonesimulator/Nextcloud.build/Nextcloud-generated-files.hmap (headermap)
2026-04-22T16:44:59.4359820Z  /Users/runner/work/tcm-storage-ios/tcm-storage-ios/build/Build/Intermediates.noindex/Nextcloud.build/Debug-iphonesimulator/Nextcloud.build/Nextcloud-project-headers.hmap (headermap)
2026-04-22T16:44:59.4366760Z #include <...> search starts here:
2026-04-22T16:44:59.4367440Z  /Users/runner/work/tcm-storage-ios/tcm-storage-ios/build/Build/Intermediates.noindex/Nextcloud.build/Debug-iphonesimulator/Nextcloud.build/Nextcloud-own-target-headers.hmap (headermap)
2026-04-22T16:44:59.4368820Z  /Users/runner/work/tcm-storage-ios/tcm-storage-ios/build/Build/Intermediates.noindex/Nextcloud.build/Debug-iphonesimulator/Nextcloud.build/Nextcloud-all-non-framework-target-headers.hmap (headermap)
2026-04-22T16:44:59.4369980Z  /Users/runner/work/tcm-storage-ios/tcm-storage-ios/build/SourcePackages/checkouts/swift-nio-ssl/Sources/CNIOBoringSSLShims/include
2026-04-22T16:44:59.4371100Z  /Users/runner/work/tcm-storage-ios/tcm-storage-ios/build/SourcePackages/checkouts/swift-nio-ssl/Sources/CNIOBoringSSL/include
2026-04-22T16:44:59.4371900Z  /Users/runner/work/tcm-storage-ios/tcm-storage-ios/build/SourcePackages/checkouts/swift-atomics/Sources/_AtomicsShims/include
2026-04-22T16:44:59.4372660Z  /Users/runner/work/tcm-storage-ios/tcm-storage-ios/build/SourcePackages/checkouts/swift-nio/Sources/CNIOPosix/include
2026-04-22T16:44:59.4373360Z  /Users/runner/work/tcm-storage-ios/tcm-storage-ios/build/SourcePackages/checkouts/swift-nio/Sources/CNIOWASI/include
2026-04-22T16:44:59.4374530Z  /Users/runner/work/tcm-storage-ios/tcm-storage-ios/build/SourcePackages/checkouts/swift-nio/Sources/CNIOWindows/include
2026-04-22T16:44:59.4382240Z  /Users/runner/work/tcm-storage-ios/tcm-storage-ios/build/SourcePackages/checkouts/swift-nio/Sources/CNIOLinux/include
2026-04-22T16:44:59.4382870Z  /Users/runner/work/tcm-storage-ios/tcm-storage-ios/build/SourcePackages/checkouts/swift-nio/Sources/CNIODarwin/include
2026-04-22T16:44:59.4383500Z  /Users/runner/work/tcm-storage-ios/tcm-storage-ios/build/SourcePackages/checkouts/swift-nio/Sources/CNIOOpenBSD/include
2026-04-22T16:44:59.4384110Z  /Users/runner/work/tcm-storage-ios/tcm-storage-ios/build/SourcePackages/checkouts/swift-nio/Sources/CNIOAtomics/include
2026-04-22T16:44:59.4384660Z  /Users/runner/work/tcm-storage-ios/tcm-storage-ios/build/SourcePackages/checkouts/realm-core/src
2026-04-22T16:44:59.4385180Z  /Users/runner/work/tcm-storage-ios/tcm-storage-ios/build/SourcePackages/checkouts/realm-core/src/external/s2
2026-04-22T16:44:59.4385830Z  /Users/runner/work/tcm-storage-ios/tcm-storage-ios/build/SourcePackages/checkouts/realm-core/src/external/IntelRDFPMathLib20U2/LIBRARY/src
2026-04-22T16:44:59.4386680Z  /Users/runner/work/tcm-storage-ios/tcm-storage-ios/build/SourcePackages/checkouts/realm-core/src/spm
2026-04-22T16:44:59.4387200Z  /Users/runner/work/tcm-storage-ios/tcm-storage-ios/build/SourcePackages/checkouts/realm-swift/include
2026-04-22T16:44:59.4388460Z  /Users/runner/work/tcm-storage-ios/tcm-storage-ios/build/SourcePackages/checkouts/GoogleUtilities/GoogleUtilities/NSData+zlib/Public
2026-04-22T16:44:59.4389190Z  /Users/runner/work/tcm-storage-ios/tcm-storage-ios/build/SourcePackages/checkouts/GoogleUtilities/GoogleUtilities/Logger/Public
2026-04-22T16:44:59.4389880Z  /Users/runner/work/tcm-storage-ios/tcm-storage-ios/build/SourcePackages/checkouts/GoogleUtilities/GoogleUtilities/Environment/Public
2026-04-22T16:44:59.4390580Z  /Users/runner/work/tcm-storage-ios/tcm-storage-ios/build/SourcePackages/checkouts/GoogleUtilities/third_party/IsAppEncrypted/Public
2026-04-22T16:44:59.4391280Z  /Users/runner/work/tcm-storage-ios/tcm-storage-ios/build/SourcePackages/checkouts/GoogleUtilities/GoogleUtilities/UserDefaults/Public
2026-04-22T16:44:59.4391910Z  /Users/runner/work/tcm-storage-ios/tcm-storage-ios/build/SourcePackages/checkouts/nanopb/spm_headers
2026-04-22T16:44:59.4392490Z  /Users/runner/work/tcm-storage-ios/tcm-storage-ios/build/SourcePackages/checkouts/promises/Sources/FBLPromises/include
2026-04-22T16:44:59.4393200Z  /Users/runner/work/tcm-storage-ios/tcm-storage-ios/build/SourcePackages/checkouts/GoogleDataTransport/GoogleDataTransport/GDTCORLibrary/Public
2026-04-22T16:44:59.4394280Z  /Users/runner/work/tcm-storage-ios/tcm-storage-ios/build/SourcePackages/checkouts/firebase-ios-sdk/FirebaseSessions/SourcesObjC
2026-04-22T16:44:59.4394980Z  /Users/runner/work/tcm-storage-ios/tcm-storage-ios/build/SourcePackages/checkouts/firebase-ios-sdk/FirebaseCore/Extension
2026-04-22T16:44:59.4395690Z  /Users/runner/work/tcm-storage-ios/tcm-storage-ios/build/SourcePackages/checkouts/firebase-ios-sdk/FirebaseInstallations/Source/Library/Public
2026-04-22T16:44:59.4396410Z  /Users/runner/work/tcm-storage-ios/tcm-storage-ios/build/SourcePackages/checkouts/firebase-ios-sdk/FirebaseCore/Sources/Public
2026-04-22T16:44:59.4397050Z  /Users/runner/work/tcm-storage-ios/tcm-storage-ios/build/SourcePackages/checkouts/firebase-ios-sdk/CoreOnly/Sources
2026-04-22T16:44:59.4397700Z  /Users/runner/work/tcm-storage-ios/tcm-storage-ios/build/SourcePackages/checkouts/firebase-ios-sdk/Crashlytics/Crashlytics/Public
2026-04-22T16:44:59.4398380Z  /Users/runner/work/tcm-storage-ios/tcm-storage-ios/build/SourcePackages/checkouts/GzipSwift/Sources/system-zlib/include
2026-04-22T16:44:59.4399110Z  /Users/runner/work/tcm-storage-ios/tcm-storage-ios/build/Build/Intermediates.noindex/Nextcloud.build/Debug-iphonesimulator/Nextcloud.build/DerivedSources
2026-04-22T16:44:59.4399890Z  /Users/runner/work/tcm-storage-ios/tcm-storage-ios/build/Build/Products/Debug-iphonesimulator/PackageFrameworks (framework directory)
2026-04-22T16:44:59.4400560Z  /Users/runner/work/tcm-storage-ios/tcm-storage-ios/build/Build/Products/Debug-iphonesimulator (framework directory)
2026-04-22T16:44:59.4401590Z  /Applications/Xcode_26.2.app/Contents/Developer/Platforms/iPhoneSimulator.platform/Developer/Library/Frameworks (framework directory)
2026-04-22T16:44:59.4402420Z  /Applications/Xcode_26.2.app/Contents/Developer/Platforms/iPhoneSimulator.platform/Developer/SDKs/iPhoneSimulator26.2.sdk/Developer/Library/Frameworks (framework directory)
2026-04-22T16:44:59.4403170Z  /Applications/Xcode_26.2.app/Contents/Developer/Toolchains/XcodeDefault.xctoolchain/usr/lib/clang/17/include
2026-04-22T16:44:59.4403810Z  /Applications/Xcode_26.2.app/Contents/Developer/Platforms/iPhoneSimulator.platform/Developer/SDKs/iPhoneSimulator26.2.sdk/usr/include
2026-04-22T16:44:59.4404410Z  /Applications/Xcode_26.2.app/Contents/Developer/Toolchains/XcodeDefault.xctoolchain/usr/include
2026-04-22T16:44:59.4405110Z  /Applications/Xcode_26.2.app/Contents/Developer/Platforms/iPhoneSimulator.platform/Developer/SDKs/iPhoneSimulator26.2.sdk/System/Library/Frameworks (framework directory)
2026-04-22T16:44:59.4406270Z  /Applications/Xcode_26.2.app/Contents/Developer/Platforms/iPhoneSimulator.platform/Developer/SDKs/iPhoneSimulator26.2.sdk/System/Library/SubFrameworks (framework directory)
2026-04-22T16:44:59.4436870Z End of search list.
2026-04-22T16:44:59.4437870Z clang -cc1 version 17.0.0 (clang-1700.6.3.2) default target arm64-apple-darwin24.6.0
2026-04-22T16:44:59.4438470Z ignoring nonexistent directory "/Users/runner/work/tcm-storage-ios/tcm-storage-ios/build/Build/Products/Debug-iphonesimulator/include"
2026-04-22T16:44:59.4439380Z ignoring nonexistent directory "/Users/runner/work/tcm-storage-ios/tcm-storage-ios/build/Build/Intermediates.noindex/Nextcloud.build/Debug-iphonesimulator/Nextcloud.build/DerivedSources-normal/arm64"
2026-04-22T16:44:59.4440460Z ignoring nonexistent directory "/Users/runner/work/tcm-storage-ios/tcm-storage-ios/build/Build/Intermediates.noindex/Nextcloud.build/Debug-iphonesimulator/Nextcloud.build/DerivedSources/arm64"
2026-04-22T16:44:59.4441470Z ignoring nonexistent directory "/Applications/Xcode_26.2.app/Contents/Developer/Platforms/iPhoneSimulator.platform/Developer/SDKs/iPhoneSimulator26.2.sdk/usr/local/include"
2026-04-22T16:44:59.4442430Z ignoring nonexistent directory "/Applications/Xcode_26.2.app/Contents/Developer/Platforms/iPhoneSimulator.platform/Developer/SDKs/iPhoneSimulator26.2.sdk/Library/Frameworks"
2026-04-22T16:44:59.4443480Z ignoring duplicate directory "/Users/runner/work/tcm-storage-ios/tcm-storage-ios/build/Build/Products/Debug-iphonesimulator/PackageFrameworks"
2026-04-22T16:44:59.4444270Z ignoring duplicate directory "/Users/runner/work/tcm-storage-ios/tcm-storage-ios/build/Build/Products/Debug-iphonesimulator/PackageFrameworks"
2026-04-22T16:44:59.4445030Z ignoring duplicate directory "/Users/runner/work/tcm-storage-ios/tcm-storage-ios/build/Build/Products/Debug-iphonesimulator/PackageFrameworks"
2026-04-22T16:44:59.4445780Z ignoring duplicate directory "/Users/runner/work/tcm-storage-ios/tcm-storage-ios/build/Build/Products/Debug-iphonesimulator/PackageFrameworks"
2026-04-22T16:44:59.4450280Z ignoring duplicate directory "/Users/runner/work/tcm-storage-ios/tcm-storage-ios/build/Build/Products/Debug-iphonesimulator/PackageFrameworks"
2026-04-22T16:44:59.4452570Z ignoring duplicate directory "/Users/runner/work/tcm-storage-ios/tcm-storage-ios/build/Build/Products/Debug-iphonesimulator/PackageFrameworks"
2026-04-22T16:44:59.4454810Z ignoring duplicate directory "/Users/runner/work/tcm-storage-ios/tcm-storage-ios/build/Build/Products/Debug-iphonesimulator/PackageFrameworks"
2026-04-22T16:44:59.4456990Z ignoring duplicate directory "/Users/runner/work/tcm-storage-ios/tcm-storage-ios/build/Build/Products/Debug-iphonesimulator/PackageFrameworks"
2026-04-22T16:44:59.4459200Z ignoring duplicate directory "/Users/runner/work/tcm-storage-ios/tcm-storage-ios/build/Build/Products/Debug-iphonesimulator/PackageFrameworks"
2026-04-22T16:44:59.4461370Z ignoring duplicate directory "/Users/runner/work/tcm-storage-ios/tcm-storage-ios/build/Build/Products/Debug-iphonesimulator/PackageFrameworks"
2026-04-22T16:44:59.4463590Z ignoring duplicate directory "/Users/runner/work/tcm-storage-ios/tcm-storage-ios/build/Build/Products/Debug-iphonesimulator/PackageFrameworks"
2026-04-22T16:44:59.4465730Z ignoring duplicate directory "/Users/runner/work/tcm-storage-ios/tcm-storage-ios/build/Build/Products/Debug-iphonesimulator/PackageFrameworks"
2026-04-22T16:44:59.4467940Z ignoring duplicate directory "/Users/runner/work/tcm-storage-ios/tcm-storage-ios/build/Build/Products/Debug-iphonesimulator/PackageFrameworks"
2026-04-22T16:44:59.4470030Z ignoring duplicate directory "/Users/runner/work/tcm-storage-ios/tcm-storage-ios/build/Build/Products/Debug-iphonesimulator/PackageFrameworks"
2026-04-22T16:44:59.4472210Z ignoring duplicate directory "/Users/runner/work/tcm-storage-ios/tcm-storage-ios/build/Build/Products/Debug-iphonesimulator/PackageFrameworks"
2026-04-22T16:44:59.4474380Z ignoring duplicate directory "/Users/runner/work/tcm-storage-ios/tcm-storage-ios/build/Build/Products/Debug-iphonesimulator/PackageFrameworks"
2026-04-22T16:44:59.4499430Z ignoring duplicate directory "/Users/runner/work/tcm-storage-ios/tcm-storage-ios/build/Build/Products/Debug-iphonesimulator/PackageFrameworks"
2026-04-22T16:44:59.4500180Z ignoring duplicate directory "/Users/runner/work/tcm-storage-ios/tcm-storage-ios/build/Build/Products/Debug-iphonesimulator/PackageFrameworks"
2026-04-22T16:44:59.4501370Z ignoring duplicate directory "/Users/runner/work/tcm-storage-ios/tcm-storage-ios/build/Build/Products/Debug-iphonesimulator/PackageFrameworks"
2026-04-22T16:44:59.4502150Z ignoring duplicate directory "/Users/runner/work/tcm-storage-ios/tcm-storage-ios/build/Build/Products/Debug-iphonesimulator/PackageFrameworks"
2026-04-22T16:44:59.4502890Z ignoring duplicate directory "/Users/runner/work/tcm-storage-ios/tcm-storage-ios/build/Build/Products/Debug-iphonesimulator/PackageFrameworks"
2026-04-22T16:44:59.4503700Z ignoring duplicate directory "/Users/runner/work/tcm-storage-ios/tcm-storage-ios/build/Build/Products/Debug-iphonesimulator/PackageFrameworks"
2026-04-22T16:44:59.4504440Z ignoring duplicate directory "/Users/runner/work/tcm-storage-ios/tcm-storage-ios/build/Build/Products/Debug-iphonesimulator/PackageFrameworks"
2026-04-22T16:44:59.4505220Z ignoring duplicate directory "/Users/runner/work/tcm-storage-ios/tcm-storage-ios/build/Build/Products/Debug-iphonesimulator/PackageFrameworks"
2026-04-22T16:44:59.4506200Z ignoring duplicate directory "/Users/runner/work/tcm-storage-ios/tcm-storage-ios/build/Build/Products/Debug-iphonesimulator/PackageFrameworks"
2026-04-22T16:44:59.4506960Z ignoring duplicate directory "/Users/runner/work/tcm-storage-ios/tcm-storage-ios/build/Build/Products/Debug-iphonesimulator/PackageFrameworks"
2026-04-22T16:44:59.4507710Z ignoring duplicate directory "/Users/runner/work/tcm-storage-ios/tcm-storage-ios/build/Build/Products/Debug-iphonesimulator/PackageFrameworks"
2026-04-22T16:44:59.4508460Z ignoring duplicate directory "/Users/runner/work/tcm-storage-ios/tcm-storage-ios/build/Build/Products/Debug-iphonesimulator/PackageFrameworks"
2026-04-22T16:44:59.4509210Z ignoring duplicate directory "/Users/runner/work/tcm-storage-ios/tcm-storage-ios/build/Build/Products/Debug-iphonesimulator/PackageFrameworks"
2026-04-22T16:44:59.4509960Z ignoring duplicate directory "/Users/runner/work/tcm-storage-ios/tcm-storage-ios/build/Build/Products/Debug-iphonesimulator/PackageFrameworks"
2026-04-22T16:44:59.4510700Z ignoring duplicate directory "/Users/runner/work/tcm-storage-ios/tcm-storage-ios/build/Build/Products/Debug-iphonesimulator/PackageFrameworks"
2026-04-22T16:44:59.4511450Z ignoring duplicate directory "/Users/runner/work/tcm-storage-ios/tcm-storage-ios/build/Build/Products/Debug-iphonesimulator/PackageFrameworks"
2026-04-22T16:44:59.4512190Z ignoring duplicate directory "/Users/runner/work/tcm-storage-ios/tcm-storage-ios/build/Build/Products/Debug-iphonesimulator/PackageFrameworks"
2026-04-22T16:44:59.4513760Z ignoring duplicate directory "/Users/runner/work/tcm-storage-ios/tcm-storage-ios/build/Build/Products/Debug-iphonesimulator/PackageFrameworks"
2026-04-22T16:44:59.4514500Z ignoring duplicate directory "/Users/runner/work/tcm-storage-ios/tcm-storage-ios/build/Build/Products/Debug-iphonesimulator/PackageFrameworks"
2026-04-22T16:44:59.4515250Z ignoring duplicate directory "/Users/runner/work/tcm-storage-ios/tcm-storage-ios/build/Build/Products/Debug-iphonesimulator/PackageFrameworks"
2026-04-22T16:44:59.4515980Z ignoring duplicate directory "/Users/runner/work/tcm-storage-ios/tcm-storage-ios/build/Build/Products/Debug-iphonesimulator/PackageFrameworks"
2026-04-22T16:44:59.4516730Z ignoring duplicate directory "/Users/runner/work/tcm-storage-ios/tcm-storage-ios/build/Build/Products/Debug-iphonesimulator/PackageFrameworks"
2026-04-22T16:44:59.4517480Z ignoring duplicate directory "/Users/runner/work/tcm-storage-ios/tcm-storage-ios/build/Build/Products/Debug-iphonesimulator/PackageFrameworks"
2026-04-22T16:44:59.4518260Z ignoring duplicate directory "/Users/runner/work/tcm-storage-ios/tcm-storage-ios/build/Build/Products/Debug-iphonesimulator/PackageFrameworks"
2026-04-22T16:44:59.4519030Z ignoring duplicate directory "/Users/runner/work/tcm-storage-ios/tcm-storage-ios/build/Build/Products/Debug-iphonesimulator/PackageFrameworks"
2026-04-22T16:44:59.4519990Z ignoring duplicate directory "/Users/runner/work/tcm-storage-ios/tcm-storage-ios/build/Build/Products/Debug-iphonesimulator/PackageFrameworks"
2026-04-22T16:44:59.4520780Z ignoring duplicate directory "/Users/runner/work/tcm-storage-ios/tcm-storage-ios/build/Build/Products/Debug-iphonesimulator/PackageFrameworks"
2026-04-22T16:44:59.4521560Z ignoring duplicate directory "/Users/runner/work/tcm-storage-ios/tcm-storage-ios/build/Build/Products/Debug-iphonesimulator/PackageFrameworks"
2026-04-22T16:44:59.4522310Z ignoring duplicate directory "/Users/runner/work/tcm-storage-ios/tcm-storage-ios/build/Build/Products/Debug-iphonesimulator/PackageFrameworks"
2026-04-22T16:44:59.4523110Z ignoring duplicate directory "/Users/runner/work/tcm-storage-ios/tcm-storage-ios/build/Build/Products/Debug-iphonesimulator/PackageFrameworks"
2026-04-22T16:44:59.4523880Z ignoring duplicate directory "/Users/runner/work/tcm-storage-ios/tcm-storage-ios/build/Build/Products/Debug-iphonesimulator/PackageFrameworks"
2026-04-22T16:44:59.4524670Z ignoring duplicate directory "/Users/runner/work/tcm-storage-ios/tcm-storage-ios/build/Build/Products/Debug-iphonesimulator/PackageFrameworks"
2026-04-22T16:44:59.4525570Z ignoring duplicate directory "/Users/runner/work/tcm-storage-ios/tcm-storage-ios/build/Build/Products/Debug-iphonesimulator/PackageFrameworks"
2026-04-22T16:44:59.4526350Z ignoring duplicate directory "/Users/runner/work/tcm-storage-ios/tcm-storage-ios/build/Build/Products/Debug-iphonesimulator/PackageFrameworks"
2026-04-22T16:44:59.4527100Z ignoring duplicate directory "/Users/runner/work/tcm-storage-ios/tcm-storage-ios/build/Build/Products/Debug-iphonesimulator/PackageFrameworks"
2026-04-22T16:44:59.4530430Z ignoring duplicate directory "/Users/runner/work/tcm-storage-ios/tcm-storage-ios/build/Build/Products/Debug-iphonesimulator/PackageFrameworks"
2026-04-22T16:44:59.4531190Z ignoring duplicate directory "/Users/runner/work/tcm-storage-ios/tcm-storage-ios/build/Build/Products/Debug-iphonesimulator/PackageFrameworks"
2026-04-22T16:44:59.4531950Z ignoring duplicate directory "/Users/runner/work/tcm-storage-ios/tcm-storage-ios/build/Build/Products/Debug-iphonesimulator/PackageFrameworks"
2026-04-22T16:44:59.4532700Z ignoring duplicate directory "/Users/runner/work/tcm-storage-ios/tcm-storage-ios/build/Build/Products/Debug-iphonesimulator/PackageFrameworks"
2026-04-22T16:44:59.4533450Z ignoring duplicate directory "/Users/runner/work/tcm-storage-ios/tcm-storage-ios/build/Build/Products/Debug-iphonesimulator/PackageFrameworks"
2026-04-22T16:44:59.4534180Z ignoring duplicate directory "/Users/runner/work/tcm-storage-ios/tcm-storage-ios/build/Build/Products/Debug-iphonesimulator/PackageFrameworks"
2026-04-22T16:44:59.4534920Z ignoring duplicate directory "/Users/runner/work/tcm-storage-ios/tcm-storage-ios/build/Build/Products/Debug-iphonesimulator/PackageFrameworks"
2026-04-22T16:44:59.4535660Z ignoring duplicate directory "/Users/runner/work/tcm-storage-ios/tcm-storage-ios/build/Build/Products/Debug-iphonesimulator/PackageFrameworks"
2026-04-22T16:44:59.4536410Z ignoring duplicate directory "/Users/runner/work/tcm-storage-ios/tcm-storage-ios/build/Build/Products/Debug-iphonesimulator/PackageFrameworks"
2026-04-22T16:44:59.4539710Z ignoring duplicate directory "/Users/runner/work/tcm-storage-ios/tcm-storage-ios/build/Build/Products/Debug-iphonesimulator/PackageFrameworks"
2026-04-22T16:44:59.4541900Z ignoring duplicate directory "/Users/runner/work/tcm-storage-ios/tcm-storage-ios/build/Build/Products/Debug-iphonesimulator/PackageFrameworks"
2026-04-22T16:44:59.4582170Z ignoring duplicate directory "/Users/runner/work/tcm-storage-ios/tcm-storage-ios/build/Build/Products/Debug-iphonesimulator/PackageFrameworks"
2026-04-22T16:44:59.4582970Z ignoring duplicate directory "/Users/runner/work/tcm-storage-ios/tcm-storage-ios/build/Build/Products/Debug-iphonesimulator/PackageFrameworks"
2026-04-22T16:44:59.4583740Z ignoring duplicate directory "/Users/runner/work/tcm-storage-ios/tcm-storage-ios/build/Build/Products/Debug-iphonesimulator/PackageFrameworks"
2026-04-22T16:44:59.4585250Z ignoring duplicate directory "/Users/runner/work/tcm-storage-ios/tcm-storage-ios/build/Build/Products/Debug-iphonesimulator/PackageFrameworks"
2026-04-22T16:44:59.4586050Z ignoring duplicate directory "/Users/runner/work/tcm-storage-ios/tcm-storage-ios/build/Build/Products/Debug-iphonesimulator/PackageFrameworks"
2026-04-22T16:44:59.4587380Z ignoring duplicate directory "/Users/runner/work/tcm-storage-ios/tcm-storage-ios/build/Build/Products/Debug-iphonesimulator/PackageFrameworks"
2026-04-22T16:44:59.4588140Z ignoring duplicate directory "/Users/runner/work/tcm-storage-ios/tcm-storage-ios/build/Build/Products/Debug-iphonesimulator/PackageFrameworks"
2026-04-22T16:44:59.4588900Z ignoring duplicate directory "/Users/runner/work/tcm-storage-ios/tcm-storage-ios/build/Build/Products/Debug-iphonesimulator/PackageFrameworks"
2026-04-22T16:44:59.4589650Z ignoring duplicate directory "/Users/runner/work/tcm-storage-ios/tcm-storage-ios/build/Build/Products/Debug-iphonesimulator/PackageFrameworks"
2026-04-22T16:44:59.4590410Z ignoring duplicate directory "/Users/runner/work/tcm-storage-ios/tcm-storage-ios/build/Build/Products/Debug-iphonesimulator/PackageFrameworks"
2026-04-22T16:44:59.4591620Z ignoring duplicate directory "/Users/runner/work/tcm-storage-ios/tcm-storage-ios/build/Build/Products/Debug-iphonesimulator/PackageFrameworks"
2026-04-22T16:44:59.4592390Z ignoring duplicate directory "/Users/runner/work/tcm-storage-ios/tcm-storage-ios/build/Build/Products/Debug-iphonesimulator/PackageFrameworks"
2026-04-22T16:44:59.4593130Z ignoring duplicate directory "/Users/runner/work/tcm-storage-ios/tcm-storage-ios/build/Build/Products/Debug-iphonesimulator/PackageFrameworks"
2026-04-22T16:44:59.4593870Z ignoring duplicate directory "/Users/runner/work/tcm-storage-ios/tcm-storage-ios/build/Build/Products/Debug-iphonesimulator/PackageFrameworks"
2026-04-22T16:44:59.4594340Z #include "..." search starts here:
2026-04-22T16:44:59.4594930Z  /Users/runner/work/tcm-storage-ios/tcm-storage-ios/build/Build/Intermediates.noindex/Nextcloud.build/Debug-iphonesimulator/Nextcloud.build/Nextcloud-generated-files.hmap (headermap)
2026-04-22T16:44:59.4595980Z  /Users/runner/work/tcm-storage-ios/tcm-storage-ios/build/Build/Intermediates.noindex/Nextcloud.build/Debug-iphonesimulator/Nextcloud.build/Nextcloud-project-headers.hmap (headermap)
2026-04-22T16:44:59.4596580Z #include <...> search starts here:
2026-04-22T16:44:59.4597180Z  /Users/runner/work/tcm-storage-ios/tcm-storage-ios/build/Build/Intermediates.noindex/Nextcloud.build/Debug-iphonesimulator/Nextcloud.build/Nextcloud-own-target-headers.hmap (headermap)
2026-04-22T16:44:59.4598280Z  /Users/runner/work/tcm-storage-ios/tcm-storage-ios/build/Build/Intermediates.noindex/Nextcloud.build/Debug-iphonesimulator/Nextcloud.build/Nextcloud-all-non-framework-target-headers.hmap (headermap)
2026-04-22T16:44:59.4599230Z  /Users/runner/work/tcm-storage-ios/tcm-storage-ios/build/SourcePackages/checkouts/swift-nio-ssl/Sources/CNIOBoringSSLShims/include
2026-04-22T16:44:59.4599940Z  /Users/runner/work/tcm-storage-ios/tcm-storage-ios/build/SourcePackages/checkouts/swift-nio-ssl/Sources/CNIOBoringSSL/include
2026-04-22T16:44:59.4600650Z  /Users/runner/work/tcm-storage-ios/tcm-storage-ios/build/SourcePackages/checkouts/swift-atomics/Sources/_AtomicsShims/include
2026-04-22T16:44:59.4601330Z  /Users/runner/work/tcm-storage-ios/tcm-storage-ios/build/SourcePackages/checkouts/swift-nio/Sources/CNIOPosix/include
2026-04-22T16:44:59.4601960Z  /Users/runner/work/tcm-storage-ios/tcm-storage-ios/build/SourcePackages/checkouts/swift-nio/Sources/CNIOWASI/include
2026-04-22T16:44:59.4602590Z  /Users/runner/work/tcm-storage-ios/tcm-storage-ios/build/SourcePackages/checkouts/swift-nio/Sources/CNIOWindows/include
2026-04-22T16:44:59.4603220Z  /Users/runner/work/tcm-storage-ios/tcm-storage-ios/build/SourcePackages/checkouts/swift-nio/Sources/CNIOLinux/include
2026-04-22T16:44:59.4603880Z  /Users/runner/work/tcm-storage-ios/tcm-storage-ios/build/SourcePackages/checkouts/swift-nio/Sources/CNIODarwin/include
2026-04-22T16:44:59.4604810Z  /Users/runner/work/tcm-storage-ios/tcm-storage-ios/build/SourcePackages/checkouts/swift-nio/Sources/CNIOOpenBSD/include
2026-04-22T16:44:59.4605460Z  /Users/runner/work/tcm-storage-ios/tcm-storage-ios/build/SourcePackages/checkouts/swift-nio/Sources/CNIOAtomics/include
2026-04-22T16:44:59.4606010Z  /Users/runner/work/tcm-storage-ios/tcm-storage-ios/build/SourcePackages/checkouts/realm-core/src
2026-04-22T16:44:59.4606530Z  /Users/runner/work/tcm-storage-ios/tcm-storage-ios/build/SourcePackages/checkouts/realm-core/src/external/s2
2026-04-22T16:44:59.4607200Z  /Users/runner/work/tcm-storage-ios/tcm-storage-ios/build/SourcePackages/checkouts/realm-core/src/external/IntelRDFPMathLib20U2/LIBRARY/src
2026-04-22T16:44:59.4607840Z  /Users/runner/work/tcm-storage-ios/tcm-storage-ios/build/SourcePackages/checkouts/realm-core/src/spm
2026-04-22T16:44:59.4608570Z  /Users/runner/work/tcm-storage-ios/tcm-storage-ios/build/SourcePackages/checkouts/realm-swift/include
2026-04-22T16:44:59.4609210Z  /Users/runner/work/tcm-storage-ios/tcm-storage-ios/build/SourcePackages/checkouts/GoogleUtilities/GoogleUtilities/NSData+zlib/Public
2026-04-22T16:44:59.4610230Z  /Users/runner/work/tcm-storage-ios/tcm-storage-ios/build/SourcePackages/checkouts/GoogleUtilities/GoogleUtilities/Logger/Public
2026-04-22T16:44:59.4610970Z  /Users/runner/work/tcm-storage-ios/tcm-storage-ios/build/SourcePackages/checkouts/GoogleUtilities/GoogleUtilities/Environment/Public
2026-04-22T16:44:59.4611700Z  /Users/runner/work/tcm-storage-ios/tcm-storage-ios/build/SourcePackages/checkouts/GoogleUtilities/third_party/IsAppEncrypted/Public
2026-04-22T16:44:59.4612430Z  /Users/runner/work/tcm-storage-ios/tcm-storage-ios/build/SourcePackages/checkouts/GoogleUtilities/GoogleUtilities/UserDefaults/Public
2026-04-22T16:44:59.4613050Z  /Users/runner/work/tcm-storage-ios/tcm-storage-ios/build/SourcePackages/checkouts/nanopb/spm_headers
2026-04-22T16:44:59.4613830Z  /Users/runner/work/tcm-storage-ios/tcm-storage-ios/build/SourcePackages/checkouts/promises/Sources/FBLPromises/include
2026-04-22T16:44:59.4614560Z  /Users/runner/work/tcm-storage-ios/tcm-storage-ios/build/SourcePackages/checkouts/GoogleDataTransport/GoogleDataTransport/GDTCORLibrary/Public
2026-04-22T16:44:59.4615290Z  /Users/runner/work/tcm-storage-ios/tcm-storage-ios/build/SourcePackages/checkouts/firebase-ios-sdk/FirebaseSessions/SourcesObjC
2026-04-22T16:44:59.4615950Z  /Users/runner/work/tcm-storage-ios/tcm-storage-ios/build/SourcePackages/checkouts/firebase-ios-sdk/FirebaseCore/Extension
2026-04-22T16:44:59.4616650Z  /Users/runner/work/tcm-storage-ios/tcm-storage-ios/build/SourcePackages/checkouts/firebase-ios-sdk/FirebaseInstallations/Source/Library/Public
2026-04-22T16:44:59.4617530Z  /Users/runner/work/tcm-storage-ios/tcm-storage-ios/build/SourcePackages/checkouts/firebase-ios-sdk/FirebaseCore/Sources/Public
2026-04-22T16:44:59.4618160Z  /Users/runner/work/tcm-storage-ios/tcm-storage-ios/build/SourcePackages/checkouts/firebase-ios-sdk/CoreOnly/Sources
2026-04-22T16:44:59.4618820Z  /Users/runner/work/tcm-storage-ios/tcm-storage-ios/build/SourcePackages/checkouts/firebase-ios-sdk/Crashlytics/Crashlytics/Public
2026-04-22T16:44:59.4619470Z  /Users/runner/work/tcm-storage-ios/tcm-storage-ios/build/SourcePackages/checkouts/GzipSwift/Sources/system-zlib/include
2026-04-22T16:44:59.4620200Z  /Users/runner/work/tcm-storage-ios/tcm-storage-ios/build/Build/Intermediates.noindex/Nextcloud.build/Debug-iphonesimulator/Nextcloud.build/DerivedSources
2026-04-22T16:44:59.4620960Z  /Users/runner/work/tcm-storage-ios/tcm-storage-ios/build/Build/Products/Debug-iphonesimulator/PackageFrameworks (framework directory)
2026-04-22T16:44:59.4624220Z  /Users/runner/work/tcm-storage-ios/tcm-storage-ios/build/Build/Products/Debug-iphonesimulator (framework directory)
2026-04-22T16:44:59.4626260Z  /Applications/Xcode_26.2.app/Contents/Developer/Platforms/iPhoneSimulator.platform/Developer/Library/Frameworks (framework directory)
2026-04-22T16:44:59.4629280Z  /Applications/Xcode_26.2.app/Contents/Developer/Platforms/iPhoneSimulator.platform/Developer/SDKs/iPhoneSimulator26.2.sdk/Developer/Library/Frameworks (framework directory)
2026-04-22T16:44:59.4632210Z  /Applications/Xcode_26.2.app/Contents/Developer/Toolchains/XcodeDefault.xctoolchain/usr/lib/clang/17/include
2026-04-22T16:44:59.4634020Z  /Applications/Xcode_26.2.app/Contents/Developer/Platforms/iPhoneSimulator.platform/Developer/SDKs/iPhoneSimulator26.2.sdk/usr/include
2026-04-22T16:44:59.4635770Z  /Applications/Xcode_26.2.app/Contents/Developer/Toolchains/XcodeDefault.xctoolchain/usr/include
2026-04-22T16:44:59.4637800Z  /Applications/Xcode_26.2.app/Contents/Developer/Platforms/iPhoneSimulator.platform/Developer/SDKs/iPhoneSimulator26.2.sdk/System/Library/Frameworks (framework directory)
2026-04-22T16:44:59.4641840Z  /Applications/Xcode_26.2.app/Contents/Developer/Platforms/iPhoneSimulator.platform/Developer/SDKs/iPhoneSimulator26.2.sdk/System/Library/SubFrameworks (framework directory)
2026-04-22T16:44:59.4642540Z End of search list.
2026-04-22T16:44:59.4642820Z clang -cc1 version 17.0.0 (clang-1700.6.3.2) default target arm64-apple-darwin24.6.0
2026-04-22T16:44:59.4643730Z ignoring nonexistent directory "/Users/runner/work/tcm-storage-ios/tcm-storage-ios/build/Build/Products/Debug-iphonesimulator/include"
2026-04-22T16:44:59.4649260Z ignoring nonexistent directory "/Users/runner/work/tcm-storage-ios/tcm-storage-ios/build/Build/Intermediates.noindex/Nextcloud.build/Debug-iphonesimulator/Nextcloud.build/DerivedSources-normal/arm64"
2026-04-22T16:44:59.4650350Z ignoring nonexistent directory "/Users/runner/work/tcm-storage-ios/tcm-storage-ios/build/Build/Intermediates.noindex/Nextcloud.build/Debug-iphonesimulator/Nextcloud.build/DerivedSources/arm64"
2026-04-22T16:44:59.4651350Z ignoring nonexistent directory "/Applications/Xcode_26.2.app/Contents/Developer/Platforms/iPhoneSimulator.platform/Developer/SDKs/iPhoneSimulator26.2.sdk/usr/local/include"
2026-04-22T16:44:59.4652320Z ignoring nonexistent directory "/Applications/Xcode_26.2.app/Contents/Developer/Platforms/iPhoneSimulator.platform/Developer/SDKs/iPhoneSimulator26.2.sdk/Library/Frameworks"
2026-04-22T16:44:59.4653160Z ignoring duplicate directory "/Users/runner/work/tcm-storage-ios/tcm-storage-ios/build/Build/Products/Debug-iphonesimulator/PackageFrameworks"
2026-04-22T16:44:59.4653900Z ignoring duplicate directory "/Users/runner/work/tcm-storage-ios/tcm-storage-ios/build/Build/Products/Debug-iphonesimulator/PackageFrameworks"
2026-04-22T16:44:59.4654650Z ignoring duplicate directory "/Users/runner/work/tcm-storage-ios/tcm-storage-ios/build/Build/Products/Debug-iphonesimulator/PackageFrameworks"
2026-04-22T16:44:59.4655400Z ignoring duplicate directory "/Users/runner/work/tcm-storage-ios/tcm-storage-ios/build/Build/Products/Debug-iphonesimulator/PackageFrameworks"
2026-04-22T16:44:59.4656160Z ignoring duplicate directory "/Users/runner/work/tcm-storage-ios/tcm-storage-ios/build/Build/Products/Debug-iphonesimulator/PackageFrameworks"
2026-04-22T16:44:59.4656910Z ignoring duplicate directory "/Users/runner/work/tcm-storage-ios/tcm-storage-ios/build/Build/Products/Debug-iphonesimulator/PackageFrameworks"
2026-04-22T16:44:59.4657730Z ignoring duplicate directory "/Users/runner/work/tcm-storage-ios/tcm-storage-ios/build/Build/Products/Debug-iphonesimulator/PackageFrameworks"
2026-04-22T16:44:59.4658470Z ignoring duplicate directory "/Users/runner/work/tcm-storage-ios/tcm-storage-ios/build/Build/Products/Debug-iphonesimulator/PackageFrameworks"
2026-04-22T16:44:59.4659200Z ignoring duplicate directory "/Users/runner/work/tcm-storage-ios/tcm-storage-ios/build/Build/Products/Debug-iphonesimulator/PackageFrameworks"
2026-04-22T16:44:59.4659950Z ignoring duplicate directory "/Users/runner/work/tcm-storage-ios/tcm-storage-ios/build/Build/Products/Debug-iphonesimulator/PackageFrameworks"
2026-04-22T16:44:59.4660690Z ignoring duplicate directory "/Users/runner/work/tcm-storage-ios/tcm-storage-ios/build/Build/Products/Debug-iphonesimulator/PackageFrameworks"
2026-04-22T16:44:59.4662570Z ignoring duplicate directory "/Users/runner/work/tcm-storage-ios/tcm-storage-ios/build/Build/Products/Debug-iphonesimulator/PackageFrameworks"
2026-04-22T16:44:59.4663960Z ignoring duplicate directory "/Users/runner/work/tcm-storage-ios/tcm-storage-ios/build/Build/Products/Debug-iphonesimulator/PackageFrameworks"
2026-04-22T16:44:59.4664720Z ignoring duplicate directory "/Users/runner/work/tcm-storage-ios/tcm-storage-ios/build/Build/Products/Debug-iphonesimulator/PackageFrameworks"
2026-04-22T16:44:59.4665490Z ignoring duplicate directory "/Users/runner/work/tcm-storage-ios/tcm-storage-ios/build/Build/Products/Debug-iphonesimulator/PackageFrameworks"
2026-04-22T16:44:59.4666280Z ignoring duplicate directory "/Users/runner/work/tcm-storage-ios/tcm-storage-ios/build/Build/Products/Debug-iphonesimulator/PackageFrameworks"
2026-04-22T16:44:59.4667030Z ignoring duplicate directory "/Users/runner/work/tcm-storage-ios/tcm-storage-ios/build/Build/Products/Debug-iphonesimulator/PackageFrameworks"
2026-04-22T16:44:59.4667780Z ignoring duplicate directory "/Users/runner/work/tcm-storage-ios/tcm-storage-ios/build/Build/Products/Debug-iphonesimulator/PackageFrameworks"
2026-04-22T16:44:59.4668730Z ignoring duplicate directory "/Users/runner/work/tcm-storage-ios/tcm-storage-ios/build/Build/Products/Debug-iphonesimulator/PackageFrameworks"
2026-04-22T16:44:59.4669550Z ignoring duplicate directory "/Users/runner/work/tcm-storage-ios/tcm-storage-ios/build/Build/Products/Debug-iphonesimulator/PackageFrameworks"
2026-04-22T16:44:59.4670330Z ignoring duplicate directory "/Users/runner/work/tcm-storage-ios/tcm-storage-ios/build/Build/Products/Debug-iphonesimulator/PackageFrameworks"
2026-04-22T16:44:59.4671530Z ignoring duplicate directory "/Users/runner/work/tcm-storage-ios/tcm-storage-ios/build/Build/Products/Debug-iphonesimulator/PackageFrameworks"
2026-04-22T16:44:59.4672320Z ignoring duplicate directory "/Users/runner/work/tcm-storage-ios/tcm-storage-ios/build/Build/Products/Debug-iphonesimulator/PackageFrameworks"
2026-04-22T16:44:59.4673050Z ignoring duplicate directory "/Users/runner/work/tcm-storage-ios/tcm-storage-ios/build/Build/Products/Debug-iphonesimulator/PackageFrameworks"
2026-04-22T16:44:59.4673850Z ignoring duplicate directory "/Users/runner/work/tcm-storage-ios/tcm-storage-ios/build/Build/Products/Debug-iphonesimulator/PackageFrameworks"
2026-04-22T16:44:59.4674630Z ignoring duplicate directory "/Users/runner/work/tcm-storage-ios/tcm-storage-ios/build/Build/Products/Debug-iphonesimulator/PackageFrameworks"
2026-04-22T16:44:59.4675390Z ignoring duplicate directory "/Users/runner/work/tcm-storage-ios/tcm-storage-ios/build/Build/Products/Debug-iphonesimulator/PackageFrameworks"
2026-04-22T16:44:59.4676180Z ignoring duplicate directory "/Users/runner/work/tcm-storage-ios/tcm-storage-ios/build/Build/Products/Debug-iphonesimulator/PackageFrameworks"
2026-04-22T16:44:59.4676980Z ignoring duplicate directory "/Users/runner/work/tcm-storage-ios/tcm-storage-ios/build/Build/Products/Debug-iphonesimulator/PackageFrameworks"
2026-04-22T16:44:59.4677790Z ignoring duplicate directory "/Users/runner/work/tcm-storage-ios/tcm-storage-ios/build/Build/Products/Debug-iphonesimulator/PackageFrameworks"
2026-04-22T16:44:59.4678550Z ignoring duplicate directory "/Users/runner/work/tcm-storage-ios/tcm-storage-ios/build/Build/Products/Debug-iphonesimulator/PackageFrameworks"
2026-04-22T16:44:59.4679310Z ignoring duplicate directory "/Users/runner/work/tcm-storage-ios/tcm-storage-ios/build/Build/Products/Debug-iphonesimulator/PackageFrameworks"
2026-04-22T16:44:59.4680050Z ignoring duplicate directory "/Users/runner/work/tcm-storage-ios/tcm-storage-ios/build/Build/Products/Debug-iphonesimulator/PackageFrameworks"
2026-04-22T16:44:59.4680790Z ignoring duplicate directory "/Users/runner/work/tcm-storage-ios/tcm-storage-ios/build/Build/Products/Debug-iphonesimulator/PackageFrameworks"
2026-04-22T16:44:59.4681540Z ignoring duplicate directory "/Users/runner/work/tcm-storage-ios/tcm-storage-ios/build/Build/Products/Debug-iphonesimulator/PackageFrameworks"
2026-04-22T16:44:59.4682810Z ignoring duplicate directory "/Users/runner/work/tcm-storage-ios/tcm-storage-ios/build/Build/Products/Debug-iphonesimulator/PackageFrameworks"
2026-04-22T16:44:59.4683610Z ignoring duplicate directory "/Users/runner/work/tcm-storage-ios/tcm-storage-ios/build/Build/Products/Debug-iphonesimulator/PackageFrameworks"
2026-04-22T16:44:59.4684450Z ignoring duplicate directory "/Users/runner/work/tcm-storage-ios/tcm-storage-ios/build/Build/Products/Debug-iphonesimulator/PackageFrameworks"
2026-04-22T16:44:59.4685290Z ignoring duplicate directory "/Users/runner/work/tcm-storage-ios/tcm-storage-ios/build/Build/Products/Debug-iphonesimulator/PackageFrameworks"
2026-04-22T16:44:59.4686540Z ignoring duplicate directory "/Users/runner/work/tcm-storage-ios/tcm-storage-ios/build/Build/Products/Debug-iphonesimulator/PackageFrameworks"
2026-04-22T16:44:59.4688500Z ignoring duplicate directory "/Users/runner/work/tcm-storage-ios/tcm-storage-ios/build/Build/Products/Debug-iphonesimulator/PackageFrameworks"
2026-04-22T16:44:59.4691940Z ignoring duplicate directory "/Users/runner/work/tcm-storage-ios/tcm-storage-ios/build/Build/Products/Debug-iphonesimulator/PackageFrameworks"
2026-04-22T16:44:59.4696290Z ignoring duplicate directory "/Users/runner/work/tcm-storage-ios/tcm-storage-ios/build/Build/Products/Debug-iphonesimulator/PackageFrameworks"
2026-04-22T16:44:59.4698730Z ignoring duplicate directory "/Users/runner/work/tcm-storage-ios/tcm-storage-ios/build/Build/Products/Debug-iphonesimulator/PackageFrameworks"
2026-04-22T16:44:59.4703170Z ignoring duplicate directory "/Users/runner/work/tcm-storage-ios/tcm-storage-ios/build/Build/Products/Debug-iphonesimulator/PackageFrameworks"
2026-04-22T16:44:59.4705370Z ignoring duplicate directory "/Users/runner/work/tcm-storage-ios/tcm-storage-ios/build/Build/Products/Debug-iphonesimulator/PackageFrameworks"
2026-04-22T16:44:59.4707520Z ignoring duplicate directory "/Users/runner/work/tcm-storage-ios/tcm-storage-ios/build/Build/Products/Debug-iphonesimulator/PackageFrameworks"
2026-04-22T16:44:59.4709730Z ignoring duplicate directory "/Users/runner/work/tcm-storage-ios/tcm-storage-ios/build/Build/Products/Debug-iphonesimulator/PackageFrameworks"
2026-04-22T16:44:59.4711870Z ignoring duplicate directory "/Users/runner/work/tcm-storage-ios/tcm-storage-ios/build/Build/Products/Debug-iphonesimulator/PackageFrameworks"
2026-04-22T16:44:59.4714020Z ignoring duplicate directory "/Users/runner/work/tcm-storage-ios/tcm-storage-ios/build/Build/Products/Debug-iphonesimulator/PackageFrameworks"
2026-04-22T16:44:59.4716220Z ignoring duplicate directory "/Users/runner/work/tcm-storage-ios/tcm-storage-ios/build/Build/Products/Debug-iphonesimulator/PackageFrameworks"
2026-04-22T16:44:59.4718380Z ignoring duplicate directory "/Users/runner/work/tcm-storage-ios/tcm-storage-ios/build/Build/Products/Debug-iphonesimulator/PackageFrameworks"
2026-04-22T16:44:59.4720630Z ignoring duplicate directory "/Users/runner/work/tcm-storage-ios/tcm-storage-ios/build/Build/Products/Debug-iphonesimulator/PackageFrameworks"
2026-04-22T16:44:59.4722820Z ignoring duplicate directory "/Users/runner/work/tcm-storage-ios/tcm-storage-ios/build/Build/Products/Debug-iphonesimulator/PackageFrameworks"
2026-04-22T16:44:59.4724980Z ignoring duplicate directory "/Users/runner/work/tcm-storage-ios/tcm-storage-ios/build/Build/Products/Debug-iphonesimulator/PackageFrameworks"
2026-04-22T16:44:59.4727220Z ignoring duplicate directory "/Users/runner/work/tcm-storage-ios/tcm-storage-ios/build/Build/Products/Debug-iphonesimulator/PackageFrameworks"
2026-04-22T16:44:59.4730140Z ignoring duplicate directory "/Users/runner/work/tcm-storage-ios/tcm-storage-ios/build/Build/Products/Debug-iphonesimulator/PackageFrameworks"
2026-04-22T16:44:59.4732830Z ignoring duplicate directory "/Users/runner/work/tcm-storage-ios/tcm-storage-ios/build/Build/Products/Debug-iphonesimulator/PackageFrameworks"
2026-04-22T16:44:59.4735150Z ignoring duplicate directory "/Users/runner/work/tcm-storage-ios/tcm-storage-ios/build/Build/Products/Debug-iphonesimulator/PackageFrameworks"
2026-04-22T16:44:59.4738990Z ignoring duplicate directory "/Users/runner/work/tcm-storage-ios/tcm-storage-ios/build/Build/Products/Debug-iphonesimulator/PackageFrameworks"
2026-04-22T16:44:59.4778090Z ignoring duplicate directory "/Users/runner/work/tcm-storage-ios/tcm-storage-ios/build/Build/Products/Debug-iphonesimulator/PackageFrameworks"
2026-04-22T16:44:59.4781030Z ignoring duplicate directory "/Users/runner/work/tcm-storage-ios/tcm-storage-ios/build/Build/Products/Debug-iphonesimulator/PackageFrameworks"
2026-04-22T16:44:59.4791390Z ignoring duplicate directory "/Users/runner/work/tcm-storage-ios/tcm-storage-ios/build/Build/Products/Debug-iphonesimulator/PackageFrameworks"
2026-04-22T16:44:59.4793200Z ignoring duplicate directory "/Users/runner/work/tcm-storage-ios/tcm-storage-ios/build/Build/Products/Debug-iphonesimulator/PackageFrameworks"
2026-04-22T16:44:59.4793970Z ignoring duplicate directory "/Users/runner/work/tcm-storage-ios/tcm-storage-ios/build/Build/Products/Debug-iphonesimulator/PackageFrameworks"
2026-04-22T16:44:59.4798750Z ignoring duplicate directory "/Users/runner/work/tcm-storage-ios/tcm-storage-ios/build/Build/Products/Debug-iphonesimulator/PackageFrameworks"
2026-04-22T16:44:59.4800210Z ignoring duplicate directory "/Users/runner/work/tcm-storage-ios/tcm-storage-ios/build/Build/Products/Debug-iphonesimulator/PackageFrameworks"
2026-04-22T16:44:59.4801030Z ignoring duplicate directory "/Users/runner/work/tcm-storage-ios/tcm-storage-ios/build/Build/Products/Debug-iphonesimulator/PackageFrameworks"
2026-04-22T16:44:59.4801820Z ignoring duplicate directory "/Users/runner/work/tcm-storage-ios/tcm-storage-ios/build/Build/Products/Debug-iphonesimulator/PackageFrameworks"
2026-04-22T16:44:59.4803280Z ignoring duplicate directory "/Users/runner/work/tcm-storage-ios/tcm-storage-ios/build/Build/Products/Debug-iphonesimulator/PackageFrameworks"
2026-04-22T16:44:59.4805640Z ignoring duplicate directory "/Users/runner/work/tcm-storage-ios/tcm-storage-ios/build/Build/Products/Debug-iphonesimulator/PackageFrameworks"
2026-04-22T16:44:59.4807800Z ignoring duplicate directory "/Users/runner/work/tcm-storage-ios/tcm-storage-ios/build/Build/Products/Debug-iphonesimulator/PackageFrameworks"
2026-04-22T16:44:59.4809980Z ignoring duplicate directory "/Users/runner/work/tcm-storage-ios/tcm-storage-ios/build/Build/Products/Debug-iphonesimulator/PackageFrameworks"
2026-04-22T16:44:59.4812220Z ignoring duplicate directory "/Users/runner/work/tcm-storage-ios/tcm-storage-ios/build/Build/Products/Debug-iphonesimulator/PackageFrameworks"
2026-04-22T16:44:59.4815800Z ignoring duplicate directory "/Users/runner/work/tcm-storage-ios/tcm-storage-ios/build/Build/Products/Debug-iphonesimulator/PackageFrameworks"
2026-04-22T16:44:59.4816600Z ignoring duplicate directory "/Users/runner/work/tcm-storage-ios/tcm-storage-ios/build/Build/Products/Debug-iphonesimulator/PackageFrameworks"
2026-04-22T16:44:59.4817080Z #include "..." search starts here:
2026-04-22T16:44:59.4817680Z  /Users/runner/work/tcm-storage-ios/tcm-storage-ios/build/Build/Intermediates.noindex/Nextcloud.build/Debug-iphonesimulator/Nextcloud.build/Nextcloud-generated-files.hmap (headermap)
2026-04-22T16:44:59.4864910Z  /Users/runner/work/tcm-storage-ios/tcm-storage-ios/build/Build/Intermediates.noindex/Nextcloud.build/Debug-iphonesimulator/Nextcloud.build/Nextcloud-project-headers.hmap (headermap)
2026-04-22T16:44:59.4865610Z #include <...> search starts here:
2026-04-22T16:44:59.4866200Z  /Users/runner/work/tcm-storage-ios/tcm-storage-ios/build/Build/Intermediates.noindex/Nextcloud.build/Debug-iphonesimulator/Nextcloud.build/Nextcloud-own-target-headers.hmap (headermap)
2026-04-22T16:44:59.4867260Z  /Users/runner/work/tcm-storage-ios/tcm-storage-ios/build/Build/Intermediates.noindex/Nextcloud.build/Debug-iphonesimulator/Nextcloud.build/Nextcloud-all-non-framework-target-headers.hmap (headermap)
2026-04-22T16:44:59.4868650Z  /Users/runner/work/tcm-storage-ios/tcm-storage-ios/build/SourcePackages/checkouts/swift-nio-ssl/Sources/CNIOBoringSSLShims/include
2026-04-22T16:44:59.4869810Z  /Users/runner/work/tcm-storage-ios/tcm-storage-ios/build/SourcePackages/checkouts/swift-nio-ssl/Sources/CNIOBoringSSL/include
2026-04-22T16:44:59.4906270Z  /Users/runner/work/tcm-storage-ios/tcm-storage-ios/build/SourcePackages/checkouts/swift-atomics/Sources/_AtomicsShims/include
2026-04-22T16:44:59.4907070Z  /Users/runner/work/tcm-storage-ios/tcm-storage-ios/build/SourcePackages/checkouts/swift-nio/Sources/CNIOPosix/include
2026-04-22T16:44:59.4907700Z  /Users/runner/work/tcm-storage-ios/tcm-storage-ios/build/SourcePackages/checkouts/swift-nio/Sources/CNIOWASI/include
2026-04-22T16:44:59.4910530Z  /Users/runner/work/tcm-storage-ios/tcm-storage-ios/build/SourcePackages/checkouts/swift-nio/Sources/CNIOWindows/include
2026-04-22T16:44:59.4911860Z  /Users/runner/work/tcm-storage-ios/tcm-storage-ios/build/SourcePackages/checkouts/swift-nio/Sources/CNIOLinux/include
2026-04-22T16:44:59.4912490Z  /Users/runner/work/tcm-storage-ios/tcm-storage-ios/build/SourcePackages/checkouts/swift-nio/Sources/CNIODarwin/include
2026-04-22T16:44:59.4913170Z  /Users/runner/work/tcm-storage-ios/tcm-storage-ios/build/SourcePackages/checkouts/swift-nio/Sources/CNIOOpenBSD/include
2026-04-22T16:44:59.4914410Z  /Users/runner/work/tcm-storage-ios/tcm-storage-ios/build/SourcePackages/checkouts/swift-nio/Sources/CNIOAtomics/include
2026-04-22T16:44:59.4917310Z  /Users/runner/work/tcm-storage-ios/tcm-storage-ios/build/SourcePackages/checkouts/realm-core/src
2026-04-22T16:44:59.4918270Z  /Users/runner/work/tcm-storage-ios/tcm-storage-ios/build/SourcePackages/checkouts/realm-core/src/external/s2
2026-04-22T16:44:59.4919140Z  /Users/runner/work/tcm-storage-ios/tcm-storage-ios/build/SourcePackages/checkouts/realm-core/src/external/IntelRDFPMathLib20U2/LIBRARY/src
2026-04-22T16:44:59.4919970Z  /Users/runner/work/tcm-storage-ios/tcm-storage-ios/build/SourcePackages/checkouts/realm-core/src/spm
2026-04-22T16:44:59.4920670Z  /Users/runner/work/tcm-storage-ios/tcm-storage-ios/build/SourcePackages/checkouts/realm-swift/include
2026-04-22T16:44:59.4921480Z  /Users/runner/work/tcm-storage-ios/tcm-storage-ios/build/SourcePackages/checkouts/GoogleUtilities/GoogleUtilities/NSData+zlib/Public
2026-04-22T16:44:59.4922330Z  /Users/runner/work/tcm-storage-ios/tcm-storage-ios/build/SourcePackages/checkouts/GoogleUtilities/GoogleUtilities/Logger/Public
2026-04-22T16:44:59.4923180Z  /Users/runner/work/tcm-storage-ios/tcm-storage-ios/build/SourcePackages/checkouts/GoogleUtilities/GoogleUtilities/Environment/Public
2026-04-22T16:44:59.4924040Z  /Users/runner/work/tcm-storage-ios/tcm-storage-ios/build/SourcePackages/checkouts/GoogleUtilities/third_party/IsAppEncrypted/Public
2026-04-22T16:44:59.4924950Z  /Users/runner/work/tcm-storage-ios/tcm-storage-ios/build/SourcePackages/checkouts/GoogleUtilities/GoogleUtilities/UserDefaults/Public
2026-04-22T16:44:59.4925680Z  /Users/runner/work/tcm-storage-ios/tcm-storage-ios/build/SourcePackages/checkouts/nanopb/spm_headers
2026-04-22T16:44:59.4926350Z  /Users/runner/work/tcm-storage-ios/tcm-storage-ios/build/SourcePackages/checkouts/promises/Sources/FBLPromises/include
2026-04-22T16:44:59.4927680Z  /Users/runner/work/tcm-storage-ios/tcm-storage-ios/build/SourcePackages/checkouts/GoogleDataTransport/GoogleDataTransport/GDTCORLibrary/Public
2026-04-22T16:44:59.4929210Z  /Users/runner/work/tcm-storage-ios/tcm-storage-ios/build/SourcePackages/checkouts/firebase-ios-sdk/FirebaseSessions/SourcesObjC
2026-04-22T16:44:59.4930080Z  /Users/runner/work/tcm-storage-ios/tcm-storage-ios/build/SourcePackages/checkouts/firebase-ios-sdk/FirebaseCore/Extension
2026-04-22T16:44:59.4931360Z  /Users/runner/work/tcm-storage-ios/tcm-storage-ios/build/SourcePackages/checkouts/firebase-ios-sdk/FirebaseInstallations/Source/Library/Public
2026-04-22T16:44:59.4936320Z  /Users/runner/work/tcm-storage-ios/tcm-storage-ios/build/SourcePackages/checkouts/firebase-ios-sdk/FirebaseCore/Sources/Public
2026-04-22T16:44:59.4937050Z  /Users/runner/work/tcm-storage-ios/tcm-storage-ios/build/SourcePackages/checkouts/firebase-ios-sdk/CoreOnly/Sources
2026-04-22T16:44:59.4982580Z  /Users/runner/work/tcm-storage-ios/tcm-storage-ios/build/SourcePackages/checkouts/firebase-ios-sdk/Crashlytics/Crashlytics/Public
2026-04-22T16:44:59.4983320Z  /Users/runner/work/tcm-storage-ios/tcm-storage-ios/build/SourcePackages/checkouts/GzipSwift/Sources/system-zlib/include
2026-04-22T16:44:59.4984070Z  /Users/runner/work/tcm-storage-ios/tcm-storage-ios/build/Build/Intermediates.noindex/Nextcloud.build/Debug-iphonesimulator/Nextcloud.build/DerivedSources
2026-04-22T16:44:59.4984870Z  /Users/runner/work/tcm-storage-ios/tcm-storage-ios/build/Build/Products/Debug-iphonesimulator/PackageFrameworks (framework directory)
2026-04-22T16:44:59.4985550Z  /Users/runner/work/tcm-storage-ios/tcm-storage-ios/build/Build/Products/Debug-iphonesimulator (framework directory)
2026-04-22T16:44:59.4986210Z  /Applications/Xcode_26.2.app/Contents/Developer/Platforms/iPhoneSimulator.platform/Developer/Library/Frameworks (framework directory)
2026-04-22T16:44:59.4987030Z  /Applications/Xcode_26.2.app/Contents/Developer/Platforms/iPhoneSimulator.platform/Developer/SDKs/iPhoneSimulator26.2.sdk/Developer/Library/Frameworks (framework directory)
2026-04-22T16:44:59.4988370Z  /Applications/Xcode_26.2.app/Contents/Developer/Toolchains/XcodeDefault.xctoolchain/usr/lib/clang/17/include
2026-04-22T16:44:59.4989090Z  /Applications/Xcode_26.2.app/Contents/Developer/Platforms/iPhoneSimulator.platform/Developer/SDKs/iPhoneSimulator26.2.sdk/usr/include
2026-04-22T16:44:59.4989720Z  /Applications/Xcode_26.2.app/Contents/Developer/Toolchains/XcodeDefault.xctoolchain/usr/include
2026-04-22T16:44:59.4990580Z  /Applications/Xcode_26.2.app/Contents/Developer/Platforms/iPhoneSimulator.platform/Developer/SDKs/iPhoneSimulator26.2.sdk/System/Library/Frameworks (framework directory)
2026-04-22T16:44:59.4991500Z  /Applications/Xcode_26.2.app/Contents/Developer/Platforms/iPhoneSimulator.platform/Developer/SDKs/iPhoneSimulator26.2.sdk/System/Library/SubFrameworks (framework directory)
2026-04-22T16:44:59.4992050Z End of search list.
2026-04-22T16:44:59.4992480Z clang -cc1 version 17.0.0 (clang-1700.6.3.2) default target arm64-apple-darwin24.6.0
2026-04-22T16:44:59.4993050Z ignoring nonexistent directory "/Users/runner/work/tcm-storage-ios/tcm-storage-ios/build/Build/Products/Debug-iphonesimulator/include"
2026-04-22T16:44:59.4993970Z ignoring nonexistent directory "/Users/runner/work/tcm-storage-ios/tcm-storage-ios/build/Build/Intermediates.noindex/Nextcloud.build/Debug-iphonesimulator/Nextcloud.build/DerivedSources-normal/arm64"
2026-04-22T16:44:59.4995040Z ignoring nonexistent directory "/Users/runner/work/tcm-storage-ios/tcm-storage-ios/build/Build/Intermediates.noindex/Nextcloud.build/Debug-iphonesimulator/Nextcloud.build/DerivedSources/arm64"
2026-04-22T16:44:59.4996090Z ignoring nonexistent directory "/Applications/Xcode_26.2.app/Contents/Developer/Platforms/iPhoneSimulator.platform/Developer/SDKs/iPhoneSimulator26.2.sdk/usr/local/include"
2026-04-22T16:44:59.4997070Z ignoring nonexistent directory "/Applications/Xcode_26.2.app/Contents/Developer/Platforms/iPhoneSimulator.platform/Developer/SDKs/iPhoneSimulator26.2.sdk/Library/Frameworks"
2026-04-22T16:44:59.4998010Z ignoring duplicate directory "/Users/runner/work/tcm-storage-ios/tcm-storage-ios/build/Build/Products/Debug-iphonesimulator/PackageFrameworks"
2026-04-22T16:44:59.4998810Z ignoring duplicate directory "/Users/runner/work/tcm-storage-ios/tcm-storage-ios/build/Build/Products/Debug-iphonesimulator/PackageFrameworks"
2026-04-22T16:44:59.4999630Z ignoring duplicate directory "/Users/runner/work/tcm-storage-ios/tcm-storage-ios/build/Build/Products/Debug-iphonesimulator/PackageFrameworks"
2026-04-22T16:44:59.5000400Z ignoring duplicate directory "/Users/runner/work/tcm-storage-ios/tcm-storage-ios/build/Build/Products/Debug-iphonesimulator/PackageFrameworks"
2026-04-22T16:44:59.5005280Z ignoring duplicate directory "/Users/runner/work/tcm-storage-ios/tcm-storage-ios/build/Build/Products/Debug-iphonesimulator/PackageFrameworks"
2026-04-22T16:44:59.5007610Z ignoring duplicate directory "/Users/runner/work/tcm-storage-ios/tcm-storage-ios/build/Build/Products/Debug-iphonesimulator/PackageFrameworks"
2026-04-22T16:44:59.5053290Z ignoring duplicate directory "/Users/runner/work/tcm-storage-ios/tcm-storage-ios/build/Build/Products/Debug-iphonesimulator/PackageFrameworks"
2026-04-22T16:44:59.5054060Z ignoring duplicate directory "/Users/runner/work/tcm-storage-ios/tcm-storage-ios/build/Build/Products/Debug-iphonesimulator/PackageFrameworks"
2026-04-22T16:44:59.5054810Z ignoring duplicate directory "/Users/runner/work/tcm-storage-ios/tcm-storage-ios/build/Build/Products/Debug-iphonesimulator/PackageFrameworks"
2026-04-22T16:44:59.5055540Z ignoring duplicate directory "/Users/runner/work/tcm-storage-ios/tcm-storage-ios/build/Build/Products/Debug-iphonesimulator/PackageFrameworks"
2026-04-22T16:44:59.5056310Z ignoring duplicate directory "/Users/runner/work/tcm-storage-ios/tcm-storage-ios/build/Build/Products/Debug-iphonesimulator/PackageFrameworks"
2026-04-22T16:44:59.5057070Z ignoring duplicate directory "/Users/runner/work/tcm-storage-ios/tcm-storage-ios/build/Build/Products/Debug-iphonesimulator/PackageFrameworks"
2026-04-22T16:44:59.5058580Z ignoring duplicate directory "/Users/runner/work/tcm-storage-ios/tcm-storage-ios/build/Build/Products/Debug-iphonesimulator/PackageFrameworks"
2026-04-22T16:44:59.5059370Z ignoring duplicate directory "/Users/runner/work/tcm-storage-ios/tcm-storage-ios/build/Build/Products/Debug-iphonesimulator/PackageFrameworks"
2026-04-22T16:44:59.5060140Z ignoring duplicate directory "/Users/runner/work/tcm-storage-ios/tcm-storage-ios/build/Build/Products/Debug-iphonesimulator/PackageFrameworks"
2026-04-22T16:44:59.5060910Z ignoring duplicate directory "/Users/runner/work/tcm-storage-ios/tcm-storage-ios/build/Build/Products/Debug-iphonesimulator/PackageFrameworks"
2026-04-22T16:44:59.5061680Z ignoring duplicate directory "/Users/runner/work/tcm-storage-ios/tcm-storage-ios/build/Build/Products/Debug-iphonesimulator/PackageFrameworks"
2026-04-22T16:44:59.5062450Z ignoring duplicate directory "/Users/runner/work/tcm-storage-ios/tcm-storage-ios/build/Build/Products/Debug-iphonesimulator/PackageFrameworks"
2026-04-22T16:44:59.5063200Z ignoring duplicate directory "/Users/runner/work/tcm-storage-ios/tcm-storage-ios/build/Build/Products/Debug-iphonesimulator/PackageFrameworks"
2026-04-22T16:44:59.5063960Z ignoring duplicate directory "/Users/runner/work/tcm-storage-ios/tcm-storage-ios/build/Build/Products/Debug-iphonesimulator/PackageFrameworks"
2026-04-22T16:44:59.5064760Z ignoring duplicate directory "/Users/runner/work/tcm-storage-ios/tcm-storage-ios/build/Build/Products/Debug-iphonesimulator/PackageFrameworks"
2026-04-22T16:44:59.5069360Z ignoring duplicate directory "/Users/runner/work/tcm-storage-ios/tcm-storage-ios/build/Build/Products/Debug-iphonesimulator/PackageFrameworks"
2026-04-22T16:44:59.5071670Z ignoring duplicate directory "/Users/runner/work/tcm-storage-ios/tcm-storage-ios/build/Build/Products/Debug-iphonesimulator/PackageFrameworks"
2026-04-22T16:44:59.5073850Z ignoring duplicate directory "/Users/runner/work/tcm-storage-ios/tcm-storage-ios/build/Build/Products/Debug-iphonesimulator/PackageFrameworks"
2026-04-22T16:44:59.5076020Z ignoring duplicate directory "/Users/runner/work/tcm-storage-ios/tcm-storage-ios/build/Build/Products/Debug-iphonesimulator/PackageFrameworks"
2026-04-22T16:44:59.5078300Z ignoring duplicate directory "/Users/runner/work/tcm-storage-ios/tcm-storage-ios/build/Build/Products/Debug-iphonesimulator/PackageFrameworks"
2026-04-22T16:44:59.5080470Z ignoring duplicate directory "/Users/runner/work/tcm-storage-ios/tcm-storage-ios/build/Build/Products/Debug-iphonesimulator/PackageFrameworks"
2026-04-22T16:44:59.5082600Z ignoring duplicate directory "/Users/runner/work/tcm-storage-ios/tcm-storage-ios/build/Build/Products/Debug-iphonesimulator/PackageFrameworks"
2026-04-22T16:44:59.5085330Z ignoring duplicate directory "/Users/runner/work/tcm-storage-ios/tcm-storage-ios/build/Build/Products/Debug-iphonesimulator/PackageFrameworks"
2026-04-22T16:44:59.5088460Z ignoring duplicate directory "/Users/runner/work/tcm-storage-ios/tcm-storage-ios/build/Build/Products/Debug-iphonesimulator/PackageFrameworks"
2026-04-22T16:44:59.5089240Z ignoring duplicate directory "/Users/runner/work/tcm-storage-ios/tcm-storage-ios/build/Build/Products/Debug-iphonesimulator/PackageFrameworks"
2026-04-22T16:44:59.5090080Z ignoring duplicate directory "/Users/runner/work/tcm-storage-ios/tcm-storage-ios/build/Build/Products/Debug-iphonesimulator/PackageFrameworks"
2026-04-22T16:44:59.5090880Z ignoring duplicate directory "/Users/runner/work/tcm-storage-ios/tcm-storage-ios/build/Build/Products/Debug-iphonesimulator/PackageFrameworks"
2026-04-22T16:44:59.5091710Z ignoring duplicate directory "/Users/runner/work/tcm-storage-ios/tcm-storage-ios/build/Build/Products/Debug-iphonesimulator/PackageFrameworks"
2026-04-22T16:44:59.5092670Z ignoring duplicate directory "/Users/runner/work/tcm-storage-ios/tcm-storage-ios/build/Build/Products/Debug-iphonesimulator/PackageFrameworks"
2026-04-22T16:44:59.5093470Z ignoring duplicate directory "/Users/runner/work/tcm-storage-ios/tcm-storage-ios/build/Build/Products/Debug-iphonesimulator/PackageFrameworks"
2026-04-22T16:44:59.5094500Z ignoring duplicate directory "/Users/runner/work/tcm-storage-ios/tcm-storage-ios/build/Build/Products/Debug-iphonesimulator/PackageFrameworks"
2026-04-22T16:44:59.5095300Z ignoring duplicate directory "/Users/runner/work/tcm-storage-ios/tcm-storage-ios/build/Build/Products/Debug-iphonesimulator/PackageFrameworks"
2026-04-22T16:44:59.5096110Z ignoring duplicate directory "/Users/runner/work/tcm-storage-ios/tcm-storage-ios/build/Build/Products/Debug-iphonesimulator/PackageFrameworks"
2026-04-22T16:44:59.5096910Z ignoring duplicate directory "/Users/runner/work/tcm-storage-ios/tcm-storage-ios/build/Build/Products/Debug-iphonesimulator/PackageFrameworks"
2026-04-22T16:44:59.5097650Z ignoring duplicate directory "/Users/runner/work/tcm-storage-ios/tcm-storage-ios/build/Build/Products/Debug-iphonesimulator/PackageFrameworks"
2026-04-22T16:44:59.5098430Z ignoring duplicate directory "/Users/runner/work/tcm-storage-ios/tcm-storage-ios/build/Build/Products/Debug-iphonesimulator/PackageFrameworks"
2026-04-22T16:44:59.5099250Z ignoring duplicate directory "/Users/runner/work/tcm-storage-ios/tcm-storage-ios/build/Build/Products/Debug-iphonesimulator/PackageFrameworks"
2026-04-22T16:44:59.5100020Z ignoring duplicate directory "/Users/runner/work/tcm-storage-ios/tcm-storage-ios/build/Build/Products/Debug-iphonesimulator/PackageFrameworks"
2026-04-22T16:44:59.5100780Z ignoring duplicate directory "/Users/runner/work/tcm-storage-ios/tcm-storage-ios/build/Build/Products/Debug-iphonesimulator/PackageFrameworks"
2026-04-22T16:44:59.5101550Z ignoring duplicate directory "/Users/runner/work/tcm-storage-ios/tcm-storage-ios/build/Build/Products/Debug-iphonesimulator/PackageFrameworks"
2026-04-22T16:44:59.5102370Z ignoring duplicate directory "/Users/runner/work/tcm-storage-ios/tcm-storage-ios/build/Build/Products/Debug-iphonesimulator/PackageFrameworks"
2026-04-22T16:44:59.5103140Z ignoring duplicate directory "/Users/runner/work/tcm-storage-ios/tcm-storage-ios/build/Build/Products/Debug-iphonesimulator/PackageFrameworks"
2026-04-22T16:44:59.5103900Z ignoring duplicate directory "/Users/runner/work/tcm-storage-ios/tcm-storage-ios/build/Build/Products/Debug-iphonesimulator/PackageFrameworks"
2026-04-22T16:44:59.5104640Z ignoring duplicate directory "/Users/runner/work/tcm-storage-ios/tcm-storage-ios/build/Build/Products/Debug-iphonesimulator/PackageFrameworks"
2026-04-22T16:44:59.5105370Z ignoring duplicate directory "/Users/runner/work/tcm-storage-ios/tcm-storage-ios/build/Build/Products/Debug-iphonesimulator/PackageFrameworks"
2026-04-22T16:44:59.5106100Z ignoring duplicate directory "/Users/runner/work/tcm-storage-ios/tcm-storage-ios/build/Build/Products/Debug-iphonesimulator/PackageFrameworks"
2026-04-22T16:44:59.5106830Z ignoring duplicate directory "/Users/runner/work/tcm-storage-ios/tcm-storage-ios/build/Build/Products/Debug-iphonesimulator/PackageFrameworks"
2026-04-22T16:44:59.5107880Z ignoring duplicate directory "/Users/runner/work/tcm-storage-ios/tcm-storage-ios/build/Build/Products/Debug-iphonesimulator/PackageFrameworks"
2026-04-22T16:44:59.5108610Z ignoring duplicate directory "/Users/runner/work/tcm-storage-ios/tcm-storage-ios/build/Build/Products/Debug-iphonesimulator/PackageFrameworks"
2026-04-22T16:44:59.5109360Z ignoring duplicate directory "/Users/runner/work/tcm-storage-ios/tcm-storage-ios/build/Build/Products/Debug-iphonesimulator/PackageFrameworks"
2026-04-22T16:44:59.5110130Z ignoring duplicate directory "/Users/runner/work/tcm-storage-ios/tcm-storage-ios/build/Build/Products/Debug-iphonesimulator/PackageFrameworks"
2026-04-22T16:44:59.5110880Z ignoring duplicate directory "/Users/runner/work/tcm-storage-ios/tcm-storage-ios/build/Build/Products/Debug-iphonesimulator/PackageFrameworks"
2026-04-22T16:44:59.5111620Z ignoring duplicate directory "/Users/runner/work/tcm-storage-ios/tcm-storage-ios/build/Build/Products/Debug-iphonesimulator/PackageFrameworks"
2026-04-22T16:44:59.5112700Z ignoring duplicate directory "/Users/runner/work/tcm-storage-ios/tcm-storage-ios/build/Build/Products/Debug-iphonesimulator/PackageFrameworks"
2026-04-22T16:44:59.5113870Z ignoring duplicate directory "/Users/runner/work/tcm-storage-ios/tcm-storage-ios/build/Build/Products/Debug-iphonesimulator/PackageFrameworks"
2026-04-22T16:44:59.5114630Z ignoring duplicate directory "/Users/runner/work/tcm-storage-ios/tcm-storage-ios/build/Build/Products/Debug-iphonesimulator/PackageFrameworks"
﻿2026-04-22T16:44:59.5140830Z ignoring duplicate directory "/Users/runner/work/tcm-storage-ios/tcm-storage-ios/build/Build/Products/Debug-iphonesimulator/PackageFrameworks"
2026-04-22T16:44:59.5141590Z ignoring duplicate directory "/Users/runner/work/tcm-storage-ios/tcm-storage-ios/build/Build/Products/Debug-iphonesimulator/PackageFrameworks"
2026-04-22T16:44:59.5142510Z ignoring duplicate directory "/Users/runner/work/tcm-storage-ios/tcm-storage-ios/build/Build/Products/Debug-iphonesimulator/PackageFrameworks"
2026-04-22T16:44:59.5143290Z ignoring duplicate directory "/Users/runner/work/tcm-storage-ios/tcm-storage-ios/build/Build/Products/Debug-iphonesimulator/PackageFrameworks"
2026-04-22T16:44:59.5144050Z ignoring duplicate directory "/Users/runner/work/tcm-storage-ios/tcm-storage-ios/build/Build/Products/Debug-iphonesimulator/PackageFrameworks"
2026-04-22T16:44:59.5144830Z ignoring duplicate directory "/Users/runner/work/tcm-storage-ios/tcm-storage-ios/build/Build/Products/Debug-iphonesimulator/PackageFrameworks"
2026-04-22T16:44:59.5146490Z ignoring duplicate directory "/Users/runner/work/tcm-storage-ios/tcm-storage-ios/build/Build/Products/Debug-iphonesimulator/PackageFrameworks"
2026-04-22T16:44:59.5147230Z ignoring duplicate directory "/Users/runner/work/tcm-storage-ios/tcm-storage-ios/build/Build/Products/Debug-iphonesimulator/PackageFrameworks"
2026-04-22T16:44:59.5147970Z ignoring duplicate directory "/Users/runner/work/tcm-storage-ios/tcm-storage-ios/build/Build/Products/Debug-iphonesimulator/PackageFrameworks"
2026-04-22T16:44:59.5148720Z ignoring duplicate directory "/Users/runner/work/tcm-storage-ios/tcm-storage-ios/build/Build/Products/Debug-iphonesimulator/PackageFrameworks"
2026-04-22T16:44:59.5149460Z ignoring duplicate directory "/Users/runner/work/tcm-storage-ios/tcm-storage-ios/build/Build/Products/Debug-iphonesimulator/PackageFrameworks"
2026-04-22T16:44:59.5150230Z ignoring duplicate directory "/Users/runner/work/tcm-storage-ios/tcm-storage-ios/build/Build/Products/Debug-iphonesimulator/PackageFrameworks"
2026-04-22T16:44:59.5150990Z ignoring duplicate directory "/Users/runner/work/tcm-storage-ios/tcm-storage-ios/build/Build/Products/Debug-iphonesimulator/PackageFrameworks"
2026-04-22T16:44:59.5151740Z ignoring duplicate directory "/Users/runner/work/tcm-storage-ios/tcm-storage-ios/build/Build/Products/Debug-iphonesimulator/PackageFrameworks"
2026-04-22T16:44:59.5152230Z #include "..." search starts here:
2026-04-22T16:44:59.5152830Z  /Users/runner/work/tcm-storage-ios/tcm-storage-ios/build/Build/Intermediates.noindex/Nextcloud.build/Debug-iphonesimulator/Nextcloud.build/Nextcloud-generated-files.hmap (headermap)
2026-04-22T16:44:59.5154190Z  /Users/runner/work/tcm-storage-ios/tcm-storage-ios/build/Build/Intermediates.noindex/Nextcloud.build/Debug-iphonesimulator/Nextcloud.build/Nextcloud-project-headers.hmap (headermap)
2026-04-22T16:44:59.5154780Z #include <...> search starts here:
2026-04-22T16:44:59.5155360Z  /Users/runner/work/tcm-storage-ios/tcm-storage-ios/build/Build/Intermediates.noindex/Nextcloud.build/Debug-iphonesimulator/Nextcloud.build/Nextcloud-own-target-headers.hmap (headermap)
2026-04-22T16:44:59.5156440Z  /Users/runner/work/tcm-storage-ios/tcm-storage-ios/build/Build/Intermediates.noindex/Nextcloud.build/Debug-iphonesimulator/Nextcloud.build/Nextcloud-all-non-framework-target-headers.hmap (headermap)
2026-04-22T16:44:59.5157540Z  /Users/runner/work/tcm-storage-ios/tcm-storage-ios/build/SourcePackages/checkouts/swift-nio-ssl/Sources/CNIOBoringSSLShims/include
2026-04-22T16:44:59.5158230Z  /Users/runner/work/tcm-storage-ios/tcm-storage-ios/build/SourcePackages/checkouts/swift-nio-ssl/Sources/CNIOBoringSSL/include
2026-04-22T16:44:59.5159110Z  /Users/runner/work/tcm-storage-ios/tcm-storage-ios/build/SourcePackages/checkouts/swift-atomics/Sources/_AtomicsShims/include
2026-04-22T16:44:59.5159760Z  /Users/runner/work/tcm-storage-ios/tcm-storage-ios/build/SourcePackages/checkouts/swift-nio/Sources/CNIOPosix/include
2026-04-22T16:44:59.5160370Z  /Users/runner/work/tcm-storage-ios/tcm-storage-ios/build/SourcePackages/checkouts/swift-nio/Sources/CNIOWASI/include
2026-04-22T16:44:59.5161450Z  /Users/runner/work/tcm-storage-ios/tcm-storage-ios/build/SourcePackages/checkouts/swift-nio/Sources/CNIOWindows/include
2026-04-22T16:44:59.5162080Z  /Users/runner/work/tcm-storage-ios/tcm-storage-ios/build/SourcePackages/checkouts/swift-nio/Sources/CNIOLinux/include
2026-04-22T16:44:59.5162690Z  /Users/runner/work/tcm-storage-ios/tcm-storage-ios/build/SourcePackages/checkouts/swift-nio/Sources/CNIODarwin/include
2026-04-22T16:44:59.5163330Z  /Users/runner/work/tcm-storage-ios/tcm-storage-ios/build/SourcePackages/checkouts/swift-nio/Sources/CNIOOpenBSD/include
2026-04-22T16:44:59.5163950Z  /Users/runner/work/tcm-storage-ios/tcm-storage-ios/build/SourcePackages/checkouts/swift-nio/Sources/CNIOAtomics/include
2026-04-22T16:44:59.5164520Z  /Users/runner/work/tcm-storage-ios/tcm-storage-ios/build/SourcePackages/checkouts/realm-core/src
2026-04-22T16:44:59.5165050Z  /Users/runner/work/tcm-storage-ios/tcm-storage-ios/build/SourcePackages/checkouts/realm-core/src/external/s2
2026-04-22T16:44:59.5166580Z  /Users/runner/work/tcm-storage-ios/tcm-storage-ios/build/SourcePackages/checkouts/realm-core/src/external/IntelRDFPMathLib20U2/LIBRARY/src
2026-04-22T16:44:59.5168560Z  /Users/runner/work/tcm-storage-ios/tcm-storage-ios/build/SourcePackages/checkouts/realm-core/src/spm
2026-04-22T16:44:59.5170030Z  /Users/runner/work/tcm-storage-ios/tcm-storage-ios/build/SourcePackages/checkouts/realm-swift/include
2026-04-22T16:44:59.5171830Z  /Users/runner/work/tcm-storage-ios/tcm-storage-ios/build/SourcePackages/checkouts/GoogleUtilities/GoogleUtilities/NSData+zlib/Public
2026-04-22T16:44:59.5173790Z  /Users/runner/work/tcm-storage-ios/tcm-storage-ios/build/SourcePackages/checkouts/GoogleUtilities/GoogleUtilities/Logger/Public
2026-04-22T16:44:59.5175740Z  /Users/runner/work/tcm-storage-ios/tcm-storage-ios/build/SourcePackages/checkouts/GoogleUtilities/GoogleUtilities/Environment/Public
2026-04-22T16:44:59.5209200Z  /Users/runner/work/tcm-storage-ios/tcm-storage-ios/build/SourcePackages/checkouts/GoogleUtilities/third_party/IsAppEncrypted/Public
2026-04-22T16:44:59.5213060Z  /Users/runner/work/tcm-storage-ios/tcm-storage-ios/build/SourcePackages/checkouts/GoogleUtilities/GoogleUtilities/UserDefaults/Public
2026-04-22T16:44:59.5214690Z  /Users/runner/work/tcm-storage-ios/tcm-storage-ios/build/SourcePackages/checkouts/nanopb/spm_headers
2026-04-22T16:44:59.5215610Z  /Users/runner/work/tcm-storage-ios/tcm-storage-ios/build/SourcePackages/checkouts/promises/Sources/FBLPromises/include
2026-04-22T16:44:59.5217150Z  /Users/runner/work/tcm-storage-ios/tcm-storage-ios/build/SourcePackages/checkouts/GoogleDataTransport/GoogleDataTransport/GDTCORLibrary/Public
2026-04-22T16:44:59.5217960Z  /Users/runner/work/tcm-storage-ios/tcm-storage-ios/build/SourcePackages/checkouts/firebase-ios-sdk/FirebaseSessions/SourcesObjC
2026-04-22T16:44:59.5218730Z  /Users/runner/work/tcm-storage-ios/tcm-storage-ios/build/SourcePackages/checkouts/firebase-ios-sdk/FirebaseCore/Extension
2026-04-22T16:44:59.5221640Z  /Users/runner/work/tcm-storage-ios/tcm-storage-ios/build/SourcePackages/checkouts/firebase-ios-sdk/FirebaseInstallations/Source/Library/Public
2026-04-22T16:44:59.5224490Z  /Users/runner/work/tcm-storage-ios/tcm-storage-ios/build/SourcePackages/checkouts/firebase-ios-sdk/FirebaseCore/Sources/Public
2026-04-22T16:44:59.5225190Z  /Users/runner/work/tcm-storage-ios/tcm-storage-ios/build/SourcePackages/checkouts/firebase-ios-sdk/CoreOnly/Sources
2026-04-22T16:44:59.5225880Z  /Users/runner/work/tcm-storage-ios/tcm-storage-ios/build/SourcePackages/checkouts/firebase-ios-sdk/Crashlytics/Crashlytics/Public
2026-04-22T16:44:59.5226950Z  /Users/runner/work/tcm-storage-ios/tcm-storage-ios/build/SourcePackages/checkouts/GzipSwift/Sources/system-zlib/include
2026-04-22T16:44:59.5227750Z  /Users/runner/work/tcm-storage-ios/tcm-storage-ios/build/Build/Intermediates.noindex/Nextcloud.build/Debug-iphonesimulator/Nextcloud.build/DerivedSources
2026-04-22T16:44:59.5229170Z  /Users/runner/work/tcm-storage-ios/tcm-storage-ios/build/Build/Products/Debug-iphonesimulator/PackageFrameworks (framework directory)
2026-04-22T16:44:59.5230050Z  /Users/runner/work/tcm-storage-ios/tcm-storage-ios/build/Build/Products/Debug-iphonesimulator (framework directory)
2026-04-22T16:44:59.5230710Z  /Applications/Xcode_26.2.app/Contents/Developer/Platforms/iPhoneSimulator.platform/Developer/Library/Frameworks (framework directory)
2026-04-22T16:44:59.5231560Z  /Applications/Xcode_26.2.app/Contents/Developer/Platforms/iPhoneSimulator.platform/Developer/SDKs/iPhoneSimulator26.2.sdk/Developer/Library/Frameworks (framework directory)
2026-04-22T16:44:59.5232320Z  /Applications/Xcode_26.2.app/Contents/Developer/Toolchains/XcodeDefault.xctoolchain/usr/lib/clang/17/include
2026-04-22T16:44:59.5232970Z  /Applications/Xcode_26.2.app/Contents/Developer/Platforms/iPhoneSimulator.platform/Developer/SDKs/iPhoneSimulator26.2.sdk/usr/include
2026-04-22T16:44:59.5233580Z  /Applications/Xcode_26.2.app/Contents/Developer/Toolchains/XcodeDefault.xctoolchain/usr/include
2026-04-22T16:44:59.5235190Z  /Applications/Xcode_26.2.app/Contents/Developer/Platforms/iPhoneSimulator.platform/Developer/SDKs/iPhoneSimulator26.2.sdk/System/Library/Frameworks (framework directory)
2026-04-22T16:44:59.5236520Z  /Applications/Xcode_26.2.app/Contents/Developer/Platforms/iPhoneSimulator.platform/Developer/SDKs/iPhoneSimulator26.2.sdk/System/Library/SubFrameworks (framework directory)
2026-04-22T16:44:59.5237100Z End of search list.
2026-04-22T16:44:59.5237600Z clang -cc1 version 17.0.0 (clang-1700.6.3.2) default target arm64-apple-darwin24.6.0
2026-04-22T16:44:59.5238160Z ignoring nonexistent directory "/Users/runner/work/tcm-storage-ios/tcm-storage-ios/build/Build/Products/Debug-iphonesimulator/include"
2026-04-22T16:44:59.5239060Z ignoring nonexistent directory "/Users/runner/work/tcm-storage-ios/tcm-storage-ios/build/Build/Intermediates.noindex/Nextcloud.build/Debug-iphonesimulator/Nextcloud.build/DerivedSources-normal/arm64"
2026-04-22T16:44:59.5240110Z ignoring nonexistent directory "/Users/runner/work/tcm-storage-ios/tcm-storage-ios/build/Build/Intermediates.noindex/Nextcloud.build/Debug-iphonesimulator/Nextcloud.build/DerivedSources/arm64"
2026-04-22T16:44:59.5244420Z ignoring nonexistent directory "/Applications/Xcode_26.2.app/Contents/Developer/Platforms/iPhoneSimulator.platform/Developer/SDKs/iPhoneSimulator26.2.sdk/usr/local/include"
2026-04-22T16:44:59.5245390Z ignoring nonexistent directory "/Applications/Xcode_26.2.app/Contents/Developer/Platforms/iPhoneSimulator.platform/Developer/SDKs/iPhoneSimulator26.2.sdk/Library/Frameworks"
2026-04-22T16:44:59.5246590Z ignoring duplicate directory "/Users/runner/work/tcm-storage-ios/tcm-storage-ios/build/Build/Products/Debug-iphonesimulator/PackageFrameworks"
2026-04-22T16:44:59.5247610Z ignoring duplicate directory "/Users/runner/work/tcm-storage-ios/tcm-storage-ios/build/Build/Products/Debug-iphonesimulator/PackageFrameworks"
2026-04-22T16:44:59.5248380Z ignoring duplicate directory "/Users/runner/work/tcm-storage-ios/tcm-storage-ios/build/Build/Products/Debug-iphonesimulator/PackageFrameworks"
2026-04-22T16:44:59.5249130Z ignoring duplicate directory "/Users/runner/work/tcm-storage-ios/tcm-storage-ios/build/Build/Products/Debug-iphonesimulator/PackageFrameworks"
2026-04-22T16:44:59.5249960Z ignoring duplicate directory "/Users/runner/work/tcm-storage-ios/tcm-storage-ios/build/Build/Products/Debug-iphonesimulator/PackageFrameworks"
2026-04-22T16:44:59.5250700Z ignoring duplicate directory "/Users/runner/work/tcm-storage-ios/tcm-storage-ios/build/Build/Products/Debug-iphonesimulator/PackageFrameworks"
2026-04-22T16:44:59.5251700Z ignoring duplicate directory "/Users/runner/work/tcm-storage-ios/tcm-storage-ios/build/Build/Products/Debug-iphonesimulator/PackageFrameworks"
2026-04-22T16:44:59.5253450Z ignoring duplicate directory "/Users/runner/work/tcm-storage-ios/tcm-storage-ios/build/Build/Products/Debug-iphonesimulator/PackageFrameworks"
2026-04-22T16:44:59.5254590Z ignoring duplicate directory "/Users/runner/work/tcm-storage-ios/tcm-storage-ios/build/Build/Products/Debug-iphonesimulator/PackageFrameworks"
2026-04-22T16:44:59.5255590Z ignoring duplicate directory "/Users/runner/work/tcm-storage-ios/tcm-storage-ios/build/Build/Products/Debug-iphonesimulator/PackageFrameworks"
2026-04-22T16:44:59.5256970Z ignoring duplicate directory "/Users/runner/work/tcm-storage-ios/tcm-storage-ios/build/Build/Products/Debug-iphonesimulator/PackageFrameworks"
2026-04-22T16:44:59.5258090Z ignoring duplicate directory "/Users/runner/work/tcm-storage-ios/tcm-storage-ios/build/Build/Products/Debug-iphonesimulator/PackageFrameworks"
2026-04-22T16:44:59.5258830Z ignoring duplicate directory "/Users/runner/work/tcm-storage-ios/tcm-storage-ios/build/Build/Products/Debug-iphonesimulator/PackageFrameworks"
2026-04-22T16:44:59.5259570Z ignoring duplicate directory "/Users/runner/work/tcm-storage-ios/tcm-storage-ios/build/Build/Products/Debug-iphonesimulator/PackageFrameworks"
2026-04-22T16:44:59.5260710Z ignoring duplicate directory "/Users/runner/work/tcm-storage-ios/tcm-storage-ios/build/Build/Products/Debug-iphonesimulator/PackageFrameworks"
2026-04-22T16:44:59.5261490Z ignoring duplicate directory "/Users/runner/work/tcm-storage-ios/tcm-storage-ios/build/Build/Products/Debug-iphonesimulator/PackageFrameworks"
2026-04-22T16:44:59.5288720Z ignoring duplicate directory "/Users/runner/work/tcm-storage-ios/tcm-storage-ios/build/Build/Products/Debug-iphonesimulator/PackageFrameworks"
2026-04-22T16:44:59.5289510Z ignoring duplicate directory "/Users/runner/work/tcm-storage-ios/tcm-storage-ios/build/Build/Products/Debug-iphonesimulator/PackageFrameworks"
2026-04-22T16:44:59.5290290Z ignoring duplicate directory "/Users/runner/work/tcm-storage-ios/tcm-storage-ios/build/Build/Products/Debug-iphonesimulator/PackageFrameworks"
2026-04-22T16:44:59.5291050Z ignoring duplicate directory "/Users/runner/work/tcm-storage-ios/tcm-storage-ios/build/Build/Products/Debug-iphonesimulator/PackageFrameworks"
2026-04-22T16:44:59.5291810Z ignoring duplicate directory "/Users/runner/work/tcm-storage-ios/tcm-storage-ios/build/Build/Products/Debug-iphonesimulator/PackageFrameworks"
2026-04-22T16:44:59.5292580Z ignoring duplicate directory "/Users/runner/work/tcm-storage-ios/tcm-storage-ios/build/Build/Products/Debug-iphonesimulator/PackageFrameworks"
2026-04-22T16:44:59.5293520Z ignoring duplicate directory "/Users/runner/work/tcm-storage-ios/tcm-storage-ios/build/Build/Products/Debug-iphonesimulator/PackageFrameworks"
2026-04-22T16:44:59.5294710Z ignoring duplicate directory "/Users/runner/work/tcm-storage-ios/tcm-storage-ios/build/Build/Products/Debug-iphonesimulator/PackageFrameworks"
2026-04-22T16:44:59.5295480Z ignoring duplicate directory "/Users/runner/work/tcm-storage-ios/tcm-storage-ios/build/Build/Products/Debug-iphonesimulator/PackageFrameworks"
2026-04-22T16:44:59.5296250Z ignoring duplicate directory "/Users/runner/work/tcm-storage-ios/tcm-storage-ios/build/Build/Products/Debug-iphonesimulator/PackageFrameworks"
2026-04-22T16:44:59.5297000Z ignoring duplicate directory "/Users/runner/work/tcm-storage-ios/tcm-storage-ios/build/Build/Products/Debug-iphonesimulator/PackageFrameworks"
2026-04-22T16:44:59.5297750Z ignoring duplicate directory "/Users/runner/work/tcm-storage-ios/tcm-storage-ios/build/Build/Products/Debug-iphonesimulator/PackageFrameworks"
2026-04-22T16:44:59.5298520Z ignoring duplicate directory "/Users/runner/work/tcm-storage-ios/tcm-storage-ios/build/Build/Products/Debug-iphonesimulator/PackageFrameworks"
2026-04-22T16:44:59.5299270Z ignoring duplicate directory "/Users/runner/work/tcm-storage-ios/tcm-storage-ios/build/Build/Products/Debug-iphonesimulator/PackageFrameworks"
2026-04-22T16:44:59.5300240Z ignoring duplicate directory "/Users/runner/work/tcm-storage-ios/tcm-storage-ios/build/Build/Products/Debug-iphonesimulator/PackageFrameworks"
2026-04-22T16:44:59.5300990Z ignoring duplicate directory "/Users/runner/work/tcm-storage-ios/tcm-storage-ios/build/Build/Products/Debug-iphonesimulator/PackageFrameworks"
2026-04-22T16:44:59.5301730Z ignoring duplicate directory "/Users/runner/work/tcm-storage-ios/tcm-storage-ios/build/Build/Products/Debug-iphonesimulator/PackageFrameworks"
2026-04-22T16:44:59.5302670Z ignoring duplicate directory "/Users/runner/work/tcm-storage-ios/tcm-storage-ios/build/Build/Products/Debug-iphonesimulator/PackageFrameworks"
2026-04-22T16:44:59.5303410Z ignoring duplicate directory "/Users/runner/work/tcm-storage-ios/tcm-storage-ios/build/Build/Products/Debug-iphonesimulator/PackageFrameworks"
2026-04-22T16:44:59.5304180Z ignoring duplicate directory "/Users/runner/work/tcm-storage-ios/tcm-storage-ios/build/Build/Products/Debug-iphonesimulator/PackageFrameworks"
2026-04-22T16:44:59.5304930Z ignoring duplicate directory "/Users/runner/work/tcm-storage-ios/tcm-storage-ios/build/Build/Products/Debug-iphonesimulator/PackageFrameworks"
2026-04-22T16:44:59.5305670Z ignoring duplicate directory "/Users/runner/work/tcm-storage-ios/tcm-storage-ios/build/Build/Products/Debug-iphonesimulator/PackageFrameworks"
2026-04-22T16:44:59.5306420Z ignoring duplicate directory "/Users/runner/work/tcm-storage-ios/tcm-storage-ios/build/Build/Products/Debug-iphonesimulator/PackageFrameworks"
2026-04-22T16:44:59.5307170Z ignoring duplicate directory "/Users/runner/work/tcm-storage-ios/tcm-storage-ios/build/Build/Products/Debug-iphonesimulator/PackageFrameworks"
2026-04-22T16:44:59.5307900Z ignoring duplicate directory "/Users/runner/work/tcm-storage-ios/tcm-storage-ios/build/Build/Products/Debug-iphonesimulator/PackageFrameworks"
2026-04-22T16:44:59.5308640Z ignoring duplicate directory "/Users/runner/work/tcm-storage-ios/tcm-storage-ios/build/Build/Products/Debug-iphonesimulator/PackageFrameworks"
2026-04-22T16:44:59.5309390Z ignoring duplicate directory "/Users/runner/work/tcm-storage-ios/tcm-storage-ios/build/Build/Products/Debug-iphonesimulator/PackageFrameworks"
2026-04-22T16:44:59.5310130Z ignoring duplicate directory "/Users/runner/work/tcm-storage-ios/tcm-storage-ios/build/Build/Products/Debug-iphonesimulator/PackageFrameworks"
2026-04-22T16:44:59.5310880Z ignoring duplicate directory "/Users/runner/work/tcm-storage-ios/tcm-storage-ios/build/Build/Products/Debug-iphonesimulator/PackageFrameworks"
2026-04-22T16:44:59.5311620Z ignoring duplicate directory "/Users/runner/work/tcm-storage-ios/tcm-storage-ios/build/Build/Products/Debug-iphonesimulator/PackageFrameworks"
2026-04-22T16:44:59.5312370Z ignoring duplicate directory "/Users/runner/work/tcm-storage-ios/tcm-storage-ios/build/Build/Products/Debug-iphonesimulator/PackageFrameworks"
2026-04-22T16:44:59.5313280Z ignoring duplicate directory "/Users/runner/work/tcm-storage-ios/tcm-storage-ios/build/Build/Products/Debug-iphonesimulator/PackageFrameworks"
2026-04-22T16:44:59.5314030Z ignoring duplicate directory "/Users/runner/work/tcm-storage-ios/tcm-storage-ios/build/Build/Products/Debug-iphonesimulator/PackageFrameworks"
2026-04-22T16:44:59.5314800Z ignoring duplicate directory "/Users/runner/work/tcm-storage-ios/tcm-storage-ios/build/Build/Products/Debug-iphonesimulator/PackageFrameworks"
2026-04-22T16:44:59.5315550Z ignoring duplicate directory "/Users/runner/work/tcm-storage-ios/tcm-storage-ios/build/Build/Products/Debug-iphonesimulator/PackageFrameworks"
2026-04-22T16:44:59.5316310Z ignoring duplicate directory "/Users/runner/work/tcm-storage-ios/tcm-storage-ios/build/Build/Products/Debug-iphonesimulator/PackageFrameworks"
2026-04-22T16:44:59.5317060Z ignoring duplicate directory "/Users/runner/work/tcm-storage-ios/tcm-storage-ios/build/Build/Products/Debug-iphonesimulator/PackageFrameworks"
2026-04-22T16:44:59.5317800Z ignoring duplicate directory "/Users/runner/work/tcm-storage-ios/tcm-storage-ios/build/Build/Products/Debug-iphonesimulator/PackageFrameworks"
2026-04-22T16:44:59.5318710Z ignoring duplicate directory "/Users/runner/work/tcm-storage-ios/tcm-storage-ios/build/Build/Products/Debug-iphonesimulator/PackageFrameworks"
2026-04-22T16:44:59.5329090Z ignoring duplicate directory "/Users/runner/work/tcm-storage-ios/tcm-storage-ios/build/Build/Products/Debug-iphonesimulator/PackageFrameworks"
2026-04-22T16:44:59.5332480Z ignoring duplicate directory "/Users/runner/work/tcm-storage-ios/tcm-storage-ios/build/Build/Products/Debug-iphonesimulator/PackageFrameworks"
2026-04-22T16:44:59.5334050Z ignoring duplicate directory "/Users/runner/work/tcm-storage-ios/tcm-storage-ios/build/Build/Products/Debug-iphonesimulator/PackageFrameworks"
2026-04-22T16:44:59.5334820Z ignoring duplicate directory "/Users/runner/work/tcm-storage-ios/tcm-storage-ios/build/Build/Products/Debug-iphonesimulator/PackageFrameworks"
2026-04-22T16:44:59.5335570Z ignoring duplicate directory "/Users/runner/work/tcm-storage-ios/tcm-storage-ios/build/Build/Products/Debug-iphonesimulator/PackageFrameworks"
2026-04-22T16:44:59.5336320Z ignoring duplicate directory "/Users/runner/work/tcm-storage-ios/tcm-storage-ios/build/Build/Products/Debug-iphonesimulator/PackageFrameworks"
2026-04-22T16:44:59.5337100Z ignoring duplicate directory "/Users/runner/work/tcm-storage-ios/tcm-storage-ios/build/Build/Products/Debug-iphonesimulator/PackageFrameworks"
2026-04-22T16:44:59.5338780Z ignoring duplicate directory "/Users/runner/work/tcm-storage-ios/tcm-storage-ios/build/Build/Products/Debug-iphonesimulator/PackageFrameworks"
2026-04-22T16:44:59.5339530Z ignoring duplicate directory "/Users/runner/work/tcm-storage-ios/tcm-storage-ios/build/Build/Products/Debug-iphonesimulator/PackageFrameworks"
2026-04-22T16:44:59.5340290Z ignoring duplicate directory "/Users/runner/work/tcm-storage-ios/tcm-storage-ios/build/Build/Products/Debug-iphonesimulator/PackageFrameworks"
2026-04-22T16:44:59.5341050Z ignoring duplicate directory "/Users/runner/work/tcm-storage-ios/tcm-storage-ios/build/Build/Products/Debug-iphonesimulator/PackageFrameworks"
2026-04-22T16:44:59.5342020Z ignoring duplicate directory "/Users/runner/work/tcm-storage-ios/tcm-storage-ios/build/Build/Products/Debug-iphonesimulator/PackageFrameworks"
2026-04-22T16:44:59.5342770Z ignoring duplicate directory "/Users/runner/work/tcm-storage-ios/tcm-storage-ios/build/Build/Products/Debug-iphonesimulator/PackageFrameworks"
2026-04-22T16:44:59.5343520Z ignoring duplicate directory "/Users/runner/work/tcm-storage-ios/tcm-storage-ios/build/Build/Products/Debug-iphonesimulator/PackageFrameworks"
2026-04-22T16:44:59.5344290Z ignoring duplicate directory "/Users/runner/work/tcm-storage-ios/tcm-storage-ios/build/Build/Products/Debug-iphonesimulator/PackageFrameworks"
2026-04-22T16:44:59.5345040Z ignoring duplicate directory "/Users/runner/work/tcm-storage-ios/tcm-storage-ios/build/Build/Products/Debug-iphonesimulator/PackageFrameworks"
2026-04-22T16:44:59.5346320Z ignoring duplicate directory "/Users/runner/work/tcm-storage-ios/tcm-storage-ios/build/Build/Products/Debug-iphonesimulator/PackageFrameworks"
2026-04-22T16:44:59.5347300Z ignoring duplicate directory "/Users/runner/work/tcm-storage-ios/tcm-storage-ios/build/Build/Products/Debug-iphonesimulator/PackageFrameworks"
2026-04-22T16:44:59.5348050Z ignoring duplicate directory "/Users/runner/work/tcm-storage-ios/tcm-storage-ios/build/Build/Products/Debug-iphonesimulator/PackageFrameworks"
2026-04-22T16:44:59.5348790Z ignoring duplicate directory "/Users/runner/work/tcm-storage-ios/tcm-storage-ios/build/Build/Products/Debug-iphonesimulator/PackageFrameworks"
2026-04-22T16:44:59.5349530Z ignoring duplicate directory "/Users/runner/work/tcm-storage-ios/tcm-storage-ios/build/Build/Products/Debug-iphonesimulator/PackageFrameworks"
2026-04-22T16:44:59.5350000Z #include "..." search starts here:
2026-04-22T16:44:59.5350610Z  /Users/runner/work/tcm-storage-ios/tcm-storage-ios/build/Build/Intermediates.noindex/Nextcloud.build/Debug-iphonesimulator/Nextcloud.build/Nextcloud-generated-files.hmap (headermap)
2026-04-22T16:44:59.5351920Z  /Users/runner/work/tcm-storage-ios/tcm-storage-ios/build/Build/Intermediates.noindex/Nextcloud.build/Debug-iphonesimulator/Nextcloud.build/Nextcloud-project-headers.hmap (headermap)
2026-04-22T16:44:59.5352530Z #include <...> search starts here:
2026-04-22T16:44:59.5353120Z  /Users/runner/work/tcm-storage-ios/tcm-storage-ios/build/Build/Intermediates.noindex/Nextcloud.build/Debug-iphonesimulator/Nextcloud.build/Nextcloud-own-target-headers.hmap (headermap)
2026-04-22T16:44:59.5354390Z  /Users/runner/work/tcm-storage-ios/tcm-storage-ios/build/Build/Intermediates.noindex/Nextcloud.build/Debug-iphonesimulator/Nextcloud.build/Nextcloud-all-non-framework-target-headers.hmap (headermap)
2026-04-22T16:44:59.5355300Z  /Users/runner/work/tcm-storage-ios/tcm-storage-ios/build/SourcePackages/checkouts/swift-nio-ssl/Sources/CNIOBoringSSLShims/include
2026-04-22T16:44:59.5356190Z  /Users/runner/work/tcm-storage-ios/tcm-storage-ios/build/SourcePackages/checkouts/swift-nio-ssl/Sources/CNIOBoringSSL/include
2026-04-22T16:44:59.5356900Z  /Users/runner/work/tcm-storage-ios/tcm-storage-ios/build/SourcePackages/checkouts/swift-atomics/Sources/_AtomicsShims/include
2026-04-22T16:44:59.5357560Z  /Users/runner/work/tcm-storage-ios/tcm-storage-ios/build/SourcePackages/checkouts/swift-nio/Sources/CNIOPosix/include
2026-04-22T16:44:59.5358190Z  /Users/runner/work/tcm-storage-ios/tcm-storage-ios/build/SourcePackages/checkouts/swift-nio/Sources/CNIOWASI/include
2026-04-22T16:44:59.5358820Z  /Users/runner/work/tcm-storage-ios/tcm-storage-ios/build/SourcePackages/checkouts/swift-nio/Sources/CNIOWindows/include
2026-04-22T16:44:59.5359430Z  /Users/runner/work/tcm-storage-ios/tcm-storage-ios/build/SourcePackages/checkouts/swift-nio/Sources/CNIOLinux/include
2026-04-22T16:44:59.5360030Z  /Users/runner/work/tcm-storage-ios/tcm-storage-ios/build/SourcePackages/checkouts/swift-nio/Sources/CNIODarwin/include
2026-04-22T16:44:59.5360660Z  /Users/runner/work/tcm-storage-ios/tcm-storage-ios/build/SourcePackages/checkouts/swift-nio/Sources/CNIOOpenBSD/include
2026-04-22T16:44:59.5361280Z  /Users/runner/work/tcm-storage-ios/tcm-storage-ios/build/SourcePackages/checkouts/swift-nio/Sources/CNIOAtomics/include
2026-04-22T16:44:59.5361490Z  /Users/runner/work/tcm-storage-ios/tcm-storage-ios/build/SourcePackages/checkouts/realm-core/src
2026-04-22T16:44:59.5361740Z  /Users/runner/work/tcm-storage-ios/tcm-storage-ios/build/SourcePackages/checkouts/realm-core/src/external/s2
2026-04-22T16:44:59.5362080Z  /Users/runner/work/tcm-storage-ios/tcm-storage-ios/build/SourcePackages/checkouts/realm-core/src/external/IntelRDFPMathLib20U2/LIBRARY/src
2026-04-22T16:44:59.5362300Z  /Users/runner/work/tcm-storage-ios/tcm-storage-ios/build/SourcePackages/checkouts/realm-core/src/spm
2026-04-22T16:44:59.5362520Z  /Users/runner/work/tcm-storage-ios/tcm-storage-ios/build/SourcePackages/checkouts/realm-swift/include
2026-04-22T16:44:59.5363080Z  /Users/runner/work/tcm-storage-ios/tcm-storage-ios/build/SourcePackages/checkouts/GoogleUtilities/GoogleUtilities/NSData+zlib/Public
2026-04-22T16:44:59.5363390Z  /Users/runner/work/tcm-storage-ios/tcm-storage-ios/build/SourcePackages/checkouts/GoogleUtilities/GoogleUtilities/Logger/Public
2026-04-22T16:44:59.5363700Z  /Users/runner/work/tcm-storage-ios/tcm-storage-ios/build/SourcePackages/checkouts/GoogleUtilities/GoogleUtilities/Environment/Public
2026-04-22T16:44:59.5364020Z  /Users/runner/work/tcm-storage-ios/tcm-storage-ios/build/SourcePackages/checkouts/GoogleUtilities/third_party/IsAppEncrypted/Public
2026-04-22T16:44:59.5364340Z  /Users/runner/work/tcm-storage-ios/tcm-storage-ios/build/SourcePackages/checkouts/GoogleUtilities/GoogleUtilities/UserDefaults/Public
2026-04-22T16:44:59.5364560Z  /Users/runner/work/tcm-storage-ios/tcm-storage-ios/build/SourcePackages/checkouts/nanopb/spm_headers
2026-04-22T16:44:59.5364840Z  /Users/runner/work/tcm-storage-ios/tcm-storage-ios/build/SourcePackages/checkouts/promises/Sources/FBLPromises/include
2026-04-22T16:44:59.5365330Z  /Users/runner/work/tcm-storage-ios/tcm-storage-ios/build/SourcePackages/checkouts/GoogleDataTransport/GoogleDataTransport/GDTCORLibrary/Public
2026-04-22T16:44:59.5365640Z  /Users/runner/work/tcm-storage-ios/tcm-storage-ios/build/SourcePackages/checkouts/firebase-ios-sdk/FirebaseSessions/SourcesObjC
2026-04-22T16:44:59.5365960Z  /Users/runner/work/tcm-storage-ios/tcm-storage-ios/build/SourcePackages/checkouts/firebase-ios-sdk/FirebaseCore/Extension
2026-04-22T16:44:59.5366440Z  /Users/runner/work/tcm-storage-ios/tcm-storage-ios/build/SourcePackages/checkouts/firebase-ios-sdk/FirebaseInstallations/Source/Library/Public
2026-04-22T16:44:59.5366740Z  /Users/runner/work/tcm-storage-ios/tcm-storage-ios/build/SourcePackages/checkouts/firebase-ios-sdk/FirebaseCore/Sources/Public
2026-04-22T16:44:59.5367010Z  /Users/runner/work/tcm-storage-ios/tcm-storage-ios/build/SourcePackages/checkouts/firebase-ios-sdk/CoreOnly/Sources
2026-04-22T16:44:59.5367320Z  /Users/runner/work/tcm-storage-ios/tcm-storage-ios/build/SourcePackages/checkouts/firebase-ios-sdk/Crashlytics/Crashlytics/Public
2026-04-22T16:44:59.5367590Z  /Users/runner/work/tcm-storage-ios/tcm-storage-ios/build/SourcePackages/checkouts/GzipSwift/Sources/system-zlib/include
2026-04-22T16:44:59.5367980Z  /Users/runner/work/tcm-storage-ios/tcm-storage-ios/build/Build/Intermediates.noindex/Nextcloud.build/Debug-iphonesimulator/Nextcloud.build/DerivedSources
2026-04-22T16:44:59.5368290Z  /Users/runner/work/tcm-storage-ios/tcm-storage-ios/build/Build/Products/Debug-iphonesimulator/PackageFrameworks (framework directory)
2026-04-22T16:44:59.5368560Z  /Users/runner/work/tcm-storage-ios/tcm-storage-ios/build/Build/Products/Debug-iphonesimulator (framework directory)
2026-04-22T16:44:59.5411800Z  /Applications/Xcode_26.2.app/Contents/Developer/Platforms/iPhoneSimulator.platform/Developer/Library/Frameworks (framework directory)
2026-04-22T16:44:59.5412350Z  /Applications/Xcode_26.2.app/Contents/Developer/Platforms/iPhoneSimulator.platform/Developer/SDKs/iPhoneSimulator26.2.sdk/Developer/Library/Frameworks (framework directory)
2026-04-22T16:44:59.5412620Z  /Applications/Xcode_26.2.app/Contents/Developer/Toolchains/XcodeDefault.xctoolchain/usr/lib/clang/17/include
2026-04-22T16:44:59.5412940Z  /Applications/Xcode_26.2.app/Contents/Developer/Platforms/iPhoneSimulator.platform/Developer/SDKs/iPhoneSimulator26.2.sdk/usr/include
2026-04-22T16:44:59.5413150Z  /Applications/Xcode_26.2.app/Contents/Developer/Toolchains/XcodeDefault.xctoolchain/usr/include
2026-04-22T16:44:59.5413580Z  /Applications/Xcode_26.2.app/Contents/Developer/Platforms/iPhoneSimulator.platform/Developer/SDKs/iPhoneSimulator26.2.sdk/System/Library/Frameworks (framework directory)
2026-04-22T16:44:59.5414020Z  /Applications/Xcode_26.2.app/Contents/Developer/Platforms/iPhoneSimulator.platform/Developer/SDKs/iPhoneSimulator26.2.sdk/System/Library/SubFrameworks (framework directory)
2026-04-22T16:44:59.5414550Z End of search list.
2026-04-22T16:44:59.5414730Z clang -cc1 version 17.0.0 (clang-1700.6.3.2) default target arm64-apple-darwin24.6.0
2026-04-22T16:44:59.5415060Z ignoring nonexistent directory "/Users/runner/work/tcm-storage-ios/tcm-storage-ios/build/Build/Products/Debug-iphonesimulator/include"
2026-04-22T16:44:59.5415610Z ignoring nonexistent directory "/Users/runner/work/tcm-storage-ios/tcm-storage-ios/build/Build/Intermediates.noindex/Nextcloud.build/Debug-iphonesimulator/Nextcloud.build/DerivedSources-normal/arm64"
2026-04-22T16:44:59.5416130Z ignoring nonexistent directory "/Users/runner/work/tcm-storage-ios/tcm-storage-ios/build/Build/Intermediates.noindex/Nextcloud.build/Debug-iphonesimulator/Nextcloud.build/DerivedSources/arm64"
2026-04-22T16:44:59.5416590Z ignoring nonexistent directory "/Applications/Xcode_26.2.app/Contents/Developer/Platforms/iPhoneSimulator.platform/Developer/SDKs/iPhoneSimulator26.2.sdk/usr/local/include"
2026-04-22T16:44:59.5417020Z ignoring nonexistent directory "/Applications/Xcode_26.2.app/Contents/Developer/Platforms/iPhoneSimulator.platform/Developer/SDKs/iPhoneSimulator26.2.sdk/Library/Frameworks"
2026-04-22T16:44:59.5417610Z ignoring duplicate directory "/Users/runner/work/tcm-storage-ios/tcm-storage-ios/build/Build/Products/Debug-iphonesimulator/PackageFrameworks"
2026-04-22T16:44:59.5417980Z ignoring duplicate directory "/Users/runner/work/tcm-storage-ios/tcm-storage-ios/build/Build/Products/Debug-iphonesimulator/PackageFrameworks"
2026-04-22T16:44:59.5418330Z ignoring duplicate directory "/Users/runner/work/tcm-storage-ios/tcm-storage-ios/build/Build/Products/Debug-iphonesimulator/PackageFrameworks"
2026-04-22T16:44:59.5428610Z ignoring duplicate directory "/Users/runner/work/tcm-storage-ios/tcm-storage-ios/build/Build/Products/Debug-iphonesimulator/PackageFrameworks"
2026-04-22T16:44:59.5430180Z ignoring duplicate directory "/Users/runner/work/tcm-storage-ios/tcm-storage-ios/build/Build/Products/Debug-iphonesimulator/PackageFrameworks"
2026-04-22T16:44:59.5431190Z ignoring duplicate directory "/Users/runner/work/tcm-storage-ios/tcm-storage-ios/build/Build/Products/Debug-iphonesimulator/PackageFrameworks"
2026-04-22T16:44:59.5432150Z ignoring duplicate directory "/Users/runner/work/tcm-storage-ios/tcm-storage-ios/build/Build/Products/Debug-iphonesimulator/PackageFrameworks"
2026-04-22T16:44:59.5433100Z ignoring duplicate directory "/Users/runner/work/tcm-storage-ios/tcm-storage-ios/build/Build/Products/Debug-iphonesimulator/PackageFrameworks"
2026-04-22T16:44:59.5434090Z ignoring duplicate directory "/Users/runner/work/tcm-storage-ios/tcm-storage-ios/build/Build/Products/Debug-iphonesimulator/PackageFrameworks"
2026-04-22T16:44:59.5435140Z ignoring duplicate directory "/Users/runner/work/tcm-storage-ios/tcm-storage-ios/build/Build/Products/Debug-iphonesimulator/PackageFrameworks"
2026-04-22T16:44:59.5436080Z ignoring duplicate directory "/Users/runner/work/tcm-storage-ios/tcm-storage-ios/build/Build/Products/Debug-iphonesimulator/PackageFrameworks"
2026-04-22T16:44:59.5437060Z ignoring duplicate directory "/Users/runner/work/tcm-storage-ios/tcm-storage-ios/build/Build/Products/Debug-iphonesimulator/PackageFrameworks"
2026-04-22T16:44:59.5438020Z ignoring duplicate directory "/Users/runner/work/tcm-storage-ios/tcm-storage-ios/build/Build/Products/Debug-iphonesimulator/PackageFrameworks"
2026-04-22T16:44:59.5438960Z ignoring duplicate directory "/Users/runner/work/tcm-storage-ios/tcm-storage-ios/build/Build/Products/Debug-iphonesimulator/PackageFrameworks"
2026-04-22T16:44:59.5439890Z ignoring duplicate directory "/Users/runner/work/tcm-storage-ios/tcm-storage-ios/build/Build/Products/Debug-iphonesimulator/PackageFrameworks"
2026-04-22T16:44:59.5440850Z ignoring duplicate directory "/Users/runner/work/tcm-storage-ios/tcm-storage-ios/build/Build/Products/Debug-iphonesimulator/PackageFrameworks"
2026-04-22T16:44:59.5441790Z ignoring duplicate directory "/Users/runner/work/tcm-storage-ios/tcm-storage-ios/build/Build/Products/Debug-iphonesimulator/PackageFrameworks"
2026-04-22T16:44:59.5443520Z ignoring duplicate directory "/Users/runner/work/tcm-storage-ios/tcm-storage-ios/build/Build/Products/Debug-iphonesimulator/PackageFrameworks"
2026-04-22T16:44:59.5445760Z ignoring duplicate directory "/Users/runner/work/tcm-storage-ios/tcm-storage-ios/build/Build/Products/Debug-iphonesimulator/PackageFrameworks"
2026-04-22T16:44:59.5446220Z ignoring duplicate directory "/Users/runner/work/tcm-storage-ios/tcm-storage-ios/build/Build/Products/Debug-iphonesimulator/PackageFrameworks"
2026-04-22T16:44:59.5446590Z ignoring duplicate directory "/Users/runner/work/tcm-storage-ios/tcm-storage-ios/build/Build/Products/Debug-iphonesimulator/PackageFrameworks"
2026-04-22T16:44:59.5446950Z ignoring duplicate directory "/Users/runner/work/tcm-storage-ios/tcm-storage-ios/build/Build/Products/Debug-iphonesimulator/PackageFrameworks"
2026-04-22T16:44:59.5447290Z ignoring duplicate directory "/Users/runner/work/tcm-storage-ios/tcm-storage-ios/build/Build/Products/Debug-iphonesimulator/PackageFrameworks"
2026-04-22T16:44:59.5447630Z ignoring duplicate directory "/Users/runner/work/tcm-storage-ios/tcm-storage-ios/build/Build/Products/Debug-iphonesimulator/PackageFrameworks"
2026-04-22T16:44:59.5448290Z ignoring duplicate directory "/Users/runner/work/tcm-storage-ios/tcm-storage-ios/build/Build/Products/Debug-iphonesimulator/PackageFrameworks"
2026-04-22T16:44:59.5448650Z ignoring duplicate directory "/Users/runner/work/tcm-storage-ios/tcm-storage-ios/build/Build/Products/Debug-iphonesimulator/PackageFrameworks"
2026-04-22T16:44:59.5448980Z ignoring duplicate directory "/Users/runner/work/tcm-storage-ios/tcm-storage-ios/build/Build/Products/Debug-iphonesimulator/PackageFrameworks"
2026-04-22T16:44:59.5449910Z ignoring duplicate directory "/Users/runner/work/tcm-storage-ios/tcm-storage-ios/build/Build/Products/Debug-iphonesimulator/PackageFrameworks"
2026-04-22T16:44:59.5450260Z ignoring duplicate directory "/Users/runner/work/tcm-storage-ios/tcm-storage-ios/build/Build/Products/Debug-iphonesimulator/PackageFrameworks"
2026-04-22T16:44:59.5450600Z ignoring duplicate directory "/Users/runner/work/tcm-storage-ios/tcm-storage-ios/build/Build/Products/Debug-iphonesimulator/PackageFrameworks"
2026-04-22T16:44:59.5450940Z ignoring duplicate directory "/Users/runner/work/tcm-storage-ios/tcm-storage-ios/build/Build/Products/Debug-iphonesimulator/PackageFrameworks"
2026-04-22T16:44:59.5451280Z ignoring duplicate directory "/Users/runner/work/tcm-storage-ios/tcm-storage-ios/build/Build/Products/Debug-iphonesimulator/PackageFrameworks"
2026-04-22T16:44:59.5451630Z ignoring duplicate directory "/Users/runner/work/tcm-storage-ios/tcm-storage-ios/build/Build/Products/Debug-iphonesimulator/PackageFrameworks"
2026-04-22T16:44:59.5451970Z ignoring duplicate directory "/Users/runner/work/tcm-storage-ios/tcm-storage-ios/build/Build/Products/Debug-iphonesimulator/PackageFrameworks"
2026-04-22T16:44:59.5452300Z ignoring duplicate directory "/Users/runner/work/tcm-storage-ios/tcm-storage-ios/build/Build/Products/Debug-iphonesimulator/PackageFrameworks"
2026-04-22T16:44:59.5452630Z ignoring duplicate directory "/Users/runner/work/tcm-storage-ios/tcm-storage-ios/build/Build/Products/Debug-iphonesimulator/PackageFrameworks"
2026-04-22T16:44:59.5452970Z ignoring duplicate directory "/Users/runner/work/tcm-storage-ios/tcm-storage-ios/build/Build/Products/Debug-iphonesimulator/PackageFrameworks"
2026-04-22T16:44:59.5453320Z ignoring duplicate directory "/Users/runner/work/tcm-storage-ios/tcm-storage-ios/build/Build/Products/Debug-iphonesimulator/PackageFrameworks"
2026-04-22T16:44:59.5454830Z ignoring duplicate directory "/Users/runner/work/tcm-storage-ios/tcm-storage-ios/build/Build/Products/Debug-iphonesimulator/PackageFrameworks"
2026-04-22T16:44:59.5456100Z ignoring duplicate directory "/Users/runner/work/tcm-storage-ios/tcm-storage-ios/build/Build/Products/Debug-iphonesimulator/PackageFrameworks"
2026-04-22T16:44:59.5457570Z ignoring duplicate directory "/Users/runner/work/tcm-storage-ios/tcm-storage-ios/build/Build/Products/Debug-iphonesimulator/PackageFrameworks"
2026-04-22T16:44:59.5459700Z ignoring duplicate directory "/Users/runner/work/tcm-storage-ios/tcm-storage-ios/build/Build/Products/Debug-iphonesimulator/PackageFrameworks"
2026-04-22T16:44:59.5461410Z ignoring duplicate directory "/Users/runner/work/tcm-storage-ios/tcm-storage-ios/build/Build/Products/Debug-iphonesimulator/PackageFrameworks"
2026-04-22T16:44:59.5462380Z ignoring duplicate directory "/Users/runner/work/tcm-storage-ios/tcm-storage-ios/build/Build/Products/Debug-iphonesimulator/PackageFrameworks"
2026-04-22T16:44:59.5474190Z ignoring duplicate directory "/Users/runner/work/tcm-storage-ios/tcm-storage-ios/build/Build/Products/Debug-iphonesimulator/PackageFrameworks"
2026-04-22T16:44:59.5474610Z ignoring duplicate directory "/Users/runner/work/tcm-storage-ios/tcm-storage-ios/build/Build/Products/Debug-iphonesimulator/PackageFrameworks"
2026-04-22T16:44:59.5474950Z ignoring duplicate directory "/Users/runner/work/tcm-storage-ios/tcm-storage-ios/build/Build/Products/Debug-iphonesimulator/PackageFrameworks"
2026-04-22T16:44:59.5475290Z ignoring duplicate directory "/Users/runner/work/tcm-storage-ios/tcm-storage-ios/build/Build/Products/Debug-iphonesimulator/PackageFrameworks"
2026-04-22T16:44:59.5476000Z ignoring duplicate directory "/Users/runner/work/tcm-storage-ios/tcm-storage-ios/build/Build/Products/Debug-iphonesimulator/PackageFrameworks"
2026-04-22T16:44:59.5476340Z ignoring duplicate directory "/Users/runner/work/tcm-storage-ios/tcm-storage-ios/build/Build/Products/Debug-iphonesimulator/PackageFrameworks"
2026-04-22T16:44:59.5476860Z ignoring duplicate directory "/Users/runner/work/tcm-storage-ios/tcm-storage-ios/build/Build/Products/Debug-iphonesimulator/PackageFrameworks"
2026-04-22T16:44:59.5477290Z ignoring duplicate directory "/Users/runner/work/tcm-storage-ios/tcm-storage-ios/build/Build/Products/Debug-iphonesimulator/PackageFrameworks"
2026-04-22T16:44:59.5477630Z ignoring duplicate directory "/Users/runner/work/tcm-storage-ios/tcm-storage-ios/build/Build/Products/Debug-iphonesimulator/PackageFrameworks"
2026-04-22T16:44:59.5477970Z ignoring duplicate directory "/Users/runner/work/tcm-storage-ios/tcm-storage-ios/build/Build/Products/Debug-iphonesimulator/PackageFrameworks"
2026-04-22T16:44:59.5478330Z ignoring duplicate directory "/Users/runner/work/tcm-storage-ios/tcm-storage-ios/build/Build/Products/Debug-iphonesimulator/PackageFrameworks"
2026-04-22T16:44:59.5478700Z ignoring duplicate directory "/Users/runner/work/tcm-storage-ios/tcm-storage-ios/build/Build/Products/Debug-iphonesimulator/PackageFrameworks"
2026-04-22T16:44:59.5479060Z ignoring duplicate directory "/Users/runner/work/tcm-storage-ios/tcm-storage-ios/build/Build/Products/Debug-iphonesimulator/PackageFrameworks"
2026-04-22T16:44:59.5479410Z ignoring duplicate directory "/Users/runner/work/tcm-storage-ios/tcm-storage-ios/build/Build/Products/Debug-iphonesimulator/PackageFrameworks"
2026-04-22T16:44:59.5479760Z ignoring duplicate directory "/Users/runner/work/tcm-storage-ios/tcm-storage-ios/build/Build/Products/Debug-iphonesimulator/PackageFrameworks"
2026-04-22T16:44:59.5480110Z ignoring duplicate directory "/Users/runner/work/tcm-storage-ios/tcm-storage-ios/build/Build/Products/Debug-iphonesimulator/PackageFrameworks"
2026-04-22T16:44:59.5480450Z ignoring duplicate directory "/Users/runner/work/tcm-storage-ios/tcm-storage-ios/build/Build/Products/Debug-iphonesimulator/PackageFrameworks"
2026-04-22T16:44:59.5480790Z ignoring duplicate directory "/Users/runner/work/tcm-storage-ios/tcm-storage-ios/build/Build/Products/Debug-iphonesimulator/PackageFrameworks"
2026-04-22T16:44:59.5481130Z ignoring duplicate directory "/Users/runner/work/tcm-storage-ios/tcm-storage-ios/build/Build/Products/Debug-iphonesimulator/PackageFrameworks"
2026-04-22T16:44:59.5481470Z ignoring duplicate directory "/Users/runner/work/tcm-storage-ios/tcm-storage-ios/build/Build/Products/Debug-iphonesimulator/PackageFrameworks"
2026-04-22T16:44:59.5481810Z ignoring duplicate directory "/Users/runner/work/tcm-storage-ios/tcm-storage-ios/build/Build/Products/Debug-iphonesimulator/PackageFrameworks"
2026-04-22T16:44:59.5482290Z ignoring duplicate directory "/Users/runner/work/tcm-storage-ios/tcm-storage-ios/build/Build/Products/Debug-iphonesimulator/PackageFrameworks"
2026-04-22T16:44:59.5482630Z ignoring duplicate directory "/Users/runner/work/tcm-storage-ios/tcm-storage-ios/build/Build/Products/Debug-iphonesimulator/PackageFrameworks"
2026-04-22T16:44:59.5483000Z ignoring duplicate directory "/Users/runner/work/tcm-storage-ios/tcm-storage-ios/build/Build/Products/Debug-iphonesimulator/PackageFrameworks"
2026-04-22T16:44:59.5483360Z ignoring duplicate directory "/Users/runner/work/tcm-storage-ios/tcm-storage-ios/build/Build/Products/Debug-iphonesimulator/PackageFrameworks"
2026-04-22T16:44:59.5483700Z ignoring duplicate directory "/Users/runner/work/tcm-storage-ios/tcm-storage-ios/build/Build/Products/Debug-iphonesimulator/PackageFrameworks"
2026-04-22T16:44:59.5484040Z ignoring duplicate directory "/Users/runner/work/tcm-storage-ios/tcm-storage-ios/build/Build/Products/Debug-iphonesimulator/PackageFrameworks"
2026-04-22T16:44:59.5484380Z ignoring duplicate directory "/Users/runner/work/tcm-storage-ios/tcm-storage-ios/build/Build/Products/Debug-iphonesimulator/PackageFrameworks"
2026-04-22T16:44:59.5484800Z ignoring duplicate directory "/Users/runner/work/tcm-storage-ios/tcm-storage-ios/build/Build/Products/Debug-iphonesimulator/PackageFrameworks"
2026-04-22T16:44:59.5485130Z ignoring duplicate directory "/Users/runner/work/tcm-storage-ios/tcm-storage-ios/build/Build/Products/Debug-iphonesimulator/PackageFrameworks"
2026-04-22T16:44:59.5485560Z ignoring duplicate directory "/Users/runner/work/tcm-storage-ios/tcm-storage-ios/build/Build/Products/Debug-iphonesimulator/PackageFrameworks"
2026-04-22T16:44:59.5485970Z ignoring duplicate directory "/Users/runner/work/tcm-storage-ios/tcm-storage-ios/build/Build/Products/Debug-iphonesimulator/PackageFrameworks"
2026-04-22T16:44:59.5486040Z #include "..." search starts here:
2026-04-22T16:44:59.5486540Z  /Users/runner/work/tcm-storage-ios/tcm-storage-ios/build/Build/Intermediates.noindex/Nextcloud.build/Debug-iphonesimulator/Nextcloud.build/Nextcloud-generated-files.hmap (headermap)
2026-04-22T16:44:59.5487030Z  /Users/runner/work/tcm-storage-ios/tcm-storage-ios/build/Build/Intermediates.noindex/Nextcloud.build/Debug-iphonesimulator/Nextcloud.build/Nextcloud-project-headers.hmap (headermap)
2026-04-22T16:44:59.5487090Z #include <...> search starts here:
2026-04-22T16:44:59.5487560Z  /Users/runner/work/tcm-storage-ios/tcm-storage-ios/build/Build/Intermediates.noindex/Nextcloud.build/Debug-iphonesimulator/Nextcloud.build/Nextcloud-own-target-headers.hmap (headermap)
2026-04-22T16:44:59.5488120Z  /Users/runner/work/tcm-storage-ios/tcm-storage-ios/build/Build/Intermediates.noindex/Nextcloud.build/Debug-iphonesimulator/Nextcloud.build/Nextcloud-all-non-framework-target-headers.hmap (headermap)
2026-04-22T16:44:59.5488740Z  /Users/runner/work/tcm-storage-ios/tcm-storage-ios/build/SourcePackages/checkouts/swift-nio-ssl/Sources/CNIOBoringSSLShims/include
2026-04-22T16:44:59.5489170Z  /Users/runner/work/tcm-storage-ios/tcm-storage-ios/build/SourcePackages/checkouts/swift-nio-ssl/Sources/CNIOBoringSSL/include
2026-04-22T16:44:59.5489510Z  /Users/runner/work/tcm-storage-ios/tcm-storage-ios/build/SourcePackages/checkouts/swift-atomics/Sources/_AtomicsShims/include
2026-04-22T16:44:59.5489820Z  /Users/runner/work/tcm-storage-ios/tcm-storage-ios/build/SourcePackages/checkouts/swift-nio/Sources/CNIOPosix/include
2026-04-22T16:44:59.5490100Z  /Users/runner/work/tcm-storage-ios/tcm-storage-ios/build/SourcePackages/checkouts/swift-nio/Sources/CNIOWASI/include
2026-04-22T16:44:59.5490380Z  /Users/runner/work/tcm-storage-ios/tcm-storage-ios/build/SourcePackages/checkouts/swift-nio/Sources/CNIOWindows/include
2026-04-22T16:44:59.5490650Z  /Users/runner/work/tcm-storage-ios/tcm-storage-ios/build/SourcePackages/checkouts/swift-nio/Sources/CNIOLinux/include
2026-04-22T16:44:59.5490940Z  /Users/runner/work/tcm-storage-ios/tcm-storage-ios/build/SourcePackages/checkouts/swift-nio/Sources/CNIODarwin/include
2026-04-22T16:44:59.5491360Z  /Users/runner/work/tcm-storage-ios/tcm-storage-ios/build/SourcePackages/checkouts/swift-nio/Sources/CNIOOpenBSD/include
2026-04-22T16:44:59.5491640Z  /Users/runner/work/tcm-storage-ios/tcm-storage-ios/build/SourcePackages/checkouts/swift-nio/Sources/CNIOAtomics/include
2026-04-22T16:44:59.5491850Z  /Users/runner/work/tcm-storage-ios/tcm-storage-ios/build/SourcePackages/checkouts/realm-core/src
2026-04-22T16:44:59.5492090Z  /Users/runner/work/tcm-storage-ios/tcm-storage-ios/build/SourcePackages/checkouts/realm-core/src/external/s2
2026-04-22T16:44:59.5492430Z  /Users/runner/work/tcm-storage-ios/tcm-storage-ios/build/SourcePackages/checkouts/realm-core/src/external/IntelRDFPMathLib20U2/LIBRARY/src
2026-04-22T16:44:59.5492660Z  /Users/runner/work/tcm-storage-ios/tcm-storage-ios/build/SourcePackages/checkouts/realm-core/src/spm
2026-04-22T16:44:59.5492880Z  /Users/runner/work/tcm-storage-ios/tcm-storage-ios/build/SourcePackages/checkouts/realm-swift/include
2026-04-22T16:44:59.5493210Z  /Users/runner/work/tcm-storage-ios/tcm-storage-ios/build/SourcePackages/checkouts/GoogleUtilities/GoogleUtilities/NSData+zlib/Public
2026-04-22T16:44:59.5493700Z  /Users/runner/work/tcm-storage-ios/tcm-storage-ios/build/SourcePackages/checkouts/GoogleUtilities/GoogleUtilities/Logger/Public
2026-04-22T16:44:59.5494030Z  /Users/runner/work/tcm-storage-ios/tcm-storage-ios/build/SourcePackages/checkouts/GoogleUtilities/GoogleUtilities/Environment/Public
2026-04-22T16:44:59.5494340Z  /Users/runner/work/tcm-storage-ios/tcm-storage-ios/build/SourcePackages/checkouts/GoogleUtilities/third_party/IsAppEncrypted/Public
2026-04-22T16:44:59.5494830Z  /Users/runner/work/tcm-storage-ios/tcm-storage-ios/build/SourcePackages/checkouts/GoogleUtilities/GoogleUtilities/UserDefaults/Public
2026-04-22T16:44:59.5495070Z  /Users/runner/work/tcm-storage-ios/tcm-storage-ios/build/SourcePackages/checkouts/nanopb/spm_headers
2026-04-22T16:44:59.5495350Z  /Users/runner/work/tcm-storage-ios/tcm-storage-ios/build/SourcePackages/checkouts/promises/Sources/FBLPromises/include
2026-04-22T16:44:59.5495720Z  /Users/runner/work/tcm-storage-ios/tcm-storage-ios/build/SourcePackages/checkouts/GoogleDataTransport/GoogleDataTransport/GDTCORLibrary/Public
2026-04-22T16:44:59.5496050Z  /Users/runner/work/tcm-storage-ios/tcm-storage-ios/build/SourcePackages/checkouts/firebase-ios-sdk/FirebaseSessions/SourcesObjC
2026-04-22T16:44:59.5496360Z  /Users/runner/work/tcm-storage-ios/tcm-storage-ios/build/SourcePackages/checkouts/firebase-ios-sdk/FirebaseCore/Extension
2026-04-22T16:44:59.5496710Z  /Users/runner/work/tcm-storage-ios/tcm-storage-ios/build/SourcePackages/checkouts/firebase-ios-sdk/FirebaseInstallations/Source/Library/Public
2026-04-22T16:44:59.5497020Z  /Users/runner/work/tcm-storage-ios/tcm-storage-ios/build/SourcePackages/checkouts/firebase-ios-sdk/FirebaseCore/Sources/Public
2026-04-22T16:44:59.5497290Z  /Users/runner/work/tcm-storage-ios/tcm-storage-ios/build/SourcePackages/checkouts/firebase-ios-sdk/CoreOnly/Sources
2026-04-22T16:44:59.5497610Z  /Users/runner/work/tcm-storage-ios/tcm-storage-ios/build/SourcePackages/checkouts/firebase-ios-sdk/Crashlytics/Crashlytics/Public
2026-04-22T16:44:59.5497890Z  /Users/runner/work/tcm-storage-ios/tcm-storage-ios/build/SourcePackages/checkouts/GzipSwift/Sources/system-zlib/include
2026-04-22T16:44:59.5498280Z  /Users/runner/work/tcm-storage-ios/tcm-storage-ios/build/Build/Intermediates.noindex/Nextcloud.build/Debug-iphonesimulator/Nextcloud.build/DerivedSources
2026-04-22T16:44:59.5498640Z  /Users/runner/work/tcm-storage-ios/tcm-storage-ios/build/Build/Products/Debug-iphonesimulator/PackageFrameworks (framework directory)
2026-04-22T16:44:59.5498920Z  /Users/runner/work/tcm-storage-ios/tcm-storage-ios/build/Build/Products/Debug-iphonesimulator (framework directory)
2026-04-22T16:44:59.5499250Z  /Applications/Xcode_26.2.app/Contents/Developer/Platforms/iPhoneSimulator.platform/Developer/Library/Frameworks (framework directory)
2026-04-22T16:44:59.5499780Z  /Applications/Xcode_26.2.app/Contents/Developer/Platforms/iPhoneSimulator.platform/Developer/SDKs/iPhoneSimulator26.2.sdk/Developer/Library/Frameworks (framework directory)
2026-04-22T16:44:59.5500030Z  /Applications/Xcode_26.2.app/Contents/Developer/Toolchains/XcodeDefault.xctoolchain/usr/lib/clang/17/include
2026-04-22T16:44:59.5500350Z  /Applications/Xcode_26.2.app/Contents/Developer/Platforms/iPhoneSimulator.platform/Developer/SDKs/iPhoneSimulator26.2.sdk/usr/include
2026-04-22T16:44:59.5500570Z  /Applications/Xcode_26.2.app/Contents/Developer/Toolchains/XcodeDefault.xctoolchain/usr/include
2026-04-22T16:44:59.5501010Z  /Applications/Xcode_26.2.app/Contents/Developer/Platforms/iPhoneSimulator.platform/Developer/SDKs/iPhoneSimulator26.2.sdk/System/Library/Frameworks (framework directory)
2026-04-22T16:44:59.5501450Z  /Applications/Xcode_26.2.app/Contents/Developer/Platforms/iPhoneSimulator.platform/Developer/SDKs/iPhoneSimulator26.2.sdk/System/Library/SubFrameworks (framework directory)
2026-04-22T16:44:59.5501500Z End of search list.
2026-04-22T16:44:59.5501680Z clang -cc1 version 17.0.0 (clang-1700.6.3.2) default target arm64-apple-darwin24.6.0
2026-04-22T16:44:59.5502070Z ignoring nonexistent directory "/Users/runner/work/tcm-storage-ios/tcm-storage-ios/build/Build/Products/Debug-iphonesimulator/include"
2026-04-22T16:44:59.5502620Z ignoring nonexistent directory "/Users/runner/work/tcm-storage-ios/tcm-storage-ios/build/Build/Intermediates.noindex/Nextcloud.build/Debug-iphonesimulator/Nextcloud.build/DerivedSources-normal/arm64"
2026-04-22T16:44:59.5503270Z ignoring nonexistent directory "/Users/runner/work/tcm-storage-ios/tcm-storage-ios/build/Build/Intermediates.noindex/Nextcloud.build/Debug-iphonesimulator/Nextcloud.build/DerivedSources/arm64"
2026-04-22T16:44:59.5503820Z ignoring nonexistent directory "/Applications/Xcode_26.2.app/Contents/Developer/Platforms/iPhoneSimulator.platform/Developer/SDKs/iPhoneSimulator26.2.sdk/usr/local/include"
2026-04-22T16:44:59.5504290Z ignoring nonexistent directory "/Applications/Xcode_26.2.app/Contents/Developer/Platforms/iPhoneSimulator.platform/Developer/SDKs/iPhoneSimulator26.2.sdk/Library/Frameworks"
2026-04-22T16:44:59.5504630Z ignoring duplicate directory "/Users/runner/work/tcm-storage-ios/tcm-storage-ios/build/Build/Products/Debug-iphonesimulator/PackageFrameworks"
2026-04-22T16:44:59.5504960Z ignoring duplicate directory "/Users/runner/work/tcm-storage-ios/tcm-storage-ios/build/Build/Products/Debug-iphonesimulator/PackageFrameworks"
2026-04-22T16:44:59.5505320Z ignoring duplicate directory "/Users/runner/work/tcm-storage-ios/tcm-storage-ios/build/Build/Products/Debug-iphonesimulator/PackageFrameworks"
2026-04-22T16:44:59.5505660Z ignoring duplicate directory "/Users/runner/work/tcm-storage-ios/tcm-storage-ios/build/Build/Products/Debug-iphonesimulator/PackageFrameworks"
2026-04-22T16:44:59.5506000Z ignoring duplicate directory "/Users/runner/work/tcm-storage-ios/tcm-storage-ios/build/Build/Products/Debug-iphonesimulator/PackageFrameworks"
2026-04-22T16:44:59.5506360Z ignoring duplicate directory "/Users/runner/work/tcm-storage-ios/tcm-storage-ios/build/Build/Products/Debug-iphonesimulator/PackageFrameworks"
2026-04-22T16:44:59.5506700Z ignoring duplicate directory "/Users/runner/work/tcm-storage-ios/tcm-storage-ios/build/Build/Products/Debug-iphonesimulator/PackageFrameworks"
2026-04-22T16:44:59.5507040Z ignoring duplicate directory "/Users/runner/work/tcm-storage-ios/tcm-storage-ios/build/Build/Products/Debug-iphonesimulator/PackageFrameworks"
2026-04-22T16:44:59.5507370Z ignoring duplicate directory "/Users/runner/work/tcm-storage-ios/tcm-storage-ios/build/Build/Products/Debug-iphonesimulator/PackageFrameworks"
2026-04-22T16:44:59.5507700Z ignoring duplicate directory "/Users/runner/work/tcm-storage-ios/tcm-storage-ios/build/Build/Products/Debug-iphonesimulator/PackageFrameworks"
2026-04-22T16:44:59.5508060Z ignoring duplicate directory "/Users/runner/work/tcm-storage-ios/tcm-storage-ios/build/Build/Products/Debug-iphonesimulator/PackageFrameworks"
2026-04-22T16:44:59.5508920Z ignoring duplicate directory "/Users/runner/work/tcm-storage-ios/tcm-storage-ios/build/Build/Products/Debug-iphonesimulator/PackageFrameworks"
2026-04-22T16:44:59.5509300Z ignoring duplicate directory "/Users/runner/work/tcm-storage-ios/tcm-storage-ios/build/Build/Products/Debug-iphonesimulator/PackageFrameworks"
2026-04-22T16:44:59.5509660Z ignoring duplicate directory "/Users/runner/work/tcm-storage-ios/tcm-storage-ios/build/Build/Products/Debug-iphonesimulator/PackageFrameworks"
2026-04-22T16:44:59.5510040Z ignoring duplicate directory "/Users/runner/work/tcm-storage-ios/tcm-storage-ios/build/Build/Products/Debug-iphonesimulator/PackageFrameworks"
2026-04-22T16:44:59.5510420Z ignoring duplicate directory "/Users/runner/work/tcm-storage-ios/tcm-storage-ios/build/Build/Products/Debug-iphonesimulator/PackageFrameworks"
2026-04-22T16:44:59.5510780Z ignoring duplicate directory "/Users/runner/work/tcm-storage-ios/tcm-storage-ios/build/Build/Products/Debug-iphonesimulator/PackageFrameworks"
2026-04-22T16:44:59.5511140Z ignoring duplicate directory "/Users/runner/work/tcm-storage-ios/tcm-storage-ios/build/Build/Products/Debug-iphonesimulator/PackageFrameworks"
2026-04-22T16:44:59.5511650Z ignoring duplicate directory "/Users/runner/work/tcm-storage-ios/tcm-storage-ios/build/Build/Products/Debug-iphonesimulator/PackageFrameworks"
2026-04-22T16:44:59.5512030Z ignoring duplicate directory "/Users/runner/work/tcm-storage-ios/tcm-storage-ios/build/Build/Products/Debug-iphonesimulator/PackageFrameworks"
2026-04-22T16:44:59.5512360Z ignoring duplicate directory "/Users/runner/work/tcm-storage-ios/tcm-storage-ios/build/Build/Products/Debug-iphonesimulator/PackageFrameworks"
2026-04-22T16:44:59.5512930Z ignoring duplicate directory "/Users/runner/work/tcm-storage-ios/tcm-storage-ios/build/Build/Products/Debug-iphonesimulator/PackageFrameworks"
2026-04-22T16:44:59.5513280Z ignoring duplicate directory "/Users/runner/work/tcm-storage-ios/tcm-storage-ios/build/Build/Products/Debug-iphonesimulator/PackageFrameworks"
2026-04-22T16:44:59.5513620Z ignoring duplicate directory "/Users/runner/work/tcm-storage-ios/tcm-storage-ios/build/Build/Products/Debug-iphonesimulator/PackageFrameworks"
2026-04-22T16:44:59.5514790Z ignoring duplicate directory "/Users/runner/work/tcm-storage-ios/tcm-storage-ios/build/Build/Products/Debug-iphonesimulator/PackageFrameworks"
2026-04-22T16:44:59.5515960Z ignoring duplicate directory "/Users/runner/work/tcm-storage-ios/tcm-storage-ios/build/Build/Products/Debug-iphonesimulator/PackageFrameworks"
2026-04-22T16:44:59.5517580Z ignoring duplicate directory "/Users/runner/work/tcm-storage-ios/tcm-storage-ios/build/Build/Products/Debug-iphonesimulator/PackageFrameworks"
2026-04-22T16:44:59.5518010Z ignoring duplicate directory "/Users/runner/work/tcm-storage-ios/tcm-storage-ios/build/Build/Products/Debug-iphonesimulator/PackageFrameworks"
2026-04-22T16:44:59.5518640Z ignoring duplicate directory "/Users/runner/work/tcm-storage-ios/tcm-storage-ios/build/Build/Products/Debug-iphonesimulator/PackageFrameworks"
2026-04-22T16:44:59.5519780Z ignoring duplicate directory "/Users/runner/work/tcm-storage-ios/tcm-storage-ios/build/Build/Products/Debug-iphonesimulator/PackageFrameworks"
2026-04-22T16:44:59.5520180Z ignoring duplicate directory "/Users/runner/work/tcm-storage-ios/tcm-storage-ios/build/Build/Products/Debug-iphonesimulator/PackageFrameworks"
2026-04-22T16:44:59.5520540Z ignoring duplicate directory "/Users/runner/work/tcm-storage-ios/tcm-storage-ios/build/Build/Products/Debug-iphonesimulator/PackageFrameworks"
2026-04-22T16:44:59.5520920Z ignoring duplicate directory "/Users/runner/work/tcm-storage-ios/tcm-storage-ios/build/Build/Products/Debug-iphonesimulator/PackageFrameworks"
2026-04-22T16:44:59.5521700Z ignoring duplicate directory "/Users/runner/work/tcm-storage-ios/tcm-storage-ios/build/Build/Products/Debug-iphonesimulator/PackageFrameworks"
2026-04-22T16:44:59.5522970Z ignoring duplicate directory "/Users/runner/work/tcm-storage-ios/tcm-storage-ios/build/Build/Products/Debug-iphonesimulator/PackageFrameworks"
2026-04-22T16:44:59.5524440Z ignoring duplicate directory "/Users/runner/work/tcm-storage-ios/tcm-storage-ios/build/Build/Products/Debug-iphonesimulator/PackageFrameworks"
2026-04-22T16:44:59.5525470Z ignoring duplicate directory "/Users/runner/work/tcm-storage-ios/tcm-storage-ios/build/Build/Products/Debug-iphonesimulator/PackageFrameworks"
2026-04-22T16:44:59.5616480Z ignoring duplicate directory "/Users/runner/work/tcm-storage-ios/tcm-storage-ios/build/Build/Products/Debug-iphonesimulator/PackageFrameworks"
2026-04-22T16:44:59.5617750Z ignoring duplicate directory "/Users/runner/work/tcm-storage-ios/tcm-storage-ios/build/Build/Products/Debug-iphonesimulator/PackageFrameworks"
2026-04-22T16:44:59.5618750Z ignoring duplicate directory "/Users/runner/work/tcm-storage-ios/tcm-storage-ios/build/Build/Products/Debug-iphonesimulator/PackageFrameworks"
2026-04-22T16:44:59.5619710Z ignoring duplicate directory "/Users/runner/work/tcm-storage-ios/tcm-storage-ios/build/Build/Products/Debug-iphonesimulator/PackageFrameworks"
2026-04-22T16:44:59.5620650Z ignoring duplicate directory "/Users/runner/work/tcm-storage-ios/tcm-storage-ios/build/Build/Products/Debug-iphonesimulator/PackageFrameworks"
2026-04-22T16:44:59.5622460Z ignoring duplicate directory "/Users/runner/work/tcm-storage-ios/tcm-storage-ios/build/Build/Products/Debug-iphonesimulator/PackageFrameworks"
2026-04-22T16:44:59.5623450Z ignoring duplicate directory "/Users/runner/work/tcm-storage-ios/tcm-storage-ios/build/Build/Products/Debug-iphonesimulator/PackageFrameworks"
2026-04-22T16:44:59.5624830Z ignoring duplicate directory "/Users/runner/work/tcm-storage-ios/tcm-storage-ios/build/Build/Products/Debug-iphonesimulator/PackageFrameworks"
2026-04-22T16:44:59.5626100Z ignoring duplicate directory "/Users/runner/work/tcm-storage-ios/tcm-storage-ios/build/Build/Products/Debug-iphonesimulator/PackageFrameworks"
2026-04-22T16:44:59.5627130Z ignoring duplicate directory "/Users/runner/work/tcm-storage-ios/tcm-storage-ios/build/Build/Products/Debug-iphonesimulator/PackageFrameworks"
2026-04-22T16:44:59.5628100Z ignoring duplicate directory "/Users/runner/work/tcm-storage-ios/tcm-storage-ios/build/Build/Products/Debug-iphonesimulator/PackageFrameworks"
2026-04-22T16:44:59.5629040Z ignoring duplicate directory "/Users/runner/work/tcm-storage-ios/tcm-storage-ios/build/Build/Products/Debug-iphonesimulator/PackageFrameworks"
2026-04-22T16:44:59.5629990Z ignoring duplicate directory "/Users/runner/work/tcm-storage-ios/tcm-storage-ios/build/Build/Products/Debug-iphonesimulator/PackageFrameworks"
2026-04-22T16:44:59.5630930Z ignoring duplicate directory "/Users/runner/work/tcm-storage-ios/tcm-storage-ios/build/Build/Products/Debug-iphonesimulator/PackageFrameworks"
2026-04-22T16:44:59.5632250Z ignoring duplicate directory "/Users/runner/work/tcm-storage-ios/tcm-storage-ios/build/Build/Products/Debug-iphonesimulator/PackageFrameworks"
2026-04-22T16:44:59.5632670Z ignoring duplicate directory "/Users/runner/work/tcm-storage-ios/tcm-storage-ios/build/Build/Products/Debug-iphonesimulator/PackageFrameworks"
2026-04-22T16:44:59.5633040Z ignoring duplicate directory "/Users/runner/work/tcm-storage-ios/tcm-storage-ios/build/Build/Products/Debug-iphonesimulator/PackageFrameworks"
2026-04-22T16:44:59.5634250Z ignoring duplicate directory "/Users/runner/work/tcm-storage-ios/tcm-storage-ios/build/Build/Products/Debug-iphonesimulator/PackageFrameworks"
2026-04-22T16:44:59.5635280Z ignoring duplicate directory "/Users/runner/work/tcm-storage-ios/tcm-storage-ios/build/Build/Products/Debug-iphonesimulator/PackageFrameworks"
2026-04-22T16:44:59.5636270Z ignoring duplicate directory "/Users/runner/work/tcm-storage-ios/tcm-storage-ios/build/Build/Products/Debug-iphonesimulator/PackageFrameworks"
2026-04-22T16:44:59.5637220Z ignoring duplicate directory "/Users/runner/work/tcm-storage-ios/tcm-storage-ios/build/Build/Products/Debug-iphonesimulator/PackageFrameworks"
2026-04-22T16:44:59.5638230Z ignoring duplicate directory "/Users/runner/work/tcm-storage-ios/tcm-storage-ios/build/Build/Products/Debug-iphonesimulator/PackageFrameworks"
2026-04-22T16:44:59.5639570Z ignoring duplicate directory "/Users/runner/work/tcm-storage-ios/tcm-storage-ios/build/Build/Products/Debug-iphonesimulator/PackageFrameworks"
2026-04-22T16:44:59.5640540Z ignoring duplicate directory "/Users/runner/work/tcm-storage-ios/tcm-storage-ios/build/Build/Products/Debug-iphonesimulator/PackageFrameworks"
2026-04-22T16:44:59.5641520Z ignoring duplicate directory "/Users/runner/work/tcm-storage-ios/tcm-storage-ios/build/Build/Products/Debug-iphonesimulator/PackageFrameworks"
2026-04-22T16:44:59.5642450Z ignoring duplicate directory "/Users/runner/work/tcm-storage-ios/tcm-storage-ios/build/Build/Products/Debug-iphonesimulator/PackageFrameworks"
2026-04-22T16:44:59.5643390Z ignoring duplicate directory "/Users/runner/work/tcm-storage-ios/tcm-storage-ios/build/Build/Products/Debug-iphonesimulator/PackageFrameworks"
2026-04-22T16:44:59.5644330Z ignoring duplicate directory "/Users/runner/work/tcm-storage-ios/tcm-storage-ios/build/Build/Products/Debug-iphonesimulator/PackageFrameworks"
2026-04-22T16:44:59.5645290Z ignoring duplicate directory "/Users/runner/work/tcm-storage-ios/tcm-storage-ios/build/Build/Products/Debug-iphonesimulator/PackageFrameworks"
2026-04-22T16:44:59.5646620Z ignoring duplicate directory "/Users/runner/work/tcm-storage-ios/tcm-storage-ios/build/Build/Products/Debug-iphonesimulator/PackageFrameworks"
2026-04-22T16:44:59.5647610Z ignoring duplicate directory "/Users/runner/work/tcm-storage-ios/tcm-storage-ios/build/Build/Products/Debug-iphonesimulator/PackageFrameworks"
2026-04-22T16:44:59.5648920Z ignoring duplicate directory "/Users/runner/work/tcm-storage-ios/tcm-storage-ios/build/Build/Products/Debug-iphonesimulator/PackageFrameworks"
2026-04-22T16:44:59.5650090Z ignoring duplicate directory "/Users/runner/work/tcm-storage-ios/tcm-storage-ios/build/Build/Products/Debug-iphonesimulator/PackageFrameworks"
2026-04-22T16:44:59.5651060Z ignoring duplicate directory "/Users/runner/work/tcm-storage-ios/tcm-storage-ios/build/Build/Products/Debug-iphonesimulator/PackageFrameworks"
2026-04-22T16:44:59.5652010Z ignoring duplicate directory "/Users/runner/work/tcm-storage-ios/tcm-storage-ios/build/Build/Products/Debug-iphonesimulator/PackageFrameworks"
2026-04-22T16:44:59.5653020Z ignoring duplicate directory "/Users/runner/work/tcm-storage-ios/tcm-storage-ios/build/Build/Products/Debug-iphonesimulator/PackageFrameworks"
2026-04-22T16:44:59.5653980Z ignoring duplicate directory "/Users/runner/work/tcm-storage-ios/tcm-storage-ios/build/Build/Products/Debug-iphonesimulator/PackageFrameworks"
2026-04-22T16:44:59.5654960Z ignoring duplicate directory "/Users/runner/work/tcm-storage-ios/tcm-storage-ios/build/Build/Products/Debug-iphonesimulator/PackageFrameworks"
2026-04-22T16:44:59.5685780Z ignoring duplicate directory "/Users/runner/work/tcm-storage-ios/tcm-storage-ios/build/Build/Products/Debug-iphonesimulator/PackageFrameworks"
2026-04-22T16:44:59.5685940Z #include "..." search starts here:
2026-04-22T16:44:59.5686720Z  /Users/runner/work/tcm-storage-ios/tcm-storage-ios/build/Build/Intermediates.noindex/Nextcloud.build/Debug-iphonesimulator/Nextcloud.build/Nextcloud-generated-files.hmap (headermap)
2026-04-22T16:44:59.5687200Z  /Users/runner/work/tcm-storage-ios/tcm-storage-ios/build/Build/Intermediates.noindex/Nextcloud.build/Debug-iphonesimulator/Nextcloud.build/Nextcloud-project-headers.hmap (headermap)
2026-04-22T16:44:59.5687260Z #include <...> search starts here:
2026-04-22T16:44:59.5687740Z  /Users/runner/work/tcm-storage-ios/tcm-storage-ios/build/Build/Intermediates.noindex/Nextcloud.build/Debug-iphonesimulator/Nextcloud.build/Nextcloud-own-target-headers.hmap (headermap)
2026-04-22T16:44:59.5688270Z  /Users/runner/work/tcm-storage-ios/tcm-storage-ios/build/Build/Intermediates.noindex/Nextcloud.build/Debug-iphonesimulator/Nextcloud.build/Nextcloud-all-non-framework-target-headers.hmap (headermap)
2026-04-22T16:44:59.5688600Z  /Users/runner/work/tcm-storage-ios/tcm-storage-ios/build/SourcePackages/checkouts/swift-nio-ssl/Sources/CNIOBoringSSLShims/include
2026-04-22T16:44:59.5689270Z  /Users/runner/work/tcm-storage-ios/tcm-storage-ios/build/SourcePackages/checkouts/swift-nio-ssl/Sources/CNIOBoringSSL/include
2026-04-22T16:44:59.5689590Z  /Users/runner/work/tcm-storage-ios/tcm-storage-ios/build/SourcePackages/checkouts/swift-atomics/Sources/_AtomicsShims/include
2026-04-22T16:44:59.5689870Z  /Users/runner/work/tcm-storage-ios/tcm-storage-ios/build/SourcePackages/checkouts/swift-nio/Sources/CNIOPosix/include
2026-04-22T16:44:59.5690270Z  /Users/runner/work/tcm-storage-ios/tcm-storage-ios/build/SourcePackages/checkouts/swift-nio/Sources/CNIOWASI/include
2026-04-22T16:44:59.5690570Z  /Users/runner/work/tcm-storage-ios/tcm-storage-ios/build/SourcePackages/checkouts/swift-nio/Sources/CNIOWindows/include
2026-04-22T16:44:59.5690840Z  /Users/runner/work/tcm-storage-ios/tcm-storage-ios/build/SourcePackages/checkouts/swift-nio/Sources/CNIOLinux/include
2026-04-22T16:44:59.5691110Z  /Users/runner/work/tcm-storage-ios/tcm-storage-ios/build/SourcePackages/checkouts/swift-nio/Sources/CNIODarwin/include
2026-04-22T16:44:59.5691390Z  /Users/runner/work/tcm-storage-ios/tcm-storage-ios/build/SourcePackages/checkouts/swift-nio/Sources/CNIOOpenBSD/include
2026-04-22T16:44:59.5691830Z  /Users/runner/work/tcm-storage-ios/tcm-storage-ios/build/SourcePackages/checkouts/swift-nio/Sources/CNIOAtomics/include
2026-04-22T16:44:59.5692040Z  /Users/runner/work/tcm-storage-ios/tcm-storage-ios/build/SourcePackages/checkouts/realm-core/src
2026-04-22T16:44:59.5692300Z  /Users/runner/work/tcm-storage-ios/tcm-storage-ios/build/SourcePackages/checkouts/realm-core/src/external/s2
2026-04-22T16:44:59.5692900Z  /Users/runner/work/tcm-storage-ios/tcm-storage-ios/build/SourcePackages/checkouts/realm-core/src/external/IntelRDFPMathLib20U2/LIBRARY/src
2026-04-22T16:44:59.5693240Z  /Users/runner/work/tcm-storage-ios/tcm-storage-ios/build/SourcePackages/checkouts/realm-core/src/spm
2026-04-22T16:44:59.5693780Z  /Users/runner/work/tcm-storage-ios/tcm-storage-ios/build/SourcePackages/checkouts/realm-swift/include
2026-04-22T16:44:59.5694100Z  /Users/runner/work/tcm-storage-ios/tcm-storage-ios/build/SourcePackages/checkouts/GoogleUtilities/GoogleUtilities/NSData+zlib/Public
2026-04-22T16:44:59.5694410Z  /Users/runner/work/tcm-storage-ios/tcm-storage-ios/build/SourcePackages/checkouts/GoogleUtilities/GoogleUtilities/Logger/Public
2026-04-22T16:44:59.5694740Z  /Users/runner/work/tcm-storage-ios/tcm-storage-ios/build/SourcePackages/checkouts/GoogleUtilities/GoogleUtilities/Environment/Public
2026-04-22T16:44:59.5695060Z  /Users/runner/work/tcm-storage-ios/tcm-storage-ios/build/SourcePackages/checkouts/GoogleUtilities/third_party/IsAppEncrypted/Public
2026-04-22T16:44:59.5695380Z  /Users/runner/work/tcm-storage-ios/tcm-storage-ios/build/SourcePackages/checkouts/GoogleUtilities/GoogleUtilities/UserDefaults/Public
2026-04-22T16:44:59.5695730Z  /Users/runner/work/tcm-storage-ios/tcm-storage-ios/build/SourcePackages/checkouts/nanopb/spm_headers
2026-04-22T16:44:59.5696020Z  /Users/runner/work/tcm-storage-ios/tcm-storage-ios/build/SourcePackages/checkouts/promises/Sources/FBLPromises/include
2026-04-22T16:44:59.5696390Z  /Users/runner/work/tcm-storage-ios/tcm-storage-ios/build/SourcePackages/checkouts/GoogleDataTransport/GoogleDataTransport/GDTCORLibrary/Public
2026-04-22T16:44:59.5696710Z  /Users/runner/work/tcm-storage-ios/tcm-storage-ios/build/SourcePackages/checkouts/firebase-ios-sdk/FirebaseSessions/SourcesObjC
2026-04-22T16:44:59.5696990Z  /Users/runner/work/tcm-storage-ios/tcm-storage-ios/build/SourcePackages/checkouts/firebase-ios-sdk/FirebaseCore/Extension
2026-04-22T16:44:59.5697350Z  /Users/runner/work/tcm-storage-ios/tcm-storage-ios/build/SourcePackages/checkouts/firebase-ios-sdk/FirebaseInstallations/Source/Library/Public
2026-04-22T16:44:59.5697660Z  /Users/runner/work/tcm-storage-ios/tcm-storage-ios/build/SourcePackages/checkouts/firebase-ios-sdk/FirebaseCore/Sources/Public
2026-04-22T16:44:59.5697930Z  /Users/runner/work/tcm-storage-ios/tcm-storage-ios/build/SourcePackages/checkouts/firebase-ios-sdk/CoreOnly/Sources
2026-04-22T16:44:59.5698480Z  /Users/runner/work/tcm-storage-ios/tcm-storage-ios/build/SourcePackages/checkouts/firebase-ios-sdk/Crashlytics/Crashlytics/Public
2026-04-22T16:44:59.5698780Z  /Users/runner/work/tcm-storage-ios/tcm-storage-ios/build/SourcePackages/checkouts/GzipSwift/Sources/system-zlib/include
2026-04-22T16:44:59.5699170Z  /Users/runner/work/tcm-storage-ios/tcm-storage-ios/build/Build/Intermediates.noindex/Nextcloud.build/Debug-iphonesimulator/Nextcloud.build/DerivedSources
2026-04-22T16:44:59.5699500Z  /Users/runner/work/tcm-storage-ios/tcm-storage-ios/build/Build/Products/Debug-iphonesimulator/PackageFrameworks (framework directory)
2026-04-22T16:44:59.5699780Z  /Users/runner/work/tcm-storage-ios/tcm-storage-ios/build/Build/Products/Debug-iphonesimulator (framework directory)
2026-04-22T16:44:59.5700100Z  /Applications/Xcode_26.2.app/Contents/Developer/Platforms/iPhoneSimulator.platform/Developer/Library/Frameworks (framework directory)
2026-04-22T16:44:59.5700550Z  /Applications/Xcode_26.2.app/Contents/Developer/Platforms/iPhoneSimulator.platform/Developer/SDKs/iPhoneSimulator26.2.sdk/Developer/Library/Frameworks (framework directory)
2026-04-22T16:44:59.5700940Z  /Applications/Xcode_26.2.app/Contents/Developer/Toolchains/XcodeDefault.xctoolchain/usr/lib/clang/17/include
2026-04-22T16:44:59.5701290Z  /Applications/Xcode_26.2.app/Contents/Developer/Platforms/iPhoneSimulator.platform/Developer/SDKs/iPhoneSimulator26.2.sdk/usr/include
2026-04-22T16:44:59.5701510Z  /Applications/Xcode_26.2.app/Contents/Developer/Toolchains/XcodeDefault.xctoolchain/usr/include
2026-04-22T16:44:59.5702070Z  /Applications/Xcode_26.2.app/Contents/Developer/Platforms/iPhoneSimulator.platform/Developer/SDKs/iPhoneSimulator26.2.sdk/System/Library/Frameworks (framework directory)
2026-04-22T16:44:59.5702580Z  /Applications/Xcode_26.2.app/Contents/Developer/Platforms/iPhoneSimulator.platform/Developer/SDKs/iPhoneSimulator26.2.sdk/System/Library/SubFrameworks (framework directory)
2026-04-22T16:44:59.5702640Z End of search list.
2026-04-22T16:44:59.5702830Z clang -cc1 version 17.0.0 (clang-1700.6.3.2) default target arm64-apple-darwin24.6.0
2026-04-22T16:44:59.5703150Z ignoring nonexistent directory "/Users/runner/work/tcm-storage-ios/tcm-storage-ios/build/Build/Products/Debug-iphonesimulator/include"
2026-04-22T16:44:59.5703680Z ignoring nonexistent directory "/Users/runner/work/tcm-storage-ios/tcm-storage-ios/build/Build/Intermediates.noindex/Nextcloud.build/Debug-iphonesimulator/Nextcloud.build/DerivedSources-normal/arm64"
2026-04-22T16:44:59.5704170Z ignoring nonexistent directory "/Users/runner/work/tcm-storage-ios/tcm-storage-ios/build/Build/Intermediates.noindex/Nextcloud.build/Debug-iphonesimulator/Nextcloud.build/DerivedSources/arm64"
2026-04-22T16:44:59.5704610Z ignoring nonexistent directory "/Applications/Xcode_26.2.app/Contents/Developer/Platforms/iPhoneSimulator.platform/Developer/SDKs/iPhoneSimulator26.2.sdk/usr/local/include"
2026-04-22T16:44:59.5705050Z ignoring nonexistent directory "/Applications/Xcode_26.2.app/Contents/Developer/Platforms/iPhoneSimulator.platform/Developer/SDKs/iPhoneSimulator26.2.sdk/Library/Frameworks"
2026-04-22T16:44:59.5706030Z ignoring duplicate directory "/Users/runner/work/tcm-storage-ios/tcm-storage-ios/build/Build/Products/Debug-iphonesimulator/PackageFrameworks"
2026-04-22T16:44:59.5707540Z ignoring duplicate directory "/Users/runner/work/tcm-storage-ios/tcm-storage-ios/build/Build/Products/Debug-iphonesimulator/PackageFrameworks"
2026-04-22T16:44:59.5709120Z ignoring duplicate directory "/Users/runner/work/tcm-storage-ios/tcm-storage-ios/build/Build/Products/Debug-iphonesimulator/PackageFrameworks"
2026-04-22T16:44:59.5710130Z ignoring duplicate directory "/Users/runner/work/tcm-storage-ios/tcm-storage-ios/build/Build/Products/Debug-iphonesimulator/PackageFrameworks"
2026-04-22T16:44:59.5711010Z ignoring duplicate directory "/Users/runner/work/tcm-storage-ios/tcm-storage-ios/build/Build/Products/Debug-iphonesimulator/PackageFrameworks"
2026-04-22T16:44:59.5711600Z ignoring duplicate directory "/Users/runner/work/tcm-storage-ios/tcm-storage-ios/build/Build/Products/Debug-iphonesimulator/PackageFrameworks"
2026-04-22T16:44:59.5711970Z ignoring duplicate directory "/Users/runner/work/tcm-storage-ios/tcm-storage-ios/build/Build/Products/Debug-iphonesimulator/PackageFrameworks"
2026-04-22T16:44:59.5712320Z ignoring duplicate directory "/Users/runner/work/tcm-storage-ios/tcm-storage-ios/build/Build/Products/Debug-iphonesimulator/PackageFrameworks"
2026-04-22T16:44:59.5712680Z ignoring duplicate directory "/Users/runner/work/tcm-storage-ios/tcm-storage-ios/build/Build/Products/Debug-iphonesimulator/PackageFrameworks"
2026-04-22T16:44:59.5713040Z ignoring duplicate directory "/Users/runner/work/tcm-storage-ios/tcm-storage-ios/build/Build/Products/Debug-iphonesimulator/PackageFrameworks"
2026-04-22T16:44:59.5713400Z ignoring duplicate directory "/Users/runner/work/tcm-storage-ios/tcm-storage-ios/build/Build/Products/Debug-iphonesimulator/PackageFrameworks"
2026-04-22T16:44:59.5713750Z ignoring duplicate directory "/Users/runner/work/tcm-storage-ios/tcm-storage-ios/build/Build/Products/Debug-iphonesimulator/PackageFrameworks"
2026-04-22T16:44:59.5714210Z ignoring duplicate directory "/Users/runner/work/tcm-storage-ios/tcm-storage-ios/build/Build/Products/Debug-iphonesimulator/PackageFrameworks"
2026-04-22T16:44:59.5714550Z ignoring duplicate directory "/Users/runner/work/tcm-storage-ios/tcm-storage-ios/build/Build/Products/Debug-iphonesimulator/PackageFrameworks"
2026-04-22T16:44:59.5714880Z ignoring duplicate directory "/Users/runner/work/tcm-storage-ios/tcm-storage-ios/build/Build/Products/Debug-iphonesimulator/PackageFrameworks"
2026-04-22T16:44:59.5715490Z ignoring duplicate directory "/Users/runner/work/tcm-storage-ios/tcm-storage-ios/build/Build/Products/Debug-iphonesimulator/PackageFrameworks"
2026-04-22T16:44:59.5715850Z ignoring duplicate directory "/Users/runner/work/tcm-storage-ios/tcm-storage-ios/build/Build/Products/Debug-iphonesimulator/PackageFrameworks"
2026-04-22T16:44:59.5716190Z ignoring duplicate directory "/Users/runner/work/tcm-storage-ios/tcm-storage-ios/build/Build/Products/Debug-iphonesimulator/PackageFrameworks"
2026-04-22T16:44:59.5716520Z ignoring duplicate directory "/Users/runner/work/tcm-storage-ios/tcm-storage-ios/build/Build/Products/Debug-iphonesimulator/PackageFrameworks"
2026-04-22T16:44:59.5716860Z ignoring duplicate directory "/Users/runner/work/tcm-storage-ios/tcm-storage-ios/build/Build/Products/Debug-iphonesimulator/PackageFrameworks"
2026-04-22T16:44:59.5717200Z ignoring duplicate directory "/Users/runner/work/tcm-storage-ios/tcm-storage-ios/build/Build/Products/Debug-iphonesimulator/PackageFrameworks"
2026-04-22T16:44:59.5717520Z ignoring duplicate directory "/Users/runner/work/tcm-storage-ios/tcm-storage-ios/build/Build/Products/Debug-iphonesimulator/PackageFrameworks"
2026-04-22T16:44:59.5717850Z ignoring duplicate directory "/Users/runner/work/tcm-storage-ios/tcm-storage-ios/build/Build/Products/Debug-iphonesimulator/PackageFrameworks"
2026-04-22T16:44:59.5718180Z ignoring duplicate directory "/Users/runner/work/tcm-storage-ios/tcm-storage-ios/build/Build/Products/Debug-iphonesimulator/PackageFrameworks"
2026-04-22T16:44:59.5718510Z ignoring duplicate directory "/Users/runner/work/tcm-storage-ios/tcm-storage-ios/build/Build/Products/Debug-iphonesimulator/PackageFrameworks"
2026-04-22T16:44:59.5718840Z ignoring duplicate directory "/Users/runner/work/tcm-storage-ios/tcm-storage-ios/build/Build/Products/Debug-iphonesimulator/PackageFrameworks"
2026-04-22T16:44:59.5719670Z ignoring duplicate directory "/Users/runner/work/tcm-storage-ios/tcm-storage-ios/build/Build/Products/Debug-iphonesimulator/PackageFrameworks"
2026-04-22T16:44:59.5720770Z ignoring duplicate directory "/Users/runner/work/tcm-storage-ios/tcm-storage-ios/build/Build/Products/Debug-iphonesimulator/PackageFrameworks"
2026-04-22T16:44:59.5721150Z ignoring duplicate directory "/Users/runner/work/tcm-storage-ios/tcm-storage-ios/build/Build/Products/Debug-iphonesimulator/PackageFrameworks"
2026-04-22T16:44:59.5721620Z ignoring duplicate directory "/Users/runner/work/tcm-storage-ios/tcm-storage-ios/build/Build/Products/Debug-iphonesimulator/PackageFrameworks"
2026-04-22T16:44:59.5721960Z ignoring duplicate directory "/Users/runner/work/tcm-storage-ios/tcm-storage-ios/build/Build/Products/Debug-iphonesimulator/PackageFrameworks"
2026-04-22T16:44:59.5722300Z ignoring duplicate directory "/Users/runner/work/tcm-storage-ios/tcm-storage-ios/build/Build/Products/Debug-iphonesimulator/PackageFrameworks"
2026-04-22T16:44:59.5722670Z ignoring duplicate directory "/Users/runner/work/tcm-storage-ios/tcm-storage-ios/build/Build/Products/Debug-iphonesimulator/PackageFrameworks"
2026-04-22T16:44:59.5723020Z ignoring duplicate directory "/Users/runner/work/tcm-storage-ios/tcm-storage-ios/build/Build/Products/Debug-iphonesimulator/PackageFrameworks"
2026-04-22T16:44:59.5723370Z ignoring duplicate directory "/Users/runner/work/tcm-storage-ios/tcm-storage-ios/build/Build/Products/Debug-iphonesimulator/PackageFrameworks"
2026-04-22T16:44:59.5723710Z ignoring duplicate directory "/Users/runner/work/tcm-storage-ios/tcm-storage-ios/build/Build/Products/Debug-iphonesimulator/PackageFrameworks"
2026-04-22T16:44:59.5724130Z ignoring duplicate directory "/Users/runner/work/tcm-storage-ios/tcm-storage-ios/build/Build/Products/Debug-iphonesimulator/PackageFrameworks"
2026-04-22T16:44:59.5724480Z ignoring duplicate directory "/Users/runner/work/tcm-storage-ios/tcm-storage-ios/build/Build/Products/Debug-iphonesimulator/PackageFrameworks"
2026-04-22T16:44:59.5724940Z ignoring duplicate directory "/Users/runner/work/tcm-storage-ios/tcm-storage-ios/build/Build/Products/Debug-iphonesimulator/PackageFrameworks"
2026-04-22T16:44:59.5736270Z ignoring duplicate directory "/Users/runner/work/tcm-storage-ios/tcm-storage-ios/build/Build/Products/Debug-iphonesimulator/PackageFrameworks"
2026-04-22T16:44:59.5737680Z ignoring duplicate directory "/Users/runner/work/tcm-storage-ios/tcm-storage-ios/build/Build/Products/Debug-iphonesimulator/PackageFrameworks"
2026-04-22T16:44:59.5739000Z ignoring duplicate directory "/Users/runner/work/tcm-storage-ios/tcm-storage-ios/build/Build/Products/Debug-iphonesimulator/PackageFrameworks"
2026-04-22T16:44:59.5739880Z ignoring duplicate directory "/Users/runner/work/tcm-storage-ios/tcm-storage-ios/build/Build/Products/Debug-iphonesimulator/PackageFrameworks"
2026-04-22T16:44:59.5740290Z ignoring duplicate directory "/Users/runner/work/tcm-storage-ios/tcm-storage-ios/build/Build/Products/Debug-iphonesimulator/PackageFrameworks"
2026-04-22T16:44:59.5740650Z ignoring duplicate directory "/Users/runner/work/tcm-storage-ios/tcm-storage-ios/build/Build/Products/Debug-iphonesimulator/PackageFrameworks"
2026-04-22T16:44:59.5740990Z ignoring duplicate directory "/Users/runner/work/tcm-storage-ios/tcm-storage-ios/build/Build/Products/Debug-iphonesimulator/PackageFrameworks"
2026-04-22T16:44:59.5741990Z ignoring duplicate directory "/Users/runner/work/tcm-storage-ios/tcm-storage-ios/build/Build/Products/Debug-iphonesimulator/PackageFrameworks"
2026-04-22T16:44:59.5743250Z ignoring duplicate directory "/Users/runner/work/tcm-storage-ios/tcm-storage-ios/build/Build/Products/Debug-iphonesimulator/PackageFrameworks"
2026-04-22T16:44:59.5744240Z ignoring duplicate directory "/Users/runner/work/tcm-storage-ios/tcm-storage-ios/build/Build/Products/Debug-iphonesimulator/PackageFrameworks"
2026-04-22T16:44:59.5745110Z ignoring duplicate directory "/Users/runner/work/tcm-storage-ios/tcm-storage-ios/build/Build/Products/Debug-iphonesimulator/PackageFrameworks"
2026-04-22T16:44:59.5745500Z ignoring duplicate directory "/Users/runner/work/tcm-storage-ios/tcm-storage-ios/build/Build/Products/Debug-iphonesimulator/PackageFrameworks"
2026-04-22T16:44:59.5745840Z ignoring duplicate directory "/Users/runner/work/tcm-storage-ios/tcm-storage-ios/build/Build/Products/Debug-iphonesimulator/PackageFrameworks"
2026-04-22T16:44:59.5746180Z ignoring duplicate directory "/Users/runner/work/tcm-storage-ios/tcm-storage-ios/build/Build/Products/Debug-iphonesimulator/PackageFrameworks"
2026-04-22T16:44:59.5746710Z ignoring duplicate directory "/Users/runner/work/tcm-storage-ios/tcm-storage-ios/build/Build/Products/Debug-iphonesimulator/PackageFrameworks"
2026-04-22T16:44:59.5747310Z ignoring duplicate directory "/Users/runner/work/tcm-storage-ios/tcm-storage-ios/build/Build/Products/Debug-iphonesimulator/PackageFrameworks"
2026-04-22T16:44:59.5747650Z ignoring duplicate directory "/Users/runner/work/tcm-storage-ios/tcm-storage-ios/build/Build/Products/Debug-iphonesimulator/PackageFrameworks"
2026-04-22T16:44:59.5747980Z ignoring duplicate directory "/Users/runner/work/tcm-storage-ios/tcm-storage-ios/build/Build/Products/Debug-iphonesimulator/PackageFrameworks"
2026-04-22T16:44:59.5748310Z ignoring duplicate directory "/Users/runner/work/tcm-storage-ios/tcm-storage-ios/build/Build/Products/Debug-iphonesimulator/PackageFrameworks"
2026-04-22T16:44:59.5748630Z ignoring duplicate directory "/Users/runner/work/tcm-storage-ios/tcm-storage-ios/build/Build/Products/Debug-iphonesimulator/PackageFrameworks"
2026-04-22T16:44:59.5749250Z ignoring duplicate directory "/Users/runner/work/tcm-storage-ios/tcm-storage-ios/build/Build/Products/Debug-iphonesimulator/PackageFrameworks"
2026-04-22T16:44:59.5749730Z ignoring duplicate directory "/Users/runner/work/tcm-storage-ios/tcm-storage-ios/build/Build/Products/Debug-iphonesimulator/PackageFrameworks"
2026-04-22T16:44:59.5750070Z ignoring duplicate directory "/Users/runner/work/tcm-storage-ios/tcm-storage-ios/build/Build/Products/Debug-iphonesimulator/PackageFrameworks"
2026-04-22T16:44:59.5750630Z ignoring duplicate directory "/Users/runner/work/tcm-storage-ios/tcm-storage-ios/build/Build/Products/Debug-iphonesimulator/PackageFrameworks"
2026-04-22T16:44:59.5751050Z ignoring duplicate directory "/Users/runner/work/tcm-storage-ios/tcm-storage-ios/build/Build/Products/Debug-iphonesimulator/PackageFrameworks"
2026-04-22T16:44:59.5751410Z ignoring duplicate directory "/Users/runner/work/tcm-storage-ios/tcm-storage-ios/build/Build/Products/Debug-iphonesimulator/PackageFrameworks"
2026-04-22T16:44:59.5751750Z ignoring duplicate directory "/Users/runner/work/tcm-storage-ios/tcm-storage-ios/build/Build/Products/Debug-iphonesimulator/PackageFrameworks"
2026-04-22T16:44:59.5752070Z ignoring duplicate directory "/Users/runner/work/tcm-storage-ios/tcm-storage-ios/build/Build/Products/Debug-iphonesimulator/PackageFrameworks"
2026-04-22T16:44:59.5752400Z ignoring duplicate directory "/Users/runner/work/tcm-storage-ios/tcm-storage-ios/build/Build/Products/Debug-iphonesimulator/PackageFrameworks"
2026-04-22T16:44:59.5752730Z ignoring duplicate directory "/Users/runner/work/tcm-storage-ios/tcm-storage-ios/build/Build/Products/Debug-iphonesimulator/PackageFrameworks"
2026-04-22T16:44:59.5754220Z ignoring duplicate directory "/Users/runner/work/tcm-storage-ios/tcm-storage-ios/build/Build/Products/Debug-iphonesimulator/PackageFrameworks"
2026-04-22T16:44:59.5754560Z ignoring duplicate directory "/Users/runner/work/tcm-storage-ios/tcm-storage-ios/build/Build/Products/Debug-iphonesimulator/PackageFrameworks"
2026-04-22T16:44:59.5754890Z ignoring duplicate directory "/Users/runner/work/tcm-storage-ios/tcm-storage-ios/build/Build/Products/Debug-iphonesimulator/PackageFrameworks"
2026-04-22T16:44:59.5755220Z ignoring duplicate directory "/Users/runner/work/tcm-storage-ios/tcm-storage-ios/build/Build/Products/Debug-iphonesimulator/PackageFrameworks"
2026-04-22T16:44:59.5755550Z ignoring duplicate directory "/Users/runner/work/tcm-storage-ios/tcm-storage-ios/build/Build/Products/Debug-iphonesimulator/PackageFrameworks"
2026-04-22T16:44:59.5755870Z ignoring duplicate directory "/Users/runner/work/tcm-storage-ios/tcm-storage-ios/build/Build/Products/Debug-iphonesimulator/PackageFrameworks"
2026-04-22T16:44:59.5756200Z ignoring duplicate directory "/Users/runner/work/tcm-storage-ios/tcm-storage-ios/build/Build/Products/Debug-iphonesimulator/PackageFrameworks"
2026-04-22T16:44:59.5756260Z #include "..." search starts here:
2026-04-22T16:44:59.5756910Z  /Users/runner/work/tcm-storage-ios/tcm-storage-ios/build/Build/Intermediates.noindex/Nextcloud.build/Debug-iphonesimulator/Nextcloud.build/Nextcloud-generated-files.hmap (headermap)
2026-04-22T16:44:59.5757630Z  /Users/runner/work/tcm-storage-ios/tcm-storage-ios/build/Build/Intermediates.noindex/Nextcloud.build/Debug-iphonesimulator/Nextcloud.build/Nextcloud-project-headers.hmap (headermap)
2026-04-22T16:44:59.5757700Z #include <...> search starts here:
2026-04-22T16:44:59.5758170Z  /Users/runner/work/tcm-storage-ios/tcm-storage-ios/build/Build/Intermediates.noindex/Nextcloud.build/Debug-iphonesimulator/Nextcloud.build/Nextcloud-own-target-headers.hmap (headermap)
2026-04-22T16:44:59.5758690Z  /Users/runner/work/tcm-storage-ios/tcm-storage-ios/build/Build/Intermediates.noindex/Nextcloud.build/Debug-iphonesimulator/Nextcloud.build/Nextcloud-all-non-framework-target-headers.hmap (headermap)
2026-04-22T16:44:59.5759010Z  /Users/runner/work/tcm-storage-ios/tcm-storage-ios/build/SourcePackages/checkouts/swift-nio-ssl/Sources/CNIOBoringSSLShims/include
2026-04-22T16:44:59.5759300Z  /Users/runner/work/tcm-storage-ios/tcm-storage-ios/build/SourcePackages/checkouts/swift-nio-ssl/Sources/CNIOBoringSSL/include
2026-04-22T16:44:59.5761360Z  /Users/runner/work/tcm-storage-ios/tcm-storage-ios/build/SourcePackages/checkouts/swift-atomics/Sources/_AtomicsShims/include
2026-04-22T16:44:59.5762280Z  /Users/runner/work/tcm-storage-ios/tcm-storage-ios/build/SourcePackages/checkouts/swift-nio/Sources/CNIOPosix/include
2026-04-22T16:44:59.5764150Z  /Users/runner/work/tcm-storage-ios/tcm-storage-ios/build/SourcePackages/checkouts/swift-nio/Sources/CNIOWASI/include
2026-04-22T16:44:59.5766740Z  /Users/runner/work/tcm-storage-ios/tcm-storage-ios/build/SourcePackages/checkouts/swift-nio/Sources/CNIOWindows/include
2026-04-22T16:44:59.5767540Z  /Users/runner/work/tcm-storage-ios/tcm-storage-ios/build/SourcePackages/checkouts/swift-nio/Sources/CNIOLinux/include
2026-04-22T16:44:59.5767860Z  /Users/runner/work/tcm-storage-ios/tcm-storage-ios/build/SourcePackages/checkouts/swift-nio/Sources/CNIODarwin/include
2026-04-22T16:44:59.5768190Z  /Users/runner/work/tcm-storage-ios/tcm-storage-ios/build/SourcePackages/checkouts/swift-nio/Sources/CNIOOpenBSD/include
2026-04-22T16:44:59.5768470Z  /Users/runner/work/tcm-storage-ios/tcm-storage-ios/build/SourcePackages/checkouts/swift-nio/Sources/CNIOAtomics/include
2026-04-22T16:44:59.5768680Z  /Users/runner/work/tcm-storage-ios/tcm-storage-ios/build/SourcePackages/checkouts/realm-core/src
2026-04-22T16:44:59.5768930Z  /Users/runner/work/tcm-storage-ios/tcm-storage-ios/build/SourcePackages/checkouts/realm-core/src/external/s2
2026-04-22T16:44:59.5769300Z  /Users/runner/work/tcm-storage-ios/tcm-storage-ios/build/SourcePackages/checkouts/realm-core/src/external/IntelRDFPMathLib20U2/LIBRARY/src
2026-04-22T16:44:59.5769550Z  /Users/runner/work/tcm-storage-ios/tcm-storage-ios/build/SourcePackages/checkouts/realm-core/src/spm
2026-04-22T16:44:59.5770310Z  /Users/runner/work/tcm-storage-ios/tcm-storage-ios/build/SourcePackages/checkouts/realm-swift/include
2026-04-22T16:44:59.5772070Z  /Users/runner/work/tcm-storage-ios/tcm-storage-ios/build/SourcePackages/checkouts/GoogleUtilities/GoogleUtilities/NSData+zlib/Public
2026-04-22T16:44:59.5774540Z  /Users/runner/work/tcm-storage-ios/tcm-storage-ios/build/SourcePackages/checkouts/GoogleUtilities/GoogleUtilities/Logger/Public
2026-04-22T16:44:59.5774900Z  /Users/runner/work/tcm-storage-ios/tcm-storage-ios/build/SourcePackages/checkouts/GoogleUtilities/GoogleUtilities/Environment/Public
2026-04-22T16:44:59.5805290Z  /Users/runner/work/tcm-storage-ios/tcm-storage-ios/build/SourcePackages/checkouts/GoogleUtilities/third_party/IsAppEncrypted/Public
2026-04-22T16:44:59.5806450Z  /Users/runner/work/tcm-storage-ios/tcm-storage-ios/build/SourcePackages/checkouts/GoogleUtilities/GoogleUtilities/UserDefaults/Public
2026-04-22T16:44:59.5808370Z  /Users/runner/work/tcm-storage-ios/tcm-storage-ios/build/SourcePackages/checkouts/nanopb/spm_headers
2026-04-22T16:44:59.5810140Z  /Users/runner/work/tcm-storage-ios/tcm-storage-ios/build/SourcePackages/checkouts/promises/Sources/FBLPromises/include
2026-04-22T16:44:59.5810560Z  /Users/runner/work/tcm-storage-ios/tcm-storage-ios/build/SourcePackages/checkouts/GoogleDataTransport/GoogleDataTransport/GDTCORLibrary/Public
2026-04-22T16:44:59.5810870Z  /Users/runner/work/tcm-storage-ios/tcm-storage-ios/build/SourcePackages/checkouts/firebase-ios-sdk/FirebaseSessions/SourcesObjC
2026-04-22T16:44:59.5811170Z  /Users/runner/work/tcm-storage-ios/tcm-storage-ios/build/SourcePackages/checkouts/firebase-ios-sdk/FirebaseCore/Extension
2026-04-22T16:44:59.5811540Z  /Users/runner/work/tcm-storage-ios/tcm-storage-ios/build/SourcePackages/checkouts/firebase-ios-sdk/FirebaseInstallations/Source/Library/Public
2026-04-22T16:44:59.5811850Z  /Users/runner/work/tcm-storage-ios/tcm-storage-ios/build/SourcePackages/checkouts/firebase-ios-sdk/FirebaseCore/Sources/Public
2026-04-22T16:44:59.5812110Z  /Users/runner/work/tcm-storage-ios/tcm-storage-ios/build/SourcePackages/checkouts/firebase-ios-sdk/CoreOnly/Sources
2026-04-22T16:44:59.5812420Z  /Users/runner/work/tcm-storage-ios/tcm-storage-ios/build/SourcePackages/checkouts/firebase-ios-sdk/Crashlytics/Crashlytics/Public
2026-04-22T16:44:59.5812990Z  /Users/runner/work/tcm-storage-ios/tcm-storage-ios/build/SourcePackages/checkouts/GzipSwift/Sources/system-zlib/include
2026-04-22T16:44:59.5813380Z  /Users/runner/work/tcm-storage-ios/tcm-storage-ios/build/Build/Intermediates.noindex/Nextcloud.build/Debug-iphonesimulator/Nextcloud.build/DerivedSources
2026-04-22T16:44:59.5813960Z  /Users/runner/work/tcm-storage-ios/tcm-storage-ios/build/Build/Products/Debug-iphonesimulator/PackageFrameworks (framework directory)
2026-04-22T16:44:59.5814330Z  /Users/runner/work/tcm-storage-ios/tcm-storage-ios/build/Build/Products/Debug-iphonesimulator (framework directory)
2026-04-22T16:44:59.5814660Z  /Applications/Xcode_26.2.app/Contents/Developer/Platforms/iPhoneSimulator.platform/Developer/Library/Frameworks (framework directory)
2026-04-22T16:44:59.5815100Z  /Applications/Xcode_26.2.app/Contents/Developer/Platforms/iPhoneSimulator.platform/Developer/SDKs/iPhoneSimulator26.2.sdk/Developer/Library/Frameworks (framework directory)
2026-04-22T16:44:59.5815360Z  /Applications/Xcode_26.2.app/Contents/Developer/Toolchains/XcodeDefault.xctoolchain/usr/lib/clang/17/include
2026-04-22T16:44:59.5815680Z  /Applications/Xcode_26.2.app/Contents/Developer/Platforms/iPhoneSimulator.platform/Developer/SDKs/iPhoneSimulator26.2.sdk/usr/include
2026-04-22T16:44:59.5815890Z  /Applications/Xcode_26.2.app/Contents/Developer/Toolchains/XcodeDefault.xctoolchain/usr/include
2026-04-22T16:44:59.5816320Z  /Applications/Xcode_26.2.app/Contents/Developer/Platforms/iPhoneSimulator.platform/Developer/SDKs/iPhoneSimulator26.2.sdk/System/Library/Frameworks (framework directory)
2026-04-22T16:44:59.5816760Z  /Applications/Xcode_26.2.app/Contents/Developer/Platforms/iPhoneSimulator.platform/Developer/SDKs/iPhoneSimulator26.2.sdk/System/Library/SubFrameworks (framework directory)
2026-04-22T16:44:59.5816810Z End of search list.
2026-04-22T16:44:59.5816990Z clang -cc1 version 17.0.0 (clang-1700.6.3.2) default target arm64-apple-darwin24.6.0
2026-04-22T16:44:59.5817310Z ignoring nonexistent directory "/Users/runner/work/tcm-storage-ios/tcm-storage-ios/build/Build/Products/Debug-iphonesimulator/include"
2026-04-22T16:44:59.5817830Z ignoring nonexistent directory "/Users/runner/work/tcm-storage-ios/tcm-storage-ios/build/Build/Intermediates.noindex/Nextcloud.build/Debug-iphonesimulator/Nextcloud.build/DerivedSources-normal/arm64"
2026-04-22T16:44:59.5818310Z ignoring nonexistent directory "/Users/runner/work/tcm-storage-ios/tcm-storage-ios/build/Build/Intermediates.noindex/Nextcloud.build/Debug-iphonesimulator/Nextcloud.build/DerivedSources/arm64"
2026-04-22T16:44:59.5818740Z ignoring nonexistent directory "/Applications/Xcode_26.2.app/Contents/Developer/Platforms/iPhoneSimulator.platform/Developer/SDKs/iPhoneSimulator26.2.sdk/usr/local/include"
2026-04-22T16:44:59.5819220Z ignoring nonexistent directory "/Applications/Xcode_26.2.app/Contents/Developer/Platforms/iPhoneSimulator.platform/Developer/SDKs/iPhoneSimulator26.2.sdk/Library/Frameworks"
2026-04-22T16:44:59.5819590Z ignoring duplicate directory "/Users/runner/work/tcm-storage-ios/tcm-storage-ios/build/Build/Products/Debug-iphonesimulator/PackageFrameworks"
2026-04-22T16:44:59.5819960Z ignoring duplicate directory "/Users/runner/work/tcm-storage-ios/tcm-storage-ios/build/Build/Products/Debug-iphonesimulator/PackageFrameworks"
2026-04-22T16:44:59.5820580Z ignoring duplicate directory "/Users/runner/work/tcm-storage-ios/tcm-storage-ios/build/Build/Products/Debug-iphonesimulator/PackageFrameworks"
2026-04-22T16:44:59.5820920Z ignoring duplicate directory "/Users/runner/work/tcm-storage-ios/tcm-storage-ios/build/Build/Products/Debug-iphonesimulator/PackageFrameworks"
2026-04-22T16:44:59.5821250Z ignoring duplicate directory "/Users/runner/work/tcm-storage-ios/tcm-storage-ios/build/Build/Products/Debug-iphonesimulator/PackageFrameworks"
2026-04-22T16:44:59.5821580Z ignoring duplicate directory "/Users/runner/work/tcm-storage-ios/tcm-storage-ios/build/Build/Products/Debug-iphonesimulator/PackageFrameworks"
2026-04-22T16:44:59.5822000Z ignoring duplicate directory "/Users/runner/work/tcm-storage-ios/tcm-storage-ios/build/Build/Products/Debug-iphonesimulator/PackageFrameworks"
2026-04-22T16:44:59.5822340Z ignoring duplicate directory "/Users/runner/work/tcm-storage-ios/tcm-storage-ios/build/Build/Products/Debug-iphonesimulator/PackageFrameworks"
2026-04-22T16:44:59.5822670Z ignoring duplicate directory "/Users/runner/work/tcm-storage-ios/tcm-storage-ios/build/Build/Products/Debug-iphonesimulator/PackageFrameworks"
2026-04-22T16:44:59.5823190Z ignoring duplicate directory "/Users/runner/work/tcm-storage-ios/tcm-storage-ios/build/Build/Products/Debug-iphonesimulator/PackageFrameworks"
2026-04-22T16:44:59.5823800Z ignoring duplicate directory "/Users/runner/work/tcm-storage-ios/tcm-storage-ios/build/Build/Products/Debug-iphonesimulator/PackageFrameworks"
2026-04-22T16:44:59.5824130Z ignoring duplicate directory "/Users/runner/work/tcm-storage-ios/tcm-storage-ios/build/Build/Products/Debug-iphonesimulator/PackageFrameworks"
2026-04-22T16:44:59.5824460Z ignoring duplicate directory "/Users/runner/work/tcm-storage-ios/tcm-storage-ios/build/Build/Products/Debug-iphonesimulator/PackageFrameworks"
2026-04-22T16:44:59.5824780Z ignoring duplicate directory "/Users/runner/work/tcm-storage-ios/tcm-storage-ios/build/Build/Products/Debug-iphonesimulator/PackageFrameworks"
2026-04-22T16:44:59.5825110Z ignoring duplicate directory "/Users/runner/work/tcm-storage-ios/tcm-storage-ios/build/Build/Products/Debug-iphonesimulator/PackageFrameworks"
2026-04-22T16:44:59.5825450Z ignoring duplicate directory "/Users/runner/work/tcm-storage-ios/tcm-storage-ios/build/Build/Products/Debug-iphonesimulator/PackageFrameworks"
2026-04-22T16:44:59.5825770Z ignoring duplicate directory "/Users/runner/work/tcm-storage-ios/tcm-storage-ios/build/Build/Products/Debug-iphonesimulator/PackageFrameworks"
2026-04-22T16:44:59.5826100Z ignoring duplicate directory "/Users/runner/work/tcm-storage-ios/tcm-storage-ios/build/Build/Products/Debug-iphonesimulator/PackageFrameworks"
2026-04-22T16:44:59.5826420Z ignoring duplicate directory "/Users/runner/work/tcm-storage-ios/tcm-storage-ios/build/Build/Products/Debug-iphonesimulator/PackageFrameworks"
2026-04-22T16:44:59.5826780Z ignoring duplicate directory "/Users/runner/work/tcm-storage-ios/tcm-storage-ios/build/Build/Products/Debug-iphonesimulator/PackageFrameworks"
2026-04-22T16:44:59.5827130Z ignoring duplicate directory "/Users/runner/work/tcm-storage-ios/tcm-storage-ios/build/Build/Products/Debug-iphonesimulator/PackageFrameworks"
2026-04-22T16:44:59.5827470Z ignoring duplicate directory "/Users/runner/work/tcm-storage-ios/tcm-storage-ios/build/Build/Products/Debug-iphonesimulator/PackageFrameworks"
2026-04-22T16:44:59.5827800Z ignoring duplicate directory "/Users/runner/work/tcm-storage-ios/tcm-storage-ios/build/Build/Products/Debug-iphonesimulator/PackageFrameworks"
2026-04-22T16:44:59.5828210Z ignoring duplicate directory "/Users/runner/work/tcm-storage-ios/tcm-storage-ios/build/Build/Products/Debug-iphonesimulator/PackageFrameworks"
2026-04-22T16:44:59.5828540Z ignoring duplicate directory "/Users/runner/work/tcm-storage-ios/tcm-storage-ios/build/Build/Products/Debug-iphonesimulator/PackageFrameworks"
2026-04-22T16:44:59.5828880Z ignoring duplicate directory "/Users/runner/work/tcm-storage-ios/tcm-storage-ios/build/Build/Products/Debug-iphonesimulator/PackageFrameworks"
2026-04-22T16:44:59.5829210Z ignoring duplicate directory "/Users/runner/work/tcm-storage-ios/tcm-storage-ios/build/Build/Products/Debug-iphonesimulator/PackageFrameworks"
2026-04-22T16:44:59.5829570Z ignoring duplicate directory "/Users/runner/work/tcm-storage-ios/tcm-storage-ios/build/Build/Products/Debug-iphonesimulator/PackageFrameworks"
2026-04-22T16:44:59.5829900Z ignoring duplicate directory "/Users/runner/work/tcm-storage-ios/tcm-storage-ios/build/Build/Products/Debug-iphonesimulator/PackageFrameworks"
2026-04-22T16:44:59.5830250Z ignoring duplicate directory "/Users/runner/work/tcm-storage-ios/tcm-storage-ios/build/Build/Products/Debug-iphonesimulator/PackageFrameworks"
2026-04-22T16:44:59.5830640Z ignoring duplicate directory "/Users/runner/work/tcm-storage-ios/tcm-storage-ios/build/Build/Products/Debug-iphonesimulator/PackageFrameworks"
2026-04-22T16:44:59.5830970Z ignoring duplicate directory "/Users/runner/work/tcm-storage-ios/tcm-storage-ios/build/Build/Products/Debug-iphonesimulator/PackageFrameworks"
2026-04-22T16:44:59.5831540Z ignoring duplicate directory "/Users/runner/work/tcm-storage-ios/tcm-storage-ios/build/Build/Products/Debug-iphonesimulator/PackageFrameworks"
2026-04-22T16:44:59.5832050Z ignoring duplicate directory "/Users/runner/work/tcm-storage-ios/tcm-storage-ios/build/Build/Products/Debug-iphonesimulator/PackageFrameworks"
2026-04-22T16:44:59.5833010Z ignoring duplicate directory "/Users/runner/work/tcm-storage-ios/tcm-storage-ios/build/Build/Products/Debug-iphonesimulator/PackageFrameworks"
2026-04-22T16:44:59.5833420Z ignoring duplicate directory "/Users/runner/work/tcm-storage-ios/tcm-storage-ios/build/Build/Products/Debug-iphonesimulator/PackageFrameworks"
2026-04-22T16:44:59.5833770Z ignoring duplicate directory "/Users/runner/work/tcm-storage-ios/tcm-storage-ios/build/Build/Products/Debug-iphonesimulator/PackageFrameworks"
2026-04-22T16:44:59.5834100Z ignoring duplicate directory "/Users/runner/work/tcm-storage-ios/tcm-storage-ios/build/Build/Products/Debug-iphonesimulator/PackageFrameworks"
2026-04-22T16:44:59.5834440Z ignoring duplicate directory "/Users/runner/work/tcm-storage-ios/tcm-storage-ios/build/Build/Products/Debug-iphonesimulator/PackageFrameworks"
2026-04-22T16:44:59.5834780Z ignoring duplicate directory "/Users/runner/work/tcm-storage-ios/tcm-storage-ios/build/Build/Products/Debug-iphonesimulator/PackageFrameworks"
2026-04-22T16:44:59.5835110Z ignoring duplicate directory "/Users/runner/work/tcm-storage-ios/tcm-storage-ios/build/Build/Products/Debug-iphonesimulator/PackageFrameworks"
2026-04-22T16:44:59.5835440Z ignoring duplicate directory "/Users/runner/work/tcm-storage-ios/tcm-storage-ios/build/Build/Products/Debug-iphonesimulator/PackageFrameworks"
2026-04-22T16:44:59.5835770Z ignoring duplicate directory "/Users/runner/work/tcm-storage-ios/tcm-storage-ios/build/Build/Products/Debug-iphonesimulator/PackageFrameworks"
2026-04-22T16:44:59.5836100Z ignoring duplicate directory "/Users/runner/work/tcm-storage-ios/tcm-storage-ios/build/Build/Products/Debug-iphonesimulator/PackageFrameworks"
2026-04-22T16:44:59.5836440Z ignoring duplicate directory "/Users/runner/work/tcm-storage-ios/tcm-storage-ios/build/Build/Products/Debug-iphonesimulator/PackageFrameworks"
2026-04-22T16:44:59.5836780Z ignoring duplicate directory "/Users/runner/work/tcm-storage-ios/tcm-storage-ios/build/Build/Products/Debug-iphonesimulator/PackageFrameworks"
2026-04-22T16:44:59.5837110Z ignoring duplicate directory "/Users/runner/work/tcm-storage-ios/tcm-storage-ios/build/Build/Products/Debug-iphonesimulator/PackageFrameworks"
2026-04-22T16:44:59.5837710Z ignoring duplicate directory "/Users/runner/work/tcm-storage-ios/tcm-storage-ios/build/Build/Products/Debug-iphonesimulator/PackageFrameworks"
2026-04-22T16:44:59.5838070Z ignoring duplicate directory "/Users/runner/work/tcm-storage-ios/tcm-storage-ios/build/Build/Products/Debug-iphonesimulator/PackageFrameworks"
2026-04-22T16:44:59.5838400Z ignoring duplicate directory "/Users/runner/work/tcm-storage-ios/tcm-storage-ios/build/Build/Products/Debug-iphonesimulator/PackageFrameworks"
2026-04-22T16:44:59.5838730Z ignoring duplicate directory "/Users/runner/work/tcm-storage-ios/tcm-storage-ios/build/Build/Products/Debug-iphonesimulator/PackageFrameworks"
2026-04-22T16:44:59.5839070Z ignoring duplicate directory "/Users/runner/work/tcm-storage-ios/tcm-storage-ios/build/Build/Products/Debug-iphonesimulator/PackageFrameworks"
2026-04-22T16:44:59.5839390Z ignoring duplicate directory "/Users/runner/work/tcm-storage-ios/tcm-storage-ios/build/Build/Products/Debug-iphonesimulator/PackageFrameworks"
2026-04-22T16:44:59.5839730Z ignoring duplicate directory "/Users/runner/work/tcm-storage-ios/tcm-storage-ios/build/Build/Products/Debug-iphonesimulator/PackageFrameworks"
2026-04-22T16:44:59.5840230Z ignoring duplicate directory "/Users/runner/work/tcm-storage-ios/tcm-storage-ios/build/Build/Products/Debug-iphonesimulator/PackageFrameworks"
2026-04-22T16:44:59.5840580Z ignoring duplicate directory "/Users/runner/work/tcm-storage-ios/tcm-storage-ios/build/Build/Products/Debug-iphonesimulator/PackageFrameworks"
2026-04-22T16:44:59.5841070Z ignoring duplicate directory "/Users/runner/work/tcm-storage-ios/tcm-storage-ios/build/Build/Products/Debug-iphonesimulator/PackageFrameworks"
2026-04-22T16:44:59.5841510Z ignoring duplicate directory "/Users/runner/work/tcm-storage-ios/tcm-storage-ios/build/Build/Products/Debug-iphonesimulator/PackageFrameworks"
2026-04-22T16:44:59.5841840Z ignoring duplicate directory "/Users/runner/work/tcm-storage-ios/tcm-storage-ios/build/Build/Products/Debug-iphonesimulator/PackageFrameworks"
2026-04-22T16:44:59.5842170Z ignoring duplicate directory "/Users/runner/work/tcm-storage-ios/tcm-storage-ios/build/Build/Products/Debug-iphonesimulator/PackageFrameworks"
2026-04-22T16:44:59.5842500Z ignoring duplicate directory "/Users/runner/work/tcm-storage-ios/tcm-storage-ios/build/Build/Products/Debug-iphonesimulator/PackageFrameworks"
2026-04-22T16:44:59.5842820Z ignoring duplicate directory "/Users/runner/work/tcm-storage-ios/tcm-storage-ios/build/Build/Products/Debug-iphonesimulator/PackageFrameworks"
2026-04-22T16:44:59.5843160Z ignoring duplicate directory "/Users/runner/work/tcm-storage-ios/tcm-storage-ios/build/Build/Products/Debug-iphonesimulator/PackageFrameworks"
2026-04-22T16:44:59.5843490Z ignoring duplicate directory "/Users/runner/work/tcm-storage-ios/tcm-storage-ios/build/Build/Products/Debug-iphonesimulator/PackageFrameworks"
2026-04-22T16:44:59.5843820Z ignoring duplicate directory "/Users/runner/work/tcm-storage-ios/tcm-storage-ios/build/Build/Products/Debug-iphonesimulator/PackageFrameworks"
2026-04-22T16:44:59.5844160Z ignoring duplicate directory "/Users/runner/work/tcm-storage-ios/tcm-storage-ios/build/Build/Products/Debug-iphonesimulator/PackageFrameworks"
2026-04-22T16:44:59.5844500Z ignoring duplicate directory "/Users/runner/work/tcm-storage-ios/tcm-storage-ios/build/Build/Products/Debug-iphonesimulator/PackageFrameworks"
2026-04-22T16:44:59.5844840Z ignoring duplicate directory "/Users/runner/work/tcm-storage-ios/tcm-storage-ios/build/Build/Products/Debug-iphonesimulator/PackageFrameworks"
2026-04-22T16:44:59.5857570Z ignoring duplicate directory "/Users/runner/work/tcm-storage-ios/tcm-storage-ios/build/Build/Products/Debug-iphonesimulator/PackageFrameworks"
2026-04-22T16:44:59.5857940Z ignoring duplicate directory "/Users/runner/work/tcm-storage-ios/tcm-storage-ios/build/Build/Products/Debug-iphonesimulator/PackageFrameworks"
2026-04-22T16:44:59.5858530Z ignoring duplicate directory "/Users/runner/work/tcm-storage-ios/tcm-storage-ios/build/Build/Products/Debug-iphonesimulator/PackageFrameworks"
2026-04-22T16:44:59.5859110Z ignoring duplicate directory "/Users/runner/work/tcm-storage-ios/tcm-storage-ios/build/Build/Products/Debug-iphonesimulator/PackageFrameworks"
2026-04-22T16:44:59.5859440Z ignoring duplicate directory "/Users/runner/work/tcm-storage-ios/tcm-storage-ios/build/Build/Products/Debug-iphonesimulator/PackageFrameworks"
2026-04-22T16:44:59.5859760Z ignoring duplicate directory "/Users/runner/work/tcm-storage-ios/tcm-storage-ios/build/Build/Products/Debug-iphonesimulator/PackageFrameworks"
2026-04-22T16:44:59.5860600Z ignoring duplicate directory "/Users/runner/work/tcm-storage-ios/tcm-storage-ios/build/Build/Products/Debug-iphonesimulator/PackageFrameworks"
2026-04-22T16:44:59.5861690Z ignoring duplicate directory "/Users/runner/work/tcm-storage-ios/tcm-storage-ios/build/Build/Products/Debug-iphonesimulator/PackageFrameworks"
2026-04-22T16:44:59.5861870Z #include "..." search starts here:
2026-04-22T16:44:59.5862940Z  /Users/runner/work/tcm-storage-ios/tcm-storage-ios/build/Build/Intermediates.noindex/Nextcloud.build/Debug-iphonesimulator/Nextcloud.build/Nextcloud-generated-files.hmap (headermap)
2026-04-22T16:44:59.5863580Z  /Users/runner/work/tcm-storage-ios/tcm-storage-ios/build/Build/Intermediates.noindex/Nextcloud.build/Debug-iphonesimulator/Nextcloud.build/Nextcloud-project-headers.hmap (headermap)
2026-04-22T16:44:59.5863650Z #include <...> search starts here:
2026-04-22T16:44:59.5864130Z  /Users/runner/work/tcm-storage-ios/tcm-storage-ios/build/Build/Intermediates.noindex/Nextcloud.build/Debug-iphonesimulator/Nextcloud.build/Nextcloud-own-target-headers.hmap (headermap)
2026-04-22T16:44:59.5864950Z  /Users/runner/work/tcm-storage-ios/tcm-storage-ios/build/Build/Intermediates.noindex/Nextcloud.build/Debug-iphonesimulator/Nextcloud.build/Nextcloud-all-non-framework-target-headers.hmap (headermap)
2026-04-22T16:44:59.5865280Z  /Users/runner/work/tcm-storage-ios/tcm-storage-ios/build/SourcePackages/checkouts/swift-nio-ssl/Sources/CNIOBoringSSLShims/include
2026-04-22T16:44:59.5865590Z  /Users/runner/work/tcm-storage-ios/tcm-storage-ios/build/SourcePackages/checkouts/swift-nio-ssl/Sources/CNIOBoringSSL/include
2026-04-22T16:44:59.5865890Z  /Users/runner/work/tcm-storage-ios/tcm-storage-ios/build/SourcePackages/checkouts/swift-atomics/Sources/_AtomicsShims/include
2026-04-22T16:44:59.5866160Z  /Users/runner/work/tcm-storage-ios/tcm-storage-ios/build/SourcePackages/checkouts/swift-nio/Sources/CNIOPosix/include
2026-04-22T16:44:59.5866430Z  /Users/runner/work/tcm-storage-ios/tcm-storage-ios/build/SourcePackages/checkouts/swift-nio/Sources/CNIOWASI/include
2026-04-22T16:44:59.5866710Z  /Users/runner/work/tcm-storage-ios/tcm-storage-ios/build/SourcePackages/checkouts/swift-nio/Sources/CNIOWindows/include
2026-04-22T16:44:59.5866980Z  /Users/runner/work/tcm-storage-ios/tcm-storage-ios/build/SourcePackages/checkouts/swift-nio/Sources/CNIOLinux/include
2026-04-22T16:44:59.5867260Z  /Users/runner/work/tcm-storage-ios/tcm-storage-ios/build/SourcePackages/checkouts/swift-nio/Sources/CNIODarwin/include
2026-04-22T16:44:59.5867560Z  /Users/runner/work/tcm-storage-ios/tcm-storage-ios/build/SourcePackages/checkouts/swift-nio/Sources/CNIOOpenBSD/include
2026-04-22T16:44:59.5867850Z  /Users/runner/work/tcm-storage-ios/tcm-storage-ios/build/SourcePackages/checkouts/swift-nio/Sources/CNIOAtomics/include
2026-04-22T16:44:59.5868060Z  /Users/runner/work/tcm-storage-ios/tcm-storage-ios/build/SourcePackages/checkouts/realm-core/src
2026-04-22T16:44:59.5868310Z  /Users/runner/work/tcm-storage-ios/tcm-storage-ios/build/SourcePackages/checkouts/realm-core/src/external/s2
2026-04-22T16:44:59.5868640Z  /Users/runner/work/tcm-storage-ios/tcm-storage-ios/build/SourcePackages/checkouts/realm-core/src/external/IntelRDFPMathLib20U2/LIBRARY/src
2026-04-22T16:44:59.5868860Z  /Users/runner/work/tcm-storage-ios/tcm-storage-ios/build/SourcePackages/checkouts/realm-core/src/spm
2026-04-22T16:44:59.5869080Z  /Users/runner/work/tcm-storage-ios/tcm-storage-ios/build/SourcePackages/checkouts/realm-swift/include
2026-04-22T16:44:59.5869470Z  /Users/runner/work/tcm-storage-ios/tcm-storage-ios/build/SourcePackages/checkouts/GoogleUtilities/GoogleUtilities/NSData+zlib/Public
2026-04-22T16:44:59.5869780Z  /Users/runner/work/tcm-storage-ios/tcm-storage-ios/build/SourcePackages/checkouts/GoogleUtilities/GoogleUtilities/Logger/Public
2026-04-22T16:44:59.5870090Z  /Users/runner/work/tcm-storage-ios/tcm-storage-ios/build/SourcePackages/checkouts/GoogleUtilities/GoogleUtilities/Environment/Public
2026-04-22T16:44:59.5870410Z  /Users/runner/work/tcm-storage-ios/tcm-storage-ios/build/SourcePackages/checkouts/GoogleUtilities/third_party/IsAppEncrypted/Public
2026-04-22T16:44:59.5870730Z  /Users/runner/work/tcm-storage-ios/tcm-storage-ios/build/SourcePackages/checkouts/GoogleUtilities/GoogleUtilities/UserDefaults/Public
2026-04-22T16:44:59.5870950Z  /Users/runner/work/tcm-storage-ios/tcm-storage-ios/build/SourcePackages/checkouts/nanopb/spm_headers
2026-04-22T16:44:59.5871230Z  /Users/runner/work/tcm-storage-ios/tcm-storage-ios/build/SourcePackages/checkouts/promises/Sources/FBLPromises/include
2026-04-22T16:44:59.5871940Z  /Users/runner/work/tcm-storage-ios/tcm-storage-ios/build/SourcePackages/checkouts/GoogleDataTransport/GoogleDataTransport/GDTCORLibrary/Public
2026-04-22T16:44:59.5872270Z  /Users/runner/work/tcm-storage-ios/tcm-storage-ios/build/SourcePackages/checkouts/firebase-ios-sdk/FirebaseSessions/SourcesObjC
2026-04-22T16:44:59.5872560Z  /Users/runner/work/tcm-storage-ios/tcm-storage-ios/build/SourcePackages/checkouts/firebase-ios-sdk/FirebaseCore/Extension
2026-04-22T16:44:59.5873040Z  /Users/runner/work/tcm-storage-ios/tcm-storage-ios/build/SourcePackages/checkouts/firebase-ios-sdk/FirebaseInstallations/Source/Library/Public
2026-04-22T16:44:59.5873400Z  /Users/runner/work/tcm-storage-ios/tcm-storage-ios/build/SourcePackages/checkouts/firebase-ios-sdk/FirebaseCore/Sources/Public
2026-04-22T16:44:59.5873670Z  /Users/runner/work/tcm-storage-ios/tcm-storage-ios/build/SourcePackages/checkouts/firebase-ios-sdk/CoreOnly/Sources
2026-04-22T16:44:59.5873990Z  /Users/runner/work/tcm-storage-ios/tcm-storage-ios/build/SourcePackages/checkouts/firebase-ios-sdk/Crashlytics/Crashlytics/Public
2026-04-22T16:44:59.5874270Z  /Users/runner/work/tcm-storage-ios/tcm-storage-ios/build/SourcePackages/checkouts/GzipSwift/Sources/system-zlib/include
2026-04-22T16:44:59.5874640Z  /Users/runner/work/tcm-storage-ios/tcm-storage-ios/build/Build/Intermediates.noindex/Nextcloud.build/Debug-iphonesimulator/Nextcloud.build/DerivedSources
2026-04-22T16:44:59.5874970Z  /Users/runner/work/tcm-storage-ios/tcm-storage-ios/build/Build/Products/Debug-iphonesimulator/PackageFrameworks (framework directory)
2026-04-22T16:44:59.5875240Z  /Users/runner/work/tcm-storage-ios/tcm-storage-ios/build/Build/Products/Debug-iphonesimulator (framework directory)
2026-04-22T16:44:59.5875580Z  /Applications/Xcode_26.2.app/Contents/Developer/Platforms/iPhoneSimulator.platform/Developer/Library/Frameworks (framework directory)
2026-04-22T16:44:59.5876020Z  /Applications/Xcode_26.2.app/Contents/Developer/Platforms/iPhoneSimulator.platform/Developer/SDKs/iPhoneSimulator26.2.sdk/Developer/Library/Frameworks (framework directory)
2026-04-22T16:44:59.5876280Z  /Applications/Xcode_26.2.app/Contents/Developer/Toolchains/XcodeDefault.xctoolchain/usr/lib/clang/17/include
2026-04-22T16:44:59.5876590Z  /Applications/Xcode_26.2.app/Contents/Developer/Platforms/iPhoneSimulator.platform/Developer/SDKs/iPhoneSimulator26.2.sdk/usr/include
2026-04-22T16:44:59.5876810Z  /Applications/Xcode_26.2.app/Contents/Developer/Toolchains/XcodeDefault.xctoolchain/usr/include
2026-04-22T16:44:59.5877230Z  /Applications/Xcode_26.2.app/Contents/Developer/Platforms/iPhoneSimulator.platform/Developer/SDKs/iPhoneSimulator26.2.sdk/System/Library/Frameworks (framework directory)
2026-04-22T16:44:59.5877650Z  /Applications/Xcode_26.2.app/Contents/Developer/Platforms/iPhoneSimulator.platform/Developer/SDKs/iPhoneSimulator26.2.sdk/System/Library/SubFrameworks (framework directory)
2026-04-22T16:44:59.5877760Z End of search list.
2026-04-22T16:44:59.5877930Z clang -cc1 version 17.0.0 (clang-1700.6.3.2) default target arm64-apple-darwin24.6.0
2026-04-22T16:44:59.5878260Z ignoring nonexistent directory "/Users/runner/work/tcm-storage-ios/tcm-storage-ios/build/Build/Products/Debug-iphonesimulator/include"
2026-04-22T16:44:59.5878770Z ignoring nonexistent directory "/Users/runner/work/tcm-storage-ios/tcm-storage-ios/build/Build/Intermediates.noindex/Nextcloud.build/Debug-iphonesimulator/Nextcloud.build/DerivedSources-normal/arm64"
2026-04-22T16:44:59.5879270Z ignoring nonexistent directory "/Users/runner/work/tcm-storage-ios/tcm-storage-ios/build/Build/Intermediates.noindex/Nextcloud.build/Debug-iphonesimulator/Nextcloud.build/DerivedSources/arm64"
2026-04-22T16:44:59.5879970Z ignoring nonexistent directory "/Applications/Xcode_26.2.app/Contents/Developer/Platforms/iPhoneSimulator.platform/Developer/SDKs/iPhoneSimulator26.2.sdk/usr/local/include"
2026-04-22T16:44:59.5880410Z ignoring nonexistent directory "/Applications/Xcode_26.2.app/Contents/Developer/Platforms/iPhoneSimulator.platform/Developer/SDKs/iPhoneSimulator26.2.sdk/Library/Frameworks"
2026-04-22T16:44:59.5880820Z ignoring duplicate directory "/Users/runner/work/tcm-storage-ios/tcm-storage-ios/build/Build/Products/Debug-iphonesimulator/PackageFrameworks"
2026-04-22T16:44:59.5881190Z ignoring duplicate directory "/Users/runner/work/tcm-storage-ios/tcm-storage-ios/build/Build/Products/Debug-iphonesimulator/PackageFrameworks"
2026-04-22T16:44:59.5881530Z ignoring duplicate directory "/Users/runner/work/tcm-storage-ios/tcm-storage-ios/build/Build/Products/Debug-iphonesimulator/PackageFrameworks"
2026-04-22T16:44:59.5882100Z ignoring duplicate directory "/Users/runner/work/tcm-storage-ios/tcm-storage-ios/build/Build/Products/Debug-iphonesimulator/PackageFrameworks"
2026-04-22T16:44:59.5882440Z ignoring duplicate directory "/Users/runner/work/tcm-storage-ios/tcm-storage-ios/build/Build/Products/Debug-iphonesimulator/PackageFrameworks"
2026-04-22T16:44:59.5882780Z ignoring duplicate directory "/Users/runner/work/tcm-storage-ios/tcm-storage-ios/build/Build/Products/Debug-iphonesimulator/PackageFrameworks"
2026-04-22T16:44:59.5883110Z ignoring duplicate directory "/Users/runner/work/tcm-storage-ios/tcm-storage-ios/build/Build/Products/Debug-iphonesimulator/PackageFrameworks"
2026-04-22T16:44:59.5883700Z ignoring duplicate directory "/Users/runner/work/tcm-storage-ios/tcm-storage-ios/build/Build/Products/Debug-iphonesimulator/PackageFrameworks"
2026-04-22T16:44:59.5884060Z ignoring duplicate directory "/Users/runner/work/tcm-storage-ios/tcm-storage-ios/build/Build/Products/Debug-iphonesimulator/PackageFrameworks"
2026-04-22T16:44:59.5884400Z ignoring duplicate directory "/Users/runner/work/tcm-storage-ios/tcm-storage-ios/build/Build/Products/Debug-iphonesimulator/PackageFrameworks"
2026-04-22T16:44:59.5884730Z ignoring duplicate directory "/Users/runner/work/tcm-storage-ios/tcm-storage-ios/build/Build/Products/Debug-iphonesimulator/PackageFrameworks"
2026-04-22T16:44:59.5885060Z ignoring duplicate directory "/Users/runner/work/tcm-storage-ios/tcm-storage-ios/build/Build/Products/Debug-iphonesimulator/PackageFrameworks"
2026-04-22T16:44:59.5885380Z ignoring duplicate directory "/Users/runner/work/tcm-storage-ios/tcm-storage-ios/build/Build/Products/Debug-iphonesimulator/PackageFrameworks"
2026-04-22T16:44:59.5885950Z ignoring duplicate directory "/Users/runner/work/tcm-storage-ios/tcm-storage-ios/build/Build/Products/Debug-iphonesimulator/PackageFrameworks"
2026-04-22T16:44:59.5886280Z ignoring duplicate directory "/Users/runner/work/tcm-storage-ios/tcm-storage-ios/build/Build/Products/Debug-iphonesimulator/PackageFrameworks"
2026-04-22T16:44:59.5886610Z ignoring duplicate directory "/Users/runner/work/tcm-storage-ios/tcm-storage-ios/build/Build/Products/Debug-iphonesimulator/PackageFrameworks"
2026-04-22T16:44:59.5886950Z ignoring duplicate directory "/Users/runner/work/tcm-storage-ios/tcm-storage-ios/build/Build/Products/Debug-iphonesimulator/PackageFrameworks"
2026-04-22T16:44:59.5887410Z ignoring duplicate directory "/Users/runner/work/tcm-storage-ios/tcm-storage-ios/build/Build/Products/Debug-iphonesimulator/PackageFrameworks"
2026-04-22T16:44:59.5887750Z ignoring duplicate directory "/Users/runner/work/tcm-storage-ios/tcm-storage-ios/build/Build/Products/Debug-iphonesimulator/PackageFrameworks"
2026-04-22T16:44:59.5888080Z ignoring duplicate directory "/Users/runner/work/tcm-storage-ios/tcm-storage-ios/build/Build/Products/Debug-iphonesimulator/PackageFrameworks"
2026-04-22T16:44:59.5888420Z ignoring duplicate directory "/Users/runner/work/tcm-storage-ios/tcm-storage-ios/build/Build/Products/Debug-iphonesimulator/PackageFrameworks"
2026-04-22T16:44:59.5888760Z ignoring duplicate directory "/Users/runner/work/tcm-storage-ios/tcm-storage-ios/build/Build/Products/Debug-iphonesimulator/PackageFrameworks"
2026-04-22T16:44:59.5889110Z ignoring duplicate directory "/Users/runner/work/tcm-storage-ios/tcm-storage-ios/build/Build/Products/Debug-iphonesimulator/PackageFrameworks"
2026-04-22T16:44:59.5889460Z ignoring duplicate directory "/Users/runner/work/tcm-storage-ios/tcm-storage-ios/build/Build/Products/Debug-iphonesimulator/PackageFrameworks"
2026-04-22T16:44:59.5889880Z ignoring duplicate directory "/Users/runner/work/tcm-storage-ios/tcm-storage-ios/build/Build/Products/Debug-iphonesimulator/PackageFrameworks"
2026-04-22T16:44:59.5890230Z ignoring duplicate directory "/Users/runner/work/tcm-storage-ios/tcm-storage-ios/build/Build/Products/Debug-iphonesimulator/PackageFrameworks"
2026-04-22T16:44:59.5892480Z ignoring duplicate directory "/Users/runner/work/tcm-storage-ios/tcm-storage-ios/build/Build/Products/Debug-iphonesimulator/PackageFrameworks"
2026-04-22T16:44:59.5894190Z ignoring duplicate directory "/Users/runner/work/tcm-storage-ios/tcm-storage-ios/build/Build/Products/Debug-iphonesimulator/PackageFrameworks"
2026-04-22T16:44:59.5895440Z ignoring duplicate directory "/Users/runner/work/tcm-storage-ios/tcm-storage-ios/build/Build/Products/Debug-iphonesimulator/PackageFrameworks"
2026-04-22T16:44:59.5897140Z ignoring duplicate directory "/Users/runner/work/tcm-storage-ios/tcm-storage-ios/build/Build/Products/Debug-iphonesimulator/PackageFrameworks"
2026-04-22T16:44:59.5898200Z ignoring duplicate directory "/Users/runner/work/tcm-storage-ios/tcm-storage-ios/build/Build/Products/Debug-iphonesimulator/PackageFrameworks"
2026-04-22T16:44:59.5899360Z ignoring duplicate directory "/Users/runner/work/tcm-storage-ios/tcm-storage-ios/build/Build/Products/Debug-iphonesimulator/PackageFrameworks"
2026-04-22T16:44:59.5900320Z ignoring duplicate directory "/Users/runner/work/tcm-storage-ios/tcm-storage-ios/build/Build/Products/Debug-iphonesimulator/PackageFrameworks"
2026-04-22T16:44:59.5901460Z ignoring duplicate directory "/Users/runner/work/tcm-storage-ios/tcm-storage-ios/build/Build/Products/Debug-iphonesimulator/PackageFrameworks"
2026-04-22T16:44:59.5903730Z ignoring duplicate directory "/Users/runner/work/tcm-storage-ios/tcm-storage-ios/build/Build/Products/Debug-iphonesimulator/PackageFrameworks"
2026-04-22T16:44:59.5904150Z ignoring duplicate directory "/Users/runner/work/tcm-storage-ios/tcm-storage-ios/build/Build/Products/Debug-iphonesimulator/PackageFrameworks"
2026-04-22T16:44:59.5904510Z ignoring duplicate directory "/Users/runner/work/tcm-storage-ios/tcm-storage-ios/build/Build/Products/Debug-iphonesimulator/PackageFrameworks"
2026-04-22T16:44:59.5904850Z ignoring duplicate directory "/Users/runner/work/tcm-storage-ios/tcm-storage-ios/build/Build/Products/Debug-iphonesimulator/PackageFrameworks"
2026-04-22T16:44:59.5905200Z ignoring duplicate directory "/Users/runner/work/tcm-storage-ios/tcm-storage-ios/build/Build/Products/Debug-iphonesimulator/PackageFrameworks"
2026-04-22T16:44:59.5905940Z ignoring duplicate directory "/Users/runner/work/tcm-storage-ios/tcm-storage-ios/build/Build/Products/Debug-iphonesimulator/PackageFrameworks"
2026-04-22T16:44:59.5906960Z ignoring duplicate directory "/Users/runner/work/tcm-storage-ios/tcm-storage-ios/build/Build/Products/Debug-iphonesimulator/PackageFrameworks"
2026-04-22T16:44:59.5908260Z ignoring duplicate directory "/Users/runner/work/tcm-storage-ios/tcm-storage-ios/build/Build/Products/Debug-iphonesimulator/PackageFrameworks"
2026-04-22T16:44:59.5909240Z ignoring duplicate directory "/Users/runner/work/tcm-storage-ios/tcm-storage-ios/build/Build/Products/Debug-iphonesimulator/PackageFrameworks"
2026-04-22T16:44:59.5910190Z ignoring duplicate directory "/Users/runner/work/tcm-storage-ios/tcm-storage-ios/build/Build/Products/Debug-iphonesimulator/PackageFrameworks"
2026-04-22T16:44:59.5911160Z ignoring duplicate directory "/Users/runner/work/tcm-storage-ios/tcm-storage-ios/build/Build/Products/Debug-iphonesimulator/PackageFrameworks"
2026-04-22T16:44:59.5912110Z ignoring duplicate directory "/Users/runner/work/tcm-storage-ios/tcm-storage-ios/build/Build/Products/Debug-iphonesimulator/PackageFrameworks"
2026-04-22T16:44:59.5913060Z ignoring duplicate directory "/Users/runner/work/tcm-storage-ios/tcm-storage-ios/build/Build/Products/Debug-iphonesimulator/PackageFrameworks"
2026-04-22T16:44:59.5914190Z ignoring duplicate directory "/Users/runner/work/tcm-storage-ios/tcm-storage-ios/build/Build/Products/Debug-iphonesimulator/PackageFrameworks"
2026-04-22T16:44:59.5915130Z ignoring duplicate directory "/Users/runner/work/tcm-storage-ios/tcm-storage-ios/build/Build/Products/Debug-iphonesimulator/PackageFrameworks"
2026-04-22T16:44:59.5916160Z ignoring duplicate directory "/Users/runner/work/tcm-storage-ios/tcm-storage-ios/build/Build/Products/Debug-iphonesimulator/PackageFrameworks"
2026-04-22T16:44:59.5920160Z ignoring duplicate directory "/Users/runner/work/tcm-storage-ios/tcm-storage-ios/build/Build/Products/Debug-iphonesimulator/PackageFrameworks"
2026-04-22T16:44:59.5920660Z ignoring duplicate directory "/Users/runner/work/tcm-storage-ios/tcm-storage-ios/build/Build/Products/Debug-iphonesimulator/PackageFrameworks"
2026-04-22T16:44:59.5921040Z ignoring duplicate directory "/Users/runner/work/tcm-storage-ios/tcm-storage-ios/build/Build/Products/Debug-iphonesimulator/PackageFrameworks"
2026-04-22T16:44:59.5921380Z ignoring duplicate directory "/Users/runner/work/tcm-storage-ios/tcm-storage-ios/build/Build/Products/Debug-iphonesimulator/PackageFrameworks"
2026-04-22T16:44:59.5921710Z ignoring duplicate directory "/Users/runner/work/tcm-storage-ios/tcm-storage-ios/build/Build/Products/Debug-iphonesimulator/PackageFrameworks"
2026-04-22T16:44:59.5922060Z ignoring duplicate directory "/Users/runner/work/tcm-storage-ios/tcm-storage-ios/build/Build/Products/Debug-iphonesimulator/PackageFrameworks"
2026-04-22T16:44:59.5922420Z ignoring duplicate directory "/Users/runner/work/tcm-storage-ios/tcm-storage-ios/build/Build/Products/Debug-iphonesimulator/PackageFrameworks"
2026-04-22T16:44:59.5923020Z ignoring duplicate directory "/Users/runner/work/tcm-storage-ios/tcm-storage-ios/build/Build/Products/Debug-iphonesimulator/PackageFrameworks"
2026-04-22T16:44:59.5923340Z ignoring duplicate directory "/Users/runner/work/tcm-storage-ios/tcm-storage-ios/build/Build/Products/Debug-iphonesimulator/PackageFrameworks"
2026-04-22T16:44:59.5923680Z ignoring duplicate directory "/Users/runner/work/tcm-storage-ios/tcm-storage-ios/build/Build/Products/Debug-iphonesimulator/PackageFrameworks"
2026-04-22T16:44:59.5924030Z ignoring duplicate directory "/Users/runner/work/tcm-storage-ios/tcm-storage-ios/build/Build/Products/Debug-iphonesimulator/PackageFrameworks"
2026-04-22T16:44:59.5924390Z ignoring duplicate directory "/Users/runner/work/tcm-storage-ios/tcm-storage-ios/build/Build/Products/Debug-iphonesimulator/PackageFrameworks"
2026-04-22T16:44:59.5924730Z ignoring duplicate directory "/Users/runner/work/tcm-storage-ios/tcm-storage-ios/build/Build/Products/Debug-iphonesimulator/PackageFrameworks"
2026-04-22T16:44:59.5925060Z ignoring duplicate directory "/Users/runner/work/tcm-storage-ios/tcm-storage-ios/build/Build/Products/Debug-iphonesimulator/PackageFrameworks"
2026-04-22T16:44:59.5925400Z ignoring duplicate directory "/Users/runner/work/tcm-storage-ios/tcm-storage-ios/build/Build/Products/Debug-iphonesimulator/PackageFrameworks"
2026-04-22T16:44:59.5925830Z ignoring duplicate directory "/Users/runner/work/tcm-storage-ios/tcm-storage-ios/build/Build/Products/Debug-iphonesimulator/PackageFrameworks"
2026-04-22T16:44:59.5926170Z ignoring duplicate directory "/Users/runner/work/tcm-storage-ios/tcm-storage-ios/build/Build/Products/Debug-iphonesimulator/PackageFrameworks"
2026-04-22T16:44:59.5926510Z ignoring duplicate directory "/Users/runner/work/tcm-storage-ios/tcm-storage-ios/build/Build/Products/Debug-iphonesimulator/PackageFrameworks"
2026-04-22T16:44:59.5926840Z ignoring duplicate directory "/Users/runner/work/tcm-storage-ios/tcm-storage-ios/build/Build/Products/Debug-iphonesimulator/PackageFrameworks"
2026-04-22T16:44:59.5927170Z ignoring duplicate directory "/Users/runner/work/tcm-storage-ios/tcm-storage-ios/build/Build/Products/Debug-iphonesimulator/PackageFrameworks"
2026-04-22T16:44:59.5927500Z ignoring duplicate directory "/Users/runner/work/tcm-storage-ios/tcm-storage-ios/build/Build/Products/Debug-iphonesimulator/PackageFrameworks"
2026-04-22T16:44:59.5927880Z ignoring duplicate directory "/Users/runner/work/tcm-storage-ios/tcm-storage-ios/build/Build/Products/Debug-iphonesimulator/PackageFrameworks"
2026-04-22T16:44:59.5928220Z ignoring duplicate directory "/Users/runner/work/tcm-storage-ios/tcm-storage-ios/build/Build/Products/Debug-iphonesimulator/PackageFrameworks"
2026-04-22T16:44:59.5928550Z ignoring duplicate directory "/Users/runner/work/tcm-storage-ios/tcm-storage-ios/build/Build/Products/Debug-iphonesimulator/PackageFrameworks"
2026-04-22T16:44:59.5929000Z ignoring duplicate directory "/Users/runner/work/tcm-storage-ios/tcm-storage-ios/build/Build/Products/Debug-iphonesimulator/PackageFrameworks"
2026-04-22T16:44:59.5929390Z ignoring duplicate directory "/Users/runner/work/tcm-storage-ios/tcm-storage-ios/build/Build/Products/Debug-iphonesimulator/PackageFrameworks"
2026-04-22T16:44:59.5929460Z #include "..." search starts here:
2026-04-22T16:44:59.5929950Z  /Users/runner/work/tcm-storage-ios/tcm-storage-ios/build/Build/Intermediates.noindex/Nextcloud.build/Debug-iphonesimulator/Nextcloud.build/Nextcloud-generated-files.hmap (headermap)
2026-04-22T16:44:59.5930420Z  /Users/runner/work/tcm-storage-ios/tcm-storage-ios/build/Build/Intermediates.noindex/Nextcloud.build/Debug-iphonesimulator/Nextcloud.build/Nextcloud-project-headers.hmap (headermap)
2026-04-22T16:44:59.5930480Z #include <...> search starts here:
2026-04-22T16:44:59.5930950Z  /Users/runner/work/tcm-storage-ios/tcm-storage-ios/build/Build/Intermediates.noindex/Nextcloud.build/Debug-iphonesimulator/Nextcloud.build/Nextcloud-own-target-headers.hmap (headermap)
2026-04-22T16:44:59.5931470Z  /Users/runner/work/tcm-storage-ios/tcm-storage-ios/build/Build/Intermediates.noindex/Nextcloud.build/Debug-iphonesimulator/Nextcloud.build/Nextcloud-all-non-framework-target-headers.hmap (headermap)
2026-04-22T16:44:59.5931790Z  /Users/runner/work/tcm-storage-ios/tcm-storage-ios/build/SourcePackages/checkouts/swift-nio-ssl/Sources/CNIOBoringSSLShims/include
2026-04-22T16:44:59.5932080Z  /Users/runner/work/tcm-storage-ios/tcm-storage-ios/build/SourcePackages/checkouts/swift-nio-ssl/Sources/CNIOBoringSSL/include
2026-04-22T16:44:59.5932390Z  /Users/runner/work/tcm-storage-ios/tcm-storage-ios/build/SourcePackages/checkouts/swift-atomics/Sources/_AtomicsShims/include
2026-04-22T16:44:59.5932660Z  /Users/runner/work/tcm-storage-ios/tcm-storage-ios/build/SourcePackages/checkouts/swift-nio/Sources/CNIOPosix/include
2026-04-22T16:44:59.5932930Z  /Users/runner/work/tcm-storage-ios/tcm-storage-ios/build/SourcePackages/checkouts/swift-nio/Sources/CNIOWASI/include
2026-04-22T16:44:59.5933210Z  /Users/runner/work/tcm-storage-ios/tcm-storage-ios/build/SourcePackages/checkouts/swift-nio/Sources/CNIOWindows/include
2026-04-22T16:44:59.5933470Z  /Users/runner/work/tcm-storage-ios/tcm-storage-ios/build/SourcePackages/checkouts/swift-nio/Sources/CNIOLinux/include
2026-04-22T16:44:59.5933760Z  /Users/runner/work/tcm-storage-ios/tcm-storage-ios/build/SourcePackages/checkouts/swift-nio/Sources/CNIODarwin/include
2026-04-22T16:44:59.5934040Z  /Users/runner/work/tcm-storage-ios/tcm-storage-ios/build/SourcePackages/checkouts/swift-nio/Sources/CNIOOpenBSD/include
2026-04-22T16:44:59.5934310Z  /Users/runner/work/tcm-storage-ios/tcm-storage-ios/build/SourcePackages/checkouts/swift-nio/Sources/CNIOAtomics/include
2026-04-22T16:44:59.5934530Z  /Users/runner/work/tcm-storage-ios/tcm-storage-ios/build/SourcePackages/checkouts/realm-core/src
2026-04-22T16:44:59.5934770Z  /Users/runner/work/tcm-storage-ios/tcm-storage-ios/build/SourcePackages/checkouts/realm-core/src/external/s2
2026-04-22T16:44:59.5935120Z  /Users/runner/work/tcm-storage-ios/tcm-storage-ios/build/SourcePackages/checkouts/realm-core/src/external/IntelRDFPMathLib20U2/LIBRARY/src
2026-04-22T16:44:59.5935340Z  /Users/runner/work/tcm-storage-ios/tcm-storage-ios/build/SourcePackages/checkouts/realm-core/src/spm
2026-04-22T16:44:59.5935560Z  /Users/runner/work/tcm-storage-ios/tcm-storage-ios/build/SourcePackages/checkouts/realm-swift/include
2026-04-22T16:44:59.5935890Z  /Users/runner/work/tcm-storage-ios/tcm-storage-ios/build/SourcePackages/checkouts/GoogleUtilities/GoogleUtilities/NSData+zlib/Public
2026-04-22T16:44:59.5936230Z  /Users/runner/work/tcm-storage-ios/tcm-storage-ios/build/SourcePackages/checkouts/GoogleUtilities/GoogleUtilities/Logger/Public
2026-04-22T16:44:59.5936550Z  /Users/runner/work/tcm-storage-ios/tcm-storage-ios/build/SourcePackages/checkouts/GoogleUtilities/GoogleUtilities/Environment/Public
2026-04-22T16:44:59.5977120Z  /Users/runner/work/tcm-storage-ios/tcm-storage-ios/build/SourcePackages/checkouts/GoogleUtilities/third_party/IsAppEncrypted/Public
2026-04-22T16:44:59.5978110Z  /Users/runner/work/tcm-storage-ios/tcm-storage-ios/build/SourcePackages/checkouts/GoogleUtilities/GoogleUtilities/UserDefaults/Public
2026-04-22T16:44:59.5978360Z  /Users/runner/work/tcm-storage-ios/tcm-storage-ios/build/SourcePackages/checkouts/nanopb/spm_headers
2026-04-22T16:44:59.5978670Z  /Users/runner/work/tcm-storage-ios/tcm-storage-ios/build/SourcePackages/checkouts/promises/Sources/FBLPromises/include
2026-04-22T16:44:59.5979040Z  /Users/runner/work/tcm-storage-ios/tcm-storage-ios/build/SourcePackages/checkouts/GoogleDataTransport/GoogleDataTransport/GDTCORLibrary/Public
2026-04-22T16:44:59.5979350Z  /Users/runner/work/tcm-storage-ios/tcm-storage-ios/build/SourcePackages/checkouts/firebase-ios-sdk/FirebaseSessions/SourcesObjC
2026-04-22T16:44:59.5979650Z  /Users/runner/work/tcm-storage-ios/tcm-storage-ios/build/SourcePackages/checkouts/firebase-ios-sdk/FirebaseCore/Extension
2026-04-22T16:44:59.5980010Z  /Users/runner/work/tcm-storage-ios/tcm-storage-ios/build/SourcePackages/checkouts/firebase-ios-sdk/FirebaseInstallations/Source/Library/Public
2026-04-22T16:44:59.5980310Z  /Users/runner/work/tcm-storage-ios/tcm-storage-ios/build/SourcePackages/checkouts/firebase-ios-sdk/FirebaseCore/Sources/Public
2026-04-22T16:44:59.5980580Z  /Users/runner/work/tcm-storage-ios/tcm-storage-ios/build/SourcePackages/checkouts/firebase-ios-sdk/CoreOnly/Sources
2026-04-22T16:44:59.5980890Z  /Users/runner/work/tcm-storage-ios/tcm-storage-ios/build/SourcePackages/checkouts/firebase-ios-sdk/Crashlytics/Crashlytics/Public
2026-04-22T16:44:59.5981170Z  /Users/runner/work/tcm-storage-ios/tcm-storage-ios/build/SourcePackages/checkouts/GzipSwift/Sources/system-zlib/include
2026-04-22T16:44:59.5981540Z  /Users/runner/work/tcm-storage-ios/tcm-storage-ios/build/Build/Intermediates.noindex/Nextcloud.build/Debug-iphonesimulator/Nextcloud.build/DerivedSources
2026-04-22T16:44:59.5981870Z  /Users/runner/work/tcm-storage-ios/tcm-storage-ios/build/Build/Products/Debug-iphonesimulator/PackageFrameworks (framework directory)
2026-04-22T16:44:59.5982130Z  /Users/runner/work/tcm-storage-ios/tcm-storage-ios/build/Build/Products/Debug-iphonesimulator (framework directory)
2026-04-22T16:44:59.5982460Z  /Applications/Xcode_26.2.app/Contents/Developer/Platforms/iPhoneSimulator.platform/Developer/Library/Frameworks (framework directory)
2026-04-22T16:44:59.5983020Z  /Applications/Xcode_26.2.app/Contents/Developer/Platforms/iPhoneSimulator.platform/Developer/SDKs/iPhoneSimulator26.2.sdk/Developer/Library/Frameworks (framework directory)
2026-04-22T16:44:59.5983260Z  /Applications/Xcode_26.2.app/Contents/Developer/Toolchains/XcodeDefault.xctoolchain/usr/lib/clang/17/include
2026-04-22T16:44:59.5983590Z  /Applications/Xcode_26.2.app/Contents/Developer/Platforms/iPhoneSimulator.platform/Developer/SDKs/iPhoneSimulator26.2.sdk/usr/include
2026-04-22T16:44:59.5983800Z  /Applications/Xcode_26.2.app/Contents/Developer/Toolchains/XcodeDefault.xctoolchain/usr/include
2026-04-22T16:44:59.5984230Z  /Applications/Xcode_26.2.app/Contents/Developer/Platforms/iPhoneSimulator.platform/Developer/SDKs/iPhoneSimulator26.2.sdk/System/Library/Frameworks (framework directory)
2026-04-22T16:44:59.5984660Z  /Applications/Xcode_26.2.app/Contents/Developer/Platforms/iPhoneSimulator.platform/Developer/SDKs/iPhoneSimulator26.2.sdk/System/Library/SubFrameworks (framework directory)
2026-04-22T16:44:59.5984700Z End of search list.
2026-04-22T16:44:59.5984880Z clang -cc1 version 17.0.0 (clang-1700.6.3.2) default target arm64-apple-darwin24.6.0
2026-04-22T16:44:59.5985330Z ignoring nonexistent directory "/Users/runner/work/tcm-storage-ios/tcm-storage-ios/build/Build/Products/Debug-iphonesimulator/include"
2026-04-22T16:44:59.5985860Z ignoring nonexistent directory "/Users/runner/work/tcm-storage-ios/tcm-storage-ios/build/Build/Intermediates.noindex/Nextcloud.build/Debug-iphonesimulator/Nextcloud.build/DerivedSources-normal/arm64"
2026-04-22T16:44:59.5986470Z ignoring nonexistent directory "/Users/runner/work/tcm-storage-ios/tcm-storage-ios/build/Build/Intermediates.noindex/Nextcloud.build/Debug-iphonesimulator/Nextcloud.build/DerivedSources/arm64"
2026-04-22T16:44:59.5986970Z ignoring nonexistent directory "/Applications/Xcode_26.2.app/Contents/Developer/Platforms/iPhoneSimulator.platform/Developer/SDKs/iPhoneSimulator26.2.sdk/usr/local/include"
2026-04-22T16:44:59.5987420Z ignoring nonexistent directory "/Applications/Xcode_26.2.app/Contents/Developer/Platforms/iPhoneSimulator.platform/Developer/SDKs/iPhoneSimulator26.2.sdk/Library/Frameworks"
2026-04-22T16:44:59.5987770Z ignoring duplicate directory "/Users/runner/work/tcm-storage-ios/tcm-storage-ios/build/Build/Products/Debug-iphonesimulator/PackageFrameworks"
2026-04-22T16:44:59.5988120Z ignoring duplicate directory "/Users/runner/work/tcm-storage-ios/tcm-storage-ios/build/Build/Products/Debug-iphonesimulator/PackageFrameworks"
2026-04-22T16:44:59.5988470Z ignoring duplicate directory "/Users/runner/work/tcm-storage-ios/tcm-storage-ios/build/Build/Products/Debug-iphonesimulator/PackageFrameworks"
2026-04-22T16:44:59.5988830Z ignoring duplicate directory "/Users/runner/work/tcm-storage-ios/tcm-storage-ios/build/Build/Products/Debug-iphonesimulator/PackageFrameworks"
2026-04-22T16:44:59.5989170Z ignoring duplicate directory "/Users/runner/work/tcm-storage-ios/tcm-storage-ios/build/Build/Products/Debug-iphonesimulator/PackageFrameworks"
2026-04-22T16:44:59.5989510Z ignoring duplicate directory "/Users/runner/work/tcm-storage-ios/tcm-storage-ios/build/Build/Products/Debug-iphonesimulator/PackageFrameworks"
2026-04-22T16:44:59.5989850Z ignoring duplicate directory "/Users/runner/work/tcm-storage-ios/tcm-storage-ios/build/Build/Products/Debug-iphonesimulator/PackageFrameworks"
2026-04-22T16:44:59.5990200Z ignoring duplicate directory "/Users/runner/work/tcm-storage-ios/tcm-storage-ios/build/Build/Products/Debug-iphonesimulator/PackageFrameworks"
2026-04-22T16:44:59.5990540Z ignoring duplicate directory "/Users/runner/work/tcm-storage-ios/tcm-storage-ios/build/Build/Products/Debug-iphonesimulator/PackageFrameworks"
2026-04-22T16:44:59.5990870Z ignoring duplicate directory "/Users/runner/work/tcm-storage-ios/tcm-storage-ios/build/Build/Products/Debug-iphonesimulator/PackageFrameworks"
2026-04-22T16:44:59.5991400Z ignoring duplicate directory "/Users/runner/work/tcm-storage-ios/tcm-storage-ios/build/Build/Products/Debug-iphonesimulator/PackageFrameworks"
2026-04-22T16:44:59.5991800Z ignoring duplicate directory "/Users/runner/work/tcm-storage-ios/tcm-storage-ios/build/Build/Products/Debug-iphonesimulator/PackageFrameworks"
2026-04-22T16:44:59.5992140Z ignoring duplicate directory "/Users/runner/work/tcm-storage-ios/tcm-storage-ios/build/Build/Products/Debug-iphonesimulator/PackageFrameworks"
2026-04-22T16:44:59.5992480Z ignoring duplicate directory "/Users/runner/work/tcm-storage-ios/tcm-storage-ios/build/Build/Products/Debug-iphonesimulator/PackageFrameworks"
2026-04-22T16:44:59.5992810Z ignoring duplicate directory "/Users/runner/work/tcm-storage-ios/tcm-storage-ios/build/Build/Products/Debug-iphonesimulator/PackageFrameworks"
2026-04-22T16:44:59.5993150Z ignoring duplicate directory "/Users/runner/work/tcm-storage-ios/tcm-storage-ios/build/Build/Products/Debug-iphonesimulator/PackageFrameworks"
2026-04-22T16:44:59.5993490Z ignoring duplicate directory "/Users/runner/work/tcm-storage-ios/tcm-storage-ios/build/Build/Products/Debug-iphonesimulator/PackageFrameworks"
2026-04-22T16:44:59.5993830Z ignoring duplicate directory "/Users/runner/work/tcm-storage-ios/tcm-storage-ios/build/Build/Products/Debug-iphonesimulator/PackageFrameworks"
2026-04-22T16:44:59.5994200Z ignoring duplicate directory "/Users/runner/work/tcm-storage-ios/tcm-storage-ios/build/Build/Products/Debug-iphonesimulator/PackageFrameworks"
2026-04-22T16:44:59.5994530Z ignoring duplicate directory "/Users/runner/work/tcm-storage-ios/tcm-storage-ios/build/Build/Products/Debug-iphonesimulator/PackageFrameworks"
2026-04-22T16:44:59.5994950Z ignoring duplicate directory "/Users/runner/work/tcm-storage-ios/tcm-storage-ios/build/Build/Products/Debug-iphonesimulator/PackageFrameworks"
2026-04-22T16:44:59.5995340Z ignoring duplicate directory "/Users/runner/work/tcm-storage-ios/tcm-storage-ios/build/Build/Products/Debug-iphonesimulator/PackageFrameworks"
2026-04-22T16:44:59.5995810Z ignoring duplicate directory "/Users/runner/work/tcm-storage-ios/tcm-storage-ios/build/Build/Products/Debug-iphonesimulator/PackageFrameworks"
2026-04-22T16:44:59.5996160Z ignoring duplicate directory "/Users/runner/work/tcm-storage-ios/tcm-storage-ios/build/Build/Products/Debug-iphonesimulator/PackageFrameworks"
2026-04-22T16:44:59.5996510Z ignoring duplicate directory "/Users/runner/work/tcm-storage-ios/tcm-storage-ios/build/Build/Products/Debug-iphonesimulator/PackageFrameworks"
2026-04-22T16:44:59.5996850Z ignoring duplicate directory "/Users/runner/work/tcm-storage-ios/tcm-storage-ios/build/Build/Products/Debug-iphonesimulator/PackageFrameworks"
2026-04-22T16:44:59.5997200Z ignoring duplicate directory "/Users/runner/work/tcm-storage-ios/tcm-storage-ios/build/Build/Products/Debug-iphonesimulator/PackageFrameworks"
2026-04-22T16:44:59.5997540Z ignoring duplicate directory "/Users/runner/work/tcm-storage-ios/tcm-storage-ios/build/Build/Products/Debug-iphonesimulator/PackageFrameworks"
2026-04-22T16:44:59.5997880Z ignoring duplicate directory "/Users/runner/work/tcm-storage-ios/tcm-storage-ios/build/Build/Products/Debug-iphonesimulator/PackageFrameworks"
2026-04-22T16:44:59.5998220Z ignoring duplicate directory "/Users/runner/work/tcm-storage-ios/tcm-storage-ios/build/Build/Products/Debug-iphonesimulator/PackageFrameworks"
2026-04-22T16:44:59.5998570Z ignoring duplicate directory "/Users/runner/work/tcm-storage-ios/tcm-storage-ios/build/Build/Products/Debug-iphonesimulator/PackageFrameworks"
2026-04-22T16:44:59.5998900Z ignoring duplicate directory "/Users/runner/work/tcm-storage-ios/tcm-storage-ios/build/Build/Products/Debug-iphonesimulator/PackageFrameworks"
2026-04-22T16:44:59.5999250Z ignoring duplicate directory "/Users/runner/work/tcm-storage-ios/tcm-storage-ios/build/Build/Products/Debug-iphonesimulator/PackageFrameworks"
2026-04-22T16:44:59.5999590Z ignoring duplicate directory "/Users/runner/work/tcm-storage-ios/tcm-storage-ios/build/Build/Products/Debug-iphonesimulator/PackageFrameworks"
2026-04-22T16:44:59.5999920Z ignoring duplicate directory "/Users/runner/work/tcm-storage-ios/tcm-storage-ios/build/Build/Products/Debug-iphonesimulator/PackageFrameworks"
2026-04-22T16:44:59.6000340Z ignoring duplicate directory "/Users/runner/work/tcm-storage-ios/tcm-storage-ios/build/Build/Products/Debug-iphonesimulator/PackageFrameworks"
2026-04-22T16:44:59.6000690Z ignoring duplicate directory "/Users/runner/work/tcm-storage-ios/tcm-storage-ios/build/Build/Products/Debug-iphonesimulator/PackageFrameworks"
2026-04-22T16:44:59.6001020Z ignoring duplicate directory "/Users/runner/work/tcm-storage-ios/tcm-storage-ios/build/Build/Products/Debug-iphonesimulator/PackageFrameworks"
2026-04-22T16:44:59.6001350Z ignoring duplicate directory "/Users/runner/work/tcm-storage-ios/tcm-storage-ios/build/Build/Products/Debug-iphonesimulator/PackageFrameworks"
2026-04-22T16:44:59.6001680Z ignoring duplicate directory "/Users/runner/work/tcm-storage-ios/tcm-storage-ios/build/Build/Products/Debug-iphonesimulator/PackageFrameworks"
2026-04-22T16:44:59.6002010Z ignoring duplicate directory "/Users/runner/work/tcm-storage-ios/tcm-storage-ios/build/Build/Products/Debug-iphonesimulator/PackageFrameworks"
2026-04-22T16:44:59.6002500Z ignoring duplicate directory "/Users/runner/work/tcm-storage-ios/tcm-storage-ios/build/Build/Products/Debug-iphonesimulator/PackageFrameworks"
2026-04-22T16:44:59.6002910Z ignoring duplicate directory "/Users/runner/work/tcm-storage-ios/tcm-storage-ios/build/Build/Products/Debug-iphonesimulator/PackageFrameworks"
2026-04-22T16:44:59.6003270Z ignoring duplicate directory "/Users/runner/work/tcm-storage-ios/tcm-storage-ios/build/Build/Products/Debug-iphonesimulator/PackageFrameworks"
2026-04-22T16:44:59.6003740Z ignoring duplicate directory "/Users/runner/work/tcm-storage-ios/tcm-storage-ios/build/Build/Products/Debug-iphonesimulator/PackageFrameworks"
2026-04-22T16:44:59.6004230Z ignoring duplicate directory "/Users/runner/work/tcm-storage-ios/tcm-storage-ios/build/Build/Products/Debug-iphonesimulator/PackageFrameworks"
2026-04-22T16:44:59.6004600Z ignoring duplicate directory "/Users/runner/work/tcm-storage-ios/tcm-storage-ios/build/Build/Products/Debug-iphonesimulator/PackageFrameworks"
2026-04-22T16:44:59.6004980Z ignoring duplicate directory "/Users/runner/work/tcm-storage-ios/tcm-storage-ios/build/Build/Products/Debug-iphonesimulator/PackageFrameworks"
2026-04-22T16:44:59.6005350Z ignoring duplicate directory "/Users/runner/work/tcm-storage-ios/tcm-storage-ios/build/Build/Products/Debug-iphonesimulator/PackageFrameworks"
2026-04-22T16:44:59.6005720Z ignoring duplicate directory "/Users/runner/work/tcm-storage-ios/tcm-storage-ios/build/Build/Products/Debug-iphonesimulator/PackageFrameworks"
2026-04-22T16:44:59.6006070Z ignoring duplicate directory "/Users/runner/work/tcm-storage-ios/tcm-storage-ios/build/Build/Products/Debug-iphonesimulator/PackageFrameworks"
2026-04-22T16:44:59.6006410Z ignoring duplicate directory "/Users/runner/work/tcm-storage-ios/tcm-storage-ios/build/Build/Products/Debug-iphonesimulator/PackageFrameworks"
2026-04-22T16:44:59.6006760Z ignoring duplicate directory "/Users/runner/work/tcm-storage-ios/tcm-storage-ios/build/Build/Products/Debug-iphonesimulator/PackageFrameworks"
2026-04-22T16:44:59.6007130Z ignoring duplicate directory "/Users/runner/work/tcm-storage-ios/tcm-storage-ios/build/Build/Products/Debug-iphonesimulator/PackageFrameworks"
2026-04-22T16:44:59.6007480Z ignoring duplicate directory "/Users/runner/work/tcm-storage-ios/tcm-storage-ios/build/Build/Products/Debug-iphonesimulator/PackageFrameworks"
2026-04-22T16:44:59.6007880Z ignoring duplicate directory "/Users/runner/work/tcm-storage-ios/tcm-storage-ios/build/Build/Products/Debug-iphonesimulator/PackageFrameworks"
2026-04-22T16:44:59.6008220Z ignoring duplicate directory "/Users/runner/work/tcm-storage-ios/tcm-storage-ios/build/Build/Products/Debug-iphonesimulator/PackageFrameworks"
2026-04-22T16:44:59.6008560Z ignoring duplicate directory "/Users/runner/work/tcm-storage-ios/tcm-storage-ios/build/Build/Products/Debug-iphonesimulator/PackageFrameworks"
2026-04-22T16:44:59.6009130Z ignoring duplicate directory "/Users/runner/work/tcm-storage-ios/tcm-storage-ios/build/Build/Products/Debug-iphonesimulator/PackageFrameworks"
2026-04-22T16:44:59.6009560Z ignoring duplicate directory "/Users/runner/work/tcm-storage-ios/tcm-storage-ios/build/Build/Products/Debug-iphonesimulator/PackageFrameworks"
2026-04-22T16:44:59.6009900Z ignoring duplicate directory "/Users/runner/work/tcm-storage-ios/tcm-storage-ios/build/Build/Products/Debug-iphonesimulator/PackageFrameworks"
2026-04-22T16:44:59.6010240Z ignoring duplicate directory "/Users/runner/work/tcm-storage-ios/tcm-storage-ios/build/Build/Products/Debug-iphonesimulator/PackageFrameworks"
2026-04-22T16:44:59.6010570Z ignoring duplicate directory "/Users/runner/work/tcm-storage-ios/tcm-storage-ios/build/Build/Products/Debug-iphonesimulator/PackageFrameworks"
2026-04-22T16:44:59.6010930Z ignoring duplicate directory "/Users/runner/work/tcm-storage-ios/tcm-storage-ios/build/Build/Products/Debug-iphonesimulator/PackageFrameworks"
2026-04-22T16:44:59.6011290Z ignoring duplicate directory "/Users/runner/work/tcm-storage-ios/tcm-storage-ios/build/Build/Products/Debug-iphonesimulator/PackageFrameworks"
2026-04-22T16:44:59.6011680Z ignoring duplicate directory "/Users/runner/work/tcm-storage-ios/tcm-storage-ios/build/Build/Products/Debug-iphonesimulator/PackageFrameworks"
2026-04-22T16:44:59.6012020Z ignoring duplicate directory "/Users/runner/work/tcm-storage-ios/tcm-storage-ios/build/Build/Products/Debug-iphonesimulator/PackageFrameworks"
2026-04-22T16:44:59.6012340Z ignoring duplicate directory "/Users/runner/work/tcm-storage-ios/tcm-storage-ios/build/Build/Products/Debug-iphonesimulator/PackageFrameworks"
2026-04-22T16:44:59.6012830Z ignoring duplicate directory "/Users/runner/work/tcm-storage-ios/tcm-storage-ios/build/Build/Products/Debug-iphonesimulator/PackageFrameworks"
2026-04-22T16:44:59.6013270Z ignoring duplicate directory "/Users/runner/work/tcm-storage-ios/tcm-storage-ios/build/Build/Products/Debug-iphonesimulator/PackageFrameworks"
2026-04-22T16:44:59.6013610Z ignoring duplicate directory "/Users/runner/work/tcm-storage-ios/tcm-storage-ios/build/Build/Products/Debug-iphonesimulator/PackageFrameworks"
2026-04-22T16:44:59.6013940Z ignoring duplicate directory "/Users/runner/work/tcm-storage-ios/tcm-storage-ios/build/Build/Products/Debug-iphonesimulator/PackageFrameworks"
2026-04-22T16:44:59.6014280Z ignoring duplicate directory "/Users/runner/work/tcm-storage-ios/tcm-storage-ios/build/Build/Products/Debug-iphonesimulator/PackageFrameworks"
2026-04-22T16:44:59.6014610Z ignoring duplicate directory "/Users/runner/work/tcm-storage-ios/tcm-storage-ios/build/Build/Products/Debug-iphonesimulator/PackageFrameworks"
2026-04-22T16:44:59.6014930Z ignoring duplicate directory "/Users/runner/work/tcm-storage-ios/tcm-storage-ios/build/Build/Products/Debug-iphonesimulator/PackageFrameworks"
2026-04-22T16:44:59.6015260Z ignoring duplicate directory "/Users/runner/work/tcm-storage-ios/tcm-storage-ios/build/Build/Products/Debug-iphonesimulator/PackageFrameworks"
2026-04-22T16:44:59.6015330Z #include "..." search starts here:
2026-04-22T16:44:59.6015790Z  /Users/runner/work/tcm-storage-ios/tcm-storage-ios/build/Build/Intermediates.noindex/Nextcloud.build/Debug-iphonesimulator/Nextcloud.build/Nextcloud-generated-files.hmap (headermap)
2026-04-22T16:44:59.6016260Z  /Users/runner/work/tcm-storage-ios/tcm-storage-ios/build/Build/Intermediates.noindex/Nextcloud.build/Debug-iphonesimulator/Nextcloud.build/Nextcloud-project-headers.hmap (headermap)
2026-04-22T16:44:59.6016310Z #include <...> search starts here:
2026-04-22T16:44:59.6016780Z  /Users/runner/work/tcm-storage-ios/tcm-storage-ios/build/Build/Intermediates.noindex/Nextcloud.build/Debug-iphonesimulator/Nextcloud.build/Nextcloud-own-target-headers.hmap (headermap)
2026-04-22T16:44:59.6017320Z  /Users/runner/work/tcm-storage-ios/tcm-storage-ios/build/Build/Intermediates.noindex/Nextcloud.build/Debug-iphonesimulator/Nextcloud.build/Nextcloud-all-non-framework-target-headers.hmap (headermap)
2026-04-22T16:44:59.6017630Z  /Users/runner/work/tcm-storage-ios/tcm-storage-ios/build/SourcePackages/checkouts/swift-nio-ssl/Sources/CNIOBoringSSLShims/include
2026-04-22T16:44:59.6018070Z  /Users/runner/work/tcm-storage-ios/tcm-storage-ios/build/SourcePackages/checkouts/swift-nio-ssl/Sources/CNIOBoringSSL/include
2026-04-22T16:44:59.6018370Z  /Users/runner/work/tcm-storage-ios/tcm-storage-ios/build/SourcePackages/checkouts/swift-atomics/Sources/_AtomicsShims/include
2026-04-22T16:44:59.6018640Z  /Users/runner/work/tcm-storage-ios/tcm-storage-ios/build/SourcePackages/checkouts/swift-nio/Sources/CNIOPosix/include
2026-04-22T16:44:59.6018910Z  /Users/runner/work/tcm-storage-ios/tcm-storage-ios/build/SourcePackages/checkouts/swift-nio/Sources/CNIOWASI/include
2026-04-22T16:44:59.6019180Z  /Users/runner/work/tcm-storage-ios/tcm-storage-ios/build/SourcePackages/checkouts/swift-nio/Sources/CNIOWindows/include
2026-04-22T16:44:59.6019450Z  /Users/runner/work/tcm-storage-ios/tcm-storage-ios/build/SourcePackages/checkouts/swift-nio/Sources/CNIOLinux/include
2026-04-22T16:44:59.6019720Z  /Users/runner/work/tcm-storage-ios/tcm-storage-ios/build/SourcePackages/checkouts/swift-nio/Sources/CNIODarwin/include
2026-04-22T16:44:59.6020060Z  /Users/runner/work/tcm-storage-ios/tcm-storage-ios/build/SourcePackages/checkouts/swift-nio/Sources/CNIOOpenBSD/include
2026-04-22T16:44:59.6020330Z  /Users/runner/work/tcm-storage-ios/tcm-storage-ios/build/SourcePackages/checkouts/swift-nio/Sources/CNIOAtomics/include
2026-04-22T16:44:59.6020550Z  /Users/runner/work/tcm-storage-ios/tcm-storage-ios/build/SourcePackages/checkouts/realm-core/src
2026-04-22T16:44:59.6020880Z  /Users/runner/work/tcm-storage-ios/tcm-storage-ios/build/SourcePackages/checkouts/realm-core/src/external/s2
2026-04-22T16:44:59.6021280Z  /Users/runner/work/tcm-storage-ios/tcm-storage-ios/build/SourcePackages/checkouts/realm-core/src/external/IntelRDFPMathLib20U2/LIBRARY/src
2026-04-22T16:44:59.6021510Z  /Users/runner/work/tcm-storage-ios/tcm-storage-ios/build/SourcePackages/checkouts/realm-core/src/spm
2026-04-22T16:44:59.6021740Z  /Users/runner/work/tcm-storage-ios/tcm-storage-ios/build/SourcePackages/checkouts/realm-swift/include
2026-04-22T16:44:59.6022050Z  /Users/runner/work/tcm-storage-ios/tcm-storage-ios/build/SourcePackages/checkouts/GoogleUtilities/GoogleUtilities/NSData+zlib/Public
2026-04-22T16:44:59.6022350Z  /Users/runner/work/tcm-storage-ios/tcm-storage-ios/build/SourcePackages/checkouts/GoogleUtilities/GoogleUtilities/Logger/Public
2026-04-22T16:44:59.6022660Z  /Users/runner/work/tcm-storage-ios/tcm-storage-ios/build/SourcePackages/checkouts/GoogleUtilities/GoogleUtilities/Environment/Public
2026-04-22T16:44:59.6022980Z  /Users/runner/work/tcm-storage-ios/tcm-storage-ios/build/SourcePackages/checkouts/GoogleUtilities/third_party/IsAppEncrypted/Public
2026-04-22T16:44:59.6023300Z  /Users/runner/work/tcm-storage-ios/tcm-storage-ios/build/SourcePackages/checkouts/GoogleUtilities/GoogleUtilities/UserDefaults/Public
2026-04-22T16:44:59.6023530Z  /Users/runner/work/tcm-storage-ios/tcm-storage-ios/build/SourcePackages/checkouts/nanopb/spm_headers
2026-04-22T16:44:59.6023810Z  /Users/runner/work/tcm-storage-ios/tcm-storage-ios/build/SourcePackages/checkouts/promises/Sources/FBLPromises/include
2026-04-22T16:44:59.6024160Z  /Users/runner/work/tcm-storage-ios/tcm-storage-ios/build/SourcePackages/checkouts/GoogleDataTransport/GoogleDataTransport/GDTCORLibrary/Public
2026-04-22T16:44:59.6024460Z  /Users/runner/work/tcm-storage-ios/tcm-storage-ios/build/SourcePackages/checkouts/firebase-ios-sdk/FirebaseSessions/SourcesObjC
2026-04-22T16:44:59.6024740Z  /Users/runner/work/tcm-storage-ios/tcm-storage-ios/build/SourcePackages/checkouts/firebase-ios-sdk/FirebaseCore/Extension
2026-04-22T16:44:59.6025080Z  /Users/runner/work/tcm-storage-ios/tcm-storage-ios/build/SourcePackages/checkouts/firebase-ios-sdk/FirebaseInstallations/Source/Library/Public
2026-04-22T16:44:59.6025380Z  /Users/runner/work/tcm-storage-ios/tcm-storage-ios/build/SourcePackages/checkouts/firebase-ios-sdk/FirebaseCore/Sources/Public
2026-04-22T16:44:59.6025630Z  /Users/runner/work/tcm-storage-ios/tcm-storage-ios/build/SourcePackages/checkouts/firebase-ios-sdk/CoreOnly/Sources
2026-04-22T16:44:59.6025970Z  /Users/runner/work/tcm-storage-ios/tcm-storage-ios/build/SourcePackages/checkouts/firebase-ios-sdk/Crashlytics/Crashlytics/Public
2026-04-22T16:44:59.6026240Z  /Users/runner/work/tcm-storage-ios/tcm-storage-ios/build/SourcePackages/checkouts/GzipSwift/Sources/system-zlib/include
2026-04-22T16:44:59.6026610Z  /Users/runner/work/tcm-storage-ios/tcm-storage-ios/build/Build/Intermediates.noindex/Nextcloud.build/Debug-iphonesimulator/Nextcloud.build/DerivedSources
2026-04-22T16:44:59.6026930Z  /Users/runner/work/tcm-storage-ios/tcm-storage-ios/build/Build/Products/Debug-iphonesimulator/PackageFrameworks (framework directory)
2026-04-22T16:44:59.6027190Z  /Users/runner/work/tcm-storage-ios/tcm-storage-ios/build/Build/Products/Debug-iphonesimulator (framework directory)
2026-04-22T16:44:59.6027500Z  /Applications/Xcode_26.2.app/Contents/Developer/Platforms/iPhoneSimulator.platform/Developer/Library/Frameworks (framework directory)
2026-04-22T16:44:59.6027940Z  /Applications/Xcode_26.2.app/Contents/Developer/Platforms/iPhoneSimulator.platform/Developer/SDKs/iPhoneSimulator26.2.sdk/Developer/Library/Frameworks (framework directory)
2026-04-22T16:44:59.6028270Z  /Applications/Xcode_26.2.app/Contents/Developer/Toolchains/XcodeDefault.xctoolchain/usr/lib/clang/17/include
2026-04-22T16:44:59.6028590Z  /Applications/Xcode_26.2.app/Contents/Developer/Platforms/iPhoneSimulator.platform/Developer/SDKs/iPhoneSimulator26.2.sdk/usr/include
2026-04-22T16:44:59.6028880Z  /Applications/Xcode_26.2.app/Contents/Developer/Toolchains/XcodeDefault.xctoolchain/usr/include
2026-04-22T16:44:59.6029440Z  /Applications/Xcode_26.2.app/Contents/Developer/Platforms/iPhoneSimulator.platform/Developer/SDKs/iPhoneSimulator26.2.sdk/System/Library/Frameworks (framework directory)
2026-04-22T16:44:59.6029910Z  /Applications/Xcode_26.2.app/Contents/Developer/Platforms/iPhoneSimulator.platform/Developer/SDKs/iPhoneSimulator26.2.sdk/System/Library/SubFrameworks (framework directory)
2026-04-22T16:44:59.6029970Z End of search list.
2026-04-22T16:44:59.6092170Z clang -cc1 version 17.0.0 (clang-1700.6.3.2) default target arm64-apple-darwin24.6.0
2026-04-22T16:44:59.6193150Z ignoring nonexistent directory "/Users/runner/work/tcm-storage-ios/tcm-storage-ios/build/Build/Products/Debug-iphonesimulator/include"
2026-04-22T16:44:59.6294810Z ignoring nonexistent directory "/Users/runner/work/tcm-storage-ios/tcm-storage-ios/build/Build/Intermediates.noindex/Nextcloud.build/Debug-iphonesimulator/Nextcloud.build/DerivedSources-normal/arm64"
2026-04-22T16:44:59.6395030Z ignoring nonexistent directory "/Users/runner/work/tcm-storage-ios/tcm-storage-ios/build/Build/Intermediates.noindex/Nextcloud.build/Debug-iphonesimulator/Nextcloud.build/DerivedSources/arm64"
2026-04-22T16:44:59.6496380Z ignoring nonexistent directory "/Applications/Xcode_26.2.app/Contents/Developer/Platforms/iPhoneSimulator.platform/Developer/SDKs/iPhoneSimulator26.2.sdk/usr/local/include"
2026-04-22T16:44:59.6597730Z ignoring nonexistent directory "/Applications/Xcode_26.2.app/Contents/Developer/Platforms/iPhoneSimulator.platform/Developer/SDKs/iPhoneSimulator26.2.sdk/Library/Frameworks"
2026-04-22T16:44:59.6682210Z ignoring duplicate directory "/Users/runner/work/tcm-storage-ios/tcm-storage-ios/build/Build/Products/Debug-iphonesimulator/PackageFrameworks"
2026-04-22T16:44:59.6784550Z ignoring duplicate directory "/Users/runner/work/tcm-storage-ios/tcm-storage-ios/build/Build/Products/Debug-iphonesimulator/PackageFrameworks"
2026-04-22T16:44:59.6908830Z ignoring duplicate directory "/Users/runner/work/tcm-storage-ios/tcm-storage-ios/build/Build/Products/Debug-iphonesimulator/PackageFrameworks"
2026-04-22T16:44:59.7010560Z ignoring duplicate directory "/Users/runner/work/tcm-storage-ios/tcm-storage-ios/build/Build/Products/Debug-iphonesimulator/PackageFrameworks"
2026-04-22T16:44:59.7115690Z ignoring duplicate directory "/Users/runner/work/tcm-storage-ios/tcm-storage-ios/build/Build/Products/Debug-iphonesimulator/PackageFrameworks"
2026-04-22T16:44:59.7219190Z ignoring duplicate directory "/Users/runner/work/tcm-storage-ios/tcm-storage-ios/build/Build/Products/Debug-iphonesimulator/PackageFrameworks"
2026-04-22T16:44:59.7322580Z ignoring duplicate directory "/Users/runner/work/tcm-storage-ios/tcm-storage-ios/build/Build/Products/Debug-iphonesimulator/PackageFrameworks"
2026-04-22T16:44:59.7425160Z ignoring duplicate directory "/Users/runner/work/tcm-storage-ios/tcm-storage-ios/build/Build/Products/Debug-iphonesimulator/PackageFrameworks"
2026-04-22T16:44:59.7514950Z ignoring duplicate directory "/Users/runner/work/tcm-storage-ios/tcm-storage-ios/build/Build/Products/Debug-iphonesimulator/PackageFrameworks"
2026-04-22T16:44:59.7537610Z ignoring duplicate directory "/Users/runner/work/tcm-storage-ios/tcm-storage-ios/build/Build/Products/Debug-iphonesimulator/PackageFrameworks"
2026-04-22T16:44:59.7538420Z ignoring duplicate directory "/Users/runner/work/tcm-storage-ios/tcm-storage-ios/build/Build/Products/Debug-iphonesimulator/PackageFrameworks"
2026-04-22T16:44:59.7539040Z ignoring duplicate directory "/Users/runner/work/tcm-storage-ios/tcm-storage-ios/build/Build/Products/Debug-iphonesimulator/PackageFrameworks"
2026-04-22T16:44:59.7539890Z ignoring duplicate directory "/Users/runner/work/tcm-storage-ios/tcm-storage-ios/build/Build/Products/Debug-iphonesimulator/PackageFrameworks"
2026-04-22T16:44:59.7540450Z ignoring duplicate directory "/Users/runner/work/tcm-storage-ios/tcm-storage-ios/build/Build/Products/Debug-iphonesimulator/PackageFrameworks"
2026-04-22T16:44:59.7541210Z ignoring duplicate directory "/Users/runner/work/tcm-storage-ios/tcm-storage-ios/build/Build/Products/Debug-iphonesimulator/PackageFrameworks"
2026-04-22T16:44:59.7541780Z ignoring duplicate directory "/Users/runner/work/tcm-storage-ios/tcm-storage-ios/build/Build/Products/Debug-iphonesimulator/PackageFrameworks"
2026-04-22T16:44:59.7542260Z ignoring duplicate directory "/Users/runner/work/tcm-storage-ios/tcm-storage-ios/build/Build/Products/Debug-iphonesimulator/PackageFrameworks"
2026-04-22T16:44:59.7542740Z ignoring duplicate directory "/Users/runner/work/tcm-storage-ios/tcm-storage-ios/build/Build/Products/Debug-iphonesimulator/PackageFrameworks"
2026-04-22T16:44:59.7543220Z ignoring duplicate directory "/Users/runner/work/tcm-storage-ios/tcm-storage-ios/build/Build/Products/Debug-iphonesimulator/PackageFrameworks"
2026-04-22T16:44:59.7543690Z ignoring duplicate directory "/Users/runner/work/tcm-storage-ios/tcm-storage-ios/build/Build/Products/Debug-iphonesimulator/PackageFrameworks"
2026-04-22T16:44:59.7544160Z ignoring duplicate directory "/Users/runner/work/tcm-storage-ios/tcm-storage-ios/build/Build/Products/Debug-iphonesimulator/PackageFrameworks"
2026-04-22T16:44:59.7544620Z ignoring duplicate directory "/Users/runner/work/tcm-storage-ios/tcm-storage-ios/build/Build/Products/Debug-iphonesimulator/PackageFrameworks"
2026-04-22T16:44:59.7558650Z ignoring duplicate directory "/Users/runner/work/tcm-storage-ios/tcm-storage-ios/build/Build/Products/Debug-iphonesimulator/PackageFrameworks"
2026-04-22T16:44:59.7565210Z ignoring duplicate directory "/Users/runner/work/tcm-storage-ios/tcm-storage-ios/build/Build/Products/Debug-iphonesimulator/PackageFrameworks"
2026-04-22T16:44:59.7681140Z ignoring duplicate directory "/Users/runner/work/tcm-storage-ios/tcm-storage-ios/build/Build/Products/Debug-iphonesimulator/PackageFrameworks"
2026-04-22T16:44:59.7681740Z ignoring duplicate directory "/Users/runner/work/tcm-storage-ios/tcm-storage-ios/build/Build/Products/Debug-iphonesimulator/PackageFrameworks"
2026-04-22T16:44:59.7682250Z ignoring duplicate directory "/Users/runner/work/tcm-storage-ios/tcm-storage-ios/build/Build/Products/Debug-iphonesimulator/PackageFrameworks"
2026-04-22T16:44:59.7682730Z ignoring duplicate directory "/Users/runner/work/tcm-storage-ios/tcm-storage-ios/build/Build/Products/Debug-iphonesimulator/PackageFrameworks"
2026-04-22T16:44:59.7683210Z ignoring duplicate directory "/Users/runner/work/tcm-storage-ios/tcm-storage-ios/build/Build/Products/Debug-iphonesimulator/PackageFrameworks"
2026-04-22T16:44:59.7684110Z ignoring duplicate directory "/Users/runner/work/tcm-storage-ios/tcm-storage-ios/build/Build/Products/Debug-iphonesimulator/PackageFrameworks"
2026-04-22T16:44:59.7689710Z ignoring duplicate directory "/Users/runner/work/tcm-storage-ios/tcm-storage-ios/build/Build/Products/Debug-iphonesimulator/PackageFrameworks"
2026-04-22T16:44:59.7698420Z ignoring duplicate directory "/Users/runner/work/tcm-storage-ios/tcm-storage-ios/build/Build/Products/Debug-iphonesimulator/PackageFrameworks"
2026-04-22T16:44:59.7698950Z ignoring duplicate directory "/Users/runner/work/tcm-storage-ios/tcm-storage-ios/build/Build/Products/Debug-iphonesimulator/PackageFrameworks"
2026-04-22T16:44:59.7699440Z ignoring duplicate directory "/Users/runner/work/tcm-storage-ios/tcm-storage-ios/build/Build/Products/Debug-iphonesimulator/PackageFrameworks"
2026-04-22T16:44:59.7700590Z ignoring duplicate directory "/Users/runner/work/tcm-storage-ios/tcm-storage-ios/build/Build/Products/Debug-iphonesimulator/PackageFrameworks"
2026-04-22T16:44:59.7701670Z ignoring duplicate directory "/Users/runner/work/tcm-storage-ios/tcm-storage-ios/build/Build/Products/Debug-iphonesimulator/PackageFrameworks"
2026-04-22T16:44:59.7702820Z ignoring duplicate directory "/Users/runner/work/tcm-storage-ios/tcm-storage-ios/build/Build/Products/Debug-iphonesimulator/PackageFrameworks"
2026-04-22T16:44:59.7703360Z ignoring duplicate directory "/Users/runner/work/tcm-storage-ios/tcm-storage-ios/build/Build/Products/Debug-iphonesimulator/PackageFrameworks"
2026-04-22T16:44:59.7704260Z ignoring duplicate directory "/Users/runner/work/tcm-storage-ios/tcm-storage-ios/build/Build/Products/Debug-iphonesimulator/PackageFrameworks"
2026-04-22T16:44:59.7704940Z ignoring duplicate directory "/Users/runner/work/tcm-storage-ios/tcm-storage-ios/build/Build/Products/Debug-iphonesimulator/PackageFrameworks"
2026-04-22T16:44:59.7705780Z ignoring duplicate directory "/Users/runner/work/tcm-storage-ios/tcm-storage-ios/build/Build/Products/Debug-iphonesimulator/PackageFrameworks"
2026-04-22T16:44:59.7707580Z ignoring duplicate directory "/Users/runner/work/tcm-storage-ios/tcm-storage-ios/build/Build/Products/Debug-iphonesimulator/PackageFrameworks"
2026-04-22T16:44:59.7708140Z ignoring duplicate directory "/Users/runner/work/tcm-storage-ios/tcm-storage-ios/build/Build/Products/Debug-iphonesimulator/PackageFrameworks"
2026-04-22T16:44:59.7708660Z ignoring duplicate directory "/Users/runner/work/tcm-storage-ios/tcm-storage-ios/build/Build/Products/Debug-iphonesimulator/PackageFrameworks"
2026-04-22T16:44:59.7709130Z ignoring duplicate directory "/Users/runner/work/tcm-storage-ios/tcm-storage-ios/build/Build/Products/Debug-iphonesimulator/PackageFrameworks"
2026-04-22T16:44:59.7709630Z ignoring duplicate directory "/Users/runner/work/tcm-storage-ios/tcm-storage-ios/build/Build/Products/Debug-iphonesimulator/PackageFrameworks"
2026-04-22T16:44:59.7710160Z ignoring duplicate directory "/Users/runner/work/tcm-storage-ios/tcm-storage-ios/build/Build/Products/Debug-iphonesimulator/PackageFrameworks"
2026-04-22T16:44:59.7710650Z ignoring duplicate directory "/Users/runner/work/tcm-storage-ios/tcm-storage-ios/build/Build/Products/Debug-iphonesimulator/PackageFrameworks"
2026-04-22T16:44:59.7711160Z ignoring duplicate directory "/Users/runner/work/tcm-storage-ios/tcm-storage-ios/build/Build/Products/Debug-iphonesimulator/PackageFrameworks"
2026-04-22T16:44:59.7711770Z ignoring duplicate directory "/Users/runner/work/tcm-storage-ios/tcm-storage-ios/build/Build/Products/Debug-iphonesimulator/PackageFrameworks"
2026-04-22T16:44:59.7712240Z ignoring duplicate directory "/Users/runner/work/tcm-storage-ios/tcm-storage-ios/build/Build/Products/Debug-iphonesimulator/PackageFrameworks"
2026-04-22T16:44:59.7716140Z ignoring duplicate directory "/Users/runner/work/tcm-storage-ios/tcm-storage-ios/build/Build/Products/Debug-iphonesimulator/PackageFrameworks"
2026-04-22T16:44:59.7716720Z ignoring duplicate directory "/Users/runner/work/tcm-storage-ios/tcm-storage-ios/build/Build/Products/Debug-iphonesimulator/PackageFrameworks"
2026-04-22T16:44:59.7717670Z ignoring duplicate directory "/Users/runner/work/tcm-storage-ios/tcm-storage-ios/build/Build/Products/Debug-iphonesimulator/PackageFrameworks"
2026-04-22T16:44:59.7718170Z ignoring duplicate directory "/Users/runner/work/tcm-storage-ios/tcm-storage-ios/build/Build/Products/Debug-iphonesimulator/PackageFrameworks"
2026-04-22T16:44:59.7718630Z ignoring duplicate directory "/Users/runner/work/tcm-storage-ios/tcm-storage-ios/build/Build/Products/Debug-iphonesimulator/PackageFrameworks"
2026-04-22T16:44:59.7721080Z ignoring duplicate directory "/Users/runner/work/tcm-storage-ios/tcm-storage-ios/build/Build/Products/Debug-iphonesimulator/PackageFrameworks"
2026-04-22T16:44:59.7721600Z ignoring duplicate directory "/Users/runner/work/tcm-storage-ios/tcm-storage-ios/build/Build/Products/Debug-iphonesimulator/PackageFrameworks"
2026-04-22T16:44:59.7722070Z ignoring duplicate directory "/Users/runner/work/tcm-storage-ios/tcm-storage-ios/build/Build/Products/Debug-iphonesimulator/PackageFrameworks"
2026-04-22T16:44:59.7722700Z ignoring duplicate directory "/Users/runner/work/tcm-storage-ios/tcm-storage-ios/build/Build/Products/Debug-iphonesimulator/PackageFrameworks"
2026-04-22T16:44:59.7723180Z ignoring duplicate directory "/Users/runner/work/tcm-storage-ios/tcm-storage-ios/build/Build/Products/Debug-iphonesimulator/PackageFrameworks"
2026-04-22T16:44:59.7723670Z ignoring duplicate directory "/Users/runner/work/tcm-storage-ios/tcm-storage-ios/build/Build/Products/Debug-iphonesimulator/PackageFrameworks"
2026-04-22T16:44:59.7724430Z ignoring duplicate directory "/Users/runner/work/tcm-storage-ios/tcm-storage-ios/build/Build/Products/Debug-iphonesimulator/PackageFrameworks"
2026-04-22T16:44:59.7725080Z ignoring duplicate directory "/Users/runner/work/tcm-storage-ios/tcm-storage-ios/build/Build/Products/Debug-iphonesimulator/PackageFrameworks"
2026-04-22T16:44:59.7725590Z ignoring duplicate directory "/Users/runner/work/tcm-storage-ios/tcm-storage-ios/build/Build/Products/Debug-iphonesimulator/PackageFrameworks"
2026-04-22T16:44:59.7726050Z ignoring duplicate directory "/Users/runner/work/tcm-storage-ios/tcm-storage-ios/build/Build/Products/Debug-iphonesimulator/PackageFrameworks"
2026-04-22T16:44:59.7726530Z ignoring duplicate directory "/Users/runner/work/tcm-storage-ios/tcm-storage-ios/build/Build/Products/Debug-iphonesimulator/PackageFrameworks"
2026-04-22T16:44:59.7727010Z ignoring duplicate directory "/Users/runner/work/tcm-storage-ios/tcm-storage-ios/build/Build/Products/Debug-iphonesimulator/PackageFrameworks"
2026-04-22T16:44:59.7727470Z ignoring duplicate directory "/Users/runner/work/tcm-storage-ios/tcm-storage-ios/build/Build/Products/Debug-iphonesimulator/PackageFrameworks"
2026-04-22T16:44:59.7727920Z ignoring duplicate directory "/Users/runner/work/tcm-storage-ios/tcm-storage-ios/build/Build/Products/Debug-iphonesimulator/PackageFrameworks"
2026-04-22T16:44:59.7728370Z ignoring duplicate directory "/Users/runner/work/tcm-storage-ios/tcm-storage-ios/build/Build/Products/Debug-iphonesimulator/PackageFrameworks"
2026-04-22T16:44:59.7728830Z ignoring duplicate directory "/Users/runner/work/tcm-storage-ios/tcm-storage-ios/build/Build/Products/Debug-iphonesimulator/PackageFrameworks"
2026-04-22T16:44:59.7729290Z ignoring duplicate directory "/Users/runner/work/tcm-storage-ios/tcm-storage-ios/build/Build/Products/Debug-iphonesimulator/PackageFrameworks"
2026-04-22T16:44:59.7729780Z ignoring duplicate directory "/Users/runner/work/tcm-storage-ios/tcm-storage-ios/build/Build/Products/Debug-iphonesimulator/PackageFrameworks"
2026-04-22T16:44:59.7730230Z ignoring duplicate directory "/Users/runner/work/tcm-storage-ios/tcm-storage-ios/build/Build/Products/Debug-iphonesimulator/PackageFrameworks"
2026-04-22T16:44:59.7730680Z ignoring duplicate directory "/Users/runner/work/tcm-storage-ios/tcm-storage-ios/build/Build/Products/Debug-iphonesimulator/PackageFrameworks"
2026-04-22T16:44:59.7731030Z #include "..." search starts here:
2026-04-22T16:44:59.7735620Z  /Users/runner/work/tcm-storage-ios/tcm-storage-ios/build/Build/Intermediates.noindex/Nextcloud.build/Debug-iphonesimulator/Nextcloud.build/Nextcloud-generated-files.hmap (headermap)
2026-04-22T16:44:59.7741940Z  /Users/runner/work/tcm-storage-ios/tcm-storage-ios/build/Build/Intermediates.noindex/Nextcloud.build/Debug-iphonesimulator/Nextcloud.build/Nextcloud-project-headers.hmap (headermap)
2026-04-22T16:44:59.7742450Z #include <...> search starts here:
2026-04-22T16:44:59.7745110Z  /Users/runner/work/tcm-storage-ios/tcm-storage-ios/build/Build/Intermediates.noindex/Nextcloud.build/Debug-iphonesimulator/Nextcloud.build/Nextcloud-own-target-headers.hmap (headermap)
2026-04-22T16:44:59.7746920Z  /Users/runner/work/tcm-storage-ios/tcm-storage-ios/build/Build/Intermediates.noindex/Nextcloud.build/Debug-iphonesimulator/Nextcloud.build/Nextcloud-all-non-framework-target-headers.hmap (headermap)
2026-04-22T16:44:59.7748180Z  /Users/runner/work/tcm-storage-ios/tcm-storage-ios/build/SourcePackages/checkouts/swift-nio-ssl/Sources/CNIOBoringSSLShims/include
2026-04-22T16:44:59.7749820Z  /Users/runner/work/tcm-storage-ios/tcm-storage-ios/build/SourcePackages/checkouts/swift-nio-ssl/Sources/CNIOBoringSSL/include
2026-04-22T16:44:59.7751090Z  /Users/runner/work/tcm-storage-ios/tcm-storage-ios/build/SourcePackages/checkouts/swift-atomics/Sources/_AtomicsShims/include
2026-04-22T16:44:59.7752100Z  /Users/runner/work/tcm-storage-ios/tcm-storage-ios/build/SourcePackages/checkouts/swift-nio/Sources/CNIOPosix/include
2026-04-22T16:44:59.7753610Z  /Users/runner/work/tcm-storage-ios/tcm-storage-ios/build/SourcePackages/checkouts/swift-nio/Sources/CNIOWASI/include
2026-04-22T16:44:59.7754860Z  /Users/runner/work/tcm-storage-ios/tcm-storage-ios/build/SourcePackages/checkouts/swift-nio/Sources/CNIOWindows/include
2026-04-22T16:44:59.7755990Z  /Users/runner/work/tcm-storage-ios/tcm-storage-ios/build/SourcePackages/checkouts/swift-nio/Sources/CNIOLinux/include
2026-04-22T16:44:59.7757170Z  /Users/runner/work/tcm-storage-ios/tcm-storage-ios/build/SourcePackages/checkouts/swift-nio/Sources/CNIODarwin/include
2026-04-22T16:44:59.7758230Z  /Users/runner/work/tcm-storage-ios/tcm-storage-ios/build/SourcePackages/checkouts/swift-nio/Sources/CNIOOpenBSD/include
2026-04-22T16:44:59.7759320Z  /Users/runner/work/tcm-storage-ios/tcm-storage-ios/build/SourcePackages/checkouts/swift-nio/Sources/CNIOAtomics/include
2026-04-22T16:44:59.7769960Z  /Users/runner/work/tcm-storage-ios/tcm-storage-ios/build/SourcePackages/checkouts/realm-core/src
2026-04-22T16:44:59.7780880Z  /Users/runner/work/tcm-storage-ios/tcm-storage-ios/build/SourcePackages/checkouts/realm-core/src/external/s2
2026-04-22T16:44:59.7799720Z  /Users/runner/work/tcm-storage-ios/tcm-storage-ios/build/SourcePackages/checkouts/realm-core/src/external/IntelRDFPMathLib20U2/LIBRARY/src
2026-04-22T16:44:59.7800660Z  /Users/runner/work/tcm-storage-ios/tcm-storage-ios/build/SourcePackages/checkouts/realm-core/src/spm
2026-04-22T16:44:59.7801510Z  /Users/runner/work/tcm-storage-ios/tcm-storage-ios/build/SourcePackages/checkouts/realm-swift/include
2026-04-22T16:44:59.7805250Z  /Users/runner/work/tcm-storage-ios/tcm-storage-ios/build/SourcePackages/checkouts/GoogleUtilities/GoogleUtilities/NSData+zlib/Public
2026-04-22T16:44:59.7809850Z  /Users/runner/work/tcm-storage-ios/tcm-storage-ios/build/SourcePackages/checkouts/GoogleUtilities/GoogleUtilities/Logger/Public
2026-04-22T16:44:59.7811150Z  /Users/runner/work/tcm-storage-ios/tcm-storage-ios/build/SourcePackages/checkouts/GoogleUtilities/GoogleUtilities/Environment/Public
2026-04-22T16:44:59.7812940Z  /Users/runner/work/tcm-storage-ios/tcm-storage-ios/build/SourcePackages/checkouts/GoogleUtilities/third_party/IsAppEncrypted/Public
2026-04-22T16:44:59.7816890Z  /Users/runner/work/tcm-storage-ios/tcm-storage-ios/build/SourcePackages/checkouts/GoogleUtilities/GoogleUtilities/UserDefaults/Public
2026-04-22T16:44:59.7817270Z  /Users/runner/work/tcm-storage-ios/tcm-storage-ios/build/SourcePackages/checkouts/nanopb/spm_headers
2026-04-22T16:44:59.7817970Z  /Users/runner/work/tcm-storage-ios/tcm-storage-ios/build/SourcePackages/checkouts/promises/Sources/FBLPromises/include
2026-04-22T16:44:59.7818470Z  /Users/runner/work/tcm-storage-ios/tcm-storage-ios/build/SourcePackages/checkouts/GoogleDataTransport/GoogleDataTransport/GDTCORLibrary/Public
2026-04-22T16:44:59.7818910Z  /Users/runner/work/tcm-storage-ios/tcm-storage-ios/build/SourcePackages/checkouts/firebase-ios-sdk/FirebaseSessions/SourcesObjC
2026-04-22T16:44:59.7819340Z  /Users/runner/work/tcm-storage-ios/tcm-storage-ios/build/SourcePackages/checkouts/firebase-ios-sdk/FirebaseCore/Extension
2026-04-22T16:44:59.7819840Z  /Users/runner/work/tcm-storage-ios/tcm-storage-ios/build/SourcePackages/checkouts/firebase-ios-sdk/FirebaseInstallations/Source/Library/Public
2026-04-22T16:44:59.7820280Z  /Users/runner/work/tcm-storage-ios/tcm-storage-ios/build/SourcePackages/checkouts/firebase-ios-sdk/FirebaseCore/Sources/Public
2026-04-22T16:44:59.7820670Z  /Users/runner/work/tcm-storage-ios/tcm-storage-ios/build/SourcePackages/checkouts/firebase-ios-sdk/CoreOnly/Sources
2026-04-22T16:44:59.7821190Z  /Users/runner/work/tcm-storage-ios/tcm-storage-ios/build/SourcePackages/checkouts/firebase-ios-sdk/Crashlytics/Crashlytics/Public
2026-04-22T16:44:59.7821600Z  /Users/runner/work/tcm-storage-ios/tcm-storage-ios/build/SourcePackages/checkouts/GzipSwift/Sources/system-zlib/include
2026-04-22T16:44:59.7822930Z  /Users/runner/work/tcm-storage-ios/tcm-storage-ios/build/Build/Intermediates.noindex/Nextcloud.build/Debug-iphonesimulator/Nextcloud.build/DerivedSources
2026-04-22T16:44:59.7825210Z  /Users/runner/work/tcm-storage-ios/tcm-storage-ios/build/Build/Products/Debug-iphonesimulator/PackageFrameworks (framework directory)
2026-04-22T16:44:59.7838420Z  /Users/runner/work/tcm-storage-ios/tcm-storage-ios/build/Build/Products/Debug-iphonesimulator (framework directory)
2026-04-22T16:44:59.7839320Z  /Applications/Xcode_26.2.app/Contents/Developer/Platforms/iPhoneSimulator.platform/Developer/Library/Frameworks (framework directory)
2026-04-22T16:44:59.7839930Z  /Applications/Xcode_26.2.app/Contents/Developer/Platforms/iPhoneSimulator.platform/Developer/SDKs/iPhoneSimulator26.2.sdk/Developer/Library/Frameworks (framework directory)
2026-04-22T16:44:59.7840320Z  /Applications/Xcode_26.2.app/Contents/Developer/Toolchains/XcodeDefault.xctoolchain/usr/lib/clang/17/include
2026-04-22T16:44:59.7840770Z  /Applications/Xcode_26.2.app/Contents/Developer/Platforms/iPhoneSimulator.platform/Developer/SDKs/iPhoneSimulator26.2.sdk/usr/include
2026-04-22T16:44:59.7841120Z  /Applications/Xcode_26.2.app/Contents/Developer/Toolchains/XcodeDefault.xctoolchain/usr/include
2026-04-22T16:44:59.7841670Z  /Applications/Xcode_26.2.app/Contents/Developer/Platforms/iPhoneSimulator.platform/Developer/SDKs/iPhoneSimulator26.2.sdk/System/Library/Frameworks (framework directory)
2026-04-22T16:44:59.7842220Z  /Applications/Xcode_26.2.app/Contents/Developer/Platforms/iPhoneSimulator.platform/Developer/SDKs/iPhoneSimulator26.2.sdk/System/Library/SubFrameworks (framework directory)
2026-04-22T16:44:59.7873580Z End of search list.
2026-04-22T16:44:59.7874150Z clang -cc1 version 17.0.0 (clang-1700.6.3.2) default target arm64-apple-darwin24.6.0
2026-04-22T16:44:59.7874870Z ignoring nonexistent directory "/Users/runner/work/tcm-storage-ios/tcm-storage-ios/build/Build/Products/Debug-iphonesimulator/include"
2026-04-22T16:44:59.7875800Z ignoring nonexistent directory "/Users/runner/work/tcm-storage-ios/tcm-storage-ios/build/Build/Intermediates.noindex/Nextcloud.build/Debug-iphonesimulator/Nextcloud.build/DerivedSources-normal/arm64"
2026-04-22T16:44:59.7889200Z ignoring nonexistent directory "/Users/runner/work/tcm-storage-ios/tcm-storage-ios/build/Build/Intermediates.noindex/Nextcloud.build/Debug-iphonesimulator/Nextcloud.build/DerivedSources/arm64"
2026-04-22T16:44:59.7913490Z ignoring nonexistent directory "/Applications/Xcode_26.2.app/Contents/Developer/Platforms/iPhoneSimulator.platform/Developer/SDKs/iPhoneSimulator26.2.sdk/usr/local/include"
2026-04-22T16:44:59.7929230Z ignoring nonexistent directory "/Applications/Xcode_26.2.app/Contents/Developer/Platforms/iPhoneSimulator.platform/Developer/SDKs/iPhoneSimulator26.2.sdk/Library/Frameworks"
2026-04-22T16:44:59.7930190Z ignoring duplicate directory "/Users/runner/work/tcm-storage-ios/tcm-storage-ios/build/Build/Products/Debug-iphonesimulator/PackageFrameworks"
2026-04-22T16:44:59.7930660Z ignoring duplicate directory "/Users/runner/work/tcm-storage-ios/tcm-storage-ios/build/Build/Products/Debug-iphonesimulator/PackageFrameworks"
2026-04-22T16:44:59.7932900Z ignoring duplicate directory "/Users/runner/work/tcm-storage-ios/tcm-storage-ios/build/Build/Products/Debug-iphonesimulator/PackageFrameworks"
2026-04-22T16:44:59.7933430Z ignoring duplicate directory "/Users/runner/work/tcm-storage-ios/tcm-storage-ios/build/Build/Products/Debug-iphonesimulator/PackageFrameworks"
2026-04-22T16:44:59.7938560Z ignoring duplicate directory "/Users/runner/work/tcm-storage-ios/tcm-storage-ios/build/Build/Products/Debug-iphonesimulator/PackageFrameworks"
2026-04-22T16:44:59.7939150Z ignoring duplicate directory "/Users/runner/work/tcm-storage-ios/tcm-storage-ios/build/Build/Products/Debug-iphonesimulator/PackageFrameworks"
2026-04-22T16:44:59.7942690Z ignoring duplicate directory "/Users/runner/work/tcm-storage-ios/tcm-storage-ios/build/Build/Products/Debug-iphonesimulator/PackageFrameworks"
2026-04-22T16:44:59.7964510Z ignoring duplicate directory "/Users/runner/work/tcm-storage-ios/tcm-storage-ios/build/Build/Products/Debug-iphonesimulator/PackageFrameworks"
2026-04-22T16:44:59.7966110Z ignoring duplicate directory "/Users/runner/work/tcm-storage-ios/tcm-storage-ios/build/Build/Products/Debug-iphonesimulator/PackageFrameworks"
2026-04-22T16:44:59.7967610Z ignoring duplicate directory "/Users/runner/work/tcm-storage-ios/tcm-storage-ios/build/Build/Products/Debug-iphonesimulator/PackageFrameworks"
2026-04-22T16:44:59.7979990Z ignoring duplicate directory "/Users/runner/work/tcm-storage-ios/tcm-storage-ios/build/Build/Products/Debug-iphonesimulator/PackageFrameworks"
2026-04-22T16:44:59.7983820Z ignoring duplicate directory "/Users/runner/work/tcm-storage-ios/tcm-storage-ios/build/Build/Products/Debug-iphonesimulator/PackageFrameworks"
2026-04-22T16:44:59.8093690Z ignoring duplicate directory "/Users/runner/work/tcm-storage-ios/tcm-storage-ios/build/Build/Products/Debug-iphonesimulator/PackageFrameworks"
2026-04-22T16:44:59.8094870Z ignoring duplicate directory "/Users/runner/work/tcm-storage-ios/tcm-storage-ios/build/Build/Products/Debug-iphonesimulator/PackageFrameworks"
2026-04-22T16:44:59.8095880Z ignoring duplicate directory "/Users/runner/work/tcm-storage-ios/tcm-storage-ios/build/Build/Products/Debug-iphonesimulator/PackageFrameworks"
2026-04-22T16:44:59.8096880Z ignoring duplicate directory "/Users/runner/work/tcm-storage-ios/tcm-storage-ios/build/Build/Products/Debug-iphonesimulator/PackageFrameworks"
2026-04-22T16:44:59.8097820Z ignoring duplicate directory "/Users/runner/work/tcm-storage-ios/tcm-storage-ios/build/Build/Products/Debug-iphonesimulator/PackageFrameworks"
2026-04-22T16:44:59.8098720Z ignoring duplicate directory "/Users/runner/work/tcm-storage-ios/tcm-storage-ios/build/Build/Products/Debug-iphonesimulator/PackageFrameworks"
2026-04-22T16:44:59.8099610Z ignoring duplicate directory "/Users/runner/work/tcm-storage-ios/tcm-storage-ios/build/Build/Products/Debug-iphonesimulator/PackageFrameworks"
2026-04-22T16:44:59.8100490Z ignoring duplicate directory "/Users/runner/work/tcm-storage-ios/tcm-storage-ios/build/Build/Products/Debug-iphonesimulator/PackageFrameworks"
2026-04-22T16:44:59.8101470Z ignoring duplicate directory "/Users/runner/work/tcm-storage-ios/tcm-storage-ios/build/Build/Products/Debug-iphonesimulator/PackageFrameworks"
2026-04-22T16:44:59.8102390Z ignoring duplicate directory "/Users/runner/work/tcm-storage-ios/tcm-storage-ios/build/Build/Products/Debug-iphonesimulator/PackageFrameworks"
2026-04-22T16:44:59.8103280Z ignoring duplicate directory "/Users/runner/work/tcm-storage-ios/tcm-storage-ios/build/Build/Products/Debug-iphonesimulator/PackageFrameworks"
2026-04-22T16:44:59.8155900Z ignoring duplicate directory "/Users/runner/work/tcm-storage-ios/tcm-storage-ios/build/Build/Products/Debug-iphonesimulator/PackageFrameworks"
2026-04-22T16:44:59.8211680Z ignoring duplicate directory "/Users/runner/work/tcm-storage-ios/tcm-storage-ios/build/Build/Products/Debug-iphonesimulator/PackageFrameworks"
2026-04-22T16:44:59.8384810Z ignoring duplicate directory "/Users/runner/work/tcm-storage-ios/tcm-storage-ios/build/Build/Products/Debug-iphonesimulator/PackageFrameworks"
2026-04-22T16:44:59.8418680Z ignoring duplicate directory "/Users/runner/work/tcm-storage-ios/tcm-storage-ios/build/Build/Products/Debug-iphonesimulator/PackageFrameworks"
2026-04-22T16:44:59.8426760Z ignoring duplicate directory "/Users/runner/work/tcm-storage-ios/tcm-storage-ios/build/Build/Products/Debug-iphonesimulator/PackageFrameworks"
2026-04-22T16:44:59.8527900Z ignoring duplicate directory "/Users/runner/work/tcm-storage-ios/tcm-storage-ios/build/Build/Products/Debug-iphonesimulator/PackageFrameworks"
2026-04-22T16:44:59.8628410Z ignoring duplicate directory "/Users/runner/work/tcm-storage-ios/tcm-storage-ios/build/Build/Products/Debug-iphonesimulator/PackageFrameworks"
2026-04-22T16:44:59.8681080Z ignoring duplicate directory "/Users/runner/work/tcm-storage-ios/tcm-storage-ios/build/Build/Products/Debug-iphonesimulator/PackageFrameworks"
2026-04-22T16:44:59.8682190Z ignoring duplicate directory "/Users/runner/work/tcm-storage-ios/tcm-storage-ios/build/Build/Products/Debug-iphonesimulator/PackageFrameworks"
2026-04-22T16:44:59.8683710Z ignoring duplicate directory "/Users/runner/work/tcm-storage-ios/tcm-storage-ios/build/Build/Products/Debug-iphonesimulator/PackageFrameworks"
2026-04-22T16:44:59.8684820Z ignoring duplicate directory "/Users/runner/work/tcm-storage-ios/tcm-storage-ios/build/Build/Products/Debug-iphonesimulator/PackageFrameworks"
2026-04-22T16:44:59.8685780Z ignoring duplicate directory "/Users/runner/work/tcm-storage-ios/tcm-storage-ios/build/Build/Products/Debug-iphonesimulator/PackageFrameworks"
2026-04-22T16:44:59.8686700Z ignoring duplicate directory "/Users/runner/work/tcm-storage-ios/tcm-storage-ios/build/Build/Products/Debug-iphonesimulator/PackageFrameworks"
2026-04-22T16:44:59.8687580Z ignoring duplicate directory "/Users/runner/work/tcm-storage-ios/tcm-storage-ios/build/Build/Products/Debug-iphonesimulator/PackageFrameworks"
2026-04-22T16:44:59.8688490Z ignoring duplicate directory "/Users/runner/work/tcm-storage-ios/tcm-storage-ios/build/Build/Products/Debug-iphonesimulator/PackageFrameworks"
2026-04-22T16:44:59.8689690Z ignoring duplicate directory "/Users/runner/work/tcm-storage-ios/tcm-storage-ios/build/Build/Products/Debug-iphonesimulator/PackageFrameworks"
2026-04-22T16:44:59.8690620Z ignoring duplicate directory "/Users/runner/work/tcm-storage-ios/tcm-storage-ios/build/Build/Products/Debug-iphonesimulator/PackageFrameworks"
2026-04-22T16:44:59.8691480Z ignoring duplicate directory "/Users/runner/work/tcm-storage-ios/tcm-storage-ios/build/Build/Products/Debug-iphonesimulator/PackageFrameworks"
2026-04-22T16:44:59.8693030Z ignoring duplicate directory "/Users/runner/work/tcm-storage-ios/tcm-storage-ios/build/Build/Products/Debug-iphonesimulator/PackageFrameworks"
2026-04-22T16:44:59.8693900Z ignoring duplicate directory "/Users/runner/work/tcm-storage-ios/tcm-storage-ios/build/Build/Products/Debug-iphonesimulator/PackageFrameworks"
2026-04-22T16:44:59.8694780Z ignoring duplicate directory "/Users/runner/work/tcm-storage-ios/tcm-storage-ios/build/Build/Products/Debug-iphonesimulator/PackageFrameworks"
2026-04-22T16:44:59.8695700Z ignoring duplicate directory "/Users/runner/work/tcm-storage-ios/tcm-storage-ios/build/Build/Products/Debug-iphonesimulator/PackageFrameworks"
2026-04-22T16:44:59.8696600Z ignoring duplicate directory "/Users/runner/work/tcm-storage-ios/tcm-storage-ios/build/Build/Products/Debug-iphonesimulator/PackageFrameworks"
2026-04-22T16:44:59.8697480Z ignoring duplicate directory "/Users/runner/work/tcm-storage-ios/tcm-storage-ios/build/Build/Products/Debug-iphonesimulator/PackageFrameworks"
2026-04-22T16:44:59.8698600Z ignoring duplicate directory "/Users/runner/work/tcm-storage-ios/tcm-storage-ios/build/Build/Products/Debug-iphonesimulator/PackageFrameworks"
2026-04-22T16:44:59.8699460Z ignoring duplicate directory "/Users/runner/work/tcm-storage-ios/tcm-storage-ios/build/Build/Products/Debug-iphonesimulator/PackageFrameworks"
2026-04-22T16:44:59.8700320Z ignoring duplicate directory "/Users/runner/work/tcm-storage-ios/tcm-storage-ios/build/Build/Products/Debug-iphonesimulator/PackageFrameworks"
2026-04-22T16:44:59.8701200Z ignoring duplicate directory "/Users/runner/work/tcm-storage-ios/tcm-storage-ios/build/Build/Products/Debug-iphonesimulator/PackageFrameworks"
2026-04-22T16:44:59.8702050Z ignoring duplicate directory "/Users/runner/work/tcm-storage-ios/tcm-storage-ios/build/Build/Products/Debug-iphonesimulator/PackageFrameworks"
2026-04-22T16:44:59.8702920Z ignoring duplicate directory "/Users/runner/work/tcm-storage-ios/tcm-storage-ios/build/Build/Products/Debug-iphonesimulator/PackageFrameworks"
2026-04-22T16:44:59.8703860Z ignoring duplicate directory "/Users/runner/work/tcm-storage-ios/tcm-storage-ios/build/Build/Products/Debug-iphonesimulator/PackageFrameworks"
2026-04-22T16:44:59.8704770Z ignoring duplicate directory "/Users/runner/work/tcm-storage-ios/tcm-storage-ios/build/Build/Products/Debug-iphonesimulator/PackageFrameworks"
2026-04-22T16:44:59.8705680Z ignoring duplicate directory "/Users/runner/work/tcm-storage-ios/tcm-storage-ios/build/Build/Products/Debug-iphonesimulator/PackageFrameworks"
2026-04-22T16:44:59.8706790Z ignoring duplicate directory "/Users/runner/work/tcm-storage-ios/tcm-storage-ios/build/Build/Products/Debug-iphonesimulator/PackageFrameworks"
2026-04-22T16:44:59.8707790Z ignoring duplicate directory "/Users/runner/work/tcm-storage-ios/tcm-storage-ios/build/Build/Products/Debug-iphonesimulator/PackageFrameworks"
2026-04-22T16:44:59.8708760Z ignoring duplicate directory "/Users/runner/work/tcm-storage-ios/tcm-storage-ios/build/Build/Products/Debug-iphonesimulator/PackageFrameworks"
2026-04-22T16:44:59.8709630Z ignoring duplicate directory "/Users/runner/work/tcm-storage-ios/tcm-storage-ios/build/Build/Products/Debug-iphonesimulator/PackageFrameworks"
2026-04-22T16:44:59.8710490Z ignoring duplicate directory "/Users/runner/work/tcm-storage-ios/tcm-storage-ios/build/Build/Products/Debug-iphonesimulator/PackageFrameworks"
2026-04-22T16:44:59.8711350Z ignoring duplicate directory "/Users/runner/work/tcm-storage-ios/tcm-storage-ios/build/Build/Products/Debug-iphonesimulator/PackageFrameworks"
2026-04-22T16:44:59.8712230Z ignoring duplicate directory "/Users/runner/work/tcm-storage-ios/tcm-storage-ios/build/Build/Products/Debug-iphonesimulator/PackageFrameworks"
2026-04-22T16:44:59.8713130Z ignoring duplicate directory "/Users/runner/work/tcm-storage-ios/tcm-storage-ios/build/Build/Products/Debug-iphonesimulator/PackageFrameworks"
2026-04-22T16:44:59.8714000Z ignoring duplicate directory "/Users/runner/work/tcm-storage-ios/tcm-storage-ios/build/Build/Products/Debug-iphonesimulator/PackageFrameworks"
2026-04-22T16:44:59.8714860Z ignoring duplicate directory "/Users/runner/work/tcm-storage-ios/tcm-storage-ios/build/Build/Products/Debug-iphonesimulator/PackageFrameworks"
2026-04-22T16:44:59.8715720Z ignoring duplicate directory "/Users/runner/work/tcm-storage-ios/tcm-storage-ios/build/Build/Products/Debug-iphonesimulator/PackageFrameworks"
2026-04-22T16:44:59.8716580Z ignoring duplicate directory "/Users/runner/work/tcm-storage-ios/tcm-storage-ios/build/Build/Products/Debug-iphonesimulator/PackageFrameworks"
2026-04-22T16:44:59.8718800Z ignoring duplicate directory "/Users/runner/work/tcm-storage-ios/tcm-storage-ios/build/Build/Products/Debug-iphonesimulator/PackageFrameworks"
2026-04-22T16:44:59.8749150Z ignoring duplicate directory "/Users/runner/work/tcm-storage-ios/tcm-storage-ios/build/Build/Products/Debug-iphonesimulator/PackageFrameworks"
2026-04-22T16:44:59.8750580Z ignoring duplicate directory "/Users/runner/work/tcm-storage-ios/tcm-storage-ios/build/Build/Products/Debug-iphonesimulator/PackageFrameworks"
2026-04-22T16:44:59.8751500Z ignoring duplicate directory "/Users/runner/work/tcm-storage-ios/tcm-storage-ios/build/Build/Products/Debug-iphonesimulator/PackageFrameworks"
2026-04-22T16:44:59.8752370Z ignoring duplicate directory "/Users/runner/work/tcm-storage-ios/tcm-storage-ios/build/Build/Products/Debug-iphonesimulator/PackageFrameworks"
2026-04-22T16:44:59.8755290Z ignoring duplicate directory "/Users/runner/work/tcm-storage-ios/tcm-storage-ios/build/Build/Products/Debug-iphonesimulator/PackageFrameworks"
2026-04-22T16:44:59.8756190Z ignoring duplicate directory "/Users/runner/work/tcm-storage-ios/tcm-storage-ios/build/Build/Products/Debug-iphonesimulator/PackageFrameworks"
2026-04-22T16:44:59.8757040Z ignoring duplicate directory "/Users/runner/work/tcm-storage-ios/tcm-storage-ios/build/Build/Products/Debug-iphonesimulator/PackageFrameworks"
2026-04-22T16:44:59.8777170Z #include "..." search starts here:
2026-04-22T16:44:59.8778860Z  /Users/runner/work/tcm-storage-ios/tcm-storage-ios/build/Build/Intermediates.noindex/Nextcloud.build/Debug-iphonesimulator/Nextcloud.build/Nextcloud-generated-files.hmap (headermap)
2026-04-22T16:44:59.8780770Z  /Users/runner/work/tcm-storage-ios/tcm-storage-ios/build/Build/Intermediates.noindex/Nextcloud.build/Debug-iphonesimulator/Nextcloud.build/Nextcloud-project-headers.hmap (headermap)
2026-04-22T16:44:59.8781560Z #include <...> search starts here:
2026-04-22T16:44:59.8782320Z  /Users/runner/work/tcm-storage-ios/tcm-storage-ios/build/Build/Intermediates.noindex/Nextcloud.build/Debug-iphonesimulator/Nextcloud.build/Nextcloud-own-target-headers.hmap (headermap)
2026-04-22T16:44:59.8784410Z  /Users/runner/work/tcm-storage-ios/tcm-storage-ios/build/Build/Intermediates.noindex/Nextcloud.build/Debug-iphonesimulator/Nextcloud.build/Nextcloud-all-non-framework-target-headers.hmap (headermap)
2026-04-22T16:44:59.8785480Z  /Users/runner/work/tcm-storage-ios/tcm-storage-ios/build/SourcePackages/checkouts/swift-nio-ssl/Sources/CNIOBoringSSLShims/include
2026-04-22T16:44:59.8786290Z  /Users/runner/work/tcm-storage-ios/tcm-storage-ios/build/SourcePackages/checkouts/swift-nio-ssl/Sources/CNIOBoringSSL/include
2026-04-22T16:44:59.8787060Z  /Users/runner/work/tcm-storage-ios/tcm-storage-ios/build/SourcePackages/checkouts/swift-atomics/Sources/_AtomicsShims/include
2026-04-22T16:44:59.8788290Z  /Users/runner/work/tcm-storage-ios/tcm-storage-ios/build/SourcePackages/checkouts/swift-nio/Sources/CNIOPosix/include
2026-04-22T16:44:59.8812510Z  /Users/runner/work/tcm-storage-ios/tcm-storage-ios/build/SourcePackages/checkouts/swift-nio/Sources/CNIOWASI/include
2026-04-22T16:44:59.8813340Z  /Users/runner/work/tcm-storage-ios/tcm-storage-ios/build/SourcePackages/checkouts/swift-nio/Sources/CNIOWindows/include
2026-04-22T16:44:59.8814090Z  /Users/runner/work/tcm-storage-ios/tcm-storage-ios/build/SourcePackages/checkouts/swift-nio/Sources/CNIOLinux/include
2026-04-22T16:44:59.8814880Z  /Users/runner/work/tcm-storage-ios/tcm-storage-ios/build/SourcePackages/checkouts/swift-nio/Sources/CNIODarwin/include
2026-04-22T16:44:59.8815620Z  /Users/runner/work/tcm-storage-ios/tcm-storage-ios/build/SourcePackages/checkouts/swift-nio/Sources/CNIOOpenBSD/include
2026-04-22T16:44:59.8817690Z  /Users/runner/work/tcm-storage-ios/tcm-storage-ios/build/SourcePackages/checkouts/swift-nio/Sources/CNIOAtomics/include
2026-04-22T16:44:59.8818670Z  /Users/runner/work/tcm-storage-ios/tcm-storage-ios/build/SourcePackages/checkouts/realm-core/src
2026-04-22T16:44:59.8821970Z  /Users/runner/work/tcm-storage-ios/tcm-storage-ios/build/SourcePackages/checkouts/realm-core/src/external/s2
2026-04-22T16:44:59.8839480Z  /Users/runner/work/tcm-storage-ios/tcm-storage-ios/build/SourcePackages/checkouts/realm-core/src/external/IntelRDFPMathLib20U2/LIBRARY/src
2026-04-22T16:44:59.8853010Z  /Users/runner/work/tcm-storage-ios/tcm-storage-ios/build/SourcePackages/checkouts/realm-core/src/spm
2026-04-22T16:44:59.8854530Z  /Users/runner/work/tcm-storage-ios/tcm-storage-ios/build/SourcePackages/checkouts/realm-swift/include
2026-04-22T16:44:59.8855680Z  /Users/runner/work/tcm-storage-ios/tcm-storage-ios/build/SourcePackages/checkouts/GoogleUtilities/GoogleUtilities/NSData+zlib/Public
2026-04-22T16:44:59.8857110Z  /Users/runner/work/tcm-storage-ios/tcm-storage-ios/build/SourcePackages/checkouts/GoogleUtilities/GoogleUtilities/Logger/Public
2026-04-22T16:44:59.8877200Z  /Users/runner/work/tcm-storage-ios/tcm-storage-ios/build/SourcePackages/checkouts/GoogleUtilities/GoogleUtilities/Environment/Public
2026-04-22T16:44:59.8878430Z  /Users/runner/work/tcm-storage-ios/tcm-storage-ios/build/SourcePackages/checkouts/GoogleUtilities/third_party/IsAppEncrypted/Public
2026-04-22T16:44:59.8969780Z  /Users/runner/work/tcm-storage-ios/tcm-storage-ios/build/SourcePackages/checkouts/GoogleUtilities/GoogleUtilities/UserDefaults/Public
2026-04-22T16:44:59.8971010Z  /Users/runner/work/tcm-storage-ios/tcm-storage-ios/build/SourcePackages/checkouts/nanopb/spm_headers
2026-04-22T16:44:59.8971780Z  /Users/runner/work/tcm-storage-ios/tcm-storage-ios/build/SourcePackages/checkouts/promises/Sources/FBLPromises/include
2026-04-22T16:44:59.8973100Z  /Users/runner/work/tcm-storage-ios/tcm-storage-ios/build/SourcePackages/checkouts/GoogleDataTransport/GoogleDataTransport/GDTCORLibrary/Public
2026-04-22T16:44:59.8974060Z  /Users/runner/work/tcm-storage-ios/tcm-storage-ios/build/SourcePackages/checkouts/firebase-ios-sdk/FirebaseSessions/SourcesObjC
2026-04-22T16:44:59.8974980Z  /Users/runner/work/tcm-storage-ios/tcm-storage-ios/build/SourcePackages/checkouts/firebase-ios-sdk/FirebaseCore/Extension
2026-04-22T16:44:59.8976560Z  /Users/runner/work/tcm-storage-ios/tcm-storage-ios/build/SourcePackages/checkouts/firebase-ios-sdk/FirebaseInstallations/Source/Library/Public
2026-04-22T16:44:59.8977560Z  /Users/runner/work/tcm-storage-ios/tcm-storage-ios/build/SourcePackages/checkouts/firebase-ios-sdk/FirebaseCore/Sources/Public
2026-04-22T16:44:59.8991650Z  /Users/runner/work/tcm-storage-ios/tcm-storage-ios/build/SourcePackages/checkouts/firebase-ios-sdk/CoreOnly/Sources
2026-04-22T16:44:59.8992460Z  /Users/runner/work/tcm-storage-ios/tcm-storage-ios/build/SourcePackages/checkouts/firebase-ios-sdk/Crashlytics/Crashlytics/Public
2026-04-22T16:44:59.8993240Z  /Users/runner/work/tcm-storage-ios/tcm-storage-ios/build/SourcePackages/checkouts/GzipSwift/Sources/system-zlib/include
2026-04-22T16:44:59.8994170Z  /Users/runner/work/tcm-storage-ios/tcm-storage-ios/build/Build/Intermediates.noindex/Nextcloud.build/Debug-iphonesimulator/Nextcloud.build/DerivedSources
2026-04-22T16:44:59.8995130Z  /Users/runner/work/tcm-storage-ios/tcm-storage-ios/build/Build/Products/Debug-iphonesimulator/PackageFrameworks (framework directory)
2026-04-22T16:44:59.8995930Z  /Users/runner/work/tcm-storage-ios/tcm-storage-ios/build/Build/Products/Debug-iphonesimulator (framework directory)
2026-04-22T16:44:59.8996740Z  /Applications/Xcode_26.2.app/Contents/Developer/Platforms/iPhoneSimulator.platform/Developer/Library/Frameworks (framework directory)
2026-04-22T16:44:59.8997740Z  /Applications/Xcode_26.2.app/Contents/Developer/Platforms/iPhoneSimulator.platform/Developer/SDKs/iPhoneSimulator26.2.sdk/Developer/Library/Frameworks (framework directory)
2026-04-22T16:44:59.8998680Z  /Applications/Xcode_26.2.app/Contents/Developer/Toolchains/XcodeDefault.xctoolchain/usr/lib/clang/17/include
2026-04-22T16:44:59.8999450Z  /Applications/Xcode_26.2.app/Contents/Developer/Platforms/iPhoneSimulator.platform/Developer/SDKs/iPhoneSimulator26.2.sdk/usr/include
2026-04-22T16:44:59.9000180Z  /Applications/Xcode_26.2.app/Contents/Developer/Toolchains/XcodeDefault.xctoolchain/usr/include
2026-04-22T16:44:59.9001420Z  /Applications/Xcode_26.2.app/Contents/Developer/Platforms/iPhoneSimulator.platform/Developer/SDKs/iPhoneSimulator26.2.sdk/System/Library/Frameworks (framework directory)
2026-04-22T16:44:59.9002530Z  /Applications/Xcode_26.2.app/Contents/Developer/Platforms/iPhoneSimulator.platform/Developer/SDKs/iPhoneSimulator26.2.sdk/System/Library/SubFrameworks (framework directory)
2026-04-22T16:44:59.9003770Z End of search list.
2026-04-22T16:44:59.9004160Z clang -cc1 version 17.0.0 (clang-1700.6.3.2) default target arm64-apple-darwin24.6.0
2026-04-22T16:44:59.9004860Z ignoring nonexistent directory "/Users/runner/work/tcm-storage-ios/tcm-storage-ios/build/Build/Products/Debug-iphonesimulator/include"
2026-04-22T16:44:59.9005930Z ignoring nonexistent directory "/Users/runner/work/tcm-storage-ios/tcm-storage-ios/build/Build/Intermediates.noindex/Nextcloud.build/Debug-iphonesimulator/Nextcloud.build/DerivedSources-normal/arm64"
2026-04-22T16:44:59.9007130Z ignoring nonexistent directory "/Users/runner/work/tcm-storage-ios/tcm-storage-ios/build/Build/Intermediates.noindex/Nextcloud.build/Debug-iphonesimulator/Nextcloud.build/DerivedSources/arm64"
2026-04-22T16:44:59.9008230Z ignoring nonexistent directory "/Applications/Xcode_26.2.app/Contents/Developer/Platforms/iPhoneSimulator.platform/Developer/SDKs/iPhoneSimulator26.2.sdk/usr/local/include"
2026-04-22T16:44:59.9009270Z ignoring nonexistent directory "/Applications/Xcode_26.2.app/Contents/Developer/Platforms/iPhoneSimulator.platform/Developer/SDKs/iPhoneSimulator26.2.sdk/Library/Frameworks"
2026-04-22T16:44:59.9010380Z ignoring duplicate directory "/Users/runner/work/tcm-storage-ios/tcm-storage-ios/build/Build/Products/Debug-iphonesimulator/PackageFrameworks"
2026-04-22T16:44:59.9011290Z ignoring duplicate directory "/Users/runner/work/tcm-storage-ios/tcm-storage-ios/build/Build/Products/Debug-iphonesimulator/PackageFrameworks"
2026-04-22T16:44:59.9012420Z ignoring duplicate directory "/Users/runner/work/tcm-storage-ios/tcm-storage-ios/build/Build/Products/Debug-iphonesimulator/PackageFrameworks"
2026-04-22T16:44:59.9014140Z ignoring duplicate directory "/Users/runner/work/tcm-storage-ios/tcm-storage-ios/build/Build/Products/Debug-iphonesimulator/PackageFrameworks"
2026-04-22T16:44:59.9015060Z ignoring duplicate directory "/Users/runner/work/tcm-storage-ios/tcm-storage-ios/build/Build/Products/Debug-iphonesimulator/PackageFrameworks"
2026-04-22T16:44:59.9015920Z ignoring duplicate directory "/Users/runner/work/tcm-storage-ios/tcm-storage-ios/build/Build/Products/Debug-iphonesimulator/PackageFrameworks"
2026-04-22T16:44:59.9016790Z ignoring duplicate directory "/Users/runner/work/tcm-storage-ios/tcm-storage-ios/build/Build/Products/Debug-iphonesimulator/PackageFrameworks"
2026-04-22T16:44:59.9017660Z ignoring duplicate directory "/Users/runner/work/tcm-storage-ios/tcm-storage-ios/build/Build/Products/Debug-iphonesimulator/PackageFrameworks"
2026-04-22T16:44:59.9018530Z ignoring duplicate directory "/Users/runner/work/tcm-storage-ios/tcm-storage-ios/build/Build/Products/Debug-iphonesimulator/PackageFrameworks"
2026-04-22T16:44:59.9019400Z ignoring duplicate directory "/Users/runner/work/tcm-storage-ios/tcm-storage-ios/build/Build/Products/Debug-iphonesimulator/PackageFrameworks"
2026-04-22T16:44:59.9020260Z ignoring duplicate directory "/Users/runner/work/tcm-storage-ios/tcm-storage-ios/build/Build/Products/Debug-iphonesimulator/PackageFrameworks"
2026-04-22T16:44:59.9021130Z ignoring duplicate directory "/Users/runner/work/tcm-storage-ios/tcm-storage-ios/build/Build/Products/Debug-iphonesimulator/PackageFrameworks"
2026-04-22T16:44:59.9022010Z ignoring duplicate directory "/Users/runner/work/tcm-storage-ios/tcm-storage-ios/build/Build/Products/Debug-iphonesimulator/PackageFrameworks"
2026-04-22T16:44:59.9022940Z ignoring duplicate directory "/Users/runner/work/tcm-storage-ios/tcm-storage-ios/build/Build/Products/Debug-iphonesimulator/PackageFrameworks"
2026-04-22T16:44:59.9023940Z ignoring duplicate directory "/Users/runner/work/tcm-storage-ios/tcm-storage-ios/build/Build/Products/Debug-iphonesimulator/PackageFrameworks"
2026-04-22T16:44:59.9024830Z ignoring duplicate directory "/Users/runner/work/tcm-storage-ios/tcm-storage-ios/build/Build/Products/Debug-iphonesimulator/PackageFrameworks"
2026-04-22T16:44:59.9025740Z ignoring duplicate directory "/Users/runner/work/tcm-storage-ios/tcm-storage-ios/build/Build/Products/Debug-iphonesimulator/PackageFrameworks"
2026-04-22T16:44:59.9026800Z ignoring duplicate directory "/Users/runner/work/tcm-storage-ios/tcm-storage-ios/build/Build/Products/Debug-iphonesimulator/PackageFrameworks"
2026-04-22T16:44:59.9027670Z ignoring duplicate directory "/Users/runner/work/tcm-storage-ios/tcm-storage-ios/build/Build/Products/Debug-iphonesimulator/PackageFrameworks"
2026-04-22T16:44:59.9028660Z ignoring duplicate directory "/Users/runner/work/tcm-storage-ios/tcm-storage-ios/build/Build/Products/Debug-iphonesimulator/PackageFrameworks"
2026-04-22T16:44:59.9029520Z ignoring duplicate directory "/Users/runner/work/tcm-storage-ios/tcm-storage-ios/build/Build/Products/Debug-iphonesimulator/PackageFrameworks"
2026-04-22T16:44:59.9030510Z ignoring duplicate directory "/Users/runner/work/tcm-storage-ios/tcm-storage-ios/build/Build/Products/Debug-iphonesimulator/PackageFrameworks"
2026-04-22T16:44:59.9031360Z ignoring duplicate directory "/Users/runner/work/tcm-storage-ios/tcm-storage-ios/build/Build/Products/Debug-iphonesimulator/PackageFrameworks"
2026-04-22T16:44:59.9032410Z ignoring duplicate directory "/Users/runner/work/tcm-storage-ios/tcm-storage-ios/build/Build/Products/Debug-iphonesimulator/PackageFrameworks"
2026-04-22T16:44:59.9033370Z ignoring duplicate directory "/Users/runner/work/tcm-storage-ios/tcm-storage-ios/build/Build/Products/Debug-iphonesimulator/PackageFrameworks"
2026-04-22T16:44:59.9034280Z ignoring duplicate directory "/Users/runner/work/tcm-storage-ios/tcm-storage-ios/build/Build/Products/Debug-iphonesimulator/PackageFrameworks"
2026-04-22T16:44:59.9035480Z ignoring duplicate directory "/Users/runner/work/tcm-storage-ios/tcm-storage-ios/build/Build/Products/Debug-iphonesimulator/PackageFrameworks"
2026-04-22T16:44:59.9037060Z ignoring duplicate directory "/Users/runner/work/tcm-storage-ios/tcm-storage-ios/build/Build/Products/Debug-iphonesimulator/PackageFrameworks"
2026-04-22T16:44:59.9038010Z ignoring duplicate directory "/Users/runner/work/tcm-storage-ios/tcm-storage-ios/build/Build/Products/Debug-iphonesimulator/PackageFrameworks"
2026-04-22T16:44:59.9038880Z ignoring duplicate directory "/Users/runner/work/tcm-storage-ios/tcm-storage-ios/build/Build/Products/Debug-iphonesimulator/PackageFrameworks"
2026-04-22T16:44:59.9039740Z ignoring duplicate directory "/Users/runner/work/tcm-storage-ios/tcm-storage-ios/build/Build/Products/Debug-iphonesimulator/PackageFrameworks"
2026-04-22T16:44:59.9124440Z ignoring duplicate directory "/Users/runner/work/tcm-storage-ios/tcm-storage-ios/build/Build/Products/Debug-iphonesimulator/PackageFrameworks"
2026-04-22T16:44:59.9125560Z ignoring duplicate directory "/Users/runner/work/tcm-storage-ios/tcm-storage-ios/build/Build/Products/Debug-iphonesimulator/PackageFrameworks"
2026-04-22T16:44:59.9126500Z ignoring duplicate directory "/Users/runner/work/tcm-storage-ios/tcm-storage-ios/build/Build/Products/Debug-iphonesimulator/PackageFrameworks"
2026-04-22T16:44:59.9127380Z ignoring duplicate directory "/Users/runner/work/tcm-storage-ios/tcm-storage-ios/build/Build/Products/Debug-iphonesimulator/PackageFrameworks"
2026-04-22T16:44:59.9128250Z ignoring duplicate directory "/Users/runner/work/tcm-storage-ios/tcm-storage-ios/build/Build/Products/Debug-iphonesimulator/PackageFrameworks"
2026-04-22T16:44:59.9129110Z ignoring duplicate directory "/Users/runner/work/tcm-storage-ios/tcm-storage-ios/build/Build/Products/Debug-iphonesimulator/PackageFrameworks"
2026-04-22T16:44:59.9129970Z ignoring duplicate directory "/Users/runner/work/tcm-storage-ios/tcm-storage-ios/build/Build/Products/Debug-iphonesimulator/PackageFrameworks"
2026-04-22T16:44:59.9130830Z ignoring duplicate directory "/Users/runner/work/tcm-storage-ios/tcm-storage-ios/build/Build/Products/Debug-iphonesimulator/PackageFrameworks"
2026-04-22T16:44:59.9131690Z ignoring duplicate directory "/Users/runner/work/tcm-storage-ios/tcm-storage-ios/build/Build/Products/Debug-iphonesimulator/PackageFrameworks"
2026-04-22T16:44:59.9132580Z ignoring duplicate directory "/Users/runner/work/tcm-storage-ios/tcm-storage-ios/build/Build/Products/Debug-iphonesimulator/PackageFrameworks"
2026-04-22T16:44:59.9133920Z ignoring duplicate directory "/Users/runner/work/tcm-storage-ios/tcm-storage-ios/build/Build/Products/Debug-iphonesimulator/PackageFrameworks"
2026-04-22T16:44:59.9134770Z ignoring duplicate directory "/Users/runner/work/tcm-storage-ios/tcm-storage-ios/build/Build/Products/Debug-iphonesimulator/PackageFrameworks"
2026-04-22T16:44:59.9136010Z ignoring duplicate directory "/Users/runner/work/tcm-storage-ios/tcm-storage-ios/build/Build/Products/Debug-iphonesimulator/PackageFrameworks"
2026-04-22T16:44:59.9136920Z ignoring duplicate directory "/Users/runner/work/tcm-storage-ios/tcm-storage-ios/build/Build/Products/Debug-iphonesimulator/PackageFrameworks"
2026-04-22T16:44:59.9137800Z ignoring duplicate directory "/Users/runner/work/tcm-storage-ios/tcm-storage-ios/build/Build/Products/Debug-iphonesimulator/PackageFrameworks"
2026-04-22T16:44:59.9138650Z ignoring duplicate directory "/Users/runner/work/tcm-storage-ios/tcm-storage-ios/build/Build/Products/Debug-iphonesimulator/PackageFrameworks"
2026-04-22T16:44:59.9139650Z ignoring duplicate directory "/Users/runner/work/tcm-storage-ios/tcm-storage-ios/build/Build/Products/Debug-iphonesimulator/PackageFrameworks"
2026-04-22T16:44:59.9140520Z ignoring duplicate directory "/Users/runner/work/tcm-storage-ios/tcm-storage-ios/build/Build/Products/Debug-iphonesimulator/PackageFrameworks"
2026-04-22T16:44:59.9141370Z ignoring duplicate directory "/Users/runner/work/tcm-storage-ios/tcm-storage-ios/build/Build/Products/Debug-iphonesimulator/PackageFrameworks"
2026-04-22T16:44:59.9142480Z ignoring duplicate directory "/Users/runner/work/tcm-storage-ios/tcm-storage-ios/build/Build/Products/Debug-iphonesimulator/PackageFrameworks"
2026-04-22T16:44:59.9143510Z ignoring duplicate directory "/Users/runner/work/tcm-storage-ios/tcm-storage-ios/build/Build/Products/Debug-iphonesimulator/PackageFrameworks"
2026-04-22T16:44:59.9144380Z ignoring duplicate directory "/Users/runner/work/tcm-storage-ios/tcm-storage-ios/build/Build/Products/Debug-iphonesimulator/PackageFrameworks"
2026-04-22T16:44:59.9145230Z ignoring duplicate directory "/Users/runner/work/tcm-storage-ios/tcm-storage-ios/build/Build/Products/Debug-iphonesimulator/PackageFrameworks"
2026-04-22T16:44:59.9146080Z ignoring duplicate directory "/Users/runner/work/tcm-storage-ios/tcm-storage-ios/build/Build/Products/Debug-iphonesimulator/PackageFrameworks"
2026-04-22T16:44:59.9146920Z ignoring duplicate directory "/Users/runner/work/tcm-storage-ios/tcm-storage-ios/build/Build/Products/Debug-iphonesimulator/PackageFrameworks"
2026-04-22T16:44:59.9147760Z ignoring duplicate directory "/Users/runner/work/tcm-storage-ios/tcm-storage-ios/build/Build/Products/Debug-iphonesimulator/PackageFrameworks"
2026-04-22T16:44:59.9148600Z ignoring duplicate directory "/Users/runner/work/tcm-storage-ios/tcm-storage-ios/build/Build/Products/Debug-iphonesimulator/PackageFrameworks"
2026-04-22T16:44:59.9149450Z ignoring duplicate directory "/Users/runner/work/tcm-storage-ios/tcm-storage-ios/build/Build/Products/Debug-iphonesimulator/PackageFrameworks"
2026-04-22T16:44:59.9150310Z ignoring duplicate directory "/Users/runner/work/tcm-storage-ios/tcm-storage-ios/build/Build/Products/Debug-iphonesimulator/PackageFrameworks"
2026-04-22T16:44:59.9151810Z ignoring duplicate directory "/Users/runner/work/tcm-storage-ios/tcm-storage-ios/build/Build/Products/Debug-iphonesimulator/PackageFrameworks"
2026-04-22T16:44:59.9152660Z ignoring duplicate directory "/Users/runner/work/tcm-storage-ios/tcm-storage-ios/build/Build/Products/Debug-iphonesimulator/PackageFrameworks"
2026-04-22T16:44:59.9153510Z ignoring duplicate directory "/Users/runner/work/tcm-storage-ios/tcm-storage-ios/build/Build/Products/Debug-iphonesimulator/PackageFrameworks"
2026-04-22T16:44:59.9154350Z ignoring duplicate directory "/Users/runner/work/tcm-storage-ios/tcm-storage-ios/build/Build/Products/Debug-iphonesimulator/PackageFrameworks"
2026-04-22T16:44:59.9155370Z ignoring duplicate directory "/Users/runner/work/tcm-storage-ios/tcm-storage-ios/build/Build/Products/Debug-iphonesimulator/PackageFrameworks"
2026-04-22T16:44:59.9156250Z ignoring duplicate directory "/Users/runner/work/tcm-storage-ios/tcm-storage-ios/build/Build/Products/Debug-iphonesimulator/PackageFrameworks"
2026-04-22T16:44:59.9157140Z ignoring duplicate directory "/Users/runner/work/tcm-storage-ios/tcm-storage-ios/build/Build/Products/Debug-iphonesimulator/PackageFrameworks"
2026-04-22T16:44:59.9157990Z ignoring duplicate directory "/Users/runner/work/tcm-storage-ios/tcm-storage-ios/build/Build/Products/Debug-iphonesimulator/PackageFrameworks"
2026-04-22T16:44:59.9158840Z ignoring duplicate directory "/Users/runner/work/tcm-storage-ios/tcm-storage-ios/build/Build/Products/Debug-iphonesimulator/PackageFrameworks"
2026-04-22T16:44:59.9159680Z ignoring duplicate directory "/Users/runner/work/tcm-storage-ios/tcm-storage-ios/build/Build/Products/Debug-iphonesimulator/PackageFrameworks"
2026-04-22T16:44:59.9160520Z ignoring duplicate directory "/Users/runner/work/tcm-storage-ios/tcm-storage-ios/build/Build/Products/Debug-iphonesimulator/PackageFrameworks"
2026-04-22T16:44:59.9161440Z ignoring duplicate directory "/Users/runner/work/tcm-storage-ios/tcm-storage-ios/build/Build/Products/Debug-iphonesimulator/PackageFrameworks"
2026-04-22T16:44:59.9163170Z ignoring duplicate directory "/Users/runner/work/tcm-storage-ios/tcm-storage-ios/build/Build/Products/Debug-iphonesimulator/PackageFrameworks"
2026-04-22T16:44:59.9164020Z ignoring duplicate directory "/Users/runner/work/tcm-storage-ios/tcm-storage-ios/build/Build/Products/Debug-iphonesimulator/PackageFrameworks"
2026-04-22T16:44:59.9165540Z ignoring duplicate directory "/Users/runner/work/tcm-storage-ios/tcm-storage-ios/build/Build/Products/Debug-iphonesimulator/PackageFrameworks"
2026-04-22T16:44:59.9166470Z ignoring duplicate directory "/Users/runner/work/tcm-storage-ios/tcm-storage-ios/build/Build/Products/Debug-iphonesimulator/PackageFrameworks"
2026-04-22T16:44:59.9167050Z #include "..." search starts here:
2026-04-22T16:44:59.9167750Z  /Users/runner/work/tcm-storage-ios/tcm-storage-ios/build/Build/Intermediates.noindex/Nextcloud.build/Debug-iphonesimulator/Nextcloud.build/Nextcloud-generated-files.hmap (headermap)
2026-04-22T16:44:59.9168850Z  /Users/runner/work/tcm-storage-ios/tcm-storage-ios/build/Build/Intermediates.noindex/Nextcloud.build/Debug-iphonesimulator/Nextcloud.build/Nextcloud-project-headers.hmap (headermap)
2026-04-22T16:44:59.9169550Z #include <...> search starts here:
2026-04-22T16:44:59.9170260Z  /Users/runner/work/tcm-storage-ios/tcm-storage-ios/build/Build/Intermediates.noindex/Nextcloud.build/Debug-iphonesimulator/Nextcloud.build/Nextcloud-own-target-headers.hmap (headermap)
2026-04-22T16:44:59.9171470Z  /Users/runner/work/tcm-storage-ios/tcm-storage-ios/build/Build/Intermediates.noindex/Nextcloud.build/Debug-iphonesimulator/Nextcloud.build/Nextcloud-all-non-framework-target-headers.hmap (headermap)
2026-04-22T16:44:59.9172480Z  /Users/runner/work/tcm-storage-ios/tcm-storage-ios/build/SourcePackages/checkouts/swift-nio-ssl/Sources/CNIOBoringSSLShims/include
2026-04-22T16:44:59.9173260Z  /Users/runner/work/tcm-storage-ios/tcm-storage-ios/build/SourcePackages/checkouts/swift-nio-ssl/Sources/CNIOBoringSSL/include
2026-04-22T16:44:59.9174020Z  /Users/runner/work/tcm-storage-ios/tcm-storage-ios/build/SourcePackages/checkouts/swift-atomics/Sources/_AtomicsShims/include
2026-04-22T16:44:59.9174760Z  /Users/runner/work/tcm-storage-ios/tcm-storage-ios/build/SourcePackages/checkouts/swift-nio/Sources/CNIOPosix/include
2026-04-22T16:44:59.9175530Z  /Users/runner/work/tcm-storage-ios/tcm-storage-ios/build/SourcePackages/checkouts/swift-nio/Sources/CNIOWASI/include
2026-04-22T16:44:59.9176280Z  /Users/runner/work/tcm-storage-ios/tcm-storage-ios/build/SourcePackages/checkouts/swift-nio/Sources/CNIOWindows/include
2026-04-22T16:44:59.9177070Z  /Users/runner/work/tcm-storage-ios/tcm-storage-ios/build/SourcePackages/checkouts/swift-nio/Sources/CNIOLinux/include
2026-04-22T16:44:59.9177980Z  /Users/runner/work/tcm-storage-ios/tcm-storage-ios/build/SourcePackages/checkouts/swift-nio/Sources/CNIODarwin/include
2026-04-22T16:44:59.9179530Z  /Users/runner/work/tcm-storage-ios/tcm-storage-ios/build/SourcePackages/checkouts/swift-nio/Sources/CNIOOpenBSD/include
2026-04-22T16:44:59.9180260Z  /Users/runner/work/tcm-storage-ios/tcm-storage-ios/build/SourcePackages/checkouts/swift-nio/Sources/CNIOAtomics/include
2026-04-22T16:44:59.9180920Z  /Users/runner/work/tcm-storage-ios/tcm-storage-ios/build/SourcePackages/checkouts/realm-core/src
2026-04-22T16:44:59.9181600Z  /Users/runner/work/tcm-storage-ios/tcm-storage-ios/build/SourcePackages/checkouts/realm-core/src/external/s2
2026-04-22T16:44:59.9182420Z  /Users/runner/work/tcm-storage-ios/tcm-storage-ios/build/SourcePackages/checkouts/realm-core/src/external/IntelRDFPMathLib20U2/LIBRARY/src
2026-04-22T16:44:59.9183200Z  /Users/runner/work/tcm-storage-ios/tcm-storage-ios/build/SourcePackages/checkouts/realm-core/src/spm
2026-04-22T16:44:59.9183910Z  /Users/runner/work/tcm-storage-ios/tcm-storage-ios/build/SourcePackages/checkouts/realm-swift/include
2026-04-22T16:44:59.9184910Z  /Users/runner/work/tcm-storage-ios/tcm-storage-ios/build/SourcePackages/checkouts/GoogleUtilities/GoogleUtilities/NSData+zlib/Public
2026-04-22T16:44:59.9185790Z  /Users/runner/work/tcm-storage-ios/tcm-storage-ios/build/SourcePackages/checkouts/GoogleUtilities/GoogleUtilities/Logger/Public
2026-04-22T16:44:59.9186580Z  /Users/runner/work/tcm-storage-ios/tcm-storage-ios/build/SourcePackages/checkouts/GoogleUtilities/GoogleUtilities/Environment/Public
2026-04-22T16:44:59.9187590Z  /Users/runner/work/tcm-storage-ios/tcm-storage-ios/build/SourcePackages/checkouts/GoogleUtilities/third_party/IsAppEncrypted/Public
2026-04-22T16:44:59.9188550Z  /Users/runner/work/tcm-storage-ios/tcm-storage-ios/build/SourcePackages/checkouts/GoogleUtilities/GoogleUtilities/UserDefaults/Public
2026-04-22T16:44:59.9189330Z  /Users/runner/work/tcm-storage-ios/tcm-storage-ios/build/SourcePackages/checkouts/nanopb/spm_headers
2026-04-22T16:44:59.9190010Z  /Users/runner/work/tcm-storage-ios/tcm-storage-ios/build/SourcePackages/checkouts/promises/Sources/FBLPromises/include
2026-04-22T16:44:59.9190840Z  /Users/runner/work/tcm-storage-ios/tcm-storage-ios/build/SourcePackages/checkouts/GoogleDataTransport/GoogleDataTransport/GDTCORLibrary/Public
2026-04-22T16:44:59.9191700Z  /Users/runner/work/tcm-storage-ios/tcm-storage-ios/build/SourcePackages/checkouts/firebase-ios-sdk/FirebaseSessions/SourcesObjC
2026-04-22T16:44:59.9192460Z  /Users/runner/work/tcm-storage-ios/tcm-storage-ios/build/SourcePackages/checkouts/firebase-ios-sdk/FirebaseCore/Extension
2026-04-22T16:44:59.9193270Z  /Users/runner/work/tcm-storage-ios/tcm-storage-ios/build/SourcePackages/checkouts/firebase-ios-sdk/FirebaseInstallations/Source/Library/Public
2026-04-22T16:44:59.9194140Z  /Users/runner/work/tcm-storage-ios/tcm-storage-ios/build/SourcePackages/checkouts/firebase-ios-sdk/FirebaseCore/Sources/Public
2026-04-22T16:44:59.9194930Z  /Users/runner/work/tcm-storage-ios/tcm-storage-ios/build/SourcePackages/checkouts/firebase-ios-sdk/CoreOnly/Sources
2026-04-22T16:44:59.9195750Z  /Users/runner/work/tcm-storage-ios/tcm-storage-ios/build/SourcePackages/checkouts/firebase-ios-sdk/Crashlytics/Crashlytics/Public
2026-04-22T16:44:59.9196510Z  /Users/runner/work/tcm-storage-ios/tcm-storage-ios/build/SourcePackages/checkouts/GzipSwift/Sources/system-zlib/include
2026-04-22T16:44:59.9197340Z  /Users/runner/work/tcm-storage-ios/tcm-storage-ios/build/Build/Intermediates.noindex/Nextcloud.build/Debug-iphonesimulator/Nextcloud.build/DerivedSources
2026-04-22T16:44:59.9198220Z  /Users/runner/work/tcm-storage-ios/tcm-storage-ios/build/Build/Products/Debug-iphonesimulator/PackageFrameworks (framework directory)
2026-04-22T16:44:59.9198980Z  /Users/runner/work/tcm-storage-ios/tcm-storage-ios/build/Build/Products/Debug-iphonesimulator (framework directory)
2026-04-22T16:44:59.9200780Z  /Applications/Xcode_26.2.app/Contents/Developer/Platforms/iPhoneSimulator.platform/Developer/Library/Frameworks (framework directory)
2026-04-22T16:44:59.9202060Z  /Applications/Xcode_26.2.app/Contents/Developer/Platforms/iPhoneSimulator.platform/Developer/SDKs/iPhoneSimulator26.2.sdk/Developer/Library/Frameworks (framework directory)
2026-04-22T16:44:59.9202940Z  /Applications/Xcode_26.2.app/Contents/Developer/Toolchains/XcodeDefault.xctoolchain/usr/lib/clang/17/include
2026-04-22T16:44:59.9203750Z  /Applications/Xcode_26.2.app/Contents/Developer/Platforms/iPhoneSimulator.platform/Developer/SDKs/iPhoneSimulator26.2.sdk/usr/include
2026-04-22T16:44:59.9204490Z  /Applications/Xcode_26.2.app/Contents/Developer/Toolchains/XcodeDefault.xctoolchain/usr/include
2026-04-22T16:44:59.9205310Z  /Applications/Xcode_26.2.app/Contents/Developer/Platforms/iPhoneSimulator.platform/Developer/SDKs/iPhoneSimulator26.2.sdk/System/Library/Frameworks (framework directory)
2026-04-22T16:44:59.9206340Z  /Applications/Xcode_26.2.app/Contents/Developer/Platforms/iPhoneSimulator.platform/Developer/SDKs/iPhoneSimulator26.2.sdk/System/Library/SubFrameworks (framework directory)
2026-04-22T16:44:59.9207010Z End of search list.
2026-04-22T16:44:59.9208230Z clang -cc1 version 17.0.0 (clang-1700.6.3.2) default target arm64-apple-darwin24.6.0
2026-04-22T16:44:59.9208920Z ignoring nonexistent directory "/Users/runner/work/tcm-storage-ios/tcm-storage-ios/build/Build/Products/Debug-iphonesimulator/include"
2026-04-22T16:44:59.9209940Z ignoring nonexistent directory "/Users/runner/work/tcm-storage-ios/tcm-storage-ios/build/Build/Intermediates.noindex/Nextcloud.build/Debug-iphonesimulator/Nextcloud.build/DerivedSources-normal/arm64"
2026-04-22T16:44:59.9211450Z ignoring nonexistent directory "/Users/runner/work/tcm-storage-ios/tcm-storage-ios/build/Build/Intermediates.noindex/Nextcloud.build/Debug-iphonesimulator/Nextcloud.build/DerivedSources/arm64"
2026-04-22T16:44:59.9212580Z ignoring nonexistent directory "/Applications/Xcode_26.2.app/Contents/Developer/Platforms/iPhoneSimulator.platform/Developer/SDKs/iPhoneSimulator26.2.sdk/usr/local/include"
2026-04-22T16:44:59.9213630Z ignoring nonexistent directory "/Applications/Xcode_26.2.app/Contents/Developer/Platforms/iPhoneSimulator.platform/Developer/SDKs/iPhoneSimulator26.2.sdk/Library/Frameworks"
2026-04-22T16:44:59.9214590Z ignoring duplicate directory "/Users/runner/work/tcm-storage-ios/tcm-storage-ios/build/Build/Products/Debug-iphonesimulator/PackageFrameworks"
2026-04-22T16:44:59.9215460Z ignoring duplicate directory "/Users/runner/work/tcm-storage-ios/tcm-storage-ios/build/Build/Products/Debug-iphonesimulator/PackageFrameworks"
2026-04-22T16:44:59.9216340Z ignoring duplicate directory "/Users/runner/work/tcm-storage-ios/tcm-storage-ios/build/Build/Products/Debug-iphonesimulator/PackageFrameworks"
2026-04-22T16:44:59.9217220Z ignoring duplicate directory "/Users/runner/work/tcm-storage-ios/tcm-storage-ios/build/Build/Products/Debug-iphonesimulator/PackageFrameworks"
2026-04-22T16:44:59.9218080Z ignoring duplicate directory "/Users/runner/work/tcm-storage-ios/tcm-storage-ios/build/Build/Products/Debug-iphonesimulator/PackageFrameworks"
2026-04-22T16:44:59.9218970Z ignoring duplicate directory "/Users/runner/work/tcm-storage-ios/tcm-storage-ios/build/Build/Products/Debug-iphonesimulator/PackageFrameworks"
2026-04-22T16:44:59.9219830Z ignoring duplicate directory "/Users/runner/work/tcm-storage-ios/tcm-storage-ios/build/Build/Products/Debug-iphonesimulator/PackageFrameworks"
2026-04-22T16:44:59.9220890Z ignoring duplicate directory "/Users/runner/work/tcm-storage-ios/tcm-storage-ios/build/Build/Products/Debug-iphonesimulator/PackageFrameworks"
2026-04-22T16:44:59.9221800Z ignoring duplicate directory "/Users/runner/work/tcm-storage-ios/tcm-storage-ios/build/Build/Products/Debug-iphonesimulator/PackageFrameworks"
2026-04-22T16:44:59.9222660Z ignoring duplicate directory "/Users/runner/work/tcm-storage-ios/tcm-storage-ios/build/Build/Products/Debug-iphonesimulator/PackageFrameworks"
2026-04-22T16:44:59.9223560Z ignoring duplicate directory "/Users/runner/work/tcm-storage-ios/tcm-storage-ios/build/Build/Products/Debug-iphonesimulator/PackageFrameworks"
2026-04-22T16:44:59.9224640Z ignoring duplicate directory "/Users/runner/work/tcm-storage-ios/tcm-storage-ios/build/Build/Products/Debug-iphonesimulator/PackageFrameworks"
2026-04-22T16:44:59.9225480Z ignoring duplicate directory "/Users/runner/work/tcm-storage-ios/tcm-storage-ios/build/Build/Products/Debug-iphonesimulator/PackageFrameworks"
2026-04-22T16:44:59.9226320Z ignoring duplicate directory "/Users/runner/work/tcm-storage-ios/tcm-storage-ios/build/Build/Products/Debug-iphonesimulator/PackageFrameworks"
2026-04-22T16:44:59.9227180Z ignoring duplicate directory "/Users/runner/work/tcm-storage-ios/tcm-storage-ios/build/Build/Products/Debug-iphonesimulator/PackageFrameworks"
2026-04-22T16:44:59.9228030Z ignoring duplicate directory "/Users/runner/work/tcm-storage-ios/tcm-storage-ios/build/Build/Products/Debug-iphonesimulator/PackageFrameworks"
2026-04-22T16:44:59.9228890Z ignoring duplicate directory "/Users/runner/work/tcm-storage-ios/tcm-storage-ios/build/Build/Products/Debug-iphonesimulator/PackageFrameworks"
2026-04-22T16:44:59.9229880Z ignoring duplicate directory "/Users/runner/work/tcm-storage-ios/tcm-storage-ios/build/Build/Products/Debug-iphonesimulator/PackageFrameworks"
2026-04-22T16:44:59.9230770Z ignoring duplicate directory "/Users/runner/work/tcm-storage-ios/tcm-storage-ios/build/Build/Products/Debug-iphonesimulator/PackageFrameworks"
2026-04-22T16:44:59.9231630Z ignoring duplicate directory "/Users/runner/work/tcm-storage-ios/tcm-storage-ios/build/Build/Products/Debug-iphonesimulator/PackageFrameworks"
2026-04-22T16:44:59.9232780Z ignoring duplicate directory "/Users/runner/work/tcm-storage-ios/tcm-storage-ios/build/Build/Products/Debug-iphonesimulator/PackageFrameworks"
2026-04-22T16:44:59.9290060Z ignoring duplicate directory "/Users/runner/work/tcm-storage-ios/tcm-storage-ios/build/Build/Products/Debug-iphonesimulator/PackageFrameworks"
2026-04-22T16:44:59.9324500Z ignoring duplicate directory "/Users/runner/work/tcm-storage-ios/tcm-storage-ios/build/Build/Products/Debug-iphonesimulator/PackageFrameworks"
2026-04-22T16:44:59.9325470Z ignoring duplicate directory "/Users/runner/work/tcm-storage-ios/tcm-storage-ios/build/Build/Products/Debug-iphonesimulator/PackageFrameworks"
2026-04-22T16:44:59.9326360Z ignoring duplicate directory "/Users/runner/work/tcm-storage-ios/tcm-storage-ios/build/Build/Products/Debug-iphonesimulator/PackageFrameworks"
2026-04-22T16:44:59.9327300Z ignoring duplicate directory "/Users/runner/work/tcm-storage-ios/tcm-storage-ios/build/Build/Products/Debug-iphonesimulator/PackageFrameworks"
2026-04-22T16:44:59.9328230Z ignoring duplicate directory "/Users/runner/work/tcm-storage-ios/tcm-storage-ios/build/Build/Products/Debug-iphonesimulator/PackageFrameworks"
2026-04-22T16:44:59.9329090Z ignoring duplicate directory "/Users/runner/work/tcm-storage-ios/tcm-storage-ios/build/Build/Products/Debug-iphonesimulator/PackageFrameworks"
2026-04-22T16:44:59.9329940Z ignoring duplicate directory "/Users/runner/work/tcm-storage-ios/tcm-storage-ios/build/Build/Products/Debug-iphonesimulator/PackageFrameworks"
2026-04-22T16:44:59.9330820Z ignoring duplicate directory "/Users/runner/work/tcm-storage-ios/tcm-storage-ios/build/Build/Products/Debug-iphonesimulator/PackageFrameworks"
2026-04-22T16:44:59.9331670Z ignoring duplicate directory "/Users/runner/work/tcm-storage-ios/tcm-storage-ios/build/Build/Products/Debug-iphonesimulator/PackageFrameworks"
2026-04-22T16:44:59.9332590Z ignoring duplicate directory "/Users/runner/work/tcm-storage-ios/tcm-storage-ios/build/Build/Products/Debug-iphonesimulator/PackageFrameworks"
2026-04-22T16:44:59.9333470Z ignoring duplicate directory "/Users/runner/work/tcm-storage-ios/tcm-storage-ios/build/Build/Products/Debug-iphonesimulator/PackageFrameworks"
2026-04-22T16:44:59.9334320Z ignoring duplicate directory "/Users/runner/work/tcm-storage-ios/tcm-storage-ios/build/Build/Products/Debug-iphonesimulator/PackageFrameworks"
2026-04-22T16:44:59.9335190Z ignoring duplicate directory "/Users/runner/work/tcm-storage-ios/tcm-storage-ios/build/Build/Products/Debug-iphonesimulator/PackageFrameworks"
2026-04-22T16:44:59.9339370Z ignoring duplicate directory "/Users/runner/work/tcm-storage-ios/tcm-storage-ios/build/Build/Products/Debug-iphonesimulator/PackageFrameworks"
2026-04-22T16:44:59.9342430Z ignoring duplicate directory "/Users/runner/work/tcm-storage-ios/tcm-storage-ios/build/Build/Products/Debug-iphonesimulator/PackageFrameworks"
2026-04-22T16:44:59.9344820Z ignoring duplicate directory "/Users/runner/work/tcm-storage-ios/tcm-storage-ios/build/Build/Products/Debug-iphonesimulator/PackageFrameworks"
2026-04-22T16:44:59.9347850Z ignoring duplicate directory "/Users/runner/work/tcm-storage-ios/tcm-storage-ios/build/Build/Products/Debug-iphonesimulator/PackageFrameworks"
2026-04-22T16:44:59.9351230Z ignoring duplicate directory "/Users/runner/work/tcm-storage-ios/tcm-storage-ios/build/Build/Products/Debug-iphonesimulator/PackageFrameworks"
2026-04-22T16:44:59.9354290Z ignoring duplicate directory "/Users/runner/work/tcm-storage-ios/tcm-storage-ios/build/Build/Products/Debug-iphonesimulator/PackageFrameworks"
2026-04-22T16:44:59.9357450Z ignoring duplicate directory "/Users/runner/work/tcm-storage-ios/tcm-storage-ios/build/Build/Products/Debug-iphonesimulator/PackageFrameworks"
2026-04-22T16:44:59.9361140Z ignoring duplicate directory "/Users/runner/work/tcm-storage-ios/tcm-storage-ios/build/Build/Products/Debug-iphonesimulator/PackageFrameworks"
2026-04-22T16:44:59.9363910Z ignoring duplicate directory "/Users/runner/work/tcm-storage-ios/tcm-storage-ios/build/Build/Products/Debug-iphonesimulator/PackageFrameworks"
2026-04-22T16:44:59.9367850Z ignoring duplicate directory "/Users/runner/work/tcm-storage-ios/tcm-storage-ios/build/Build/Products/Debug-iphonesimulator/PackageFrameworks"
2026-04-22T16:44:59.9371390Z ignoring duplicate directory "/Users/runner/work/tcm-storage-ios/tcm-storage-ios/build/Build/Products/Debug-iphonesimulator/PackageFrameworks"
2026-04-22T16:44:59.9499170Z ignoring duplicate directory "/Users/runner/work/tcm-storage-ios/tcm-storage-ios/build/Build/Products/Debug-iphonesimulator/PackageFrameworks"
2026-04-22T16:44:59.9601630Z ignoring duplicate directory "/Users/runner/work/tcm-storage-ios/tcm-storage-ios/build/Build/Products/Debug-iphonesimulator/PackageFrameworks"
2026-04-22T16:44:59.9703900Z ignoring duplicate directory "/Users/runner/work/tcm-storage-ios/tcm-storage-ios/build/Build/Products/Debug-iphonesimulator/PackageFrameworks"
2026-04-22T16:44:59.9806040Z ignoring duplicate directory "/Users/runner/work/tcm-storage-ios/tcm-storage-ios/build/Build/Products/Debug-iphonesimulator/PackageFrameworks"
2026-04-22T16:44:59.9916840Z ignoring duplicate directory "/Users/runner/work/tcm-storage-ios/tcm-storage-ios/build/Build/Products/Debug-iphonesimulator/PackageFrameworks"
2026-04-22T16:45:00.0022820Z ignoring duplicate directory "/Users/runner/work/tcm-storage-ios/tcm-storage-ios/build/Build/Products/Debug-iphonesimulator/PackageFrameworks"
2026-04-22T16:45:00.0126810Z ignoring duplicate directory "/Users/runner/work/tcm-storage-ios/tcm-storage-ios/build/Build/Products/Debug-iphonesimulator/PackageFrameworks"
2026-04-22T16:45:00.0231570Z ignoring duplicate directory "/Users/runner/work/tcm-storage-ios/tcm-storage-ios/build/Build/Products/Debug-iphonesimulator/PackageFrameworks"
2026-04-22T16:45:00.0388040Z ignoring duplicate directory "/Users/runner/work/tcm-storage-ios/tcm-storage-ios/build/Build/Products/Debug-iphonesimulator/PackageFrameworks"
2026-04-22T16:45:00.0526140Z ignoring duplicate directory "/Users/runner/work/tcm-storage-ios/tcm-storage-ios/build/Build/Products/Debug-iphonesimulator/PackageFrameworks"
2026-04-22T16:45:00.0625090Z ignoring duplicate directory "/Users/runner/work/tcm-storage-ios/tcm-storage-ios/build/Build/Products/Debug-iphonesimulator/PackageFrameworks"
2026-04-22T16:45:00.0729000Z ignoring duplicate directory "/Users/runner/work/tcm-storage-ios/tcm-storage-ios/build/Build/Products/Debug-iphonesimulator/PackageFrameworks"
2026-04-22T16:45:00.0761700Z ignoring duplicate directory "/Users/runner/work/tcm-storage-ios/tcm-storage-ios/build/Build/Products/Debug-iphonesimulator/PackageFrameworks"
2026-04-22T16:45:00.0865750Z ignoring duplicate directory "/Users/runner/work/tcm-storage-ios/tcm-storage-ios/build/Build/Products/Debug-iphonesimulator/PackageFrameworks"
2026-04-22T16:45:00.0970070Z ignoring duplicate directory "/Users/runner/work/tcm-storage-ios/tcm-storage-ios/build/Build/Products/Debug-iphonesimulator/PackageFrameworks"
2026-04-22T16:45:00.1074900Z ignoring duplicate directory "/Users/runner/work/tcm-storage-ios/tcm-storage-ios/build/Build/Products/Debug-iphonesimulator/PackageFrameworks"
2026-04-22T16:45:00.1182740Z ignoring duplicate directory "/Users/runner/work/tcm-storage-ios/tcm-storage-ios/build/Build/Products/Debug-iphonesimulator/PackageFrameworks"
2026-04-22T16:45:00.1285100Z ignoring duplicate directory "/Users/runner/work/tcm-storage-ios/tcm-storage-ios/build/Build/Products/Debug-iphonesimulator/PackageFrameworks"
2026-04-22T16:45:00.1387090Z ignoring duplicate directory "/Users/runner/work/tcm-storage-ios/tcm-storage-ios/build/Build/Products/Debug-iphonesimulator/PackageFrameworks"
2026-04-22T16:45:00.1511140Z ignoring duplicate directory "/Users/runner/work/tcm-storage-ios/tcm-storage-ios/build/Build/Products/Debug-iphonesimulator/PackageFrameworks"
2026-04-22T16:45:00.1614630Z ignoring duplicate directory "/Users/runner/work/tcm-storage-ios/tcm-storage-ios/build/Build/Products/Debug-iphonesimulator/PackageFrameworks"
2026-04-22T16:45:00.1716860Z ignoring duplicate directory "/Users/runner/work/tcm-storage-ios/tcm-storage-ios/build/Build/Products/Debug-iphonesimulator/PackageFrameworks"
2026-04-22T16:45:00.1796330Z ignoring duplicate directory "/Users/runner/work/tcm-storage-ios/tcm-storage-ios/build/Build/Products/Debug-iphonesimulator/PackageFrameworks"
2026-04-22T16:45:00.1849080Z ignoring duplicate directory "/Users/runner/work/tcm-storage-ios/tcm-storage-ios/build/Build/Products/Debug-iphonesimulator/PackageFrameworks"
2026-04-22T16:45:00.1948490Z ignoring duplicate directory "/Users/runner/work/tcm-storage-ios/tcm-storage-ios/build/Build/Products/Debug-iphonesimulator/PackageFrameworks"
2026-04-22T16:45:00.2053140Z ignoring duplicate directory "/Users/runner/work/tcm-storage-ios/tcm-storage-ios/build/Build/Products/Debug-iphonesimulator/PackageFrameworks"
2026-04-22T16:45:00.2155520Z ignoring duplicate directory "/Users/runner/work/tcm-storage-ios/tcm-storage-ios/build/Build/Products/Debug-iphonesimulator/PackageFrameworks"
2026-04-22T16:45:00.2257090Z ignoring duplicate directory "/Users/runner/work/tcm-storage-ios/tcm-storage-ios/build/Build/Products/Debug-iphonesimulator/PackageFrameworks"
2026-04-22T16:45:00.2358840Z ignoring duplicate directory "/Users/runner/work/tcm-storage-ios/tcm-storage-ios/build/Build/Products/Debug-iphonesimulator/PackageFrameworks"
2026-04-22T16:45:00.2462630Z ignoring duplicate directory "/Users/runner/work/tcm-storage-ios/tcm-storage-ios/build/Build/Products/Debug-iphonesimulator/PackageFrameworks"
2026-04-22T16:45:00.2565670Z #include "..." search starts here:
2026-04-22T16:45:00.2669590Z  /Users/runner/work/tcm-storage-ios/tcm-storage-ios/build/Build/Intermediates.noindex/Nextcloud.build/Debug-iphonesimulator/Nextcloud.build/Nextcloud-generated-files.hmap (headermap)
2026-04-22T16:45:00.2772160Z  /Users/runner/work/tcm-storage-ios/tcm-storage-ios/build/Build/Intermediates.noindex/Nextcloud.build/Debug-iphonesimulator/Nextcloud.build/Nextcloud-project-headers.hmap (headermap)
2026-04-22T16:45:00.2873500Z #include <...> search starts here:
2026-04-22T16:45:00.2977140Z  /Users/runner/work/tcm-storage-ios/tcm-storage-ios/build/Build/Intermediates.noindex/Nextcloud.build/Debug-iphonesimulator/Nextcloud.build/Nextcloud-own-target-headers.hmap (headermap)
2026-04-22T16:45:00.3080680Z  /Users/runner/work/tcm-storage-ios/tcm-storage-ios/build/Build/Intermediates.noindex/Nextcloud.build/Debug-iphonesimulator/Nextcloud.build/Nextcloud-all-non-framework-target-headers.hmap (headermap)
2026-04-22T16:45:00.3182800Z  /Users/runner/work/tcm-storage-ios/tcm-storage-ios/build/SourcePackages/checkouts/swift-nio-ssl/Sources/CNIOBoringSSLShims/include
2026-04-22T16:45:00.3285250Z  /Users/runner/work/tcm-storage-ios/tcm-storage-ios/build/SourcePackages/checkouts/swift-nio-ssl/Sources/CNIOBoringSSL/include
2026-04-22T16:45:00.3364750Z  /Users/runner/work/tcm-storage-ios/tcm-storage-ios/build/SourcePackages/checkouts/swift-atomics/Sources/_AtomicsShims/include
2026-04-22T16:45:00.3469310Z  /Users/runner/work/tcm-storage-ios/tcm-storage-ios/build/SourcePackages/checkouts/swift-nio/Sources/CNIOPosix/include
2026-04-22T16:45:00.3595710Z  /Users/runner/work/tcm-storage-ios/tcm-storage-ios/build/SourcePackages/checkouts/swift-nio/Sources/CNIOWASI/include
2026-04-22T16:45:00.3697350Z  /Users/runner/work/tcm-storage-ios/tcm-storage-ios/build/SourcePackages/checkouts/swift-nio/Sources/CNIOWindows/include
2026-04-22T16:45:00.3804520Z  /Users/runner/work/tcm-storage-ios/tcm-storage-ios/build/SourcePackages/checkouts/swift-nio/Sources/CNIOLinux/include
2026-04-22T16:45:00.3907230Z  /Users/runner/work/tcm-storage-ios/tcm-storage-ios/build/SourcePackages/checkouts/swift-nio/Sources/CNIODarwin/include
2026-04-22T16:45:00.4009330Z  /Users/runner/work/tcm-storage-ios/tcm-storage-ios/build/SourcePackages/checkouts/swift-nio/Sources/CNIOOpenBSD/include
2026-04-22T16:45:00.4110400Z  /Users/runner/work/tcm-storage-ios/tcm-storage-ios/build/SourcePackages/checkouts/swift-nio/Sources/CNIOAtomics/include
2026-04-22T16:45:00.4205860Z  /Users/runner/work/tcm-storage-ios/tcm-storage-ios/build/SourcePackages/checkouts/realm-core/src
2026-04-22T16:45:00.4329770Z  /Users/runner/work/tcm-storage-ios/tcm-storage-ios/build/SourcePackages/checkouts/realm-core/src/external/s2
2026-04-22T16:45:00.4508890Z  /Users/runner/work/tcm-storage-ios/tcm-storage-ios/build/SourcePackages/checkouts/realm-core/src/external/IntelRDFPMathLib20U2/LIBRARY/src
2026-04-22T16:45:00.4510800Z  /Users/runner/work/tcm-storage-ios/tcm-storage-ios/build/SourcePackages/checkouts/realm-core/src/spm
2026-04-22T16:45:00.4613350Z  /Users/runner/work/tcm-storage-ios/tcm-storage-ios/build/SourcePackages/checkouts/realm-swift/include
2026-04-22T16:45:00.4724760Z  /Users/runner/work/tcm-storage-ios/tcm-storage-ios/build/SourcePackages/checkouts/GoogleUtilities/GoogleUtilities/NSData+zlib/Public
2026-04-22T16:45:00.4827260Z  /Users/runner/work/tcm-storage-ios/tcm-storage-ios/build/SourcePackages/checkouts/GoogleUtilities/GoogleUtilities/Logger/Public
2026-04-22T16:45:00.4929920Z  /Users/runner/work/tcm-storage-ios/tcm-storage-ios/build/SourcePackages/checkouts/GoogleUtilities/GoogleUtilities/Environment/Public
2026-04-22T16:45:00.5031140Z  /Users/runner/work/tcm-storage-ios/tcm-storage-ios/build/SourcePackages/checkouts/GoogleUtilities/third_party/IsAppEncrypted/Public
2026-04-22T16:45:00.5134080Z  /Users/runner/work/tcm-storage-ios/tcm-storage-ios/build/SourcePackages/checkouts/GoogleUtilities/GoogleUtilities/UserDefaults/Public
2026-04-22T16:45:00.5239150Z  /Users/runner/work/tcm-storage-ios/tcm-storage-ios/build/SourcePackages/checkouts/nanopb/spm_headers
2026-04-22T16:45:00.5349370Z  /Users/runner/work/tcm-storage-ios/tcm-storage-ios/build/SourcePackages/checkouts/promises/Sources/FBLPromises/include
2026-04-22T16:45:00.5453990Z  /Users/runner/work/tcm-storage-ios/tcm-storage-ios/build/SourcePackages/checkouts/GoogleDataTransport/GoogleDataTransport/GDTCORLibrary/Public
2026-04-22T16:45:00.5558430Z  /Users/runner/work/tcm-storage-ios/tcm-storage-ios/build/SourcePackages/checkouts/firebase-ios-sdk/FirebaseSessions/SourcesObjC
2026-04-22T16:45:00.5662150Z  /Users/runner/work/tcm-storage-ios/tcm-storage-ios/build/SourcePackages/checkouts/firebase-ios-sdk/FirebaseCore/Extension
2026-04-22T16:45:00.5774950Z  /Users/runner/work/tcm-storage-ios/tcm-storage-ios/build/SourcePackages/checkouts/firebase-ios-sdk/FirebaseInstallations/Source/Library/Public
2026-04-22T16:45:00.5876750Z  /Users/runner/work/tcm-storage-ios/tcm-storage-ios/build/SourcePackages/checkouts/firebase-ios-sdk/FirebaseCore/Sources/Public
2026-04-22T16:45:00.5979990Z  /Users/runner/work/tcm-storage-ios/tcm-storage-ios/build/SourcePackages/checkouts/firebase-ios-sdk/CoreOnly/Sources
2026-04-22T16:45:00.6084960Z  /Users/runner/work/tcm-storage-ios/tcm-storage-ios/build/SourcePackages/checkouts/firebase-ios-sdk/Crashlytics/Crashlytics/Public
2026-04-22T16:45:00.6189590Z  /Users/runner/work/tcm-storage-ios/tcm-storage-ios/build/SourcePackages/checkouts/GzipSwift/Sources/system-zlib/include
2026-04-22T16:45:00.6289620Z  /Users/runner/work/tcm-storage-ios/tcm-storage-ios/build/Build/Intermediates.noindex/Nextcloud.build/Debug-iphonesimulator/Nextcloud.build/DerivedSources
2026-04-22T16:45:00.6391420Z  /Users/runner/work/tcm-storage-ios/tcm-storage-ios/build/Build/Products/Debug-iphonesimulator/PackageFrameworks (framework directory)
2026-04-22T16:45:00.6489880Z  /Users/runner/work/tcm-storage-ios/tcm-storage-ios/build/Build/Products/Debug-iphonesimulator (framework directory)
2026-04-22T16:45:00.6591360Z  /Applications/Xcode_26.2.app/Contents/Developer/Platforms/iPhoneSimulator.platform/Developer/Library/Frameworks (framework directory)
2026-04-22T16:45:00.6696560Z  /Applications/Xcode_26.2.app/Contents/Developer/Platforms/iPhoneSimulator.platform/Developer/SDKs/iPhoneSimulator26.2.sdk/Developer/Library/Frameworks (framework directory)
2026-04-22T16:45:00.6804750Z  /Applications/Xcode_26.2.app/Contents/Developer/Toolchains/XcodeDefault.xctoolchain/usr/lib/clang/17/include
2026-04-22T16:45:00.6904700Z  /Applications/Xcode_26.2.app/Contents/Developer/Platforms/iPhoneSimulator.platform/Developer/SDKs/iPhoneSimulator26.2.sdk/usr/include
2026-04-22T16:45:00.7004760Z  /Applications/Xcode_26.2.app/Contents/Developer/Toolchains/XcodeDefault.xctoolchain/usr/include
2026-04-22T16:45:00.7109770Z  /Applications/Xcode_26.2.app/Contents/Developer/Platforms/iPhoneSimulator.platform/Developer/SDKs/iPhoneSimulator26.2.sdk/System/Library/Frameworks (framework directory)
2026-04-22T16:45:00.7211150Z  /Applications/Xcode_26.2.app/Contents/Developer/Platforms/iPhoneSimulator.platform/Developer/SDKs/iPhoneSimulator26.2.sdk/System/Library/SubFrameworks (framework directory)
2026-04-22T16:45:00.7311040Z End of search list.
2026-04-22T16:45:00.7418090Z clang -cc1 version 17.0.0 (clang-1700.6.3.2) default target arm64-apple-darwin24.6.0
2026-04-22T16:45:00.7522270Z ignoring nonexistent directory "/Users/runner/work/tcm-storage-ios/tcm-storage-ios/build/Build/Products/Debug-iphonesimulator/include"
2026-04-22T16:45:00.7622120Z ignoring nonexistent directory "/Users/runner/work/tcm-storage-ios/tcm-storage-ios/build/Build/Intermediates.noindex/Nextcloud.build/Debug-iphonesimulator/Nextcloud.build/DerivedSources-normal/arm64"
2026-04-22T16:45:00.7726000Z ignoring nonexistent directory "/Users/runner/work/tcm-storage-ios/tcm-storage-ios/build/Build/Intermediates.noindex/Nextcloud.build/Debug-iphonesimulator/Nextcloud.build/DerivedSources/arm64"
2026-04-22T16:45:00.7829170Z ignoring nonexistent directory "/Applications/Xcode_26.2.app/Contents/Developer/Platforms/iPhoneSimulator.platform/Developer/SDKs/iPhoneSimulator26.2.sdk/usr/local/include"
2026-04-22T16:45:00.7929890Z ignoring nonexistent directory "/Applications/Xcode_26.2.app/Contents/Developer/Platforms/iPhoneSimulator.platform/Developer/SDKs/iPhoneSimulator26.2.sdk/Library/Frameworks"
2026-04-22T16:45:00.8030630Z ignoring duplicate directory "/Users/runner/work/tcm-storage-ios/tcm-storage-ios/build/Build/Products/Debug-iphonesimulator/PackageFrameworks"
2026-04-22T16:45:00.8132300Z ignoring duplicate directory "/Users/runner/work/tcm-storage-ios/tcm-storage-ios/build/Build/Products/Debug-iphonesimulator/PackageFrameworks"
2026-04-22T16:45:00.8234120Z ignoring duplicate directory "/Users/runner/work/tcm-storage-ios/tcm-storage-ios/build/Build/Products/Debug-iphonesimulator/PackageFrameworks"
2026-04-22T16:45:00.8337000Z ignoring duplicate directory "/Users/runner/work/tcm-storage-ios/tcm-storage-ios/build/Build/Products/Debug-iphonesimulator/PackageFrameworks"
2026-04-22T16:45:00.8439670Z ignoring duplicate directory "/Users/runner/work/tcm-storage-ios/tcm-storage-ios/build/Build/Products/Debug-iphonesimulator/PackageFrameworks"
2026-04-22T16:45:00.8541920Z ignoring duplicate directory "/Users/runner/work/tcm-storage-ios/tcm-storage-ios/build/Build/Products/Debug-iphonesimulator/PackageFrameworks"
2026-04-22T16:45:00.8650050Z ignoring duplicate directory "/Users/runner/work/tcm-storage-ios/tcm-storage-ios/build/Build/Products/Debug-iphonesimulator/PackageFrameworks"
2026-04-22T16:45:00.8752660Z ignoring duplicate directory "/Users/runner/work/tcm-storage-ios/tcm-storage-ios/build/Build/Products/Debug-iphonesimulator/PackageFrameworks"
2026-04-22T16:45:00.8854390Z ignoring duplicate directory "/Users/runner/work/tcm-storage-ios/tcm-storage-ios/build/Build/Products/Debug-iphonesimulator/PackageFrameworks"
2026-04-22T16:45:00.8974900Z ignoring duplicate directory "/Users/runner/work/tcm-storage-ios/tcm-storage-ios/build/Build/Products/Debug-iphonesimulator/PackageFrameworks"
2026-04-22T16:45:00.9078900Z ignoring duplicate directory "/Users/runner/work/tcm-storage-ios/tcm-storage-ios/build/Build/Products/Debug-iphonesimulator/PackageFrameworks"
2026-04-22T16:45:00.9179130Z ignoring duplicate directory "/Users/runner/work/tcm-storage-ios/tcm-storage-ios/build/Build/Products/Debug-iphonesimulator/PackageFrameworks"
2026-04-22T16:45:00.9281020Z ignoring duplicate directory "/Users/runner/work/tcm-storage-ios/tcm-storage-ios/build/Build/Products/Debug-iphonesimulator/PackageFrameworks"
2026-04-22T16:45:00.9415730Z ignoring duplicate directory "/Users/runner/work/tcm-storage-ios/tcm-storage-ios/build/Build/Products/Debug-iphonesimulator/PackageFrameworks"
2026-04-22T16:45:00.9427260Z ignoring duplicate directory "/Users/runner/work/tcm-storage-ios/tcm-storage-ios/build/Build/Products/Debug-iphonesimulator/PackageFrameworks"
2026-04-22T16:45:00.9529390Z ignoring duplicate directory "/Users/runner/work/tcm-storage-ios/tcm-storage-ios/build/Build/Products/Debug-iphonesimulator/PackageFrameworks"
2026-04-22T16:45:00.9631230Z ignoring duplicate directory "/Users/runner/work/tcm-storage-ios/tcm-storage-ios/build/Build/Products/Debug-iphonesimulator/PackageFrameworks"
2026-04-22T16:45:00.9734960Z ignoring duplicate directory "/Users/runner/work/tcm-storage-ios/tcm-storage-ios/build/Build/Products/Debug-iphonesimulator/PackageFrameworks"
2026-04-22T16:45:00.9858290Z ignoring duplicate directory "/Users/runner/work/tcm-storage-ios/tcm-storage-ios/build/Build/Products/Debug-iphonesimulator/PackageFrameworks"
2026-04-22T16:45:00.9966180Z ignoring duplicate directory "/Users/runner/work/tcm-storage-ios/tcm-storage-ios/build/Build/Products/Debug-iphonesimulator/PackageFrameworks"
2026-04-22T16:45:01.0067820Z ignoring duplicate directory "/Users/runner/work/tcm-storage-ios/tcm-storage-ios/build/Build/Products/Debug-iphonesimulator/PackageFrameworks"
2026-04-22T16:45:01.0159290Z ignoring duplicate directory "/Users/runner/work/tcm-storage-ios/tcm-storage-ios/build/Build/Products/Debug-iphonesimulator/PackageFrameworks"
2026-04-22T16:45:01.0261960Z ignoring duplicate directory "/Users/runner/work/tcm-storage-ios/tcm-storage-ios/build/Build/Products/Debug-iphonesimulator/PackageFrameworks"
2026-04-22T16:45:01.0369450Z ignoring duplicate directory "/Users/runner/work/tcm-storage-ios/tcm-storage-ios/build/Build/Products/Debug-iphonesimulator/PackageFrameworks"
2026-04-22T16:45:01.0463030Z ignoring duplicate directory "/Users/runner/work/tcm-storage-ios/tcm-storage-ios/build/Build/Products/Debug-iphonesimulator/PackageFrameworks"
2026-04-22T16:45:01.0564730Z ignoring duplicate directory "/Users/runner/work/tcm-storage-ios/tcm-storage-ios/build/Build/Products/Debug-iphonesimulator/PackageFrameworks"
2026-04-22T16:45:01.0666560Z ignoring duplicate directory "/Users/runner/work/tcm-storage-ios/tcm-storage-ios/build/Build/Products/Debug-iphonesimulator/PackageFrameworks"
2026-04-22T16:45:01.0768330Z ignoring duplicate directory "/Users/runner/work/tcm-storage-ios/tcm-storage-ios/build/Build/Products/Debug-iphonesimulator/PackageFrameworks"
2026-04-22T16:45:01.0870810Z ignoring duplicate directory "/Users/runner/work/tcm-storage-ios/tcm-storage-ios/build/Build/Products/Debug-iphonesimulator/PackageFrameworks"
2026-04-22T16:45:01.0974320Z ignoring duplicate directory "/Users/runner/work/tcm-storage-ios/tcm-storage-ios/build/Build/Products/Debug-iphonesimulator/PackageFrameworks"
2026-04-22T16:45:01.1073790Z ignoring duplicate directory "/Users/runner/work/tcm-storage-ios/tcm-storage-ios/build/Build/Products/Debug-iphonesimulator/PackageFrameworks"
2026-04-22T16:45:01.1174590Z ignoring duplicate directory "/Users/runner/work/tcm-storage-ios/tcm-storage-ios/build/Build/Products/Debug-iphonesimulator/PackageFrameworks"
2026-04-22T16:45:01.1277010Z ignoring duplicate directory "/Users/runner/work/tcm-storage-ios/tcm-storage-ios/build/Build/Products/Debug-iphonesimulator/PackageFrameworks"
2026-04-22T16:45:01.1377870Z ignoring duplicate directory "/Users/runner/work/tcm-storage-ios/tcm-storage-ios/build/Build/Products/Debug-iphonesimulator/PackageFrameworks"
2026-04-22T16:45:01.1479890Z ignoring duplicate directory "/Users/runner/work/tcm-storage-ios/tcm-storage-ios/build/Build/Products/Debug-iphonesimulator/PackageFrameworks"
2026-04-22T16:45:01.1581330Z ignoring duplicate directory "/Users/runner/work/tcm-storage-ios/tcm-storage-ios/build/Build/Products/Debug-iphonesimulator/PackageFrameworks"
2026-04-22T16:45:01.1682990Z ignoring duplicate directory "/Users/runner/work/tcm-storage-ios/tcm-storage-ios/build/Build/Products/Debug-iphonesimulator/PackageFrameworks"
2026-04-22T16:45:01.1782590Z ignoring duplicate directory "/Users/runner/work/tcm-storage-ios/tcm-storage-ios/build/Build/Products/Debug-iphonesimulator/PackageFrameworks"
2026-04-22T16:45:01.1883900Z ignoring duplicate directory "/Users/runner/work/tcm-storage-ios/tcm-storage-ios/build/Build/Products/Debug-iphonesimulator/PackageFrameworks"
2026-04-22T16:45:01.1992760Z ignoring duplicate directory "/Users/runner/work/tcm-storage-ios/tcm-storage-ios/build/Build/Products/Debug-iphonesimulator/PackageFrameworks"
2026-04-22T16:45:01.2096630Z ignoring duplicate directory "/Users/runner/work/tcm-storage-ios/tcm-storage-ios/build/Build/Products/Debug-iphonesimulator/PackageFrameworks"
2026-04-22T16:45:01.2217470Z ignoring duplicate directory "/Users/runner/work/tcm-storage-ios/tcm-storage-ios/build/Build/Products/Debug-iphonesimulator/PackageFrameworks"
2026-04-22T16:45:01.2319260Z ignoring duplicate directory "/Users/runner/work/tcm-storage-ios/tcm-storage-ios/build/Build/Products/Debug-iphonesimulator/PackageFrameworks"
2026-04-22T16:45:01.2419860Z ignoring duplicate directory "/Users/runner/work/tcm-storage-ios/tcm-storage-ios/build/Build/Products/Debug-iphonesimulator/PackageFrameworks"
2026-04-22T16:45:01.2520140Z ignoring duplicate directory "/Users/runner/work/tcm-storage-ios/tcm-storage-ios/build/Build/Products/Debug-iphonesimulator/PackageFrameworks"
2026-04-22T16:45:01.2621780Z ignoring duplicate directory "/Users/runner/work/tcm-storage-ios/tcm-storage-ios/build/Build/Products/Debug-iphonesimulator/PackageFrameworks"
2026-04-22T16:45:01.2723680Z ignoring duplicate directory "/Users/runner/work/tcm-storage-ios/tcm-storage-ios/build/Build/Products/Debug-iphonesimulator/PackageFrameworks"
2026-04-22T16:45:01.2825650Z ignoring duplicate directory "/Users/runner/work/tcm-storage-ios/tcm-storage-ios/build/Build/Products/Debug-iphonesimulator/PackageFrameworks"
2026-04-22T16:45:01.2927930Z ignoring duplicate directory "/Users/runner/work/tcm-storage-ios/tcm-storage-ios/build/Build/Products/Debug-iphonesimulator/PackageFrameworks"
2026-04-22T16:45:01.3030670Z ignoring duplicate directory "/Users/runner/work/tcm-storage-ios/tcm-storage-ios/build/Build/Products/Debug-iphonesimulator/PackageFrameworks"
2026-04-22T16:45:01.3134420Z ignoring duplicate directory "/Users/runner/work/tcm-storage-ios/tcm-storage-ios/build/Build/Products/Debug-iphonesimulator/PackageFrameworks"
2026-04-22T16:45:01.3238310Z ignoring duplicate directory "/Users/runner/work/tcm-storage-ios/tcm-storage-ios/build/Build/Products/Debug-iphonesimulator/PackageFrameworks"
2026-04-22T16:45:01.3341380Z ignoring duplicate directory "/Users/runner/work/tcm-storage-ios/tcm-storage-ios/build/Build/Products/Debug-iphonesimulator/PackageFrameworks"
2026-04-22T16:45:01.3443370Z ignoring duplicate directory "/Users/runner/work/tcm-storage-ios/tcm-storage-ios/build/Build/Products/Debug-iphonesimulator/PackageFrameworks"
2026-04-22T16:45:01.3546280Z ignoring duplicate directory "/Users/runner/work/tcm-storage-ios/tcm-storage-ios/build/Build/Products/Debug-iphonesimulator/PackageFrameworks"
2026-04-22T16:45:01.3648830Z ignoring duplicate directory "/Users/runner/work/tcm-storage-ios/tcm-storage-ios/build/Build/Products/Debug-iphonesimulator/PackageFrameworks"
2026-04-22T16:45:01.3750400Z ignoring duplicate directory "/Users/runner/work/tcm-storage-ios/tcm-storage-ios/build/Build/Products/Debug-iphonesimulator/PackageFrameworks"
2026-04-22T16:45:01.3849970Z ignoring duplicate directory "/Users/runner/work/tcm-storage-ios/tcm-storage-ios/build/Build/Products/Debug-iphonesimulator/PackageFrameworks"
2026-04-22T16:45:01.3952970Z ignoring duplicate directory "/Users/runner/work/tcm-storage-ios/tcm-storage-ios/build/Build/Products/Debug-iphonesimulator/PackageFrameworks"
2026-04-22T16:45:01.4056800Z ignoring duplicate directory "/Users/runner/work/tcm-storage-ios/tcm-storage-ios/build/Build/Products/Debug-iphonesimulator/PackageFrameworks"
2026-04-22T16:45:01.4179160Z ignoring duplicate directory "/Users/runner/work/tcm-storage-ios/tcm-storage-ios/build/Build/Products/Debug-iphonesimulator/PackageFrameworks"
2026-04-22T16:45:01.4280760Z ignoring duplicate directory "/Users/runner/work/tcm-storage-ios/tcm-storage-ios/build/Build/Products/Debug-iphonesimulator/PackageFrameworks"
2026-04-22T16:45:01.4383000Z ignoring duplicate directory "/Users/runner/work/tcm-storage-ios/tcm-storage-ios/build/Build/Products/Debug-iphonesimulator/PackageFrameworks"
2026-04-22T16:45:01.4482960Z ignoring duplicate directory "/Users/runner/work/tcm-storage-ios/tcm-storage-ios/build/Build/Products/Debug-iphonesimulator/PackageFrameworks"
2026-04-22T16:45:01.4584640Z ignoring duplicate directory "/Users/runner/work/tcm-storage-ios/tcm-storage-ios/build/Build/Products/Debug-iphonesimulator/PackageFrameworks"
2026-04-22T16:45:01.4686350Z ignoring duplicate directory "/Users/runner/work/tcm-storage-ios/tcm-storage-ios/build/Build/Products/Debug-iphonesimulator/PackageFrameworks"
2026-04-22T16:45:01.4787990Z ignoring duplicate directory "/Users/runner/work/tcm-storage-ios/tcm-storage-ios/build/Build/Products/Debug-iphonesimulator/PackageFrameworks"
2026-04-22T16:45:01.4888820Z ignoring duplicate directory "/Users/runner/work/tcm-storage-ios/tcm-storage-ios/build/Build/Products/Debug-iphonesimulator/PackageFrameworks"
2026-04-22T16:45:01.4993850Z ignoring duplicate directory "/Users/runner/work/tcm-storage-ios/tcm-storage-ios/build/Build/Products/Debug-iphonesimulator/PackageFrameworks"
2026-04-22T16:45:01.5095350Z ignoring duplicate directory "/Users/runner/work/tcm-storage-ios/tcm-storage-ios/build/Build/Products/Debug-iphonesimulator/PackageFrameworks"
2026-04-22T16:45:01.5195930Z ignoring duplicate directory "/Users/runner/work/tcm-storage-ios/tcm-storage-ios/build/Build/Products/Debug-iphonesimulator/PackageFrameworks"
2026-04-22T16:45:01.5299230Z ignoring duplicate directory "/Users/runner/work/tcm-storage-ios/tcm-storage-ios/build/Build/Products/Debug-iphonesimulator/PackageFrameworks"
2026-04-22T16:45:01.5402720Z ignoring duplicate directory "/Users/runner/work/tcm-storage-ios/tcm-storage-ios/build/Build/Products/Debug-iphonesimulator/PackageFrameworks"
2026-04-22T16:45:01.5505830Z ignoring duplicate directory "/Users/runner/work/tcm-storage-ios/tcm-storage-ios/build/Build/Products/Debug-iphonesimulator/PackageFrameworks"
2026-04-22T16:45:01.5609930Z ignoring duplicate directory "/Users/runner/work/tcm-storage-ios/tcm-storage-ios/build/Build/Products/Debug-iphonesimulator/PackageFrameworks"
2026-04-22T16:45:01.5709720Z ignoring duplicate directory "/Users/runner/work/tcm-storage-ios/tcm-storage-ios/build/Build/Products/Debug-iphonesimulator/PackageFrameworks"
2026-04-22T16:45:01.5812300Z #include "..." search starts here:
2026-04-22T16:45:01.5917640Z  /Users/runner/work/tcm-storage-ios/tcm-storage-ios/build/Build/Intermediates.noindex/Nextcloud.build/Debug-iphonesimulator/Nextcloud.build/Nextcloud-generated-files.hmap (headermap)
2026-04-22T16:45:01.6022250Z  /Users/runner/work/tcm-storage-ios/tcm-storage-ios/build/Build/Intermediates.noindex/Nextcloud.build/Debug-iphonesimulator/Nextcloud.build/Nextcloud-project-headers.hmap (headermap)
2026-04-22T16:45:01.6124120Z #include <...> search starts here:
2026-04-22T16:45:01.6226390Z  /Users/runner/work/tcm-storage-ios/tcm-storage-ios/build/Build/Intermediates.noindex/Nextcloud.build/Debug-iphonesimulator/Nextcloud.build/Nextcloud-own-target-headers.hmap (headermap)
2026-04-22T16:45:01.6329400Z  /Users/runner/work/tcm-storage-ios/tcm-storage-ios/build/Build/Intermediates.noindex/Nextcloud.build/Debug-iphonesimulator/Nextcloud.build/Nextcloud-all-non-framework-target-headers.hmap (headermap)
2026-04-22T16:45:01.6431220Z  /Users/runner/work/tcm-storage-ios/tcm-storage-ios/build/SourcePackages/checkouts/swift-nio-ssl/Sources/CNIOBoringSSLShims/include
2026-04-22T16:45:01.6533230Z  /Users/runner/work/tcm-storage-ios/tcm-storage-ios/build/SourcePackages/checkouts/swift-nio-ssl/Sources/CNIOBoringSSL/include
2026-04-22T16:45:01.6633380Z  /Users/runner/work/tcm-storage-ios/tcm-storage-ios/build/SourcePackages/checkouts/swift-atomics/Sources/_AtomicsShims/include
2026-04-22T16:45:01.6736320Z  /Users/runner/work/tcm-storage-ios/tcm-storage-ios/build/SourcePackages/checkouts/swift-nio/Sources/CNIOPosix/include
2026-04-22T16:45:01.6838530Z  /Users/runner/work/tcm-storage-ios/tcm-storage-ios/build/SourcePackages/checkouts/swift-nio/Sources/CNIOWASI/include
2026-04-22T16:45:01.6951650Z  /Users/runner/work/tcm-storage-ios/tcm-storage-ios/build/SourcePackages/checkouts/swift-nio/Sources/CNIOWindows/include
2026-04-22T16:45:01.7054470Z  /Users/runner/work/tcm-storage-ios/tcm-storage-ios/build/SourcePackages/checkouts/swift-nio/Sources/CNIOLinux/include
2026-04-22T16:45:01.7154710Z  /Users/runner/work/tcm-storage-ios/tcm-storage-ios/build/SourcePackages/checkouts/swift-nio/Sources/CNIODarwin/include
2026-04-22T16:45:01.7255170Z  /Users/runner/work/tcm-storage-ios/tcm-storage-ios/build/SourcePackages/checkouts/swift-nio/Sources/CNIOOpenBSD/include
2026-04-22T16:45:01.7356580Z  /Users/runner/work/tcm-storage-ios/tcm-storage-ios/build/SourcePackages/checkouts/swift-nio/Sources/CNIOAtomics/include
2026-04-22T16:45:01.7457170Z  /Users/runner/work/tcm-storage-ios/tcm-storage-ios/build/SourcePackages/checkouts/realm-core/src
2026-04-22T16:45:01.7558360Z  /Users/runner/work/tcm-storage-ios/tcm-storage-ios/build/SourcePackages/checkouts/realm-core/src/external/s2
2026-04-22T16:45:01.7658770Z  /Users/runner/work/tcm-storage-ios/tcm-storage-ios/build/SourcePackages/checkouts/realm-core/src/external/IntelRDFPMathLib20U2/LIBRARY/src
2026-04-22T16:45:01.7759200Z  /Users/runner/work/tcm-storage-ios/tcm-storage-ios/build/SourcePackages/checkouts/realm-core/src/spm
2026-04-22T16:45:01.7860420Z  /Users/runner/work/tcm-storage-ios/tcm-storage-ios/build/SourcePackages/checkouts/realm-swift/include
2026-04-22T16:45:01.7961280Z  /Users/runner/work/tcm-storage-ios/tcm-storage-ios/build/SourcePackages/checkouts/GoogleUtilities/GoogleUtilities/NSData+zlib/Public
2026-04-22T16:45:01.8061550Z  /Users/runner/work/tcm-storage-ios/tcm-storage-ios/build/SourcePackages/checkouts/GoogleUtilities/GoogleUtilities/Logger/Public
2026-04-22T16:45:01.8163360Z  /Users/runner/work/tcm-storage-ios/tcm-storage-ios/build/SourcePackages/checkouts/GoogleUtilities/GoogleUtilities/Environment/Public
2026-04-22T16:45:01.8263710Z  /Users/runner/work/tcm-storage-ios/tcm-storage-ios/build/SourcePackages/checkouts/GoogleUtilities/third_party/IsAppEncrypted/Public
2026-04-22T16:45:01.8365430Z  /Users/runner/work/tcm-storage-ios/tcm-storage-ios/build/SourcePackages/checkouts/GoogleUtilities/GoogleUtilities/UserDefaults/Public
2026-04-22T16:45:01.8467340Z  /Users/runner/work/tcm-storage-ios/tcm-storage-ios/build/SourcePackages/checkouts/nanopb/spm_headers
2026-04-22T16:45:01.8575500Z  /Users/runner/work/tcm-storage-ios/tcm-storage-ios/build/SourcePackages/checkouts/promises/Sources/FBLPromises/include
2026-04-22T16:45:01.8695590Z  /Users/runner/work/tcm-storage-ios/tcm-storage-ios/build/SourcePackages/checkouts/GoogleDataTransport/GoogleDataTransport/GDTCORLibrary/Public
2026-04-22T16:45:01.8797430Z  /Users/runner/work/tcm-storage-ios/tcm-storage-ios/build/SourcePackages/checkouts/firebase-ios-sdk/FirebaseSessions/SourcesObjC
2026-04-22T16:45:01.8897940Z  /Users/runner/work/tcm-storage-ios/tcm-storage-ios/build/SourcePackages/checkouts/firebase-ios-sdk/FirebaseCore/Extension
2026-04-22T16:45:01.8999440Z  /Users/runner/work/tcm-storage-ios/tcm-storage-ios/build/SourcePackages/checkouts/firebase-ios-sdk/FirebaseInstallations/Source/Library/Public
2026-04-22T16:45:01.9101130Z  /Users/runner/work/tcm-storage-ios/tcm-storage-ios/build/SourcePackages/checkouts/firebase-ios-sdk/FirebaseCore/Sources/Public
2026-04-22T16:45:01.9202750Z  /Users/runner/work/tcm-storage-ios/tcm-storage-ios/build/SourcePackages/checkouts/firebase-ios-sdk/CoreOnly/Sources
2026-04-22T16:45:01.9305310Z  /Users/runner/work/tcm-storage-ios/tcm-storage-ios/build/SourcePackages/checkouts/firebase-ios-sdk/Crashlytics/Crashlytics/Public
2026-04-22T16:45:01.9406910Z  /Users/runner/work/tcm-storage-ios/tcm-storage-ios/build/SourcePackages/checkouts/GzipSwift/Sources/system-zlib/include
2026-04-22T16:45:01.9507700Z  /Users/runner/work/tcm-storage-ios/tcm-storage-ios/build/Build/Intermediates.noindex/Nextcloud.build/Debug-iphonesimulator/Nextcloud.build/DerivedSources
2026-04-22T16:45:01.9608370Z  /Users/runner/work/tcm-storage-ios/tcm-storage-ios/build/Build/Products/Debug-iphonesimulator/PackageFrameworks (framework directory)
2026-04-22T16:45:01.9710490Z  /Users/runner/work/tcm-storage-ios/tcm-storage-ios/build/Build/Products/Debug-iphonesimulator (framework directory)
2026-04-22T16:45:01.9810650Z  /Applications/Xcode_26.2.app/Contents/Developer/Platforms/iPhoneSimulator.platform/Developer/Library/Frameworks (framework directory)
2026-04-22T16:45:01.9912480Z  /Applications/Xcode_26.2.app/Contents/Developer/Platforms/iPhoneSimulator.platform/Developer/SDKs/iPhoneSimulator26.2.sdk/Developer/Library/Frameworks (framework directory)
2026-04-22T16:45:02.0012710Z  /Applications/Xcode_26.2.app/Contents/Developer/Toolchains/XcodeDefault.xctoolchain/usr/lib/clang/17/include
2026-04-22T16:45:02.0114270Z  /Applications/Xcode_26.2.app/Contents/Developer/Platforms/iPhoneSimulator.platform/Developer/SDKs/iPhoneSimulator26.2.sdk/usr/include
2026-04-22T16:45:02.0215850Z  /Applications/Xcode_26.2.app/Contents/Developer/Toolchains/XcodeDefault.xctoolchain/usr/include
2026-04-22T16:45:02.0317600Z  /Applications/Xcode_26.2.app/Contents/Developer/Platforms/iPhoneSimulator.platform/Developer/SDKs/iPhoneSimulator26.2.sdk/System/Library/Frameworks (framework directory)
2026-04-22T16:45:02.0419450Z  /Applications/Xcode_26.2.app/Contents/Developer/Platforms/iPhoneSimulator.platform/Developer/SDKs/iPhoneSimulator26.2.sdk/System/Library/SubFrameworks (framework directory)
2026-04-22T16:45:02.0520950Z End of search list.
2026-04-22T16:45:02.0621770Z clang -cc1 version 17.0.0 (clang-1700.6.3.2) default target arm64-apple-darwin24.6.0
2026-04-22T16:45:02.0722990Z ignoring nonexistent directory "/Users/runner/work/tcm-storage-ios/tcm-storage-ios/build/Build/Products/Debug-iphonesimulator/include"
2026-04-22T16:45:02.0723960Z ignoring nonexistent directory "/Users/runner/work/tcm-storage-ios/tcm-storage-ios/build/Build/Intermediates.noindex/Nextcloud.build/Debug-iphonesimulator/Nextcloud.build/DerivedSources-normal/arm64"
2026-04-22T16:45:02.0725070Z ignoring nonexistent directory "/Users/runner/work/tcm-storage-ios/tcm-storage-ios/build/Build/Intermediates.noindex/Nextcloud.build/Debug-iphonesimulator/Nextcloud.build/DerivedSources/arm64"
2026-04-22T16:45:02.0826660Z ignoring nonexistent directory "/Applications/Xcode_26.2.app/Contents/Developer/Platforms/iPhoneSimulator.platform/Developer/SDKs/iPhoneSimulator26.2.sdk/usr/local/include"
2026-04-22T16:45:02.0935210Z ignoring nonexistent directory "/Applications/Xcode_26.2.app/Contents/Developer/Platforms/iPhoneSimulator.platform/Developer/SDKs/iPhoneSimulator26.2.sdk/Library/Frameworks"
2026-04-22T16:45:02.1029270Z ignoring duplicate directory "/Users/runner/work/tcm-storage-ios/tcm-storage-ios/build/Build/Products/Debug-iphonesimulator/PackageFrameworks"
2026-04-22T16:45:02.1130970Z ignoring duplicate directory "/Users/runner/work/tcm-storage-ios/tcm-storage-ios/build/Build/Products/Debug-iphonesimulator/PackageFrameworks"
2026-04-22T16:45:02.1284370Z ignoring duplicate directory "/Users/runner/work/tcm-storage-ios/tcm-storage-ios/build/Build/Products/Debug-iphonesimulator/PackageFrameworks"
2026-04-22T16:45:02.1335680Z ignoring duplicate directory "/Users/runner/work/tcm-storage-ios/tcm-storage-ios/build/Build/Products/Debug-iphonesimulator/PackageFrameworks"
2026-04-22T16:45:02.1453880Z ignoring duplicate directory "/Users/runner/work/tcm-storage-ios/tcm-storage-ios/build/Build/Products/Debug-iphonesimulator/PackageFrameworks"
2026-04-22T16:45:02.1559460Z ignoring duplicate directory "/Users/runner/work/tcm-storage-ios/tcm-storage-ios/build/Build/Products/Debug-iphonesimulator/PackageFrameworks"
2026-04-22T16:45:02.1662780Z ignoring duplicate directory "/Users/runner/work/tcm-storage-ios/tcm-storage-ios/build/Build/Products/Debug-iphonesimulator/PackageFrameworks"
2026-04-22T16:45:02.1765130Z ignoring duplicate directory "/Users/runner/work/tcm-storage-ios/tcm-storage-ios/build/Build/Products/Debug-iphonesimulator/PackageFrameworks"
2026-04-22T16:45:02.1867160Z ignoring duplicate directory "/Users/runner/work/tcm-storage-ios/tcm-storage-ios/build/Build/Products/Debug-iphonesimulator/PackageFrameworks"
2026-04-22T16:45:02.1969580Z ignoring duplicate directory "/Users/runner/work/tcm-storage-ios/tcm-storage-ios/build/Build/Products/Debug-iphonesimulator/PackageFrameworks"
2026-04-22T16:45:02.2071400Z ignoring duplicate directory "/Users/runner/work/tcm-storage-ios/tcm-storage-ios/build/Build/Products/Debug-iphonesimulator/PackageFrameworks"
2026-04-22T16:45:02.2175880Z ignoring duplicate directory "/Users/runner/work/tcm-storage-ios/tcm-storage-ios/build/Build/Products/Debug-iphonesimulator/PackageFrameworks"
2026-04-22T16:45:02.2281840Z ignoring duplicate directory "/Users/runner/work/tcm-storage-ios/tcm-storage-ios/build/Build/Products/Debug-iphonesimulator/PackageFrameworks"
2026-04-22T16:45:02.2427200Z ignoring duplicate directory "/Users/runner/work/tcm-storage-ios/tcm-storage-ios/build/Build/Products/Debug-iphonesimulator/PackageFrameworks"
2026-04-22T16:45:02.2553510Z ignoring duplicate directory "/Users/runner/work/tcm-storage-ios/tcm-storage-ios/build/Build/Products/Debug-iphonesimulator/PackageFrameworks"
2026-04-22T16:45:02.2634370Z ignoring duplicate directory "/Users/runner/work/tcm-storage-ios/tcm-storage-ios/build/Build/Products/Debug-iphonesimulator/PackageFrameworks"
2026-04-22T16:45:02.2740780Z ignoring duplicate directory "/Users/runner/work/tcm-storage-ios/tcm-storage-ios/build/Build/Products/Debug-iphonesimulator/PackageFrameworks"
2026-04-22T16:45:02.2845220Z ignoring duplicate directory "/Users/runner/work/tcm-storage-ios/tcm-storage-ios/build/Build/Products/Debug-iphonesimulator/PackageFrameworks"
2026-04-22T16:45:02.2947390Z ignoring duplicate directory "/Users/runner/work/tcm-storage-ios/tcm-storage-ios/build/Build/Products/Debug-iphonesimulator/PackageFrameworks"
2026-04-22T16:45:02.3057520Z ignoring duplicate directory "/Users/runner/work/tcm-storage-ios/tcm-storage-ios/build/Build/Products/Debug-iphonesimulator/PackageFrameworks"
2026-04-22T16:45:02.3161870Z ignoring duplicate directory "/Users/runner/work/tcm-storage-ios/tcm-storage-ios/build/Build/Products/Debug-iphonesimulator/PackageFrameworks"
2026-04-22T16:45:02.3265500Z ignoring duplicate directory "/Users/runner/work/tcm-storage-ios/tcm-storage-ios/build/Build/Products/Debug-iphonesimulator/PackageFrameworks"
2026-04-22T16:45:02.3373850Z ignoring duplicate directory "/Users/runner/work/tcm-storage-ios/tcm-storage-ios/build/Build/Products/Debug-iphonesimulator/PackageFrameworks"
2026-04-22T16:45:02.3456080Z ignoring duplicate directory "/Users/runner/work/tcm-storage-ios/tcm-storage-ios/build/Build/Products/Debug-iphonesimulator/PackageFrameworks"
2026-04-22T16:45:02.3573270Z ignoring duplicate directory "/Users/runner/work/tcm-storage-ios/tcm-storage-ios/build/Build/Products/Debug-iphonesimulator/PackageFrameworks"
2026-04-22T16:45:02.3681470Z ignoring duplicate directory "/Users/runner/work/tcm-storage-ios/tcm-storage-ios/build/Build/Products/Debug-iphonesimulator/PackageFrameworks"
2026-04-22T16:45:02.3798820Z ignoring duplicate directory "/Users/runner/work/tcm-storage-ios/tcm-storage-ios/build/Build/Products/Debug-iphonesimulator/PackageFrameworks"
2026-04-22T16:45:02.3928160Z ignoring duplicate directory "/Users/runner/work/tcm-storage-ios/tcm-storage-ios/build/Build/Products/Debug-iphonesimulator/PackageFrameworks"
2026-04-22T16:45:02.4058940Z ignoring duplicate directory "/Users/runner/work/tcm-storage-ios/tcm-storage-ios/build/Build/Products/Debug-iphonesimulator/PackageFrameworks"
2026-04-22T16:45:02.4161580Z ignoring duplicate directory "/Users/runner/work/tcm-storage-ios/tcm-storage-ios/build/Build/Products/Debug-iphonesimulator/PackageFrameworks"
2026-04-22T16:45:02.4292860Z ignoring duplicate directory "/Users/runner/work/tcm-storage-ios/tcm-storage-ios/build/Build/Products/Debug-iphonesimulator/PackageFrameworks"
2026-04-22T16:45:02.4400080Z ignoring duplicate directory "/Users/runner/work/tcm-storage-ios/tcm-storage-ios/build/Build/Products/Debug-iphonesimulator/PackageFrameworks"
2026-04-22T16:45:02.4502200Z ignoring duplicate directory "/Users/runner/work/tcm-storage-ios/tcm-storage-ios/build/Build/Products/Debug-iphonesimulator/PackageFrameworks"
2026-04-22T16:45:02.4605950Z ignoring duplicate directory "/Users/runner/work/tcm-storage-ios/tcm-storage-ios/build/Build/Products/Debug-iphonesimulator/PackageFrameworks"
2026-04-22T16:45:02.4711110Z ignoring duplicate directory "/Users/runner/work/tcm-storage-ios/tcm-storage-ios/build/Build/Products/Debug-iphonesimulator/PackageFrameworks"
2026-04-22T16:45:02.4812930Z ignoring duplicate directory "/Users/runner/work/tcm-storage-ios/tcm-storage-ios/build/Build/Products/Debug-iphonesimulator/PackageFrameworks"
2026-04-22T16:45:02.4914690Z ignoring duplicate directory "/Users/runner/work/tcm-storage-ios/tcm-storage-ios/build/Build/Products/Debug-iphonesimulator/PackageFrameworks"
2026-04-22T16:45:02.5014980Z ignoring duplicate directory "/Users/runner/work/tcm-storage-ios/tcm-storage-ios/build/Build/Products/Debug-iphonesimulator/PackageFrameworks"
2026-04-22T16:45:02.5117090Z ignoring duplicate directory "/Users/runner/work/tcm-storage-ios/tcm-storage-ios/build/Build/Products/Debug-iphonesimulator/PackageFrameworks"
2026-04-22T16:45:02.5217570Z ignoring duplicate directory "/Users/runner/work/tcm-storage-ios/tcm-storage-ios/build/Build/Products/Debug-iphonesimulator/PackageFrameworks"
2026-04-22T16:45:02.5317900Z ignoring duplicate directory "/Users/runner/work/tcm-storage-ios/tcm-storage-ios/build/Build/Products/Debug-iphonesimulator/PackageFrameworks"
2026-04-22T16:45:02.5418540Z ignoring duplicate directory "/Users/runner/work/tcm-storage-ios/tcm-storage-ios/build/Build/Products/Debug-iphonesimulator/PackageFrameworks"
2026-04-22T16:45:02.5520110Z ignoring duplicate directory "/Users/runner/work/tcm-storage-ios/tcm-storage-ios/build/Build/Products/Debug-iphonesimulator/PackageFrameworks"
2026-04-22T16:45:02.5620560Z ignoring duplicate directory "/Users/runner/work/tcm-storage-ios/tcm-storage-ios/build/Build/Products/Debug-iphonesimulator/PackageFrameworks"
2026-04-22T16:45:02.5723090Z ignoring duplicate directory "/Users/runner/work/tcm-storage-ios/tcm-storage-ios/build/Build/Products/Debug-iphonesimulator/PackageFrameworks"
2026-04-22T16:45:02.5822960Z ignoring duplicate directory "/Users/runner/work/tcm-storage-ios/tcm-storage-ios/build/Build/Products/Debug-iphonesimulator/PackageFrameworks"
2026-04-22T16:45:02.5925080Z ignoring duplicate directory "/Users/runner/work/tcm-storage-ios/tcm-storage-ios/build/Build/Products/Debug-iphonesimulator/PackageFrameworks"
2026-04-22T16:45:02.6024560Z ignoring duplicate directory "/Users/runner/work/tcm-storage-ios/tcm-storage-ios/build/Build/Products/Debug-iphonesimulator/PackageFrameworks"
2026-04-22T16:45:02.6126490Z ignoring duplicate directory "/Users/runner/work/tcm-storage-ios/tcm-storage-ios/build/Build/Products/Debug-iphonesimulator/PackageFrameworks"
2026-04-22T16:45:02.6229520Z ignoring duplicate directory "/Users/runner/work/tcm-storage-ios/tcm-storage-ios/build/Build/Products/Debug-iphonesimulator/PackageFrameworks"
2026-04-22T16:45:02.6329970Z ignoring duplicate directory "/Users/runner/work/tcm-storage-ios/tcm-storage-ios/build/Build/Products/Debug-iphonesimulator/PackageFrameworks"
2026-04-22T16:45:02.6409870Z ignoring duplicate directory "/Users/runner/work/tcm-storage-ios/tcm-storage-ios/build/Build/Products/Debug-iphonesimulator/PackageFrameworks"
2026-04-22T16:45:02.6511600Z ignoring duplicate directory "/Users/runner/work/tcm-storage-ios/tcm-storage-ios/build/Build/Products/Debug-iphonesimulator/PackageFrameworks"
2026-04-22T16:45:02.6613720Z ignoring duplicate directory "/Users/runner/work/tcm-storage-ios/tcm-storage-ios/build/Build/Products/Debug-iphonesimulator/PackageFrameworks"
2026-04-22T16:45:02.6715330Z ignoring duplicate directory "/Users/runner/work/tcm-storage-ios/tcm-storage-ios/build/Build/Products/Debug-iphonesimulator/PackageFrameworks"
2026-04-22T16:45:02.6817380Z ignoring duplicate directory "/Users/runner/work/tcm-storage-ios/tcm-storage-ios/build/Build/Products/Debug-iphonesimulator/PackageFrameworks"
2026-04-22T16:45:02.6920010Z ignoring duplicate directory "/Users/runner/work/tcm-storage-ios/tcm-storage-ios/build/Build/Products/Debug-iphonesimulator/PackageFrameworks"
2026-04-22T16:45:02.7024940Z ignoring duplicate directory "/Users/runner/work/tcm-storage-ios/tcm-storage-ios/build/Build/Products/Debug-iphonesimulator/PackageFrameworks"
2026-04-22T16:45:02.7128230Z ignoring duplicate directory "/Users/runner/work/tcm-storage-ios/tcm-storage-ios/build/Build/Products/Debug-iphonesimulator/PackageFrameworks"
2026-04-22T16:45:02.7255810Z ignoring duplicate directory "/Users/runner/work/tcm-storage-ios/tcm-storage-ios/build/Build/Products/Debug-iphonesimulator/PackageFrameworks"
2026-04-22T16:45:02.7356330Z ignoring duplicate directory "/Users/runner/work/tcm-storage-ios/tcm-storage-ios/build/Build/Products/Debug-iphonesimulator/PackageFrameworks"
2026-04-22T16:45:02.7458090Z ignoring duplicate directory "/Users/runner/work/tcm-storage-ios/tcm-storage-ios/build/Build/Products/Debug-iphonesimulator/PackageFrameworks"
2026-04-22T16:45:02.7558720Z ignoring duplicate directory "/Users/runner/work/tcm-storage-ios/tcm-storage-ios/build/Build/Products/Debug-iphonesimulator/PackageFrameworks"
2026-04-22T16:45:02.7660560Z ignoring duplicate directory "/Users/runner/work/tcm-storage-ios/tcm-storage-ios/build/Build/Products/Debug-iphonesimulator/PackageFrameworks"
2026-04-22T16:45:02.7762590Z ignoring duplicate directory "/Users/runner/work/tcm-storage-ios/tcm-storage-ios/build/Build/Products/Debug-iphonesimulator/PackageFrameworks"
2026-04-22T16:45:02.7865620Z ignoring duplicate directory "/Users/runner/work/tcm-storage-ios/tcm-storage-ios/build/Build/Products/Debug-iphonesimulator/PackageFrameworks"
2026-04-22T16:45:02.7967260Z ignoring duplicate directory "/Users/runner/work/tcm-storage-ios/tcm-storage-ios/build/Build/Products/Debug-iphonesimulator/PackageFrameworks"
2026-04-22T16:45:02.8067460Z ignoring duplicate directory "/Users/runner/work/tcm-storage-ios/tcm-storage-ios/build/Build/Products/Debug-iphonesimulator/PackageFrameworks"
2026-04-22T16:45:02.8171400Z ignoring duplicate directory "/Users/runner/work/tcm-storage-ios/tcm-storage-ios/build/Build/Products/Debug-iphonesimulator/PackageFrameworks"
2026-04-22T16:45:02.8273410Z ignoring duplicate directory "/Users/runner/work/tcm-storage-ios/tcm-storage-ios/build/Build/Products/Debug-iphonesimulator/PackageFrameworks"
2026-04-22T16:45:02.8375550Z ignoring duplicate directory "/Users/runner/work/tcm-storage-ios/tcm-storage-ios/build/Build/Products/Debug-iphonesimulator/PackageFrameworks"
2026-04-22T16:45:02.8477430Z ignoring duplicate directory "/Users/runner/work/tcm-storage-ios/tcm-storage-ios/build/Build/Products/Debug-iphonesimulator/PackageFrameworks"
2026-04-22T16:45:02.8580230Z ignoring duplicate directory "/Users/runner/work/tcm-storage-ios/tcm-storage-ios/build/Build/Products/Debug-iphonesimulator/PackageFrameworks"
2026-04-22T16:45:02.8681760Z ignoring duplicate directory "/Users/runner/work/tcm-storage-ios/tcm-storage-ios/build/Build/Products/Debug-iphonesimulator/PackageFrameworks"
2026-04-22T16:45:02.8784110Z ignoring duplicate directory "/Users/runner/work/tcm-storage-ios/tcm-storage-ios/build/Build/Products/Debug-iphonesimulator/PackageFrameworks"
2026-04-22T16:45:02.8885040Z ignoring duplicate directory "/Users/runner/work/tcm-storage-ios/tcm-storage-ios/build/Build/Products/Debug-iphonesimulator/PackageFrameworks"
2026-04-22T16:45:02.8985030Z #include "..." search starts here:
2026-04-22T16:45:02.9086990Z  /Users/runner/work/tcm-storage-ios/tcm-storage-ios/build/Build/Intermediates.noindex/Nextcloud.build/Debug-iphonesimulator/Nextcloud.build/Nextcloud-generated-files.hmap (headermap)
2026-04-22T16:45:02.9187460Z  /Users/runner/work/tcm-storage-ios/tcm-storage-ios/build/Build/Intermediates.noindex/Nextcloud.build/Debug-iphonesimulator/Nextcloud.build/Nextcloud-project-headers.hmap (headermap)
2026-04-22T16:45:02.9287450Z #include <...> search starts here:
2026-04-22T16:45:02.9388730Z  /Users/runner/work/tcm-storage-ios/tcm-storage-ios/build/Build/Intermediates.noindex/Nextcloud.build/Debug-iphonesimulator/Nextcloud.build/Nextcloud-own-target-headers.hmap (headermap)
2026-04-22T16:45:02.9489970Z  /Users/runner/work/tcm-storage-ios/tcm-storage-ios/build/Build/Intermediates.noindex/Nextcloud.build/Debug-iphonesimulator/Nextcloud.build/Nextcloud-all-non-framework-target-headers.hmap (headermap)
2026-04-22T16:45:02.9591850Z  /Users/runner/work/tcm-storage-ios/tcm-storage-ios/build/SourcePackages/checkouts/swift-nio-ssl/Sources/CNIOBoringSSLShims/include
2026-04-22T16:45:02.9693440Z  /Users/runner/work/tcm-storage-ios/tcm-storage-ios/build/SourcePackages/checkouts/swift-nio-ssl/Sources/CNIOBoringSSL/include
2026-04-22T16:45:02.9794100Z  /Users/runner/work/tcm-storage-ios/tcm-storage-ios/build/SourcePackages/checkouts/swift-atomics/Sources/_AtomicsShims/include
2026-04-22T16:45:02.9895200Z  /Users/runner/work/tcm-storage-ios/tcm-storage-ios/build/SourcePackages/checkouts/swift-nio/Sources/CNIOPosix/include
2026-04-22T16:45:02.9995820Z  /Users/runner/work/tcm-storage-ios/tcm-storage-ios/build/SourcePackages/checkouts/swift-nio/Sources/CNIOWASI/include
2026-04-22T16:45:03.0098490Z  /Users/runner/work/tcm-storage-ios/tcm-storage-ios/build/SourcePackages/checkouts/swift-nio/Sources/CNIOWindows/include
2026-04-22T16:45:03.0204880Z  /Users/runner/work/tcm-storage-ios/tcm-storage-ios/build/SourcePackages/checkouts/swift-nio/Sources/CNIOLinux/include
2026-04-22T16:45:03.0306770Z  /Users/runner/work/tcm-storage-ios/tcm-storage-ios/build/SourcePackages/checkouts/swift-nio/Sources/CNIODarwin/include
2026-04-22T16:45:03.0408490Z  /Users/runner/work/tcm-storage-ios/tcm-storage-ios/build/SourcePackages/checkouts/swift-nio/Sources/CNIOOpenBSD/include
2026-04-22T16:45:03.0510140Z  /Users/runner/work/tcm-storage-ios/tcm-storage-ios/build/SourcePackages/checkouts/swift-nio/Sources/CNIOAtomics/include
2026-04-22T16:45:03.0611650Z  /Users/runner/work/tcm-storage-ios/tcm-storage-ios/build/SourcePackages/checkouts/realm-core/src
2026-04-22T16:45:03.0713240Z  /Users/runner/work/tcm-storage-ios/tcm-storage-ios/build/SourcePackages/checkouts/realm-core/src/external/s2
2026-04-22T16:45:03.0815020Z  /Users/runner/work/tcm-storage-ios/tcm-storage-ios/build/SourcePackages/checkouts/realm-core/src/external/IntelRDFPMathLib20U2/LIBRARY/src
2026-04-22T16:45:03.0916620Z  /Users/runner/work/tcm-storage-ios/tcm-storage-ios/build/SourcePackages/checkouts/realm-core/src/spm
2026-04-22T16:45:03.1017030Z  /Users/runner/work/tcm-storage-ios/tcm-storage-ios/build/SourcePackages/checkouts/realm-swift/include
2026-04-22T16:45:03.1119970Z  /Users/runner/work/tcm-storage-ios/tcm-storage-ios/build/SourcePackages/checkouts/GoogleUtilities/GoogleUtilities/NSData+zlib/Public
2026-04-22T16:45:03.1222500Z  /Users/runner/work/tcm-storage-ios/tcm-storage-ios/build/SourcePackages/checkouts/GoogleUtilities/GoogleUtilities/Logger/Public
2026-04-22T16:45:03.1322900Z  /Users/runner/work/tcm-storage-ios/tcm-storage-ios/build/SourcePackages/checkouts/GoogleUtilities/GoogleUtilities/Environment/Public
2026-04-22T16:45:03.1423260Z  /Users/runner/work/tcm-storage-ios/tcm-storage-ios/build/SourcePackages/checkouts/GoogleUtilities/third_party/IsAppEncrypted/Public
2026-04-22T16:45:03.1525220Z  /Users/runner/work/tcm-storage-ios/tcm-storage-ios/build/SourcePackages/checkouts/GoogleUtilities/GoogleUtilities/UserDefaults/Public
2026-04-22T16:45:03.1626430Z  /Users/runner/work/tcm-storage-ios/tcm-storage-ios/build/SourcePackages/checkouts/nanopb/spm_headers
2026-04-22T16:45:03.1727600Z  /Users/runner/work/tcm-storage-ios/tcm-storage-ios/build/SourcePackages/checkouts/promises/Sources/FBLPromises/include
2026-04-22T16:45:03.1829700Z  /Users/runner/work/tcm-storage-ios/tcm-storage-ios/build/SourcePackages/checkouts/GoogleDataTransport/GoogleDataTransport/GDTCORLibrary/Public
2026-04-22T16:45:03.1930010Z  /Users/runner/work/tcm-storage-ios/tcm-storage-ios/build/SourcePackages/checkouts/firebase-ios-sdk/FirebaseSessions/SourcesObjC
2026-04-22T16:45:03.2033550Z  /Users/runner/work/tcm-storage-ios/tcm-storage-ios/build/SourcePackages/checkouts/firebase-ios-sdk/FirebaseCore/Extension
2026-04-22T16:45:03.2136620Z  /Users/runner/work/tcm-storage-ios/tcm-storage-ios/build/SourcePackages/checkouts/firebase-ios-sdk/FirebaseInstallations/Source/Library/Public
2026-04-22T16:45:03.2239420Z  /Users/runner/work/tcm-storage-ios/tcm-storage-ios/build/SourcePackages/checkouts/firebase-ios-sdk/FirebaseCore/Sources/Public
2026-04-22T16:45:03.2339850Z  /Users/runner/work/tcm-storage-ios/tcm-storage-ios/build/SourcePackages/checkouts/firebase-ios-sdk/CoreOnly/Sources
2026-04-22T16:45:03.2441890Z  /Users/runner/work/tcm-storage-ios/tcm-storage-ios/build/SourcePackages/checkouts/firebase-ios-sdk/Crashlytics/Crashlytics/Public
2026-04-22T16:45:03.2544300Z  /Users/runner/work/tcm-storage-ios/tcm-storage-ios/build/SourcePackages/checkouts/GzipSwift/Sources/system-zlib/include
2026-04-22T16:45:03.2647100Z  /Users/runner/work/tcm-storage-ios/tcm-storage-ios/build/Build/Intermediates.noindex/Nextcloud.build/Debug-iphonesimulator/Nextcloud.build/DerivedSources
2026-04-22T16:45:03.2775780Z  /Users/runner/work/tcm-storage-ios/tcm-storage-ios/build/Build/Products/Debug-iphonesimulator/PackageFrameworks (framework directory)
2026-04-22T16:45:03.2777900Z  /Users/runner/work/tcm-storage-ios/tcm-storage-ios/build/Build/Products/Debug-iphonesimulator (framework directory)
2026-04-22T16:45:03.2880190Z  /Applications/Xcode_26.2.app/Contents/Developer/Platforms/iPhoneSimulator.platform/Developer/Library/Frameworks (framework directory)
2026-04-22T16:45:03.2988470Z  /Applications/Xcode_26.2.app/Contents/Developer/Platforms/iPhoneSimulator.platform/Developer/SDKs/iPhoneSimulator26.2.sdk/Developer/Library/Frameworks (framework directory)
2026-04-22T16:45:03.3090130Z  /Applications/Xcode_26.2.app/Contents/Developer/Toolchains/XcodeDefault.xctoolchain/usr/lib/clang/17/include
2026-04-22T16:45:03.3193110Z  /Applications/Xcode_26.2.app/Contents/Developer/Platforms/iPhoneSimulator.platform/Developer/SDKs/iPhoneSimulator26.2.sdk/usr/include
2026-04-22T16:45:03.3297460Z  /Applications/Xcode_26.2.app/Contents/Developer/Toolchains/XcodeDefault.xctoolchain/usr/include
2026-04-22T16:45:03.3399910Z  /Applications/Xcode_26.2.app/Contents/Developer/Platforms/iPhoneSimulator.platform/Developer/SDKs/iPhoneSimulator26.2.sdk/System/Library/Frameworks (framework directory)
2026-04-22T16:45:03.3501710Z  /Applications/Xcode_26.2.app/Contents/Developer/Platforms/iPhoneSimulator.platform/Developer/SDKs/iPhoneSimulator26.2.sdk/System/Library/SubFrameworks (framework directory)
2026-04-22T16:45:03.3603320Z End of search list.
2026-04-22T16:45:03.3704530Z clang -cc1 version 17.0.0 (clang-1700.6.3.2) default target arm64-apple-darwin24.6.0
2026-04-22T16:45:03.3805930Z ignoring nonexistent directory "/Users/runner/work/tcm-storage-ios/tcm-storage-ios/build/Build/Products/Debug-iphonesimulator/include"
2026-04-22T16:45:03.3907900Z ignoring nonexistent directory "/Users/runner/work/tcm-storage-ios/tcm-storage-ios/build/Build/Intermediates.noindex/Nextcloud.build/Debug-iphonesimulator/Nextcloud.build/DerivedSources-normal/arm64"
2026-04-22T16:45:03.4011380Z ignoring nonexistent directory "/Users/runner/work/tcm-storage-ios/tcm-storage-ios/build/Build/Intermediates.noindex/Nextcloud.build/Debug-iphonesimulator/Nextcloud.build/DerivedSources/arm64"
2026-04-22T16:45:03.4121490Z ignoring nonexistent directory "/Applications/Xcode_26.2.app/Contents/Developer/Platforms/iPhoneSimulator.platform/Developer/SDKs/iPhoneSimulator26.2.sdk/usr/local/include"
2026-04-22T16:45:03.4236750Z ignoring nonexistent directory "/Applications/Xcode_26.2.app/Contents/Developer/Platforms/iPhoneSimulator.platform/Developer/SDKs/iPhoneSimulator26.2.sdk/Library/Frameworks"
2026-04-22T16:45:03.4338540Z ignoring duplicate directory "/Users/runner/work/tcm-storage-ios/tcm-storage-ios/build/Build/Products/Debug-iphonesimulator/PackageFrameworks"
2026-04-22T16:45:03.4440330Z ignoring duplicate directory "/Users/runner/work/tcm-storage-ios/tcm-storage-ios/build/Build/Products/Debug-iphonesimulator/PackageFrameworks"
2026-04-22T16:45:03.4542240Z ignoring duplicate directory "/Users/runner/work/tcm-storage-ios/tcm-storage-ios/build/Build/Products/Debug-iphonesimulator/PackageFrameworks"
2026-04-22T16:45:03.4647040Z ignoring duplicate directory "/Users/runner/work/tcm-storage-ios/tcm-storage-ios/build/Build/Products/Debug-iphonesimulator/PackageFrameworks"
2026-04-22T16:45:03.4749520Z ignoring duplicate directory "/Users/runner/work/tcm-storage-ios/tcm-storage-ios/build/Build/Products/Debug-iphonesimulator/PackageFrameworks"
2026-04-22T16:45:03.4851390Z ignoring duplicate directory "/Users/runner/work/tcm-storage-ios/tcm-storage-ios/build/Build/Products/Debug-iphonesimulator/PackageFrameworks"
2026-04-22T16:45:03.4995690Z ignoring duplicate directory "/Users/runner/work/tcm-storage-ios/tcm-storage-ios/build/Build/Products/Debug-iphonesimulator/PackageFrameworks"
2026-04-22T16:45:03.5099030Z ignoring duplicate directory "/Users/runner/work/tcm-storage-ios/tcm-storage-ios/build/Build/Products/Debug-iphonesimulator/PackageFrameworks"
2026-04-22T16:45:03.5200800Z ignoring duplicate directory "/Users/runner/work/tcm-storage-ios/tcm-storage-ios/build/Build/Products/Debug-iphonesimulator/PackageFrameworks"
2026-04-22T16:45:03.5220280Z ignoring duplicate directory "/Users/runner/work/tcm-storage-ios/tcm-storage-ios/build/Build/Products/Debug-iphonesimulator/PackageFrameworks"
2026-04-22T16:45:03.5321660Z ignoring duplicate directory "/Users/runner/work/tcm-storage-ios/tcm-storage-ios/build/Build/Products/Debug-iphonesimulator/PackageFrameworks"
2026-04-22T16:45:03.5423360Z ignoring duplicate directory "/Users/runner/work/tcm-storage-ios/tcm-storage-ios/build/Build/Products/Debug-iphonesimulator/PackageFrameworks"
2026-04-22T16:45:03.5524990Z ignoring duplicate directory "/Users/runner/work/tcm-storage-ios/tcm-storage-ios/build/Build/Products/Debug-iphonesimulator/PackageFrameworks"
2026-04-22T16:45:03.5627590Z ignoring duplicate directory "/Users/runner/work/tcm-storage-ios/tcm-storage-ios/build/Build/Products/Debug-iphonesimulator/PackageFrameworks"
2026-04-22T16:45:03.5731330Z ignoring duplicate directory "/Users/runner/work/tcm-storage-ios/tcm-storage-ios/build/Build/Products/Debug-iphonesimulator/PackageFrameworks"
2026-04-22T16:45:03.5833590Z ignoring duplicate directory "/Users/runner/work/tcm-storage-ios/tcm-storage-ios/build/Build/Products/Debug-iphonesimulator/PackageFrameworks"
2026-04-22T16:45:03.5936040Z ignoring duplicate directory "/Users/runner/work/tcm-storage-ios/tcm-storage-ios/build/Build/Products/Debug-iphonesimulator/PackageFrameworks"
2026-04-22T16:45:03.6040130Z ignoring duplicate directory "/Users/runner/work/tcm-storage-ios/tcm-storage-ios/build/Build/Products/Debug-iphonesimulator/PackageFrameworks"
2026-04-22T16:45:03.6145300Z ignoring duplicate directory "/Users/runner/work/tcm-storage-ios/tcm-storage-ios/build/Build/Products/Debug-iphonesimulator/PackageFrameworks"
2026-04-22T16:45:03.6254430Z ignoring duplicate directory "/Users/runner/work/tcm-storage-ios/tcm-storage-ios/build/Build/Products/Debug-iphonesimulator/PackageFrameworks"
2026-04-22T16:45:03.6356490Z ignoring duplicate directory "/Users/runner/work/tcm-storage-ios/tcm-storage-ios/build/Build/Products/Debug-iphonesimulator/PackageFrameworks"
2026-04-22T16:45:03.6458120Z ignoring duplicate directory "/Users/runner/work/tcm-storage-ios/tcm-storage-ios/build/Build/Products/Debug-iphonesimulator/PackageFrameworks"
2026-04-22T16:45:03.6562750Z ignoring duplicate directory "/Users/runner/work/tcm-storage-ios/tcm-storage-ios/build/Build/Products/Debug-iphonesimulator/PackageFrameworks"
2026-04-22T16:45:03.6662880Z ignoring duplicate directory "/Users/runner/work/tcm-storage-ios/tcm-storage-ios/build/Build/Products/Debug-iphonesimulator/PackageFrameworks"
2026-04-22T16:45:03.6765170Z ignoring duplicate directory "/Users/runner/work/tcm-storage-ios/tcm-storage-ios/build/Build/Products/Debug-iphonesimulator/PackageFrameworks"
2026-04-22T16:45:03.6868310Z ignoring duplicate directory "/Users/runner/work/tcm-storage-ios/tcm-storage-ios/build/Build/Products/Debug-iphonesimulator/PackageFrameworks"
2026-04-22T16:45:03.6971520Z ignoring duplicate directory "/Users/runner/work/tcm-storage-ios/tcm-storage-ios/build/Build/Products/Debug-iphonesimulator/PackageFrameworks"
2026-04-22T16:45:03.7074240Z ignoring duplicate directory "/Users/runner/work/tcm-storage-ios/tcm-storage-ios/build/Build/Products/Debug-iphonesimulator/PackageFrameworks"
2026-04-22T16:45:03.7174690Z ignoring duplicate directory "/Users/runner/work/tcm-storage-ios/tcm-storage-ios/build/Build/Products/Debug-iphonesimulator/PackageFrameworks"
2026-04-22T16:45:03.7277510Z ignoring duplicate directory "/Users/runner/work/tcm-storage-ios/tcm-storage-ios/build/Build/Products/Debug-iphonesimulator/PackageFrameworks"
2026-04-22T16:45:03.7379180Z ignoring duplicate directory "/Users/runner/work/tcm-storage-ios/tcm-storage-ios/build/Build/Products/Debug-iphonesimulator/PackageFrameworks"
2026-04-22T16:45:03.7480960Z ignoring duplicate directory "/Users/runner/work/tcm-storage-ios/tcm-storage-ios/build/Build/Products/Debug-iphonesimulator/PackageFrameworks"
2026-04-22T16:45:03.7585910Z ignoring duplicate directory "/Users/runner/work/tcm-storage-ios/tcm-storage-ios/build/Build/Products/Debug-iphonesimulator/PackageFrameworks"
2026-04-22T16:45:03.7687850Z ignoring duplicate directory "/Users/runner/work/tcm-storage-ios/tcm-storage-ios/build/Build/Products/Debug-iphonesimulator/PackageFrameworks"
2026-04-22T16:45:03.7789590Z ignoring duplicate directory "/Users/runner/work/tcm-storage-ios/tcm-storage-ios/build/Build/Products/Debug-iphonesimulator/PackageFrameworks"
2026-04-22T16:45:03.7891090Z ignoring duplicate directory "/Users/runner/work/tcm-storage-ios/tcm-storage-ios/build/Build/Products/Debug-iphonesimulator/PackageFrameworks"
2026-04-22T16:45:03.7992840Z ignoring duplicate directory "/Users/runner/work/tcm-storage-ios/tcm-storage-ios/build/Build/Products/Debug-iphonesimulator/PackageFrameworks"
2026-04-22T16:45:03.8094900Z ignoring duplicate directory "/Users/runner/work/tcm-storage-ios/tcm-storage-ios/build/Build/Products/Debug-iphonesimulator/PackageFrameworks"
2026-04-22T16:45:03.8197750Z ignoring duplicate directory "/Users/runner/work/tcm-storage-ios/tcm-storage-ios/build/Build/Products/Debug-iphonesimulator/PackageFrameworks"
2026-04-22T16:45:03.8298910Z ignoring duplicate directory "/Users/runner/work/tcm-storage-ios/tcm-storage-ios/build/Build/Products/Debug-iphonesimulator/PackageFrameworks"
2026-04-22T16:45:03.8402180Z ignoring duplicate directory "/Users/runner/work/tcm-storage-ios/tcm-storage-ios/build/Build/Products/Debug-iphonesimulator/PackageFrameworks"
2026-04-22T16:45:03.8504940Z ignoring duplicate directory "/Users/runner/work/tcm-storage-ios/tcm-storage-ios/build/Build/Products/Debug-iphonesimulator/PackageFrameworks"
2026-04-22T16:45:03.8611890Z ignoring duplicate directory "/Users/runner/work/tcm-storage-ios/tcm-storage-ios/build/Build/Products/Debug-iphonesimulator/PackageFrameworks"
2026-04-22T16:45:03.8713870Z ignoring duplicate directory "/Users/runner/work/tcm-storage-ios/tcm-storage-ios/build/Build/Products/Debug-iphonesimulator/PackageFrameworks"
2026-04-22T16:45:03.8840940Z ignoring duplicate directory "/Users/runner/work/tcm-storage-ios/tcm-storage-ios/build/Build/Products/Debug-iphonesimulator/PackageFrameworks"
2026-04-22T16:45:03.8943980Z ignoring duplicate directory "/Users/runner/work/tcm-storage-ios/tcm-storage-ios/build/Build/Products/Debug-iphonesimulator/PackageFrameworks"
2026-04-22T16:45:03.9044430Z ignoring duplicate directory "/Users/runner/work/tcm-storage-ios/tcm-storage-ios/build/Build/Products/Debug-iphonesimulator/PackageFrameworks"
2026-04-22T16:45:03.9146950Z ignoring duplicate directory "/Users/runner/work/tcm-storage-ios/tcm-storage-ios/build/Build/Products/Debug-iphonesimulator/PackageFrameworks"
2026-04-22T16:45:03.9249160Z ignoring duplicate directory "/Users/runner/work/tcm-storage-ios/tcm-storage-ios/build/Build/Products/Debug-iphonesimulator/PackageFrameworks"
2026-04-22T16:45:03.9353630Z ignoring duplicate directory "/Users/runner/work/tcm-storage-ios/tcm-storage-ios/build/Build/Products/Debug-iphonesimulator/PackageFrameworks"
2026-04-22T16:45:03.9456330Z ignoring duplicate directory "/Users/runner/work/tcm-storage-ios/tcm-storage-ios/build/Build/Products/Debug-iphonesimulator/PackageFrameworks"
2026-04-22T16:45:03.9566780Z ignoring duplicate directory "/Users/runner/work/tcm-storage-ios/tcm-storage-ios/build/Build/Products/Debug-iphonesimulator/PackageFrameworks"
2026-04-22T16:45:03.9667140Z ignoring duplicate directory "/Users/runner/work/tcm-storage-ios/tcm-storage-ios/build/Build/Products/Debug-iphonesimulator/PackageFrameworks"
2026-04-22T16:45:03.9769560Z ignoring duplicate directory "/Users/runner/work/tcm-storage-ios/tcm-storage-ios/build/Build/Products/Debug-iphonesimulator/PackageFrameworks"
2026-04-22T16:45:03.9871980Z ignoring duplicate directory "/Users/runner/work/tcm-storage-ios/tcm-storage-ios/build/Build/Products/Debug-iphonesimulator/PackageFrameworks"
2026-04-22T16:45:04.0029580Z ignoring duplicate directory "/Users/runner/work/tcm-storage-ios/tcm-storage-ios/build/Build/Products/Debug-iphonesimulator/PackageFrameworks"
2026-04-22T16:45:04.0032350Z ignoring duplicate directory "/Users/runner/work/tcm-storage-ios/tcm-storage-ios/build/Build/Products/Debug-iphonesimulator/PackageFrameworks"
2026-04-22T16:45:04.0136710Z ignoring duplicate directory "/Users/runner/work/tcm-storage-ios/tcm-storage-ios/build/Build/Products/Debug-iphonesimulator/PackageFrameworks"
2026-04-22T16:45:04.0201330Z ignoring duplicate directory "/Users/runner/work/tcm-storage-ios/tcm-storage-ios/build/Build/Products/Debug-iphonesimulator/PackageFrameworks"
2026-04-22T16:45:04.0305490Z ignoring duplicate directory "/Users/runner/work/tcm-storage-ios/tcm-storage-ios/build/Build/Products/Debug-iphonesimulator/PackageFrameworks"
2026-04-22T16:45:04.0402400Z ignoring duplicate directory "/Users/runner/work/tcm-storage-ios/tcm-storage-ios/build/Build/Products/Debug-iphonesimulator/PackageFrameworks"
2026-04-22T16:45:04.0509900Z ignoring duplicate directory "/Users/runner/work/tcm-storage-ios/tcm-storage-ios/build/Build/Products/Debug-iphonesimulator/PackageFrameworks"
2026-04-22T16:45:04.0617970Z ignoring duplicate directory "/Users/runner/work/tcm-storage-ios/tcm-storage-ios/build/Build/Products/Debug-iphonesimulator/PackageFrameworks"
2026-04-22T16:45:04.0719710Z ignoring duplicate directory "/Users/runner/work/tcm-storage-ios/tcm-storage-ios/build/Build/Products/Debug-iphonesimulator/PackageFrameworks"
2026-04-22T16:45:04.0821650Z ignoring duplicate directory "/Users/runner/work/tcm-storage-ios/tcm-storage-ios/build/Build/Products/Debug-iphonesimulator/PackageFrameworks"
2026-04-22T16:45:04.0923460Z ignoring duplicate directory "/Users/runner/work/tcm-storage-ios/tcm-storage-ios/build/Build/Products/Debug-iphonesimulator/PackageFrameworks"
2026-04-22T16:45:04.1023850Z ignoring duplicate directory "/Users/runner/work/tcm-storage-ios/tcm-storage-ios/build/Build/Products/Debug-iphonesimulator/PackageFrameworks"
2026-04-22T16:45:04.1124470Z ignoring duplicate directory "/Users/runner/work/tcm-storage-ios/tcm-storage-ios/build/Build/Products/Debug-iphonesimulator/PackageFrameworks"
2026-04-22T16:45:04.1243250Z ignoring duplicate directory "/Users/runner/work/tcm-storage-ios/tcm-storage-ios/build/Build/Products/Debug-iphonesimulator/PackageFrameworks"
2026-04-22T16:45:04.1350090Z ignoring duplicate directory "/Users/runner/work/tcm-storage-ios/tcm-storage-ios/build/Build/Products/Debug-iphonesimulator/PackageFrameworks"
2026-04-22T16:45:04.1451170Z ignoring duplicate directory "/Users/runner/work/tcm-storage-ios/tcm-storage-ios/build/Build/Products/Debug-iphonesimulator/PackageFrameworks"
2026-04-22T16:45:04.1553930Z ignoring duplicate directory "/Users/runner/work/tcm-storage-ios/tcm-storage-ios/build/Build/Products/Debug-iphonesimulator/PackageFrameworks"
2026-04-22T16:45:04.1654090Z ignoring duplicate directory "/Users/runner/work/tcm-storage-ios/tcm-storage-ios/build/Build/Products/Debug-iphonesimulator/PackageFrameworks"
2026-04-22T16:45:04.1754880Z ignoring duplicate directory "/Users/runner/work/tcm-storage-ios/tcm-storage-ios/build/Build/Products/Debug-iphonesimulator/PackageFrameworks"
2026-04-22T16:45:04.1857100Z ignoring duplicate directory "/Users/runner/work/tcm-storage-ios/tcm-storage-ios/build/Build/Products/Debug-iphonesimulator/PackageFrameworks"
2026-04-22T16:45:04.1960030Z ignoring duplicate directory "/Users/runner/work/tcm-storage-ios/tcm-storage-ios/build/Build/Products/Debug-iphonesimulator/PackageFrameworks"
2026-04-22T16:45:04.2059760Z #include "..." search starts here:
2026-04-22T16:45:04.2116210Z  /Users/runner/work/tcm-storage-ios/tcm-storage-ios/build/Build/Intermediates.noindex/Nextcloud.build/Debug-iphonesimulator/Nextcloud.build/Nextcloud-generated-files.hmap (headermap)
2026-04-22T16:45:04.2119760Z  /Users/runner/work/tcm-storage-ios/tcm-storage-ios/build/Build/Intermediates.noindex/Nextcloud.build/Debug-iphonesimulator/Nextcloud.build/Nextcloud-project-headers.hmap (headermap)
2026-04-22T16:45:04.2120670Z #include <...> search starts here:
2026-04-22T16:45:04.2121580Z  /Users/runner/work/tcm-storage-ios/tcm-storage-ios/build/Build/Intermediates.noindex/Nextcloud.build/Debug-iphonesimulator/Nextcloud.build/Nextcloud-own-target-headers.hmap (headermap)
2026-04-22T16:45:04.2122990Z  /Users/runner/work/tcm-storage-ios/tcm-storage-ios/build/Build/Intermediates.noindex/Nextcloud.build/Debug-iphonesimulator/Nextcloud.build/Nextcloud-all-non-framework-target-headers.hmap (headermap)
2026-04-22T16:45:04.2127650Z  /Users/runner/work/tcm-storage-ios/tcm-storage-ios/build/SourcePackages/checkouts/swift-nio-ssl/Sources/CNIOBoringSSLShims/include
2026-04-22T16:45:04.2229010Z  /Users/runner/work/tcm-storage-ios/tcm-storage-ios/build/SourcePackages/checkouts/swift-nio-ssl/Sources/CNIOBoringSSL/include
2026-04-22T16:45:04.2275010Z  /Users/runner/work/tcm-storage-ios/tcm-storage-ios/build/SourcePackages/checkouts/swift-atomics/Sources/_AtomicsShims/include
2026-04-22T16:45:04.2376470Z  /Users/runner/work/tcm-storage-ios/tcm-storage-ios/build/SourcePackages/checkouts/swift-nio/Sources/CNIOPosix/include
2026-04-22T16:45:04.2478130Z  /Users/runner/work/tcm-storage-ios/tcm-storage-ios/build/SourcePackages/checkouts/swift-nio/Sources/CNIOWASI/include
2026-04-22T16:45:04.2581090Z  /Users/runner/work/tcm-storage-ios/tcm-storage-ios/build/SourcePackages/checkouts/swift-nio/Sources/CNIOWindows/include
2026-04-22T16:45:04.2682460Z  /Users/runner/work/tcm-storage-ios/tcm-storage-ios/build/SourcePackages/checkouts/swift-nio/Sources/CNIOLinux/include
2026-04-22T16:45:04.2784980Z  /Users/runner/work/tcm-storage-ios/tcm-storage-ios/build/SourcePackages/checkouts/swift-nio/Sources/CNIODarwin/include
2026-04-22T16:45:04.2888470Z  /Users/runner/work/tcm-storage-ios/tcm-storage-ios/build/SourcePackages/checkouts/swift-nio/Sources/CNIOOpenBSD/include
2026-04-22T16:45:04.2979810Z  /Users/runner/work/tcm-storage-ios/tcm-storage-ios/build/SourcePackages/checkouts/swift-nio/Sources/CNIOAtomics/include
2026-04-22T16:45:04.3080970Z  /Users/runner/work/tcm-storage-ios/tcm-storage-ios/build/SourcePackages/checkouts/realm-core/src
2026-04-22T16:45:04.3188470Z  /Users/runner/work/tcm-storage-ios/tcm-storage-ios/build/SourcePackages/checkouts/realm-core/src/external/s2
2026-04-22T16:45:04.3290130Z  /Users/runner/work/tcm-storage-ios/tcm-storage-ios/build/SourcePackages/checkouts/realm-core/src/external/IntelRDFPMathLib20U2/LIBRARY/src
2026-04-22T16:45:04.3392170Z  /Users/runner/work/tcm-storage-ios/tcm-storage-ios/build/SourcePackages/checkouts/realm-core/src/spm
2026-04-22T16:45:04.3493590Z  /Users/runner/work/tcm-storage-ios/tcm-storage-ios/build/SourcePackages/checkouts/realm-swift/include
2026-04-22T16:45:04.3594050Z  /Users/runner/work/tcm-storage-ios/tcm-storage-ios/build/SourcePackages/checkouts/GoogleUtilities/GoogleUtilities/NSData+zlib/Public
2026-04-22T16:45:04.3697070Z  /Users/runner/work/tcm-storage-ios/tcm-storage-ios/build/SourcePackages/checkouts/GoogleUtilities/GoogleUtilities/Logger/Public
2026-04-22T16:45:04.3761090Z  /Users/runner/work/tcm-storage-ios/tcm-storage-ios/build/SourcePackages/checkouts/GoogleUtilities/GoogleUtilities/Environment/Public
2026-04-22T16:45:04.3787340Z  /Users/runner/work/tcm-storage-ios/tcm-storage-ios/build/SourcePackages/checkouts/GoogleUtilities/third_party/IsAppEncrypted/Public
2026-04-22T16:45:04.3791100Z  /Users/runner/work/tcm-storage-ios/tcm-storage-ios/build/SourcePackages/checkouts/GoogleUtilities/GoogleUtilities/UserDefaults/Public
2026-04-22T16:45:04.3793310Z  /Users/runner/work/tcm-storage-ios/tcm-storage-ios/build/SourcePackages/checkouts/nanopb/spm_headers
2026-04-22T16:45:04.3900270Z  /Users/runner/work/tcm-storage-ios/tcm-storage-ios/build/SourcePackages/checkouts/promises/Sources/FBLPromises/include
2026-04-22T16:45:04.4000750Z  /Users/runner/work/tcm-storage-ios/tcm-storage-ios/build/SourcePackages/checkouts/GoogleDataTransport/GoogleDataTransport/GDTCORLibrary/Public
2026-04-22T16:45:04.4147430Z  /Users/runner/work/tcm-storage-ios/tcm-storage-ios/build/SourcePackages/checkouts/firebase-ios-sdk/FirebaseSessions/SourcesObjC
2026-04-22T16:45:04.4250780Z  /Users/runner/work/tcm-storage-ios/tcm-storage-ios/build/SourcePackages/checkouts/firebase-ios-sdk/FirebaseCore/Extension
2026-04-22T16:45:04.4361030Z  /Users/runner/work/tcm-storage-ios/tcm-storage-ios/build/SourcePackages/checkouts/firebase-ios-sdk/FirebaseInstallations/Source/Library/Public
2026-04-22T16:45:04.4486230Z  /Users/runner/work/tcm-storage-ios/tcm-storage-ios/build/SourcePackages/checkouts/firebase-ios-sdk/FirebaseCore/Sources/Public
2026-04-22T16:45:04.4588480Z  /Users/runner/work/tcm-storage-ios/tcm-storage-ios/build/SourcePackages/checkouts/firebase-ios-sdk/CoreOnly/Sources
2026-04-22T16:45:04.4689030Z  /Users/runner/work/tcm-storage-ios/tcm-storage-ios/build/SourcePackages/checkouts/firebase-ios-sdk/Crashlytics/Crashlytics/Public
2026-04-22T16:45:04.4792960Z  /Users/runner/work/tcm-storage-ios/tcm-storage-ios/build/SourcePackages/checkouts/GzipSwift/Sources/system-zlib/include
2026-04-22T16:45:04.5073380Z  /Users/runner/work/tcm-storage-ios/tcm-storage-ios/build/Build/Intermediates.noindex/Nextcloud.build/Debug-iphonesimulator/Nextcloud.build/DerivedSources
2026-04-22T16:45:04.5190400Z  /Users/runner/work/tcm-storage-ios/tcm-storage-ios/build/Build/Products/Debug-iphonesimulator/PackageFrameworks (framework directory)
2026-04-22T16:45:04.5292450Z  /Users/runner/work/tcm-storage-ios/tcm-storage-ios/build/Build/Products/Debug-iphonesimulator (framework directory)
2026-04-22T16:45:04.5515990Z  /Applications/Xcode_26.2.app/Contents/Developer/Platforms/iPhoneSimulator.platform/Developer/Library/Frameworks (framework directory)
2026-04-22T16:45:04.5617750Z  /Applications/Xcode_26.2.app/Contents/Developer/Platforms/iPhoneSimulator.platform/Developer/SDKs/iPhoneSimulator26.2.sdk/Developer/Library/Frameworks (framework directory)
2026-04-22T16:45:04.5717950Z  /Applications/Xcode_26.2.app/Contents/Developer/Toolchains/XcodeDefault.xctoolchain/usr/lib/clang/17/include
2026-04-22T16:45:04.5818620Z  /Applications/Xcode_26.2.app/Contents/Developer/Platforms/iPhoneSimulator.platform/Developer/SDKs/iPhoneSimulator26.2.sdk/usr/include
2026-04-22T16:45:04.5901260Z  /Applications/Xcode_26.2.app/Contents/Developer/Toolchains/XcodeDefault.xctoolchain/usr/include
2026-04-22T16:45:04.5902770Z  /Applications/Xcode_26.2.app/Contents/Developer/Platforms/iPhoneSimulator.platform/Developer/SDKs/iPhoneSimulator26.2.sdk/System/Library/Frameworks (framework directory)
2026-04-22T16:45:04.6004620Z  /Applications/Xcode_26.2.app/Contents/Developer/Platforms/iPhoneSimulator.platform/Developer/SDKs/iPhoneSimulator26.2.sdk/System/Library/SubFrameworks (framework directory)
2026-04-22T16:45:04.6105990Z End of search list.
2026-04-22T16:45:04.6207270Z clang -cc1 version 17.0.0 (clang-1700.6.3.2) default target arm64-apple-darwin24.6.0
2026-04-22T16:45:04.6311890Z ignoring nonexistent directory "/Users/runner/work/tcm-storage-ios/tcm-storage-ios/build/Build/Products/Debug-iphonesimulator/include"
2026-04-22T16:45:04.6413650Z ignoring nonexistent directory "/Users/runner/work/tcm-storage-ios/tcm-storage-ios/build/Build/Intermediates.noindex/Nextcloud.build/Debug-iphonesimulator/Nextcloud.build/DerivedSources-normal/arm64"
2026-04-22T16:45:04.6516260Z ignoring nonexistent directory "/Users/runner/work/tcm-storage-ios/tcm-storage-ios/build/Build/Intermediates.noindex/Nextcloud.build/Debug-iphonesimulator/Nextcloud.build/DerivedSources/arm64"
2026-04-22T16:45:04.6617920Z ignoring nonexistent directory "/Applications/Xcode_26.2.app/Contents/Developer/Platforms/iPhoneSimulator.platform/Developer/SDKs/iPhoneSimulator26.2.sdk/usr/local/include"
2026-04-22T16:45:04.6719600Z ignoring nonexistent directory "/Applications/Xcode_26.2.app/Contents/Developer/Platforms/iPhoneSimulator.platform/Developer/SDKs/iPhoneSimulator26.2.sdk/Library/Frameworks"
2026-04-22T16:45:04.6723850Z ignoring duplicate directory "/Users/runner/work/tcm-storage-ios/tcm-storage-ios/build/Build/Products/Debug-iphonesimulator/PackageFrameworks"
2026-04-22T16:45:04.6724890Z ignoring duplicate directory "/Users/runner/work/tcm-storage-ios/tcm-storage-ios/build/Build/Products/Debug-iphonesimulator/PackageFrameworks"
2026-04-22T16:45:04.6866010Z ignoring duplicate directory "/Users/runner/work/tcm-storage-ios/tcm-storage-ios/build/Build/Products/Debug-iphonesimulator/PackageFrameworks"
2026-04-22T16:45:04.6993530Z ignoring duplicate directory "/Users/runner/work/tcm-storage-ios/tcm-storage-ios/build/Build/Products/Debug-iphonesimulator/PackageFrameworks"
2026-04-22T16:45:04.7096410Z ignoring duplicate directory "/Users/runner/work/tcm-storage-ios/tcm-storage-ios/build/Build/Products/Debug-iphonesimulator/PackageFrameworks"
2026-04-22T16:45:04.7199070Z ignoring duplicate directory "/Users/runner/work/tcm-storage-ios/tcm-storage-ios/build/Build/Products/Debug-iphonesimulator/PackageFrameworks"
2026-04-22T16:45:04.7300710Z ignoring duplicate directory "/Users/runner/work/tcm-storage-ios/tcm-storage-ios/build/Build/Products/Debug-iphonesimulator/PackageFrameworks"
2026-04-22T16:45:04.7403510Z ignoring duplicate directory "/Users/runner/work/tcm-storage-ios/tcm-storage-ios/build/Build/Products/Debug-iphonesimulator/PackageFrameworks"
2026-04-22T16:45:04.7512740Z ignoring duplicate directory "/Users/runner/work/tcm-storage-ios/tcm-storage-ios/build/Build/Products/Debug-iphonesimulator/PackageFrameworks"
2026-04-22T16:45:04.7614810Z ignoring duplicate directory "/Users/runner/work/tcm-storage-ios/tcm-storage-ios/build/Build/Products/Debug-iphonesimulator/PackageFrameworks"
2026-04-22T16:45:04.7719950Z ignoring duplicate directory "/Users/runner/work/tcm-storage-ios/tcm-storage-ios/build/Build/Products/Debug-iphonesimulator/PackageFrameworks"
2026-04-22T16:45:04.7830910Z ignoring duplicate directory "/Users/runner/work/tcm-storage-ios/tcm-storage-ios/build/Build/Products/Debug-iphonesimulator/PackageFrameworks"
2026-04-22T16:45:04.7906750Z 
2026-04-22T16:45:04.7935620Z ignoring duplicate directory "/Users/runner/work/tcm-storage-ios/tcm-storage-ios/build/Build/Products/Debug-iphonesimulator/PackageFrameworks"
2026-04-22T16:45:04.8017940Z ⚠️  /Users/runner/work/tcm-storage-ios/tcm-storage-ios/iOSClient/Main/Collection Common/NCCollectionViewCommon+DragDrop.swift:123:29: 'UIMenuItem' was deprecated in iOS 16.0: UIMenuItem is deprecated. Use UIEditMenuInteraction instead.
2026-04-22T16:45:04.8021740Z ignoring duplicate directory "/Users/runner/work/tcm-storage-ios/tcm-storage-ios/build/Build/Products/Debug-iphonesimulator/PackageFrameworks"
2026-04-22T16:45:04.8121680Z 
2026-04-22T16:45:04.8123890Z ignoring duplicate directory "/Users/runner/work/tcm-storage-ios/tcm-storage-ios/build/Build/Products/Debug-iphonesimulator/PackageFrameworks"
2026-04-22T16:45:04.8228990Z         var listMenuItems: [UIMenuItem] = []
2026-04-22T16:45:04.8271270Z ignoring duplicate directory "/Users/runner/work/tcm-storage-ios/tcm-storage-ios/build/Build/Products/Debug-iphonesimulator/PackageFrameworks"
2026-04-22T16:45:04.8356860Z                 ~~~~^~~~~~~~~~~~
2026-04-22T16:45:04.8400680Z ignoring duplicate directory "/Users/runner/work/tcm-storage-ios/tcm-storage-ios/build/Build/Products/Debug-iphonesimulator/PackageFrameworks"
2026-04-22T16:45:04.8458610Z 
2026-04-22T16:45:04.8503250Z ignoring duplicate directory "/Users/runner/work/tcm-storage-ios/tcm-storage-ios/build/Build/Products/Debug-iphonesimulator/PackageFrameworks"
2026-04-22T16:45:04.8506420Z 
2026-04-22T16:45:04.8604470Z ignoring duplicate directory "/Users/runner/work/tcm-storage-ios/tcm-storage-ios/build/Build/Products/Debug-iphonesimulator/PackageFrameworks"
2026-04-22T16:45:04.8606860Z 
2026-04-22T16:45:04.8706420Z ignoring duplicate directory "/Users/runner/work/tcm-storage-ios/tcm-storage-ios/build/Build/Products/Debug-iphonesimulator/PackageFrameworks"
2026-04-22T16:45:04.8707970Z ⚠️  /Users/runner/work/tcm-storage-ios/tcm-storage-ios/iOSClient/Main/Collection Common/NCCollectionViewCommon+DragDrop.swift:125:30: 'UIMenuItem' was deprecated in iOS 16.0: UIMenuItem is deprecated. Use UIEditMenuInteraction instead.
2026-04-22T16:45:04.8807720Z ignoring duplicate directory "/Users/runner/work/tcm-storage-ios/tcm-storage-ios/build/Build/Products/Debug-iphonesimulator/PackageFrameworks"
2026-04-22T16:45:04.8809370Z 
2026-04-22T16:45:04.8923390Z ignoring duplicate directory "/Users/runner/work/tcm-storage-ios/tcm-storage-ios/build/Build/Products/Debug-iphonesimulator/PackageFrameworks"
2026-04-22T16:45:04.8928130Z         listMenuItems.append(UIMenuItem(title: NSLocalizedString("_copy_", comment: ""), action: #selector(copyMenuFile(_:))))
2026-04-22T16:45:04.9024750Z ignoring duplicate directory "/Users/runner/work/tcm-storage-ios/tcm-storage-ios/build/Build/Products/Debug-iphonesimulator/PackageFrameworks"
2026-04-22T16:45:04.9031240Z                             ^
2026-04-22T16:45:04.9129060Z ignoring duplicate directory "/Users/runner/work/tcm-storage-ios/tcm-storage-ios/build/Build/Products/Debug-iphonesimulator/PackageFrameworks"
2026-04-22T16:45:04.9130270Z 
2026-04-22T16:45:04.9231020Z ignoring duplicate directory "/Users/runner/work/tcm-storage-ios/tcm-storage-ios/build/Build/Products/Debug-iphonesimulator/PackageFrameworks"
2026-04-22T16:45:04.9231890Z 
2026-04-22T16:45:04.9285690Z ignoring duplicate directory "/Users/runner/work/tcm-storage-ios/tcm-storage-ios/build/Build/Products/Debug-iphonesimulator/PackageFrameworks"
2026-04-22T16:45:04.9333060Z 
2026-04-22T16:45:04.9389370Z ignoring duplicate directory "/Users/runner/work/tcm-storage-ios/tcm-storage-ios/build/Build/Products/Debug-iphonesimulator/PackageFrameworks"
2026-04-22T16:45:04.9438370Z ⚠️  /Users/runner/work/tcm-storage-ios/tcm-storage-ios/iOSClient/Main/Collection Common/NCCollectionViewCommon+DragDrop.swift:126:30: 'UIMenuItem' was deprecated in iOS 16.0: UIMenuItem is deprecated. Use UIEditMenuInteraction instead.
2026-04-22T16:45:04.9502620Z ignoring duplicate directory "/Users/runner/work/tcm-storage-ios/tcm-storage-ios/build/Build/Products/Debug-iphonesimulator/PackageFrameworks"
2026-04-22T16:45:04.9535620Z 
2026-04-22T16:45:04.9605000Z ignoring duplicate directory "/Users/runner/work/tcm-storage-ios/tcm-storage-ios/build/Build/Products/Debug-iphonesimulator/PackageFrameworks"
2026-04-22T16:45:04.9636840Z         listMenuItems.append(UIMenuItem(title: NSLocalizedString("_move_", comment: ""), action: #selector(moveMenuFile(_:))))
2026-04-22T16:45:04.9708380Z ignoring duplicate directory "/Users/runner/work/tcm-storage-ios/tcm-storage-ios/build/Build/Products/Debug-iphonesimulator/PackageFrameworks"
2026-04-22T16:45:04.9740680Z                              ^
2026-04-22T16:45:04.9811420Z ignoring duplicate directory "/Users/runner/work/tcm-storage-ios/tcm-storage-ios/build/Build/Products/Debug-iphonesimulator/PackageFrameworks"
2026-04-22T16:45:04.9841620Z 
2026-04-22T16:45:04.9914340Z ignoring duplicate directory "/Users/runner/work/tcm-storage-ios/tcm-storage-ios/build/Build/Products/Debug-iphonesimulator/PackageFrameworks"
2026-04-22T16:45:04.9941900Z 
2026-04-22T16:45:05.0019510Z ignoring duplicate directory "/Users/runner/work/tcm-storage-ios/tcm-storage-ios/build/Build/Products/Debug-iphonesimulator/PackageFrameworks"
2026-04-22T16:45:05.0038940Z 
2026-04-22T16:45:05.0121150Z ignoring duplicate directory "/Users/runner/work/tcm-storage-ios/tcm-storage-ios/build/Build/Products/Debug-iphonesimulator/PackageFrameworks"
2026-04-22T16:45:05.0141230Z ⚠️  /Users/runner/work/tcm-storage-ios/tcm-storage-ios/iOSClient/Main/Collection Common/NCCollectionViewCommon+DragDrop.swift:127:9: 'UIMenuController' was deprecated in iOS 16.0: UIMenuController is deprecated. Use UIEditMenuInteraction instead.
2026-04-22T16:45:05.0224910Z ignoring duplicate directory "/Users/runner/work/tcm-storage-ios/tcm-storage-ios/build/Build/Products/Debug-iphonesimulator/PackageFrameworks"
2026-04-22T16:45:05.0243900Z 
2026-04-22T16:45:05.0329520Z ignoring duplicate directory "/Users/runner/work/tcm-storage-ios/tcm-storage-ios/build/Build/Products/Debug-iphonesimulator/PackageFrameworks"
2026-04-22T16:45:05.0345060Z         UIMenuController.shared.menuItems = listMenuItems
2026-04-22T16:45:05.0431940Z ignoring duplicate directory "/Users/runner/work/tcm-storage-ios/tcm-storage-ios/build/Build/Products/Debug-iphonesimulator/PackageFrameworks"
2026-04-22T16:45:05.0445140Z                              ^
2026-04-22T16:45:05.0534020Z ignoring duplicate directory "/Users/runner/work/tcm-storage-ios/tcm-storage-ios/build/Build/Products/Debug-iphonesimulator/PackageFrameworks"
2026-04-22T16:45:05.0545420Z 
2026-04-22T16:45:05.0635770Z ignoring duplicate directory "/Users/runner/work/tcm-storage-ios/tcm-storage-ios/build/Build/Products/Debug-iphonesimulator/PackageFrameworks"
2026-04-22T16:45:05.0645770Z 
2026-04-22T16:45:05.0738960Z ignoring duplicate directory "/Users/runner/work/tcm-storage-ios/tcm-storage-ios/build/Build/Products/Debug-iphonesimulator/PackageFrameworks"
2026-04-22T16:45:05.0746290Z 
2026-04-22T16:45:05.0841470Z ignoring duplicate directory "/Users/runner/work/tcm-storage-ios/tcm-storage-ios/build/Build/Products/Debug-iphonesimulator/PackageFrameworks"
2026-04-22T16:45:05.0847680Z ⚠️  /Users/runner/work/tcm-storage-ios/tcm-storage-ios/iOSClient/Main/Collection Common/NCCollectionViewCommon+DragDrop.swift:128:9: 'UIMenuController' was deprecated in iOS 16.0: UIMenuController is deprecated. Use UIEditMenuInteraction instead.
2026-04-22T16:45:05.0943540Z ignoring duplicate directory "/Users/runner/work/tcm-storage-ios/tcm-storage-ios/build/Build/Products/Debug-iphonesimulator/PackageFrameworks"
2026-04-22T16:45:05.0947020Z 
2026-04-22T16:45:05.1048590Z ignoring duplicate directory "/Users/runner/work/tcm-storage-ios/tcm-storage-ios/build/Build/Products/Debug-iphonesimulator/PackageFrameworks"
2026-04-22T16:45:05.1049930Z         UIMenuController.shared.showMenu(from: collectionView, rect: CGRect(x: location.x, y: location.y, width: 0, height: 0))
2026-04-22T16:45:05.1050610Z         ^
2026-04-22T16:45:05.1148880Z ignoring duplicate directory "/Users/runner/work/tcm-storage-ios/tcm-storage-ios/build/Build/Products/Debug-iphonesimulator/PackageFrameworks"
2026-04-22T16:45:05.1149580Z 
2026-04-22T16:45:05.1250840Z ignoring duplicate directory "/Users/runner/work/tcm-storage-ios/tcm-storage-ios/build/Build/Products/Debug-iphonesimulator/PackageFrameworks"
2026-04-22T16:45:05.1251750Z 
2026-04-22T16:45:05.1351590Z ignoring duplicate directory "/Users/runner/work/tcm-storage-ios/tcm-storage-ios/build/Build/Products/Debug-iphonesimulator/PackageFrameworks"
2026-04-22T16:45:05.1352130Z 
2026-04-22T16:45:05.1425740Z ignoring duplicate directory "/Users/runner/work/tcm-storage-ios/tcm-storage-ios/build/Build/Products/Debug-iphonesimulator/PackageFrameworks"
2026-04-22T16:45:05.1427470Z ⚠️  /Users/runner/work/tcm-storage-ios/tcm-storage-ios/iOSClient/NCBackgroundLocationUploadManager.swift:116:13: initialization of immutable value 'appDelegate' was never used; consider replacing with assignment to '_' or removing it
2026-04-22T16:45:05.1449710Z ignoring duplicate directory "/Users/runner/work/tcm-storage-ios/tcm-storage-ios/build/Build/Products/Debug-iphonesimulator/PackageFrameworks"
2026-04-22T16:45:05.1450200Z 
2026-04-22T16:45:05.1450880Z ignoring duplicate directory "/Users/runner/work/tcm-storage-ios/tcm-storage-ios/build/Build/Products/Debug-iphonesimulator/PackageFrameworks"
2026-04-22T16:45:05.1451640Z         let appDelegate = (UIApplication.shared.delegate as? AppDelegate)!
2026-04-22T16:45:05.1452750Z ignoring duplicate directory "/Users/runner/work/tcm-storage-ios/tcm-storage-ios/build/Build/Products/Debug-iphonesimulator/PackageFrameworks"
2026-04-22T16:45:05.1453360Z         ^
2026-04-22T16:45:05.1454580Z ignoring duplicate directory "/Users/runner/work/tcm-storage-ios/tcm-storage-ios/build/Build/Products/Debug-iphonesimulator/PackageFrameworks"
2026-04-22T16:45:05.1473970Z 
2026-04-22T16:45:05.1486780Z ignoring duplicate directory "/Users/runner/work/tcm-storage-ios/tcm-storage-ios/build/Build/Products/Debug-iphonesimulator/PackageFrameworks"
2026-04-22T16:45:05.1487270Z 
2026-04-22T16:45:05.1488510Z ignoring duplicate directory "/Users/runner/work/tcm-storage-ios/tcm-storage-ios/build/Build/Products/Debug-iphonesimulator/PackageFrameworks"
2026-04-22T16:45:05.1488970Z 
2026-04-22T16:45:05.1513280Z ignoring duplicate directory "/Users/runner/work/tcm-storage-ios/tcm-storage-ios/build/Build/Products/Debug-iphonesimulator/PackageFrameworks"
2026-04-22T16:45:05.1514580Z ⚠️  /Users/runner/work/tcm-storage-ios/tcm-storage-ios/iOSClient/Main/Collection Common/Cell/NCListCell.swift:109:22: 'imageEdgeInsets' was deprecated in iOS 15.0: This property is ignored when using UIButtonConfiguration
2026-04-22T16:45:05.1532090Z ignoring duplicate directory "/Users/runner/work/tcm-storage-ios/tcm-storage-ios/build/Build/Products/Debug-iphonesimulator/PackageFrameworks"
2026-04-22T16:45:05.1532610Z 
2026-04-22T16:45:05.1533260Z ignoring duplicate directory "/Users/runner/work/tcm-storage-ios/tcm-storage-ios/build/Build/Products/Debug-iphonesimulator/PackageFrameworks"
2026-04-22T16:45:05.1534160Z         buttonShared.imageEdgeInsets = .zero
2026-04-22T16:45:05.1548710Z ignoring duplicate directory "/Users/runner/work/tcm-storage-ios/tcm-storage-ios/build/Build/Products/Debug-iphonesimulator/PackageFrameworks"
2026-04-22T16:45:05.1549280Z         ~~~~^~~~~~~~~~~
2026-04-22T16:45:05.1604780Z ignoring duplicate directory "/Users/runner/work/tcm-storage-ios/tcm-storage-ios/build/Build/Products/Debug-iphonesimulator/PackageFrameworks"
2026-04-22T16:45:05.1605220Z 
2026-04-22T16:45:05.1609690Z ignoring duplicate directory "/Users/runner/work/tcm-storage-ios/tcm-storage-ios/build/Build/Products/Debug-iphonesimulator/PackageFrameworks"
2026-04-22T16:45:05.1610580Z 
2026-04-22T16:45:05.1615530Z ignoring duplicate directory "/Users/runner/work/tcm-storage-ios/tcm-storage-ios/build/Build/Products/Debug-iphonesimulator/PackageFrameworks"
2026-04-22T16:45:05.1620130Z 
2026-04-22T16:45:05.1650310Z ignoring duplicate directory "/Users/runner/work/tcm-storage-ios/tcm-storage-ios/build/Build/Products/Debug-iphonesimulator/PackageFrameworks"
2026-04-22T16:45:05.1651620Z ⚠️  /Users/runner/work/tcm-storage-ios/tcm-storage-ios/iOSClient/Main/Collection Common/Cell/NCListCell.swift:183:22: 'imageEdgeInsets' was deprecated in iOS 15.0: This property is ignored when using UIButtonConfiguration
2026-04-22T16:45:05.1653160Z ignoring duplicate directory "/Users/runner/work/tcm-storage-ios/tcm-storage-ios/build/Build/Products/Debug-iphonesimulator/PackageFrameworks"
2026-04-22T16:45:05.1653570Z 
2026-04-22T16:45:05.1656850Z ignoring duplicate directory "/Users/runner/work/tcm-storage-ios/tcm-storage-ios/build/Build/Products/Debug-iphonesimulator/PackageFrameworks"
2026-04-22T16:45:05.1657530Z         buttonShared.imageEdgeInsets = UIEdgeInsets(top: 4, left: 4, bottom: 4, right: 4)
2026-04-22T16:45:05.1663650Z ignoring duplicate directory "/Users/runner/work/tcm-storage-ios/tcm-storage-ios/build/Build/Products/Debug-iphonesimulator/PackageFrameworks"
2026-04-22T16:45:05.1664120Z                      ^
2026-04-22T16:45:05.1665600Z ignoring duplicate directory "/Users/runner/work/tcm-storage-ios/tcm-storage-ios/build/Build/Products/Debug-iphonesimulator/PackageFrameworks"
2026-04-22T16:45:05.1666040Z 
2026-04-22T16:45:05.1671060Z ignoring duplicate directory "/Users/runner/work/tcm-storage-ios/tcm-storage-ios/build/Build/Products/Debug-iphonesimulator/PackageFrameworks"
2026-04-22T16:45:05.1671690Z 
2026-04-22T16:45:05.1680990Z ignoring duplicate directory "/Users/runner/work/tcm-storage-ios/tcm-storage-ios/build/Build/Products/Debug-iphonesimulator/PackageFrameworks"
2026-04-22T16:45:05.1686620Z ignoring duplicate directory "/Users/runner/work/tcm-storage-ios/tcm-storage-ios/build/Build/Products/Debug-iphonesimulator/PackageFrameworks"
2026-04-22T16:45:05.1706340Z ignoring duplicate directory "/Users/runner/work/tcm-storage-ios/tcm-storage-ios/build/Build/Products/Debug-iphonesimulator/PackageFrameworks"
2026-04-22T16:45:05.1709210Z ignoring duplicate directory "/Users/runner/work/tcm-storage-ios/tcm-storage-ios/build/Build/Products/Debug-iphonesimulator/PackageFrameworks"
2026-04-22T16:45:05.1711200Z ignoring duplicate directory "/Users/runner/work/tcm-storage-ios/tcm-storage-ios/build/Build/Products/Debug-iphonesimulator/PackageFrameworks"
2026-04-22T16:45:05.1712030Z ignoring duplicate directory "/Users/runner/work/tcm-storage-ios/tcm-storage-ios/build/Build/Products/Debug-iphonesimulator/PackageFrameworks"
2026-04-22T16:45:05.1713100Z ignoring duplicate directory "/Users/runner/work/tcm-storage-ios/tcm-storage-ios/build/Build/Products/Debug-iphonesimulator/PackageFrameworks"
2026-04-22T16:45:05.1767290Z ignoring duplicate directory "/Users/runner/work/tcm-storage-ios/tcm-storage-ios/build/Build/Products/Debug-iphonesimulator/PackageFrameworks"
2026-04-22T16:45:05.1768510Z ignoring duplicate directory "/Users/runner/work/tcm-storage-ios/tcm-storage-ios/build/Build/Products/Debug-iphonesimulator/PackageFrameworks"
2026-04-22T16:45:05.1784860Z ignoring duplicate directory "/Users/runner/work/tcm-storage-ios/tcm-storage-ios/build/Build/Products/Debug-iphonesimulator/PackageFrameworks"
2026-04-22T16:45:05.1785550Z #include "..." search starts here:
2026-04-22T16:45:05.1787900Z  /Users/runner/work/tcm-storage-ios/tcm-storage-ios/build/Build/Intermediates.noindex/Nextcloud.build/Debug-iphonesimulator/Nextcloud.build/Nextcloud-generated-files.hmap (headermap)
2026-04-22T16:45:05.1790850Z  /Users/runner/work/tcm-storage-ios/tcm-storage-ios/build/Build/Intermediates.noindex/Nextcloud.build/Debug-iphonesimulator/Nextcloud.build/Nextcloud-project-headers.hmap (headermap)
2026-04-22T16:45:05.1791470Z #include <...> search starts here:
2026-04-22T16:45:05.1792070Z  /Users/runner/work/tcm-storage-ios/tcm-storage-ios/build/Build/Intermediates.noindex/Nextcloud.build/Debug-iphonesimulator/Nextcloud.build/Nextcloud-own-target-headers.hmap (headermap)
2026-04-22T16:45:05.1793470Z  /Users/runner/work/tcm-storage-ios/tcm-storage-ios/build/Build/Intermediates.noindex/Nextcloud.build/Debug-iphonesimulator/Nextcloud.build/Nextcloud-all-non-framework-target-headers.hmap (headermap)
2026-04-22T16:45:05.1794420Z  /Users/runner/work/tcm-storage-ios/tcm-storage-ios/build/SourcePackages/checkouts/swift-nio-ssl/Sources/CNIOBoringSSLShims/include
2026-04-22T16:45:05.1795130Z  /Users/runner/work/tcm-storage-ios/tcm-storage-ios/build/SourcePackages/checkouts/swift-nio-ssl/Sources/CNIOBoringSSL/include
2026-04-22T16:45:05.1795990Z  /Users/runner/work/tcm-storage-ios/tcm-storage-ios/build/SourcePackages/checkouts/swift-atomics/Sources/_AtomicsShims/include
2026-04-22T16:45:05.1796650Z  /Users/runner/work/tcm-storage-ios/tcm-storage-ios/build/SourcePackages/checkouts/swift-nio/Sources/CNIOPosix/include
2026-04-22T16:45:05.1797310Z  /Users/runner/work/tcm-storage-ios/tcm-storage-ios/build/SourcePackages/checkouts/swift-nio/Sources/CNIOWASI/include
2026-04-22T16:45:05.1797950Z  /Users/runner/work/tcm-storage-ios/tcm-storage-ios/build/SourcePackages/checkouts/swift-nio/Sources/CNIOWindows/include
2026-04-22T16:45:05.1798690Z  /Users/runner/work/tcm-storage-ios/tcm-storage-ios/build/SourcePackages/checkouts/swift-nio/Sources/CNIOLinux/include
2026-04-22T16:45:05.1799300Z  /Users/runner/work/tcm-storage-ios/tcm-storage-ios/build/SourcePackages/checkouts/swift-nio/Sources/CNIODarwin/include
2026-04-22T16:45:05.1800060Z  /Users/runner/work/tcm-storage-ios/tcm-storage-ios/build/SourcePackages/checkouts/swift-nio/Sources/CNIOOpenBSD/include
2026-04-22T16:45:05.1800750Z  /Users/runner/work/tcm-storage-ios/tcm-storage-ios/build/SourcePackages/checkouts/swift-nio/Sources/CNIOAtomics/include
2026-04-22T16:45:05.1802030Z  /Users/runner/work/tcm-storage-ios/tcm-storage-ios/build/SourcePackages/checkouts/realm-core/src
2026-04-22T16:45:05.1802600Z  /Users/runner/work/tcm-storage-ios/tcm-storage-ios/build/SourcePackages/checkouts/realm-core/src/external/s2
2026-04-22T16:45:05.1803300Z  /Users/runner/work/tcm-storage-ios/tcm-storage-ios/build/SourcePackages/checkouts/realm-core/src/external/IntelRDFPMathLib20U2/LIBRARY/src
2026-04-22T16:45:05.1803930Z  /Users/runner/work/tcm-storage-ios/tcm-storage-ios/build/SourcePackages/checkouts/realm-core/src/spm
2026-04-22T16:45:05.1804470Z  /Users/runner/work/tcm-storage-ios/tcm-storage-ios/build/SourcePackages/checkouts/realm-swift/include
2026-04-22T16:45:05.1805110Z  /Users/runner/work/tcm-storage-ios/tcm-storage-ios/build/SourcePackages/checkouts/GoogleUtilities/GoogleUtilities/NSData+zlib/Public
2026-04-22T16:45:05.1805850Z  /Users/runner/work/tcm-storage-ios/tcm-storage-ios/build/SourcePackages/checkouts/GoogleUtilities/GoogleUtilities/Logger/Public
2026-04-22T16:45:05.1806860Z  /Users/runner/work/tcm-storage-ios/tcm-storage-ios/build/SourcePackages/checkouts/GoogleUtilities/GoogleUtilities/Environment/Public
2026-04-22T16:45:05.1807580Z  /Users/runner/work/tcm-storage-ios/tcm-storage-ios/build/SourcePackages/checkouts/GoogleUtilities/third_party/IsAppEncrypted/Public
2026-04-22T16:45:05.1808360Z  /Users/runner/work/tcm-storage-ios/tcm-storage-ios/build/SourcePackages/checkouts/GoogleUtilities/GoogleUtilities/UserDefaults/Public
2026-04-22T16:45:05.1809010Z  /Users/runner/work/tcm-storage-ios/tcm-storage-ios/build/SourcePackages/checkouts/nanopb/spm_headers
2026-04-22T16:45:05.1809600Z  /Users/runner/work/tcm-storage-ios/tcm-storage-ios/build/SourcePackages/checkouts/promises/Sources/FBLPromises/include
2026-04-22T16:45:05.1810320Z  /Users/runner/work/tcm-storage-ios/tcm-storage-ios/build/SourcePackages/checkouts/GoogleDataTransport/GoogleDataTransport/GDTCORLibrary/Public
2026-04-22T16:45:05.1811080Z  /Users/runner/work/tcm-storage-ios/tcm-storage-ios/build/SourcePackages/checkouts/firebase-ios-sdk/FirebaseSessions/SourcesObjC
2026-04-22T16:45:05.1811780Z  /Users/runner/work/tcm-storage-ios/tcm-storage-ios/build/SourcePackages/checkouts/firebase-ios-sdk/FirebaseCore/Extension
2026-04-22T16:45:05.1812730Z  /Users/runner/work/tcm-storage-ios/tcm-storage-ios/build/SourcePackages/checkouts/firebase-ios-sdk/FirebaseInstallations/Source/Library/Public
2026-04-22T16:45:05.1813460Z  /Users/runner/work/tcm-storage-ios/tcm-storage-ios/build/SourcePackages/checkouts/firebase-ios-sdk/FirebaseCore/Sources/Public
2026-04-22T16:45:05.1814100Z  /Users/runner/work/tcm-storage-ios/tcm-storage-ios/build/SourcePackages/checkouts/firebase-ios-sdk/CoreOnly/Sources
2026-04-22T16:45:05.1814790Z  /Users/runner/work/tcm-storage-ios/tcm-storage-ios/build/SourcePackages/checkouts/firebase-ios-sdk/Crashlytics/Crashlytics/Public
2026-04-22T16:45:05.1816050Z  /Users/runner/work/tcm-storage-ios/tcm-storage-ios/build/SourcePackages/checkouts/GzipSwift/Sources/system-zlib/include
2026-04-22T16:45:05.1816820Z  /Users/runner/work/tcm-storage-ios/tcm-storage-ios/build/Build/Intermediates.noindex/Nextcloud.build/Debug-iphonesimulator/Nextcloud.build/DerivedSources
2026-04-22T16:45:05.1818630Z  /Users/runner/work/tcm-storage-ios/tcm-storage-ios/build/Build/Products/Debug-iphonesimulator/PackageFrameworks (framework directory)
2026-04-22T16:45:05.1819480Z  /Users/runner/work/tcm-storage-ios/tcm-storage-ios/build/Build/Products/Debug-iphonesimulator (framework directory)
2026-04-22T16:45:05.1820190Z  /Applications/Xcode_26.2.app/Contents/Developer/Platforms/iPhoneSimulator.platform/Developer/Library/Frameworks (framework directory)
2026-04-22T16:45:05.1822170Z  /Applications/Xcode_26.2.app/Contents/Developer/Platforms/iPhoneSimulator.platform/Developer/SDKs/iPhoneSimulator26.2.sdk/Developer/Library/Frameworks (framework directory)
2026-04-22T16:45:05.1823090Z  /Applications/Xcode_26.2.app/Contents/Developer/Toolchains/XcodeDefault.xctoolchain/usr/lib/clang/17/include
2026-04-22T16:45:05.1823860Z  /Applications/Xcode_26.2.app/Contents/Developer/Platforms/iPhoneSimulator.platform/Developer/SDKs/iPhoneSimulator26.2.sdk/usr/include
2026-04-22T16:45:05.1826120Z  /Applications/Xcode_26.2.app/Contents/Developer/Toolchains/XcodeDefault.xctoolchain/usr/include
2026-04-22T16:45:05.1826860Z  /Applications/Xcode_26.2.app/Contents/Developer/Platforms/iPhoneSimulator.platform/Developer/SDKs/iPhoneSimulator26.2.sdk/System/Library/Frameworks (framework directory)
2026-04-22T16:45:05.1827950Z  /Applications/Xcode_26.2.app/Contents/Developer/Platforms/iPhoneSimulator.platform/Developer/SDKs/iPhoneSimulator26.2.sdk/System/Library/SubFrameworks (framework directory)
2026-04-22T16:45:05.1829420Z End of search list.
2026-04-22T16:45:05.1829680Z clang -cc1 version 17.0.0 (clang-1700.6.3.2) default target arm64-apple-darwin24.6.0
2026-04-22T16:45:05.1830420Z ignoring nonexistent directory "/Users/runner/work/tcm-storage-ios/tcm-storage-ios/build/Build/Products/Debug-iphonesimulator/include"
2026-04-22T16:45:05.1831740Z ignoring nonexistent directory "/Users/runner/work/tcm-storage-ios/tcm-storage-ios/build/Build/Intermediates.noindex/Nextcloud.build/Debug-iphonesimulator/Nextcloud.build/DerivedSources-normal/arm64"
2026-04-22T16:45:05.1832850Z ignoring nonexistent directory "/Users/runner/work/tcm-storage-ios/tcm-storage-ios/build/Build/Intermediates.noindex/Nextcloud.build/Debug-iphonesimulator/Nextcloud.build/DerivedSources/arm64"
2026-04-22T16:45:05.1835060Z ignoring nonexistent directory "/Applications/Xcode_26.2.app/Contents/Developer/Platforms/iPhoneSimulator.platform/Developer/SDKs/iPhoneSimulator26.2.sdk/usr/local/include"
2026-04-22T16:45:05.1835990Z ignoring nonexistent directory "/Applications/Xcode_26.2.app/Contents/Developer/Platforms/iPhoneSimulator.platform/Developer/SDKs/iPhoneSimulator26.2.sdk/Library/Frameworks"
2026-04-22T16:45:05.1836810Z ignoring duplicate directory "/Users/runner/work/tcm-storage-ios/tcm-storage-ios/build/Build/Products/Debug-iphonesimulator/PackageFrameworks"
2026-04-22T16:45:05.1840350Z ignoring duplicate directory "/Users/runner/work/tcm-storage-ios/tcm-storage-ios/build/Build/Products/Debug-iphonesimulator/PackageFrameworks"
2026-04-22T16:45:05.1842670Z ignoring duplicate directory "/Users/runner/work/tcm-storage-ios/tcm-storage-ios/build/Build/Products/Debug-iphonesimulator/PackageFrameworks"
2026-04-22T16:45:05.1845410Z ignoring duplicate directory "/Users/runner/work/tcm-storage-ios/tcm-storage-ios/build/Build/Products/Debug-iphonesimulator/PackageFrameworks"
2026-04-22T16:45:05.1846230Z ignoring duplicate directory "/Users/runner/work/tcm-storage-ios/tcm-storage-ios/build/Build/Products/Debug-iphonesimulator/PackageFrameworks"
2026-04-22T16:45:05.1846980Z ignoring duplicate directory "/Users/runner/work/tcm-storage-ios/tcm-storage-ios/build/Build/Products/Debug-iphonesimulator/PackageFrameworks"
2026-04-22T16:45:05.1851640Z ignoring duplicate directory "/Users/runner/work/tcm-storage-ios/tcm-storage-ios/build/Build/Products/Debug-iphonesimulator/PackageFrameworks"
2026-04-22T16:45:05.1855250Z ignoring duplicate directory "/Users/runner/work/tcm-storage-ios/tcm-storage-ios/build/Build/Products/Debug-iphonesimulator/PackageFrameworks"
2026-04-22T16:45:05.1856060Z ignoring duplicate directory "/Users/runner/work/tcm-storage-ios/tcm-storage-ios/build/Build/Products/Debug-iphonesimulator/PackageFrameworks"
2026-04-22T16:45:05.1856970Z ignoring duplicate directory "/Users/runner/work/tcm-storage-ios/tcm-storage-ios/build/Build/Products/Debug-iphonesimulator/PackageFrameworks"
2026-04-22T16:45:05.1857930Z ignoring duplicate directory "/Users/runner/work/tcm-storage-ios/tcm-storage-ios/build/Build/Products/Debug-iphonesimulator/PackageFrameworks"
2026-04-22T16:45:05.1859650Z ignoring duplicate directory "/Users/runner/work/tcm-storage-ios/tcm-storage-ios/build/Build/Products/Debug-iphonesimulator/PackageFrameworks"
2026-04-22T16:45:05.1860630Z ignoring duplicate directory "/Users/runner/work/tcm-storage-ios/tcm-storage-ios/build/Build/Products/Debug-iphonesimulator/PackageFrameworks"
2026-04-22T16:45:05.1862120Z ignoring duplicate directory "/Users/runner/work/tcm-storage-ios/tcm-storage-ios/build/Build/Products/Debug-iphonesimulator/PackageFrameworks"
2026-04-22T16:45:05.1862890Z ignoring duplicate directory "/Users/runner/work/tcm-storage-ios/tcm-storage-ios/build/Build/Products/Debug-iphonesimulator/PackageFrameworks"
2026-04-22T16:45:05.1863650Z ignoring duplicate directory "/Users/runner/work/tcm-storage-ios/tcm-storage-ios/build/Build/Products/Debug-iphonesimulator/PackageFrameworks"
2026-04-22T16:45:05.1864600Z ignoring duplicate directory "/Users/runner/work/tcm-storage-ios/tcm-storage-ios/build/Build/Products/Debug-iphonesimulator/PackageFrameworks"
2026-04-22T16:45:05.1866520Z ignoring duplicate directory "/Users/runner/work/tcm-storage-ios/tcm-storage-ios/build/Build/Products/Debug-iphonesimulator/PackageFrameworks"
2026-04-22T16:45:05.1869110Z ignoring duplicate directory "/Users/runner/work/tcm-storage-ios/tcm-storage-ios/build/Build/Products/Debug-iphonesimulator/PackageFrameworks"
2026-04-22T16:45:05.1869890Z ignoring duplicate directory "/Users/runner/work/tcm-storage-ios/tcm-storage-ios/build/Build/Products/Debug-iphonesimulator/PackageFrameworks"
2026-04-22T16:45:05.1870900Z ignoring duplicate directory "/Users/runner/work/tcm-storage-ios/tcm-storage-ios/build/Build/Products/Debug-iphonesimulator/PackageFrameworks"
2026-04-22T16:45:05.1871640Z ignoring duplicate directory "/Users/runner/work/tcm-storage-ios/tcm-storage-ios/build/Build/Products/Debug-iphonesimulator/PackageFrameworks"
2026-04-22T16:45:05.1872590Z ignoring duplicate directory "/Users/runner/work/tcm-storage-ios/tcm-storage-ios/build/Build/Products/Debug-iphonesimulator/PackageFrameworks"
2026-04-22T16:45:05.1873900Z ignoring duplicate directory "/Users/runner/work/tcm-storage-ios/tcm-storage-ios/build/Build/Products/Debug-iphonesimulator/PackageFrameworks"
2026-04-22T16:45:05.1874710Z ignoring duplicate directory "/Users/runner/work/tcm-storage-ios/tcm-storage-ios/build/Build/Products/Debug-iphonesimulator/PackageFrameworks"
2026-04-22T16:45:05.1875860Z ignoring duplicate directory "/Users/runner/work/tcm-storage-ios/tcm-storage-ios/build/Build/Products/Debug-iphonesimulator/PackageFrameworks"
2026-04-22T16:45:05.1878040Z ignoring duplicate directory "/Users/runner/work/tcm-storage-ios/tcm-storage-ios/build/Build/Products/Debug-iphonesimulator/PackageFrameworks"
2026-04-22T16:45:05.1882030Z ignoring duplicate directory "/Users/runner/work/tcm-storage-ios/tcm-storage-ios/build/Build/Products/Debug-iphonesimulator/PackageFrameworks"
2026-04-22T16:45:05.1883410Z ignoring duplicate directory "/Users/runner/work/tcm-storage-ios/tcm-storage-ios/build/Build/Products/Debug-iphonesimulator/PackageFrameworks"
2026-04-22T16:45:05.1884470Z ignoring duplicate directory "/Users/runner/work/tcm-storage-ios/tcm-storage-ios/build/Build/Products/Debug-iphonesimulator/PackageFrameworks"
2026-04-22T16:45:05.1885500Z ignoring duplicate directory "/Users/runner/work/tcm-storage-ios/tcm-storage-ios/build/Build/Products/Debug-iphonesimulator/PackageFrameworks"
2026-04-22T16:45:05.1886330Z ignoring duplicate directory "/Users/runner/work/tcm-storage-ios/tcm-storage-ios/build/Build/Products/Debug-iphonesimulator/PackageFrameworks"
2026-04-22T16:45:05.1887150Z ignoring duplicate directory "/Users/runner/work/tcm-storage-ios/tcm-storage-ios/build/Build/Products/Debug-iphonesimulator/PackageFrameworks"
2026-04-22T16:45:05.1888180Z ignoring duplicate directory "/Users/runner/work/tcm-storage-ios/tcm-storage-ios/build/Build/Products/Debug-iphonesimulator/PackageFrameworks"
2026-04-22T16:45:05.1891540Z ignoring duplicate directory "/Users/runner/work/tcm-storage-ios/tcm-storage-ios/build/Build/Products/Debug-iphonesimulator/PackageFrameworks"
2026-04-22T16:45:05.1892840Z ignoring duplicate directory "/Users/runner/work/tcm-storage-ios/tcm-storage-ios/build/Build/Products/Debug-iphonesimulator/PackageFrameworks"
2026-04-22T16:45:05.1893840Z ignoring duplicate directory "/Users/runner/work/tcm-storage-ios/tcm-storage-ios/build/Build/Products/Debug-iphonesimulator/PackageFrameworks"
2026-04-22T16:45:05.1894990Z ignoring duplicate directory "/Users/runner/work/tcm-storage-ios/tcm-storage-ios/build/Build/Products/Debug-iphonesimulator/PackageFrameworks"
2026-04-22T16:45:05.1895770Z ignoring duplicate directory "/Users/runner/work/tcm-storage-ios/tcm-storage-ios/build/Build/Products/Debug-iphonesimulator/PackageFrameworks"
2026-04-22T16:45:05.1896920Z ignoring duplicate directory "/Users/runner/work/tcm-storage-ios/tcm-storage-ios/build/Build/Products/Debug-iphonesimulator/PackageFrameworks"
2026-04-22T16:45:05.1898150Z ignoring duplicate directory "/Users/runner/work/tcm-storage-ios/tcm-storage-ios/build/Build/Products/Debug-iphonesimulator/PackageFrameworks"
2026-04-22T16:45:05.1900050Z ignoring duplicate directory "/Users/runner/work/tcm-storage-ios/tcm-storage-ios/build/Build/Products/Debug-iphonesimulator/PackageFrameworks"
2026-04-22T16:45:05.1900800Z ignoring duplicate directory "/Users/runner/work/tcm-storage-ios/tcm-storage-ios/build/Build/Products/Debug-iphonesimulator/PackageFrameworks"
2026-04-22T16:45:05.1901650Z ignoring duplicate directory "/Users/runner/work/tcm-storage-ios/tcm-storage-ios/build/Build/Products/Debug-iphonesimulator/PackageFrameworks"
2026-04-22T16:45:05.1904460Z ignoring duplicate directory "/Users/runner/work/tcm-storage-ios/tcm-storage-ios/build/Build/Products/Debug-iphonesimulator/PackageFrameworks"
2026-04-22T16:45:05.1905980Z ignoring duplicate directory "/Users/runner/work/tcm-storage-ios/tcm-storage-ios/build/Build/Products/Debug-iphonesimulator/PackageFrameworks"
2026-04-22T16:45:05.1906750Z ignoring duplicate directory "/Users/runner/work/tcm-storage-ios/tcm-storage-ios/build/Build/Products/Debug-iphonesimulator/PackageFrameworks"
2026-04-22T16:45:05.1908720Z ignoring duplicate directory "/Users/runner/work/tcm-storage-ios/tcm-storage-ios/build/Build/Products/Debug-iphonesimulator/PackageFrameworks"
2026-04-22T16:45:05.1909750Z ignoring duplicate directory "/Users/runner/work/tcm-storage-ios/tcm-storage-ios/build/Build/Products/Debug-iphonesimulator/PackageFrameworks"
2026-04-22T16:45:05.1913850Z ignoring duplicate directory "/Users/runner/work/tcm-storage-ios/tcm-storage-ios/build/Build/Products/Debug-iphonesimulator/PackageFrameworks"
2026-04-22T16:45:05.1916310Z ignoring duplicate directory "/Users/runner/work/tcm-storage-ios/tcm-storage-ios/build/Build/Products/Debug-iphonesimulator/PackageFrameworks"
2026-04-22T16:45:05.1917090Z ignoring duplicate directory "/Users/runner/work/tcm-storage-ios/tcm-storage-ios/build/Build/Products/Debug-iphonesimulator/PackageFrameworks"
2026-04-22T16:45:05.1917880Z ignoring duplicate directory "/Users/runner/work/tcm-storage-ios/tcm-storage-ios/build/Build/Products/Debug-iphonesimulator/PackageFrameworks"
2026-04-22T16:45:05.1918930Z ignoring duplicate directory "/Users/runner/work/tcm-storage-ios/tcm-storage-ios/build/Build/Products/Debug-iphonesimulator/PackageFrameworks"
2026-04-22T16:45:05.1919880Z ignoring duplicate directory "/Users/runner/work/tcm-storage-ios/tcm-storage-ios/build/Build/Products/Debug-iphonesimulator/PackageFrameworks"
2026-04-22T16:45:05.1920690Z ignoring duplicate directory "/Users/runner/work/tcm-storage-ios/tcm-storage-ios/build/Build/Products/Debug-iphonesimulator/PackageFrameworks"
2026-04-22T16:45:05.1921660Z ignoring duplicate directory "/Users/runner/work/tcm-storage-ios/tcm-storage-ios/build/Build/Products/Debug-iphonesimulator/PackageFrameworks"
2026-04-22T16:45:05.1922580Z ignoring duplicate directory "/Users/runner/work/tcm-storage-ios/tcm-storage-ios/build/Build/Products/Debug-iphonesimulator/PackageFrameworks"
2026-04-22T16:45:05.1923330Z ignoring duplicate directory "/Users/runner/work/tcm-storage-ios/tcm-storage-ios/build/Build/Products/Debug-iphonesimulator/PackageFrameworks"
2026-04-22T16:45:05.1924220Z ignoring duplicate directory "/Users/runner/work/tcm-storage-ios/tcm-storage-ios/build/Build/Products/Debug-iphonesimulator/PackageFrameworks"
2026-04-22T16:45:05.1925090Z ignoring duplicate directory "/Users/runner/work/tcm-storage-ios/tcm-storage-ios/build/Build/Products/Debug-iphonesimulator/PackageFrameworks"
2026-04-22T16:45:05.1925830Z ignoring duplicate directory "/Users/runner/work/tcm-storage-ios/tcm-storage-ios/build/Build/Products/Debug-iphonesimulator/PackageFrameworks"
2026-04-22T16:45:05.1926590Z ignoring duplicate directory "/Users/runner/work/tcm-storage-ios/tcm-storage-ios/build/Build/Products/Debug-iphonesimulator/PackageFrameworks"
2026-04-22T16:45:05.1928910Z ignoring duplicate directory "/Users/runner/work/tcm-storage-ios/tcm-storage-ios/build/Build/Products/Debug-iphonesimulator/PackageFrameworks"
2026-04-22T16:45:05.1929700Z ignoring duplicate directory "/Users/runner/work/tcm-storage-ios/tcm-storage-ios/build/Build/Products/Debug-iphonesimulator/PackageFrameworks"
2026-04-22T16:45:05.1930430Z ignoring duplicate directory "/Users/runner/work/tcm-storage-ios/tcm-storage-ios/build/Build/Products/Debug-iphonesimulator/PackageFrameworks"
2026-04-22T16:45:05.1931210Z ignoring duplicate directory "/Users/runner/work/tcm-storage-ios/tcm-storage-ios/build/Build/Products/Debug-iphonesimulator/PackageFrameworks"
2026-04-22T16:45:05.1932180Z ignoring duplicate directory "/Users/runner/work/tcm-storage-ios/tcm-storage-ios/build/Build/Products/Debug-iphonesimulator/PackageFrameworks"
2026-04-22T16:45:05.1932940Z ignoring duplicate directory "/Users/runner/work/tcm-storage-ios/tcm-storage-ios/build/Build/Products/Debug-iphonesimulator/PackageFrameworks"
2026-04-22T16:45:05.1933710Z ignoring duplicate directory "/Users/runner/work/tcm-storage-ios/tcm-storage-ios/build/Build/Products/Debug-iphonesimulator/PackageFrameworks"
2026-04-22T16:45:05.1934490Z ignoring duplicate directory "/Users/runner/work/tcm-storage-ios/tcm-storage-ios/build/Build/Products/Debug-iphonesimulator/PackageFrameworks"
2026-04-22T16:45:05.1935300Z ignoring duplicate directory "/Users/runner/work/tcm-storage-ios/tcm-storage-ios/build/Build/Products/Debug-iphonesimulator/PackageFrameworks"
2026-04-22T16:45:05.1936060Z ignoring duplicate directory "/Users/runner/work/tcm-storage-ios/tcm-storage-ios/build/Build/Products/Debug-iphonesimulator/PackageFrameworks"
2026-04-22T16:45:05.1936870Z ignoring duplicate directory "/Users/runner/work/tcm-storage-ios/tcm-storage-ios/build/Build/Products/Debug-iphonesimulator/PackageFrameworks"
2026-04-22T16:45:05.1937930Z ignoring duplicate directory "/Users/runner/work/tcm-storage-ios/tcm-storage-ios/build/Build/Products/Debug-iphonesimulator/PackageFrameworks"
2026-04-22T16:45:05.1938730Z ignoring duplicate directory "/Users/runner/work/tcm-storage-ios/tcm-storage-ios/build/Build/Products/Debug-iphonesimulator/PackageFrameworks"
2026-04-22T16:45:05.1939260Z #include "..." search starts here:
2026-04-22T16:45:05.1939890Z  /Users/runner/work/tcm-storage-ios/tcm-storage-ios/build/Build/Intermediates.noindex/Nextcloud.build/Debug-iphonesimulator/Nextcloud.build/Nextcloud-generated-files.hmap (headermap)
2026-04-22T16:45:05.1941110Z  /Users/runner/work/tcm-storage-ios/tcm-storage-ios/build/Build/Intermediates.noindex/Nextcloud.build/Debug-iphonesimulator/Nextcloud.build/Nextcloud-project-headers.hmap (headermap)
2026-04-22T16:45:05.1945020Z #include <...> search starts here:
2026-04-22T16:45:05.1945990Z  /Users/runner/work/tcm-storage-ios/tcm-storage-ios/build/Build/Intermediates.noindex/Nextcloud.build/Debug-iphonesimulator/Nextcloud.build/Nextcloud-own-target-headers.hmap (headermap)
2026-04-22T16:45:05.1947360Z  /Users/runner/work/tcm-storage-ios/tcm-storage-ios/build/Build/Intermediates.noindex/Nextcloud.build/Debug-iphonesimulator/Nextcloud.build/Nextcloud-all-non-framework-target-headers.hmap (headermap)
2026-04-22T16:45:05.1948390Z  /Users/runner/work/tcm-storage-ios/tcm-storage-ios/build/SourcePackages/checkouts/swift-nio-ssl/Sources/CNIOBoringSSLShims/include
2026-04-22T16:45:05.1949170Z  /Users/runner/work/tcm-storage-ios/tcm-storage-ios/build/SourcePackages/checkouts/swift-nio-ssl/Sources/CNIOBoringSSL/include
2026-04-22T16:45:05.1950250Z  /Users/runner/work/tcm-storage-ios/tcm-storage-ios/build/SourcePackages/checkouts/swift-atomics/Sources/_AtomicsShims/include
2026-04-22T16:45:05.1951070Z  /Users/runner/work/tcm-storage-ios/tcm-storage-ios/build/SourcePackages/checkouts/swift-nio/Sources/CNIOPosix/include
2026-04-22T16:45:05.1951690Z  /Users/runner/work/tcm-storage-ios/tcm-storage-ios/build/SourcePackages/checkouts/swift-nio/Sources/CNIOWASI/include
2026-04-22T16:45:05.1952300Z  /Users/runner/work/tcm-storage-ios/tcm-storage-ios/build/SourcePackages/checkouts/swift-nio/Sources/CNIOWindows/include
2026-04-22T16:45:05.1952940Z  /Users/runner/work/tcm-storage-ios/tcm-storage-ios/build/SourcePackages/checkouts/swift-nio/Sources/CNIOLinux/include
2026-04-22T16:45:05.1953540Z  /Users/runner/work/tcm-storage-ios/tcm-storage-ios/build/SourcePackages/checkouts/swift-nio/Sources/CNIODarwin/include
2026-04-22T16:45:05.1954180Z  /Users/runner/work/tcm-storage-ios/tcm-storage-ios/build/SourcePackages/checkouts/swift-nio/Sources/CNIOOpenBSD/include
2026-04-22T16:45:05.1954810Z  /Users/runner/work/tcm-storage-ios/tcm-storage-ios/build/SourcePackages/checkouts/swift-nio/Sources/CNIOAtomics/include
2026-04-22T16:45:05.1955400Z  /Users/runner/work/tcm-storage-ios/tcm-storage-ios/build/SourcePackages/checkouts/realm-core/src
2026-04-22T16:45:05.1955950Z  /Users/runner/work/tcm-storage-ios/tcm-storage-ios/build/SourcePackages/checkouts/realm-core/src/external/s2
2026-04-22T16:45:05.1956630Z  /Users/runner/work/tcm-storage-ios/tcm-storage-ios/build/SourcePackages/checkouts/realm-core/src/external/IntelRDFPMathLib20U2/LIBRARY/src
2026-04-22T16:45:05.1957280Z  /Users/runner/work/tcm-storage-ios/tcm-storage-ios/build/SourcePackages/checkouts/realm-core/src/spm
2026-04-22T16:45:05.1957810Z  /Users/runner/work/tcm-storage-ios/tcm-storage-ios/build/SourcePackages/checkouts/realm-swift/include
2026-04-22T16:45:05.1958430Z  /Users/runner/work/tcm-storage-ios/tcm-storage-ios/build/SourcePackages/checkouts/GoogleUtilities/GoogleUtilities/NSData+zlib/Public
2026-04-22T16:45:05.1959120Z  /Users/runner/work/tcm-storage-ios/tcm-storage-ios/build/SourcePackages/checkouts/GoogleUtilities/GoogleUtilities/Logger/Public
2026-04-22T16:45:05.1959860Z  /Users/runner/work/tcm-storage-ios/tcm-storage-ios/build/SourcePackages/checkouts/GoogleUtilities/GoogleUtilities/Environment/Public
2026-04-22T16:45:05.1960750Z  /Users/runner/work/tcm-storage-ios/tcm-storage-ios/build/SourcePackages/checkouts/GoogleUtilities/third_party/IsAppEncrypted/Public
2026-04-22T16:45:05.1961490Z  /Users/runner/work/tcm-storage-ios/tcm-storage-ios/build/SourcePackages/checkouts/GoogleUtilities/GoogleUtilities/UserDefaults/Public
2026-04-22T16:45:05.1962140Z  /Users/runner/work/tcm-storage-ios/tcm-storage-ios/build/SourcePackages/checkouts/nanopb/spm_headers
2026-04-22T16:45:05.1962700Z  /Users/runner/work/tcm-storage-ios/tcm-storage-ios/build/SourcePackages/checkouts/promises/Sources/FBLPromises/include
2026-04-22T16:45:05.1963420Z  /Users/runner/work/tcm-storage-ios/tcm-storage-ios/build/SourcePackages/checkouts/GoogleDataTransport/GoogleDataTransport/GDTCORLibrary/Public
2026-04-22T16:45:05.1964130Z  /Users/runner/work/tcm-storage-ios/tcm-storage-ios/build/SourcePackages/checkouts/firebase-ios-sdk/FirebaseSessions/SourcesObjC
2026-04-22T16:45:05.1964780Z  /Users/runner/work/tcm-storage-ios/tcm-storage-ios/build/SourcePackages/checkouts/firebase-ios-sdk/FirebaseCore/Extension
2026-04-22T16:45:05.1966850Z  /Users/runner/work/tcm-storage-ios/tcm-storage-ios/build/SourcePackages/checkouts/firebase-ios-sdk/FirebaseInstallations/Source/Library/Public
2026-04-22T16:45:05.1970410Z  /Users/runner/work/tcm-storage-ios/tcm-storage-ios/build/SourcePackages/checkouts/firebase-ios-sdk/FirebaseCore/Sources/Public
2026-04-22T16:45:05.1971890Z  /Users/runner/work/tcm-storage-ios/tcm-storage-ios/build/SourcePackages/checkouts/firebase-ios-sdk/CoreOnly/Sources
2026-04-22T16:45:05.1974880Z  /Users/runner/work/tcm-storage-ios/tcm-storage-ios/build/SourcePackages/checkouts/firebase-ios-sdk/Crashlytics/Crashlytics/Public
2026-04-22T16:45:05.1975890Z  /Users/runner/work/tcm-storage-ios/tcm-storage-ios/build/SourcePackages/checkouts/GzipSwift/Sources/system-zlib/include
2026-04-22T16:45:05.1976660Z  /Users/runner/work/tcm-storage-ios/tcm-storage-ios/build/Build/Intermediates.noindex/Nextcloud.build/Debug-iphonesimulator/Nextcloud.build/DerivedSources
2026-04-22T16:45:05.1977470Z  /Users/runner/work/tcm-storage-ios/tcm-storage-ios/build/Build/Products/Debug-iphonesimulator/PackageFrameworks (framework directory)
2026-04-22T16:45:05.1978130Z  /Users/runner/work/tcm-storage-ios/tcm-storage-ios/build/Build/Products/Debug-iphonesimulator (framework directory)
2026-04-22T16:45:05.1978900Z  /Applications/Xcode_26.2.app/Contents/Developer/Platforms/iPhoneSimulator.platform/Developer/Library/Frameworks (framework directory)
2026-04-22T16:45:05.1979740Z  /Applications/Xcode_26.2.app/Contents/Developer/Platforms/iPhoneSimulator.platform/Developer/SDKs/iPhoneSimulator26.2.sdk/Developer/Library/Frameworks (framework directory)
2026-04-22T16:45:05.1980470Z  /Applications/Xcode_26.2.app/Contents/Developer/Toolchains/XcodeDefault.xctoolchain/usr/lib/clang/17/include
2026-04-22T16:45:05.1981100Z  /Applications/Xcode_26.2.app/Contents/Developer/Platforms/iPhoneSimulator.platform/Developer/SDKs/iPhoneSimulator26.2.sdk/usr/include
2026-04-22T16:45:05.1981720Z  /Applications/Xcode_26.2.app/Contents/Developer/Toolchains/XcodeDefault.xctoolchain/usr/include
2026-04-22T16:45:05.1982920Z  /Applications/Xcode_26.2.app/Contents/Developer/Platforms/iPhoneSimulator.platform/Developer/SDKs/iPhoneSimulator26.2.sdk/System/Library/Frameworks (framework directory)
2026-04-22T16:45:05.1983870Z  /Applications/Xcode_26.2.app/Contents/Developer/Platforms/iPhoneSimulator.platform/Developer/SDKs/iPhoneSimulator26.2.sdk/System/Library/SubFrameworks (framework directory)
2026-04-22T16:45:05.1984590Z End of search list.
2026-04-22T16:45:05.1984860Z clang -cc1 version 17.0.0 (clang-1700.6.3.2) default target arm64-apple-darwin24.6.0
2026-04-22T16:45:05.1985440Z ignoring nonexistent directory "/Users/runner/work/tcm-storage-ios/tcm-storage-ios/build/Build/Products/Debug-iphonesimulator/include"
2026-04-22T16:45:05.1987140Z ignoring nonexistent directory "/Users/runner/work/tcm-storage-ios/tcm-storage-ios/build/Build/Intermediates.noindex/Nextcloud.build/Debug-iphonesimulator/Nextcloud.build/DerivedSources-normal/arm64"
2026-04-22T16:45:05.1991080Z ignoring nonexistent directory "/Users/runner/work/tcm-storage-ios/tcm-storage-ios/build/Build/Intermediates.noindex/Nextcloud.build/Debug-iphonesimulator/Nextcloud.build/DerivedSources/arm64"
2026-04-22T16:45:05.1992090Z ignoring nonexistent directory "/Applications/Xcode_26.2.app/Contents/Developer/Platforms/iPhoneSimulator.platform/Developer/SDKs/iPhoneSimulator26.2.sdk/usr/local/include"
2026-04-22T16:45:05.1993100Z ignoring nonexistent directory "/Applications/Xcode_26.2.app/Contents/Developer/Platforms/iPhoneSimulator.platform/Developer/SDKs/iPhoneSimulator26.2.sdk/Library/Frameworks"
2026-04-22T16:45:05.1993950Z ignoring duplicate directory "/Users/runner/work/tcm-storage-ios/tcm-storage-ios/build/Build/Products/Debug-iphonesimulator/PackageFrameworks"
2026-04-22T16:45:05.1998020Z ignoring duplicate directory "/Users/runner/work/tcm-storage-ios/tcm-storage-ios/build/Build/Products/Debug-iphonesimulator/PackageFrameworks"
2026-04-22T16:45:05.1998800Z ignoring duplicate directory "/Users/runner/work/tcm-storage-ios/tcm-storage-ios/build/Build/Products/Debug-iphonesimulator/PackageFrameworks"
2026-04-22T16:45:05.1999700Z ignoring duplicate directory "/Users/runner/work/tcm-storage-ios/tcm-storage-ios/build/Build/Products/Debug-iphonesimulator/PackageFrameworks"
2026-04-22T16:45:05.2000580Z ignoring duplicate directory "/Users/runner/work/tcm-storage-ios/tcm-storage-ios/build/Build/Products/Debug-iphonesimulator/PackageFrameworks"
2026-04-22T16:45:05.2001330Z ignoring duplicate directory "/Users/runner/work/tcm-storage-ios/tcm-storage-ios/build/Build/Products/Debug-iphonesimulator/PackageFrameworks"
2026-04-22T16:45:05.2002270Z ignoring duplicate directory "/Users/runner/work/tcm-storage-ios/tcm-storage-ios/build/Build/Products/Debug-iphonesimulator/PackageFrameworks"
2026-04-22T16:45:05.2003090Z ignoring duplicate directory "/Users/runner/work/tcm-storage-ios/tcm-storage-ios/build/Build/Products/Debug-iphonesimulator/PackageFrameworks"
2026-04-22T16:45:05.2003850Z ignoring duplicate directory "/Users/runner/work/tcm-storage-ios/tcm-storage-ios/build/Build/Products/Debug-iphonesimulator/PackageFrameworks"
2026-04-22T16:45:05.2005500Z ignoring duplicate directory "/Users/runner/work/tcm-storage-ios/tcm-storage-ios/build/Build/Products/Debug-iphonesimulator/PackageFrameworks"
2026-04-22T16:45:05.2006870Z ignoring duplicate directory "/Users/runner/work/tcm-storage-ios/tcm-storage-ios/build/Build/Products/Debug-iphonesimulator/PackageFrameworks"
2026-04-22T16:45:05.2007730Z ignoring duplicate directory "/Users/runner/work/tcm-storage-ios/tcm-storage-ios/build/Build/Products/Debug-iphonesimulator/PackageFrameworks"
2026-04-22T16:45:05.2008580Z ignoring duplicate directory "/Users/runner/work/tcm-storage-ios/tcm-storage-ios/build/Build/Products/Debug-iphonesimulator/PackageFrameworks"
2026-04-22T16:45:05.2009350Z ignoring duplicate directory "/Users/runner/work/tcm-storage-ios/tcm-storage-ios/build/Build/Products/Debug-iphonesimulator/PackageFrameworks"
2026-04-22T16:45:05.2010080Z ignoring duplicate directory "/Users/runner/work/tcm-storage-ios/tcm-storage-ios/build/Build/Products/Debug-iphonesimulator/PackageFrameworks"
2026-04-22T16:45:05.2011470Z ignoring duplicate directory "/Users/runner/work/tcm-storage-ios/tcm-storage-ios/build/Build/Products/Debug-iphonesimulator/PackageFrameworks"
2026-04-22T16:45:05.2012310Z ignoring duplicate directory "/Users/runner/work/tcm-storage-ios/tcm-storage-ios/build/Build/Products/Debug-iphonesimulator/PackageFrameworks"
2026-04-22T16:45:05.2013030Z ignoring duplicate directory "/Users/runner/work/tcm-storage-ios/tcm-storage-ios/build/Build/Products/Debug-iphonesimulator/PackageFrameworks"
2026-04-22T16:45:05.2013870Z ignoring duplicate directory "/Users/runner/work/tcm-storage-ios/tcm-storage-ios/build/Build/Products/Debug-iphonesimulator/PackageFrameworks"
2026-04-22T16:45:05.2014610Z ignoring duplicate directory "/Users/runner/work/tcm-storage-ios/tcm-storage-ios/build/Build/Products/Debug-iphonesimulator/PackageFrameworks"
2026-04-22T16:45:05.2015320Z ignoring duplicate directory "Apple clang version 17.0.0 (clang-1700.6.3.2)
2026-04-22T16:45:05.2015690Z Target: arm64-apple-ios17.0-simulator
2026-04-22T16:45:05.2016140Z Thread model: /Users/runner/work/tcm-storage-ios/tcm-storage-ios/build/Build/Products/Debug-iphonesimulator/PackageFrameworksposix"
2026-04-22T16:45:05.2017650Z ignoring duplicate directory "/Users/runner/work/tcm-storage-ios/tcm-storage-ios/build/Build/Products/Debug-iphonesimulator/PackageFrameworks"
2026-04-22T16:45:05.2019850Z ignoring duplicate directory "/Users/runner/work/tcm-storage-ios/tcm-storage-ios/build/Build/Products/Debug-iphonesimulator/PackageFrameworks"
2026-04-22T16:45:05.2020710Z ignoring duplicate directory "/Users/runner/work/tcm-storage-ios/tcm-storage-ios/build/Build/Products/Debug-iphonesimulator/PackageFrameworks"
2026-04-22T16:45:05.2021140Z 
2026-04-22T16:45:05.2021470Z ignoring duplicate directory "/Users/runner/work/tcm-storage-ios/tcm-storage-ios/build/Build/Products/Debug-iphonesimulator/PackageFrameworks"
2026-04-22T16:45:05.2022230Z InstalledDir: /Applications/Xcode_26.2.app/Contents/Developer/Toolchains/XcodeDefault.xctoolchain/usr/bin
2026-04-22T16:45:05.2023530Z ignoring duplicate directory "/Users/runner/work/tcm-storage-ios/tcm-storage-ios/build/Build/Products/Debug-iphonesimulator/PackageFrameworks"
2026-04-22T16:45:05.2024270Z ignoring duplicate directory "/Users/runner/work/tcm-storage-ios/tcm-storage-ios/build/Build/Products/Debug-iphonesimulator/PackageFrameworks"
2026-04-22T16:45:05.2025720Z ignoring duplicate directory "/Users/runner/work/tcm-storage-ios/tcm-storage-ios/build/Build/Products/Debug-iphonesimulator/PackageFrameworks"
2026-04-22T16:45:05.2027100Z ignoring duplicate directory "/Users/runner/work/tcm-storage-ios/tcm-storage-ios/build/Build/Products/Debug-iphonesimulator/PackageFrameworks"
2026-04-22T16:45:05.2027880Z ignoring duplicate directory "/Users/runner/work/tcm-storage-ios/tcm-storage-ios/build/Build/Products/Debug-iphonesimulator/PackageFrameworks"
2026-04-22T16:45:05.2028820Z ignoring duplicate directory "/Users/runner/work/tcm-storage-ios/tcm-storage-ios/build/Build/Products/Debug-iphonesimulator/PackageFrameworks"
2026-04-22T16:45:05.2031390Z ignoring duplicate directory "/Users/runner/work/tcm-storage-ios/tcm-storage-ios/build/Build/Products/Debug-iphonesimulator/PackageFrameworks"
2026-04-22T16:45:05.2032220Z ignoring duplicate directory "/Users/runner/work/tcm-storage-ios/tcm-storage-ios/build/Build/Products/Debug-iphonesimulator/PackageFrameworks"
2026-04-22T16:45:05.2032970Z ignoring duplicate directory "/Users/runner/work/tcm-storage-ios/tcm-storage-ios/build/Build/Products/Debug-iphonesimulator/PackageFrameworks"
2026-04-22T16:45:05.2034240Z ignoring duplicate directory "/Users/runner/work/tcm-storage-ios/tcm-storage-ios/build/Build/Products/Debug-iphonesimulator/PackageFrameworks"
2026-04-22T16:45:05.2034990Z ignoring duplicate directory "/Users/runner/work/tcm-storage-ios/tcm-storage-ios/build/Build/Products/Debug-iphonesimulator/PackageFrameworks"
2026-04-22T16:45:05.2036590Z ignoring duplicate directory "/Users/runner/work/tcm-storage-ios/tcm-storage-ios/build/Build/Products/Debug-iphonesimulator/PackageFrameworks"
2026-04-22T16:45:05.2037650Z ignoring duplicate directory "/Users/runner/work/tcm-storage-ios/tcm-storage-ios/build/Build/Products/Debug-iphonesimulator/PackageFrameworks"
2026-04-22T16:45:05.2038380Z ignoring duplicate directory "/Users/runner/work/tcm-storage-ios/tcm-storage-ios/build/Build/Products/Debug-iphonesimulator/PackageFrameworks"
2026-04-22T16:45:05.2041040Z ignoring duplicate directory "/Users/runner/work/tcm-storage-ios/tcm-storage-ios/build/Build/Products/Debug-iphonesimulator/PackageFrameworks"
2026-04-22T16:45:05.2041800Z ignoring duplicate directory "/Users/runner/work/tcm-storage-ios/tcm-storage-ios/build/Build/Products/Debug-iphonesimulator/PackageFrameworks"
2026-04-22T16:45:05.2042530Z ignoring duplicate directory "/Users/runner/work/tcm-storage-ios/tcm-storage-ios/build/Build/Products/Debug-iphonesimulator/PackageFrameworks"
2026-04-22T16:45:05.2043640Z ignoring duplicate directory "/Users/runner/work/tcm-storage-ios/tcm-storage-ios/build/Build/Products/Debug-iphonesimulator/PackageFrameworks"
2026-04-22T16:45:05.2044370Z ignoring duplicate directory "/Users/runner/work/tcm-storage-ios/tcm-storage-ios/build/Build/Products/Debug-iphonesimulator/PackageFrameworks"
2026-04-22T16:45:05.2045120Z ignoring duplicate directory "/Users/runner/work/tcm-storage-ios/tcm-storage-ios/build/Build/Products/Debug-iphonesimulator/PackageFrameworks"
2026-04-22T16:45:05.2046340Z ignoring duplicate directory "/Users/runner/work/tcm-storage-ios/tcm-storage-ios/build/Build/Products/Debug-iphonesimulator/PackageFrameworks"
2026-04-22T16:45:05.2047090Z ignoring duplicate directory "/Users/runner/work/tcm-storage-ios/tcm-storage-ios/build/Build/Products/Debug-iphonesimulator/PackageFrameworks"
2026-04-22T16:45:05.2047840Z ignoring duplicate directory "/Users/runner/work/tcm-storage-ios/tcm-storage-ios/build/Build/Products/Debug-iphonesimulator/PackageFrameworks"
2026-04-22T16:45:05.2048760Z ignoring duplicate directory "/Users/runner/work/tcm-storage-ios/tcm-storage-ios/build/Build/Products/Debug-iphonesimulator/PackageFrameworks"
2026-04-22T16:45:05.2049850Z ignoring duplicate directory "/Users/runner/work/tcm-storage-ios/tcm-storage-ios/build/Build/Products/Debug-iphonesimulator/PackageFrameworks"
2026-04-22T16:45:05.2050780Z ignoring duplicate directory "/Users/runner/work/tcm-storage-ios/tcm-storage-ios/build/Build/Products/Debug-iphonesimulator/PackageFrameworks"
2026-04-22T16:45:05.2051540Z ignoring duplicate directory "/Users/runner/work/tcm-storage-ios/tcm-storage-ios/build/Build/Products/Debug-iphonesimulator/PackageFrameworks"
2026-04-22T16:45:05.2052490Z ignoring duplicate directory "/Users/runner/work/tcm-storage-ios/tcm-storage-ios/build/Build/Products/Debug-iphonesimulator/PackageFrameworks"
2026-04-22T16:45:05.2053460Z ignoring duplicate directory "/Users/runner/work/tcm-storage-ios/tcm-storage-ios/build/Build/Products/Debug-iphonesimulator/PackageFrameworks"
2026-04-22T16:45:05.2054380Z ignoring duplicate directory "/Users/runner/work/tcm-storage-ios/tcm-storage-ios/build/Build/Products/Debug-iphonesimulator/PackageFrameworks"
2026-04-22T16:45:05.2055160Z ignoring duplicate directory "/Users/runner/work/tcm-storage-ios/tcm-storage-ios/build/Build/Products/Debug-iphonesimulator/PackageFrameworks"
2026-04-22T16:45:05.2056120Z ignoring duplicate directory "/Users/runner/work/tcm-storage-ios/tcm-storage-ios/build/Build/Products/Debug-iphonesimulator/PackageFrameworks"
2026-04-22T16:45:05.2056990Z ignoring duplicate directory "/Users/runner/work/tcm-storage-ios/tcm-storage-ios/build/Build/Products/Debug-iphonesimulator/PackageFrameworks"
2026-04-22T16:45:05.2057750Z ignoring duplicate directory "/Users/runner/work/tcm-storage-ios/tcm-storage-ios/build/Build/Products/Debug-iphonesimulator/PackageFrameworks"
2026-04-22T16:45:05.2058530Z ignoring duplicate directory "/Users/runner/work/tcm-storage-ios/tcm-storage-ios/build/Build/Products/Debug-iphonesimulator/PackageFrameworks"
2026-04-22T16:45:05.2068740Z ignoring duplicate directory "/Users/runner/work/tcm-storage-ios/tcm-storage-ios/build/Build/Products/Debug-iphonesimulator/PackageFrameworks"
2026-04-22T16:45:05.2069580Z ignoring duplicate directory "/Users/runner/work/tcm-storage-ios/tcm-storage-ios/build/Build/Products/Debug-iphonesimulator/PackageFrameworks"
2026-04-22T16:45:05.2070470Z ignoring duplicate directory "/Users/runner/work/tcm-storage-ios/tcm-storage-ios/build/Build/Products/Debug-iphonesimulator/PackageFrameworks"
2026-04-22T16:45:05.2071240Z ignoring duplicate directory "/Users/runner/work/tcm-storage-ios/tcm-storage-ios/build/Build/Products/Debug-iphonesimulator/PackageFrameworks"
2026-04-22T16:45:05.2071990Z ignoring duplicate directory "/Users/runner/work/tcm-storage-ios/tcm-storage-ios/build/Build/Products/Debug-iphonesimulator/PackageFrameworks"
2026-04-22T16:45:05.2072740Z ignoring duplicate directory "/Users/runner/work/tcm-storage-ios/tcm-storage-ios/build/Build/Products/Debug-iphonesimulator/PackageFrameworks"
2026-04-22T16:45:05.2073710Z ignoring duplicate directory "/Users/runner/work/tcm-storage-ios/tcm-storage-ios/build/Build/Products/Debug-iphonesimulator/PackageFrameworks"
2026-04-22T16:45:05.2074460Z ignoring duplicate directory "/Users/runner/work/tcm-storage-ios/tcm-storage-ios/build/Build/Products/Debug-iphonesimulator/PackageFrameworks"
2026-04-22T16:45:05.2075210Z ignoring duplicate directory "/Users/runner/work/tcm-storage-ios/tcm-storage-ios/build/Build/Products/Debug-iphonesimulator/PackageFrameworks"
2026-04-22T16:45:05.2076000Z ignoring duplicate directory "/Users/runner/work/tcm-storage-ios/tcm-storage-ios/build/Build/Products/Debug-iphonesimulator/PackageFrameworks"
2026-04-22T16:45:05.2077430Z ignoring duplicate directory "/Users/runner/work/tcm-storage-ios/tcm-storage-ios/build/Build/Products/Debug-iphonesimulator/PackageFrameworks"
2026-04-22T16:45:05.2078220Z ignoring duplicate directory "/Users/runner/work/tcm-storage-ios/tcm-storage-ios/build/Build/Products/Debug-iphonesimulator/PackageFrameworks"
2026-04-22T16:45:05.2078990Z ignoring duplicate directory "/Users/runner/work/tcm-storage-ios/tcm-storage-ios/build/Build/Products/Debug-iphonesimulator/PackageFrameworks"
2026-04-22T16:45:05.2081440Z ignoring duplicate directory "/Users/runner/work/tcm-storage-ios/tcm-storage-ios/build/Build/Products/Debug-iphonesimulator/PackageFrameworks"
2026-04-22T16:45:05.2082500Z ignoring duplicate directory "/Users/runner/work/tcm-storage-ios/tcm-storage-ios/build/Build/Products/Debug-iphonesimulator/PackageFrameworks"
2026-04-22T16:45:05.2083410Z ignoring duplicate directory "/Users/runner/work/tcm-storage-ios/tcm-storage-ios/build/Build/Products/Debug-iphonesimulator/PackageFrameworks"
2026-04-22T16:45:05.2083880Z #include "..." search starts here:
2026-04-22T16:45:05.2084740Z  clang -cc1 version 17.0.0 (clang-1700.6.3.2) default target /Users/runner/work/tcm-storage-ios/tcm-storage-ios/build/Build/Intermediates.noindex/Nextcloud.build/Debug-iphonesimulator/Nextcloud.build/Nextcloud-generated-files.hmap (headermap)
2026-04-22T16:45:05.2085980Z  /Users/runner/work/tcm-storage-ios/tcm-storage-ios/build/Build/Intermediates.noindex/Nextcloud.build/Debug-iphonesimulator/Nextcloud.build/Nextcloud-project-headers.hmap (headermap)
2026-04-22T16:45:05.2088490Z #include <...> search starts here:
2026-04-22T16:45:05.2090110Z  /Users/runner/work/tcm-storage-ios/tcm-storage-ios/build/Build/Intermediates.noindex/Nextcloud.build/Debug-iphonesimulator/Nextcloud.build/Nextcloud-own-target-headers.hmap (headermap)
2026-04-22T16:45:05.2093790Z  /Users/runner/work/tcm-storage-ios/tcm-storage-ios/build/Build/Intermediates.noindex/Nextcloud.build/Debug-iphonesimulator/Nextcloud.build/Nextcloud-all-non-framework-target-headers.hmap (headermap)
2026-04-22T16:45:05.2094730Z  /Users/runner/work/tcm-storage-ios/tcm-storage-ios/build/SourcePackages/checkouts/swift-nio-ssl/Sources/CNIOBoringSSLShims/include
2026-04-22T16:45:05.2095400Z  /Users/runner/work/tcm-storage-ios/tcm-storage-ios/build/SourcePackages/checkouts/swift-nio-ssl/Sources/CNIOBoringSSL/include
2026-04-22T16:45:05.2096060Z  /Users/runner/work/tcm-storage-ios/tcm-storage-ios/build/SourcePackages/checkouts/swift-atomics/Sources/_AtomicsShims/include
2026-04-22T16:45:05.2096700Z  /Users/runner/work/tcm-storage-ios/tcm-storage-ios/build/SourcePackages/checkouts/swift-nio/Sources/CNIOPosix/include
2026-04-22T16:45:05.2097370Z  /Users/runner/work/tcm-storage-ios/tcm-storage-ios/build/SourcePackages/checkouts/swift-nio/Sources/CNIOWASI/include
2026-04-22T16:45:05.2097990Z  /Users/runner/work/tcm-storage-ios/tcm-storage-ios/build/SourcePackages/checkouts/swift-nio/Sources/CNIOWindows/include
2026-04-22T16:45:05.2098610Z  /Users/runner/work/tcm-storage-ios/tcm-storage-ios/build/SourcePackages/checkouts/swift-nio/Sources/CNIOLinux/include
2026-04-22T16:45:05.2099240Z  /Users/runner/work/tcm-storage-ios/tcm-storage-ios/build/SourcePackages/checkouts/swift-nio/Sources/CNIODarwin/include
2026-04-22T16:45:05.2099890Z  /Users/runner/work/tcm-storage-ios/tcm-storage-ios/build/SourcePackages/checkouts/swift-nio/Sources/CNIOOpenBSD/include
2026-04-22T16:45:05.2100700Z  /Users/runner/work/tcm-storage-ios/tcm-storage-ios/build/SourcePackages/checkouts/swift-nio/Sources/CNIOAtomics/include
2026-04-22T16:45:05.2101240Z  /Users/runner/work/tcm-storage-ios/tcm-storage-ios/build/SourcePackages/checkouts/realm-core/src
2026-04-22T16:45:05.2101780Z  /Users/runner/work/tcm-storage-ios/tcm-storage-ios/build/SourcePackages/checkouts/realm-core/src/external/s2
2026-04-22T16:45:05.2102440Z  /Users/runner/work/tcm-storage-ios/tcm-storage-ios/build/SourcePackages/checkouts/realm-core/src/external/IntelRDFPMathLib20U2/LIBRARY/src
2026-04-22T16:45:05.2103070Z  /Users/runner/work/tcm-storage-ios/tcm-storage-ios/build/SourcePackages/checkouts/realm-core/src/spm
2026-04-22T16:45:05.2103590Z  /Users/runner/work/tcm-storage-ios/tcm-storage-ios/build/SourcePackages/checkouts/realm-swift/include
2026-04-22T16:45:05.2104220Z  /Users/runner/work/tcm-storage-ios/tcm-storage-ios/build/SourcePackages/checkouts/GoogleUtilities/GoogleUtilities/NSData+zlib/Public
2026-04-22T16:45:05.2104920Z  /Users/runner/work/tcm-storage-ios/tcm-storage-ios/build/SourcePackages/checkouts/GoogleUtilities/GoogleUtilities/Logger/Public
2026-04-22T16:45:05.2105750Z  /Users/runner/work/tcm-storage-ios/tcm-storage-ios/build/SourcePackages/checkouts/GoogleUtilities/GoogleUtilities/Environment/Public
2026-04-22T16:45:05.2106470Z  /Users/runner/work/tcm-storage-ios/tcm-storage-ios/build/SourcePackages/checkouts/GoogleUtilities/third_party/IsAppEncrypted/Public
2026-04-22T16:45:05.2107400Z  /Users/runner/work/tcm-storage-ios/tcm-storage-ios/build/SourcePackages/checkouts/GoogleUtilities/GoogleUtilities/UserDefaults/Public
2026-04-22T16:45:05.2108110Z  /Users/runner/work/tcm-storage-ios/tcm-storage-ios/build/SourcePackages/checkouts/nanopb/spm_headers
2026-04-22T16:45:05.2108680Z  /Users/runner/work/tcm-storage-ios/tcm-storage-ios/build/SourcePackages/checkouts/promises/Sources/FBLPromises/include
2026-04-22T16:45:05.2109430Z  /Users/runner/work/tcm-storage-ios/tcm-storage-ios/build/SourcePackages/checkouts/GoogleDataTransport/GoogleDataTransport/GDTCORLibrary/Public
2026-04-22T16:45:05.2110150Z  /Users/runner/work/tcm-storage-ios/tcm-storage-ios/build/SourcePackages/checkouts/firebase-ios-sdk/FirebaseSessions/SourcesObjC
2026-04-22T16:45:05.2110800Z  /Users/runner/work/tcm-storage-ios/tcm-storage-ios/build/SourcePackages/checkouts/firebase-ios-sdk/FirebaseCore/Extension
2026-04-22T16:45:05.2111490Z  /Users/runner/work/tcm-storage-ios/tcm-storage-ios/build/SourcePackages/checkouts/firebase-ios-sdk/FirebaseInstallations/Source/Library/Public
2026-04-22T16:45:05.2112070Z  arm64-apple-darwin24.6.0
2026-04-22T16:45:05.2112570Z ignoring nonexistent directory "/Users/runner/work/tcm-storage-ios/tcm-storage-ios/build/SourcePackages/checkouts/firebase-ios-sdk/FirebaseCore/Sources/Public
2026-04-22T16:45:05.2113320Z  /Users/runner/work/tcm-storage-ios/tcm-storage-ios/build/SourcePackages/checkouts/firebase-ios-sdk/CoreOnly/Sources
2026-04-22T16:45:05.2113990Z  /Users/runner/work/tcm-storage-ios/tcm-storage-ios/build/SourcePackages/checkouts/firebase-ios-sdk/Crashlytics/Crashlytics/Public
2026-04-22T16:45:05.2114640Z  /Users/runner/work/tcm-storage-ios/tcm-storage-ios/build/SourcePackages/checkouts/GzipSwift/Sources/system-zlib/include
2026-04-22T16:45:05.2115350Z  /Users/runner/work/tcm-storage-ios/tcm-storage-ios/build/Build/Intermediates.noindex/Nextcloud.build/Debug-iphonesimulator/Nextcloud.build/DerivedSources
2026-04-22T16:45:05.2116120Z  /Users/runner/work/tcm-storage-ios/tcm-storage-ios/build/Build/Products/Debug-iphonesimulator/PackageFrameworks (framework directory)
2026-04-22T16:45:05.2116780Z  /Users/runner/work/tcm-storage-ios/tcm-storage-ios/build/Build/Products/Debug-iphonesimulator (framework directory)
2026-04-22T16:45:05.2117880Z  /Applications/Xcode_26.2.app/Contents/Developer/Platforms/iPhoneSimulator.platform/Developer/Library/Frameworks (framework directory)
2026-04-22T16:45:05.2118740Z  /Applications/Xcode_26.2.app/Contents/Developer/Platforms/iPhoneSimulator.platform/Developer/SDKs/iPhoneSimulator26.2.sdk/Developer/Library/Frameworks (framework directory)
2026-04-22T16:45:05.2119640Z  /Applications/Xcode_26.2.app/Contents/Developer/Toolchains/XcodeDefault.xctoolchain/usr/lib/clang/17/include
2026-04-22T16:45:05.2120610Z  /Applications/Xcode_26.2.app/Contents/Developer/Platforms/iPhoneSimulator.platform/Developer/SDKs/iPhoneSimulator26.2.sdk/usr/include
2026-04-22T16:45:05.2121210Z  /Applications/Xcode_26.2.app/Contents/Developer/Toolchains/XcodeDefault.xctoolchain/usr/include
2026-04-22T16:45:05.2121940Z  /Applications/Xcode_26.2.app/Contents/Developer/Platforms/iPhoneSimulator.platform/Developer/SDKs/iPhoneSimulator26.2.sdk/System/Library/Frameworks (framework directory)
2026-04-22T16:45:05.2122850Z  /Applications/Xcode_26.2.app/Contents/Developer/Platforms/iPhoneSimulator.platform/Developer/SDKs/iPhoneSimulator26.2.sdk/System/Library/SubFrameworks (framework directory)
2026-04-22T16:45:05.2123390Z End of search list.
2026-04-22T16:45:05.2124090Z /Users/runner/work/tcm-storage-ios/tcm-storage-ios/build/Build/Products/Debug-iphonesimulator/include"
2026-04-22T16:45:05.2125070Z ignoring nonexistent directory "/Users/runner/work/tcm-storage-ios/tcm-storage-ios/build/Build/Intermediates.noindex/Nextcloud.build/Debug-iphonesimulator/Nextcloud.build/DerivedSources-normal/arm64"
2026-04-22T16:45:05.2126140Z ignoring nonexistent directory "/Users/runner/work/tcm-storage-ios/tcm-storage-ios/build/Build/Intermediates.noindex/Nextcloud.build/Debug-iphonesimulator/Nextcloud.build/DerivedSources/arm64"
2026-04-22T16:45:05.2127250Z ignoring nonexistent directory "/Applications/Xcode_26.2.app/Contents/Developer/Platforms/iPhoneSimulator.platform/Developer/SDKs/iPhoneSimulator26.2.sdk/usr/local/include"
2026-04-22T16:45:05.2128470Z ignoring nonexistent directory "/Applications/Xcode_26.2.app/Contents/Developer/Platforms/iPhoneSimulator.platform/Developer/SDKs/iPhoneSimulator26.2.sdk/Library/Frameworks"
2026-04-22T16:45:05.2129350Z ignoring duplicate directory "/Users/runner/work/tcm-storage-ios/tcm-storage-ios/build/Build/Products/Debug-iphonesimulator/PackageFrameworks"
2026-04-22T16:45:05.2130550Z ignoring duplicate directory "/Users/runner/work/tcm-storage-ios/tcm-storage-ios/build/Build/Products/Debug-iphonesimulator/PackageFrameworks"
2026-04-22T16:45:05.2131460Z ignoring duplicate directory "/Users/runner/work/tcm-storage-ios/tcm-storage-ios/build/Build/Products/Debug-iphonesimulator/PackageFrameworks"
2026-04-22T16:45:05.2132200Z ignoring duplicate directory "/Users/runner/work/tcm-storage-ios/tcm-storage-ios/build/Build/Products/Debug-iphonesimulator/PackageFrameworks"
2026-04-22T16:45:05.2132950Z ignoring duplicate directory "/Users/runner/work/tcm-storage-ios/tcm-storage-ios/build/Build/Products/Debug-iphonesimulator/PackageFrameworks"
2026-04-22T16:45:05.2133700Z ignoring duplicate directory "/Users/runner/work/tcm-storage-ios/tcm-storage-ios/build/Build/Products/Debug-iphonesimulator/PackageFrameworks"
2026-04-22T16:45:05.2134430Z ignoring duplicate directory "/Users/runner/work/tcm-storage-ios/tcm-storage-ios/build/Build/Products/Debug-iphonesimulator/PackageFrameworks"
2026-04-22T16:45:05.2135160Z ignoring duplicate directory "/Users/runner/work/tcm-storage-ios/tcm-storage-ios/build/Build/Products/Debug-iphonesimulator/PackageFrameworks"
2026-04-22T16:45:05.2135910Z ignoring duplicate directory "/Users/runner/work/tcm-storage-ios/tcm-storage-ios/build/Build/Products/Debug-iphonesimulator/PackageFrameworks"
2026-04-22T16:45:05.2136810Z ignoring duplicate directory "clang -cc1 version 17.0.0 (clang-1700.6.3.2) default target /Users/runner/work/tcm-storage-ios/tcm-storage-ios/build/Build/Products/Debug-iphonesimulator/PackageFrameworks"
2026-04-22T16:45:05.2137730Z ignoring duplicate directory "/Users/runner/work/tcm-storage-ios/tcm-storage-ios/build/Build/Products/Debug-iphonesimulator/PackageFrameworks"
2026-04-22T16:45:05.2138460Z ignoring duplicate directory "/Users/runner/work/tcm-storage-ios/tcm-storage-ios/build/Build/Products/Debug-iphonesimulator/PackageFrameworks"
2026-04-22T16:45:05.2139360Z ignoring duplicate directory "/Users/runner/work/tcm-storage-ios/tcm-storage-ios/build/Build/Products/Debug-iphonesimulator/PackageFrameworks"
2026-04-22T16:45:05.2140220Z ignoring duplicate directory "/Users/runner/work/tcm-storage-ios/tcm-storage-ios/build/Build/Products/Debug-iphonesimulator/PackageFrameworks"
2026-04-22T16:45:05.2141080Z ignoring duplicate directory "/Users/runner/work/tcm-storage-ios/tcm-storage-ios/build/Build/Products/Debug-iphonesimulator/PackageFrameworks"
2026-04-22T16:45:05.2143520Z ignoring duplicate directory "/Users/runner/work/tcm-storage-ios/tcm-storage-ios/build/Build/Products/Debug-iphonesimulator/PackageFrameworks"
2026-04-22T16:45:05.2144260Z ignoring duplicate directory "/Users/runner/work/tcm-storage-ios/tcm-storage-ios/build/Build/Products/Debug-iphonesimulator/PackageFrameworks"
2026-04-22T16:45:05.2147690Z ignoring duplicate directory "/Users/runner/work/tcm-storage-ios/tcm-storage-ios/build/Build/Products/Debug-iphonesimulator/PackageFrameworks"
2026-04-22T16:45:05.2148470Z ignoring duplicate directory "/Users/runner/work/tcm-storage-ios/tcm-storage-ios/build/Build/Products/Debug-iphonesimulator/PackageFrameworks"
2026-04-22T16:45:05.2149330Z ignoring duplicate directory "/Users/runner/work/tcm-storage-ios/tcm-storage-ios/build/Build/Products/Debug-iphonesimulator/PackageFrameworks"
2026-04-22T16:45:05.2150070Z ignoring duplicate directory "/Users/runner/work/tcm-storage-ios/tcm-storage-ios/build/Build/Products/Debug-iphonesimulator/PackageFrameworks"
2026-04-22T16:45:05.2150870Z ignoring duplicate directory "/Users/runner/work/tcm-storage-ios/tcm-storage-ios/build/Build/Products/Debug-iphonesimulator/PackageFrameworks"
2026-04-22T16:45:05.2151720Z ignoring duplicate directory "/Users/runner/work/tcm-storage-ios/tcm-storage-ios/build/Build/Products/Debug-iphonesimulator/PackageFrameworks"
2026-04-22T16:45:05.2152550Z ignoring duplicate directory "/Users/runner/work/tcm-storage-ios/tcm-storage-ios/build/Build/Products/Debug-iphonesimulator/PackageFrameworks"
2026-04-22T16:45:05.2153330Z ignoring duplicate directory "/Users/runner/work/tcm-storage-ios/tcm-storage-ios/build/Build/Products/Debug-iphonesimulator/PackageFrameworks"
2026-04-22T16:45:05.2154080Z ignoring duplicate directory "/Users/runner/work/tcm-storage-ios/tcm-storage-ios/build/Build/Products/Debug-iphonesimulator/PackageFrameworks"
2026-04-22T16:45:05.2154830Z ignoring duplicate directory "/Users/runner/work/tcm-storage-ios/tcm-storage-ios/build/Build/Products/Debug-iphonesimulator/PackageFrameworks"
2026-04-22T16:45:05.2155610Z ignoring duplicate directory "/Users/runner/work/tcm-storage-ios/tcm-storage-ios/build/Build/Products/Debug-iphonesimulator/PackageFrameworks"
2026-04-22T16:45:05.2156390Z ignoring duplicate directory "/Users/runner/work/tcm-storage-ios/tcm-storage-ios/build/Build/Products/Debug-iphonesimulator/PackageFrameworks"
2026-04-22T16:45:05.2158310Z ignoring duplicate directory "/Users/runner/work/tcm-storage-ios/tcm-storage-ios/build/Build/Products/Debug-iphonesimulator/PackageFrameworks"
2026-04-22T16:45:05.2160500Z ignoring duplicate directory "/Users/runner/work/tcm-storage-ios/tcm-storage-ios/build/Build/Products/Debug-iphonesimulator/PackageFrameworks"
2026-04-22T16:45:05.2161330Z ignoring duplicate directory "/Users/runner/work/tcm-storage-ios/tcm-storage-ios/build/Build/Products/Debug-iphonesimulator/PackageFrameworks"
2026-04-22T16:45:05.2162110Z ignoring duplicate directory "/Users/runner/work/tcm-storage-ios/tcm-storage-ios/build/Build/Products/Debug-iphonesimulator/PackageFrameworks"
2026-04-22T16:45:05.2162900Z ignoring duplicate directory "/Users/runner/work/tcm-storage-ios/tcm-storage-ios/build/Build/Products/Debug-iphonesimulator/PackageFrameworks"
2026-04-22T16:45:05.2163660Z ignoring duplicate directory "/Users/runner/work/tcm-storage-ios/tcm-storage-ios/build/Build/Products/Debug-iphonesimulator/PackageFrameworks"
2026-04-22T16:45:05.2164450Z ignoring duplicate directory "/Users/runner/work/tcm-storage-ios/tcm-storage-ios/build/Build/Products/Debug-iphonesimulator/PackageFrameworks"
2026-04-22T16:45:05.2165490Z ignoring duplicate directory "/Users/runner/work/tcm-storage-ios/tcm-storage-ios/build/Build/Products/Debug-iphonesimulator/PackageFrameworks"
2026-04-22T16:45:05.2166020Z ignoring duplicate directory "arm64-apple-darwin24.6.0
2026-04-22T16:45:05.2166540Z ignoring nonexistent directory "/Users/runner/work/tcm-storage-ios/tcm-storage-ios/build/Build/Products/Debug-iphonesimulator/PackageFrameworks"
2026-04-22T16:45:05.2167340Z ignoring duplicate directory "/Users/runner/work/tcm-storage-ios/tcm-storage-ios/build/Build/Products/Debug-iphonesimulator/PackageFrameworks"
2026-04-22T16:45:05.2168100Z ignoring duplicate directory "/Users/runner/work/tcm-storage-ios/tcm-storage-ios/build/Build/Products/Debug-iphonesimulator/PackageFrameworks"
2026-04-22T16:45:05.2168830Z ignoring duplicate directory "/Users/runner/work/tcm-storage-ios/tcm-storage-ios/build/Build/Products/Debug-iphonesimulator/include"
2026-04-22T16:45:05.2169480Z /Users/runner/work/tcm-storage-ios/tcm-storage-ios/build/Build/Products/Debug-iphonesimulator/PackageFrameworks"
2026-04-22T16:45:05.2170270Z ignoring duplicate directory "/Users/runner/work/tcm-storage-ios/tcm-storage-ios/build/Build/Products/Debug-iphonesimulator/PackageFrameworks"
2026-04-22T16:45:05.2172100Z ignoring duplicate directory "/Users/runner/work/tcm-storage-ios/tcm-storage-ios/build/Build/Products/Debug-iphonesimulator/PackageFrameworks"
2026-04-22T16:45:05.2172940Z ignoring duplicate directory "/Users/runner/work/tcm-storage-ios/tcm-storage-ios/build/Build/Products/Debug-iphonesimulator/PackageFrameworks"
2026-04-22T16:45:05.2173900Z ignoring duplicate directory "/Users/runner/work/tcm-storage-ios/tcm-storage-ios/build/Build/Products/Debug-iphonesimulator/PackageFrameworks"
2026-04-22T16:45:05.2174820Z ignoring duplicate directory "/Users/runner/work/tcm-storage-ios/tcm-storage-ios/build/Build/Products/Debug-iphonesimulator/PackageFrameworks"
2026-04-22T16:45:05.2175630Z ignoring duplicate directory "/Users/runner/work/tcm-storage-ios/tcm-storage-ios/build/Build/Products/Debug-iphonesimulator/PackageFrameworks"
2026-04-22T16:45:05.2176500Z ignoring duplicate directory "/Users/runner/work/tcm-storage-ios/tcm-storage-ios/build/Build/Products/Debug-iphonesimulator/PackageFrameworks"
2026-04-22T16:45:05.2177350Z ignoring duplicate directory "/Users/runner/work/tcm-storage-ios/tcm-storage-ios/build/Build/Products/Debug-iphonesimulator/PackageFrameworks"
2026-04-22T16:45:05.2178170Z ignoring duplicate directory "/Users/runner/work/tcm-storage-ios/tcm-storage-ios/build/Build/Products/Debug-iphonesimulator/PackageFrameworks"
2026-04-22T16:45:05.2178970Z ignoring duplicate directory "/Users/runner/work/tcm-storage-ios/tcm-storage-ios/build/Build/Products/Debug-iphonesimulator/PackageFrameworks"
2026-04-22T16:45:05.2179780Z ignoring duplicate directory "/Users/runner/work/tcm-storage-ios/tcm-storage-ios/build/Build/Products/Debug-iphonesimulator/PackageFrameworks"
2026-04-22T16:45:05.2180560Z ignoring duplicate directory "/Users/runner/work/tcm-storage-ios/tcm-storage-ios/build/Build/Products/Debug-iphonesimulator/PackageFrameworks"
2026-04-22T16:45:05.2181310Z ignoring duplicate directory "/Users/runner/work/tcm-storage-ios/tcm-storage-ios/build/Build/Products/Debug-iphonesimulator/PackageFrameworks"
2026-04-22T16:45:05.2182120Z ignoring duplicate directory "/Users/runner/work/tcm-storage-ios/tcm-storage-ios/build/Build/Products/Debug-iphonesimulator/PackageFrameworks"
2026-04-22T16:45:05.2182940Z ignoring duplicate directory "/Users/runner/work/tcm-storage-ios/tcm-storage-ios/build/Build/Products/Debug-iphonesimulator/PackageFrameworks"
2026-04-22T16:45:05.2183740Z ignoring duplicate directory "/Users/runner/work/tcm-storage-ios/tcm-storage-ios/build/Build/Products/Debug-iphonesimulator/PackageFrameworks"
2026-04-22T16:45:05.2184540Z ignoring duplicate directory "/Users/runner/work/tcm-storage-ios/tcm-storage-ios/build/Build/Products/Debug-iphonesimulator/PackageFrameworks"
2026-04-22T16:45:05.2185450Z ignoring duplicate directory "/Users/runner/work/tcm-storage-ios/tcm-storage-ios/build/Build/Products/Debug-iphonesimulator/PackageFrameworks"
2026-04-22T16:45:05.2186250Z ignoring duplicate directory "/Users/runner/work/tcm-storage-ios/tcm-storage-ios/build/Build/Products/Debug-iphonesimulator/PackageFrameworks"
2026-04-22T16:45:05.2187370Z ignoring duplicate directory "/Users/runner/work/tcm-storage-ios/tcm-storage-ios/build/Build/Products/Debug-iphonesimulator/PackageFrameworks"
2026-04-22T16:45:05.2188120Z ignoring duplicate directory "/Users/runner/work/tcm-storage-ios/tcm-storage-ios/build/Build/Products/Debug-iphonesimulator/PackageFrameworks"
2026-04-22T16:45:05.2189390Z ignoring duplicate directory "/Users/runner/work/tcm-storage-ios/tcm-storage-ios/build/Build/Products/Debug-iphonesimulator/PackageFrameworks"
2026-04-22T16:45:05.2190240Z ignoring duplicate directory "/Users/runner/work/tcm-storage-ios/tcm-storage-ios/build/Build/Products/Debug-iphonesimulator/PackageFrameworks"
2026-04-22T16:45:05.2191080Z ignoring duplicate directory "/Users/runner/work/tcm-storage-ios/tcm-storage-ios/build/Build/Products/Debug-iphonesimulator/PackageFrameworks"
2026-04-22T16:45:05.2192170Z ignoring duplicate directory "ignoring nonexistent directory "/Users/runner/work/tcm-storage-ios/tcm-storage-ios/build/Build/Products/Debug-iphonesimulator/PackageFrameworks"
2026-04-22T16:45:05.2193140Z ignoring duplicate directory "/Users/runner/work/tcm-storage-ios/tcm-storage-ios/build/Build/Products/Debug-iphonesimulator/PackageFrameworks"
2026-04-22T16:45:05.2193960Z ignoring duplicate directory "/Users/runner/work/tcm-storage-ios/tcm-storage-ios/build/Build/Products/Debug-iphonesimulator/PackageFrameworks"
2026-04-22T16:45:05.2194950Z ignoring duplicate directory "/Users/runner/work/tcm-storage-ios/tcm-storage-ios/build/Build/Products/Debug-iphonesimulator/PackageFrameworks"
2026-04-22T16:45:05.2195830Z ignoring duplicate directory "/Users/runner/work/tcm-storage-ios/tcm-storage-ios/build/Build/Products/Debug-iphonesimulator/PackageFrameworks"
2026-04-22T16:45:05.2196680Z ignoring duplicate directory "/Users/runner/work/tcm-storage-ios/tcm-storage-ios/build/Build/Products/Debug-iphonesimulator/PackageFrameworks"
2026-04-22T16:45:05.2197810Z ignoring duplicate directory "/Users/runner/work/tcm-storage-ios/tcm-storage-ios/build/Build/Products/Debug-iphonesimulator/PackageFrameworks"
2026-04-22T16:45:05.2198610Z ignoring duplicate directory "/Users/runner/work/tcm-storage-ios/tcm-storage-ios/build/Build/Products/Debug-iphonesimulator/PackageFrameworks"
2026-04-22T16:45:05.2199440Z ignoring duplicate directory "/Users/runner/work/tcm-storage-ios/tcm-storage-ios/build/Build/Products/Debug-iphonesimulator/PackageFrameworks"
2026-04-22T16:45:05.2200940Z ignoring duplicate directory "/Users/runner/work/tcm-storage-ios/tcm-storage-ios/build/Build/Products/Debug-iphonesimulator/PackageFrameworks"
2026-04-22T16:45:05.2201760Z ignoring duplicate directory "/Users/runner/work/tcm-storage-ios/tcm-storage-ios/build/Build/Products/Debug-iphonesimulator/PackageFrameworks"
2026-04-22T16:45:05.2202300Z #include "..." search starts here:
2026-04-22T16:45:05.2203790Z  /Users/runner/work/tcm-storage-ios/tcm-storage-ios/build/Build/Intermediates.noindex/Nextcloud.build/Debug-iphonesimulator/Nextcloud.build/Nextcloud-generated-files.hmap (headermap)
2026-04-22T16:45:05.2204930Z  /Users/runner/work/tcm-storage-ios/tcm-storage-ios/build/Build/Intermediates.noindex/Nextcloud.build/Debug-iphonesimulator/Nextcloud.build/Nextcloud-project-headers.hmap (headermap)
2026-04-22T16:45:05.2206790Z #include <...> search starts here:
2026-04-22T16:45:05.2207470Z  /Users/runner/work/tcm-storage-ios/tcm-storage-ios/build/Build/Intermediates.noindex/Nextcloud.build/Debug-iphonesimulator/Nextcloud.build/Nextcloud-own-target-headers.hmap (headermap)
2026-04-22T16:45:05.2208650Z  /Users/runner/work/tcm-storage-ios/tcm-storage-ios/build/Build/Intermediates.noindex/Nextcloud.build/Debug-iphonesimulator/Nextcloud.build/Nextcloud-all-non-framework-target-headers.hmap (headermap)
2026-04-22T16:45:05.2211120Z  /Users/runner/work/tcm-storage-ios/tcm-storage-ios/build/SourcePackages/checkouts/swift-nio-ssl/Sources/CNIOBoringSSLShims/include
2026-04-22T16:45:05.2211900Z  /Users/runner/work/tcm-storage-ios/tcm-storage-ios/build/SourcePackages/checkouts/swift-nio-ssl/Sources/CNIOBoringSSL/include
2026-04-22T16:45:05.2212640Z  /Users/runner/work/tcm-storage-ios/tcm-storage-ios/build/SourcePackages/checkouts/swift-atomics/Sources/_AtomicsShims/include
2026-04-22T16:45:05.2213310Z  /Users/runner/work/tcm-storage-ios/tcm-storage-ios/build/SourcePackages/checkouts/swift-nio/Sources/CNIOPosix/include
2026-04-22T16:45:05.2214010Z  /Users/runner/work/tcm-storage-ios/tcm-storage-ios/build/SourcePackages/checkouts/swift-nio/Sources/CNIOWASI/include
2026-04-22T16:45:05.2214720Z  /Users/runner/work/tcm-storage-ios/tcm-storage-ios/build/SourcePackages/checkouts/swift-nio/Sources/CNIOWindows/include
2026-04-22T16:45:05.2216570Z  /Users/runner/work/tcm-storage-ios/tcm-storage-ios/build/SourcePackages/checkouts/swift-nio/Sources/CNIOLinux/include
2026-04-22T16:45:05.2217240Z  /Users/runner/work/tcm-storage-ios/tcm-storage-ios/build/SourcePackages/checkouts/swift-nio/Sources/CNIODarwin/include
2026-04-22T16:45:05.2217980Z  /Users/runner/work/tcm-storage-ios/tcm-storage-ios/build/SourcePackages/checkouts/swift-nio/Sources/CNIOOpenBSD/include
2026-04-22T16:45:05.2218630Z  /Users/runner/work/tcm-storage-ios/tcm-storage-ios/build/SourcePackages/checkouts/swift-nio/Sources/CNIOAtomics/include
2026-04-22T16:45:05.2219240Z  /Users/runner/work/tcm-storage-ios/tcm-storage-ios/build/SourcePackages/checkouts/realm-core/src
2026-04-22T16:45:05.2219920Z  /Users/runner/work/tcm-storage-ios/tcm-storage-ios/build/SourcePackages/checkouts/realm-core/src/external/s2
2026-04-22T16:45:05.2220800Z  /Users/runner/work/tcm-storage-ios/tcm-storage-ios/build/SourcePackages/checkouts/realm-core/src/external/IntelRDFPMathLib20U2/LIBRARY/src
2026-04-22T16:45:05.2221460Z  /Users/runner/work/tcm-storage-ios/tcm-storage-ios/build/SourcePackages/checkouts/realm-core/src/spm
2026-04-22T16:45:05.2221990Z  /Users/runner/work/tcm-storage-ios/tcm-storage-ios/build/SourcePackages/checkouts/realm-swift/include
2026-04-22T16:45:05.2222630Z  /Users/runner/work/tcm-storage-ios/tcm-storage-ios/build/SourcePackages/checkouts/GoogleUtilities/GoogleUtilities/NSData+zlib/Public
2026-04-22T16:45:05.2223330Z  /Users/runner/work/tcm-storage-ios/tcm-storage-ios/build/SourcePackages/checkouts/GoogleUtilities/GoogleUtilities/Logger/Public
2026-04-22T16:45:05.2224050Z  /Users/runner/work/tcm-storage-ios/tcm-storage-ios/build/SourcePackages/checkouts/GoogleUtilities/GoogleUtilities/Environment/Public
2026-04-22T16:45:05.2224760Z  /Users/runner/work/tcm-storage-ios/tcm-storage-ios/build/SourcePackages/checkouts/GoogleUtilities/third_party/IsAppEncrypted/Public
2026-04-22T16:45:05.2225750Z  /Users/runner/work/tcm-storage-ios/tcm-storage-ios/build/SourcePackages/checkouts/GoogleUtilities/GoogleUtilities/UserDefaults/Public
2026-04-22T16:45:05.2226380Z  /Users/runner/work/tcm-storage-ios/tcm-storage-ios/build/SourcePackages/checkouts/nanopb/spm_headers
2026-04-22T16:45:05.2226960Z  /Users/runner/work/tcm-storage-ios/tcm-storage-ios/build/SourcePackages/checkouts/promises/Sources/FBLPromises/include
2026-04-22T16:45:05.2227660Z  /Users/runner/work/tcm-storage-ios/tcm-storage-ios/build/SourcePackages/checkouts/GoogleDataTransport/GoogleDataTransport/GDTCORLibrary/Public
2026-04-22T16:45:05.2228380Z  /Users/runner/work/tcm-storage-ios/tcm-storage-ios/build/SourcePackages/checkouts/firebase-ios-sdk/FirebaseSessions/SourcesObjC
2026-04-22T16:45:05.2229040Z  /Users/runner/work/tcm-storage-ios/tcm-storage-ios/build/SourcePackages/checkouts/firebase-ios-sdk/FirebaseCore/Extension
2026-04-22T16:45:05.2229740Z  /Users/runner/work/tcm-storage-ios/tcm-storage-ios/build/SourcePackages/checkouts/firebase-ios-sdk/FirebaseInstallations/Source/Library/Public
2026-04-22T16:45:05.2230440Z  /Users/runner/work/tcm-storage-ios/tcm-storage-ios/build/SourcePackages/checkouts/firebase-ios-sdk/FirebaseCore/Sources/Public
2026-04-22T16:45:05.2231200Z  /Users/runner/work/tcm-storage-ios/tcm-storage-ios/build/SourcePackages/checkouts/firebase-ios-sdk/CoreOnly/Sources
2026-04-22T16:45:05.2232230Z  /Users/runner/work/tcm-storage-ios/tcm-storage-ios/build/SourcePackages/checkouts/firebase-ios-sdk/Crashlytics/Crashlytics/Public
2026-04-22T16:45:05.2235310Z  /Users/runner/work/tcm-storage-ios/tcm-storage-ios/build/SourcePackages/checkouts/GzipSwift/Sources/system-zlib/include
2026-04-22T16:45:05.2236130Z  /Users/runner/work/tcm-storage-ios/tcm-storage-ios/build/Build/Intermediates.noindex/Nextcloud.build/Debug-iphonesimulator/Nextcloud.build/DerivedSources
2026-04-22T16:45:05.2236930Z  /Users/runner/work/tcm-storage-ios/tcm-storage-ios/build/Build/Products/Debug-iphonesimulator/PackageFrameworks (framework directory)
2026-04-22T16:45:05.2237620Z  /Users/runner/work/tcm-storage-ios/tcm-storage-ios/build/Build/Products/Debug-iphonesimulator (framework directory)
2026-04-22T16:45:05.2238300Z  /Applications/Xcode_26.2.app/Contents/Developer/Platforms/iPhoneSimulator.platform/Developer/Library/Frameworks (framework directory)
2026-04-22T16:45:05.2239640Z  /Applications/Xcode_26.2.app/Contents/Developer/Platforms/iPhoneSimulator.platform/Developer/SDKs/iPhoneSimulator26.2.sdk/Developer/Library/Frameworks (framework directory)
2026-04-22T16:45:05.2240430Z  /Applications/Xcode_26.2.app/Contents/Developer/Toolchains/XcodeDefault.xctoolchain/usr/lib/clang/17/include
2026-04-22T16:45:05.2241080Z  /Applications/Xcode_26.2.app/Contents/Developer/Platforms/iPhoneSimulator.platform/Developer/SDKs/iPhoneSimulator26.2.sdk/usr/include
2026-04-22T16:45:05.2241800Z  /Applications/Xcode_26.2.app/Contents/Developer/Toolchains/XcodeDefault.xctoolchain/usr/include
2026-04-22T16:45:05.2242580Z  /Applications/Xcode_26.2.app/Contents/Developer/Platforms/iPhoneSimulator.platform/Developer/SDKs/iPhoneSimulator26.2.sdk/System/Library/Frameworks (framework directory)
2026-04-22T16:45:05.2245040Z  /Applications/Xcode_26.2.app/Contents/Developer/Platforms/iPhoneSimulator.platform/Developer/SDKs/iPhoneSimulator26.2.sdk/System/Library/SubFrameworks (framework directory)
2026-04-22T16:45:05.2246900Z End of search list.
2026-04-22T16:45:05.2248180Z /Users/runner/work/tcm-storage-ios/tcm-storage-ios/build/Build/Intermediates.noindex/Nextcloud.build/Debug-iphonesimulator/Nextcloud.build/DerivedSources-normal/arm64"
2026-04-22T16:45:05.2249570Z ignoring nonexistent directory "/Users/runner/work/tcm-storage-ios/tcm-storage-ios/build/Build/Intermediates.noindex/Nextcloud.build/Debug-iphonesimulator/Nextcloud.build/DerivedSources/arm64"
2026-04-22T16:45:05.2250560Z ignoring nonexistent directory "/Applications/Xcode_26.2.app/Contents/Developer/Platforms/iPhoneSimulator.platform/Developer/SDKs/iPhoneSimulator26.2.sdk/usr/local/include"
2026-04-22T16:45:05.2251690Z ignoring nonexistent directory "/Applications/Xcode_26.2.app/Contents/Developer/Platforms/iPhoneSimulator.platform/Developer/SDKs/iPhoneSimulator26.2.sdk/Library/Frameworks"
2026-04-22T16:45:05.2252890Z ignoring duplicate directory "/Users/runner/work/tcm-storage-ios/tcm-storage-ios/build/Build/Products/Debug-iphonesimulator/PackageFrameworks"
2026-04-22T16:45:05.2253890Z ignoring duplicate directory "/Users/runner/work/tcm-storage-ios/tcm-storage-ios/build/Build/Products/Debug-iphonesimulator/PackageFrameworks"
2026-04-22T16:45:05.2255460Z ignoring duplicate directory "/Users/runner/work/tcm-storage-ios/tcm-storage-ios/build/Build/Products/Debug-iphonesimulator/PackageFrameworks"
2026-04-22T16:45:05.2257930Z ignoring duplicate directory "/Users/runner/work/tcm-storage-ios/tcm-storage-ios/build/Build/Products/Debug-iphonesimulator/PackageFrameworks"
2026-04-22T16:45:05.2258740Z ignoring duplicate directory "/Users/runner/work/tcm-storage-ios/tcm-storage-ios/build/Build/Products/Debug-iphonesimulator/PackageFrameworks"
2026-04-22T16:45:05.2259490Z ignoring duplicate directory "/Users/runner/work/tcm-storage-ios/tcm-storage-ios/build/Build/Products/Debug-iphonesimulator/PackageFrameworks"
2026-04-22T16:45:05.2260450Z ignoring duplicate directory "/Users/runner/work/tcm-storage-ios/tcm-storage-ios/build/Build/Products/Debug-iphonesimulator/PackageFrameworks"
2026-04-22T16:45:05.2261240Z ignoring duplicate directory "/Users/runner/work/tcm-storage-ios/tcm-storage-ios/build/Build/Products/Debug-iphonesimulator/PackageFrameworks"
2026-04-22T16:45:05.2261990Z ignoring duplicate directory "/Users/runner/work/tcm-storage-ios/tcm-storage-ios/build/Build/Products/Debug-iphonesimulator/PackageFrameworks"
2026-04-22T16:45:05.2262760Z ignoring duplicate directory "/Users/runner/work/tcm-storage-ios/tcm-storage-ios/build/Build/Products/Debug-iphonesimulator/PackageFrameworks"
2026-04-22T16:45:05.2263570Z ignoring duplicate directory "/Users/runner/work/tcm-storage-ios/tcm-storage-ios/build/Build/Products/Debug-iphonesimulator/PackageFrameworks"
2026-04-22T16:45:05.2265100Z ignoring duplicate directory "/Users/runner/work/tcm-storage-ios/tcm-storage-ios/build/Build/Products/Debug-iphonesimulator/PackageFrameworks"
2026-04-22T16:45:05.2265860Z ignoring duplicate directory "/Users/runner/work/tcm-storage-ios/tcm-storage-ios/build/Build/Products/Debug-iphonesimulator/PackageFrameworks"
2026-04-22T16:45:05.2266750Z ignoring duplicate directory "/Users/runner/work/tcm-storage-ios/tcm-storage-ios/build/Build/Products/Debug-iphonesimulator/PackageFrameworks"
2026-04-22T16:45:05.2267500Z ignoring duplicate directory "/Users/runner/work/tcm-storage-ios/tcm-storage-ios/build/Build/Products/Debug-iphonesimulator/PackageFrameworks"
2026-04-22T16:45:05.2268240Z ignoring duplicate directory "/Users/runner/work/tcm-storage-ios/tcm-storage-ios/build/Build/Products/Debug-iphonesimulator/PackageFrameworks"
2026-04-22T16:45:05.2269130Z ignoring duplicate directory "/Users/runner/work/tcm-storage-ios/tcm-storage-ios/build/Build/Products/Debug-iphonesimulator/PackageFrameworks"
2026-04-22T16:45:05.2269870Z ignoring duplicate directory "/Users/runner/work/tcm-storage-ios/tcm-storage-ios/build/Build/Products/Debug-iphonesimulator/PackageFrameworks"
2026-04-22T16:45:05.2270610Z ignoring duplicate directory "/Users/runner/work/tcm-storage-ios/tcm-storage-ios/build/Build/Products/Debug-iphonesimulator/PackageFrameworks"
2026-04-22T16:45:05.2271390Z ignoring duplicate directory "/Users/runner/work/tcm-storage-ios/tcm-storage-ios/build/Build/Products/Debug-iphonesimulator/PackageFrameworks"
2026-04-22T16:45:05.2272140Z ignoring duplicate directory "/Users/runner/work/tcm-storage-ios/tcm-storage-ios/build/Build/Products/Debug-iphonesimulator/PackageFrameworks"
2026-04-22T16:45:05.2272890Z ignoring duplicate directory "/Users/runner/work/tcm-storage-ios/tcm-storage-ios/build/Build/Products/Debug-iphonesimulator/PackageFrameworks"
2026-04-22T16:45:05.2273980Z ignoring duplicate directory "/Users/runner/work/tcm-storage-ios/tcm-storage-ios/build/Build/Products/Debug-iphonesimulator/PackageFrameworks"
2026-04-22T16:45:05.2274730Z ignoring duplicate directory "/Users/runner/work/tcm-storage-ios/tcm-storage-ios/build/Build/Products/Debug-iphonesimulator/PackageFrameworks"
2026-04-22T16:45:05.2275460Z ignoring duplicate directory "/Users/runner/work/tcm-storage-ios/tcm-storage-ios/build/Build/Products/Debug-iphonesimulator/PackageFrameworks"
2026-04-22T16:45:05.2276190Z ignoring duplicate directory "/Users/runner/work/tcm-storage-ios/tcm-storage-ios/build/Build/Products/Debug-iphonesimulator/PackageFrameworks"
2026-04-22T16:45:05.2276940Z ignoring duplicate directory "/Users/runner/work/tcm-storage-ios/tcm-storage-ios/build/Build/Products/Debug-iphonesimulator/PackageFrameworks"
2026-04-22T16:45:05.2277690Z ignoring duplicate directory "/Users/runner/work/tcm-storage-ios/tcm-storage-ios/build/Build/Products/Debug-iphonesimulator/PackageFrameworks"
2026-04-22T16:45:05.2278240Z ignoring duplicate directory "Apple clang version 17.0.0 (clang-1700.6.3.2)
2026-04-22T16:45:05.2279360Z Target: /Users/runner/work/tcm-storage-ios/tcm-storage-ios/build/Build/Products/Debug-iphonesimulator/PackageFrameworksarm64-apple-ios17.0-simulator
2026-04-22T16:45:05.2279950Z "
2026-04-22T16:45:05.2281060Z ignoring duplicate directory "/Users/runner/work/tcm-storage-ios/tcm-storage-ios/build/Build/Products/Debug-iphonesimulator/PackageFrameworks"
2026-04-22T16:45:05.2281800Z ignoring duplicate directory "/Users/runner/work/tcm-storage-ios/tcm-storage-ios/build/Build/Products/Debug-iphonesimulator/PackageFrameworks"
2026-04-22T16:45:05.2282680Z ignoring duplicate directory "/Users/runner/work/tcm-storage-ios/tcm-storage-ios/build/Build/Products/Debug-iphonesimulator/PackageFrameworks"
2026-04-22T16:45:05.2283190Z Thread model: ignoring duplicate directory "posix
2026-04-22T16:45:05.2283600Z InstalledDir: /Applications/Xcode_26.2.app/Contents/Developer/Toolchains/XcodeDefault.xctoolchain/usr/bin
2026-04-22T16:45:05.2284190Z /Users/runner/work/tcm-storage-ios/tcm-storage-ios/build/Build/Products/Debug-iphonesimulator/PackageFrameworks"
2026-04-22T16:45:05.2284960Z ignoring duplicate directory "/Users/runner/work/tcm-storage-ios/tcm-storage-ios/build/Build/Products/Debug-iphonesimulator/PackageFrameworks"
2026-04-22T16:45:05.2285720Z ignoring duplicate directory "/Users/runner/work/tcm-storage-ios/tcm-storage-ios/build/Build/Products/Debug-iphonesimulator/PackageFrameworks"
2026-04-22T16:45:05.2286560Z ignoring duplicate directory "/Users/runner/work/tcm-storage-ios/tcm-storage-ios/build/Build/Products/Debug-iphonesimulator/PackageFrameworks"
2026-04-22T16:45:05.2287510Z ignoring duplicate directory "/Users/runner/work/tcm-storage-ios/tcm-storage-ios/build/Build/Products/Debug-iphonesimulator/PackageFrameworks"
2026-04-22T16:45:05.2290410Z ignoring duplicate directory "/Users/runner/work/tcm-storage-ios/tcm-storage-ios/build/Build/Products/Debug-iphonesimulator/PackageFrameworks"
2026-04-22T16:45:05.2293080Z ignoring duplicate directory "/Users/runner/work/tcm-storage-ios/tcm-storage-ios/build/Build/Products/Debug-iphonesimulator/PackageFrameworks"
2026-04-22T16:45:05.2293890Z ignoring duplicate directory "/Users/runner/work/tcm-storage-ios/tcm-storage-ios/build/Build/Products/Debug-iphonesimulator/PackageFrameworks"
2026-04-22T16:45:05.2294640Z ignoring duplicate directory "/Users/runner/work/tcm-storage-ios/tcm-storage-ios/build/Build/Products/Debug-iphonesimulator/PackageFrameworks"
2026-04-22T16:45:05.2295390Z ignoring duplicate directory "/Users/runner/work/tcm-storage-ios/tcm-storage-ios/build/Build/Products/Debug-iphonesimulator/PackageFrameworks"
2026-04-22T16:45:05.2296130Z ignoring duplicate directory "/Users/runner/work/tcm-storage-ios/tcm-storage-ios/build/Build/Products/Debug-iphonesimulator/PackageFrameworks"
2026-04-22T16:45:05.2296860Z ignoring duplicate directory "/Users/runner/work/tcm-storage-ios/tcm-storage-ios/build/Build/Products/Debug-iphonesimulator/PackageFrameworks"
2026-04-22T16:45:05.2297620Z ignoring duplicate directory "/Users/runner/work/tcm-storage-ios/tcm-storage-ios/build/Build/Products/Debug-iphonesimulator/PackageFrameworks"
2026-04-22T16:45:05.2298370Z ignoring duplicate directory "/Users/runner/work/tcm-storage-ios/tcm-storage-ios/build/Build/Products/Debug-iphonesimulator/PackageFrameworks"
2026-04-22T16:45:05.2299110Z ignoring duplicate directory "/Users/runner/work/tcm-storage-ios/tcm-storage-ios/build/Build/Products/Debug-iphonesimulator/PackageFrameworks"
2026-04-22T16:45:05.2299860Z ignoring duplicate directory "/Users/runner/work/tcm-storage-ios/tcm-storage-ios/build/Build/Products/Debug-iphonesimulator/PackageFrameworks"
2026-04-22T16:45:05.2300610Z ignoring duplicate directory "/Users/runner/work/tcm-storage-ios/tcm-storage-ios/build/Build/Products/Debug-iphonesimulator/PackageFrameworks"
2026-04-22T16:45:05.2301390Z ignoring duplicate directory "/Users/runner/work/tcm-storage-ios/tcm-storage-ios/build/Build/Products/Debug-iphonesimulator/PackageFrameworks"
2026-04-22T16:45:05.2302160Z ignoring duplicate directory "/Users/runner/work/tcm-storage-ios/tcm-storage-ios/build/Build/Products/Debug-iphonesimulator/PackageFrameworks"
2026-04-22T16:45:05.2302890Z ignoring duplicate directory "/Users/runner/work/tcm-storage-ios/tcm-storage-ios/build/Build/Products/Debug-iphonesimulator/PackageFrameworks"
2026-04-22T16:45:05.2303710Z ignoring duplicate directory "/Users/runner/work/tcm-storage-ios/tcm-storage-ios/build/Build/Products/Debug-iphonesimulator/PackageFrameworks"
2026-04-22T16:45:05.2304440Z ignoring duplicate directory "/Users/runner/work/tcm-storage-ios/tcm-storage-ios/build/Build/Products/Debug-iphonesimulator/PackageFrameworks"
2026-04-22T16:45:05.2305180Z ignoring duplicate directory "/Users/runner/work/tcm-storage-ios/tcm-storage-ios/build/Build/Products/Debug-iphonesimulator/PackageFrameworks"
2026-04-22T16:45:05.2305850Z ignoring duplicate directory "clang -cc1 version 17.0.0 (clang-1700.6.3.2) default target arm64-apple-darwin24.6.0
2026-04-22T16:45:05.2306430Z /Users/runner/work/tcm-storage-ios/tcm-storage-ios/build/Build/Products/Debug-iphonesimulator/PackageFrameworks"
2026-04-22T16:45:05.2307110Z ignoring duplicate directory "/Users/runner/work/tcm-storage-ios/tcm-storage-ios/build/Build/Products/Debug-iphonesimulator/PackageFrameworks"
2026-04-22T16:45:05.2307900Z ignoring duplicate directory "/Users/runner/work/tcm-storage-ios/tcm-storage-ios/build/Build/Products/Debug-iphonesimulator/PackageFrameworks"
2026-04-22T16:45:05.2309140Z ignoring nonexistent directory "/Users/runner/work/tcm-storage-ios/tcm-storage-ios/build/Build/Products/Debug-iphonesimulator/includeignoring duplicate directory "/Users/runner/work/tcm-storage-ios/tcm-storage-ios/build/Build/Products/Debug-iphonesimulator/PackageFrameworks"
2026-04-22T16:45:05.2310320Z ignoring duplicate directory "/Users/runner/work/tcm-storage-ios/tcm-storage-ios/build/Build/Products/Debug-iphonesimulator/PackageFrameworks"
2026-04-22T16:45:05.2311190Z ignoring duplicate directory "/Users/runner/work/tcm-storage-ios/tcm-storage-ios/build/Build/Products/Debug-iphonesimulator/PackageFrameworks"
2026-04-22T16:45:05.2311760Z "
2026-04-22T16:45:05.2312160Z ignoring duplicate directory "/Users/runner/work/tcm-storage-ios/tcm-storage-ios/build/Build/Products/Debug-iphonesimulator/PackageFrameworks"
2026-04-22T16:45:05.2312920Z ignoring duplicate directory "/Users/runner/work/tcm-storage-ios/tcm-storage-ios/build/Build/Products/Debug-iphonesimulator/PackageFrameworks"
2026-04-22T16:45:05.2313660Z ignoring duplicate directory "/Users/runner/work/tcm-storage-ios/tcm-storage-ios/build/Build/Products/Debug-iphonesimulator/PackageFrameworks"
2026-04-22T16:45:05.2314420Z ignoring duplicate directory "/Users/runner/work/tcm-storage-ios/tcm-storage-ios/build/Build/Products/Debug-iphonesimulator/PackageFrameworks"
2026-04-22T16:45:05.2315170Z ignoring duplicate directory "/Users/runner/work/tcm-storage-ios/tcm-storage-ios/build/Build/Products/Debug-iphonesimulator/PackageFrameworks"
2026-04-22T16:45:05.2315950Z ignoring duplicate directory "/Users/runner/work/tcm-storage-ios/tcm-storage-ios/build/Build/Products/Debug-iphonesimulator/PackageFrameworks"
2026-04-22T16:45:05.2316670Z ignoring duplicate directory "/Users/runner/work/tcm-storage-ios/tcm-storage-ios/build/Build/Products/Debug-iphonesimulator/PackageFrameworks"
2026-04-22T16:45:05.2317400Z ignoring duplicate directory "/Users/runner/work/tcm-storage-ios/tcm-storage-ios/build/Build/Products/Debug-iphonesimulator/PackageFrameworks"
2026-04-22T16:45:05.2318140Z ignoring duplicate directory "/Users/runner/work/tcm-storage-ios/tcm-storage-ios/build/Build/Products/Debug-iphonesimulator/PackageFrameworks"
2026-04-22T16:45:05.2318950Z ignoring duplicate directory "/Users/runner/work/tcm-storage-ios/tcm-storage-ios/build/Build/Products/Debug-iphonesimulator/PackageFrameworks"
2026-04-22T16:45:05.2320150Z ignoring duplicate directory "/Users/runner/work/tcm-storage-ios/tcm-storage-ios/build/Build/Products/Debug-iphonesimulator/PackageFrameworks"
2026-04-22T16:45:05.2320930Z ignoring duplicate directory "/Users/runner/work/tcm-storage-ios/tcm-storage-ios/build/Build/Products/Debug-iphonesimulator/PackageFrameworks"
2026-04-22T16:45:05.2321690Z ignoring duplicate directory "/Users/runner/work/tcm-storage-ios/tcm-storage-ios/build/Build/Products/Debug-iphonesimulator/PackageFrameworks"
2026-04-22T16:45:05.2322680Z ignoring duplicate directory "/Users/runner/work/tcm-storage-ios/tcm-storage-ios/build/Build/Products/Debug-iphonesimulator/PackageFrameworks"
2026-04-22T16:45:05.2323500Z ignoring duplicate directory "/Users/runner/work/tcm-storage-ios/tcm-storage-ios/build/Build/Products/Debug-iphonesimulator/PackageFrameworks"
2026-04-22T16:45:05.2324000Z #include "..." search starts here:
2026-04-22T16:45:05.2324650Z  /Users/runner/work/tcm-storage-ios/tcm-storage-ios/build/Build/Intermediates.noindex/Nextcloud.build/Debug-iphonesimulator/Nextcloud.build/Nextcloud-generated-files.hmap (headermap)
2026-04-22T16:45:05.2325760Z  /Users/runner/work/tcm-storage-ios/tcm-storage-ios/build/Build/Intermediates.noindex/Nextcloud.build/Debug-iphonesimulator/Nextcloud.build/Nextcloud-project-headers.hmap (headermap)
2026-04-22T16:45:05.2326400Z #include <...> search starts here:
2026-04-22T16:45:05.2327000Z  /Users/runner/work/tcm-storage-ios/tcm-storage-ios/build/Build/Intermediates.noindex/Nextcloud.build/Debug-iphonesimulator/Nextcloud.build/Nextcloud-own-target-headers.hmap (headermap)
2026-04-22T16:45:05.2336200Z  /Users/runner/work/tcm-storage-ios/tcm-storage-ios/build/Build/Intermediates.noindex/Nextcloud.build/Debug-iphonesimulator/Nextcloud.build/Nextcloud-all-non-framework-target-headers.hmap (headermap)
2026-04-22T16:45:05.2337250Z  /Users/runner/work/tcm-storage-ios/tcm-storage-ios/build/SourcePackages/checkouts/swift-nio-ssl/Sources/CNIOBoringSSLShims/include
2026-04-22T16:45:05.2337990Z  /Users/runner/work/tcm-storage-ios/tcm-storage-ios/build/SourcePackages/checkouts/swift-nio-ssl/Sources/CNIOBoringSSL/include
2026-04-22T16:45:05.2338810Z  /Users/runner/work/tcm-storage-ios/tcm-storage-ios/build/SourcePackages/checkouts/swift-atomics/Sources/_AtomicsShims/include
2026-04-22T16:45:05.2339610Z  /Users/runner/work/tcm-storage-ios/tcm-storage-ios/build/SourcePackages/checkouts/swift-nio/Sources/CNIOPosix/include
2026-04-22T16:45:05.2340270Z  /Users/runner/work/tcm-storage-ios/tcm-storage-ios/build/SourcePackages/checkouts/swift-nio/Sources/CNIOWASI/include
2026-04-22T16:45:05.2340960Z  /Users/runner/work/tcm-storage-ios/tcm-storage-ios/build/SourcePackages/checkouts/swift-nio/Sources/CNIOWindows/include
2026-04-22T16:45:05.2341660Z  /Users/runner/work/tcm-storage-ios/tcm-storage-ios/build/SourcePackages/checkouts/swift-nio/Sources/CNIOLinux/include
2026-04-22T16:45:05.2342410Z  /Users/runner/work/tcm-storage-ios/tcm-storage-ios/build/SourcePackages/checkouts/swift-nio/Sources/CNIODarwin/include
2026-04-22T16:45:05.2343100Z  /Users/runner/work/tcm-storage-ios/tcm-storage-ios/build/SourcePackages/checkouts/swift-nio/Sources/CNIOOpenBSD/include
2026-04-22T16:45:05.2343730Z  /Users/runner/work/tcm-storage-ios/tcm-storage-ios/build/SourcePackages/checkouts/swift-nio/Sources/CNIOAtomics/include
2026-04-22T16:45:05.2344460Z  /Users/runner/work/tcm-storage-ios/tcm-storage-ios/build/SourcePackages/checkouts/realm-core/src
2026-04-22T16:45:05.2345010Z  /Users/runner/work/tcm-storage-ios/tcm-storage-ios/build/SourcePackages/checkouts/realm-core/src/external/s2
2026-04-22T16:45:05.2345690Z  /Users/runner/work/tcm-storage-ios/tcm-storage-ios/build/SourcePackages/checkouts/realm-core/src/external/IntelRDFPMathLib20U2/LIBRARY/src
2026-04-22T16:45:05.2346330Z  /Users/runner/work/tcm-storage-ios/tcm-storage-ios/build/SourcePackages/checkouts/realm-core/src/spm
2026-04-22T16:45:05.2346850Z  /Users/runner/work/tcm-storage-ios/tcm-storage-ios/build/SourcePackages/checkouts/realm-swift/include
2026-04-22T16:45:05.2347460Z  /Users/runner/work/tcm-storage-ios/tcm-storage-ios/build/SourcePackages/checkouts/GoogleUtilities/GoogleUtilities/NSData+zlib/Public
2026-04-22T16:45:05.2349070Z  /Users/runner/work/tcm-storage-ios/tcm-storage-ios/build/SourcePackages/checkouts/GoogleUtilities/GoogleUtilities/Logger/Public
2026-04-22T16:45:05.2349820Z  /Users/runner/work/tcm-storage-ios/tcm-storage-ios/build/SourcePackages/checkouts/GoogleUtilities/GoogleUtilities/Environment/Public
2026-04-22T16:45:05.2350530Z  /Users/runner/work/tcm-storage-ios/tcm-storage-ios/build/SourcePackages/checkouts/GoogleUtilities/third_party/IsAppEncrypted/Public
2026-04-22T16:45:05.2352310Z  /Users/runner/work/tcm-storage-ios/tcm-storage-ios/build/SourcePackages/checkouts/GoogleUtilities/GoogleUtilities/UserDefaults/Public
2026-04-22T16:45:05.2352930Z  /Users/runner/work/tcm-storage-ios/tcm-storage-ios/build/SourcePackages/checkouts/nanopb/spm_headers
2026-04-22T16:45:05.2353500Z  /Users/runner/work/tcm-storage-ios/tcm-storage-ios/build/SourcePackages/checkouts/promises/Sources/FBLPromises/include
2026-04-22T16:45:05.2354520Z  /Users/runner/work/tcm-storage-ios/tcm-storage-ios/build/SourcePackages/checkouts/GoogleDataTransport/GoogleDataTransport/GDTCORLibrary/Public
2026-04-22T16:45:05.2355280Z  /Users/runner/work/tcm-storage-ios/tcm-storage-ios/build/SourcePackages/checkouts/firebase-ios-sdk/FirebaseSessions/SourcesObjC
2026-04-22T16:45:05.2355940Z  /Users/runner/work/tcm-storage-ios/tcm-storage-ios/build/SourcePackages/checkouts/firebase-ios-sdk/FirebaseCore/Extension
2026-04-22T16:45:05.2356640Z  /Users/runner/work/tcm-storage-ios/tcm-storage-ios/build/SourcePackages/checkouts/firebase-ios-sdk/FirebaseInstallations/Source/Library/Public
2026-04-22T16:45:05.2359920Z  /Users/runner/work/tcm-storage-ios/tcm-storage-ios/build/SourcePackages/checkouts/firebase-ios-sdk/FirebaseCore/Sources/Public
2026-04-22T16:45:05.2360890Z  /Users/runner/work/tcm-storage-ios/tcm-storage-ios/build/SourcePackages/checkouts/firebase-ios-sdk/CoreOnly/Sources
2026-04-22T16:45:05.2361530Z  /Users/runner/work/tcm-storage-ios/tcm-storage-ios/build/SourcePackages/checkouts/firebase-ios-sdk/Crashlytics/Crashlytics/Public
2026-04-22T16:45:05.2362350Z  /Users/runner/work/tcm-storage-ios/tcm-storage-ios/build/SourcePackages/checkouts/GzipSwift/Sources/system-zlib/include
2026-04-22T16:45:05.2363400Z  /Users/runner/work/tcm-storage-ios/tcm-storage-ios/build/Build/Intermediates.noindex/Nextcloud.build/Debug-iphonesimulator/Nextcloud.build/DerivedSources
2026-04-22T16:45:05.2364220Z  /Users/runner/work/tcm-storage-ios/tcm-storage-ios/build/Build/Products/Debug-iphonesimulator/PackageFrameworks (framework directory)
2026-04-22T16:45:05.2364890Z  /Users/runner/work/tcm-storage-ios/tcm-storage-ios/build/Build/Products/Debug-iphonesimulator (framework directory)
2026-04-22T16:45:05.2365870Z  /Applications/Xcode_26.2.app/Contents/Developer/Platforms/iPhoneSimulator.platform/Developer/Library/Frameworks (framework directory)
2026-04-22T16:45:05.2366720Z  /Applications/Xcode_26.2.app/Contents/Developer/Platforms/iPhoneSimulator.platform/Developer/SDKs/iPhoneSimulator26.2.sdk/Developer/Library/Frameworks (framework directory)
2026-04-22T16:45:05.2367470Z  /Applications/Xcode_26.2.app/Contents/Developer/Toolchains/XcodeDefault.xctoolchain/usr/lib/clang/17/include
2026-04-22T16:45:05.2368100Z  /Applications/Xcode_26.2.app/Contents/Developer/Platforms/iPhoneSimulator.platform/Developer/SDKs/iPhoneSimulator26.2.sdk/usr/include
2026-04-22T16:45:05.2368710Z  /Applications/Xcode_26.2.app/Contents/Developer/Toolchains/XcodeDefault.xctoolchain/usr/include
2026-04-22T16:45:05.2369420Z  /Applications/Xcode_26.2.app/Contents/Developer/Platforms/iPhoneSimulator.platform/Developer/SDKs/iPhoneSimulator26.2.sdk/System/Library/Frameworks (framework directory)
2026-04-22T16:45:05.2372440Z  /Applications/Xcode_26.2.app/Contents/Developer/Platforms/iPhoneSimulator.platform/Developer/SDKs/iPhoneSimulator26.2.sdk/System/Library/SubFrameworks (framework directory)
2026-04-22T16:45:05.2373420Z End of search list.
2026-04-22T16:45:05.2374020Z ignoring nonexistent directory "/Users/runner/work/tcm-storage-ios/tcm-storage-ios/build/Build/Intermediates.noindex/Nextcloud.build/Debug-iphonesimulator/Nextcloud.build/DerivedSources-normal/arm64"
2026-04-22T16:45:05.2375090Z ignoring nonexistent directory "/Users/runner/work/tcm-storage-ios/tcm-storage-ios/build/Build/Intermediates.noindex/Nextcloud.build/Debug-iphonesimulator/Nextcloud.build/DerivedSources/arm64"
2026-04-22T16:45:05.2376060Z ignoring nonexistent directory "/Applications/Xcode_26.2.app/Contents/Developer/Platforms/iPhoneSimulator.platform/Developer/SDKs/iPhoneSimulator26.2.sdk/usr/local/include"
2026-04-22T16:45:05.2377110Z ignoring nonexistent directory "/Applications/Xcode_26.2.app/Contents/Developer/Platforms/iPhoneSimulator.platform/Developer/SDKs/iPhoneSimulator26.2.sdk/Library/Frameworks"
2026-04-22T16:45:05.2378040Z ignoring duplicate directory "/Users/runner/work/tcm-storage-ios/tcm-storage-ios/build/Build/Products/Debug-iphonesimulator/PackageFrameworks"
2026-04-22T16:45:05.2378860Z ignoring duplicate directory "/Users/runner/work/tcm-storage-ios/tcm-storage-ios/build/Build/Products/Debug-iphonesimulator/PackageFrameworks"
2026-04-22T16:45:05.2379610Z ignoring duplicate directory "/Users/runner/work/tcm-storage-ios/tcm-storage-ios/build/Build/Products/Debug-iphonesimulator/PackageFrameworks"
2026-04-22T16:45:05.2380400Z ignoring duplicate directory "/Users/runner/work/tcm-storage-ios/tcm-storage-ios/build/Build/Products/Debug-iphonesimulator/PackageFrameworks"
2026-04-22T16:45:05.2381140Z ignoring duplicate directory "/Users/runner/work/tcm-storage-ios/tcm-storage-ios/build/Build/Products/Debug-iphonesimulator/PackageFrameworks"
2026-04-22T16:45:05.2382050Z ignoring duplicate directory "/Users/runner/work/tcm-storage-ios/tcm-storage-ios/build/Build/Products/Debug-iphonesimulator/PackageFrameworks"
2026-04-22T16:45:05.2382800Z ignoring duplicate directory "/Users/runner/work/tcm-storage-ios/tcm-storage-ios/build/Build/Products/Debug-iphonesimulator/PackageFrameworks"
2026-04-22T16:45:05.2383540Z ignoring duplicate directory "/Users/runner/work/tcm-storage-ios/tcm-storage-ios/build/Build/Products/Debug-iphonesimulator/PackageFrameworks"
2026-04-22T16:45:05.2385010Z ignoring duplicate directory "/Users/runner/work/tcm-storage-ios/tcm-storage-ios/build/Build/Products/Debug-iphonesimulator/PackageFrameworks"
2026-04-22T16:45:05.2385800Z ignoring duplicate directory "/Users/runner/work/tcm-storage-ios/tcm-storage-ios/build/Build/Products/Debug-iphonesimulator/PackageFrameworks"
2026-04-22T16:45:05.2387340Z ignoring duplicate directory "/Users/runner/work/tcm-storage-ios/tcm-storage-ios/build/Build/Products/Debug-iphonesimulator/PackageFrameworks"
2026-04-22T16:45:05.2388230Z ignoring duplicate directory "/Users/runner/work/tcm-storage-ios/tcm-storage-ios/build/Build/Products/Debug-iphonesimulator/PackageFrameworks"
2026-04-22T16:45:05.2388980Z ignoring duplicate directory "/Users/runner/work/tcm-storage-ios/tcm-storage-ios/build/Build/Products/Debug-iphonesimulator/PackageFrameworks"
2026-04-22T16:45:05.2389710Z ignoring duplicate directory "/Users/runner/work/tcm-storage-ios/tcm-storage-ios/build/Build/Products/Debug-iphonesimulator/PackageFrameworks"
2026-04-22T16:45:05.2390700Z ignoring duplicate directory "/Users/runner/work/tcm-storage-ios/tcm-storage-ios/build/Build/Products/Debug-iphonesimulator/PackageFrameworks"
2026-04-22T16:45:05.2391460Z ignoring duplicate directory "/Users/runner/work/tcm-storage-ios/tcm-storage-ios/build/Build/Products/Debug-iphonesimulator/PackageFrameworks"
2026-04-22T16:45:05.2392200Z ignoring duplicate directory "/Users/runner/work/tcm-storage-ios/tcm-storage-ios/build/Build/Products/Debug-iphonesimulator/PackageFrameworks"
2026-04-22T16:45:05.2394550Z ignoring duplicate directory "/Users/runner/work/tcm-storage-ios/tcm-storage-ios/build/Build/Products/Debug-iphonesimulator/PackageFrameworks"
2026-04-22T16:45:05.2395300Z ignoring duplicate directory "/Users/runner/work/tcm-storage-ios/tcm-storage-ios/build/Build/Products/Debug-iphonesimulator/PackageFrameworks"
2026-04-22T16:45:05.2396030Z ignoring duplicate directory "/Users/runner/work/tcm-storage-ios/tcm-storage-ios/build/Build/Products/Debug-iphonesimulator/PackageFrameworks"
2026-04-22T16:45:05.2396780Z ignoring duplicate directory "/Users/runner/work/tcm-storage-ios/tcm-storage-ios/build/Build/Products/Debug-iphonesimulator/PackageFrameworks"
2026-04-22T16:45:05.2397520Z ignoring duplicate directory "/Users/runner/work/tcm-storage-ios/tcm-storage-ios/build/Build/Products/Debug-iphonesimulator/PackageFrameworks"
2026-04-22T16:45:05.2398440Z ignoring duplicate directory "/Users/runner/work/tcm-storage-ios/tcm-storage-ios/build/Build/Products/Debug-iphonesimulator/PackageFrameworks"
2026-04-22T16:45:05.2399600Z ignoring duplicate directory "/Users/runner/work/tcm-storage-ios/tcm-storage-ios/build/Build/Products/Debug-iphonesimulator/PackageFrameworks"
2026-04-22T16:45:05.2400380Z ignoring duplicate directory "/Users/runner/work/tcm-storage-ios/tcm-storage-ios/build/Build/Products/Debug-iphonesimulator/PackageFrameworks"
2026-04-22T16:45:05.2401130Z ignoring duplicate directory "/Users/runner/work/tcm-storage-ios/tcm-storage-ios/build/Build/Products/Debug-iphonesimulator/PackageFrameworks"
2026-04-22T16:45:05.2404590Z ignoring duplicate directory "/Users/runner/work/tcm-storage-ios/tcm-storage-ios/build/Build/Products/Debug-iphonesimulator/PackageFrameworks"
2026-04-22T16:45:05.2405350Z ignoring duplicate directory "/Users/runner/work/tcm-storage-ios/tcm-storage-ios/build/Build/Products/Debug-iphonesimulator/PackageFrameworks"
2026-04-22T16:45:05.2406090Z ignoring duplicate directory "/Users/runner/work/tcm-storage-ios/tcm-storage-ios/build/Build/Products/Debug-iphonesimulator/PackageFrameworks"
2026-04-22T16:45:05.2406930Z ignoring duplicate directory "/Users/runner/work/tcm-storage-ios/tcm-storage-ios/build/Build/Products/Debug-iphonesimulator/PackageFrameworks"
2026-04-22T16:45:05.2407860Z ignoring duplicate directory "/Users/runner/work/tcm-storage-ios/tcm-storage-ios/build/Build/Products/Debug-iphonesimulator/PackageFrameworks"
2026-04-22T16:45:05.2410300Z ignoring duplicate directory "/Users/runner/work/tcm-storage-ios/tcm-storage-ios/build/Build/Products/Debug-iphonesimulator/PackageFrameworks"
2026-04-22T16:45:05.2413580Z ignoring duplicate directory "/Users/runner/work/tcm-storage-ios/tcm-storage-ios/build/Build/Products/Debug-iphonesimulator/PackageFrameworks"
2026-04-22T16:45:05.2415610Z ignoring duplicate directory "/Users/runner/work/tcm-storage-ios/tcm-storage-ios/build/Build/Products/Debug-iphonesimulator/PackageFrameworks"
2026-04-22T16:45:05.2417190Z ignoring duplicate directory "/Users/runner/work/tcm-storage-ios/tcm-storage-ios/build/Build/Products/Debug-iphonesimulator/PackageFrameworks"
2026-04-22T16:45:05.2420140Z ignoring duplicate directory "/Users/runner/work/tcm-storage-ios/tcm-storage-ios/build/Build/Products/Debug-iphonesimulator/PackageFrameworks"
2026-04-22T16:45:05.2420880Z ignoring duplicate directory "/Users/runner/work/tcm-storage-ios/tcm-storage-ios/build/Build/Products/Debug-iphonesimulator/PackageFrameworks"
2026-04-22T16:45:05.2421760Z ignoring duplicate directory "/Users/runner/work/tcm-storage-ios/tcm-storage-ios/build/Build/Products/Debug-iphonesimulator/PackageFrameworks"
2026-04-22T16:45:05.2422500Z ignoring duplicate directory "/Users/runner/work/tcm-storage-ios/tcm-storage-ios/build/Build/Products/Debug-iphonesimulator/PackageFrameworks"
2026-04-22T16:45:05.2423770Z ignoring duplicate directory "/Users/runner/work/tcm-storage-ios/tcm-storage-ios/build/Build/Products/Debug-iphonesimulator/PackageFrameworks"
2026-04-22T16:45:05.2424870Z ignoring duplicate directory "/Users/runner/work/tcm-storage-ios/tcm-storage-ios/build/Build/Products/Debug-iphonesimulator/PackageFrameworks"
2026-04-22T16:45:05.2425630Z ignoring duplicate directory "/Users/runner/work/tcm-storage-ios/tcm-storage-ios/build/Build/Products/Debug-iphonesimulator/PackageFrameworks"
2026-04-22T16:45:05.2426370Z ignoring duplicate directory "/Users/runner/work/tcm-storage-ios/tcm-storage-ios/build/Build/Products/Debug-iphonesimulator/PackageFrameworks"
2026-04-22T16:45:05.2427110Z ignoring duplicate directory "/Users/runner/work/tcm-storage-ios/tcm-storage-ios/build/Build/Products/Debug-iphonesimulator/PackageFrameworks"
2026-04-22T16:45:05.2428430Z ignoring duplicate directory "/Users/runner/work/tcm-storage-ios/tcm-storage-ios/build/Build/Products/Debug-iphonesimulator/PackageFrameworks"
2026-04-22T16:45:05.2429170Z ignoring duplicate directory "/Users/runner/work/tcm-storage-ios/tcm-storage-ios/build/Build/Products/Debug-iphonesimulator/PackageFrameworks"
2026-04-22T16:45:05.2430080Z ignoring duplicate directory "/Users/runner/work/tcm-storage-ios/tcm-storage-ios/build/Build/Products/Debug-iphonesimulator/PackageFrameworks"
2026-04-22T16:45:05.2430810Z ignoring duplicate directory "/Users/runner/work/tcm-storage-ios/tcm-storage-ios/build/Build/Products/Debug-iphonesimulator/PackageFrameworks"
2026-04-22T16:45:05.2431650Z ignoring duplicate directory "/Users/runner/work/tcm-storage-ios/tcm-storage-ios/build/Build/Products/Debug-iphonesimulator/PackageFrameworks"
2026-04-22T16:45:05.2432390Z ignoring duplicate directory "/Users/runner/work/tcm-storage-ios/tcm-storage-ios/build/Build/Products/Debug-iphonesimulator/PackageFrameworks"
2026-04-22T16:45:05.2434430Z ignoring duplicate directory "/Users/runner/work/tcm-storage-ios/tcm-storage-ios/build/Build/Products/Debug-iphonesimulator/PackageFrameworks"
2026-04-22T16:45:05.2436580Z ignoring duplicate directory "/Users/runner/work/tcm-storage-ios/tcm-storage-ios/build/Build/Products/Debug-iphonesimulator/PackageFrameworks"
2026-04-22T16:45:05.2437380Z ignoring duplicate directory "/Users/runner/work/tcm-storage-ios/tcm-storage-ios/build/Build/Products/Debug-iphonesimulator/PackageFrameworks"
2026-04-22T16:45:05.2438510Z ignoring duplicate directory "/Users/runner/work/tcm-storage-ios/tcm-storage-ios/build/Build/Products/Debug-iphonesimulator/PackageFrameworks"
2026-04-22T16:45:05.2439520Z ignoring duplicate directory "/Users/runner/work/tcm-storage-ios/tcm-storage-ios/build/Build/Products/Debug-iphonesimulator/PackageFrameworks"
2026-04-22T16:45:05.2440480Z ignoring duplicate directory "/Users/runner/work/tcm-storage-ios/tcm-storage-ios/build/Build/Products/Debug-iphonesimulator/PackageFrameworks"
2026-04-22T16:45:05.2441300Z ignoring duplicate directory "/Users/runner/work/tcm-storage-ios/tcm-storage-ios/build/Build/Products/Debug-iphonesimulator/PackageFrameworks"
2026-04-22T16:45:05.2442050Z ignoring duplicate directory "/Users/runner/work/tcm-storage-ios/tcm-storage-ios/build/Build/Products/Debug-iphonesimulator/PackageFrameworks"
2026-04-22T16:45:05.2442800Z ignoring duplicate directory "/Users/runner/work/tcm-storage-ios/tcm-storage-ios/build/Build/Products/Debug-iphonesimulator/PackageFrameworks"
2026-04-22T16:45:05.2443550Z ignoring duplicate directory "/Users/runner/work/tcm-storage-ios/tcm-storage-ios/build/Build/Products/Debug-iphonesimulator/PackageFrameworks"
2026-04-22T16:45:05.2444310Z ignoring duplicate directory "/Users/runner/work/tcm-storage-ios/tcm-storage-ios/build/Build/Products/Debug-iphonesimulator/PackageFrameworks"
2026-04-22T16:45:05.2445050Z ignoring duplicate directory "/Users/runner/work/tcm-storage-ios/tcm-storage-ios/build/Build/Products/Debug-iphonesimulator/PackageFrameworks"
2026-04-22T16:45:05.2445800Z ignoring duplicate directory "/Users/runner/work/tcm-storage-ios/tcm-storage-ios/build/Build/Products/Debug-iphonesimulator/PackageFrameworks"
2026-04-22T16:45:05.2446550Z ignoring duplicate directory "/Users/runner/work/tcm-storage-ios/tcm-storage-ios/build/Build/Products/Debug-iphonesimulator/PackageFrameworks"
2026-04-22T16:45:05.2447300Z ignoring duplicate directory "/Users/runner/work/tcm-storage-ios/tcm-storage-ios/build/Build/Products/Debug-iphonesimulator/PackageFrameworks"
2026-04-22T16:45:05.2448080Z ignoring duplicate directory "/Users/runner/work/tcm-storage-ios/tcm-storage-ios/build/Build/Products/Debug-iphonesimulator/PackageFrameworks"
2026-04-22T16:45:05.2448830Z ignoring duplicate directory "/Users/runner/work/tcm-storage-ios/tcm-storage-ios/build/Build/Products/Debug-iphonesimulator/PackageFrameworks"
2026-04-22T16:45:05.2449590Z ignoring duplicate directory "/Users/runner/work/tcm-storage-ios/tcm-storage-ios/build/Build/Products/Debug-iphonesimulator/PackageFrameworks"
2026-04-22T16:45:05.2450330Z ignoring duplicate directory "/Users/runner/work/tcm-storage-ios/tcm-storage-ios/build/Build/Products/Debug-iphonesimulator/PackageFrameworks"
2026-04-22T16:45:05.2451080Z ignoring duplicate directory "/Users/runner/work/tcm-storage-ios/tcm-storage-ios/build/Build/Products/Debug-iphonesimulator/PackageFrameworks"
2026-04-22T16:45:05.2451920Z ignoring duplicate directory "/Users/runner/work/tcm-storage-ios/tcm-storage-ios/build/Build/Products/Debug-iphonesimulator/PackageFrameworks"
2026-04-22T16:45:05.2452680Z ignoring duplicate directory "/Users/runner/work/tcm-storage-ios/tcm-storage-ios/build/Build/Products/Debug-iphonesimulator/PackageFrameworks"
2026-04-22T16:45:05.2453450Z ignoring duplicate directory "/Users/runner/work/tcm-storage-ios/tcm-storage-ios/build/Build/Products/Debug-iphonesimulator/PackageFrameworks"
2026-04-22T16:45:05.2454200Z ignoring duplicate directory "/Users/runner/work/tcm-storage-ios/tcm-storage-ios/build/Build/Products/Debug-iphonesimulator/PackageFrameworks"
2026-04-22T16:45:05.2454970Z ignoring duplicate directory "/Users/runner/work/tcm-storage-ios/tcm-storage-ios/build/Build/Products/Debug-iphonesimulator/PackageFrameworks"
2026-04-22T16:45:05.2455720Z ignoring duplicate directory "/Users/runner/work/tcm-storage-ios/tcm-storage-ios/build/Build/Products/Debug-iphonesimulator/PackageFrameworks"
2026-04-22T16:45:05.2456190Z #include "..." search starts here:
2026-04-22T16:45:05.2458230Z  /Users/runner/work/tcm-storage-ios/tcm-storage-ios/build/Build/Intermediates.noindex/Nextcloud.build/Debug-iphonesimulator/Nextcloud.build/Nextcloud-generated-files.hmap (headermap)
2026-04-22T16:45:05.2459360Z  /Users/runner/work/tcm-storage-ios/tcm-storage-ios/build/Build/Intermediates.noindex/Nextcloud.build/Debug-iphonesimulator/Nextcloud.build/Nextcloud-project-headers.hmap (headermap)
2026-04-22T16:45:05.2460070Z #include <...> search starts here:
2026-04-22T16:45:05.2460730Z  /Users/runner/work/tcm-storage-ios/tcm-storage-ios/build/Build/Intermediates.noindex/Nextcloud.build/Debug-iphonesimulator/Nextcloud.build/Nextcloud-own-target-headers.hmap (headermap)
2026-04-22T16:45:05.2461810Z  /Users/runner/work/tcm-storage-ios/tcm-storage-ios/build/Build/Intermediates.noindex/Nextcloud.build/Debug-iphonesimulator/Nextcloud.build/Nextcloud-all-non-framework-target-headers.hmap (headermap)
2026-04-22T16:45:05.2463070Z  /Users/runner/work/tcm-storage-ios/tcm-storage-ios/build/SourcePackages/checkouts/swift-nio-ssl/Sources/CNIOBoringSSLShims/include
2026-04-22T16:45:05.2463810Z  /Users/runner/work/tcm-storage-ios/tcm-storage-ios/build/SourcePackages/checkouts/swift-nio-ssl/Sources/CNIOBoringSSL/include
2026-04-22T16:45:05.2464480Z  /Users/runner/work/tcm-storage-ios/tcm-storage-ios/build/SourcePackages/checkouts/swift-atomics/Sources/_AtomicsShims/include
2026-04-22T16:45:05.2465130Z  /Users/runner/work/tcm-storage-ios/tcm-storage-ios/build/SourcePackages/checkouts/swift-nio/Sources/CNIOPosix/include
2026-04-22T16:45:05.2465750Z  /Users/runner/work/tcm-storage-ios/tcm-storage-ios/build/SourcePackages/checkouts/swift-nio/Sources/CNIOWASI/include
2026-04-22T16:45:05.2466380Z  /Users/runner/work/tcm-storage-ios/tcm-storage-ios/build/SourcePackages/checkouts/swift-nio/Sources/CNIOWindows/include
2026-04-22T16:45:05.2467000Z  /Users/runner/work/tcm-storage-ios/tcm-storage-ios/build/SourcePackages/checkouts/swift-nio/Sources/CNIOLinux/include
2026-04-22T16:45:05.2467650Z  /Users/runner/work/tcm-storage-ios/tcm-storage-ios/build/SourcePackages/checkouts/swift-nio/Sources/CNIODarwin/include
2026-04-22T16:45:05.2468290Z  /Users/runner/work/tcm-storage-ios/tcm-storage-ios/build/SourcePackages/checkouts/swift-nio/Sources/CNIOOpenBSD/include
2026-04-22T16:45:05.2468940Z  /Users/runner/work/tcm-storage-ios/tcm-storage-ios/build/SourcePackages/checkouts/swift-nio/Sources/CNIOAtomics/include
2026-04-22T16:45:05.2469520Z  /Users/runner/work/tcm-storage-ios/tcm-storage-ios/build/SourcePackages/checkouts/realm-core/src
2026-04-22T16:45:05.2470060Z  /Users/runner/work/tcm-storage-ios/tcm-storage-ios/build/SourcePackages/checkouts/realm-core/src/external/s2
2026-04-22T16:45:05.2470710Z  /Users/runner/work/tcm-storage-ios/tcm-storage-ios/build/SourcePackages/checkouts/realm-core/src/external/IntelRDFPMathLib20U2/LIBRARY/src
2026-04-22T16:45:05.2471340Z  /Users/runner/work/tcm-storage-ios/tcm-storage-ios/build/SourcePackages/checkouts/realm-core/src/spm
2026-04-22T16:45:05.2472010Z  /Users/runner/work/tcm-storage-ios/tcm-storage-ios/build/SourcePackages/checkouts/realm-swift/include
2026-04-22T16:45:05.2473130Z  /Users/runner/work/tcm-storage-ios/tcm-storage-ios/build/SourcePackages/checkouts/GoogleUtilities/GoogleUtilities/NSData+zlib/Public
2026-04-22T16:45:05.2474410Z  /Users/runner/work/tcm-storage-ios/tcm-storage-ios/build/SourcePackages/checkouts/GoogleUtilities/GoogleUtilities/Logger/Public
2026-04-22T16:45:05.2476490Z  /Users/runner/work/tcm-storage-ios/tcm-storage-ios/build/SourcePackages/checkouts/GoogleUtilities/GoogleUtilities/Environment/Public
2026-04-22T16:45:05.2477290Z  /Users/runner/work/tcm-storage-ios/tcm-storage-ios/build/SourcePackages/checkouts/GoogleUtilities/third_party/IsAppEncrypted/Public
2026-04-22T16:45:05.2478450Z  /Users/runner/work/tcm-storage-ios/tcm-storage-ios/build/SourcePackages/checkouts/GoogleUtilities/GoogleUtilities/UserDefaults/Public
2026-04-22T16:45:05.2479840Z  /Users/runner/work/tcm-storage-ios/tcm-storage-ios/build/SourcePackages/checkouts/nanopb/spm_headers
2026-04-22T16:45:05.2482660Z  /Users/runner/work/tcm-storage-ios/tcm-storage-ios/build/SourcePackages/checkouts/promises/Sources/FBLPromises/include
2026-04-22T16:45:05.2483470Z  /Users/runner/work/tcm-storage-ios/tcm-storage-ios/build/SourcePackages/checkouts/GoogleDataTransport/GoogleDataTransport/GDTCORLibrary/Public
2026-04-22T16:45:05.2485160Z  /Users/runner/work/tcm-storage-ios/tcm-storage-ios/build/SourcePackages/checkouts/firebase-ios-sdk/FirebaseSessions/SourcesObjC
2026-04-22T16:45:05.2486840Z  /Users/runner/work/tcm-storage-ios/tcm-storage-ios/build/SourcePackages/checkouts/firebase-ios-sdk/FirebaseCore/Extension
2026-04-22T16:45:05.2488800Z  /Users/runner/work/tcm-storage-ios/tcm-storage-ios/build/SourcePackages/checkouts/firebase-ios-sdk/FirebaseInstallations/Source/Library/Public
2026-04-22T16:45:05.2490340Z  /Users/runner/work/tcm-storage-ios/tcm-storage-ios/build/SourcePackages/checkouts/firebase-ios-sdk/FirebaseCore/Sources/Public
2026-04-22T16:45:05.2492450Z  /Users/runner/work/tcm-storage-ios/tcm-storage-ios/build/SourcePackages/checkouts/firebase-ios-sdk/CoreOnly/Sources
2026-04-22T16:45:05.2493520Z  /Users/runner/work/tcm-storage-ios/tcm-storage-ios/build/SourcePackages/checkouts/firebase-ios-sdk/Crashlytics/Crashlytics/Public
2026-04-22T16:45:05.2494940Z  /Users/runner/work/tcm-storage-ios/tcm-storage-ios/build/SourcePackages/checkouts/GzipSwift/Sources/system-zlib/include
2026-04-22T16:45:05.2495700Z  /Users/runner/work/tcm-storage-ios/tcm-storage-ios/build/Build/Intermediates.noindex/Nextcloud.build/Debug-iphonesimulator/Nextcloud.build/DerivedSources
2026-04-22T16:45:05.2496510Z  /Users/runner/work/tcm-storage-ios/tcm-storage-ios/build/Build/Products/Debug-iphonesimulator/PackageFrameworks (framework directory)
2026-04-22T16:45:05.2497180Z  /Users/runner/work/tcm-storage-ios/tcm-storage-ios/build/Build/Products/Debug-iphonesimulator (framework directory)
2026-04-22T16:45:05.2497860Z  /Applications/Xcode_26.2.app/Contents/Developer/Platforms/iPhoneSimulator.platform/Developer/Library/Frameworks (framework directory)
2026-04-22T16:45:05.2498700Z  /Applications/Xcode_26.2.app/Contents/Developer/Platforms/iPhoneSimulator.platform/Developer/SDKs/iPhoneSimulator26.2.sdk/Developer/Library/Frameworks (framework directory)
2026-04-22T16:45:05.2499470Z  /Applications/Xcode_26.2.app/Contents/Developer/Toolchains/XcodeDefault.xctoolchain/usr/lib/clang/17/include
2026-04-22T16:45:05.2500140Z  /Applications/Xcode_26.2.app/Contents/Developer/Platforms/iPhoneSimulator.platform/Developer/SDKs/iPhoneSimulator26.2.sdk/usr/include
2026-04-22T16:45:05.2500760Z  /Applications/Xcode_26.2.app/Contents/Developer/Toolchains/XcodeDefault.xctoolchain/usr/include
2026-04-22T16:45:05.2501480Z  /Applications/Xcode_26.2.app/Contents/Developer/Platforms/iPhoneSimulator.platform/Developer/SDKs/iPhoneSimulator26.2.sdk/System/Library/Frameworks (framework directory)
2026-04-22T16:45:05.2502510Z  /Applications/Xcode_26.2.app/Contents/Developer/Platforms/iPhoneSimulator.platform/Developer/SDKs/iPhoneSimulator26.2.sdk/System/Library/SubFrameworks (framework directory)
2026-04-22T16:45:05.2503050Z End of search list.
2026-04-22T16:45:05.2503450Z clang -cc1 version 17.0.0 (clang-1700.6.3.2) default target arm64-apple-darwin24.6.0
2026-04-22T16:45:05.2504030Z ignoring nonexistent directory "/Users/runner/work/tcm-storage-ios/tcm-storage-ios/build/Build/Products/Debug-iphonesimulator/include"
2026-04-22T16:45:05.2506020Z ignoring nonexistent directory "/Users/runner/work/tcm-storage-ios/tcm-storage-ios/build/Build/Intermediates.noindex/Nextcloud.build/Debug-iphonesimulator/Nextcloud.build/DerivedSources-normal/arm64"
2026-04-22T16:45:05.2507910Z ignoring nonexistent directory "/Users/runner/work/tcm-storage-ios/tcm-storage-ios/build/Build/Intermediates.noindex/Nextcloud.build/Debug-iphonesimulator/Nextcloud.build/DerivedSources/arm64"
2026-04-22T16:45:05.2508930Z ignoring nonexistent directory "/Applications/Xcode_26.2.app/Contents/Developer/Platforms/iPhoneSimulator.platform/Developer/SDKs/iPhoneSimulator26.2.sdk/usr/local/include"
2026-04-22T16:45:05.2510070Z ignoring nonexistent directory "/Applications/Xcode_26.2.app/Contents/Developer/Platforms/iPhoneSimulator.platform/Developer/SDKs/iPhoneSimulator26.2.sdk/Library/Frameworks"
2026-04-22T16:45:05.2510930Z ignoring duplicate directory "/Users/runner/work/tcm-storage-ios/tcm-storage-ios/build/Build/Products/Debug-iphonesimulator/PackageFrameworks"
2026-04-22T16:45:05.2511680Z ignoring duplicate directory "/Users/runner/work/tcm-storage-ios/tcm-storage-ios/build/Build/Products/Debug-iphonesimulator/PackageFrameworks"
2026-04-22T16:45:05.2512620Z ignoring duplicate directory "/Users/runner/work/tcm-storage-ios/tcm-storage-ios/build/Build/Products/Debug-iphonesimulator/PackageFrameworks"
2026-04-22T16:45:05.2513370Z ignoring duplicate directory "/Users/runner/work/tcm-storage-ios/tcm-storage-ios/build/Build/Products/Debug-iphonesimulator/PackageFrameworks"
2026-04-22T16:45:05.2514140Z ignoring duplicate directory "/Users/runner/work/tcm-storage-ios/tcm-storage-ios/build/Build/Products/Debug-iphonesimulator/PackageFrameworks"
2026-04-22T16:45:05.2516480Z ignoring duplicate directory "/Users/runner/work/tcm-storage-ios/tcm-storage-ios/build/Build/Products/Debug-iphonesimulator/PackageFrameworks"
2026-04-22T16:45:05.2517260Z ignoring duplicate directory "/Users/runner/work/tcm-storage-ios/tcm-storage-ios/build/Build/Products/Debug-iphonesimulator/PackageFrameworks"
2026-04-22T16:45:05.2518030Z ignoring duplicate directory "/Users/runner/work/tcm-storage-ios/tcm-storage-ios/build/Build/Products/Debug-iphonesimulator/PackageFrameworks"
2026-04-22T16:45:05.2518780Z ignoring duplicate directory "/Users/runner/work/tcm-storage-ios/tcm-storage-ios/build/Build/Products/Debug-iphonesimulator/PackageFrameworks"
2026-04-22T16:45:05.2519540Z ignoring duplicate directory "/Users/runner/work/tcm-storage-ios/tcm-storage-ios/build/Build/Products/Debug-iphonesimulator/PackageFrameworks"
2026-04-22T16:45:05.2520300Z ignoring duplicate directory "/Users/runner/work/tcm-storage-ios/tcm-storage-ios/build/Build/Products/Debug-iphonesimulator/PackageFrameworks"
2026-04-22T16:45:05.2521710Z ignoring duplicate directory "/Users/runner/work/tcm-storage-ios/tcm-storage-ios/build/Build/Products/Debug-iphonesimulator/PackageFrameworks"
2026-04-22T16:45:05.2523430Z ignoring duplicate directory "/Users/runner/work/tcm-storage-ios/tcm-storage-ios/build/Build/Products/Debug-iphonesimulator/PackageFrameworks"
2026-04-22T16:45:05.2524700Z ignoring duplicate directory "/Users/runner/work/tcm-storage-ios/tcm-storage-ios/build/Build/Products/Debug-iphonesimulator/PackageFrameworks"
2026-04-22T16:45:05.2525570Z ignoring duplicate directory "/Users/runner/work/tcm-storage-ios/tcm-storage-ios/build/Build/Products/Debug-iphonesimulator/PackageFrameworks"
2026-04-22T16:45:05.2526390Z ignoring duplicate directory "/Users/runner/work/tcm-storage-ios/tcm-storage-ios/build/Build/Products/Debug-iphonesimulator/PackageFrameworks"
2026-04-22T16:45:05.2527350Z ignoring duplicate directory "/Users/runner/work/tcm-storage-ios/tcm-storage-ios/build/Build/Products/Debug-iphonesimulator/PackageFrameworks"
2026-04-22T16:45:05.2528110Z ignoring duplicate directory "/Users/runner/work/tcm-storage-ios/tcm-storage-ios/build/Build/Products/Debug-iphonesimulator/PackageFrameworks"
2026-04-22T16:45:05.2530650Z ignoring duplicate directory "/Users/runner/work/tcm-storage-ios/tcm-storage-ios/build/Build/Products/Debug-iphonesimulator/PackageFrameworks"
2026-04-22T16:45:05.2531580Z ignoring duplicate directory "/Users/runner/work/tcm-storage-ios/tcm-storage-ios/build/Build/Products/Debug-iphonesimulator/PackageFrameworks"
2026-04-22T16:45:05.2532520Z ignoring duplicate directory "/Users/runner/work/tcm-storage-ios/tcm-storage-ios/build/Build/Products/Debug-iphonesimulator/PackageFrameworks"
2026-04-22T16:45:05.2533280Z ignoring duplicate directory "/Users/runner/work/tcm-storage-ios/tcm-storage-ios/build/Build/Products/Debug-iphonesimulator/PackageFrameworks"
2026-04-22T16:45:05.2534020Z ignoring duplicate directory "/Users/runner/work/tcm-storage-ios/tcm-storage-ios/build/Build/Products/Debug-iphonesimulator/PackageFrameworks"
2026-04-22T16:45:05.2536120Z ignoring duplicate directory "/Users/runner/work/tcm-storage-ios/tcm-storage-ios/build/Build/Products/Debug-iphonesimulator/PackageFrameworks"
2026-04-22T16:45:05.2536910Z ignoring duplicate directory "/Users/runner/work/tcm-storage-ios/tcm-storage-ios/build/Build/Products/Debug-iphonesimulator/PackageFrameworks"
2026-04-22T16:45:05.2537660Z ignoring duplicate directory "/Users/runner/work/tcm-storage-ios/tcm-storage-ios/build/Build/Products/Debug-iphonesimulator/PackageFrameworks"
2026-04-22T16:45:05.2538900Z ignoring duplicate directory "/Users/runner/work/tcm-storage-ios/tcm-storage-ios/build/Build/Products/Debug-iphonesimulator/PackageFrameworks"
2026-04-22T16:45:05.2541240Z ignoring duplicate directory "/Users/runner/work/tcm-storage-ios/tcm-storage-ios/build/Build/Products/Debug-iphonesimulator/PackageFrameworks"
2026-04-22T16:45:05.2542010Z ignoring duplicate directory "/Users/runner/work/tcm-storage-ios/tcm-storage-ios/build/Build/Products/Debug-iphonesimulator/PackageFrameworks"
2026-04-22T16:45:05.2542790Z ignoring duplicate directory "/Users/runner/work/tcm-storage-ios/tcm-storage-ios/build/Build/Products/Debug-iphonesimulator/PackageFrameworks"
2026-04-22T16:45:05.2543540Z ignoring duplicate directory "/Users/runner/work/tcm-storage-ios/tcm-storage-ios/build/Build/Products/Debug-iphonesimulator/PackageFrameworks"
2026-04-22T16:45:05.2544490Z ignoring duplicate directory "/Users/runner/work/tcm-storage-ios/tcm-storage-ios/build/Build/Products/Debug-iphonesimulator/PackageFrameworks"
2026-04-22T16:45:05.2545270Z ignoring duplicate directory "/Users/runner/work/tcm-storage-ios/tcm-storage-ios/build/Build/Products/Debug-iphonesimulator/PackageFrameworks"
2026-04-22T16:45:05.2546030Z ignoring duplicate directory "/Users/runner/work/tcm-storage-ios/tcm-storage-ios/build/Build/Products/Debug-iphonesimulator/PackageFrameworks"
2026-04-22T16:45:05.2546810Z ignoring duplicate directory "/Users/runner/work/tcm-storage-ios/tcm-storage-ios/build/Build/Products/Debug-iphonesimulator/PackageFrameworks"
2026-04-22T16:45:05.2548390Z ignoring duplicate directory "/Users/runner/work/tcm-storage-ios/tcm-storage-ios/build/Build/Products/Debug-iphonesimulator/PackageFrameworks"
2026-04-22T16:45:05.2549250Z ignoring duplicate directory "/Users/runner/work/tcm-storage-ios/tcm-storage-ios/build/Build/Products/Debug-iphonesimulator/PackageFrameworks"
2026-04-22T16:45:05.2550010Z ignoring duplicate directory "/Users/runner/work/tcm-storage-ios/tcm-storage-ios/build/Build/Products/Debug-iphonesimulator/PackageFrameworks"
2026-04-22T16:45:05.2550770Z ignoring duplicate directory "/Users/runner/work/tcm-storage-ios/tcm-storage-ios/build/Build/Products/Debug-iphonesimulator/PackageFrameworks"
2026-04-22T16:45:05.2551520Z ignoring duplicate directory "/Users/runner/work/tcm-storage-ios/tcm-storage-ios/build/Build/Products/Debug-iphonesimulator/PackageFrameworks"
2026-04-22T16:45:05.2553770Z ignoring duplicate directory "/Users/runner/work/tcm-storage-ios/tcm-storage-ios/build/Build/Products/Debug-iphonesimulator/PackageFrameworks"
2026-04-22T16:45:05.2554580Z ignoring duplicate directory "/Users/runner/work/tcm-storage-ios/tcm-storage-ios/build/Build/Products/Debug-iphonesimulator/PackageFrameworks"
2026-04-22T16:45:05.2555340Z ignoring duplicate directory "/Users/runner/work/tcm-storage-ios/tcm-storage-ios/build/Build/Products/Debug-iphonesimulator/PackageFrameworks"
2026-04-22T16:45:05.2556720Z ignoring duplicate directory "/Users/runner/work/tcm-storage-ios/tcm-storage-ios/build/Build/Products/Debug-iphonesimulator/PackageFrameworks"
2026-04-22T16:45:05.2557470Z ignoring duplicate directory "/Users/runner/work/tcm-storage-ios/tcm-storage-ios/build/Build/Products/Debug-iphonesimulator/PackageFrameworks"
2026-04-22T16:45:05.2558210Z ignoring duplicate directory "/Users/runner/work/tcm-storage-ios/tcm-storage-ios/build/Build/Products/Debug-iphonesimulator/PackageFrameworks"
2026-04-22T16:45:05.2558950Z ignoring duplicate directory "/Users/runner/work/tcm-storage-ios/tcm-storage-ios/build/Build/Products/Debug-iphonesimulator/PackageFrameworks"
2026-04-22T16:45:05.2559880Z ignoring duplicate directory "/Users/runner/work/tcm-storage-ios/tcm-storage-ios/build/Build/Products/Debug-iphonesimulator/PackageFrameworks"
2026-04-22T16:45:05.2560640Z ignoring duplicate directory "/Users/runner/work/tcm-storage-ios/tcm-storage-ios/build/Build/Products/Debug-iphonesimulator/PackageFrameworks"
2026-04-22T16:45:05.2561460Z ignoring duplicate directory "/Users/runner/work/tcm-storage-ios/tcm-storage-ios/build/Build/Products/Debug-iphonesimulator/PackageFrameworks"
2026-04-22T16:45:05.2562980Z ignoring duplicate directory "/Users/runner/work/tcm-storage-ios/tcm-storage-ios/build/Build/Products/Debug-iphonesimulator/PackageFrameworks"
2026-04-22T16:45:05.2564630Z ignoring duplicate directory "/Users/runner/work/tcm-storage-ios/tcm-storage-ios/build/Build/Products/Debug-iphonesimulator/PackageFrameworks"
2026-04-22T16:45:05.2567210Z ignoring duplicate directory "/Users/runner/work/tcm-storage-ios/tcm-storage-ios/build/Build/Products/Debug-iphonesimulator/PackageFrameworks"
2026-04-22T16:45:05.2568430Z ignoring duplicate directory "/Users/runner/work/tcm-storage-ios/tcm-storage-ios/build/Build/Products/Debug-iphonesimulator/PackageFrameworks"
2026-04-22T16:45:05.2569290Z ignoring duplicate directory "/Users/runner/work/tcm-storage-ios/tcm-storage-ios/build/Build/Products/Debug-iphonesimulator/PackageFrameworks"
2026-04-22T16:45:05.2570770Z ignoring duplicate directory "/Users/runner/work/tcm-storage-ios/tcm-storage-ios/build/Build/Products/Debug-iphonesimulator/PackageFrameworks"
2026-04-22T16:45:05.2572210Z ignoring duplicate directory "/Users/runner/work/tcm-storage-ios/tcm-storage-ios/build/Build/Products/Debug-iphonesimulator/PackageFrameworks"
2026-04-22T16:45:05.2573530Z ignoring duplicate directory "/Users/runner/work/tcm-storage-ios/tcm-storage-ios/build/Build/Products/Debug-iphonesimulator/PackageFrameworks"
2026-04-22T16:45:05.2574370Z ignoring duplicate directory "/Users/runner/work/tcm-storage-ios/tcm-storage-ios/build/Build/Products/Debug-iphonesimulator/PackageFrameworks"
2026-04-22T16:45:05.2575230Z ignoring duplicate directory "/Users/runner/work/tcm-storage-ios/tcm-storage-ios/build/Build/Products/Debug-iphonesimulator/PackageFrameworks"
2026-04-22T16:45:05.2576430Z ignoring duplicate directory "/Users/runner/work/tcm-storage-ios/tcm-storage-ios/build/Build/Products/Debug-iphonesimulator/PackageFrameworks"
2026-04-22T16:45:05.2577270Z ignoring duplicate directory "/Users/runner/work/tcm-storage-ios/tcm-storage-ios/build/Build/Products/Debug-iphonesimulator/PackageFrameworks"
2026-04-22T16:45:05.2578100Z ignoring duplicate directory "/Users/runner/work/tcm-storage-ios/tcm-storage-ios/build/Build/Products/Debug-iphonesimulator/PackageFrameworks"
2026-04-22T16:45:05.2579260Z ignoring duplicate directory "/Users/runner/work/tcm-storage-ios/tcm-storage-ios/build/Build/Products/Debug-iphonesimulator/PackageFrameworks"
2026-04-22T16:45:05.2580420Z ignoring duplicate directory "/Users/runner/work/tcm-storage-ios/tcm-storage-ios/build/Build/Products/Debug-iphonesimulator/PackageFrameworks"
2026-04-22T16:45:05.2582270Z ignoring duplicate directory "/Users/runner/work/tcm-storage-ios/tcm-storage-ios/build/Build/Products/Debug-iphonesimulator/PackageFrameworks"
2026-04-22T16:45:05.2583660Z ignoring duplicate directory "/Users/runner/work/tcm-storage-ios/tcm-storage-ios/build/Build/Products/Debug-iphonesimulator/PackageFrameworks"
2026-04-22T16:45:05.2584480Z ignoring duplicate directory "/Users/runner/work/tcm-storage-ios/tcm-storage-ios/build/Build/Products/Debug-iphonesimulator/PackageFrameworks"
2026-04-22T16:45:05.2585240Z ignoring duplicate directory "/Users/runner/work/tcm-storage-ios/tcm-storage-ios/build/Build/Products/Debug-iphonesimulator/PackageFrameworks"
2026-04-22T16:45:05.2586020Z ignoring duplicate directory "/Users/runner/work/tcm-storage-ios/tcm-storage-ios/build/Build/Products/Debug-iphonesimulator/PackageFrameworks"
2026-04-22T16:45:05.2587170Z ignoring duplicate directory "/Users/runner/work/tcm-storage-ios/tcm-storage-ios/build/Build/Products/Debug-iphonesimulator/PackageFrameworks"
2026-04-22T16:45:05.2588710Z ignoring duplicate directory "/Users/runner/work/tcm-storage-ios/tcm-storage-ios/build/Build/Products/Debug-iphonesimulator/PackageFrameworks"
2026-04-22T16:45:05.2589510Z ignoring duplicate directory "/Users/runner/work/tcm-storage-ios/tcm-storage-ios/build/Build/Products/Debug-iphonesimulator/PackageFrameworks"
2026-04-22T16:45:05.2591230Z ignoring duplicate directory "/Users/runner/work/tcm-storage-ios/tcm-storage-ios/build/Build/Products/Debug-iphonesimulator/PackageFrameworks"
2026-04-22T16:45:05.2592110Z ignoring duplicate directory "/Users/runner/work/tcm-storage-ios/tcm-storage-ios/build/Build/Products/Debug-iphonesimulator/PackageFrameworks"
2026-04-22T16:45:05.2592920Z ignoring duplicate directory "/Users/runner/work/tcm-storage-ios/tcm-storage-ios/build/Build/Products/Debug-iphonesimulator/PackageFrameworks"
2026-04-22T16:45:05.2594640Z #include "..." search starts here:
2026-04-22T16:45:05.2598370Z  /Users/runner/work/tcm-storage-ios/tcm-storage-ios/build/Build/Intermediates.noindex/Nextcloud.build/Debug-iphonesimulator/Nextcloud.build/Nextcloud-generated-files.hmap (headermap)
2026-04-22T16:45:05.2599930Z  /Users/runner/work/tcm-storage-ios/tcm-storage-ios/build/Build/Intermediates.noindex/Nextcloud.build/Debug-iphonesimulator/Nextcloud.build/Nextcloud-project-headers.hmap (headermap)
2026-04-22T16:45:05.2602120Z #include <...> search starts here:
2026-04-22T16:45:05.2604000Z  /Users/runner/work/tcm-storage-ios/tcm-storage-ios/build/Build/Intermediates.noindex/Nextcloud.build/Debug-iphonesimulator/Nextcloud.build/Nextcloud-own-target-headers.hmap (headermap)
2026-04-22T16:45:05.2605810Z  /Users/runner/work/tcm-storage-ios/tcm-storage-ios/build/Build/Intermediates.noindex/Nextcloud.build/Debug-iphonesimulator/Nextcloud.build/Nextcloud-all-non-framework-target-headers.hmap (headermap)
2026-04-22T16:45:05.2609060Z  /Users/runner/work/tcm-storage-ios/tcm-storage-ios/build/SourcePackages/checkouts/swift-nio-ssl/Sources/CNIOBoringSSLShims/include
2026-04-22T16:45:05.2610580Z  /Users/runner/work/tcm-storage-ios/tcm-storage-ios/build/SourcePackages/checkouts/swift-nio-ssl/Sources/CNIOBoringSSL/include
2026-04-22T16:45:05.2611340Z  /Users/runner/work/tcm-storage-ios/tcm-storage-ios/build/SourcePackages/checkouts/swift-atomics/Sources/_AtomicsShims/include
2026-04-22T16:45:05.2612030Z  /Users/runner/work/tcm-storage-ios/tcm-storage-ios/build/SourcePackages/checkouts/swift-nio/Sources/CNIOPosix/include
2026-04-22T16:45:05.2612670Z  /Users/runner/work/tcm-storage-ios/tcm-storage-ios/build/SourcePackages/checkouts/swift-nio/Sources/CNIOWASI/include
2026-04-22T16:45:05.2613320Z  /Users/runner/work/tcm-storage-ios/tcm-storage-ios/build/SourcePackages/checkouts/swift-nio/Sources/CNIOWindows/include
2026-04-22T16:45:05.2613960Z  /Users/runner/work/tcm-storage-ios/tcm-storage-ios/build/SourcePackages/checkouts/swift-nio/Sources/CNIOLinux/include
2026-04-22T16:45:05.2616290Z  /Users/runner/work/tcm-storage-ios/tcm-storage-ios/build/SourcePackages/checkouts/swift-nio/Sources/CNIODarwin/include
2026-04-22T16:45:05.2618980Z  /Users/runner/work/tcm-storage-ios/tcm-storage-ios/build/SourcePackages/checkouts/swift-nio/Sources/CNIOOpenBSD/include
2026-04-22T16:45:05.2620840Z  /Users/runner/work/tcm-storage-ios/tcm-storage-ios/build/SourcePackages/checkouts/swift-nio/Sources/CNIOAtomics/include
2026-04-22T16:45:05.2621650Z  /Users/runner/work/tcm-storage-ios/tcm-storage-ios/build/SourcePackages/checkouts/realm-core/src
2026-04-22T16:45:05.2622280Z  /Users/runner/work/tcm-storage-ios/tcm-storage-ios/build/SourcePackages/checkouts/realm-core/src/external/s2
2026-04-22T16:45:05.2624140Z  /Users/runner/work/tcm-storage-ios/tcm-storage-ios/build/SourcePackages/checkouts/realm-core/src/external/IntelRDFPMathLib20U2/LIBRARY/src
2026-04-22T16:45:05.2626660Z  /Users/runner/work/tcm-storage-ios/tcm-storage-ios/build/SourcePackages/checkouts/realm-core/src/spm
2026-04-22T16:45:05.2627460Z  /Users/runner/work/tcm-storage-ios/tcm-storage-ios/build/SourcePackages/checkouts/realm-swift/include
2026-04-22T16:45:05.2628260Z  /Users/runner/work/tcm-storage-ios/tcm-storage-ios/build/SourcePackages/checkouts/GoogleUtilities/GoogleUtilities/NSData+zlib/Public
2026-04-22T16:45:05.2630300Z  /Users/runner/work/tcm-storage-ios/tcm-storage-ios/build/SourcePackages/checkouts/GoogleUtilities/GoogleUtilities/Logger/Public
2026-04-22T16:45:05.2632840Z  /Users/runner/work/tcm-storage-ios/tcm-storage-ios/build/SourcePackages/checkouts/GoogleUtilities/GoogleUtilities/Environment/Public
2026-04-22T16:45:05.2633750Z  /Users/runner/work/tcm-storage-ios/tcm-storage-ios/build/SourcePackages/checkouts/GoogleUtilities/third_party/IsAppEncrypted/Public
2026-04-22T16:45:05.2634490Z  /Users/runner/work/tcm-storage-ios/tcm-storage-ios/build/SourcePackages/checkouts/GoogleUtilities/GoogleUtilities/UserDefaults/Public
2026-04-22T16:45:05.2636010Z  /Users/runner/work/tcm-storage-ios/tcm-storage-ios/build/SourcePackages/checkouts/nanopb/spm_headers
2026-04-22T16:45:05.2637090Z  /Users/runner/work/tcm-storage-ios/tcm-storage-ios/build/SourcePackages/checkouts/promises/Sources/FBLPromises/include
2026-04-22T16:45:05.2637940Z  /Users/runner/work/tcm-storage-ios/tcm-storage-ios/build/SourcePackages/checkouts/GoogleDataTransport/GoogleDataTransport/GDTCORLibrary/Public
2026-04-22T16:45:05.2638810Z  /Users/runner/work/tcm-storage-ios/tcm-storage-ios/build/SourcePackages/checkouts/firebase-ios-sdk/FirebaseSessions/SourcesObjC
2026-04-22T16:45:05.2639470Z  /Users/runner/work/tcm-storage-ios/tcm-storage-ios/build/SourcePackages/checkouts/firebase-ios-sdk/FirebaseCore/Extension
2026-04-22T16:45:05.2640220Z  /Users/runner/work/tcm-storage-ios/tcm-storage-ios/build/SourcePackages/checkouts/firebase-ios-sdk/FirebaseInstallations/Source/Library/Public
2026-04-22T16:45:05.2641500Z  /Users/runner/work/tcm-storage-ios/tcm-storage-ios/build/SourcePackages/checkouts/firebase-ios-sdk/FirebaseCore/Sources/Public
2026-04-22T16:45:05.2642240Z  /Users/runner/work/tcm-storage-ios/tcm-storage-ios/build/SourcePackages/checkouts/firebase-ios-sdk/CoreOnly/Sources
2026-04-22T16:45:05.2642920Z  /Users/runner/work/tcm-storage-ios/tcm-storage-ios/build/SourcePackages/checkouts/firebase-ios-sdk/Crashlytics/Crashlytics/Public
2026-04-22T16:45:05.2643590Z  /Users/runner/work/tcm-storage-ios/tcm-storage-ios/build/SourcePackages/checkouts/GzipSwift/Sources/system-zlib/include
2026-04-22T16:45:05.2644380Z  /Users/runner/work/tcm-storage-ios/tcm-storage-ios/build/Build/Intermediates.noindex/Nextcloud.build/Debug-iphonesimulator/Nextcloud.build/DerivedSources
2026-04-22T16:45:05.2645580Z  /Users/runner/work/tcm-storage-ios/tcm-storage-ios/build/Build/Products/Debug-iphonesimulator/PackageFrameworks (framework directory)
2026-04-22T16:45:05.2653760Z  /Users/runner/work/tcm-storage-ios/tcm-storage-ios/build/Build/Products/Debug-iphonesimulator (framework directory)
2026-04-22T16:45:05.2654690Z  /Applications/Xcode_26.2.app/Contents/Developer/Platforms/iPhoneSimulator.platform/Developer/Library/Frameworks (framework directory)
2026-04-22T16:45:05.2655510Z  /Applications/Xcode_26.2.app/Contents/Developer/Platforms/iPhoneSimulator.platform/Developer/SDKs/iPhoneSimulator26.2.sdk/Developer/Library/Frameworks (framework directory)
2026-04-22T16:45:05.2656580Z  /Applications/Xcode_26.2.app/Contents/Developer/Toolchains/XcodeDefault.xctoolchain/usr/lib/clang/17/include
2026-04-22T16:45:05.2657280Z  /Applications/Xcode_26.2.app/Contents/Developer/Platforms/iPhoneSimulator.platform/Developer/SDKs/iPhoneSimulator26.2.sdk/usr/include
2026-04-22T16:45:05.2657880Z  /Applications/Xcode_26.2.app/Contents/Developer/Toolchains/XcodeDefault.xctoolchain/usr/include
2026-04-22T16:45:05.2658590Z  /Applications/Xcode_26.2.app/Contents/Developer/Platforms/iPhoneSimulator.platform/Developer/SDKs/iPhoneSimulator26.2.sdk/System/Library/Frameworks (framework directory)
2026-04-22T16:45:05.2659740Z  /Applications/Xcode_26.2.app/Contents/Developer/Platforms/iPhoneSimulator.platform/Developer/SDKs/iPhoneSimulator26.2.sdk/System/Library/SubFrameworks (framework directory)
2026-04-22T16:45:05.2660310Z End of search list.
2026-04-22T16:45:05.2660690Z clang -cc1 version 17.0.0 (clang-1700.6.3.2) default target arm64-apple-darwin24.6.0
2026-04-22T16:45:05.2661260Z ignoring nonexistent directory "/Users/runner/work/tcm-storage-ios/tcm-storage-ios/build/Build/Products/Debug-iphonesimulator/include"
2026-04-22T16:45:05.2662150Z ignoring nonexistent directory "/Users/runner/work/tcm-storage-ios/tcm-storage-ios/build/Build/Intermediates.noindex/Nextcloud.build/Debug-iphonesimulator/Nextcloud.build/DerivedSources-normal/arm64"
2026-04-22T16:45:05.2663430Z ignoring nonexistent directory "/Users/runner/work/tcm-storage-ios/tcm-storage-ios/build/Build/Intermediates.noindex/Nextcloud.build/Debug-iphonesimulator/Nextcloud.build/DerivedSources/arm64"
2026-04-22T16:45:05.2664980Z ignoring nonexistent directory "/Applications/Xcode_26.2.app/Contents/Developer/Platforms/iPhoneSimulator.platform/Developer/SDKs/iPhoneSimulator26.2.sdk/usr/local/include"
2026-04-22T16:45:05.2666400Z ignoring nonexistent directory "/Applications/Xcode_26.2.app/Contents/Developer/Platforms/iPhoneSimulator.platform/Developer/SDKs/iPhoneSimulator26.2.sdk/Library/Frameworks"
2026-04-22T16:45:05.2667240Z ignoring duplicate directory "/Users/runner/work/tcm-storage-ios/tcm-storage-ios/build/Build/Products/Debug-iphonesimulator/PackageFrameworks"
2026-04-22T16:45:05.2667970Z ignoring duplicate directory "/Users/runner/work/tcm-storage-ios/tcm-storage-ios/build/Build/Products/Debug-iphonesimulator/PackageFrameworks"
2026-04-22T16:45:05.2669260Z ignoring duplicate directory "/Users/runner/work/tcm-storage-ios/tcm-storage-ios/build/Build/Products/Debug-iphonesimulator/PackageFrameworks"
2026-04-22T16:45:05.2670000Z ignoring duplicate directory "/Users/runner/work/tcm-storage-ios/tcm-storage-ios/build/Build/Products/Debug-iphonesimulator/PackageFrameworks"
2026-04-22T16:45:05.2670720Z ignoring duplicate directory "/Users/runner/work/tcm-storage-ios/tcm-storage-ios/build/Build/Products/Debug-iphonesimulator/PackageFrameworks"
2026-04-22T16:45:05.2673510Z ignoring duplicate directory "/Users/runner/work/tcm-storage-ios/tcm-storage-ios/build/Build/Products/Debug-iphonesimulator/PackageFrameworks"
2026-04-22T16:45:05.2674300Z ignoring duplicate directory "/Users/runner/work/tcm-storage-ios/tcm-storage-ios/build/Build/Products/Debug-iphonesimulator/PackageFrameworks"
2026-04-22T16:45:05.2675040Z ignoring duplicate directory "/Users/runner/work/tcm-storage-ios/tcm-storage-ios/build/Build/Products/Debug-iphonesimulator/PackageFrameworks"
2026-04-22T16:45:05.2675780Z ignoring duplicate directory "/Users/runner/work/tcm-storage-ios/tcm-storage-ios/build/Build/Products/Debug-iphonesimulator/PackageFrameworks"
2026-04-22T16:45:05.2677590Z ignoring duplicate directory "/Users/runner/work/tcm-storage-ios/tcm-storage-ios/build/Build/Products/Debug-iphonesimulator/PackageFrameworks"
2026-04-22T16:45:05.2678520Z ignoring duplicate directory "/Users/runner/work/tcm-storage-ios/tcm-storage-ios/build/Build/Products/Debug-iphonesimulator/PackageFrameworks"
2026-04-22T16:45:05.2679960Z ignoring duplicate directory "/Users/runner/work/tcm-storage-ios/tcm-storage-ios/build/Build/Products/Debug-iphonesimulator/PackageFrameworks"
2026-04-22T16:45:05.2681000Z ignoring duplicate directory "/Users/runner/work/tcm-storage-ios/tcm-storage-ios/build/Build/Products/Debug-iphonesimulator/PackageFrameworks"
2026-04-22T16:45:05.2681740Z ignoring duplicate directory "/Users/runner/work/tcm-storage-ios/tcm-storage-ios/build/Build/Products/Debug-iphonesimulator/PackageFrameworks"
2026-04-22T16:45:05.2682480Z ignoring duplicate directory "/Users/runner/work/tcm-storage-ios/tcm-storage-ios/build/Build/Products/Debug-iphonesimulator/PackageFrameworks"
2026-04-22T16:45:05.2683210Z ignoring duplicate directory "/Users/runner/work/tcm-storage-ios/tcm-storage-ios/build/Build/Products/Debug-iphonesimulator/PackageFrameworks"
2026-04-22T16:45:05.2683960Z ignoring duplicate directory "/Users/runner/work/tcm-storage-ios/tcm-storage-ios/build/Build/Products/Debug-iphonesimulator/PackageFrameworks"
2026-04-22T16:45:05.2685380Z ignoring duplicate directory "/Users/runner/work/tcm-storage-ios/tcm-storage-ios/build/Build/Products/Debug-iphonesimulator/PackageFrameworks"
2026-04-22T16:45:05.2686150Z ignoring duplicate directory "/Users/runner/work/tcm-storage-ios/tcm-storage-ios/build/Build/Products/Debug-iphonesimulator/PackageFrameworks"
2026-04-22T16:45:05.2686910Z ignoring duplicate directory "/Users/runner/work/tcm-storage-ios/tcm-storage-ios/build/Build/Products/Debug-iphonesimulator/PackageFrameworks"
2026-04-22T16:45:05.2688360Z ignoring duplicate directory "/Users/runner/work/tcm-storage-ios/tcm-storage-ios/build/Build/Products/Debug-iphonesimulator/PackageFrameworks"
2026-04-22T16:45:05.2692840Z ignoring duplicate directory "/Users/runner/work/tcm-storage-ios/tcm-storage-ios/build/Build/Products/Debug-iphonesimulator/PackageFrameworks"
2026-04-22T16:45:05.2695370Z ignoring duplicate directory "/Users/runner/work/tcm-storage-ios/tcm-storage-ios/build/Build/Products/Debug-iphonesimulator/PackageFrameworks"
2026-04-22T16:45:05.2696120Z ignoring duplicate directory "/Users/runner/work/tcm-storage-ios/tcm-storage-ios/build/Build/Products/Debug-iphonesimulator/PackageFrameworks"
2026-04-22T16:45:05.2696870Z ignoring duplicate directory "/Users/runner/work/tcm-storage-ios/tcm-storage-ios/build/Build/Products/Debug-iphonesimulator/PackageFrameworks"
2026-04-22T16:45:05.2697600Z ignoring duplicate directory "/Users/runner/work/tcm-storage-ios/tcm-storage-ios/build/Build/Products/Debug-iphonesimulator/PackageFrameworks"
2026-04-22T16:45:05.2698330Z ignoring duplicate directory "/Users/runner/work/tcm-storage-ios/tcm-storage-ios/build/Build/Products/Debug-iphonesimulator/PackageFrameworks"
2026-04-22T16:45:05.2699390Z ignoring duplicate directory "/Users/runner/work/tcm-storage-ios/tcm-storage-ios/build/Build/Products/Debug-iphonesimulator/PackageFrameworks"
2026-04-22T16:45:05.2700860Z ignoring duplicate directory "/Users/runner/work/tcm-storage-ios/tcm-storage-ios/build/Build/Products/Debug-iphonesimulator/PackageFrameworks"
2026-04-22T16:45:05.2701600Z ignoring duplicate directory "/Users/runner/work/tcm-storage-ios/tcm-storage-ios/build/Build/Products/Debug-iphonesimulator/PackageFrameworks"
2026-04-22T16:45:05.2702350Z ignoring duplicate directory "/Users/runner/work/tcm-storage-ios/tcm-storage-ios/build/Build/Products/Debug-iphonesimulator/PackageFrameworks"
2026-04-22T16:45:05.2703090Z ignoring duplicate directory "/Users/runner/work/tcm-storage-ios/tcm-storage-ios/build/Build/Products/Debug-iphonesimulator/PackageFrameworks"
2026-04-22T16:45:05.2703830Z ignoring duplicate directory "/Users/runner/work/tcm-storage-ios/tcm-storage-ios/build/Build/Products/Debug-iphonesimulator/PackageFrameworks"
2026-04-22T16:45:05.2705110Z ignoring duplicate directory "/Users/runner/work/tcm-storage-ios/tcm-storage-ios/build/Build/Products/Debug-iphonesimulator/PackageFrameworks"
2026-04-22T16:45:05.2706450Z ignoring duplicate directory "/Users/runner/work/tcm-storage-ios/tcm-storage-ios/build/Build/Products/Debug-iphonesimulator/PackageFrameworks"
2026-04-22T16:45:05.2707190Z ignoring duplicate directory "/Users/runner/work/tcm-storage-ios/tcm-storage-ios/build/Build/Products/Debug-iphonesimulator/PackageFrameworks"
2026-04-22T16:45:05.2707960Z ignoring duplicate directory "/Users/runner/work/tcm-storage-ios/tcm-storage-ios/build/Build/Products/Debug-iphonesimulator/PackageFrameworks"
2026-04-22T16:45:05.2708700Z ignoring duplicate directory "/Users/runner/work/tcm-storage-ios/tcm-storage-ios/build/Build/Products/Debug-iphonesimulator/PackageFrameworks"
2026-04-22T16:45:05.2709460Z ignoring duplicate directory "/Users/runner/work/tcm-storage-ios/tcm-storage-ios/build/Build/Products/Debug-iphonesimulator/PackageFrameworks"
2026-04-22T16:45:05.2710240Z ignoring duplicate directory "/Users/runner/work/tcm-storage-ios/tcm-storage-ios/build/Build/Products/Debug-iphonesimulator/PackageFrameworks"
2026-04-22T16:45:05.2711000Z ignoring duplicate directory "/Users/runner/work/tcm-storage-ios/tcm-storage-ios/build/Build/Products/Debug-iphonesimulator/PackageFrameworks"
2026-04-22T16:45:05.2712000Z ignoring duplicate directory "/Users/runner/work/tcm-storage-ios/tcm-storage-ios/build/Build/Products/Debug-iphonesimulator/PackageFrameworks"
2026-04-22T16:45:05.2712790Z ignoring duplicate directory "/Users/runner/work/tcm-storage-ios/tcm-storage-ios/build/Build/Products/Debug-iphonesimulator/PackageFrameworks"
2026-04-22T16:45:05.2713670Z ignoring duplicate directory "/Users/runner/work/tcm-storage-ios/tcm-storage-ios/build/Build/Products/Debug-iphonesimulator/PackageFrameworks"
2026-04-22T16:45:05.2714520Z ignoring duplicate directory "/Users/runner/work/tcm-storage-ios/tcm-storage-ios/build/Build/Products/Debug-iphonesimulator/PackageFrameworks"
2026-04-22T16:45:05.2715320Z ignoring duplicate directory "/Users/runner/work/tcm-storage-ios/tcm-storage-ios/build/Build/Products/Debug-iphonesimulator/PackageFrameworks"
2026-04-22T16:45:05.2716120Z ignoring duplicate directory "/Users/runner/work/tcm-storage-ios/tcm-storage-ios/build/Build/Products/Debug-iphonesimulator/PackageFrameworks"
2026-04-22T16:45:05.2716870Z ignoring duplicate directory "/Users/runner/work/tcm-storage-ios/tcm-storage-ios/build/Build/Products/Debug-iphonesimulator/PackageFrameworks"
2026-04-22T16:45:05.2717630Z ignoring duplicate directory "/Users/runner/work/tcm-storage-ios/tcm-storage-ios/build/Build/Products/Debug-iphonesimulator/PackageFrameworks"
2026-04-22T16:45:05.2718380Z ignoring duplicate directory "/Users/runner/work/tcm-storage-ios/tcm-storage-ios/build/Build/Products/Debug-iphonesimulator/PackageFrameworks"
2026-04-22T16:45:05.2719140Z ignoring duplicate directory "/Users/runner/work/tcm-storage-ios/tcm-storage-ios/build/Build/Products/Debug-iphonesimulator/PackageFrameworks"
2026-04-22T16:45:05.2719910Z ignoring duplicate directory "/Users/runner/work/tcm-storage-ios/tcm-storage-ios/build/Build/Products/Debug-iphonesimulator/PackageFrameworks"
2026-04-22T16:45:05.2720650Z ignoring duplicate directory "/Users/runner/work/tcm-storage-ios/tcm-storage-ios/build/Build/Products/Debug-iphonesimulator/PackageFrameworks"
2026-04-22T16:45:05.2721380Z ignoring duplicate directory "/Users/runner/work/tcm-storage-ios/tcm-storage-ios/build/Build/Products/Debug-iphonesimulator/PackageFrameworks"
2026-04-22T16:45:05.2722140Z ignoring duplicate directory "/Users/runner/work/tcm-storage-ios/tcm-storage-ios/build/Build/Products/Debug-iphonesimulator/PackageFrameworks"
2026-04-22T16:45:05.2722880Z ignoring duplicate directory "/Users/runner/work/tcm-storage-ios/tcm-storage-ios/build/Build/Products/Debug-iphonesimulator/PackageFrameworks"
2026-04-22T16:45:05.2723820Z ignoring duplicate directory "/Users/runner/work/tcm-storage-ios/tcm-storage-ios/build/Build/Products/Debug-iphonesimulator/PackageFrameworks"
2026-04-22T16:45:05.2724570Z ignoring duplicate directory "/Users/runner/work/tcm-storage-ios/tcm-storage-ios/build/Build/Products/Debug-iphonesimulator/PackageFrameworks"
2026-04-22T16:45:05.2725450Z ignoring duplicate directory "/Users/runner/work/tcm-storage-ios/tcm-storage-ios/build/Build/Products/Debug-iphonesimulator/PackageFrameworks"
2026-04-22T16:45:05.2726220Z ignoring duplicate directory "/Users/runner/work/tcm-storage-ios/tcm-storage-ios/build/Build/Products/Debug-iphonesimulator/PackageFrameworks"
2026-04-22T16:45:05.2727010Z ignoring duplicate directory "/Users/runner/work/tcm-storage-ios/tcm-storage-ios/build/Build/Products/Debug-iphonesimulator/PackageFrameworks"
2026-04-22T16:45:05.2727790Z ignoring duplicate directory "/Users/runner/work/tcm-storage-ios/tcm-storage-ios/build/Build/Products/Debug-iphonesimulator/PackageFrameworks"
2026-04-22T16:45:05.2728570Z ignoring duplicate directory "/Users/runner/work/tcm-storage-ios/tcm-storage-ios/build/Build/Products/Debug-iphonesimulator/PackageFrameworks"
2026-04-22T16:45:05.2729330Z ignoring duplicate directory "/Users/runner/work/tcm-storage-ios/tcm-storage-ios/build/Build/Products/Debug-iphonesimulator/PackageFrameworks"
2026-04-22T16:45:05.2730160Z ignoring duplicate directory "/Users/runner/work/tcm-storage-ios/tcm-storage-ios/build/Build/Products/Debug-iphonesimulator/PackageFrameworks"
2026-04-22T16:45:05.2732970Z ignoring duplicate directory "/Users/runner/work/tcm-storage-ios/tcm-storage-ios/build/Build/Products/Debug-iphonesimulator/PackageFrameworks"
2026-04-22T16:45:05.2733830Z ignoring duplicate directory "/Users/runner/work/tcm-storage-ios/tcm-storage-ios/build/Build/Products/Debug-iphonesimulator/PackageFrameworks"
2026-04-22T16:45:05.2734750Z ignoring duplicate directory "/Users/runner/work/tcm-storage-ios/tcm-storage-ios/build/Build/Products/Debug-iphonesimulator/PackageFrameworks"
2026-04-22T16:45:05.2739510Z ignoring duplicate directory "/Users/runner/work/tcm-storage-ios/tcm-storage-ios/build/Build/Products/Debug-iphonesimulator/PackageFrameworks"
2026-04-22T16:45:05.2740360Z ignoring duplicate directory "/Users/runner/work/tcm-storage-ios/tcm-storage-ios/build/Build/Products/Debug-iphonesimulator/PackageFrameworks"
2026-04-22T16:45:05.2741390Z ignoring duplicate directory "/Users/runner/work/tcm-storage-ios/tcm-storage-ios/build/Build/Products/Debug-iphonesimulator/PackageFrameworks"
2026-04-22T16:45:05.2742220Z ignoring duplicate directory "/Users/runner/work/tcm-storage-ios/tcm-storage-ios/build/Build/Products/Debug-iphonesimulator/PackageFrameworks"
2026-04-22T16:45:05.2742990Z ignoring duplicate directory "/Users/runner/work/tcm-storage-ios/tcm-storage-ios/build/Build/Products/Debug-iphonesimulator/PackageFrameworks"
2026-04-22T16:45:05.2748330Z ignoring duplicate directory "/Users/runner/work/tcm-storage-ios/tcm-storage-ios/build/Build/Products/Debug-iphonesimulator/PackageFrameworks"
2026-04-22T16:45:05.2757890Z ignoring duplicate directory "/Users/runner/work/tcm-storage-ios/tcm-storage-ios/build/Build/Products/Debug-iphonesimulator/PackageFrameworks"
2026-04-22T16:45:05.2758700Z ignoring duplicate directory "/Users/runner/work/tcm-storage-ios/tcm-storage-ios/build/Build/Products/Debug-iphonesimulator/PackageFrameworks"
2026-04-22T16:45:05.2759180Z #include "..." search starts here:
2026-04-22T16:45:05.2762540Z  /Users/runner/work/tcm-storage-ios/tcm-storage-ios/build/Build/Intermediates.noindex/Nextcloud.build/Debug-iphonesimulator/Nextcloud.build/Nextcloud-generated-files.hmap (headermap)
2026-04-22T16:45:05.2766320Z  /Users/runner/work/tcm-storage-ios/tcm-storage-ios/build/Build/Intermediates.noindex/Nextcloud.build/Debug-iphonesimulator/Nextcloud.build/Nextcloud-project-headers.hmap (headermap)
2026-04-22T16:45:05.2767810Z #include <...> search starts here:
2026-04-22T16:45:05.2768440Z  /Users/runner/work/tcm-storage-ios/tcm-storage-ios/build/Build/Intermediates.noindex/Nextcloud.build/Debug-iphonesimulator/Nextcloud.build/Nextcloud-own-target-headers.hmap (headermap)
2026-04-22T16:45:05.2769530Z  /Users/runner/work/tcm-storage-ios/tcm-storage-ios/build/Build/Intermediates.noindex/Nextcloud.build/Debug-iphonesimulator/Nextcloud.build/Nextcloud-all-non-framework-target-headers.hmap (headermap)
2026-04-22T16:45:05.2770670Z  /Users/runner/work/tcm-storage-ios/tcm-storage-ios/build/SourcePackages/checkouts/swift-nio-ssl/Sources/CNIOBoringSSLShims/include
2026-04-22T16:45:05.2771370Z  /Users/runner/work/tcm-storage-ios/tcm-storage-ios/build/SourcePackages/checkouts/swift-nio-ssl/Sources/CNIOBoringSSL/include
2026-04-22T16:45:05.2772040Z  /Users/runner/work/tcm-storage-ios/tcm-storage-ios/build/SourcePackages/checkouts/swift-atomics/Sources/_AtomicsShims/include
2026-04-22T16:45:05.2772690Z  /Users/runner/work/tcm-storage-ios/tcm-storage-ios/build/SourcePackages/checkouts/swift-nio/Sources/CNIOPosix/include
2026-04-22T16:45:05.2773330Z  /Users/runner/work/tcm-storage-ios/tcm-storage-ios/build/SourcePackages/checkouts/swift-nio/Sources/CNIOWASI/include
2026-04-22T16:45:05.2773960Z  /Users/runner/work/tcm-storage-ios/tcm-storage-ios/build/SourcePackages/checkouts/swift-nio/Sources/CNIOWindows/include
2026-04-22T16:45:05.2774590Z  /Users/runner/work/tcm-storage-ios/tcm-storage-ios/build/SourcePackages/checkouts/swift-nio/Sources/CNIOLinux/include
2026-04-22T16:45:05.2775310Z  /Users/runner/work/tcm-storage-ios/tcm-storage-ios/build/SourcePackages/checkouts/swift-nio/Sources/CNIODarwin/include
2026-04-22T16:45:05.2775960Z  /Users/runner/work/tcm-storage-ios/tcm-storage-ios/build/SourcePackages/checkouts/swift-nio/Sources/CNIOOpenBSD/include
2026-04-22T16:45:05.2776620Z  /Users/runner/work/tcm-storage-ios/tcm-storage-ios/build/SourcePackages/checkouts/swift-nio/Sources/CNIOAtomics/include
2026-04-22T16:45:05.2777290Z  /Users/runner/work/tcm-storage-ios/tcm-storage-ios/build/SourcePackages/checkouts/realm-core/src
2026-04-22T16:45:05.2777830Z  /Users/runner/work/tcm-storage-ios/tcm-storage-ios/build/SourcePackages/checkouts/realm-core/src/external/s2
2026-04-22T16:45:05.2778600Z  /Users/runner/work/tcm-storage-ios/tcm-storage-ios/build/SourcePackages/checkouts/realm-core/src/external/IntelRDFPMathLib20U2/LIBRARY/src
2026-04-22T16:45:05.2779250Z  /Users/runner/work/tcm-storage-ios/tcm-storage-ios/build/SourcePackages/checkouts/realm-core/src/spm
2026-04-22T16:45:05.2779780Z  /Users/runner/work/tcm-storage-ios/tcm-storage-ios/build/SourcePackages/checkouts/realm-swift/include
2026-04-22T16:45:05.2781250Z  /Users/runner/work/tcm-storage-ios/tcm-storage-ios/build/SourcePackages/checkouts/GoogleUtilities/GoogleUtilities/NSData+zlib/Public
2026-04-22T16:45:05.2781990Z  /Users/runner/work/tcm-storage-ios/tcm-storage-ios/build/SourcePackages/checkouts/GoogleUtilities/GoogleUtilities/Logger/Public
2026-04-22T16:45:05.2782720Z  /Users/runner/work/tcm-storage-ios/tcm-storage-ios/build/SourcePackages/checkouts/GoogleUtilities/GoogleUtilities/Environment/Public
2026-04-22T16:45:05.2783440Z  /Users/runner/work/tcm-storage-ios/tcm-storage-ios/build/SourcePackages/checkouts/GoogleUtilities/third_party/IsAppEncrypted/Public
2026-04-22T16:45:05.2784170Z  /Users/runner/work/tcm-storage-ios/tcm-storage-ios/build/SourcePackages/checkouts/GoogleUtilities/GoogleUtilities/UserDefaults/Public
2026-04-22T16:45:05.2784800Z  /Users/runner/work/tcm-storage-ios/tcm-storage-ios/build/SourcePackages/checkouts/nanopb/spm_headers
2026-04-22T16:45:05.2785380Z  /Users/runner/work/tcm-storage-ios/tcm-storage-ios/build/SourcePackages/checkouts/promises/Sources/FBLPromises/include
2026-04-22T16:45:05.2786090Z  /Users/runner/work/tcm-storage-ios/tcm-storage-ios/build/SourcePackages/checkouts/GoogleDataTransport/GoogleDataTransport/GDTCORLibrary/Public
2026-04-22T16:45:05.2788060Z  /Users/runner/work/tcm-storage-ios/tcm-storage-ios/build/SourcePackages/checkouts/firebase-ios-sdk/FirebaseSessions/SourcesObjC
2026-04-22T16:45:05.2788760Z  /Users/runner/work/tcm-storage-ios/tcm-storage-ios/build/SourcePackages/checkouts/firebase-ios-sdk/FirebaseCore/Extension
2026-04-22T16:45:05.2789480Z  /Users/runner/work/tcm-storage-ios/tcm-storage-ios/build/SourcePackages/checkouts/firebase-ios-sdk/FirebaseInstallations/Source/Library/Public
2026-04-22T16:45:05.2790210Z  /Users/runner/work/tcm-storage-ios/tcm-storage-ios/build/SourcePackages/checkouts/firebase-ios-sdk/FirebaseCore/Sources/Public
2026-04-22T16:45:05.2791080Z  /Users/runner/work/tcm-storage-ios/tcm-storage-ios/build/SourcePackages/checkouts/firebase-ios-sdk/CoreOnly/Sources
2026-04-22T16:45:05.2791730Z  /Users/runner/work/tcm-storage-ios/tcm-storage-ios/build/SourcePackages/checkouts/firebase-ios-sdk/Crashlytics/Crashlytics/Public
2026-04-22T16:45:05.2793060Z  /Users/runner/work/tcm-storage-ios/tcm-storage-ios/build/SourcePackages/checkouts/GzipSwift/Sources/system-zlib/include
2026-04-22T16:45:05.2796690Z  /Users/runner/work/tcm-storage-ios/tcm-storage-ios/build/Build/Intermediates.noindex/Nextcloud.build/Debug-iphonesimulator/Nextcloud.build/DerivedSources
2026-04-22T16:45:05.2798970Z  /Users/runner/work/tcm-storage-ios/tcm-storage-ios/build/Build/Products/Debug-iphonesimulator/PackageFrameworks (framework directory)
2026-04-22T16:45:05.2800810Z  /Users/runner/work/tcm-storage-ios/tcm-storage-ios/build/Build/Products/Debug-iphonesimulator (framework directory)
2026-04-22T16:45:05.2802680Z  /Applications/Xcode_26.2.app/Contents/Developer/Platforms/iPhoneSimulator.platform/Developer/Library/Frameworks (framework directory)
2026-04-22T16:45:05.2805480Z  /Applications/Xcode_26.2.app/Contents/Developer/Platforms/iPhoneSimulator.platform/Developer/SDKs/iPhoneSimulator26.2.sdk/Developer/Library/Frameworks (framework directory)
2026-04-22T16:45:05.2807620Z  /Applications/Xcode_26.2.app/Contents/Developer/Toolchains/XcodeDefault.xctoolchain/usr/lib/clang/17/include
2026-04-22T16:45:05.2809460Z  /Applications/Xcode_26.2.app/Contents/Developer/Platforms/iPhoneSimulator.platform/Developer/SDKs/iPhoneSimulator26.2.sdk/usr/include
2026-04-22T16:45:05.2811350Z  /Applications/Xcode_26.2.app/Contents/Developer/Toolchains/XcodeDefault.xctoolchain/usr/include
2026-04-22T16:45:05.2813440Z  /Applications/Xcode_26.2.app/Contents/Developer/Platforms/iPhoneSimulator.platform/Developer/SDKs/iPhoneSimulator26.2.sdk/System/Library/Frameworks (framework directory)
2026-04-22T16:45:05.2816120Z  /Applications/Xcode_26.2.app/Contents/Developer/Platforms/iPhoneSimulator.platform/Developer/SDKs/iPhoneSimulator26.2.sdk/System/Library/SubFrameworks (framework directory)
2026-04-22T16:45:05.2816310Z End of search list.
2026-04-22T16:45:05.2816750Z clang -cc1 version 17.0.0 (clang-1700.6.3.2) default target arm64-apple-darwin24.6.0
2026-04-22T16:45:05.2817610Z ignoring nonexistent directory "/Users/runner/work/tcm-storage-ios/tcm-storage-ios/build/Build/Products/Debug-iphonesimulator/include"
2026-04-22T16:45:05.2819050Z ignoring nonexistent directory "/Users/runner/work/tcm-storage-ios/tcm-storage-ios/build/Build/Intermediates.noindex/Nextcloud.build/Debug-iphonesimulator/Nextcloud.build/DerivedSources-normal/arm64"
2026-04-22T16:45:05.2820540Z ignoring nonexistent directory "/Users/runner/work/tcm-storage-ios/tcm-storage-ios/build/Build/Intermediates.noindex/Nextcloud.build/Debug-iphonesimulator/Nextcloud.build/DerivedSources/arm64"
2026-04-22T16:45:05.2821720Z ignoring nonexistent directory "/Applications/Xcode_26.2.app/Contents/Developer/Platforms/iPhoneSimulator.platform/Developer/SDKs/iPhoneSimulator26.2.sdk/usr/local/include"
2026-04-22T16:45:05.2822920Z ignoring nonexistent directory "/Applications/Xcode_26.2.app/Contents/Developer/Platforms/iPhoneSimulator.platform/Developer/SDKs/iPhoneSimulator26.2.sdk/Library/Frameworks"
2026-04-22T16:45:05.2823840Z ignoring duplicate directory "/Users/runner/work/tcm-storage-ios/tcm-storage-ios/build/Build/Products/Debug-iphonesimulator/PackageFrameworks"
2026-04-22T16:45:05.2824760Z ignoring duplicate directory "/Users/runner/work/tcm-storage-ios/tcm-storage-ios/build/Build/Products/Debug-iphonesimulator/PackageFrameworks"
2026-04-22T16:45:05.2825700Z ignoring duplicate directory "/Users/runner/work/tcm-storage-ios/tcm-storage-ios/build/Build/Products/Debug-iphonesimulator/PackageFrameworks"
2026-04-22T16:45:05.2826610Z ignoring duplicate directory "/Users/runner/work/tcm-storage-ios/tcm-storage-ios/build/Build/Products/Debug-iphonesimulator/PackageFrameworks"
2026-04-22T16:45:05.2827730Z ignoring duplicate directory "/Users/runner/work/tcm-storage-ios/tcm-storage-ios/build/Build/Products/Debug-iphonesimulator/PackageFrameworks"
2026-04-22T16:45:05.2828680Z ignoring duplicate directory "/Users/runner/work/tcm-storage-ios/tcm-storage-ios/build/Build/Products/Debug-iphonesimulator/PackageFrameworks"
2026-04-22T16:45:05.2829610Z ignoring duplicate directory "/Users/runner/work/tcm-storage-ios/tcm-storage-ios/build/Build/Products/Debug-iphonesimulator/PackageFrameworks"
2026-04-22T16:45:05.2830520Z ignoring duplicate directory "/Users/runner/work/tcm-storage-ios/tcm-storage-ios/build/Build/Products/Debug-iphonesimulator/PackageFrameworks"
2026-04-22T16:45:05.2831480Z ignoring duplicate directory "/Users/runner/work/tcm-storage-ios/tcm-storage-ios/build/Build/Products/Debug-iphonesimulator/PackageFrameworks"
2026-04-22T16:45:05.2832410Z ignoring duplicate directory "/Users/runner/work/tcm-storage-ios/tcm-storage-ios/build/Build/Products/Debug-iphonesimulator/PackageFrameworks"
2026-04-22T16:45:05.2833390Z ignoring duplicate directory "/Users/runner/work/tcm-storage-ios/tcm-storage-ios/build/Build/Products/Debug-iphonesimulator/PackageFrameworks"
2026-04-22T16:45:05.2834470Z ignoring duplicate directory "/Users/runner/work/tcm-storage-ios/tcm-storage-ios/build/Build/Products/Debug-iphonesimulator/PackageFrameworks"
2026-04-22T16:45:05.2835400Z ignoring duplicate directory "/Users/runner/work/tcm-storage-ios/tcm-storage-ios/build/Build/Products/Debug-iphonesimulator/PackageFrameworks"
2026-04-22T16:45:05.2836340Z ignoring duplicate directory "/Users/runner/work/tcm-storage-ios/tcm-storage-ios/build/Build/Products/Debug-iphonesimulator/PackageFrameworks"
2026-04-22T16:45:05.2837450Z ignoring duplicate directory "/Users/runner/work/tcm-storage-ios/tcm-storage-ios/build/Build/Products/Debug-iphonesimulator/PackageFrameworks"
2026-04-22T16:45:05.2838530Z ignoring duplicate directory "/Users/runner/work/tcm-storage-ios/tcm-storage-ios/build/Build/Products/Debug-iphonesimulator/PackageFrameworks"
2026-04-22T16:45:05.2839460Z ignoring duplicate directory "/Users/runner/work/tcm-storage-ios/tcm-storage-ios/build/Build/Products/Debug-iphonesimulator/PackageFrameworks"
2026-04-22T16:45:05.2840390Z ignoring duplicate directory "/Users/runner/work/tcm-storage-ios/tcm-storage-ios/build/Build/Products/Debug-iphonesimulator/PackageFrameworks"
2026-04-22T16:45:05.2841340Z ignoring duplicate directory "/Users/runner/work/tcm-storage-ios/tcm-storage-ios/build/Build/Products/Debug-iphonesimulator/PackageFrameworks"
2026-04-22T16:45:05.2842330Z ignoring duplicate directory "/Users/runner/work/tcm-storage-ios/tcm-storage-ios/build/Build/Products/Debug-iphonesimulator/PackageFrameworks"
2026-04-22T16:45:05.2843050Z ignoring duplicate directory "/Users/runner/work/tcm-storage-ios/tcm-storage-ios/build/Build/Products/Debug-iphonesimulator/PackageFrameworks"
2026-04-22T16:45:05.2843440Z ignoring duplicate directory "/Users/runner/work/tcm-storage-ios/tcm-storage-ios/build/Build/Products/Debug-iphonesimulator/PackageFrameworks"
2026-04-22T16:45:05.2843790Z ignoring duplicate directory "/Users/runner/work/tcm-storage-ios/tcm-storage-ios/build/Build/Products/Debug-iphonesimulator/PackageFrameworks"
2026-04-22T16:45:05.2844130Z ignoring duplicate directory "/Users/runner/work/tcm-storage-ios/tcm-storage-ios/build/Build/Products/Debug-iphonesimulator/PackageFrameworks"
2026-04-22T16:45:05.2844460Z ignoring duplicate directory "/Users/runner/work/tcm-storage-ios/tcm-storage-ios/build/Build/Products/Debug-iphonesimulator/PackageFrameworks"
2026-04-22T16:45:05.2844800Z ignoring duplicate directory "/Users/runner/work/tcm-storage-ios/tcm-storage-ios/build/Build/Products/Debug-iphonesimulator/PackageFrameworks"
2026-04-22T16:45:05.2845130Z ignoring duplicate directory "/Users/runner/work/tcm-storage-ios/tcm-storage-ios/build/Build/Products/Debug-iphonesimulator/PackageFrameworks"
2026-04-22T16:45:05.2845460Z ignoring duplicate directory "/Users/runner/work/tcm-storage-ios/tcm-storage-ios/build/Build/Products/Debug-iphonesimulator/PackageFrameworks"
2026-04-22T16:45:05.2845940Z ignoring duplicate directory "/Users/runner/work/tcm-storage-ios/tcm-storage-ios/build/Build/Products/Debug-iphonesimulator/PackageFrameworks"
2026-04-22T16:45:05.2846270Z ignoring duplicate directory "/Users/runner/work/tcm-storage-ios/tcm-storage-ios/build/Build/Products/Debug-iphonesimulator/PackageFrameworks"
2026-04-22T16:45:05.2846600Z ignoring duplicate directory "/Users/runner/work/tcm-storage-ios/tcm-storage-ios/build/Build/Products/Debug-iphonesimulator/PackageFrameworks"
2026-04-22T16:45:05.2846930Z ignoring duplicate directory "/Users/runner/work/tcm-storage-ios/tcm-storage-ios/build/Build/Products/Debug-iphonesimulator/PackageFrameworks"
2026-04-22T16:45:05.2847280Z ignoring duplicate directory "/Users/runner/work/tcm-storage-ios/tcm-storage-ios/build/Build/Products/Debug-iphonesimulator/PackageFrameworks"
2026-04-22T16:45:05.2847650Z ignoring duplicate directory "/Users/runner/work/tcm-storage-ios/tcm-storage-ios/build/Build/Products/Debug-iphonesimulator/PackageFrameworks"
2026-04-22T16:45:05.2847990Z ignoring duplicate directory "/Users/runner/work/tcm-storage-ios/tcm-storage-ios/build/Build/Products/Debug-iphonesimulator/PackageFrameworks"
2026-04-22T16:45:05.2848380Z ignoring duplicate directory "/Users/runner/work/tcm-storage-ios/tcm-storage-ios/build/Build/Products/Debug-iphonesimulator/PackageFrameworks"
2026-04-22T16:45:05.2848710Z ignoring duplicate directory "/Users/runner/work/tcm-storage-ios/tcm-storage-ios/build/Build/Products/Debug-iphonesimulator/PackageFrameworks"
2026-04-22T16:45:05.2849140Z ignoring duplicate directory "/Users/runner/work/tcm-storage-ios/tcm-storage-ios/build/Build/Products/Debug-iphonesimulator/PackageFrameworks"
2026-04-22T16:45:05.2849570Z ignoring duplicate directory "/Users/runner/work/tcm-storage-ios/tcm-storage-ios/build/Build/Products/Debug-iphonesimulator/PackageFrameworks"
2026-04-22T16:45:05.2849920Z ignoring duplicate directory "/Users/runner/work/tcm-storage-ios/tcm-storage-ios/build/Build/Products/Debug-iphonesimulator/PackageFrameworks"
2026-04-22T16:45:05.2850240Z ignoring duplicate directory "/Users/runner/work/tcm-storage-ios/tcm-storage-ios/build/Build/Products/Debug-iphonesimulator/PackageFrameworks"
2026-04-22T16:45:05.2850570Z ignoring duplicate directory "/Users/runner/work/tcm-storage-ios/tcm-storage-ios/build/Build/Products/Debug-iphonesimulator/PackageFrameworks"
2026-04-22T16:45:05.2850890Z ignoring duplicate directory "/Users/runner/work/tcm-storage-ios/tcm-storage-ios/build/Build/Products/Debug-iphonesimulator/PackageFrameworks"
2026-04-22T16:45:05.2851220Z ignoring duplicate directory "/Users/runner/work/tcm-storage-ios/tcm-storage-ios/build/Build/Products/Debug-iphonesimulator/PackageFrameworks"
2026-04-22T16:45:05.2851540Z ignoring duplicate directory "/Users/runner/work/tcm-storage-ios/tcm-storage-ios/build/Build/Products/Debug-iphonesimulator/PackageFrameworks"
2026-04-22T16:45:05.2851870Z ignoring duplicate directory "/Users/runner/work/tcm-storage-ios/tcm-storage-ios/build/Build/Products/Debug-iphonesimulator/PackageFrameworks"
2026-04-22T16:45:05.2852200Z ignoring duplicate directory "/Users/runner/work/tcm-storage-ios/tcm-storage-ios/build/Build/Products/Debug-iphonesimulator/PackageFrameworks"
2026-04-22T16:45:05.2852520Z ignoring duplicate directory "/Users/runner/work/tcm-storage-ios/tcm-storage-ios/build/Build/Products/Debug-iphonesimulator/PackageFrameworks"
2026-04-22T16:45:05.2852840Z ignoring duplicate directory "/Users/runner/work/tcm-storage-ios/tcm-storage-ios/build/Build/Products/Debug-iphonesimulator/PackageFrameworks"
2026-04-22T16:45:05.2853170Z ignoring duplicate directory "/Users/runner/work/tcm-storage-ios/tcm-storage-ios/build/Build/Products/Debug-iphonesimulator/PackageFrameworks"
2026-04-22T16:45:05.2853490Z ignoring duplicate directory "/Users/runner/work/tcm-storage-ios/tcm-storage-ios/build/Build/Products/Debug-iphonesimulator/PackageFrameworks"
2026-04-22T16:45:05.2853810Z ignoring duplicate directory "/Users/runner/work/tcm-storage-ios/tcm-storage-ios/build/Build/Products/Debug-iphonesimulator/PackageFrameworks"
2026-04-22T16:45:05.2854210Z ignoring duplicate directory "/Users/runner/work/tcm-storage-ios/tcm-storage-ios/build/Build/Products/Debug-iphonesimulator/PackageFrameworks"
2026-04-22T16:45:05.2854540Z ignoring duplicate directory "/Users/runner/work/tcm-storage-ios/tcm-storage-ios/build/Build/Products/Debug-iphonesimulator/PackageFrameworks"
2026-04-22T16:45:05.2854870Z ignoring duplicate directory "/Users/runner/work/tcm-storage-ios/tcm-storage-ios/build/Build/Products/Debug-iphonesimulator/PackageFrameworks"
2026-04-22T16:45:05.2855200Z ignoring duplicate directory "/Users/runner/work/tcm-storage-ios/tcm-storage-ios/build/Build/Products/Debug-iphonesimulator/PackageFrameworks"
2026-04-22T16:45:05.2855530Z ignoring duplicate directory "/Users/runner/work/tcm-storage-ios/tcm-storage-ios/build/Build/Products/Debug-iphonesimulator/PackageFrameworks"
2026-04-22T16:45:05.2855850Z ignoring duplicate directory "/Users/runner/work/tcm-storage-ios/tcm-storage-ios/build/Build/Products/Debug-iphonesimulator/PackageFrameworks"
2026-04-22T16:45:05.2856270Z ignoring duplicate directory "/Users/runner/work/tcm-storage-ios/tcm-storage-ios/build/Build/Products/Debug-iphonesimulator/PackageFrameworks"
2026-04-22T16:45:05.2856610Z ignoring duplicate directory "/Users/runner/work/tcm-storage-ios/tcm-storage-ios/build/Build/Products/Debug-iphonesimulator/PackageFrameworks"
2026-04-22T16:45:05.2856930Z ignoring duplicate directory "/Users/runner/work/tcm-storage-ios/tcm-storage-ios/build/Build/Products/Debug-iphonesimulator/PackageFrameworks"
2026-04-22T16:45:05.2857300Z ignoring duplicate directory "/Users/runner/work/tcm-storage-ios/tcm-storage-ios/build/Build/Products/Debug-iphonesimulator/PackageFrameworks"
2026-04-22T16:45:05.2857650Z ignoring duplicate directory "/Users/runner/work/tcm-storage-ios/tcm-storage-ios/build/Build/Products/Debug-iphonesimulator/PackageFrameworks"
2026-04-22T16:45:05.2857980Z ignoring duplicate directory "/Users/runner/work/tcm-storage-ios/tcm-storage-ios/build/Build/Products/Debug-iphonesimulator/PackageFrameworks"
2026-04-22T16:45:05.2858310Z ignoring duplicate directory "/Users/runner/work/tcm-storage-ios/tcm-storage-ios/build/Build/Products/Debug-iphonesimulator/PackageFrameworks"
2026-04-22T16:45:05.2858640Z ignoring duplicate directory "/Users/runner/work/tcm-storage-ios/tcm-storage-ios/build/Build/Products/Debug-iphonesimulator/PackageFrameworks"
2026-04-22T16:45:05.2858970Z ignoring duplicate directory "/Users/runner/work/tcm-storage-ios/tcm-storage-ios/build/Build/Products/Debug-iphonesimulator/PackageFrameworks"
2026-04-22T16:45:05.2859300Z ignoring duplicate directory "/Users/runner/work/tcm-storage-ios/tcm-storage-ios/build/Build/Products/Debug-iphonesimulator/PackageFrameworks"
2026-04-22T16:45:05.2859620Z ignoring duplicate directory "/Users/runner/work/tcm-storage-ios/tcm-storage-ios/build/Build/Products/Debug-iphonesimulator/PackageFrameworks"
2026-04-22T16:45:05.2859950Z ignoring duplicate directory "/Users/runner/work/tcm-storage-ios/tcm-storage-ios/build/Build/Products/Debug-iphonesimulator/PackageFrameworks"
2026-04-22T16:45:05.2860290Z ignoring duplicate directory "/Users/runner/work/tcm-storage-ios/tcm-storage-ios/build/Build/Products/Debug-iphonesimulator/PackageFrameworks"
2026-04-22T16:45:05.2860610Z ignoring duplicate directory "/Users/runner/work/tcm-storage-ios/tcm-storage-ios/build/Build/Products/Debug-iphonesimulator/PackageFrameworks"
2026-04-22T16:45:05.2860940Z ignoring duplicate directory "/Users/runner/work/tcm-storage-ios/tcm-storage-ios/build/Build/Products/Debug-iphonesimulator/PackageFrameworks"
2026-04-22T16:45:05.2861270Z ignoring duplicate directory "/Users/runner/work/tcm-storage-ios/tcm-storage-ios/build/Build/Products/Debug-iphonesimulator/PackageFrameworks"
2026-04-22T16:45:05.2861600Z ignoring duplicate directory "/Users/runner/work/tcm-storage-ios/tcm-storage-ios/build/Build/Products/Debug-iphonesimulator/PackageFrameworks"
2026-04-22T16:45:05.2861920Z ignoring duplicate directory "/Users/runner/work/tcm-storage-ios/tcm-storage-ios/build/Build/Products/Debug-iphonesimulator/PackageFrameworks"
2026-04-22T16:45:05.2862020Z #include "..." search starts here:
2026-04-22T16:45:05.2862490Z  /Users/runner/work/tcm-storage-ios/tcm-storage-ios/build/Build/Intermediates.noindex/Nextcloud.build/Debug-iphonesimulator/Nextcloud.build/Nextcloud-generated-files.hmap (headermap)
2026-04-22T16:45:05.2862980Z  /Users/runner/work/tcm-storage-ios/tcm-storage-ios/build/Build/Intermediates.noindex/Nextcloud.build/Debug-iphonesimulator/Nextcloud.build/Nextcloud-project-headers.hmap (headermap)
2026-04-22T16:45:05.2863040Z #include <...> search starts here:
2026-04-22T16:45:05.2863500Z  /Users/runner/work/tcm-storage-ios/tcm-storage-ios/build/Build/Intermediates.noindex/Nextcloud.build/Debug-iphonesimulator/Nextcloud.build/Nextcloud-own-target-headers.hmap (headermap)
2026-04-22T16:45:05.2864050Z  /Users/runner/work/tcm-storage-ios/tcm-storage-ios/build/Build/Intermediates.noindex/Nextcloud.build/Debug-iphonesimulator/Nextcloud.build/Nextcloud-all-non-framework-target-headers.hmap (headermap)
2026-04-22T16:45:05.2864390Z  /Users/runner/work/tcm-storage-ios/tcm-storage-ios/build/SourcePackages/checkouts/swift-nio-ssl/Sources/CNIOBoringSSLShims/include
2026-04-22T16:45:05.2864760Z  /Users/runner/work/tcm-storage-ios/tcm-storage-ios/build/SourcePackages/checkouts/swift-nio-ssl/Sources/CNIOBoringSSL/include
2026-04-22T16:45:05.2865070Z  /Users/runner/work/tcm-storage-ios/tcm-storage-ios/build/SourcePackages/checkouts/swift-atomics/Sources/_AtomicsShims/include
2026-04-22T16:45:05.2865370Z  /Users/runner/work/tcm-storage-ios/tcm-storage-ios/build/SourcePackages/checkouts/swift-nio/Sources/CNIOPosix/include
2026-04-22T16:45:05.2865660Z  /Users/runner/work/tcm-storage-ios/tcm-storage-ios/build/SourcePackages/checkouts/swift-nio/Sources/CNIOWASI/include
2026-04-22T16:45:05.2865940Z  /Users/runner/work/tcm-storage-ios/tcm-storage-ios/build/SourcePackages/checkouts/swift-nio/Sources/CNIOWindows/include
2026-04-22T16:45:05.2866200Z  /Users/runner/work/tcm-storage-ios/tcm-storage-ios/build/SourcePackages/checkouts/swift-nio/Sources/CNIOLinux/include
2026-04-22T16:45:05.2866470Z  /Users/runner/work/tcm-storage-ios/tcm-storage-ios/build/SourcePackages/checkouts/swift-nio/Sources/CNIODarwin/include
2026-04-22T16:45:05.2866740Z  /Users/runner/work/tcm-storage-ios/tcm-storage-ios/build/SourcePackages/checkouts/swift-nio/Sources/CNIOOpenBSD/include
2026-04-22T16:45:05.2867010Z  /Users/runner/work/tcm-storage-ios/tcm-storage-ios/build/SourcePackages/checkouts/swift-nio/Sources/CNIOAtomics/include
2026-04-22T16:45:05.2867210Z  /Users/runner/work/tcm-storage-ios/tcm-storage-ios/build/SourcePackages/checkouts/realm-core/src
2026-04-22T16:45:05.2867460Z  /Users/runner/work/tcm-storage-ios/tcm-storage-ios/build/SourcePackages/checkouts/realm-core/src/external/s2
2026-04-22T16:45:05.2867790Z  /Users/runner/work/tcm-storage-ios/tcm-storage-ios/build/SourcePackages/checkouts/realm-core/src/external/IntelRDFPMathLib20U2/LIBRARY/src
2026-04-22T16:45:05.2868010Z  /Users/runner/work/tcm-storage-ios/tcm-storage-ios/build/SourcePackages/checkouts/realm-core/src/spm
2026-04-22T16:45:05.2868230Z  /Users/runner/work/tcm-storage-ios/tcm-storage-ios/build/SourcePackages/checkouts/realm-swift/include
2026-04-22T16:45:05.2868540Z  /Users/runner/work/tcm-storage-ios/tcm-storage-ios/build/SourcePackages/checkouts/GoogleUtilities/GoogleUtilities/NSData+zlib/Public
2026-04-22T16:45:05.2868840Z  /Users/runner/work/tcm-storage-ios/tcm-storage-ios/build/SourcePackages/checkouts/GoogleUtilities/GoogleUtilities/Logger/Public
2026-04-22T16:45:05.2869150Z  /Users/runner/work/tcm-storage-ios/tcm-storage-ios/build/SourcePackages/checkouts/GoogleUtilities/GoogleUtilities/Environment/Public
2026-04-22T16:45:05.2869460Z  /Users/runner/work/tcm-storage-ios/tcm-storage-ios/build/SourcePackages/checkouts/GoogleUtilities/third_party/IsAppEncrypted/Public
2026-04-22T16:45:05.2869780Z  /Users/runner/work/tcm-storage-ios/tcm-storage-ios/build/SourcePackages/checkouts/GoogleUtilities/GoogleUtilities/UserDefaults/Public
2026-04-22T16:45:05.2870040Z  /Users/runner/work/tcm-storage-ios/tcm-storage-ios/build/SourcePackages/checkouts/nanopb/spm_headers
2026-04-22T16:45:05.2870330Z  /Users/runner/work/tcm-storage-ios/tcm-storage-ios/build/SourcePackages/checkouts/promises/Sources/FBLPromises/include
2026-04-22T16:45:05.2870690Z  /Users/runner/work/tcm-storage-ios/tcm-storage-ios/build/SourcePackages/checkouts/GoogleDataTransport/GoogleDataTransport/GDTCORLibrary/Public
2026-04-22T16:45:05.2871010Z  /Users/runner/work/tcm-storage-ios/tcm-storage-ios/build/SourcePackages/checkouts/firebase-ios-sdk/FirebaseSessions/SourcesObjC
2026-04-22T16:45:05.2871400Z  /Users/runner/work/tcm-storage-ios/tcm-storage-ios/build/SourcePackages/checkouts/firebase-ios-sdk/FirebaseCore/Extension
2026-04-22T16:45:05.2871750Z  /Users/runner/work/tcm-storage-ios/tcm-storage-ios/build/SourcePackages/checkouts/firebase-ios-sdk/FirebaseInstallations/Source/Library/Public
2026-04-22T16:45:05.2872070Z  /Users/runner/work/tcm-storage-ios/tcm-storage-ios/build/SourcePackages/checkouts/firebase-ios-sdk/FirebaseCore/Sources/Public
2026-04-22T16:45:05.2872360Z  /Users/runner/work/tcm-storage-ios/tcm-storage-ios/build/SourcePackages/checkouts/firebase-ios-sdk/CoreOnly/Sources
2026-04-22T16:45:05.2872760Z  /Users/runner/work/tcm-storage-ios/tcm-storage-ios/build/SourcePackages/checkouts/firebase-ios-sdk/Crashlytics/Crashlytics/Public
2026-04-22T16:45:05.2873040Z  /Users/runner/work/tcm-storage-ios/tcm-storage-ios/build/SourcePackages/checkouts/GzipSwift/Sources/system-zlib/include
2026-04-22T16:45:05.2873610Z  /Users/runner/work/tcm-storage-ios/tcm-storage-ios/build/Build/Intermediates.noindex/Nextcloud.build/Debug-iphonesimulator/Nextcloud.build/DerivedSources
2026-04-22T16:45:05.2874010Z  /Users/runner/work/tcm-storage-ios/tcm-storage-ios/build/Build/Products/Debug-iphonesimulator/PackageFrameworks (framework directory)
2026-04-22T16:45:05.2874290Z  /Users/runner/work/tcm-storage-ios/tcm-storage-ios/build/Build/Products/Debug-iphonesimulator (framework directory)
2026-04-22T16:45:05.2874610Z  /Applications/Xcode_26.2.app/Contents/Developer/Platforms/iPhoneSimulator.platform/Developer/Library/Frameworks (framework directory)
2026-04-22T16:45:05.2875040Z  /Applications/Xcode_26.2.app/Contents/Developer/Platforms/iPhoneSimulator.platform/Developer/SDKs/iPhoneSimulator26.2.sdk/Developer/Library/Frameworks (framework directory)
2026-04-22T16:45:05.2876640Z  /Applications/Xcode_26.2.app/Contents/Developer/Toolchains/XcodeDefault.xctoolchain/usr/lib/clang/17/include
2026-04-22T16:45:05.2876990Z  /Applications/Xcode_26.2.app/Contents/Developer/Platforms/iPhoneSimulator.platform/Developer/SDKs/iPhoneSimulator26.2.sdk/usr/include
2026-04-22T16:45:05.2877200Z  /Applications/Xcode_26.2.app/Contents/Developer/Toolchains/XcodeDefault.xctoolchain/usr/include
2026-04-22T16:45:05.2877620Z  /Applications/Xcode_26.2.app/Contents/Developer/Platforms/iPhoneSimulator.platform/Developer/SDKs/iPhoneSimulator26.2.sdk/System/Library/Frameworks (framework directory)
2026-04-22T16:45:05.2878040Z  /Applications/Xcode_26.2.app/Contents/Developer/Platforms/iPhoneSimulator.platform/Developer/SDKs/iPhoneSimulator26.2.sdk/System/Library/SubFrameworks (framework directory)
2026-04-22T16:45:05.2878090Z End of search list.
2026-04-22T16:45:05.2878260Z clang -cc1 version 17.0.0 (clang-1700.6.3.2) default target arm64-apple-darwin24.6.0
2026-04-22T16:45:05.2878840Z ignoring nonexistent directory "/Users/runner/work/tcm-storage-ios/tcm-storage-ios/build/Build/Products/Debug-iphonesimulator/include"
2026-04-22T16:45:05.2879370Z ignoring nonexistent directory "/Users/runner/work/tcm-storage-ios/tcm-storage-ios/build/Build/Intermediates.noindex/Nextcloud.build/Debug-iphonesimulator/Nextcloud.build/DerivedSources-normal/arm64"
2026-04-22T16:45:05.2879960Z ignoring nonexistent directory "/Users/runner/work/tcm-storage-ios/tcm-storage-ios/build/Build/Intermediates.noindex/Nextcloud.build/Debug-iphonesimulator/Nextcloud.build/DerivedSources/arm64"
2026-04-22T16:45:05.2880380Z ignoring nonexistent directory "/Applications/Xcode_26.2.app/Contents/Developer/Platforms/iPhoneSimulator.platform/Developer/SDKs/iPhoneSimulator26.2.sdk/usr/local/include"
2026-04-22T16:45:05.2880910Z ignoring nonexistent directory "/Applications/Xcode_26.2.app/Contents/Developer/Platforms/iPhoneSimulator.platform/Developer/SDKs/iPhoneSimulator26.2.sdk/Library/Frameworks"
2026-04-22T16:45:05.2881250Z ignoring duplicate directory "/Users/runner/work/tcm-storage-ios/tcm-storage-ios/build/Build/Products/Debug-iphonesimulator/PackageFrameworks"
2026-04-22T16:45:05.2881580Z ignoring duplicate directory "/Users/runner/work/tcm-storage-ios/tcm-storage-ios/build/Build/Products/Debug-iphonesimulator/PackageFrameworks"
2026-04-22T16:45:05.2881910Z ignoring duplicate directory "/Users/runner/work/tcm-storage-ios/tcm-storage-ios/build/Build/Products/Debug-iphonesimulator/PackageFrameworks"
2026-04-22T16:45:05.2882700Z ignoring duplicate directory "/Users/runner/work/tcm-storage-ios/tcm-storage-ios/build/Build/Products/Debug-iphonesimulator/PackageFrameworks"
2026-04-22T16:45:05.2883050Z ignoring duplicate directory "/Users/runner/work/tcm-storage-ios/tcm-storage-ios/build/Build/Products/Debug-iphonesimulator/PackageFrameworks"
2026-04-22T16:45:05.2883470Z ignoring duplicate directory "/Users/runner/work/tcm-storage-ios/tcm-storage-ios/build/Build/Products/Debug-iphonesimulator/PackageFrameworks"
2026-04-22T16:45:05.2883820Z ignoring duplicate directory "/Users/runner/work/tcm-storage-ios/tcm-storage-ios/build/Build/Products/Debug-iphonesimulator/PackageFrameworks"
2026-04-22T16:45:05.2884260Z ignoring duplicate directory "/Users/runner/work/tcm-storage-ios/tcm-storage-ios/build/Build/Products/Debug-iphonesimulator/PackageFrameworks"
2026-04-22T16:45:05.2884760Z ignoring duplicate directory "/Users/runner/work/tcm-storage-ios/tcm-storage-ios/build/Build/Products/Debug-iphonesimulator/PackageFrameworks"
2026-04-22T16:45:05.2885100Z ignoring duplicate directory "/Users/runner/work/tcm-storage-ios/tcm-storage-ios/build/Build/Products/Debug-iphonesimulator/PackageFrameworks"
2026-04-22T16:45:05.2885550Z ignoring duplicate directory "/Users/runner/work/tcm-storage-ios/tcm-storage-ios/build/Build/Products/Debug-iphonesimulator/PackageFrameworks"
2026-04-22T16:45:05.2885880Z ignoring duplicate directory "/Users/runner/work/tcm-storage-ios/tcm-storage-ios/build/Build/Products/Debug-iphonesimulator/PackageFrameworks"
2026-04-22T16:45:05.2886200Z ignoring duplicate directory "/Users/runner/work/tcm-storage-ios/tcm-storage-ios/build/Build/Products/Debug-iphonesimulator/PackageFrameworks"
2026-04-22T16:45:05.2886630Z ignoring duplicate directory "/Users/runner/work/tcm-storage-ios/tcm-storage-ios/build/Build/Products/Debug-iphonesimulator/PackageFrameworks"
2026-04-22T16:45:05.2886970Z ignoring duplicate directory "/Users/runner/work/tcm-storage-ios/tcm-storage-ios/build/Build/Products/Debug-iphonesimulator/PackageFrameworks"
2026-04-22T16:45:05.2887300Z ignoring duplicate directory "/Users/runner/work/tcm-storage-ios/tcm-storage-ios/build/Build/Products/Debug-iphonesimulator/PackageFrameworks"
2026-04-22T16:45:05.2887630Z ignoring duplicate directory "/Users/runner/work/tcm-storage-ios/tcm-storage-ios/build/Build/Products/Debug-iphonesimulator/PackageFrameworks"
2026-04-22T16:45:05.2887990Z ignoring duplicate directory "/Users/runner/work/tcm-storage-ios/tcm-storage-ios/build/Build/Products/Debug-iphonesimulator/PackageFrameworks"
2026-04-22T16:45:05.2888320Z ignoring duplicate directory "/Users/runner/work/tcm-storage-ios/tcm-storage-ios/build/Build/Products/Debug-iphonesimulator/PackageFrameworks"
2026-04-22T16:45:05.2888640Z ignoring duplicate directory "/Users/runner/work/tcm-storage-ios/tcm-storage-ios/build/Build/Products/Debug-iphonesimulator/PackageFrameworks"
2026-04-22T16:45:05.2889460Z ignoring duplicate directory "/Users/runner/work/tcm-storage-ios/tcm-storage-ios/build/Build/Products/Debug-iphonesimulator/PackageFrameworks"
2026-04-22T16:45:05.2889790Z ignoring duplicate directory "/Users/runner/work/tcm-storage-ios/tcm-storage-ios/build/Build/Products/Debug-iphonesimulator/PackageFrameworks"
2026-04-22T16:45:05.2890250Z ignoring duplicate directory "/Users/runner/work/tcm-storage-ios/tcm-storage-ios/build/Build/Products/Debug-iphonesimulator/PackageFrameworks"
2026-04-22T16:45:05.2890590Z ignoring duplicate directory "/Users/runner/work/tcm-storage-ios/tcm-storage-ios/build/Build/Products/Debug-iphonesimulator/PackageFrameworks"
2026-04-22T16:45:05.2890920Z ignoring duplicate directory "/Users/runner/work/tcm-storage-ios/tcm-storage-ios/build/Build/Products/Debug-iphonesimulator/PackageFrameworks"
2026-04-22T16:45:05.2891250Z ignoring duplicate directory "/Users/runner/work/tcm-storage-ios/tcm-storage-ios/build/Build/Products/Debug-iphonesimulator/PackageFrameworks"
2026-04-22T16:45:05.2891580Z ignoring duplicate directory "/Users/runner/work/tcm-storage-ios/tcm-storage-ios/build/Build/Products/Debug-iphonesimulator/PackageFrameworks"
2026-04-22T16:45:05.2891910Z ignoring duplicate directory "/Users/runner/work/tcm-storage-ios/tcm-storage-ios/build/Build/Products/Debug-iphonesimulator/PackageFrameworks"
2026-04-22T16:45:05.2892240Z ignoring duplicate directory "/Users/runner/work/tcm-storage-ios/tcm-storage-ios/build/Build/Products/Debug-iphonesimulator/PackageFrameworks"
2026-04-22T16:45:05.2892650Z ignoring duplicate directory "/Users/runner/work/tcm-storage-ios/tcm-storage-ios/build/Build/Products/Debug-iphonesimulator/PackageFrameworks"
2026-04-22T16:45:05.2892980Z ignoring duplicate directory "/Users/runner/work/tcm-storage-ios/tcm-storage-ios/build/Build/Products/Debug-iphonesimulator/PackageFrameworks"
2026-04-22T16:45:05.2893360Z ignoring duplicate directory "/Users/runner/work/tcm-storage-ios/tcm-storage-ios/build/Build/Products/Debug-iphonesimulator/PackageFrameworks"
2026-04-22T16:45:05.2893730Z ignoring duplicate directory "/Users/runner/work/tcm-storage-ios/tcm-storage-ios/build/Build/Products/Debug-iphonesimulator/PackageFrameworks"
2026-04-22T16:45:05.2894060Z ignoring duplicate directory "/Users/runner/work/tcm-storage-ios/tcm-storage-ios/build/Build/Products/Debug-iphonesimulator/PackageFrameworks"
2026-04-22T16:45:05.2894400Z ignoring duplicate directory "/Users/runner/work/tcm-storage-ios/tcm-storage-ios/build/Build/Products/Debug-iphonesimulator/PackageFrameworks"
2026-04-22T16:45:05.2894740Z ignoring duplicate directory "/Users/runner/work/tcm-storage-ios/tcm-storage-ios/build/Build/Products/Debug-iphonesimulator/PackageFrameworks"
2026-04-22T16:45:05.2895060Z ignoring duplicate directory "/Users/runner/work/tcm-storage-ios/tcm-storage-ios/build/Build/Products/Debug-iphonesimulator/PackageFrameworks"
2026-04-22T16:45:05.2895390Z ignoring duplicate directory "/Users/runner/work/tcm-storage-ios/tcm-storage-ios/build/Build/Products/Debug-iphonesimulator/PackageFrameworks"
2026-04-22T16:45:05.2895730Z ignoring duplicate directory "/Users/runner/work/tcm-storage-ios/tcm-storage-ios/build/Build/Products/Debug-iphonesimulator/PackageFrameworks"
2026-04-22T16:45:05.2896050Z ignoring duplicate directory "/Users/runner/work/tcm-storage-ios/tcm-storage-ios/build/Build/Products/Debug-iphonesimulator/PackageFrameworks"
2026-04-22T16:45:05.2896380Z ignoring duplicate directory "/Users/runner/work/tcm-storage-ios/tcm-storage-ios/build/Build/Products/Debug-iphonesimulator/PackageFrameworks"
2026-04-22T16:45:05.2896710Z ignoring duplicate directory "/Users/runner/work/tcm-storage-ios/tcm-storage-ios/build/Build/Products/Debug-iphonesimulator/PackageFrameworks"
2026-04-22T16:45:05.2897040Z ignoring duplicate directory "/Users/runner/work/tcm-storage-ios/tcm-storage-ios/build/Build/Products/Debug-iphonesimulator/PackageFrameworks"
2026-04-22T16:45:05.2897370Z ignoring duplicate directory "/Users/runner/work/tcm-storage-ios/tcm-storage-ios/build/Build/Products/Debug-iphonesimulator/PackageFrameworks"
2026-04-22T16:45:05.2897700Z ignoring duplicate directory "/Users/runner/work/tcm-storage-ios/tcm-storage-ios/build/Build/Products/Debug-iphonesimulator/PackageFrameworks"
2026-04-22T16:45:05.2898020Z ignoring duplicate directory "/Users/runner/work/tcm-storage-ios/tcm-storage-ios/build/Build/Products/Debug-iphonesimulator/PackageFrameworks"
2026-04-22T16:45:05.2898450Z ignoring duplicate directory "/Users/runner/work/tcm-storage-ios/tcm-storage-ios/build/Build/Products/Debug-iphonesimulator/PackageFrameworks"
2026-04-22T16:45:05.2898780Z ignoring duplicate directory "/Users/runner/work/tcm-storage-ios/tcm-storage-ios/build/Build/Products/Debug-iphonesimulator/PackageFrameworks"
2026-04-22T16:45:05.2899110Z ignoring duplicate directory "/Users/runner/work/tcm-storage-ios/tcm-storage-ios/build/Build/Products/Debug-iphonesimulator/PackageFrameworks"
2026-04-22T16:45:05.2899430Z ignoring duplicate directory "/Users/runner/work/tcm-storage-ios/tcm-storage-ios/build/Build/Products/Debug-iphonesimulator/PackageFrameworks"
2026-04-22T16:45:05.2899770Z ignoring duplicate directory "/Users/runner/work/tcm-storage-ios/tcm-storage-ios/build/Build/Products/Debug-iphonesimulator/PackageFrameworks"
2026-04-22T16:45:05.2900090Z ignoring duplicate directory "/Users/runner/work/tcm-storage-ios/tcm-storage-ios/build/Build/Products/Debug-iphonesimulator/PackageFrameworks"
2026-04-22T16:45:05.2900470Z ignoring duplicate directory "/Users/runner/work/tcm-storage-ios/tcm-storage-ios/build/Build/Products/Debug-iphonesimulator/PackageFrameworks"
2026-04-22T16:45:05.2900810Z ignoring duplicate directory "/Users/runner/work/tcm-storage-ios/tcm-storage-ios/build/Build/Products/Debug-iphonesimulator/PackageFrameworks"
2026-04-22T16:45:05.2901150Z ignoring duplicate directory "/Users/runner/work/tcm-storage-ios/tcm-storage-ios/build/Build/Products/Debug-iphonesimulator/PackageFrameworks"
2026-04-22T16:45:05.2901550Z ignoring duplicate directory "/Users/runner/work/tcm-storage-ios/tcm-storage-ios/build/Build/Products/Debug-iphonesimulator/PackageFrameworks"
2026-04-22T16:45:05.2901970Z ignoring duplicate directory "/Users/runner/work/tcm-storage-ios/tcm-storage-ios/build/Build/Products/Debug-iphonesimulator/PackageFrameworks"
2026-04-22T16:45:05.2902360Z ignoring duplicate directory "/Users/runner/work/tcm-storage-ios/tcm-storage-ios/build/Build/Products/Debug-iphonesimulator/PackageFrameworks"
2026-04-22T16:45:05.2902800Z ignoring duplicate directory "/Users/runner/work/tcm-storage-ios/tcm-storage-ios/build/Build/Products/Debug-iphonesimulator/PackageFrameworks"
2026-04-22T16:45:05.2903140Z ignoring duplicate directory "/Users/runner/work/tcm-storage-ios/tcm-storage-ios/build/Build/Products/Debug-iphonesimulator/PackageFrameworks"
2026-04-22T16:45:05.2903490Z ignoring duplicate directory "/Users/runner/work/tcm-storage-ios/tcm-storage-ios/build/Build/Products/Debug-iphonesimulator/PackageFrameworks"
2026-04-22T16:45:05.2903820Z ignoring duplicate directory "/Users/runner/work/tcm-storage-ios/tcm-storage-ios/build/Build/Products/Debug-iphonesimulator/PackageFrameworks"
2026-04-22T16:45:05.2904150Z ignoring duplicate directory "/Users/runner/work/tcm-storage-ios/tcm-storage-ios/build/Build/Products/Debug-iphonesimulator/PackageFrameworks"
2026-04-22T16:45:05.2904480Z ignoring duplicate directory "/Users/runner/work/tcm-storage-ios/tcm-storage-ios/build/Build/Products/Debug-iphonesimulator/PackageFrameworks"
2026-04-22T16:45:05.2904810Z ignoring duplicate directory "/Users/runner/work/tcm-storage-ios/tcm-storage-ios/build/Build/Products/Debug-iphonesimulator/PackageFrameworks"
2026-04-22T16:45:05.2905130Z ignoring duplicate directory "/Users/runner/work/tcm-storage-ios/tcm-storage-ios/build/Build/Products/Debug-iphonesimulator/PackageFrameworks"
2026-04-22T16:45:05.2914080Z ignoring duplicate directory "/Users/runner/work/tcm-storage-ios/tcm-storage-ios/build/Build/Products/Debug-iphonesimulator/PackageFrameworks"
2026-04-22T16:45:05.2915210Z ignoring duplicate directory "/Users/runner/work/tcm-storage-ios/tcm-storage-ios/build/Build/Products/Debug-iphonesimulator/PackageFrameworks"
2026-04-22T16:45:05.2916410Z ignoring duplicate directory "/Users/runner/work/tcm-storage-ios/tcm-storage-ios/build/Build/Products/Debug-iphonesimulator/PackageFrameworks"
2026-04-22T16:45:05.2916890Z ignoring duplicate directory "/Users/runner/work/tcm-storage-ios/tcm-storage-ios/build/Build/Products/Debug-iphonesimulator/PackageFrameworks"
2026-04-22T16:45:05.2917410Z ignoring duplicate directory "/Users/runner/work/tcm-storage-ios/tcm-storage-ios/build/Build/Products/Debug-iphonesimulator/PackageFrameworks"
2026-04-22T16:45:05.2917760Z ignoring duplicate directory "/Users/runner/work/tcm-storage-ios/tcm-storage-ios/build/Build/Products/Debug-iphonesimulator/PackageFrameworks"
2026-04-22T16:45:05.2918090Z ignoring duplicate directory "/Users/runner/work/tcm-storage-ios/tcm-storage-ios/build/Build/Products/Debug-iphonesimulator/PackageFrameworks"
2026-04-22T16:45:05.2918860Z ignoring duplicate directory "/Users/runner/work/tcm-storage-ios/tcm-storage-ios/build/Build/Products/Debug-iphonesimulator/PackageFrameworks"
2026-04-22T16:45:05.2919280Z ignoring duplicate directory "/Users/runner/work/tcm-storage-ios/tcm-storage-ios/build/Build/Products/Debug-iphonesimulator/PackageFrameworks"
2026-04-22T16:45:05.2919620Z ignoring duplicate directory "/Users/runner/work/tcm-storage-ios/tcm-storage-ios/build/Build/Products/Debug-iphonesimulator/PackageFrameworks"
2026-04-22T16:45:05.2919690Z #include "..." search starts here:
2026-04-22T16:45:05.2920300Z  /Users/runner/work/tcm-storage-ios/tcm-storage-ios/build/Build/Intermediates.noindex/Nextcloud.build/Debug-iphonesimulator/Nextcloud.build/Nextcloud-generated-files.hmap (headermap)
2026-04-22T16:45:05.2920960Z  /Users/runner/work/tcm-storage-ios/tcm-storage-ios/build/Build/Intermediates.noindex/Nextcloud.build/Debug-iphonesimulator/Nextcloud.build/Nextcloud-project-headers.hmap (headermap)
2026-04-22T16:45:05.2921110Z #include <...> search starts here:
2026-04-22T16:45:05.2921710Z  /Users/runner/work/tcm-storage-ios/tcm-storage-ios/build/Build/Intermediates.noindex/Nextcloud.build/Debug-iphonesimulator/Nextcloud.build/Nextcloud-own-target-headers.hmap (headermap)
2026-04-22T16:45:05.2922250Z  /Users/runner/work/tcm-storage-ios/tcm-storage-ios/build/Build/Intermediates.noindex/Nextcloud.build/Debug-iphonesimulator/Nextcloud.build/Nextcloud-all-non-framework-target-headers.hmap (headermap)
2026-04-22T16:45:05.2922590Z  /Users/runner/work/tcm-storage-ios/tcm-storage-ios/build/SourcePackages/checkouts/swift-nio-ssl/Sources/CNIOBoringSSLShims/include
2026-04-22T16:45:05.2922900Z  /Users/runner/work/tcm-storage-ios/tcm-storage-ios/build/SourcePackages/checkouts/swift-nio-ssl/Sources/CNIOBoringSSL/include
2026-04-22T16:45:05.2923220Z  /Users/runner/work/tcm-storage-ios/tcm-storage-ios/build/SourcePackages/checkouts/swift-atomics/Sources/_AtomicsShims/include
2026-04-22T16:45:05.2923510Z  /Users/runner/work/tcm-storage-ios/tcm-storage-ios/build/SourcePackages/checkouts/swift-nio/Sources/CNIOPosix/include
2026-04-22T16:45:05.2924590Z  /Users/runner/work/tcm-storage-ios/tcm-storage-ios/build/SourcePackages/checkouts/swift-nio/Sources/CNIOWASI/include
2026-04-22T16:45:05.2924870Z  /Users/runner/work/tcm-storage-ios/tcm-storage-ios/build/SourcePackages/checkouts/swift-nio/Sources/CNIOWindows/include
2026-04-22T16:45:05.2925140Z  /Users/runner/work/tcm-storage-ios/tcm-storage-ios/build/SourcePackages/checkouts/swift-nio/Sources/CNIOLinux/include
2026-04-22T16:45:05.2925410Z  /Users/runner/work/tcm-storage-ios/tcm-storage-ios/build/SourcePackages/checkouts/swift-nio/Sources/CNIODarwin/include
2026-04-22T16:45:05.2925680Z  /Users/runner/work/tcm-storage-ios/tcm-storage-ios/build/SourcePackages/checkouts/swift-nio/Sources/CNIOOpenBSD/include
2026-04-22T16:45:05.2925960Z  /Users/runner/work/tcm-storage-ios/tcm-storage-ios/build/SourcePackages/checkouts/swift-nio/Sources/CNIOAtomics/include
2026-04-22T16:45:05.2926160Z  /Users/runner/work/tcm-storage-ios/tcm-storage-ios/build/SourcePackages/checkouts/realm-core/src
2026-04-22T16:45:05.2926410Z  /Users/runner/work/tcm-storage-ios/tcm-storage-ios/build/SourcePackages/checkouts/realm-core/src/external/s2
2026-04-22T16:45:05.2938720Z  /Users/runner/work/tcm-storage-ios/tcm-storage-ios/build/SourcePackages/checkouts/realm-core/src/external/IntelRDFPMathLib20U2/LIBRARY/src
2026-04-22T16:45:05.2939860Z  /Users/runner/work/tcm-storage-ios/tcm-storage-ios/build/SourcePackages/checkouts/realm-core/src/spm
2026-04-22T16:45:05.2940720Z  /Users/runner/work/tcm-storage-ios/tcm-storage-ios/build/SourcePackages/checkouts/realm-swift/include
2026-04-22T16:45:05.2942180Z  /Users/runner/work/tcm-storage-ios/tcm-storage-ios/build/SourcePackages/checkouts/GoogleUtilities/GoogleUtilities/NSData+zlib/Public
2026-04-22T16:45:05.2943090Z  /Users/runner/work/tcm-storage-ios/tcm-storage-ios/build/SourcePackages/checkouts/GoogleUtilities/GoogleUtilities/Logger/Public
2026-04-22T16:45:05.2943510Z  /Users/runner/work/tcm-storage-ios/tcm-storage-ios/build/SourcePackages/checkouts/GoogleUtilities/GoogleUtilities/Environment/Public
2026-04-22T16:45:05.2943840Z  /Users/runner/work/tcm-storage-ios/tcm-storage-ios/build/SourcePackages/checkouts/GoogleUtilities/third_party/IsAppEncrypted/Public
2026-04-22T16:45:05.2944160Z  /Users/runner/work/tcm-storage-ios/tcm-storage-ios/build/SourcePackages/checkouts/GoogleUtilities/GoogleUtilities/UserDefaults/Public
2026-04-22T16:45:05.2944710Z  /Users/runner/work/tcm-storage-ios/tcm-storage-ios/build/SourcePackages/checkouts/nanopb/spm_headers
2026-04-22T16:45:05.2945320Z  /Users/runner/work/tcm-storage-ios/tcm-storage-ios/build/SourcePackages/checkouts/promises/Sources/FBLPromises/include
2026-04-22T16:45:05.2945770Z  /Users/runner/work/tcm-storage-ios/tcm-storage-ios/build/SourcePackages/checkouts/GoogleDataTransport/GoogleDataTransport/GDTCORLibrary/Public
2026-04-22T16:45:05.2946080Z  /Users/runner/work/tcm-storage-ios/tcm-storage-ios/build/SourcePackages/checkouts/firebase-ios-sdk/FirebaseSessions/SourcesObjC
2026-04-22T16:45:05.2946680Z  /Users/runner/work/tcm-storage-ios/tcm-storage-ios/build/SourcePackages/checkouts/firebase-ios-sdk/FirebaseCore/Extension
2026-04-22T16:45:05.2947100Z  /Users/runner/work/tcm-storage-ios/tcm-storage-ios/build/SourcePackages/checkouts/firebase-ios-sdk/FirebaseInstallations/Source/Library/Public
2026-04-22T16:45:05.2947400Z  /Users/runner/work/tcm-storage-ios/tcm-storage-ios/build/SourcePackages/checkouts/firebase-ios-sdk/FirebaseCore/Sources/Public
2026-04-22T16:45:05.2947850Z  /Users/runner/work/tcm-storage-ios/tcm-storage-ios/build/SourcePackages/checkouts/firebase-ios-sdk/CoreOnly/Sources
2026-04-22T16:45:05.2952320Z  /Users/runner/work/tcm-storage-ios/tcm-storage-ios/build/SourcePackages/checkouts/firebase-ios-sdk/Crashlytics/Crashlytics/Public
2026-04-22T16:45:05.2953140Z  /Users/runner/work/tcm-storage-ios/tcm-storage-ios/build/SourcePackages/checkouts/GzipSwift/Sources/system-zlib/include
2026-04-22T16:45:05.2954680Z  /Users/runner/work/tcm-storage-ios/tcm-storage-ios/build/Build/Intermediates.noindex/Nextcloud.build/Debug-iphonesimulator/Nextcloud.build/DerivedSources
2026-04-22T16:45:05.2955030Z  /Users/runner/work/tcm-storage-ios/tcm-storage-ios/build/Build/Products/Debug-iphonesimulator/PackageFrameworks (framework directory)
2026-04-22T16:45:05.2955330Z  /Users/runner/work/tcm-storage-ios/tcm-storage-ios/build/Build/Products/Debug-iphonesimulator (framework directory)
2026-04-22T16:45:05.2955670Z  /Applications/Xcode_26.2.app/Contents/Developer/Platforms/iPhoneSimulator.platform/Developer/Library/Frameworks (framework directory)
2026-04-22T16:45:05.2956100Z  /Applications/Xcode_26.2.app/Contents/Developer/Platforms/iPhoneSimulator.platform/Developer/SDKs/iPhoneSimulator26.2.sdk/Developer/Library/Frameworks (framework directory)
2026-04-22T16:45:05.2956350Z  /Applications/Xcode_26.2.app/Contents/Developer/Toolchains/XcodeDefault.xctoolchain/usr/lib/clang/17/include
2026-04-22T16:45:05.2956670Z  /Applications/Xcode_26.2.app/Contents/Developer/Platforms/iPhoneSimulator.platform/Developer/SDKs/iPhoneSimulator26.2.sdk/usr/include
2026-04-22T16:45:05.2957080Z  /Applications/Xcode_26.2.app/Contents/Developer/Toolchains/XcodeDefault.xctoolchain/usr/include
2026-04-22T16:45:05.2957900Z  /Applications/Xcode_26.2.app/Contents/Developer/Platforms/iPhoneSimulator.platform/Developer/SDKs/iPhoneSimulator26.2.sdk/System/Library/Frameworks (framework directory)
2026-04-22T16:45:05.2958660Z  /Applications/Xcode_26.2.app/Contents/Developer/Platforms/iPhoneSimulator.platform/Developer/SDKs/iPhoneSimulator26.2.sdk/System/Library/SubFrameworks (framework directory)
2026-04-22T16:45:05.2958720Z End of search list.
2026-04-22T16:45:05.2959130Z clang -cc1 version 17.0.0 (clang-1700.6.3.2) default target arm64-apple-darwin24.6.0
2026-04-22T16:45:05.2959480Z ignoring nonexistent directory "/Users/runner/work/tcm-storage-ios/tcm-storage-ios/build/Build/Products/Debug-iphonesimulator/include"
2026-04-22T16:45:05.2960150Z ignoring nonexistent directory "/Users/runner/work/tcm-storage-ios/tcm-storage-ios/build/Build/Intermediates.noindex/Nextcloud.build/Debug-iphonesimulator/Nextcloud.build/DerivedSources-normal/arm64"
2026-04-22T16:45:05.2960870Z ignoring nonexistent directory "/Users/runner/work/tcm-storage-ios/tcm-storage-ios/build/Build/Intermediates.noindex/Nextcloud.build/Debug-iphonesimulator/Nextcloud.build/DerivedSources/arm64"
2026-04-22T16:45:05.2961400Z ignoring nonexistent directory "/Applications/Xcode_26.2.app/Contents/Developer/Platforms/iPhoneSimulator.platform/Developer/SDKs/iPhoneSimulator26.2.sdk/usr/local/include"
2026-04-22T16:45:05.2961990Z ignoring nonexistent directory "/Applications/Xcode_26.2.app/Contents/Developer/Platforms/iPhoneSimulator.platform/Developer/SDKs/iPhoneSimulator26.2.sdk/Library/Frameworks"
2026-04-22T16:45:05.2962340Z ignoring duplicate directory "/Users/runner/work/tcm-storage-ios/tcm-storage-ios/build/Build/Products/Debug-iphonesimulator/PackageFrameworks"
2026-04-22T16:45:05.2962770Z ignoring duplicate directory "/Users/runner/work/tcm-storage-ios/tcm-storage-ios/build/Build/Products/Debug-iphonesimulator/PackageFrameworks"
2026-04-22T16:45:05.2963170Z ignoring duplicate directory "/Users/runner/work/tcm-storage-ios/tcm-storage-ios/build/Build/Products/Debug-iphonesimulator/PackageFrameworks"
2026-04-22T16:45:05.2963610Z ignoring duplicate directory "/Users/runner/work/tcm-storage-ios/tcm-storage-ios/build/Build/Products/Debug-iphonesimulator/PackageFrameworks"
2026-04-22T16:45:05.2964020Z ignoring duplicate directory "/Users/runner/work/tcm-storage-ios/tcm-storage-ios/build/Build/Products/Debug-iphonesimulator/PackageFrameworks"
2026-04-22T16:45:05.2964370Z ignoring duplicate directory "/Users/runner/work/tcm-storage-ios/tcm-storage-ios/build/Build/Products/Debug-iphonesimulator/PackageFrameworks"
2026-04-22T16:45:05.2964800Z ignoring duplicate directory "/Users/runner/work/tcm-storage-ios/tcm-storage-ios/build/Build/Products/Debug-iphonesimulator/PackageFrameworks"
2026-04-22T16:45:05.2965180Z ignoring duplicate directory "/Users/runner/work/tcm-storage-ios/tcm-storage-ios/build/Build/Products/Debug-iphonesimulator/PackageFrameworks"
2026-04-22T16:45:05.2965520Z ignoring duplicate directory "/Users/runner/work/tcm-storage-ios/tcm-storage-ios/build/Build/Products/Debug-iphonesimulator/PackageFrameworks"
2026-04-22T16:45:05.2965850Z ignoring duplicate directory "/Users/runner/work/tcm-storage-ios/tcm-storage-ios/build/Build/Products/Debug-iphonesimulator/PackageFrameworks"
2026-04-22T16:45:05.2966180Z ignoring duplicate directory "/Users/runner/work/tcm-storage-ios/tcm-storage-ios/build/Build/Products/Debug-iphonesimulator/PackageFrameworks"
2026-04-22T16:45:05.2967130Z ignoring duplicate directory "/Users/runner/work/tcm-storage-ios/tcm-storage-ios/build/Build/Products/Debug-iphonesimulator/PackageFrameworks"
2026-04-22T16:45:05.2967480Z ignoring duplicate directory "/Users/runner/work/tcm-storage-ios/tcm-storage-ios/build/Build/Products/Debug-iphonesimulator/PackageFrameworks"
2026-04-22T16:45:05.2967890Z ignoring duplicate directory "/Users/runner/work/tcm-storage-ios/tcm-storage-ios/build/Build/Products/Debug-iphonesimulator/PackageFrameworks"
2026-04-22T16:45:05.2968230Z ignoring duplicate directory "/Users/runner/work/tcm-storage-ios/tcm-storage-ios/build/Build/Products/Debug-iphonesimulator/PackageFrameworks"
2026-04-22T16:45:05.2968570Z ignoring duplicate directory "/Users/runner/work/tcm-storage-ios/tcm-storage-ios/build/Build/Products/Debug-iphonesimulator/PackageFrameworks"
2026-04-22T16:45:05.2969160Z ignoring duplicate directory "/Users/runner/work/tcm-storage-ios/tcm-storage-ios/build/Build/Products/Debug-iphonesimulator/PackageFrameworks"
2026-04-22T16:45:05.2969490Z ignoring duplicate directory "/Users/runner/work/tcm-storage-ios/tcm-storage-ios/build/Build/Products/Debug-iphonesimulator/PackageFrameworks"
2026-04-22T16:45:05.2969850Z ignoring duplicate directory "/Users/runner/work/tcm-storage-ios/tcm-storage-ios/build/Build/Products/Debug-iphonesimulator/PackageFrameworks"
2026-04-22T16:45:05.2970200Z ignoring duplicate directory "/Users/runner/work/tcm-storage-ios/tcm-storage-ios/build/Build/Products/Debug-iphonesimulator/PackageFrameworks"
2026-04-22T16:45:05.2970640Z ignoring duplicate directory "/Users/runner/work/tcm-storage-ios/tcm-storage-ios/build/Build/Products/Debug-iphonesimulator/PackageFrameworks"
2026-04-22T16:45:05.2971020Z ignoring duplicate directory "/Users/runner/work/tcm-storage-ios/tcm-storage-ios/build/Build/Products/Debug-iphonesimulator/PackageFrameworks"
2026-04-22T16:45:05.2971360Z ignoring duplicate directory "/Users/runner/work/tcm-storage-ios/tcm-storage-ios/build/Build/Products/Debug-iphonesimulator/PackageFrameworks"
2026-04-22T16:45:05.2971890Z ignoring duplicate directory "/Users/runner/work/tcm-storage-ios/tcm-storage-ios/build/Build/Products/Debug-iphonesimulator/PackageFrameworks"
2026-04-22T16:45:05.2972220Z ignoring duplicate directory "/Users/runner/work/tcm-storage-ios/tcm-storage-ios/build/Build/Products/Debug-iphonesimulator/PackageFrameworks"
2026-04-22T16:45:05.2972620Z ignoring duplicate directory "/Users/runner/work/tcm-storage-ios/tcm-storage-ios/build/Build/Products/Debug-iphonesimulator/PackageFrameworks"
2026-04-22T16:45:05.2973010Z ignoring duplicate directory "/Users/runner/work/tcm-storage-ios/tcm-storage-ios/build/Build/Products/Debug-iphonesimulator/PackageFrameworks"
2026-04-22T16:45:05.2973350Z ignoring duplicate directory "/Users/runner/work/tcm-storage-ios/tcm-storage-ios/build/Build/Products/Debug-iphonesimulator/PackageFrameworks"
2026-04-22T16:45:05.2981040Z ignoring duplicate directory "/Users/runner/work/tcm-storage-ios/tcm-storage-ios/build/Build/Products/Debug-iphonesimulator/PackageFrameworks"
2026-04-22T16:45:05.2981430Z ignoring duplicate directory "/Users/runner/work/tcm-storage-ios/tcm-storage-ios/build/Build/Products/Debug-iphonesimulator/PackageFrameworks"
2026-04-22T16:45:05.2981770Z ignoring duplicate directory "/Users/runner/work/tcm-storage-ios/tcm-storage-ios/build/Build/Products/Debug-iphonesimulator/PackageFrameworks"
2026-04-22T16:45:05.2982120Z ignoring duplicate directory "/Users/runner/work/tcm-storage-ios/tcm-storage-ios/build/Build/Products/Debug-iphonesimulator/PackageFrameworks"
2026-04-22T16:45:05.2982470Z ignoring duplicate directory "/Users/runner/work/tcm-storage-ios/tcm-storage-ios/build/Build/Products/Debug-iphonesimulator/PackageFrameworks"
2026-04-22T16:45:05.2982810Z ignoring duplicate directory "/Users/runner/work/tcm-storage-ios/tcm-storage-ios/build/Build/Products/Debug-iphonesimulator/PackageFrameworks"
2026-04-22T16:45:05.2983150Z ignoring duplicate directory "/Users/runner/work/tcm-storage-ios/tcm-storage-ios/build/Build/Products/Debug-iphonesimulator/PackageFrameworks"
2026-04-22T16:45:05.2983470Z ignoring duplicate directory "/Users/runner/work/tcm-storage-ios/tcm-storage-ios/build/Build/Products/Debug-iphonesimulator/PackageFrameworks"
2026-04-22T16:45:05.2983810Z ignoring duplicate directory "/Users/runner/work/tcm-storage-ios/tcm-storage-ios/build/Build/Products/Debug-iphonesimulator/PackageFrameworks"
2026-04-22T16:45:05.2984160Z ignoring duplicate directory "/Users/runner/work/tcm-storage-ios/tcm-storage-ios/build/Build/Products/Debug-iphonesimulator/PackageFrameworks"
2026-04-22T16:45:05.2984490Z ignoring duplicate directory "/Users/runner/work/tcm-storage-ios/tcm-storage-ios/build/Build/Products/Debug-iphonesimulator/PackageFrameworks"
2026-04-22T16:45:05.2984820Z ignoring duplicate directory "/Users/runner/work/tcm-storage-ios/tcm-storage-ios/build/Build/Products/Debug-iphonesimulator/PackageFrameworks"
2026-04-22T16:45:05.2985300Z ignoring duplicate directory "/Users/runner/work/tcm-storage-ios/tcm-storage-ios/build/Build/Products/Debug-iphonesimulator/PackageFrameworks"
2026-04-22T16:45:05.2985650Z ignoring duplicate directory "/Users/runner/work/tcm-storage-ios/tcm-storage-ios/build/Build/Products/Debug-iphonesimulator/PackageFrameworks"
2026-04-22T16:45:05.2985990Z ignoring duplicate directory "/Users/runner/work/tcm-storage-ios/tcm-storage-ios/build/Build/Products/Debug-iphonesimulator/PackageFrameworks"
2026-04-22T16:45:05.2986320Z ignoring duplicate directory "/Users/runner/work/tcm-storage-ios/tcm-storage-ios/build/Build/Products/Debug-iphonesimulator/PackageFrameworks"
2026-04-22T16:45:05.2986660Z ignoring duplicate directory "/Users/runner/work/tcm-storage-ios/tcm-storage-ios/build/Build/Products/Debug-iphonesimulator/PackageFrameworks"
2026-04-22T16:45:05.2986980Z ignoring duplicate directory "/Users/runner/work/tcm-storage-ios/tcm-storage-ios/build/Build/Products/Debug-iphonesimulator/PackageFrameworks"
2026-04-22T16:45:05.2987390Z ignoring duplicate directory "/Users/runner/work/tcm-storage-ios/tcm-storage-ios/build/Build/Products/Debug-iphonesimulator/PackageFrameworks"
2026-04-22T16:45:05.2987730Z ignoring duplicate directory "/Users/runner/work/tcm-storage-ios/tcm-storage-ios/build/Build/Products/Debug-iphonesimulator/PackageFrameworks"
2026-04-22T16:45:05.2988060Z ignoring duplicate directory "/Users/runner/work/tcm-storage-ios/tcm-storage-ios/build/Build/Products/Debug-iphonesimulator/PackageFrameworks"
2026-04-22T16:45:05.2988470Z ignoring duplicate directory "/Users/runner/work/tcm-storage-ios/tcm-storage-ios/build/Build/Products/Debug-iphonesimulator/PackageFrameworks"
2026-04-22T16:45:05.2988840Z ignoring duplicate directory "/Users/runner/work/tcm-storage-ios/tcm-storage-ios/build/Build/Products/Debug-iphonesimulator/PackageFrameworks"
2026-04-22T16:45:05.2989170Z ignoring duplicate directory "/Users/runner/work/tcm-storage-ios/tcm-storage-ios/build/Build/Products/Debug-iphonesimulator/PackageFrameworks"
2026-04-22T16:45:05.2989530Z ignoring duplicate directory "/Users/runner/work/tcm-storage-ios/tcm-storage-ios/build/Build/Products/Debug-iphonesimulator/PackageFrameworks"
2026-04-22T16:45:05.2989870Z ignoring duplicate directory "/Users/runner/work/tcm-storage-ios/tcm-storage-ios/build/Build/Products/Debug-iphonesimulator/PackageFrameworks"
2026-04-22T16:45:05.2990230Z ignoring duplicate directory "/Users/runner/work/tcm-storage-ios/tcm-storage-ios/build/Build/Products/Debug-iphonesimulator/PackageFrameworks"
2026-04-22T16:45:05.2990560Z ignoring duplicate directory "/Users/runner/work/tcm-storage-ios/tcm-storage-ios/build/Build/Products/Debug-iphonesimulator/PackageFrameworks"
2026-04-22T16:45:05.2990890Z ignoring duplicate directory "/Users/runner/work/tcm-storage-ios/tcm-storage-ios/build/Build/Products/Debug-iphonesimulator/PackageFrameworks"
2026-04-22T16:45:05.2991220Z ignoring duplicate directory "/Users/runner/work/tcm-storage-ios/tcm-storage-ios/build/Build/Products/Debug-iphonesimulator/PackageFrameworks"
2026-04-22T16:45:05.2991550Z ignoring duplicate directory "/Users/runner/work/tcm-storage-ios/tcm-storage-ios/build/Build/Products/Debug-iphonesimulator/PackageFrameworks"
2026-04-22T16:45:05.2991900Z ignoring duplicate directory "/Users/runner/work/tcm-storage-ios/tcm-storage-ios/build/Build/Products/Debug-iphonesimulator/PackageFrameworks"
2026-04-22T16:45:05.2992230Z ignoring duplicate directory "/Users/runner/work/tcm-storage-ios/tcm-storage-ios/build/Build/Products/Debug-iphonesimulator/PackageFrameworks"
2026-04-22T16:45:05.2992570Z ignoring duplicate directory "/Users/runner/work/tcm-storage-ios/tcm-storage-ios/build/Build/Products/Debug-iphonesimulator/PackageFrameworks"
2026-04-22T16:45:05.2992900Z ignoring duplicate directory "/Users/runner/work/tcm-storage-ios/tcm-storage-ios/build/Build/Products/Debug-iphonesimulator/PackageFrameworks"
2026-04-22T16:45:05.2993240Z ignoring duplicate directory "/Users/runner/work/tcm-storage-ios/tcm-storage-ios/build/Build/Products/Debug-iphonesimulator/PackageFrameworks"
2026-04-22T16:45:05.2993630Z ignoring duplicate directory "/Users/runner/work/tcm-storage-ios/tcm-storage-ios/build/Build/Products/Debug-iphonesimulator/PackageFrameworks"
2026-04-22T16:45:05.2993970Z ignoring duplicate directory "/Users/runner/work/tcm-storage-ios/tcm-storage-ios/build/Build/Products/Debug-iphonesimulator/PackageFrameworks"
2026-04-22T16:45:05.2994300Z ignoring duplicate directory "/Users/runner/work/tcm-storage-ios/tcm-storage-ios/build/Build/Products/Debug-iphonesimulator/PackageFrameworks"
2026-04-22T16:45:05.2994630Z ignoring duplicate directory "/Users/runner/work/tcm-storage-ios/tcm-storage-ios/build/Build/Products/Debug-iphonesimulator/PackageFrameworks"
2026-04-22T16:45:05.2994960Z ignoring duplicate directory "/Users/runner/work/tcm-storage-ios/tcm-storage-ios/build/Build/Products/Debug-iphonesimulator/PackageFrameworks"
2026-04-22T16:45:05.2995290Z ignoring duplicate directory "/Users/runner/work/tcm-storage-ios/tcm-storage-ios/build/Build/Products/Debug-iphonesimulator/PackageFrameworks"
2026-04-22T16:45:05.2995650Z ignoring duplicate directory "/Users/runner/work/tcm-storage-ios/tcm-storage-ios/build/Build/Products/Debug-iphonesimulator/PackageFrameworks"
2026-04-22T16:45:05.2995990Z ignoring duplicate directory "/Users/runner/work/tcm-storage-ios/tcm-storage-ios/build/Build/Products/Debug-iphonesimulator/PackageFrameworks"
2026-04-22T16:45:05.2996320Z ignoring duplicate directory "/Users/runner/work/tcm-storage-ios/tcm-storage-ios/build/Build/Products/Debug-iphonesimulator/PackageFrameworks"
2026-04-22T16:45:05.2996710Z ignoring duplicate directory "/Users/runner/work/tcm-storage-ios/tcm-storage-ios/build/Build/Products/Debug-iphonesimulator/PackageFrameworks"
2026-04-22T16:45:05.2997090Z ignoring duplicate directory "/Users/runner/work/tcm-storage-ios/tcm-storage-ios/build/Build/Products/Debug-iphonesimulator/PackageFrameworks"
2026-04-22T16:45:05.2997440Z ignoring duplicate directory "/Users/runner/work/tcm-storage-ios/tcm-storage-ios/build/Build/Products/Debug-iphonesimulator/PackageFrameworks"
2026-04-22T16:45:05.2997510Z #include "..." search starts here:
2026-04-22T16:45:05.2998000Z  /Users/runner/work/tcm-storage-ios/tcm-storage-ios/build/Build/Intermediates.noindex/Nextcloud.build/Debug-iphonesimulator/Nextcloud.build/Nextcloud-generated-files.hmap (headermap)
2026-04-22T16:45:05.2998460Z  /Users/runner/work/tcm-storage-ios/tcm-storage-ios/build/Build/Intermediates.noindex/Nextcloud.build/Debug-iphonesimulator/Nextcloud.build/Nextcloud-project-headers.hmap (headermap)
2026-04-22T16:45:05.2998520Z #include <...> search starts here:
2026-04-22T16:45:05.2998990Z  /Users/runner/work/tcm-storage-ios/tcm-storage-ios/build/Build/Intermediates.noindex/Nextcloud.build/Debug-iphonesimulator/Nextcloud.build/Nextcloud-own-target-headers.hmap (headermap)
2026-04-22T16:45:05.2999520Z  /Users/runner/work/tcm-storage-ios/tcm-storage-ios/build/Build/Intermediates.noindex/Nextcloud.build/Debug-iphonesimulator/Nextcloud.build/Nextcloud-all-non-framework-target-headers.hmap (headermap)
2026-04-22T16:45:05.2999840Z  /Users/runner/work/tcm-storage-ios/tcm-storage-ios/build/SourcePackages/checkouts/swift-nio-ssl/Sources/CNIOBoringSSLShims/include
2026-04-22T16:45:05.3000130Z  /Users/runner/work/tcm-storage-ios/tcm-storage-ios/build/SourcePackages/checkouts/swift-nio-ssl/Sources/CNIOBoringSSL/include
2026-04-22T16:45:05.3000420Z  /Users/runner/work/tcm-storage-ios/tcm-storage-ios/build/SourcePackages/checkouts/swift-atomics/Sources/_AtomicsShims/include
2026-04-22T16:45:05.3000700Z  /Users/runner/work/tcm-storage-ios/tcm-storage-ios/build/SourcePackages/checkouts/swift-nio/Sources/CNIOPosix/include
2026-04-22T16:45:05.3000960Z  /Users/runner/work/tcm-storage-ios/tcm-storage-ios/build/SourcePackages/checkouts/swift-nio/Sources/CNIOWASI/include
2026-04-22T16:45:05.3001240Z  /Users/runner/work/tcm-storage-ios/tcm-storage-ios/build/SourcePackages/checkouts/swift-nio/Sources/CNIOWindows/include
2026-04-22T16:45:05.3001590Z  /Users/runner/work/tcm-storage-ios/tcm-storage-ios/build/SourcePackages/checkouts/swift-nio/Sources/CNIOLinux/include
2026-04-22T16:45:05.3001850Z  /Users/runner/work/tcm-storage-ios/tcm-storage-ios/build/SourcePackages/checkouts/swift-nio/Sources/CNIODarwin/include
2026-04-22T16:45:05.3002130Z  /Users/runner/work/tcm-storage-ios/tcm-storage-ios/build/SourcePackages/checkouts/swift-nio/Sources/CNIOOpenBSD/include
2026-04-22T16:45:05.3002400Z  /Users/runner/work/tcm-storage-ios/tcm-storage-ios/build/SourcePackages/checkouts/swift-nio/Sources/CNIOAtomics/include
2026-04-22T16:45:05.3002610Z  /Users/runner/work/tcm-storage-ios/tcm-storage-ios/build/SourcePackages/checkouts/realm-core/src
2026-04-22T16:45:05.3002850Z  /Users/runner/work/tcm-storage-ios/tcm-storage-ios/build/SourcePackages/checkouts/realm-core/src/external/s2
2026-04-22T16:45:05.3003190Z  /Users/runner/work/tcm-storage-ios/tcm-storage-ios/build/SourcePackages/checkouts/realm-core/src/external/IntelRDFPMathLib20U2/LIBRARY/src
2026-04-22T16:45:05.3003400Z  /Users/runner/work/tcm-storage-ios/tcm-storage-ios/build/SourcePackages/checkouts/realm-core/src/spm
2026-04-22T16:45:05.3003770Z  /Users/runner/work/tcm-storage-ios/tcm-storage-ios/build/SourcePackages/checkouts/realm-swift/include
2026-04-22T16:45:05.3004720Z  /Users/runner/work/tcm-storage-ios/tcm-storage-ios/build/SourcePackages/checkouts/GoogleUtilities/GoogleUtilities/NSData+zlib/Public
2026-04-22T16:45:05.3005070Z  /Users/runner/work/tcm-storage-ios/tcm-storage-ios/build/SourcePackages/checkouts/GoogleUtilities/GoogleUtilities/Logger/Public
2026-04-22T16:45:05.3005550Z  /Users/runner/work/tcm-storage-ios/tcm-storage-ios/build/SourcePackages/checkouts/GoogleUtilities/GoogleUtilities/Environment/Public
2026-04-22T16:45:05.3006100Z  /Users/runner/work/tcm-storage-ios/tcm-storage-ios/build/SourcePackages/checkouts/GoogleUtilities/third_party/IsAppEncrypted/Public
2026-04-22T16:45:05.3006460Z  /Users/runner/work/tcm-storage-ios/tcm-storage-ios/build/SourcePackages/checkouts/GoogleUtilities/GoogleUtilities/UserDefaults/Public
2026-04-22T16:45:05.3006710Z  /Users/runner/work/tcm-storage-ios/tcm-storage-ios/build/SourcePackages/checkouts/nanopb/spm_headers
2026-04-22T16:45:05.3007020Z  /Users/runner/work/tcm-storage-ios/tcm-storage-ios/build/SourcePackages/checkouts/promises/Sources/FBLPromises/include
2026-04-22T16:45:05.3007410Z  /Users/runner/work/tcm-storage-ios/tcm-storage-ios/build/SourcePackages/checkouts/GoogleDataTransport/GoogleDataTransport/GDTCORLibrary/Public
2026-04-22T16:45:05.3007720Z  /Users/runner/work/tcm-storage-ios/tcm-storage-ios/build/SourcePackages/checkouts/firebase-ios-sdk/FirebaseSessions/SourcesObjC
2026-04-22T16:45:05.3008000Z  /Users/runner/work/tcm-storage-ios/tcm-storage-ios/build/SourcePackages/checkouts/firebase-ios-sdk/FirebaseCore/Extension
2026-04-22T16:45:05.3008360Z  /Users/runner/work/tcm-storage-ios/tcm-storage-ios/build/SourcePackages/checkouts/firebase-ios-sdk/FirebaseInstallations/Source/Library/Public
2026-04-22T16:45:05.3008970Z  /Users/runner/work/tcm-storage-ios/tcm-storage-ios/build/SourcePackages/checkouts/firebase-ios-sdk/FirebaseCore/Sources/Public
2026-04-22T16:45:05.3009310Z  /Users/runner/work/tcm-storage-ios/tcm-storage-ios/build/SourcePackages/checkouts/firebase-ios-sdk/CoreOnly/Sources
2026-04-22T16:45:05.3009620Z  /Users/runner/work/tcm-storage-ios/tcm-storage-ios/build/SourcePackages/checkouts/firebase-ios-sdk/Crashlytics/Crashlytics/Public
2026-04-22T16:45:05.3009900Z  /Users/runner/work/tcm-storage-ios/tcm-storage-ios/build/SourcePackages/checkouts/GzipSwift/Sources/system-zlib/include
2026-04-22T16:45:05.3010280Z  /Users/runner/work/tcm-storage-ios/tcm-storage-ios/build/Build/Intermediates.noindex/Nextcloud.build/Debug-iphonesimulator/Nextcloud.build/DerivedSources
2026-04-22T16:45:05.3010590Z  /Users/runner/work/tcm-storage-ios/tcm-storage-ios/build/Build/Products/Debug-iphonesimulator/PackageFrameworks (framework directory)
2026-04-22T16:45:05.3010850Z  /Users/runner/work/tcm-storage-ios/tcm-storage-ios/build/Build/Products/Debug-iphonesimulator (framework directory)
2026-04-22T16:45:05.3011260Z  /Applications/Xcode_26.2.app/Contents/Developer/Platforms/iPhoneSimulator.platform/Developer/Library/Frameworks (framework directory)
2026-04-22T16:45:05.3014160Z  /Applications/Xcode_26.2.app/Contents/Developer/Platforms/iPhoneSimulator.platform/Developer/SDKs/iPhoneSimulator26.2.sdk/Developer/Library/Frameworks (framework directory)
2026-04-22T16:45:05.3015160Z  /Applications/Xcode_26.2.app/Contents/Developer/Toolchains/XcodeDefault.xctoolchain/usr/lib/clang/17/include
2026-04-22T16:45:05.3015620Z  /Applications/Xcode_26.2.app/Contents/Developer/Platforms/iPhoneSimulator.platform/Developer/SDKs/iPhoneSimulator26.2.sdk/usr/include
2026-04-22T16:45:05.3015840Z  /Applications/Xcode_26.2.app/Contents/Developer/Toolchains/XcodeDefault.xctoolchain/usr/include
2026-04-22T16:45:05.3016260Z  /Applications/Xcode_26.2.app/Contents/Developer/Platforms/iPhoneSimulator.platform/Developer/SDKs/iPhoneSimulator26.2.sdk/System/Library/Frameworks (framework directory)
2026-04-22T16:45:05.3016710Z  /Applications/Xcode_26.2.app/Contents/Developer/Platforms/iPhoneSimulator.platform/Developer/SDKs/iPhoneSimulator26.2.sdk/System/Library/SubFrameworks (framework directory)
2026-04-22T16:45:05.3016850Z End of search list.
2026-04-22T16:45:05.3017030Z clang -cc1 version 17.0.0 (clang-1700.6.3.2) default target arm64-apple-darwin24.6.0
2026-04-22T16:45:05.3017350Z ignoring nonexistent directory "/Users/runner/work/tcm-storage-ios/tcm-storage-ios/build/Build/Products/Debug-iphonesimulator/include"
2026-04-22T16:45:05.3037170Z ignoring nonexistent directory "/Users/runner/work/tcm-storage-ios/tcm-storage-ios/build/Build/Intermediates.noindex/Nextcloud.build/Debug-iphonesimulator/Nextcloud.build/DerivedSources-normal/arm64"
2026-04-22T16:45:05.3037850Z ignoring nonexistent directory "/Users/runner/work/tcm-storage-ios/tcm-storage-ios/build/Build/Intermediates.noindex/Nextcloud.build/Debug-iphonesimulator/Nextcloud.build/DerivedSources/arm64"
2026-04-22T16:45:05.3038330Z ignoring nonexistent directory "/Applications/Xcode_26.2.app/Contents/Developer/Platforms/iPhoneSimulator.platform/Developer/SDKs/iPhoneSimulator26.2.sdk/usr/local/include"
2026-04-22T16:45:05.3038770Z ignoring nonexistent directory "/Applications/Xcode_26.2.app/Contents/Developer/Platforms/iPhoneSimulator.platform/Developer/SDKs/iPhoneSimulator26.2.sdk/Library/Frameworks"
2026-04-22T16:45:05.3039120Z ignoring duplicate directory "/Users/runner/work/tcm-storage-ios/tcm-storage-ios/build/Build/Products/Debug-iphonesimulator/PackageFrameworks"
2026-04-22T16:45:05.3039470Z ignoring duplicate directory "/Users/runner/work/tcm-storage-ios/tcm-storage-ios/build/Build/Products/Debug-iphonesimulator/PackageFrameworks"
2026-04-22T16:45:05.3039810Z ignoring duplicate directory "/Users/runner/work/tcm-storage-ios/tcm-storage-ios/build/Build/Products/Debug-iphonesimulator/PackageFrameworks"
2026-04-22T16:45:05.3040170Z ignoring duplicate directory "/Users/runner/work/tcm-storage-ios/tcm-storage-ios/build/Build/Products/Debug-iphonesimulator/PackageFrameworks"
2026-04-22T16:45:05.3040530Z ignoring duplicate directory "/Users/runner/work/tcm-storage-ios/tcm-storage-ios/build/Build/Products/Debug-iphonesimulator/PackageFrameworks"
2026-04-22T16:45:05.3040870Z ignoring duplicate directory "/Users/runner/work/tcm-storage-ios/tcm-storage-ios/build/Build/Products/Debug-iphonesimulator/PackageFrameworks"
2026-04-22T16:45:05.3041190Z ignoring duplicate directory "/Users/runner/work/tcm-storage-ios/tcm-storage-ios/build/Build/Products/Debug-iphonesimulator/PackageFrameworks"
2026-04-22T16:45:05.3041540Z ignoring duplicate directory "/Users/runner/work/tcm-storage-ios/tcm-storage-ios/build/Build/Products/Debug-iphonesimulator/PackageFrameworks"
2026-04-22T16:45:05.3041870Z ignoring duplicate directory "/Users/runner/work/tcm-storage-ios/tcm-storage-ios/build/Build/Products/Debug-iphonesimulator/PackageFrameworks"
2026-04-22T16:45:05.3042200Z ignoring duplicate directory "/Users/runner/work/tcm-storage-ios/tcm-storage-ios/build/Build/Products/Debug-iphonesimulator/PackageFrameworks"
2026-04-22T16:45:05.3042620Z ignoring duplicate directory "/Users/runner/work/tcm-storage-ios/tcm-storage-ios/build/Build/Products/Debug-iphonesimulator/PackageFrameworks"
2026-04-22T16:45:05.3042950Z ignoring duplicate directory "/Users/runner/work/tcm-storage-ios/tcm-storage-ios/build/Build/Products/Debug-iphonesimulator/PackageFrameworks"
2026-04-22T16:45:05.3043300Z ignoring duplicate directory "/Users/runner/work/tcm-storage-ios/tcm-storage-ios/build/Build/Products/Debug-iphonesimulator/PackageFrameworks"
2026-04-22T16:45:05.3043660Z ignoring duplicate directory "/Users/runner/work/tcm-storage-ios/tcm-storage-ios/build/Build/Products/Debug-iphonesimulator/PackageFrameworks"
2026-04-22T16:45:05.3043990Z ignoring duplicate directory "/Users/runner/work/tcm-storage-ios/tcm-storage-ios/build/Build/Products/Debug-iphonesimulator/PackageFrameworks"
2026-04-22T16:45:05.3044350Z ignoring duplicate directory "/Users/runner/work/tcm-storage-ios/tcm-storage-ios/build/Build/Products/Debug-iphonesimulator/PackageFrameworks"
2026-04-22T16:45:05.3044690Z ignoring duplicate directory "/Users/runner/work/tcm-storage-ios/tcm-storage-ios/build/Build/Products/Debug-iphonesimulator/PackageFrameworks"
2026-04-22T16:45:05.3045130Z ignoring duplicate directory "/Users/runner/work/tcm-storage-ios/tcm-storage-ios/build/Build/Products/Debug-iphonesimulator/PackageFrameworks"
2026-04-22T16:45:05.3045470Z ignoring duplicate directory "/Users/runner/work/tcm-storage-ios/tcm-storage-ios/build/Build/Products/Debug-iphonesimulator/PackageFrameworks"
2026-04-22T16:45:05.3047390Z ignoring duplicate directory "/Users/runner/work/tcm-storage-ios/tcm-storage-ios/build/Build/Products/Debug-iphonesimulator/PackageFrameworks"
2026-04-22T16:45:05.3048200Z ignoring duplicate directory "/Users/runner/work/tcm-storage-ios/tcm-storage-ios/build/Build/Products/Debug-iphonesimulator/PackageFrameworks"
2026-04-22T16:45:05.3048570Z ignoring duplicate directory "/Users/runner/work/tcm-storage-ios/tcm-storage-ios/build/Build/Products/Debug-iphonesimulator/PackageFrameworks"
2026-04-22T16:45:05.3048920Z ignoring duplicate directory "/Users/runner/work/tcm-storage-ios/tcm-storage-ios/build/Build/Products/Debug-iphonesimulator/PackageFrameworks"
2026-04-22T16:45:05.3049260Z ignoring duplicate directory "/Users/runner/work/tcm-storage-ios/tcm-storage-ios/build/Build/Products/Debug-iphonesimulator/PackageFrameworks"
2026-04-22T16:45:05.3049610Z ignoring duplicate directory "/Users/runner/work/tcm-storage-ios/tcm-storage-ios/build/Build/Products/Debug-iphonesimulator/PackageFrameworks"
2026-04-22T16:45:05.3049950Z ignoring duplicate directory "/Users/runner/work/tcm-storage-ios/tcm-storage-ios/build/Build/Products/Debug-iphonesimulator/PackageFrameworks"
2026-04-22T16:45:05.3050290Z ignoring duplicate directory "/Users/runner/work/tcm-storage-ios/tcm-storage-ios/build/Build/Products/Debug-iphonesimulator/PackageFrameworks"
2026-04-22T16:45:05.3050730Z ignoring duplicate directory "/Users/runner/work/tcm-storage-ios/tcm-storage-ios/build/Build/Products/Debug-iphonesimulator/PackageFrameworks"
2026-04-22T16:45:05.3051110Z ignoring duplicate directory "/Users/runner/work/tcm-storage-ios/tcm-storage-ios/build/Build/Products/Debug-iphonesimulator/PackageFrameworks"
2026-04-22T16:45:05.3051450Z ignoring duplicate directory "/Users/runner/work/tcm-storage-ios/tcm-storage-ios/build/Build/Products/Debug-iphonesimulator/PackageFrameworks"
2026-04-22T16:45:05.3051810Z ignoring duplicate directory "/Users/runner/work/tcm-storage-ios/tcm-storage-ios/build/Build/Products/Debug-iphonesimulator/PackageFrameworks"
2026-04-22T16:45:05.3052140Z ignoring duplicate directory "/Users/runner/work/tcm-storage-ios/tcm-storage-ios/build/Build/Products/Debug-iphonesimulator/PackageFrameworks"
2026-04-22T16:45:05.3052490Z ignoring duplicate directory "/Users/runner/work/tcm-storage-ios/tcm-storage-ios/build/Build/Products/Debug-iphonesimulator/PackageFrameworks"
2026-04-22T16:45:05.3052820Z ignoring duplicate directory "/Users/runner/work/tcm-storage-ios/tcm-storage-ios/build/Build/Products/Debug-iphonesimulator/PackageFrameworks"
2026-04-22T16:45:05.3053250Z ignoring duplicate directory "/Users/runner/work/tcm-storage-ios/tcm-storage-ios/build/Build/Products/Debug-iphonesimulator/PackageFrameworks"
2026-04-22T16:45:05.3053570Z ignoring duplicate directory "/Users/runner/work/tcm-storage-ios/tcm-storage-ios/build/Build/Products/Debug-iphonesimulator/PackageFrameworks"
2026-04-22T16:45:05.3053910Z ignoring duplicate directory "/Users/runner/work/tcm-storage-ios/tcm-storage-ios/build/Build/Products/Debug-iphonesimulator/PackageFrameworks"
2026-04-22T16:45:05.3054250Z ignoring duplicate directory "/Users/runner/work/tcm-storage-ios/tcm-storage-ios/build/Build/Products/Debug-iphonesimulator/PackageFrameworks"
2026-04-22T16:45:05.3054920Z ignoring duplicate directory "/Users/runner/work/tcm-storage-ios/tcm-storage-ios/build/Build/Products/Debug-iphonesimulator/PackageFrameworks"
2026-04-22T16:45:05.3055260Z ignoring duplicate directory "/Users/runner/work/tcm-storage-ios/tcm-storage-ios/build/Build/Products/Debug-iphonesimulator/PackageFrameworks"
2026-04-22T16:45:05.3055660Z ignoring duplicate directory "/Users/runner/work/tcm-storage-ios/tcm-storage-ios/build/Build/Products/Debug-iphonesimulator/PackageFrameworks"
2026-04-22T16:45:05.3056020Z ignoring duplicate directory "/Users/runner/work/tcm-storage-ios/tcm-storage-ios/build/Build/Products/Debug-iphonesimulator/PackageFrameworks"
2026-04-22T16:45:05.3056350Z ignoring duplicate directory "/Users/runner/work/tcm-storage-ios/tcm-storage-ios/build/Build/Products/Debug-iphonesimulator/PackageFrameworks"
2026-04-22T16:45:05.3056870Z ignoring duplicate directory "/Users/runner/work/tcm-storage-ios/tcm-storage-ios/build/Build/Products/Debug-iphonesimulator/PackageFrameworks"
2026-04-22T16:45:05.3057280Z ignoring duplicate directory "/Users/runner/work/tcm-storage-ios/tcm-storage-ios/build/Build/Products/Debug-iphonesimulator/PackageFrameworks"
2026-04-22T16:45:05.3057610Z ignoring duplicate directory "/Users/runner/work/tcm-storage-ios/tcm-storage-ios/build/Build/Products/Debug-iphonesimulator/PackageFrameworks"
2026-04-22T16:45:05.3057940Z ignoring duplicate directory "/Users/runner/work/tcm-storage-ios/tcm-storage-ios/build/Build/Products/Debug-iphonesimulator/PackageFrameworks"
2026-04-22T16:45:05.3059400Z ignoring duplicate directory "/Users/runner/work/tcm-storage-ios/tcm-storage-ios/build/Build/Products/Debug-iphonesimulator/PackageFrameworks"
2026-04-22T16:45:05.3060490Z ignoring duplicate directory "/Users/runner/work/tcm-storage-ios/tcm-storage-ios/build/Build/Products/Debug-iphonesimulator/PackageFrameworks"
2026-04-22T16:45:05.3060880Z ignoring duplicate directory "/Users/runner/work/tcm-storage-ios/tcm-storage-ios/build/Build/Products/Debug-iphonesimulator/PackageFrameworks"
2026-04-22T16:45:05.3061220Z ignoring duplicate directory "/Users/runner/work/tcm-storage-ios/tcm-storage-ios/build/Build/Products/Debug-iphonesimulator/PackageFrameworks"
2026-04-22T16:45:05.3061560Z ignoring duplicate directory "/Users/runner/work/tcm-storage-ios/tcm-storage-ios/build/Build/Products/Debug-iphonesimulator/PackageFrameworks"
2026-04-22T16:45:05.3061900Z ignoring duplicate directory "/Users/runner/work/tcm-storage-ios/tcm-storage-ios/build/Build/Products/Debug-iphonesimulator/PackageFrameworks"
2026-04-22T16:45:05.3062220Z ignoring duplicate directory "/Users/runner/work/tcm-storage-ios/tcm-storage-ios/build/Build/Products/Debug-iphonesimulator/PackageFrameworks"
2026-04-22T16:45:05.3062550Z ignoring duplicate directory "/Users/runner/work/tcm-storage-ios/tcm-storage-ios/build/Build/Products/Debug-iphonesimulator/PackageFrameworks"
2026-04-22T16:45:05.3062870Z ignoring duplicate directory "/Users/runner/work/tcm-storage-ios/tcm-storage-ios/build/Build/Products/Debug-iphonesimulator/PackageFrameworks"
2026-04-22T16:45:05.3063800Z ignoring duplicate directory "/Users/runner/work/tcm-storage-ios/tcm-storage-ios/build/Build/Products/Debug-iphonesimulator/PackageFrameworks"
2026-04-22T16:45:05.3064150Z ignoring duplicate directory "/Users/runner/work/tcm-storage-ios/tcm-storage-ios/build/Build/Products/Debug-iphonesimulator/PackageFrameworks"
2026-04-22T16:45:05.3064600Z ignoring duplicate directory "/Users/runner/work/tcm-storage-ios/tcm-storage-ios/build/Build/Products/Debug-iphonesimulator/PackageFrameworks"
2026-04-22T16:45:05.3064920Z ignoring duplicate directory "/Users/runner/work/tcm-storage-ios/tcm-storage-ios/build/Build/Products/Debug-iphonesimulator/PackageFrameworks"
2026-04-22T16:45:05.3065250Z ignoring duplicate directory "/Users/runner/work/tcm-storage-ios/tcm-storage-ios/build/Build/Products/Debug-iphonesimulator/PackageFrameworks"
2026-04-22T16:45:05.3065590Z ignoring duplicate directory "/Users/runner/work/tcm-storage-ios/tcm-storage-ios/build/Build/Products/Debug-iphonesimulator/PackageFrameworks"
2026-04-22T16:45:05.3065930Z ignoring duplicate directory "/Users/runner/work/tcm-storage-ios/tcm-storage-ios/build/Build/Products/Debug-iphonesimulator/PackageFrameworks"
2026-04-22T16:45:05.3066260Z ignoring duplicate directory "/Users/runner/work/tcm-storage-ios/tcm-storage-ios/build/Build/Products/Debug-iphonesimulator/PackageFrameworks"
2026-04-22T16:45:05.3066640Z ignoring duplicate directory "/Users/runner/work/tcm-storage-ios/tcm-storage-ios/build/Build/Products/Debug-iphonesimulator/PackageFrameworks"
2026-04-22T16:45:05.3066980Z ignoring duplicate directory "/Users/runner/work/tcm-storage-ios/tcm-storage-ios/build/Build/Products/Debug-iphonesimulator/PackageFrameworks"
2026-04-22T16:45:05.3067300Z ignoring duplicate directory "/Users/runner/work/tcm-storage-ios/tcm-storage-ios/build/Build/Products/Debug-iphonesimulator/PackageFrameworks"
2026-04-22T16:45:05.3067680Z ignoring duplicate directory "/Users/runner/work/tcm-storage-ios/tcm-storage-ios/build/Build/Products/Debug-iphonesimulator/PackageFrameworks"
2026-04-22T16:45:05.3068090Z ignoring duplicate directory "/Users/runner/work/tcm-storage-ios/tcm-storage-ios/build/Build/Products/Debug-iphonesimulator/PackageFrameworks"
2026-04-22T16:45:05.3068420Z ignoring duplicate directory "/Users/runner/work/tcm-storage-ios/tcm-storage-ios/build/Build/Products/Debug-iphonesimulator/PackageFrameworks"
2026-04-22T16:45:05.3068750Z ignoring duplicate directory "/Users/runner/work/tcm-storage-ios/tcm-storage-ios/build/Build/Products/Debug-iphonesimulator/PackageFrameworks"
2026-04-22T16:45:05.3069080Z ignoring duplicate directory "/Users/runner/work/tcm-storage-ios/tcm-storage-ios/build/Build/Products/Debug-iphonesimulator/PackageFrameworks"
2026-04-22T16:45:05.3070650Z ignoring duplicate directory "/Users/runner/work/tcm-storage-ios/tcm-storage-ios/build/Build/Products/Debug-iphonesimulator/PackageFrameworks"
2026-04-22T16:45:05.3071030Z ignoring duplicate directory "/Users/runner/work/tcm-storage-ios/tcm-storage-ios/build/Build/Products/Debug-iphonesimulator/PackageFrameworks"
2026-04-22T16:45:05.3071380Z ignoring duplicate directory "/Users/runner/work/tcm-storage-ios/tcm-storage-ios/build/Build/Products/Debug-iphonesimulator/PackageFrameworks"
2026-04-22T16:45:05.3071710Z ignoring duplicate directory "/Users/runner/work/tcm-storage-ios/tcm-storage-ios/build/Build/Products/Debug-iphonesimulator/PackageFrameworks"
2026-04-22T16:45:05.3071780Z #include "..." search starts here:
2026-04-22T16:45:05.3072250Z  /Users/runner/work/tcm-storage-ios/tcm-storage-ios/build/Build/Intermediates.noindex/Nextcloud.build/Debug-iphonesimulator/Nextcloud.build/Nextcloud-generated-files.hmap (headermap)
2026-04-22T16:45:05.3072710Z  /Users/runner/work/tcm-storage-ios/tcm-storage-ios/build/Build/Intermediates.noindex/Nextcloud.build/Debug-iphonesimulator/Nextcloud.build/Nextcloud-project-headers.hmap (headermap)
2026-04-22T16:45:05.3072770Z #include <...> search starts here:
2026-04-22T16:45:05.3073240Z  /Users/runner/work/tcm-storage-ios/tcm-storage-ios/build/Build/Intermediates.noindex/Nextcloud.build/Debug-iphonesimulator/Nextcloud.build/Nextcloud-own-target-headers.hmap (headermap)
2026-04-22T16:45:05.3073750Z  /Users/runner/work/tcm-storage-ios/tcm-storage-ios/build/Build/Intermediates.noindex/Nextcloud.build/Debug-iphonesimulator/Nextcloud.build/Nextcloud-all-non-framework-target-headers.hmap (headermap)
2026-04-22T16:45:05.3074190Z  /Users/runner/work/tcm-storage-ios/tcm-storage-ios/build/SourcePackages/checkouts/swift-nio-ssl/Sources/CNIOBoringSSLShims/include
2026-04-22T16:45:05.3074480Z  /Users/runner/work/tcm-storage-ios/tcm-storage-ios/build/SourcePackages/checkouts/swift-nio-ssl/Sources/CNIOBoringSSL/include
2026-04-22T16:45:05.3074770Z  /Users/runner/work/tcm-storage-ios/tcm-storage-ios/build/SourcePackages/checkouts/swift-atomics/Sources/_AtomicsShims/include
2026-04-22T16:45:05.3075040Z  /Users/runner/work/tcm-storage-ios/tcm-storage-ios/build/SourcePackages/checkouts/swift-nio/Sources/CNIOPosix/include
2026-04-22T16:45:05.3075300Z  /Users/runner/work/tcm-storage-ios/tcm-storage-ios/build/SourcePackages/checkouts/swift-nio/Sources/CNIOWASI/include
2026-04-22T16:45:05.3075580Z  /Users/runner/work/tcm-storage-ios/tcm-storage-ios/build/SourcePackages/checkouts/swift-nio/Sources/CNIOWindows/include
2026-04-22T16:45:05.3075880Z  /Users/runner/work/tcm-storage-ios/tcm-storage-ios/build/SourcePackages/checkouts/swift-nio/Sources/CNIOLinux/include
2026-04-22T16:45:05.3076220Z  /Users/runner/work/tcm-storage-ios/tcm-storage-ios/build/SourcePackages/checkouts/swift-nio/Sources/CNIODarwin/include
2026-04-22T16:45:05.3077230Z  /Users/runner/work/tcm-storage-ios/tcm-storage-ios/build/SourcePackages/checkouts/swift-nio/Sources/CNIOOpenBSD/include
2026-04-22T16:45:05.3077520Z  /Users/runner/work/tcm-storage-ios/tcm-storage-ios/build/SourcePackages/checkouts/swift-nio/Sources/CNIOAtomics/include
2026-04-22T16:45:05.3077800Z  /Users/runner/work/tcm-storage-ios/tcm-storage-ios/build/SourcePackages/checkouts/realm-core/src
2026-04-22T16:45:05.3078090Z  /Users/runner/work/tcm-storage-ios/tcm-storage-ios/build/SourcePackages/checkouts/realm-core/src/external/s2
2026-04-22T16:45:05.3078420Z  /Users/runner/work/tcm-storage-ios/tcm-storage-ios/build/SourcePackages/checkouts/realm-core/src/external/IntelRDFPMathLib20U2/LIBRARY/src
2026-04-22T16:45:05.3078640Z  /Users/runner/work/tcm-storage-ios/tcm-storage-ios/build/SourcePackages/checkouts/realm-core/src/spm
2026-04-22T16:45:05.3078860Z  /Users/runner/work/tcm-storage-ios/tcm-storage-ios/build/SourcePackages/checkouts/realm-swift/include
2026-04-22T16:45:05.3079180Z  /Users/runner/work/tcm-storage-ios/tcm-storage-ios/build/SourcePackages/checkouts/GoogleUtilities/GoogleUtilities/NSData+zlib/Public
2026-04-22T16:45:05.3079490Z  /Users/runner/work/tcm-storage-ios/tcm-storage-ios/build/SourcePackages/checkouts/GoogleUtilities/GoogleUtilities/Logger/Public
2026-04-22T16:45:05.3079800Z  /Users/runner/work/tcm-storage-ios/tcm-storage-ios/build/SourcePackages/checkouts/GoogleUtilities/GoogleUtilities/Environment/Public
2026-04-22T16:45:05.3080180Z  /Users/runner/work/tcm-storage-ios/tcm-storage-ios/build/SourcePackages/checkouts/GoogleUtilities/third_party/IsAppEncrypted/Public
2026-04-22T16:45:05.3080490Z  /Users/runner/work/tcm-storage-ios/tcm-storage-ios/build/SourcePackages/checkouts/GoogleUtilities/GoogleUtilities/UserDefaults/Public
2026-04-22T16:45:05.3080710Z  /Users/runner/work/tcm-storage-ios/tcm-storage-ios/build/SourcePackages/checkouts/nanopb/spm_headers
2026-04-22T16:45:05.3080990Z  /Users/runner/work/tcm-storage-ios/tcm-storage-ios/build/SourcePackages/checkouts/promises/Sources/FBLPromises/include
2026-04-22T16:45:05.3081400Z  /Users/runner/work/tcm-storage-ios/tcm-storage-ios/build/SourcePackages/checkouts/GoogleDataTransport/GoogleDataTransport/GDTCORLibrary/Public
2026-04-22T16:45:05.3081700Z  /Users/runner/work/tcm-storage-ios/tcm-storage-ios/build/SourcePackages/checkouts/firebase-ios-sdk/FirebaseSessions/SourcesObjC
2026-04-22T16:45:05.3082000Z  /Users/runner/work/tcm-storage-ios/tcm-storage-ios/build/SourcePackages/checkouts/firebase-ios-sdk/FirebaseCore/Extension
2026-04-22T16:45:05.3082350Z  /Users/runner/work/tcm-storage-ios/tcm-storage-ios/build/SourcePackages/checkouts/firebase-ios-sdk/FirebaseInstallations/Source/Library/Public
2026-04-22T16:45:05.3082710Z  /Users/runner/work/tcm-storage-ios/tcm-storage-ios/build/SourcePackages/checkouts/firebase-ios-sdk/FirebaseCore/Sources/Public
2026-04-22T16:45:05.3082990Z  /Users/runner/work/tcm-storage-ios/tcm-storage-ios/build/SourcePackages/checkouts/firebase-ios-sdk/CoreOnly/Sources
2026-04-22T16:45:05.3084560Z  /Users/runner/work/tcm-storage-ios/tcm-storage-ios/build/SourcePackages/checkouts/firebase-ios-sdk/Crashlytics/Crashlytics/Public
2026-04-22T16:45:05.3084890Z  /Users/runner/work/tcm-storage-ios/tcm-storage-ios/build/SourcePackages/checkouts/GzipSwift/Sources/system-zlib/include
2026-04-22T16:45:05.3085380Z  /Users/runner/work/tcm-storage-ios/tcm-storage-ios/build/Build/Intermediates.noindex/Nextcloud.build/Debug-iphonesimulator/Nextcloud.build/DerivedSources
2026-04-22T16:45:05.3085740Z  /Users/runner/work/tcm-storage-ios/tcm-storage-ios/build/Build/Products/Debug-iphonesimulator/PackageFrameworks (framework directory)
2026-04-22T16:45:05.3086010Z  /Users/runner/work/tcm-storage-ios/tcm-storage-ios/build/Build/Products/Debug-iphonesimulator (framework directory)
2026-04-22T16:45:05.3086340Z  /Applications/Xcode_26.2.app/Contents/Developer/Platforms/iPhoneSimulator.platform/Developer/Library/Frameworks (framework directory)
2026-04-22T16:45:05.3086890Z  /Applications/Xcode_26.2.app/Contents/Developer/Platforms/iPhoneSimulator.platform/Developer/SDKs/iPhoneSimulator26.2.sdk/Developer/Library/Frameworks (framework directory)
2026-04-22T16:45:05.3087160Z  /Applications/Xcode_26.2.app/Contents/Developer/Toolchains/XcodeDefault.xctoolchain/usr/lib/clang/17/include
2026-04-22T16:45:05.3087690Z  /Applications/Xcode_26.2.app/Contents/Developer/Platforms/iPhoneSimulator.platform/Developer/SDKs/iPhoneSimulator26.2.sdk/usr/include
2026-04-22T16:45:05.3088320Z  /Applications/Xcode_26.2.app/Contents/Developer/Toolchains/XcodeDefault.xctoolchain/usr/include
2026-04-22T16:45:05.3088900Z  /Applications/Xcode_26.2.app/Contents/Developer/Platforms/iPhoneSimulator.platform/Developer/SDKs/iPhoneSimulator26.2.sdk/System/Library/Frameworks (framework directory)
2026-04-22T16:45:05.3089340Z  /Applications/Xcode_26.2.app/Contents/Developer/Platforms/iPhoneSimulator.platform/Developer/SDKs/iPhoneSimulator26.2.sdk/System/Library/SubFrameworks (framework directory)
2026-04-22T16:45:05.3089390Z End of search list.
2026-04-22T16:45:05.3089610Z clang -cc1 version 17.0.0 (clang-1700.6.3.2) default target arm64-apple-darwin24.6.0
2026-04-22T16:45:05.3137600Z ignoring nonexistent directory "/Users/runner/work/tcm-storage-ios/tcm-storage-ios/build/Build/Products/Debug-iphonesimulator/include"
2026-04-22T16:45:05.3193450Z ignoring nonexistent directory "/Users/runner/work/tcm-storage-ios/tcm-storage-ios/build/Build/Intermediates.noindex/Nextcloud.build/Debug-iphonesimulator/Nextcloud.build/DerivedSources-normal/arm64"
2026-04-22T16:45:05.3273910Z ignoring nonexistent directory "/Users/runner/work/tcm-storage-ios/tcm-storage-ios/build/Build/Intermediates.noindex/Nextcloud.build/Debug-iphonesimulator/Nextcloud.build/DerivedSources/arm64"
2026-04-22T16:45:05.3275400Z ignoring nonexistent directory "/Applications/Xcode_26.2.app/Contents/Developer/Platforms/iPhoneSimulator.platform/Developer/SDKs/iPhoneSimulator26.2.sdk/usr/local/include"
2026-04-22T16:45:05.3276300Z ignoring nonexistent directory "/Applications/Xcode_26.2.app/Contents/Developer/Platforms/iPhoneSimulator.platform/Developer/SDKs/iPhoneSimulator26.2.sdk/Library/Frameworks"
2026-04-22T16:45:05.3276840Z ignoring duplicate directory "/Users/runner/work/tcm-storage-ios/tcm-storage-ios/build/Build/Products/Debug-iphonesimulator/PackageFrameworks"
2026-04-22T16:45:05.3277610Z ignoring duplicate directory "/Users/runner/work/tcm-storage-ios/tcm-storage-ios/build/Build/Products/Debug-iphonesimulator/PackageFrameworks"
2026-04-22T16:45:05.3278320Z ignoring duplicate directory "/Users/runner/work/tcm-storage-ios/tcm-storage-ios/build/Build/Products/Debug-iphonesimulator/PackageFrameworks"
2026-04-22T16:45:05.3279020Z ignoring duplicate directory "/Users/runner/work/tcm-storage-ios/tcm-storage-ios/build/Build/Products/Debug-iphonesimulator/PackageFrameworks"
2026-04-22T16:45:05.3284620Z ignoring duplicate directory "/Users/runner/work/tcm-storage-ios/tcm-storage-ios/build/Build/Products/Debug-iphonesimulator/PackageFrameworks"
2026-04-22T16:45:05.3291630Z ignoring duplicate directory "/Users/runner/work/tcm-storage-ios/tcm-storage-ios/build/Build/Products/Debug-iphonesimulator/PackageFrameworks"
2026-04-22T16:45:05.3292170Z ignoring duplicate directory "/Users/runner/work/tcm-storage-ios/tcm-storage-ios/build/Build/Products/Debug-iphonesimulator/PackageFrameworks"
2026-04-22T16:45:05.3293120Z ignoring duplicate directory "/Users/runner/work/tcm-storage-ios/tcm-storage-ios/build/Build/Products/Debug-iphonesimulator/PackageFrameworks"
2026-04-22T16:45:05.3394930Z ignoring duplicate directory "/Users/runner/work/tcm-storage-ios/tcm-storage-ios/build/Build/Products/Debug-iphonesimulator/PackageFrameworks"
2026-04-22T16:45:05.3420550Z ignoring duplicate directory "/Users/runner/work/tcm-storage-ios/tcm-storage-ios/build/Build/Products/Debug-iphonesimulator/PackageFrameworks"
2026-04-22T16:45:05.3421350Z ignoring duplicate directory "/Users/runner/work/tcm-storage-ios/tcm-storage-ios/build/Build/Products/Debug-iphonesimulator/PackageFrameworks"
2026-04-22T16:45:05.3431940Z ignoring duplicate directory "/Users/runner/work/tcm-storage-ios/tcm-storage-ios/build/Build/Products/Debug-iphonesimulator/PackageFrameworks"
2026-04-22T16:45:05.3433680Z ignoring duplicate directory "/Users/runner/work/tcm-storage-ios/tcm-storage-ios/build/Build/Products/Debug-iphonesimulator/PackageFrameworks"
2026-04-22T16:45:05.3435940Z ignoring duplicate directory "/Users/runner/work/tcm-storage-ios/tcm-storage-ios/build/Build/Products/Debug-iphonesimulator/PackageFrameworks"
2026-04-22T16:45:05.3437850Z ignoring duplicate directory "/Users/runner/work/tcm-storage-ios/tcm-storage-ios/build/Build/Products/Debug-iphonesimulator/PackageFrameworks"
2026-04-22T16:45:05.3438520Z ignoring duplicate directory "/Users/runner/work/tcm-storage-ios/tcm-storage-ios/build/Build/Products/Debug-iphonesimulator/PackageFrameworks"
2026-04-22T16:45:05.3439010Z ignoring duplicate directory "/Users/runner/work/tcm-storage-ios/tcm-storage-ios/build/Build/Products/Debug-iphonesimulator/PackageFrameworks"
2026-04-22T16:45:05.3439690Z ignoring duplicate directory "/Users/runner/work/tcm-storage-ios/tcm-storage-ios/build/Build/Products/Debug-iphonesimulator/PackageFrameworks"
2026-04-22T16:45:05.3440360Z ignoring duplicate directory "/Users/runner/work/tcm-storage-ios/tcm-storage-ios/build/Build/Products/Debug-iphonesimulator/PackageFrameworks"
2026-04-22T16:45:05.3457210Z ignoring duplicate directory "/Users/runner/work/tcm-storage-ios/tcm-storage-ios/build/Build/Products/Debug-iphonesimulator/PackageFrameworks"
2026-04-22T16:45:05.3461340Z ignoring duplicate directory "/Users/runner/work/tcm-storage-ios/tcm-storage-ios/build/Build/Products/Debug-iphonesimulator/PackageFrameworks"
2026-04-22T16:45:05.3461860Z ignoring duplicate directory "/Users/runner/work/tcm-storage-ios/tcm-storage-ios/build/Build/Products/Debug-iphonesimulator/PackageFrameworks"
2026-04-22T16:45:05.3466150Z ignoring duplicate directory "/Users/runner/work/tcm-storage-ios/tcm-storage-ios/build/Build/Products/Debug-iphonesimulator/PackageFrameworks"
2026-04-22T16:45:05.3476280Z ignoring duplicate directory "/Users/runner/work/tcm-storage-ios/tcm-storage-ios/build/Build/Products/Debug-iphonesimulator/PackageFrameworks"
2026-04-22T16:45:05.3476900Z ignoring duplicate directory "/Users/runner/work/tcm-storage-ios/tcm-storage-ios/build/Build/Products/Debug-iphonesimulator/PackageFrameworks"
2026-04-22T16:45:05.3478010Z ignoring duplicate directory "/Users/runner/work/tcm-storage-ios/tcm-storage-ios/build/Build/Products/Debug-iphonesimulator/PackageFrameworks"
2026-04-22T16:45:05.3481000Z ignoring duplicate directory "/Users/runner/work/tcm-storage-ios/tcm-storage-ios/build/Build/Products/Debug-iphonesimulator/PackageFrameworks"
2026-04-22T16:45:05.3481510Z ignoring duplicate directory "/Users/runner/work/tcm-storage-ios/tcm-storage-ios/build/Build/Products/Debug-iphonesimulator/PackageFrameworks"
2026-04-22T16:45:05.3482350Z ignoring duplicate directory "/Users/runner/work/tcm-storage-ios/tcm-storage-ios/build/Build/Products/Debug-iphonesimulator/PackageFrameworks"
2026-04-22T16:45:05.3559210Z ignoring duplicate directory "/Users/runner/work/tcm-storage-ios/tcm-storage-ios/build/Build/Products/Debug-iphonesimulator/PackageFrameworks"
2026-04-22T16:45:05.3559880Z ignoring duplicate directory "/Users/runner/work/tcm-storage-ios/tcm-storage-ios/build/Build/Products/Debug-iphonesimulator/PackageFrameworks"
2026-04-22T16:45:05.3561640Z ignoring duplicate directory "/Users/runner/work/tcm-storage-ios/tcm-storage-ios/build/Build/Products/Debug-iphonesimulator/PackageFrameworks"
2026-04-22T16:45:05.3564600Z ignoring duplicate directory "/Users/runner/work/tcm-storage-ios/tcm-storage-ios/build/Build/Products/Debug-iphonesimulator/PackageFrameworks"
2026-04-22T16:45:05.3565170Z ignoring duplicate directory "/Users/runner/work/tcm-storage-ios/tcm-storage-ios/build/Build/Products/Debug-iphonesimulator/PackageFrameworks"
2026-04-22T16:45:05.3565840Z ignoring duplicate directory "/Users/runner/work/tcm-storage-ios/tcm-storage-ios/build/Build/Products/Debug-iphonesimulator/PackageFrameworks"
2026-04-22T16:45:05.3566360Z ignoring duplicate directory "/Users/runner/work/tcm-storage-ios/tcm-storage-ios/build/Build/Products/Debug-iphonesimulator/PackageFrameworks"
2026-04-22T16:45:05.3566830Z ignoring duplicate directory "/Users/runner/work/tcm-storage-ios/tcm-storage-ios/build/Build/Products/Debug-iphonesimulator/PackageFrameworks"
2026-04-22T16:45:05.3567390Z ignoring duplicate directory "/Users/runner/work/tcm-storage-ios/tcm-storage-ios/build/Build/Products/Debug-iphonesimulator/PackageFrameworks"
2026-04-22T16:45:05.3567910Z ignoring duplicate directory "/Users/runner/work/tcm-storage-ios/tcm-storage-ios/build/Build/Products/Debug-iphonesimulator/PackageFrameworks"
2026-04-22T16:45:05.3568940Z ignoring duplicate directory "/Users/runner/work/tcm-storage-ios/tcm-storage-ios/build/Build/Products/Debug-iphonesimulator/PackageFrameworks"
2026-04-22T16:45:05.3672880Z ignoring duplicate directory "/Users/runner/work/tcm-storage-ios/tcm-storage-ios/build/Build/Products/Debug-iphonesimulator/PackageFrameworks"
2026-04-22T16:45:05.3775960Z ignoring duplicate directory "/Users/runner/work/tcm-storage-ios/tcm-storage-ios/build/Build/Products/Debug-iphonesimulator/PackageFrameworks"
2026-04-22T16:45:05.3877510Z ignoring duplicate directory "/Users/runner/work/tcm-storage-ios/tcm-storage-ios/build/Build/Products/Debug-iphonesimulator/PackageFrameworks"
2026-04-22T16:45:05.3958600Z ignoring duplicate directory "/Users/runner/work/tcm-storage-ios/tcm-storage-ios/build/Build/Products/Debug-iphonesimulator/PackageFrameworks"
2026-04-22T16:45:05.3959020Z ignoring duplicate directory "/Users/runner/work/tcm-storage-ios/tcm-storage-ios/build/Build/Products/Debug-iphonesimulator/PackageFrameworks"
2026-04-22T16:45:05.3959370Z ignoring duplicate directory "/Users/runner/work/tcm-storage-ios/tcm-storage-ios/build/Build/Products/Debug-iphonesimulator/PackageFrameworks"
2026-04-22T16:45:05.3959730Z ignoring duplicate directory "/Users/runner/work/tcm-storage-ios/tcm-storage-ios/build/Build/Products/Debug-iphonesimulator/PackageFrameworks"
2026-04-22T16:45:05.3960060Z ignoring duplicate directory "/Users/runner/work/tcm-storage-ios/tcm-storage-ios/build/Build/Products/Debug-iphonesimulator/PackageFrameworks"
2026-04-22T16:45:05.3960390Z ignoring duplicate directory "/Users/runner/work/tcm-storage-ios/tcm-storage-ios/build/Build/Products/Debug-iphonesimulator/PackageFrameworks"
2026-04-22T16:45:05.3960740Z ignoring duplicate directory "/Users/runner/work/tcm-storage-ios/tcm-storage-ios/build/Build/Products/Debug-iphonesimulator/PackageFrameworks"
2026-04-22T16:45:05.3961070Z ignoring duplicate directory "/Users/runner/work/tcm-storage-ios/tcm-storage-ios/build/Build/Products/Debug-iphonesimulator/PackageFrameworks"
2026-04-22T16:45:05.3961470Z ignoring duplicate directory "/Users/runner/work/tcm-storage-ios/tcm-storage-ios/build/Build/Products/Debug-iphonesimulator/PackageFrameworks"
2026-04-22T16:45:05.3964810Z ignoring duplicate directory "/Users/runner/work/tcm-storage-ios/tcm-storage-ios/build/Build/Products/Debug-iphonesimulator/PackageFrameworks"
2026-04-22T16:45:05.3965160Z ignoring duplicate directory "/Users/runner/work/tcm-storage-ios/tcm-storage-ios/build/Build/Products/Debug-iphonesimulator/PackageFrameworks"
2026-04-22T16:45:05.3965490Z ignoring duplicate directory "/Users/runner/work/tcm-storage-ios/tcm-storage-ios/build/Build/Products/Debug-iphonesimulator/PackageFrameworks"
2026-04-22T16:45:05.3965820Z ignoring duplicate directory "/Users/runner/work/tcm-storage-ios/tcm-storage-ios/build/Build/Products/Debug-iphonesimulator/PackageFrameworks"
2026-04-22T16:45:05.3967400Z ignoring duplicate directory "/Users/runner/work/tcm-storage-ios/tcm-storage-ios/build/Build/Products/Debug-iphonesimulator/PackageFrameworks"
2026-04-22T16:45:05.3968590Z ignoring duplicate directory "/Users/runner/work/tcm-storage-ios/tcm-storage-ios/build/Build/Products/Debug-iphonesimulator/PackageFrameworks"
2026-04-22T16:45:05.3969200Z ignoring duplicate directory "/Users/runner/work/tcm-storage-ios/tcm-storage-ios/build/Build/Products/Debug-iphonesimulator/PackageFrameworks"
2026-04-22T16:45:05.3969570Z ignoring duplicate directory "/Users/runner/work/tcm-storage-ios/tcm-storage-ios/build/Build/Products/Debug-iphonesimulator/PackageFrameworks"
2026-04-22T16:45:05.3969900Z ignoring duplicate directory "/Users/runner/work/tcm-storage-ios/tcm-storage-ios/build/Build/Products/Debug-iphonesimulator/PackageFrameworks"
2026-04-22T16:45:05.3970320Z ignoring duplicate directory "/Users/runner/work/tcm-storage-ios/tcm-storage-ios/build/Build/Products/Debug-iphonesimulator/PackageFrameworks"
2026-04-22T16:45:05.3970720Z ignoring duplicate directory "/Users/runner/work/tcm-storage-ios/tcm-storage-ios/build/Build/Products/Debug-iphonesimulator/PackageFrameworks"
2026-04-22T16:45:05.3971140Z ignoring duplicate directory "/Users/runner/work/tcm-storage-ios/tcm-storage-ios/build/Build/Products/Debug-iphonesimulator/PackageFrameworks"
2026-04-22T16:45:05.3971490Z ignoring duplicate directory "/Users/runner/work/tcm-storage-ios/tcm-storage-ios/build/Build/Products/Debug-iphonesimulator/PackageFrameworks"
2026-04-22T16:45:05.3971840Z ignoring duplicate directory "/Users/runner/work/tcm-storage-ios/tcm-storage-ios/build/Build/Products/Debug-iphonesimulator/PackageFrameworks"
2026-04-22T16:45:05.3972220Z ignoring duplicate directory "/Users/runner/work/tcm-storage-ios/tcm-storage-ios/build/Build/Products/Debug-iphonesimulator/PackageFrameworks"
2026-04-22T16:45:05.3972580Z ignoring duplicate directory "/Users/runner/work/tcm-storage-ios/tcm-storage-ios/build/Build/Products/Debug-iphonesimulator/PackageFrameworks"
2026-04-22T16:45:05.3972940Z ignoring duplicate directory "/Users/runner/work/tcm-storage-ios/tcm-storage-ios/build/Build/Products/Debug-iphonesimulator/PackageFrameworks"
2026-04-22T16:45:05.3973290Z ignoring duplicate directory "/Users/runner/work/tcm-storage-ios/tcm-storage-ios/build/Build/Products/Debug-iphonesimulator/PackageFrameworks"
2026-04-22T16:45:05.3973620Z ignoring duplicate directory "/Users/runner/work/tcm-storage-ios/tcm-storage-ios/build/Build/Products/Debug-iphonesimulator/PackageFrameworks"
2026-04-22T16:45:05.3973950Z ignoring duplicate directory "/Users/runner/work/tcm-storage-ios/tcm-storage-ios/build/Build/Products/Debug-iphonesimulator/PackageFrameworks"
2026-04-22T16:45:05.3974270Z ignoring duplicate directory "/Users/runner/work/tcm-storage-ios/tcm-storage-ios/build/Build/Products/Debug-iphonesimulator/PackageFrameworks"
2026-04-22T16:45:05.3974610Z ignoring duplicate directory "/Users/runner/work/tcm-storage-ios/tcm-storage-ios/build/Build/Products/Debug-iphonesimulator/PackageFrameworks"
2026-04-22T16:45:05.3974940Z ignoring duplicate directory "/Users/runner/work/tcm-storage-ios/tcm-storage-ios/build/Build/Products/Debug-iphonesimulator/PackageFrameworks"
2026-04-22T16:45:05.3975410Z ignoring duplicate directory "/Users/runner/work/tcm-storage-ios/tcm-storage-ios/build/Build/Products/Debug-iphonesimulator/PackageFrameworks"
2026-04-22T16:45:05.3975470Z #include "..." search starts here:
2026-04-22T16:45:05.3975960Z  /Users/runner/work/tcm-storage-ios/tcm-storage-ios/build/Build/Intermediates.noindex/Nextcloud.build/Debug-iphonesimulator/Nextcloud.build/Nextcloud-generated-files.hmap (headermap)
2026-04-22T16:45:05.3976440Z  /Users/runner/work/tcm-storage-ios/tcm-storage-ios/build/Build/Intermediates.noindex/Nextcloud.build/Debug-iphonesimulator/Nextcloud.build/Nextcloud-project-headers.hmap (headermap)
2026-04-22T16:45:05.3976490Z #include <...> search starts here:
2026-04-22T16:45:05.3976990Z  /Users/runner/work/tcm-storage-ios/tcm-storage-ios/build/Build/Intermediates.noindex/Nextcloud.build/Debug-iphonesimulator/Nextcloud.build/Nextcloud-own-target-headers.hmap (headermap)
2026-04-22T16:45:05.3977580Z  /Users/runner/work/tcm-storage-ios/tcm-storage-ios/build/Build/Intermediates.noindex/Nextcloud.build/Debug-iphonesimulator/Nextcloud.build/Nextcloud-all-non-framework-target-headers.hmap (headermap)
2026-04-22T16:45:05.3978560Z  /Users/runner/work/tcm-storage-ios/tcm-storage-ios/build/SourcePackages/checkouts/swift-nio-ssl/Sources/CNIOBoringSSLShims/include
2026-04-22T16:45:05.3978880Z  /Users/runner/work/tcm-storage-ios/tcm-storage-ios/build/SourcePackages/checkouts/swift-nio-ssl/Sources/CNIOBoringSSL/include
2026-04-22T16:45:05.3979200Z  /Users/runner/work/tcm-storage-ios/tcm-storage-ios/build/SourcePackages/checkouts/swift-atomics/Sources/_AtomicsShims/include
2026-04-22T16:45:05.3979610Z  /Users/runner/work/tcm-storage-ios/tcm-storage-ios/build/SourcePackages/checkouts/swift-nio/Sources/CNIOPosix/include
2026-04-22T16:45:05.3979910Z  /Users/runner/work/tcm-storage-ios/tcm-storage-ios/build/SourcePackages/checkouts/swift-nio/Sources/CNIOWASI/include
2026-04-22T16:45:05.3980240Z  /Users/runner/work/tcm-storage-ios/tcm-storage-ios/build/SourcePackages/checkouts/swift-nio/Sources/CNIOWindows/include
2026-04-22T16:45:05.3980510Z  /Users/runner/work/tcm-storage-ios/tcm-storage-ios/build/SourcePackages/checkouts/swift-nio/Sources/CNIOLinux/include
2026-04-22T16:45:05.3980780Z  /Users/runner/work/tcm-storage-ios/tcm-storage-ios/build/SourcePackages/checkouts/swift-nio/Sources/CNIODarwin/include
2026-04-22T16:45:05.3981130Z  /Users/runner/work/tcm-storage-ios/tcm-storage-ios/build/SourcePackages/checkouts/swift-nio/Sources/CNIOOpenBSD/include
2026-04-22T16:45:05.3981420Z  /Users/runner/work/tcm-storage-ios/tcm-storage-ios/build/SourcePackages/checkouts/swift-nio/Sources/CNIOAtomics/include
2026-04-22T16:45:05.3981690Z  /Users/runner/work/tcm-storage-ios/tcm-storage-ios/build/SourcePackages/checkouts/realm-core/src
2026-04-22T16:45:05.3981940Z  /Users/runner/work/tcm-storage-ios/tcm-storage-ios/build/SourcePackages/checkouts/realm-core/src/external/s2
2026-04-22T16:45:05.3982270Z  /Users/runner/work/tcm-storage-ios/tcm-storage-ios/build/SourcePackages/checkouts/realm-core/src/external/IntelRDFPMathLib20U2/LIBRARY/src
2026-04-22T16:45:05.3982510Z  /Users/runner/work/tcm-storage-ios/tcm-storage-ios/build/SourcePackages/checkouts/realm-core/src/spm
2026-04-22T16:45:05.3982760Z  /Users/runner/work/tcm-storage-ios/tcm-storage-ios/build/SourcePackages/checkouts/realm-swift/include
2026-04-22T16:45:05.3983090Z  /Users/runner/work/tcm-storage-ios/tcm-storage-ios/build/SourcePackages/checkouts/GoogleUtilities/GoogleUtilities/NSData+zlib/Public
2026-04-22T16:45:05.3983400Z  /Users/runner/work/tcm-storage-ios/tcm-storage-ios/build/SourcePackages/checkouts/GoogleUtilities/GoogleUtilities/Logger/Public
2026-04-22T16:45:05.3983730Z  /Users/runner/work/tcm-storage-ios/tcm-storage-ios/build/SourcePackages/checkouts/GoogleUtilities/GoogleUtilities/Environment/Public
2026-04-22T16:45:05.3984040Z  /Users/runner/work/tcm-storage-ios/tcm-storage-ios/build/SourcePackages/checkouts/GoogleUtilities/third_party/IsAppEncrypted/Public
2026-04-22T16:45:05.3984380Z  /Users/runner/work/tcm-storage-ios/tcm-storage-ios/build/SourcePackages/checkouts/GoogleUtilities/GoogleUtilities/UserDefaults/Public
2026-04-22T16:45:05.3984670Z  /Users/runner/work/tcm-storage-ios/tcm-storage-ios/build/SourcePackages/checkouts/nanopb/spm_headers
2026-04-22T16:45:05.3985000Z  /Users/runner/work/tcm-storage-ios/tcm-storage-ios/build/SourcePackages/checkouts/promises/Sources/FBLPromises/include
2026-04-22T16:45:05.3985380Z  /Users/runner/work/tcm-storage-ios/tcm-storage-ios/build/SourcePackages/checkouts/GoogleDataTransport/GoogleDataTransport/GDTCORLibrary/Public
2026-04-22T16:45:05.3985690Z  /Users/runner/work/tcm-storage-ios/tcm-storage-ios/build/SourcePackages/checkouts/firebase-ios-sdk/FirebaseSessions/SourcesObjC
2026-04-22T16:45:05.3985970Z  /Users/runner/work/tcm-storage-ios/tcm-storage-ios/build/SourcePackages/checkouts/firebase-ios-sdk/FirebaseCore/Extension
2026-04-22T16:45:05.3986340Z  /Users/runner/work/tcm-storage-ios/tcm-storage-ios/build/SourcePackages/checkouts/firebase-ios-sdk/FirebaseInstallations/Source/Library/Public
2026-04-22T16:45:05.3986640Z  /Users/runner/work/tcm-storage-ios/tcm-storage-ios/build/SourcePackages/checkouts/firebase-ios-sdk/FirebaseCore/Sources/Public
2026-04-22T16:45:05.3986960Z  /Users/runner/work/tcm-storage-ios/tcm-storage-ios/build/SourcePackages/checkouts/firebase-ios-sdk/CoreOnly/Sources
2026-04-22T16:45:05.3987270Z  /Users/runner/work/tcm-storage-ios/tcm-storage-ios/build/SourcePackages/checkouts/firebase-ios-sdk/Crashlytics/Crashlytics/Public
2026-04-22T16:45:05.3987550Z  /Users/runner/work/tcm-storage-ios/tcm-storage-ios/build/SourcePackages/checkouts/GzipSwift/Sources/system-zlib/include
2026-04-22T16:45:05.3988060Z  /Users/runner/work/tcm-storage-ios/tcm-storage-ios/build/Build/Intermediates.noindex/Nextcloud.build/Debug-iphonesimulator/Nextcloud.build/DerivedSources
2026-04-22T16:45:05.3988500Z  /Users/runner/work/tcm-storage-ios/tcm-storage-ios/build/Build/Products/Debug-iphonesimulator/PackageFrameworks (framework directory)
2026-04-22T16:45:05.3988770Z  /Users/runner/work/tcm-storage-ios/tcm-storage-ios/build/Build/Products/Debug-iphonesimulator (framework directory)
2026-04-22T16:45:05.3989090Z  /Applications/Xcode_26.2.app/Contents/Developer/Platforms/iPhoneSimulator.platform/Developer/Library/Frameworks (framework directory)
2026-04-22T16:45:05.3989520Z  /Applications/Xcode_26.2.app/Contents/Developer/Platforms/iPhoneSimulator.platform/Developer/SDKs/iPhoneSimulator26.2.sdk/Developer/Library/Frameworks (framework directory)
2026-04-22T16:45:05.3989790Z  /Applications/Xcode_26.2.app/Contents/Developer/Toolchains/XcodeDefault.xctoolchain/usr/lib/clang/17/include
2026-04-22T16:45:05.3990130Z  /Applications/Xcode_26.2.app/Contents/Developer/Platforms/iPhoneSimulator.platform/Developer/SDKs/iPhoneSimulator26.2.sdk/usr/include
2026-04-22T16:45:05.3990340Z  /Applications/Xcode_26.2.app/Contents/Developer/Toolchains/XcodeDefault.xctoolchain/usr/include
2026-04-22T16:45:05.3990760Z  /Applications/Xcode_26.2.app/Contents/Developer/Platforms/iPhoneSimulator.platform/Developer/SDKs/iPhoneSimulator26.2.sdk/System/Library/Frameworks (framework directory)
2026-04-22T16:45:05.3991190Z  /Applications/Xcode_26.2.app/Contents/Developer/Platforms/iPhoneSimulator.platform/Developer/SDKs/iPhoneSimulator26.2.sdk/System/Library/SubFrameworks (framework directory)
2026-04-22T16:45:05.3991250Z End of search list.
2026-04-22T16:45:05.3991420Z clang -cc1 version 17.0.0 (clang-1700.6.3.2) default target arm64-apple-darwin24.6.0
2026-04-22T16:45:05.3991740Z ignoring nonexistent directory "/Users/runner/work/tcm-storage-ios/tcm-storage-ios/build/Build/Products/Debug-iphonesimulator/include"
2026-04-22T16:45:05.3992240Z ignoring nonexistent directory "/Users/runner/work/tcm-storage-ios/tcm-storage-ios/build/Build/Intermediates.noindex/Nextcloud.build/Debug-iphonesimulator/Nextcloud.build/DerivedSources-normal/arm64"
2026-04-22T16:45:05.3992720Z ignoring nonexistent directory "/Users/runner/work/tcm-storage-ios/tcm-storage-ios/build/Build/Intermediates.noindex/Nextcloud.build/Debug-iphonesimulator/Nextcloud.build/DerivedSources/arm64"
2026-04-22T16:45:05.3993230Z ignoring nonexistent directory "/Applications/Xcode_26.2.app/Contents/Developer/Platforms/iPhoneSimulator.platform/Developer/SDKs/iPhoneSimulator26.2.sdk/usr/local/include"
2026-04-22T16:45:05.3993660Z ignoring nonexistent directory "/Applications/Xcode_26.2.app/Contents/Developer/Platforms/iPhoneSimulator.platform/Developer/SDKs/iPhoneSimulator26.2.sdk/Library/Frameworks"
2026-04-22T16:45:05.3994020Z ignoring duplicate directory "/Users/runner/work/tcm-storage-ios/tcm-storage-ios/build/Build/Products/Debug-iphonesimulator/PackageFrameworks"
2026-04-22T16:45:05.3994410Z ignoring duplicate directory "/Users/runner/work/tcm-storage-ios/tcm-storage-ios/build/Build/Products/Debug-iphonesimulator/PackageFrameworks"
2026-04-22T16:45:05.3994790Z ignoring duplicate directory "/Users/runner/work/tcm-storage-ios/tcm-storage-ios/build/Build/Products/Debug-iphonesimulator/PackageFrameworks"
2026-04-22T16:45:05.3995170Z ignoring duplicate directory "/Users/runner/work/tcm-storage-ios/tcm-storage-ios/build/Build/Products/Debug-iphonesimulator/PackageFrameworks"
2026-04-22T16:45:05.3995550Z ignoring duplicate directory "/Users/runner/work/tcm-storage-ios/tcm-storage-ios/build/Build/Products/Debug-iphonesimulator/PackageFrameworks"
2026-04-22T16:45:05.3996030Z ignoring duplicate directory "/Users/runner/work/tcm-storage-ios/tcm-storage-ios/build/Build/Products/Debug-iphonesimulator/PackageFrameworks"
2026-04-22T16:45:05.3996450Z ignoring duplicate directory "/Users/runner/work/tcm-storage-ios/tcm-storage-ios/build/Build/Products/Debug-iphonesimulator/PackageFrameworks"
2026-04-22T16:45:05.3996850Z ignoring duplicate directory "/Users/runner/work/tcm-storage-ios/tcm-storage-ios/build/Build/Products/Debug-iphonesimulator/PackageFrameworks"
2026-04-22T16:45:05.3997260Z ignoring duplicate directory "/Users/runner/work/tcm-storage-ios/tcm-storage-ios/build/Build/Products/Debug-iphonesimulator/PackageFrameworks"
2026-04-22T16:45:05.3997600Z ignoring duplicate directory "/Users/runner/work/tcm-storage-ios/tcm-storage-ios/build/Build/Products/Debug-iphonesimulator/PackageFrameworks"
2026-04-22T16:45:05.3997930Z ignoring duplicate directory "/Users/runner/work/tcm-storage-ios/tcm-storage-ios/build/Build/Products/Debug-iphonesimulator/PackageFrameworks"
2026-04-22T16:45:05.3998290Z ignoring duplicate directory "/Users/runner/work/tcm-storage-ios/tcm-storage-ios/build/Build/Products/Debug-iphonesimulator/PackageFrameworks"
2026-04-22T16:45:05.3998630Z ignoring duplicate directory "/Users/runner/work/tcm-storage-ios/tcm-storage-ios/build/Build/Products/Debug-iphonesimulator/PackageFrameworks"
2026-04-22T16:45:05.3998970Z ignoring duplicate directory "/Users/runner/work/tcm-storage-ios/tcm-storage-ios/build/Build/Products/Debug-iphonesimulator/PackageFrameworks"
2026-04-22T16:45:05.3999300Z ignoring duplicate directory "/Users/runner/work/tcm-storage-ios/tcm-storage-ios/build/Build/Products/Debug-iphonesimulator/PackageFrameworks"
2026-04-22T16:45:05.3999630Z ignoring duplicate directory "/Users/runner/work/tcm-storage-ios/tcm-storage-ios/build/Build/Products/Debug-iphonesimulator/PackageFrameworks"
2026-04-22T16:45:05.3999990Z ignoring duplicate directory "/Users/runner/work/tcm-storage-ios/tcm-storage-ios/build/Build/Products/Debug-iphonesimulator/PackageFrameworks"
2026-04-22T16:45:05.4000350Z ignoring duplicate directory "/Users/runner/work/tcm-storage-ios/tcm-storage-ios/build/Build/Products/Debug-iphonesimulator/PackageFrameworks"
2026-04-22T16:45:05.4000720Z ignoring duplicate directory "/Users/runner/work/tcm-storage-ios/tcm-storage-ios/build/Build/Products/Debug-iphonesimulator/PackageFrameworks"
2026-04-22T16:45:05.4001090Z ignoring duplicate directory "/Users/runner/work/tcm-storage-ios/tcm-storage-ios/build/Build/Products/Debug-iphonesimulator/PackageFrameworks"
2026-04-22T16:45:05.4001460Z ignoring duplicate directory "/Users/runner/work/tcm-storage-ios/tcm-storage-ios/build/Build/Products/Debug-iphonesimulator/PackageFrameworks"
2026-04-22T16:45:05.4001810Z ignoring duplicate directory "/Users/runner/work/tcm-storage-ios/tcm-storage-ios/build/Build/Products/Debug-iphonesimulator/PackageFrameworks"
2026-04-22T16:45:05.4002270Z ignoring duplicate directory "/Users/runner/work/tcm-storage-ios/tcm-storage-ios/build/Build/Products/Debug-iphonesimulator/PackageFrameworks"
2026-04-22T16:45:05.4002650Z ignoring duplicate directory "/Users/runner/work/tcm-storage-ios/tcm-storage-ios/build/Build/Products/Debug-iphonesimulator/PackageFrameworks"
2026-04-22T16:45:05.4002980Z ignoring duplicate directory "/Users/runner/work/tcm-storage-ios/tcm-storage-ios/build/Build/Products/Debug-iphonesimulator/PackageFrameworks"
2026-04-22T16:45:05.4003310Z ignoring duplicate directory "/Users/runner/work/tcm-storage-ios/tcm-storage-ios/build/Build/Products/Debug-iphonesimulator/PackageFrameworks"
2026-04-22T16:45:05.4003640Z ignoring duplicate directory "/Users/runner/work/tcm-storage-ios/tcm-storage-ios/build/Build/Products/Debug-iphonesimulator/PackageFrameworks"
2026-04-22T16:45:05.4003990Z ignoring duplicate directory "/Users/runner/work/tcm-storage-ios/tcm-storage-ios/build/Build/Products/Debug-iphonesimulator/PackageFrameworks"
2026-04-22T16:45:05.4004390Z ignoring duplicate directory "/Users/runner/work/tcm-storage-ios/tcm-storage-ios/build/Build/Products/Debug-iphonesimulator/PackageFrameworks"
2026-04-22T16:45:05.4004810Z ignoring duplicate directory "/Users/runner/work/tcm-storage-ios/tcm-storage-ios/build/Build/Products/Debug-iphonesimulator/PackageFrameworks"
2026-04-22T16:45:05.4005150Z ignoring duplicate directory "/Users/runner/work/tcm-storage-ios/tcm-storage-ios/build/Build/Products/Debug-iphonesimulator/PackageFrameworks"
2026-04-22T16:45:05.4005560Z ignoring duplicate directory "/Users/runner/work/tcm-storage-ios/tcm-storage-ios/build/Build/Products/Debug-iphonesimulator/PackageFrameworks"
2026-04-22T16:45:05.4005950Z ignoring duplicate directory "/Users/runner/work/tcm-storage-ios/tcm-storage-ios/build/Build/Products/Debug-iphonesimulator/PackageFrameworks"
2026-04-22T16:45:05.4006290Z ignoring duplicate directory "/Users/runner/work/tcm-storage-ios/tcm-storage-ios/build/Build/Products/Debug-iphonesimulator/PackageFrameworks"
2026-04-22T16:45:05.4006670Z ignoring duplicate directory "/Users/runner/work/tcm-storage-ios/tcm-storage-ios/build/Build/Products/Debug-iphonesimulator/PackageFrameworks"
2026-04-22T16:45:05.4007040Z ignoring duplicate directory "/Users/runner/work/tcm-storage-ios/tcm-storage-ios/build/Build/Products/Debug-iphonesimulator/PackageFrameworks"
2026-04-22T16:45:05.4007390Z ignoring duplicate directory "/Users/runner/work/tcm-storage-ios/tcm-storage-ios/build/Build/Products/Debug-iphonesimulator/PackageFrameworks"
2026-04-22T16:45:05.4007760Z ignoring duplicate directory "/Users/runner/work/tcm-storage-ios/tcm-storage-ios/build/Build/Products/Debug-iphonesimulator/PackageFrameworks"
2026-04-22T16:45:05.4008140Z ignoring duplicate directory "/Users/runner/work/tcm-storage-ios/tcm-storage-ios/build/Build/Products/Debug-iphonesimulator/PackageFrameworks"
2026-04-22T16:45:05.4008470Z ignoring duplicate directory "/Users/runner/work/tcm-storage-ios/tcm-storage-ios/build/Build/Products/Debug-iphonesimulator/PackageFrameworks"
2026-04-22T16:45:05.4008820Z ignoring duplicate directory "/Users/runner/work/tcm-storage-ios/tcm-storage-ios/build/Build/Products/Debug-iphonesimulator/PackageFrameworks"
2026-04-22T16:45:05.4009170Z ignoring duplicate directory "/Users/runner/work/tcm-storage-ios/tcm-storage-ios/build/Build/Products/Debug-iphonesimulator/PackageFrameworks"
2026-04-22T16:45:05.4009510Z ignoring duplicate directory "/Users/runner/work/tcm-storage-ios/tcm-storage-ios/build/Build/Products/Debug-iphonesimulator/PackageFrameworks"
2026-04-22T16:45:05.4009880Z ignoring duplicate directory "/Users/runner/work/tcm-storage-ios/tcm-storage-ios/build/Build/Products/Debug-iphonesimulator/PackageFrameworks"
2026-04-22T16:45:05.4010240Z ignoring duplicate directory "/Users/runner/work/tcm-storage-ios/tcm-storage-ios/build/Build/Products/Debug-iphonesimulator/PackageFrameworks"
2026-04-22T16:45:05.4010600Z ignoring duplicate directory "/Users/runner/work/tcm-storage-ios/tcm-storage-ios/build/Build/Products/Debug-iphonesimulator/PackageFrameworks"
2026-04-22T16:45:05.4011050Z ignoring duplicate directory "/Users/runner/work/tcm-storage-ios/tcm-storage-ios/build/Build/Products/Debug-iphonesimulator/PackageFrameworks"
2026-04-22T16:45:05.4011390Z ignoring duplicate directory "/Users/runner/work/tcm-storage-ios/tcm-storage-ios/build/Build/Products/Debug-iphonesimulator/PackageFrameworks"
2026-04-22T16:45:05.4011720Z ignoring duplicate directory "/Users/runner/work/tcm-storage-ios/tcm-storage-ios/build/Build/Products/Debug-iphonesimulator/PackageFrameworks"
2026-04-22T16:45:05.4012070Z ignoring duplicate directory "/Users/runner/work/tcm-storage-ios/tcm-storage-ios/build/Build/Products/Debug-iphonesimulator/PackageFrameworks"
2026-04-22T16:45:05.4012400Z ignoring duplicate directory "/Users/runner/work/tcm-storage-ios/tcm-storage-ios/build/Build/Products/Debug-iphonesimulator/PackageFrameworks"
2026-04-22T16:45:05.4012750Z ignoring duplicate directory "/Users/runner/work/tcm-storage-ios/tcm-storage-ios/build/Build/Products/Debug-iphonesimulator/PackageFrameworks"
2026-04-22T16:45:05.4013180Z ignoring duplicate directory "/Users/runner/work/tcm-storage-ios/tcm-storage-ios/build/Build/Products/Debug-iphonesimulator/PackageFrameworks"
2026-04-22T16:45:05.4013530Z ignoring duplicate directory "/Users/runner/work/tcm-storage-ios/tcm-storage-ios/build/Build/Products/Debug-iphonesimulator/PackageFrameworks"
2026-04-22T16:45:05.4013860Z ignoring duplicate directory "/Users/runner/work/tcm-storage-ios/tcm-storage-ios/build/Build/Products/Debug-iphonesimulator/PackageFrameworks"
2026-04-22T16:45:05.4014270Z ignoring duplicate directory "/Users/runner/work/tcm-storage-ios/tcm-storage-ios/build/Build/Products/Debug-iphonesimulator/PackageFrameworks"
2026-04-22T16:45:05.4014690Z ignoring duplicate directory "/Users/runner/work/tcm-storage-ios/tcm-storage-ios/build/Build/Products/Debug-iphonesimulator/PackageFrameworks"
2026-04-22T16:45:05.4015030Z ignoring duplicate directory "/Users/runner/work/tcm-storage-ios/tcm-storage-ios/build/Build/Products/Debug-iphonesimulator/PackageFrameworks"
2026-04-22T16:45:05.4015360Z ignoring duplicate directory "/Users/runner/work/tcm-storage-ios/tcm-storage-ios/build/Build/Products/Debug-iphonesimulator/PackageFrameworks"
2026-04-22T16:45:05.4015690Z ignoring duplicate directory "/Users/runner/work/tcm-storage-ios/tcm-storage-ios/build/Build/Products/Debug-iphonesimulator/PackageFrameworks"
2026-04-22T16:45:05.4016010Z ignoring duplicate directory "/Users/runner/work/tcm-storage-ios/tcm-storage-ios/build/Build/Products/Debug-iphonesimulator/PackageFrameworks"
2026-04-22T16:45:05.4016350Z ignoring duplicate directory "/Users/runner/work/tcm-storage-ios/tcm-storage-ios/build/Build/Products/Debug-iphonesimulator/PackageFrameworks"
2026-04-22T16:45:05.4016670Z ignoring duplicate directory "/Users/runner/work/tcm-storage-ios/tcm-storage-ios/build/Build/Products/Debug-iphonesimulator/PackageFrameworks"
2026-04-22T16:45:05.4017000Z ignoring duplicate directory "/Users/runner/work/tcm-storage-ios/tcm-storage-ios/build/Build/Products/Debug-iphonesimulator/PackageFrameworks"
2026-04-22T16:45:05.4017330Z ignoring duplicate directory "/Users/runner/work/tcm-storage-ios/tcm-storage-ios/build/Build/Products/Debug-iphonesimulator/PackageFrameworks"
2026-04-22T16:45:05.4018120Z ignoring duplicate directory "/Users/runner/work/tcm-storage-ios/tcm-storage-ios/build/Build/Products/Debug-iphonesimulator/PackageFrameworks"
2026-04-22T16:45:05.4018460Z ignoring duplicate directory "/Users/runner/work/tcm-storage-ios/tcm-storage-ios/build/Build/Products/Debug-iphonesimulator/PackageFrameworks"
2026-04-22T16:45:05.4018800Z ignoring duplicate directory "/Users/runner/work/tcm-storage-ios/tcm-storage-ios/build/Build/Products/Debug-iphonesimulator/PackageFrameworks"
2026-04-22T16:45:05.4019130Z ignoring duplicate directory "/Users/runner/work/tcm-storage-ios/tcm-storage-ios/build/Build/Products/Debug-iphonesimulator/PackageFrameworks"
2026-04-22T16:45:05.4019990Z ignoring duplicate directory "/Users/runner/work/tcm-storage-ios/tcm-storage-ios/build/Build/Products/Debug-iphonesimulator/PackageFrameworks"
2026-04-22T16:45:05.4020460Z ignoring duplicate directory "/Users/runner/work/tcm-storage-ios/tcm-storage-ios/build/Build/Products/Debug-iphonesimulator/PackageFrameworks"
2026-04-22T16:45:05.4020840Z ignoring duplicate directory "/Users/runner/work/tcm-storage-ios/tcm-storage-ios/build/Build/Products/Debug-iphonesimulator/PackageFrameworks"
2026-04-22T16:45:05.4021270Z ignoring duplicate directory "/Users/runner/work/tcm-storage-ios/tcm-storage-ios/build/Build/Products/Debug-iphonesimulator/PackageFrameworks"
2026-04-22T16:45:05.4021620Z ignoring duplicate directory "/Users/runner/work/tcm-storage-ios/tcm-storage-ios/build/Build/Products/Debug-iphonesimulator/PackageFrameworks"
2026-04-22T16:45:05.4021950Z ignoring duplicate directory "/Users/runner/work/tcm-storage-ios/tcm-storage-ios/build/Build/Products/Debug-iphonesimulator/PackageFrameworks"
2026-04-22T16:45:05.4022280Z ignoring duplicate directory "/Users/runner/work/tcm-storage-ios/tcm-storage-ios/build/Build/Products/Debug-iphonesimulator/PackageFrameworks"
2026-04-22T16:45:05.4022580Z #include "..." search starts here:
2026-04-22T16:45:05.4023450Z  /Users/runner/work/tcm-storage-ios/tcm-storage-ios/build/Build/Intermediates.noindex/Nextcloud.build/Debug-iphonesimulator/Nextcloud.build/Nextcloud-generated-files.hmap (headermap)
2026-04-22T16:45:05.4024030Z  /Users/runner/work/tcm-storage-ios/tcm-storage-ios/build/Build/Intermediates.noindex/Nextcloud.build/Debug-iphonesimulator/Nextcloud.build/Nextcloud-project-headers.hmap (headermap)
2026-04-22T16:45:05.4024280Z #include <...> search starts here:
2026-04-22T16:45:05.4025020Z  /Users/runner/work/tcm-storage-ios/tcm-storage-ios/build/Build/Intermediates.noindex/Nextcloud.build/Debug-iphonesimulator/Nextcloud.build/Nextcloud-own-target-headers.hmap (headermap)
2026-04-22T16:45:05.4025550Z  /Users/runner/work/tcm-storage-ios/tcm-storage-ios/build/Build/Intermediates.noindex/Nextcloud.build/Debug-iphonesimulator/Nextcloud.build/Nextcloud-all-non-framework-target-headers.hmap (headermap)
2026-04-22T16:45:05.4025990Z  /Users/runner/work/tcm-storage-ios/tcm-storage-ios/build/SourcePackages/checkouts/swift-nio-ssl/Sources/CNIOBoringSSLShims/include
2026-04-22T16:45:05.4026290Z  /Users/runner/work/tcm-storage-ios/tcm-storage-ios/build/SourcePackages/checkouts/swift-nio-ssl/Sources/CNIOBoringSSL/include
2026-04-22T16:45:05.4026580Z  /Users/runner/work/tcm-storage-ios/tcm-storage-ios/build/SourcePackages/checkouts/swift-atomics/Sources/_AtomicsShims/include
2026-04-22T16:45:05.4026860Z  /Users/runner/work/tcm-storage-ios/tcm-storage-ios/build/SourcePackages/checkouts/swift-nio/Sources/CNIOPosix/include
2026-04-22T16:45:05.4027120Z  /Users/runner/work/tcm-storage-ios/tcm-storage-ios/build/SourcePackages/checkouts/swift-nio/Sources/CNIOWASI/include
2026-04-22T16:45:05.4027400Z  /Users/runner/work/tcm-storage-ios/tcm-storage-ios/build/SourcePackages/checkouts/swift-nio/Sources/CNIOWindows/include
2026-04-22T16:45:05.4027690Z  /Users/runner/work/tcm-storage-ios/tcm-storage-ios/build/SourcePackages/checkouts/swift-nio/Sources/CNIOLinux/include
2026-04-22T16:45:05.4027990Z  /Users/runner/work/tcm-storage-ios/tcm-storage-ios/build/SourcePackages/checkouts/swift-nio/Sources/CNIODarwin/include
2026-04-22T16:45:05.4028350Z  /Users/runner/work/tcm-storage-ios/tcm-storage-ios/build/SourcePackages/checkouts/swift-nio/Sources/CNIOOpenBSD/include
2026-04-22T16:45:05.4028640Z  /Users/runner/work/tcm-storage-ios/tcm-storage-ios/build/SourcePackages/checkouts/swift-nio/Sources/CNIOAtomics/include
2026-04-22T16:45:05.4028860Z  /Users/runner/work/tcm-storage-ios/tcm-storage-ios/build/SourcePackages/checkouts/realm-core/src
2026-04-22T16:45:05.4029130Z  /Users/runner/work/tcm-storage-ios/tcm-storage-ios/build/SourcePackages/checkouts/realm-core/src/external/s2
2026-04-22T16:45:05.4029500Z  /Users/runner/work/tcm-storage-ios/tcm-storage-ios/build/SourcePackages/checkouts/realm-core/src/external/IntelRDFPMathLib20U2/LIBRARY/src
2026-04-22T16:45:05.4029890Z  /Users/runner/work/tcm-storage-ios/tcm-storage-ios/build/SourcePackages/checkouts/realm-core/src/spm
2026-04-22T16:45:05.4030130Z  /Users/runner/work/tcm-storage-ios/tcm-storage-ios/build/SourcePackages/checkouts/realm-swift/include
2026-04-22T16:45:05.4030480Z  /Users/runner/work/tcm-storage-ios/tcm-storage-ios/build/SourcePackages/checkouts/GoogleUtilities/GoogleUtilities/NSData+zlib/Public
2026-04-22T16:45:05.4030790Z  /Users/runner/work/tcm-storage-ios/tcm-storage-ios/build/SourcePackages/checkouts/GoogleUtilities/GoogleUtilities/Logger/Public
2026-04-22T16:45:05.4031110Z  /Users/runner/work/tcm-storage-ios/tcm-storage-ios/build/SourcePackages/checkouts/GoogleUtilities/GoogleUtilities/Environment/Public
2026-04-22T16:45:05.4031420Z  /Users/runner/work/tcm-storage-ios/tcm-storage-ios/build/SourcePackages/checkouts/GoogleUtilities/third_party/IsAppEncrypted/Public
2026-04-22T16:45:05.4031730Z  /Users/runner/work/tcm-storage-ios/tcm-storage-ios/build/SourcePackages/checkouts/GoogleUtilities/GoogleUtilities/UserDefaults/Public
2026-04-22T16:45:05.4031980Z  /Users/runner/work/tcm-storage-ios/tcm-storage-ios/build/SourcePackages/checkouts/nanopb/spm_headers
2026-04-22T16:45:05.4032350Z  /Users/runner/work/tcm-storage-ios/tcm-storage-ios/build/SourcePackages/checkouts/promises/Sources/FBLPromises/include
2026-04-22T16:45:05.4032890Z  /Users/runner/work/tcm-storage-ios/tcm-storage-ios/build/SourcePackages/checkouts/GoogleDataTransport/GoogleDataTransport/GDTCORLibrary/Public
2026-04-22T16:45:05.4033310Z  /Users/runner/work/tcm-storage-ios/tcm-storage-ios/build/SourcePackages/checkouts/firebase-ios-sdk/FirebaseSessions/SourcesObjC
2026-04-22T16:45:05.4034200Z  /Users/runner/work/tcm-storage-ios/tcm-storage-ios/build/SourcePackages/checkouts/firebase-ios-sdk/FirebaseCore/Extension
2026-04-22T16:45:05.4034560Z  /Users/runner/work/tcm-storage-ios/tcm-storage-ios/build/SourcePackages/checkouts/firebase-ios-sdk/FirebaseInstallations/Source/Library/Public
2026-04-22T16:45:05.4035020Z  /Users/runner/work/tcm-storage-ios/tcm-storage-ios/build/SourcePackages/checkouts/firebase-ios-sdk/FirebaseCore/Sources/Public
2026-04-22T16:45:05.4035390Z  /Users/runner/work/tcm-storage-ios/tcm-storage-ios/build/SourcePackages/checkouts/firebase-ios-sdk/CoreOnly/Sources
2026-04-22T16:45:05.4035700Z  /Users/runner/work/tcm-storage-ios/tcm-storage-ios/build/SourcePackages/checkouts/firebase-ios-sdk/Crashlytics/Crashlytics/Public
2026-04-22T16:45:05.4035980Z  /Users/runner/work/tcm-storage-ios/tcm-storage-ios/build/SourcePackages/checkouts/GzipSwift/Sources/system-zlib/include
2026-04-22T16:45:05.4036510Z  /Users/runner/work/tcm-storage-ios/tcm-storage-ios/build/Build/Intermediates.noindex/Nextcloud.build/Debug-iphonesimulator/Nextcloud.build/DerivedSources
2026-04-22T16:45:05.4036840Z  /Users/runner/work/tcm-storage-ios/tcm-storage-ios/build/Build/Products/Debug-iphonesimulator/PackageFrameworks (framework directory)
2026-04-22T16:45:05.4037100Z  /Users/runner/work/tcm-storage-ios/tcm-storage-ios/build/Build/Products/Debug-iphonesimulator (framework directory)
2026-04-22T16:45:05.4037440Z  /Applications/Xcode_26.2.app/Contents/Developer/Platforms/iPhoneSimulator.platform/Developer/Library/Frameworks (framework directory)
2026-04-22T16:45:05.4037870Z  /Applications/Xcode_26.2.app/Contents/Developer/Platforms/iPhoneSimulator.platform/Developer/SDKs/iPhoneSimulator26.2.sdk/Developer/Library/Frameworks (framework directory)
2026-04-22T16:45:05.4038140Z  /Applications/Xcode_26.2.app/Contents/Developer/Toolchains/XcodeDefault.xctoolchain/usr/lib/clang/17/include
2026-04-22T16:45:05.4038470Z  /Applications/Xcode_26.2.app/Contents/Developer/Platforms/iPhoneSimulator.platform/Developer/SDKs/iPhoneSimulator26.2.sdk/usr/include
2026-04-22T16:45:05.4038670Z  /Applications/Xcode_26.2.app/Contents/Developer/Toolchains/XcodeDefault.xctoolchain/usr/include
2026-04-22T16:45:05.4039200Z  /Applications/Xcode_26.2.app/Contents/Developer/Platforms/iPhoneSimulator.platform/Developer/SDKs/iPhoneSimulator26.2.sdk/System/Library/Frameworks (framework directory)
2026-04-22T16:45:05.4039750Z  /Applications/Xcode_26.2.app/Contents/Developer/Platforms/iPhoneSimulator.platform/Developer/SDKs/iPhoneSimulator26.2.sdk/System/Library/SubFrameworks (framework directory)
2026-04-22T16:45:05.4039880Z End of search list.
2026-04-22T16:45:05.4040050Z clang -cc1 version 17.0.0 (clang-1700.6.3.2) default target arm64-apple-darwin24.6.0
2026-04-22T16:45:05.4040450Z ignoring nonexistent directory "/Users/runner/work/tcm-storage-ios/tcm-storage-ios/build/Build/Products/Debug-iphonesimulator/include"
2026-04-22T16:45:05.4040970Z ignoring nonexistent directory "/Users/runner/work/tcm-storage-ios/tcm-storage-ios/build/Build/Intermediates.noindex/Nextcloud.build/Debug-iphonesimulator/Nextcloud.build/DerivedSources-normal/arm64"
2026-04-22T16:45:05.4041460Z ignoring nonexistent directory "/Users/runner/work/tcm-storage-ios/tcm-storage-ios/build/Build/Intermediates.noindex/Nextcloud.build/Debug-iphonesimulator/Nextcloud.build/DerivedSources/arm64"
2026-04-22T16:45:05.4041900Z ignoring nonexistent directory "/Applications/Xcode_26.2.app/Contents/Developer/Platforms/iPhoneSimulator.platform/Developer/SDKs/iPhoneSimulator26.2.sdk/usr/local/include"
2026-04-22T16:45:05.4042740Z ignoring nonexistent directory "/Applications/Xcode_26.2.app/Contents/Developer/Platforms/iPhoneSimulator.platform/Developer/SDKs/iPhoneSimulator26.2.sdk/Library/Frameworks"
2026-04-22T16:45:05.4043130Z ignoring duplicate directory "/Users/runner/work/tcm-storage-ios/tcm-storage-ios/build/Build/Products/Debug-iphonesimulator/PackageFrameworks"
2026-04-22T16:45:05.4043530Z ignoring duplicate directory "/Users/runner/work/tcm-storage-ios/tcm-storage-ios/build/Build/Products/Debug-iphonesimulator/PackageFrameworks"
2026-04-22T16:45:05.4043900Z ignoring duplicate directory "/Users/runner/work/tcm-storage-ios/tcm-storage-ios/build/Build/Products/Debug-iphonesimulator/PackageFrameworks"
2026-04-22T16:45:05.4044230Z ignoring duplicate directory "/Users/runner/work/tcm-storage-ios/tcm-storage-ios/build/Build/Products/Debug-iphonesimulator/PackageFrameworks"
2026-04-22T16:45:05.4044560Z ignoring duplicate directory "/Users/runner/work/tcm-storage-ios/tcm-storage-ios/build/Build/Products/Debug-iphonesimulator/PackageFrameworks"
2026-04-22T16:45:05.4044890Z ignoring duplicate directory "/Users/runner/work/tcm-storage-ios/tcm-storage-ios/build/Build/Products/Debug-iphonesimulator/PackageFrameworks"
2026-04-22T16:45:05.4045230Z ignoring duplicate directory "/Users/runner/work/tcm-storage-ios/tcm-storage-ios/build/Build/Products/Debug-iphonesimulator/PackageFrameworks"
2026-04-22T16:45:05.4047490Z ignoring duplicate directory "/Users/runner/work/tcm-storage-ios/tcm-storage-ios/build/Build/Products/Debug-iphonesimulator/PackageFrameworks"
2026-04-22T16:45:05.4047830Z ignoring duplicate directory "/Users/runner/work/tcm-storage-ios/tcm-storage-ios/build/Build/Products/Debug-iphonesimulator/PackageFrameworks"
2026-04-22T16:45:05.4048170Z ignoring duplicate directory "/Users/runner/work/tcm-storage-ios/tcm-storage-ios/build/Build/Products/Debug-iphonesimulator/PackageFrameworks"
2026-04-22T16:45:05.4048500Z ignoring duplicate directory "/Users/runner/work/tcm-storage-ios/tcm-storage-ios/build/Build/Products/Debug-iphonesimulator/PackageFrameworks"
2026-04-22T16:45:05.4048830Z ignoring duplicate directory "/Users/runner/work/tcm-storage-ios/tcm-storage-ios/build/Build/Products/Debug-iphonesimulator/PackageFrameworks"
2026-04-22T16:45:05.4049160Z ignoring duplicate directory "/Users/runner/work/tcm-storage-ios/tcm-storage-ios/build/Build/Products/Debug-iphonesimulator/PackageFrameworks"
2026-04-22T16:45:05.4049490Z ignoring duplicate directory "/Users/runner/work/tcm-storage-ios/tcm-storage-ios/build/Build/Products/Debug-iphonesimulator/PackageFrameworks"
2026-04-22T16:45:05.4049830Z ignoring duplicate directory "/Users/runner/work/tcm-storage-ios/tcm-storage-ios/build/Build/Products/Debug-iphonesimulator/PackageFrameworks"
2026-04-22T16:45:05.4050180Z ignoring duplicate directory "/Users/runner/work/tcm-storage-ios/tcm-storage-ios/build/Build/Products/Debug-iphonesimulator/PackageFrameworks"
2026-04-22T16:45:05.4050600Z ignoring duplicate directory "/Users/runner/work/tcm-storage-ios/tcm-storage-ios/build/Build/Products/Debug-iphonesimulator/PackageFrameworks"
2026-04-22T16:45:05.4050930Z ignoring duplicate directory "/Users/runner/work/tcm-storage-ios/tcm-storage-ios/build/Build/Products/Debug-iphonesimulator/PackageFrameworks"
2026-04-22T16:45:05.4051260Z ignoring duplicate directory "/Users/runner/work/tcm-storage-ios/tcm-storage-ios/build/Build/Products/Debug-iphonesimulator/PackageFrameworks"
2026-04-22T16:45:05.4051600Z ignoring duplicate directory "/Users/runner/work/tcm-storage-ios/tcm-storage-ios/build/Build/Products/Debug-iphonesimulator/PackageFrameworks"
2026-04-22T16:45:05.4051930Z ignoring duplicate directory "/Users/runner/work/tcm-storage-ios/tcm-storage-ios/build/Build/Products/Debug-iphonesimulator/PackageFrameworks"
2026-04-22T16:45:05.4052260Z ignoring duplicate directory "/Users/runner/work/tcm-storage-ios/tcm-storage-ios/build/Build/Products/Debug-iphonesimulator/PackageFrameworks"
2026-04-22T16:45:05.4052650Z ignoring duplicate directory "/Users/runner/work/tcm-storage-ios/tcm-storage-ios/build/Build/Products/Debug-iphonesimulator/PackageFrameworks"
2026-04-22T16:45:05.4052980Z ignoring duplicate directory "/Users/runner/work/tcm-storage-ios/tcm-storage-ios/build/Build/Products/Debug-iphonesimulator/PackageFrameworks"
2026-04-22T16:45:05.4053310Z ignoring duplicate directory "/Users/runner/work/tcm-storage-ios/tcm-storage-ios/build/Build/Products/Debug-iphonesimulator/PackageFrameworks"
2026-04-22T16:45:05.4053710Z ignoring duplicate directory "/Users/runner/work/tcm-storage-ios/tcm-storage-ios/build/Build/Products/Debug-iphonesimulator/PackageFrameworks"
2026-04-22T16:45:05.4054220Z ignoring duplicate directory "/Users/runner/work/tcm-storage-ios/tcm-storage-ios/build/Build/Products/Debug-iphonesimulator/PackageFrameworks"
2026-04-22T16:45:05.4054630Z ignoring duplicate directory "/Users/runner/work/tcm-storage-ios/tcm-storage-ios/build/Build/Products/Debug-iphonesimulator/PackageFrameworks"
2026-04-22T16:45:05.4055120Z ignoring duplicate directory "/Users/runner/work/tcm-storage-ios/tcm-storage-ios/build/Build/Products/Debug-iphonesimulator/PackageFrameworks"
2026-04-22T16:45:05.4055460Z ignoring duplicate directory "/Users/runner/work/tcm-storage-ios/tcm-storage-ios/build/Build/Products/Debug-iphonesimulator/PackageFrameworks"
2026-04-22T16:45:05.4055790Z ignoring duplicate directory "/Users/runner/work/tcm-storage-ios/tcm-storage-ios/build/Build/Products/Debug-iphonesimulator/PackageFrameworks"
2026-04-22T16:45:05.4056110Z ignoring duplicate directory "/Users/runner/work/tcm-storage-ios/tcm-storage-ios/build/Build/Products/Debug-iphonesimulator/PackageFrameworks"
2026-04-22T16:45:05.4056430Z ignoring duplicate directory "/Users/runner/work/tcm-storage-ios/tcm-storage-ios/build/Build/Products/Debug-iphonesimulator/PackageFrameworks"
2026-04-22T16:45:05.4056760Z ignoring duplicate directory "/Users/runner/work/tcm-storage-ios/tcm-storage-ios/build/Build/Products/Debug-iphonesimulator/PackageFrameworks"
2026-04-22T16:45:05.4057080Z ignoring duplicate directory "/Users/runner/work/tcm-storage-ios/tcm-storage-ios/build/Build/Products/Debug-iphonesimulator/PackageFrameworks"
2026-04-22T16:45:05.4057410Z ignoring duplicate directory "/Users/runner/work/tcm-storage-ios/tcm-storage-ios/build/Build/Products/Debug-iphonesimulator/PackageFrameworks"
2026-04-22T16:45:05.4057740Z ignoring duplicate directory "/Users/runner/work/tcm-storage-ios/tcm-storage-ios/build/Build/Products/Debug-iphonesimulator/PackageFrameworks"
2026-04-22T16:45:05.4058060Z ignoring duplicate directory "/Users/runner/work/tcm-storage-ios/tcm-storage-ios/build/Build/Products/Debug-iphonesimulator/PackageFrameworks"
2026-04-22T16:45:05.4058390Z ignoring duplicate directory "/Users/runner/work/tcm-storage-ios/tcm-storage-ios/build/Build/Products/Debug-iphonesimulator/PackageFrameworks"
2026-04-22T16:45:05.4058770Z ignoring duplicate directory "/Users/runner/work/tcm-storage-ios/tcm-storage-ios/build/Build/Products/Debug-iphonesimulator/PackageFrameworks"
2026-04-22T16:45:05.4059090Z ignoring duplicate directory "/Users/runner/work/tcm-storage-ios/tcm-storage-ios/build/Build/Products/Debug-iphonesimulator/PackageFrameworks"
2026-04-22T16:45:05.4059420Z ignoring duplicate directory "/Users/runner/work/tcm-storage-ios/tcm-storage-ios/build/Build/Products/Debug-iphonesimulator/PackageFrameworks"
2026-04-22T16:45:05.4059750Z ignoring duplicate directory "/Users/runner/work/tcm-storage-ios/tcm-storage-ios/build/Build/Products/Debug-iphonesimulator/PackageFrameworks"
2026-04-22T16:45:05.4060070Z ignoring duplicate directory "/Users/runner/work/tcm-storage-ios/tcm-storage-ios/build/Build/Products/Debug-iphonesimulator/PackageFrameworks"
2026-04-22T16:45:05.4060420Z ignoring duplicate directory "/Users/runner/work/tcm-storage-ios/tcm-storage-ios/build/Build/Products/Debug-iphonesimulator/PackageFrameworks"
2026-04-22T16:45:05.4060750Z ignoring duplicate directory "/Users/runner/work/tcm-storage-ios/tcm-storage-ios/build/Build/Products/Debug-iphonesimulator/PackageFrameworks"
2026-04-22T16:45:05.4061220Z ignoring duplicate directory "/Users/runner/work/tcm-storage-ios/tcm-storage-ios/build/Build/Products/Debug-iphonesimulator/PackageFrameworks"
2026-04-22T16:45:05.4061610Z ignoring duplicate directory "/Users/runner/work/tcm-storage-ios/tcm-storage-ios/build/Build/Products/Debug-iphonesimulator/PackageFrameworks"
2026-04-22T16:45:05.4062450Z ignoring duplicate directory "/Users/runner/work/tcm-storage-ios/tcm-storage-ios/build/Build/Products/Debug-iphonesimulator/PackageFrameworks"
2026-04-22T16:45:05.4062980Z ignoring duplicate directory "/Users/runner/work/tcm-storage-ios/tcm-storage-ios/build/Build/Products/Debug-iphonesimulator/PackageFrameworks"
2026-04-22T16:45:05.4063370Z ignoring duplicate directory "/Users/runner/work/tcm-storage-ios/tcm-storage-ios/build/Build/Products/Debug-iphonesimulator/PackageFrameworks"
2026-04-22T16:45:05.4063720Z ignoring duplicate directory "/Users/runner/work/tcm-storage-ios/tcm-storage-ios/build/Build/Products/Debug-iphonesimulator/PackageFrameworks"
2026-04-22T16:45:05.4064070Z ignoring duplicate directory "/Users/runner/work/tcm-storage-ios/tcm-storage-ios/build/Build/Products/Debug-iphonesimulator/PackageFrameworks"
2026-04-22T16:45:05.4064430Z ignoring duplicate directory "/Users/runner/work/tcm-storage-ios/tcm-storage-ios/build/Build/Products/Debug-iphonesimulator/PackageFrameworks"
2026-04-22T16:45:05.4064770Z ignoring duplicate directory "/Users/runner/work/tcm-storage-ios/tcm-storage-ios/build/Build/Products/Debug-iphonesimulator/PackageFrameworks"
2026-04-22T16:45:05.4065100Z ignoring duplicate directory "/Users/runner/work/tcm-storage-ios/tcm-storage-ios/build/Build/Products/Debug-iphonesimulator/PackageFrameworks"
2026-04-22T16:45:05.4065450Z ignoring duplicate directory "/Users/runner/work/tcm-storage-ios/tcm-storage-ios/build/Build/Products/Debug-iphonesimulator/PackageFrameworks"
2026-04-22T16:45:05.4065780Z ignoring duplicate directory "/Users/runner/work/tcm-storage-ios/tcm-storage-ios/build/Build/Products/Debug-iphonesimulator/PackageFrameworks"
2026-04-22T16:45:05.4066110Z ignoring duplicate directory "/Users/runner/work/tcm-storage-ios/tcm-storage-ios/build/Build/Products/Debug-iphonesimulator/PackageFrameworks"
2026-04-22T16:45:05.4066460Z ignoring duplicate directory "/Users/runner/work/tcm-storage-ios/tcm-storage-ios/build/Build/Products/Debug-iphonesimulator/PackageFrameworks"
2026-04-22T16:45:05.4066790Z ignoring duplicate directory "/Users/runner/work/tcm-storage-ios/tcm-storage-ios/build/Build/Products/Debug-iphonesimulator/PackageFrameworks"
2026-04-22T16:45:05.4067130Z ignoring duplicate directory "/Users/runner/work/tcm-storage-ios/tcm-storage-ios/build/Build/Products/Debug-iphonesimulator/PackageFrameworks"
2026-04-22T16:45:05.4074390Z ignoring duplicate directory "/Users/runner/work/tcm-storage-ios/tcm-storage-ios/build/Build/Products/Debug-iphonesimulator/PackageFrameworks"
2026-04-22T16:45:05.4075010Z ignoring duplicate directory "/Users/runner/work/tcm-storage-ios/tcm-storage-ios/build/Build/Products/Debug-iphonesimulator/PackageFrameworks"
2026-04-22T16:45:05.4075350Z ignoring duplicate directory "/Users/runner/work/tcm-storage-ios/tcm-storage-ios/build/Build/Products/Debug-iphonesimulator/PackageFrameworks"
2026-04-22T16:45:05.4075680Z ignoring duplicate directory "/Users/runner/work/tcm-storage-ios/tcm-storage-ios/build/Build/Products/Debug-iphonesimulator/PackageFrameworks"
2026-04-22T16:45:05.4076030Z ignoring duplicate directory "/Users/runner/work/tcm-storage-ios/tcm-storage-ios/build/Build/Products/Debug-iphonesimulator/PackageFrameworks"
2026-04-22T16:45:05.4076370Z ignoring duplicate directory "/Users/runner/work/tcm-storage-ios/tcm-storage-ios/build/Build/Products/Debug-iphonesimulator/PackageFrameworks"
2026-04-22T16:45:05.4076710Z ignoring duplicate directory "/Users/runner/work/tcm-storage-ios/tcm-storage-ios/build/Build/Products/Debug-iphonesimulator/PackageFrameworks"
2026-04-22T16:45:05.4077060Z ignoring duplicate directory "/Users/runner/work/tcm-storage-ios/tcm-storage-ios/build/Build/Products/Debug-iphonesimulator/PackageFrameworks"
2026-04-22T16:45:05.4077530Z ignoring duplicate directory "/Users/runner/work/tcm-storage-ios/tcm-storage-ios/build/Build/Products/Debug-iphonesimulator/PackageFrameworks"
2026-04-22T16:45:05.4077900Z ignoring duplicate directory "/Users/runner/work/tcm-storage-ios/tcm-storage-ios/build/Build/Products/Debug-iphonesimulator/PackageFrameworks"
2026-04-22T16:45:05.4078250Z ignoring duplicate directory "/Users/runner/work/tcm-storage-ios/tcm-storage-ios/build/Build/Products/Debug-iphonesimulator/PackageFrameworks"
2026-04-22T16:45:05.4078700Z ignoring duplicate directory "/Users/runner/work/tcm-storage-ios/tcm-storage-ios/build/Build/Products/Debug-iphonesimulator/PackageFrameworks"
2026-04-22T16:45:05.4079030Z ignoring duplicate directory "/Users/runner/work/tcm-storage-ios/tcm-storage-ios/build/Build/Products/Debug-iphonesimulator/PackageFrameworks"
2026-04-22T16:45:05.4079360Z ignoring duplicate directory "/Users/runner/work/tcm-storage-ios/tcm-storage-ios/build/Build/Products/Debug-iphonesimulator/PackageFrameworks"
2026-04-22T16:45:05.4079420Z #include "..." search starts here:
2026-04-22T16:45:05.4079880Z  /Users/runner/work/tcm-storage-ios/tcm-storage-ios/build/Build/Intermediates.noindex/Nextcloud.build/Debug-iphonesimulator/Nextcloud.build/Nextcloud-generated-files.hmap (headermap)
2026-04-22T16:45:05.4080360Z  /Users/runner/work/tcm-storage-ios/tcm-storage-ios/build/Build/Intermediates.noindex/Nextcloud.build/Debug-iphonesimulator/Nextcloud.build/Nextcloud-project-headers.hmap (headermap)
2026-04-22T16:45:05.4080430Z #include <...> search starts here:
2026-04-22T16:45:05.4080890Z  /Users/runner/work/tcm-storage-ios/tcm-storage-ios/build/Build/Intermediates.noindex/Nextcloud.build/Debug-iphonesimulator/Nextcloud.build/Nextcloud-own-target-headers.hmap (headermap)
2026-04-22T16:45:05.4081420Z  /Users/runner/work/tcm-storage-ios/tcm-storage-ios/build/Build/Intermediates.noindex/Nextcloud.build/Debug-iphonesimulator/Nextcloud.build/Nextcloud-all-non-framework-target-headers.hmap (headermap)
2026-04-22T16:45:05.4081770Z  /Users/runner/work/tcm-storage-ios/tcm-storage-ios/build/SourcePackages/checkouts/swift-nio-ssl/Sources/CNIOBoringSSLShims/include
2026-04-22T16:45:05.4082090Z  /Users/runner/work/tcm-storage-ios/tcm-storage-ios/build/SourcePackages/checkouts/swift-nio-ssl/Sources/CNIOBoringSSL/include
2026-04-22T16:45:05.4082400Z  /Users/runner/work/tcm-storage-ios/tcm-storage-ios/build/SourcePackages/checkouts/swift-atomics/Sources/_AtomicsShims/include
2026-04-22T16:45:05.4082680Z  /Users/runner/work/tcm-storage-ios/tcm-storage-ios/build/SourcePackages/checkouts/swift-nio/Sources/CNIOPosix/include
2026-04-22T16:45:05.4082960Z  /Users/runner/work/tcm-storage-ios/tcm-storage-ios/build/SourcePackages/checkouts/swift-nio/Sources/CNIOWASI/include
2026-04-22T16:45:05.4083230Z  /Users/runner/work/tcm-storage-ios/tcm-storage-ios/build/SourcePackages/checkouts/swift-nio/Sources/CNIOWindows/include
2026-04-22T16:45:05.4083560Z  /Users/runner/work/tcm-storage-ios/tcm-storage-ios/build/SourcePackages/checkouts/swift-nio/Sources/CNIOLinux/include
2026-04-22T16:45:05.4083850Z  /Users/runner/work/tcm-storage-ios/tcm-storage-ios/build/SourcePackages/checkouts/swift-nio/Sources/CNIODarwin/include
2026-04-22T16:45:05.4084120Z  /Users/runner/work/tcm-storage-ios/tcm-storage-ios/build/SourcePackages/checkouts/swift-nio/Sources/CNIOOpenBSD/include
2026-04-22T16:45:05.4084410Z  /Users/runner/work/tcm-storage-ios/tcm-storage-ios/build/SourcePackages/checkouts/swift-nio/Sources/CNIOAtomics/include
2026-04-22T16:45:05.4084620Z  /Users/runner/work/tcm-storage-ios/tcm-storage-ios/build/SourcePackages/checkouts/realm-core/src
2026-04-22T16:45:05.4084870Z  /Users/runner/work/tcm-storage-ios/tcm-storage-ios/build/SourcePackages/checkouts/realm-core/src/external/s2
2026-04-22T16:45:05.4085200Z  /Users/runner/work/tcm-storage-ios/tcm-storage-ios/build/SourcePackages/checkouts/realm-core/src/external/IntelRDFPMathLib20U2/LIBRARY/src
2026-04-22T16:45:05.4085430Z  /Users/runner/work/tcm-storage-ios/tcm-storage-ios/build/SourcePackages/checkouts/realm-core/src/spm
2026-04-22T16:45:05.4085710Z  /Users/runner/work/tcm-storage-ios/tcm-storage-ios/build/SourcePackages/checkouts/realm-swift/include
2026-04-22T16:45:05.4086030Z  /Users/runner/work/tcm-storage-ios/tcm-storage-ios/build/SourcePackages/checkouts/GoogleUtilities/GoogleUtilities/NSData+zlib/Public
2026-04-22T16:45:05.4086340Z  /Users/runner/work/tcm-storage-ios/tcm-storage-ios/build/SourcePackages/checkouts/GoogleUtilities/GoogleUtilities/Logger/Public
2026-04-22T16:45:05.4086710Z  /Users/runner/work/tcm-storage-ios/tcm-storage-ios/build/SourcePackages/checkouts/GoogleUtilities/GoogleUtilities/Environment/Public
2026-04-22T16:45:05.4087090Z  /Users/runner/work/tcm-storage-ios/tcm-storage-ios/build/SourcePackages/checkouts/GoogleUtilities/third_party/IsAppEncrypted/Public
2026-04-22T16:45:05.4087400Z  /Users/runner/work/tcm-storage-ios/tcm-storage-ios/build/SourcePackages/checkouts/GoogleUtilities/GoogleUtilities/UserDefaults/Public
2026-04-22T16:45:05.4087620Z  /Users/runner/work/tcm-storage-ios/tcm-storage-ios/build/SourcePackages/checkouts/nanopb/spm_headers
2026-04-22T16:45:05.4087890Z  /Users/runner/work/tcm-storage-ios/tcm-storage-ios/build/SourcePackages/checkouts/promises/Sources/FBLPromises/include
2026-04-22T16:45:05.4088280Z  /Users/runner/work/tcm-storage-ios/tcm-storage-ios/build/SourcePackages/checkouts/GoogleDataTransport/GoogleDataTransport/GDTCORLibrary/Public
2026-04-22T16:45:05.4088650Z  /Users/runner/work/tcm-storage-ios/tcm-storage-ios/build/SourcePackages/checkouts/firebase-ios-sdk/FirebaseSessions/SourcesObjC
2026-04-22T16:45:05.4088930Z  /Users/runner/work/tcm-storage-ios/tcm-storage-ios/build/SourcePackages/checkouts/firebase-ios-sdk/FirebaseCore/Extension
2026-04-22T16:45:05.4089280Z  /Users/runner/work/tcm-storage-ios/tcm-storage-ios/build/SourcePackages/checkouts/firebase-ios-sdk/FirebaseInstallations/Source/Library/Public
2026-04-22T16:45:05.4089590Z  /Users/runner/work/tcm-storage-ios/tcm-storage-ios/build/SourcePackages/checkouts/firebase-ios-sdk/FirebaseCore/Sources/Public
2026-04-22T16:45:05.4089860Z  /Users/runner/work/tcm-storage-ios/tcm-storage-ios/build/SourcePackages/checkouts/firebase-ios-sdk/CoreOnly/Sources
2026-04-22T16:45:05.4090170Z  /Users/runner/work/tcm-storage-ios/tcm-storage-ios/build/SourcePackages/checkouts/firebase-ios-sdk/Crashlytics/Crashlytics/Public
2026-04-22T16:45:05.4090460Z  /Users/runner/work/tcm-storage-ios/tcm-storage-ios/build/SourcePackages/checkouts/GzipSwift/Sources/system-zlib/include
2026-04-22T16:45:05.4090850Z  /Users/runner/work/tcm-storage-ios/tcm-storage-ios/build/Build/Intermediates.noindex/Nextcloud.build/Debug-iphonesimulator/Nextcloud.build/DerivedSources
2026-04-22T16:45:05.4092240Z  /Users/runner/work/tcm-storage-ios/tcm-storage-ios/build/Build/Products/Debug-iphonesimulator/PackageFrameworks (framework directory)
2026-04-22T16:45:05.4092580Z  /Users/runner/work/tcm-storage-ios/tcm-storage-ios/build/Build/Products/Debug-iphonesimulator (framework directory)
2026-04-22T16:45:05.4092980Z  /Applications/Xcode_26.2.app/Contents/Developer/Platforms/iPhoneSimulator.platform/Developer/Library/Frameworks (framework directory)
2026-04-22T16:45:05.4093420Z  /Applications/Xcode_26.2.app/Contents/Developer/Platforms/iPhoneSimulator.platform/Developer/SDKs/iPhoneSimulator26.2.sdk/Developer/Library/Frameworks (framework directory)
2026-04-22T16:45:05.4093690Z  /Applications/Xcode_26.2.app/Contents/Developer/Toolchains/XcodeDefault.xctoolchain/usr/lib/clang/17/include
2026-04-22T16:45:05.4094040Z  /Applications/Xcode_26.2.app/Contents/Developer/Platforms/iPhoneSimulator.platform/Developer/SDKs/iPhoneSimulator26.2.sdk/usr/include
2026-04-22T16:45:05.4094260Z  /Applications/Xcode_26.2.app/Contents/Developer/Toolchains/XcodeDefault.xctoolchain/usr/include
2026-04-22T16:45:05.4094700Z  /Applications/Xcode_26.2.app/Contents/Developer/Platforms/iPhoneSimulator.platform/Developer/SDKs/iPhoneSimulator26.2.sdk/System/Library/Frameworks (framework directory)
2026-04-22T16:45:05.4095200Z  /Applications/Xcode_26.2.app/Contents/Developer/Platforms/iPhoneSimulator.platform/Developer/SDKs/iPhoneSimulator26.2.sdk/System/Library/SubFrameworks (framework directory)
2026-04-22T16:45:05.4095250Z End of search list.
2026-04-22T16:45:05.4095420Z clang -cc1 version 17.0.0 (clang-1700.6.3.2) default target arm64-apple-darwin24.6.0
2026-04-22T16:45:05.4095740Z ignoring nonexistent directory "/Users/runner/work/tcm-storage-ios/tcm-storage-ios/build/Build/Products/Debug-iphonesimulator/include"
2026-04-22T16:45:05.4096500Z ignoring nonexistent directory "/Users/runner/work/tcm-storage-ios/tcm-storage-ios/build/Build/Intermediates.noindex/Nextcloud.build/Debug-iphonesimulator/Nextcloud.build/DerivedSources-normal/arm64"
2026-04-22T16:45:05.4098450Z ignoring nonexistent directory "/Users/runner/work/tcm-storage-ios/tcm-storage-ios/build/Build/Intermediates.noindex/Nextcloud.build/Debug-iphonesimulator/Nextcloud.build/DerivedSources/arm64"
2026-04-22T16:45:05.4099030Z ignoring nonexistent directory "/Applications/Xcode_26.2.app/Contents/Developer/Platforms/iPhoneSimulator.platform/Developer/SDKs/iPhoneSimulator26.2.sdk/usr/local/include"
2026-04-22T16:45:05.4099560Z ignoring nonexistent directory "/Applications/Xcode_26.2.app/Contents/Developer/Platforms/iPhoneSimulator.platform/Developer/SDKs/iPhoneSimulator26.2.sdk/Library/Frameworks"
2026-04-22T16:45:05.4099910Z ignoring duplicate directory "/Users/runner/work/tcm-storage-ios/tcm-storage-ios/build/Build/Products/Debug-iphonesimulator/PackageFrameworks"
2026-04-22T16:45:05.4100290Z ignoring duplicate directory "/Users/runner/work/tcm-storage-ios/tcm-storage-ios/build/Build/Products/Debug-iphonesimulator/PackageFrameworks"
2026-04-22T16:45:05.4100620Z ignoring duplicate directory "/Users/runner/work/tcm-storage-ios/tcm-storage-ios/build/Build/Products/Debug-iphonesimulator/PackageFrameworks"
2026-04-22T16:45:05.4100950Z ignoring duplicate directory "/Users/runner/work/tcm-storage-ios/tcm-storage-ios/build/Build/Products/Debug-iphonesimulator/PackageFrameworks"
2026-04-22T16:45:05.4101280Z ignoring duplicate directory "/Users/runner/work/tcm-storage-ios/tcm-storage-ios/build/Build/Products/Debug-iphonesimulator/PackageFrameworks"
2026-04-22T16:45:05.4101600Z ignoring duplicate directory "/Users/runner/work/tcm-storage-ios/tcm-storage-ios/build/Build/Products/Debug-iphonesimulator/PackageFrameworks"
2026-04-22T16:45:05.4101990Z ignoring duplicate directory "/Users/runner/work/tcm-storage-ios/tcm-storage-ios/build/Build/Products/Debug-iphonesimulator/PackageFrameworks"
2026-04-22T16:45:05.4102320Z ignoring duplicate directory "/Users/runner/work/tcm-storage-ios/tcm-storage-ios/build/Build/Products/Debug-iphonesimulator/PackageFrameworks"
2026-04-22T16:45:05.4102650Z ignoring duplicate directory "/Users/runner/work/tcm-storage-ios/tcm-storage-ios/build/Build/Products/Debug-iphonesimulator/PackageFrameworks"
2026-04-22T16:45:05.4102990Z ignoring duplicate directory "/Users/runner/work/tcm-storage-ios/tcm-storage-ios/build/Build/Products/Debug-iphonesimulator/PackageFrameworks"
2026-04-22T16:45:05.4103420Z ignoring duplicate directory "/Users/runner/work/tcm-storage-ios/tcm-storage-ios/build/Build/Products/Debug-iphonesimulator/PackageFrameworks"
2026-04-22T16:45:05.4103750Z ignoring duplicate directory "/Users/runner/work/tcm-storage-ios/tcm-storage-ios/build/Build/Products/Debug-iphonesimulator/PackageFrameworks"
2026-04-22T16:45:05.4104070Z ignoring duplicate directory "/Users/runner/work/tcm-storage-ios/tcm-storage-ios/build/Build/Products/Debug-iphonesimulator/PackageFrameworks"
2026-04-22T16:45:05.4104540Z ignoring duplicate directory "/Users/runner/work/tcm-storage-ios/tcm-storage-ios/build/Build/Products/Debug-iphonesimulator/PackageFrameworks"
2026-04-22T16:45:05.4104870Z ignoring duplicate directory "/Users/runner/work/tcm-storage-ios/tcm-storage-ios/build/Build/Products/Debug-iphonesimulator/PackageFrameworks"
2026-04-22T16:45:05.4105450Z ignoring duplicate directory "/Users/runner/work/tcm-storage-ios/tcm-storage-ios/build/Build/Products/Debug-iphonesimulator/PackageFrameworks"
2026-04-22T16:45:05.4105970Z ignoring duplicate directory "/Users/runner/work/tcm-storage-ios/tcm-storage-ios/build/Build/Products/Debug-iphonesimulator/PackageFrameworks"
2026-04-22T16:45:05.4106350Z ignoring duplicate directory "/Users/runner/work/tcm-storage-ios/tcm-storage-ios/build/Build/Products/Debug-iphonesimulator/PackageFrameworks"
2026-04-22T16:45:05.4106700Z ignoring duplicate directory "/Users/runner/work/tcm-storage-ios/tcm-storage-ios/build/Build/Products/Debug-iphonesimulator/PackageFrameworks"
2026-04-22T16:45:05.4107160Z ignoring duplicate directory "/Users/runner/work/tcm-storage-ios/tcm-storage-ios/build/Build/Products/Debug-iphonesimulator/PackageFrameworks"
2026-04-22T16:45:05.4107580Z ignoring duplicate directory "/Users/runner/work/tcm-storage-ios/tcm-storage-ios/build/Build/Products/Debug-iphonesimulator/PackageFrameworks"
2026-04-22T16:45:05.4107940Z ignoring duplicate directory "/Users/runner/work/tcm-storage-ios/tcm-storage-ios/build/Build/Products/Debug-iphonesimulator/PackageFrameworks"
2026-04-22T16:45:05.4108270Z ignoring duplicate directory "/Users/runner/work/tcm-storage-ios/tcm-storage-ios/build/Build/Products/Debug-iphonesimulator/PackageFrameworks"
2026-04-22T16:45:05.4108610Z ignoring duplicate directory "/Users/runner/work/tcm-storage-ios/tcm-storage-ios/build/Build/Products/Debug-iphonesimulator/PackageFrameworks"
2026-04-22T16:45:05.4108930Z ignoring duplicate directory "/Users/runner/work/tcm-storage-ios/tcm-storage-ios/build/Build/Products/Debug-iphonesimulator/PackageFrameworks"
2026-04-22T16:45:05.4109280Z ignoring duplicate directory "/Users/runner/work/tcm-storage-ios/tcm-storage-ios/build/Build/Products/Debug-iphonesimulator/PackageFrameworks"
2026-04-22T16:45:05.4109640Z ignoring duplicate directory "/Users/runner/work/tcm-storage-ios/tcm-storage-ios/build/Build/Products/Debug-iphonesimulator/PackageFrameworks"
2026-04-22T16:45:05.4109990Z ignoring duplicate directory "/Users/runner/work/tcm-storage-ios/tcm-storage-ios/build/Build/Products/Debug-iphonesimulator/PackageFrameworks"
2026-04-22T16:45:05.4110350Z ignoring duplicate directory "/Users/runner/work/tcm-storage-ios/tcm-storage-ios/build/Build/Products/Debug-iphonesimulator/PackageFrameworks"
2026-04-22T16:45:05.4110710Z ignoring duplicate directory "/Users/runner/work/tcm-storage-ios/tcm-storage-ios/build/Build/Products/Debug-iphonesimulator/PackageFrameworks"
2026-04-22T16:45:05.4111070Z ignoring duplicate directory "/Users/runner/work/tcm-storage-ios/tcm-storage-ios/build/Build/Products/Debug-iphonesimulator/PackageFrameworks"
2026-04-22T16:45:05.4111420Z ignoring duplicate directory "/Users/runner/work/tcm-storage-ios/tcm-storage-ios/build/Build/Products/Debug-iphonesimulator/PackageFrameworks"
2026-04-22T16:45:05.4111740Z ignoring duplicate directory "/Users/runner/work/tcm-storage-ios/tcm-storage-ios/build/Build/Products/Debug-iphonesimulator/PackageFrameworks"
2026-04-22T16:45:05.4112220Z ignoring duplicate directory "/Users/runner/work/tcm-storage-ios/tcm-storage-ios/build/Build/Products/Debug-iphonesimulator/PackageFrameworks"
2026-04-22T16:45:05.4112550Z ignoring duplicate directory "/Users/runner/work/tcm-storage-ios/tcm-storage-ios/build/Build/Products/Debug-iphonesimulator/PackageFrameworks"
2026-04-22T16:45:05.4112870Z ignoring duplicate directory "/Users/runner/work/tcm-storage-ios/tcm-storage-ios/build/Build/Products/Debug-iphonesimulator/PackageFrameworks"
2026-04-22T16:45:05.4113200Z ignoring duplicate directory "/Users/runner/work/tcm-storage-ios/tcm-storage-ios/build/Build/Products/Debug-iphonesimulator/PackageFrameworks"
2026-04-22T16:45:05.4113540Z ignoring duplicate directory "/Users/runner/work/tcm-storage-ios/tcm-storage-ios/build/Build/Products/Debug-iphonesimulator/PackageFrameworks"
2026-04-22T16:45:05.4113890Z ignoring duplicate directory "/Users/runner/work/tcm-storage-ios/tcm-storage-ios/build/Build/Products/Debug-iphonesimulator/PackageFrameworks"
2026-04-22T16:45:05.4114240Z ignoring duplicate directory "/Users/runner/work/tcm-storage-ios/tcm-storage-ios/build/Build/Products/Debug-iphonesimulator/PackageFrameworks"
2026-04-22T16:45:05.4114660Z ignoring duplicate directory "/Users/runner/work/tcm-storage-ios/tcm-storage-ios/build/Build/Products/Debug-iphonesimulator/PackageFrameworks"
2026-04-22T16:45:05.4115010Z ignoring duplicate directory "/Users/runner/work/tcm-storage-ios/tcm-storage-ios/build/Build/Products/Debug-iphonesimulator/PackageFrameworks"
2026-04-22T16:45:05.4115360Z ignoring duplicate directory "/Users/runner/work/tcm-storage-ios/tcm-storage-ios/build/Build/Products/Debug-iphonesimulator/PackageFrameworks"
2026-04-22T16:45:05.4115860Z ignoring duplicate directory "/Users/runner/work/tcm-storage-ios/tcm-storage-ios/build/Build/Products/Debug-iphonesimulator/PackageFrameworks"
2026-04-22T16:45:05.4116200Z ignoring duplicate directory "/Users/runner/work/tcm-storage-ios/tcm-storage-ios/build/Build/Products/Debug-iphonesimulator/PackageFrameworks"
2026-04-22T16:45:05.4116550Z ignoring duplicate directory "/Users/runner/work/tcm-storage-ios/tcm-storage-ios/build/Build/Products/Debug-iphonesimulator/PackageFrameworks"
2026-04-22T16:45:05.4116900Z ignoring duplicate directory "/Users/runner/work/tcm-storage-ios/tcm-storage-ios/build/Build/Products/Debug-iphonesimulator/PackageFrameworks"
2026-04-22T16:45:05.4117250Z ignoring duplicate directory "/Users/runner/work/tcm-storage-ios/tcm-storage-ios/build/Build/Products/Debug-iphonesimulator/PackageFrameworks"
2026-04-22T16:45:05.4117580Z ignoring duplicate directory "/Users/runner/work/tcm-storage-ios/tcm-storage-ios/build/Build/Products/Debug-iphonesimulator/PackageFrameworks"
2026-04-22T16:45:05.4117930Z ignoring duplicate directory "/Users/runner/work/tcm-storage-ios/tcm-storage-ios/build/Build/Products/Debug-iphonesimulator/PackageFrameworks"
2026-04-22T16:45:05.4118260Z ignoring duplicate directory "/Users/runner/work/tcm-storage-ios/tcm-storage-ios/build/Build/Products/Debug-iphonesimulator/PackageFrameworks"
2026-04-22T16:45:05.4118590Z ignoring duplicate directory "/Users/runner/work/tcm-storage-ios/tcm-storage-ios/build/Build/Products/Debug-iphonesimulator/PackageFrameworks"
2026-04-22T16:45:05.4118920Z ignoring duplicate directory "/Users/runner/work/tcm-storage-ios/tcm-storage-ios/build/Build/Products/Debug-iphonesimulator/PackageFrameworks"
2026-04-22T16:45:05.4119240Z ignoring duplicate directory "/Users/runner/work/tcm-storage-ios/tcm-storage-ios/build/Build/Products/Debug-iphonesimulator/PackageFrameworks"
2026-04-22T16:45:05.4119570Z ignoring duplicate directory "/Users/runner/work/tcm-storage-ios/tcm-storage-ios/build/Build/Products/Debug-iphonesimulator/PackageFrameworks"
2026-04-22T16:45:05.4119920Z ignoring duplicate directory "/Users/runner/work/tcm-storage-ios/tcm-storage-ios/build/Build/Products/Debug-iphonesimulator/PackageFrameworks"
2026-04-22T16:45:05.4120250Z ignoring duplicate directory "/Users/runner/work/tcm-storage-ios/tcm-storage-ios/build/Build/Products/Debug-iphonesimulator/PackageFrameworks"
2026-04-22T16:45:05.4120630Z ignoring duplicate directory "/Users/runner/work/tcm-storage-ios/tcm-storage-ios/build/Build/Products/Debug-iphonesimulator/PackageFrameworks"
2026-04-22T16:45:05.4120960Z ignoring duplicate directory "/Users/runner/work/tcm-storage-ios/tcm-storage-ios/build/Build/Products/Debug-iphonesimulator/PackageFrameworks"
2026-04-22T16:45:05.4121290Z ignoring duplicate directory "/Users/runner/work/tcm-storage-ios/tcm-storage-ios/build/Build/Products/Debug-iphonesimulator/PackageFrameworks"
2026-04-22T16:45:05.4121620Z ignoring duplicate directory "/Users/runner/work/tcm-storage-ios/tcm-storage-ios/build/Build/Products/Debug-iphonesimulator/PackageFrameworks"
2026-04-22T16:45:05.4121940Z ignoring duplicate directory "/Users/runner/work/tcm-storage-ios/tcm-storage-ios/build/Build/Products/Debug-iphonesimulator/PackageFrameworks"
2026-04-22T16:45:05.4122280Z ignoring duplicate directory "/Users/runner/work/tcm-storage-ios/tcm-storage-ios/build/Build/Products/Debug-iphonesimulator/PackageFrameworks"
2026-04-22T16:45:05.4122600Z ignoring duplicate directory "/Users/runner/work/tcm-storage-ios/tcm-storage-ios/build/Build/Products/Debug-iphonesimulator/PackageFrameworks"
2026-04-22T16:45:05.4122960Z ignoring duplicate directory "/Users/runner/work/tcm-storage-ios/tcm-storage-ios/build/Build/Products/Debug-iphonesimulator/PackageFrameworks"
2026-04-22T16:45:05.4123290Z ignoring duplicate directory "/Users/runner/work/tcm-storage-ios/tcm-storage-ios/build/Build/Products/Debug-iphonesimulator/PackageFrameworks"
2026-04-22T16:45:05.4123620Z ignoring duplicate directory "/Users/runner/work/tcm-storage-ios/tcm-storage-ios/build/Build/Products/Debug-iphonesimulator/PackageFrameworks"
2026-04-22T16:45:05.4124020Z ignoring duplicate directory "/Users/runner/work/tcm-storage-ios/tcm-storage-ios/build/Build/Products/Debug-iphonesimulator/PackageFrameworks"
2026-04-22T16:45:05.4124350Z ignoring duplicate directory "/Users/runner/work/tcm-storage-ios/tcm-storage-ios/build/Build/Products/Debug-iphonesimulator/PackageFrameworks"
2026-04-22T16:45:05.4124680Z ignoring duplicate directory "/Users/runner/work/tcm-storage-ios/tcm-storage-ios/build/Build/Products/Debug-iphonesimulator/PackageFrameworks"
2026-04-22T16:45:05.4125030Z ignoring duplicate directory "/Users/runner/work/tcm-storage-ios/tcm-storage-ios/build/Build/Products/Debug-iphonesimulator/PackageFrameworks"
2026-04-22T16:45:05.4125360Z ignoring duplicate directory "/Users/runner/work/tcm-storage-ios/tcm-storage-ios/build/Build/Products/Debug-iphonesimulator/PackageFrameworks"
2026-04-22T16:45:05.4125680Z ignoring duplicate directory "/Users/runner/work/tcm-storage-ios/tcm-storage-ios/build/Build/Products/Debug-iphonesimulator/PackageFrameworks"
2026-04-22T16:45:05.4126020Z ignoring duplicate directory "/Users/runner/work/tcm-storage-ios/tcm-storage-ios/build/Build/Products/Debug-iphonesimulator/PackageFrameworks"
2026-04-22T16:45:05.4126340Z ignoring duplicate directory "/Users/runner/work/tcm-storage-ios/tcm-storage-ios/build/Build/Products/Debug-iphonesimulator/PackageFrameworks"
2026-04-22T16:45:05.4126670Z ignoring duplicate directory "/Users/runner/work/tcm-storage-ios/tcm-storage-ios/build/Build/Products/Debug-iphonesimulator/PackageFrameworks"
2026-04-22T16:45:05.4126730Z #include "..." search starts here:
2026-04-22T16:45:05.4127190Z  /Users/runner/work/tcm-storage-ios/tcm-storage-ios/build/Build/Intermediates.noindex/Nextcloud.build/Debug-iphonesimulator/Nextcloud.build/Nextcloud-generated-files.hmap (headermap)
2026-04-22T16:45:05.4127650Z  /Users/runner/work/tcm-storage-ios/tcm-storage-ios/build/Build/Intermediates.noindex/Nextcloud.build/Debug-iphonesimulator/Nextcloud.build/Nextcloud-project-headers.hmap (headermap)
2026-04-22T16:45:05.4127710Z #include <...> search starts here:
2026-04-22T16:45:05.4128180Z  /Users/runner/work/tcm-storage-ios/tcm-storage-ios/build/Build/Intermediates.noindex/Nextcloud.build/Debug-iphonesimulator/Nextcloud.build/Nextcloud-own-target-headers.hmap (headermap)
2026-04-22T16:45:05.4128690Z  /Users/runner/work/tcm-storage-ios/tcm-storage-ios/build/Build/Intermediates.noindex/Nextcloud.build/Debug-iphonesimulator/Nextcloud.build/Nextcloud-all-non-framework-target-headers.hmap (headermap)
2026-04-22T16:45:05.4129130Z  /Users/runner/work/tcm-storage-ios/tcm-storage-ios/build/SourcePackages/checkouts/swift-nio-ssl/Sources/CNIOBoringSSLShims/include
2026-04-22T16:45:05.4129430Z  /Users/runner/work/tcm-storage-ios/tcm-storage-ios/build/SourcePackages/checkouts/swift-nio-ssl/Sources/CNIOBoringSSL/include
2026-04-22T16:45:05.4129710Z  /Users/runner/work/tcm-storage-ios/tcm-storage-ios/build/SourcePackages/checkouts/swift-atomics/Sources/_AtomicsShims/include
2026-04-22T16:45:05.4129980Z  /Users/runner/work/tcm-storage-ios/tcm-storage-ios/build/SourcePackages/checkouts/swift-nio/Sources/CNIOPosix/include
2026-04-22T16:45:05.4130240Z  /Users/runner/work/tcm-storage-ios/tcm-storage-ios/build/SourcePackages/checkouts/swift-nio/Sources/CNIOWASI/include
2026-04-22T16:45:05.4130510Z  /Users/runner/work/tcm-storage-ios/tcm-storage-ios/build/SourcePackages/checkouts/swift-nio/Sources/CNIOWindows/include
2026-04-22T16:45:05.4130780Z  /Users/runner/work/tcm-storage-ios/tcm-storage-ios/build/SourcePackages/checkouts/swift-nio/Sources/CNIOLinux/include
2026-04-22T16:45:05.4131090Z  /Users/runner/work/tcm-storage-ios/tcm-storage-ios/build/SourcePackages/checkouts/swift-nio/Sources/CNIODarwin/include
2026-04-22T16:45:05.4131360Z  /Users/runner/work/tcm-storage-ios/tcm-storage-ios/build/SourcePackages/checkouts/swift-nio/Sources/CNIOOpenBSD/include
2026-04-22T16:45:05.4131640Z  /Users/runner/work/tcm-storage-ios/tcm-storage-ios/build/SourcePackages/checkouts/swift-nio/Sources/CNIOAtomics/include
2026-04-22T16:45:05.4131890Z  /Users/runner/work/tcm-storage-ios/tcm-storage-ios/build/SourcePackages/checkouts/realm-core/src
2026-04-22T16:45:05.4132160Z  /Users/runner/work/tcm-storage-ios/tcm-storage-ios/build/SourcePackages/checkouts/realm-core/src/external/s2
2026-04-22T16:45:05.4132500Z  /Users/runner/work/tcm-storage-ios/tcm-storage-ios/build/SourcePackages/checkouts/realm-core/src/external/IntelRDFPMathLib20U2/LIBRARY/src
2026-04-22T16:45:05.4132720Z  /Users/runner/work/tcm-storage-ios/tcm-storage-ios/build/SourcePackages/checkouts/realm-core/src/spm
2026-04-22T16:45:05.4132940Z  /Users/runner/work/tcm-storage-ios/tcm-storage-ios/build/SourcePackages/checkouts/realm-swift/include
2026-04-22T16:45:05.4133260Z  /Users/runner/work/tcm-storage-ios/tcm-storage-ios/build/SourcePackages/checkouts/GoogleUtilities/GoogleUtilities/NSData+zlib/Public
2026-04-22T16:45:05.4133560Z  /Users/runner/work/tcm-storage-ios/tcm-storage-ios/build/SourcePackages/checkouts/GoogleUtilities/GoogleUtilities/Logger/Public
2026-04-22T16:45:05.4133870Z  /Users/runner/work/tcm-storage-ios/tcm-storage-ios/build/SourcePackages/checkouts/GoogleUtilities/GoogleUtilities/Environment/Public
2026-04-22T16:45:05.4134180Z  /Users/runner/work/tcm-storage-ios/tcm-storage-ios/build/SourcePackages/checkouts/GoogleUtilities/third_party/IsAppEncrypted/Public
2026-04-22T16:45:05.4134490Z  /Users/runner/work/tcm-storage-ios/tcm-storage-ios/build/SourcePackages/checkouts/GoogleUtilities/GoogleUtilities/UserDefaults/Public
2026-04-22T16:45:05.4134720Z  /Users/runner/work/tcm-storage-ios/tcm-storage-ios/build/SourcePackages/checkouts/nanopb/spm_headers
2026-04-22T16:45:05.4134990Z  /Users/runner/work/tcm-storage-ios/tcm-storage-ios/build/SourcePackages/checkouts/promises/Sources/FBLPromises/include
2026-04-22T16:45:05.4135330Z  /Users/runner/work/tcm-storage-ios/tcm-storage-ios/build/SourcePackages/checkouts/GoogleDataTransport/GoogleDataTransport/GDTCORLibrary/Public
2026-04-22T16:45:05.4135640Z  /Users/runner/work/tcm-storage-ios/tcm-storage-ios/build/SourcePackages/checkouts/firebase-ios-sdk/FirebaseSessions/SourcesObjC
2026-04-22T16:45:05.4135920Z  /Users/runner/work/tcm-storage-ios/tcm-storage-ios/build/SourcePackages/checkouts/firebase-ios-sdk/FirebaseCore/Extension
2026-04-22T16:45:05.4136270Z  /Users/runner/work/tcm-storage-ios/tcm-storage-ios/build/SourcePackages/checkouts/firebase-ios-sdk/FirebaseInstallations/Source/Library/Public
2026-04-22T16:45:05.4136700Z  /Users/runner/work/tcm-storage-ios/tcm-storage-ios/build/SourcePackages/checkouts/firebase-ios-sdk/FirebaseCore/Sources/Public
2026-04-22T16:45:05.4137010Z  /Users/runner/work/tcm-storage-ios/tcm-storage-ios/build/SourcePackages/checkouts/firebase-ios-sdk/CoreOnly/Sources
2026-04-22T16:45:05.4137310Z  /Users/runner/work/tcm-storage-ios/tcm-storage-ios/build/SourcePackages/checkouts/firebase-ios-sdk/Crashlytics/Crashlytics/Public
2026-04-22T16:45:05.4137580Z  /Users/runner/work/tcm-storage-ios/tcm-storage-ios/build/SourcePackages/checkouts/GzipSwift/Sources/system-zlib/include
2026-04-22T16:45:05.4137960Z  /Users/runner/work/tcm-storage-ios/tcm-storage-ios/build/Build/Intermediates.noindex/Nextcloud.build/Debug-iphonesimulator/Nextcloud.build/DerivedSources
2026-04-22T16:45:05.4138270Z  /Users/runner/work/tcm-storage-ios/tcm-storage-ios/build/Build/Products/Debug-iphonesimulator/PackageFrameworks (framework directory)
2026-04-22T16:45:05.4138540Z  /Users/runner/work/tcm-storage-ios/tcm-storage-ios/build/Build/Products/Debug-iphonesimulator (framework directory)
2026-04-22T16:45:05.4138950Z  /Applications/Xcode_26.2.app/Contents/Developer/Platforms/iPhoneSimulator.platform/Developer/Library/Frameworks (framework directory)
2026-04-22T16:45:05.4139390Z  /Applications/Xcode_26.2.app/Contents/Developer/Platforms/iPhoneSimulator.platform/Developer/SDKs/iPhoneSimulator26.2.sdk/Developer/Library/Frameworks (framework directory)
2026-04-22T16:45:05.4139650Z  /Applications/Xcode_26.2.app/Contents/Developer/Toolchains/XcodeDefault.xctoolchain/usr/lib/clang/17/include
2026-04-22T16:45:05.4140070Z  /Applications/Xcode_26.2.app/Contents/Developer/Platforms/iPhoneSimulator.platform/Developer/SDKs/iPhoneSimulator26.2.sdk/usr/include
2026-04-22T16:45:05.4140330Z  /Applications/Xcode_26.2.app/Contents/Developer/Toolchains/XcodeDefault.xctoolchain/usr/include
2026-04-22T16:45:05.4140830Z  /Applications/Xcode_26.2.app/Contents/Developer/Platforms/iPhoneSimulator.platform/Developer/SDKs/iPhoneSimulator26.2.sdk/System/Library/Frameworks (framework directory)
2026-04-22T16:45:05.4141300Z  /Applications/Xcode_26.2.app/Contents/Developer/Platforms/iPhoneSimulator.platform/Developer/SDKs/iPhoneSimulator26.2.sdk/System/Library/SubFrameworks (framework directory)
2026-04-22T16:45:05.4141370Z End of search list.
2026-04-22T16:45:05.4141680Z clang -cc1 version 17.0.0 (clang-1700.6.3.2) default target arm64-apple-darwin24.6.0
2026-04-22T16:45:05.4142040Z ignoring nonexistent directory "/Users/runner/work/tcm-storage-ios/tcm-storage-ios/build/Build/Products/Debug-iphonesimulator/include"
2026-04-22T16:45:05.4142640Z ignoring nonexistent directory "/Users/runner/work/tcm-storage-ios/tcm-storage-ios/build/Build/Intermediates.noindex/Nextcloud.build/Debug-iphonesimulator/Nextcloud.build/DerivedSources-normal/arm64"
2026-04-22T16:45:05.4143130Z ignoring nonexistent directory "/Users/runner/work/tcm-storage-ios/tcm-storage-ios/build/Build/Intermediates.noindex/Nextcloud.build/Debug-iphonesimulator/Nextcloud.build/DerivedSources/arm64"
2026-04-22T16:45:05.4143560Z ignoring nonexistent directory "/Applications/Xcode_26.2.app/Contents/Developer/Platforms/iPhoneSimulator.platform/Developer/SDKs/iPhoneSimulator26.2.sdk/usr/local/include"
2026-04-22T16:45:05.4143990Z ignoring nonexistent directory "/Applications/Xcode_26.2.app/Contents/Developer/Platforms/iPhoneSimulator.platform/Developer/SDKs/iPhoneSimulator26.2.sdk/Library/Frameworks"
2026-04-22T16:45:05.4144340Z ignoring duplicate directory "/Users/runner/work/tcm-storage-ios/tcm-storage-ios/build/Build/Products/Debug-iphonesimulator/PackageFrameworks"
2026-04-22T16:45:05.4144680Z ignoring duplicate directory "/Users/runner/work/tcm-storage-ios/tcm-storage-ios/build/Build/Products/Debug-iphonesimulator/PackageFrameworks"
2026-04-22T16:45:05.4145030Z ignoring duplicate directory "/Users/runner/work/tcm-storage-ios/tcm-storage-ios/build/Build/Products/Debug-iphonesimulator/PackageFrameworks"
2026-04-22T16:45:05.4145370Z ignoring duplicate directory "/Users/runner/work/tcm-storage-ios/tcm-storage-ios/build/Build/Products/Debug-iphonesimulator/PackageFrameworks"
2026-04-22T16:45:05.4146010Z ignoring duplicate directory "/Users/runner/work/tcm-storage-ios/tcm-storage-ios/build/Build/Products/Debug-iphonesimulator/PackageFrameworks"
2026-04-22T16:45:05.4146570Z ignoring duplicate directory "/Users/runner/work/tcm-storage-ios/tcm-storage-ios/build/Build/Products/Debug-iphonesimulator/PackageFrameworks"
2026-04-22T16:45:05.4146950Z ignoring duplicate directory "/Users/runner/work/tcm-storage-ios/tcm-storage-ios/build/Build/Products/Debug-iphonesimulator/PackageFrameworks"
2026-04-22T16:45:05.4147310Z ignoring duplicate directory "/Users/runner/work/tcm-storage-ios/tcm-storage-ios/build/Build/Products/Debug-iphonesimulator/PackageFrameworks"
2026-04-22T16:45:05.4147670Z ignoring duplicate directory "/Users/runner/work/tcm-storage-ios/tcm-storage-ios/build/Build/Products/Debug-iphonesimulator/PackageFrameworks"
2026-04-22T16:45:05.4148020Z ignoring duplicate directory "/Users/runner/work/tcm-storage-ios/tcm-storage-ios/build/Build/Products/Debug-iphonesimulator/PackageFrameworks"
2026-04-22T16:45:05.4148530Z ignoring duplicate directory "/Users/runner/work/tcm-storage-ios/tcm-storage-ios/build/Build/Products/Debug-iphonesimulator/PackageFrameworks"
2026-04-22T16:45:05.4148900Z ignoring duplicate directory "/Users/runner/work/tcm-storage-ios/tcm-storage-ios/build/Build/Products/Debug-iphonesimulator/PackageFrameworks"
2026-04-22T16:45:05.4149240Z ignoring duplicate directory "/Users/runner/work/tcm-storage-ios/tcm-storage-ios/build/Build/Products/Debug-iphonesimulator/PackageFrameworks"
2026-04-22T16:45:05.4149650Z ignoring duplicate directory "/Users/runner/work/tcm-storage-ios/tcm-storage-ios/build/Build/Products/Debug-iphonesimulator/PackageFrameworks"
2026-04-22T16:45:05.4150060Z ignoring duplicate directory "/Users/runner/work/tcm-storage-ios/tcm-storage-ios/build/Build/Products/Debug-iphonesimulator/PackageFrameworks"
2026-04-22T16:45:05.4150410Z ignoring duplicate directory "/Users/runner/work/tcm-storage-ios/tcm-storage-ios/build/Build/Products/Debug-iphonesimulator/PackageFrameworks"
2026-04-22T16:45:05.4150740Z ignoring duplicate directory "/Users/runner/work/tcm-storage-ios/tcm-storage-ios/build/Build/Products/Debug-iphonesimulator/PackageFrameworks"
2026-04-22T16:45:05.4151070Z ignoring duplicate directory "/Users/runner/work/tcm-storage-ios/tcm-storage-ios/build/Build/Products/Debug-iphonesimulator/PackageFrameworks"
2026-04-22T16:45:05.4151400Z ignoring duplicate directory "/Users/runner/work/tcm-storage-ios/tcm-storage-ios/build/Build/Products/Debug-iphonesimulator/PackageFrameworks"
2026-04-22T16:45:05.4151730Z ignoring duplicate directory "/Users/runner/work/tcm-storage-ios/tcm-storage-ios/build/Build/Products/Debug-iphonesimulator/PackageFrameworks"
2026-04-22T16:45:05.4152070Z ignoring duplicate directory "/Users/runner/work/tcm-storage-ios/tcm-storage-ios/build/Build/Products/Debug-iphonesimulator/PackageFrameworks"
2026-04-22T16:45:05.4152400Z ignoring duplicate directory "/Users/runner/work/tcm-storage-ios/tcm-storage-ios/build/Build/Products/Debug-iphonesimulator/PackageFrameworks"
2026-04-22T16:45:05.4152850Z ignoring duplicate directory "/Users/runner/work/tcm-storage-ios/tcm-storage-ios/build/Build/Products/Debug-iphonesimulator/PackageFrameworks"
2026-04-22T16:45:05.4153180Z ignoring duplicate directory "/Users/runner/work/tcm-storage-ios/tcm-storage-ios/build/Build/Products/Debug-iphonesimulator/PackageFrameworks"
2026-04-22T16:45:05.4153530Z ignoring duplicate directory "/Users/runner/work/tcm-storage-ios/tcm-storage-ios/build/Build/Products/Debug-iphonesimulator/PackageFrameworks"
2026-04-22T16:45:05.4153880Z ignoring duplicate directory "/Users/runner/work/tcm-storage-ios/tcm-storage-ios/build/Build/Products/Debug-iphonesimulator/PackageFrameworks"
2026-04-22T16:45:05.4154210Z ignoring duplicate directory "/Users/runner/work/tcm-storage-ios/tcm-storage-ios/build/Build/Products/Debug-iphonesimulator/PackageFrameworks"
2026-04-22T16:45:05.4154610Z ignoring duplicate directory "/Users/runner/work/tcm-storage-ios/tcm-storage-ios/build/Build/Products/Debug-iphonesimulator/PackageFrameworks"
2026-04-22T16:45:05.4154940Z ignoring duplicate directory "/Users/runner/work/tcm-storage-ios/tcm-storage-ios/build/Build/Products/Debug-iphonesimulator/PackageFrameworks"
2026-04-22T16:45:05.4155290Z ignoring duplicate directory "/Users/runner/work/tcm-storage-ios/tcm-storage-ios/build/Build/Products/Debug-iphonesimulator/PackageFrameworks"
2026-04-22T16:45:05.4155620Z ignoring duplicate directory "/Users/runner/work/tcm-storage-ios/tcm-storage-ios/build/Build/Products/Debug-iphonesimulator/PackageFrameworks"
2026-04-22T16:45:05.4155950Z ignoring duplicate directory "/Users/runner/work/tcm-storage-ios/tcm-storage-ios/build/Build/Products/Debug-iphonesimulator/PackageFrameworks"
2026-04-22T16:45:05.4156280Z ignoring duplicate directory "/Users/runner/work/tcm-storage-ios/tcm-storage-ios/build/Build/Products/Debug-iphonesimulator/PackageFrameworks"
2026-04-22T16:45:05.4156610Z ignoring duplicate directory "/Users/runner/work/tcm-storage-ios/tcm-storage-ios/build/Build/Products/Debug-iphonesimulator/PackageFrameworks"
2026-04-22T16:45:05.4157110Z ignoring duplicate directory "/Users/runner/work/tcm-storage-ios/tcm-storage-ios/build/Build/Products/Debug-iphonesimulator/PackageFrameworks"
2026-04-22T16:45:05.4157460Z ignoring duplicate directory "/Users/runner/work/tcm-storage-ios/tcm-storage-ios/build/Build/Products/Debug-iphonesimulator/PackageFrameworks"
2026-04-22T16:45:05.4157880Z ignoring duplicate directory "/Users/runner/work/tcm-storage-ios/tcm-storage-ios/build/Build/Products/Debug-iphonesimulator/PackageFrameworks"
2026-04-22T16:45:05.4158410Z ignoring duplicate directory "/Users/runner/work/tcm-storage-ios/tcm-storage-ios/build/Build/Products/Debug-iphonesimulator/PackageFrameworks"
2026-04-22T16:45:05.4158830Z ignoring duplicate directory "/Users/runner/work/tcm-storage-ios/tcm-storage-ios/build/Build/Products/Debug-iphonesimulator/PackageFrameworks"
2026-04-22T16:45:05.4159160Z ignoring duplicate directory "/Users/runner/work/tcm-storage-ios/tcm-storage-ios/build/Build/Products/Debug-iphonesimulator/PackageFrameworks"
2026-04-22T16:45:05.4159560Z ignoring duplicate directory "/Users/runner/work/tcm-storage-ios/tcm-storage-ios/build/Build/Products/Debug-iphonesimulator/PackageFrameworks"
2026-04-22T16:45:05.4159920Z ignoring duplicate directory "/Users/runner/work/tcm-storage-ios/tcm-storage-ios/build/Build/Products/Debug-iphonesimulator/PackageFrameworks"
2026-04-22T16:45:05.4160330Z ignoring duplicate directory "/Users/runner/work/tcm-storage-ios/tcm-storage-ios/build/Build/Products/Debug-iphonesimulator/PackageFrameworks"
2026-04-22T16:45:05.4160740Z ignoring duplicate directory "/Users/runner/work/tcm-storage-ios/tcm-storage-ios/build/Build/Products/Debug-iphonesimulator/PackageFrameworks"
2026-04-22T16:45:05.4161130Z ignoring duplicate directory "/Users/runner/work/tcm-storage-ios/tcm-storage-ios/build/Build/Products/Debug-iphonesimulator/PackageFrameworks"
2026-04-22T16:45:05.4161530Z ignoring duplicate directory "/Users/runner/work/tcm-storage-ios/tcm-storage-ios/build/Build/Products/Debug-iphonesimulator/PackageFrameworks"
2026-04-22T16:45:05.4161940Z ignoring duplicate directory "/Users/runner/work/tcm-storage-ios/tcm-storage-ios/build/Build/Products/Debug-iphonesimulator/PackageFrameworks"
2026-04-22T16:45:05.4162510Z ignoring duplicate directory "/Users/runner/work/tcm-storage-ios/tcm-storage-ios/build/Build/Products/Debug-iphonesimulator/PackageFrameworks"
2026-04-22T16:45:05.4162940Z ignoring duplicate directory "/Users/runner/work/tcm-storage-ios/tcm-storage-ios/build/Build/Products/Debug-iphonesimulator/PackageFrameworks"
2026-04-22T16:45:05.4163280Z ignoring duplicate directory "/Users/runner/work/tcm-storage-ios/tcm-storage-ios/build/Build/Products/Debug-iphonesimulator/PackageFrameworks"
2026-04-22T16:45:05.4163600Z ignoring duplicate directory "/Users/runner/work/tcm-storage-ios/tcm-storage-ios/build/Build/Products/Debug-iphonesimulator/PackageFrameworks"
2026-04-22T16:45:05.4164010Z ignoring duplicate directory "/Users/runner/work/tcm-storage-ios/tcm-storage-ios/build/Build/Products/Debug-iphonesimulator/PackageFrameworks"
2026-04-22T16:45:05.4164350Z ignoring duplicate directory "/Users/runner/work/tcm-storage-ios/tcm-storage-ios/build/Build/Products/Debug-iphonesimulator/PackageFrameworks"
2026-04-22T16:45:05.4164670Z ignoring duplicate directory "/Users/runner/work/tcm-storage-ios/tcm-storage-ios/build/Build/Products/Debug-iphonesimulator/PackageFrameworks"
2026-04-22T16:45:05.4165270Z ignoring duplicate directory "/Users/runner/work/tcm-storage-ios/tcm-storage-ios/build/Build/Products/Debug-iphonesimulator/PackageFrameworks"
2026-04-22T16:45:05.4165670Z ignoring duplicate directory "/Users/runner/work/tcm-storage-ios/tcm-storage-ios/build/Build/Products/Debug-iphonesimulator/PackageFrameworks"
2026-04-22T16:45:05.4165990Z ignoring duplicate directory "/Users/runner/work/tcm-storage-ios/tcm-storage-ios/build/Build/Products/Debug-iphonesimulator/PackageFrameworks"
2026-04-22T16:45:05.4166330Z ignoring duplicate directory "/Users/runner/work/tcm-storage-ios/tcm-storage-ios/build/Build/Products/Debug-iphonesimulator/PackageFrameworks"
2026-04-22T16:45:05.4166940Z ignoring duplicate directory "/Users/runner/work/tcm-storage-ios/tcm-storage-ios/build/Build/Products/Debug-iphonesimulator/PackageFrameworks"
2026-04-22T16:45:05.4167290Z ignoring duplicate directory "/Users/runner/work/tcm-storage-ios/tcm-storage-ios/build/Build/Products/Debug-iphonesimulator/PackageFrameworks"
2026-04-22T16:45:05.4167880Z ignoring duplicate directory "/Users/runner/work/tcm-storage-ios/tcm-storage-ios/build/Build/Products/Debug-iphonesimulator/PackageFrameworks"
2026-04-22T16:45:05.4168410Z ignoring duplicate directory "/Users/runner/work/tcm-storage-ios/tcm-storage-ios/build/Build/Products/Debug-iphonesimulator/PackageFrameworks"
2026-04-22T16:45:05.4168790Z ignoring duplicate directory "/Users/runner/work/tcm-storage-ios/tcm-storage-ios/build/Build/Products/Debug-iphonesimulator/PackageFrameworks"
2026-04-22T16:45:05.4169250Z ignoring duplicate directory "/Users/runner/work/tcm-storage-ios/tcm-storage-ios/build/Build/Products/Debug-iphonesimulator/PackageFrameworks"
2026-04-22T16:45:05.4169580Z ignoring duplicate directory "/Users/runner/work/tcm-storage-ios/tcm-storage-ios/build/Build/Products/Debug-iphonesimulator/PackageFrameworks"
2026-04-22T16:45:05.4170110Z ignoring duplicate directory "/Users/runner/work/tcm-storage-ios/tcm-storage-ios/build/Build/Products/Debug-iphonesimulator/PackageFrameworks"
2026-04-22T16:45:05.4171090Z ignoring duplicate directory "/Users/runner/work/tcm-storage-ios/tcm-storage-ios/build/Build/Products/Debug-iphonesimulator/PackageFrameworks"
2026-04-22T16:45:05.4171600Z ignoring duplicate directory "/Users/runner/work/tcm-storage-ios/tcm-storage-ios/build/Build/Products/Debug-iphonesimulator/PackageFrameworks"
2026-04-22T16:45:05.4172130Z ignoring duplicate directory "/Users/runner/work/tcm-storage-ios/tcm-storage-ios/build/Build/Products/Debug-iphonesimulator/PackageFrameworks"
2026-04-22T16:45:05.4172470Z ignoring duplicate directory "/Users/runner/work/tcm-storage-ios/tcm-storage-ios/build/Build/Products/Debug-iphonesimulator/PackageFrameworks"
2026-04-22T16:45:05.4172820Z ignoring duplicate directory "/Users/runner/work/tcm-storage-ios/tcm-storage-ios/build/Build/Products/Debug-iphonesimulator/PackageFrameworks"
2026-04-22T16:45:05.4173480Z ignoring duplicate directory "/Users/runner/work/tcm-storage-ios/tcm-storage-ios/build/Build/Products/Debug-iphonesimulator/PackageFrameworks"
2026-04-22T16:45:05.4173940Z ignoring duplicate directory "/Users/runner/work/tcm-storage-ios/tcm-storage-ios/build/Build/Products/Debug-iphonesimulator/PackageFrameworks"
2026-04-22T16:45:05.4174330Z ignoring duplicate directory "/Users/runner/work/tcm-storage-ios/tcm-storage-ios/build/Build/Products/Debug-iphonesimulator/PackageFrameworks"
2026-04-22T16:45:05.4174660Z ignoring duplicate directory "/Users/runner/work/tcm-storage-ios/tcm-storage-ios/build/Build/Products/Debug-iphonesimulator/PackageFrameworks"
2026-04-22T16:45:05.4175060Z ignoring duplicate directory "/Users/runner/work/tcm-storage-ios/tcm-storage-ios/build/Build/Products/Debug-iphonesimulator/PackageFrameworks"
2026-04-22T16:45:05.4175120Z #include "..." search starts here:
2026-04-22T16:45:05.4175580Z  /Users/runner/work/tcm-storage-ios/tcm-storage-ios/build/Build/Intermediates.noindex/Nextcloud.build/Debug-iphonesimulator/Nextcloud.build/Nextcloud-generated-files.hmap (headermap)
2026-04-22T16:45:05.4176040Z  /Users/runner/work/tcm-storage-ios/tcm-storage-ios/build/Build/Intermediates.noindex/Nextcloud.build/Debug-iphonesimulator/Nextcloud.build/Nextcloud-project-headers.hmap (headermap)
2026-04-22T16:45:05.4176100Z #include <...> search starts here:
2026-04-22T16:45:05.4176570Z  /Users/runner/work/tcm-storage-ios/tcm-storage-ios/build/Build/Intermediates.noindex/Nextcloud.build/Debug-iphonesimulator/Nextcloud.build/Nextcloud-own-target-headers.hmap (headermap)
2026-04-22T16:45:05.4177100Z  /Users/runner/work/tcm-storage-ios/tcm-storage-ios/build/Build/Intermediates.noindex/Nextcloud.build/Debug-iphonesimulator/Nextcloud.build/Nextcloud-all-non-framework-target-headers.hmap (headermap)
2026-04-22T16:45:05.4177500Z  /Users/runner/work/tcm-storage-ios/tcm-storage-ios/build/SourcePackages/checkouts/swift-nio-ssl/Sources/CNIOBoringSSLShims/include
2026-04-22T16:45:05.4177800Z  /Users/runner/work/tcm-storage-ios/tcm-storage-ios/build/SourcePackages/checkouts/swift-nio-ssl/Sources/CNIOBoringSSL/include
2026-04-22T16:45:05.4178090Z  /Users/runner/work/tcm-storage-ios/tcm-storage-ios/build/SourcePackages/checkouts/swift-atomics/Sources/_AtomicsShims/include
2026-04-22T16:45:05.4178420Z  /Users/runner/work/tcm-storage-ios/tcm-storage-ios/build/SourcePackages/checkouts/swift-nio/Sources/CNIOPosix/include
2026-04-22T16:45:05.4178740Z  /Users/runner/work/tcm-storage-ios/tcm-storage-ios/build/SourcePackages/checkouts/swift-nio/Sources/CNIOWASI/include
2026-04-22T16:45:05.4179200Z  /Users/runner/work/tcm-storage-ios/tcm-storage-ios/build/SourcePackages/checkouts/swift-nio/Sources/CNIOWindows/include
2026-04-22T16:45:05.4179690Z  /Users/runner/work/tcm-storage-ios/tcm-storage-ios/build/SourcePackages/checkouts/swift-nio/Sources/CNIOLinux/include
2026-04-22T16:45:05.4179980Z  /Users/runner/work/tcm-storage-ios/tcm-storage-ios/build/SourcePackages/checkouts/swift-nio/Sources/CNIODarwin/include
2026-04-22T16:45:05.4180250Z  /Users/runner/work/tcm-storage-ios/tcm-storage-ios/build/SourcePackages/checkouts/swift-nio/Sources/CNIOOpenBSD/include
2026-04-22T16:45:05.4180530Z  /Users/runner/work/tcm-storage-ios/tcm-storage-ios/build/SourcePackages/checkouts/swift-nio/Sources/CNIOAtomics/include
2026-04-22T16:45:05.4180760Z  /Users/runner/work/tcm-storage-ios/tcm-storage-ios/build/SourcePackages/checkouts/realm-core/src
2026-04-22T16:45:05.4181030Z  /Users/runner/work/tcm-storage-ios/tcm-storage-ios/build/SourcePackages/checkouts/realm-core/src/external/s2
2026-04-22T16:45:05.4181360Z  /Users/runner/work/tcm-storage-ios/tcm-storage-ios/build/SourcePackages/checkouts/realm-core/src/external/IntelRDFPMathLib20U2/LIBRARY/src
2026-04-22T16:45:05.4181570Z  /Users/runner/work/tcm-storage-ios/tcm-storage-ios/build/SourcePackages/checkouts/realm-core/src/spm
2026-04-22T16:45:05.4181790Z  /Users/runner/work/tcm-storage-ios/tcm-storage-ios/build/SourcePackages/checkouts/realm-swift/include
2026-04-22T16:45:05.4182120Z  /Users/runner/work/tcm-storage-ios/tcm-storage-ios/build/SourcePackages/checkouts/GoogleUtilities/GoogleUtilities/NSData+zlib/Public
2026-04-22T16:45:05.4182450Z  /Users/runner/work/tcm-storage-ios/tcm-storage-ios/build/SourcePackages/checkouts/GoogleUtilities/GoogleUtilities/Logger/Public
2026-04-22T16:45:05.4182780Z  /Users/runner/work/tcm-storage-ios/tcm-storage-ios/build/SourcePackages/checkouts/GoogleUtilities/GoogleUtilities/Environment/Public
2026-04-22T16:45:05.4183100Z  /Users/runner/work/tcm-storage-ios/tcm-storage-ios/build/SourcePackages/checkouts/GoogleUtilities/third_party/IsAppEncrypted/Public
2026-04-22T16:45:05.4183540Z  /Users/runner/work/tcm-storage-ios/tcm-storage-ios/build/SourcePackages/checkouts/GoogleUtilities/GoogleUtilities/UserDefaults/Public
2026-04-22T16:45:05.4183800Z  /Users/runner/work/tcm-storage-ios/tcm-storage-ios/build/SourcePackages/checkouts/nanopb/spm_headers
2026-04-22T16:45:05.4184100Z  /Users/runner/work/tcm-storage-ios/tcm-storage-ios/build/SourcePackages/checkouts/promises/Sources/FBLPromises/include
2026-04-22T16:45:05.4184470Z  /Users/runner/work/tcm-storage-ios/tcm-storage-ios/build/SourcePackages/checkouts/GoogleDataTransport/GoogleDataTransport/GDTCORLibrary/Public
2026-04-22T16:45:05.4184770Z  /Users/runner/work/tcm-storage-ios/tcm-storage-ios/build/SourcePackages/checkouts/firebase-ios-sdk/FirebaseSessions/SourcesObjC
2026-04-22T16:45:05.4185050Z  /Users/runner/work/tcm-storage-ios/tcm-storage-ios/build/SourcePackages/checkouts/firebase-ios-sdk/FirebaseCore/Extension
2026-04-22T16:45:05.4185390Z  /Users/runner/work/tcm-storage-ios/tcm-storage-ios/build/SourcePackages/checkouts/firebase-ios-sdk/FirebaseInstallations/Source/Library/Public
2026-04-22T16:45:05.4185680Z  /Users/runner/work/tcm-storage-ios/tcm-storage-ios/build/SourcePackages/checkouts/firebase-ios-sdk/FirebaseCore/Sources/Public
2026-04-22T16:45:05.4186010Z  /Users/runner/work/tcm-storage-ios/tcm-storage-ios/build/SourcePackages/checkouts/firebase-ios-sdk/CoreOnly/Sources
2026-04-22T16:45:05.4186320Z  /Users/runner/work/tcm-storage-ios/tcm-storage-ios/build/SourcePackages/checkouts/firebase-ios-sdk/Crashlytics/Crashlytics/Public
2026-04-22T16:45:05.4186590Z  /Users/runner/work/tcm-storage-ios/tcm-storage-ios/build/SourcePackages/checkouts/GzipSwift/Sources/system-zlib/include
2026-04-22T16:45:05.4187090Z  /Users/runner/work/tcm-storage-ios/tcm-storage-ios/build/Build/Intermediates.noindex/Nextcloud.build/Debug-iphonesimulator/Nextcloud.build/DerivedSources
2026-04-22T16:45:05.4187410Z  /Users/runner/work/tcm-storage-ios/tcm-storage-ios/build/Build/Products/Debug-iphonesimulator/PackageFrameworks (framework directory)
2026-04-22T16:45:05.4187940Z  /Users/runner/work/tcm-storage-ios/tcm-storage-ios/build/Build/Products/Debug-iphonesimulator (framework directory)
2026-04-22T16:45:05.4188350Z  /Applications/Xcode_26.2.app/Contents/Developer/Platforms/iPhoneSimulator.platform/Developer/Library/Frameworks (framework directory)
2026-04-22T16:45:05.4188770Z  /Applications/Xcode_26.2.app/Contents/Developer/Platforms/iPhoneSimulator.platform/Developer/SDKs/iPhoneSimulator26.2.sdk/Developer/Library/Frameworks (framework directory)
2026-04-22T16:45:05.4189020Z  /Applications/Xcode_26.2.app/Contents/Developer/Toolchains/XcodeDefault.xctoolchain/usr/lib/clang/17/include
2026-04-22T16:45:05.4189360Z  /Applications/Xcode_26.2.app/Contents/Developer/Platforms/iPhoneSimulator.platform/Developer/SDKs/iPhoneSimulator26.2.sdk/usr/include
2026-04-22T16:45:05.4189570Z  /Applications/Xcode_26.2.app/Contents/Developer/Toolchains/XcodeDefault.xctoolchain/usr/include
2026-04-22T16:45:05.4190110Z  /Applications/Xcode_26.2.app/Contents/Developer/Platforms/iPhoneSimulator.platform/Developer/SDKs/iPhoneSimulator26.2.sdk/System/Library/Frameworks (framework directory)
2026-04-22T16:45:05.4190830Z  /Applications/Xcode_26.2.app/Contents/Developer/Platforms/iPhoneSimulator.platform/Developer/SDKs/iPhoneSimulator26.2.sdk/System/Library/SubFrameworks (framework directory)
2026-04-22T16:45:05.4190900Z End of search list.
2026-04-22T16:45:05.4911710Z Apple clang version 17.0.0 (clang-1700.6.3.2)
2026-04-22T16:45:05.5019060Z Target: arm64-apple-ios17.0-simulator
2026-04-22T16:45:05.5126220Z Thread model: posix
2026-04-22T16:45:05.5237780Z InstalledDir: /Applications/Xcode_26.2.app/Contents/Developer/Toolchains/XcodeDefault.xctoolchain/usr/bin
2026-04-22T16:45:05.5341230Z clang -cc1 version 17.0.0 (clang-1700.6.3.2) default target arm64-apple-darwin24.6.0
2026-04-22T16:45:05.5460270Z ignoring nonexistent directory "/Users/runner/work/tcm-storage-ios/tcm-storage-ios/build/Build/Products/Debug-iphonesimulator/include"
2026-04-22T16:45:05.5565570Z ignoring nonexistent directory "/Users/runner/work/tcm-storage-ios/tcm-storage-ios/build/Build/Intermediates.noindex/Nextcloud.build/Debug-iphonesimulator/Nextcloud.build/DerivedSources-normal/arm64"
2026-04-22T16:45:05.5670650Z ignoring nonexistent directory "/Users/runner/work/tcm-storage-ios/tcm-storage-ios/build/Build/Intermediates.noindex/Nextcloud.build/Debug-iphonesimulator/Nextcloud.build/DerivedSources/arm64"
2026-04-22T16:45:05.5788950Z ignoring nonexistent directory "/Applications/Xcode_26.2.app/Contents/Developer/Platforms/iPhoneSimulator.platform/Developer/SDKs/iPhoneSimulator26.2.sdk/usr/local/include"
2026-04-22T16:45:05.5918780Z ignoring nonexistent directory "/Applications/Xcode_26.2.app/Contents/Developer/Platforms/iPhoneSimulator.platform/Developer/SDKs/iPhoneSimulator26.2.sdk/Library/Frameworks"
2026-04-22T16:45:05.6608800Z ignoring duplicate directory "/Users/runner/work/tcm-storage-ios/tcm-storage-ios/build/Build/Products/Debug-iphonesimulator/PackageFrameworks"
2026-04-22T16:45:05.6712670Z ignoring duplicate directory "/Users/runner/work/tcm-storage-ios/tcm-storage-ios/build/Build/Products/Debug-iphonesimulator/PackageFrameworks"
2026-04-22T16:45:05.6818750Z ignoring duplicate directory "/Users/runner/work/tcm-storage-ios/tcm-storage-ios/build/Build/Products/Debug-iphonesimulator/PackageFrameworks"
2026-04-22T16:45:05.6925020Z ignoring duplicate directory "/Users/runner/work/tcm-storage-ios/tcm-storage-ios/build/Build/Products/Debug-iphonesimulator/PackageFrameworks"
2026-04-22T16:45:05.7033600Z ignoring duplicate directory "/Users/runner/work/tcm-storage-ios/tcm-storage-ios/build/Build/Products/Debug-iphonesimulator/PackageFrameworks"
2026-04-22T16:45:05.7131450Z ignoring duplicate directory "/Users/runner/work/tcm-storage-ios/tcm-storage-ios/build/Build/Products/Debug-iphonesimulator/PackageFrameworks"
2026-04-22T16:45:05.7242630Z ignoring duplicate directory "/Users/runner/work/tcm-storage-ios/tcm-storage-ios/build/Build/Products/Debug-iphonesimulator/PackageFrameworks"
2026-04-22T16:45:05.7343800Z ignoring duplicate directory "/Users/runner/work/tcm-storage-ios/tcm-storage-ios/build/Build/Products/Debug-iphonesimulator/PackageFrameworks"
2026-04-22T16:45:05.7459890Z ignoring duplicate directory "/Users/runner/work/tcm-storage-ios/tcm-storage-ios/build/Build/Products/Debug-iphonesimulator/PackageFrameworks"
2026-04-22T16:45:05.7567190Z ignoring duplicate directory "/Users/runner/work/tcm-storage-ios/tcm-storage-ios/build/Build/Products/Debug-iphonesimulator/PackageFrameworks"
2026-04-22T16:45:05.7670530Z ignoring duplicate directory "/Users/runner/work/tcm-storage-ios/tcm-storage-ios/build/Build/Products/Debug-iphonesimulator/PackageFrameworks"
2026-04-22T16:45:05.7777850Z ignoring duplicate directory "/Users/runner/work/tcm-storage-ios/tcm-storage-ios/build/Build/Products/Debug-iphonesimulator/PackageFrameworks"
2026-04-22T16:45:05.7882910Z ignoring duplicate directory "/Users/runner/work/tcm-storage-ios/tcm-storage-ios/build/Build/Products/Debug-iphonesimulator/PackageFrameworks"
2026-04-22T16:45:05.7984630Z ignoring duplicate directory "/Users/runner/work/tcm-storage-ios/tcm-storage-ios/build/Build/Products/Debug-iphonesimulator/PackageFrameworks"
2026-04-22T16:45:05.8086600Z ignoring duplicate directory "/Users/runner/work/tcm-storage-ios/tcm-storage-ios/build/Build/Products/Debug-iphonesimulator/PackageFrameworks"
2026-04-22T16:45:05.8188400Z ignoring duplicate directory "/Users/runner/work/tcm-storage-ios/tcm-storage-ios/build/Build/Products/Debug-iphonesimulator/PackageFrameworks"
2026-04-22T16:45:05.8290660Z ignoring duplicate directory "/Users/runner/work/tcm-storage-ios/tcm-storage-ios/build/Build/Products/Debug-iphonesimulator/PackageFrameworks"
2026-04-22T16:45:05.8393220Z ignoring duplicate directory "/Users/runner/work/tcm-storage-ios/tcm-storage-ios/build/Build/Products/Debug-iphonesimulator/PackageFrameworks"
2026-04-22T16:45:05.8499180Z ignoring duplicate directory "/Users/runner/work/tcm-storage-ios/tcm-storage-ios/build/Build/Products/Debug-iphonesimulator/PackageFrameworks"
2026-04-22T16:45:05.8603460Z ignoring duplicate directory "/Users/runner/work/tcm-storage-ios/tcm-storage-ios/build/Build/Products/Debug-iphonesimulator/PackageFrameworks"
2026-04-22T16:45:05.8708710Z ignoring duplicate directory "/Users/runner/work/tcm-storage-ios/tcm-storage-ios/build/Build/Products/Debug-iphonesimulator/PackageFrameworks"
2026-04-22T16:45:05.8818210Z ignoring duplicate directory "/Users/runner/work/tcm-storage-ios/tcm-storage-ios/build/Build/Products/Debug-iphonesimulator/PackageFrameworks"
2026-04-22T16:45:05.8920700Z ignoring duplicate directory "/Users/runner/work/tcm-storage-ios/tcm-storage-ios/build/Build/Products/Debug-iphonesimulator/PackageFrameworks"
2026-04-22T16:45:05.9021340Z ignoring duplicate directory "/Users/runner/work/tcm-storage-ios/tcm-storage-ios/build/Build/Products/Debug-iphonesimulator/PackageFrameworks"
2026-04-22T16:45:05.9125120Z ignoring duplicate directory "/Users/runner/work/tcm-storage-ios/tcm-storage-ios/build/Build/Products/Debug-iphonesimulator/PackageFrameworks"
2026-04-22T16:45:05.9224650Z ignoring duplicate directory "/Users/runner/work/tcm-storage-ios/tcm-storage-ios/build/Build/Products/Debug-iphonesimulator/PackageFrameworks"
2026-04-22T16:45:05.9252210Z ignoring duplicate directory "/Users/runner/work/tcm-storage-ios/tcm-storage-ios/build/Build/Products/Debug-iphonesimulator/PackageFrameworks"
2026-04-22T16:45:05.9253450Z ignoring duplicate directory "/Users/runner/work/tcm-storage-ios/tcm-storage-ios/build/Build/Products/Debug-iphonesimulator/PackageFrameworks"
2026-04-22T16:45:05.9355460Z ignoring duplicate directory "/Users/runner/work/tcm-storage-ios/tcm-storage-ios/build/Build/Products/Debug-iphonesimulator/PackageFrameworks"
2026-04-22T16:45:05.9457250Z ignoring duplicate directory "/Users/runner/work/tcm-storage-ios/tcm-storage-ios/build/Build/Products/Debug-iphonesimulator/PackageFrameworks"
2026-04-22T16:45:05.9559200Z ignoring duplicate directory "/Users/runner/work/tcm-storage-ios/tcm-storage-ios/build/Build/Products/Debug-iphonesimulator/PackageFrameworks"
2026-04-22T16:45:05.9661860Z ignoring duplicate directory "/Users/runner/work/tcm-storage-ios/tcm-storage-ios/build/Build/Products/Debug-iphonesimulator/PackageFrameworks"
2026-04-22T16:45:05.9749520Z ignoring duplicate directory "/Users/runner/work/tcm-storage-ios/tcm-storage-ios/build/Build/Products/Debug-iphonesimulator/PackageFrameworks"
2026-04-22T16:45:05.9754120Z ignoring duplicate directory "/Users/runner/work/tcm-storage-ios/tcm-storage-ios/build/Build/Products/Debug-iphonesimulator/PackageFrameworks"
2026-04-22T16:45:05.9755310Z ignoring duplicate directory "/Users/runner/work/tcm-storage-ios/tcm-storage-ios/build/Build/Products/Debug-iphonesimulator/PackageFrameworks"
2026-04-22T16:45:05.9758550Z ignoring duplicate directory "/Users/runner/work/tcm-storage-ios/tcm-storage-ios/build/Build/Products/Debug-iphonesimulator/PackageFrameworks"
2026-04-22T16:45:05.9759380Z ignoring duplicate directory "/Users/runner/work/tcm-storage-ios/tcm-storage-ios/build/Build/Products/Debug-iphonesimulator/PackageFrameworks"
2026-04-22T16:45:05.9764190Z ignoring duplicate directory "/Users/runner/work/tcm-storage-ios/tcm-storage-ios/build/Build/Products/Debug-iphonesimulator/PackageFrameworks"
2026-04-22T16:45:05.9764960Z ignoring duplicate directory "/Users/runner/work/tcm-storage-ios/tcm-storage-ios/build/Build/Products/Debug-iphonesimulator/PackageFrameworks"
2026-04-22T16:45:05.9765730Z ignoring duplicate directory "/Users/runner/work/tcm-storage-ios/tcm-storage-ios/build/Build/Products/Debug-iphonesimulator/PackageFrameworks"
2026-04-22T16:45:05.9766490Z ignoring duplicate directory "/Users/runner/work/tcm-storage-ios/tcm-storage-ios/build/Build/Products/Debug-iphonesimulator/PackageFrameworks"
2026-04-22T16:45:05.9767240Z ignoring duplicate directory "/Users/runner/work/tcm-storage-ios/tcm-storage-ios/build/Build/Products/Debug-iphonesimulator/PackageFrameworks"
2026-04-22T16:45:05.9768030Z ignoring duplicate directory "/Users/runner/work/tcm-storage-ios/tcm-storage-ios/build/Build/Products/Debug-iphonesimulator/PackageFrameworks"
2026-04-22T16:45:05.9769040Z ignoring duplicate directory "/Users/runner/work/tcm-storage-ios/tcm-storage-ios/build/Build/Products/Debug-iphonesimulator/PackageFrameworks"
2026-04-22T16:45:05.9769820Z ignoring duplicate directory "/Users/runner/work/tcm-storage-ios/tcm-storage-ios/build/Build/Products/Debug-iphonesimulator/PackageFrameworks"
2026-04-22T16:45:05.9770600Z ignoring duplicate directory "/Users/runner/work/tcm-storage-ios/tcm-storage-ios/build/Build/Products/Debug-iphonesimulator/PackageFrameworks"
2026-04-22T16:45:05.9771360Z ignoring duplicate directory "/Users/runner/work/tcm-storage-ios/tcm-storage-ios/build/Build/Products/Debug-iphonesimulator/PackageFrameworks"
2026-04-22T16:45:05.9772100Z ignoring duplicate directory "/Users/runner/work/tcm-storage-ios/tcm-storage-ios/build/Build/Products/Debug-iphonesimulator/PackageFrameworks"
2026-04-22T16:45:05.9772890Z ignoring duplicate directory "/Users/runner/work/tcm-storage-ios/tcm-storage-ios/build/Build/Products/Debug-iphonesimulator/PackageFrameworks"
2026-04-22T16:45:05.9774060Z ignoring duplicate directory "/Users/runner/work/tcm-storage-ios/tcm-storage-ios/build/Build/Products/Debug-iphonesimulator/PackageFrameworks"
2026-04-22T16:45:05.9774930Z ignoring duplicate directory "/Users/runner/work/tcm-storage-ios/tcm-storage-ios/build/Build/Products/Debug-iphonesimulator/PackageFrameworks"
2026-04-22T16:45:05.9775980Z ignoring duplicate directory "/Users/runner/work/tcm-storage-ios/tcm-storage-ios/build/Build/Products/Debug-iphonesimulator/PackageFrameworks"
2026-04-22T16:45:05.9776760Z ignoring duplicate directory "/Users/runner/work/tcm-storage-ios/tcm-storage-ios/build/Build/Products/Debug-iphonesimulator/PackageFrameworks"
2026-04-22T16:45:05.9778450Z ignoring duplicate directory "/Users/runner/work/tcm-storage-ios/tcm-storage-ios/build/Build/Products/Debug-iphonesimulator/PackageFrameworks"
2026-04-22T16:45:05.9779290Z ignoring duplicate directory "/Users/runner/work/tcm-storage-ios/tcm-storage-ios/build/Build/Products/Debug-iphonesimulator/PackageFrameworks"
2026-04-22T16:45:05.9780040Z ignoring duplicate directory "/Users/runner/work/tcm-storage-ios/tcm-storage-ios/build/Build/Products/Debug-iphonesimulator/PackageFrameworks"
2026-04-22T16:45:05.9781350Z ignoring duplicate directory "/Users/runner/work/tcm-storage-ios/tcm-storage-ios/build/Build/Products/Debug-iphonesimulator/PackageFrameworks"
2026-04-22T16:45:05.9782100Z ignoring duplicate directory "/Users/runner/work/tcm-storage-ios/tcm-storage-ios/build/Build/Products/Debug-iphonesimulator/PackageFrameworks"
2026-04-22T16:45:05.9782830Z ignoring duplicate directory "/Users/runner/work/tcm-storage-ios/tcm-storage-ios/build/Build/Products/Debug-iphonesimulator/PackageFrameworks"
2026-04-22T16:45:05.9783590Z ignoring duplicate directory "/Users/runner/work/tcm-storage-ios/tcm-storage-ios/build/Build/Products/Debug-iphonesimulator/PackageFrameworks"
2026-04-22T16:45:05.9784340Z ignoring duplicate directory "/Users/runner/work/tcm-storage-ios/tcm-storage-ios/build/Build/Products/Debug-iphonesimulator/PackageFrameworks"
2026-04-22T16:45:05.9785190Z ignoring duplicate directory "/Users/runner/work/tcm-storage-ios/tcm-storage-ios/build/Build/Products/Debug-iphonesimulator/PackageFrameworks"
2026-04-22T16:45:05.9785990Z ignoring duplicate directory "/Users/runner/work/tcm-storage-ios/tcm-storage-ios/build/Build/Products/Debug-iphonesimulator/PackageFrameworks"
2026-04-22T16:45:05.9786780Z ignoring duplicate directory "/Users/runner/work/tcm-storage-ios/tcm-storage-ios/build/Build/Products/Debug-iphonesimulator/PackageFrameworks"
2026-04-22T16:45:05.9787610Z ignoring duplicate directory "/Users/runner/work/tcm-storage-ios/tcm-storage-ios/build/Build/Products/Debug-iphonesimulator/PackageFrameworks"
2026-04-22T16:45:05.9788400Z ignoring duplicate directory "/Users/runner/work/tcm-storage-ios/tcm-storage-ios/build/Build/Products/Debug-iphonesimulator/PackageFrameworks"
2026-04-22T16:45:05.9789170Z ignoring duplicate directory "/Users/runner/work/tcm-storage-ios/tcm-storage-ios/build/Build/Products/Debug-iphonesimulator/PackageFrameworks"
2026-04-22T16:45:05.9790140Z ignoring duplicate directory "/Users/runner/work/tcm-storage-ios/tcm-storage-ios/build/Build/Products/Debug-iphonesimulator/PackageFrameworks"
2026-04-22T16:45:05.9790940Z ignoring duplicate directory "/Users/runner/work/tcm-storage-ios/tcm-storage-ios/build/Build/Products/Debug-iphonesimulator/PackageFrameworks"
2026-04-22T16:45:05.9791850Z ignoring duplicate directory "/Users/runner/work/tcm-storage-ios/tcm-storage-ios/build/Build/Products/Debug-iphonesimulator/PackageFrameworks"
2026-04-22T16:45:05.9792690Z ignoring duplicate directory "/Users/runner/work/tcm-storage-ios/tcm-storage-ios/build/Build/Products/Debug-iphonesimulator/PackageFrameworks"
2026-04-22T16:45:05.9793530Z ignoring duplicate directory "/Users/runner/work/tcm-storage-ios/tcm-storage-ios/build/Build/Products/Debug-iphonesimulator/PackageFrameworks"
2026-04-22T16:45:05.9794370Z ignoring duplicate directory "/Users/runner/work/tcm-storage-ios/tcm-storage-ios/build/Build/Products/Debug-iphonesimulator/PackageFrameworks"
2026-04-22T16:45:05.9795170Z ignoring duplicate directory "/Users/runner/work/tcm-storage-ios/tcm-storage-ios/build/Build/Products/Debug-iphonesimulator/PackageFrameworks"
2026-04-22T16:45:05.9796140Z ignoring duplicate directory "/Users/runner/work/tcm-storage-ios/tcm-storage-ios/build/Build/Products/Debug-iphonesimulator/PackageFrameworks"
2026-04-22T16:45:05.9796940Z ignoring duplicate directory "/Users/runner/work/tcm-storage-ios/tcm-storage-ios/build/Build/Products/Debug-iphonesimulator/PackageFrameworks"
2026-04-22T16:45:05.9797520Z #include "..." search starts here:
2026-04-22T16:45:05.9798230Z  /Users/runner/work/tcm-storage-ios/tcm-storage-ios/build/Build/Intermediates.noindex/Nextcloud.build/Debug-iphonesimulator/Nextcloud.build/Nextcloud-generated-files.hmap (headermap)
2026-04-22T16:45:05.9799360Z  /Users/runner/work/tcm-storage-ios/tcm-storage-ios/build/Build/Intermediates.noindex/Nextcloud.build/Debug-iphonesimulator/Nextcloud.build/Nextcloud-project-headers.hmap (headermap)
2026-04-22T16:45:05.9800020Z #include <...> search starts here:
2026-04-22T16:45:05.9800690Z  /Users/runner/work/tcm-storage-ios/tcm-storage-ios/build/Build/Intermediates.noindex/Nextcloud.build/Debug-iphonesimulator/Nextcloud.build/Nextcloud-own-target-headers.hmap (headermap)
2026-04-22T16:45:05.9801780Z  /Users/runner/work/tcm-storage-ios/tcm-storage-ios/build/Build/Intermediates.noindex/Nextcloud.build/Debug-iphonesimulator/Nextcloud.build/Nextcloud-all-non-framework-target-headers.hmap (headermap)
2026-04-22T16:45:05.9802750Z  /Users/runner/work/tcm-storage-ios/tcm-storage-ios/build/SourcePackages/checkouts/swift-nio-ssl/Sources/CNIOBoringSSLShims/include
2026-04-22T16:45:05.9803500Z  /Users/runner/work/tcm-storage-ios/tcm-storage-ios/build/SourcePackages/checkouts/swift-nio-ssl/Sources/CNIOBoringSSL/include
2026-04-22T16:45:05.9804190Z  /Users/runner/work/tcm-storage-ios/tcm-storage-ios/build/SourcePackages/checkouts/swift-atomics/Sources/_AtomicsShims/include
2026-04-22T16:45:05.9804880Z  /Users/runner/work/tcm-storage-ios/tcm-storage-ios/build/SourcePackages/checkouts/swift-nio/Sources/CNIOPosix/include
2026-04-22T16:45:05.9805500Z  /Users/runner/work/tcm-storage-ios/tcm-storage-ios/build/SourcePackages/checkouts/swift-nio/Sources/CNIOWASI/include
2026-04-22T16:45:05.9806230Z  /Users/runner/work/tcm-storage-ios/tcm-storage-ios/build/SourcePackages/checkouts/swift-nio/Sources/CNIOWindows/include
2026-04-22T16:45:05.9806900Z  /Users/runner/work/tcm-storage-ios/tcm-storage-ios/build/SourcePackages/checkouts/swift-nio/Sources/CNIOLinux/include
2026-04-22T16:45:05.9807580Z  /Users/runner/work/tcm-storage-ios/tcm-storage-ios/build/SourcePackages/checkouts/swift-nio/Sources/CNIODarwin/include
2026-04-22T16:45:05.9808330Z  /Users/runner/work/tcm-storage-ios/tcm-storage-ios/build/SourcePackages/checkouts/swift-nio/Sources/CNIOOpenBSD/include
2026-04-22T16:45:05.9809000Z  /Users/runner/work/tcm-storage-ios/tcm-storage-ios/build/SourcePackages/checkouts/swift-nio/Sources/CNIOAtomics/include
2026-04-22T16:45:05.9818260Z  /Users/runner/work/tcm-storage-ios/tcm-storage-ios/build/SourcePackages/checkouts/realm-core/src
2026-04-22T16:45:05.9818890Z  /Users/runner/work/tcm-storage-ios/tcm-storage-ios/build/SourcePackages/checkouts/realm-core/src/external/s2
2026-04-22T16:45:05.9819550Z  /Users/runner/work/tcm-storage-ios/tcm-storage-ios/build/SourcePackages/checkouts/realm-core/src/external/IntelRDFPMathLib20U2/LIBRARY/src
2026-04-22T16:45:05.9820190Z  /Users/runner/work/tcm-storage-ios/tcm-storage-ios/build/SourcePackages/checkouts/realm-core/src/spm
2026-04-22T16:45:05.9821320Z  /Users/runner/work/tcm-storage-ios/tcm-storage-ios/build/SourcePackages/checkouts/realm-swift/include
2026-04-22T16:45:05.9822060Z  /Users/runner/work/tcm-storage-ios/tcm-storage-ios/build/SourcePackages/checkouts/GoogleUtilities/GoogleUtilities/NSData+zlib/Public
2026-04-22T16:45:05.9822810Z  /Users/runner/work/tcm-storage-ios/tcm-storage-ios/build/SourcePackages/checkouts/GoogleUtilities/GoogleUtilities/Logger/Public
2026-04-22T16:45:05.9823540Z  /Users/runner/work/tcm-storage-ios/tcm-storage-ios/build/SourcePackages/checkouts/GoogleUtilities/GoogleUtilities/Environment/Public
2026-04-22T16:45:05.9824470Z  /Users/runner/work/tcm-storage-ios/tcm-storage-ios/build/SourcePackages/checkouts/GoogleUtilities/third_party/IsAppEncrypted/Public
2026-04-22T16:45:05.9826590Z  /Users/runner/work/tcm-storage-ios/tcm-storage-ios/build/SourcePackages/checkouts/GoogleUtilities/GoogleUtilities/UserDefaults/Public
2026-04-22T16:45:05.9827230Z  /Users/runner/work/tcm-storage-ios/tcm-storage-ios/build/SourcePackages/checkouts/nanopb/spm_headers
2026-04-22T16:45:05.9827940Z  /Users/runner/work/tcm-storage-ios/tcm-storage-ios/build/SourcePackages/checkouts/promises/Sources/FBLPromises/include
2026-04-22T16:45:05.9828810Z  /Users/runner/work/tcm-storage-ios/tcm-storage-ios/build/SourcePackages/checkouts/GoogleDataTransport/GoogleDataTransport/GDTCORLibrary/Public
2026-04-22T16:45:05.9829560Z  /Users/runner/work/tcm-storage-ios/tcm-storage-ios/build/SourcePackages/checkouts/firebase-ios-sdk/FirebaseSessions/SourcesObjC
2026-04-22T16:45:05.9830250Z  /Users/runner/work/tcm-storage-ios/tcm-storage-ios/build/SourcePackages/checkouts/firebase-ios-sdk/FirebaseCore/Extension
2026-04-22T16:45:05.9830950Z  /Users/runner/work/tcm-storage-ios/tcm-storage-ios/build/SourcePackages/checkouts/firebase-ios-sdk/FirebaseInstallations/Source/Library/Public
2026-04-22T16:45:05.9831670Z  /Users/runner/work/tcm-storage-ios/tcm-storage-ios/build/SourcePackages/checkouts/firebase-ios-sdk/FirebaseCore/Sources/Public
2026-04-22T16:45:05.9832970Z  /Users/runner/work/tcm-storage-ios/tcm-storage-ios/build/SourcePackages/checkouts/firebase-ios-sdk/CoreOnly/Sources
2026-04-22T16:45:05.9833660Z  /Users/runner/work/tcm-storage-ios/tcm-storage-ios/build/SourcePackages/checkouts/firebase-ios-sdk/Crashlytics/Crashlytics/Public
2026-04-22T16:45:05.9834560Z  /Users/runner/work/tcm-storage-ios/tcm-storage-ios/build/SourcePackages/checkouts/GzipSwift/Sources/system-zlib/include
2026-04-22T16:45:05.9835300Z  /Users/runner/work/tcm-storage-ios/tcm-storage-ios/build/Build/Intermediates.noindex/Nextcloud.build/Debug-iphonesimulator/Nextcloud.build/DerivedSources
2026-04-22T16:45:05.9836460Z  /Users/runner/work/tcm-storage-ios/tcm-storage-ios/build/Build/Products/Debug-iphonesimulator/PackageFrameworks (framework directory)
2026-04-22T16:45:05.9837540Z  /Users/runner/work/tcm-storage-ios/tcm-storage-ios/build/Build/Products/Debug-iphonesimulator (framework directory)
2026-04-22T16:45:05.9838270Z  /Applications/Xcode_26.2.app/Contents/Developer/Platforms/iPhoneSimulator.platform/Developer/Library/Frameworks (framework directory)
2026-04-22T16:45:05.9839120Z  /Applications/Xcode_26.2.app/Contents/Developer/Platforms/iPhoneSimulator.platform/Developer/SDKs/iPhoneSimulator26.2.sdk/Developer/Library/Frameworks (framework directory)
2026-04-22T16:45:05.9839900Z  /Applications/Xcode_26.2.app/Contents/Developer/Toolchains/XcodeDefault.xctoolchain/usr/lib/clang/17/include
2026-04-22T16:45:05.9840560Z  /Applications/Xcode_26.2.app/Contents/Developer/Platforms/iPhoneSimulator.platform/Developer/SDKs/iPhoneSimulator26.2.sdk/usr/include
2026-04-22T16:45:05.9841390Z  /Applications/Xcode_26.2.app/Contents/Developer/Toolchains/XcodeDefault.xctoolchain/usr/include
2026-04-22T16:45:05.9842100Z  /Applications/Xcode_26.2.app/Contents/Developer/Platforms/iPhoneSimulator.platform/Developer/SDKs/iPhoneSimulator26.2.sdk/System/Library/Frameworks (framework directory)
2026-04-22T16:45:05.9843030Z  /Applications/Xcode_26.2.app/Contents/Developer/Platforms/iPhoneSimulator.platform/Developer/SDKs/iPhoneSimulator26.2.sdk/System/Library/SubFrameworks (framework directory)
2026-04-22T16:45:05.9843610Z End of search list.
2026-04-22T16:45:05.9843770Z Apple clang version 17.0.0 (clang-1700.6.3.2)
2026-04-22T16:45:05.9843990Z Target: arm64-apple-ios17.0-simulator
2026-04-22T16:45:05.9844170Z Thread model: posix
2026-04-22T16:45:05.9844520Z InstalledDir: /Applications/Xcode_26.2.app/Contents/Developer/Toolchains/XcodeDefault.xctoolchain/usr/bin
2026-04-22T16:45:05.9845080Z clang -cc1 version 17.0.0 (clang-1700.6.3.2) default target arm64-apple-darwin24.6.0
2026-04-22T16:45:05.9846380Z ignoring nonexistent directory "/Users/runner/work/tcm-storage-ios/tcm-storage-ios/build/Build/Products/Debug-iphonesimulator/include"
2026-04-22T16:45:05.9847340Z ignoring nonexistent directory "/Users/runner/work/tcm-storage-ios/tcm-storage-ios/build/Build/Intermediates.noindex/Nextcloud.build/Debug-iphonesimulator/Nextcloud.build/DerivedSources-normal/arm64"
2026-04-22T16:45:05.9848810Z ignoring nonexistent directory "/Users/runner/work/tcm-storage-ios/tcm-storage-ios/build/Build/Intermediates.noindex/Nextcloud.build/Debug-iphonesimulator/Nextcloud.build/DerivedSources/arm64"
2026-04-22T16:45:05.9850610Z ignoring nonexistent directory "/Applications/Xcode_26.2.app/Contents/Developer/Platforms/iPhoneSimulator.platform/Developer/SDKs/iPhoneSimulator26.2.sdk/usr/local/include"
2026-04-22T16:45:05.9851610Z ignoring nonexistent directory "/Applications/Xcode_26.2.app/Contents/Developer/Platforms/iPhoneSimulator.platform/Developer/SDKs/iPhoneSimulator26.2.sdk/Library/Frameworks"
2026-04-22T16:45:05.9852490Z ignoring duplicate directory "/Users/runner/work/tcm-storage-ios/tcm-storage-ios/build/Build/Products/Debug-iphonesimulator/PackageFrameworks"
2026-04-22T16:45:05.9853270Z ignoring duplicate directory "/Users/runner/work/tcm-storage-ios/tcm-storage-ios/build/Build/Products/Debug-iphonesimulator/PackageFrameworks"
2026-04-22T16:45:05.9854040Z ignoring duplicate directory "/Users/runner/work/tcm-storage-ios/tcm-storage-ios/build/Build/Products/Debug-iphonesimulator/PackageFrameworks"
2026-04-22T16:45:05.9854780Z ignoring duplicate directory "/Users/runner/work/tcm-storage-ios/tcm-storage-ios/build/Build/Products/Debug-iphonesimulator/PackageFrameworks"
2026-04-22T16:45:05.9855700Z ignoring duplicate directory "/Users/runner/work/tcm-storage-ios/tcm-storage-ios/build/Build/Products/Debug-iphonesimulator/PackageFrameworks"
2026-04-22T16:45:05.9856450Z ignoring duplicate directory "/Users/runner/work/tcm-storage-ios/tcm-storage-ios/build/Build/Products/Debug-iphonesimulator/PackageFrameworks"
2026-04-22T16:45:05.9857710Z ignoring duplicate directory "/Users/runner/work/tcm-storage-ios/tcm-storage-ios/build/Build/Products/Debug-iphonesimulator/PackageFrameworks"
2026-04-22T16:45:05.9858580Z ignoring duplicate directory "/Users/runner/work/tcm-storage-ios/tcm-storage-ios/build/Build/Products/Debug-iphonesimulator/PackageFrameworks"
2026-04-22T16:45:05.9859320Z ignoring duplicate directory "/Users/runner/work/tcm-storage-ios/tcm-storage-ios/build/Build/Products/Debug-iphonesimulator/PackageFrameworks"
2026-04-22T16:45:05.9860580Z ignoring duplicate directory "/Users/runner/work/tcm-storage-ios/tcm-storage-ios/build/Build/Products/Debug-iphonesimulator/PackageFrameworks"
2026-04-22T16:45:05.9861360Z ignoring duplicate directory "/Users/runner/work/tcm-storage-ios/tcm-storage-ios/build/Build/Products/Debug-iphonesimulator/PackageFrameworks"
2026-04-22T16:45:05.9862130Z ignoring duplicate directory "/Users/runner/work/tcm-storage-ios/tcm-storage-ios/build/Build/Products/Debug-iphonesimulator/PackageFrameworks"
2026-04-22T16:45:05.9863050Z ignoring duplicate directory "/Users/runner/work/tcm-storage-ios/tcm-storage-ios/build/Build/Products/Debug-iphonesimulator/PackageFrameworks"
2026-04-22T16:45:05.9863790Z ignoring duplicate directory "/Users/runner/work/tcm-storage-ios/tcm-storage-ios/build/Build/Products/Debug-iphonesimulator/PackageFrameworks"
2026-04-22T16:45:05.9864550Z ignoring duplicate directory "/Users/runner/work/tcm-storage-ios/tcm-storage-ios/build/Build/Products/Debug-iphonesimulator/PackageFrameworks"
2026-04-22T16:45:05.9865390Z ignoring duplicate directory "/Users/runner/work/tcm-storage-ios/tcm-storage-ios/build/Build/Products/Debug-iphonesimulator/PackageFrameworks"
2026-04-22T16:45:05.9866410Z ignoring duplicate directory "/Users/runner/work/tcm-storage-ios/tcm-storage-ios/build/Build/Products/Debug-iphonesimulator/PackageFrameworks"
2026-04-22T16:45:05.9867180Z ignoring duplicate directory "/Users/runner/work/tcm-storage-ios/tcm-storage-ios/build/Build/Products/Debug-iphonesimulator/PackageFrameworks"
2026-04-22T16:45:05.9868000Z ignoring duplicate directory "/Users/runner/work/tcm-storage-ios/tcm-storage-ios/build/Build/Products/Debug-iphonesimulator/PackageFrameworks"
2026-04-22T16:45:05.9868770Z ignoring duplicate directory "/Users/runner/work/tcm-storage-ios/tcm-storage-ios/build/Build/Products/Debug-iphonesimulator/PackageFrameworks"
2026-04-22T16:45:05.9869530Z ignoring duplicate directory "/Users/runner/work/tcm-storage-ios/tcm-storage-ios/build/Build/Products/Debug-iphonesimulator/PackageFrameworks"
2026-04-22T16:45:05.9870400Z ignoring duplicate directory "/Users/runner/work/tcm-storage-ios/tcm-storage-ios/build/Build/Products/Debug-iphonesimulator/PackageFrameworks"
2026-04-22T16:45:05.9871240Z ignoring duplicate directory "/Users/runner/work/tcm-storage-ios/tcm-storage-ios/build/Build/Products/Debug-iphonesimulator/PackageFrameworks"
2026-04-22T16:45:05.9872020Z ignoring duplicate directory "/Users/runner/work/tcm-storage-ios/tcm-storage-ios/build/Build/Products/Debug-iphonesimulator/PackageFrameworks"
2026-04-22T16:45:05.9872780Z ignoring duplicate directory "/Users/runner/work/tcm-storage-ios/tcm-storage-ios/build/Build/Products/Debug-iphonesimulator/PackageFrameworks"
2026-04-22T16:45:05.9873530Z ignoring duplicate directory "/Users/runner/work/tcm-storage-ios/tcm-storage-ios/build/Build/Products/Debug-iphonesimulator/PackageFrameworks"
2026-04-22T16:45:05.9874260Z ignoring duplicate directory "/Users/runner/work/tcm-storage-ios/tcm-storage-ios/build/Build/Products/Debug-iphonesimulator/PackageFrameworks"
2026-04-22T16:45:05.9875040Z ignoring duplicate directory "/Users/runner/work/tcm-storage-ios/tcm-storage-ios/build/Build/Products/Debug-iphonesimulator/PackageFrameworks"
2026-04-22T16:45:05.9875940Z ignoring duplicate directory "/Users/runner/work/tcm-storage-ios/tcm-storage-ios/build/Build/Products/Debug-iphonesimulator/PackageFrameworks"
2026-04-22T16:45:05.9876830Z ignoring duplicate directory "/Users/runner/work/tcm-storage-ios/tcm-storage-ios/build/Build/Products/Debug-iphonesimulator/PackageFrameworks"
2026-04-22T16:45:05.9877610Z ignoring duplicate directory "/Users/runner/work/tcm-storage-ios/tcm-storage-ios/build/Build/Products/Debug-iphonesimulator/PackageFrameworks"
2026-04-22T16:45:05.9878350Z ignoring duplicate directory "/Users/runner/work/tcm-storage-ios/tcm-storage-ios/build/Build/Products/Debug-iphonesimulator/PackageFrameworks"
2026-04-22T16:45:05.9879100Z ignoring duplicate directory "/Users/runner/work/tcm-storage-ios/tcm-storage-ios/build/Build/Products/Debug-iphonesimulator/PackageFrameworks"
2026-04-22T16:45:05.9879880Z ignoring duplicate directory "/Users/runner/work/tcm-storage-ios/tcm-storage-ios/build/Build/Products/Debug-iphonesimulator/PackageFrameworks"
2026-04-22T16:45:05.9880630Z ignoring duplicate directory "/Users/runner/work/tcm-storage-ios/tcm-storage-ios/build/Build/Products/Debug-iphonesimulator/PackageFrameworks"
2026-04-22T16:45:05.9881640Z ignoring duplicate directory "/Users/runner/work/tcm-storage-ios/tcm-storage-ios/build/Build/Products/Debug-iphonesimulator/PackageFrameworks"
2026-04-22T16:45:05.9882600Z ignoring duplicate directory "/Users/runner/work/tcm-storage-ios/tcm-storage-ios/build/Build/Products/Debug-iphonesimulator/PackageFrameworks"
2026-04-22T16:45:05.9883360Z ignoring duplicate directory "/Users/runner/work/tcm-storage-ios/tcm-storage-ios/build/Build/Products/Debug-iphonesimulator/PackageFrameworks"
2026-04-22T16:45:05.9884110Z ignoring duplicate directory "/Users/runner/work/tcm-storage-ios/tcm-storage-ios/build/Build/Products/Debug-iphonesimulator/PackageFrameworks"
2026-04-22T16:45:05.9884840Z ignoring duplicate directory "/Users/runner/work/tcm-storage-ios/tcm-storage-ios/build/Build/Products/Debug-iphonesimulator/PackageFrameworks"
2026-04-22T16:45:05.9885570Z ignoring duplicate directory "/Users/runner/work/tcm-storage-ios/tcm-storage-ios/build/Build/Products/Debug-iphonesimulator/PackageFrameworks"
2026-04-22T16:45:05.9886300Z ignoring duplicate directory "/Users/runner/work/tcm-storage-ios/tcm-storage-ios/build/Build/Products/Debug-iphonesimulator/PackageFrameworks"
2026-04-22T16:45:05.9887180Z ignoring duplicate directory "/Users/runner/work/tcm-storage-ios/tcm-storage-ios/build/Build/Products/Debug-iphonesimulator/PackageFrameworks"
2026-04-22T16:45:05.9887950Z ignoring duplicate directory "/Users/runner/work/tcm-storage-ios/tcm-storage-ios/build/Build/Products/Debug-iphonesimulator/PackageFrameworks"
2026-04-22T16:45:05.9888680Z ignoring duplicate directory "/Users/runner/work/tcm-storage-ios/tcm-storage-ios/build/Build/Products/Debug-iphonesimulator/PackageFrameworks"
2026-04-22T16:45:05.9889530Z ignoring duplicate directory "/Users/runner/work/tcm-storage-ios/tcm-storage-ios/build/Build/Products/Debug-iphonesimulator/PackageFrameworks"
2026-04-22T16:45:05.9890260Z ignoring duplicate directory "/Users/runner/work/tcm-storage-ios/tcm-storage-ios/build/Build/Products/Debug-iphonesimulator/PackageFrameworks"
2026-04-22T16:45:05.9891000Z ignoring duplicate directory "/Users/runner/work/tcm-storage-ios/tcm-storage-ios/build/Build/Products/Debug-iphonesimulator/PackageFrameworks"
2026-04-22T16:45:05.9891730Z ignoring duplicate directory "/Users/runner/work/tcm-storage-ios/tcm-storage-ios/build/Build/Products/Debug-iphonesimulator/PackageFrameworks"
2026-04-22T16:45:05.9892450Z ignoring duplicate directory "/Users/runner/work/tcm-storage-ios/tcm-storage-ios/build/Build/Products/Debug-iphonesimulator/PackageFrameworks"
2026-04-22T16:45:05.9893270Z ignoring duplicate directory "/Users/runner/work/tcm-storage-ios/tcm-storage-ios/build/Build/Products/Debug-iphonesimulator/PackageFrameworks"
2026-04-22T16:45:05.9894000Z ignoring duplicate directory "/Users/runner/work/tcm-storage-ios/tcm-storage-ios/build/Build/Products/Debug-iphonesimulator/PackageFrameworks"
2026-04-22T16:45:05.9894770Z ignoring duplicate directory "/Users/runner/work/tcm-storage-ios/tcm-storage-ios/build/Build/Products/Debug-iphonesimulator/PackageFrameworks"
2026-04-22T16:45:05.9895980Z ignoring duplicate directory "/Users/runner/work/tcm-storage-ios/tcm-storage-ios/build/Build/Products/Debug-iphonesimulator/PackageFrameworks"
2026-04-22T16:45:05.9896760Z ignoring duplicate directory "/Users/runner/work/tcm-storage-ios/tcm-storage-ios/build/Build/Products/Debug-iphonesimulator/PackageFrameworks"
2026-04-22T16:45:05.9897520Z ignoring duplicate directory "/Users/runner/work/tcm-storage-ios/tcm-storage-ios/build/Build/Products/Debug-iphonesimulator/PackageFrameworks"
2026-04-22T16:45:05.9898300Z ignoring duplicate directory "/Users/runner/work/tcm-storage-ios/tcm-storage-ios/build/Build/Products/Debug-iphonesimulator/PackageFrameworks"
2026-04-22T16:45:05.9899070Z ignoring duplicate directory "/Users/runner/work/tcm-storage-ios/tcm-storage-ios/build/Build/Products/Debug-iphonesimulator/PackageFrameworks"
2026-04-22T16:45:05.9899860Z ignoring duplicate directory "/Users/runner/work/tcm-storage-ios/tcm-storage-ios/build/Build/Products/Debug-iphonesimulator/PackageFrameworks"
2026-04-22T16:45:05.9900790Z ignoring duplicate directory "/Users/runner/work/tcm-storage-ios/tcm-storage-ios/build/Build/Products/Debug-iphonesimulator/PackageFrameworks"
2026-04-22T16:45:05.9901560Z ignoring duplicate directory "/Users/runner/work/tcm-storage-ios/tcm-storage-ios/build/Build/Products/Debug-iphonesimulator/PackageFrameworks"
2026-04-22T16:45:05.9902310Z ignoring duplicate directory "/Users/runner/work/tcm-storage-ios/tcm-storage-ios/build/Build/Products/Debug-iphonesimulator/PackageFrameworks"
2026-04-22T16:45:05.9903090Z ignoring duplicate directory "/Users/runner/work/tcm-storage-ios/tcm-storage-ios/build/Build/Products/Debug-iphonesimulator/PackageFrameworks"
2026-04-22T16:45:05.9903890Z ignoring duplicate directory "/Users/runner/work/tcm-storage-ios/tcm-storage-ios/build/Build/Products/Debug-iphonesimulator/PackageFrameworks"
2026-04-22T16:45:05.9904650Z ignoring duplicate directory "/Users/runner/work/tcm-storage-ios/tcm-storage-ios/build/Build/Products/Debug-iphonesimulator/PackageFrameworks"
2026-04-22T16:45:05.9905420Z ignoring duplicate directory "/Users/runner/work/tcm-storage-ios/tcm-storage-ios/build/Build/Products/Debug-iphonesimulator/PackageFrameworks"
2026-04-22T16:45:05.9911950Z ignoring duplicate directory "/Users/runner/work/tcm-storage-ios/tcm-storage-ios/build/Build/Products/Debug-iphonesimulator/PackageFrameworks"
2026-04-22T16:45:05.9913740Z ignoring duplicate directory "/Users/runner/work/tcm-storage-ios/tcm-storage-ios/build/Build/Products/Debug-iphonesimulator/PackageFrameworks"
2026-04-22T16:45:05.9914540Z ignoring duplicate directory "/Users/runner/work/tcm-storage-ios/tcm-storage-ios/build/Build/Products/Debug-iphonesimulator/PackageFrameworks"
2026-04-22T16:45:05.9917530Z ignoring duplicate directory "/Users/runner/work/tcm-storage-ios/tcm-storage-ios/build/Build/Products/Debug-iphonesimulator/PackageFrameworks"
2026-04-22T16:45:05.9919430Z ignoring duplicate directory "/Users/runner/work/tcm-storage-ios/tcm-storage-ios/build/Build/Products/Debug-iphonesimulator/PackageFrameworks"
2026-04-22T16:45:05.9920290Z ignoring duplicate directory "/Users/runner/work/tcm-storage-ios/tcm-storage-ios/build/Build/Products/Debug-iphonesimulator/PackageFrameworks"
2026-04-22T16:45:05.9921120Z ignoring duplicate directory "/Users/runner/work/tcm-storage-ios/tcm-storage-ios/build/Build/Products/Debug-iphonesimulator/PackageFrameworks"
2026-04-22T16:45:05.9922020Z ignoring duplicate directory "/Users/runner/work/tcm-storage-ios/tcm-storage-ios/build/Build/Products/Debug-iphonesimulator/PackageFrameworks"
2026-04-22T16:45:05.9922890Z ignoring duplicate directory "/Users/runner/work/tcm-storage-ios/tcm-storage-ios/build/Build/Products/Debug-iphonesimulator/PackageFrameworks"
2026-04-22T16:45:05.9924600Z ignoring duplicate directory "/Users/runner/work/tcm-storage-ios/tcm-storage-ios/build/Build/Products/Debug-iphonesimulator/PackageFrameworks"
2026-04-22T16:45:05.9926180Z #include "..." search starts here:
2026-04-22T16:45:05.9943140Z  /Users/runner/work/tcm-storage-ios/tcm-storage-ios/build/Build/Intermediates.noindex/Nextcloud.build/Debug-iphonesimulator/Nextcloud.build/Nextcloud-generated-files.hmap (headermap)
2026-04-22T16:45:05.9944220Z  /Users/runner/work/tcm-storage-ios/tcm-storage-ios/build/Build/Intermediates.noindex/Nextcloud.build/Debug-iphonesimulator/Nextcloud.build/Nextcloud-project-headers.hmap (headermap)
2026-04-22T16:45:05.9944840Z #include <...> search starts here:
2026-04-22T16:45:05.9945430Z  /Users/runner/work/tcm-storage-ios/tcm-storage-ios/build/Build/Intermediates.noindex/Nextcloud.build/Debug-iphonesimulator/Nextcloud.build/Nextcloud-own-target-headers.hmap (headermap)
2026-04-22T16:45:05.9946510Z  /Users/runner/work/tcm-storage-ios/tcm-storage-ios/build/Build/Intermediates.noindex/Nextcloud.build/Debug-iphonesimulator/Nextcloud.build/Nextcloud-all-non-framework-target-headers.hmap (headermap)
2026-04-22T16:45:05.9947420Z  /Users/runner/work/tcm-storage-ios/tcm-storage-ios/build/SourcePackages/checkouts/swift-nio-ssl/Sources/CNIOBoringSSLShims/include
2026-04-22T16:45:05.9948430Z  /Users/runner/work/tcm-storage-ios/tcm-storage-ios/build/SourcePackages/checkouts/swift-nio-ssl/Sources/CNIOBoringSSL/include
2026-04-22T16:45:05.9949080Z  /Users/runner/work/tcm-storage-ios/tcm-storage-ios/build/SourcePackages/checkouts/swift-atomics/Sources/_AtomicsShims/include
2026-04-22T16:45:05.9949710Z  /Users/runner/work/tcm-storage-ios/tcm-storage-ios/build/SourcePackages/checkouts/swift-nio/Sources/CNIOPosix/include
2026-04-22T16:45:05.9950550Z  /Users/runner/work/tcm-storage-ios/tcm-storage-ios/build/SourcePackages/checkouts/swift-nio/Sources/CNIOWASI/include
2026-04-22T16:45:05.9951190Z  /Users/runner/work/tcm-storage-ios/tcm-storage-ios/build/SourcePackages/checkouts/swift-nio/Sources/CNIOWindows/include
2026-04-22T16:45:05.9951800Z  /Users/runner/work/tcm-storage-ios/tcm-storage-ios/build/SourcePackages/checkouts/swift-nio/Sources/CNIOLinux/include
2026-04-22T16:45:05.9952470Z  /Users/runner/work/tcm-storage-ios/tcm-storage-ios/build/SourcePackages/checkouts/swift-nio/Sources/CNIODarwin/include
2026-04-22T16:45:05.9953090Z  /Users/runner/work/tcm-storage-ios/tcm-storage-ios/build/SourcePackages/checkouts/swift-nio/Sources/CNIOOpenBSD/include
2026-04-22T16:45:05.9953810Z  /Users/runner/work/tcm-storage-ios/tcm-storage-ios/build/SourcePackages/checkouts/swift-nio/Sources/CNIOAtomics/include
2026-04-22T16:45:05.9954380Z  /Users/runner/work/tcm-storage-ios/tcm-storage-ios/build/SourcePackages/checkouts/realm-core/src
2026-04-22T16:45:05.9955020Z  /Users/runner/work/tcm-storage-ios/tcm-storage-ios/build/SourcePackages/checkouts/realm-core/src/external/s2
2026-04-22T16:45:05.9955940Z  /Users/runner/work/tcm-storage-ios/tcm-storage-ios/build/SourcePackages/checkouts/realm-core/src/external/IntelRDFPMathLib20U2/LIBRARY/src
2026-04-22T16:45:05.9956670Z  /Users/runner/work/tcm-storage-ios/tcm-storage-ios/build/SourcePackages/checkouts/realm-core/src/spm
2026-04-22T16:45:05.9957190Z  /Users/runner/work/tcm-storage-ios/tcm-storage-ios/build/SourcePackages/checkouts/realm-swift/include
2026-04-22T16:45:05.9957810Z  /Users/runner/work/tcm-storage-ios/tcm-storage-ios/build/SourcePackages/checkouts/GoogleUtilities/GoogleUtilities/NSData+zlib/Public
2026-04-22T16:45:05.9958630Z  /Users/runner/work/tcm-storage-ios/tcm-storage-ios/build/SourcePackages/checkouts/GoogleUtilities/GoogleUtilities/Logger/Public
2026-04-22T16:45:05.9959410Z  /Users/runner/work/tcm-storage-ios/tcm-storage-ios/build/SourcePackages/checkouts/GoogleUtilities/GoogleUtilities/Environment/Public
2026-04-22T16:45:05.9960100Z  /Users/runner/work/tcm-storage-ios/tcm-storage-ios/build/SourcePackages/checkouts/GoogleUtilities/third_party/IsAppEncrypted/Public
2026-04-22T16:45:05.9960910Z  /Users/runner/work/tcm-storage-ios/tcm-storage-ios/build/SourcePackages/checkouts/GoogleUtilities/GoogleUtilities/UserDefaults/Public
2026-04-22T16:45:05.9961520Z  /Users/runner/work/tcm-storage-ios/tcm-storage-ios/build/SourcePackages/checkouts/nanopb/spm_headers
2026-04-22T16:45:05.9962110Z  /Users/runner/work/tcm-storage-ios/tcm-storage-ios/build/SourcePackages/checkouts/promises/Sources/FBLPromises/include
2026-04-22T16:45:05.9962800Z  /Users/runner/work/tcm-storage-ios/tcm-storage-ios/build/SourcePackages/checkouts/GoogleDataTransport/GoogleDataTransport/GDTCORLibrary/Public
2026-04-22T16:45:05.9963630Z  /Users/runner/work/tcm-storage-ios/tcm-storage-ios/build/SourcePackages/checkouts/firebase-ios-sdk/FirebaseSessions/SourcesObjC
2026-04-22T16:45:05.9964370Z  /Users/runner/work/tcm-storage-ios/tcm-storage-ios/build/SourcePackages/checkouts/firebase-ios-sdk/FirebaseCore/Extension
2026-04-22T16:45:05.9965090Z  /Users/runner/work/tcm-storage-ios/tcm-storage-ios/build/SourcePackages/checkouts/firebase-ios-sdk/FirebaseInstallations/Source/Library/Public
2026-04-22T16:45:05.9965880Z  /Users/runner/work/tcm-storage-ios/tcm-storage-ios/build/SourcePackages/checkouts/firebase-ios-sdk/FirebaseCore/Sources/Public
2026-04-22T16:45:05.9966550Z  /Users/runner/work/tcm-storage-ios/tcm-storage-ios/build/SourcePackages/checkouts/firebase-ios-sdk/CoreOnly/Sources
2026-04-22T16:45:05.9967470Z  /Users/runner/work/tcm-storage-ios/tcm-storage-ios/build/SourcePackages/checkouts/firebase-ios-sdk/Crashlytics/Crashlytics/Public
2026-04-22T16:45:05.9969580Z  /Users/runner/work/tcm-storage-ios/tcm-storage-ios/build/SourcePackages/checkouts/GzipSwift/Sources/system-zlib/include
2026-04-22T16:45:05.9971680Z  /Users/runner/work/tcm-storage-ios/tcm-storage-ios/build/Build/Intermediates.noindex/Nextcloud.build/Debug-iphonesimulator/Nextcloud.build/DerivedSources
2026-04-22T16:45:05.9972460Z  /Users/runner/work/tcm-storage-ios/tcm-storage-ios/build/Build/Products/Debug-iphonesimulator/PackageFrameworks (framework directory)
2026-04-22T16:45:05.9973120Z  /Users/runner/work/tcm-storage-ios/tcm-storage-ios/build/Build/Products/Debug-iphonesimulator (framework directory)
2026-04-22T16:45:05.9984540Z  /Applications/Xcode_26.2.app/Contents/Developer/Platforms/iPhoneSimulator.platform/Developer/Library/Frameworks (framework directory)
2026-04-22T16:45:05.9985380Z  /Applications/Xcode_26.2.app/Contents/Developer/Platforms/iPhoneSimulator.platform/Developer/SDKs/iPhoneSimulator26.2.sdk/Developer/Library/Frameworks (framework directory)
2026-04-22T16:45:05.9986610Z  /Applications/Xcode_26.2.app/Contents/Developer/Toolchains/XcodeDefault.xctoolchain/usr/lib/clang/17/include
2026-04-22T16:45:05.9987260Z  /Applications/Xcode_26.2.app/Contents/Developer/Platforms/iPhoneSimulator.platform/Developer/SDKs/iPhoneSimulator26.2.sdk/usr/include
2026-04-22T16:45:05.9987860Z  /Applications/Xcode_26.2.app/Contents/Developer/Toolchains/XcodeDefault.xctoolchain/usr/include
2026-04-22T16:45:05.9991450Z  /Applications/Xcode_26.2.app/Contents/Developer/Platforms/iPhoneSimulator.platform/Developer/SDKs/iPhoneSimulator26.2.sdk/System/Library/Frameworks (framework directory)
2026-04-22T16:45:05.9992570Z  /Applications/Xcode_26.2.app/Contents/Developer/Platforms/iPhoneSimulator.platform/Developer/SDKs/iPhoneSimulator26.2.sdk/System/Library/SubFrameworks (framework directory)
2026-04-22T16:45:05.9993140Z End of search list.
2026-04-22T16:45:05.9993300Z Apple clang version 17.0.0 (clang-1700.6.3.2)
2026-04-22T16:45:05.9993510Z Target: arm64-apple-ios17.0-simulator
2026-04-22T16:45:05.9993680Z Thread model: posix
2026-04-22T16:45:05.9994010Z InstalledDir: /Applications/Xcode_26.2.app/Contents/Developer/Toolchains/XcodeDefault.xctoolchain/usr/bin
2026-04-22T16:45:05.9994480Z clang -cc1 version 17.0.0 (clang-1700.6.3.2) default target arm64-apple-darwin24.6.0
2026-04-22T16:45:05.9995060Z ignoring nonexistent directory "/Users/runner/work/tcm-storage-ios/tcm-storage-ios/build/Build/Products/Debug-iphonesimulator/include"
2026-04-22T16:45:05.9995960Z ignoring nonexistent directory "/Users/runner/work/tcm-storage-ios/tcm-storage-ios/build/Build/Intermediates.noindex/Nextcloud.build/Debug-iphonesimulator/Nextcloud.build/DerivedSources-normal/arm64"
2026-04-22T16:45:05.9997040Z ignoring nonexistent directory "/Users/runner/work/tcm-storage-ios/tcm-storage-ios/build/Build/Intermediates.noindex/Nextcloud.build/Debug-iphonesimulator/Nextcloud.build/DerivedSources/arm64"
2026-04-22T16:45:05.9998020Z ignoring nonexistent directory "/Applications/Xcode_26.2.app/Contents/Developer/Platforms/iPhoneSimulator.platform/Developer/SDKs/iPhoneSimulator26.2.sdk/usr/local/include"
2026-04-22T16:45:05.9998950Z ignoring nonexistent directory "/Applications/Xcode_26.2.app/Contents/Developer/Platforms/iPhoneSimulator.platform/Developer/SDKs/iPhoneSimulator26.2.sdk/Library/Frameworks"
2026-04-22T16:45:05.9999780Z ignoring duplicate directory "/Users/runner/work/tcm-storage-ios/tcm-storage-ios/build/Build/Products/Debug-iphonesimulator/PackageFrameworks"
2026-04-22T16:45:06.0000980Z ignoring duplicate directory "/Users/runner/work/tcm-storage-ios/tcm-storage-ios/build/Build/Products/Debug-iphonesimulator/PackageFrameworks"
2026-04-22T16:45:06.0001780Z ignoring duplicate directory "/Users/runner/work/tcm-storage-ios/tcm-storage-ios/build/Build/Products/Debug-iphonesimulator/PackageFrameworks"
2026-04-22T16:45:06.0002540Z ignoring duplicate directory "/Users/runner/work/tcm-storage-ios/tcm-storage-ios/build/Build/Products/Debug-iphonesimulator/PackageFrameworks"
2026-04-22T16:45:06.0003500Z ignoring duplicate directory "/Users/runner/work/tcm-storage-ios/tcm-storage-ios/build/Build/Products/Debug-iphonesimulator/PackageFrameworks"
2026-04-22T16:45:06.0004230Z ignoring duplicate directory "/Users/runner/work/tcm-storage-ios/tcm-storage-ios/build/Build/Products/Debug-iphonesimulator/PackageFrameworks"
2026-04-22T16:45:06.0004990Z ignoring duplicate directory "/Users/runner/work/tcm-storage-ios/tcm-storage-ios/build/Build/Products/Debug-iphonesimulator/PackageFrameworks"
2026-04-22T16:45:06.0005760Z ignoring duplicate directory "/Users/runner/work/tcm-storage-ios/tcm-storage-ios/build/Build/Products/Debug-iphonesimulator/PackageFrameworks"
2026-04-22T16:45:06.0006510Z ignoring duplicate directory "/Users/runner/work/tcm-storage-ios/tcm-storage-ios/build/Build/Products/Debug-iphonesimulator/PackageFrameworks"
2026-04-22T16:45:06.0007240Z ignoring duplicate directory "/Users/runner/work/tcm-storage-ios/tcm-storage-ios/build/Build/Products/Debug-iphonesimulator/PackageFrameworks"
2026-04-22T16:45:06.0008090Z ignoring duplicate directory "/Users/runner/work/tcm-storage-ios/tcm-storage-ios/build/Build/Products/Debug-iphonesimulator/PackageFrameworks"
2026-04-22T16:45:06.0008870Z ignoring duplicate directory "/Users/runner/work/tcm-storage-ios/tcm-storage-ios/build/Build/Products/Debug-iphonesimulator/PackageFrameworks"
2026-04-22T16:45:06.0009600Z ignoring duplicate directory "/Users/runner/work/tcm-storage-ios/tcm-storage-ios/build/Build/Products/Debug-iphonesimulator/PackageFrameworks"
2026-04-22T16:45:06.0010390Z ignoring duplicate directory "/Users/runner/work/tcm-storage-ios/tcm-storage-ios/build/Build/Products/Debug-iphonesimulator/PackageFrameworks"
2026-04-22T16:45:06.0011160Z ignoring duplicate directory "/Users/runner/work/tcm-storage-ios/tcm-storage-ios/build/Build/Products/Debug-iphonesimulator/PackageFrameworks"
2026-04-22T16:45:06.0011910Z ignoring duplicate directory "/Users/runner/work/tcm-storage-ios/tcm-storage-ios/build/Build/Products/Debug-iphonesimulator/PackageFrameworks"
2026-04-22T16:45:06.0012660Z ignoring duplicate directory "/Users/runner/work/tcm-storage-ios/tcm-storage-ios/build/Build/Products/Debug-iphonesimulator/PackageFrameworks"
2026-04-22T16:45:06.0013410Z ignoring duplicate directory "/Users/runner/work/tcm-storage-ios/tcm-storage-ios/build/Build/Products/Debug-iphonesimulator/PackageFrameworks"
2026-04-22T16:45:06.0014160Z ignoring duplicate directory "/Users/runner/work/tcm-storage-ios/tcm-storage-ios/build/Build/Products/Debug-iphonesimulator/PackageFrameworks"
2026-04-22T16:45:06.0014900Z ignoring duplicate directory "/Users/runner/work/tcm-storage-ios/tcm-storage-ios/build/Build/Products/Debug-iphonesimulator/PackageFrameworks"
2026-04-22T16:45:06.0015630Z ignoring duplicate directory "/Users/runner/work/tcm-storage-ios/tcm-storage-ios/build/Build/Products/Debug-iphonesimulator/PackageFrameworks"
2026-04-22T16:45:06.0016370Z ignoring duplicate directory "/Users/runner/work/tcm-storage-ios/tcm-storage-ios/build/Build/Products/Debug-iphonesimulator/PackageFrameworks"
2026-04-22T16:45:06.0017100Z ignoring duplicate directory "/Users/runner/work/tcm-storage-ios/tcm-storage-ios/build/Build/Products/Debug-iphonesimulator/PackageFrameworks"
2026-04-22T16:45:06.0017850Z ignoring duplicate directory "/Users/runner/work/tcm-storage-ios/tcm-storage-ios/build/Build/Products/Debug-iphonesimulator/PackageFrameworks"
2026-04-22T16:45:06.0018590Z ignoring duplicate directory "/Users/runner/work/tcm-storage-ios/tcm-storage-ios/build/Build/Products/Debug-iphonesimulator/PackageFrameworks"
2026-04-22T16:45:06.0019320Z ignoring duplicate directory "/Users/runner/work/tcm-storage-ios/tcm-storage-ios/build/Build/Products/Debug-iphonesimulator/PackageFrameworks"
2026-04-22T16:45:06.0020050Z ignoring duplicate directory "/Users/runner/work/tcm-storage-ios/tcm-storage-ios/build/Build/Products/Debug-iphonesimulator/PackageFrameworks"
2026-04-22T16:45:06.0020820Z ignoring duplicate directory "/Users/runner/work/tcm-storage-ios/tcm-storage-ios/build/Build/Products/Debug-iphonesimulator/PackageFrameworks"
2026-04-22T16:45:06.0021660Z ignoring duplicate directory "/Users/runner/work/tcm-storage-ios/tcm-storage-ios/build/Build/Products/Debug-iphonesimulator/PackageFrameworks"
2026-04-22T16:45:06.0022380Z ignoring duplicate directory "/Users/runner/work/tcm-storage-ios/tcm-storage-ios/build/Build/Products/Debug-iphonesimulator/PackageFrameworks"
2026-04-22T16:45:06.0023110Z ignoring duplicate directory "/Users/runner/work/tcm-storage-ios/tcm-storage-ios/build/Build/Products/Debug-iphonesimulator/PackageFrameworks"
2026-04-22T16:45:06.0032770Z ignoring duplicate directory "/Users/runner/work/tcm-storage-ios/tcm-storage-ios/build/Build/Products/Debug-iphonesimulator/PackageFrameworks"
2026-04-22T16:45:06.0033570Z ignoring duplicate directory "/Users/runner/work/tcm-storage-ios/tcm-storage-ios/build/Build/Products/Debug-iphonesimulator/PackageFrameworks"
2026-04-22T16:45:06.0036710Z ignoring duplicate directory "/Users/runner/work/tcm-storage-ios/tcm-storage-ios/build/Build/Products/Debug-iphonesimulator/PackageFrameworks"
2026-04-22T16:45:06.0037740Z ignoring duplicate directory "/Users/runner/work/tcm-storage-ios/tcm-storage-ios/build/Build/Products/Debug-iphonesimulator/PackageFrameworks"
2026-04-22T16:45:06.0038550Z ignoring duplicate directory "/Users/runner/work/tcm-storage-ios/tcm-storage-ios/build/Build/Products/Debug-iphonesimulator/PackageFrameworks"
2026-04-22T16:45:06.0039400Z ignoring duplicate directory "/Users/runner/work/tcm-storage-ios/tcm-storage-ios/build/Build/Products/Debug-iphonesimulator/PackageFrameworks"
2026-04-22T16:45:06.0040250Z ignoring duplicate directory "/Users/runner/work/tcm-storage-ios/tcm-storage-ios/build/Build/Products/Debug-iphonesimulator/PackageFrameworks"
2026-04-22T16:45:06.0041040Z ignoring duplicate directory "/Users/runner/work/tcm-storage-ios/tcm-storage-ios/build/Build/Products/Debug-iphonesimulator/PackageFrameworks"
2026-04-22T16:45:06.0041880Z ignoring duplicate directory "/Users/runner/work/tcm-storage-ios/tcm-storage-ios/build/Build/Products/Debug-iphonesimulator/PackageFrameworks"
2026-04-22T16:45:06.0042730Z ignoring duplicate directory "/Users/runner/work/tcm-storage-ios/tcm-storage-ios/build/Build/Products/Debug-iphonesimulator/PackageFrameworks"
2026-04-22T16:45:06.0043560Z ignoring duplicate directory "/Users/runner/work/tcm-storage-ios/tcm-storage-ios/build/Build/Products/Debug-iphonesimulator/PackageFrameworks"
2026-04-22T16:45:06.0044330Z ignoring duplicate directory "/Users/runner/work/tcm-storage-ios/tcm-storage-ios/build/Build/Products/Debug-iphonesimulator/PackageFrameworks"
2026-04-22T16:45:06.0045070Z ignoring duplicate directory "/Users/runner/work/tcm-storage-ios/tcm-storage-ios/build/Build/Products/Debug-iphonesimulator/PackageFrameworks"
2026-04-22T16:45:06.0045850Z ignoring duplicate directory "/Users/runner/work/tcm-storage-ios/tcm-storage-ios/build/Build/Products/Debug-iphonesimulator/PackageFrameworks"
2026-04-22T16:45:06.0046610Z ignoring duplicate directory "/Users/runner/work/tcm-storage-ios/tcm-storage-ios/build/Build/Products/Debug-iphonesimulator/PackageFrameworks"
2026-04-22T16:45:06.0047350Z ignoring duplicate directory "/Users/runner/work/tcm-storage-ios/tcm-storage-ios/build/Build/Products/Debug-iphonesimulator/PackageFrameworks"
2026-04-22T16:45:06.0048120Z ignoring duplicate directory "/Users/runner/work/tcm-storage-ios/tcm-storage-ios/build/Build/Products/Debug-iphonesimulator/PackageFrameworks"
2026-04-22T16:45:06.0048980Z ignoring duplicate directory "/Users/runner/work/tcm-storage-ios/tcm-storage-ios/build/Build/Products/Debug-iphonesimulator/PackageFrameworks"
2026-04-22T16:45:06.0050480Z ignoring duplicate directory "/Users/runner/work/tcm-storage-ios/tcm-storage-ios/build/Build/Products/Debug-iphonesimulator/PackageFrameworks"
2026-04-22T16:45:06.0051250Z ignoring duplicate directory "/Users/runner/work/tcm-storage-ios/tcm-storage-ios/build/Build/Products/Debug-iphonesimulator/PackageFrameworks"
2026-04-22T16:45:06.0052120Z ignoring duplicate directory "/Users/runner/work/tcm-storage-ios/tcm-storage-ios/build/Build/Products/Debug-iphonesimulator/PackageFrameworks"
2026-04-22T16:45:06.0052850Z ignoring duplicate directory "/Users/runner/work/tcm-storage-ios/tcm-storage-ios/build/Build/Products/Debug-iphonesimulator/PackageFrameworks"
2026-04-22T16:45:06.0053590Z ignoring duplicate directory "/Users/runner/work/tcm-storage-ios/tcm-storage-ios/build/Build/Products/Debug-iphonesimulator/PackageFrameworks"
2026-04-22T16:45:06.0054340Z ignoring duplicate directory "/Users/runner/work/tcm-storage-ios/tcm-storage-ios/build/Build/Products/Debug-iphonesimulator/PackageFrameworks"
2026-04-22T16:45:06.0055080Z ignoring duplicate directory "/Users/runner/work/tcm-storage-ios/tcm-storage-ios/build/Build/Products/Debug-iphonesimulator/PackageFrameworks"
2026-04-22T16:45:06.0055840Z ignoring duplicate directory "/Users/runner/work/tcm-storage-ios/tcm-storage-ios/build/Build/Products/Debug-iphonesimulator/PackageFrameworks"
2026-04-22T16:45:06.0056580Z ignoring duplicate directory "/Users/runner/work/tcm-storage-ios/tcm-storage-ios/build/Build/Products/Debug-iphonesimulator/PackageFrameworks"
2026-04-22T16:45:06.0057400Z ignoring duplicate directory "/Users/runner/work/tcm-storage-ios/tcm-storage-ios/build/Build/Products/Debug-iphonesimulator/PackageFrameworks"
2026-04-22T16:45:06.0058150Z ignoring duplicate directory "/Users/runner/work/tcm-storage-ios/tcm-storage-ios/build/Build/Products/Debug-iphonesimulator/PackageFrameworks"
2026-04-22T16:45:06.0058900Z ignoring duplicate directory "/Users/runner/work/tcm-storage-ios/tcm-storage-ios/build/Build/Products/Debug-iphonesimulator/PackageFrameworks"
2026-04-22T16:45:06.0059760Z ignoring duplicate directory "/Users/runner/work/tcm-storage-ios/tcm-storage-ios/build/Build/Products/Debug-iphonesimulator/PackageFrameworks"
2026-04-22T16:45:06.0060530Z ignoring duplicate directory "/Users/runner/work/tcm-storage-ios/tcm-storage-ios/build/Build/Products/Debug-iphonesimulator/PackageFrameworks"
2026-04-22T16:45:06.0061310Z ignoring duplicate directory "/Users/runner/work/tcm-storage-ios/tcm-storage-ios/build/Build/Products/Debug-iphonesimulator/PackageFrameworks"
2026-04-22T16:45:06.0062190Z ignoring duplicate directory "/Users/runner/work/tcm-storage-ios/tcm-storage-ios/build/Build/Products/Debug-iphonesimulator/PackageFrameworks"
2026-04-22T16:45:06.0062980Z ignoring duplicate directory "/Users/runner/work/tcm-storage-ios/tcm-storage-ios/build/Build/Products/Debug-iphonesimulator/PackageFrameworks"
2026-04-22T16:45:06.0063810Z ignoring duplicate directory "/Users/runner/work/tcm-storage-ios/tcm-storage-ios/build/Build/Products/Debug-iphonesimulator/PackageFrameworks"
2026-04-22T16:45:06.0064640Z ignoring duplicate directory "/Users/runner/work/tcm-storage-ios/tcm-storage-ios/build/Build/Products/Debug-iphonesimulator/PackageFrameworks"
2026-04-22T16:45:06.0065440Z ignoring duplicate directory "/Users/runner/work/tcm-storage-ios/tcm-storage-ios/build/Build/Products/Debug-iphonesimulator/PackageFrameworks"
2026-04-22T16:45:06.0066220Z ignoring duplicate directory "/Users/runner/work/tcm-storage-ios/tcm-storage-ios/build/Build/Products/Debug-iphonesimulator/PackageFrameworks"
2026-04-22T16:45:06.0066970Z ignoring duplicate directory "/Users/runner/work/tcm-storage-ios/tcm-storage-ios/build/Build/Products/Debug-iphonesimulator/PackageFrameworks"
2026-04-22T16:45:06.0067700Z ignoring duplicate directory "/Users/runner/work/tcm-storage-ios/tcm-storage-ios/build/Build/Products/Debug-iphonesimulator/PackageFrameworks"
2026-04-22T16:45:06.0068470Z ignoring duplicate directory "/Users/runner/work/tcm-storage-ios/tcm-storage-ios/build/Build/Products/Debug-iphonesimulator/PackageFrameworks"
2026-04-22T16:45:06.0069440Z ignoring duplicate directory "/Users/runner/work/tcm-storage-ios/tcm-storage-ios/build/Build/Products/Debug-iphonesimulator/PackageFrameworks"
2026-04-22T16:45:06.0070240Z ignoring duplicate directory "/Users/runner/work/tcm-storage-ios/tcm-storage-ios/build/Build/Products/Debug-iphonesimulator/PackageFrameworks"
2026-04-22T16:45:06.0071060Z ignoring duplicate directory "/Users/runner/work/tcm-storage-ios/tcm-storage-ios/build/Build/Products/Debug-iphonesimulator/PackageFrameworks"
2026-04-22T16:45:06.0071520Z #include "..." search starts here:
2026-04-22T16:45:06.0072100Z  /Users/runner/work/tcm-storage-ios/tcm-storage-ios/build/Build/Intermediates.noindex/Nextcloud.build/Debug-iphonesimulator/Nextcloud.build/Nextcloud-generated-files.hmap (headermap)
2026-04-22T16:45:06.0073090Z  /Users/runner/work/tcm-storage-ios/tcm-storage-ios/build/Build/Intermediates.noindex/Nextcloud.build/Debug-iphonesimulator/Nextcloud.build/Nextcloud-project-headers.hmap (headermap)
2026-04-22T16:45:06.0073700Z #include <...> search starts here:
2026-04-22T16:45:06.0106450Z  /Users/runner/work/tcm-storage-ios/tcm-storage-ios/build/Build/Intermediates.noindex/Nextcloud.build/Debug-iphonesimulator/Nextcloud.build/Nextcloud-own-target-headers.hmap (headermap)
2026-04-22T16:45:06.0107530Z  /Users/runner/work/tcm-storage-ios/tcm-storage-ios/build/Build/Intermediates.noindex/Nextcloud.build/Debug-iphonesimulator/Nextcloud.build/Nextcloud-all-non-framework-target-headers.hmap (headermap)
2026-04-22T16:45:06.0108670Z  /Users/runner/work/tcm-storage-ios/tcm-storage-ios/build/SourcePackages/checkouts/swift-nio-ssl/Sources/CNIOBoringSSLShims/include
2026-04-22T16:45:06.0109370Z  /Users/runner/work/tcm-storage-ios/tcm-storage-ios/build/SourcePackages/checkouts/swift-nio-ssl/Sources/CNIOBoringSSL/include
2026-04-22T16:45:06.0110020Z  /Users/runner/work/tcm-storage-ios/tcm-storage-ios/build/SourcePackages/checkouts/swift-atomics/Sources/_AtomicsShims/include
2026-04-22T16:45:06.0110810Z  /Users/runner/work/tcm-storage-ios/tcm-storage-ios/build/SourcePackages/checkouts/swift-nio/Sources/CNIOPosix/include
2026-04-22T16:45:06.0111580Z  /Users/runner/work/tcm-storage-ios/tcm-storage-ios/build/SourcePackages/checkouts/swift-nio/Sources/CNIOWASI/include
2026-04-22T16:45:06.0112210Z  /Users/runner/work/tcm-storage-ios/tcm-storage-ios/build/SourcePackages/checkouts/swift-nio/Sources/CNIOWindows/include
2026-04-22T16:45:06.0112830Z  /Users/runner/work/tcm-storage-ios/tcm-storage-ios/build/SourcePackages/checkouts/swift-nio/Sources/CNIOLinux/include
2026-04-22T16:45:06.0113440Z  /Users/runner/work/tcm-storage-ios/tcm-storage-ios/build/SourcePackages/checkouts/swift-nio/Sources/CNIODarwin/include
2026-04-22T16:45:06.0114060Z  /Users/runner/work/tcm-storage-ios/tcm-storage-ios/build/SourcePackages/checkouts/swift-nio/Sources/CNIOOpenBSD/include
2026-04-22T16:45:06.0114680Z  /Users/runner/work/tcm-storage-ios/tcm-storage-ios/build/SourcePackages/checkouts/swift-nio/Sources/CNIOAtomics/include
2026-04-22T16:45:06.0115230Z  /Users/runner/work/tcm-storage-ios/tcm-storage-ios/build/SourcePackages/checkouts/realm-core/src
2026-04-22T16:45:06.0115780Z  /Users/runner/work/tcm-storage-ios/tcm-storage-ios/build/SourcePackages/checkouts/realm-core/src/external/s2
2026-04-22T16:45:06.0116430Z  /Users/runner/work/tcm-storage-ios/tcm-storage-ios/build/SourcePackages/checkouts/realm-core/src/external/IntelRDFPMathLib20U2/LIBRARY/src
2026-04-22T16:45:06.0117050Z  /Users/runner/work/tcm-storage-ios/tcm-storage-ios/build/SourcePackages/checkouts/realm-core/src/spm
2026-04-22T16:45:06.0117570Z  /Users/runner/work/tcm-storage-ios/tcm-storage-ios/build/SourcePackages/checkouts/realm-swift/include
2026-04-22T16:45:06.0118200Z  /Users/runner/work/tcm-storage-ios/tcm-storage-ios/build/SourcePackages/checkouts/GoogleUtilities/GoogleUtilities/NSData+zlib/Public
2026-04-22T16:45:06.0118910Z  /Users/runner/work/tcm-storage-ios/tcm-storage-ios/build/SourcePackages/checkouts/GoogleUtilities/GoogleUtilities/Logger/Public
2026-04-22T16:45:06.0119590Z  /Users/runner/work/tcm-storage-ios/tcm-storage-ios/build/SourcePackages/checkouts/GoogleUtilities/GoogleUtilities/Environment/Public
2026-04-22T16:45:06.0120290Z  /Users/runner/work/tcm-storage-ios/tcm-storage-ios/build/SourcePackages/checkouts/GoogleUtilities/third_party/IsAppEncrypted/Public
2026-04-22T16:45:06.0121020Z  /Users/runner/work/tcm-storage-ios/tcm-storage-ios/build/SourcePackages/checkouts/GoogleUtilities/GoogleUtilities/UserDefaults/Public
2026-04-22T16:45:06.0121770Z  /Users/runner/work/tcm-storage-ios/tcm-storage-ios/build/SourcePackages/checkouts/nanopb/spm_headers
2026-04-22T16:45:06.0122340Z  /Users/runner/work/tcm-storage-ios/tcm-storage-ios/build/SourcePackages/checkouts/promises/Sources/FBLPromises/include
2026-04-22T16:45:06.0123030Z  /Users/runner/work/tcm-storage-ios/tcm-storage-ios/build/SourcePackages/checkouts/GoogleDataTransport/GoogleDataTransport/GDTCORLibrary/Public
2026-04-22T16:45:06.0123750Z  /Users/runner/work/tcm-storage-ios/tcm-storage-ios/build/SourcePackages/checkouts/firebase-ios-sdk/FirebaseSessions/SourcesObjC
2026-04-22T16:45:06.0124400Z  /Users/runner/work/tcm-storage-ios/tcm-storage-ios/build/SourcePackages/checkouts/firebase-ios-sdk/FirebaseCore/Extension
2026-04-22T16:45:06.0132850Z  /Users/runner/work/tcm-storage-ios/tcm-storage-ios/build/SourcePackages/checkouts/firebase-ios-sdk/FirebaseInstallations/Source/Library/Public
2026-04-22T16:45:06.0133580Z  /Users/runner/work/tcm-storage-ios/tcm-storage-ios/build/SourcePackages/checkouts/firebase-ios-sdk/FirebaseCore/Sources/Public
2026-04-22T16:45:06.0134670Z  /Users/runner/work/tcm-storage-ios/tcm-storage-ios/build/SourcePackages/checkouts/firebase-ios-sdk/CoreOnly/Sources
2026-04-22T16:45:06.0135340Z  /Users/runner/work/tcm-storage-ios/tcm-storage-ios/build/SourcePackages/checkouts/firebase-ios-sdk/Crashlytics/Crashlytics/Public
2026-04-22T16:45:06.0135990Z  /Users/runner/work/tcm-storage-ios/tcm-storage-ios/build/SourcePackages/checkouts/GzipSwift/Sources/system-zlib/include
2026-04-22T16:45:06.0136830Z  /Users/runner/work/tcm-storage-ios/tcm-storage-ios/build/Build/Intermediates.noindex/Nextcloud.build/Debug-iphonesimulator/Nextcloud.build/DerivedSources
2026-04-22T16:45:06.0137690Z  /Users/runner/work/tcm-storage-ios/tcm-storage-ios/build/Build/Products/Debug-iphonesimulator/PackageFrameworks (framework directory)
2026-04-22T16:45:06.0138350Z  /Users/runner/work/tcm-storage-ios/tcm-storage-ios/build/Build/Products/Debug-iphonesimulator (framework directory)
2026-04-22T16:45:06.0139000Z  /Applications/Xcode_26.2.app/Contents/Developer/Platforms/iPhoneSimulator.platform/Developer/Library/Frameworks (framework directory)
2026-04-22T16:45:06.0139850Z  /Applications/Xcode_26.2.app/Contents/Developer/Platforms/iPhoneSimulator.platform/Developer/SDKs/iPhoneSimulator26.2.sdk/Developer/Library/Frameworks (framework directory)
2026-04-22T16:45:06.0140610Z  /Applications/Xcode_26.2.app/Contents/Developer/Toolchains/XcodeDefault.xctoolchain/usr/lib/clang/17/include
2026-04-22T16:45:06.0141260Z  /Applications/Xcode_26.2.app/Contents/Developer/Platforms/iPhoneSimulator.platform/Developer/SDKs/iPhoneSimulator26.2.sdk/usr/include
2026-04-22T16:45:06.0141880Z  /Applications/Xcode_26.2.app/Contents/Developer/Toolchains/XcodeDefault.xctoolchain/usr/include
2026-04-22T16:45:06.0142600Z  /Applications/Xcode_26.2.app/Contents/Developer/Platforms/iPhoneSimulator.platform/Developer/SDKs/iPhoneSimulator26.2.sdk/System/Library/Frameworks (framework directory)
2026-04-22T16:45:06.0143520Z  /Applications/Xcode_26.2.app/Contents/Developer/Platforms/iPhoneSimulator.platform/Developer/SDKs/iPhoneSimulator26.2.sdk/System/Library/SubFrameworks (framework directory)
2026-04-22T16:45:06.0144080Z End of search list.
2026-04-22T16:45:06.0144250Z Apple clang version 17.0.0 (clang-1700.6.3.2)
2026-04-22T16:45:06.0144450Z Target: arm64-apple-ios17.0-simulator
2026-04-22T16:45:06.0144640Z Thread model: posix
2026-04-22T16:45:06.0144960Z InstalledDir: /Applications/Xcode_26.2.app/Contents/Developer/Toolchains/XcodeDefault.xctoolchain/usr/bin
2026-04-22T16:45:06.0145430Z clang -cc1 version 17.0.0 (clang-1700.6.3.2) default target arm64-apple-darwin24.6.0
2026-04-22T16:45:06.0148580Z ignoring nonexistent directory "/Users/runner/work/tcm-storage-ios/tcm-storage-ios/build/Build/Products/Debug-iphonesimulator/include"
2026-04-22T16:45:06.0149490Z ignoring nonexistent directory "/Users/runner/work/tcm-storage-ios/tcm-storage-ios/build/Build/Intermediates.noindex/Nextcloud.build/Debug-iphonesimulator/Nextcloud.build/DerivedSources-normal/arm64"
2026-04-22T16:45:06.0151670Z ignoring nonexistent directory "/Users/runner/work/tcm-storage-ios/tcm-storage-ios/build/Build/Intermediates.noindex/Nextcloud.build/Debug-iphonesimulator/Nextcloud.build/DerivedSources/arm64"
2026-04-22T16:45:06.0152780Z ignoring nonexistent directory "/Applications/Xcode_26.2.app/Contents/Developer/Platforms/iPhoneSimulator.platform/Developer/SDKs/iPhoneSimulator26.2.sdk/usr/local/include"
2026-04-22T16:45:06.0153730Z ignoring nonexistent directory "/Applications/Xcode_26.2.app/Contents/Developer/Platforms/iPhoneSimulator.platform/Developer/SDKs/iPhoneSimulator26.2.sdk/Library/Frameworks"
2026-04-22T16:45:06.0154570Z ignoring duplicate directory "/Users/runner/work/tcm-storage-ios/tcm-storage-ios/build/Build/Products/Debug-iphonesimulator/PackageFrameworks"
2026-04-22T16:45:06.0155330Z ignoring duplicate directory "/Users/runner/work/tcm-storage-ios/tcm-storage-ios/build/Build/Products/Debug-iphonesimulator/PackageFrameworks"
2026-04-22T16:45:06.0157170Z ignoring duplicate directory "/Users/runner/work/tcm-storage-ios/tcm-storage-ios/build/Build/Products/Debug-iphonesimulator/PackageFrameworks"
2026-04-22T16:45:06.0157970Z ignoring duplicate directory "/Users/runner/work/tcm-storage-ios/tcm-storage-ios/build/Build/Products/Debug-iphonesimulator/PackageFrameworks"
2026-04-22T16:45:06.0158720Z ignoring duplicate directory "/Users/runner/work/tcm-storage-ios/tcm-storage-ios/build/Build/Products/Debug-iphonesimulator/PackageFrameworks"
2026-04-22T16:45:06.0159580Z ignoring duplicate directory "/Users/runner/work/tcm-storage-ios/tcm-storage-ios/build/Build/Products/Debug-iphonesimulator/PackageFrameworks"
2026-04-22T16:45:06.0160400Z ignoring duplicate directory "/Users/runner/work/tcm-storage-ios/tcm-storage-ios/build/Build/Products/Debug-iphonesimulator/PackageFrameworks"
2026-04-22T16:45:06.0161170Z ignoring duplicate directory "/Users/runner/work/tcm-storage-ios/tcm-storage-ios/build/Build/Products/Debug-iphonesimulator/PackageFrameworks"
2026-04-22T16:45:06.0162620Z ignoring duplicate directory "/Users/runner/work/tcm-storage-ios/tcm-storage-ios/build/Build/Products/Debug-iphonesimulator/PackageFrameworks"
2026-04-22T16:45:06.0163380Z ignoring duplicate directory "/Users/runner/work/tcm-storage-ios/tcm-storage-ios/build/Build/Products/Debug-iphonesimulator/PackageFrameworks"
2026-04-22T16:45:06.0164100Z ignoring duplicate directory "/Users/runner/work/tcm-storage-ios/tcm-storage-ios/build/Build/Products/Debug-iphonesimulator/PackageFrameworks"
2026-04-22T16:45:06.0164870Z ignoring duplicate directory "/Users/runner/work/tcm-storage-ios/tcm-storage-ios/build/Build/Products/Debug-iphonesimulator/PackageFrameworks"
2026-04-22T16:45:06.0165640Z ignoring duplicate directory "/Users/runner/work/tcm-storage-ios/tcm-storage-ios/build/Build/Products/Debug-iphonesimulator/PackageFrameworks"
2026-04-22T16:45:06.0166370Z ignoring duplicate directory "/Users/runner/work/tcm-storage-ios/tcm-storage-ios/build/Build/Products/Debug-iphonesimulator/PackageFrameworks"
2026-04-22T16:45:06.0167160Z ignoring duplicate directory "/Users/runner/work/tcm-storage-ios/tcm-storage-ios/build/Build/Products/Debug-iphonesimulator/PackageFrameworks"
2026-04-22T16:45:06.0167910Z ignoring duplicate directory "/Users/runner/work/tcm-storage-ios/tcm-storage-ios/build/Build/Products/Debug-iphonesimulator/PackageFrameworks"
2026-04-22T16:45:06.0168670Z ignoring duplicate directory "/Users/runner/work/tcm-storage-ios/tcm-storage-ios/build/Build/Products/Debug-iphonesimulator/PackageFrameworks"
2026-04-22T16:45:06.0169430Z ignoring duplicate directory "/Users/runner/work/tcm-storage-ios/tcm-storage-ios/build/Build/Products/Debug-iphonesimulator/PackageFrameworks"
2026-04-22T16:45:06.0170180Z ignoring duplicate directory "/Users/runner/work/tcm-storage-ios/tcm-storage-ios/build/Build/Products/Debug-iphonesimulator/PackageFrameworks"
2026-04-22T16:45:06.0170910Z ignoring duplicate directory "/Users/runner/work/tcm-storage-ios/tcm-storage-ios/build/Build/Products/Debug-iphonesimulator/PackageFrameworks"
2026-04-22T16:45:06.0171910Z ignoring duplicate directory "/Users/runner/work/tcm-storage-ios/tcm-storage-ios/build/Build/Products/Debug-iphonesimulator/PackageFrameworks"
2026-04-22T16:45:06.0172660Z ignoring duplicate directory "/Users/runner/work/tcm-storage-ios/tcm-storage-ios/build/Build/Products/Debug-iphonesimulator/PackageFrameworks"
2026-04-22T16:45:06.0173410Z ignoring duplicate directory "/Users/runner/work/tcm-storage-ios/tcm-storage-ios/build/Build/Products/Debug-iphonesimulator/PackageFrameworks"
2026-04-22T16:45:06.0174140Z ignoring duplicate directory "/Users/runner/work/tcm-storage-ios/tcm-storage-ios/build/Build/Products/Debug-iphonesimulator/PackageFrameworks"
2026-04-22T16:45:06.0174860Z ignoring duplicate directory "/Users/runner/work/tcm-storage-ios/tcm-storage-ios/build/Build/Products/Debug-iphonesimulator/PackageFrameworks"
2026-04-22T16:45:06.0175590Z ignoring duplicate directory "/Users/runner/work/tcm-storage-ios/tcm-storage-ios/build/Build/Products/Debug-iphonesimulator/PackageFrameworks"
2026-04-22T16:45:06.0176410Z ignoring duplicate directory "/Users/runner/work/tcm-storage-ios/tcm-storage-ios/build/Build/Products/Debug-iphonesimulator/PackageFrameworks"
2026-04-22T16:45:06.0177180Z ignoring duplicate directory "/Users/runner/work/tcm-storage-ios/tcm-storage-ios/build/Build/Products/Debug-iphonesimulator/PackageFrameworks"
2026-04-22T16:45:06.0177940Z ignoring duplicate directory "/Users/runner/work/tcm-storage-ios/tcm-storage-ios/build/Build/Products/Debug-iphonesimulator/PackageFrameworks"
2026-04-22T16:45:06.0178790Z ignoring duplicate directory "/Users/runner/work/tcm-storage-ios/tcm-storage-ios/build/Build/Products/Debug-iphonesimulator/PackageFrameworks"
2026-04-22T16:45:06.0179600Z ignoring duplicate directory "/Users/runner/work/tcm-storage-ios/tcm-storage-ios/build/Build/Products/Debug-iphonesimulator/PackageFrameworks"
2026-04-22T16:45:06.0180340Z ignoring duplicate directory "/Users/runner/work/tcm-storage-ios/tcm-storage-ios/build/Build/Products/Debug-iphonesimulator/PackageFrameworks"
2026-04-22T16:45:06.0181070Z ignoring duplicate directory "/Users/runner/work/tcm-storage-ios/tcm-storage-ios/build/Build/Products/Debug-iphonesimulator/PackageFrameworks"
2026-04-22T16:45:06.0181800Z ignoring duplicate directory "/Users/runner/work/tcm-storage-ios/tcm-storage-ios/build/Build/Products/Debug-iphonesimulator/PackageFrameworks"
2026-04-22T16:45:06.0182530Z ignoring duplicate directory "/Users/runner/work/tcm-storage-ios/tcm-storage-ios/build/Build/Products/Debug-iphonesimulator/PackageFrameworks"
2026-04-22T16:45:06.0183260Z ignoring duplicate directory "/Users/runner/work/tcm-storage-ios/tcm-storage-ios/build/Build/Products/Debug-iphonesimulator/PackageFrameworks"
2026-04-22T16:45:06.0184000Z ignoring duplicate directory "/Users/runner/work/tcm-storage-ios/tcm-storage-ios/build/Build/Products/Debug-iphonesimulator/PackageFrameworks"
2026-04-22T16:45:06.0184730Z ignoring duplicate directory "/Users/runner/work/tcm-storage-ios/tcm-storage-ios/build/Build/Products/Debug-iphonesimulator/PackageFrameworks"
2026-04-22T16:45:06.0185470Z ignoring duplicate directory "/Users/runner/work/tcm-storage-ios/tcm-storage-ios/build/Build/Products/Debug-iphonesimulator/PackageFrameworks"
2026-04-22T16:45:06.0186190Z ignoring duplicate directory "/Users/runner/work/tcm-storage-ios/tcm-storage-ios/build/Build/Products/Debug-iphonesimulator/PackageFrameworks"
2026-04-22T16:45:06.0186930Z ignoring duplicate directory "/Users/runner/work/tcm-storage-ios/tcm-storage-ios/build/Build/Products/Debug-iphonesimulator/PackageFrameworks"
2026-04-22T16:45:06.0187660Z ignoring duplicate directory "/Users/runner/work/tcm-storage-ios/tcm-storage-ios/build/Build/Products/Debug-iphonesimulator/PackageFrameworks"
2026-04-22T16:45:06.0188390Z ignoring duplicate directory "/Users/runner/work/tcm-storage-ios/tcm-storage-ios/build/Build/Products/Debug-iphonesimulator/PackageFrameworks"
2026-04-22T16:45:06.0189440Z ignoring duplicate directory "/Users/runner/work/tcm-storage-ios/tcm-storage-ios/build/Build/Products/Debug-iphonesimulator/PackageFrameworks"
2026-04-22T16:45:06.0193370Z ignoring duplicate directory "/Users/runner/work/tcm-storage-ios/tcm-storage-ios/build/Build/Products/Debug-iphonesimulator/PackageFrameworks"
2026-04-22T16:45:06.0194130Z ignoring duplicate directory "/Users/runner/work/tcm-storage-ios/tcm-storage-ios/build/Build/Products/Debug-iphonesimulator/PackageFrameworks"
2026-04-22T16:45:06.0194870Z ignoring duplicate directory "/Users/runner/work/tcm-storage-ios/tcm-storage-ios/build/Build/Products/Debug-iphonesimulator/PackageFrameworks"
2026-04-22T16:45:06.0195600Z ignoring duplicate directory "/Users/runner/work/tcm-storage-ios/tcm-storage-ios/build/Build/Products/Debug-iphonesimulator/PackageFrameworks"
2026-04-22T16:45:06.0196340Z ignoring duplicate directory "/Users/runner/work/tcm-storage-ios/tcm-storage-ios/build/Build/Products/Debug-iphonesimulator/PackageFrameworks"
2026-04-22T16:45:06.0197070Z ignoring duplicate directory "/Users/runner/work/tcm-storage-ios/tcm-storage-ios/build/Build/Products/Debug-iphonesimulator/PackageFrameworks"
2026-04-22T16:45:06.0198120Z ignoring duplicate directory "/Users/runner/work/tcm-storage-ios/tcm-storage-ios/build/Build/Products/Debug-iphonesimulator/PackageFrameworks"
2026-04-22T16:45:06.0198910Z ignoring duplicate directory "/Users/runner/work/tcm-storage-ios/tcm-storage-ios/build/Build/Products/Debug-iphonesimulator/PackageFrameworks"
2026-04-22T16:45:06.0199640Z ignoring duplicate directory "/Users/runner/work/tcm-storage-ios/tcm-storage-ios/build/Build/Products/Debug-iphonesimulator/PackageFrameworks"
2026-04-22T16:45:06.0200720Z ignoring duplicate directory "/Users/runner/work/tcm-storage-ios/tcm-storage-ios/build/Build/Products/Debug-iphonesimulator/PackageFrameworks"
2026-04-22T16:45:06.0201460Z ignoring duplicate directory "/Users/runner/work/tcm-storage-ios/tcm-storage-ios/build/Build/Products/Debug-iphonesimulator/PackageFrameworks"
2026-04-22T16:45:06.0202180Z ignoring duplicate directory "/Users/runner/work/tcm-storage-ios/tcm-storage-ios/build/Build/Products/Debug-iphonesimulator/PackageFrameworks"
2026-04-22T16:45:06.0202960Z ignoring duplicate directory "/Users/runner/work/tcm-storage-ios/tcm-storage-ios/build/Build/Products/Debug-iphonesimulator/PackageFrameworks"
2026-04-22T16:45:06.0203700Z ignoring duplicate directory "/Users/runner/work/tcm-storage-ios/tcm-storage-ios/build/Build/Products/Debug-iphonesimulator/PackageFrameworks"
2026-04-22T16:45:06.0204420Z ignoring duplicate directory "/Users/runner/work/tcm-storage-ios/tcm-storage-ios/build/Build/Products/Debug-iphonesimulator/PackageFrameworks"
2026-04-22T16:45:06.0205150Z ignoring duplicate directory "/Users/runner/work/tcm-storage-ios/tcm-storage-ios/build/Build/Products/Debug-iphonesimulator/PackageFrameworks"
2026-04-22T16:45:06.0205880Z ignoring duplicate directory "/Users/runner/work/tcm-storage-ios/tcm-storage-ios/build/Build/Products/Debug-iphonesimulator/PackageFrameworks"
2026-04-22T16:45:06.0206610Z ignoring duplicate directory "/Users/runner/work/tcm-storage-ios/tcm-storage-ios/build/Build/Products/Debug-iphonesimulator/PackageFrameworks"
2026-04-22T16:45:06.0207340Z ignoring duplicate directory "/Users/runner/work/tcm-storage-ios/tcm-storage-ios/build/Build/Products/Debug-iphonesimulator/PackageFrameworks"
2026-04-22T16:45:06.0208070Z ignoring duplicate directory "/Users/runner/work/tcm-storage-ios/tcm-storage-ios/build/Build/Products/Debug-iphonesimulator/PackageFrameworks"
2026-04-22T16:45:06.0208800Z ignoring duplicate directory "/Users/runner/work/tcm-storage-ios/tcm-storage-ios/build/Build/Products/Debug-iphonesimulator/PackageFrameworks"
2026-04-22T16:45:06.0209530Z ignoring duplicate directory "/Users/runner/work/tcm-storage-ios/tcm-storage-ios/build/Build/Products/Debug-iphonesimulator/PackageFrameworks"
2026-04-22T16:45:06.0210260Z ignoring duplicate directory "/Users/runner/work/tcm-storage-ios/tcm-storage-ios/build/Build/Products/Debug-iphonesimulator/PackageFrameworks"
2026-04-22T16:45:06.0211120Z ignoring duplicate directory "/Users/runner/work/tcm-storage-ios/tcm-storage-ios/build/Build/Products/Debug-iphonesimulator/PackageFrameworks"
2026-04-22T16:45:06.0211850Z ignoring duplicate directory "/Users/runner/work/tcm-storage-ios/tcm-storage-ios/build/Build/Products/Debug-iphonesimulator/PackageFrameworks"
2026-04-22T16:45:06.0212580Z ignoring duplicate directory "/Users/runner/work/tcm-storage-ios/tcm-storage-ios/build/Build/Products/Debug-iphonesimulator/PackageFrameworks"
2026-04-22T16:45:06.0213300Z ignoring duplicate directory "/Users/runner/work/tcm-storage-ios/tcm-storage-ios/build/Build/Products/Debug-iphonesimulator/PackageFrameworks"
2026-04-22T16:45:06.0214060Z ignoring duplicate directory "/Users/runner/work/tcm-storage-ios/tcm-storage-ios/build/Build/Products/Debug-iphonesimulator/PackageFrameworks"
2026-04-22T16:45:06.0214790Z ignoring duplicate directory "/Users/runner/work/tcm-storage-ios/tcm-storage-ios/build/Build/Products/Debug-iphonesimulator/PackageFrameworks"
2026-04-22T16:45:06.0215580Z ignoring duplicate directory "/Users/runner/work/tcm-storage-ios/tcm-storage-ios/build/Build/Products/Debug-iphonesimulator/PackageFrameworks"
2026-04-22T16:45:06.0216410Z ignoring duplicate directory "/Users/runner/work/tcm-storage-ios/tcm-storage-ios/build/Build/Products/Debug-iphonesimulator/PackageFrameworks"
2026-04-22T16:45:06.0217170Z ignoring duplicate directory "/Users/runner/work/tcm-storage-ios/tcm-storage-ios/build/Build/Products/Debug-iphonesimulator/PackageFrameworks"
2026-04-22T16:45:06.0217640Z #include "..." search starts here:
2026-04-22T16:45:06.0218370Z  /Users/runner/work/tcm-storage-ios/tcm-storage-ios/build/Build/Intermediates.noindex/Nextcloud.build/Debug-iphonesimulator/Nextcloud.build/Nextcloud-generated-files.hmap (headermap)
2026-04-22T16:45:06.0219430Z  /Users/runner/work/tcm-storage-ios/tcm-storage-ios/build/Build/Intermediates.noindex/Nextcloud.build/Debug-iphonesimulator/Nextcloud.build/Nextcloud-project-headers.hmap (headermap)
2026-04-22T16:45:06.0220030Z #include <...> search starts here:
2026-04-22T16:45:06.0220650Z  /Users/runner/work/tcm-storage-ios/tcm-storage-ios/build/Build/Intermediates.noindex/Nextcloud.build/Debug-iphonesimulator/Nextcloud.build/Nextcloud-own-target-headers.hmap (headermap)
2026-04-22T16:45:06.0221730Z  /Users/runner/work/tcm-storage-ios/tcm-storage-ios/build/Build/Intermediates.noindex/Nextcloud.build/Debug-iphonesimulator/Nextcloud.build/Nextcloud-all-non-framework-target-headers.hmap (headermap)
2026-04-22T16:45:06.0222640Z  /Users/runner/work/tcm-storage-ios/tcm-storage-ios/build/SourcePackages/checkouts/swift-nio-ssl/Sources/CNIOBoringSSLShims/include
2026-04-22T16:45:06.0223320Z  /Users/runner/work/tcm-storage-ios/tcm-storage-ios/build/SourcePackages/checkouts/swift-nio-ssl/Sources/CNIOBoringSSL/include
2026-04-22T16:45:06.0224000Z  /Users/runner/work/tcm-storage-ios/tcm-storage-ios/build/SourcePackages/checkouts/swift-atomics/Sources/_AtomicsShims/include
2026-04-22T16:45:06.0224630Z  /Users/runner/work/tcm-storage-ios/tcm-storage-ios/build/SourcePackages/checkouts/swift-nio/Sources/CNIOPosix/include
2026-04-22T16:45:06.0225230Z  /Users/runner/work/tcm-storage-ios/tcm-storage-ios/build/SourcePackages/checkouts/swift-nio/Sources/CNIOWASI/include
2026-04-22T16:45:06.0225830Z  /Users/runner/work/tcm-storage-ios/tcm-storage-ios/build/SourcePackages/checkouts/swift-nio/Sources/CNIOWindows/include
2026-04-22T16:45:06.0226450Z  /Users/runner/work/tcm-storage-ios/tcm-storage-ios/build/SourcePackages/checkouts/swift-nio/Sources/CNIOLinux/include
2026-04-22T16:45:06.0227070Z  /Users/runner/work/tcm-storage-ios/tcm-storage-ios/build/SourcePackages/checkouts/swift-nio/Sources/CNIODarwin/include
2026-04-22T16:45:06.0227680Z  /Users/runner/work/tcm-storage-ios/tcm-storage-ios/build/SourcePackages/checkouts/swift-nio/Sources/CNIOOpenBSD/include
2026-04-22T16:45:06.0228290Z  /Users/runner/work/tcm-storage-ios/tcm-storage-ios/build/SourcePackages/checkouts/swift-nio/Sources/CNIOAtomics/include
2026-04-22T16:45:06.0228920Z  /Users/runner/work/tcm-storage-ios/tcm-storage-ios/build/SourcePackages/checkouts/realm-core/src
2026-04-22T16:45:06.0229450Z  /Users/runner/work/tcm-storage-ios/tcm-storage-ios/build/SourcePackages/checkouts/realm-core/src/external/s2
2026-04-22T16:45:06.0230100Z  /Users/runner/work/tcm-storage-ios/tcm-storage-ios/build/SourcePackages/checkouts/realm-core/src/external/IntelRDFPMathLib20U2/LIBRARY/src
2026-04-22T16:45:06.0230330Z  /Users/runner/work/tcm-storage-ios/tcm-storage-ios/build/SourcePackages/checkouts/realm-core/src/spm
2026-04-22T16:45:06.0230550Z  /Users/runner/work/tcm-storage-ios/tcm-storage-ios/build/SourcePackages/checkouts/realm-swift/include
2026-04-22T16:45:06.0230870Z  /Users/runner/work/tcm-storage-ios/tcm-storage-ios/build/SourcePackages/checkouts/GoogleUtilities/GoogleUtilities/NSData+zlib/Public
2026-04-22T16:45:06.0231190Z  /Users/runner/work/tcm-storage-ios/tcm-storage-ios/build/SourcePackages/checkouts/GoogleUtilities/GoogleUtilities/Logger/Public
2026-04-22T16:45:06.0231510Z  /Users/runner/work/tcm-storage-ios/tcm-storage-ios/build/SourcePackages/checkouts/GoogleUtilities/GoogleUtilities/Environment/Public
2026-04-22T16:45:06.0231890Z  /Users/runner/work/tcm-storage-ios/tcm-storage-ios/build/SourcePackages/checkouts/GoogleUtilities/third_party/IsAppEncrypted/Public
2026-04-22T16:45:06.0232200Z  /Users/runner/work/tcm-storage-ios/tcm-storage-ios/build/SourcePackages/checkouts/GoogleUtilities/GoogleUtilities/UserDefaults/Public
2026-04-22T16:45:06.0232420Z  /Users/runner/work/tcm-storage-ios/tcm-storage-ios/build/SourcePackages/checkouts/nanopb/spm_headers
2026-04-22T16:45:06.0232780Z  /Users/runner/work/tcm-storage-ios/tcm-storage-ios/build/SourcePackages/checkouts/promises/Sources/FBLPromises/include
2026-04-22T16:45:06.0246610Z  /Users/runner/work/tcm-storage-ios/tcm-storage-ios/build/SourcePackages/checkouts/GoogleDataTransport/GoogleDataTransport/GDTCORLibrary/Public
2026-04-22T16:45:06.0247090Z  /Users/runner/work/tcm-storage-ios/tcm-storage-ios/build/SourcePackages/checkouts/firebase-ios-sdk/FirebaseSessions/SourcesObjC
2026-04-22T16:45:06.0247180Z  Apple clang version 17.0.0 (clang-1700.6.3.2)
2026-04-22T16:45:06.0247250Z Target: arm64-apple-ios17.0-simulator
2026-04-22T16:45:06.0247540Z /Users/runner/work/tcm-storage-ios/tcm-storage-ios/build/SourcePackages/checkouts/firebase-ios-sdk/FirebaseCore/Extension
2026-04-22T16:45:06.0247890Z  /Users/runner/work/tcm-storage-ios/tcm-storage-ios/build/SourcePackages/checkouts/firebase-ios-sdk/FirebaseInstallations/Source/Library/Public
2026-04-22T16:45:06.0248190Z  /Users/runner/work/tcm-storage-ios/tcm-storage-ios/build/SourcePackages/checkouts/firebase-ios-sdk/FirebaseCore/Sources/Public
2026-04-22T16:45:06.0248460Z  /Users/runner/work/tcm-storage-ios/tcm-storage-ios/build/SourcePackages/checkouts/firebase-ios-sdk/CoreOnly/Sources
2026-04-22T16:45:06.0248780Z  /Users/runner/work/tcm-storage-ios/tcm-storage-ios/build/SourcePackages/checkouts/firebase-ios-sdk/Crashlytics/Crashlytics/Public
2026-04-22T16:45:06.0249070Z  /Users/runner/work/tcm-storage-ios/tcm-storage-ios/build/SourcePackages/checkouts/GzipSwift/Sources/system-zlib/include
2026-04-22T16:45:06.0249460Z  /Users/runner/work/tcm-storage-ios/tcm-storage-ios/build/Build/Intermediates.noindex/Nextcloud.build/Debug-iphonesimulator/Nextcloud.build/DerivedSources
2026-04-22T16:45:06.0249800Z  /Users/runner/work/tcm-storage-ios/tcm-storage-ios/build/Build/Products/Debug-iphonesimulator/PackageFrameworks (framework directory)
2026-04-22T16:45:06.0250120Z  /Users/runner/work/tcm-storage-ios/tcm-storage-ios/build/Build/Products/Debug-iphonesimulator (framework directory)
2026-04-22T16:45:06.0250440Z  /Applications/Xcode_26.2.app/Contents/Developer/Platforms/iPhoneSimulator.platform/Developer/Library/Frameworks (framework directory)
2026-04-22T16:45:06.0250880Z  /Applications/Xcode_26.2.app/Contents/Developer/Platforms/iPhoneSimulator.platform/Developer/SDKs/iPhoneSimulator26.2.sdk/Developer/Library/Frameworks (framework directory)
2026-04-22T16:45:06.0251120Z  /Applications/Xcode_26.2.app/Contents/Developer/Toolchains/XcodeDefault.xctoolchain/usr/lib/clang/17/include
2026-04-22T16:45:06.0251540Z  /Applications/Xcode_26.2.app/Contents/Developer/Platforms/iPhoneSimulator.platform/Developer/SDKs/iPhoneSimulator26.2.sdk/usr/include
2026-04-22T16:45:06.0251760Z  /Applications/Xcode_26.2.app/Contents/Developer/Toolchains/XcodeDefault.xctoolchain/usr/include
2026-04-22T16:45:06.0252170Z  /Applications/Xcode_26.2.app/Contents/Developer/Platforms/iPhoneSimulator.platform/Developer/SDKs/iPhoneSimulator26.2.sdk/System/Library/Frameworks (framework directory)
2026-04-22T16:45:06.0252600Z  /Applications/Xcode_26.2.app/Contents/Developer/Platforms/iPhoneSimulator.platform/Developer/SDKs/iPhoneSimulator26.2.sdk/System/Library/SubFrameworks (framework directory)
2026-04-22T16:45:06.0252650Z End of search list.
2026-04-22T16:45:06.0252700Z Thread model: posix
2026-04-22T16:45:06.0252930Z InstalledDir: /Applications/Xcode_26.2.app/Contents/Developer/Toolchains/XcodeDefault.xctoolchain/usr/bin
2026-04-22T16:45:06.0253110Z clang -cc1 version 17.0.0 (clang-1700.6.3.2) default target arm64-apple-darwin24.6.0
2026-04-22T16:45:06.0253490Z ignoring nonexistent directory "/Users/runner/work/tcm-storage-ios/tcm-storage-ios/build/Build/Products/Debug-iphonesimulator/include"
2026-04-22T16:45:06.0254000Z ignoring nonexistent directory "/Users/runner/work/tcm-storage-ios/tcm-storage-ios/build/Build/Intermediates.noindex/Nextcloud.build/Debug-iphonesimulator/Nextcloud.build/DerivedSources-normal/arm64"
2026-04-22T16:45:06.0254500Z ignoring nonexistent directory "/Users/runner/work/tcm-storage-ios/tcm-storage-ios/build/Build/Intermediates.noindex/Nextcloud.build/Debug-iphonesimulator/Nextcloud.build/DerivedSources/arm64"
2026-04-22T16:45:06.0255230Z ignoring nonexistent directory "/Applications/Xcode_26.2.app/Contents/Developer/Platforms/iPhoneSimulator.platform/Developer/SDKs/iPhoneSimulator26.2.sdk/usr/local/include"
2026-04-22T16:45:06.0255650Z ignoring nonexistent directory "/Applications/Xcode_26.2.app/Contents/Developer/Platforms/iPhoneSimulator.platform/Developer/SDKs/iPhoneSimulator26.2.sdk/Library/Frameworks"
2026-04-22T16:45:06.0256000Z ignoring duplicate directory "/Users/runner/work/tcm-storage-ios/tcm-storage-ios/build/Build/Products/Debug-iphonesimulator/PackageFrameworks"
2026-04-22T16:45:06.0256330Z ignoring duplicate directory "/Users/runner/work/tcm-storage-ios/tcm-storage-ios/build/Build/Products/Debug-iphonesimulator/PackageFrameworks"
2026-04-22T16:45:06.0256690Z ignoring duplicate directory "/Users/runner/work/tcm-storage-ios/tcm-storage-ios/build/Build/Products/Debug-iphonesimulator/PackageFrameworks"
2026-04-22T16:45:06.0257030Z ignoring duplicate directory "/Users/runner/work/tcm-storage-ios/tcm-storage-ios/build/Build/Products/Debug-iphonesimulator/PackageFrameworks"
2026-04-22T16:45:06.0257360Z ignoring duplicate directory "/Users/runner/work/tcm-storage-ios/tcm-storage-ios/build/Build/Products/Debug-iphonesimulator/PackageFrameworks"
2026-04-22T16:45:06.0257520Z ignoring duplicate directory "Apple clang version 17.0.0 (clang-1700.6.3.2)
2026-04-22T16:45:06.0257920Z Target: arm64-apple-ios17.0-simulator/Users/runner/work/tcm-storage-ios/tcm-storage-ios/build/Build/Products/Debug-iphonesimulator/PackageFrameworks
2026-04-22T16:45:06.0257970Z "
2026-04-22T16:45:06.0258360Z ignoring duplicate directory "Thread model: /Users/runner/work/tcm-storage-ios/tcm-storage-ios/build/Build/Products/Debug-iphonesimulator/PackageFrameworksposix"
2026-04-22T16:45:06.0258410Z 
2026-04-22T16:45:06.0259050Z ignoring duplicate directory "InstalledDir: /Users/runner/work/tcm-storage-ios/tcm-storage-ios/build/Build/Products/Debug-iphonesimulator/PackageFrameworks/Applications/Xcode_26.2.app/Contents/Developer/Toolchains/XcodeDefault.xctoolchain/usr/bin
2026-04-22T16:45:06.0259100Z "
2026-04-22T16:45:06.0259430Z ignoring duplicate directory "/Users/runner/work/tcm-storage-ios/tcm-storage-ios/build/Build/Products/Debug-iphonesimulator/PackageFrameworks"
2026-04-22T16:45:06.0259770Z ignoring duplicate directory "/Users/runner/work/tcm-storage-ios/tcm-storage-ios/build/Build/Products/Debug-iphonesimulator/PackageFrameworks"
2026-04-22T16:45:06.0260170Z ignoring duplicate directory "/Users/runner/work/tcm-storage-ios/tcm-storage-ios/build/Build/Products/Debug-iphonesimulator/PackageFrameworks"
2026-04-22T16:45:06.0260490Z ignoring duplicate directory "/Users/runner/work/tcm-storage-ios/tcm-storage-ios/build/Build/Products/Debug-iphonesimulator/PackageFrameworks"
2026-04-22T16:45:06.0260820Z ignoring duplicate directory "/Users/runner/work/tcm-storage-ios/tcm-storage-ios/build/Build/Products/Debug-iphonesimulator/PackageFrameworks"
2026-04-22T16:45:06.0261150Z ignoring duplicate directory "/Users/runner/work/tcm-storage-ios/tcm-storage-ios/build/Build/Products/Debug-iphonesimulator/PackageFrameworks"
2026-04-22T16:45:06.0261470Z ignoring duplicate directory "/Users/runner/work/tcm-storage-ios/tcm-storage-ios/build/Build/Products/Debug-iphonesimulator/PackageFrameworks"
2026-04-22T16:45:06.0261800Z ignoring duplicate directory "/Users/runner/work/tcm-storage-ios/tcm-storage-ios/build/Build/Products/Debug-iphonesimulator/PackageFrameworks"
2026-04-22T16:45:06.0262160Z ignoring duplicate directory "/Users/runner/work/tcm-storage-ios/tcm-storage-ios/build/Build/Products/Debug-iphonesimulator/PackageFrameworks"
2026-04-22T16:45:06.0262490Z ignoring duplicate directory "/Users/runner/work/tcm-storage-ios/tcm-storage-ios/build/Build/Products/Debug-iphonesimulator/PackageFrameworks"
2026-04-22T16:45:06.0262820Z ignoring duplicate directory "/Users/runner/work/tcm-storage-ios/tcm-storage-ios/build/Build/Products/Debug-iphonesimulator/PackageFrameworks"
2026-04-22T16:45:06.0263420Z ignoring duplicate directory "/Users/runner/work/tcm-storage-ios/tcm-storage-ios/build/Build/Products/Debug-iphonesimulator/PackageFrameworks"
2026-04-22T16:45:06.0263860Z ignoring duplicate directory "/Users/runner/work/tcm-storage-ios/tcm-storage-ios/build/Build/Products/Debug-iphonesimulator/PackageFrameworks"
2026-04-22T16:45:06.0264200Z ignoring duplicate directory "/Users/runner/work/tcm-storage-ios/tcm-storage-ios/build/Build/Products/Debug-iphonesimulator/PackageFrameworks"
2026-04-22T16:45:06.0264530Z ignoring duplicate directory "/Users/runner/work/tcm-storage-ios/tcm-storage-ios/build/Build/Products/Debug-iphonesimulator/PackageFrameworks"
2026-04-22T16:45:06.0264860Z ignoring duplicate directory "/Users/runner/work/tcm-storage-ios/tcm-storage-ios/build/Build/Products/Debug-iphonesimulator/PackageFrameworks"
2026-04-22T16:45:06.0265180Z ignoring duplicate directory "/Users/runner/work/tcm-storage-ios/tcm-storage-ios/build/Build/Products/Debug-iphonesimulator/PackageFrameworks"
2026-04-22T16:45:06.0265510Z ignoring duplicate directory "/Users/runner/work/tcm-storage-ios/tcm-storage-ios/build/Build/Products/Debug-iphonesimulator/PackageFrameworks"
2026-04-22T16:45:06.0265830Z ignoring duplicate directory "/Users/runner/work/tcm-storage-ios/tcm-storage-ios/build/Build/Products/Debug-iphonesimulator/PackageFrameworks"
2026-04-22T16:45:06.0266160Z ignoring duplicate directory "/Users/runner/work/tcm-storage-ios/tcm-storage-ios/build/Build/Products/Debug-iphonesimulator/PackageFrameworks"
2026-04-22T16:45:06.0266490Z ignoring duplicate directory "/Users/runner/work/tcm-storage-ios/tcm-storage-ios/build/Build/Products/Debug-iphonesimulator/PackageFrameworks"
2026-04-22T16:45:06.0266810Z ignoring duplicate directory "/Users/runner/work/tcm-storage-ios/tcm-storage-ios/build/Build/Products/Debug-iphonesimulator/PackageFrameworks"
2026-04-22T16:45:06.0267140Z ignoring duplicate directory "/Users/runner/work/tcm-storage-ios/tcm-storage-ios/build/Build/Products/Debug-iphonesimulator/PackageFrameworks"
2026-04-22T16:45:06.0267470Z ignoring duplicate directory "/Users/runner/work/tcm-storage-ios/tcm-storage-ios/build/Build/Products/Debug-iphonesimulator/PackageFrameworks"
2026-04-22T16:45:06.0267790Z ignoring duplicate directory "/Users/runner/work/tcm-storage-ios/tcm-storage-ios/build/Build/Products/Debug-iphonesimulator/PackageFrameworks"
2026-04-22T16:45:06.0268120Z ignoring duplicate directory "/Users/runner/work/tcm-storage-ios/tcm-storage-ios/build/Build/Products/Debug-iphonesimulator/PackageFrameworks"
2026-04-22T16:45:06.0268590Z ignoring duplicate directory "/Users/runner/work/tcm-storage-ios/tcm-storage-ios/build/Build/Products/Debug-iphonesimulator/PackageFrameworks"
2026-04-22T16:45:06.0268930Z ignoring duplicate directory "/Users/runner/work/tcm-storage-ios/tcm-storage-ios/build/Build/Products/Debug-iphonesimulator/PackageFrameworks"
2026-04-22T16:45:06.0269260Z ignoring duplicate directory "/Users/runner/work/tcm-storage-ios/tcm-storage-ios/build/Build/Products/Debug-iphonesimulator/PackageFrameworks"
2026-04-22T16:45:06.0269590Z ignoring duplicate directory "/Users/runner/work/tcm-storage-ios/tcm-storage-ios/build/Build/Products/Debug-iphonesimulator/PackageFrameworks"
2026-04-22T16:45:06.0269920Z ignoring duplicate directory "/Users/runner/work/tcm-storage-ios/tcm-storage-ios/build/Build/Products/Debug-iphonesimulator/PackageFrameworks"
2026-04-22T16:45:06.0270260Z ignoring duplicate directory "/Users/runner/work/tcm-storage-ios/tcm-storage-ios/build/Build/Products/Debug-iphonesimulator/PackageFrameworks"
2026-04-22T16:45:06.0270700Z ignoring duplicate directory "/Users/runner/work/tcm-storage-ios/tcm-storage-ios/build/Build/Products/Debug-iphonesimulator/PackageFrameworks"
2026-04-22T16:45:06.0271070Z ignoring duplicate directory "/Users/runner/work/tcm-storage-ios/tcm-storage-ios/build/Build/Products/Debug-iphonesimulator/PackageFrameworks"
2026-04-22T16:45:06.0271390Z ignoring duplicate directory "/Users/runner/work/tcm-storage-ios/tcm-storage-ios/build/Build/Products/Debug-iphonesimulator/PackageFrameworks"
2026-04-22T16:45:06.0271770Z ignoring duplicate directory "/Users/runner/work/tcm-storage-ios/tcm-storage-ios/build/Build/Products/Debug-iphonesimulator/PackageFrameworks"
2026-04-22T16:45:06.0272140Z ignoring duplicate directory "/Users/runner/work/tcm-storage-ios/tcm-storage-ios/build/Build/Products/Debug-iphonesimulator/PackageFrameworks"
2026-04-22T16:45:06.0272470Z ignoring duplicate directory "/Users/runner/work/tcm-storage-ios/tcm-storage-ios/build/Build/Products/Debug-iphonesimulator/PackageFrameworks"
2026-04-22T16:45:06.0272800Z ignoring duplicate directory "/Users/runner/work/tcm-storage-ios/tcm-storage-ios/build/Build/Products/Debug-iphonesimulator/PackageFrameworks"
2026-04-22T16:45:06.0273130Z ignoring duplicate directory "/Users/runner/work/tcm-storage-ios/tcm-storage-ios/build/Build/Products/Debug-iphonesimulator/PackageFrameworks"
2026-04-22T16:45:06.0273450Z ignoring duplicate directory "/Users/runner/work/tcm-storage-ios/tcm-storage-ios/build/Build/Products/Debug-iphonesimulator/PackageFrameworks"
2026-04-22T16:45:06.0273780Z ignoring duplicate directory "/Users/runner/work/tcm-storage-ios/tcm-storage-ios/build/Build/Products/Debug-iphonesimulator/PackageFrameworks"
2026-04-22T16:45:06.0274120Z ignoring duplicate directory "/Users/runner/work/tcm-storage-ios/tcm-storage-ios/build/Build/Products/Debug-iphonesimulator/PackageFrameworks"
2026-04-22T16:45:06.0274440Z ignoring duplicate directory "/Users/runner/work/tcm-storage-ios/tcm-storage-ios/build/Build/Products/Debug-iphonesimulator/PackageFrameworks"
2026-04-22T16:45:06.0274770Z ignoring duplicate directory "/Users/runner/work/tcm-storage-ios/tcm-storage-ios/build/Build/Products/Debug-iphonesimulator/PackageFrameworks"
2026-04-22T16:45:06.0275110Z ignoring duplicate directory "/Users/runner/work/tcm-storage-ios/tcm-storage-ios/build/Build/Products/Debug-iphonesimulator/PackageFrameworks"
2026-04-22T16:45:06.0275440Z ignoring duplicate directory "/Users/runner/work/tcm-storage-ios/tcm-storage-ios/build/Build/Products/Debug-iphonesimulator/PackageFrameworks"
2026-04-22T16:45:06.0275760Z ignoring duplicate directory "/Users/runner/work/tcm-storage-ios/tcm-storage-ios/build/Build/Products/Debug-iphonesimulator/PackageFrameworks"
2026-04-22T16:45:06.0276100Z ignoring duplicate directory "/Users/runner/work/tcm-storage-ios/tcm-storage-ios/build/Build/Products/Debug-iphonesimulator/PackageFrameworks"
2026-04-22T16:45:06.0276460Z ignoring duplicate directory "/Users/runner/work/tcm-storage-ios/tcm-storage-ios/build/Build/Products/Debug-iphonesimulator/PackageFrameworks"
2026-04-22T16:45:06.0276810Z ignoring duplicate directory "/Users/runner/work/tcm-storage-ios/tcm-storage-ios/build/Build/Products/Debug-iphonesimulator/PackageFrameworks"
2026-04-22T16:45:06.0277140Z ignoring duplicate directory "/Users/runner/work/tcm-storage-ios/tcm-storage-ios/build/Build/Products/Debug-iphonesimulator/PackageFrameworks"
2026-04-22T16:45:06.0277480Z ignoring duplicate directory "/Users/runner/work/tcm-storage-ios/tcm-storage-ios/build/Build/Products/Debug-iphonesimulator/PackageFrameworks"
2026-04-22T16:45:06.0277820Z ignoring duplicate directory "/Users/runner/work/tcm-storage-ios/tcm-storage-ios/build/Build/Products/Debug-iphonesimulator/PackageFrameworks"
2026-04-22T16:45:06.0278140Z ignoring duplicate directory "/Users/runner/work/tcm-storage-ios/tcm-storage-ios/build/Build/Products/Debug-iphonesimulator/PackageFrameworks"
2026-04-22T16:45:06.0278470Z ignoring duplicate directory "/Users/runner/work/tcm-storage-ios/tcm-storage-ios/build/Build/Products/Debug-iphonesimulator/PackageFrameworks"
2026-04-22T16:45:06.0278850Z ignoring duplicate directory "/Users/runner/work/tcm-storage-ios/tcm-storage-ios/build/Build/Products/Debug-iphonesimulator/PackageFrameworks"
2026-04-22T16:45:06.0279190Z ignoring duplicate directory "/Users/runner/work/tcm-storage-ios/tcm-storage-ios/build/Build/Products/Debug-iphonesimulator/PackageFrameworks"
2026-04-22T16:45:06.0279520Z ignoring duplicate directory "/Users/runner/work/tcm-storage-ios/tcm-storage-ios/build/Build/Products/Debug-iphonesimulator/PackageFrameworks"
2026-04-22T16:45:06.0279920Z ignoring duplicate directory "/Users/runner/work/tcm-storage-ios/tcm-storage-ios/build/Build/Products/Debug-iphonesimulator/PackageFrameworks"
2026-04-22T16:45:06.0280250Z ignoring duplicate directory "/Users/runner/work/tcm-storage-ios/tcm-storage-ios/build/Build/Products/Debug-iphonesimulator/PackageFrameworks"
2026-04-22T16:45:06.0280600Z ignoring duplicate directory "/Users/runner/work/tcm-storage-ios/tcm-storage-ios/build/Build/Products/Debug-iphonesimulator/PackageFrameworks"
2026-04-22T16:45:06.0280940Z ignoring duplicate directory "/Users/runner/work/tcm-storage-ios/tcm-storage-ios/build/Build/Products/Debug-iphonesimulator/PackageFrameworks"
2026-04-22T16:45:06.0281290Z ignoring duplicate directory "/Users/runner/work/tcm-storage-ios/tcm-storage-ios/build/Build/Products/Debug-iphonesimulator/PackageFrameworks"
2026-04-22T16:45:06.0281650Z ignoring duplicate directory "/Users/runner/work/tcm-storage-ios/tcm-storage-ios/build/Build/Products/Debug-iphonesimulator/PackageFrameworks"
2026-04-22T16:45:06.0282000Z ignoring duplicate directory "/Users/runner/work/tcm-storage-ios/tcm-storage-ios/build/Build/Products/Debug-iphonesimulator/PackageFrameworks"
2026-04-22T16:45:06.0282350Z ignoring duplicate directory "/Users/runner/work/tcm-storage-ios/tcm-storage-ios/build/Build/Products/Debug-iphonesimulator/PackageFrameworks"
2026-04-22T16:45:06.0282770Z ignoring duplicate directory "/Users/runner/work/tcm-storage-ios/tcm-storage-ios/build/Build/Products/Debug-iphonesimulator/PackageFrameworks"
2026-04-22T16:45:06.0282840Z #include "..." search starts here:
2026-04-22T16:45:06.0283300Z  /Users/runner/work/tcm-storage-ios/tcm-storage-ios/build/Build/Intermediates.noindex/Nextcloud.build/Debug-iphonesimulator/Nextcloud.build/Nextcloud-generated-files.hmap (headermap)
2026-04-22T16:45:06.0283760Z  /Users/runner/work/tcm-storage-ios/tcm-storage-ios/build/Build/Intermediates.noindex/Nextcloud.build/Debug-iphonesimulator/Nextcloud.build/Nextcloud-project-headers.hmap (headermap)
2026-04-22T16:45:06.0283810Z #include <...> search starts here:
2026-04-22T16:45:06.0284280Z  /Users/runner/work/tcm-storage-ios/tcm-storage-ios/build/Build/Intermediates.noindex/Nextcloud.build/Debug-iphonesimulator/Nextcloud.build/Nextcloud-own-target-headers.hmap (headermap)
2026-04-22T16:45:06.0284810Z  /Users/runner/work/tcm-storage-ios/tcm-storage-ios/build/Build/Intermediates.noindex/Nextcloud.build/Debug-iphonesimulator/Nextcloud.build/Nextcloud-all-non-framework-target-headers.hmap (headermap)
2026-04-22T16:45:06.0285210Z  /Users/runner/work/tcm-storage-ios/tcm-storage-ios/build/SourcePackages/checkouts/swift-nio-ssl/Sources/CNIOBoringSSLShims/include
2026-04-22T16:45:06.0285500Z  /Users/runner/work/tcm-storage-ios/tcm-storage-ios/build/SourcePackages/checkouts/swift-nio-ssl/Sources/CNIOBoringSSL/include
2026-04-22T16:45:06.0285790Z  /Users/runner/work/tcm-storage-ios/tcm-storage-ios/build/SourcePackages/checkouts/swift-atomics/Sources/_AtomicsShims/include
2026-04-22T16:45:06.0287150Z  /Users/runner/work/tcm-storage-ios/tcm-storage-ios/build/SourcePackages/checkouts/swift-nio/Sources/CNIOPosix/include
2026-04-22T16:45:06.0287440Z  /Users/runner/work/tcm-storage-ios/tcm-storage-ios/build/SourcePackages/checkouts/swift-nio/Sources/CNIOWASI/include
2026-04-22T16:45:06.0287710Z  /Users/runner/work/tcm-storage-ios/tcm-storage-ios/build/SourcePackages/checkouts/swift-nio/Sources/CNIOWindows/include
2026-04-22T16:45:06.0288080Z  /Users/runner/work/tcm-storage-ios/tcm-storage-ios/build/SourcePackages/checkouts/swift-nio/Sources/CNIOLinux/include
2026-04-22T16:45:06.0288430Z  /Users/runner/work/tcm-storage-ios/tcm-storage-ios/build/SourcePackages/checkouts/swift-nio/Sources/CNIODarwin/include
2026-04-22T16:45:06.0288710Z  /Users/runner/work/tcm-storage-ios/tcm-storage-ios/build/SourcePackages/checkouts/swift-nio/Sources/CNIOOpenBSD/include
2026-04-22T16:45:06.0288980Z  /Users/runner/work/tcm-storage-ios/tcm-storage-ios/build/SourcePackages/checkouts/swift-nio/Sources/CNIOAtomics/include
2026-04-22T16:45:06.0289240Z  /Users/runner/work/tcm-storage-ios/tcm-storage-ios/build/SourcePackages/checkouts/realm-core/src
2026-04-22T16:45:06.0289510Z  /Users/runner/work/tcm-storage-ios/tcm-storage-ios/build/SourcePackages/checkouts/realm-core/src/external/s2
2026-04-22T16:45:06.0289850Z  /Users/runner/work/tcm-storage-ios/tcm-storage-ios/build/SourcePackages/checkouts/realm-core/src/external/IntelRDFPMathLib20U2/LIBRARY/src
2026-04-22T16:45:06.0290070Z  /Users/runner/work/tcm-storage-ios/tcm-storage-ios/build/SourcePackages/checkouts/realm-core/src/spm
2026-04-22T16:45:06.0290290Z  /Users/runner/work/tcm-storage-ios/tcm-storage-ios/build/SourcePackages/checkouts/realm-swift/include
2026-04-22T16:45:06.0290610Z  /Users/runner/work/tcm-storage-ios/tcm-storage-ios/build/SourcePackages/checkouts/GoogleUtilities/GoogleUtilities/NSData+zlib/Public
2026-04-22T16:45:06.0290910Z  /Users/runner/work/tcm-storage-ios/tcm-storage-ios/build/SourcePackages/checkouts/GoogleUtilities/GoogleUtilities/Logger/Public
2026-04-22T16:45:06.0291220Z  /Users/runner/work/tcm-storage-ios/tcm-storage-ios/build/SourcePackages/checkouts/GoogleUtilities/GoogleUtilities/Environment/Public
2026-04-22T16:45:06.0291540Z  /Users/runner/work/tcm-storage-ios/tcm-storage-ios/build/SourcePackages/checkouts/GoogleUtilities/third_party/IsAppEncrypted/Public
2026-04-22T16:45:06.0291850Z  /Users/runner/work/tcm-storage-ios/tcm-storage-ios/build/SourcePackages/checkouts/GoogleUtilities/GoogleUtilities/UserDefaults/Public
2026-04-22T16:45:06.0292070Z  /Users/runner/work/tcm-storage-ios/tcm-storage-ios/build/SourcePackages/checkouts/nanopb/spm_headers
2026-04-22T16:45:06.0292340Z  /Users/runner/work/tcm-storage-ios/tcm-storage-ios/build/SourcePackages/checkouts/promises/Sources/FBLPromises/include
2026-04-22T16:45:06.0292690Z  /Users/runner/work/tcm-storage-ios/tcm-storage-ios/build/SourcePackages/checkouts/GoogleDataTransport/GoogleDataTransport/GDTCORLibrary/Public
2026-04-22T16:45:06.0293000Z  /Users/runner/work/tcm-storage-ios/tcm-storage-ios/build/SourcePackages/checkouts/firebase-ios-sdk/FirebaseSessions/SourcesObjC
2026-04-22T16:45:06.0293300Z  /Users/runner/work/tcm-storage-ios/tcm-storage-ios/build/SourcePackages/checkouts/firebase-ios-sdk/FirebaseCore/Extension
2026-04-22T16:45:06.0293660Z  /Users/runner/work/tcm-storage-ios/tcm-storage-ios/build/SourcePackages/checkouts/firebase-ios-sdk/FirebaseInstallations/Source/Library/Public
2026-04-22T16:45:06.0294020Z  /Users/runner/work/tcm-storage-ios/tcm-storage-ios/build/SourcePackages/checkouts/firebase-ios-sdk/FirebaseCore/Sources/Public
2026-04-22T16:45:06.0294290Z  /Users/runner/work/tcm-storage-ios/tcm-storage-ios/build/SourcePackages/checkouts/firebase-ios-sdk/CoreOnly/Sources
2026-04-22T16:45:06.0294590Z  /Users/runner/work/tcm-storage-ios/tcm-storage-ios/build/SourcePackages/checkouts/firebase-ios-sdk/Crashlytics/Crashlytics/Public
2026-04-22T16:45:06.0294870Z  /Users/runner/work/tcm-storage-ios/tcm-storage-ios/build/SourcePackages/checkouts/GzipSwift/Sources/system-zlib/include
2026-04-22T16:45:06.0295250Z  /Users/runner/work/tcm-storage-ios/tcm-storage-ios/build/Build/Intermediates.noindex/Nextcloud.build/Debug-iphonesimulator/Nextcloud.build/DerivedSources
2026-04-22T16:45:06.0295570Z  /Users/runner/work/tcm-storage-ios/tcm-storage-ios/build/Build/Products/Debug-iphonesimulator/PackageFrameworks (framework directory)
2026-04-22T16:45:06.0295830Z  /Users/runner/work/tcm-storage-ios/tcm-storage-ios/build/Build/Products/Debug-iphonesimulator (framework directory)
2026-04-22T16:45:06.0296180Z  /Applications/Xcode_26.2.app/Contents/Developer/Platforms/iPhoneSimulator.platform/Developer/Library/Frameworks (framework directory)
2026-04-22T16:45:06.0296640Z  /Applications/Xcode_26.2.app/Contents/Developer/Platforms/iPhoneSimulator.platform/Developer/SDKs/iPhoneSimulator26.2.sdk/Developer/Library/Frameworks (framework directory)
2026-04-22T16:45:06.0296900Z  /Applications/Xcode_26.2.app/Contents/Developer/Toolchains/XcodeDefault.xctoolchain/usr/lib/clang/17/include
2026-04-22T16:45:06.0297320Z  /Applications/Xcode_26.2.app/Contents/Developer/Platforms/iPhoneSimulator.platform/Developer/SDKs/iPhoneSimulator26.2.sdk/usr/include
2026-04-22T16:45:06.0297600Z  /Applications/Xcode_26.2.app/Contents/Developer/Toolchains/XcodeDefault.xctoolchain/usr/include
2026-04-22T16:45:06.0298040Z  /Applications/Xcode_26.2.app/Contents/Developer/Platforms/iPhoneSimulator.platform/Developer/SDKs/iPhoneSimulator26.2.sdk/System/Library/Frameworks (framework directory)
2026-04-22T16:45:06.0298500Z  /Applications/Xcode_26.2.app/Contents/Developer/Platforms/iPhoneSimulator.platform/Developer/SDKs/iPhoneSimulator26.2.sdk/System/Library/SubFrameworks (framework directory)
2026-04-22T16:45:06.0298550Z End of search list.
2026-04-22T16:45:06.0298710Z clang -cc1 version 17.0.0 (clang-1700.6.3.2) default target arm64-apple-darwin24.6.0
2026-04-22T16:45:06.0299060Z ignoring nonexistent directory "/Users/runner/work/tcm-storage-ios/tcm-storage-ios/build/Build/Products/Debug-iphonesimulator/include"
2026-04-22T16:45:06.0299630Z ignoring nonexistent directory "/Users/runner/work/tcm-storage-ios/tcm-storage-ios/build/Build/Intermediates.noindex/Nextcloud.build/Debug-iphonesimulator/Nextcloud.build/DerivedSources-normal/arm64"
2026-04-22T16:45:06.0300130Z ignoring nonexistent directory "/Users/runner/work/tcm-storage-ios/tcm-storage-ios/build/Build/Intermediates.noindex/Nextcloud.build/Debug-iphonesimulator/Nextcloud.build/DerivedSources/arm64"
2026-04-22T16:45:06.0300570Z ignoring nonexistent directory "/Applications/Xcode_26.2.app/Contents/Developer/Platforms/iPhoneSimulator.platform/Developer/SDKs/iPhoneSimulator26.2.sdk/usr/local/include"
2026-04-22T16:45:06.0301030Z ignoring nonexistent directory "/Applications/Xcode_26.2.app/Contents/Developer/Platforms/iPhoneSimulator.platform/Developer/SDKs/iPhoneSimulator26.2.sdk/Library/Frameworks"
2026-04-22T16:45:06.0301410Z ignoring duplicate directory "/Users/runner/work/tcm-storage-ios/tcm-storage-ios/build/Build/Products/Debug-iphonesimulator/PackageFrameworks"
2026-04-22T16:45:06.0301770Z ignoring duplicate directory "/Users/runner/work/tcm-storage-ios/tcm-storage-ios/build/Build/Products/Debug-iphonesimulator/PackageFrameworks"
2026-04-22T16:45:06.0302140Z ignoring duplicate directory "/Users/runner/work/tcm-storage-ios/tcm-storage-ios/build/Build/Products/Debug-iphonesimulator/PackageFrameworks"
2026-04-22T16:45:06.0302490Z ignoring duplicate directory "/Users/runner/work/tcm-storage-ios/tcm-storage-ios/build/Build/Products/Debug-iphonesimulator/PackageFrameworks"
2026-04-22T16:45:06.0302950Z ignoring duplicate directory "/Users/runner/work/tcm-storage-ios/tcm-storage-ios/build/Build/Products/Debug-iphonesimulator/PackageFrameworks"
2026-04-22T16:45:06.0303300Z ignoring duplicate directory "/Users/runner/work/tcm-storage-ios/tcm-storage-ios/build/Build/Products/Debug-iphonesimulator/PackageFrameworks"
2026-04-22T16:45:06.0303670Z ignoring duplicate directory "/Users/runner/work/tcm-storage-ios/tcm-storage-ios/build/Build/Products/Debug-iphonesimulator/PackageFrameworks"
2026-04-22T16:45:06.0304030Z ignoring duplicate directory "/Users/runner/work/tcm-storage-ios/tcm-storage-ios/build/Build/Products/Debug-iphonesimulator/PackageFrameworks"
2026-04-22T16:45:06.0304380Z ignoring duplicate directory "/Users/runner/work/tcm-storage-ios/tcm-storage-ios/build/Build/Products/Debug-iphonesimulator/PackageFrameworks"
2026-04-22T16:45:06.0304740Z ignoring duplicate directory "/Users/runner/work/tcm-storage-ios/tcm-storage-ios/build/Build/Products/Debug-iphonesimulator/PackageFrameworks"
2026-04-22T16:45:06.0305270Z ignoring duplicate directory "/Users/runner/work/tcm-storage-ios/tcm-storage-ios/build/Build/Products/Debug-iphonesimulator/PackageFrameworks"
2026-04-22T16:45:06.0305670Z ignoring duplicate directory "/Users/runner/work/tcm-storage-ios/tcm-storage-ios/build/Build/Products/Debug-iphonesimulator/PackageFrameworks"
2026-04-22T16:45:06.0305990Z ignoring duplicate directory "/Users/runner/work/tcm-storage-ios/tcm-storage-ios/build/Build/Products/Debug-iphonesimulator/PackageFrameworks"
2026-04-22T16:45:06.0306390Z ignoring duplicate directory "/Users/runner/work/tcm-storage-ios/tcm-storage-ios/build/Build/Products/Debug-iphonesimulator/PackageFrameworks"
2026-04-22T16:45:06.0306810Z ignoring duplicate directory "/Users/runner/work/tcm-storage-ios/tcm-storage-ios/build/Build/Products/Debug-iphonesimulator/PackageFrameworks"
2026-04-22T16:45:06.0307180Z ignoring duplicate directory "/Users/runner/work/tcm-storage-ios/tcm-storage-ios/build/Build/Products/Debug-iphonesimulator/PackageFrameworks"
2026-04-22T16:45:06.0307540Z ignoring duplicate directory "/Users/runner/work/tcm-storage-ios/tcm-storage-ios/build/Build/Products/Debug-iphonesimulator/PackageFrameworks"
2026-04-22T16:45:06.0307880Z ignoring duplicate directory "/Users/runner/work/tcm-storage-ios/tcm-storage-ios/build/Build/Products/Debug-iphonesimulator/PackageFrameworks"
2026-04-22T16:45:06.0308250Z ignoring duplicate directory "/Users/runner/work/tcm-storage-ios/tcm-storage-ios/build/Build/Products/Debug-iphonesimulator/PackageFrameworks"
2026-04-22T16:45:06.0308580Z ignoring duplicate directory "/Users/runner/work/tcm-storage-ios/tcm-storage-ios/build/Build/Products/Debug-iphonesimulator/PackageFrameworks"
2026-04-22T16:45:06.0308910Z ignoring duplicate directory "/Users/runner/work/tcm-storage-ios/tcm-storage-ios/build/Build/Products/Debug-iphonesimulator/PackageFrameworks"
2026-04-22T16:45:06.0309240Z ignoring duplicate directory "/Users/runner/work/tcm-storage-ios/tcm-storage-ios/build/Build/Products/Debug-iphonesimulator/PackageFrameworks"
2026-04-22T16:45:06.0309570Z ignoring duplicate directory "/Users/runner/work/tcm-storage-ios/tcm-storage-ios/build/Build/Products/Debug-iphonesimulator/PackageFrameworks"
2026-04-22T16:45:06.0309890Z ignoring duplicate directory "/Users/runner/work/tcm-storage-ios/tcm-storage-ios/build/Build/Products/Debug-iphonesimulator/PackageFrameworks"
2026-04-22T16:45:06.0310220Z ignoring duplicate directory "/Users/runner/work/tcm-storage-ios/tcm-storage-ios/build/Build/Products/Debug-iphonesimulator/PackageFrameworks"
2026-04-22T16:45:06.0310550Z ignoring duplicate directory "/Users/runner/work/tcm-storage-ios/tcm-storage-ios/build/Build/Products/Debug-iphonesimulator/PackageFrameworks"
2026-04-22T16:45:06.0310880Z ignoring duplicate directory "/Users/runner/work/tcm-storage-ios/tcm-storage-ios/build/Build/Products/Debug-iphonesimulator/PackageFrameworks"
2026-04-22T16:45:06.0311210Z ignoring duplicate directory "/Users/runner/work/tcm-storage-ios/tcm-storage-ios/build/Build/Products/Debug-iphonesimulator/PackageFrameworks"
2026-04-22T16:45:06.0311590Z ignoring duplicate directory "/Users/runner/work/tcm-storage-ios/tcm-storage-ios/build/Build/Products/Debug-iphonesimulator/PackageFrameworks"
2026-04-22T16:45:06.0311920Z ignoring duplicate directory "/Users/runner/work/tcm-storage-ios/tcm-storage-ios/build/Build/Products/Debug-iphonesimulator/PackageFrameworks"
2026-04-22T16:45:06.0312250Z ignoring duplicate directory "/Users/runner/work/tcm-storage-ios/tcm-storage-ios/build/Build/Products/Debug-iphonesimulator/PackageFrameworks"
2026-04-22T16:45:06.0312570Z ignoring duplicate directory "/Users/runner/work/tcm-storage-ios/tcm-storage-ios/build/Build/Products/Debug-iphonesimulator/PackageFrameworks"
2026-04-22T16:45:06.0312900Z ignoring duplicate directory "/Users/runner/work/tcm-storage-ios/tcm-storage-ios/build/Build/Products/Debug-iphonesimulator/PackageFrameworks"
2026-04-22T16:45:06.0313230Z ignoring duplicate directory "/Users/runner/work/tcm-storage-ios/tcm-storage-ios/build/Build/Products/Debug-iphonesimulator/PackageFrameworks"
2026-04-22T16:45:06.0313590Z ignoring duplicate directory "/Users/runner/work/tcm-storage-ios/tcm-storage-ios/build/Build/Products/Debug-iphonesimulator/PackageFrameworks"
2026-04-22T16:45:06.0313920Z ignoring duplicate directory "/Users/runner/work/tcm-storage-ios/tcm-storage-ios/build/Build/Products/Debug-iphonesimulator/PackageFrameworks"
2026-04-22T16:45:06.0314250Z ignoring duplicate directory "/Users/runner/work/tcm-storage-ios/tcm-storage-ios/build/Build/Products/Debug-iphonesimulator/PackageFrameworks"
2026-04-22T16:45:06.0314610Z ignoring duplicate directory "/Users/runner/work/tcm-storage-ios/tcm-storage-ios/build/Build/Products/Debug-iphonesimulator/PackageFrameworks"
2026-04-22T16:45:06.0314960Z ignoring duplicate directory "/Users/runner/work/tcm-storage-ios/tcm-storage-ios/build/Build/Products/Debug-iphonesimulator/PackageFrameworks"
2026-04-22T16:45:06.0315300Z ignoring duplicate directory "/Users/runner/work/tcm-storage-ios/tcm-storage-ios/build/Build/Products/Debug-iphonesimulator/PackageFrameworks"
2026-04-22T16:45:06.0315630Z ignoring duplicate directory "/Users/runner/work/tcm-storage-ios/tcm-storage-ios/build/Build/Products/Debug-iphonesimulator/PackageFrameworks"
2026-04-22T16:45:06.0315950Z ignoring duplicate directory "/Users/runner/work/tcm-storage-ios/tcm-storage-ios/build/Build/Products/Debug-iphonesimulator/PackageFrameworks"
2026-04-22T16:45:06.0316280Z ignoring duplicate directory "/Users/runner/work/tcm-storage-ios/tcm-storage-ios/build/Build/Products/Debug-iphonesimulator/PackageFrameworks"
2026-04-22T16:45:06.0316610Z ignoring duplicate directory "/Users/runner/work/tcm-storage-ios/tcm-storage-ios/build/Build/Products/Debug-iphonesimulator/PackageFrameworks"
2026-04-22T16:45:06.0316940Z ignoring duplicate directory "/Users/runner/work/tcm-storage-ios/tcm-storage-ios/build/Build/Products/Debug-iphonesimulator/PackageFrameworks"
2026-04-22T16:45:06.0317270Z ignoring duplicate directory "/Users/runner/work/tcm-storage-ios/tcm-storage-ios/build/Build/Products/Debug-iphonesimulator/PackageFrameworks"
2026-04-22T16:45:06.0317590Z ignoring duplicate directory "/Users/runner/work/tcm-storage-ios/tcm-storage-ios/build/Build/Products/Debug-iphonesimulator/PackageFrameworks"
2026-04-22T16:45:06.0317920Z ignoring duplicate directory "/Users/runner/work/tcm-storage-ios/tcm-storage-ios/build/Build/Products/Debug-iphonesimulator/PackageFrameworks"
2026-04-22T16:45:06.0318240Z ignoring duplicate directory "/Users/runner/work/tcm-storage-ios/tcm-storage-ios/build/Build/Products/Debug-iphonesimulator/PackageFrameworks"
2026-04-22T16:45:06.0318570Z ignoring duplicate directory "/Users/runner/work/tcm-storage-ios/tcm-storage-ios/build/Build/Products/Debug-iphonesimulator/PackageFrameworks"
2026-04-22T16:45:06.0318900Z ignoring duplicate directory "/Users/runner/work/tcm-storage-ios/tcm-storage-ios/build/Build/Products/Debug-iphonesimulator/PackageFrameworks"
2026-04-22T16:45:06.0319260Z ignoring duplicate directory "/Users/runner/work/tcm-storage-ios/tcm-storage-ios/build/Build/Products/Debug-iphonesimulator/PackageFrameworks"
2026-04-22T16:45:06.0319590Z ignoring duplicate directory "/Users/runner/work/tcm-storage-ios/tcm-storage-ios/build/Build/Products/Debug-iphonesimulator/PackageFrameworks"
2026-04-22T16:45:06.0319920Z ignoring duplicate directory "/Users/runner/work/tcm-storage-ios/tcm-storage-ios/build/Build/Products/Debug-iphonesimulator/PackageFrameworks"
2026-04-22T16:45:06.0320310Z ignoring duplicate directory "/Users/runner/work/tcm-storage-ios/tcm-storage-ios/build/Build/Products/Debug-iphonesimulator/PackageFrameworks"
2026-04-22T16:45:06.0320650Z ignoring duplicate directory "/Users/runner/work/tcm-storage-ios/tcm-storage-ios/build/Build/Products/Debug-iphonesimulator/PackageFrameworks"
2026-04-22T16:45:06.0320980Z ignoring duplicate directory "/Users/runner/work/tcm-storage-ios/tcm-storage-ios/build/Build/Products/Debug-iphonesimulator/PackageFrameworks"
2026-04-22T16:45:06.0321310Z ignoring duplicate directory "/Users/runner/work/tcm-storage-ios/tcm-storage-ios/build/Build/Products/Debug-iphonesimulator/PackageFrameworks"
2026-04-22T16:45:06.0321690Z ignoring duplicate directory "/Users/runner/work/tcm-storage-ios/tcm-storage-ios/build/Build/Products/Debug-iphonesimulator/PackageFrameworks"
2026-04-22T16:45:06.0322020Z ignoring duplicate directory "/Users/runner/work/tcm-storage-ios/tcm-storage-ios/build/Build/Products/Debug-iphonesimulator/PackageFrameworks"
2026-04-22T16:45:06.0322350Z ignoring duplicate directory "/Users/runner/work/tcm-storage-ios/tcm-storage-ios/build/Build/Products/Debug-iphonesimulator/PackageFrameworks"
2026-04-22T16:45:06.0322740Z ignoring duplicate directory "/Users/runner/work/tcm-storage-ios/tcm-storage-ios/build/Build/Products/Debug-iphonesimulator/PackageFrameworks"
2026-04-22T16:45:06.0323070Z ignoring duplicate directory "/Users/runner/work/tcm-storage-ios/tcm-storage-ios/build/Build/Products/Debug-iphonesimulator/PackageFrameworks"
2026-04-22T16:45:06.0323400Z ignoring duplicate directory "/Users/runner/work/tcm-storage-ios/tcm-storage-ios/build/Build/Products/Debug-iphonesimulator/PackageFrameworks"
2026-04-22T16:45:06.0323730Z ignoring duplicate directory "/Users/runner/work/tcm-storage-ios/tcm-storage-ios/build/Build/Products/Debug-iphonesimulator/PackageFrameworks"
2026-04-22T16:45:06.0324060Z ignoring duplicate directory "/Users/runner/work/tcm-storage-ios/tcm-storage-ios/build/Build/Products/Debug-iphonesimulator/PackageFrameworks"
2026-04-22T16:45:06.0324390Z ignoring duplicate directory "/Users/runner/work/tcm-storage-ios/tcm-storage-ios/build/Build/Products/Debug-iphonesimulator/PackageFrameworks"
2026-04-22T16:45:06.0324710Z ignoring duplicate directory "/Users/runner/work/tcm-storage-ios/tcm-storage-ios/build/Build/Products/Debug-iphonesimulator/PackageFrameworks"
2026-04-22T16:45:06.0325050Z ignoring duplicate directory "/Users/runner/work/tcm-storage-ios/tcm-storage-ios/build/Build/Products/Debug-iphonesimulator/PackageFrameworks"
2026-04-22T16:45:06.0325400Z ignoring duplicate directory "/Users/runner/work/tcm-storage-ios/tcm-storage-ios/build/Build/Products/Debug-iphonesimulator/PackageFrameworks"
2026-04-22T16:45:06.0325730Z ignoring duplicate directory "/Users/runner/work/tcm-storage-ios/tcm-storage-ios/build/Build/Products/Debug-iphonesimulator/PackageFrameworks"
2026-04-22T16:45:06.0326060Z ignoring duplicate directory "/Users/runner/work/tcm-storage-ios/tcm-storage-ios/build/Build/Products/Debug-iphonesimulator/PackageFrameworks"
2026-04-22T16:45:06.0326390Z ignoring duplicate directory "/Users/runner/work/tcm-storage-ios/tcm-storage-ios/build/Build/Products/Debug-iphonesimulator/PackageFrameworks"
2026-04-22T16:45:06.0326710Z ignoring duplicate directory "/Users/runner/work/tcm-storage-ios/tcm-storage-ios/build/Build/Products/Debug-iphonesimulator/PackageFrameworks"
2026-04-22T16:45:06.0335320Z ignoring duplicate directory "/Users/runner/work/tcm-storage-ios/tcm-storage-ios/build/Build/Products/Debug-iphonesimulator/PackageFrameworks"
2026-04-22T16:45:06.0335850Z ignoring duplicate directory "/Users/runner/work/tcm-storage-ios/tcm-storage-ios/build/Build/Products/Debug-iphonesimulator/PackageFrameworks"
2026-04-22T16:45:06.0335910Z #include "..." search starts here:
2026-04-22T16:45:06.0336370Z  /Users/runner/work/tcm-storage-ios/tcm-storage-ios/build/Build/Intermediates.noindex/Nextcloud.build/Debug-iphonesimulator/Nextcloud.build/Nextcloud-generated-files.hmap (headermap)
2026-04-22T16:45:06.0336830Z  /Users/runner/work/tcm-storage-ios/tcm-storage-ios/build/Build/Intermediates.noindex/Nextcloud.build/Debug-iphonesimulator/Nextcloud.build/Nextcloud-project-headers.hmap (headermap)
2026-04-22T16:45:06.0336890Z #include <...> search starts here:
2026-04-22T16:45:06.0337350Z  /Users/runner/work/tcm-storage-ios/tcm-storage-ios/build/Build/Intermediates.noindex/Nextcloud.build/Debug-iphonesimulator/Nextcloud.build/Nextcloud-own-target-headers.hmap (headermap)
2026-04-22T16:45:06.0337860Z  /Users/runner/work/tcm-storage-ios/tcm-storage-ios/build/Build/Intermediates.noindex/Nextcloud.build/Debug-iphonesimulator/Nextcloud.build/Nextcloud-all-non-framework-target-headers.hmap (headermap)
2026-04-22T16:45:06.0338250Z  /Users/runner/work/tcm-storage-ios/tcm-storage-ios/build/SourcePackages/checkouts/swift-nio-ssl/Sources/CNIOBoringSSLShims/include
2026-04-22T16:45:06.0338550Z  /Users/runner/work/tcm-storage-ios/tcm-storage-ios/build/SourcePackages/checkouts/swift-nio-ssl/Sources/CNIOBoringSSL/include
2026-04-22T16:45:06.0338830Z  /Users/runner/work/tcm-storage-ios/tcm-storage-ios/build/SourcePackages/checkouts/swift-atomics/Sources/_AtomicsShims/include
2026-04-22T16:45:06.0339190Z  /Users/runner/work/tcm-storage-ios/tcm-storage-ios/build/SourcePackages/checkouts/swift-nio/Sources/CNIOPosix/include
2026-04-22T16:45:06.0339570Z  /Users/runner/work/tcm-storage-ios/tcm-storage-ios/build/SourcePackages/checkouts/swift-nio/Sources/CNIOWASI/include
2026-04-22T16:45:06.0339860Z  /Users/runner/work/tcm-storage-ios/tcm-storage-ios/build/SourcePackages/checkouts/swift-nio/Sources/CNIOWindows/include
2026-04-22T16:45:06.0340120Z  /Users/runner/work/tcm-storage-ios/tcm-storage-ios/build/SourcePackages/checkouts/swift-nio/Sources/CNIOLinux/include
2026-04-22T16:45:06.0340400Z  /Users/runner/work/tcm-storage-ios/tcm-storage-ios/build/SourcePackages/checkouts/swift-nio/Sources/CNIODarwin/include
2026-04-22T16:45:06.0340660Z  /Users/runner/work/tcm-storage-ios/tcm-storage-ios/build/SourcePackages/checkouts/swift-nio/Sources/CNIOOpenBSD/include
2026-04-22T16:45:06.0340930Z  /Users/runner/work/tcm-storage-ios/tcm-storage-ios/build/SourcePackages/checkouts/swift-nio/Sources/CNIOAtomics/include
2026-04-22T16:45:06.0341140Z  /Users/runner/work/tcm-storage-ios/tcm-storage-ios/build/SourcePackages/checkouts/realm-core/src
2026-04-22T16:45:06.0341380Z  /Users/runner/work/tcm-storage-ios/tcm-storage-ios/build/SourcePackages/checkouts/realm-core/src/external/s2
2026-04-22T16:45:06.0341710Z  /Users/runner/work/tcm-storage-ios/tcm-storage-ios/build/SourcePackages/checkouts/realm-core/src/external/IntelRDFPMathLib20U2/LIBRARY/src
2026-04-22T16:45:06.0341930Z  /Users/runner/work/tcm-storage-ios/tcm-storage-ios/build/SourcePackages/checkouts/realm-core/src/spm
2026-04-22T16:45:06.0342140Z  /Users/runner/work/tcm-storage-ios/tcm-storage-ios/build/SourcePackages/checkouts/realm-swift/include
2026-04-22T16:45:06.0342460Z  /Users/runner/work/tcm-storage-ios/tcm-storage-ios/build/SourcePackages/checkouts/GoogleUtilities/GoogleUtilities/NSData+zlib/Public
2026-04-22T16:45:06.0342760Z  /Users/runner/work/tcm-storage-ios/tcm-storage-ios/build/SourcePackages/checkouts/GoogleUtilities/GoogleUtilities/Logger/Public
2026-04-22T16:45:06.0343070Z  /Users/runner/work/tcm-storage-ios/tcm-storage-ios/build/SourcePackages/checkouts/GoogleUtilities/GoogleUtilities/Environment/Public
2026-04-22T16:45:06.0343380Z  /Users/runner/work/tcm-storage-ios/tcm-storage-ios/build/SourcePackages/checkouts/GoogleUtilities/third_party/IsAppEncrypted/Public
2026-04-22T16:45:06.0343700Z  /Users/runner/work/tcm-storage-ios/tcm-storage-ios/build/SourcePackages/checkouts/GoogleUtilities/GoogleUtilities/UserDefaults/Public
2026-04-22T16:45:06.0343970Z  /Users/runner/work/tcm-storage-ios/tcm-storage-ios/build/SourcePackages/checkouts/nanopb/spm_headers
2026-04-22T16:45:06.0344240Z  /Users/runner/work/tcm-storage-ios/tcm-storage-ios/build/SourcePackages/checkouts/promises/Sources/FBLPromises/include
2026-04-22T16:45:06.0344580Z  /Users/runner/work/tcm-storage-ios/tcm-storage-ios/build/SourcePackages/checkouts/GoogleDataTransport/GoogleDataTransport/GDTCORLibrary/Public
2026-04-22T16:45:06.0344880Z  /Users/runner/work/tcm-storage-ios/tcm-storage-ios/build/SourcePackages/checkouts/firebase-ios-sdk/FirebaseSessions/SourcesObjC
2026-04-22T16:45:06.0345160Z  /Users/runner/work/tcm-storage-ios/tcm-storage-ios/build/SourcePackages/checkouts/firebase-ios-sdk/FirebaseCore/Extension
2026-04-22T16:45:06.0345500Z  /Users/runner/work/tcm-storage-ios/tcm-storage-ios/build/SourcePackages/checkouts/firebase-ios-sdk/FirebaseInstallations/Source/Library/Public
2026-04-22T16:45:06.0345930Z  /Users/runner/work/tcm-storage-ios/tcm-storage-ios/build/SourcePackages/checkouts/firebase-ios-sdk/FirebaseCore/Sources/Public
2026-04-22T16:45:06.0346330Z  /Users/runner/work/tcm-storage-ios/tcm-storage-ios/build/SourcePackages/checkouts/firebase-ios-sdk/CoreOnly/Sources
2026-04-22T16:45:06.0346650Z  /Users/runner/work/tcm-storage-ios/tcm-storage-ios/build/SourcePackages/checkouts/firebase-ios-sdk/Crashlytics/Crashlytics/Public
2026-04-22T16:45:06.0346920Z  /Users/runner/work/tcm-storage-ios/tcm-storage-ios/build/SourcePackages/checkouts/GzipSwift/Sources/system-zlib/include
2026-04-22T16:45:06.0347320Z  /Users/runner/work/tcm-storage-ios/tcm-storage-ios/build/Build/Intermediates.noindex/Nextcloud.build/Debug-iphonesimulator/Nextcloud.build/DerivedSources
2026-04-22T16:45:06.0347660Z  /Users/runner/work/tcm-storage-ios/tcm-storage-ios/build/Build/Products/Debug-iphonesimulator/PackageFrameworks (framework directory)
2026-04-22T16:45:06.0347920Z  /Users/runner/work/tcm-storage-ios/tcm-storage-ios/build/Build/Products/Debug-iphonesimulator (framework directory)
2026-04-22T16:45:06.0348240Z  /Applications/Xcode_26.2.app/Contents/Developer/Platforms/iPhoneSimulator.platform/Developer/Library/Frameworks (framework directory)
2026-04-22T16:45:06.0348670Z  /Applications/Xcode_26.2.app/Contents/Developer/Platforms/iPhoneSimulator.platform/Developer/SDKs/iPhoneSimulator26.2.sdk/Developer/Library/Frameworks (framework directory)
2026-04-22T16:45:06.0348910Z  /Applications/Xcode_26.2.app/Contents/Developer/Toolchains/XcodeDefault.xctoolchain/usr/lib/clang/17/include
2026-04-22T16:45:06.0349220Z  /Applications/Xcode_26.2.app/Contents/Developer/Platforms/iPhoneSimulator.platform/Developer/SDKs/iPhoneSimulator26.2.sdk/usr/include
2026-04-22T16:45:06.0349430Z  /Applications/Xcode_26.2.app/Contents/Developer/Toolchains/XcodeDefault.xctoolchain/usr/include
2026-04-22T16:45:06.0349850Z  /Applications/Xcode_26.2.app/Contents/Developer/Platforms/iPhoneSimulator.platform/Developer/SDKs/iPhoneSimulator26.2.sdk/System/Library/Frameworks (framework directory)
2026-04-22T16:45:06.0350370Z  /Applications/Xcode_26.2.app/Contents/Developer/Platforms/iPhoneSimulator.platform/Developer/SDKs/iPhoneSimulator26.2.sdk/System/Library/SubFrameworks (framework directory)
2026-04-22T16:45:06.0350420Z End of search list.
2026-04-22T16:45:06.0350490Z Apple clang version 17.0.0 (clang-1700.6.3.2)
2026-04-22T16:45:06.0350560Z Target: arm64-apple-ios17.0-simulator
2026-04-22T16:45:06.0350610Z Thread model: posix
2026-04-22T16:45:06.0350840Z InstalledDir: /Applications/Xcode_26.2.app/Contents/Developer/Toolchains/XcodeDefault.xctoolchain/usr/bin
2026-04-22T16:45:06.0351010Z clang -cc1 version 17.0.0 (clang-1700.6.3.2) default target arm64-apple-darwin24.6.0
2026-04-22T16:45:06.0351320Z ignoring nonexistent directory "/Users/runner/work/tcm-storage-ios/tcm-storage-ios/build/Build/Products/Debug-iphonesimulator/include"
2026-04-22T16:45:06.0351820Z ignoring nonexistent directory "/Users/runner/work/tcm-storage-ios/tcm-storage-ios/build/Build/Intermediates.noindex/Nextcloud.build/Debug-iphonesimulator/Nextcloud.build/DerivedSources-normal/arm64"
2026-04-22T16:45:06.0352330Z ignoring nonexistent directory "/Users/runner/work/tcm-storage-ios/tcm-storage-ios/build/Build/Intermediates.noindex/Nextcloud.build/Debug-iphonesimulator/Nextcloud.build/DerivedSources/arm64"
2026-04-22T16:45:06.0352760Z ignoring nonexistent directory "/Applications/Xcode_26.2.app/Contents/Developer/Platforms/iPhoneSimulator.platform/Developer/SDKs/iPhoneSimulator26.2.sdk/usr/local/include"
2026-04-22T16:45:06.0353180Z ignoring nonexistent directory "/Applications/Xcode_26.2.app/Contents/Developer/Platforms/iPhoneSimulator.platform/Developer/SDKs/iPhoneSimulator26.2.sdk/Library/Frameworks"
2026-04-22T16:45:06.0353520Z ignoring duplicate directory "/Users/runner/work/tcm-storage-ios/tcm-storage-ios/build/Build/Products/Debug-iphonesimulator/PackageFrameworks"
2026-04-22T16:45:06.0353850Z ignoring duplicate directory "/Users/runner/work/tcm-storage-ios/tcm-storage-ios/build/Build/Products/Debug-iphonesimulator/PackageFrameworks"
2026-04-22T16:45:06.0354280Z ignoring duplicate directory "/Users/runner/work/tcm-storage-ios/tcm-storage-ios/build/Build/Products/Debug-iphonesimulator/PackageFrameworks"
2026-04-22T16:45:06.0354620Z ignoring duplicate directory "/Users/runner/work/tcm-storage-ios/tcm-storage-ios/build/Build/Products/Debug-iphonesimulator/PackageFrameworks"
2026-04-22T16:45:06.0354950Z ignoring duplicate directory "/Users/runner/work/tcm-storage-ios/tcm-storage-ios/build/Build/Products/Debug-iphonesimulator/PackageFrameworks"
2026-04-22T16:45:06.0355300Z ignoring duplicate directory "/Users/runner/work/tcm-storage-ios/tcm-storage-ios/build/Build/Products/Debug-iphonesimulator/PackageFrameworks"
2026-04-22T16:45:06.0355750Z ignoring duplicate directory "/Users/runner/work/tcm-storage-ios/tcm-storage-ios/build/Build/Products/Debug-iphonesimulator/PackageFrameworks"
2026-04-22T16:45:06.0356140Z ignoring duplicate directory "/Users/runner/work/tcm-storage-ios/tcm-storage-ios/build/Build/Products/Debug-iphonesimulator/PackageFrameworks"
2026-04-22T16:45:06.0356590Z ignoring duplicate directory "/Users/runner/work/tcm-storage-ios/tcm-storage-ios/build/Build/Products/Debug-iphonesimulator/PackageFrameworks"
2026-04-22T16:45:06.0357060Z ignoring duplicate directory "/Users/runner/work/tcm-storage-ios/tcm-storage-ios/build/Build/Products/Debug-iphonesimulator/PackageFrameworks"
2026-04-22T16:45:06.0357490Z ignoring duplicate directory "/Users/runner/work/tcm-storage-ios/tcm-storage-ios/build/Build/Products/Debug-iphonesimulator/PackageFrameworks"
2026-04-22T16:45:06.0357910Z ignoring duplicate directory "/Users/runner/work/tcm-storage-ios/tcm-storage-ios/build/Build/Products/Debug-iphonesimulator/PackageFrameworks"
2026-04-22T16:45:06.0358350Z ignoring duplicate directory "/Users/runner/work/tcm-storage-ios/tcm-storage-ios/build/Build/Products/Debug-iphonesimulator/PackageFrameworks"
2026-04-22T16:45:06.0358690Z ignoring duplicate directory "/Users/runner/work/tcm-storage-ios/tcm-storage-ios/build/Build/Products/Debug-iphonesimulator/PackageFrameworks"
2026-04-22T16:45:06.0359020Z ignoring duplicate directory "/Users/runner/work/tcm-storage-ios/tcm-storage-ios/build/Build/Products/Debug-iphonesimulator/PackageFrameworks"
2026-04-22T16:45:06.0359370Z ignoring duplicate directory "/Users/runner/work/tcm-storage-ios/tcm-storage-ios/build/Build/Products/Debug-iphonesimulator/PackageFrameworks"
2026-04-22T16:45:06.0359710Z ignoring duplicate directory "/Users/runner/work/tcm-storage-ios/tcm-storage-ios/build/Build/Products/Debug-iphonesimulator/PackageFrameworks"
2026-04-22T16:45:06.0360030Z ignoring duplicate directory "/Users/runner/work/tcm-storage-ios/tcm-storage-ios/build/Build/Products/Debug-iphonesimulator/PackageFrameworks"
2026-04-22T16:45:06.0360430Z ignoring duplicate directory "/Users/runner/work/tcm-storage-ios/tcm-storage-ios/build/Build/Products/Debug-iphonesimulator/PackageFrameworks"
2026-04-22T16:45:06.0360810Z ignoring duplicate directory "/Users/runner/work/tcm-storage-ios/tcm-storage-ios/build/Build/Products/Debug-iphonesimulator/PackageFrameworks"
2026-04-22T16:45:06.0361260Z ignoring duplicate directory "/Users/runner/work/tcm-storage-ios/tcm-storage-ios/build/Build/Products/Debug-iphonesimulator/PackageFrameworks"
2026-04-22T16:45:06.0361790Z ignoring duplicate directory "/Users/runner/work/tcm-storage-ios/tcm-storage-ios/build/Build/Products/Debug-iphonesimulator/PackageFrameworks"
2026-04-22T16:45:06.0368640Z ignoring duplicate directory "/Users/runner/work/tcm-storage-ios/tcm-storage-ios/build/Build/Products/Debug-iphonesimulator/PackageFrameworks"
2026-04-22T16:45:06.0369000Z ignoring duplicate directory "/Users/runner/work/tcm-storage-ios/tcm-storage-ios/build/Build/Products/Debug-iphonesimulator/PackageFrameworks"
2026-04-22T16:45:06.0369330Z ignoring duplicate directory "/Users/runner/work/tcm-storage-ios/tcm-storage-ios/build/Build/Products/Debug-iphonesimulator/PackageFrameworks"
2026-04-22T16:45:06.0369670Z ignoring duplicate directory "/Users/runner/work/tcm-storage-ios/tcm-storage-ios/build/Build/Products/Debug-iphonesimulator/PackageFrameworks"
2026-04-22T16:45:06.0370100Z ignoring duplicate directory "/Users/runner/work/tcm-storage-ios/tcm-storage-ios/build/Build/Products/Debug-iphonesimulator/PackageFrameworks"
2026-04-22T16:45:06.0370460Z ignoring duplicate directory "/Users/runner/work/tcm-storage-ios/tcm-storage-ios/build/Build/Products/Debug-iphonesimulator/PackageFrameworks"
2026-04-22T16:45:06.0370800Z ignoring duplicate directory "/Users/runner/work/tcm-storage-ios/tcm-storage-ios/build/Build/Products/Debug-iphonesimulator/PackageFrameworks"
2026-04-22T16:45:06.0371200Z ignoring duplicate directory "/Users/runner/work/tcm-storage-ios/tcm-storage-ios/build/Build/Products/Debug-iphonesimulator/PackageFrameworks"
2026-04-22T16:45:06.0371570Z ignoring duplicate directory "/Users/runner/work/tcm-storage-ios/tcm-storage-ios/build/Build/Products/Debug-iphonesimulator/PackageFrameworks"
2026-04-22T16:45:06.0371900Z ignoring duplicate directory "/Users/runner/work/tcm-storage-ios/tcm-storage-ios/build/Build/Products/Debug-iphonesimulator/PackageFrameworks"
2026-04-22T16:45:06.0372230Z ignoring duplicate directory "/Users/runner/work/tcm-storage-ios/tcm-storage-ios/build/Build/Products/Debug-iphonesimulator/PackageFrameworks"
2026-04-22T16:45:06.0372560Z ignoring duplicate directory "/Users/runner/work/tcm-storage-ios/tcm-storage-ios/build/Build/Products/Debug-iphonesimulator/PackageFrameworks"
2026-04-22T16:45:06.0372890Z ignoring duplicate directory "/Users/runner/work/tcm-storage-ios/tcm-storage-ios/build/Build/Products/Debug-iphonesimulator/PackageFrameworks"
2026-04-22T16:45:06.0373240Z ignoring duplicate directory "/Users/runner/work/tcm-storage-ios/tcm-storage-ios/build/Build/Products/Debug-iphonesimulator/PackageFrameworks"
2026-04-22T16:45:06.0373600Z ignoring duplicate directory "/Users/runner/work/tcm-storage-ios/tcm-storage-ios/build/Build/Products/Debug-iphonesimulator/PackageFrameworks"
2026-04-22T16:45:06.0373950Z ignoring duplicate directory "/Users/runner/work/tcm-storage-ios/tcm-storage-ios/build/Build/Products/Debug-iphonesimulator/PackageFrameworks"
2026-04-22T16:45:06.0374290Z ignoring duplicate directory "/Users/runner/work/tcm-storage-ios/tcm-storage-ios/build/Build/Products/Debug-iphonesimulator/PackageFrameworks"
2026-04-22T16:45:06.0374620Z ignoring duplicate directory "/Users/runner/work/tcm-storage-ios/tcm-storage-ios/build/Build/Products/Debug-iphonesimulator/PackageFrameworks"
2026-04-22T16:45:06.0374950Z ignoring duplicate directory "/Users/runner/work/tcm-storage-ios/tcm-storage-ios/build/Build/Products/Debug-iphonesimulator/PackageFrameworks"
2026-04-22T16:45:06.0377330Z ignoring duplicate directory "/Users/runner/work/tcm-storage-ios/tcm-storage-ios/build/Build/Products/Debug-iphonesimulator/PackageFrameworks"
2026-04-22T16:45:06.0377720Z ignoring duplicate directory "/Users/runner/work/tcm-storage-ios/tcm-storage-ios/build/Build/Products/Debug-iphonesimulator/PackageFrameworks"
2026-04-22T16:45:06.0378160Z ignoring duplicate directory "/Users/runner/work/tcm-storage-ios/tcm-storage-ios/build/Build/Products/Debug-iphonesimulator/PackageFrameworks"
2026-04-22T16:45:06.0378490Z ignoring duplicate directory "/Users/runner/work/tcm-storage-ios/tcm-storage-ios/build/Build/Products/Debug-iphonesimulator/PackageFrameworks"
2026-04-22T16:45:06.0378820Z ignoring duplicate directory "/Users/runner/work/tcm-storage-ios/tcm-storage-ios/build/Build/Products/Debug-iphonesimulator/PackageFrameworks"
2026-04-22T16:45:06.0379180Z ignoring duplicate directory "/Users/runner/work/tcm-storage-ios/tcm-storage-ios/build/Build/Products/Debug-iphonesimulator/PackageFrameworks"
2026-04-22T16:45:06.0379510Z ignoring duplicate directory "/Users/runner/work/tcm-storage-ios/tcm-storage-ios/build/Build/Products/Debug-iphonesimulator/PackageFrameworks"
2026-04-22T16:45:06.0379960Z ignoring duplicate directory "/Users/runner/work/tcm-storage-ios/tcm-storage-ios/build/Build/Products/Debug-iphonesimulator/PackageFrameworks"
2026-04-22T16:45:06.0380300Z ignoring duplicate directory "/Users/runner/work/tcm-storage-ios/tcm-storage-ios/build/Build/Products/Debug-iphonesimulator/PackageFrameworks"
2026-04-22T16:45:06.0380700Z ignoring duplicate directory "/Users/runner/work/tcm-storage-ios/tcm-storage-ios/build/Build/Products/Debug-iphonesimulator/PackageFrameworks"
2026-04-22T16:45:06.0381030Z ignoring duplicate directory "/Users/runner/work/tcm-storage-ios/tcm-storage-ios/build/Build/Products/Debug-iphonesimulator/PackageFrameworks"
2026-04-22T16:45:06.0381360Z ignoring duplicate directory "/Users/runner/work/tcm-storage-ios/tcm-storage-ios/build/Build/Products/Debug-iphonesimulator/PackageFrameworks"
2026-04-22T16:45:06.0381850Z ignoring duplicate directory "/Users/runner/work/tcm-storage-ios/tcm-storage-ios/build/Build/Products/Debug-iphonesimulator/PackageFrameworks"
2026-04-22T16:45:06.0382200Z ignoring duplicate directory "/Users/runner/work/tcm-storage-ios/tcm-storage-ios/build/Build/Products/Debug-iphonesimulator/PackageFrameworks"
2026-04-22T16:45:06.0382540Z ignoring duplicate directory "/Users/runner/work/tcm-storage-ios/tcm-storage-ios/build/Build/Products/Debug-iphonesimulator/PackageFrameworks"
2026-04-22T16:45:06.0382860Z ignoring duplicate directory "/Users/runner/work/tcm-storage-ios/tcm-storage-ios/build/Build/Products/Debug-iphonesimulator/PackageFrameworks"
2026-04-22T16:45:06.0383190Z ignoring duplicate directory "/Users/runner/work/tcm-storage-ios/tcm-storage-ios/build/Build/Products/Debug-iphonesimulator/PackageFrameworks"
2026-04-22T16:45:06.0383520Z ignoring duplicate directory "/Users/runner/work/tcm-storage-ios/tcm-storage-ios/build/Build/Products/Debug-iphonesimulator/PackageFrameworks"
2026-04-22T16:45:06.0383860Z ignoring duplicate directory "/Users/runner/work/tcm-storage-ios/tcm-storage-ios/build/Build/Products/Debug-iphonesimulator/PackageFrameworks"
2026-04-22T16:45:06.0384190Z ignoring duplicate directory "/Users/runner/work/tcm-storage-ios/tcm-storage-ios/build/Build/Products/Debug-iphonesimulator/PackageFrameworks"
2026-04-22T16:45:06.0384520Z ignoring duplicate directory "/Users/runner/work/tcm-storage-ios/tcm-storage-ios/build/Build/Products/Debug-iphonesimulator/PackageFrameworks"
2026-04-22T16:45:06.0384850Z ignoring duplicate directory "/Users/runner/work/tcm-storage-ios/tcm-storage-ios/build/Build/Products/Debug-iphonesimulator/PackageFrameworks"
2026-04-22T16:45:06.0385180Z ignoring duplicate directory "/Users/runner/work/tcm-storage-ios/tcm-storage-ios/build/Build/Products/Debug-iphonesimulator/PackageFrameworks"
2026-04-22T16:45:06.0385510Z ignoring duplicate directory "/Users/runner/work/tcm-storage-ios/tcm-storage-ios/build/Build/Products/Debug-iphonesimulator/PackageFrameworks"
2026-04-22T16:45:06.0385840Z ignoring duplicate directory "/Users/runner/work/tcm-storage-ios/tcm-storage-ios/build/Build/Products/Debug-iphonesimulator/PackageFrameworks"
2026-04-22T16:45:06.0386160Z ignoring duplicate directory "/Users/runner/work/tcm-storage-ios/tcm-storage-ios/build/Build/Products/Debug-iphonesimulator/PackageFrameworks"
2026-04-22T16:45:06.0386750Z ignoring duplicate directory "/Users/runner/work/tcm-storage-ios/tcm-storage-ios/build/Build/Products/Debug-iphonesimulator/PackageFrameworks"
2026-04-22T16:45:06.0387150Z ignoring duplicate directory "/Users/runner/work/tcm-storage-ios/tcm-storage-ios/build/Build/Products/Debug-iphonesimulator/PackageFrameworks"
2026-04-22T16:45:06.0387540Z ignoring duplicate directory "/Users/runner/work/tcm-storage-ios/tcm-storage-ios/build/Build/Products/Debug-iphonesimulator/PackageFrameworks"
2026-04-22T16:45:06.0387870Z ignoring duplicate directory "/Users/runner/work/tcm-storage-ios/tcm-storage-ios/build/Build/Products/Debug-iphonesimulator/PackageFrameworks"
2026-04-22T16:45:06.0388200Z ignoring duplicate directory "/Users/runner/work/tcm-storage-ios/tcm-storage-ios/build/Build/Products/Debug-iphonesimulator/PackageFrameworks"
2026-04-22T16:45:06.0388530Z ignoring duplicate directory "/Users/runner/work/tcm-storage-ios/tcm-storage-ios/build/Build/Products/Debug-iphonesimulator/PackageFrameworks"
2026-04-22T16:45:06.0388860Z ignoring duplicate directory "/Users/runner/work/tcm-storage-ios/tcm-storage-ios/build/Build/Products/Debug-iphonesimulator/PackageFrameworks"
2026-04-22T16:45:06.0389290Z ignoring duplicate directory "/Users/runner/work/tcm-storage-ios/tcm-storage-ios/build/Build/Products/Debug-iphonesimulator/PackageFrameworks"
2026-04-22T16:45:06.0389630Z ignoring duplicate directory "/Users/runner/work/tcm-storage-ios/tcm-storage-ios/build/Build/Products/Debug-iphonesimulator/PackageFrameworks"
2026-04-22T16:45:06.0389690Z #include "..." search starts here:
2026-04-22T16:45:06.0390240Z  /Users/runner/work/tcm-storage-ios/tcm-storage-ios/build/Build/Intermediates.noindex/Nextcloud.build/Debug-iphonesimulator/Nextcloud.build/Nextcloud-generated-files.hmap (headermap)
2026-04-22T16:45:06.0390770Z  /Users/runner/work/tcm-storage-ios/tcm-storage-ios/build/Build/Intermediates.noindex/Nextcloud.build/Debug-iphonesimulator/Nextcloud.build/Nextcloud-project-headers.hmap (headermap)
2026-04-22T16:45:06.0390860Z #include <...> search starts here:
2026-04-22T16:45:06.0391330Z  /Users/runner/work/tcm-storage-ios/tcm-storage-ios/build/Build/Intermediates.noindex/Nextcloud.build/Debug-iphonesimulator/Nextcloud.build/Nextcloud-own-target-headers.hmap (headermap)
2026-04-22T16:45:06.0391840Z  /Users/runner/work/tcm-storage-ios/tcm-storage-ios/build/Build/Intermediates.noindex/Nextcloud.build/Debug-iphonesimulator/Nextcloud.build/Nextcloud-all-non-framework-target-headers.hmap (headermap)
2026-04-22T16:45:06.0392150Z  /Users/runner/work/tcm-storage-ios/tcm-storage-ios/build/SourcePackages/checkouts/swift-nio-ssl/Sources/CNIOBoringSSLShims/include
2026-04-22T16:45:06.0392450Z  /Users/runner/work/tcm-storage-ios/tcm-storage-ios/build/SourcePackages/checkouts/swift-nio-ssl/Sources/CNIOBoringSSL/include
2026-04-22T16:45:06.0392770Z  /Users/runner/work/tcm-storage-ios/tcm-storage-ios/build/SourcePackages/checkouts/swift-atomics/Sources/_AtomicsShims/include
2026-04-22T16:45:06.0393050Z  /Users/runner/work/tcm-storage-ios/tcm-storage-ios/build/SourcePackages/checkouts/swift-nio/Sources/CNIOPosix/include
2026-04-22T16:45:06.0393310Z  /Users/runner/work/tcm-storage-ios/tcm-storage-ios/build/SourcePackages/checkouts/swift-nio/Sources/CNIOWASI/include
2026-04-22T16:45:06.0393580Z  /Users/runner/work/tcm-storage-ios/tcm-storage-ios/build/SourcePackages/checkouts/swift-nio/Sources/CNIOWindows/include
2026-04-22T16:45:06.0393850Z  /Users/runner/work/tcm-storage-ios/tcm-storage-ios/build/SourcePackages/checkouts/swift-nio/Sources/CNIOLinux/include
2026-04-22T16:45:06.0394120Z  /Users/runner/work/tcm-storage-ios/tcm-storage-ios/build/SourcePackages/checkouts/swift-nio/Sources/CNIODarwin/include
2026-04-22T16:45:06.0394390Z  /Users/runner/work/tcm-storage-ios/tcm-storage-ios/build/SourcePackages/checkouts/swift-nio/Sources/CNIOOpenBSD/include
2026-04-22T16:45:06.0394660Z  /Users/runner/work/tcm-storage-ios/tcm-storage-ios/build/SourcePackages/checkouts/swift-nio/Sources/CNIOAtomics/include
2026-04-22T16:45:06.0394930Z  /Users/runner/work/tcm-storage-ios/tcm-storage-ios/build/SourcePackages/checkouts/realm-core/src
2026-04-22T16:45:06.0395180Z  /Users/runner/work/tcm-storage-ios/tcm-storage-ios/build/SourcePackages/checkouts/realm-core/src/external/s2
2026-04-22T16:45:06.0395510Z  /Users/runner/work/tcm-storage-ios/tcm-storage-ios/build/SourcePackages/checkouts/realm-core/src/external/IntelRDFPMathLib20U2/LIBRARY/src
2026-04-22T16:45:06.0395730Z  /Users/runner/work/tcm-storage-ios/tcm-storage-ios/build/SourcePackages/checkouts/realm-core/src/spm
2026-04-22T16:45:06.0395950Z  /Users/runner/work/tcm-storage-ios/tcm-storage-ios/build/SourcePackages/checkouts/realm-swift/include
2026-04-22T16:45:06.0396270Z  /Users/runner/work/tcm-storage-ios/tcm-storage-ios/build/SourcePackages/checkouts/GoogleUtilities/GoogleUtilities/NSData+zlib/Public
2026-04-22T16:45:06.0396580Z  /Users/runner/work/tcm-storage-ios/tcm-storage-ios/build/SourcePackages/checkouts/GoogleUtilities/GoogleUtilities/Logger/Public
2026-04-22T16:45:06.0396900Z  /Users/runner/work/tcm-storage-ios/tcm-storage-ios/build/SourcePackages/checkouts/GoogleUtilities/GoogleUtilities/Environment/Public
2026-04-22T16:45:06.0397240Z  /Users/runner/work/tcm-storage-ios/tcm-storage-ios/build/SourcePackages/checkouts/GoogleUtilities/third_party/IsAppEncrypted/Public
2026-04-22T16:45:06.0397560Z  /Users/runner/work/tcm-storage-ios/tcm-storage-ios/build/SourcePackages/checkouts/GoogleUtilities/GoogleUtilities/UserDefaults/Public
2026-04-22T16:45:06.0397780Z  /Users/runner/work/tcm-storage-ios/tcm-storage-ios/build/SourcePackages/checkouts/nanopb/spm_headers
2026-04-22T16:45:06.0398100Z  /Users/runner/work/tcm-storage-ios/tcm-storage-ios/build/SourcePackages/checkouts/promises/Sources/FBLPromises/include
2026-04-22T16:45:06.0398530Z  /Users/runner/work/tcm-storage-ios/tcm-storage-ios/build/SourcePackages/checkouts/GoogleDataTransport/GoogleDataTransport/GDTCORLibrary/Public
2026-04-22T16:45:06.0398870Z  /Users/runner/work/tcm-storage-ios/tcm-storage-ios/build/SourcePackages/checkouts/firebase-ios-sdk/FirebaseSessions/SourcesObjC
2026-04-22T16:45:06.0399170Z  /Users/runner/work/tcm-storage-ios/tcm-storage-ios/build/SourcePackages/checkouts/firebase-ios-sdk/FirebaseCore/Extension
2026-04-22T16:45:06.0399510Z  /Users/runner/work/tcm-storage-ios/tcm-storage-ios/build/SourcePackages/checkouts/firebase-ios-sdk/FirebaseInstallations/Source/Library/Public
2026-04-22T16:45:06.0399860Z  /Users/runner/work/tcm-storage-ios/tcm-storage-ios/build/SourcePackages/checkouts/firebase-ios-sdk/FirebaseCore/Sources/Public
2026-04-22T16:45:06.0400150Z  /Users/runner/work/tcm-storage-ios/tcm-storage-ios/build/SourcePackages/checkouts/firebase-ios-sdk/CoreOnly/Sources
2026-04-22T16:45:06.0400480Z  /Users/runner/work/tcm-storage-ios/tcm-storage-ios/build/SourcePackages/checkouts/firebase-ios-sdk/Crashlytics/Crashlytics/Public
2026-04-22T16:45:06.0400760Z  /Users/runner/work/tcm-storage-ios/tcm-storage-ios/build/SourcePackages/checkouts/GzipSwift/Sources/system-zlib/include
2026-04-22T16:45:06.0401220Z  /Users/runner/work/tcm-storage-ios/tcm-storage-ios/build/Build/Intermediates.noindex/Nextcloud.build/Debug-iphonesimulator/Nextcloud.build/DerivedSources
2026-04-22T16:45:06.0401540Z  /Users/runner/work/tcm-storage-ios/tcm-storage-ios/build/Build/Products/Debug-iphonesimulator/PackageFrameworks (framework directory)
2026-04-22T16:45:06.0401810Z  /Users/runner/work/tcm-storage-ios/tcm-storage-ios/build/Build/Products/Debug-iphonesimulator (framework directory)
2026-04-22T16:45:06.0402120Z  /Applications/Xcode_26.2.app/Contents/Developer/Platforms/iPhoneSimulator.platform/Developer/Library/Frameworks (framework directory)
2026-04-22T16:45:06.0402550Z  /Applications/Xcode_26.2.app/Contents/Developer/Platforms/iPhoneSimulator.platform/Developer/SDKs/iPhoneSimulator26.2.sdk/Developer/Library/Frameworks (framework directory)
2026-04-22T16:45:06.0402790Z  /Applications/Xcode_26.2.app/Contents/Developer/Toolchains/XcodeDefault.xctoolchain/usr/lib/clang/17/include
2026-04-22T16:45:06.0403110Z  /Applications/Xcode_26.2.app/Contents/Developer/Platforms/iPhoneSimulator.platform/Developer/SDKs/iPhoneSimulator26.2.sdk/usr/include
2026-04-22T16:45:06.0403400Z  /Applications/Xcode_26.2.app/Contents/Developer/Toolchains/XcodeDefault.xctoolchain/usr/include
2026-04-22T16:45:06.0403820Z  /Applications/Xcode_26.2.app/Contents/Developer/Platforms/iPhoneSimulator.platform/Developer/SDKs/iPhoneSimulator26.2.sdk/System/Library/Frameworks (framework directory)
2026-04-22T16:45:06.0404230Z  /Applications/Xcode_26.2.app/Contents/Developer/Platforms/iPhoneSimulator.platform/Developer/SDKs/iPhoneSimulator26.2.sdk/System/Library/SubFrameworks (framework directory)
2026-04-22T16:45:06.0404290Z End of search list.
2026-04-22T16:45:06.0404360Z Apple clang version 17.0.0 (clang-1700.6.3.2)
2026-04-22T16:45:06.0404430Z Target: arm64-apple-ios17.0-simulator
2026-04-22T16:45:06.0404480Z Thread model: posix
2026-04-22T16:45:06.0404720Z InstalledDir: /Applications/Xcode_26.2.app/Contents/Developer/Toolchains/XcodeDefault.xctoolchain/usr/bin
2026-04-22T16:45:06.0404880Z clang -cc1 version 17.0.0 (clang-1700.6.3.2) default target arm64-apple-darwin24.6.0
2026-04-22T16:45:06.0405200Z ignoring nonexistent directory "/Users/runner/work/tcm-storage-ios/tcm-storage-ios/build/Build/Products/Debug-iphonesimulator/include"
2026-04-22T16:45:06.0405730Z ignoring nonexistent directory "/Users/runner/work/tcm-storage-ios/tcm-storage-ios/build/Build/Intermediates.noindex/Nextcloud.build/Debug-iphonesimulator/Nextcloud.build/DerivedSources-normal/arm64"
2026-04-22T16:45:06.0406210Z ignoring nonexistent directory "/Users/runner/work/tcm-storage-ios/tcm-storage-ios/build/Build/Intermediates.noindex/Nextcloud.build/Debug-iphonesimulator/Nextcloud.build/DerivedSources/arm64"
2026-04-22T16:45:06.0406840Z ignoring nonexistent directory "/Applications/Xcode_26.2.app/Contents/Developer/Platforms/iPhoneSimulator.platform/Developer/SDKs/iPhoneSimulator26.2.sdk/usr/local/include"
2026-04-22T16:45:06.0407270Z ignoring nonexistent directory "/Applications/Xcode_26.2.app/Contents/Developer/Platforms/iPhoneSimulator.platform/Developer/SDKs/iPhoneSimulator26.2.sdk/Library/Frameworks"
2026-04-22T16:45:06.0407610Z ignoring duplicate directory "/Users/runner/work/tcm-storage-ios/tcm-storage-ios/build/Build/Products/Debug-iphonesimulator/PackageFrameworks"
2026-04-22T16:45:06.0407940Z ignoring duplicate directory "/Users/runner/work/tcm-storage-ios/tcm-storage-ios/build/Build/Products/Debug-iphonesimulator/PackageFrameworks"
2026-04-22T16:45:06.0408260Z ignoring duplicate directory "/Users/runner/work/tcm-storage-ios/tcm-storage-ios/build/Build/Products/Debug-iphonesimulator/PackageFrameworks"
2026-04-22T16:45:06.0408590Z ignoring duplicate directory "/Users/runner/work/tcm-storage-ios/tcm-storage-ios/build/Build/Products/Debug-iphonesimulator/PackageFrameworks"
2026-04-22T16:45:06.0408920Z ignoring duplicate directory "/Users/runner/work/tcm-storage-ios/tcm-storage-ios/build/Build/Products/Debug-iphonesimulator/PackageFrameworks"
2026-04-22T16:45:06.0409250Z ignoring duplicate directory "/Users/runner/work/tcm-storage-ios/tcm-storage-ios/build/Build/Products/Debug-iphonesimulator/PackageFrameworks"
2026-04-22T16:45:06.0409570Z ignoring duplicate directory "/Users/runner/work/tcm-storage-ios/tcm-storage-ios/build/Build/Products/Debug-iphonesimulator/PackageFrameworks"
2026-04-22T16:45:06.0409900Z ignoring duplicate directory "/Users/runner/work/tcm-storage-ios/tcm-storage-ios/build/Build/Products/Debug-iphonesimulator/PackageFrameworks"
2026-04-22T16:45:06.0410230Z ignoring duplicate directory "/Users/runner/work/tcm-storage-ios/tcm-storage-ios/build/Build/Products/Debug-iphonesimulator/PackageFrameworks"
2026-04-22T16:45:06.0410550Z ignoring duplicate directory "/Users/runner/work/tcm-storage-ios/tcm-storage-ios/build/Build/Products/Debug-iphonesimulator/PackageFrameworks"
2026-04-22T16:45:06.0410880Z ignoring duplicate directory "/Users/runner/work/tcm-storage-ios/tcm-storage-ios/build/Build/Products/Debug-iphonesimulator/PackageFrameworks"
2026-04-22T16:45:06.0411200Z ignoring duplicate directory "/Users/runner/work/tcm-storage-ios/tcm-storage-ios/build/Build/Products/Debug-iphonesimulator/PackageFrameworks"
2026-04-22T16:45:06.0411560Z ignoring duplicate directory "/Users/runner/work/tcm-storage-ios/tcm-storage-ios/build/Build/Products/Debug-iphonesimulator/PackageFrameworks"
2026-04-22T16:45:06.0411890Z ignoring duplicate directory "/Users/runner/work/tcm-storage-ios/tcm-storage-ios/build/Build/Products/Debug-iphonesimulator/PackageFrameworks"
2026-04-22T16:45:06.0412220Z ignoring duplicate directory "/Users/runner/work/tcm-storage-ios/tcm-storage-ios/build/Build/Products/Debug-iphonesimulator/PackageFrameworks"
2026-04-22T16:45:06.0412550Z ignoring duplicate directory "/Users/runner/work/tcm-storage-ios/tcm-storage-ios/build/Build/Products/Debug-iphonesimulator/PackageFrameworks"
2026-04-22T16:45:06.0412870Z ignoring duplicate directory "/Users/runner/work/tcm-storage-ios/tcm-storage-ios/build/Build/Products/Debug-iphonesimulator/PackageFrameworks"
2026-04-22T16:45:06.0413200Z ignoring duplicate directory "/Users/runner/work/tcm-storage-ios/tcm-storage-ios/build/Build/Products/Debug-iphonesimulator/PackageFrameworks"
2026-04-22T16:45:06.0428070Z ignoring duplicate directory "/Users/runner/work/tcm-storage-ios/tcm-storage-ios/build/Build/Products/Debug-iphonesimulator/PackageFrameworks"
2026-04-22T16:45:06.0428690Z ignoring duplicate directory "/Users/runner/work/tcm-storage-ios/tcm-storage-ios/build/Build/Products/Debug-iphonesimulator/PackageFrameworks"
2026-04-22T16:45:06.0429030Z ignoring duplicate directory "/Users/runner/work/tcm-storage-ios/tcm-storage-ios/build/Build/Products/Debug-iphonesimulator/PackageFrameworks"
2026-04-22T16:45:06.0429720Z ignoring duplicate directory "/Users/runner/work/tcm-storage-ios/tcm-storage-ios/build/Build/Products/Debug-iphonesimulator/PackageFrameworks"
2026-04-22T16:45:06.0430200Z ignoring duplicate directory "/Users/runner/work/tcm-storage-ios/tcm-storage-ios/build/Build/Products/Debug-iphonesimulator/PackageFrameworks"
2026-04-22T16:45:06.0430550Z ignoring duplicate directory "/Users/runner/work/tcm-storage-ios/tcm-storage-ios/build/Build/Products/Debug-iphonesimulator/PackageFrameworks"
2026-04-22T16:45:06.0430880Z ignoring duplicate directory "/Users/runner/work/tcm-storage-ios/tcm-storage-ios/build/Build/Products/Debug-iphonesimulator/PackageFrameworks"
2026-04-22T16:45:06.0431220Z ignoring duplicate directory "/Users/runner/work/tcm-storage-ios/tcm-storage-ios/build/Build/Products/Debug-iphonesimulator/PackageFrameworks"
2026-04-22T16:45:06.0431550Z ignoring duplicate directory "/Users/runner/work/tcm-storage-ios/tcm-storage-ios/build/Build/Products/Debug-iphonesimulator/PackageFrameworks"
2026-04-22T16:45:06.0431880Z ignoring duplicate directory "/Users/runner/work/tcm-storage-ios/tcm-storage-ios/build/Build/Products/Debug-iphonesimulator/PackageFrameworks"
2026-04-22T16:45:06.0432220Z ignoring duplicate directory "/Users/runner/work/tcm-storage-ios/tcm-storage-ios/build/Build/Products/Debug-iphonesimulator/PackageFrameworks"
2026-04-22T16:45:06.0432550Z ignoring duplicate directory "/Users/runner/work/tcm-storage-ios/tcm-storage-ios/build/Build/Products/Debug-iphonesimulator/PackageFrameworks"
2026-04-22T16:45:06.0432880Z ignoring duplicate directory "/Users/runner/work/tcm-storage-ios/tcm-storage-ios/build/Build/Products/Debug-iphonesimulator/PackageFrameworks"
2026-04-22T16:45:06.0433220Z ignoring duplicate directory "/Users/runner/work/tcm-storage-ios/tcm-storage-ios/build/Build/Products/Debug-iphonesimulator/PackageFrameworks"
2026-04-22T16:45:06.0433550Z ignoring duplicate directory "/Users/runner/work/tcm-storage-ios/tcm-storage-ios/build/Build/Products/Debug-iphonesimulator/PackageFrameworks"
2026-04-22T16:45:06.0433890Z ignoring duplicate directory "/Users/runner/work/tcm-storage-ios/tcm-storage-ios/build/Build/Products/Debug-iphonesimulator/PackageFrameworks"
2026-04-22T16:45:06.0434220Z ignoring duplicate directory "/Users/runner/work/tcm-storage-ios/tcm-storage-ios/build/Build/Products/Debug-iphonesimulator/PackageFrameworks"
2026-04-22T16:45:06.0434550Z ignoring duplicate directory "/Users/runner/work/tcm-storage-ios/tcm-storage-ios/build/Build/Products/Debug-iphonesimulator/PackageFrameworks"
2026-04-22T16:45:06.0434980Z ignoring duplicate directory "/Users/runner/work/tcm-storage-ios/tcm-storage-ios/build/Build/Products/Debug-iphonesimulator/PackageFrameworks"
2026-04-22T16:45:06.0435300Z ignoring duplicate directory "/Users/runner/work/tcm-storage-ios/tcm-storage-ios/build/Build/Products/Debug-iphonesimulator/PackageFrameworks"
2026-04-22T16:45:06.0435630Z ignoring duplicate directory "/Users/runner/work/tcm-storage-ios/tcm-storage-ios/build/Build/Products/Debug-iphonesimulator/PackageFrameworks"
2026-04-22T16:45:06.0435950Z ignoring duplicate directory "/Users/runner/work/tcm-storage-ios/tcm-storage-ios/build/Build/Products/Debug-iphonesimulator/PackageFrameworks"
2026-04-22T16:45:06.0436280Z ignoring duplicate directory "/Users/runner/work/tcm-storage-ios/tcm-storage-ios/build/Build/Products/Debug-iphonesimulator/PackageFrameworks"
2026-04-22T16:45:06.0436600Z ignoring duplicate directory "/Users/runner/work/tcm-storage-ios/tcm-storage-ios/build/Build/Products/Debug-iphonesimulator/PackageFrameworks"
2026-04-22T16:45:06.0437050Z ignoring duplicate directory "/Users/runner/work/tcm-storage-ios/tcm-storage-ios/build/Build/Products/Debug-iphonesimulator/PackageFrameworks"
2026-04-22T16:45:06.0437390Z ignoring duplicate directory "/Users/runner/work/tcm-storage-ios/tcm-storage-ios/build/Build/Products/Debug-iphonesimulator/PackageFrameworks"
2026-04-22T16:45:06.0437720Z ignoring duplicate directory "/Users/runner/work/tcm-storage-ios/tcm-storage-ios/build/Build/Products/Debug-iphonesimulator/PackageFrameworks"
2026-04-22T16:45:06.0438090Z ignoring duplicate directory "/Users/runner/work/tcm-storage-ios/tcm-storage-ios/build/Build/Products/Debug-iphonesimulator/PackageFrameworks"
2026-04-22T16:45:06.0438450Z ignoring duplicate directory "/Users/runner/work/tcm-storage-ios/tcm-storage-ios/build/Build/Products/Debug-iphonesimulator/PackageFrameworks"
2026-04-22T16:45:06.0438780Z ignoring duplicate directory "/Users/runner/work/tcm-storage-ios/tcm-storage-ios/build/Build/Products/Debug-iphonesimulator/PackageFrameworks"
2026-04-22T16:45:06.0439110Z ignoring duplicate directory "/Users/runner/work/tcm-storage-ios/tcm-storage-ios/build/Build/Products/Debug-iphonesimulator/PackageFrameworks"
2026-04-22T16:45:06.0439430Z ignoring duplicate directory "/Users/runner/work/tcm-storage-ios/tcm-storage-ios/build/Build/Products/Debug-iphonesimulator/PackageFrameworks"
2026-04-22T16:45:06.0439760Z ignoring duplicate directory "/Users/runner/work/tcm-storage-ios/tcm-storage-ios/build/Build/Products/Debug-iphonesimulator/PackageFrameworks"
2026-04-22T16:45:06.0440090Z ignoring duplicate directory "/Users/runner/work/tcm-storage-ios/tcm-storage-ios/build/Build/Products/Debug-iphonesimulator/PackageFrameworks"
2026-04-22T16:45:06.0440420Z ignoring duplicate directory "/Users/runner/work/tcm-storage-ios/tcm-storage-ios/build/Build/Products/Debug-iphonesimulator/PackageFrameworks"
2026-04-22T16:45:06.0440750Z ignoring duplicate directory "/Users/runner/work/tcm-storage-ios/tcm-storage-ios/build/Build/Products/Debug-iphonesimulator/PackageFrameworks"
2026-04-22T16:45:06.0441080Z ignoring duplicate directory "/Users/runner/work/tcm-storage-ios/tcm-storage-ios/build/Build/Products/Debug-iphonesimulator/PackageFrameworks"
2026-04-22T16:45:06.0441410Z ignoring duplicate directory "/Users/runner/work/tcm-storage-ios/tcm-storage-ios/build/Build/Products/Debug-iphonesimulator/PackageFrameworks"
2026-04-22T16:45:06.0441740Z ignoring duplicate directory "/Users/runner/work/tcm-storage-ios/tcm-storage-ios/build/Build/Products/Debug-iphonesimulator/PackageFrameworks"
2026-04-22T16:45:06.0442070Z ignoring duplicate directory "/Users/runner/work/tcm-storage-ios/tcm-storage-ios/build/Build/Products/Debug-iphonesimulator/PackageFrameworks"
2026-04-22T16:45:06.0442400Z ignoring duplicate directory "/Users/runner/work/tcm-storage-ios/tcm-storage-ios/build/Build/Products/Debug-iphonesimulator/PackageFrameworks"
2026-04-22T16:45:06.0442760Z ignoring duplicate directory "/Users/runner/work/tcm-storage-ios/tcm-storage-ios/build/Build/Products/Debug-iphonesimulator/PackageFrameworks"
2026-04-22T16:45:06.0443100Z ignoring duplicate directory "/Users/runner/work/tcm-storage-ios/tcm-storage-ios/build/Build/Products/Debug-iphonesimulator/PackageFrameworks"
2026-04-22T16:45:06.0443420Z ignoring duplicate directory "/Users/runner/work/tcm-storage-ios/tcm-storage-ios/build/Build/Products/Debug-iphonesimulator/PackageFrameworks"
2026-04-22T16:45:06.0443750Z ignoring duplicate directory "/Users/runner/work/tcm-storage-ios/tcm-storage-ios/build/Build/Products/Debug-iphonesimulator/PackageFrameworks"
2026-04-22T16:45:06.0444090Z ignoring duplicate directory "/Users/runner/work/tcm-storage-ios/tcm-storage-ios/build/Build/Products/Debug-iphonesimulator/PackageFrameworks"
2026-04-22T16:45:06.0444420Z ignoring duplicate directory "/Users/runner/work/tcm-storage-ios/tcm-storage-ios/build/Build/Products/Debug-iphonesimulator/PackageFrameworks"
2026-04-22T16:45:06.0444740Z ignoring duplicate directory "/Users/runner/work/tcm-storage-ios/tcm-storage-ios/build/Build/Products/Debug-iphonesimulator/PackageFrameworks"
2026-04-22T16:45:06.0445100Z ignoring duplicate directory "/Users/runner/work/tcm-storage-ios/tcm-storage-ios/build/Build/Products/Debug-iphonesimulator/PackageFrameworks"
2026-04-22T16:45:06.0445430Z ignoring duplicate directory "/Users/runner/work/tcm-storage-ios/tcm-storage-ios/build/Build/Products/Debug-iphonesimulator/PackageFrameworks"
2026-04-22T16:45:06.0445760Z ignoring duplicate directory "/Users/runner/work/tcm-storage-ios/tcm-storage-ios/build/Build/Products/Debug-iphonesimulator/PackageFrameworks"
2026-04-22T16:45:06.0446140Z ignoring duplicate directory "/Users/runner/work/tcm-storage-ios/tcm-storage-ios/build/Build/Products/Debug-iphonesimulator/PackageFrameworks"
2026-04-22T16:45:06.0446470Z ignoring duplicate directory "/Users/runner/work/tcm-storage-ios/tcm-storage-ios/build/Build/Products/Debug-iphonesimulator/PackageFrameworks"
2026-04-22T16:45:06.0446800Z ignoring duplicate directory "/Users/runner/work/tcm-storage-ios/tcm-storage-ios/build/Build/Products/Debug-iphonesimulator/PackageFrameworks"
2026-04-22T16:45:06.0447130Z ignoring duplicate directory "/Users/runner/work/tcm-storage-ios/tcm-storage-ios/build/Build/Products/Debug-iphonesimulator/PackageFrameworks"
2026-04-22T16:45:06.0447450Z ignoring duplicate directory "/Users/runner/work/tcm-storage-ios/tcm-storage-ios/build/Build/Products/Debug-iphonesimulator/PackageFrameworks"
2026-04-22T16:45:06.0447780Z ignoring duplicate directory "/Users/runner/work/tcm-storage-ios/tcm-storage-ios/build/Build/Products/Debug-iphonesimulator/PackageFrameworks"
2026-04-22T16:45:06.0448110Z ignoring duplicate directory "/Users/runner/work/tcm-storage-ios/tcm-storage-ios/build/Build/Products/Debug-iphonesimulator/PackageFrameworks"
2026-04-22T16:45:06.0448170Z #include "..." search starts here:
2026-04-22T16:45:06.0448650Z  /Users/runner/work/tcm-storage-ios/tcm-storage-ios/build/Build/Intermediates.noindex/Nextcloud.build/Debug-iphonesimulator/Nextcloud.build/Nextcloud-generated-files.hmap (headermap)
2026-04-22T16:45:06.0449110Z  /Users/runner/work/tcm-storage-ios/tcm-storage-ios/build/Build/Intermediates.noindex/Nextcloud.build/Debug-iphonesimulator/Nextcloud.build/Nextcloud-project-headers.hmap (headermap)
2026-04-22T16:45:06.0449160Z #include <...> search starts here:
2026-04-22T16:45:06.0449630Z  /Users/runner/work/tcm-storage-ios/tcm-storage-ios/build/Build/Intermediates.noindex/Nextcloud.build/Debug-iphonesimulator/Nextcloud.build/Nextcloud-own-target-headers.hmap (headermap)
2026-04-22T16:45:06.0450150Z  /Users/runner/work/tcm-storage-ios/tcm-storage-ios/build/Build/Intermediates.noindex/Nextcloud.build/Debug-iphonesimulator/Nextcloud.build/Nextcloud-all-non-framework-target-headers.hmap (headermap)
2026-04-22T16:45:06.0450490Z  /Users/runner/work/tcm-storage-ios/tcm-storage-ios/build/SourcePackages/checkouts/swift-nio-ssl/Sources/CNIOBoringSSLShims/include
2026-04-22T16:45:06.0450830Z  /Users/runner/work/tcm-storage-ios/tcm-storage-ios/build/SourcePackages/checkouts/swift-nio-ssl/Sources/CNIOBoringSSL/include
2026-04-22T16:45:06.0451120Z  /Users/runner/work/tcm-storage-ios/tcm-storage-ios/build/SourcePackages/checkouts/swift-atomics/Sources/_AtomicsShims/include
2026-04-22T16:45:06.0451390Z  /Users/runner/work/tcm-storage-ios/tcm-storage-ios/build/SourcePackages/checkouts/swift-nio/Sources/CNIOPosix/include
2026-04-22T16:45:06.0451650Z  /Users/runner/work/tcm-storage-ios/tcm-storage-ios/build/SourcePackages/checkouts/swift-nio/Sources/CNIOWASI/include
2026-04-22T16:45:06.0451930Z  /Users/runner/work/tcm-storage-ios/tcm-storage-ios/build/SourcePackages/checkouts/swift-nio/Sources/CNIOWindows/include
2026-04-22T16:45:06.0452190Z  /Users/runner/work/tcm-storage-ios/tcm-storage-ios/build/SourcePackages/checkouts/swift-nio/Sources/CNIOLinux/include
2026-04-22T16:45:06.0452460Z  /Users/runner/work/tcm-storage-ios/tcm-storage-ios/build/SourcePackages/checkouts/swift-nio/Sources/CNIODarwin/include
2026-04-22T16:45:06.0452780Z  /Users/runner/work/tcm-storage-ios/tcm-storage-ios/build/SourcePackages/checkouts/swift-nio/Sources/CNIOOpenBSD/include
2026-04-22T16:45:06.0453120Z  /Users/runner/work/tcm-storage-ios/tcm-storage-ios/build/SourcePackages/checkouts/swift-nio/Sources/CNIOAtomics/include
2026-04-22T16:45:06.0453330Z  /Users/runner/work/tcm-storage-ios/tcm-storage-ios/build/SourcePackages/checkouts/realm-core/src
2026-04-22T16:45:06.0453580Z  /Users/runner/work/tcm-storage-ios/tcm-storage-ios/build/SourcePackages/checkouts/realm-core/src/external/s2
2026-04-22T16:45:06.0453960Z  /Users/runner/work/tcm-storage-ios/tcm-storage-ios/build/SourcePackages/checkouts/realm-core/src/external/IntelRDFPMathLib20U2/LIBRARY/src
2026-04-22T16:45:06.0454220Z  /Users/runner/work/tcm-storage-ios/tcm-storage-ios/build/SourcePackages/checkouts/realm-core/src/spm
2026-04-22T16:45:06.0454440Z  /Users/runner/work/tcm-storage-ios/tcm-storage-ios/build/SourcePackages/checkouts/realm-swift/include
2026-04-22T16:45:06.0454760Z  /Users/runner/work/tcm-storage-ios/tcm-storage-ios/build/SourcePackages/checkouts/GoogleUtilities/GoogleUtilities/NSData+zlib/Public
2026-04-22T16:45:06.0455060Z  /Users/runner/work/tcm-storage-ios/tcm-storage-ios/build/SourcePackages/checkouts/GoogleUtilities/GoogleUtilities/Logger/Public
2026-04-22T16:45:06.0455370Z  /Users/runner/work/tcm-storage-ios/tcm-storage-ios/build/SourcePackages/checkouts/GoogleUtilities/GoogleUtilities/Environment/Public
2026-04-22T16:45:06.0455680Z  /Users/runner/work/tcm-storage-ios/tcm-storage-ios/build/SourcePackages/checkouts/GoogleUtilities/third_party/IsAppEncrypted/Public
2026-04-22T16:45:06.0455990Z  /Users/runner/work/tcm-storage-ios/tcm-storage-ios/build/SourcePackages/checkouts/GoogleUtilities/GoogleUtilities/UserDefaults/Public
2026-04-22T16:45:06.0456210Z  /Users/runner/work/tcm-storage-ios/tcm-storage-ios/build/SourcePackages/checkouts/nanopb/spm_headers
2026-04-22T16:45:06.0456480Z  /Users/runner/work/tcm-storage-ios/tcm-storage-ios/build/SourcePackages/checkouts/promises/Sources/FBLPromises/include
2026-04-22T16:45:06.0456830Z  /Users/runner/work/tcm-storage-ios/tcm-storage-ios/build/SourcePackages/checkouts/GoogleDataTransport/GoogleDataTransport/GDTCORLibrary/Public
2026-04-22T16:45:06.0457230Z  /Users/runner/work/tcm-storage-ios/tcm-storage-ios/build/SourcePackages/checkouts/firebase-ios-sdk/FirebaseSessions/SourcesObjC
2026-04-22T16:45:06.0457510Z  /Users/runner/work/tcm-storage-ios/tcm-storage-ios/build/SourcePackages/checkouts/firebase-ios-sdk/FirebaseCore/Extension
2026-04-22T16:45:06.0457850Z  /Users/runner/work/tcm-storage-ios/tcm-storage-ios/build/SourcePackages/checkouts/firebase-ios-sdk/FirebaseInstallations/Source/Library/Public
2026-04-22T16:45:06.0458150Z  /Users/runner/work/tcm-storage-ios/tcm-storage-ios/build/SourcePackages/checkouts/firebase-ios-sdk/FirebaseCore/Sources/Public
2026-04-22T16:45:06.0458400Z  /Users/runner/work/tcm-storage-ios/tcm-storage-ios/build/SourcePackages/checkouts/firebase-ios-sdk/CoreOnly/Sources
2026-04-22T16:45:06.0458770Z  /Users/runner/work/tcm-storage-ios/tcm-storage-ios/build/SourcePackages/checkouts/firebase-ios-sdk/Crashlytics/Crashlytics/Public
2026-04-22T16:45:06.0459050Z  /Users/runner/work/tcm-storage-ios/tcm-storage-ios/build/SourcePackages/checkouts/GzipSwift/Sources/system-zlib/include
2026-04-22T16:45:06.0459420Z  /Users/runner/work/tcm-storage-ios/tcm-storage-ios/build/Build/Intermediates.noindex/Nextcloud.build/Debug-iphonesimulator/Nextcloud.build/DerivedSources
2026-04-22T16:45:06.0459740Z  /Users/runner/work/tcm-storage-ios/tcm-storage-ios/build/Build/Products/Debug-iphonesimulator/PackageFrameworks (framework directory)
2026-04-22T16:45:06.0460000Z  /Users/runner/work/tcm-storage-ios/tcm-storage-ios/build/Build/Products/Debug-iphonesimulator (framework directory)
2026-04-22T16:45:06.0460310Z  /Applications/Xcode_26.2.app/Contents/Developer/Platforms/iPhoneSimulator.platform/Developer/Library/Frameworks (framework directory)
2026-04-22T16:45:06.0460740Z  /Applications/Xcode_26.2.app/Contents/Developer/Platforms/iPhoneSimulator.platform/Developer/SDKs/iPhoneSimulator26.2.sdk/Developer/Library/Frameworks (framework directory)
2026-04-22T16:45:06.0461010Z  /Applications/Xcode_26.2.app/Contents/Developer/Toolchains/XcodeDefault.xctoolchain/usr/lib/clang/17/include
2026-04-22T16:45:06.0461330Z  /Applications/Xcode_26.2.app/Contents/Developer/Platforms/iPhoneSimulator.platform/Developer/SDKs/iPhoneSimulator26.2.sdk/usr/include
2026-04-22T16:45:06.0461540Z  /Applications/Xcode_26.2.app/Contents/Developer/Toolchains/XcodeDefault.xctoolchain/usr/include
2026-04-22T16:45:06.0462040Z  /Applications/Xcode_26.2.app/Contents/Developer/Platforms/iPhoneSimulator.platform/Developer/SDKs/iPhoneSimulator26.2.sdk/System/Library/Frameworks (framework directory)
2026-04-22T16:45:06.0462500Z  /Applications/Xcode_26.2.app/Contents/Developer/Platforms/iPhoneSimulator.platform/Developer/SDKs/iPhoneSimulator26.2.sdk/System/Library/SubFrameworks (framework directory)
2026-04-22T16:45:06.0462560Z End of search list.
2026-04-22T16:45:06.0462670Z Apple clang version 17.0.0 (clang-1700.6.3.2)
2026-04-22T16:45:06.0562170Z Target: arm64-apple-ios17.0-simulator
2026-04-22T16:45:06.0687580Z Thread model: posix
2026-04-22T16:45:06.0787390Z InstalledDir: /Applications/Xcode_26.2.app/Contents/Developer/Toolchains/XcodeDefault.xctoolchain/usr/bin
2026-04-22T16:45:06.0795000Z Apple clang version 17.0.0 (clang-1700.6.3.2)
2026-04-22T16:45:06.0799540Z Target: arm64-apple-ios17.0-simulator
2026-04-22T16:45:06.0799600Z Thread model: posix
2026-04-22T16:45:06.0799960Z InstalledDir: /Applications/Xcode_26.2.app/Contents/Developer/Toolchains/XcodeDefault.xctoolchain/usr/bin
2026-04-22T16:45:06.0800290Z clang -cc1 version 17.0.0 (clang-1700.6.3.2) default target clang -cc1 version 17.0.0 (clang-1700.6.3.2) default target arm64-apple-darwin24.6.0
2026-04-22T16:45:06.0801110Z ignoring nonexistent directory "/Users/runner/work/tcm-storage-ios/tcm-storage-ios/build/Build/Products/Debug-iphonesimulator/include"
2026-04-22T16:45:06.0803860Z ignoring nonexistent directory "/Users/runner/work/tcm-storage-ios/tcm-storage-ios/build/Build/Intermediates.noindex/Nextcloud.build/Debug-iphonesimulator/Nextcloud.build/DerivedSources-normal/arm64"
2026-04-22T16:45:06.0804820Z ignoring nonexistent directory "/Users/runner/work/tcm-storage-ios/tcm-storage-ios/build/Build/Intermediates.noindex/Nextcloud.build/Debug-iphonesimulator/Nextcloud.build/DerivedSources/arm64"
2026-04-22T16:45:06.0806480Z ignoring nonexistent directory "/Applications/Xcode_26.2.app/Contents/Developer/Platforms/iPhoneSimulator.platform/Developer/SDKs/iPhoneSimulator26.2.sdk/usr/local/include"
2026-04-22T16:45:06.0807920Z ignoring nonexistent directory "/Applications/Xcode_26.2.app/Contents/Developer/Platforms/iPhoneSimulator.platform/Developer/SDKs/iPhoneSimulator26.2.sdk/Library/Frameworks"
2026-04-22T16:45:06.0809030Z ignoring duplicate directory "/Users/runner/work/tcm-storage-ios/tcm-storage-ios/build/Build/Products/Debug-iphonesimulator/PackageFrameworks"
2026-04-22T16:45:06.0810050Z ignoring duplicate directory "/Users/runner/work/tcm-storage-ios/tcm-storage-ios/build/Build/Products/Debug-iphonesimulator/PackageFrameworks"
2026-04-22T16:45:06.0811700Z ignoring duplicate directory "/Users/runner/work/tcm-storage-ios/tcm-storage-ios/build/Build/Products/Debug-iphonesimulator/PackageFrameworks"
2026-04-22T16:45:06.0813990Z ignoring duplicate directory "/Users/runner/work/tcm-storage-ios/tcm-storage-ios/build/Build/Products/Debug-iphonesimulator/PackageFrameworks"
2026-04-22T16:45:06.0814410Z ignoring duplicate directory "/Users/runner/work/tcm-storage-ios/tcm-storage-ios/build/Build/Products/Debug-iphonesimulator/PackageFrameworks"
2026-04-22T16:45:06.0814750Z ignoring duplicate directory "/Users/runner/work/tcm-storage-ios/tcm-storage-ios/build/Build/Products/Debug-iphonesimulator/PackageFrameworks"
2026-04-22T16:45:06.0815090Z ignoring duplicate directory "/Users/runner/work/tcm-storage-ios/tcm-storage-ios/build/Build/Products/Debug-iphonesimulator/PackageFrameworks"
2026-04-22T16:45:06.0815420Z ignoring duplicate directory "/Users/runner/work/tcm-storage-ios/tcm-storage-ios/build/Build/Products/Debug-iphonesimulator/PackageFrameworks"
2026-04-22T16:45:06.0815950Z ignoring duplicate directory "/Users/runner/work/tcm-storage-ios/tcm-storage-ios/build/Build/Products/Debug-iphonesimulator/PackageFrameworks"
2026-04-22T16:45:06.0817390Z ignoring duplicate directory "/Users/runner/work/tcm-storage-ios/tcm-storage-ios/build/Build/Products/Debug-iphonesimulator/PackageFrameworks"
2026-04-22T16:45:06.0817760Z ignoring duplicate directory "/Users/runner/work/tcm-storage-ios/tcm-storage-ios/build/Build/Products/Debug-iphonesimulator/PackageFrameworks"
2026-04-22T16:45:06.0818250Z ignoring duplicate directory "/Users/runner/work/tcm-storage-ios/tcm-storage-ios/build/Build/Products/Debug-iphonesimulator/PackageFrameworks"
2026-04-22T16:45:06.0848400Z ignoring duplicate directory "/Users/runner/work/tcm-storage-ios/tcm-storage-ios/build/Build/Products/Debug-iphonesimulator/PackageFrameworks"
2026-04-22T16:45:06.0848850Z ignoring duplicate directory "/Users/runner/work/tcm-storage-ios/tcm-storage-ios/build/Build/Products/Debug-iphonesimulator/PackageFrameworks"
2026-04-22T16:45:06.0849210Z ignoring duplicate directory "/Users/runner/work/tcm-storage-ios/tcm-storage-ios/build/Build/Products/Debug-iphonesimulator/PackageFrameworks"
2026-04-22T16:45:06.0849540Z ignoring duplicate directory "/Users/runner/work/tcm-storage-ios/tcm-storage-ios/build/Build/Products/Debug-iphonesimulator/PackageFrameworks"
2026-04-22T16:45:06.0849880Z ignoring duplicate directory "/Users/runner/work/tcm-storage-ios/tcm-storage-ios/build/Build/Products/Debug-iphonesimulator/PackageFrameworks"
2026-04-22T16:45:06.0850210Z ignoring duplicate directory "/Users/runner/work/tcm-storage-ios/tcm-storage-ios/build/Build/Products/Debug-iphonesimulator/PackageFrameworks"
2026-04-22T16:45:06.0850540Z ignoring duplicate directory "/Users/runner/work/tcm-storage-ios/tcm-storage-ios/build/Build/Products/Debug-iphonesimulator/PackageFrameworks"
2026-04-22T16:45:06.0852040Z ignoring duplicate directory "/Users/runner/work/tcm-storage-ios/tcm-storage-ios/build/Build/Products/Debug-iphonesimulator/PackageFrameworks"
2026-04-22T16:45:06.0852380Z ignoring duplicate directory "/Users/runner/work/tcm-storage-ios/tcm-storage-ios/build/Build/Products/Debug-iphonesimulator/PackageFrameworks"
2026-04-22T16:45:06.0852710Z ignoring duplicate directory "/Users/runner/work/tcm-storage-ios/tcm-storage-ios/build/Build/Products/Debug-iphonesimulator/PackageFrameworks"
2026-04-22T16:45:06.0853040Z ignoring duplicate directory "/Users/runner/work/tcm-storage-ios/tcm-storage-ios/build/Build/Products/Debug-iphonesimulator/PackageFrameworks"
2026-04-22T16:45:06.0853370Z ignoring duplicate directory "/Users/runner/work/tcm-storage-ios/tcm-storage-ios/build/Build/Products/Debug-iphonesimulator/PackageFrameworks"
2026-04-22T16:45:06.0853700Z ignoring duplicate directory "/Users/runner/work/tcm-storage-ios/tcm-storage-ios/build/Build/Products/Debug-iphonesimulator/PackageFrameworks"
2026-04-22T16:45:06.0854120Z ignoring duplicate directory "/Users/runner/work/tcm-storage-ios/tcm-storage-ios/build/Build/Products/Debug-iphonesimulator/PackageFrameworks"
2026-04-22T16:45:06.0854450Z ignoring duplicate directory "/Users/runner/work/tcm-storage-ios/tcm-storage-ios/build/Build/Products/Debug-iphonesimulator/PackageFrameworks"
2026-04-22T16:45:06.0855770Z ignoring duplicate directory "/Users/runner/work/tcm-storage-ios/tcm-storage-ios/build/Build/Products/Debug-iphonesimulator/PackageFrameworks"
2026-04-22T16:45:06.0856160Z ignoring duplicate directory "/Users/runner/work/tcm-storage-ios/tcm-storage-ios/build/Build/Products/Debug-iphonesimulator/PackageFrameworks"
2026-04-22T16:45:06.0856510Z ignoring duplicate directory "/Users/runner/work/tcm-storage-ios/tcm-storage-ios/build/Build/Products/Debug-iphonesimulator/PackageFrameworks"
2026-04-22T16:45:06.0856860Z ignoring duplicate directory "/Users/runner/work/tcm-storage-ios/tcm-storage-ios/build/Build/Products/Debug-iphonesimulator/PackageFrameworks"
2026-04-22T16:45:06.0857190Z ignoring duplicate directory "/Users/runner/work/tcm-storage-ios/tcm-storage-ios/build/Build/Products/Debug-iphonesimulator/PackageFrameworks"
2026-04-22T16:45:06.0857640Z ignoring duplicate directory "/Users/runner/work/tcm-storage-ios/tcm-storage-ios/build/Build/Products/Debug-iphonesimulator/PackageFrameworks"
2026-04-22T16:45:06.0858000Z ignoring duplicate directory "/Users/runner/work/tcm-storage-ios/tcm-storage-ios/build/Build/Products/Debug-iphonesimulator/PackageFrameworks"
2026-04-22T16:45:06.0858330Z ignoring duplicate directory "/Users/runner/work/tcm-storage-ios/tcm-storage-ios/build/Build/Products/Debug-iphonesimulator/PackageFrameworks"
2026-04-22T16:45:06.0859070Z ignoring duplicate directory "/Users/runner/work/tcm-storage-ios/tcm-storage-ios/build/Build/Products/Debug-iphonesimulator/PackageFrameworks"
2026-04-22T16:45:06.0859420Z ignoring duplicate directory "/Users/runner/work/tcm-storage-ios/tcm-storage-ios/build/Build/Products/Debug-iphonesimulator/PackageFrameworks"
2026-04-22T16:45:06.0859770Z ignoring duplicate directory "/Users/runner/work/tcm-storage-ios/tcm-storage-ios/build/Build/Products/Debug-iphonesimulator/PackageFrameworks"
2026-04-22T16:45:06.0860110Z ignoring duplicate directory "/Users/runner/work/tcm-storage-ios/tcm-storage-ios/build/Build/Products/Debug-iphonesimulator/PackageFrameworks"
2026-04-22T16:45:06.0860460Z ignoring duplicate directory "/Users/runner/work/tcm-storage-ios/tcm-storage-ios/build/Build/Products/Debug-iphonesimulator/PackageFrameworks"
2026-04-22T16:45:06.0860790Z ignoring duplicate directory "/Users/runner/work/tcm-storage-ios/tcm-storage-ios/build/Build/Products/Debug-iphonesimulator/PackageFrameworks"
2026-04-22T16:45:06.0861120Z ignoring duplicate directory "/Users/runner/work/tcm-storage-ios/tcm-storage-ios/build/Build/Products/Debug-iphonesimulator/PackageFrameworks"
2026-04-22T16:45:06.0861450Z ignoring duplicate directory "/Users/runner/work/tcm-storage-ios/tcm-storage-ios/build/Build/Products/Debug-iphonesimulator/PackageFrameworks"
2026-04-22T16:45:06.0861800Z ignoring duplicate directory "/Users/runner/work/tcm-storage-ios/tcm-storage-ios/build/Build/Products/Debug-iphonesimulator/PackageFrameworks"
2026-04-22T16:45:06.0862150Z ignoring duplicate directory "/Users/runner/work/tcm-storage-ios/tcm-storage-ios/build/Build/Products/Debug-iphonesimulator/PackageFrameworks"
2026-04-22T16:45:06.0862480Z ignoring duplicate directory "/Users/runner/work/tcm-storage-ios/tcm-storage-ios/build/Build/Products/Debug-iphonesimulator/PackageFrameworks"
2026-04-22T16:45:06.0872350Z ignoring duplicate directory "/Users/runner/work/tcm-storage-ios/tcm-storage-ios/build/Build/Products/Debug-iphonesimulator/PackageFrameworks"
2026-04-22T16:45:06.0873550Z ignoring duplicate directory "/Users/runner/work/tcm-storage-ios/tcm-storage-ios/build/Build/Products/Debug-iphonesimulator/PackageFrameworks"
2026-04-22T16:45:06.0873940Z ignoring duplicate directory "/Users/runner/work/tcm-storage-ios/tcm-storage-ios/build/Build/Products/Debug-iphonesimulator/PackageFrameworks"
2026-04-22T16:45:06.0874520Z ignoring duplicate directory "/Users/runner/work/tcm-storage-ios/tcm-storage-ios/build/Build/Products/Debug-iphonesimulator/PackageFrameworks"
2026-04-22T16:45:06.0875210Z ignoring duplicate directory "/Users/runner/work/tcm-storage-ios/tcm-storage-ios/build/Build/Products/Debug-iphonesimulator/PackageFrameworks"
2026-04-22T16:45:06.0875560Z ignoring duplicate directory "/Users/runner/work/tcm-storage-ios/tcm-storage-ios/build/Build/Products/Debug-iphonesimulator/PackageFrameworks"
2026-04-22T16:45:06.0875890Z ignoring duplicate directory "/Users/runner/work/tcm-storage-ios/tcm-storage-ios/build/Build/Products/Debug-iphonesimulator/PackageFrameworks"
2026-04-22T16:45:06.0876230Z ignoring duplicate directory "/Users/runner/work/tcm-storage-ios/tcm-storage-ios/build/Build/Products/Debug-iphonesimulator/PackageFrameworks"
2026-04-22T16:45:06.0876560Z ignoring duplicate directory "/Users/runner/work/tcm-storage-ios/tcm-storage-ios/build/Build/Products/Debug-iphonesimulator/PackageFrameworks"
2026-04-22T16:45:06.0876890Z ignoring duplicate directory "/Users/runner/work/tcm-storage-ios/tcm-storage-ios/build/Build/Products/Debug-iphonesimulator/PackageFrameworks"
2026-04-22T16:45:06.0877340Z ignoring duplicate directory "/Users/runner/work/tcm-storage-ios/tcm-storage-ios/build/Build/Products/Debug-iphonesimulator/PackageFrameworks"
2026-04-22T16:45:06.0877680Z ignoring duplicate directory "/Users/runner/work/tcm-storage-ios/tcm-storage-ios/build/Build/Products/Debug-iphonesimulator/PackageFrameworks"
2026-04-22T16:45:06.0878020Z ignoring duplicate directory "/Users/runner/work/tcm-storage-ios/tcm-storage-ios/build/Build/Products/Debug-iphonesimulator/PackageFrameworks"
2026-04-22T16:45:06.0878470Z ignoring duplicate directory "/Users/runner/work/tcm-storage-ios/tcm-storage-ios/build/Build/Products/Debug-iphonesimulator/PackageFrameworks"
2026-04-22T16:45:06.0878810Z ignoring duplicate directory "/Users/runner/work/tcm-storage-ios/tcm-storage-ios/build/Build/Products/Debug-iphonesimulator/PackageFrameworks"
2026-04-22T16:45:06.0879150Z ignoring duplicate directory "/Users/runner/work/tcm-storage-ios/tcm-storage-ios/build/Build/Products/Debug-iphonesimulator/PackageFrameworks"
2026-04-22T16:45:06.0879480Z ignoring duplicate directory "/Users/runner/work/tcm-storage-ios/tcm-storage-ios/build/Build/Products/Debug-iphonesimulator/PackageFrameworks"
2026-04-22T16:45:06.0879820Z ignoring duplicate directory "/Users/runner/work/tcm-storage-ios/tcm-storage-ios/build/Build/Products/Debug-iphonesimulator/PackageFrameworks"
2026-04-22T16:45:06.0880150Z ignoring duplicate directory "/Users/runner/work/tcm-storage-ios/tcm-storage-ios/build/Build/Products/Debug-iphonesimulator/PackageFrameworks"
2026-04-22T16:45:06.0880480Z ignoring duplicate directory "/Users/runner/work/tcm-storage-ios/tcm-storage-ios/build/Build/Products/Debug-iphonesimulator/PackageFrameworks"
2026-04-22T16:45:06.0880820Z ignoring duplicate directory "/Users/runner/work/tcm-storage-ios/tcm-storage-ios/build/Build/Products/Debug-iphonesimulator/PackageFrameworks"
2026-04-22T16:45:06.0881150Z ignoring duplicate directory "/Users/runner/work/tcm-storage-ios/tcm-storage-ios/build/Build/Products/Debug-iphonesimulator/PackageFrameworks"
2026-04-22T16:45:06.0881490Z ignoring duplicate directory "/Users/runner/work/tcm-storage-ios/tcm-storage-ios/build/Build/Products/Debug-iphonesimulator/PackageFrameworks"
2026-04-22T16:45:06.0881820Z ignoring duplicate directory "/Users/runner/work/tcm-storage-ios/tcm-storage-ios/build/Build/Products/Debug-iphonesimulator/PackageFrameworks"
2026-04-22T16:45:06.0882150Z ignoring duplicate directory "/Users/runner/work/tcm-storage-ios/tcm-storage-ios/build/Build/Products/Debug-iphonesimulator/PackageFrameworks"
2026-04-22T16:45:06.0882490Z ignoring duplicate directory "/Users/runner/work/tcm-storage-ios/tcm-storage-ios/build/Build/Products/Debug-iphonesimulator/PackageFrameworks"
2026-04-22T16:45:06.0882830Z ignoring duplicate directory "/Users/runner/work/tcm-storage-ios/tcm-storage-ios/build/Build/Products/Debug-iphonesimulator/PackageFrameworks"
2026-04-22T16:45:06.0883200Z ignoring duplicate directory "/Users/runner/work/tcm-storage-ios/tcm-storage-ios/build/Build/Products/Debug-iphonesimulator/PackageFrameworks"
2026-04-22T16:45:06.0883540Z ignoring duplicate directory "/Users/runner/work/tcm-storage-ios/tcm-storage-ios/build/Build/Products/Debug-iphonesimulator/PackageFrameworks"
2026-04-22T16:45:06.0883870Z ignoring duplicate directory "/Users/runner/work/tcm-storage-ios/tcm-storage-ios/build/Build/Products/Debug-iphonesimulator/PackageFrameworks"
2026-04-22T16:45:06.0883930Z #include "..." search starts here:
2026-04-22T16:45:06.0884400Z  /Users/runner/work/tcm-storage-ios/tcm-storage-ios/build/Build/Intermediates.noindex/Nextcloud.build/Debug-iphonesimulator/Nextcloud.build/Nextcloud-generated-files.hmap (headermap)
2026-04-22T16:45:06.0885610Z  /Users/runner/work/tcm-storage-ios/tcm-storage-ios/build/Build/Intermediates.noindex/Nextcloud.build/Debug-iphonesimulator/Nextcloud.build/Nextcloud-project-headers.hmap (headermap)
2026-04-22T16:45:06.0885710Z #include <...> search starts here:
2026-04-22T16:45:06.0886270Z  /Users/runner/work/tcm-storage-ios/tcm-storage-ios/build/Build/Intermediates.noindex/Nextcloud.build/Debug-iphonesimulator/Nextcloud.build/Nextcloud-own-target-headers.hmap (headermap)
2026-04-22T16:45:06.0886790Z  /Users/runner/work/tcm-storage-ios/tcm-storage-ios/build/Build/Intermediates.noindex/Nextcloud.build/Debug-iphonesimulator/Nextcloud.build/Nextcloud-all-non-framework-target-headers.hmap (headermap)
2026-04-22T16:45:06.0887110Z  /Users/runner/work/tcm-storage-ios/tcm-storage-ios/build/SourcePackages/checkouts/swift-nio-ssl/Sources/CNIOBoringSSLShims/include
2026-04-22T16:45:06.0887560Z  /Users/runner/work/tcm-storage-ios/tcm-storage-ios/build/SourcePackages/checkouts/swift-nio-ssl/Sources/CNIOBoringSSL/include
2026-04-22T16:45:06.0887860Z  /Users/runner/work/tcm-storage-ios/tcm-storage-ios/build/SourcePackages/checkouts/swift-atomics/Sources/_AtomicsShims/include
2026-04-22T16:45:06.0888130Z  /Users/runner/work/tcm-storage-ios/tcm-storage-ios/build/SourcePackages/checkouts/swift-nio/Sources/CNIOPosix/include
2026-04-22T16:45:06.0888410Z  /Users/runner/work/tcm-storage-ios/tcm-storage-ios/build/SourcePackages/checkouts/swift-nio/Sources/CNIOWASI/include
2026-04-22T16:45:06.0888690Z  /Users/runner/work/tcm-storage-ios/tcm-storage-ios/build/SourcePackages/checkouts/swift-nio/Sources/CNIOWindows/include
2026-04-22T16:45:06.0888960Z  /Users/runner/work/tcm-storage-ios/tcm-storage-ios/build/SourcePackages/checkouts/swift-nio/Sources/CNIOLinux/include
2026-04-22T16:45:06.0889230Z  /Users/runner/work/tcm-storage-ios/tcm-storage-ios/build/SourcePackages/checkouts/swift-nio/Sources/CNIODarwin/include
2026-04-22T16:45:06.0889530Z  /Users/runner/work/tcm-storage-ios/tcm-storage-ios/build/SourcePackages/checkouts/swift-nio/Sources/CNIOOpenBSD/include
2026-04-22T16:45:06.0889810Z  /Users/runner/work/tcm-storage-ios/tcm-storage-ios/build/SourcePackages/checkouts/swift-nio/Sources/CNIOAtomics/include
2026-04-22T16:45:06.0890030Z  /Users/runner/work/tcm-storage-ios/tcm-storage-ios/build/SourcePackages/checkouts/realm-core/src
2026-04-22T16:45:06.0890270Z  /Users/runner/work/tcm-storage-ios/tcm-storage-ios/build/SourcePackages/checkouts/realm-core/src/external/s2
2026-04-22T16:45:06.0890690Z  /Users/runner/work/tcm-storage-ios/tcm-storage-ios/build/SourcePackages/checkouts/realm-core/src/external/IntelRDFPMathLib20U2/LIBRARY/src
2026-04-22T16:45:06.0890910Z  /Users/runner/work/tcm-storage-ios/tcm-storage-ios/build/SourcePackages/checkouts/realm-core/src/spm
2026-04-22T16:45:06.0891130Z  /Users/runner/work/tcm-storage-ios/tcm-storage-ios/build/SourcePackages/checkouts/realm-swift/include
2026-04-22T16:45:06.0891440Z  /Users/runner/work/tcm-storage-ios/tcm-storage-ios/build/SourcePackages/checkouts/GoogleUtilities/GoogleUtilities/NSData+zlib/Public
2026-04-22T16:45:06.0891740Z  /Users/runner/work/tcm-storage-ios/tcm-storage-ios/build/SourcePackages/checkouts/GoogleUtilities/GoogleUtilities/Logger/Public
2026-04-22T16:45:06.0892240Z  /Users/runner/work/tcm-storage-ios/tcm-storage-ios/build/SourcePackages/checkouts/GoogleUtilities/GoogleUtilities/Environment/Public
2026-04-22T16:45:06.0892550Z  /Users/runner/work/tcm-storage-ios/tcm-storage-ios/build/SourcePackages/checkouts/GoogleUtilities/third_party/IsAppEncrypted/Public
2026-04-22T16:45:06.0892890Z  /Users/runner/work/tcm-storage-ios/tcm-storage-ios/build/SourcePackages/checkouts/GoogleUtilities/GoogleUtilities/UserDefaults/Public
2026-04-22T16:45:06.0893120Z  /Users/runner/work/tcm-storage-ios/tcm-storage-ios/build/SourcePackages/checkouts/nanopb/spm_headers
2026-04-22T16:45:06.0893420Z  /Users/runner/work/tcm-storage-ios/tcm-storage-ios/build/SourcePackages/checkouts/promises/Sources/FBLPromises/include
2026-04-22T16:45:06.0893790Z  /Users/runner/work/tcm-storage-ios/tcm-storage-ios/build/SourcePackages/checkouts/GoogleDataTransport/GoogleDataTransport/GDTCORLibrary/Public
2026-04-22T16:45:06.0894090Z  /Users/runner/work/tcm-storage-ios/tcm-storage-ios/build/SourcePackages/checkouts/firebase-ios-sdk/FirebaseSessions/SourcesObjC
2026-04-22T16:45:06.0894380Z  /Users/runner/work/tcm-storage-ios/tcm-storage-ios/build/SourcePackages/checkouts/firebase-ios-sdk/FirebaseCore/Extension
2026-04-22T16:45:06.0894900Z  /Users/runner/work/tcm-storage-ios/tcm-storage-ios/build/SourcePackages/checkouts/firebase-ios-sdk/FirebaseInstallations/Source/Library/Public
2026-04-22T16:45:06.0895310Z  /Users/runner/work/tcm-storage-ios/tcm-storage-ios/build/SourcePackages/checkouts/firebase-ios-sdk/FirebaseCore/Sources/Public
2026-04-22T16:45:06.0895660Z  /Users/runner/work/tcm-storage-ios/tcm-storage-ios/build/SourcePackages/checkouts/firebase-ios-sdk/CoreOnly/Sources
2026-04-22T16:45:06.0896050Z  /Users/runner/work/tcm-storage-ios/tcm-storage-ios/build/SourcePackages/checkouts/firebase-ios-sdk/Crashlytics/Crashlytics/Public
2026-04-22T16:45:06.0896330Z  /Users/runner/work/tcm-storage-ios/tcm-storage-ios/build/SourcePackages/checkouts/GzipSwift/Sources/system-zlib/include
2026-04-22T16:45:06.0896710Z  /Users/runner/work/tcm-storage-ios/tcm-storage-ios/build/Build/Intermediates.noindex/Nextcloud.build/Debug-iphonesimulator/Nextcloud.build/DerivedSources
2026-04-22T16:45:06.0897030Z  /Users/runner/work/tcm-storage-ios/tcm-storage-ios/build/Build/Products/Debug-iphonesimulator/PackageFrameworks (framework directory)
2026-04-22T16:45:06.0897290Z  /Users/runner/work/tcm-storage-ios/tcm-storage-ios/build/Build/Products/Debug-iphonesimulator (framework directory)
2026-04-22T16:45:06.0897610Z  /Applications/Xcode_26.2.app/Contents/Developer/Platforms/iPhoneSimulator.platform/Developer/Library/Frameworks (framework directory)
2026-04-22T16:45:06.0898050Z  /Applications/Xcode_26.2.app/Contents/Developer/Platforms/iPhoneSimulator.platform/Developer/SDKs/iPhoneSimulator26.2.sdk/Developer/Library/Frameworks (framework directory)
2026-04-22T16:45:06.0898300Z  /Applications/Xcode_26.2.app/Contents/Developer/Toolchains/XcodeDefault.xctoolchain/usr/lib/clang/17/include
2026-04-22T16:45:06.0899970Z  /Applications/Xcode_26.2.app/Contents/Developer/Platforms/iPhoneSimulator.platform/Developer/SDKs/iPhoneSimulator26.2.sdk/usr/include
2026-04-22T16:45:06.0900250Z  /Applications/Xcode_26.2.app/Contents/Developer/Toolchains/XcodeDefault.xctoolchain/usr/include
2026-04-22T16:45:06.0900690Z  /Applications/Xcode_26.2.app/Contents/Developer/Platforms/iPhoneSimulator.platform/Developer/SDKs/iPhoneSimulator26.2.sdk/System/Library/Frameworks (framework directory)
2026-04-22T16:45:06.0901210Z  /Applications/Xcode_26.2.app/Contents/Developer/Platforms/iPhoneSimulator.platform/Developer/SDKs/iPhoneSimulator26.2.sdk/System/Library/SubFrameworks (framework directory)
2026-04-22T16:45:06.0901270Z End of search list.
2026-04-22T16:45:06.0901330Z arm64-apple-darwin24.6.0
2026-04-22T16:45:06.0902540Z ignoring nonexistent directory "/Users/runner/work/tcm-storage-ios/tcm-storage-ios/build/Build/Products/Debug-iphonesimulator/include"
2026-04-22T16:45:06.0903160Z ignoring nonexistent directory "/Users/runner/work/tcm-storage-ios/tcm-storage-ios/build/Build/Intermediates.noindex/Nextcloud.build/Debug-iphonesimulator/Nextcloud.build/DerivedSources-normal/arm64"
2026-04-22T16:45:06.0903780Z ignoring nonexistent directory "/Users/runner/work/tcm-storage-ios/tcm-storage-ios/build/Build/Intermediates.noindex/Nextcloud.build/Debug-iphonesimulator/Nextcloud.build/DerivedSources/arm64"
2026-04-22T16:45:06.0904280Z ignoring nonexistent directory "/Applications/Xcode_26.2.app/Contents/Developer/Platforms/iPhoneSimulator.platform/Developer/SDKs/iPhoneSimulator26.2.sdk/usr/local/include"
2026-04-22T16:45:06.0904730Z ignoring nonexistent directory "/Applications/Xcode_26.2.app/Contents/Developer/Platforms/iPhoneSimulator.platform/Developer/SDKs/iPhoneSimulator26.2.sdk/Library/Frameworks"
2026-04-22T16:45:06.0905070Z ignoring duplicate directory "/Users/runner/work/tcm-storage-ios/tcm-storage-ios/build/Build/Products/Debug-iphonesimulator/PackageFrameworks"
2026-04-22T16:45:06.0905410Z ignoring duplicate directory "/Users/runner/work/tcm-storage-ios/tcm-storage-ios/build/Build/Products/Debug-iphonesimulator/PackageFrameworks"
2026-04-22T16:45:06.0905740Z ignoring duplicate directory "/Users/runner/work/tcm-storage-ios/tcm-storage-ios/build/Build/Products/Debug-iphonesimulator/PackageFrameworks"
2026-04-22T16:45:06.0906150Z ignoring duplicate directory "/Users/runner/work/tcm-storage-ios/tcm-storage-ios/build/Build/Products/Debug-iphonesimulator/PackageFrameworks"
2026-04-22T16:45:06.0906510Z ignoring duplicate directory "/Users/runner/work/tcm-storage-ios/tcm-storage-ios/build/Build/Products/Debug-iphonesimulator/PackageFrameworks"
2026-04-22T16:45:06.0906940Z ignoring duplicate directory "/Users/runner/work/tcm-storage-ios/tcm-storage-ios/build/Build/Products/Debug-iphonesimulator/PackageFrameworks"
2026-04-22T16:45:06.0907320Z ignoring duplicate directory "/Users/runner/work/tcm-storage-ios/tcm-storage-ios/build/Build/Products/Debug-iphonesimulator/PackageFrameworks"
2026-04-22T16:45:06.0907710Z ignoring duplicate directory "/Users/runner/work/tcm-storage-ios/tcm-storage-ios/build/Build/Products/Debug-iphonesimulator/PackageFrameworks"
2026-04-22T16:45:06.0908060Z ignoring duplicate directory "/Users/runner/work/tcm-storage-ios/tcm-storage-ios/build/Build/Products/Debug-iphonesimulator/PackageFrameworks"
2026-04-22T16:45:06.0908440Z ignoring duplicate directory "/Users/runner/work/tcm-storage-ios/tcm-storage-ios/build/Build/Products/Debug-iphonesimulator/PackageFrameworks"
2026-04-22T16:45:06.0908790Z ignoring duplicate directory "/Users/runner/work/tcm-storage-ios/tcm-storage-ios/build/Build/Products/Debug-iphonesimulator/PackageFrameworks"
2026-04-22T16:45:06.0909120Z ignoring duplicate directory "/Users/runner/work/tcm-storage-ios/tcm-storage-ios/build/Build/Products/Debug-iphonesimulator/PackageFrameworks"
2026-04-22T16:45:06.0909450Z ignoring duplicate directory "/Users/runner/work/tcm-storage-ios/tcm-storage-ios/build/Build/Products/Debug-iphonesimulator/PackageFrameworks"
2026-04-22T16:45:06.0909770Z ignoring duplicate directory "/Users/runner/work/tcm-storage-ios/tcm-storage-ios/build/Build/Products/Debug-iphonesimulator/PackageFrameworks"
2026-04-22T16:45:06.0910110Z ignoring duplicate directory "/Users/runner/work/tcm-storage-ios/tcm-storage-ios/build/Build/Products/Debug-iphonesimulator/PackageFrameworks"
2026-04-22T16:45:06.0910500Z ignoring duplicate directory "/Users/runner/work/tcm-storage-ios/tcm-storage-ios/build/Build/Products/Debug-iphonesimulator/PackageFrameworks"
2026-04-22T16:45:06.0910850Z ignoring duplicate directory "/Users/runner/work/tcm-storage-ios/tcm-storage-ios/build/Build/Products/Debug-iphonesimulator/PackageFrameworks"
2026-04-22T16:45:06.0911200Z ignoring duplicate directory "/Users/runner/work/tcm-storage-ios/tcm-storage-ios/build/Build/Products/Debug-iphonesimulator/PackageFrameworks"
2026-04-22T16:45:06.0911540Z ignoring duplicate directory "/Users/runner/work/tcm-storage-ios/tcm-storage-ios/build/Build/Products/Debug-iphonesimulator/PackageFrameworks"
2026-04-22T16:45:06.0911950Z ignoring duplicate directory "/Users/runner/work/tcm-storage-ios/tcm-storage-ios/build/Build/Products/Debug-iphonesimulator/PackageFrameworks"
2026-04-22T16:45:06.0912380Z ignoring duplicate directory "/Users/runner/work/tcm-storage-ios/tcm-storage-ios/build/Build/Products/Debug-iphonesimulator/PackageFrameworks"
2026-04-22T16:45:06.0912800Z ignoring duplicate directory "/Users/runner/work/tcm-storage-ios/tcm-storage-ios/build/Build/Products/Debug-iphonesimulator/PackageFrameworks"
2026-04-22T16:45:06.0913150Z ignoring duplicate directory "/Users/runner/work/tcm-storage-ios/tcm-storage-ios/build/Build/Products/Debug-iphonesimulator/PackageFrameworks"
2026-04-22T16:45:06.0913480Z ignoring duplicate directory "/Users/runner/work/tcm-storage-ios/tcm-storage-ios/build/Build/Products/Debug-iphonesimulator/PackageFrameworks"
2026-04-22T16:45:06.0913810Z ignoring duplicate directory "/Users/runner/work/tcm-storage-ios/tcm-storage-ios/build/Build/Products/Debug-iphonesimulator/PackageFrameworks"
2026-04-22T16:45:06.0914140Z ignoring duplicate directory "/Users/runner/work/tcm-storage-ios/tcm-storage-ios/build/Build/Products/Debug-iphonesimulator/PackageFrameworks"
2026-04-22T16:45:06.0914600Z ignoring duplicate directory "/Users/runner/work/tcm-storage-ios/tcm-storage-ios/build/Build/Products/Debug-iphonesimulator/PackageFrameworks"
2026-04-22T16:45:06.0914940Z ignoring duplicate directory "/Users/runner/work/tcm-storage-ios/tcm-storage-ios/build/Build/Products/Debug-iphonesimulator/PackageFrameworks"
2026-04-22T16:45:06.0915270Z ignoring duplicate directory "/Users/runner/work/tcm-storage-ios/tcm-storage-ios/build/Build/Products/Debug-iphonesimulator/PackageFrameworks"
2026-04-22T16:45:06.0915710Z ignoring duplicate directory "/Users/runner/work/tcm-storage-ios/tcm-storage-ios/build/Build/Products/Debug-iphonesimulator/PackageFrameworks"
2026-04-22T16:45:06.0916160Z ignoring duplicate directory "/Users/runner/work/tcm-storage-ios/tcm-storage-ios/build/Build/Products/Debug-iphonesimulator/PackageFrameworks"
2026-04-22T16:45:06.0916500Z ignoring duplicate directory "/Users/runner/work/tcm-storage-ios/tcm-storage-ios/build/Build/Products/Debug-iphonesimulator/PackageFrameworks"
2026-04-22T16:45:06.0917590Z ignoring duplicate directory "/Users/runner/work/tcm-storage-ios/tcm-storage-ios/build/Build/Products/Debug-iphonesimulator/PackageFrameworks"
2026-04-22T16:45:06.0917980Z ignoring duplicate directory "/Users/runner/work/tcm-storage-ios/tcm-storage-ios/build/Build/Products/Debug-iphonesimulator/PackageFrameworks"
2026-04-22T16:45:06.0918320Z ignoring duplicate directory "/Users/runner/work/tcm-storage-ios/tcm-storage-ios/build/Build/Products/Debug-iphonesimulator/PackageFrameworks"
2026-04-22T16:45:06.0918650Z ignoring duplicate directory "/Users/runner/work/tcm-storage-ios/tcm-storage-ios/build/Build/Products/Debug-iphonesimulator/PackageFrameworks"
2026-04-22T16:45:06.0918970Z ignoring duplicate directory "/Users/runner/work/tcm-storage-ios/tcm-storage-ios/build/Build/Products/Debug-iphonesimulator/PackageFrameworks"
2026-04-22T16:45:06.0919300Z ignoring duplicate directory "/Users/runner/work/tcm-storage-ios/tcm-storage-ios/build/Build/Products/Debug-iphonesimulator/PackageFrameworks"
2026-04-22T16:45:06.0919630Z ignoring duplicate directory "/Users/runner/work/tcm-storage-ios/tcm-storage-ios/build/Build/Products/Debug-iphonesimulator/PackageFrameworks"
2026-04-22T16:45:06.0919970Z ignoring duplicate directory "/Users/runner/work/tcm-storage-ios/tcm-storage-ios/build/Build/Products/Debug-iphonesimulator/PackageFrameworks"
2026-04-22T16:45:06.0920310Z ignoring duplicate directory "/Users/runner/work/tcm-storage-ios/tcm-storage-ios/build/Build/Products/Debug-iphonesimulator/PackageFrameworks"
2026-04-22T16:45:06.0920640Z ignoring duplicate directory "/Users/runner/work/tcm-storage-ios/tcm-storage-ios/build/Build/Products/Debug-iphonesimulator/PackageFrameworks"
2026-04-22T16:45:06.0920960Z ignoring duplicate directory "/Users/runner/work/tcm-storage-ios/tcm-storage-ios/build/Build/Products/Debug-iphonesimulator/PackageFrameworks"
2026-04-22T16:45:06.0921290Z ignoring duplicate directory "/Users/runner/work/tcm-storage-ios/tcm-storage-ios/build/Build/Products/Debug-iphonesimulator/PackageFrameworks"
2026-04-22T16:45:06.0921750Z ignoring duplicate directory "/Users/runner/work/tcm-storage-ios/tcm-storage-ios/build/Build/Products/Debug-iphonesimulator/PackageFrameworks"
2026-04-22T16:45:06.0922080Z ignoring duplicate directory "/Users/runner/work/tcm-storage-ios/tcm-storage-ios/build/Build/Products/Debug-iphonesimulator/PackageFrameworks"
2026-04-22T16:45:06.0922410Z ignoring duplicate directory "/Users/runner/work/tcm-storage-ios/tcm-storage-ios/build/Build/Products/Debug-iphonesimulator/PackageFrameworks"
2026-04-22T16:45:06.0922730Z ignoring duplicate directory "/Users/runner/work/tcm-storage-ios/tcm-storage-ios/build/Build/Products/Debug-iphonesimulator/PackageFrameworks"
2026-04-22T16:45:06.0923060Z ignoring duplicate directory "/Users/runner/work/tcm-storage-ios/tcm-storage-ios/build/Build/Products/Debug-iphonesimulator/PackageFrameworks"
2026-04-22T16:45:06.0923400Z ignoring duplicate directory "/Users/runner/work/tcm-storage-ios/tcm-storage-ios/build/Build/Products/Debug-iphonesimulator/PackageFrameworks"
2026-04-22T16:45:06.0923760Z ignoring duplicate directory "/Users/runner/work/tcm-storage-ios/tcm-storage-ios/build/Build/Products/Debug-iphonesimulator/PackageFrameworks"
2026-04-22T16:45:06.0924090Z ignoring duplicate directory "/Users/runner/work/tcm-storage-ios/tcm-storage-ios/build/Build/Products/Debug-iphonesimulator/PackageFrameworks"
2026-04-22T16:45:06.0924430Z ignoring duplicate directory "/Users/runner/work/tcm-storage-ios/tcm-storage-ios/build/Build/Products/Debug-iphonesimulator/PackageFrameworks"
2026-04-22T16:45:06.0924870Z ignoring duplicate directory "/Users/runner/work/tcm-storage-ios/tcm-storage-ios/build/Build/Products/Debug-iphonesimulator/PackageFrameworks"
2026-04-22T16:45:06.0925250Z ignoring duplicate directory "/Users/runner/work/tcm-storage-ios/tcm-storage-ios/build/Build/Products/Debug-iphonesimulator/PackageFrameworks"
2026-04-22T16:45:06.0925590Z ignoring duplicate directory "/Users/runner/work/tcm-storage-ios/tcm-storage-ios/build/Build/Products/Debug-iphonesimulator/PackageFrameworks"
2026-04-22T16:45:06.0925920Z ignoring duplicate directory "/Users/runner/work/tcm-storage-ios/tcm-storage-ios/build/Build/Products/Debug-iphonesimulator/PackageFrameworks"
2026-04-22T16:45:06.0926240Z ignoring duplicate directory "/Users/runner/work/tcm-storage-ios/tcm-storage-ios/build/Build/Products/Debug-iphonesimulator/PackageFrameworks"
2026-04-22T16:45:06.0926590Z ignoring duplicate directory "/Users/runner/work/tcm-storage-ios/tcm-storage-ios/build/Build/Products/Debug-iphonesimulator/PackageFrameworks"
2026-04-22T16:45:06.0926920Z ignoring duplicate directory "/Users/runner/work/tcm-storage-ios/tcm-storage-ios/build/Build/Products/Debug-iphonesimulator/PackageFrameworks"
2026-04-22T16:45:06.0927240Z ignoring duplicate directory "/Users/runner/work/tcm-storage-ios/tcm-storage-ios/build/Build/Products/Debug-iphonesimulator/PackageFrameworks"
2026-04-22T16:45:06.0927570Z ignoring duplicate directory "/Users/runner/work/tcm-storage-ios/tcm-storage-ios/build/Build/Products/Debug-iphonesimulator/PackageFrameworks"
2026-04-22T16:45:06.0927900Z ignoring duplicate directory "/Users/runner/work/tcm-storage-ios/tcm-storage-ios/build/Build/Products/Debug-iphonesimulator/PackageFrameworks"
2026-04-22T16:45:06.0928230Z ignoring duplicate directory "/Users/runner/work/tcm-storage-ios/tcm-storage-ios/build/Build/Products/Debug-iphonesimulator/PackageFrameworks"
2026-04-22T16:45:06.0928560Z ignoring duplicate directory "/Users/runner/work/tcm-storage-ios/tcm-storage-ios/build/Build/Products/Debug-iphonesimulator/PackageFrameworks"
2026-04-22T16:45:06.0928890Z ignoring duplicate directory "/Users/runner/work/tcm-storage-ios/tcm-storage-ios/build/Build/Products/Debug-iphonesimulator/PackageFrameworks"
2026-04-22T16:45:06.0929230Z ignoring duplicate directory "/Users/runner/work/tcm-storage-ios/tcm-storage-ios/build/Build/Products/Debug-iphonesimulator/PackageFrameworks"
2026-04-22T16:45:06.0929650Z ignoring duplicate directory "/Users/runner/work/tcm-storage-ios/tcm-storage-ios/build/Build/Products/Debug-iphonesimulator/PackageFrameworks"
2026-04-22T16:45:06.0929980Z ignoring duplicate directory "/Users/runner/work/tcm-storage-ios/tcm-storage-ios/build/Build/Products/Debug-iphonesimulator/PackageFrameworks"
2026-04-22T16:45:06.0930310Z ignoring duplicate directory "/Users/runner/work/tcm-storage-ios/tcm-storage-ios/build/Build/Products/Debug-iphonesimulator/PackageFrameworks"
2026-04-22T16:45:06.0930650Z ignoring duplicate directory "/Users/runner/work/tcm-storage-ios/tcm-storage-ios/build/Build/Products/Debug-iphonesimulator/PackageFrameworks"
2026-04-22T16:45:06.0930980Z ignoring duplicate directory "/Users/runner/work/tcm-storage-ios/tcm-storage-ios/build/Build/Products/Debug-iphonesimulator/PackageFrameworks"
2026-04-22T16:45:06.0931310Z ignoring duplicate directory "/Users/runner/work/tcm-storage-ios/tcm-storage-ios/build/Build/Products/Debug-iphonesimulator/PackageFrameworks"
2026-04-22T16:45:06.0931640Z ignoring duplicate directory "/Users/runner/work/tcm-storage-ios/tcm-storage-ios/build/Build/Products/Debug-iphonesimulator/PackageFrameworks"
2026-04-22T16:45:06.0932100Z ignoring duplicate directory "/Users/runner/work/tcm-storage-ios/tcm-storage-ios/build/Build/Products/Debug-iphonesimulator/PackageFrameworks"
2026-04-22T16:45:06.0934620Z ignoring duplicate directory "/Users/runner/work/tcm-storage-ios/tcm-storage-ios/build/Build/Products/Debug-iphonesimulator/PackageFrameworks"
2026-04-22T16:45:06.0934740Z #include "..." search starts here:
2026-04-22T16:45:06.0935440Z  /Users/runner/work/tcm-storage-ios/tcm-storage-ios/build/Build/Intermediates.noindex/Nextcloud.build/Debug-iphonesimulator/Nextcloud.build/Nextcloud-generated-files.hmap (headermap)
2026-04-22T16:45:06.0935990Z  /Users/runner/work/tcm-storage-ios/tcm-storage-ios/build/Build/Intermediates.noindex/Nextcloud.build/Debug-iphonesimulator/Nextcloud.build/Nextcloud-project-headers.hmap (headermap)
2026-04-22T16:45:06.0936060Z #include <...> search starts here:
2026-04-22T16:45:06.0936530Z  /Users/runner/work/tcm-storage-ios/tcm-storage-ios/build/Build/Intermediates.noindex/Nextcloud.build/Debug-iphonesimulator/Nextcloud.build/Nextcloud-own-target-headers.hmap (headermap)
2026-04-22T16:45:06.0937080Z  /Users/runner/work/tcm-storage-ios/tcm-storage-ios/build/Build/Intermediates.noindex/Nextcloud.build/Debug-iphonesimulator/Nextcloud.build/Nextcloud-all-non-framework-target-headers.hmap (headermap)
2026-04-22T16:45:06.0937390Z  /Users/runner/work/tcm-storage-ios/tcm-storage-ios/build/SourcePackages/checkouts/swift-nio-ssl/Sources/CNIOBoringSSLShims/include
2026-04-22T16:45:06.0937700Z  /Users/runner/work/tcm-storage-ios/tcm-storage-ios/build/SourcePackages/checkouts/swift-nio-ssl/Sources/CNIOBoringSSL/include
2026-04-22T16:45:06.0938020Z  /Users/runner/work/tcm-storage-ios/tcm-storage-ios/build/SourcePackages/checkouts/swift-atomics/Sources/_AtomicsShims/include
2026-04-22T16:45:06.0938310Z  /Users/runner/work/tcm-storage-ios/tcm-storage-ios/build/SourcePackages/checkouts/swift-nio/Sources/CNIOPosix/include
2026-04-22T16:45:06.0938580Z  /Users/runner/work/tcm-storage-ios/tcm-storage-ios/build/SourcePackages/checkouts/swift-nio/Sources/CNIOWASI/include
2026-04-22T16:45:06.0938880Z  /Users/runner/work/tcm-storage-ios/tcm-storage-ios/build/SourcePackages/checkouts/swift-nio/Sources/CNIOWindows/include
2026-04-22T16:45:06.0939150Z  /Users/runner/work/tcm-storage-ios/tcm-storage-ios/build/SourcePackages/checkouts/swift-nio/Sources/CNIOLinux/include
2026-04-22T16:45:06.0939410Z  /Users/runner/work/tcm-storage-ios/tcm-storage-ios/build/SourcePackages/checkouts/swift-nio/Sources/CNIODarwin/include
2026-04-22T16:45:06.0939690Z  /Users/runner/work/tcm-storage-ios/tcm-storage-ios/build/SourcePackages/checkouts/swift-nio/Sources/CNIOOpenBSD/include
2026-04-22T16:45:06.0939960Z  /Users/runner/work/tcm-storage-ios/tcm-storage-ios/build/SourcePackages/checkouts/swift-nio/Sources/CNIOAtomics/include
2026-04-22T16:45:06.0955030Z  /Users/runner/work/tcm-storage-ios/tcm-storage-ios/build/SourcePackages/checkouts/realm-core/src
2026-04-22T16:45:06.0956960Z  /Users/runner/work/tcm-storage-ios/tcm-storage-ios/build/SourcePackages/checkouts/realm-core/src/external/s2
2026-04-22T16:45:06.0958010Z  /Users/runner/work/tcm-storage-ios/tcm-storage-ios/build/SourcePackages/checkouts/realm-core/src/external/IntelRDFPMathLib20U2/LIBRARY/src
2026-04-22T16:45:06.0958650Z  /Users/runner/work/tcm-storage-ios/tcm-storage-ios/build/SourcePackages/checkouts/realm-core/src/spm
2026-04-22T16:45:06.0959280Z  /Users/runner/work/tcm-storage-ios/tcm-storage-ios/build/SourcePackages/checkouts/realm-swift/include
2026-04-22T16:45:06.0960200Z  /Users/runner/work/tcm-storage-ios/tcm-storage-ios/build/SourcePackages/checkouts/GoogleUtilities/GoogleUtilities/NSData+zlib/Public
2026-04-22T16:45:06.0961070Z  /Users/runner/work/tcm-storage-ios/tcm-storage-ios/build/SourcePackages/checkouts/GoogleUtilities/GoogleUtilities/Logger/Public
2026-04-22T16:45:06.0961980Z  /Users/runner/work/tcm-storage-ios/tcm-storage-ios/build/SourcePackages/checkouts/GoogleUtilities/GoogleUtilities/Environment/Public
2026-04-22T16:45:06.0963200Z  /Users/runner/work/tcm-storage-ios/tcm-storage-ios/build/SourcePackages/checkouts/GoogleUtilities/third_party/IsAppEncrypted/Public
2026-04-22T16:45:06.0964110Z  /Users/runner/work/tcm-storage-ios/tcm-storage-ios/build/SourcePackages/checkouts/GoogleUtilities/GoogleUtilities/UserDefaults/Public
2026-04-22T16:45:06.0964750Z  /Users/runner/work/tcm-storage-ios/tcm-storage-ios/build/SourcePackages/checkouts/nanopb/spm_headers
2026-04-22T16:45:06.0965730Z  /Users/runner/work/tcm-storage-ios/tcm-storage-ios/build/SourcePackages/checkouts/promises/Sources/FBLPromises/include
2026-04-22T16:45:06.0966900Z  /Users/runner/work/tcm-storage-ios/tcm-storage-ios/build/SourcePackages/checkouts/GoogleDataTransport/GoogleDataTransport/GDTCORLibrary/Public
2026-04-22T16:45:06.0967800Z  /Users/runner/work/tcm-storage-ios/tcm-storage-ios/build/SourcePackages/checkouts/firebase-ios-sdk/FirebaseSessions/SourcesObjC
2026-04-22T16:45:06.0968600Z  /Users/runner/work/tcm-storage-ios/tcm-storage-ios/build/SourcePackages/checkouts/firebase-ios-sdk/FirebaseCore/Extension
2026-04-22T16:45:06.0969580Z  /Users/runner/work/tcm-storage-ios/tcm-storage-ios/build/SourcePackages/checkouts/firebase-ios-sdk/FirebaseInstallations/Source/Library/Public
2026-04-22T16:45:06.0970450Z  /Users/runner/work/tcm-storage-ios/tcm-storage-ios/build/SourcePackages/checkouts/firebase-ios-sdk/FirebaseCore/Sources/Public
2026-04-22T16:45:06.0971240Z  /Users/runner/work/tcm-storage-ios/tcm-storage-ios/build/SourcePackages/checkouts/firebase-ios-sdk/CoreOnly/Sources
2026-04-22T16:45:06.0972130Z  /Users/runner/work/tcm-storage-ios/tcm-storage-ios/build/SourcePackages/checkouts/firebase-ios-sdk/Crashlytics/Crashlytics/Public
2026-04-22T16:45:06.0972930Z  /Users/runner/work/tcm-storage-ios/tcm-storage-ios/build/SourcePackages/checkouts/GzipSwift/Sources/system-zlib/include
2026-04-22T16:45:06.0974010Z  /Users/runner/work/tcm-storage-ios/tcm-storage-ios/build/Build/Intermediates.noindex/Nextcloud.build/Debug-iphonesimulator/Nextcloud.build/DerivedSources
2026-04-22T16:45:06.0974920Z  /Users/runner/work/tcm-storage-ios/tcm-storage-ios/build/Build/Products/Debug-iphonesimulator/PackageFrameworks (framework directory)
2026-04-22T16:45:06.0975680Z  /Users/runner/work/tcm-storage-ios/tcm-storage-ios/build/Build/Products/Debug-iphonesimulator (framework directory)
2026-04-22T16:45:06.0976580Z  /Applications/Xcode_26.2.app/Contents/Developer/Platforms/iPhoneSimulator.platform/Developer/Library/Frameworks (framework directory)
2026-04-22T16:45:06.0977860Z  /Applications/Xcode_26.2.app/Contents/Developer/Platforms/iPhoneSimulator.platform/Developer/SDKs/iPhoneSimulator26.2.sdk/Developer/Library/Frameworks (framework directory)
2026-04-22T16:45:06.0978550Z  /Applications/Xcode_26.2.app/Contents/Developer/Toolchains/XcodeDefault.xctoolchain/usr/lib/clang/17/include
2026-04-22T16:45:06.0979460Z  /Applications/Xcode_26.2.app/Contents/Developer/Platforms/iPhoneSimulator.platform/Developer/SDKs/iPhoneSimulator26.2.sdk/usr/include
2026-04-22T16:45:06.0980370Z  /Applications/Xcode_26.2.app/Contents/Developer/Toolchains/XcodeDefault.xctoolchain/usr/include
2026-04-22T16:45:06.0981600Z  /Applications/Xcode_26.2.app/Contents/Developer/Platforms/iPhoneSimulator.platform/Developer/SDKs/iPhoneSimulator26.2.sdk/System/Library/Frameworks (framework directory)
2026-04-22T16:45:06.0982800Z  /Applications/Xcode_26.2.app/Contents/Developer/Platforms/iPhoneSimulator.platform/Developer/SDKs/iPhoneSimulator26.2.sdk/System/Library/SubFrameworks (framework directory)
2026-04-22T16:45:06.0982950Z End of search list.
2026-04-22T16:45:06.0983730Z clang -cc1 version 17.0.0 (clang-1700.6.3.2) default target arm64-apple-darwin24.6.0
2026-04-22T16:45:06.0984760Z ignoring nonexistent directory "/Users/runner/work/tcm-storage-ios/tcm-storage-ios/build/Build/Products/Debug-iphonesimulator/include"
2026-04-22T16:45:06.0986180Z ignoring nonexistent directory "/Users/runner/work/tcm-storage-ios/tcm-storage-ios/build/Build/Intermediates.noindex/Nextcloud.build/Debug-iphonesimulator/Nextcloud.build/DerivedSources-normal/arm64"
2026-04-22T16:45:06.0988020Z ignoring nonexistent directory "/Users/runner/work/tcm-storage-ios/tcm-storage-ios/build/Build/Intermediates.noindex/Nextcloud.build/Debug-iphonesimulator/Nextcloud.build/DerivedSources/arm64"
2026-04-22T16:45:06.0989310Z ignoring nonexistent directory "/Applications/Xcode_26.2.app/Contents/Developer/Platforms/iPhoneSimulator.platform/Developer/SDKs/iPhoneSimulator26.2.sdk/usr/local/include"
2026-04-22T16:45:06.0990950Z ignoring nonexistent directory "/Applications/Xcode_26.2.app/Contents/Developer/Platforms/iPhoneSimulator.platform/Developer/SDKs/iPhoneSimulator26.2.sdk/Library/Frameworks"
2026-04-22T16:45:06.0992070Z ignoring duplicate directory "/Users/runner/work/tcm-storage-ios/tcm-storage-ios/build/Build/Products/Debug-iphonesimulator/PackageFrameworks"
2026-04-22T16:45:06.0993010Z ignoring duplicate directory "/Users/runner/work/tcm-storage-ios/tcm-storage-ios/build/Build/Products/Debug-iphonesimulator/PackageFrameworks"
2026-04-22T16:45:06.0993970Z ignoring duplicate directory "/Users/runner/work/tcm-storage-ios/tcm-storage-ios/build/Build/Products/Debug-iphonesimulator/PackageFrameworks"
2026-04-22T16:45:06.1021250Z ignoring duplicate directory "/Users/runner/work/tcm-storage-ios/tcm-storage-ios/build/Build/Products/Debug-iphonesimulator/PackageFrameworks"
2026-04-22T16:45:06.1021670Z ignoring duplicate directory "/Users/runner/work/tcm-storage-ios/tcm-storage-ios/build/Build/Products/Debug-iphonesimulator/PackageFrameworks"
2026-04-22T16:45:06.1022050Z ignoring duplicate directory "/Users/runner/work/tcm-storage-ios/tcm-storage-ios/build/Build/Products/Debug-iphonesimulator/PackageFrameworks"
2026-04-22T16:45:06.1022400Z ignoring duplicate directory "/Users/runner/work/tcm-storage-ios/tcm-storage-ios/build/Build/Products/Debug-iphonesimulator/PackageFrameworks"
2026-04-22T16:45:06.1022740Z ignoring duplicate directory "/Users/runner/work/tcm-storage-ios/tcm-storage-ios/build/Build/Products/Debug-iphonesimulator/PackageFrameworks"
2026-04-22T16:45:06.1023100Z ignoring duplicate directory "/Users/runner/work/tcm-storage-ios/tcm-storage-ios/build/Build/Products/Debug-iphonesimulator/PackageFrameworks"
2026-04-22T16:45:06.1023450Z ignoring duplicate directory "/Users/runner/work/tcm-storage-ios/tcm-storage-ios/build/Build/Products/Debug-iphonesimulator/PackageFrameworks"
2026-04-22T16:45:06.1023780Z ignoring duplicate directory "/Users/runner/work/tcm-storage-ios/tcm-storage-ios/build/Build/Products/Debug-iphonesimulator/PackageFrameworks"
2026-04-22T16:45:06.1024130Z ignoring duplicate directory "/Users/runner/work/tcm-storage-ios/tcm-storage-ios/build/Build/Products/Debug-iphonesimulator/PackageFrameworks"
2026-04-22T16:45:06.1024460Z ignoring duplicate directory "/Users/runner/work/tcm-storage-ios/tcm-storage-ios/build/Build/Products/Debug-iphonesimulator/PackageFrameworks"
2026-04-22T16:45:06.1024790Z ignoring duplicate directory "/Users/runner/work/tcm-storage-ios/tcm-storage-ios/build/Build/Products/Debug-iphonesimulator/PackageFrameworks"
2026-04-22T16:45:06.1025330Z ignoring duplicate directory "/Users/runner/work/tcm-storage-ios/tcm-storage-ios/build/Build/Products/Debug-iphonesimulator/PackageFrameworks"
2026-04-22T16:45:06.1025680Z ignoring duplicate directory "/Users/runner/work/tcm-storage-ios/tcm-storage-ios/build/Build/Products/Debug-iphonesimulator/PackageFrameworks"
2026-04-22T16:45:06.1026010Z ignoring duplicate directory "/Users/runner/work/tcm-storage-ios/tcm-storage-ios/build/Build/Products/Debug-iphonesimulator/PackageFrameworks"
2026-04-22T16:45:06.1026370Z ignoring duplicate directory "/Users/runner/work/tcm-storage-ios/tcm-storage-ios/build/Build/Products/Debug-iphonesimulator/PackageFrameworks"
2026-04-22T16:45:06.1026710Z ignoring duplicate directory "/Users/runner/work/tcm-storage-ios/tcm-storage-ios/build/Build/Products/Debug-iphonesimulator/PackageFrameworks"
2026-04-22T16:45:06.1027060Z ignoring duplicate directory "/Users/runner/work/tcm-storage-ios/tcm-storage-ios/build/Build/Products/Debug-iphonesimulator/PackageFrameworks"
2026-04-22T16:45:06.1027470Z ignoring duplicate directory "/Users/runner/work/tcm-storage-ios/tcm-storage-ios/build/Build/Products/Debug-iphonesimulator/PackageFrameworks"
2026-04-22T16:45:06.1027810Z ignoring duplicate directory "/Users/runner/work/tcm-storage-ios/tcm-storage-ios/build/Build/Products/Debug-iphonesimulator/PackageFrameworks"
2026-04-22T16:45:06.1028140Z ignoring duplicate directory "/Users/runner/work/tcm-storage-ios/tcm-storage-ios/build/Build/Products/Debug-iphonesimulator/PackageFrameworks"
2026-04-22T16:45:06.1028610Z ignoring duplicate directory "/Users/runner/work/tcm-storage-ios/tcm-storage-ios/build/Build/Products/Debug-iphonesimulator/PackageFrameworks"
2026-04-22T16:45:06.1029020Z ignoring duplicate directory "/Users/runner/work/tcm-storage-ios/tcm-storage-ios/build/Build/Products/Debug-iphonesimulator/PackageFrameworks"
2026-04-22T16:45:06.1029380Z ignoring duplicate directory "/Users/runner/work/tcm-storage-ios/tcm-storage-ios/build/Build/Products/Debug-iphonesimulator/PackageFrameworks"
2026-04-22T16:45:06.1029740Z ignoring duplicate directory "/Users/runner/work/tcm-storage-ios/tcm-storage-ios/build/Build/Products/Debug-iphonesimulator/PackageFrameworks"
2026-04-22T16:45:06.1030080Z ignoring duplicate directory "/Users/runner/work/tcm-storage-ios/tcm-storage-ios/build/Build/Products/Debug-iphonesimulator/PackageFrameworks"
2026-04-22T16:45:06.1030430Z ignoring duplicate directory "/Users/runner/work/tcm-storage-ios/tcm-storage-ios/build/Build/Products/Debug-iphonesimulator/PackageFrameworks"
2026-04-22T16:45:06.1030760Z ignoring duplicate directory "/Users/runner/work/tcm-storage-ios/tcm-storage-ios/build/Build/Products/Debug-iphonesimulator/PackageFrameworks"
2026-04-22T16:45:06.1031090Z ignoring duplicate directory "/Users/runner/work/tcm-storage-ios/tcm-storage-ios/build/Build/Products/Debug-iphonesimulator/PackageFrameworks"
2026-04-22T16:45:06.1175850Z ignoring duplicate directory "/Users/runner/work/tcm-storage-ios/tcm-storage-ios/build/Build/Products/Debug-iphonesimulator/PackageFrameworks"
2026-04-22T16:45:06.1178170Z ignoring duplicate directory "/Users/runner/work/tcm-storage-ios/tcm-storage-ios/build/Build/Products/Debug-iphonesimulator/PackageFrameworks"
2026-04-22T16:45:06.1180250Z ignoring duplicate directory "/Users/runner/work/tcm-storage-ios/tcm-storage-ios/build/Build/Products/Debug-iphonesimulator/PackageFrameworks"
2026-04-22T16:45:06.1189570Z ignoring duplicate directory "/Users/runner/work/tcm-storage-ios/tcm-storage-ios/build/Build/Products/Debug-iphonesimulator/PackageFrameworks"
2026-04-22T16:45:06.1192260Z ignoring duplicate directory "/Users/runner/work/tcm-storage-ios/tcm-storage-ios/build/Build/Products/Debug-iphonesimulator/PackageFrameworks"
2026-04-22T16:45:06.1193050Z ignoring duplicate directory "/Users/runner/work/tcm-storage-ios/tcm-storage-ios/build/Build/Products/Debug-iphonesimulator/PackageFrameworks"
2026-04-22T16:45:06.1194360Z ignoring duplicate directory "/Users/runner/work/tcm-storage-ios/tcm-storage-ios/build/Build/Products/Debug-iphonesimulator/PackageFrameworks"
2026-04-22T16:45:06.1195620Z ignoring duplicate directory "/Users/runner/work/tcm-storage-ios/tcm-storage-ios/build/Build/Products/Debug-iphonesimulator/PackageFrameworks"
2026-04-22T16:45:06.1196400Z ignoring duplicate directory "/Users/runner/work/tcm-storage-ios/tcm-storage-ios/build/Build/Products/Debug-iphonesimulator/PackageFrameworks"
2026-04-22T16:45:06.1197170Z ignoring duplicate directory "/Users/runner/work/tcm-storage-ios/tcm-storage-ios/build/Build/Products/Debug-iphonesimulator/PackageFrameworks"
2026-04-22T16:45:06.1197910Z ignoring duplicate directory "/Users/runner/work/tcm-storage-ios/tcm-storage-ios/build/Build/Products/Debug-iphonesimulator/PackageFrameworks"
2026-04-22T16:45:06.1198660Z ignoring duplicate directory "/Users/runner/work/tcm-storage-ios/tcm-storage-ios/build/Build/Products/Debug-iphonesimulator/PackageFrameworks"
2026-04-22T16:45:06.1199400Z ignoring duplicate directory "/Users/runner/work/tcm-storage-ios/tcm-storage-ios/build/Build/Products/Debug-iphonesimulator/PackageFrameworks"
2026-04-22T16:45:06.1200370Z ignoring duplicate directory "/Users/runner/work/tcm-storage-ios/tcm-storage-ios/build/Build/Products/Debug-iphonesimulator/PackageFrameworks"
2026-04-22T16:45:06.1201170Z ignoring duplicate directory "/Users/runner/work/tcm-storage-ios/tcm-storage-ios/build/Build/Products/Debug-iphonesimulator/PackageFrameworks"
2026-04-22T16:45:06.1201910Z ignoring duplicate directory "/Users/runner/work/tcm-storage-ios/tcm-storage-ios/build/Build/Products/Debug-iphonesimulator/PackageFrameworks"
2026-04-22T16:45:06.1202760Z ignoring duplicate directory "/Users/runner/work/tcm-storage-ios/tcm-storage-ios/build/Build/Products/Debug-iphonesimulator/PackageFrameworks"
2026-04-22T16:45:06.1203590Z ignoring duplicate directory "/Users/runner/work/tcm-storage-ios/tcm-storage-ios/build/Build/Products/Debug-iphonesimulator/PackageFrameworks"
2026-04-22T16:45:06.1204370Z ignoring duplicate directory "/Users/runner/work/tcm-storage-ios/tcm-storage-ios/build/Build/Products/Debug-iphonesimulator/PackageFrameworks"
2026-04-22T16:45:06.1205120Z ignoring duplicate directory "/Users/runner/work/tcm-storage-ios/tcm-storage-ios/build/Build/Products/Debug-iphonesimulator/PackageFrameworks"
2026-04-22T16:45:06.1205860Z ignoring duplicate directory "/Users/runner/work/tcm-storage-ios/tcm-storage-ios/build/Build/Products/Debug-iphonesimulator/PackageFrameworks"
2026-04-22T16:45:06.1206600Z ignoring duplicate directory "/Users/runner/work/tcm-storage-ios/tcm-storage-ios/build/Build/Products/Debug-iphonesimulator/PackageFrameworks"
2026-04-22T16:45:06.1207340Z ignoring duplicate directory "/Users/runner/work/tcm-storage-ios/tcm-storage-ios/build/Build/Products/Debug-iphonesimulator/PackageFrameworks"
2026-04-22T16:45:06.1208110Z ignoring duplicate directory "/Users/runner/work/tcm-storage-ios/tcm-storage-ios/build/Build/Products/Debug-iphonesimulator/PackageFrameworks"
2026-04-22T16:45:06.1210860Z ignoring duplicate directory "/Users/runner/work/tcm-storage-ios/tcm-storage-ios/build/Build/Products/Debug-iphonesimulator/PackageFrameworks"
2026-04-22T16:45:06.1211660Z ignoring duplicate directory "/Users/runner/work/tcm-storage-ios/tcm-storage-ios/build/Build/Products/Debug-iphonesimulator/PackageFrameworks"
2026-04-22T16:45:06.1212420Z ignoring duplicate directory "/Users/runner/work/tcm-storage-ios/tcm-storage-ios/build/Build/Products/Debug-iphonesimulator/PackageFrameworks"
2026-04-22T16:45:06.1213170Z ignoring duplicate directory "/Users/runner/work/tcm-storage-ios/tcm-storage-ios/build/Build/Products/Debug-iphonesimulator/PackageFrameworks"
2026-04-22T16:45:06.1250310Z ignoring duplicate directory "/Users/runner/work/tcm-storage-ios/tcm-storage-ios/build/Build/Products/Debug-iphonesimulator/PackageFrameworks"
2026-04-22T16:45:06.1251160Z ignoring duplicate directory "/Users/runner/work/tcm-storage-ios/tcm-storage-ios/build/Build/Products/Debug-iphonesimulator/PackageFrameworks"
2026-04-22T16:45:06.1252410Z ignoring duplicate directory "/Users/runner/work/tcm-storage-ios/tcm-storage-ios/build/Build/Products/Debug-iphonesimulator/PackageFrameworks"
2026-04-22T16:45:06.1253170Z ignoring duplicate directory "/Users/runner/work/tcm-storage-ios/tcm-storage-ios/build/Build/Products/Debug-iphonesimulator/PackageFrameworks"
2026-04-22T16:45:06.1253940Z ignoring duplicate directory "/Users/runner/work/tcm-storage-ios/tcm-storage-ios/build/Build/Products/Debug-iphonesimulator/PackageFrameworks"
2026-04-22T16:45:06.1259350Z ignoring duplicate directory "/Users/runner/work/tcm-storage-ios/tcm-storage-ios/build/Build/Products/Debug-iphonesimulator/PackageFrameworks"
2026-04-22T16:45:06.1261290Z ignoring duplicate directory "/Users/runner/work/tcm-storage-ios/tcm-storage-ios/build/Build/Products/Debug-iphonesimulator/PackageFrameworks"
2026-04-22T16:45:06.1264480Z ignoring duplicate directory "/Users/runner/work/tcm-storage-ios/tcm-storage-ios/build/Build/Products/Debug-iphonesimulator/PackageFrameworks"
2026-04-22T16:45:06.1270030Z ignoring duplicate directory "/Users/runner/work/tcm-storage-ios/tcm-storage-ios/build/Build/Products/Debug-iphonesimulator/PackageFrameworks"
2026-04-22T16:45:06.1271620Z ignoring duplicate directory "/Users/runner/work/tcm-storage-ios/tcm-storage-ios/build/Build/Products/Debug-iphonesimulator/PackageFrameworks"
2026-04-22T16:45:06.1273150Z ignoring duplicate directory "/Users/runner/work/tcm-storage-ios/tcm-storage-ios/build/Build/Products/Debug-iphonesimulator/PackageFrameworks"
2026-04-22T16:45:06.1273940Z ignoring duplicate directory "/Users/runner/work/tcm-storage-ios/tcm-storage-ios/build/Build/Products/Debug-iphonesimulator/PackageFrameworks"
2026-04-22T16:45:06.1276100Z ignoring duplicate directory "/Users/runner/work/tcm-storage-ios/tcm-storage-ios/build/Build/Products/Debug-iphonesimulator/PackageFrameworks"
2026-04-22T16:45:06.1277210Z ignoring duplicate directory "/Users/runner/work/tcm-storage-ios/tcm-storage-ios/build/Build/Products/Debug-iphonesimulator/PackageFrameworks"
2026-04-22T16:45:06.1279650Z ignoring duplicate directory "/Users/runner/work/tcm-storage-ios/tcm-storage-ios/build/Build/Products/Debug-iphonesimulator/PackageFrameworks"
2026-04-22T16:45:06.1281780Z ignoring duplicate directory "/Users/runner/work/tcm-storage-ios/tcm-storage-ios/build/Build/Products/Debug-iphonesimulator/PackageFrameworks"
2026-04-22T16:45:06.1282970Z ignoring duplicate directory "/Users/runner/work/tcm-storage-ios/tcm-storage-ios/build/Build/Products/Debug-iphonesimulator/PackageFrameworks"
2026-04-22T16:45:06.1283690Z #include "..." search starts here:
2026-04-22T16:45:06.1284350Z  /Users/runner/work/tcm-storage-ios/tcm-storage-ios/build/Build/Intermediates.noindex/Nextcloud.build/Debug-iphonesimulator/Nextcloud.build/Nextcloud-generated-files.hmap (headermap)
2026-04-22T16:45:06.1312820Z  /Users/runner/work/tcm-storage-ios/tcm-storage-ios/build/Build/Intermediates.noindex/Nextcloud.build/Debug-iphonesimulator/Nextcloud.build/Nextcloud-project-headers.hmap (headermap)
2026-04-22T16:45:06.1313520Z #include <...> search starts here:
2026-04-22T16:45:06.1314130Z  /Users/runner/work/tcm-storage-ios/tcm-storage-ios/build/Build/Intermediates.noindex/Nextcloud.build/Debug-iphonesimulator/Nextcloud.build/Nextcloud-own-target-headers.hmap (headermap)
2026-04-22T16:45:06.1315210Z  /Users/runner/work/tcm-storage-ios/tcm-storage-ios/build/Build/Intermediates.noindex/Nextcloud.build/Debug-iphonesimulator/Nextcloud.build/Nextcloud-all-non-framework-target-headers.hmap (headermap)
2026-04-22T16:45:06.1316150Z  /Users/runner/work/tcm-storage-ios/tcm-storage-ios/build/SourcePackages/checkouts/swift-nio-ssl/Sources/CNIOBoringSSLShims/include
2026-04-22T16:45:06.1316860Z  /Users/runner/work/tcm-storage-ios/tcm-storage-ios/build/SourcePackages/checkouts/swift-nio-ssl/Sources/CNIOBoringSSL/include
2026-04-22T16:45:06.1317530Z  /Users/runner/work/tcm-storage-ios/tcm-storage-ios/build/SourcePackages/checkouts/swift-atomics/Sources/_AtomicsShims/include
2026-04-22T16:45:06.1318160Z  /Users/runner/work/tcm-storage-ios/tcm-storage-ios/build/SourcePackages/checkouts/swift-nio/Sources/CNIOPosix/include
2026-04-22T16:45:06.1319150Z  /Users/runner/work/tcm-storage-ios/tcm-storage-ios/build/SourcePackages/checkouts/swift-nio/Sources/CNIOWASI/include
2026-04-22T16:45:06.1319800Z  /Users/runner/work/tcm-storage-ios/tcm-storage-ios/build/SourcePackages/checkouts/swift-nio/Sources/CNIOWindows/include
2026-04-22T16:45:06.1320440Z  /Users/runner/work/tcm-storage-ios/tcm-storage-ios/build/SourcePackages/checkouts/swift-nio/Sources/CNIOLinux/include
2026-04-22T16:45:06.1321130Z  /Users/runner/work/tcm-storage-ios/tcm-storage-ios/build/SourcePackages/checkouts/swift-nio/Sources/CNIODarwin/include
2026-04-22T16:45:06.1321820Z  /Users/runner/work/tcm-storage-ios/tcm-storage-ios/build/SourcePackages/checkouts/swift-nio/Sources/CNIOOpenBSD/include
2026-04-22T16:45:06.1322450Z  /Users/runner/work/tcm-storage-ios/tcm-storage-ios/build/SourcePackages/checkouts/swift-nio/Sources/CNIOAtomics/include
2026-04-22T16:45:06.1323010Z  /Users/runner/work/tcm-storage-ios/tcm-storage-ios/build/SourcePackages/checkouts/realm-core/src
2026-04-22T16:45:06.1323550Z  /Users/runner/work/tcm-storage-ios/tcm-storage-ios/build/SourcePackages/checkouts/realm-core/src/external/s2
2026-04-22T16:45:06.1324380Z  /Users/runner/work/tcm-storage-ios/tcm-storage-ios/build/SourcePackages/checkouts/realm-core/src/external/IntelRDFPMathLib20U2/LIBRARY/src
2026-04-22T16:45:06.1325030Z  /Users/runner/work/tcm-storage-ios/tcm-storage-ios/build/SourcePackages/checkouts/realm-core/src/spm
2026-04-22T16:45:06.1325590Z  /Users/runner/work/tcm-storage-ios/tcm-storage-ios/build/SourcePackages/checkouts/realm-swift/include
2026-04-22T16:45:06.1326380Z  /Users/runner/work/tcm-storage-ios/tcm-storage-ios/build/SourcePackages/checkouts/GoogleUtilities/GoogleUtilities/NSData+zlib/Public
2026-04-22T16:45:06.1327170Z  /Users/runner/work/tcm-storage-ios/tcm-storage-ios/build/SourcePackages/checkouts/GoogleUtilities/GoogleUtilities/Logger/Public
2026-04-22T16:45:06.1327930Z  /Users/runner/work/tcm-storage-ios/tcm-storage-ios/build/SourcePackages/checkouts/GoogleUtilities/GoogleUtilities/Environment/Public
2026-04-22T16:45:06.1328660Z  /Users/runner/work/tcm-storage-ios/tcm-storage-ios/build/SourcePackages/checkouts/GoogleUtilities/third_party/IsAppEncrypted/Public
2026-04-22T16:45:06.1329370Z  /Users/runner/work/tcm-storage-ios/tcm-storage-ios/build/SourcePackages/checkouts/GoogleUtilities/GoogleUtilities/UserDefaults/Public
2026-04-22T16:45:06.1329990Z  /Users/runner/work/tcm-storage-ios/tcm-storage-ios/build/SourcePackages/checkouts/nanopb/spm_headers
2026-04-22T16:45:06.1330570Z  /Users/runner/work/tcm-storage-ios/tcm-storage-ios/build/SourcePackages/checkouts/promises/Sources/FBLPromises/include
2026-04-22T16:45:06.1331300Z  /Users/runner/work/tcm-storage-ios/tcm-storage-ios/build/SourcePackages/checkouts/GoogleDataTransport/GoogleDataTransport/GDTCORLibrary/Public
2026-04-22T16:45:06.1332310Z  /Users/runner/work/tcm-storage-ios/tcm-storage-ios/build/SourcePackages/checkouts/firebase-ios-sdk/FirebaseSessions/SourcesObjC
2026-04-22T16:45:06.1333270Z  /Users/runner/work/tcm-storage-ios/tcm-storage-ios/build/SourcePackages/checkouts/firebase-ios-sdk/FirebaseCore/Extension
2026-04-22T16:45:06.1339070Z  /Users/runner/work/tcm-storage-ios/tcm-storage-ios/build/SourcePackages/checkouts/firebase-ios-sdk/FirebaseInstallations/Source/Library/Public
2026-04-22T16:45:06.1340960Z  /Users/runner/work/tcm-storage-ios/tcm-storage-ios/build/SourcePackages/checkouts/firebase-ios-sdk/FirebaseCore/Sources/Public
2026-04-22T16:45:06.1342450Z  /Users/runner/work/tcm-storage-ios/tcm-storage-ios/build/SourcePackages/checkouts/firebase-ios-sdk/CoreOnly/Sources
2026-04-22T16:45:06.1343230Z  /Users/runner/work/tcm-storage-ios/tcm-storage-ios/build/SourcePackages/checkouts/firebase-ios-sdk/Crashlytics/Crashlytics/Public
2026-04-22T16:45:06.1344050Z  /Users/runner/work/tcm-storage-ios/tcm-storage-ios/build/SourcePackages/checkouts/GzipSwift/Sources/system-zlib/include
2026-04-22T16:45:06.1345140Z  /Users/runner/work/tcm-storage-ios/tcm-storage-ios/build/Build/Intermediates.noindex/Nextcloud.build/Debug-iphonesimulator/Nextcloud.build/DerivedSources
2026-04-22T16:45:06.1346230Z  /Users/runner/work/tcm-storage-ios/tcm-storage-ios/build/Build/Products/Debug-iphonesimulator/PackageFrameworks (framework directory)
2026-04-22T16:45:06.1426120Z  /Users/runner/work/tcm-storage-ios/tcm-storage-ios/build/Build/Products/Debug-iphonesimulator (framework directory)
2026-04-22T16:45:06.1430640Z  /Applications/Xcode_26.2.app/Contents/Developer/Platforms/iPhoneSimulator.platform/Developer/Library/Frameworks (framework directory)
2026-04-22T16:45:06.1432940Z  /Applications/Xcode_26.2.app/Contents/Developer/Platforms/iPhoneSimulator.platform/Developer/SDKs/iPhoneSimulator26.2.sdk/Developer/Library/Frameworks (framework directory)
2026-04-22T16:45:06.1433940Z  /Applications/Xcode_26.2.app/Contents/Developer/Toolchains/XcodeDefault.xctoolchain/usr/lib/clang/17/include
2026-04-22T16:45:06.1434650Z  /Applications/Xcode_26.2.app/Contents/Developer/Platforms/iPhoneSimulator.platform/Developer/SDKs/iPhoneSimulator26.2.sdk/usr/include
2026-04-22T16:45:06.1439330Z  /Applications/Xcode_26.2.app/Contents/Developer/Toolchains/XcodeDefault.xctoolchain/usr/include
2026-04-22T16:45:06.1440420Z  /Applications/Xcode_26.2.app/Contents/Developer/Platforms/iPhoneSimulator.platform/Developer/SDKs/iPhoneSimulator26.2.sdk/System/Library/Frameworks (framework directory)
2026-04-22T16:45:06.1442550Z  /Applications/Xcode_26.2.app/Contents/Developer/Platforms/iPhoneSimulator.platform/Developer/SDKs/iPhoneSimulator26.2.sdk/System/Library/SubFrameworks (framework directory)
2026-04-22T16:45:06.1443350Z End of search list.
2026-04-22T16:45:06.1443600Z clang -cc1 version 17.0.0 (clang-1700.6.3.2) default target arm64-apple-darwin24.6.0
2026-04-22T16:45:06.1445530Z ignoring nonexistent directory "/Users/runner/work/tcm-storage-ios/tcm-storage-ios/build/Build/Products/Debug-iphonesimulator/include"
2026-04-22T16:45:06.1457900Z ignoring nonexistent directory "/Users/runner/work/tcm-storage-ios/tcm-storage-ios/build/Build/Intermediates.noindex/Nextcloud.build/Debug-iphonesimulator/Nextcloud.build/DerivedSources-normal/arm64"
2026-04-22T16:45:06.1459030Z ignoring nonexistent directory "/Users/runner/work/tcm-storage-ios/tcm-storage-ios/build/Build/Intermediates.noindex/Nextcloud.build/Debug-iphonesimulator/Nextcloud.build/DerivedSources/arm64"
2026-04-22T16:45:06.1493680Z ignoring nonexistent directory "/Applications/Xcode_26.2.app/Contents/Developer/Platforms/iPhoneSimulator.platform/Developer/SDKs/iPhoneSimulator26.2.sdk/usr/local/include"
2026-04-22T16:45:06.1496560Z ignoring nonexistent directory "/Applications/Xcode_26.2.app/Contents/Developer/Platforms/iPhoneSimulator.platform/Developer/SDKs/iPhoneSimulator26.2.sdk/Library/Frameworks"
2026-04-22T16:45:06.1498920Z ignoring duplicate directory "/Users/runner/work/tcm-storage-ios/tcm-storage-ios/build/Build/Products/Debug-iphonesimulator/PackageFrameworks"
2026-04-22T16:45:06.1501060Z ignoring duplicate directory "/Users/runner/work/tcm-storage-ios/tcm-storage-ios/build/Build/Products/Debug-iphonesimulator/PackageFrameworks"
2026-04-22T16:45:06.1503190Z ignoring duplicate directory "/Users/runner/work/tcm-storage-ios/tcm-storage-ios/build/Build/Products/Debug-iphonesimulator/PackageFrameworks"
2026-04-22T16:45:06.1505300Z ignoring duplicate directory "/Users/runner/work/tcm-storage-ios/tcm-storage-ios/build/Build/Products/Debug-iphonesimulator/PackageFrameworks"
2026-04-22T16:45:06.1507410Z ignoring duplicate directory "/Users/runner/work/tcm-storage-ios/tcm-storage-ios/build/Build/Products/Debug-iphonesimulator/PackageFrameworks"
2026-04-22T16:45:06.1532000Z ignoring duplicate directory "/Users/runner/work/tcm-storage-ios/tcm-storage-ios/build/Build/Products/Debug-iphonesimulator/PackageFrameworks"
2026-04-22T16:45:06.1534240Z ignoring duplicate directory "/Users/runner/work/tcm-storage-ios/tcm-storage-ios/build/Build/Products/Debug-iphonesimulator/PackageFrameworks"
2026-04-22T16:45:06.1536450Z ignoring duplicate directory "/Users/runner/work/tcm-storage-ios/tcm-storage-ios/build/Build/Products/Debug-iphonesimulator/PackageFrameworks"
2026-04-22T16:45:06.1539600Z ignoring duplicate directory "/Users/runner/work/tcm-storage-ios/tcm-storage-ios/build/Build/Products/Debug-iphonesimulator/PackageFrameworks"
2026-04-22T16:45:06.1541810Z ignoring duplicate directory "/Users/runner/work/tcm-storage-ios/tcm-storage-ios/build/Build/Products/Debug-iphonesimulator/PackageFrameworks"
2026-04-22T16:45:06.1549810Z ignoring duplicate directory "/Users/runner/work/tcm-storage-ios/tcm-storage-ios/build/Build/Products/Debug-iphonesimulator/PackageFrameworks"
2026-04-22T16:45:06.1552100Z ignoring duplicate directory "/Users/runner/work/tcm-storage-ios/tcm-storage-ios/build/Build/Products/Debug-iphonesimulator/PackageFrameworks"
2026-04-22T16:45:06.1566240Z ignoring duplicate directory "/Users/runner/work/tcm-storage-ios/tcm-storage-ios/build/Build/Products/Debug-iphonesimulator/PackageFrameworks"
2026-04-22T16:45:06.1567080Z ignoring duplicate directory "/Users/runner/work/tcm-storage-ios/tcm-storage-ios/build/Build/Products/Debug-iphonesimulator/PackageFrameworks"
2026-04-22T16:45:06.1568310Z ignoring duplicate directory "/Users/runner/work/tcm-storage-ios/tcm-storage-ios/build/Build/Products/Debug-iphonesimulator/PackageFrameworks"
2026-04-22T16:45:06.1569070Z ignoring duplicate directory "/Users/runner/work/tcm-storage-ios/tcm-storage-ios/build/Build/Products/Debug-iphonesimulator/PackageFrameworks"
2026-04-22T16:45:06.1569810Z ignoring duplicate directory "/Users/runner/work/tcm-storage-ios/tcm-storage-ios/build/Build/Products/Debug-iphonesimulator/PackageFrameworks"
2026-04-22T16:45:06.1570680Z ignoring duplicate directory "/Users/runner/work/tcm-storage-ios/tcm-storage-ios/build/Build/Products/Debug-iphonesimulator/PackageFrameworks"
2026-04-22T16:45:06.1571490Z ignoring duplicate directory "/Users/runner/work/tcm-storage-ios/tcm-storage-ios/build/Build/Products/Debug-iphonesimulator/PackageFrameworks"
2026-04-22T16:45:06.1572240Z ignoring duplicate directory "/Users/runner/work/tcm-storage-ios/tcm-storage-ios/build/Build/Products/Debug-iphonesimulator/PackageFrameworks"
2026-04-22T16:45:06.1572990Z ignoring duplicate directory "/Users/runner/work/tcm-storage-ios/tcm-storage-ios/build/Build/Products/Debug-iphonesimulator/PackageFrameworks"
2026-04-22T16:45:06.1573720Z ignoring duplicate directory "/Users/runner/work/tcm-storage-ios/tcm-storage-ios/build/Build/Products/Debug-iphonesimulator/PackageFrameworks"
2026-04-22T16:45:06.1574460Z ignoring duplicate directory "/Users/runner/work/tcm-storage-ios/tcm-storage-ios/build/Build/Products/Debug-iphonesimulator/PackageFrameworks"
2026-04-22T16:45:06.1575200Z ignoring duplicate directory "/Users/runner/work/tcm-storage-ios/tcm-storage-ios/build/Build/Products/Debug-iphonesimulator/PackageFrameworks"
2026-04-22T16:45:06.1575930Z ignoring duplicate directory "/Users/runner/work/tcm-storage-ios/tcm-storage-ios/build/Build/Products/Debug-iphonesimulator/PackageFrameworks"
2026-04-22T16:45:06.1576680Z ignoring duplicate directory "/Users/runner/work/tcm-storage-ios/tcm-storage-ios/build/Build/Products/Debug-iphonesimulator/PackageFrameworks"
2026-04-22T16:45:06.1577430Z ignoring duplicate directory "/Users/runner/work/tcm-storage-ios/tcm-storage-ios/build/Build/Products/Debug-iphonesimulator/PackageFrameworks"
2026-04-22T16:45:06.1578170Z ignoring duplicate directory "/Users/runner/work/tcm-storage-ios/tcm-storage-ios/build/Build/Products/Debug-iphonesimulator/PackageFrameworks"
2026-04-22T16:45:06.1578920Z ignoring duplicate directory "/Users/runner/work/tcm-storage-ios/tcm-storage-ios/build/Build/Products/Debug-iphonesimulator/PackageFrameworks"
2026-04-22T16:45:06.1579660Z ignoring duplicate directory "/Users/runner/work/tcm-storage-ios/tcm-storage-ios/build/Build/Products/Debug-iphonesimulator/PackageFrameworks"
2026-04-22T16:45:06.1580410Z ignoring duplicate directory "/Users/runner/work/tcm-storage-ios/tcm-storage-ios/build/Build/Products/Debug-iphonesimulator/PackageFrameworks"
2026-04-22T16:45:06.1581240Z ignoring duplicate directory "/Users/runner/work/tcm-storage-ios/tcm-storage-ios/build/Build/Products/Debug-iphonesimulator/PackageFrameworks"
2026-04-22T16:45:06.1581980Z ignoring duplicate directory "/Users/runner/work/tcm-storage-ios/tcm-storage-ios/build/Build/Products/Debug-iphonesimulator/PackageFrameworks"
2026-04-22T16:45:06.1582710Z ignoring duplicate directory "/Users/runner/work/tcm-storage-ios/tcm-storage-ios/build/Build/Products/Debug-iphonesimulator/PackageFrameworks"
2026-04-22T16:45:06.1583450Z ignoring duplicate directory "/Users/runner/work/tcm-storage-ios/tcm-storage-ios/build/Build/Products/Debug-iphonesimulator/PackageFrameworks"
2026-04-22T16:45:06.1584170Z ignoring duplicate directory "/Users/runner/work/tcm-storage-ios/tcm-storage-ios/build/Build/Products/Debug-iphonesimulator/PackageFrameworks"
2026-04-22T16:45:06.1584900Z ignoring duplicate directory "/Users/runner/work/tcm-storage-ios/tcm-storage-ios/build/Build/Products/Debug-iphonesimulator/PackageFrameworks"
2026-04-22T16:45:06.1585630Z ignoring duplicate directory "/Users/runner/work/tcm-storage-ios/tcm-storage-ios/build/Build/Products/Debug-iphonesimulator/PackageFrameworks"
2026-04-22T16:45:06.1586410Z ignoring duplicate directory "/Users/runner/work/tcm-storage-ios/tcm-storage-ios/build/Build/Products/Debug-iphonesimulator/PackageFrameworks"
2026-04-22T16:45:06.1587150Z ignoring duplicate directory "/Users/runner/work/tcm-storage-ios/tcm-storage-ios/build/Build/Products/Debug-iphonesimulator/PackageFrameworks"
2026-04-22T16:45:06.1587890Z ignoring duplicate directory "/Users/runner/work/tcm-storage-ios/tcm-storage-ios/build/Build/Products/Debug-iphonesimulator/PackageFrameworks"
2026-04-22T16:45:06.1588720Z ignoring duplicate directory "/Users/runner/work/tcm-storage-ios/tcm-storage-ios/build/Build/Products/Debug-iphonesimulator/PackageFrameworks"
2026-04-22T16:45:06.1589470Z ignoring duplicate directory "/Users/runner/work/tcm-storage-ios/tcm-storage-ios/build/Build/Products/Debug-iphonesimulator/PackageFrameworks"
2026-04-22T16:45:06.1590210Z ignoring duplicate directory "/Users/runner/work/tcm-storage-ios/tcm-storage-ios/build/Build/Products/Debug-iphonesimulator/PackageFrameworks"
2026-04-22T16:45:06.1590970Z ignoring duplicate directory "/Users/runner/work/tcm-storage-ios/tcm-storage-ios/build/Build/Products/Debug-iphonesimulator/PackageFrameworks"
2026-04-22T16:45:06.1591700Z ignoring duplicate directory "/Users/runner/work/tcm-storage-ios/tcm-storage-ios/build/Build/Products/Debug-iphonesimulator/PackageFrameworks"
2026-04-22T16:45:06.1592440Z ignoring duplicate directory "/Users/runner/work/tcm-storage-ios/tcm-storage-ios/build/Build/Products/Debug-iphonesimulator/PackageFrameworks"
2026-04-22T16:45:06.1593190Z ignoring duplicate directory "/Users/runner/work/tcm-storage-ios/tcm-storage-ios/build/Build/Products/Debug-iphonesimulator/PackageFrameworks"
2026-04-22T16:45:06.1593920Z ignoring duplicate directory "/Users/runner/work/tcm-storage-ios/tcm-storage-ios/build/Build/Products/Debug-iphonesimulator/PackageFrameworks"
2026-04-22T16:45:06.1594660Z ignoring duplicate directory "/Users/runner/work/tcm-storage-ios/tcm-storage-ios/build/Build/Products/Debug-iphonesimulator/PackageFrameworks"
2026-04-22T16:45:06.1595390Z ignoring duplicate directory "/Users/runner/work/tcm-storage-ios/tcm-storage-ios/build/Build/Products/Debug-iphonesimulator/PackageFrameworks"
2026-04-22T16:45:06.1596230Z ignoring duplicate directory "/Users/runner/work/tcm-storage-ios/tcm-storage-ios/build/Build/Products/Debug-iphonesimulator/PackageFrameworks"
2026-04-22T16:45:06.1597420Z ignoring duplicate directory "/Users/runner/work/tcm-storage-ios/tcm-storage-ios/build/Build/Products/Debug-iphonesimulator/PackageFrameworks"
2026-04-22T16:45:06.1598160Z ignoring duplicate directory "/Users/runner/work/tcm-storage-ios/tcm-storage-ios/build/Build/Products/Debug-iphonesimulator/PackageFrameworks"
2026-04-22T16:45:06.1598910Z ignoring duplicate directory "/Users/runner/work/tcm-storage-ios/tcm-storage-ios/build/Build/Products/Debug-iphonesimulator/PackageFrameworks"
2026-04-22T16:45:06.1599820Z ignoring duplicate directory "/Users/runner/work/tcm-storage-ios/tcm-storage-ios/build/Build/Products/Debug-iphonesimulator/PackageFrameworks"
2026-04-22T16:45:06.1600560Z ignoring duplicate directory "/Users/runner/work/tcm-storage-ios/tcm-storage-ios/build/Build/Products/Debug-iphonesimulator/PackageFrameworks"
2026-04-22T16:45:06.1603170Z ignoring duplicate directory "/Users/runner/work/tcm-storage-ios/tcm-storage-ios/build/Build/Products/Debug-iphonesimulator/PackageFrameworks"
2026-04-22T16:45:06.1603930Z ignoring duplicate directory "/Users/runner/work/tcm-storage-ios/tcm-storage-ios/build/Build/Products/Debug-iphonesimulator/PackageFrameworks"
2026-04-22T16:45:06.1604690Z ignoring duplicate directory "/Users/runner/work/tcm-storage-ios/tcm-storage-ios/build/Build/Products/Debug-iphonesimulator/PackageFrameworks"
2026-04-22T16:45:06.1605440Z ignoring duplicate directory "/Users/runner/work/tcm-storage-ios/tcm-storage-ios/build/Build/Products/Debug-iphonesimulator/PackageFrameworks"
2026-04-22T16:45:06.1606190Z ignoring duplicate directory "/Users/runner/work/tcm-storage-ios/tcm-storage-ios/build/Build/Products/Debug-iphonesimulator/PackageFrameworks"
2026-04-22T16:45:06.1607150Z ignoring duplicate directory "/Users/runner/work/tcm-storage-ios/tcm-storage-ios/build/Build/Products/Debug-iphonesimulator/PackageFrameworks"
2026-04-22T16:45:06.1608600Z ignoring duplicate directory "/Users/runner/work/tcm-storage-ios/tcm-storage-ios/build/Build/Products/Debug-iphonesimulator/PackageFrameworks"
2026-04-22T16:45:06.1609340Z ignoring duplicate directory "/Users/runner/work/tcm-storage-ios/tcm-storage-ios/build/Build/Products/Debug-iphonesimulator/PackageFrameworks"
2026-04-22T16:45:06.1610260Z ignoring duplicate directory "/Users/runner/work/tcm-storage-ios/tcm-storage-ios/build/Build/Products/Debug-iphonesimulator/PackageFrameworks"
2026-04-22T16:45:06.1610990Z ignoring duplicate directory "/Users/runner/work/tcm-storage-ios/tcm-storage-ios/build/Build/Products/Debug-iphonesimulator/PackageFrameworks"
2026-04-22T16:45:06.1611730Z ignoring duplicate directory "/Users/runner/work/tcm-storage-ios/tcm-storage-ios/build/Build/Products/Debug-iphonesimulator/PackageFrameworks"
2026-04-22T16:45:06.1612460Z ignoring duplicate directory "/Users/runner/work/tcm-storage-ios/tcm-storage-ios/build/Build/Products/Debug-iphonesimulator/PackageFrameworks"
2026-04-22T16:45:06.1613200Z ignoring duplicate directory "/Users/runner/work/tcm-storage-ios/tcm-storage-ios/build/Build/Products/Debug-iphonesimulator/PackageFrameworks"
2026-04-22T16:45:06.1613940Z ignoring duplicate directory "/Users/runner/work/tcm-storage-ios/tcm-storage-ios/build/Build/Products/Debug-iphonesimulator/PackageFrameworks"
2026-04-22T16:45:06.1614670Z ignoring duplicate directory "/Users/runner/work/tcm-storage-ios/tcm-storage-ios/build/Build/Products/Debug-iphonesimulator/PackageFrameworks"
2026-04-22T16:45:06.1615480Z ignoring duplicate directory "/Users/runner/work/tcm-storage-ios/tcm-storage-ios/build/Build/Products/Debug-iphonesimulator/PackageFrameworks"
2026-04-22T16:45:06.1616230Z ignoring duplicate directory "/Users/runner/work/tcm-storage-ios/tcm-storage-ios/build/Build/Products/Debug-iphonesimulator/PackageFrameworks"
2026-04-22T16:45:06.1616990Z ignoring duplicate directory "/Users/runner/work/tcm-storage-ios/tcm-storage-ios/build/Build/Products/Debug-iphonesimulator/PackageFrameworks"
2026-04-22T16:45:06.1617760Z ignoring duplicate directory "/Users/runner/work/tcm-storage-ios/tcm-storage-ios/build/Build/Products/Debug-iphonesimulator/PackageFrameworks"
2026-04-22T16:45:06.1618230Z #include "..." search starts here:
2026-04-22T16:45:06.1618810Z  /Users/runner/work/tcm-storage-ios/tcm-storage-ios/build/Build/Intermediates.noindex/Nextcloud.build/Debug-iphonesimulator/Nextcloud.build/Nextcloud-generated-files.hmap (headermap)
2026-04-22T16:45:06.1619820Z  /Users/runner/work/tcm-storage-ios/tcm-storage-ios/build/Build/Intermediates.noindex/Nextcloud.build/Debug-iphonesimulator/Nextcloud.build/Nextcloud-project-headers.hmap (headermap)
2026-04-22T16:45:06.1620520Z #include <...> search starts here:
2026-04-22T16:45:06.1621130Z  /Users/runner/work/tcm-storage-ios/tcm-storage-ios/build/Build/Intermediates.noindex/Nextcloud.build/Debug-iphonesimulator/Nextcloud.build/Nextcloud-own-target-headers.hmap (headermap)
2026-04-22T16:45:06.1622220Z  /Users/runner/work/tcm-storage-ios/tcm-storage-ios/build/Build/Intermediates.noindex/Nextcloud.build/Debug-iphonesimulator/Nextcloud.build/Nextcloud-all-non-framework-target-headers.hmap (headermap)
2026-04-22T16:45:06.1623170Z  /Users/runner/work/tcm-storage-ios/tcm-storage-ios/build/SourcePackages/checkouts/swift-nio-ssl/Sources/CNIOBoringSSLShims/include
2026-04-22T16:45:06.1623890Z  /Users/runner/work/tcm-storage-ios/tcm-storage-ios/build/SourcePackages/checkouts/swift-nio-ssl/Sources/CNIOBoringSSL/include
2026-04-22T16:45:06.1624590Z  /Users/runner/work/tcm-storage-ios/tcm-storage-ios/build/SourcePackages/checkouts/swift-atomics/Sources/_AtomicsShims/include
2026-04-22T16:45:06.1625240Z  /Users/runner/work/tcm-storage-ios/tcm-storage-ios/build/SourcePackages/checkouts/swift-nio/Sources/CNIOPosix/include
2026-04-22T16:45:06.1625950Z  /Users/runner/work/tcm-storage-ios/tcm-storage-ios/build/SourcePackages/checkouts/swift-nio/Sources/CNIOWASI/include
2026-04-22T16:45:06.1626580Z  /Users/runner/work/tcm-storage-ios/tcm-storage-ios/build/SourcePackages/checkouts/swift-nio/Sources/CNIOWindows/include
2026-04-22T16:45:06.1627190Z  /Users/runner/work/tcm-storage-ios/tcm-storage-ios/build/SourcePackages/checkouts/swift-nio/Sources/CNIOLinux/include
2026-04-22T16:45:06.1628130Z  /Users/runner/work/tcm-storage-ios/tcm-storage-ios/build/SourcePackages/checkouts/swift-nio/Sources/CNIODarwin/include
2026-04-22T16:45:06.1628940Z  /Users/runner/work/tcm-storage-ios/tcm-storage-ios/build/SourcePackages/checkouts/swift-nio/Sources/CNIOOpenBSD/include
2026-04-22T16:45:06.1629600Z  /Users/runner/work/tcm-storage-ios/tcm-storage-ios/build/SourcePackages/checkouts/swift-nio/Sources/CNIOAtomics/include
2026-04-22T16:45:06.1630170Z  /Users/runner/work/tcm-storage-ios/tcm-storage-ios/build/SourcePackages/checkouts/realm-core/src
2026-04-22T16:45:06.1630710Z  /Users/runner/work/tcm-storage-ios/tcm-storage-ios/build/SourcePackages/checkouts/realm-core/src/external/s2
2026-04-22T16:45:06.1631370Z  /Users/runner/work/tcm-storage-ios/tcm-storage-ios/build/SourcePackages/checkouts/realm-core/src/external/IntelRDFPMathLib20U2/LIBRARY/src
2026-04-22T16:45:06.1632040Z  /Users/runner/work/tcm-storage-ios/tcm-storage-ios/build/SourcePackages/checkouts/realm-core/src/spm
2026-04-22T16:45:06.1632570Z  /Users/runner/work/tcm-storage-ios/tcm-storage-ios/build/SourcePackages/checkouts/realm-swift/include
2026-04-22T16:45:06.1633200Z  /Users/runner/work/tcm-storage-ios/tcm-storage-ios/build/SourcePackages/checkouts/GoogleUtilities/GoogleUtilities/NSData+zlib/Public
2026-04-22T16:45:06.1633890Z  /Users/runner/work/tcm-storage-ios/tcm-storage-ios/build/SourcePackages/checkouts/GoogleUtilities/GoogleUtilities/Logger/Public
2026-04-22T16:45:06.1634590Z  /Users/runner/work/tcm-storage-ios/tcm-storage-ios/build/SourcePackages/checkouts/GoogleUtilities/GoogleUtilities/Environment/Public
2026-04-22T16:45:06.1635290Z  /Users/runner/work/tcm-storage-ios/tcm-storage-ios/build/SourcePackages/checkouts/GoogleUtilities/third_party/IsAppEncrypted/Public
2026-04-22T16:45:06.1636010Z  /Users/runner/work/tcm-storage-ios/tcm-storage-ios/build/SourcePackages/checkouts/GoogleUtilities/GoogleUtilities/UserDefaults/Public
2026-04-22T16:45:06.1636630Z  /Users/runner/work/tcm-storage-ios/tcm-storage-ios/build/SourcePackages/checkouts/nanopb/spm_headers
2026-04-22T16:45:06.1637210Z  /Users/runner/work/tcm-storage-ios/tcm-storage-ios/build/SourcePackages/checkouts/promises/Sources/FBLPromises/include
2026-04-22T16:45:06.1637920Z  /Users/runner/work/tcm-storage-ios/tcm-storage-ios/build/SourcePackages/checkouts/GoogleDataTransport/GoogleDataTransport/GDTCORLibrary/Public
2026-04-22T16:45:06.1638680Z  /Users/runner/work/tcm-storage-ios/tcm-storage-ios/build/SourcePackages/checkouts/firebase-ios-sdk/FirebaseSessions/SourcesObjC
2026-04-22T16:45:06.1639460Z  /Users/runner/work/tcm-storage-ios/tcm-storage-ios/build/SourcePackages/checkouts/firebase-ios-sdk/FirebaseCore/Extension
2026-04-22T16:45:06.1640190Z  /Users/runner/work/tcm-storage-ios/tcm-storage-ios/build/SourcePackages/checkouts/firebase-ios-sdk/FirebaseInstallations/Source/Library/Public
2026-04-22T16:45:06.1641150Z  /Users/runner/work/tcm-storage-ios/tcm-storage-ios/build/SourcePackages/checkouts/firebase-ios-sdk/FirebaseCore/Sources/PublicApple clang version 17.0.0 (clang-1700.6.3.2)Apple clang version 17.0.0 (clang-1700.6.3.2)
2026-04-22T16:45:06.1641790Z 
2026-04-22T16:45:06.1641960Z Target: Target: arm64-apple-ios17.0-simulatorarm64-apple-ios17.0-simulator
2026-04-22T16:45:06.1642210Z 
2026-04-22T16:45:06.1642530Z Thread model:  posix/Users/runner/work/tcm-storage-ios/tcm-storage-ios/build/SourcePackages/checkouts/firebase-ios-sdk/CoreOnly/Sources
2026-04-22T16:45:06.1642930Z 
2026-04-22T16:45:06.1642980Z InstalledDir:  
2026-04-22T16:45:06.1643110Z Thread model: posix
2026-04-22T16:45:06.1643450Z InstalledDir: /Applications/Xcode_26.2.app/Contents/Developer/Toolchains/XcodeDefault.xctoolchain/usr/bin
2026-04-22T16:45:06.1644230Z /Users/runner/work/tcm-storage-ios/tcm-storage-ios/build/SourcePackages/checkouts/firebase-ios-sdk/Crashlytics/Crashlytics/Public
2026-04-22T16:45:06.1644930Z  /Users/runner/work/tcm-storage-ios/tcm-storage-ios/build/SourcePackages/checkouts/GzipSwift/Sources/system-zlib/include
2026-04-22T16:45:06.1645660Z  /Users/runner/work/tcm-storage-ios/tcm-storage-ios/build/Build/Intermediates.noindex/Nextcloud.build/Debug-iphonesimulator/Nextcloud.build/DerivedSources
2026-04-22T16:45:06.1646560Z  /Users/runner/work/tcm-storage-ios/tcm-storage-ios/build/Build/Products/Debug-iphonesimulator/PackageFrameworks (framework directory)
2026-04-22T16:45:06.1647240Z  /Users/runner/work/tcm-storage-ios/tcm-storage-ios/build/Build/Products/Debug-iphonesimulator (framework directory)
2026-04-22T16:45:06.1647900Z  /Applications/Xcode_26.2.app/Contents/Developer/Platforms/iPhoneSimulator.platform/Developer/Library/Frameworks (framework directory)
2026-04-22T16:45:06.1648840Z  /Applications/Xcode_26.2.app/Contents/Developer/Platforms/iPhoneSimulator.platform/Developer/SDKs/iPhoneSimulator26.2.sdk/Developer/Library/Frameworks (framework directory)
2026-04-22T16:45:06.1649590Z  /Applications/Xcode_26.2.app/Contents/Developer/Toolchains/XcodeDefault.xctoolchain/usr/lib/clang/17/include
2026-04-22T16:45:06.1650220Z  /Applications/Xcode_26.2.app/Contents/Developer/Platforms/iPhoneSimulator.platform/Developer/SDKs/iPhoneSimulator26.2.sdk/usr/include
2026-04-22T16:45:06.1650820Z  /Applications/Xcode_26.2.app/Contents/Developer/Toolchains/XcodeDefault.xctoolchain/usr/include
2026-04-22T16:45:06.1651530Z  /Applications/Xcode_26.2.app/Contents/Developer/Platforms/iPhoneSimulator.platform/Developer/SDKs/iPhoneSimulator26.2.sdk/System/Library/Frameworks (framework directory)
2026-04-22T16:45:06.1652450Z  /Applications/Xcode_26.2.app/Contents/Developer/Platforms/iPhoneSimulator.platform/Developer/SDKs/iPhoneSimulator26.2.sdk/System/Library/SubFrameworks (framework directory)
2026-04-22T16:45:06.1653000Z End of search list.
2026-04-22T16:45:06.1653480Z /Applications/Xcode_26.2.app/Contents/Developer/Toolchains/XcodeDefault.xctoolchain/usr/bin
2026-04-22T16:45:06.1653930Z clang -cc1 version 17.0.0 (clang-1700.6.3.2) default target arm64-apple-darwin24.6.0
2026-04-22T16:45:06.1654330Z clang -cc1 version 17.0.0 (clang-1700.6.3.2) default target arm64-apple-darwin24.6.0
2026-04-22T16:45:06.1680120Z ignoring nonexistent directory "/Users/runner/work/tcm-storage-ios/tcm-storage-ios/build/Build/Products/Debug-iphonesimulator/include"
2026-04-22T16:45:06.1681720Z ignoring nonexistent directory "/Users/runner/work/tcm-storage-ios/tcm-storage-ios/build/Build/Products/Debug-iphonesimulator/include"
2026-04-22T16:45:06.1682760Z ignoring nonexistent directory "ignoring nonexistent directory "/Users/runner/work/tcm-storage-ios/tcm-storage-ios/build/Build/Intermediates.noindex/Nextcloud.build/Debug-iphonesimulator/Nextcloud.build/DerivedSources-normal/arm64"
2026-04-22T16:45:06.1684300Z /Users/runner/work/tcm-storage-ios/tcm-storage-ios/build/Build/Intermediates.noindex/Nextcloud.build/Debug-iphonesimulator/Nextcloud.build/DerivedSources-normal/arm64"
2026-04-22T16:45:06.1685260Z ignoring nonexistent directory "/Users/runner/work/tcm-storage-ios/tcm-storage-ios/build/Build/Intermediates.noindex/Nextcloud.build/Debug-iphonesimulator/Nextcloud.build/DerivedSources/arm64"
2026-04-22T16:45:06.1691040Z ignoring nonexistent directory "/Users/runner/work/tcm-storage-ios/tcm-storage-ios/build/Build/Intermediates.noindex/Nextcloud.build/Debug-iphonesimulator/Nextcloud.build/DerivedSources/arm64"
2026-04-22T16:45:06.1692070Z ignoring nonexistent directory "/Applications/Xcode_26.2.app/Contents/Developer/Platforms/iPhoneSimulator.platform/Developer/SDKs/iPhoneSimulator26.2.sdk/usr/local/include"
2026-04-22T16:45:06.1693000Z ignoring nonexistent directory "/Applications/Xcode_26.2.app/Contents/Developer/Platforms/iPhoneSimulator.platform/Developer/SDKs/iPhoneSimulator26.2.sdk/usr/local/include"
2026-04-22T16:45:06.1694150Z ignoring nonexistent directory "/Applications/Xcode_26.2.app/Contents/Developer/Platforms/iPhoneSimulator.platform/Developer/SDKs/iPhoneSimulator26.2.sdk/Library/Frameworks"
2026-04-22T16:45:06.1695090Z ignoring nonexistent directory "/Applications/Xcode_26.2.app/Contents/Developer/Platforms/iPhoneSimulator.platform/Developer/SDKs/iPhoneSimulator26.2.sdk/Library/Frameworks"
2026-04-22T16:45:06.1696430Z ignoring duplicate directory "ignoring duplicate directory "/Users/runner/work/tcm-storage-ios/tcm-storage-ios/build/Build/Products/Debug-iphonesimulator/PackageFrameworks/Users/runner/work/tcm-storage-ios/tcm-storage-ios/build/Build/Products/Debug-iphonesimulator/PackageFrameworks"
2026-04-22T16:45:06.1697370Z "
2026-04-22T16:45:06.1698160Z ignoring duplicate directory "ignoring duplicate directory "/Users/runner/work/tcm-storage-ios/tcm-storage-ios/build/Build/Products/Debug-iphonesimulator/PackageFrameworks/Users/runner/work/tcm-storage-ios/tcm-storage-ios/build/Build/Products/Debug-iphonesimulator/PackageFrameworks"
2026-04-22T16:45:06.1699010Z "
2026-04-22T16:45:06.1699790Z ignoring duplicate directory "ignoring duplicate directory "/Users/runner/work/tcm-storage-ios/tcm-storage-ios/build/Build/Products/Debug-iphonesimulator/PackageFrameworks/Users/runner/work/tcm-storage-ios/tcm-storage-ios/build/Build/Products/Debug-iphonesimulator/PackageFrameworks"
2026-04-22T16:45:06.1700620Z "
2026-04-22T16:45:06.1701390Z ignoring duplicate directory "ignoring duplicate directory "/Users/runner/work/tcm-storage-ios/tcm-storage-ios/build/Build/Products/Debug-iphonesimulator/PackageFrameworks/Users/runner/work/tcm-storage-ios/tcm-storage-ios/build/Build/Products/Debug-iphonesimulator/PackageFrameworks"
2026-04-22T16:45:06.1702230Z "
2026-04-22T16:45:06.1703010Z ignoring duplicate directory "ignoring duplicate directory "/Users/runner/work/tcm-storage-ios/tcm-storage-ios/build/Build/Products/Debug-iphonesimulator/PackageFrameworks/Users/runner/work/tcm-storage-ios/tcm-storage-ios/build/Build/Products/Debug-iphonesimulator/PackageFrameworks"
2026-04-22T16:45:06.1703840Z "
2026-04-22T16:45:06.1704630Z ignoring duplicate directory "ignoring duplicate directory "/Users/runner/work/tcm-storage-ios/tcm-storage-ios/build/Build/Products/Debug-iphonesimulator/PackageFrameworks/Users/runner/work/tcm-storage-ios/tcm-storage-ios/build/Build/Products/Debug-iphonesimulator/PackageFrameworks"
2026-04-22T16:45:06.1705490Z "
2026-04-22T16:45:06.1706290Z ignoring duplicate directory "ignoring duplicate directory "/Users/runner/work/tcm-storage-ios/tcm-storage-ios/build/Build/Products/Debug-iphonesimulator/PackageFrameworks/Users/runner/work/tcm-storage-ios/tcm-storage-ios/build/Build/Products/Debug-iphonesimulator/PackageFrameworks"
2026-04-22T16:45:06.1707130Z "
2026-04-22T16:45:06.1707920Z ignoring duplicate directory "ignoring duplicate directory "/Users/runner/work/tcm-storage-ios/tcm-storage-ios/build/Build/Products/Debug-iphonesimulator/PackageFrameworks/Users/runner/work/tcm-storage-ios/tcm-storage-ios/build/Build/Products/Debug-iphonesimulator/PackageFrameworks"
2026-04-22T16:45:06.1708890Z "
2026-04-22T16:45:06.1709690Z ignoring duplicate directory "ignoring duplicate directory "/Users/runner/work/tcm-storage-ios/tcm-storage-ios/build/Build/Products/Debug-iphonesimulator/PackageFrameworks/Users/runner/work/tcm-storage-ios/tcm-storage-ios/build/Build/Products/Debug-iphonesimulator/PackageFrameworks"
2026-04-22T16:45:06.1710530Z "
2026-04-22T16:45:06.1711340Z ignoring duplicate directory "ignoring duplicate directory "/Users/runner/work/tcm-storage-ios/tcm-storage-ios/build/Build/Products/Debug-iphonesimulator/PackageFrameworks/Users/runner/work/tcm-storage-ios/tcm-storage-ios/build/Build/Products/Debug-iphonesimulator/PackageFrameworks"
2026-04-22T16:45:06.1712180Z "
2026-04-22T16:45:06.1712970Z ignoring duplicate directory "ignoring duplicate directory "/Users/runner/work/tcm-storage-ios/tcm-storage-ios/build/Build/Products/Debug-iphonesimulator/PackageFrameworks/Users/runner/work/tcm-storage-ios/tcm-storage-ios/build/Build/Products/Debug-iphonesimulator/PackageFrameworks"
2026-04-22T16:45:06.1713820Z "
2026-04-22T16:45:06.1715160Z ignoring duplicate directory "ignoring duplicate directory "/Users/runner/work/tcm-storage-ios/tcm-storage-ios/build/Build/Products/Debug-iphonesimulator/PackageFrameworks/Users/runner/work/tcm-storage-ios/tcm-storage-ios/build/Build/Products/Debug-iphonesimulator/PackageFrameworks"
2026-04-22T16:45:06.1716840Z "
2026-04-22T16:45:06.1717910Z ignoring duplicate directory "ignoring duplicate directory "/Users/runner/work/tcm-storage-ios/tcm-storage-ios/build/Build/Products/Debug-iphonesimulator/PackageFrameworks/Users/runner/work/tcm-storage-ios/tcm-storage-ios/build/Build/Products/Debug-iphonesimulator/PackageFrameworks"
2026-04-22T16:45:06.1720380Z "
2026-04-22T16:45:06.1721190Z ignoring duplicate directory "ignoring duplicate directory "/Users/runner/work/tcm-storage-ios/tcm-storage-ios/build/Build/Products/Debug-iphonesimulator/PackageFrameworks/Users/runner/work/tcm-storage-ios/tcm-storage-ios/build/Build/Products/Debug-iphonesimulator/PackageFrameworks"
2026-04-22T16:45:06.1722080Z "
2026-04-22T16:45:06.1722960Z ignoring duplicate directory "ignoring duplicate directory "/Users/runner/work/tcm-storage-ios/tcm-storage-ios/build/Build/Products/Debug-iphonesimulator/PackageFrameworks/Users/runner/work/tcm-storage-ios/tcm-storage-ios/build/Build/Products/Debug-iphonesimulator/PackageFrameworks"
2026-04-22T16:45:06.1723850Z "
2026-04-22T16:45:06.1740540Z ignoring duplicate directory "ignoring duplicate directory "/Users/runner/work/tcm-storage-ios/tcm-storage-ios/build/Build/Products/Debug-iphonesimulator/PackageFrameworks/Users/runner/work/tcm-storage-ios/tcm-storage-ios/build/Build/Products/Debug-iphonesimulator/PackageFrameworks"
2026-04-22T16:45:06.1743120Z "
2026-04-22T16:45:06.1812450Z ignoring duplicate directory "ignoring duplicate directory "/Users/runner/work/tcm-storage-ios/tcm-storage-ios/build/Build/Products/Debug-iphonesimulator/PackageFrameworks/Users/runner/work/tcm-storage-ios/tcm-storage-ios/build/Build/Products/Debug-iphonesimulator/PackageFrameworks"
2026-04-22T16:45:06.1815600Z "
2026-04-22T16:45:06.1816490Z ignoring duplicate directory "ignoring duplicate directory "/Users/runner/work/tcm-storage-ios/tcm-storage-ios/build/Build/Products/Debug-iphonesimulator/PackageFrameworks/Users/runner/work/tcm-storage-ios/tcm-storage-ios/build/Build/Products/Debug-iphonesimulator/PackageFrameworks"
2026-04-22T16:45:06.1817390Z "
2026-04-22T16:45:06.1818210Z ignoring duplicate directory "ignoring duplicate directory "/Users/runner/work/tcm-storage-ios/tcm-storage-ios/build/Build/Products/Debug-iphonesimulator/PackageFrameworks/Users/runner/work/tcm-storage-ios/tcm-storage-ios/build/Build/Products/Debug-iphonesimulator/PackageFrameworks"
2026-04-22T16:45:06.1827200Z "
2026-04-22T16:45:06.1829720Z ignoring duplicate directory "ignoring duplicate directory "/Users/runner/work/tcm-storage-ios/tcm-storage-ios/build/Build/Products/Debug-iphonesimulator/PackageFrameworks/Users/runner/work/tcm-storage-ios/tcm-storage-ios/build/Build/Products/Debug-iphonesimulator/PackageFrameworks"
2026-04-22T16:45:06.1836670Z "
2026-04-22T16:45:06.1839810Z ignoring duplicate directory "ignoring duplicate directory "/Users/runner/work/tcm-storage-ios/tcm-storage-ios/build/Build/Products/Debug-iphonesimulator/PackageFrameworks/Users/runner/work/tcm-storage-ios/tcm-storage-ios/build/Build/Products/Debug-iphonesimulator/PackageFrameworks"
2026-04-22T16:45:06.1852970Z "
2026-04-22T16:45:06.1867010Z ignoring duplicate directory "ignoring duplicate directory "/Users/runner/work/tcm-storage-ios/tcm-storage-ios/build/Build/Products/Debug-iphonesimulator/PackageFrameworks/Users/runner/work/tcm-storage-ios/tcm-storage-ios/build/Build/Products/Debug-iphonesimulator/PackageFrameworks"
2026-04-22T16:45:06.1883690Z "
2026-04-22T16:45:06.1884700Z ignoring duplicate directory "ignoring duplicate directory "/Users/runner/work/tcm-storage-ios/tcm-storage-ios/build/Build/Products/Debug-iphonesimulator/PackageFrameworks/Users/runner/work/tcm-storage-ios/tcm-storage-ios/build/Build/Products/Debug-iphonesimulator/PackageFrameworks"
2026-04-22T16:45:06.1885650Z "
2026-04-22T16:45:06.1894340Z ignoring duplicate directory "ignoring duplicate directory "/Users/runner/work/tcm-storage-ios/tcm-storage-ios/build/Build/Products/Debug-iphonesimulator/PackageFrameworks/Users/runner/work/tcm-storage-ios/tcm-storage-ios/build/Build/Products/Debug-iphonesimulator/PackageFrameworks"
2026-04-22T16:45:06.1896880Z "
2026-04-22T16:45:06.1918710Z ignoring duplicate directory "ignoring duplicate directory "/Users/runner/work/tcm-storage-ios/tcm-storage-ios/build/Build/Products/Debug-iphonesimulator/PackageFrameworks/Users/runner/work/tcm-storage-ios/tcm-storage-ios/build/Build/Products/Debug-iphonesimulator/PackageFrameworks"
2026-04-22T16:45:06.1919670Z "
2026-04-22T16:45:06.1920470Z ignoring duplicate directory "ignoring duplicate directory "/Users/runner/work/tcm-storage-ios/tcm-storage-ios/build/Build/Products/Debug-iphonesimulator/PackageFrameworks/Users/runner/work/tcm-storage-ios/tcm-storage-ios/build/Build/Products/Debug-iphonesimulator/PackageFrameworks"
2026-04-22T16:45:06.1921340Z "
2026-04-22T16:45:06.1922140Z ignoring duplicate directory "ignoring duplicate directory "/Users/runner/work/tcm-storage-ios/tcm-storage-ios/build/Build/Products/Debug-iphonesimulator/PackageFrameworks/Users/runner/work/tcm-storage-ios/tcm-storage-ios/build/Build/Products/Debug-iphonesimulator/PackageFrameworks"
2026-04-22T16:45:06.1928360Z "
2026-04-22T16:45:06.1975320Z ignoring duplicate directory "ignoring duplicate directory "/Users/runner/work/tcm-storage-ios/tcm-storage-ios/build/Build/Products/Debug-iphonesimulator/PackageFrameworks/Users/runner/work/tcm-storage-ios/tcm-storage-ios/build/Build/Products/Debug-iphonesimulator/PackageFrameworks"
2026-04-22T16:45:06.1978410Z "
2026-04-22T16:45:06.2006830Z ignoring duplicate directory "ignoring duplicate directory "/Users/runner/work/tcm-storage-ios/tcm-storage-ios/build/Build/Products/Debug-iphonesimulator/PackageFrameworks/Users/runner/work/tcm-storage-ios/tcm-storage-ios/build/Build/Products/Debug-iphonesimulator/PackageFrameworks"
2026-04-22T16:45:06.2009590Z "
2026-04-22T16:45:06.2012380Z ignoring duplicate directory "ignoring duplicate directory "/Users/runner/work/tcm-storage-ios/tcm-storage-ios/build/Build/Products/Debug-iphonesimulator/PackageFrameworks/Users/runner/work/tcm-storage-ios/tcm-storage-ios/build/Build/Products/Debug-iphonesimulator/PackageFrameworks"
2026-04-22T16:45:06.2057210Z "
2026-04-22T16:45:06.2058180Z ignoring duplicate directory "ignoring duplicate directory "/Users/runner/work/tcm-storage-ios/tcm-storage-ios/build/Build/Products/Debug-iphonesimulator/PackageFrameworks/Users/runner/work/tcm-storage-ios/tcm-storage-ios/build/Build/Products/Debug-iphonesimulator/PackageFrameworks"
2026-04-22T16:45:06.2060340Z "
2026-04-22T16:45:06.2062720Z ignoring duplicate directory "ignoring duplicate directory "/Users/runner/work/tcm-storage-ios/tcm-storage-ios/build/Build/Products/Debug-iphonesimulator/PackageFrameworks/Users/runner/work/tcm-storage-ios/tcm-storage-ios/build/Build/Products/Debug-iphonesimulator/PackageFrameworks"
2026-04-22T16:45:06.2065940Z "
2026-04-22T16:45:06.2068340Z ignoring duplicate directory "ignoring duplicate directory "/Users/runner/work/tcm-storage-ios/tcm-storage-ios/build/Build/Products/Debug-iphonesimulator/PackageFrameworks/Users/runner/work/tcm-storage-ios/tcm-storage-ios/build/Build/Products/Debug-iphonesimulator/PackageFrameworks"
2026-04-22T16:45:06.2070880Z "
2026-04-22T16:45:06.2073980Z ignoring duplicate directory "ignoring duplicate directory "/Users/runner/work/tcm-storage-ios/tcm-storage-ios/build/Build/Products/Debug-iphonesimulator/PackageFrameworks/Users/runner/work/tcm-storage-ios/tcm-storage-ios/build/Build/Products/Debug-iphonesimulator/PackageFrameworks"
2026-04-22T16:45:06.2076610Z "
2026-04-22T16:45:06.2079080Z ignoring duplicate directory "ignoring duplicate directory "/Users/runner/work/tcm-storage-ios/tcm-storage-ios/build/Build/Products/Debug-iphonesimulator/PackageFrameworks/Users/runner/work/tcm-storage-ios/tcm-storage-ios/build/Build/Products/Debug-iphonesimulator/PackageFrameworks"
2026-04-22T16:45:06.2084970Z "
2026-04-22T16:45:06.2085800Z ignoring duplicate directory "ignoring duplicate directory "/Users/runner/work/tcm-storage-ios/tcm-storage-ios/build/Build/Products/Debug-iphonesimulator/PackageFrameworks/Users/runner/work/tcm-storage-ios/tcm-storage-ios/build/Build/Products/Debug-iphonesimulator/PackageFrameworks"
2026-04-22T16:45:06.2086810Z "
2026-04-22T16:45:06.2087730Z ignoring duplicate directory "ignoring duplicate directory "/Users/runner/work/tcm-storage-ios/tcm-storage-ios/build/Build/Products/Debug-iphonesimulator/PackageFrameworks/Users/runner/work/tcm-storage-ios/tcm-storage-ios/build/Build/Products/Debug-iphonesimulator/PackageFrameworks"
2026-04-22T16:45:06.2088620Z "
2026-04-22T16:45:06.2089430Z ignoring duplicate directory "ignoring duplicate directory "/Users/runner/work/tcm-storage-ios/tcm-storage-ios/build/Build/Products/Debug-iphonesimulator/PackageFrameworks/Users/runner/work/tcm-storage-ios/tcm-storage-ios/build/Build/Products/Debug-iphonesimulator/PackageFrameworks"
2026-04-22T16:45:06.2090320Z "
2026-04-22T16:45:06.2091130Z ignoring duplicate directory "ignoring duplicate directory "/Users/runner/work/tcm-storage-ios/tcm-storage-ios/build/Build/Products/Debug-iphonesimulator/PackageFrameworks/Users/runner/work/tcm-storage-ios/tcm-storage-ios/build/Build/Products/Debug-iphonesimulator/PackageFrameworks"
2026-04-22T16:45:06.2092010Z "
2026-04-22T16:45:06.2092860Z ignoring duplicate directory "ignoring duplicate directory "/Users/runner/work/tcm-storage-ios/tcm-storage-ios/build/Build/Products/Debug-iphonesimulator/PackageFrameworks/Users/runner/work/tcm-storage-ios/tcm-storage-ios/build/Build/Products/Debug-iphonesimulator/PackageFrameworks"
2026-04-22T16:45:06.2093710Z "
2026-04-22T16:45:06.2094500Z ignoring duplicate directory "ignoring duplicate directory "/Users/runner/work/tcm-storage-ios/tcm-storage-ios/build/Build/Products/Debug-iphonesimulator/PackageFrameworks/Users/runner/work/tcm-storage-ios/tcm-storage-ios/build/Build/Products/Debug-iphonesimulator/PackageFrameworks"
2026-04-22T16:45:06.2095370Z "
2026-04-22T16:45:06.2109820Z ignoring duplicate directory "ignoring duplicate directory "/Users/runner/work/tcm-storage-ios/tcm-storage-ios/build/Build/Products/Debug-iphonesimulator/PackageFrameworks/Users/runner/work/tcm-storage-ios/tcm-storage-ios/build/Build/Products/Debug-iphonesimulator/PackageFrameworks"
2026-04-22T16:45:06.2112900Z "
2026-04-22T16:45:06.2115240Z ignoring duplicate directory "ignoring duplicate directory "/Users/runner/work/tcm-storage-ios/tcm-storage-ios/build/Build/Products/Debug-iphonesimulator/PackageFrameworks/Users/runner/work/tcm-storage-ios/tcm-storage-ios/build/Build/Products/Debug-iphonesimulator/PackageFrameworks"
2026-04-22T16:45:06.2117710Z "
2026-04-22T16:45:06.2119990Z ignoring duplicate directory "ignoring duplicate directory "/Users/runner/work/tcm-storage-ios/tcm-storage-ios/build/Build/Products/Debug-iphonesimulator/PackageFrameworks/Users/runner/work/tcm-storage-ios/tcm-storage-ios/build/Build/Products/Debug-iphonesimulator/PackageFrameworks"
2026-04-22T16:45:06.2123250Z "
2026-04-22T16:45:06.2125520Z ignoring duplicate directory "ignoring duplicate directory "/Users/runner/work/tcm-storage-ios/tcm-storage-ios/build/Build/Products/Debug-iphonesimulator/PackageFrameworks/Users/runner/work/tcm-storage-ios/tcm-storage-ios/build/Build/Products/Debug-iphonesimulator/PackageFrameworks"
2026-04-22T16:45:06.2127980Z "
2026-04-22T16:45:06.2130250Z ignoring duplicate directory "ignoring duplicate directory "/Users/runner/work/tcm-storage-ios/tcm-storage-ios/build/Build/Products/Debug-iphonesimulator/PackageFrameworks/Users/runner/work/tcm-storage-ios/tcm-storage-ios/build/Build/Products/Debug-iphonesimulator/PackageFrameworks"
2026-04-22T16:45:06.2132660Z "
2026-04-22T16:45:06.2135340Z ignoring duplicate directory "ignoring duplicate directory "/Users/runner/work/tcm-storage-ios/tcm-storage-ios/build/Build/Products/Debug-iphonesimulator/PackageFrameworks/Users/runner/work/tcm-storage-ios/tcm-storage-ios/build/Build/Products/Debug-iphonesimulator/PackageFrameworks"
2026-04-22T16:45:06.2137870Z "
2026-04-22T16:45:06.2138960Z ignoring duplicate directory "/Users/runner/work/tcm-storage-ios/tcm-storage-ios/build/Build/Products/Debug-iphonesimulator/PackageFrameworks"
2026-04-22T16:45:06.2141100Z ignoring duplicate directory "/Users/runner/work/tcm-storage-ios/tcm-storage-ios/build/Build/Products/Debug-iphonesimulator/PackageFrameworks"
2026-04-22T16:45:06.2142680Z ignoring duplicate directory "/Users/runner/work/tcm-storage-ios/tcm-storage-ios/build/Build/Products/Debug-iphonesimulator/PackageFrameworks"
2026-04-22T16:45:06.2143790Z ignoring duplicate directory "/Users/runner/work/tcm-storage-ios/tcm-storage-ios/build/Build/Products/Debug-iphonesimulator/PackageFrameworks"
2026-04-22T16:45:06.2144600Z ignoring duplicate directory "/Users/runner/work/tcm-storage-ios/tcm-storage-ios/build/Build/Products/Debug-iphonesimulator/PackageFrameworks"
2026-04-22T16:45:06.2145360Z ignoring duplicate directory "/Users/runner/work/tcm-storage-ios/tcm-storage-ios/build/Build/Products/Debug-iphonesimulator/PackageFrameworks"
2026-04-22T16:45:06.2146100Z ignoring duplicate directory "/Users/runner/work/tcm-storage-ios/tcm-storage-ios/build/Build/Products/Debug-iphonesimulator/PackageFrameworks"
2026-04-22T16:45:06.2146850Z ignoring duplicate directory "/Users/runner/work/tcm-storage-ios/tcm-storage-ios/build/Build/Products/Debug-iphonesimulator/PackageFrameworks"
2026-04-22T16:45:06.2147580Z ignoring duplicate directory "/Users/runner/work/tcm-storage-ios/tcm-storage-ios/build/Build/Products/Debug-iphonesimulator/PackageFrameworks"
2026-04-22T16:45:06.2148330Z ignoring duplicate directory "/Users/runner/work/tcm-storage-ios/tcm-storage-ios/build/Build/Products/Debug-iphonesimulator/PackageFrameworks"
2026-04-22T16:45:06.2156180Z ignoring duplicate directory "/Users/runner/work/tcm-storage-ios/tcm-storage-ios/build/Build/Products/Debug-iphonesimulator/PackageFrameworks"
2026-04-22T16:45:06.2157040Z ignoring duplicate directory "/Users/runner/work/tcm-storage-ios/tcm-storage-ios/build/Build/Products/Debug-iphonesimulator/PackageFrameworks"
2026-04-22T16:45:06.2157790Z ignoring duplicate directory "/Users/runner/work/tcm-storage-ios/tcm-storage-ios/build/Build/Products/Debug-iphonesimulator/PackageFrameworks"
2026-04-22T16:45:06.2158530Z ignoring duplicate directory "/Users/runner/work/tcm-storage-ios/tcm-storage-ios/build/Build/Products/Debug-iphonesimulator/PackageFrameworks"
2026-04-22T16:45:06.2159300Z ignoring duplicate directory "/Users/runner/work/tcm-storage-ios/tcm-storage-ios/build/Build/Products/Debug-iphonesimulator/PackageFrameworks"
2026-04-22T16:45:06.2160070Z ignoring duplicate directory "/Users/runner/work/tcm-storage-ios/tcm-storage-ios/build/Build/Products/Debug-iphonesimulator/PackageFrameworks"
2026-04-22T16:45:06.2161170Z ignoring duplicate directory "/Users/runner/work/tcm-storage-ios/tcm-storage-ios/build/Build/Products/Debug-iphonesimulator/PackageFrameworks"
2026-04-22T16:45:06.2161910Z ignoring duplicate directory "/Users/runner/work/tcm-storage-ios/tcm-storage-ios/build/Build/Products/Debug-iphonesimulator/PackageFrameworks"
2026-04-22T16:45:06.2162650Z ignoring duplicate directory "/Users/runner/work/tcm-storage-ios/tcm-storage-ios/build/Build/Products/Debug-iphonesimulator/PackageFrameworks"
2026-04-22T16:45:06.2163400Z ignoring duplicate directory "/Users/runner/work/tcm-storage-ios/tcm-storage-ios/build/Build/Products/Debug-iphonesimulator/PackageFrameworks"
2026-04-22T16:45:06.2164170Z ignoring duplicate directory "/Users/runner/work/tcm-storage-ios/tcm-storage-ios/build/Build/Products/Debug-iphonesimulator/PackageFrameworks"
2026-04-22T16:45:06.2164940Z ignoring duplicate directory "/Users/runner/work/tcm-storage-ios/tcm-storage-ios/build/Build/Products/Debug-iphonesimulator/PackageFrameworks"
2026-04-22T16:45:06.2165710Z ignoring duplicate directory "/Users/runner/work/tcm-storage-ios/tcm-storage-ios/build/Build/Products/Debug-iphonesimulator/PackageFrameworks"
2026-04-22T16:45:06.2166590Z ignoring duplicate directory "/Users/runner/work/tcm-storage-ios/tcm-storage-ios/build/Build/Products/Debug-iphonesimulator/PackageFrameworks"
2026-04-22T16:45:06.2167350Z ignoring duplicate directory "/Users/runner/work/tcm-storage-ios/tcm-storage-ios/build/Build/Products/Debug-iphonesimulator/PackageFrameworks"
2026-04-22T16:45:06.2168100Z ignoring duplicate directory "/Users/runner/work/tcm-storage-ios/tcm-storage-ios/build/Build/Products/Debug-iphonesimulator/PackageFrameworks"
2026-04-22T16:45:06.2169190Z ignoring duplicate directory "/Users/runner/work/tcm-storage-ios/tcm-storage-ios/build/Build/Products/Debug-iphonesimulator/PackageFrameworks"
2026-04-22T16:45:06.2169950Z ignoring duplicate directory "/Users/runner/work/tcm-storage-ios/tcm-storage-ios/build/Build/Products/Debug-iphonesimulator/PackageFrameworks"
2026-04-22T16:45:06.2170700Z ignoring duplicate directory "/Users/runner/work/tcm-storage-ios/tcm-storage-ios/build/Build/Products/Debug-iphonesimulator/PackageFrameworks"
2026-04-22T16:45:06.2171190Z #include "..." search starts here:
2026-04-22T16:45:06.2171810Z  /Users/runner/work/tcm-storage-ios/tcm-storage-ios/build/Build/Intermediates.noindex/Nextcloud.build/Debug-iphonesimulator/Nextcloud.build/Nextcloud-generated-files.hmap (headermap)
2026-04-22T16:45:06.2172870Z  /Users/runner/work/tcm-storage-ios/tcm-storage-ios/build/Build/Intermediates.noindex/Nextcloud.build/Debug-iphonesimulator/Nextcloud.build/Nextcloud-project-headers.hmap (headermap)
2026-04-22T16:45:06.2173490Z #include <...> search starts here:
2026-04-22T16:45:06.2174100Z  /Users/runner/work/tcm-storage-ios/tcm-storage-ios/build/Build/Intermediates.noindex/Nextcloud.build/Debug-iphonesimulator/Nextcloud.build/Nextcloud-own-target-headers.hmap (headermap)
2026-04-22T16:45:06.2175200Z  /Users/runner/work/tcm-storage-ios/tcm-storage-ios/build/Build/Intermediates.noindex/Nextcloud.build/Debug-iphonesimulator/Nextcloud.build/Nextcloud-all-non-framework-target-headers.hmap (headermap)
2026-04-22T16:45:06.2176200Z  /Users/runner/work/tcm-storage-ios/tcm-storage-ios/build/SourcePackages/checkouts/swift-nio-ssl/Sources/CNIOBoringSSLShims/include
2026-04-22T16:45:06.2176910Z  /Users/runner/work/tcm-storage-ios/tcm-storage-ios/build/SourcePackages/checkouts/swift-nio-ssl/Sources/CNIOBoringSSL/include
2026-04-22T16:45:06.2177600Z  /Users/runner/work/tcm-storage-ios/tcm-storage-ios/build/SourcePackages/checkouts/swift-atomics/Sources/_AtomicsShims/include
2026-04-22T16:45:06.2178260Z  /Users/runner/work/tcm-storage-ios/tcm-storage-ios/build/SourcePackages/checkouts/swift-nio/Sources/CNIOPosix/include
2026-04-22T16:45:06.2178930Z  /Users/runner/work/tcm-storage-ios/tcm-storage-ios/build/SourcePackages/checkouts/swift-nio/Sources/CNIOWASI/include
2026-04-22T16:45:06.2179590Z  /Users/runner/work/tcm-storage-ios/tcm-storage-ios/build/SourcePackages/checkouts/swift-nio/Sources/CNIOWindows/include
2026-04-22T16:45:06.2180420Z  /Users/runner/work/tcm-storage-ios/tcm-storage-ios/build/SourcePackages/checkouts/swift-nio/Sources/CNIOLinux/include
2026-04-22T16:45:06.2181070Z  /Users/runner/work/tcm-storage-ios/tcm-storage-ios/build/SourcePackages/checkouts/swift-nio/Sources/CNIODarwin/include
2026-04-22T16:45:06.2181710Z  /Users/runner/work/tcm-storage-ios/tcm-storage-ios/build/SourcePackages/checkouts/swift-nio/Sources/CNIOOpenBSD/include
2026-04-22T16:45:06.2182350Z  /Users/runner/work/tcm-storage-ios/tcm-storage-ios/build/SourcePackages/checkouts/swift-nio/Sources/CNIOAtomics/include
2026-04-22T16:45:06.2182900Z  /Users/runner/work/tcm-storage-ios/tcm-storage-ios/build/SourcePackages/checkouts/realm-core/src
2026-04-22T16:45:06.2183870Z  /Users/runner/work/tcm-storage-ios/tcm-storage-ios/build/SourcePackages/checkouts/realm-core/src/external/s2ignoring duplicate directory "/Users/runner/work/tcm-storage-ios/tcm-storage-ios/build/Build/Products/Debug-iphonesimulator/PackageFrameworks"
2026-04-22T16:45:06.2185000Z ignoring duplicate directory "/Users/runner/work/tcm-storage-ios/tcm-storage-ios/build/Build/Products/Debug-iphonesimulator/PackageFrameworks"
2026-04-22T16:45:06.2185860Z ignoring duplicate directory "/Users/runner/work/tcm-storage-ios/tcm-storage-ios/build/Build/Products/Debug-iphonesimulator/PackageFrameworks"
2026-04-22T16:45:06.2186650Z ignoring duplicate directory "/Users/runner/work/tcm-storage-ios/tcm-storage-ios/build/Build/Products/Debug-iphonesimulator/PackageFrameworks"
2026-04-22T16:45:06.2187080Z 
2026-04-22T16:45:06.2188180Z ignoring duplicate directory " /Users/runner/work/tcm-storage-ios/tcm-storage-ios/build/Build/Products/Debug-iphonesimulator/PackageFrameworks/Users/runner/work/tcm-storage-ios/tcm-storage-ios/build/SourcePackages/checkouts/realm-core/src/external/IntelRDFPMathLib20U2/LIBRARY/src"
2026-04-22T16:45:06.2189030Z 
2026-04-22T16:45:06.2189680Z ignoring duplicate directory " /Users/runner/work/tcm-storage-ios/tcm-storage-ios/build/Build/Products/Debug-iphonesimulator/PackageFrameworks/Users/runner/work/tcm-storage-ios/tcm-storage-ios/build/SourcePackages/checkouts/realm-core/src/spm"
2026-04-22T16:45:06.2190390Z 
2026-04-22T16:45:06.2191040Z ignoring duplicate directory " /Users/runner/work/tcm-storage-ios/tcm-storage-ios/build/Build/Products/Debug-iphonesimulator/PackageFrameworks/Users/runner/work/tcm-storage-ios/tcm-storage-ios/build/SourcePackages/checkouts/realm-swift/include"
2026-04-22T16:45:06.2191750Z 
2026-04-22T16:45:06.2192450Z ignoring duplicate directory " /Users/runner/work/tcm-storage-ios/tcm-storage-ios/build/Build/Products/Debug-iphonesimulator/PackageFrameworks/Users/runner/work/tcm-storage-ios/tcm-storage-ios/build/SourcePackages/checkouts/GoogleUtilities/GoogleUtilities/NSData+zlib/Public"
2026-04-22T16:45:06.2193250Z 
2026-04-22T16:45:06.2193960Z ignoring duplicate directory " /Users/runner/work/tcm-storage-ios/tcm-storage-ios/build/Build/Products/Debug-iphonesimulator/PackageFrameworks/Users/runner/work/tcm-storage-ios/tcm-storage-ios/build/SourcePackages/checkouts/GoogleUtilities/GoogleUtilities/Logger/Public"
2026-04-22T16:45:06.2194730Z 
2026-04-22T16:45:06.2195440Z ignoring duplicate directory " /Users/runner/work/tcm-storage-ios/tcm-storage-ios/build/Build/Products/Debug-iphonesimulator/PackageFrameworks/Users/runner/work/tcm-storage-ios/tcm-storage-ios/build/SourcePackages/checkouts/GoogleUtilities/GoogleUtilities/Environment/Public"
2026-04-22T16:45:06.2230040Z 
2026-04-22T16:45:06.2232190Z ignoring duplicate directory " /Users/runner/work/tcm-storage-ios/tcm-storage-ios/build/Build/Products/Debug-iphonesimulator/PackageFrameworks/Users/runner/work/tcm-storage-ios/tcm-storage-ios/build/SourcePackages/checkouts/GoogleUtilities/third_party/IsAppEncrypted/Public"
2026-04-22T16:45:06.2234600Z 
2026-04-22T16:45:06.2236700Z ignoring duplicate directory " /Users/runner/work/tcm-storage-ios/tcm-storage-ios/build/Build/Products/Debug-iphonesimulator/PackageFrameworks/Users/runner/work/tcm-storage-ios/tcm-storage-ios/build/SourcePackages/checkouts/GoogleUtilities/GoogleUtilities/UserDefaults/Public"
2026-04-22T16:45:06.2239640Z 
2026-04-22T16:45:06.2241450Z ignoring duplicate directory " /Users/runner/work/tcm-storage-ios/tcm-storage-ios/build/Build/Products/Debug-iphonesimulator/PackageFrameworks/Users/runner/work/tcm-storage-ios/tcm-storage-ios/build/SourcePackages/checkouts/nanopb/spm_headers"
2026-04-22T16:45:06.2243440Z 
2026-04-22T16:45:06.2245330Z ignoring duplicate directory " /Users/runner/work/tcm-storage-ios/tcm-storage-ios/build/Build/Products/Debug-iphonesimulator/PackageFrameworks/Users/runner/work/tcm-storage-ios/tcm-storage-ios/build/SourcePackages/checkouts/promises/Sources/FBLPromises/include"
2026-04-22T16:45:06.2247480Z 
2026-04-22T16:45:06.2249600Z ignoring duplicate directory " /Users/runner/work/tcm-storage-ios/tcm-storage-ios/build/Build/Products/Debug-iphonesimulator/PackageFrameworks/Users/runner/work/tcm-storage-ios/tcm-storage-ios/build/SourcePackages/checkouts/GoogleDataTransport/GoogleDataTransport/GDTCORLibrary/Public"
2026-04-22T16:45:06.2251940Z 
2026-04-22T16:45:06.2254480Z ignoring duplicate directory " /Users/runner/work/tcm-storage-ios/tcm-storage-ios/build/Build/Products/Debug-iphonesimulator/PackageFrameworks/Users/runner/work/tcm-storage-ios/tcm-storage-ios/build/SourcePackages/checkouts/firebase-ios-sdk/FirebaseSessions/SourcesObjC"
2026-04-22T16:45:06.2256830Z 
2026-04-22T16:45:06.2258740Z ignoring duplicate directory " /Users/runner/work/tcm-storage-ios/tcm-storage-ios/build/Build/Products/Debug-iphonesimulator/PackageFrameworks/Users/runner/work/tcm-storage-ios/tcm-storage-ios/build/SourcePackages/checkouts/firebase-ios-sdk/FirebaseCore/Extension"
2026-04-22T16:45:06.2261380Z 
2026-04-22T16:45:06.2263880Z ignoring duplicate directory " /Users/runner/work/tcm-storage-ios/tcm-storage-ios/build/Build/Products/Debug-iphonesimulator/PackageFrameworks/Users/runner/work/tcm-storage-ios/tcm-storage-ios/build/SourcePackages/checkouts/firebase-ios-sdk/FirebaseInstallations/Source/Library/Public"
2026-04-22T16:45:06.2266240Z 
2026-04-22T16:45:06.2271960Z ignoring duplicate directory " /Users/runner/work/tcm-storage-ios/tcm-storage-ios/build/Build/Products/Debug-iphonesimulator/PackageFrameworks/Users/runner/work/tcm-storage-ios/tcm-storage-ios/build/SourcePackages/checkouts/firebase-ios-sdk/FirebaseCore/Sources/Public"
2026-04-22T16:45:06.2274230Z 
2026-04-22T16:45:06.2276090Z ignoring duplicate directory " /Users/runner/work/tcm-storage-ios/tcm-storage-ios/build/Build/Products/Debug-iphonesimulator/PackageFrameworks/Users/runner/work/tcm-storage-ios/tcm-storage-ios/build/SourcePackages/checkouts/firebase-ios-sdk/CoreOnly/Sources"
2026-04-22T16:45:06.2280990Z 
2026-04-22T16:45:06.2281910Z ignoring duplicate directory " /Users/runner/work/tcm-storage-ios/tcm-storage-ios/build/Build/Products/Debug-iphonesimulator/PackageFrameworks/Users/runner/work/tcm-storage-ios/tcm-storage-ios/build/SourcePackages/checkouts/firebase-ios-sdk/Crashlytics/Crashlytics/Public"
2026-04-22T16:45:06.2282760Z 
2026-04-22T16:45:06.2283460Z ignoring duplicate directory " /Users/runner/work/tcm-storage-ios/tcm-storage-ios/build/Build/Products/Debug-iphonesimulator/PackageFrameworks/Users/runner/work/tcm-storage-ios/tcm-storage-ios/build/SourcePackages/checkouts/GzipSwift/Sources/system-zlib/include"
2026-04-22T16:45:06.2284260Z 
2026-04-22T16:45:06.2285040Z ignoring duplicate directory " /Users/runner/work/tcm-storage-ios/tcm-storage-ios/build/Build/Products/Debug-iphonesimulator/PackageFrameworks/Users/runner/work/tcm-storage-ios/tcm-storage-ios/build/Build/Intermediates.noindex/Nextcloud.build/Debug-iphonesimulator/Nextcloud.build/DerivedSources"
2026-04-22T16:45:06.2286230Z ignoring duplicate directory "/Users/runner/work/tcm-storage-ios/tcm-storage-ios/build/Build/Products/Debug-iphonesimulator/PackageFrameworks"
2026-04-22T16:45:06.2287000Z ignoring duplicate directory "/Users/runner/work/tcm-storage-ios/tcm-storage-ios/build/Build/Products/Debug-iphonesimulator/PackageFrameworks"
2026-04-22T16:45:06.2288310Z ignoring duplicate directory "/Users/runner/work/tcm-storage-ios/tcm-storage-ios/build/Build/Products/Debug-iphonesimulator/PackageFrameworks"
2026-04-22T16:45:06.2289060Z ignoring duplicate directory "/Users/runner/work/tcm-storage-ios/tcm-storage-ios/build/Build/Products/Debug-iphonesimulator/PackageFrameworks"
2026-04-22T16:45:06.2289790Z ignoring duplicate directory "/Users/runner/work/tcm-storage-ios/tcm-storage-ios/build/Build/Products/Debug-iphonesimulator/PackageFrameworks"
2026-04-22T16:45:06.2290520Z ignoring duplicate directory "/Users/runner/work/tcm-storage-ios/tcm-storage-ios/build/Build/Products/Debug-iphonesimulator/PackageFrameworks"
2026-04-22T16:45:06.2290990Z #include "..." search starts here:
2026-04-22T16:45:06.2291590Z  /Users/runner/work/tcm-storage-ios/tcm-storage-ios/build/Build/Intermediates.noindex/Nextcloud.build/Debug-iphonesimulator/Nextcloud.build/Nextcloud-generated-files.hmap (headermap)
2026-04-22T16:45:06.2292600Z  /Users/runner/work/tcm-storage-ios/tcm-storage-ios/build/Build/Intermediates.noindex/Nextcloud.build/Debug-iphonesimulator/Nextcloud.build/Nextcloud-project-headers.hmap (headermap)
2026-04-22T16:45:06.2293200Z #include <...> search starts here:
2026-04-22T16:45:06.2293890Z  /Users/runner/work/tcm-storage-ios/tcm-storage-ios/build/Build/Intermediates.noindex/Nextcloud.build/Debug-iphonesimulator/Nextcloud.build/Nextcloud-own-target-headers.hmap (headermap)
2026-04-22T16:45:06.2296160Z  /Users/runner/work/tcm-storage-ios/tcm-storage-ios/build/Build/Intermediates.noindex/Nextcloud.build/Debug-iphonesimulator/Nextcloud.build/Nextcloud-all-non-framework-target-headers.hmap (headermap)
2026-04-22T16:45:06.2299940Z  /Users/runner/work/tcm-storage-ios/tcm-storage-ios/build/SourcePackages/checkouts/swift-nio-ssl/Sources/CNIOBoringSSLShims/include
2026-04-22T16:45:06.2302240Z  /Users/runner/work/tcm-storage-ios/tcm-storage-ios/build/SourcePackages/checkouts/swift-nio-ssl/Sources/CNIOBoringSSL/include
2026-04-22T16:45:06.2302970Z  /Users/runner/work/tcm-storage-ios/tcm-storage-ios/build/SourcePackages/checkouts/swift-atomics/Sources/_AtomicsShims/include
2026-04-22T16:45:06.2303630Z  /Users/runner/work/tcm-storage-ios/tcm-storage-ios/build/SourcePackages/checkouts/swift-nio/Sources/CNIOPosix/include
2026-04-22T16:45:06.2304260Z  /Users/runner/work/tcm-storage-ios/tcm-storage-ios/build/SourcePackages/checkouts/swift-nio/Sources/CNIOWASI/include
2026-04-22T16:45:06.2307230Z  /Users/runner/work/tcm-storage-ios/tcm-storage-ios/build/SourcePackages/checkouts/swift-nio/Sources/CNIOWindows/include
2026-04-22T16:45:06.2309320Z  /Users/runner/work/tcm-storage-ios/tcm-storage-ios/build/SourcePackages/checkouts/swift-nio/Sources/CNIOLinux/include
2026-04-22T16:45:06.2336960Z  /Users/runner/work/tcm-storage-ios/tcm-storage-ios/build/SourcePackages/checkouts/swift-nio/Sources/CNIODarwin/include
2026-04-22T16:45:06.2338000Z  /Users/runner/work/tcm-storage-ios/tcm-storage-ios/build/SourcePackages/checkouts/swift-nio/Sources/CNIOOpenBSD/include
2026-04-22T16:45:06.2338620Z  /Users/runner/work/tcm-storage-ios/tcm-storage-ios/build/SourcePackages/checkouts/swift-nio/Sources/CNIOAtomics/include
2026-04-22T16:45:06.2339180Z  /Users/runner/work/tcm-storage-ios/tcm-storage-ios/build/SourcePackages/checkouts/realm-core/src
2026-04-22T16:45:06.2339720Z  /Users/runner/work/tcm-storage-ios/tcm-storage-ios/build/SourcePackages/checkouts/realm-core/src/external/s2
2026-04-22T16:45:06.2340370Z  /Users/runner/work/tcm-storage-ios/tcm-storage-ios/build/SourcePackages/checkouts/realm-core/src/external/IntelRDFPMathLib20U2/LIBRARY/src
2026-04-22T16:45:06.2341000Z  /Users/runner/work/tcm-storage-ios/tcm-storage-ios/build/SourcePackages/checkouts/realm-core/src/spm
2026-04-22T16:45:06.2341530Z  /Users/runner/work/tcm-storage-ios/tcm-storage-ios/build/SourcePackages/checkouts/realm-swift/include
2026-04-22T16:45:06.2341840Z 
2026-04-22T16:45:06.2342160Z   /Users/runner/work/tcm-storage-ios/tcm-storage-ios/build/SourcePackages/checkouts/GoogleUtilities/GoogleUtilities/NSData+zlib/Public
2026-04-22T16:45:06.2342880Z  /Users/runner/work/tcm-storage-ios/tcm-storage-ios/build/SourcePackages/checkouts/GoogleUtilities/GoogleUtilities/Logger/Public
2026-04-22T16:45:06.2343830Z  /Users/runner/work/tcm-storage-ios/tcm-storage-ios/build/SourcePackages/checkouts/GoogleUtilities/GoogleUtilities/Environment/Public
2026-04-22T16:45:06.2344540Z  /Users/runner/work/tcm-storage-ios/tcm-storage-ios/build/SourcePackages/checkouts/GoogleUtilities/third_party/IsAppEncrypted/Public
2026-04-22T16:45:06.2345240Z  /Users/runner/work/tcm-storage-ios/tcm-storage-ios/build/SourcePackages/checkouts/GoogleUtilities/GoogleUtilities/UserDefaults/Public
2026-04-22T16:45:06.2345850Z  /Users/runner/work/tcm-storage-ios/tcm-storage-ios/build/SourcePackages/checkouts/nanopb/spm_headers
2026-04-22T16:45:06.2346510Z  /Users/runner/work/tcm-storage-ios/tcm-storage-ios/build/SourcePackages/checkouts/promises/Sources/FBLPromises/include
2026-04-22T16:45:06.2347210Z  /Users/runner/work/tcm-storage-ios/tcm-storage-ios/build/SourcePackages/checkouts/GoogleDataTransport/GoogleDataTransport/GDTCORLibrary/Public
2026-04-22T16:45:06.2349140Z  /Users/runner/work/tcm-storage-ios/tcm-storage-ios/build/SourcePackages/checkouts/firebase-ios-sdk/FirebaseSessions/SourcesObjC
2026-04-22T16:45:06.2351560Z  /Users/runner/work/tcm-storage-ios/tcm-storage-ios/build/SourcePackages/checkouts/firebase-ios-sdk/FirebaseCore/Extension
2026-04-22T16:45:06.2354740Z  /Users/runner/work/tcm-storage-ios/tcm-storage-ios/build/SourcePackages/checkouts/firebase-ios-sdk/FirebaseInstallations/Source/Library/Public
2026-04-22T16:45:06.2357420Z  /Users/runner/work/tcm-storage-ios/tcm-storage-ios/build/SourcePackages/checkouts/firebase-ios-sdk/FirebaseCore/Sources/Public
2026-04-22T16:45:06.2359900Z  /Users/runner/work/tcm-storage-ios/tcm-storage-ios/build/SourcePackages/checkouts/firebase-ios-sdk/CoreOnly/Sources
2026-04-22T16:45:06.2362060Z  /Users/runner/work/tcm-storage-ios/tcm-storage-ios/build/SourcePackages/checkouts/firebase-ios-sdk/Crashlytics/Crashlytics/Public
2026-04-22T16:45:06.2363990Z  /Users/runner/work/tcm-storage-ios/tcm-storage-ios/build/SourcePackages/checkouts/GzipSwift/Sources/system-zlib/include
2026-04-22T16:45:06.2366030Z  /Users/runner/work/tcm-storage-ios/tcm-storage-ios/build/Build/Intermediates.noindex/Nextcloud.build/Debug-iphonesimulator/Nextcloud.build/DerivedSources
2026-04-22T16:45:06.2368160Z  /Users/runner/work/tcm-storage-ios/tcm-storage-ios/build/Build/Products/Debug-iphonesimulator/PackageFrameworks (framework directory)
2026-04-22T16:45:06.2369990Z  /Users/runner/work/tcm-storage-ios/tcm-storage-ios/build/Build/Products/Debug-iphonesimulator (framework directory)
2026-04-22T16:45:06.2371920Z  /Applications/Xcode_26.2.app/Contents/Developer/Platforms/iPhoneSimulator.platform/Developer/Library/Frameworks (framework directory)
2026-04-22T16:45:06.2374270Z  /Applications/Xcode_26.2.app/Contents/Developer/Platforms/iPhoneSimulator.platform/Developer/SDKs/iPhoneSimulator26.2.sdk/Developer/Library/Frameworks (framework directory)
2026-04-22T16:45:06.2376330Z  /Applications/Xcode_26.2.app/Contents/Developer/Toolchains/XcodeDefault.xctoolchain/usr/lib/clang/17/include
2026-04-22T16:45:06.2379090Z  /Applications/Xcode_26.2.app/Contents/Developer/Platforms/iPhoneSimulator.platform/Developer/SDKs/iPhoneSimulator26.2.sdk/usr/include
2026-04-22T16:45:06.2380820Z  /Applications/Xcode_26.2.app/Contents/Developer/Toolchains/XcodeDefault.xctoolchain/usr/include
2026-04-22T16:45:06.2382780Z  /Applications/Xcode_26.2.app/Contents/Developer/Platforms/iPhoneSimulator.platform/Developer/SDKs/iPhoneSimulator26.2.sdk/System/Library/Frameworks (framework directory)
2026-04-22T16:45:06.2385460Z  /Applications/Xcode_26.2.app/Contents/Developer/Platforms/iPhoneSimulator.platform/Developer/SDKs/iPhoneSimulator26.2.sdk/System/Library/SubFrameworks (framework directory)
2026-04-22T16:45:06.2387010Z End of search list.
2026-04-22T16:45:06.2388130Z /Users/runner/work/tcm-storage-ios/tcm-storage-ios/build/Build/Products/Debug-iphonesimulator/PackageFrameworks (framework directory)
2026-04-22T16:45:06.2390550Z  /Users/runner/work/tcm-storage-ios/tcm-storage-ios/build/Build/Products/Debug-iphonesimulator (framework directory)
2026-04-22T16:45:06.2392360Z  /Applications/Xcode_26.2.app/Contents/Developer/Platforms/iPhoneSimulator.platform/Developer/Library/Frameworks (framework directory)
2026-04-22T16:45:06.2394630Z  /Applications/Xcode_26.2.app/Contents/Developer/Platforms/iPhoneSimulator.platform/Developer/SDKs/iPhoneSimulator26.2.sdk/Developer/Library/Frameworks (framework directory)
2026-04-22T16:45:06.2399340Z  /Applications/Xcode_26.2.app/Contents/Developer/Toolchains/XcodeDefault.xctoolchain/usr/lib/clang/17/include
2026-04-22T16:45:06.2400080Z  /Applications/Xcode_26.2.app/Contents/Developer/Platforms/iPhoneSimulator.platform/Developer/SDKs/iPhoneSimulator26.2.sdk/usr/include
2026-04-22T16:45:06.2400790Z  /Applications/Xcode_26.2.app/Contents/Developer/Toolchains/XcodeDefault.xctoolchain/usr/include
2026-04-22T16:45:06.2401500Z  /Applications/Xcode_26.2.app/Contents/Developer/Platforms/iPhoneSimulator.platform/Developer/SDKs/iPhoneSimulator26.2.sdk/System/Library/Frameworks (framework directory)
2026-04-22T16:45:06.2402580Z  /Applications/Xcode_26.2.app/Contents/Developer/Platforms/iPhoneSimulator.platform/Developer/SDKs/iPhoneSimulator26.2.sdk/System/Library/SubFrameworks (framework directory)
2026-04-22T16:45:06.2403190Z End of search list.
2026-04-22T16:45:06.2403450Z clang -cc1 version 17.0.0 (clang-1700.6.3.2) default target arm64-apple-darwin24.6.0
2026-04-22T16:45:06.2404020Z ignoring nonexistent directory "/Users/runner/work/tcm-storage-ios/tcm-storage-ios/build/Build/Products/Debug-iphonesimulator/include"
2026-04-22T16:45:06.2405160Z ignoring nonexistent directory "/Users/runner/work/tcm-storage-ios/tcm-storage-ios/build/Build/Intermediates.noindex/Nextcloud.build/Debug-iphonesimulator/Nextcloud.build/DerivedSources-normal/arm64"
2026-04-22T16:45:06.2406210Z ignoring nonexistent directory "/Users/runner/work/tcm-storage-ios/tcm-storage-ios/build/Build/Intermediates.noindex/Nextcloud.build/Debug-iphonesimulator/Nextcloud.build/DerivedSources/arm64"
2026-04-22T16:45:06.2407170Z ignoring nonexistent directory "/Applications/Xcode_26.2.app/Contents/Developer/Platforms/iPhoneSimulator.platform/Developer/SDKs/iPhoneSimulator26.2.sdk/usr/local/include"
2026-04-22T16:45:06.2408120Z ignoring nonexistent directory "/Applications/Xcode_26.2.app/Contents/Developer/Platforms/iPhoneSimulator.platform/Developer/SDKs/iPhoneSimulator26.2.sdk/Library/Frameworks"
2026-04-22T16:45:06.2408950Z ignoring duplicate directory "/Users/runner/work/tcm-storage-ios/tcm-storage-ios/build/Build/Products/Debug-iphonesimulator/PackageFrameworks"
2026-04-22T16:45:06.2409700Z ignoring duplicate directory "/Users/runner/work/tcm-storage-ios/tcm-storage-ios/build/Build/Products/Debug-iphonesimulator/PackageFrameworks"
2026-04-22T16:45:06.2410430Z ignoring duplicate directory "/Users/runner/work/tcm-storage-ios/tcm-storage-ios/build/Build/Products/Debug-iphonesimulator/PackageFrameworks"
2026-04-22T16:45:06.2411180Z ignoring duplicate directory "/Users/runner/work/tcm-storage-ios/tcm-storage-ios/build/Build/Products/Debug-iphonesimulator/PackageFrameworks"
2026-04-22T16:45:06.2411910Z ignoring duplicate directory "/Users/runner/work/tcm-storage-ios/tcm-storage-ios/build/Build/Products/Debug-iphonesimulator/PackageFrameworks"
2026-04-22T16:45:06.2412630Z ignoring duplicate directory "/Users/runner/work/tcm-storage-ios/tcm-storage-ios/build/Build/Products/Debug-iphonesimulator/PackageFrameworks"
2026-04-22T16:45:06.2413360Z ignoring duplicate directory "/Users/runner/work/tcm-storage-ios/tcm-storage-ios/build/Build/Products/Debug-iphonesimulator/PackageFrameworks"
2026-04-22T16:45:06.2414110Z ignoring duplicate directory "/Users/runner/work/tcm-storage-ios/tcm-storage-ios/build/Build/Products/Debug-iphonesimulator/PackageFrameworks"
2026-04-22T16:45:06.2414840Z ignoring duplicate directory "/Users/runner/work/tcm-storage-ios/tcm-storage-ios/build/Build/Products/Debug-iphonesimulator/PackageFrameworks"
2026-04-22T16:45:06.2415570Z ignoring duplicate directory "/Users/runner/work/tcm-storage-ios/tcm-storage-ios/build/Build/Products/Debug-iphonesimulator/PackageFrameworks"
2026-04-22T16:45:06.2416460Z ignoring duplicate directory "/Users/runner/work/tcm-storage-ios/tcm-storage-ios/build/Build/Products/Debug-iphonesimulator/PackageFrameworks"
2026-04-22T16:45:06.2422010Z ignoring duplicate directory "/Users/runner/work/tcm-storage-ios/tcm-storage-ios/build/Build/Products/Debug-iphonesimulator/PackageFrameworks"
2026-04-22T16:45:06.2422890Z ignoring duplicate directory "/Users/runner/work/tcm-storage-ios/tcm-storage-ios/build/Build/Products/Debug-iphonesimulator/PackageFrameworks"
2026-04-22T16:45:06.2423750Z ignoring duplicate directory "/Users/runner/work/tcm-storage-ios/tcm-storage-ios/build/Build/Products/Debug-iphonesimulator/PackageFrameworks"
2026-04-22T16:45:06.2424570Z ignoring duplicate directory "/Users/runner/work/tcm-storage-ios/tcm-storage-ios/build/Build/Products/Debug-iphonesimulator/PackageFrameworks"
2026-04-22T16:45:06.2426240Z ignoring duplicate directory "/Users/runner/work/tcm-storage-ios/tcm-storage-ios/build/Build/Products/Debug-iphonesimulator/PackageFrameworks"
2026-04-22T16:45:06.2427150Z ignoring duplicate directory "/Users/runner/work/tcm-storage-ios/tcm-storage-ios/build/Build/Products/Debug-iphonesimulator/PackageFrameworks"
2026-04-22T16:45:06.2428720Z ignoring duplicate directory "/Users/runner/work/tcm-storage-ios/tcm-storage-ios/build/Build/Products/Debug-iphonesimulator/PackageFrameworks"
2026-04-22T16:45:06.2429540Z ignoring duplicate directory "/Users/runner/work/tcm-storage-ios/tcm-storage-ios/build/Build/Products/Debug-iphonesimulator/PackageFrameworks"
2026-04-22T16:45:06.2430680Z ignoring duplicate directory "/Users/runner/work/tcm-storage-ios/tcm-storage-ios/build/Build/Products/Debug-iphonesimulator/PackageFrameworks"
2026-04-22T16:45:06.2431450Z ignoring duplicate directory "/Users/runner/work/tcm-storage-ios/tcm-storage-ios/build/Build/Products/Debug-iphonesimulator/PackageFrameworks"
2026-04-22T16:45:06.2432240Z ignoring duplicate directory "/Users/runner/work/tcm-storage-ios/tcm-storage-ios/build/Build/Products/Debug-iphonesimulator/PackageFrameworks"
2026-04-22T16:45:06.2433050Z ignoring duplicate directory "/Users/runner/work/tcm-storage-ios/tcm-storage-ios/build/Build/Products/Debug-iphonesimulator/PackageFrameworks"
2026-04-22T16:45:06.2437660Z ignoring duplicate directory "/Users/runner/work/tcm-storage-ios/tcm-storage-ios/build/Build/Products/Debug-iphonesimulator/PackageFrameworks"
2026-04-22T16:45:06.2439430Z ignoring duplicate directory "/Users/runner/work/tcm-storage-ios/tcm-storage-ios/build/Build/Products/Debug-iphonesimulator/PackageFrameworks"
2026-04-22T16:45:06.2441210Z ignoring duplicate directory "/Users/runner/work/tcm-storage-ios/tcm-storage-ios/build/Build/Products/Debug-iphonesimulator/PackageFrameworks"
2026-04-22T16:45:06.2446010Z ignoring duplicate directory "/Users/runner/work/tcm-storage-ios/tcm-storage-ios/build/Build/Products/Debug-iphonesimulator/PackageFrameworks"
2026-04-22T16:45:06.2446780Z ignoring duplicate directory "/Users/runner/work/tcm-storage-ios/tcm-storage-ios/build/Build/Products/Debug-iphonesimulator/PackageFrameworks"
2026-04-22T16:45:06.2447510Z ignoring duplicate directory "/Users/runner/work/tcm-storage-ios/tcm-storage-ios/build/Build/Products/Debug-iphonesimulator/PackageFrameworks"
2026-04-22T16:45:06.2448230Z ignoring duplicate directory "/Users/runner/work/tcm-storage-ios/tcm-storage-ios/build/Build/Products/Debug-iphonesimulator/PackageFrameworks"
2026-04-22T16:45:06.2448950Z ignoring duplicate directory "/Users/runner/work/tcm-storage-ios/tcm-storage-ios/build/Build/Products/Debug-iphonesimulator/PackageFrameworks"
2026-04-22T16:45:06.2449700Z ignoring duplicate directory "/Users/runner/work/tcm-storage-ios/tcm-storage-ios/build/Build/Products/Debug-iphonesimulator/PackageFrameworks"
2026-04-22T16:45:06.2450050Z ignoring duplicate directory "/Users/runner/work/tcm-storage-ios/tcm-storage-ios/build/Build/Products/Debug-iphonesimulator/PackageFrameworks"
2026-04-22T16:45:06.2450590Z ignoring duplicate directory "/Users/runner/work/tcm-storage-ios/tcm-storage-ios/build/Build/Products/Debug-iphonesimulator/PackageFrameworks"
2026-04-22T16:45:06.2450910Z ignoring duplicate directory "/Users/runner/work/tcm-storage-ios/tcm-storage-ios/build/Build/Products/Debug-iphonesimulator/PackageFrameworks"
2026-04-22T16:45:06.2451240Z ignoring duplicate directory "/Users/runner/work/tcm-storage-ios/tcm-storage-ios/build/Build/Products/Debug-iphonesimulator/PackageFrameworks"
2026-04-22T16:45:06.2451570Z ignoring duplicate directory "/Users/runner/work/tcm-storage-ios/tcm-storage-ios/build/Build/Products/Debug-iphonesimulator/PackageFrameworks"
2026-04-22T16:45:06.2451890Z ignoring duplicate directory "/Users/runner/work/tcm-storage-ios/tcm-storage-ios/build/Build/Products/Debug-iphonesimulator/PackageFrameworks"
2026-04-22T16:45:06.2452220Z ignoring duplicate directory "/Users/runner/work/tcm-storage-ios/tcm-storage-ios/build/Build/Products/Debug-iphonesimulator/PackageFrameworks"
2026-04-22T16:45:06.2452540Z ignoring duplicate directory "/Users/runner/work/tcm-storage-ios/tcm-storage-ios/build/Build/Products/Debug-iphonesimulator/PackageFrameworks"
2026-04-22T16:45:06.2452910Z ignoring duplicate directory "/Users/runner/work/tcm-storage-ios/tcm-storage-ios/build/Build/Products/Debug-iphonesimulator/PackageFrameworks"
2026-04-22T16:45:06.2453250Z ignoring duplicate directory "/Users/runner/work/tcm-storage-ios/tcm-storage-ios/build/Build/Products/Debug-iphonesimulator/PackageFrameworks"
2026-04-22T16:45:06.2453570Z ignoring duplicate directory "/Users/runner/work/tcm-storage-ios/tcm-storage-ios/build/Build/Products/Debug-iphonesimulator/PackageFrameworks"
2026-04-22T16:45:06.2453970Z ignoring duplicate directory "/Users/runner/work/tcm-storage-ios/tcm-storage-ios/build/Build/Products/Debug-iphonesimulator/PackageFrameworks"
2026-04-22T16:45:06.2454300Z ignoring duplicate directory "/Users/runner/work/tcm-storage-ios/tcm-storage-ios/build/Build/Products/Debug-iphonesimulator/PackageFrameworks"
2026-04-22T16:45:06.2454630Z ignoring duplicate directory "/Users/runner/work/tcm-storage-ios/tcm-storage-ios/build/Build/Products/Debug-iphonesimulator/PackageFrameworks"
2026-04-22T16:45:06.2454950Z ignoring duplicate directory "/Users/runner/work/tcm-storage-ios/tcm-storage-ios/build/Build/Products/Debug-iphonesimulator/PackageFrameworks"
2026-04-22T16:45:06.2455270Z ignoring duplicate directory "/Users/runner/work/tcm-storage-ios/tcm-storage-ios/build/Build/Products/Debug-iphonesimulator/PackageFrameworks"
2026-04-22T16:45:06.2455590Z ignoring duplicate directory "/Users/runner/work/tcm-storage-ios/tcm-storage-ios/build/Build/Products/Debug-iphonesimulator/PackageFrameworks"
2026-04-22T16:45:06.2455940Z ignoring duplicate directory "/Users/runner/work/tcm-storage-ios/tcm-storage-ios/build/Build/Products/Debug-iphonesimulator/PackageFrameworks"
2026-04-22T16:45:06.2456270Z ignoring duplicate directory "/Users/runner/work/tcm-storage-ios/tcm-storage-ios/build/Build/Products/Debug-iphonesimulator/PackageFrameworks"
2026-04-22T16:45:06.2456600Z ignoring duplicate directory "/Users/runner/work/tcm-storage-ios/tcm-storage-ios/build/Build/Products/Debug-iphonesimulator/PackageFrameworks"
2026-04-22T16:45:06.2456920Z ignoring duplicate directory "/Users/runner/work/tcm-storage-ios/tcm-storage-ios/build/Build/Products/Debug-iphonesimulator/PackageFrameworks"
2026-04-22T16:45:06.2457240Z ignoring duplicate directory "/Users/runner/work/tcm-storage-ios/tcm-storage-ios/build/Build/Products/Debug-iphonesimulator/PackageFrameworks"
2026-04-22T16:45:06.2457560Z ignoring duplicate directory "/Users/runner/work/tcm-storage-ios/tcm-storage-ios/build/Build/Products/Debug-iphonesimulator/PackageFrameworks"
2026-04-22T16:45:06.2457890Z ignoring duplicate directory "/Users/runner/work/tcm-storage-ios/tcm-storage-ios/build/Build/Products/Debug-iphonesimulator/PackageFrameworks"
2026-04-22T16:45:06.2458220Z ignoring duplicate directory "/Users/runner/work/tcm-storage-ios/tcm-storage-ios/build/Build/Products/Debug-iphonesimulator/PackageFrameworks"
2026-04-22T16:45:06.2458590Z ignoring duplicate directory "/Users/runner/work/tcm-storage-ios/tcm-storage-ios/build/Build/Products/Debug-iphonesimulator/PackageFrameworks"
2026-04-22T16:45:06.2458920Z ignoring duplicate directory "/Users/runner/work/tcm-storage-ios/tcm-storage-ios/build/Build/Products/Debug-iphonesimulator/PackageFrameworks"
2026-04-22T16:45:06.2459250Z ignoring duplicate directory "/Users/runner/work/tcm-storage-ios/tcm-storage-ios/build/Build/Products/Debug-iphonesimulator/PackageFrameworks"
2026-04-22T16:45:06.2459580Z ignoring duplicate directory "/Users/runner/work/tcm-storage-ios/tcm-storage-ios/build/Build/Products/Debug-iphonesimulator/PackageFrameworks"
2026-04-22T16:45:06.2459900Z ignoring duplicate directory "/Users/runner/work/tcm-storage-ios/tcm-storage-ios/build/Build/Products/Debug-iphonesimulator/PackageFrameworks"
2026-04-22T16:45:06.2460230Z ignoring duplicate directory "/Users/runner/work/tcm-storage-ios/tcm-storage-ios/build/Build/Products/Debug-iphonesimulator/PackageFrameworks"
2026-04-22T16:45:06.2460560Z ignoring duplicate directory "/Users/runner/work/tcm-storage-ios/tcm-storage-ios/build/Build/Products/Debug-iphonesimulator/PackageFrameworks"
2026-04-22T16:45:06.2460930Z ignoring duplicate directory "/Users/runner/work/tcm-storage-ios/tcm-storage-ios/build/Build/Products/Debug-iphonesimulator/PackageFrameworks"
2026-04-22T16:45:06.2461270Z ignoring duplicate directory "/Users/runner/work/tcm-storage-ios/tcm-storage-ios/build/Build/Products/Debug-iphonesimulator/PackageFrameworks"
2026-04-22T16:45:06.2461600Z ignoring duplicate directory "/Users/runner/work/tcm-storage-ios/tcm-storage-ios/build/Build/Products/Debug-iphonesimulator/PackageFrameworks"
2026-04-22T16:45:06.2461980Z ignoring duplicate directory "/Users/runner/work/tcm-storage-ios/tcm-storage-ios/build/Build/Products/Debug-iphonesimulator/PackageFrameworks"
2026-04-22T16:45:06.2462300Z ignoring duplicate directory "/Users/runner/work/tcm-storage-ios/tcm-storage-ios/build/Build/Products/Debug-iphonesimulator/PackageFrameworks"
2026-04-22T16:45:06.2462630Z ignoring duplicate directory "/Users/runner/work/tcm-storage-ios/tcm-storage-ios/build/Build/Products/Debug-iphonesimulator/PackageFrameworks"
2026-04-22T16:45:06.2462960Z ignoring duplicate directory "/Users/runner/work/tcm-storage-ios/tcm-storage-ios/build/Build/Products/Debug-iphonesimulator/PackageFrameworks"
2026-04-22T16:45:06.2463290Z ignoring duplicate directory "/Users/runner/work/tcm-storage-ios/tcm-storage-ios/build/Build/Products/Debug-iphonesimulator/PackageFrameworks"
2026-04-22T16:45:06.2463610Z ignoring duplicate directory "/Users/runner/work/tcm-storage-ios/tcm-storage-ios/build/Build/Products/Debug-iphonesimulator/PackageFrameworks"
2026-04-22T16:45:06.2463940Z ignoring duplicate directory "/Users/runner/work/tcm-storage-ios/tcm-storage-ios/build/Build/Products/Debug-iphonesimulator/PackageFrameworks"
2026-04-22T16:45:06.2464270Z ignoring duplicate directory "/Users/runner/work/tcm-storage-ios/tcm-storage-ios/build/Build/Products/Debug-iphonesimulator/PackageFrameworks"
2026-04-22T16:45:06.2464590Z ignoring duplicate directory "/Users/runner/work/tcm-storage-ios/tcm-storage-ios/build/Build/Products/Debug-iphonesimulator/PackageFrameworks"
2026-04-22T16:45:06.2464660Z #include "..." search starts here:
2026-04-22T16:45:06.2465120Z  /Users/runner/work/tcm-storage-ios/tcm-storage-ios/build/Build/Intermediates.noindex/Nextcloud.build/Debug-iphonesimulator/Nextcloud.build/Nextcloud-generated-files.hmap (headermap)
2026-04-22T16:45:06.2465580Z  /Users/runner/work/tcm-storage-ios/tcm-storage-ios/build/Build/Intermediates.noindex/Nextcloud.build/Debug-iphonesimulator/Nextcloud.build/Nextcloud-project-headers.hmap (headermap)
2026-04-22T16:45:06.2465640Z #include <...> search starts here:
2026-04-22T16:45:06.2466110Z  /Users/runner/work/tcm-storage-ios/tcm-storage-ios/build/Build/Intermediates.noindex/Nextcloud.build/Debug-iphonesimulator/Nextcloud.build/Nextcloud-own-target-headers.hmap (headermap)
2026-04-22T16:45:06.2466650Z  /Users/runner/work/tcm-storage-ios/tcm-storage-ios/build/Build/Intermediates.noindex/Nextcloud.build/Debug-iphonesimulator/Nextcloud.build/Nextcloud-all-non-framework-target-headers.hmap (headermap)
2026-04-22T16:45:06.2467020Z  /Users/runner/work/tcm-storage-ios/tcm-storage-ios/build/SourcePackages/checkouts/swift-nio-ssl/Sources/CNIOBoringSSLShims/include
2026-04-22T16:45:06.2467320Z  /Users/runner/work/tcm-storage-ios/tcm-storage-ios/build/SourcePackages/checkouts/swift-nio-ssl/Sources/CNIOBoringSSL/include
2026-04-22T16:45:06.2480880Z  /Users/runner/work/tcm-storage-ios/tcm-storage-ios/build/SourcePackages/checkouts/swift-atomics/Sources/_AtomicsShims/include
2026-04-22T16:45:06.2481180Z  /Users/runner/work/tcm-storage-ios/tcm-storage-ios/build/SourcePackages/checkouts/swift-nio/Sources/CNIOPosix/include
2026-04-22T16:45:06.2481450Z  /Users/runner/work/tcm-storage-ios/tcm-storage-ios/build/SourcePackages/checkouts/swift-nio/Sources/CNIOWASI/include
2026-04-22T16:45:06.2481720Z  /Users/runner/work/tcm-storage-ios/tcm-storage-ios/build/SourcePackages/checkouts/swift-nio/Sources/CNIOWindows/include
2026-04-22T16:45:06.2481980Z  /Users/runner/work/tcm-storage-ios/tcm-storage-ios/build/SourcePackages/checkouts/swift-nio/Sources/CNIOLinux/include
2026-04-22T16:45:06.2482330Z  /Users/runner/work/tcm-storage-ios/tcm-storage-ios/build/SourcePackages/checkouts/swift-nio/Sources/CNIODarwin/include
2026-04-22T16:45:06.2482600Z  /Users/runner/work/tcm-storage-ios/tcm-storage-ios/build/SourcePackages/checkouts/swift-nio/Sources/CNIOOpenBSD/include
2026-04-22T16:45:06.2490230Z  /Users/runner/work/tcm-storage-ios/tcm-storage-ios/build/SourcePackages/checkouts/swift-nio/Sources/CNIOAtomics/include
2026-04-22T16:45:06.2493700Z  /Users/runner/work/tcm-storage-ios/tcm-storage-ios/build/SourcePackages/checkouts/realm-core/src
2026-04-22T16:45:06.2494140Z  /Users/runner/work/tcm-storage-ios/tcm-storage-ios/build/SourcePackages/checkouts/realm-core/src/external/s2
2026-04-22T16:45:06.2494640Z  /Users/runner/work/tcm-storage-ios/tcm-storage-ios/build/SourcePackages/checkouts/realm-core/src/external/IntelRDFPMathLib20U2/LIBRARY/src
2026-04-22T16:45:06.2494870Z  /Users/runner/work/tcm-storage-ios/tcm-storage-ios/build/SourcePackages/checkouts/realm-core/src/spm
2026-04-22T16:45:06.2495090Z  /Users/runner/work/tcm-storage-ios/tcm-storage-ios/build/SourcePackages/checkouts/realm-swift/include
2026-04-22T16:45:06.2495410Z  /Users/runner/work/tcm-storage-ios/tcm-storage-ios/build/SourcePackages/checkouts/GoogleUtilities/GoogleUtilities/NSData+zlib/Public
2026-04-22T16:45:06.2495710Z  /Users/runner/work/tcm-storage-ios/tcm-storage-ios/build/SourcePackages/checkouts/GoogleUtilities/GoogleUtilities/Logger/Public
2026-04-22T16:45:06.2496020Z  /Users/runner/work/tcm-storage-ios/tcm-storage-ios/build/SourcePackages/checkouts/GoogleUtilities/GoogleUtilities/Environment/Public
2026-04-22T16:45:06.2496330Z  /Users/runner/work/tcm-storage-ios/tcm-storage-ios/build/SourcePackages/checkouts/GoogleUtilities/third_party/IsAppEncrypted/Public
2026-04-22T16:45:06.2496640Z  /Users/runner/work/tcm-storage-ios/tcm-storage-ios/build/SourcePackages/checkouts/GoogleUtilities/GoogleUtilities/UserDefaults/Public
2026-04-22T16:45:06.2496860Z  /Users/runner/work/tcm-storage-ios/tcm-storage-ios/build/SourcePackages/checkouts/nanopb/spm_headers
2026-04-22T16:45:06.2497140Z  /Users/runner/work/tcm-storage-ios/tcm-storage-ios/build/SourcePackages/checkouts/promises/Sources/FBLPromises/include
2026-04-22T16:45:06.2497490Z  /Users/runner/work/tcm-storage-ios/tcm-storage-ios/build/SourcePackages/checkouts/GoogleDataTransport/GoogleDataTransport/GDTCORLibrary/Public
2026-04-22T16:45:06.2497840Z  /Users/runner/work/tcm-storage-ios/tcm-storage-ios/build/SourcePackages/checkouts/firebase-ios-sdk/FirebaseSessions/SourcesObjC
2026-04-22T16:45:06.2498120Z  /Users/runner/work/tcm-storage-ios/tcm-storage-ios/build/SourcePackages/checkouts/firebase-ios-sdk/FirebaseCore/Extension
2026-04-22T16:45:06.2498460Z  /Users/runner/work/tcm-storage-ios/tcm-storage-ios/build/SourcePackages/checkouts/firebase-ios-sdk/FirebaseInstallations/Source/Library/Public
2026-04-22T16:45:06.2498900Z  /Users/runner/work/tcm-storage-ios/tcm-storage-ios/build/SourcePackages/checkouts/firebase-ios-sdk/FirebaseCore/Sources/Public
2026-04-22T16:45:06.2499170Z  /Users/runner/work/tcm-storage-ios/tcm-storage-ios/build/SourcePackages/checkouts/firebase-ios-sdk/CoreOnly/Sources
2026-04-22T16:45:06.2499480Z  /Users/runner/work/tcm-storage-ios/tcm-storage-ios/build/SourcePackages/checkouts/firebase-ios-sdk/Crashlytics/Crashlytics/Public
2026-04-22T16:45:06.2499750Z  /Users/runner/work/tcm-storage-ios/tcm-storage-ios/build/SourcePackages/checkouts/GzipSwift/Sources/system-zlib/include
2026-04-22T16:45:06.2500130Z  /Users/runner/work/tcm-storage-ios/tcm-storage-ios/build/Build/Intermediates.noindex/Nextcloud.build/Debug-iphonesimulator/Nextcloud.build/DerivedSources
2026-04-22T16:45:06.2500450Z  /Users/runner/work/tcm-storage-ios/tcm-storage-ios/build/Build/Products/Debug-iphonesimulator/PackageFrameworks (framework directory)
2026-04-22T16:45:06.2500710Z  /Users/runner/work/tcm-storage-ios/tcm-storage-ios/build/Build/Products/Debug-iphonesimulator (framework directory)
2026-04-22T16:45:06.2501100Z  /Applications/Xcode_26.2.app/Contents/Developer/Platforms/iPhoneSimulator.platform/Developer/Library/Frameworks (framework directory)
2026-04-22T16:45:06.2501530Z  /Applications/Xcode_26.2.app/Contents/Developer/Platforms/iPhoneSimulator.platform/Developer/SDKs/iPhoneSimulator26.2.sdk/Developer/Library/Frameworks (framework directory)
2026-04-22T16:45:06.2501780Z  /Applications/Xcode_26.2.app/Contents/Developer/Toolchains/XcodeDefault.xctoolchain/usr/lib/clang/17/include
2026-04-22T16:45:06.2502140Z  /Applications/Xcode_26.2.app/Contents/Developer/Platforms/iPhoneSimulator.platform/Developer/SDKs/iPhoneSimulator26.2.sdk/usr/include
2026-04-22T16:45:06.2502370Z  /Applications/Xcode_26.2.app/Contents/Developer/Toolchains/XcodeDefault.xctoolchain/usr/include
2026-04-22T16:45:06.2502790Z  /Applications/Xcode_26.2.app/Contents/Developer/Platforms/iPhoneSimulator.platform/Developer/SDKs/iPhoneSimulator26.2.sdk/System/Library/Frameworks (framework directory)
2026-04-22T16:45:06.2503210Z  /Applications/Xcode_26.2.app/Contents/Developer/Platforms/iPhoneSimulator.platform/Developer/SDKs/iPhoneSimulator26.2.sdk/System/Library/SubFrameworks (framework directory)
2026-04-22T16:45:06.2503260Z End of search list.
2026-04-22T16:45:06.2503430Z Apple clang version 17.0.0 (clang-1700.6.3.2)
2026-04-22T16:45:06.2503500Z Target: arm64-apple-ios17.0-simulator
2026-04-22T16:45:06.2503550Z Thread model: posix
2026-04-22T16:45:06.2503810Z InstalledDir: /Applications/Xcode_26.2.app/Contents/Developer/Toolchains/XcodeDefault.xctoolchain/usr/bin
2026-04-22T16:45:06.2503980Z clang -cc1 version 17.0.0 (clang-1700.6.3.2) default target arm64-apple-darwin24.6.0
2026-04-22T16:45:06.2504300Z ignoring nonexistent directory "/Users/runner/work/tcm-storage-ios/tcm-storage-ios/build/Build/Products/Debug-iphonesimulator/include"
2026-04-22T16:45:06.2504800Z ignoring nonexistent directory "/Users/runner/work/tcm-storage-ios/tcm-storage-ios/build/Build/Intermediates.noindex/Nextcloud.build/Debug-iphonesimulator/Nextcloud.build/DerivedSources-normal/arm64"
2026-04-22T16:45:06.2505280Z ignoring nonexistent directory "/Users/runner/work/tcm-storage-ios/tcm-storage-ios/build/Build/Intermediates.noindex/Nextcloud.build/Debug-iphonesimulator/Nextcloud.build/DerivedSources/arm64"
2026-04-22T16:45:06.2505690Z ignoring nonexistent directory "/Applications/Xcode_26.2.app/Contents/Developer/Platforms/iPhoneSimulator.platform/Developer/SDKs/iPhoneSimulator26.2.sdk/usr/local/include"
2026-04-22T16:45:06.2506110Z ignoring nonexistent directory "/Applications/Xcode_26.2.app/Contents/Developer/Platforms/iPhoneSimulator.platform/Developer/SDKs/iPhoneSimulator26.2.sdk/Library/Frameworks"
2026-04-22T16:45:06.2506450Z ignoring duplicate directory "/Users/runner/work/tcm-storage-ios/tcm-storage-ios/build/Build/Products/Debug-iphonesimulator/PackageFrameworks"
2026-04-22T16:45:06.2506770Z ignoring duplicate directory "/Users/runner/work/tcm-storage-ios/tcm-storage-ios/build/Build/Products/Debug-iphonesimulator/PackageFrameworks"
2026-04-22T16:45:06.2507170Z ignoring duplicate directory "/Users/runner/work/tcm-storage-ios/tcm-storage-ios/build/Build/Products/Debug-iphonesimulator/PackageFrameworks"
2026-04-22T16:45:06.2507490Z ignoring duplicate directory "/Users/runner/work/tcm-storage-ios/tcm-storage-ios/build/Build/Products/Debug-iphonesimulator/PackageFrameworks"
2026-04-22T16:45:06.2507820Z ignoring duplicate directory "/Users/runner/work/tcm-storage-ios/tcm-storage-ios/build/Build/Products/Debug-iphonesimulator/PackageFrameworks"
2026-04-22T16:45:06.2514760Z ignoring duplicate directory "/Users/runner/work/tcm-storage-ios/tcm-storage-ios/build/Build/Products/Debug-iphonesimulator/PackageFrameworks"
2026-04-22T16:45:06.2515140Z ignoring duplicate directory "/Users/runner/work/tcm-storage-ios/tcm-storage-ios/build/Build/Products/Debug-iphonesimulator/PackageFrameworks"
2026-04-22T16:45:06.2515500Z ignoring duplicate directory "/Users/runner/work/tcm-storage-ios/tcm-storage-ios/build/Build/Products/Debug-iphonesimulator/PackageFrameworks"
2026-04-22T16:45:06.2515940Z ignoring duplicate directory "/Users/runner/work/tcm-storage-ios/tcm-storage-ios/build/Build/Products/Debug-iphonesimulator/PackageFrameworks"
2026-04-22T16:45:06.2516270Z ignoring duplicate directory "/Users/runner/work/tcm-storage-ios/tcm-storage-ios/build/Build/Products/Debug-iphonesimulator/PackageFrameworks"
2026-04-22T16:45:06.2516600Z ignoring duplicate directory "/Users/runner/work/tcm-storage-ios/tcm-storage-ios/build/Build/Products/Debug-iphonesimulator/PackageFrameworks"
2026-04-22T16:45:06.2516960Z ignoring duplicate directory "/Users/runner/work/tcm-storage-ios/tcm-storage-ios/build/Build/Products/Debug-iphonesimulator/PackageFrameworks"
2026-04-22T16:45:06.2517320Z ignoring duplicate directory "/Users/runner/work/tcm-storage-ios/tcm-storage-ios/build/Build/Products/Debug-iphonesimulator/PackageFrameworks"
2026-04-22T16:45:06.2517650Z ignoring duplicate directory "/Users/runner/work/tcm-storage-ios/tcm-storage-ios/build/Build/Products/Debug-iphonesimulator/PackageFrameworks"
2026-04-22T16:45:06.2517980Z ignoring duplicate directory "/Users/runner/work/tcm-storage-ios/tcm-storage-ios/build/Build/Products/Debug-iphonesimulator/PackageFrameworks"
2026-04-22T16:45:06.2518460Z ignoring duplicate directory "/Users/runner/work/tcm-storage-ios/tcm-storage-ios/build/Build/Products/Debug-iphonesimulator/PackageFrameworks"
2026-04-22T16:45:06.2518780Z ignoring duplicate directory "/Users/runner/work/tcm-storage-ios/tcm-storage-ios/build/Build/Products/Debug-iphonesimulator/PackageFrameworks"
2026-04-22T16:45:06.2519100Z ignoring duplicate directory "/Users/runner/work/tcm-storage-ios/tcm-storage-ios/build/Build/Products/Debug-iphonesimulator/PackageFrameworks"
2026-04-22T16:45:06.2519450Z ignoring duplicate directory "/Users/runner/work/tcm-storage-ios/tcm-storage-ios/build/Build/Products/Debug-iphonesimulator/PackageFrameworks"
2026-04-22T16:45:06.2519780Z ignoring duplicate directory "/Users/runner/work/tcm-storage-ios/tcm-storage-ios/build/Build/Products/Debug-iphonesimulator/PackageFrameworks"
2026-04-22T16:45:06.2520280Z ignoring duplicate directory "/Users/runner/work/tcm-storage-ios/tcm-storage-ios/build/Build/Products/Debug-iphonesimulator/PackageFrameworks"
2026-04-22T16:45:06.2520630Z ignoring duplicate directory "/Users/runner/work/tcm-storage-ios/tcm-storage-ios/build/Build/Products/Debug-iphonesimulator/PackageFrameworks"
2026-04-22T16:45:06.2520950Z ignoring duplicate directory "/Users/runner/work/tcm-storage-ios/tcm-storage-ios/build/Build/Products/Debug-iphonesimulator/PackageFrameworks"
2026-04-22T16:45:06.2521280Z ignoring duplicate directory "/Users/runner/work/tcm-storage-ios/tcm-storage-ios/build/Build/Products/Debug-iphonesimulator/PackageFrameworks"
2026-04-22T16:45:06.2521740Z ignoring duplicate directory "/Users/runner/work/tcm-storage-ios/tcm-storage-ios/build/Build/Products/Debug-iphonesimulator/PackageFrameworks"
2026-04-22T16:45:06.2522070Z ignoring duplicate directory "/Users/runner/work/tcm-storage-ios/tcm-storage-ios/build/Build/Products/Debug-iphonesimulator/PackageFrameworks"
2026-04-22T16:45:06.2522460Z ignoring duplicate directory "/Users/runner/work/tcm-storage-ios/tcm-storage-ios/build/Build/Products/Debug-iphonesimulator/PackageFrameworks"
2026-04-22T16:45:06.2522780Z ignoring duplicate directory "/Users/runner/work/tcm-storage-ios/tcm-storage-ios/build/Build/Products/Debug-iphonesimulator/PackageFrameworks"
2026-04-22T16:45:06.2523110Z ignoring duplicate directory "/Users/runner/work/tcm-storage-ios/tcm-storage-ios/build/Build/Products/Debug-iphonesimulator/PackageFrameworks"
2026-04-22T16:45:06.2523430Z ignoring duplicate directory "/Users/runner/work/tcm-storage-ios/tcm-storage-ios/build/Build/Products/Debug-iphonesimulator/PackageFrameworks"
2026-04-22T16:45:06.2523780Z ignoring duplicate directory "/Users/runner/work/tcm-storage-ios/tcm-storage-ios/build/Build/Products/Debug-iphonesimulator/PackageFrameworks"
2026-04-22T16:45:06.2524100Z ignoring duplicate directory "/Users/runner/work/tcm-storage-ios/tcm-storage-ios/build/Build/Products/Debug-iphonesimulator/PackageFrameworks"
2026-04-22T16:45:06.2524500Z ignoring duplicate directory "/Users/runner/work/tcm-storage-ios/tcm-storage-ios/build/Build/Products/Debug-iphonesimulator/PackageFrameworks"
2026-04-22T16:45:06.2524830Z ignoring duplicate directory "/Users/runner/work/tcm-storage-ios/tcm-storage-ios/build/Build/Products/Debug-iphonesimulator/PackageFrameworks"
2026-04-22T16:45:06.2525160Z ignoring duplicate directory "/Users/runner/work/tcm-storage-ios/tcm-storage-ios/build/Build/Products/Debug-iphonesimulator/PackageFrameworks"
2026-04-22T16:45:06.2525520Z ignoring duplicate directory "/Users/runner/work/tcm-storage-ios/tcm-storage-ios/build/Build/Products/Debug-iphonesimulator/PackageFrameworks"
2026-04-22T16:45:06.2525880Z ignoring duplicate directory "/Users/runner/work/tcm-storage-ios/tcm-storage-ios/build/Build/Products/Debug-iphonesimulator/PackageFrameworks"
2026-04-22T16:45:06.2526200Z ignoring duplicate directory "/Users/runner/work/tcm-storage-ios/tcm-storage-ios/build/Build/Products/Debug-iphonesimulator/PackageFrameworks"
2026-04-22T16:45:06.2526530Z ignoring duplicate directory "/Users/runner/work/tcm-storage-ios/tcm-storage-ios/build/Build/Products/Debug-iphonesimulator/PackageFrameworks"
2026-04-22T16:45:06.2526850Z ignoring duplicate directory "/Users/runner/work/tcm-storage-ios/tcm-storage-ios/build/Build/Products/Debug-iphonesimulator/PackageFrameworks"
2026-04-22T16:45:06.2527180Z ignoring duplicate directory "/Users/runner/work/tcm-storage-ios/tcm-storage-ios/build/Build/Products/Debug-iphonesimulator/PackageFrameworks"
2026-04-22T16:45:06.2527510Z ignoring duplicate directory "/Users/runner/work/tcm-storage-ios/tcm-storage-ios/build/Build/Products/Debug-iphonesimulator/PackageFrameworks"
2026-04-22T16:45:06.2527840Z ignoring duplicate directory "/Users/runner/work/tcm-storage-ios/tcm-storage-ios/build/Build/Products/Debug-iphonesimulator/PackageFrameworks"
2026-04-22T16:45:06.2528160Z ignoring duplicate directory "/Users/runner/work/tcm-storage-ios/tcm-storage-ios/build/Build/Products/Debug-iphonesimulator/PackageFrameworks"
2026-04-22T16:45:06.2528490Z ignoring duplicate directory "/Users/runner/work/tcm-storage-ios/tcm-storage-ios/build/Build/Products/Debug-iphonesimulator/PackageFrameworks"
2026-04-22T16:45:06.2528810Z ignoring duplicate directory "/Users/runner/work/tcm-storage-ios/tcm-storage-ios/build/Build/Products/Debug-iphonesimulator/PackageFrameworks"
2026-04-22T16:45:06.2529130Z ignoring duplicate directory "/Users/runner/work/tcm-storage-ios/tcm-storage-ios/build/Build/Products/Debug-iphonesimulator/PackageFrameworks"
2026-04-22T16:45:06.2529460Z ignoring duplicate directory "/Users/runner/work/tcm-storage-ios/tcm-storage-ios/build/Build/Products/Debug-iphonesimulator/PackageFrameworks"
2026-04-22T16:45:06.2529800Z ignoring duplicate directory "/Users/runner/work/tcm-storage-ios/tcm-storage-ios/build/Build/Products/Debug-iphonesimulator/PackageFrameworks"
2026-04-22T16:45:06.2560250Z ignoring duplicate directory "/Users/runner/work/tcm-storage-ios/tcm-storage-ios/build/Build/Products/Debug-iphonesimulator/PackageFrameworks"
2026-04-22T16:45:06.2560700Z ignoring duplicate directory "/Users/runner/work/tcm-storage-ios/tcm-storage-ios/build/Build/Products/Debug-iphonesimulator/PackageFrameworks"
2026-04-22T16:45:06.2561050Z ignoring duplicate directory "/Users/runner/work/tcm-storage-ios/tcm-storage-ios/build/Build/Products/Debug-iphonesimulator/PackageFrameworks"
2026-04-22T16:45:06.2561380Z ignoring duplicate directory "/Users/runner/work/tcm-storage-ios/tcm-storage-ios/build/Build/Products/Debug-iphonesimulator/PackageFrameworks"
2026-04-22T16:45:06.2561730Z ignoring duplicate directory "/Users/runner/work/tcm-storage-ios/tcm-storage-ios/build/Build/Products/Debug-iphonesimulator/PackageFrameworks"
2026-04-22T16:45:06.2562060Z ignoring duplicate directory "/Users/runner/work/tcm-storage-ios/tcm-storage-ios/build/Build/Products/Debug-iphonesimulator/PackageFrameworks"
2026-04-22T16:45:06.2562420Z ignoring duplicate directory "/Users/runner/work/tcm-storage-ios/tcm-storage-ios/build/Build/Products/Debug-iphonesimulator/PackageFrameworks"
2026-04-22T16:45:06.2562970Z ignoring duplicate directory "/Users/runner/work/tcm-storage-ios/tcm-storage-ios/build/Build/Products/Debug-iphonesimulator/PackageFrameworks"
2026-04-22T16:45:06.2563760Z ignoring duplicate directory "/Users/runner/work/tcm-storage-ios/tcm-storage-ios/build/Build/Products/Debug-iphonesimulator/PackageFrameworks"
2026-04-22T16:45:06.2564110Z ignoring duplicate directory "/Users/runner/work/tcm-storage-ios/tcm-storage-ios/build/Build/Products/Debug-iphonesimulator/PackageFrameworks"
2026-04-22T16:45:06.2564820Z ignoring duplicate directory "/Users/runner/work/tcm-storage-ios/tcm-storage-ios/build/Build/Products/Debug-iphonesimulator/PackageFrameworks"
2026-04-22T16:45:06.2565210Z ignoring duplicate directory "/Users/runner/work/tcm-storage-ios/tcm-storage-ios/build/Build/Products/Debug-iphonesimulator/PackageFrameworks"
2026-04-22T16:45:06.2565630Z ignoring duplicate directory "/Users/runner/work/tcm-storage-ios/tcm-storage-ios/build/Build/Products/Debug-iphonesimulator/PackageFrameworks"
2026-04-22T16:45:06.2566010Z ignoring duplicate directory "/Users/runner/work/tcm-storage-ios/tcm-storage-ios/build/Build/Products/Debug-iphonesimulator/PackageFrameworks"
2026-04-22T16:45:06.2566390Z ignoring duplicate directory "/Users/runner/work/tcm-storage-ios/tcm-storage-ios/build/Build/Products/Debug-iphonesimulator/PackageFrameworks"
2026-04-22T16:45:06.2566780Z ignoring duplicate directory "/Users/runner/work/tcm-storage-ios/tcm-storage-ios/build/Build/Products/Debug-iphonesimulator/PackageFrameworks"
2026-04-22T16:45:06.2567170Z ignoring duplicate directory "/Users/runner/work/tcm-storage-ios/tcm-storage-ios/build/Build/Products/Debug-iphonesimulator/PackageFrameworks"
2026-04-22T16:45:06.2567530Z ignoring duplicate directory "/Users/runner/work/tcm-storage-ios/tcm-storage-ios/build/Build/Products/Debug-iphonesimulator/PackageFrameworks"
2026-04-22T16:45:06.2570210Z ignoring duplicate directory "/Users/runner/work/tcm-storage-ios/tcm-storage-ios/build/Build/Products/Debug-iphonesimulator/PackageFrameworks"
2026-04-22T16:45:06.2570660Z ignoring duplicate directory "/Users/runner/work/tcm-storage-ios/tcm-storage-ios/build/Build/Products/Debug-iphonesimulator/PackageFrameworks"
2026-04-22T16:45:06.2571050Z ignoring duplicate directory "/Users/runner/work/tcm-storage-ios/tcm-storage-ios/build/Build/Products/Debug-iphonesimulator/PackageFrameworks"
2026-04-22T16:45:06.2571710Z ignoring duplicate directory "/Users/runner/work/tcm-storage-ios/tcm-storage-ios/build/Build/Products/Debug-iphonesimulator/PackageFrameworks"
2026-04-22T16:45:06.2572520Z ignoring duplicate directory "/Users/runner/work/tcm-storage-ios/tcm-storage-ios/build/Build/Products/Debug-iphonesimulator/PackageFrameworks"
2026-04-22T16:45:06.2572920Z ignoring duplicate directory "/Users/runner/work/tcm-storage-ios/tcm-storage-ios/build/Build/Products/Debug-iphonesimulator/PackageFrameworks"
2026-04-22T16:45:06.2573420Z ignoring duplicate directory "/Users/runner/work/tcm-storage-ios/tcm-storage-ios/build/Build/Products/Debug-iphonesimulator/PackageFrameworks"
2026-04-22T16:45:06.2574090Z ignoring duplicate directory "/Users/runner/work/tcm-storage-ios/tcm-storage-ios/build/Build/Products/Debug-iphonesimulator/PackageFrameworks"
2026-04-22T16:45:06.2574460Z ignoring duplicate directory "/Users/runner/work/tcm-storage-ios/tcm-storage-ios/build/Build/Products/Debug-iphonesimulator/PackageFrameworks"
2026-04-22T16:45:06.2574530Z #include "..." search starts here:
2026-04-22T16:45:06.2575410Z  /Users/runner/work/tcm-storage-ios/tcm-storage-ios/build/Build/Intermediates.noindex/Nextcloud.build/Debug-iphonesimulator/Nextcloud.build/Nextcloud-generated-files.hmap (headermap)
2026-04-22T16:45:06.2576680Z  /Users/runner/work/tcm-storage-ios/tcm-storage-ios/build/Build/Intermediates.noindex/Nextcloud.build/Debug-iphonesimulator/Nextcloud.build/Nextcloud-project-headers.hmap (headermap)
2026-04-22T16:45:06.2576770Z #include <...> search starts here:
2026-04-22T16:45:06.2577440Z  /Users/runner/work/tcm-storage-ios/tcm-storage-ios/build/Build/Intermediates.noindex/Nextcloud.build/Debug-iphonesimulator/Nextcloud.build/Nextcloud-own-target-headers.hmap (headermap)
2026-04-22T16:45:06.2578340Z  /Users/runner/work/tcm-storage-ios/tcm-storage-ios/build/Build/Intermediates.noindex/Nextcloud.build/Debug-iphonesimulator/Nextcloud.build/Nextcloud-all-non-framework-target-headers.hmap (headermap)
2026-04-22T16:45:06.2578700Z  /Users/runner/work/tcm-storage-ios/tcm-storage-ios/build/SourcePackages/checkouts/swift-nio-ssl/Sources/CNIOBoringSSLShims/include
2026-04-22T16:45:06.2579540Z  /Users/runner/work/tcm-storage-ios/tcm-storage-ios/build/SourcePackages/checkouts/swift-nio-ssl/Sources/CNIOBoringSSL/include
2026-04-22T16:45:06.2580580Z  /Users/runner/work/tcm-storage-ios/tcm-storage-ios/build/SourcePackages/checkouts/swift-atomics/Sources/_AtomicsShims/include
2026-04-22T16:45:06.2581000Z  /Users/runner/work/tcm-storage-ios/tcm-storage-ios/build/SourcePackages/checkouts/swift-nio/Sources/CNIOPosix/include
2026-04-22T16:45:06.2581370Z  /Users/runner/work/tcm-storage-ios/tcm-storage-ios/build/SourcePackages/checkouts/swift-nio/Sources/CNIOWASI/include
2026-04-22T16:45:06.2581750Z  /Users/runner/work/tcm-storage-ios/tcm-storage-ios/build/SourcePackages/checkouts/swift-nio/Sources/CNIOWindows/include
2026-04-22T16:45:06.2582070Z  /Users/runner/work/tcm-storage-ios/tcm-storage-ios/build/SourcePackages/checkouts/swift-nio/Sources/CNIOLinux/include
2026-04-22T16:45:06.2582450Z  /Users/runner/work/tcm-storage-ios/tcm-storage-ios/build/SourcePackages/checkouts/swift-nio/Sources/CNIODarwin/include
2026-04-22T16:45:06.2582810Z  /Users/runner/work/tcm-storage-ios/tcm-storage-ios/build/SourcePackages/checkouts/swift-nio/Sources/CNIOOpenBSD/include
2026-04-22T16:45:06.2583590Z  /Users/runner/work/tcm-storage-ios/tcm-storage-ios/build/SourcePackages/checkouts/swift-nio/Sources/CNIOAtomics/include
2026-04-22T16:45:06.2584600Z  /Users/runner/work/tcm-storage-ios/tcm-storage-ios/build/SourcePackages/checkouts/realm-core/src
2026-04-22T16:45:06.2584950Z  /Users/runner/work/tcm-storage-ios/tcm-storage-ios/build/SourcePackages/checkouts/realm-core/src/external/s2
2026-04-22T16:45:06.2585410Z  /Users/runner/work/tcm-storage-ios/tcm-storage-ios/build/SourcePackages/checkouts/realm-core/src/external/IntelRDFPMathLib20U2/LIBRARY/src
2026-04-22T16:45:06.2585760Z  /Users/runner/work/tcm-storage-ios/tcm-storage-ios/build/SourcePackages/checkouts/realm-core/src/spm
2026-04-22T16:45:06.2586360Z  /Users/runner/work/tcm-storage-ios/tcm-storage-ios/build/SourcePackages/checkouts/realm-swift/include
2026-04-22T16:45:06.2589030Z  /Users/runner/work/tcm-storage-ios/tcm-storage-ios/build/SourcePackages/checkouts/GoogleUtilities/GoogleUtilities/NSData+zlib/Public
2026-04-22T16:45:06.2589530Z  /Users/runner/work/tcm-storage-ios/tcm-storage-ios/build/SourcePackages/checkouts/GoogleUtilities/GoogleUtilities/Logger/Public
2026-04-22T16:45:06.2590210Z  /Users/runner/work/tcm-storage-ios/tcm-storage-ios/build/SourcePackages/checkouts/GoogleUtilities/GoogleUtilities/Environment/Public
2026-04-22T16:45:06.2590610Z  /Users/runner/work/tcm-storage-ios/tcm-storage-ios/build/SourcePackages/checkouts/GoogleUtilities/third_party/IsAppEncrypted/Public
2026-04-22T16:45:06.2591000Z  /Users/runner/work/tcm-storage-ios/tcm-storage-ios/build/SourcePackages/checkouts/GoogleUtilities/GoogleUtilities/UserDefaults/Public
2026-04-22T16:45:06.2591630Z  /Users/runner/work/tcm-storage-ios/tcm-storage-ios/build/SourcePackages/checkouts/nanopb/spm_headers
2026-04-22T16:45:06.2591950Z  /Users/runner/work/tcm-storage-ios/tcm-storage-ios/build/SourcePackages/checkouts/promises/Sources/FBLPromises/include
2026-04-22T16:45:06.2592400Z  /Users/runner/work/tcm-storage-ios/tcm-storage-ios/build/SourcePackages/checkouts/GoogleDataTransport/GoogleDataTransport/GDTCORLibrary/Public
2026-04-22T16:45:06.2594180Z  /Users/runner/work/tcm-storage-ios/tcm-storage-ios/build/SourcePackages/checkouts/firebase-ios-sdk/FirebaseSessions/SourcesObjC
2026-04-22T16:45:06.2594560Z  /Users/runner/work/tcm-storage-ios/tcm-storage-ios/build/SourcePackages/checkouts/firebase-ios-sdk/FirebaseCore/Extension
2026-04-22T16:45:06.2595100Z  /Users/runner/work/tcm-storage-ios/tcm-storage-ios/build/SourcePackages/checkouts/firebase-ios-sdk/FirebaseInstallations/Source/Library/Public
2026-04-22T16:45:06.2595460Z  /Users/runner/work/tcm-storage-ios/tcm-storage-ios/build/SourcePackages/checkouts/firebase-ios-sdk/FirebaseCore/Sources/Public
2026-04-22T16:45:06.2595740Z  /Users/runner/work/tcm-storage-ios/tcm-storage-ios/build/SourcePackages/checkouts/firebase-ios-sdk/CoreOnly/Sources
2026-04-22T16:45:06.2596330Z  /Users/runner/work/tcm-storage-ios/tcm-storage-ios/build/SourcePackages/checkouts/firebase-ios-sdk/Crashlytics/Crashlytics/Public
2026-04-22T16:45:06.2596680Z  /Users/runner/work/tcm-storage-ios/tcm-storage-ios/build/SourcePackages/checkouts/GzipSwift/Sources/system-zlib/include
2026-04-22T16:45:06.2597870Z  /Users/runner/work/tcm-storage-ios/tcm-storage-ios/build/Build/Intermediates.noindex/Nextcloud.build/Debug-iphonesimulator/Nextcloud.build/DerivedSources
2026-04-22T16:45:06.2598570Z  /Users/runner/work/tcm-storage-ios/tcm-storage-ios/build/Build/Products/Debug-iphonesimulator/PackageFrameworks (framework directory)
2026-04-22T16:45:06.2598880Z  /Users/runner/work/tcm-storage-ios/tcm-storage-ios/build/Build/Products/Debug-iphonesimulator (framework directory)
2026-04-22T16:45:06.2599240Z  /Applications/Xcode_26.2.app/Contents/Developer/Platforms/iPhoneSimulator.platform/Developer/Library/Frameworks (framework directory)
2026-04-22T16:45:06.2599740Z  /Applications/Xcode_26.2.app/Contents/Developer/Platforms/iPhoneSimulator.platform/Developer/SDKs/iPhoneSimulator26.2.sdk/Developer/Library/Frameworks (framework directory)
2026-04-22T16:45:06.2600010Z  /Applications/Xcode_26.2.app/Contents/Developer/Toolchains/XcodeDefault.xctoolchain/usr/lib/clang/17/include
2026-04-22T16:45:06.2600350Z  /Applications/Xcode_26.2.app/Contents/Developer/Platforms/iPhoneSimulator.platform/Developer/SDKs/iPhoneSimulator26.2.sdk/usr/include
2026-04-22T16:45:06.2608510Z  /Applications/Xcode_26.2.app/Contents/Developer/Toolchains/XcodeDefault.xctoolchain/usr/include
2026-04-22T16:45:06.2608970Z  /Applications/Xcode_26.2.app/Contents/Developer/Platforms/iPhoneSimulator.platform/Developer/SDKs/iPhoneSimulator26.2.sdk/System/Library/Frameworks (framework directory)
2026-04-22T16:45:06.2609430Z  /Applications/Xcode_26.2.app/Contents/Developer/Platforms/iPhoneSimulator.platform/Developer/SDKs/iPhoneSimulator26.2.sdk/System/Library/SubFrameworks (framework directory)
2026-04-22T16:45:06.2609490Z End of search list.
2026-04-22T16:45:06.2609570Z Apple clang version 17.0.0 (clang-1700.6.3.2)
2026-04-22T16:45:06.2609640Z Target: arm64-apple-ios17.0-simulator
2026-04-22T16:45:06.2609690Z Thread model: posix
2026-04-22T16:45:06.2609950Z InstalledDir: /Applications/Xcode_26.2.app/Contents/Developer/Toolchains/XcodeDefault.xctoolchain/usr/bin
2026-04-22T16:45:06.2610330Z clang -cc1 version 17.0.0 (clang-1700.6.3.2) default target arm64-apple-darwin24.6.0
2026-04-22T16:45:06.2610710Z ignoring nonexistent directory "/Users/runner/work/tcm-storage-ios/tcm-storage-ios/build/Build/Products/Debug-iphonesimulator/include"
2026-04-22T16:45:06.2611700Z ignoring nonexistent directory "/Users/runner/work/tcm-storage-ios/tcm-storage-ios/build/Build/Intermediates.noindex/Nextcloud.build/Debug-iphonesimulator/Nextcloud.build/DerivedSources-normal/arm64"
2026-04-22T16:45:06.2612340Z ignoring nonexistent directory "/Users/runner/work/tcm-storage-ios/tcm-storage-ios/build/Build/Intermediates.noindex/Nextcloud.build/Debug-iphonesimulator/Nextcloud.build/DerivedSources/arm64"
2026-04-22T16:45:06.2612870Z ignoring nonexistent directory "/Applications/Xcode_26.2.app/Contents/Developer/Platforms/iPhoneSimulator.platform/Developer/SDKs/iPhoneSimulator26.2.sdk/usr/local/include"
2026-04-22T16:45:06.2613430Z ignoring nonexistent directory "/Applications/Xcode_26.2.app/Contents/Developer/Platforms/iPhoneSimulator.platform/Developer/SDKs/iPhoneSimulator26.2.sdk/Library/Frameworks"
2026-04-22T16:45:06.2615120Z ignoring duplicate directory "/Users/runner/work/tcm-storage-ios/tcm-storage-ios/build/Build/Products/Debug-iphonesimulator/PackageFrameworks"
2026-04-22T16:45:06.2615570Z ignoring duplicate directory "/Users/runner/work/tcm-storage-ios/tcm-storage-ios/build/Build/Products/Debug-iphonesimulator/PackageFrameworks"
2026-04-22T16:45:06.2615930Z ignoring duplicate directory "/Users/runner/work/tcm-storage-ios/tcm-storage-ios/build/Build/Products/Debug-iphonesimulator/PackageFrameworks"
2026-04-22T16:45:06.2616520Z ignoring duplicate directory "/Users/runner/work/tcm-storage-ios/tcm-storage-ios/build/Build/Products/Debug-iphonesimulator/PackageFrameworks"
2026-04-22T16:45:06.2616960Z ignoring duplicate directory "/Users/runner/work/tcm-storage-ios/tcm-storage-ios/build/Build/Products/Debug-iphonesimulator/PackageFrameworks"
2026-04-22T16:45:06.2617290Z ignoring duplicate directory "/Users/runner/work/tcm-storage-ios/tcm-storage-ios/build/Build/Products/Debug-iphonesimulator/PackageFrameworks"
2026-04-22T16:45:06.2617620Z ignoring duplicate directory "/Users/runner/work/tcm-storage-ios/tcm-storage-ios/build/Build/Products/Debug-iphonesimulator/PackageFrameworks"
2026-04-22T16:45:06.2617970Z ignoring duplicate directory "/Users/runner/work/tcm-storage-ios/tcm-storage-ios/build/Build/Products/Debug-iphonesimulator/PackageFrameworks"
2026-04-22T16:45:06.2618300Z ignoring duplicate directory "/Users/runner/work/tcm-storage-ios/tcm-storage-ios/build/Build/Products/Debug-iphonesimulator/PackageFrameworks"
2026-04-22T16:45:06.2618630Z ignoring duplicate directory "/Users/runner/work/tcm-storage-ios/tcm-storage-ios/build/Build/Products/Debug-iphonesimulator/PackageFrameworks"
2026-04-22T16:45:06.2618950Z ignoring duplicate directory "/Users/runner/work/tcm-storage-ios/tcm-storage-ios/build/Build/Products/Debug-iphonesimulator/PackageFrameworks"
2026-04-22T16:45:06.2619280Z ignoring duplicate directory "/Users/runner/work/tcm-storage-ios/tcm-storage-ios/build/Build/Products/Debug-iphonesimulator/PackageFrameworks"
2026-04-22T16:45:06.2619610Z ignoring duplicate directory "/Users/runner/work/tcm-storage-ios/tcm-storage-ios/build/Build/Products/Debug-iphonesimulator/PackageFrameworks"
2026-04-22T16:45:06.2619940Z ignoring duplicate directory "/Users/runner/work/tcm-storage-ios/tcm-storage-ios/build/Build/Products/Debug-iphonesimulator/PackageFrameworks"
2026-04-22T16:45:06.2620260Z ignoring duplicate directory "/Users/runner/work/tcm-storage-ios/tcm-storage-ios/build/Build/Products/Debug-iphonesimulator/PackageFrameworks"
2026-04-22T16:45:06.2620590Z ignoring duplicate directory "/Users/runner/work/tcm-storage-ios/tcm-storage-ios/build/Build/Products/Debug-iphonesimulator/PackageFrameworks"
2026-04-22T16:45:06.2620910Z ignoring duplicate directory "/Users/runner/work/tcm-storage-ios/tcm-storage-ios/build/Build/Products/Debug-iphonesimulator/PackageFrameworks"
2026-04-22T16:45:06.2621240Z ignoring duplicate directory "/Users/runner/work/tcm-storage-ios/tcm-storage-ios/build/Build/Products/Debug-iphonesimulator/PackageFrameworks"
2026-04-22T16:45:06.2621630Z ignoring duplicate directory "/Users/runner/work/tcm-storage-ios/tcm-storage-ios/build/Build/Products/Debug-iphonesimulator/PackageFrameworks"
2026-04-22T16:45:06.2621960Z ignoring duplicate directory "/Users/runner/work/tcm-storage-ios/tcm-storage-ios/build/Build/Products/Debug-iphonesimulator/PackageFrameworks"
2026-04-22T16:45:06.2622280Z ignoring duplicate directory "/Users/runner/work/tcm-storage-ios/tcm-storage-ios/build/Build/Products/Debug-iphonesimulator/PackageFrameworks"
2026-04-22T16:45:06.2622610Z ignoring duplicate directory "/Users/runner/work/tcm-storage-ios/tcm-storage-ios/build/Build/Products/Debug-iphonesimulator/PackageFrameworks"
2026-04-22T16:45:06.2622930Z ignoring duplicate directory "/Users/runner/work/tcm-storage-ios/tcm-storage-ios/build/Build/Products/Debug-iphonesimulator/PackageFrameworks"
2026-04-22T16:45:06.2623250Z ignoring duplicate directory "/Users/runner/work/tcm-storage-ios/tcm-storage-ios/build/Build/Products/Debug-iphonesimulator/PackageFrameworks"
2026-04-22T16:45:06.2623650Z ignoring duplicate directory "/Users/runner/work/tcm-storage-ios/tcm-storage-ios/build/Build/Products/Debug-iphonesimulator/PackageFrameworks"
2026-04-22T16:45:06.2624000Z ignoring duplicate directory "/Users/runner/work/tcm-storage-ios/tcm-storage-ios/build/Build/Products/Debug-iphonesimulator/PackageFrameworks"
2026-04-22T16:45:06.2624320Z ignoring duplicate directory "/Users/runner/work/tcm-storage-ios/tcm-storage-ios/build/Build/Products/Debug-iphonesimulator/PackageFrameworks"
2026-04-22T16:45:06.2624830Z ignoring duplicate directory "/Users/runner/work/tcm-storage-ios/tcm-storage-ios/build/Build/Products/Debug-iphonesimulator/PackageFrameworks"
2026-04-22T16:45:06.2625280Z ignoring duplicate directory "/Users/runner/work/tcm-storage-ios/tcm-storage-ios/build/Build/Products/Debug-iphonesimulator/PackageFrameworks"
2026-04-22T16:45:06.2625630Z ignoring duplicate directory "/Users/runner/work/tcm-storage-ios/tcm-storage-ios/build/Build/Products/Debug-iphonesimulator/PackageFrameworks"
2026-04-22T16:45:06.2625950Z ignoring duplicate directory "/Users/runner/work/tcm-storage-ios/tcm-storage-ios/build/Build/Products/Debug-iphonesimulator/PackageFrameworks"
2026-04-22T16:45:06.2626280Z ignoring duplicate directory "/Users/runner/work/tcm-storage-ios/tcm-storage-ios/build/Build/Products/Debug-iphonesimulator/PackageFrameworks"
2026-04-22T16:45:06.2627680Z ignoring duplicate directory "/Users/runner/work/tcm-storage-ios/tcm-storage-ios/build/Build/Products/Debug-iphonesimulator/PackageFrameworks"
2026-04-22T16:45:06.2628080Z ignoring duplicate directory "/Users/runner/work/tcm-storage-ios/tcm-storage-ios/build/Build/Products/Debug-iphonesimulator/PackageFrameworks"
2026-04-22T16:45:06.2628460Z ignoring duplicate directory "/Users/runner/work/tcm-storage-ios/tcm-storage-ios/build/Build/Products/Debug-iphonesimulator/PackageFrameworks"
2026-04-22T16:45:06.2628820Z ignoring duplicate directory "/Users/runner/work/tcm-storage-ios/tcm-storage-ios/build/Build/Products/Debug-iphonesimulator/PackageFrameworks"
2026-04-22T16:45:06.2629150Z ignoring duplicate directory "/Users/runner/work/tcm-storage-ios/tcm-storage-ios/build/Build/Products/Debug-iphonesimulator/PackageFrameworks"
2026-04-22T16:45:06.2629500Z ignoring duplicate directory "/Users/runner/work/tcm-storage-ios/tcm-storage-ios/build/Build/Products/Debug-iphonesimulator/PackageFrameworks"
2026-04-22T16:45:06.2630000Z ignoring duplicate directory "/Users/runner/work/tcm-storage-ios/tcm-storage-ios/build/Build/Products/Debug-iphonesimulator/PackageFrameworks"
2026-04-22T16:45:06.2630330Z ignoring duplicate directory "/Users/runner/work/tcm-storage-ios/tcm-storage-ios/build/Build/Products/Debug-iphonesimulator/PackageFrameworks"
2026-04-22T16:45:06.2630670Z ignoring duplicate directory "/Users/runner/work/tcm-storage-ios/tcm-storage-ios/build/Build/Products/Debug-iphonesimulator/PackageFrameworks"
2026-04-22T16:45:06.2631180Z ignoring duplicate directory "/Users/runner/work/tcm-storage-ios/tcm-storage-ios/build/Build/Products/Debug-iphonesimulator/PackageFrameworks"
2026-04-22T16:45:06.2631530Z ignoring duplicate directory "/Users/runner/work/tcm-storage-ios/tcm-storage-ios/build/Build/Products/Debug-iphonesimulator/PackageFrameworks"
2026-04-22T16:45:06.2632400Z ignoring duplicate directory "/Users/runner/work/tcm-storage-ios/tcm-storage-ios/build/Build/Products/Debug-iphonesimulator/PackageFrameworks"
2026-04-22T16:45:06.2632800Z ignoring duplicate directory "/Users/runner/work/tcm-storage-ios/tcm-storage-ios/build/Build/Products/Debug-iphonesimulator/PackageFrameworks"
2026-04-22T16:45:06.2633180Z ignoring duplicate directory "/Users/runner/work/tcm-storage-ios/tcm-storage-ios/build/Build/Products/Debug-iphonesimulator/PackageFrameworks"
2026-04-22T16:45:06.2633530Z ignoring duplicate directory "/Users/runner/work/tcm-storage-ios/tcm-storage-ios/build/Build/Products/Debug-iphonesimulator/PackageFrameworks"
2026-04-22T16:45:06.2633870Z ignoring duplicate directory "/Users/runner/work/tcm-storage-ios/tcm-storage-ios/build/Build/Products/Debug-iphonesimulator/PackageFrameworks"
2026-04-22T16:45:06.2634350Z ignoring duplicate directory "/Users/runner/work/tcm-storage-ios/tcm-storage-ios/build/Build/Products/Debug-iphonesimulator/PackageFrameworks"
2026-04-22T16:45:06.2634690Z ignoring duplicate directory "/Users/runner/work/tcm-storage-ios/tcm-storage-ios/build/Build/Products/Debug-iphonesimulator/PackageFrameworks"
2026-04-22T16:45:06.2635020Z ignoring duplicate directory "/Users/runner/work/tcm-storage-ios/tcm-storage-ios/build/Build/Products/Debug-iphonesimulator/PackageFrameworks"
2026-04-22T16:45:06.2635430Z ignoring duplicate directory "/Users/runner/work/tcm-storage-ios/tcm-storage-ios/build/Build/Products/Debug-iphonesimulator/PackageFrameworks"
2026-04-22T16:45:06.2635760Z ignoring duplicate directory "/Users/runner/work/tcm-storage-ios/tcm-storage-ios/build/Build/Products/Debug-iphonesimulator/PackageFrameworks"
2026-04-22T16:45:06.2636090Z ignoring duplicate directory "/Users/runner/work/tcm-storage-ios/tcm-storage-ios/build/Build/Products/Debug-iphonesimulator/PackageFrameworks"
2026-04-22T16:45:06.2636420Z ignoring duplicate directory "/Users/runner/work/tcm-storage-ios/tcm-storage-ios/build/Build/Products/Debug-iphonesimulator/PackageFrameworks"
2026-04-22T16:45:06.2636740Z ignoring duplicate directory "/Users/runner/work/tcm-storage-ios/tcm-storage-ios/build/Build/Products/Debug-iphonesimulator/PackageFrameworks"
2026-04-22T16:45:06.2637070Z ignoring duplicate directory "/Users/runner/work/tcm-storage-ios/tcm-storage-ios/build/Build/Products/Debug-iphonesimulator/PackageFrameworks"
2026-04-22T16:45:06.2637400Z ignoring duplicate directory "/Users/runner/work/tcm-storage-ios/tcm-storage-ios/build/Build/Products/Debug-iphonesimulator/PackageFrameworks"
2026-04-22T16:45:06.2637730Z ignoring duplicate directory "/Users/runner/work/tcm-storage-ios/tcm-storage-ios/build/Build/Products/Debug-iphonesimulator/PackageFrameworks"
2026-04-22T16:45:06.2638060Z ignoring duplicate directory "/Users/runner/work/tcm-storage-ios/tcm-storage-ios/build/Build/Products/Debug-iphonesimulator/PackageFrameworks"
2026-04-22T16:45:06.2638390Z ignoring duplicate directory "/Users/runner/work/tcm-storage-ios/tcm-storage-ios/build/Build/Products/Debug-iphonesimulator/PackageFrameworks"
2026-04-22T16:45:06.2638710Z ignoring duplicate directory "/Users/runner/work/tcm-storage-ios/tcm-storage-ios/build/Build/Products/Debug-iphonesimulator/PackageFrameworks"
2026-04-22T16:45:06.2639040Z ignoring duplicate directory "/Users/runner/work/tcm-storage-ios/tcm-storage-ios/build/Build/Products/Debug-iphonesimulator/PackageFrameworks"
2026-04-22T16:45:06.2639370Z ignoring duplicate directory "/Users/runner/work/tcm-storage-ios/tcm-storage-ios/build/Build/Products/Debug-iphonesimulator/PackageFrameworks"
2026-04-22T16:45:06.2639690Z ignoring duplicate directory "/Users/runner/work/tcm-storage-ios/tcm-storage-ios/build/Build/Products/Debug-iphonesimulator/PackageFrameworks"
2026-04-22T16:45:06.2640050Z ignoring duplicate directory "/Users/runner/work/tcm-storage-ios/tcm-storage-ios/build/Build/Products/Debug-iphonesimulator/PackageFrameworks"
2026-04-22T16:45:06.2640380Z ignoring duplicate directory "/Users/runner/work/tcm-storage-ios/tcm-storage-ios/build/Build/Products/Debug-iphonesimulator/PackageFrameworks"
2026-04-22T16:45:06.2640710Z ignoring duplicate directory "/Users/runner/work/tcm-storage-ios/tcm-storage-ios/build/Build/Products/Debug-iphonesimulator/PackageFrameworks"
2026-04-22T16:45:06.2641040Z ignoring duplicate directory "/Users/runner/work/tcm-storage-ios/tcm-storage-ios/build/Build/Products/Debug-iphonesimulator/PackageFrameworks"
2026-04-22T16:45:06.2641360Z ignoring duplicate directory "/Users/runner/work/tcm-storage-ios/tcm-storage-ios/build/Build/Products/Debug-iphonesimulator/PackageFrameworks"
2026-04-22T16:45:06.2641690Z ignoring duplicate directory "/Users/runner/work/tcm-storage-ios/tcm-storage-ios/build/Build/Products/Debug-iphonesimulator/PackageFrameworks"
2026-04-22T16:45:06.2642020Z ignoring duplicate directory "/Users/runner/work/tcm-storage-ios/tcm-storage-ios/build/Build/Products/Debug-iphonesimulator/PackageFrameworks"
2026-04-22T16:45:06.2642370Z ignoring duplicate directory "/Users/runner/work/tcm-storage-ios/tcm-storage-ios/build/Build/Products/Debug-iphonesimulator/PackageFrameworks"
2026-04-22T16:45:06.2642710Z ignoring duplicate directory "/Users/runner/work/tcm-storage-ios/tcm-storage-ios/build/Build/Products/Debug-iphonesimulator/PackageFrameworks"
2026-04-22T16:45:06.2643050Z ignoring duplicate directory "/Users/runner/work/tcm-storage-ios/tcm-storage-ios/build/Build/Products/Debug-iphonesimulator/PackageFrameworks"
2026-04-22T16:45:06.2643470Z ignoring duplicate directory "/Users/runner/work/tcm-storage-ios/tcm-storage-ios/build/Build/Products/Debug-iphonesimulator/PackageFrameworks"
2026-04-22T16:45:06.2643530Z #include "..." search starts here:
2026-04-22T16:45:06.2644010Z  /Users/runner/work/tcm-storage-ios/tcm-storage-ios/build/Build/Intermediates.noindex/Nextcloud.build/Debug-iphonesimulator/Nextcloud.build/Nextcloud-generated-files.hmap (headermap)
2026-04-22T16:45:06.2644470Z  /Users/runner/work/tcm-storage-ios/tcm-storage-ios/build/Build/Intermediates.noindex/Nextcloud.build/Debug-iphonesimulator/Nextcloud.build/Nextcloud-project-headers.hmap (headermap)
2026-04-22T16:45:06.2644530Z #include <...> search starts here:
2026-04-22T16:45:06.2644990Z  /Users/runner/work/tcm-storage-ios/tcm-storage-ios/build/Build/Intermediates.noindex/Nextcloud.build/Debug-iphonesimulator/Nextcloud.build/Nextcloud-own-target-headers.hmap (headermap)
2026-04-22T16:45:06.2645510Z  /Users/runner/work/tcm-storage-ios/tcm-storage-ios/build/Build/Intermediates.noindex/Nextcloud.build/Debug-iphonesimulator/Nextcloud.build/Nextcloud-all-non-framework-target-headers.hmap (headermap)
2026-04-22T16:45:06.2645830Z  /Users/runner/work/tcm-storage-ios/tcm-storage-ios/build/SourcePackages/checkouts/swift-nio-ssl/Sources/CNIOBoringSSLShims/include
2026-04-22T16:45:06.2646140Z  /Users/runner/work/tcm-storage-ios/tcm-storage-ios/build/SourcePackages/checkouts/swift-nio-ssl/Sources/CNIOBoringSSL/include
2026-04-22T16:45:06.2646430Z  /Users/runner/work/tcm-storage-ios/tcm-storage-ios/build/SourcePackages/checkouts/swift-atomics/Sources/_AtomicsShims/include
2026-04-22T16:45:06.2646700Z  /Users/runner/work/tcm-storage-ios/tcm-storage-ios/build/SourcePackages/checkouts/swift-nio/Sources/CNIOPosix/include
2026-04-22T16:45:06.2646960Z  /Users/runner/work/tcm-storage-ios/tcm-storage-ios/build/SourcePackages/checkouts/swift-nio/Sources/CNIOWASI/include
2026-04-22T16:45:06.2647250Z  /Users/runner/work/tcm-storage-ios/tcm-storage-ios/build/SourcePackages/checkouts/swift-nio/Sources/CNIOWindows/include
2026-04-22T16:45:06.2647540Z  /Users/runner/work/tcm-storage-ios/tcm-storage-ios/build/SourcePackages/checkouts/swift-nio/Sources/CNIOLinux/include
2026-04-22T16:45:06.2647810Z  /Users/runner/work/tcm-storage-ios/tcm-storage-ios/build/SourcePackages/checkouts/swift-nio/Sources/CNIODarwin/include
2026-04-22T16:45:06.2648160Z  /Users/runner/work/tcm-storage-ios/tcm-storage-ios/build/SourcePackages/checkouts/swift-nio/Sources/CNIOOpenBSD/include
2026-04-22T16:45:06.2659380Z  /Users/runner/work/tcm-storage-ios/tcm-storage-ios/build/SourcePackages/checkouts/swift-nio/Sources/CNIOAtomics/include
2026-04-22T16:45:06.2659640Z  /Users/runner/work/tcm-storage-ios/tcm-storage-ios/build/SourcePackages/checkouts/realm-core/src
2026-04-22T16:45:06.2659890Z  /Users/runner/work/tcm-storage-ios/tcm-storage-ios/build/SourcePackages/checkouts/realm-core/src/external/s2
2026-04-22T16:45:06.2660230Z  /Users/runner/work/tcm-storage-ios/tcm-storage-ios/build/SourcePackages/checkouts/realm-core/src/external/IntelRDFPMathLib20U2/LIBRARY/src
2026-04-22T16:45:06.2660450Z  /Users/runner/work/tcm-storage-ios/tcm-storage-ios/build/SourcePackages/checkouts/realm-core/src/spm
2026-04-22T16:45:06.2660670Z  /Users/runner/work/tcm-storage-ios/tcm-storage-ios/build/SourcePackages/checkouts/realm-swift/include
2026-04-22T16:45:06.2660990Z  /Users/runner/work/tcm-storage-ios/tcm-storage-ios/build/SourcePackages/checkouts/GoogleUtilities/GoogleUtilities/NSData+zlib/Public
2026-04-22T16:45:06.2661440Z  /Users/runner/work/tcm-storage-ios/tcm-storage-ios/build/SourcePackages/checkouts/GoogleUtilities/GoogleUtilities/Logger/Public
2026-04-22T16:45:06.2661900Z  /Users/runner/work/tcm-storage-ios/tcm-storage-ios/build/SourcePackages/checkouts/GoogleUtilities/GoogleUtilities/Environment/Public
2026-04-22T16:45:06.2662230Z  /Users/runner/work/tcm-storage-ios/tcm-storage-ios/build/SourcePackages/checkouts/GoogleUtilities/third_party/IsAppEncrypted/Public
2026-04-22T16:45:06.2663890Z  /Users/runner/work/tcm-storage-ios/tcm-storage-ios/build/SourcePackages/checkouts/GoogleUtilities/GoogleUtilities/UserDefaults/Public
2026-04-22T16:45:06.2664220Z  /Users/runner/work/tcm-storage-ios/tcm-storage-ios/build/SourcePackages/checkouts/nanopb/spm_headers
2026-04-22T16:45:06.2664500Z  /Users/runner/work/tcm-storage-ios/tcm-storage-ios/build/SourcePackages/checkouts/promises/Sources/FBLPromises/include
2026-04-22T16:45:06.2664960Z  /Users/runner/work/tcm-storage-ios/tcm-storage-ios/build/SourcePackages/checkouts/GoogleDataTransport/GoogleDataTransport/GDTCORLibrary/Public
2026-04-22T16:45:06.2665260Z  /Users/runner/work/tcm-storage-ios/tcm-storage-ios/build/SourcePackages/checkouts/firebase-ios-sdk/FirebaseSessions/SourcesObjC
2026-04-22T16:45:06.2665950Z  /Users/runner/work/tcm-storage-ios/tcm-storage-ios/build/SourcePackages/checkouts/firebase-ios-sdk/FirebaseCore/Extension
2026-04-22T16:45:06.2666320Z  /Users/runner/work/tcm-storage-ios/tcm-storage-ios/build/SourcePackages/checkouts/firebase-ios-sdk/FirebaseInstallations/Source/Library/Public
2026-04-22T16:45:06.2666620Z  /Users/runner/work/tcm-storage-ios/tcm-storage-ios/build/SourcePackages/checkouts/firebase-ios-sdk/FirebaseCore/Sources/Public
2026-04-22T16:45:06.2666890Z  /Users/runner/work/tcm-storage-ios/tcm-storage-ios/build/SourcePackages/checkouts/firebase-ios-sdk/CoreOnly/Sources
2026-04-22T16:45:06.2667230Z  /Users/runner/work/tcm-storage-ios/tcm-storage-ios/build/SourcePackages/checkouts/firebase-ios-sdk/Crashlytics/Crashlytics/Public
2026-04-22T16:45:06.2667500Z  /Users/runner/work/tcm-storage-ios/tcm-storage-ios/build/SourcePackages/checkouts/GzipSwift/Sources/system-zlib/include
2026-04-22T16:45:06.2667870Z  /Users/runner/work/tcm-storage-ios/tcm-storage-ios/build/Build/Intermediates.noindex/Nextcloud.build/Debug-iphonesimulator/Nextcloud.build/DerivedSources
2026-04-22T16:45:06.2668190Z  /Users/runner/work/tcm-storage-ios/tcm-storage-ios/build/Build/Products/Debug-iphonesimulator/PackageFrameworks (framework directory)
2026-04-22T16:45:06.2668450Z  /Users/runner/work/tcm-storage-ios/tcm-storage-ios/build/Build/Products/Debug-iphonesimulator (framework directory)
2026-04-22T16:45:06.2668770Z  /Applications/Xcode_26.2.app/Contents/Developer/Platforms/iPhoneSimulator.platform/Developer/Library/Frameworks (framework directory)
2026-04-22T16:45:06.2669230Z  /Applications/Xcode_26.2.app/Contents/Developer/Platforms/iPhoneSimulator.platform/Developer/SDKs/iPhoneSimulator26.2.sdk/Developer/Library/Frameworks (framework directory)
2026-04-22T16:45:06.2669570Z  /Applications/Xcode_26.2.app/Contents/Developer/Toolchains/XcodeDefault.xctoolchain/usr/lib/clang/17/include
2026-04-22T16:45:06.2669970Z  /Applications/Xcode_26.2.app/Contents/Developer/Platforms/iPhoneSimulator.platform/Developer/SDKs/iPhoneSimulator26.2.sdk/usr/include
2026-04-22T16:45:06.2670180Z  /Applications/Xcode_26.2.app/Contents/Developer/Toolchains/XcodeDefault.xctoolchain/usr/include
2026-04-22T16:45:06.2670610Z  /Applications/Xcode_26.2.app/Contents/Developer/Platforms/iPhoneSimulator.platform/Developer/SDKs/iPhoneSimulator26.2.sdk/System/Library/Frameworks (framework directory)
2026-04-22T16:45:06.2671040Z  /Applications/Xcode_26.2.app/Contents/Developer/Platforms/iPhoneSimulator.platform/Developer/SDKs/iPhoneSimulator26.2.sdk/System/Library/SubFrameworks (framework directory)
2026-04-22T16:45:06.2671090Z End of search list.
2026-04-22T16:45:06.2671270Z Apple clang version 17.0.0 (clang-1700.6.3.2)
2026-04-22T16:45:06.2671340Z Target: arm64-apple-ios17.0-simulator
2026-04-22T16:45:06.2671380Z Thread model: posix
2026-04-22T16:45:06.2671680Z InstalledDir: /Applications/Xcode_26.2.app/Contents/Developer/Toolchains/XcodeDefault.xctoolchain/usr/bin
2026-04-22T16:45:06.2671760Z Apple clang version 17.0.0 (clang-1700.6.3.2)
2026-04-22T16:45:06.2671820Z Target: arm64-apple-ios17.0-simulator
2026-04-22T16:45:06.2671870Z Thread model: posix
2026-04-22T16:45:06.2672100Z InstalledDir: /Applications/Xcode_26.2.app/Contents/Developer/Toolchains/XcodeDefault.xctoolchain/usr/bin
2026-04-22T16:45:06.2672350Z clang -cc1 version 17.0.0 (clang-1700.6.3.2) default target arm64-apple-darwin24.6.0
2026-04-22T16:45:06.2672710Z ignoring nonexistent directory "/Users/runner/work/tcm-storage-ios/tcm-storage-ios/build/Build/Products/Debug-iphonesimulator/include"
2026-04-22T16:45:06.2673210Z ignoring nonexistent directory "/Users/runner/work/tcm-storage-ios/tcm-storage-ios/build/Build/Intermediates.noindex/Nextcloud.build/Debug-iphonesimulator/Nextcloud.build/DerivedSources-normal/arm64"
2026-04-22T16:45:06.2673690Z ignoring nonexistent directory "/Users/runner/work/tcm-storage-ios/tcm-storage-ios/build/Build/Intermediates.noindex/Nextcloud.build/Debug-iphonesimulator/Nextcloud.build/DerivedSources/arm64"
2026-04-22T16:45:06.2674110Z ignoring nonexistent directory "/Applications/Xcode_26.2.app/Contents/Developer/Platforms/iPhoneSimulator.platform/Developer/SDKs/iPhoneSimulator26.2.sdk/usr/local/include"
2026-04-22T16:45:06.2674530Z ignoring nonexistent directory "/Applications/Xcode_26.2.app/Contents/Developer/Platforms/iPhoneSimulator.platform/Developer/SDKs/iPhoneSimulator26.2.sdk/Library/Frameworks"
2026-04-22T16:45:06.2674870Z ignoring duplicate directory "/Users/runner/work/tcm-storage-ios/tcm-storage-ios/build/Build/Products/Debug-iphonesimulator/PackageFrameworks"
2026-04-22T16:45:06.2675200Z ignoring duplicate directory "/Users/runner/work/tcm-storage-ios/tcm-storage-ios/build/Build/Products/Debug-iphonesimulator/PackageFrameworks"
2026-04-22T16:45:06.2675530Z ignoring duplicate directory "/Users/runner/work/tcm-storage-ios/tcm-storage-ios/build/Build/Products/Debug-iphonesimulator/PackageFrameworks"
2026-04-22T16:45:06.2675860Z ignoring duplicate directory "/Users/runner/work/tcm-storage-ios/tcm-storage-ios/build/Build/Products/Debug-iphonesimulator/PackageFrameworks"
2026-04-22T16:45:06.2676180Z ignoring duplicate directory "/Users/runner/work/tcm-storage-ios/tcm-storage-ios/build/Build/Products/Debug-iphonesimulator/PackageFrameworks"
2026-04-22T16:45:06.2676510Z ignoring duplicate directory "/Users/runner/work/tcm-storage-ios/tcm-storage-ios/build/Build/Products/Debug-iphonesimulator/PackageFrameworks"
2026-04-22T16:45:06.2676840Z ignoring duplicate directory "/Users/runner/work/tcm-storage-ios/tcm-storage-ios/build/Build/Products/Debug-iphonesimulator/PackageFrameworks"
2026-04-22T16:45:06.2677180Z ignoring duplicate directory "/Users/runner/work/tcm-storage-ios/tcm-storage-ios/build/Build/Products/Debug-iphonesimulator/PackageFrameworks"
2026-04-22T16:45:06.2677650Z ignoring duplicate directory "/Users/runner/work/tcm-storage-ios/tcm-storage-ios/build/Build/Products/Debug-iphonesimulator/PackageFrameworks"
2026-04-22T16:45:06.2677980Z ignoring duplicate directory "/Users/runner/work/tcm-storage-ios/tcm-storage-ios/build/Build/Products/Debug-iphonesimulator/PackageFrameworks"
2026-04-22T16:45:06.2678300Z ignoring duplicate directory "/Users/runner/work/tcm-storage-ios/tcm-storage-ios/build/Build/Products/Debug-iphonesimulator/PackageFrameworks"
2026-04-22T16:45:06.2678630Z ignoring duplicate directory "/Users/runner/work/tcm-storage-ios/tcm-storage-ios/build/Build/Products/Debug-iphonesimulator/PackageFrameworks"
2026-04-22T16:45:06.2678960Z ignoring duplicate directory "/Users/runner/work/tcm-storage-ios/tcm-storage-ios/build/Build/Products/Debug-iphonesimulator/PackageFrameworks"
2026-04-22T16:45:06.2679290Z ignoring duplicate directory "/Users/runner/work/tcm-storage-ios/tcm-storage-ios/build/Build/Products/Debug-iphonesimulator/PackageFrameworks"
2026-04-22T16:45:06.2679710Z ignoring duplicate directory "/Users/runner/work/tcm-storage-ios/tcm-storage-ios/build/Build/Products/Debug-iphonesimulator/PackageFrameworks"
2026-04-22T16:45:06.2680070Z ignoring duplicate directory "/Users/runner/work/tcm-storage-ios/tcm-storage-ios/build/Build/Products/Debug-iphonesimulator/PackageFrameworks"
2026-04-22T16:45:06.2680400Z ignoring duplicate directory "/Users/runner/work/tcm-storage-ios/tcm-storage-ios/build/Build/Products/Debug-iphonesimulator/PackageFrameworks"
2026-04-22T16:45:06.2680780Z ignoring duplicate directory "/Users/runner/work/tcm-storage-ios/tcm-storage-ios/build/Build/Products/Debug-iphonesimulator/PackageFrameworks"
2026-04-22T16:45:06.2681140Z ignoring duplicate directory "/Users/runner/work/tcm-storage-ios/tcm-storage-ios/build/Build/Products/Debug-iphonesimulator/PackageFrameworks"
2026-04-22T16:45:06.2681470Z ignoring duplicate directory "/Users/runner/work/tcm-storage-ios/tcm-storage-ios/build/Build/Products/Debug-iphonesimulator/PackageFrameworks"
2026-04-22T16:45:06.2681800Z ignoring duplicate directory "/Users/runner/work/tcm-storage-ios/tcm-storage-ios/build/Build/Products/Debug-iphonesimulator/PackageFrameworks"
2026-04-22T16:45:06.2682130Z ignoring duplicate directory "/Users/runner/work/tcm-storage-ios/tcm-storage-ios/build/Build/Products/Debug-iphonesimulator/PackageFrameworks"
2026-04-22T16:45:06.2682450Z ignoring duplicate directory "/Users/runner/work/tcm-storage-ios/tcm-storage-ios/build/Build/Products/Debug-iphonesimulator/PackageFrameworks"
2026-04-22T16:45:06.2682790Z ignoring duplicate directory "/Users/runner/work/tcm-storage-ios/tcm-storage-ios/build/Build/Products/Debug-iphonesimulator/PackageFrameworks"
2026-04-22T16:45:06.2683120Z ignoring duplicate directory "/Users/runner/work/tcm-storage-ios/tcm-storage-ios/build/Build/Products/Debug-iphonesimulator/PackageFrameworks"
2026-04-22T16:45:06.2683450Z ignoring duplicate directory "/Users/runner/work/tcm-storage-ios/tcm-storage-ios/build/Build/Products/Debug-iphonesimulator/PackageFrameworks"
2026-04-22T16:45:06.2683800Z ignoring duplicate directory "/Users/runner/work/tcm-storage-ios/tcm-storage-ios/build/Build/Products/Debug-iphonesimulator/PackageFrameworks"
2026-04-22T16:45:06.2684150Z ignoring duplicate directory "/Users/runner/work/tcm-storage-ios/tcm-storage-ios/build/Build/Products/Debug-iphonesimulator/PackageFrameworks"
2026-04-22T16:45:06.2684510Z ignoring duplicate directory "/Users/runner/work/tcm-storage-ios/tcm-storage-ios/build/Build/Products/Debug-iphonesimulator/PackageFrameworks"
2026-04-22T16:45:06.2684840Z ignoring duplicate directory "/Users/runner/work/tcm-storage-ios/tcm-storage-ios/build/Build/Products/Debug-iphonesimulator/PackageFrameworks"
2026-04-22T16:45:06.2685170Z ignoring duplicate directory "/Users/runner/work/tcm-storage-ios/tcm-storage-ios/build/Build/Products/Debug-iphonesimulator/PackageFrameworks"
2026-04-22T16:45:06.2685490Z ignoring duplicate directory "/Users/runner/work/tcm-storage-ios/tcm-storage-ios/build/Build/Products/Debug-iphonesimulator/PackageFrameworks"
2026-04-22T16:45:06.2685870Z ignoring duplicate directory "/Users/runner/work/tcm-storage-ios/tcm-storage-ios/build/Build/Products/Debug-iphonesimulator/PackageFrameworks"
2026-04-22T16:45:06.2686200Z ignoring duplicate directory "/Users/runner/work/tcm-storage-ios/tcm-storage-ios/build/Build/Products/Debug-iphonesimulator/PackageFrameworks"
2026-04-22T16:45:06.2686530Z ignoring duplicate directory "/Users/runner/work/tcm-storage-ios/tcm-storage-ios/build/Build/Products/Debug-iphonesimulator/PackageFrameworks"
2026-04-22T16:45:06.2686850Z ignoring duplicate directory "/Users/runner/work/tcm-storage-ios/tcm-storage-ios/build/Build/Products/Debug-iphonesimulator/PackageFrameworks"
2026-04-22T16:45:06.2687180Z ignoring duplicate directory "/Users/runner/work/tcm-storage-ios/tcm-storage-ios/build/Build/Products/Debug-iphonesimulator/PackageFrameworks"
2026-04-22T16:45:06.2687500Z ignoring duplicate directory "/Users/runner/work/tcm-storage-ios/tcm-storage-ios/build/Build/Products/Debug-iphonesimulator/PackageFrameworks"
2026-04-22T16:45:06.2687870Z ignoring duplicate directory "/Users/runner/work/tcm-storage-ios/tcm-storage-ios/build/Build/Products/Debug-iphonesimulator/PackageFrameworks"
2026-04-22T16:45:06.2688200Z ignoring duplicate directory "/Users/runner/work/tcm-storage-ios/tcm-storage-ios/build/Build/Products/Debug-iphonesimulator/PackageFrameworks"
2026-04-22T16:45:06.2688540Z ignoring duplicate directory "/Users/runner/work/tcm-storage-ios/tcm-storage-ios/build/Build/Products/Debug-iphonesimulator/PackageFrameworks"
2026-04-22T16:45:06.2688930Z ignoring duplicate directory "/Users/runner/work/tcm-storage-ios/tcm-storage-ios/build/Build/Products/Debug-iphonesimulator/PackageFrameworks"
2026-04-22T16:45:06.2689290Z ignoring duplicate directory "/Users/runner/work/tcm-storage-ios/tcm-storage-ios/build/Build/Products/Debug-iphonesimulator/PackageFrameworks"
2026-04-22T16:45:06.2689620Z ignoring duplicate directory "/Users/runner/work/tcm-storage-ios/tcm-storage-ios/build/Build/Products/Debug-iphonesimulator/PackageFrameworks"
2026-04-22T16:45:06.2689970Z ignoring duplicate directory "/Users/runner/work/tcm-storage-ios/tcm-storage-ios/build/Build/Products/Debug-iphonesimulator/PackageFrameworks"
2026-04-22T16:45:06.2690300Z ignoring duplicate directory "/Users/runner/work/tcm-storage-ios/tcm-storage-ios/build/Build/Products/Debug-iphonesimulator/PackageFrameworks"
2026-04-22T16:45:06.2690630Z ignoring duplicate directory "/Users/runner/work/tcm-storage-ios/tcm-storage-ios/build/Build/Products/Debug-iphonesimulator/PackageFrameworks"
2026-04-22T16:45:06.2690980Z ignoring duplicate directory "/Users/runner/work/tcm-storage-ios/tcm-storage-ios/build/Build/Products/Debug-iphonesimulator/PackageFrameworks"
2026-04-22T16:45:06.2691310Z ignoring duplicate directory "/Users/runner/work/tcm-storage-ios/tcm-storage-ios/build/Build/Products/Debug-iphonesimulator/PackageFrameworks"
2026-04-22T16:45:06.2691640Z ignoring duplicate directory "/Users/runner/work/tcm-storage-ios/tcm-storage-ios/build/Build/Products/Debug-iphonesimulator/PackageFrameworks"
2026-04-22T16:45:06.2691990Z ignoring duplicate directory "/Users/runner/work/tcm-storage-ios/tcm-storage-ios/build/Build/Products/Debug-iphonesimulator/PackageFrameworks"
2026-04-22T16:45:06.2692320Z ignoring duplicate directory "/Users/runner/work/tcm-storage-ios/tcm-storage-ios/build/Build/Products/Debug-iphonesimulator/PackageFrameworks"
2026-04-22T16:45:06.2692670Z ignoring duplicate directory "/Users/runner/work/tcm-storage-ios/tcm-storage-ios/build/Build/Products/Debug-iphonesimulator/PackageFrameworks"
2026-04-22T16:45:06.2693020Z ignoring duplicate directory "/Users/runner/work/tcm-storage-ios/tcm-storage-ios/build/Build/Products/Debug-iphonesimulator/PackageFrameworks"
2026-04-22T16:45:06.2693360Z ignoring duplicate directory "/Users/runner/work/tcm-storage-ios/tcm-storage-ios/build/Build/Products/Debug-iphonesimulator/PackageFrameworks"
2026-04-22T16:45:06.2693770Z ignoring duplicate directory "/Users/runner/work/tcm-storage-ios/tcm-storage-ios/build/Build/Products/Debug-iphonesimulator/PackageFrameworks"
2026-04-22T16:45:06.2694110Z ignoring duplicate directory "/Users/runner/work/tcm-storage-ios/tcm-storage-ios/build/Build/Products/Debug-iphonesimulator/PackageFrameworks"
2026-04-22T16:45:06.2694440Z ignoring duplicate directory "/Users/runner/work/tcm-storage-ios/tcm-storage-ios/build/Build/Products/Debug-iphonesimulator/PackageFrameworks"
2026-04-22T16:45:06.2694780Z ignoring duplicate directory "/Users/runner/work/tcm-storage-ios/tcm-storage-ios/build/Build/Products/Debug-iphonesimulator/PackageFrameworks"
2026-04-22T16:45:06.2695110Z ignoring duplicate directory "/Users/runner/work/tcm-storage-ios/tcm-storage-ios/build/Build/Products/Debug-iphonesimulator/PackageFrameworks"
2026-04-22T16:45:06.2695460Z ignoring duplicate directory "/Users/runner/work/tcm-storage-ios/tcm-storage-ios/build/Build/Products/Debug-iphonesimulator/PackageFrameworks"
2026-04-22T16:45:06.2695840Z ignoring duplicate directory "/Users/runner/work/tcm-storage-ios/tcm-storage-ios/build/Build/Products/Debug-iphonesimulator/PackageFrameworks"
2026-04-22T16:45:06.2696250Z ignoring duplicate directory "/Users/runner/work/tcm-storage-ios/tcm-storage-ios/build/Build/Products/Debug-iphonesimulator/PackageFrameworks"
2026-04-22T16:45:06.2696580Z ignoring duplicate directory "/Users/runner/work/tcm-storage-ios/tcm-storage-ios/build/Build/Products/Debug-iphonesimulator/PackageFrameworks"
2026-04-22T16:45:06.2696910Z ignoring duplicate directory "/Users/runner/work/tcm-storage-ios/tcm-storage-ios/build/Build/Products/Debug-iphonesimulator/PackageFrameworks"
2026-04-22T16:45:06.2697310Z ignoring duplicate directory "/Users/runner/work/tcm-storage-ios/tcm-storage-ios/build/Build/Products/Debug-iphonesimulator/PackageFrameworks"
2026-04-22T16:45:06.2697640Z ignoring duplicate directory "/Users/runner/work/tcm-storage-ios/tcm-storage-ios/build/Build/Products/Debug-iphonesimulator/PackageFrameworks"
2026-04-22T16:45:06.2697970Z ignoring duplicate directory "/Users/runner/work/tcm-storage-ios/tcm-storage-ios/build/Build/Products/Debug-iphonesimulator/PackageFrameworks"
2026-04-22T16:45:06.2698300Z ignoring duplicate directory "/Users/runner/work/tcm-storage-ios/tcm-storage-ios/build/Build/Products/Debug-iphonesimulator/PackageFrameworks"
2026-04-22T16:45:06.2698620Z ignoring duplicate directory "/Users/runner/work/tcm-storage-ios/tcm-storage-ios/build/Build/Products/Debug-iphonesimulator/PackageFrameworks"
2026-04-22T16:45:06.2698950Z ignoring duplicate directory "/Users/runner/work/tcm-storage-ios/tcm-storage-ios/build/Build/Products/Debug-iphonesimulator/PackageFrameworks"
2026-04-22T16:45:06.2699280Z ignoring duplicate directory "/Users/runner/work/tcm-storage-ios/tcm-storage-ios/build/Build/Products/Debug-iphonesimulator/PackageFrameworks"
2026-04-22T16:45:06.2699610Z ignoring duplicate directory "/Users/runner/work/tcm-storage-ios/tcm-storage-ios/build/Build/Products/Debug-iphonesimulator/PackageFrameworks"
2026-04-22T16:45:06.2699940Z ignoring duplicate directory "/Users/runner/work/tcm-storage-ios/tcm-storage-ios/build/Build/Products/Debug-iphonesimulator/PackageFrameworks"
2026-04-22T16:45:06.2701770Z ignoring duplicate directory "/Users/runner/work/tcm-storage-ios/tcm-storage-ios/build/Build/Products/Debug-iphonesimulator/PackageFrameworks"
2026-04-22T16:45:06.2702650Z ignoring duplicate directory "/Users/runner/work/tcm-storage-ios/tcm-storage-ios/build/Build/Products/Debug-iphonesimulator/PackageFrameworks"
2026-04-22T16:45:06.2702720Z #include "..." search starts here:
2026-04-22T16:45:06.2703190Z  /Users/runner/work/tcm-storage-ios/tcm-storage-ios/build/Build/Intermediates.noindex/Nextcloud.build/Debug-iphonesimulator/Nextcloud.build/Nextcloud-generated-files.hmap (headermap)
2026-04-22T16:45:06.2703670Z  /Users/runner/work/tcm-storage-ios/tcm-storage-ios/build/Build/Intermediates.noindex/Nextcloud.build/Debug-iphonesimulator/Nextcloud.build/Nextcloud-project-headers.hmap (headermap)
2026-04-22T16:45:06.2703910Z #include <...> search starts here:
2026-04-22T16:45:06.2704400Z  /Users/runner/work/tcm-storage-ios/tcm-storage-ios/build/Build/Intermediates.noindex/Nextcloud.build/Debug-iphonesimulator/Nextcloud.build/Nextcloud-own-target-headers.hmap (headermap)
2026-04-22T16:45:06.2728620Z  /Users/runner/work/tcm-storage-ios/tcm-storage-ios/build/Build/Intermediates.noindex/Nextcloud.build/Debug-iphonesimulator/Nextcloud.build/Nextcloud-all-non-framework-target-headers.hmap (headermap)
2026-04-22T16:45:06.2729000Z  /Users/runner/work/tcm-storage-ios/tcm-storage-ios/build/SourcePackages/checkouts/swift-nio-ssl/Sources/CNIOBoringSSLShims/include
2026-04-22T16:45:06.2729310Z  /Users/runner/work/tcm-storage-ios/tcm-storage-ios/build/SourcePackages/checkouts/swift-nio-ssl/Sources/CNIOBoringSSL/include
2026-04-22T16:45:06.2729600Z  /Users/runner/work/tcm-storage-ios/tcm-storage-ios/build/SourcePackages/checkouts/swift-atomics/Sources/_AtomicsShims/include
2026-04-22T16:45:06.2729880Z  /Users/runner/work/tcm-storage-ios/tcm-storage-ios/build/SourcePackages/checkouts/swift-nio/Sources/CNIOPosix/include
2026-04-22T16:45:06.2730150Z  /Users/runner/work/tcm-storage-ios/tcm-storage-ios/build/SourcePackages/checkouts/swift-nio/Sources/CNIOWASI/include
2026-04-22T16:45:06.2730600Z  /Users/runner/work/tcm-storage-ios/tcm-storage-ios/build/SourcePackages/checkouts/swift-nio/Sources/CNIOWindows/include
2026-04-22T16:45:06.2730870Z  /Users/runner/work/tcm-storage-ios/tcm-storage-ios/build/SourcePackages/checkouts/swift-nio/Sources/CNIOLinux/include
2026-04-22T16:45:06.2731130Z  /Users/runner/work/tcm-storage-ios/tcm-storage-ios/build/SourcePackages/checkouts/swift-nio/Sources/CNIODarwin/include
2026-04-22T16:45:06.2731550Z  /Users/runner/work/tcm-storage-ios/tcm-storage-ios/build/SourcePackages/checkouts/swift-nio/Sources/CNIOOpenBSD/include
2026-04-22T16:45:06.2731890Z  /Users/runner/work/tcm-storage-ios/tcm-storage-ios/build/SourcePackages/checkouts/swift-nio/Sources/CNIOAtomics/include
2026-04-22T16:45:06.2732100Z  /Users/runner/work/tcm-storage-ios/tcm-storage-ios/build/SourcePackages/checkouts/realm-core/src
2026-04-22T16:45:06.2732350Z  /Users/runner/work/tcm-storage-ios/tcm-storage-ios/build/SourcePackages/checkouts/realm-core/src/external/s2
2026-04-22T16:45:06.2732680Z  /Users/runner/work/tcm-storage-ios/tcm-storage-ios/build/SourcePackages/checkouts/realm-core/src/external/IntelRDFPMathLib20U2/LIBRARY/src
2026-04-22T16:45:06.2732900Z  /Users/runner/work/tcm-storage-ios/tcm-storage-ios/build/SourcePackages/checkouts/realm-core/src/spm
2026-04-22T16:45:06.2733120Z  /Users/runner/work/tcm-storage-ios/tcm-storage-ios/build/SourcePackages/checkouts/realm-swift/include
2026-04-22T16:45:06.2733430Z  /Users/runner/work/tcm-storage-ios/tcm-storage-ios/build/SourcePackages/checkouts/GoogleUtilities/GoogleUtilities/NSData+zlib/Public
2026-04-22T16:45:06.2733770Z  /Users/runner/work/tcm-storage-ios/tcm-storage-ios/build/SourcePackages/checkouts/GoogleUtilities/GoogleUtilities/Logger/Public
2026-04-22T16:45:06.2734140Z  /Users/runner/work/tcm-storage-ios/tcm-storage-ios/build/SourcePackages/checkouts/GoogleUtilities/GoogleUtilities/Environment/Public
2026-04-22T16:45:06.2734450Z  /Users/runner/work/tcm-storage-ios/tcm-storage-ios/build/SourcePackages/checkouts/GoogleUtilities/third_party/IsAppEncrypted/Public
2026-04-22T16:45:06.2734770Z  /Users/runner/work/tcm-storage-ios/tcm-storage-ios/build/SourcePackages/checkouts/GoogleUtilities/GoogleUtilities/UserDefaults/Public
2026-04-22T16:45:06.2734990Z  /Users/runner/work/tcm-storage-ios/tcm-storage-ios/build/SourcePackages/checkouts/nanopb/spm_headers
2026-04-22T16:45:06.2735260Z  /Users/runner/work/tcm-storage-ios/tcm-storage-ios/build/SourcePackages/checkouts/promises/Sources/FBLPromises/include
2026-04-22T16:45:06.2735610Z  /Users/runner/work/tcm-storage-ios/tcm-storage-ios/build/SourcePackages/checkouts/GoogleDataTransport/GoogleDataTransport/GDTCORLibrary/Public
2026-04-22T16:45:06.2735910Z  /Users/runner/work/tcm-storage-ios/tcm-storage-ios/build/SourcePackages/checkouts/firebase-ios-sdk/FirebaseSessions/SourcesObjC
2026-04-22T16:45:06.2736340Z  /Users/runner/work/tcm-storage-ios/tcm-storage-ios/build/SourcePackages/checkouts/firebase-ios-sdk/FirebaseCore/Extension
2026-04-22T16:45:06.2736680Z  /Users/runner/work/tcm-storage-ios/tcm-storage-ios/build/SourcePackages/checkouts/firebase-ios-sdk/FirebaseInstallations/Source/Library/Public
2026-04-22T16:45:06.2736970Z  /Users/runner/work/tcm-storage-ios/tcm-storage-ios/build/SourcePackages/checkouts/firebase-ios-sdk/FirebaseCore/Sources/Public
2026-04-22T16:45:06.2737230Z  /Users/runner/work/tcm-storage-ios/tcm-storage-ios/build/SourcePackages/checkouts/firebase-ios-sdk/CoreOnly/Sources
2026-04-22T16:45:06.2737540Z  /Users/runner/work/tcm-storage-ios/tcm-storage-ios/build/SourcePackages/checkouts/firebase-ios-sdk/Crashlytics/Crashlytics/Public
2026-04-22T16:45:06.2737810Z  /Users/runner/work/tcm-storage-ios/tcm-storage-ios/build/SourcePackages/checkouts/GzipSwift/Sources/system-zlib/include
2026-04-22T16:45:06.2738190Z  /Users/runner/work/tcm-storage-ios/tcm-storage-ios/build/Build/Intermediates.noindex/Nextcloud.build/Debug-iphonesimulator/Nextcloud.build/DerivedSources
2026-04-22T16:45:06.2738600Z  /Users/runner/work/tcm-storage-ios/tcm-storage-ios/build/Build/Products/Debug-iphonesimulator/PackageFrameworks (framework directory)
2026-04-22T16:45:06.2738870Z  /Users/runner/work/tcm-storage-ios/tcm-storage-ios/build/Build/Products/Debug-iphonesimulator (framework directory)
2026-04-22T16:45:06.2739180Z  /Applications/Xcode_26.2.app/Contents/Developer/Platforms/iPhoneSimulator.platform/Developer/Library/Frameworks (framework directory)
2026-04-22T16:45:06.2739640Z  /Applications/Xcode_26.2.app/Contents/Developer/Platforms/iPhoneSimulator.platform/Developer/SDKs/iPhoneSimulator26.2.sdk/Developer/Library/Frameworks (framework directory)
2026-04-22T16:45:06.2739910Z  /Applications/Xcode_26.2.app/Contents/Developer/Toolchains/XcodeDefault.xctoolchain/usr/lib/clang/17/include
2026-04-22T16:45:06.2740230Z  /Applications/Xcode_26.2.app/Contents/Developer/Platforms/iPhoneSimulator.platform/Developer/SDKs/iPhoneSimulator26.2.sdk/usr/include
2026-04-22T16:45:06.2740430Z  /Applications/Xcode_26.2.app/Contents/Developer/Toolchains/XcodeDefault.xctoolchain/usr/include
2026-04-22T16:45:06.2740870Z  /Applications/Xcode_26.2.app/Contents/Developer/Platforms/iPhoneSimulator.platform/Developer/SDKs/iPhoneSimulator26.2.sdk/System/Library/Frameworks (framework directory)
2026-04-22T16:45:06.2741300Z  /Applications/Xcode_26.2.app/Contents/Developer/Platforms/iPhoneSimulator.platform/Developer/SDKs/iPhoneSimulator26.2.sdk/System/Library/SubFrameworks (framework directory)
2026-04-22T16:45:06.2741350Z End of search list.
2026-04-22T16:45:06.2741520Z clang -cc1 version 17.0.0 (clang-1700.6.3.2) default target arm64-apple-darwin24.6.0
2026-04-22T16:45:06.2741830Z ignoring nonexistent directory "/Users/runner/work/tcm-storage-ios/tcm-storage-ios/build/Build/Products/Debug-iphonesimulator/include"
2026-04-22T16:45:06.2742330Z ignoring nonexistent directory "/Users/runner/work/tcm-storage-ios/tcm-storage-ios/build/Build/Intermediates.noindex/Nextcloud.build/Debug-iphonesimulator/Nextcloud.build/DerivedSources-normal/arm64"
2026-04-22T16:45:06.2742810Z ignoring nonexistent directory "/Users/runner/work/tcm-storage-ios/tcm-storage-ios/build/Build/Intermediates.noindex/Nextcloud.build/Debug-iphonesimulator/Nextcloud.build/DerivedSources/arm64"
2026-04-22T16:45:06.2743230Z ignoring nonexistent directory "/Applications/Xcode_26.2.app/Contents/Developer/Platforms/iPhoneSimulator.platform/Developer/SDKs/iPhoneSimulator26.2.sdk/usr/local/include"
2026-04-22T16:45:06.2743640Z ignoring nonexistent directory "/Applications/Xcode_26.2.app/Contents/Developer/Platforms/iPhoneSimulator.platform/Developer/SDKs/iPhoneSimulator26.2.sdk/Library/Frameworks"
2026-04-22T16:45:06.2743970Z ignoring duplicate directory "/Users/runner/work/tcm-storage-ios/tcm-storage-ios/build/Build/Products/Debug-iphonesimulator/PackageFrameworks"
2026-04-22T16:45:06.2744370Z ignoring duplicate directory "/Users/runner/work/tcm-storage-ios/tcm-storage-ios/build/Build/Products/Debug-iphonesimulator/PackageFrameworks"
2026-04-22T16:45:06.2744800Z ignoring duplicate directory "/Users/runner/work/tcm-storage-ios/tcm-storage-ios/build/Build/Products/Debug-iphonesimulator/PackageFrameworks"
2026-04-22T16:45:06.2745140Z ignoring duplicate directory "/Users/runner/work/tcm-storage-ios/tcm-storage-ios/build/Build/Products/Debug-iphonesimulator/PackageFrameworks"
2026-04-22T16:45:06.2745490Z ignoring duplicate directory "/Users/runner/work/tcm-storage-ios/tcm-storage-ios/build/Build/Products/Debug-iphonesimulator/PackageFrameworks"
2026-04-22T16:45:06.2745820Z ignoring duplicate directory "/Users/runner/work/tcm-storage-ios/tcm-storage-ios/build/Build/Products/Debug-iphonesimulator/PackageFrameworks"
2026-04-22T16:45:06.2746160Z ignoring duplicate directory "/Users/runner/work/tcm-storage-ios/tcm-storage-ios/build/Build/Products/Debug-iphonesimulator/PackageFrameworks"
2026-04-22T16:45:06.2746490Z ignoring duplicate directory "/Users/runner/work/tcm-storage-ios/tcm-storage-ios/build/Build/Products/Debug-iphonesimulator/PackageFrameworks"
2026-04-22T16:45:06.2746890Z ignoring duplicate directory "/Users/runner/work/tcm-storage-ios/tcm-storage-ios/build/Build/Products/Debug-iphonesimulator/PackageFrameworks"
2026-04-22T16:45:06.2747220Z ignoring duplicate directory "/Users/runner/work/tcm-storage-ios/tcm-storage-ios/build/Build/Products/Debug-iphonesimulator/PackageFrameworks"
2026-04-22T16:45:06.2747550Z ignoring duplicate directory "/Users/runner/work/tcm-storage-ios/tcm-storage-ios/build/Build/Products/Debug-iphonesimulator/PackageFrameworks"
2026-04-22T16:45:06.2747930Z ignoring duplicate directory "/Users/runner/work/tcm-storage-ios/tcm-storage-ios/build/Build/Products/Debug-iphonesimulator/PackageFrameworks"
2026-04-22T16:45:06.2748300Z ignoring duplicate directory "/Users/runner/work/tcm-storage-ios/tcm-storage-ios/build/Build/Products/Debug-iphonesimulator/PackageFrameworks"
2026-04-22T16:45:06.2748630Z ignoring duplicate directory "/Users/runner/work/tcm-storage-ios/tcm-storage-ios/build/Build/Products/Debug-iphonesimulator/PackageFrameworks"
2026-04-22T16:45:06.2748980Z ignoring duplicate directory "/Users/runner/work/tcm-storage-ios/tcm-storage-ios/build/Build/Products/Debug-iphonesimulator/PackageFrameworks"
2026-04-22T16:45:06.2749360Z ignoring duplicate directory "/Users/runner/work/tcm-storage-ios/tcm-storage-ios/build/Build/Products/Debug-iphonesimulator/PackageFrameworks"
2026-04-22T16:45:06.2749730Z ignoring duplicate directory "/Users/runner/work/tcm-storage-ios/tcm-storage-ios/build/Build/Products/Debug-iphonesimulator/PackageFrameworks"
2026-04-22T16:45:06.2750090Z ignoring duplicate directory "/Users/runner/work/tcm-storage-ios/tcm-storage-ios/build/Build/Products/Debug-iphonesimulator/PackageFrameworks"
2026-04-22T16:45:06.2750430Z ignoring duplicate directory "/Users/runner/work/tcm-storage-ios/tcm-storage-ios/build/Build/Products/Debug-iphonesimulator/PackageFrameworks"
2026-04-22T16:45:06.2750750Z ignoring duplicate directory "/Users/runner/work/tcm-storage-ios/tcm-storage-ios/build/Build/Products/Debug-iphonesimulator/PackageFrameworks"
2026-04-22T16:45:06.2751080Z ignoring duplicate directory "/Users/runner/work/tcm-storage-ios/tcm-storage-ios/build/Build/Products/Debug-iphonesimulator/PackageFrameworks"
2026-04-22T16:45:06.2751410Z ignoring duplicate directory "/Users/runner/work/tcm-storage-ios/tcm-storage-ios/build/Build/Products/Debug-iphonesimulator/PackageFrameworks"
2026-04-22T16:45:06.2751730Z ignoring duplicate directory "/Users/runner/work/tcm-storage-ios/tcm-storage-ios/build/Build/Products/Debug-iphonesimulator/PackageFrameworks"
2026-04-22T16:45:06.2752060Z ignoring duplicate directory "/Users/runner/work/tcm-storage-ios/tcm-storage-ios/build/Build/Products/Debug-iphonesimulator/PackageFrameworks"
2026-04-22T16:45:06.2752380Z ignoring duplicate directory "/Users/runner/work/tcm-storage-ios/tcm-storage-ios/build/Build/Products/Debug-iphonesimulator/PackageFrameworks"
2026-04-22T16:45:06.2752710Z ignoring duplicate directory "/Users/runner/work/tcm-storage-ios/tcm-storage-ios/build/Build/Products/Debug-iphonesimulator/PackageFrameworks"
2026-04-22T16:45:06.2753090Z ignoring duplicate directory "/Users/runner/work/tcm-storage-ios/tcm-storage-ios/build/Build/Products/Debug-iphonesimulator/PackageFrameworks"
2026-04-22T16:45:06.2753420Z ignoring duplicate directory "/Users/runner/work/tcm-storage-ios/tcm-storage-ios/build/Build/Products/Debug-iphonesimulator/PackageFrameworks"
2026-04-22T16:45:06.2753750Z ignoring duplicate directory "/Users/runner/work/tcm-storage-ios/tcm-storage-ios/build/Build/Products/Debug-iphonesimulator/PackageFrameworks"
2026-04-22T16:45:06.2754070Z ignoring duplicate directory "/Users/runner/work/tcm-storage-ios/tcm-storage-ios/build/Build/Products/Debug-iphonesimulator/PackageFrameworks"
2026-04-22T16:45:06.2754400Z ignoring duplicate directory "/Users/runner/work/tcm-storage-ios/tcm-storage-ios/build/Build/Products/Debug-iphonesimulator/PackageFrameworks"
2026-04-22T16:45:06.2754730Z ignoring duplicate directory "/Users/runner/work/tcm-storage-ios/tcm-storage-ios/build/Build/Products/Debug-iphonesimulator/PackageFrameworks"
2026-04-22T16:45:06.2755090Z ignoring duplicate directory "/Users/runner/work/tcm-storage-ios/tcm-storage-ios/build/Build/Products/Debug-iphonesimulator/PackageFrameworks"
2026-04-22T16:45:06.2755420Z ignoring duplicate directory "/Users/runner/work/tcm-storage-ios/tcm-storage-ios/build/Build/Products/Debug-iphonesimulator/PackageFrameworks"
2026-04-22T16:45:06.2755760Z ignoring duplicate directory "/Users/runner/work/tcm-storage-ios/tcm-storage-ios/build/Build/Products/Debug-iphonesimulator/PackageFrameworks"
2026-04-22T16:45:06.2756140Z ignoring duplicate directory "/Users/runner/work/tcm-storage-ios/tcm-storage-ios/build/Build/Products/Debug-iphonesimulator/PackageFrameworks"
2026-04-22T16:45:06.2756500Z ignoring duplicate directory "/Users/runner/work/tcm-storage-ios/tcm-storage-ios/build/Build/Products/Debug-iphonesimulator/PackageFrameworks"
2026-04-22T16:45:06.2756820Z ignoring duplicate directory "/Users/runner/work/tcm-storage-ios/tcm-storage-ios/build/Build/Products/Debug-iphonesimulator/PackageFrameworks"
2026-04-22T16:45:06.2757150Z ignoring duplicate directory "/Users/runner/work/tcm-storage-ios/tcm-storage-ios/build/Build/Products/Debug-iphonesimulator/PackageFrameworks"
2026-04-22T16:45:06.2757470Z ignoring duplicate directory "/Users/runner/work/tcm-storage-ios/tcm-storage-ios/build/Build/Products/Debug-iphonesimulator/PackageFrameworks"
2026-04-22T16:45:06.2757800Z ignoring duplicate directory "/Users/runner/work/tcm-storage-ios/tcm-storage-ios/build/Build/Products/Debug-iphonesimulator/PackageFrameworks"
2026-04-22T16:45:06.2758130Z ignoring duplicate directory "/Users/runner/work/tcm-storage-ios/tcm-storage-ios/build/Build/Products/Debug-iphonesimulator/PackageFrameworks"
2026-04-22T16:45:06.2758450Z ignoring duplicate directory "/Users/runner/work/tcm-storage-ios/tcm-storage-ios/build/Build/Products/Debug-iphonesimulator/PackageFrameworks"
2026-04-22T16:45:06.2758790Z ignoring duplicate directory "/Users/runner/work/tcm-storage-ios/tcm-storage-ios/build/Build/Products/Debug-iphonesimulator/PackageFrameworks"
2026-04-22T16:45:06.2759160Z ignoring duplicate directory "/Users/runner/work/tcm-storage-ios/tcm-storage-ios/build/Build/Products/Debug-iphonesimulator/PackageFrameworks"
2026-04-22T16:45:06.2759520Z ignoring duplicate directory "/Users/runner/work/tcm-storage-ios/tcm-storage-ios/build/Build/Products/Debug-iphonesimulator/PackageFrameworks"
2026-04-22T16:45:06.2759860Z ignoring duplicate directory "/Users/runner/work/tcm-storage-ios/tcm-storage-ios/build/Build/Products/Debug-iphonesimulator/PackageFrameworks"
2026-04-22T16:45:06.2760210Z ignoring duplicate directory "/Users/runner/work/tcm-storage-ios/tcm-storage-ios/build/Build/Products/Debug-iphonesimulator/PackageFrameworks"
2026-04-22T16:45:06.2760540Z ignoring duplicate directory "/Users/runner/work/tcm-storage-ios/tcm-storage-ios/build/Build/Products/Debug-iphonesimulator/PackageFrameworks"
2026-04-22T16:45:06.2760950Z ignoring duplicate directory "/Users/runner/work/tcm-storage-ios/tcm-storage-ios/build/Build/Products/Debug-iphonesimulator/PackageFrameworks"
2026-04-22T16:45:06.2761300Z ignoring duplicate directory "/Users/runner/work/tcm-storage-ios/tcm-storage-ios/build/Build/Products/Debug-iphonesimulator/PackageFrameworks"
2026-04-22T16:45:06.2761630Z ignoring duplicate directory "/Users/runner/work/tcm-storage-ios/tcm-storage-ios/build/Build/Products/Debug-iphonesimulator/PackageFrameworks"
2026-04-22T16:45:06.2761950Z ignoring duplicate directory "/Users/runner/work/tcm-storage-ios/tcm-storage-ios/build/Build/Products/Debug-iphonesimulator/PackageFrameworks"
2026-04-22T16:45:06.2762280Z ignoring duplicate directory "/Users/runner/work/tcm-storage-ios/tcm-storage-ios/build/Build/Products/Debug-iphonesimulator/PackageFrameworks"
2026-04-22T16:45:06.2762620Z ignoring duplicate directory "/Users/runner/work/tcm-storage-ios/tcm-storage-ios/build/Build/Products/Debug-iphonesimulator/PackageFrameworks"
2026-04-22T16:45:06.2762950Z ignoring duplicate directory "/Users/runner/work/tcm-storage-ios/tcm-storage-ios/build/Build/Products/Debug-iphonesimulator/PackageFrameworks"
2026-04-22T16:45:06.2763330Z ignoring duplicate directory "/Users/runner/work/tcm-storage-ios/tcm-storage-ios/build/Build/Products/Debug-iphonesimulator/PackageFrameworks"
2026-04-22T16:45:06.2763670Z ignoring duplicate directory "/Users/runner/work/tcm-storage-ios/tcm-storage-ios/build/Build/Products/Debug-iphonesimulator/PackageFrameworks"
2026-04-22T16:45:06.2764010Z ignoring duplicate directory "/Users/runner/work/tcm-storage-ios/tcm-storage-ios/build/Build/Products/Debug-iphonesimulator/PackageFrameworks"
2026-04-22T16:45:06.2764590Z ignoring duplicate directory "/Users/runner/work/tcm-storage-ios/tcm-storage-ios/build/Build/Products/Debug-iphonesimulator/PackageFrameworks"
2026-04-22T16:45:06.2766690Z ignoring duplicate directory "/Users/runner/work/tcm-storage-ios/tcm-storage-ios/build/Build/Products/Debug-iphonesimulator/PackageFrameworks"
2026-04-22T16:45:06.2767080Z ignoring duplicate directory "/Users/runner/work/tcm-storage-ios/tcm-storage-ios/build/Build/Products/Debug-iphonesimulator/PackageFrameworks"
2026-04-22T16:45:06.2767410Z ignoring duplicate directory "/Users/runner/work/tcm-storage-ios/tcm-storage-ios/build/Build/Products/Debug-iphonesimulator/PackageFrameworks"
2026-04-22T16:45:06.2767740Z ignoring duplicate directory "/Users/runner/work/tcm-storage-ios/tcm-storage-ios/build/Build/Products/Debug-iphonesimulator/PackageFrameworks"
2026-04-22T16:45:06.2768080Z ignoring duplicate directory "/Users/runner/work/tcm-storage-ios/tcm-storage-ios/build/Build/Products/Debug-iphonesimulator/PackageFrameworks"
2026-04-22T16:45:06.2768430Z ignoring duplicate directory "/Users/runner/work/tcm-storage-ios/tcm-storage-ios/build/Build/Products/Debug-iphonesimulator/PackageFrameworks"
2026-04-22T16:45:06.2768830Z ignoring duplicate directory "/Users/runner/work/tcm-storage-ios/tcm-storage-ios/build/Build/Products/Debug-iphonesimulator/PackageFrameworks"
2026-04-22T16:45:06.2769170Z ignoring duplicate directory "/Users/runner/work/tcm-storage-ios/tcm-storage-ios/build/Build/Products/Debug-iphonesimulator/PackageFrameworks"
2026-04-22T16:45:06.2769500Z ignoring duplicate directory "/Users/runner/work/tcm-storage-ios/tcm-storage-ios/build/Build/Products/Debug-iphonesimulator/PackageFrameworks"
2026-04-22T16:45:06.2769830Z ignoring duplicate directory "/Users/runner/work/tcm-storage-ios/tcm-storage-ios/build/Build/Products/Debug-iphonesimulator/PackageFrameworks"
2026-04-22T16:45:06.2770150Z ignoring duplicate directory "/Users/runner/work/tcm-storage-ios/tcm-storage-ios/build/Build/Products/Debug-iphonesimulator/PackageFrameworks"
2026-04-22T16:45:06.2770480Z ignoring duplicate directory "/Users/runner/work/tcm-storage-ios/tcm-storage-ios/build/Build/Products/Debug-iphonesimulator/PackageFrameworks"
2026-04-22T16:45:06.2770800Z ignoring duplicate directory "/Users/runner/work/tcm-storage-ios/tcm-storage-ios/build/Build/Products/Debug-iphonesimulator/PackageFrameworks"
2026-04-22T16:45:06.2771360Z ignoring duplicate directory "/Users/runner/work/tcm-storage-ios/tcm-storage-ios/build/Build/Products/Debug-iphonesimulator/PackageFrameworks"
2026-04-22T16:45:06.2771710Z ignoring duplicate directory "/Users/runner/work/tcm-storage-ios/tcm-storage-ios/build/Build/Products/Debug-iphonesimulator/PackageFrameworks"
2026-04-22T16:45:06.2772050Z ignoring duplicate directory "/Users/runner/work/tcm-storage-ios/tcm-storage-ios/build/Build/Products/Debug-iphonesimulator/PackageFrameworks"
2026-04-22T16:45:06.2772120Z #include "..." search starts here:
2026-04-22T16:45:06.2772580Z  /Users/runner/work/tcm-storage-ios/tcm-storage-ios/build/Build/Intermediates.noindex/Nextcloud.build/Debug-iphonesimulator/Nextcloud.build/Nextcloud-generated-files.hmap (headermap)
2026-04-22T16:45:06.2773030Z  /Users/runner/work/tcm-storage-ios/tcm-storage-ios/build/Build/Intermediates.noindex/Nextcloud.build/Debug-iphonesimulator/Nextcloud.build/Nextcloud-project-headers.hmap (headermap)
2026-04-22T16:45:06.2773090Z #include <...> search starts here:
2026-04-22T16:45:06.2773630Z  /Users/runner/work/tcm-storage-ios/tcm-storage-ios/build/Build/Intermediates.noindex/Nextcloud.build/Debug-iphonesimulator/Nextcloud.build/Nextcloud-own-target-headers.hmap (headermap)
2026-04-22T16:45:06.2774150Z  /Users/runner/work/tcm-storage-ios/tcm-storage-ios/build/Build/Intermediates.noindex/Nextcloud.build/Debug-iphonesimulator/Nextcloud.build/Nextcloud-all-non-framework-target-headers.hmap (headermap)
2026-04-22T16:45:06.2774470Z  /Users/runner/work/tcm-storage-ios/tcm-storage-ios/build/SourcePackages/checkouts/swift-nio-ssl/Sources/CNIOBoringSSLShims/include
2026-04-22T16:45:06.2774800Z  /Users/runner/work/tcm-storage-ios/tcm-storage-ios/build/SourcePackages/checkouts/swift-nio-ssl/Sources/CNIOBoringSSL/include
2026-04-22T16:45:06.2775110Z  /Users/runner/work/tcm-storage-ios/tcm-storage-ios/build/SourcePackages/checkouts/swift-atomics/Sources/_AtomicsShims/include
2026-04-22T16:45:06.2775380Z  /Users/runner/work/tcm-storage-ios/tcm-storage-ios/build/SourcePackages/checkouts/swift-nio/Sources/CNIOPosix/include
2026-04-22T16:45:06.2775640Z  /Users/runner/work/tcm-storage-ios/tcm-storage-ios/build/SourcePackages/checkouts/swift-nio/Sources/CNIOWASI/include
2026-04-22T16:45:06.2775910Z  /Users/runner/work/tcm-storage-ios/tcm-storage-ios/build/SourcePackages/checkouts/swift-nio/Sources/CNIOWindows/include
2026-04-22T16:45:06.2776170Z  /Users/runner/work/tcm-storage-ios/tcm-storage-ios/build/SourcePackages/checkouts/swift-nio/Sources/CNIOLinux/include
2026-04-22T16:45:06.2776440Z  /Users/runner/work/tcm-storage-ios/tcm-storage-ios/build/SourcePackages/checkouts/swift-nio/Sources/CNIODarwin/include
2026-04-22T16:45:06.2776710Z  /Users/runner/work/tcm-storage-ios/tcm-storage-ios/build/SourcePackages/checkouts/swift-nio/Sources/CNIOOpenBSD/include
2026-04-22T16:45:06.2776990Z  /Users/runner/work/tcm-storage-ios/tcm-storage-ios/build/SourcePackages/checkouts/swift-nio/Sources/CNIOAtomics/include
2026-04-22T16:45:06.2777200Z  /Users/runner/work/tcm-storage-ios/tcm-storage-ios/build/SourcePackages/checkouts/realm-core/src
2026-04-22T16:45:06.2777440Z  /Users/runner/work/tcm-storage-ios/tcm-storage-ios/build/SourcePackages/checkouts/realm-core/src/external/s2
2026-04-22T16:45:06.2777760Z  /Users/runner/work/tcm-storage-ios/tcm-storage-ios/build/SourcePackages/checkouts/realm-core/src/external/IntelRDFPMathLib20U2/LIBRARY/src
2026-04-22T16:45:06.2777980Z  /Users/runner/work/tcm-storage-ios/tcm-storage-ios/build/SourcePackages/checkouts/realm-core/src/spm
2026-04-22T16:45:06.2778190Z  /Users/runner/work/tcm-storage-ios/tcm-storage-ios/build/SourcePackages/checkouts/realm-swift/include
2026-04-22T16:45:06.2778500Z  /Users/runner/work/tcm-storage-ios/tcm-storage-ios/build/SourcePackages/checkouts/GoogleUtilities/GoogleUtilities/NSData+zlib/Public
2026-04-22T16:45:06.2778800Z  /Users/runner/work/tcm-storage-ios/tcm-storage-ios/build/SourcePackages/checkouts/GoogleUtilities/GoogleUtilities/Logger/Public
2026-04-22T16:45:06.2779160Z  /Users/runner/work/tcm-storage-ios/tcm-storage-ios/build/SourcePackages/checkouts/GoogleUtilities/GoogleUtilities/Environment/Public
2026-04-22T16:45:06.2779470Z  /Users/runner/work/tcm-storage-ios/tcm-storage-ios/build/SourcePackages/checkouts/GoogleUtilities/third_party/IsAppEncrypted/Public
2026-04-22T16:45:06.2779790Z  /Users/runner/work/tcm-storage-ios/tcm-storage-ios/build/SourcePackages/checkouts/GoogleUtilities/GoogleUtilities/UserDefaults/Public
2026-04-22T16:45:06.2780020Z  /Users/runner/work/tcm-storage-ios/tcm-storage-ios/build/SourcePackages/checkouts/nanopb/spm_headers
2026-04-22T16:45:06.2780290Z  /Users/runner/work/tcm-storage-ios/tcm-storage-ios/build/SourcePackages/checkouts/promises/Sources/FBLPromises/include
2026-04-22T16:45:06.2780640Z  /Users/runner/work/tcm-storage-ios/tcm-storage-ios/build/SourcePackages/checkouts/GoogleDataTransport/GoogleDataTransport/GDTCORLibrary/Public
2026-04-22T16:45:06.2780950Z  /Users/runner/work/tcm-storage-ios/tcm-storage-ios/build/SourcePackages/checkouts/firebase-ios-sdk/FirebaseSessions/SourcesObjC
2026-04-22T16:45:06.2781230Z  /Users/runner/work/tcm-storage-ios/tcm-storage-ios/build/SourcePackages/checkouts/firebase-ios-sdk/FirebaseCore/Extension
2026-04-22T16:45:06.2781620Z  /Users/runner/work/tcm-storage-ios/tcm-storage-ios/build/SourcePackages/checkouts/firebase-ios-sdk/FirebaseInstallations/Source/Library/Public
2026-04-22T16:45:06.2781920Z  /Users/runner/work/tcm-storage-ios/tcm-storage-ios/build/SourcePackages/checkouts/firebase-ios-sdk/FirebaseCore/Sources/Public
2026-04-22T16:45:06.2782180Z  /Users/runner/work/tcm-storage-ios/tcm-storage-ios/build/SourcePackages/checkouts/firebase-ios-sdk/CoreOnly/Sources
2026-04-22T16:45:06.2782520Z  /Users/runner/work/tcm-storage-ios/tcm-storage-ios/build/SourcePackages/checkouts/firebase-ios-sdk/Crashlytics/Crashlytics/Public
2026-04-22T16:45:06.2782810Z  /Users/runner/work/tcm-storage-ios/tcm-storage-ios/build/SourcePackages/checkouts/GzipSwift/Sources/system-zlib/include
2026-04-22T16:45:06.2783190Z  /Users/runner/work/tcm-storage-ios/tcm-storage-ios/build/Build/Intermediates.noindex/Nextcloud.build/Debug-iphonesimulator/Nextcloud.build/DerivedSources
2026-04-22T16:45:06.2783510Z  /Users/runner/work/tcm-storage-ios/tcm-storage-ios/build/Build/Products/Debug-iphonesimulator/PackageFrameworks (framework directory)
2026-04-22T16:45:06.2783770Z  /Users/runner/work/tcm-storage-ios/tcm-storage-ios/build/Build/Products/Debug-iphonesimulator (framework directory)
2026-04-22T16:45:06.2784090Z  /Applications/Xcode_26.2.app/Contents/Developer/Platforms/iPhoneSimulator.platform/Developer/Library/Frameworks (framework directory)
2026-04-22T16:45:06.2784520Z  /Applications/Xcode_26.2.app/Contents/Developer/Platforms/iPhoneSimulator.platform/Developer/SDKs/iPhoneSimulator26.2.sdk/Developer/Library/Frameworks (framework directory)
2026-04-22T16:45:06.2784760Z  /Applications/Xcode_26.2.app/Contents/Developer/Toolchains/XcodeDefault.xctoolchain/usr/lib/clang/17/include
2026-04-22T16:45:06.2785080Z  /Applications/Xcode_26.2.app/Contents/Developer/Platforms/iPhoneSimulator.platform/Developer/SDKs/iPhoneSimulator26.2.sdk/usr/include
2026-04-22T16:45:06.2785290Z  /Applications/Xcode_26.2.app/Contents/Developer/Toolchains/XcodeDefault.xctoolchain/usr/include
2026-04-22T16:45:06.2785740Z  /Applications/Xcode_26.2.app/Contents/Developer/Platforms/iPhoneSimulator.platform/Developer/SDKs/iPhoneSimulator26.2.sdk/System/Library/Frameworks (framework directory)
2026-04-22T16:45:06.2786160Z  /Applications/Xcode_26.2.app/Contents/Developer/Platforms/iPhoneSimulator.platform/Developer/SDKs/iPhoneSimulator26.2.sdk/System/Library/SubFrameworks (framework directory)
2026-04-22T16:45:06.2786210Z End of search list.
2026-04-22T16:45:06.2786400Z clang -cc1 version 17.0.0 (clang-1700.6.3.2) default target arm64-apple-darwin24.6.0
2026-04-22T16:45:06.2867180Z ignoring nonexistent directory "/Users/runner/work/tcm-storage-ios/tcm-storage-ios/build/Build/Products/Debug-iphonesimulator/include"
2026-04-22T16:45:06.2934150Z ignoring nonexistent directory "/Users/runner/work/tcm-storage-ios/tcm-storage-ios/build/Build/Intermediates.noindex/Nextcloud.build/Debug-iphonesimulator/Nextcloud.build/DerivedSources-normal/arm64"
2026-04-22T16:45:06.2941930Z ignoring nonexistent directory "/Users/runner/work/tcm-storage-ios/tcm-storage-ios/build/Build/Intermediates.noindex/Nextcloud.build/Debug-iphonesimulator/Nextcloud.build/DerivedSources/arm64"
2026-04-22T16:45:06.2980000Z ignoring nonexistent directory "/Applications/Xcode_26.2.app/Contents/Developer/Platforms/iPhoneSimulator.platform/Developer/SDKs/iPhoneSimulator26.2.sdk/usr/local/include"
2026-04-22T16:45:06.2981550Z ignoring nonexistent directory "/Applications/Xcode_26.2.app/Contents/Developer/Platforms/iPhoneSimulator.platform/Developer/SDKs/iPhoneSimulator26.2.sdk/Library/Frameworks"
2026-04-22T16:45:06.2986260Z ignoring duplicate directory "/Users/runner/work/tcm-storage-ios/tcm-storage-ios/build/Build/Products/Debug-iphonesimulator/PackageFrameworks"
2026-04-22T16:45:06.2986900Z ignoring duplicate directory "/Users/runner/work/tcm-storage-ios/tcm-storage-ios/build/Build/Products/Debug-iphonesimulator/PackageFrameworks"
2026-04-22T16:45:06.3014570Z ignoring duplicate directory "/Users/runner/work/tcm-storage-ios/tcm-storage-ios/build/Build/Products/Debug-iphonesimulator/PackageFrameworks"
2026-04-22T16:45:06.3017530Z ignoring duplicate directory "/Users/runner/work/tcm-storage-ios/tcm-storage-ios/build/Build/Products/Debug-iphonesimulator/PackageFrameworks"
2026-04-22T16:45:06.3017900Z ignoring duplicate directory "/Users/runner/work/tcm-storage-ios/tcm-storage-ios/build/Build/Products/Debug-iphonesimulator/PackageFrameworks"
2026-04-22T16:45:06.3018520Z ignoring duplicate directory "/Users/runner/work/tcm-storage-ios/tcm-storage-ios/build/Build/Products/Debug-iphonesimulator/PackageFrameworks"
2026-04-22T16:45:06.3018950Z ignoring duplicate directory "/Users/runner/work/tcm-storage-ios/tcm-storage-ios/build/Build/Products/Debug-iphonesimulator/PackageFrameworks"
2026-04-22T16:45:06.3019300Z ignoring duplicate directory "/Users/runner/work/tcm-storage-ios/tcm-storage-ios/build/Build/Products/Debug-iphonesimulator/PackageFrameworks"
2026-04-22T16:45:06.3019650Z ignoring duplicate directory "/Users/runner/work/tcm-storage-ios/tcm-storage-ios/build/Build/Products/Debug-iphonesimulator/PackageFrameworks"
2026-04-22T16:45:06.3020000Z ignoring duplicate directory "/Users/runner/work/tcm-storage-ios/tcm-storage-ios/build/Build/Products/Debug-iphonesimulator/PackageFrameworks"
2026-04-22T16:45:06.3020340Z ignoring duplicate directory "/Users/runner/work/tcm-storage-ios/tcm-storage-ios/build/Build/Products/Debug-iphonesimulator/PackageFrameworks"
2026-04-22T16:45:06.3020680Z ignoring duplicate directory "/Users/runner/work/tcm-storage-ios/tcm-storage-ios/build/Build/Products/Debug-iphonesimulator/PackageFrameworks"
2026-04-22T16:45:06.3021020Z ignoring duplicate directory "/Users/runner/work/tcm-storage-ios/tcm-storage-ios/build/Build/Products/Debug-iphonesimulator/PackageFrameworks"
2026-04-22T16:45:06.3021370Z ignoring duplicate directory "/Users/runner/work/tcm-storage-ios/tcm-storage-ios/build/Build/Products/Debug-iphonesimulator/PackageFrameworks"
2026-04-22T16:45:06.3021700Z ignoring duplicate directory "/Users/runner/work/tcm-storage-ios/tcm-storage-ios/build/Build/Products/Debug-iphonesimulator/PackageFrameworks"
2026-04-22T16:45:06.3022040Z ignoring duplicate directory "/Users/runner/work/tcm-storage-ios/tcm-storage-ios/build/Build/Products/Debug-iphonesimulator/PackageFrameworks"
2026-04-22T16:45:06.3022380Z ignoring duplicate directory "/Users/runner/work/tcm-storage-ios/tcm-storage-ios/build/Build/Products/Debug-iphonesimulator/PackageFrameworks"
2026-04-22T16:45:06.3022720Z ignoring duplicate directory "/Users/runner/work/tcm-storage-ios/tcm-storage-ios/build/Build/Products/Debug-iphonesimulator/PackageFrameworks"
2026-04-22T16:45:06.3023060Z ignoring duplicate directory "/Users/runner/work/tcm-storage-ios/tcm-storage-ios/build/Build/Products/Debug-iphonesimulator/PackageFrameworks"
2026-04-22T16:45:06.3023390Z ignoring duplicate directory "/Users/runner/work/tcm-storage-ios/tcm-storage-ios/build/Build/Products/Debug-iphonesimulator/PackageFrameworks"
2026-04-22T16:45:06.3023800Z ignoring duplicate directory "/Users/runner/work/tcm-storage-ios/tcm-storage-ios/build/Build/Products/Debug-iphonesimulator/PackageFrameworks"
2026-04-22T16:45:06.3024150Z ignoring duplicate directory "/Users/runner/work/tcm-storage-ios/tcm-storage-ios/build/Build/Products/Debug-iphonesimulator/PackageFrameworks"
2026-04-22T16:45:06.3024500Z ignoring duplicate directory "/Users/runner/work/tcm-storage-ios/tcm-storage-ios/build/Build/Products/Debug-iphonesimulator/PackageFrameworks"
2026-04-22T16:45:06.3024830Z ignoring duplicate directory "/Users/runner/work/tcm-storage-ios/tcm-storage-ios/build/Build/Products/Debug-iphonesimulator/PackageFrameworks"
2026-04-22T16:45:06.3025160Z ignoring duplicate directory "/Users/runner/work/tcm-storage-ios/tcm-storage-ios/build/Build/Products/Debug-iphonesimulator/PackageFrameworks"
2026-04-22T16:45:06.3025510Z ignoring duplicate directory "/Users/runner/work/tcm-storage-ios/tcm-storage-ios/build/Build/Products/Debug-iphonesimulator/PackageFrameworks"
2026-04-22T16:45:06.3025920Z ignoring duplicate directory "/Users/runner/work/tcm-storage-ios/tcm-storage-ios/build/Build/Products/Debug-iphonesimulator/PackageFrameworks"
2026-04-22T16:45:06.3026260Z ignoring duplicate directory "/Users/runner/work/tcm-storage-ios/tcm-storage-ios/build/Build/Products/Debug-iphonesimulator/PackageFrameworks"
2026-04-22T16:45:06.3026640Z ignoring duplicate directory "/Users/runner/work/tcm-storage-ios/tcm-storage-ios/build/Build/Products/Debug-iphonesimulator/PackageFrameworks"
2026-04-22T16:45:06.3027110Z ignoring duplicate directory "/Users/runner/work/tcm-storage-ios/tcm-storage-ios/build/Build/Products/Debug-iphonesimulator/PackageFrameworks"
2026-04-22T16:45:06.3027540Z ignoring duplicate directory "/Users/runner/work/tcm-storage-ios/tcm-storage-ios/build/Build/Products/Debug-iphonesimulator/PackageFrameworks"
2026-04-22T16:45:06.3027900Z ignoring duplicate directory "/Users/runner/work/tcm-storage-ios/tcm-storage-ios/build/Build/Products/Debug-iphonesimulator/PackageFrameworks"
2026-04-22T16:45:06.3028230Z ignoring duplicate directory "/Users/runner/work/tcm-storage-ios/tcm-storage-ios/build/Build/Products/Debug-iphonesimulator/PackageFrameworks"
2026-04-22T16:45:06.3028560Z ignoring duplicate directory "/Users/runner/work/tcm-storage-ios/tcm-storage-ios/build/Build/Products/Debug-iphonesimulator/PackageFrameworks"
2026-04-22T16:45:06.3034120Z ignoring duplicate directory "/Users/runner/work/tcm-storage-ios/tcm-storage-ios/build/Build/Products/Debug-iphonesimulator/PackageFrameworks"
2026-04-22T16:45:06.3034500Z ignoring duplicate directory "/Users/runner/work/tcm-storage-ios/tcm-storage-ios/build/Build/Products/Debug-iphonesimulator/PackageFrameworks"
2026-04-22T16:45:06.3034940Z ignoring duplicate directory "/Users/runner/work/tcm-storage-ios/tcm-storage-ios/build/Build/Products/Debug-iphonesimulator/PackageFrameworks"
2026-04-22T16:45:06.3035270Z ignoring duplicate directory "/Users/runner/work/tcm-storage-ios/tcm-storage-ios/build/Build/Products/Debug-iphonesimulator/PackageFrameworks"
2026-04-22T16:45:06.3035600Z ignoring duplicate directory "/Users/runner/work/tcm-storage-ios/tcm-storage-ios/build/Build/Products/Debug-iphonesimulator/PackageFrameworks"
2026-04-22T16:45:06.3035950Z ignoring duplicate directory "/Users/runner/work/tcm-storage-ios/tcm-storage-ios/build/Build/Products/Debug-iphonesimulator/PackageFrameworks"
2026-04-22T16:45:06.3036310Z ignoring duplicate directory "/Users/runner/work/tcm-storage-ios/tcm-storage-ios/build/Build/Products/Debug-iphonesimulator/PackageFrameworks"
2026-04-22T16:45:06.3036670Z ignoring duplicate directory "/Users/runner/work/tcm-storage-ios/tcm-storage-ios/build/Build/Products/Debug-iphonesimulator/PackageFrameworks"
2026-04-22T16:45:06.3037010Z ignoring duplicate directory "/Users/runner/work/tcm-storage-ios/tcm-storage-ios/build/Build/Products/Debug-iphonesimulator/PackageFrameworks"
2026-04-22T16:45:06.3037640Z ignoring duplicate directory "/Users/runner/work/tcm-storage-ios/tcm-storage-ios/build/Build/Products/Debug-iphonesimulator/PackageFrameworks"
2026-04-22T16:45:06.3037970Z ignoring duplicate directory "/Users/runner/work/tcm-storage-ios/tcm-storage-ios/build/Build/Products/Debug-iphonesimulator/PackageFrameworks"
2026-04-22T16:45:06.3038310Z ignoring duplicate directory "/Users/runner/work/tcm-storage-ios/tcm-storage-ios/build/Build/Products/Debug-iphonesimulator/PackageFrameworks"
2026-04-22T16:45:06.3038660Z ignoring duplicate directory "/Users/runner/work/tcm-storage-ios/tcm-storage-ios/build/Build/Products/Debug-iphonesimulator/PackageFrameworks"
2026-04-22T16:45:06.3039010Z ignoring duplicate directory "/Users/runner/work/tcm-storage-ios/tcm-storage-ios/build/Build/Products/Debug-iphonesimulator/PackageFrameworks"
2026-04-22T16:45:06.3039340Z ignoring duplicate directory "/Users/runner/work/tcm-storage-ios/tcm-storage-ios/build/Build/Products/Debug-iphonesimulator/PackageFrameworks"
2026-04-22T16:45:06.3039700Z ignoring duplicate directory "/Users/runner/work/tcm-storage-ios/tcm-storage-ios/build/Build/Products/Debug-iphonesimulator/PackageFrameworks"
2026-04-22T16:45:06.3040100Z ignoring duplicate directory "/Users/runner/work/tcm-storage-ios/tcm-storage-ios/build/Build/Products/Debug-iphonesimulator/PackageFrameworks"
2026-04-22T16:45:06.3040430Z ignoring duplicate directory "/Users/runner/work/tcm-storage-ios/tcm-storage-ios/build/Build/Products/Debug-iphonesimulator/PackageFrameworks"
2026-04-22T16:45:06.3040780Z ignoring duplicate directory "/Users/runner/work/tcm-storage-ios/tcm-storage-ios/build/Build/Products/Debug-iphonesimulator/PackageFrameworks"
2026-04-22T16:45:06.3041210Z ignoring duplicate directory "/Users/runner/work/tcm-storage-ios/tcm-storage-ios/build/Build/Products/Debug-iphonesimulator/PackageFrameworks"
2026-04-22T16:45:06.3041550Z ignoring duplicate directory "/Users/runner/work/tcm-storage-ios/tcm-storage-ios/build/Build/Products/Debug-iphonesimulator/PackageFrameworks"
2026-04-22T16:45:06.3041900Z ignoring duplicate directory "/Users/runner/work/tcm-storage-ios/tcm-storage-ios/build/Build/Products/Debug-iphonesimulator/PackageFrameworks"
2026-04-22T16:45:06.3042230Z ignoring duplicate directory "/Users/runner/work/tcm-storage-ios/tcm-storage-ios/build/Build/Products/Debug-iphonesimulator/PackageFrameworks"
2026-04-22T16:45:06.3042560Z ignoring duplicate directory "/Users/runner/work/tcm-storage-ios/tcm-storage-ios/build/Build/Products/Debug-iphonesimulator/PackageFrameworks"
2026-04-22T16:45:06.3042920Z ignoring duplicate directory "/Users/runner/work/tcm-storage-ios/tcm-storage-ios/build/Build/Products/Debug-iphonesimulator/PackageFrameworks"
2026-04-22T16:45:06.3043260Z ignoring duplicate directory "/Users/runner/work/tcm-storage-ios/tcm-storage-ios/build/Build/Products/Debug-iphonesimulator/PackageFrameworks"
2026-04-22T16:45:06.3043590Z ignoring duplicate directory "/Users/runner/work/tcm-storage-ios/tcm-storage-ios/build/Build/Products/Debug-iphonesimulator/PackageFrameworks"
2026-04-22T16:45:06.3043920Z ignoring duplicate directory "/Users/runner/work/tcm-storage-ios/tcm-storage-ios/build/Build/Products/Debug-iphonesimulator/PackageFrameworks"
2026-04-22T16:45:06.3044250Z ignoring duplicate directory "/Users/runner/work/tcm-storage-ios/tcm-storage-ios/build/Build/Products/Debug-iphonesimulator/PackageFrameworks"
2026-04-22T16:45:06.3044580Z ignoring duplicate directory "/Users/runner/work/tcm-storage-ios/tcm-storage-ios/build/Build/Products/Debug-iphonesimulator/PackageFrameworks"
2026-04-22T16:45:06.3044910Z ignoring duplicate directory "/Users/runner/work/tcm-storage-ios/tcm-storage-ios/build/Build/Products/Debug-iphonesimulator/PackageFrameworks"
2026-04-22T16:45:06.3045250Z ignoring duplicate directory "/Users/runner/work/tcm-storage-ios/tcm-storage-ios/build/Build/Products/Debug-iphonesimulator/PackageFrameworks"
2026-04-22T16:45:06.3045580Z ignoring duplicate directory "/Users/runner/work/tcm-storage-ios/tcm-storage-ios/build/Build/Products/Debug-iphonesimulator/PackageFrameworks"
2026-04-22T16:45:06.3045980Z ignoring duplicate directory "/Users/runner/work/tcm-storage-ios/tcm-storage-ios/build/Build/Products/Debug-iphonesimulator/PackageFrameworks"
2026-04-22T16:45:06.3046300Z ignoring duplicate directory "/Users/runner/work/tcm-storage-ios/tcm-storage-ios/build/Build/Products/Debug-iphonesimulator/PackageFrameworks"
2026-04-22T16:45:06.3046630Z ignoring duplicate directory "/Users/runner/work/tcm-storage-ios/tcm-storage-ios/build/Build/Products/Debug-iphonesimulator/PackageFrameworks"
2026-04-22T16:45:06.3047190Z ignoring duplicate directory "/Users/runner/work/tcm-storage-ios/tcm-storage-ios/build/Build/Products/Debug-iphonesimulator/PackageFrameworks"
2026-04-22T16:45:06.3047560Z ignoring duplicate directory "/Users/runner/work/tcm-storage-ios/tcm-storage-ios/build/Build/Products/Debug-iphonesimulator/PackageFrameworks"
2026-04-22T16:45:06.3047900Z ignoring duplicate directory "/Users/runner/work/tcm-storage-ios/tcm-storage-ios/build/Build/Products/Debug-iphonesimulator/PackageFrameworks"
2026-04-22T16:45:06.3048230Z ignoring duplicate directory "/Users/runner/work/tcm-storage-ios/tcm-storage-ios/build/Build/Products/Debug-iphonesimulator/PackageFrameworks"
2026-04-22T16:45:06.3048630Z ignoring duplicate directory "/Users/runner/work/tcm-storage-ios/tcm-storage-ios/build/Build/Products/Debug-iphonesimulator/PackageFrameworks"
2026-04-22T16:45:06.3048970Z ignoring duplicate directory "/Users/runner/work/tcm-storage-ios/tcm-storage-ios/build/Build/Products/Debug-iphonesimulator/PackageFrameworks"
2026-04-22T16:45:06.3049030Z #include "..." search starts here:
2026-04-22T16:45:06.3049650Z  /Users/runner/work/tcm-storage-ios/tcm-storage-ios/build/Build/Intermediates.noindex/Nextcloud.build/Debug-iphonesimulator/Nextcloud.build/Nextcloud-generated-files.hmap (headermap)
2026-04-22T16:45:06.3050160Z  /Users/runner/work/tcm-storage-ios/tcm-storage-ios/build/Build/Intermediates.noindex/Nextcloud.build/Debug-iphonesimulator/Nextcloud.build/Nextcloud-project-headers.hmap (headermap)
2026-04-22T16:45:06.3050220Z #include <...> search starts here:
2026-04-22T16:45:06.3051010Z  /Users/runner/work/tcm-storage-ios/tcm-storage-ios/build/Build/Intermediates.noindex/Nextcloud.build/Debug-iphonesimulator/Nextcloud.build/Nextcloud-own-target-headers.hmap (headermap)
2026-04-22T16:45:06.3152720Z  /Users/runner/work/tcm-storage-ios/tcm-storage-ios/build/Build/Intermediates.noindex/Nextcloud.build/Debug-iphonesimulator/Nextcloud.build/Nextcloud-all-non-framework-target-headers.hmap (headermap)
2026-04-22T16:45:06.3158010Z  /Users/runner/work/tcm-storage-ios/tcm-storage-ios/build/SourcePackages/checkouts/swift-nio-ssl/Sources/CNIOBoringSSLShims/include
2026-04-22T16:45:06.3159670Z  /Users/runner/work/tcm-storage-ios/tcm-storage-ios/build/SourcePackages/checkouts/swift-nio-ssl/Sources/CNIOBoringSSL/include
2026-04-22T16:45:06.3163060Z  /Users/runner/work/tcm-storage-ios/tcm-storage-ios/build/SourcePackages/checkouts/swift-atomics/Sources/_AtomicsShims/include
2026-04-22T16:45:06.3176830Z  /Users/runner/work/tcm-storage-ios/tcm-storage-ios/build/SourcePackages/checkouts/swift-nio/Sources/CNIOPosix/include
2026-04-22T16:45:06.3178010Z  /Users/runner/work/tcm-storage-ios/tcm-storage-ios/build/SourcePackages/checkouts/swift-nio/Sources/CNIOWASI/include
2026-04-22T16:45:06.3178290Z  /Users/runner/work/tcm-storage-ios/tcm-storage-ios/build/SourcePackages/checkouts/swift-nio/Sources/CNIOWindows/include
2026-04-22T16:45:06.3178750Z  /Users/runner/work/tcm-storage-ios/tcm-storage-ios/build/SourcePackages/checkouts/swift-nio/Sources/CNIOLinux/include
2026-04-22T16:45:06.3179470Z  /Users/runner/work/tcm-storage-ios/tcm-storage-ios/build/SourcePackages/checkouts/swift-nio/Sources/CNIODarwin/include
2026-04-22T16:45:06.3179770Z  /Users/runner/work/tcm-storage-ios/tcm-storage-ios/build/SourcePackages/checkouts/swift-nio/Sources/CNIOOpenBSD/include
2026-04-22T16:45:06.3180040Z  /Users/runner/work/tcm-storage-ios/tcm-storage-ios/build/SourcePackages/checkouts/swift-nio/Sources/CNIOAtomics/include
2026-04-22T16:45:06.3181060Z  /Users/runner/work/tcm-storage-ios/tcm-storage-ios/build/SourcePackages/checkouts/realm-core/src
2026-04-22T16:45:06.3181320Z  /Users/runner/work/tcm-storage-ios/tcm-storage-ios/build/SourcePackages/checkouts/realm-core/src/external/s2
2026-04-22T16:45:06.3181650Z  /Users/runner/work/tcm-storage-ios/tcm-storage-ios/build/SourcePackages/checkouts/realm-core/src/external/IntelRDFPMathLib20U2/LIBRARY/src
2026-04-22T16:45:06.3182010Z  /Users/runner/work/tcm-storage-ios/tcm-storage-ios/build/SourcePackages/checkouts/realm-core/src/spm
2026-04-22T16:45:06.3182260Z  /Users/runner/work/tcm-storage-ios/tcm-storage-ios/build/SourcePackages/checkouts/realm-swift/include
2026-04-22T16:45:06.3182850Z  /Users/runner/work/tcm-storage-ios/tcm-storage-ios/build/SourcePackages/checkouts/GoogleUtilities/GoogleUtilities/NSData+zlib/Public
2026-04-22T16:45:06.3183160Z  /Users/runner/work/tcm-storage-ios/tcm-storage-ios/build/SourcePackages/checkouts/GoogleUtilities/GoogleUtilities/Logger/Public
2026-04-22T16:45:06.3183470Z  /Users/runner/work/tcm-storage-ios/tcm-storage-ios/build/SourcePackages/checkouts/GoogleUtilities/GoogleUtilities/Environment/Public
2026-04-22T16:45:06.3183880Z  /Users/runner/work/tcm-storage-ios/tcm-storage-ios/build/SourcePackages/checkouts/GoogleUtilities/third_party/IsAppEncrypted/Public
2026-04-22T16:45:06.3184200Z  /Users/runner/work/tcm-storage-ios/tcm-storage-ios/build/SourcePackages/checkouts/GoogleUtilities/GoogleUtilities/UserDefaults/Public
2026-04-22T16:45:06.3184420Z  /Users/runner/work/tcm-storage-ios/tcm-storage-ios/build/SourcePackages/checkouts/nanopb/spm_headers
2026-04-22T16:45:06.3185560Z  /Users/runner/work/tcm-storage-ios/tcm-storage-ios/build/SourcePackages/checkouts/promises/Sources/FBLPromises/include
2026-04-22T16:45:06.3186020Z  /Users/runner/work/tcm-storage-ios/tcm-storage-ios/build/SourcePackages/checkouts/GoogleDataTransport/GoogleDataTransport/GDTCORLibrary/Public
2026-04-22T16:45:06.3186320Z  /Users/runner/work/tcm-storage-ios/tcm-storage-ios/build/SourcePackages/checkouts/firebase-ios-sdk/FirebaseSessions/SourcesObjC
2026-04-22T16:45:06.3186610Z  /Users/runner/work/tcm-storage-ios/tcm-storage-ios/build/SourcePackages/checkouts/firebase-ios-sdk/FirebaseCore/Extension
2026-04-22T16:45:06.3186950Z  /Users/runner/work/tcm-storage-ios/tcm-storage-ios/build/SourcePackages/checkouts/firebase-ios-sdk/FirebaseInstallations/Source/Library/Public
2026-04-22T16:45:06.3187250Z  /Users/runner/work/tcm-storage-ios/tcm-storage-ios/build/SourcePackages/checkouts/firebase-ios-sdk/FirebaseCore/Sources/Public
2026-04-22T16:45:06.3187510Z  /Users/runner/work/tcm-storage-ios/tcm-storage-ios/build/SourcePackages/checkouts/firebase-ios-sdk/CoreOnly/Sources
2026-04-22T16:45:06.3188460Z  /Users/runner/work/tcm-storage-ios/tcm-storage-ios/build/SourcePackages/checkouts/firebase-ios-sdk/Crashlytics/Crashlytics/Public
2026-04-22T16:45:06.3188760Z  /Users/runner/work/tcm-storage-ios/tcm-storage-ios/build/SourcePackages/checkouts/GzipSwift/Sources/system-zlib/include
2026-04-22T16:45:06.3189790Z  /Users/runner/work/tcm-storage-ios/tcm-storage-ios/build/Build/Intermediates.noindex/Nextcloud.build/Debug-iphonesimulator/Nextcloud.build/DerivedSources
2026-04-22T16:45:06.3190140Z  /Users/runner/work/tcm-storage-ios/tcm-storage-ios/build/Build/Products/Debug-iphonesimulator/PackageFrameworks (framework directory)
2026-04-22T16:45:06.3190410Z  /Users/runner/work/tcm-storage-ios/tcm-storage-ios/build/Build/Products/Debug-iphonesimulator (framework directory)
2026-04-22T16:45:06.3190740Z  /Applications/Xcode_26.2.app/Contents/Developer/Platforms/iPhoneSimulator.platform/Developer/Library/Frameworks (framework directory)
2026-04-22T16:45:06.3191340Z  /Applications/Xcode_26.2.app/Contents/Developer/Platforms/iPhoneSimulator.platform/Developer/SDKs/iPhoneSimulator26.2.sdk/Developer/Library/Frameworks (framework directory)
2026-04-22T16:45:06.3191600Z  /Applications/Xcode_26.2.app/Contents/Developer/Toolchains/XcodeDefault.xctoolchain/usr/lib/clang/17/include
2026-04-22T16:45:06.3191930Z  /Applications/Xcode_26.2.app/Contents/Developer/Platforms/iPhoneSimulator.platform/Developer/SDKs/iPhoneSimulator26.2.sdk/usr/include
2026-04-22T16:45:06.3192250Z  /Applications/Xcode_26.2.app/Contents/Developer/Toolchains/XcodeDefault.xctoolchain/usr/include
2026-04-22T16:45:06.3192870Z  /Applications/Xcode_26.2.app/Contents/Developer/Platforms/iPhoneSimulator.platform/Developer/SDKs/iPhoneSimulator26.2.sdk/System/Library/Frameworks (framework directory)
2026-04-22T16:45:06.3193690Z  /Applications/Xcode_26.2.app/Contents/Developer/Platforms/iPhoneSimulator.platform/Developer/SDKs/iPhoneSimulator26.2.sdk/System/Library/SubFrameworks (framework directory)
2026-04-22T16:45:06.3193750Z End of search list.
2026-04-22T16:45:06.3193820Z Apple clang version 17.0.0 (clang-1700.6.3.2)
2026-04-22T16:45:06.3193890Z Target: arm64-apple-ios17.0-simulator
2026-04-22T16:45:06.3193940Z Thread model: posix
2026-04-22T16:45:06.3194200Z InstalledDir: /Applications/Xcode_26.2.app/Contents/Developer/Toolchains/XcodeDefault.xctoolchain/usr/bin
2026-04-22T16:45:06.3194280Z Apple clang version 17.0.0 (clang-1700.6.3.2)
2026-04-22T16:45:06.3194350Z Target: arm64-apple-ios17.0-simulator
2026-04-22T16:45:06.3194390Z Thread model: posix
2026-04-22T16:45:06.3194700Z InstalledDir: /Applications/Xcode_26.2.app/Contents/Developer/Toolchains/XcodeDefault.xctoolchain/usr/bin
2026-04-22T16:45:06.3194870Z clang -cc1 version 17.0.0 (clang-1700.6.3.2) default target arm64-apple-darwin24.6.0
2026-04-22T16:45:06.3196330Z ignoring nonexistent directory "/Users/runner/work/tcm-storage-ios/tcm-storage-ios/build/Build/Products/Debug-iphonesimulator/include"
2026-04-22T16:45:06.3197370Z ignoring nonexistent directory "/Users/runner/work/tcm-storage-ios/tcm-storage-ios/build/Build/Intermediates.noindex/Nextcloud.build/Debug-iphonesimulator/Nextcloud.build/DerivedSources-normal/arm64"
2026-04-22T16:45:06.3197980Z ignoring nonexistent directory "/Users/runner/work/tcm-storage-ios/tcm-storage-ios/build/Build/Intermediates.noindex/Nextcloud.build/Debug-iphonesimulator/Nextcloud.build/DerivedSources/arm64"
2026-04-22T16:45:06.3199600Z ignoring nonexistent directory "/Applications/Xcode_26.2.app/Contents/Developer/Platforms/iPhoneSimulator.platform/Developer/SDKs/iPhoneSimulator26.2.sdk/usr/local/include"
2026-04-22T16:45:06.3200070Z ignoring nonexistent directory "/Applications/Xcode_26.2.app/Contents/Developer/Platforms/iPhoneSimulator.platform/Developer/SDKs/iPhoneSimulator26.2.sdk/Library/Frameworks"
2026-04-22T16:45:06.3201200Z ignoring duplicate directory "/Users/runner/work/tcm-storage-ios/tcm-storage-ios/build/Build/Products/Debug-iphonesimulator/PackageFrameworks"
2026-04-22T16:45:06.3201570Z ignoring duplicate directory "/Users/runner/work/tcm-storage-ios/tcm-storage-ios/build/Build/Products/Debug-iphonesimulator/PackageFrameworks"
2026-04-22T16:45:06.3201900Z ignoring duplicate directory "/Users/runner/work/tcm-storage-ios/tcm-storage-ios/build/Build/Products/Debug-iphonesimulator/PackageFrameworks"
2026-04-22T16:45:06.3202230Z ignoring duplicate directory "/Users/runner/work/tcm-storage-ios/tcm-storage-ios/build/Build/Products/Debug-iphonesimulator/PackageFrameworks"
2026-04-22T16:45:06.3202560Z ignoring duplicate directory "/Users/runner/work/tcm-storage-ios/tcm-storage-ios/build/Build/Products/Debug-iphonesimulator/PackageFrameworks"
2026-04-22T16:45:06.3202890Z ignoring duplicate directory "/Users/runner/work/tcm-storage-ios/tcm-storage-ios/build/Build/Products/Debug-iphonesimulator/PackageFrameworks"
2026-04-22T16:45:06.3203220Z ignoring duplicate directory "/Users/runner/work/tcm-storage-ios/tcm-storage-ios/build/Build/Products/Debug-iphonesimulator/PackageFrameworks"
2026-04-22T16:45:06.3203550Z ignoring duplicate directory "/Users/runner/work/tcm-storage-ios/tcm-storage-ios/build/Build/Products/Debug-iphonesimulator/PackageFrameworks"
2026-04-22T16:45:06.3203880Z ignoring duplicate directory "/Users/runner/work/tcm-storage-ios/tcm-storage-ios/build/Build/Products/Debug-iphonesimulator/PackageFrameworks"
2026-04-22T16:45:06.3204200Z ignoring duplicate directory "/Users/runner/work/tcm-storage-ios/tcm-storage-ios/build/Build/Products/Debug-iphonesimulator/PackageFrameworks"
2026-04-22T16:45:06.3204690Z ignoring duplicate directory "/Users/runner/work/tcm-storage-ios/tcm-storage-ios/build/Build/Products/Debug-iphonesimulator/PackageFrameworks"
2026-04-22T16:45:06.3205020Z ignoring duplicate directory "/Users/runner/work/tcm-storage-ios/tcm-storage-ios/build/Build/Products/Debug-iphonesimulator/PackageFrameworks"
2026-04-22T16:45:06.3205350Z ignoring duplicate directory "/Users/runner/work/tcm-storage-ios/tcm-storage-ios/build/Build/Products/Debug-iphonesimulator/PackageFrameworks"
2026-04-22T16:45:06.3205680Z ignoring duplicate directory "/Users/runner/work/tcm-storage-ios/tcm-storage-ios/build/Build/Products/Debug-iphonesimulator/PackageFrameworks"
2026-04-22T16:45:06.3206030Z ignoring duplicate directory "/Users/runner/work/tcm-storage-ios/tcm-storage-ios/build/Build/Products/Debug-iphonesimulator/PackageFrameworks"
2026-04-22T16:45:06.3206360Z ignoring duplicate directory "/Users/runner/work/tcm-storage-ios/tcm-storage-ios/build/Build/Products/Debug-iphonesimulator/PackageFrameworks"
2026-04-22T16:45:06.3206860Z ignoring duplicate directory "/Users/runner/work/tcm-storage-ios/tcm-storage-ios/build/Build/Products/Debug-iphonesimulator/PackageFrameworks"
2026-04-22T16:45:06.3207210Z ignoring duplicate directory "/Users/runner/work/tcm-storage-ios/tcm-storage-ios/build/Build/Products/Debug-iphonesimulator/PackageFrameworks"
2026-04-22T16:45:06.3207540Z ignoring duplicate directory "/Users/runner/work/tcm-storage-ios/tcm-storage-ios/build/Build/Products/Debug-iphonesimulator/PackageFrameworks"
2026-04-22T16:45:06.3207920Z ignoring duplicate directory "/Users/runner/work/tcm-storage-ios/tcm-storage-ios/build/Build/Products/Debug-iphonesimulator/PackageFrameworks"
2026-04-22T16:45:06.3208280Z ignoring duplicate directory "/Users/runner/work/tcm-storage-ios/tcm-storage-ios/build/Build/Products/Debug-iphonesimulator/PackageFrameworks"
2026-04-22T16:45:06.3208640Z ignoring duplicate directory "/Users/runner/work/tcm-storage-ios/tcm-storage-ios/build/Build/Products/Debug-iphonesimulator/PackageFrameworks"
2026-04-22T16:45:06.3208980Z ignoring duplicate directory "/Users/runner/work/tcm-storage-ios/tcm-storage-ios/build/Build/Products/Debug-iphonesimulator/PackageFrameworks"
2026-04-22T16:45:06.3209310Z ignoring duplicate directory "/Users/runner/work/tcm-storage-ios/tcm-storage-ios/build/Build/Products/Debug-iphonesimulator/PackageFrameworks"
2026-04-22T16:45:06.3209630Z ignoring duplicate directory "/Users/runner/work/tcm-storage-ios/tcm-storage-ios/build/Build/Products/Debug-iphonesimulator/PackageFrameworks"
2026-04-22T16:45:06.3209960Z ignoring duplicate directory "/Users/runner/work/tcm-storage-ios/tcm-storage-ios/build/Build/Products/Debug-iphonesimulator/PackageFrameworks"
2026-04-22T16:45:06.3210290Z ignoring duplicate directory "/Users/runner/work/tcm-storage-ios/tcm-storage-ios/build/Build/Products/Debug-iphonesimulator/PackageFrameworks"
2026-04-22T16:45:06.3210620Z ignoring duplicate directory "/Users/runner/work/tcm-storage-ios/tcm-storage-ios/build/Build/Products/Debug-iphonesimulator/PackageFrameworks"
2026-04-22T16:45:06.3210950Z ignoring duplicate directory "/Users/runner/work/tcm-storage-ios/tcm-storage-ios/build/Build/Products/Debug-iphonesimulator/PackageFrameworks"
2026-04-22T16:45:06.3211300Z ignoring duplicate directory "/Users/runner/work/tcm-storage-ios/tcm-storage-ios/build/Build/Products/Debug-iphonesimulator/PackageFrameworks"
2026-04-22T16:45:06.3211650Z ignoring duplicate directory "/Users/runner/work/tcm-storage-ios/tcm-storage-ios/build/Build/Products/Debug-iphonesimulator/PackageFrameworks"
2026-04-22T16:45:06.3211980Z ignoring duplicate directory "/Users/runner/work/tcm-storage-ios/tcm-storage-ios/build/Build/Products/Debug-iphonesimulator/PackageFrameworks"
2026-04-22T16:45:06.3212320Z ignoring duplicate directory "/Users/runner/work/tcm-storage-ios/tcm-storage-ios/build/Build/Products/Debug-iphonesimulator/PackageFrameworks"
2026-04-22T16:45:06.3212680Z ignoring duplicate directory "/Users/runner/work/tcm-storage-ios/tcm-storage-ios/build/Build/Products/Debug-iphonesimulator/PackageFrameworks"
2026-04-22T16:45:06.3213090Z ignoring duplicate directory "/Users/runner/work/tcm-storage-ios/tcm-storage-ios/build/Build/Products/Debug-iphonesimulator/PackageFrameworks"
2026-04-22T16:45:06.3213440Z ignoring duplicate directory "/Users/runner/work/tcm-storage-ios/tcm-storage-ios/build/Build/Products/Debug-iphonesimulator/PackageFrameworks"
2026-04-22T16:45:06.3213800Z ignoring duplicate directory "/Users/runner/work/tcm-storage-ios/tcm-storage-ios/build/Build/Products/Debug-iphonesimulator/PackageFrameworks"
2026-04-22T16:45:06.3214150Z ignoring duplicate directory "/Users/runner/work/tcm-storage-ios/tcm-storage-ios/build/Build/Products/Debug-iphonesimulator/PackageFrameworks"
2026-04-22T16:45:06.3214490Z ignoring duplicate directory "/Users/runner/work/tcm-storage-ios/tcm-storage-ios/build/Build/Products/Debug-iphonesimulator/PackageFrameworks"
2026-04-22T16:45:06.3214820Z ignoring duplicate directory "/Users/runner/work/tcm-storage-ios/tcm-storage-ios/build/Build/Products/Debug-iphonesimulator/PackageFrameworks"
2026-04-22T16:45:06.3215220Z ignoring duplicate directory "/Users/runner/work/tcm-storage-ios/tcm-storage-ios/build/Build/Products/Debug-iphonesimulator/PackageFrameworks"
2026-04-22T16:45:06.3215560Z ignoring duplicate directory "/Users/runner/work/tcm-storage-ios/tcm-storage-ios/build/Build/Products/Debug-iphonesimulator/PackageFrameworks"
2026-04-22T16:45:06.3215970Z ignoring duplicate directory "/Users/runner/work/tcm-storage-ios/tcm-storage-ios/build/Build/Products/Debug-iphonesimulator/PackageFrameworks"
2026-04-22T16:45:06.3216370Z ignoring duplicate directory "/Users/runner/work/tcm-storage-ios/tcm-storage-ios/build/Build/Products/Debug-iphonesimulator/PackageFrameworks"
2026-04-22T16:45:06.3216770Z ignoring duplicate directory "/Users/runner/work/tcm-storage-ios/tcm-storage-ios/build/Build/Products/Debug-iphonesimulator/PackageFrameworks"
2026-04-22T16:45:06.3218540Z ignoring duplicate directory "/Users/runner/work/tcm-storage-ios/tcm-storage-ios/build/Build/Products/Debug-iphonesimulator/PackageFrameworks"
2026-04-22T16:45:06.3220910Z ignoring duplicate directory "/Users/runner/work/tcm-storage-ios/tcm-storage-ios/build/Build/Products/Debug-iphonesimulator/PackageFrameworks"
2026-04-22T16:45:06.3221900Z ignoring duplicate directory "/Users/runner/work/tcm-storage-ios/tcm-storage-ios/build/Build/Products/Debug-iphonesimulator/PackageFrameworks"
2026-04-22T16:45:06.3222740Z ignoring duplicate directory "/Users/runner/work/tcm-storage-ios/tcm-storage-ios/build/Build/Products/Debug-iphonesimulator/PackageFrameworks"
2026-04-22T16:45:06.3223220Z ignoring duplicate directory "/Users/runner/work/tcm-storage-ios/tcm-storage-ios/build/Build/Products/Debug-iphonesimulator/PackageFrameworks"
2026-04-22T16:45:06.3223660Z ignoring duplicate directory "/Users/runner/work/tcm-storage-ios/tcm-storage-ios/build/Build/Products/Debug-iphonesimulator/PackageFrameworks"
2026-04-22T16:45:06.3224080Z ignoring duplicate directory "/Users/runner/work/tcm-storage-ios/tcm-storage-ios/build/Build/Products/Debug-iphonesimulator/PackageFrameworks"
2026-04-22T16:45:06.3224440Z ignoring duplicate directory "/Users/runner/work/tcm-storage-ios/tcm-storage-ios/build/Build/Products/Debug-iphonesimulator/PackageFrameworks"
2026-04-22T16:45:06.3224800Z ignoring duplicate directory "/Users/runner/work/tcm-storage-ios/tcm-storage-ios/build/Build/Products/Debug-iphonesimulator/PackageFrameworks"
2026-04-22T16:45:06.3225200Z ignoring duplicate directory "/Users/runner/work/tcm-storage-ios/tcm-storage-ios/build/Build/Products/Debug-iphonesimulator/PackageFrameworks"
2026-04-22T16:45:06.3225550Z ignoring duplicate directory "/Users/runner/work/tcm-storage-ios/tcm-storage-ios/build/Build/Products/Debug-iphonesimulator/PackageFrameworks"
2026-04-22T16:45:06.3225900Z ignoring duplicate directory "/Users/runner/work/tcm-storage-ios/tcm-storage-ios/build/Build/Products/Debug-iphonesimulator/PackageFrameworks"
2026-04-22T16:45:06.3226450Z ignoring duplicate directory "/Users/runner/work/tcm-storage-ios/tcm-storage-ios/build/Build/Products/Debug-iphonesimulator/PackageFrameworks"
2026-04-22T16:45:06.3226870Z ignoring duplicate directory "/Users/runner/work/tcm-storage-ios/tcm-storage-ios/build/Build/Products/Debug-iphonesimulator/PackageFrameworks"
2026-04-22T16:45:06.3227200Z ignoring duplicate directory "/Users/runner/work/tcm-storage-ios/tcm-storage-ios/build/Build/Products/Debug-iphonesimulator/PackageFrameworks"
2026-04-22T16:45:06.3227550Z ignoring duplicate directory "/Users/runner/work/tcm-storage-ios/tcm-storage-ios/build/Build/Products/Debug-iphonesimulator/PackageFrameworks"
2026-04-22T16:45:06.3227900Z ignoring duplicate directory "/Users/runner/work/tcm-storage-ios/tcm-storage-ios/build/Build/Products/Debug-iphonesimulator/PackageFrameworks"
2026-04-22T16:45:06.3228260Z ignoring duplicate directory "/Users/runner/work/tcm-storage-ios/tcm-storage-ios/build/Build/Products/Debug-iphonesimulator/PackageFrameworks"
2026-04-22T16:45:06.3228600Z ignoring duplicate directory "/Users/runner/work/tcm-storage-ios/tcm-storage-ios/build/Build/Products/Debug-iphonesimulator/PackageFrameworks"
2026-04-22T16:45:06.3229030Z ignoring duplicate directory "/Users/runner/work/tcm-storage-ios/tcm-storage-ios/build/Build/Products/Debug-iphonesimulator/PackageFrameworks"
2026-04-22T16:45:06.3229790Z ignoring duplicate directory "/Users/runner/work/tcm-storage-ios/tcm-storage-ios/build/Build/Products/Debug-iphonesimulator/PackageFrameworks"
2026-04-22T16:45:06.3230150Z ignoring duplicate directory "/Users/runner/work/tcm-storage-ios/tcm-storage-ios/build/Build/Products/Debug-iphonesimulator/PackageFrameworks"
2026-04-22T16:45:06.3230710Z ignoring duplicate directory "/Users/runner/work/tcm-storage-ios/tcm-storage-ios/build/Build/Products/Debug-iphonesimulator/PackageFrameworks"
2026-04-22T16:45:06.3231070Z ignoring duplicate directory "/Users/runner/work/tcm-storage-ios/tcm-storage-ios/build/Build/Products/Debug-iphonesimulator/PackageFrameworks"
2026-04-22T16:45:06.3231480Z ignoring duplicate directory "/Users/runner/work/tcm-storage-ios/tcm-storage-ios/build/Build/Products/Debug-iphonesimulator/PackageFrameworks"
2026-04-22T16:45:06.3231830Z ignoring duplicate directory "/Users/runner/work/tcm-storage-ios/tcm-storage-ios/build/Build/Products/Debug-iphonesimulator/PackageFrameworks"
2026-04-22T16:45:06.3232170Z ignoring duplicate directory "/Users/runner/work/tcm-storage-ios/tcm-storage-ios/build/Build/Products/Debug-iphonesimulator/PackageFrameworks"
2026-04-22T16:45:06.3232580Z ignoring duplicate directory "/Users/runner/work/tcm-storage-ios/tcm-storage-ios/build/Build/Products/Debug-iphonesimulator/PackageFrameworks"
2026-04-22T16:45:06.3232930Z ignoring duplicate directory "/Users/runner/work/tcm-storage-ios/tcm-storage-ios/build/Build/Products/Debug-iphonesimulator/PackageFrameworks"
2026-04-22T16:45:06.3233290Z ignoring duplicate directory "/Users/runner/work/tcm-storage-ios/tcm-storage-ios/build/Build/Products/Debug-iphonesimulator/PackageFrameworks"
2026-04-22T16:45:06.3233650Z ignoring duplicate directory "/Users/runner/work/tcm-storage-ios/tcm-storage-ios/build/Build/Products/Debug-iphonesimulator/PackageFrameworks"
2026-04-22T16:45:06.3233720Z #include "..." search starts here:
2026-04-22T16:45:06.3234210Z  /Users/runner/work/tcm-storage-ios/tcm-storage-ios/build/Build/Intermediates.noindex/Nextcloud.build/Debug-iphonesimulator/Nextcloud.build/Nextcloud-generated-files.hmap (headermap)
2026-04-22T16:45:06.3234700Z  /Users/runner/work/tcm-storage-ios/tcm-storage-ios/build/Build/Intermediates.noindex/Nextcloud.build/Debug-iphonesimulator/Nextcloud.build/Nextcloud-project-headers.hmap (headermap)
2026-04-22T16:45:06.3234760Z #include <...> search starts here:
2026-04-22T16:45:06.3235240Z  /Users/runner/work/tcm-storage-ios/tcm-storage-ios/build/Build/Intermediates.noindex/Nextcloud.build/Debug-iphonesimulator/Nextcloud.build/Nextcloud-own-target-headers.hmap (headermap)
2026-04-22T16:45:06.3235770Z  /Users/runner/work/tcm-storage-ios/tcm-storage-ios/build/Build/Intermediates.noindex/Nextcloud.build/Debug-iphonesimulator/Nextcloud.build/Nextcloud-all-non-framework-target-headers.hmap (headermap)
2026-04-22T16:45:06.3236190Z  /Users/runner/work/tcm-storage-ios/tcm-storage-ios/build/SourcePackages/checkouts/swift-nio-ssl/Sources/CNIOBoringSSLShims/include
2026-04-22T16:45:06.3236490Z  /Users/runner/work/tcm-storage-ios/tcm-storage-ios/build/SourcePackages/checkouts/swift-nio-ssl/Sources/CNIOBoringSSL/include
2026-04-22T16:45:06.3236780Z  /Users/runner/work/tcm-storage-ios/tcm-storage-ios/build/SourcePackages/checkouts/swift-atomics/Sources/_AtomicsShims/include
2026-04-22T16:45:06.3237050Z  /Users/runner/work/tcm-storage-ios/tcm-storage-ios/build/SourcePackages/checkouts/swift-nio/Sources/CNIOPosix/include
2026-04-22T16:45:06.3237320Z  /Users/runner/work/tcm-storage-ios/tcm-storage-ios/build/SourcePackages/checkouts/swift-nio/Sources/CNIOWASI/include
2026-04-22T16:45:06.3237590Z  /Users/runner/work/tcm-storage-ios/tcm-storage-ios/build/SourcePackages/checkouts/swift-nio/Sources/CNIOWindows/include
2026-04-22T16:45:06.3237850Z  /Users/runner/work/tcm-storage-ios/tcm-storage-ios/build/SourcePackages/checkouts/swift-nio/Sources/CNIOLinux/include
2026-04-22T16:45:06.3238170Z  /Users/runner/work/tcm-storage-ios/tcm-storage-ios/build/SourcePackages/checkouts/swift-nio/Sources/CNIODarwin/include
2026-04-22T16:45:06.3238470Z  /Users/runner/work/tcm-storage-ios/tcm-storage-ios/build/SourcePackages/checkouts/swift-nio/Sources/CNIOOpenBSD/include
2026-04-22T16:45:06.3238760Z  /Users/runner/work/tcm-storage-ios/tcm-storage-ios/build/SourcePackages/checkouts/swift-nio/Sources/CNIOAtomics/include
2026-04-22T16:45:06.3239140Z  /Users/runner/work/tcm-storage-ios/tcm-storage-ios/build/SourcePackages/checkouts/realm-core/src
2026-04-22T16:45:06.3239570Z  /Users/runner/work/tcm-storage-ios/tcm-storage-ios/build/SourcePackages/checkouts/realm-core/src/external/s2
2026-04-22T16:45:06.3239910Z  /Users/runner/work/tcm-storage-ios/tcm-storage-ios/build/SourcePackages/checkouts/realm-core/src/external/IntelRDFPMathLib20U2/LIBRARY/src
2026-04-22T16:45:06.3240160Z  /Users/runner/work/tcm-storage-ios/tcm-storage-ios/build/SourcePackages/checkouts/realm-core/src/spm
2026-04-22T16:45:06.3240380Z  /Users/runner/work/tcm-storage-ios/tcm-storage-ios/build/SourcePackages/checkouts/realm-swift/include
2026-04-22T16:45:06.3240700Z  /Users/runner/work/tcm-storage-ios/tcm-storage-ios/build/SourcePackages/checkouts/GoogleUtilities/GoogleUtilities/NSData+zlib/Public
2026-04-22T16:45:06.3241010Z  /Users/runner/work/tcm-storage-ios/tcm-storage-ios/build/SourcePackages/checkouts/GoogleUtilities/GoogleUtilities/Logger/Public
2026-04-22T16:45:06.3241390Z  /Users/runner/work/tcm-storage-ios/tcm-storage-ios/build/SourcePackages/checkouts/GoogleUtilities/GoogleUtilities/Environment/Public
2026-04-22T16:45:06.3241720Z  /Users/runner/work/tcm-storage-ios/tcm-storage-ios/build/SourcePackages/checkouts/GoogleUtilities/third_party/IsAppEncrypted/Public
2026-04-22T16:45:06.3242040Z  /Users/runner/work/tcm-storage-ios/tcm-storage-ios/build/SourcePackages/checkouts/GoogleUtilities/GoogleUtilities/UserDefaults/Public
2026-04-22T16:45:06.3242260Z  /Users/runner/work/tcm-storage-ios/tcm-storage-ios/build/SourcePackages/checkouts/nanopb/spm_headers
2026-04-22T16:45:06.3242530Z  /Users/runner/work/tcm-storage-ios/tcm-storage-ios/build/SourcePackages/checkouts/promises/Sources/FBLPromises/include
2026-04-22T16:45:06.3243490Z  /Users/runner/work/tcm-storage-ios/tcm-storage-ios/build/SourcePackages/checkouts/GoogleDataTransport/GoogleDataTransport/GDTCORLibrary/Public
2026-04-22T16:45:06.3243850Z  /Users/runner/work/tcm-storage-ios/tcm-storage-ios/build/SourcePackages/checkouts/firebase-ios-sdk/FirebaseSessions/SourcesObjC
2026-04-22T16:45:06.3244200Z  /Users/runner/work/tcm-storage-ios/tcm-storage-ios/build/SourcePackages/checkouts/firebase-ios-sdk/FirebaseCore/Extension
2026-04-22T16:45:06.3244550Z  /Users/runner/work/tcm-storage-ios/tcm-storage-ios/build/SourcePackages/checkouts/firebase-ios-sdk/FirebaseInstallations/Source/Library/Public
2026-04-22T16:45:06.3245170Z  /Users/runner/work/tcm-storage-ios/tcm-storage-ios/build/SourcePackages/checkouts/firebase-ios-sdk/FirebaseCore/Sources/Public
2026-04-22T16:45:06.3245450Z  /Users/runner/work/tcm-storage-ios/tcm-storage-ios/build/SourcePackages/checkouts/firebase-ios-sdk/CoreOnly/Sources
2026-04-22T16:45:06.3245770Z  /Users/runner/work/tcm-storage-ios/tcm-storage-ios/build/SourcePackages/checkouts/firebase-ios-sdk/Crashlytics/Crashlytics/Public
2026-04-22T16:45:06.3246040Z  /Users/runner/work/tcm-storage-ios/tcm-storage-ios/build/SourcePackages/checkouts/GzipSwift/Sources/system-zlib/include
2026-04-22T16:45:06.3247150Z  /Users/runner/work/tcm-storage-ios/tcm-storage-ios/build/Build/Intermediates.noindex/Nextcloud.build/Debug-iphonesimulator/Nextcloud.build/DerivedSources
2026-04-22T16:45:06.3247520Z  /Users/runner/work/tcm-storage-ios/tcm-storage-ios/build/Build/Products/Debug-iphonesimulator/PackageFrameworks (framework directory)
2026-04-22T16:45:06.3247790Z  /Users/runner/work/tcm-storage-ios/tcm-storage-ios/build/Build/Products/Debug-iphonesimulator (framework directory)
2026-04-22T16:45:06.3248340Z  /Applications/Xcode_26.2.app/Contents/Developer/Platforms/iPhoneSimulator.platform/Developer/Library/Frameworks (framework directory)
2026-04-22T16:45:06.3248800Z  /Applications/Xcode_26.2.app/Contents/Developer/Platforms/iPhoneSimulator.platform/Developer/SDKs/iPhoneSimulator26.2.sdk/Developer/Library/Frameworks (framework directory)
2026-04-22T16:45:06.3249730Z  /Applications/Xcode_26.2.app/Contents/Developer/Toolchains/XcodeDefault.xctoolchain/usr/lib/clang/17/include
2026-04-22T16:45:06.3250120Z  /Applications/Xcode_26.2.app/Contents/Developer/Platforms/iPhoneSimulator.platform/Developer/SDKs/iPhoneSimulator26.2.sdk/usr/include
2026-04-22T16:45:06.3250360Z  /Applications/Xcode_26.2.app/Contents/Developer/Toolchains/XcodeDefault.xctoolchain/usr/include
2026-04-22T16:45:06.3251210Z  /Applications/Xcode_26.2.app/Contents/Developer/Platforms/iPhoneSimulator.platform/Developer/SDKs/iPhoneSimulator26.2.sdk/System/Library/Frameworks (framework directory)
2026-04-22T16:45:06.3251650Z  /Applications/Xcode_26.2.app/Contents/Developer/Platforms/iPhoneSimulator.platform/Developer/SDKs/iPhoneSimulator26.2.sdk/System/Library/SubFrameworks (framework directory)
2026-04-22T16:45:06.3251700Z End of search list.
2026-04-22T16:45:06.3251870Z clang -cc1 version 17.0.0 (clang-1700.6.3.2) default target arm64-apple-darwin24.6.0
2026-04-22T16:45:06.3252740Z ignoring nonexistent directory "/Users/runner/work/tcm-storage-ios/tcm-storage-ios/build/Build/Products/Debug-iphonesimulator/include"
2026-04-22T16:45:06.3253600Z ignoring nonexistent directory "/Users/runner/work/tcm-storage-ios/tcm-storage-ios/build/Build/Intermediates.noindex/Nextcloud.build/Debug-iphonesimulator/Nextcloud.build/DerivedSources-normal/arm64"
2026-04-22T16:45:06.3254380Z ignoring nonexistent directory "/Users/runner/work/tcm-storage-ios/tcm-storage-ios/build/Build/Intermediates.noindex/Nextcloud.build/Debug-iphonesimulator/Nextcloud.build/DerivedSources/arm64"
2026-04-22T16:45:06.3254870Z ignoring nonexistent directory "/Applications/Xcode_26.2.app/Contents/Developer/Platforms/iPhoneSimulator.platform/Developer/SDKs/iPhoneSimulator26.2.sdk/usr/local/include"
2026-04-22T16:45:06.3255300Z ignoring nonexistent directory "/Applications/Xcode_26.2.app/Contents/Developer/Platforms/iPhoneSimulator.platform/Developer/SDKs/iPhoneSimulator26.2.sdk/Library/Frameworks"
2026-04-22T16:45:06.3255640Z ignoring duplicate directory "/Users/runner/work/tcm-storage-ios/tcm-storage-ios/build/Build/Products/Debug-iphonesimulator/PackageFrameworks"
2026-04-22T16:45:06.3256290Z ignoring duplicate directory "/Users/runner/work/tcm-storage-ios/tcm-storage-ios/build/Build/Products/Debug-iphonesimulator/PackageFrameworks"
2026-04-22T16:45:06.3256880Z ignoring duplicate directory "/Users/runner/work/tcm-storage-ios/tcm-storage-ios/build/Build/Products/Debug-iphonesimulator/PackageFrameworks"
2026-04-22T16:45:06.3257400Z ignoring duplicate directory "/Users/runner/work/tcm-storage-ios/tcm-storage-ios/build/Build/Products/Debug-iphonesimulator/PackageFrameworks"
2026-04-22T16:45:06.3257990Z ignoring duplicate directory "/Users/runner/work/tcm-storage-ios/tcm-storage-ios/build/Build/Products/Debug-iphonesimulator/PackageFrameworks"
2026-04-22T16:45:06.3258690Z ignoring duplicate directory "/Users/runner/work/tcm-storage-ios/tcm-storage-ios/build/Build/Products/Debug-iphonesimulator/PackageFrameworks"
2026-04-22T16:45:06.3259040Z ignoring duplicate directory "/Users/runner/work/tcm-storage-ios/tcm-storage-ios/build/Build/Products/Debug-iphonesimulator/PackageFrameworks"
2026-04-22T16:45:06.3259410Z ignoring duplicate directory "/Users/runner/work/tcm-storage-ios/tcm-storage-ios/build/Build/Products/Debug-iphonesimulator/PackageFrameworks"
2026-04-22T16:45:06.3260360Z ignoring duplicate directory "/Users/runner/work/tcm-storage-ios/tcm-storage-ios/build/Build/Products/Debug-iphonesimulator/PackageFrameworks"
2026-04-22T16:45:06.3260920Z ignoring duplicate directory "/Users/runner/work/tcm-storage-ios/tcm-storage-ios/build/Build/Products/Debug-iphonesimulator/PackageFrameworks"
2026-04-22T16:45:06.3261330Z ignoring duplicate directory "/Users/runner/work/tcm-storage-ios/tcm-storage-ios/build/Build/Products/Debug-iphonesimulator/PackageFrameworks"
2026-04-22T16:45:06.3261760Z ignoring duplicate directory "/Users/runner/work/tcm-storage-ios/tcm-storage-ios/build/Build/Products/Debug-iphonesimulator/PackageFrameworks"
2026-04-22T16:45:06.3262250Z ignoring duplicate directory "/Users/runner/work/tcm-storage-ios/tcm-storage-ios/build/Build/Products/Debug-iphonesimulator/PackageFrameworks"
2026-04-22T16:45:06.3262680Z ignoring duplicate directory "/Users/runner/work/tcm-storage-ios/tcm-storage-ios/build/Build/Products/Debug-iphonesimulator/PackageFrameworks"
2026-04-22T16:45:06.3263210Z ignoring duplicate directory "/Users/runner/work/tcm-storage-ios/tcm-storage-ios/build/Build/Products/Debug-iphonesimulator/PackageFrameworks"
2026-04-22T16:45:06.3263580Z ignoring duplicate directory "/Users/runner/work/tcm-storage-ios/tcm-storage-ios/build/Build/Products/Debug-iphonesimulator/PackageFrameworks"
2026-04-22T16:45:06.3264100Z ignoring duplicate directory "/Users/runner/work/tcm-storage-ios/tcm-storage-ios/build/Build/Products/Debug-iphonesimulator/PackageFrameworks"
2026-04-22T16:45:06.3264460Z ignoring duplicate directory "/Users/runner/work/tcm-storage-ios/tcm-storage-ios/build/Build/Products/Debug-iphonesimulator/PackageFrameworks"
2026-04-22T16:45:06.3264790Z ignoring duplicate directory "/Users/runner/work/tcm-storage-ios/tcm-storage-ios/build/Build/Products/Debug-iphonesimulator/PackageFrameworks"
2026-04-22T16:45:06.3265670Z ignoring duplicate directory "/Users/runner/work/tcm-storage-ios/tcm-storage-ios/build/Build/Products/Debug-iphonesimulator/PackageFrameworks"
2026-04-22T16:45:06.3266030Z ignoring duplicate directory "/Users/runner/work/tcm-storage-ios/tcm-storage-ios/build/Build/Products/Debug-iphonesimulator/PackageFrameworks"
2026-04-22T16:45:06.3266350Z ignoring duplicate directory "/Users/runner/work/tcm-storage-ios/tcm-storage-ios/build/Build/Products/Debug-iphonesimulator/PackageFrameworks"
2026-04-22T16:45:06.3266690Z ignoring duplicate directory "/Users/runner/work/tcm-storage-ios/tcm-storage-ios/build/Build/Products/Debug-iphonesimulator/PackageFrameworks"
2026-04-22T16:45:06.3267010Z ignoring duplicate directory "/Users/runner/work/tcm-storage-ios/tcm-storage-ios/build/Build/Products/Debug-iphonesimulator/PackageFrameworks"
2026-04-22T16:45:06.3267340Z ignoring duplicate directory "/Users/runner/work/tcm-storage-ios/tcm-storage-ios/build/Build/Products/Debug-iphonesimulator/PackageFrameworks"
2026-04-22T16:45:06.3267660Z ignoring duplicate directory "/Users/runner/work/tcm-storage-ios/tcm-storage-ios/build/Build/Products/Debug-iphonesimulator/PackageFrameworks"
2026-04-22T16:45:06.3268030Z ignoring duplicate directory "/Users/runner/work/tcm-storage-ios/tcm-storage-ios/build/Build/Products/Debug-iphonesimulator/PackageFrameworks"
2026-04-22T16:45:06.3268380Z ignoring duplicate directory "/Users/runner/work/tcm-storage-ios/tcm-storage-ios/build/Build/Products/Debug-iphonesimulator/PackageFrameworks"
2026-04-22T16:45:06.3268960Z ignoring duplicate directory "/Users/runner/work/tcm-storage-ios/tcm-storage-ios/build/Build/Products/Debug-iphonesimulator/PackageFrameworks"
2026-04-22T16:45:06.3269310Z ignoring duplicate directory "/Users/runner/work/tcm-storage-ios/tcm-storage-ios/build/Build/Products/Debug-iphonesimulator/PackageFrameworks"
2026-04-22T16:45:06.3269640Z ignoring duplicate directory "/Users/runner/work/tcm-storage-ios/tcm-storage-ios/build/Build/Products/Debug-iphonesimulator/PackageFrameworks"
2026-04-22T16:45:06.3270030Z ignoring duplicate directory "/Users/runner/work/tcm-storage-ios/tcm-storage-ios/build/Build/Products/Debug-iphonesimulator/PackageFrameworks"
2026-04-22T16:45:06.3270420Z ignoring duplicate directory "/Users/runner/work/tcm-storage-ios/tcm-storage-ios/build/Build/Products/Debug-iphonesimulator/PackageFrameworks"
2026-04-22T16:45:06.3270800Z ignoring duplicate directory "/Users/runner/work/tcm-storage-ios/tcm-storage-ios/build/Build/Products/Debug-iphonesimulator/PackageFrameworks"
2026-04-22T16:45:06.3271240Z ignoring duplicate directory "/Users/runner/work/tcm-storage-ios/tcm-storage-ios/build/Build/Products/Debug-iphonesimulator/PackageFrameworks"
2026-04-22T16:45:06.3271580Z ignoring duplicate directory "/Users/runner/work/tcm-storage-ios/tcm-storage-ios/build/Build/Products/Debug-iphonesimulator/PackageFrameworks"
2026-04-22T16:45:06.3271970Z ignoring duplicate directory "/Users/runner/work/tcm-storage-ios/tcm-storage-ios/build/Build/Products/Debug-iphonesimulator/PackageFrameworks"
2026-04-22T16:45:06.3272410Z ignoring duplicate directory "/Users/runner/work/tcm-storage-ios/tcm-storage-ios/build/Build/Products/Debug-iphonesimulator/PackageFrameworks"
2026-04-22T16:45:06.3272820Z ignoring duplicate directory "/Users/runner/work/tcm-storage-ios/tcm-storage-ios/build/Build/Products/Debug-iphonesimulator/PackageFrameworks"
2026-04-22T16:45:06.3273150Z ignoring duplicate directory "/Users/runner/work/tcm-storage-ios/tcm-storage-ios/build/Build/Products/Debug-iphonesimulator/PackageFrameworks"
2026-04-22T16:45:06.3273560Z ignoring duplicate directory "/Users/runner/work/tcm-storage-ios/tcm-storage-ios/build/Build/Products/Debug-iphonesimulator/PackageFrameworks"
2026-04-22T16:45:06.3273900Z ignoring duplicate directory "/Users/runner/work/tcm-storage-ios/tcm-storage-ios/build/Build/Products/Debug-iphonesimulator/PackageFrameworks"
2026-04-22T16:45:06.3274310Z ignoring duplicate directory "/Users/runner/work/tcm-storage-ios/tcm-storage-ios/build/Build/Products/Debug-iphonesimulator/PackageFrameworks"
2026-04-22T16:45:06.3274650Z ignoring duplicate directory "/Users/runner/work/tcm-storage-ios/tcm-storage-ios/build/Build/Products/Debug-iphonesimulator/PackageFrameworks"
2026-04-22T16:45:06.3275030Z ignoring duplicate directory "/Users/runner/work/tcm-storage-ios/tcm-storage-ios/build/Build/Products/Debug-iphonesimulator/PackageFrameworks"
2026-04-22T16:45:06.3275410Z ignoring duplicate directory "/Users/runner/work/tcm-storage-ios/tcm-storage-ios/build/Build/Products/Debug-iphonesimulator/PackageFrameworks"
2026-04-22T16:45:06.3275740Z ignoring duplicate directory "/Users/runner/work/tcm-storage-ios/tcm-storage-ios/build/Build/Products/Debug-iphonesimulator/PackageFrameworks"
2026-04-22T16:45:06.3276140Z ignoring duplicate directory "/Users/runner/work/tcm-storage-ios/tcm-storage-ios/build/Build/Products/Debug-iphonesimulator/PackageFrameworks"
2026-04-22T16:45:06.3276470Z ignoring duplicate directory "/Users/runner/work/tcm-storage-ios/tcm-storage-ios/build/Build/Products/Debug-iphonesimulator/PackageFrameworks"
2026-04-22T16:45:06.3276800Z ignoring duplicate directory "/Users/runner/work/tcm-storage-ios/tcm-storage-ios/build/Build/Products/Debug-iphonesimulator/PackageFrameworks"
2026-04-22T16:45:06.3277120Z ignoring duplicate directory "/Users/runner/work/tcm-storage-ios/tcm-storage-ios/build/Build/Products/Debug-iphonesimulator/PackageFrameworks"
2026-04-22T16:45:06.3277630Z ignoring duplicate directory "/Users/runner/work/tcm-storage-ios/tcm-storage-ios/build/Build/Products/Debug-iphonesimulator/PackageFrameworks"
2026-04-22T16:45:06.3278180Z ignoring duplicate directory "/Users/runner/work/tcm-storage-ios/tcm-storage-ios/build/Build/Products/Debug-iphonesimulator/PackageFrameworks"
2026-04-22T16:45:06.3278530Z ignoring duplicate directory "/Users/runner/work/tcm-storage-ios/tcm-storage-ios/build/Build/Products/Debug-iphonesimulator/PackageFrameworks"
2026-04-22T16:45:06.3278930Z ignoring duplicate directory "/Users/runner/work/tcm-storage-ios/tcm-storage-ios/build/Build/Products/Debug-iphonesimulator/PackageFrameworks"
2026-04-22T16:45:06.3279280Z ignoring duplicate directory "/Users/runner/work/tcm-storage-ios/tcm-storage-ios/build/Build/Products/Debug-iphonesimulator/PackageFrameworks"
2026-04-22T16:45:06.3279720Z ignoring duplicate directory "/Users/runner/work/tcm-storage-ios/tcm-storage-ios/build/Build/Products/Debug-iphonesimulator/PackageFrameworks"
2026-04-22T16:45:06.3280070Z ignoring duplicate directory "/Users/runner/work/tcm-storage-ios/tcm-storage-ios/build/Build/Products/Debug-iphonesimulator/PackageFrameworks"
2026-04-22T16:45:06.3280550Z ignoring duplicate directory "/Users/runner/work/tcm-storage-ios/tcm-storage-ios/build/Build/Products/Debug-iphonesimulator/PackageFrameworks"
2026-04-22T16:45:06.3280890Z ignoring duplicate directory "/Users/runner/work/tcm-storage-ios/tcm-storage-ios/build/Build/Products/Debug-iphonesimulator/PackageFrameworks"
2026-04-22T16:45:06.3281270Z ignoring duplicate directory "/Users/runner/work/tcm-storage-ios/tcm-storage-ios/build/Build/Products/Debug-iphonesimulator/PackageFrameworks"
2026-04-22T16:45:06.3281820Z ignoring duplicate directory "/Users/runner/work/tcm-storage-ios/tcm-storage-ios/build/Build/Products/Debug-iphonesimulator/PackageFrameworks"
2026-04-22T16:45:06.3282420Z ignoring duplicate directory "/Users/runner/work/tcm-storage-ios/tcm-storage-ios/build/Build/Products/Debug-iphonesimulator/PackageFrameworks"
2026-04-22T16:45:06.3282760Z ignoring duplicate directory "/Users/runner/work/tcm-storage-ios/tcm-storage-ios/build/Build/Products/Debug-iphonesimulator/PackageFrameworks"
2026-04-22T16:45:06.3283160Z ignoring duplicate directory "/Users/runner/work/tcm-storage-ios/tcm-storage-ios/build/Build/Products/Debug-iphonesimulator/PackageFrameworks"
2026-04-22T16:45:06.3283490Z ignoring duplicate directory "/Users/runner/work/tcm-storage-ios/tcm-storage-ios/build/Build/Products/Debug-iphonesimulator/PackageFrameworks"
2026-04-22T16:45:06.3283820Z ignoring duplicate directory "/Users/runner/work/tcm-storage-ios/tcm-storage-ios/build/Build/Products/Debug-iphonesimulator/PackageFrameworks"
2026-04-22T16:45:06.3284200Z ignoring duplicate directory "/Users/runner/work/tcm-storage-ios/tcm-storage-ios/build/Build/Products/Debug-iphonesimulator/PackageFrameworks"
2026-04-22T16:45:06.3305490Z ignoring duplicate directory "/Users/runner/work/tcm-storage-ios/tcm-storage-ios/build/Build/Products/Debug-iphonesimulator/PackageFrameworks"
2026-04-22T16:45:06.3305900Z ignoring duplicate directory "/Users/runner/work/tcm-storage-ios/tcm-storage-ios/build/Build/Products/Debug-iphonesimulator/PackageFrameworks"
2026-04-22T16:45:06.3306230Z ignoring duplicate directory "/Users/runner/work/tcm-storage-ios/tcm-storage-ios/build/Build/Products/Debug-iphonesimulator/PackageFrameworks"
2026-04-22T16:45:06.3306560Z ignoring duplicate directory "/Users/runner/work/tcm-storage-ios/tcm-storage-ios/build/Build/Products/Debug-iphonesimulator/PackageFrameworks"
2026-04-22T16:45:06.3306890Z ignoring duplicate directory "/Users/runner/work/tcm-storage-ios/tcm-storage-ios/build/Build/Products/Debug-iphonesimulator/PackageFrameworks"
2026-04-22T16:45:06.3307240Z ignoring duplicate directory "/Users/runner/work/tcm-storage-ios/tcm-storage-ios/build/Build/Products/Debug-iphonesimulator/PackageFrameworks"
2026-04-22T16:45:06.3307580Z ignoring duplicate directory "/Users/runner/work/tcm-storage-ios/tcm-storage-ios/build/Build/Products/Debug-iphonesimulator/PackageFrameworks"
2026-04-22T16:45:06.3308150Z ignoring duplicate directory "/Users/runner/work/tcm-storage-ios/tcm-storage-ios/build/Build/Products/Debug-iphonesimulator/PackageFrameworks"
2026-04-22T16:45:06.3308220Z #include "..." search starts here:
2026-04-22T16:45:06.3308690Z  /Users/runner/work/tcm-storage-ios/tcm-storage-ios/build/Build/Intermediates.noindex/Nextcloud.build/Debug-iphonesimulator/Nextcloud.build/Nextcloud-generated-files.hmap (headermap)
2026-04-22T16:45:06.3310010Z  /Users/runner/work/tcm-storage-ios/tcm-storage-ios/build/Build/Intermediates.noindex/Nextcloud.build/Debug-iphonesimulator/Nextcloud.build/Nextcloud-project-headers.hmap (headermap)
2026-04-22T16:45:06.3310100Z #include <...> search starts here:
2026-04-22T16:45:06.3310590Z  /Users/runner/work/tcm-storage-ios/tcm-storage-ios/build/Build/Intermediates.noindex/Nextcloud.build/Debug-iphonesimulator/Nextcloud.build/Nextcloud-own-target-headers.hmap (headermap)
2026-04-22T16:45:06.3311130Z  /Users/runner/work/tcm-storage-ios/tcm-storage-ios/build/Build/Intermediates.noindex/Nextcloud.build/Debug-iphonesimulator/Nextcloud.build/Nextcloud-all-non-framework-target-headers.hmap (headermap)
2026-04-22T16:45:06.3311640Z  /Users/runner/work/tcm-storage-ios/tcm-storage-ios/build/SourcePackages/checkouts/swift-nio-ssl/Sources/CNIOBoringSSLShims/include
2026-04-22T16:45:06.3311960Z  /Users/runner/work/tcm-storage-ios/tcm-storage-ios/build/SourcePackages/checkouts/swift-nio-ssl/Sources/CNIOBoringSSL/include
2026-04-22T16:45:06.3312260Z  /Users/runner/work/tcm-storage-ios/tcm-storage-ios/build/SourcePackages/checkouts/swift-atomics/Sources/_AtomicsShims/include
2026-04-22T16:45:06.3312620Z  /Users/runner/work/tcm-storage-ios/tcm-storage-ios/build/SourcePackages/checkouts/swift-nio/Sources/CNIOPosix/include
2026-04-22T16:45:06.3312960Z  /Users/runner/work/tcm-storage-ios/tcm-storage-ios/build/SourcePackages/checkouts/swift-nio/Sources/CNIOWASI/include
2026-04-22T16:45:06.3313240Z  /Users/runner/work/tcm-storage-ios/tcm-storage-ios/build/SourcePackages/checkouts/swift-nio/Sources/CNIOWindows/include
2026-04-22T16:45:06.3313530Z  /Users/runner/work/tcm-storage-ios/tcm-storage-ios/build/SourcePackages/checkouts/swift-nio/Sources/CNIOLinux/include
2026-04-22T16:45:06.3313800Z  /Users/runner/work/tcm-storage-ios/tcm-storage-ios/build/SourcePackages/checkouts/swift-nio/Sources/CNIODarwin/include
2026-04-22T16:45:06.3314070Z  /Users/runner/work/tcm-storage-ios/tcm-storage-ios/build/SourcePackages/checkouts/swift-nio/Sources/CNIOOpenBSD/include
2026-04-22T16:45:06.3314340Z  /Users/runner/work/tcm-storage-ios/tcm-storage-ios/build/SourcePackages/checkouts/swift-nio/Sources/CNIOAtomics/include
2026-04-22T16:45:06.3314550Z  /Users/runner/work/tcm-storage-ios/tcm-storage-ios/build/SourcePackages/checkouts/realm-core/src
2026-04-22T16:45:06.3314810Z  /Users/runner/work/tcm-storage-ios/tcm-storage-ios/build/SourcePackages/checkouts/realm-core/src/external/s2
2026-04-22T16:45:06.3315140Z  /Users/runner/work/tcm-storage-ios/tcm-storage-ios/build/SourcePackages/checkouts/realm-core/src/external/IntelRDFPMathLib20U2/LIBRARY/src
2026-04-22T16:45:06.3315360Z  /Users/runner/work/tcm-storage-ios/tcm-storage-ios/build/SourcePackages/checkouts/realm-core/src/spm
2026-04-22T16:45:06.3315610Z  /Users/runner/work/tcm-storage-ios/tcm-storage-ios/build/SourcePackages/checkouts/realm-swift/include
2026-04-22T16:45:06.3315940Z  /Users/runner/work/tcm-storage-ios/tcm-storage-ios/build/SourcePackages/checkouts/GoogleUtilities/GoogleUtilities/NSData+zlib/Public
2026-04-22T16:45:06.3316250Z  /Users/runner/work/tcm-storage-ios/tcm-storage-ios/build/SourcePackages/checkouts/GoogleUtilities/GoogleUtilities/Logger/Public
2026-04-22T16:45:06.3316600Z  /Users/runner/work/tcm-storage-ios/tcm-storage-ios/build/SourcePackages/checkouts/GoogleUtilities/GoogleUtilities/Environment/Public
2026-04-22T16:45:06.3316940Z  /Users/runner/work/tcm-storage-ios/tcm-storage-ios/build/SourcePackages/checkouts/GoogleUtilities/third_party/IsAppEncrypted/Public
2026-04-22T16:45:06.3317290Z  /Users/runner/work/tcm-storage-ios/tcm-storage-ios/build/SourcePackages/checkouts/GoogleUtilities/GoogleUtilities/UserDefaults/Public
2026-04-22T16:45:06.3317580Z  /Users/runner/work/tcm-storage-ios/tcm-storage-ios/build/SourcePackages/checkouts/nanopb/spm_headers
2026-04-22T16:45:06.3317850Z  /Users/runner/work/tcm-storage-ios/tcm-storage-ios/build/SourcePackages/checkouts/promises/Sources/FBLPromises/include
2026-04-22T16:45:06.3318210Z  /Users/runner/work/tcm-storage-ios/tcm-storage-ios/build/SourcePackages/checkouts/GoogleDataTransport/GoogleDataTransport/GDTCORLibrary/Public
2026-04-22T16:45:06.3318520Z  /Users/runner/work/tcm-storage-ios/tcm-storage-ios/build/SourcePackages/checkouts/firebase-ios-sdk/FirebaseSessions/SourcesObjC
2026-04-22T16:45:06.3318800Z  /Users/runner/work/tcm-storage-ios/tcm-storage-ios/build/SourcePackages/checkouts/firebase-ios-sdk/FirebaseCore/Extension
2026-04-22T16:45:06.3319140Z  /Users/runner/work/tcm-storage-ios/tcm-storage-ios/build/SourcePackages/checkouts/firebase-ios-sdk/FirebaseInstallations/Source/Library/Public
2026-04-22T16:45:06.3319440Z  /Users/runner/work/tcm-storage-ios/tcm-storage-ios/build/SourcePackages/checkouts/firebase-ios-sdk/FirebaseCore/Sources/Public
2026-04-22T16:45:06.3319740Z  /Users/runner/work/tcm-storage-ios/tcm-storage-ios/build/SourcePackages/checkouts/firebase-ios-sdk/CoreOnly/Sources
2026-04-22T16:45:06.3320050Z  /Users/runner/work/tcm-storage-ios/tcm-storage-ios/build/SourcePackages/checkouts/firebase-ios-sdk/Crashlytics/Crashlytics/Public
2026-04-22T16:45:06.3320330Z  /Users/runner/work/tcm-storage-ios/tcm-storage-ios/build/SourcePackages/checkouts/GzipSwift/Sources/system-zlib/include
2026-04-22T16:45:06.3320790Z  /Users/runner/work/tcm-storage-ios/tcm-storage-ios/build/Build/Intermediates.noindex/Nextcloud.build/Debug-iphonesimulator/Nextcloud.build/DerivedSources
2026-04-22T16:45:06.3321140Z  /Users/runner/work/tcm-storage-ios/tcm-storage-ios/build/Build/Products/Debug-iphonesimulator/PackageFrameworks (framework directory)
2026-04-22T16:45:06.3321420Z  /Users/runner/work/tcm-storage-ios/tcm-storage-ios/build/Build/Products/Debug-iphonesimulator (framework directory)
2026-04-22T16:45:06.3321750Z  /Applications/Xcode_26.2.app/Contents/Developer/Platforms/iPhoneSimulator.platform/Developer/Library/Frameworks (framework directory)
2026-04-22T16:45:06.3322190Z  /Applications/Xcode_26.2.app/Contents/Developer/Platforms/iPhoneSimulator.platform/Developer/SDKs/iPhoneSimulator26.2.sdk/Developer/Library/Frameworks (framework directory)
2026-04-22T16:45:06.3322430Z  /Applications/Xcode_26.2.app/Contents/Developer/Toolchains/XcodeDefault.xctoolchain/usr/lib/clang/17/include
2026-04-22T16:45:06.3322790Z  /Applications/Xcode_26.2.app/Contents/Developer/Platforms/iPhoneSimulator.platform/Developer/SDKs/iPhoneSimulator26.2.sdk/usr/include
2026-04-22T16:45:06.3323020Z  /Applications/Xcode_26.2.app/Contents/Developer/Toolchains/XcodeDefault.xctoolchain/usr/include
2026-04-22T16:45:06.3323430Z  /Applications/Xcode_26.2.app/Contents/Developer/Platforms/iPhoneSimulator.platform/Developer/SDKs/iPhoneSimulator26.2.sdk/System/Library/Frameworks (framework directory)
2026-04-22T16:45:06.3323860Z  /Applications/Xcode_26.2.app/Contents/Developer/Platforms/iPhoneSimulator.platform/Developer/SDKs/iPhoneSimulator26.2.sdk/System/Library/SubFrameworks (framework directory)
2026-04-22T16:45:06.3323910Z End of search list.
2026-04-22T16:45:06.3324080Z clang -cc1 version 17.0.0 (clang-1700.6.3.2) default target arm64-apple-darwin24.6.0
2026-04-22T16:45:06.3324400Z ignoring nonexistent directory "/Users/runner/work/tcm-storage-ios/tcm-storage-ios/build/Build/Products/Debug-iphonesimulator/include"
2026-04-22T16:45:06.3324910Z ignoring nonexistent directory "/Users/runner/work/tcm-storage-ios/tcm-storage-ios/build/Build/Intermediates.noindex/Nextcloud.build/Debug-iphonesimulator/Nextcloud.build/DerivedSources-normal/arm64"
2026-04-22T16:45:06.3325400Z ignoring nonexistent directory "/Users/runner/work/tcm-storage-ios/tcm-storage-ios/build/Build/Intermediates.noindex/Nextcloud.build/Debug-iphonesimulator/Nextcloud.build/DerivedSources/arm64"
2026-04-22T16:45:06.3325910Z ignoring nonexistent directory "/Applications/Xcode_26.2.app/Contents/Developer/Platforms/iPhoneSimulator.platform/Developer/SDKs/iPhoneSimulator26.2.sdk/usr/local/include"
2026-04-22T16:45:06.3326350Z ignoring nonexistent directory "/Applications/Xcode_26.2.app/Contents/Developer/Platforms/iPhoneSimulator.platform/Developer/SDKs/iPhoneSimulator26.2.sdk/Library/Frameworks"
2026-04-22T16:45:06.3326700Z ignoring duplicate directory "/Users/runner/work/tcm-storage-ios/tcm-storage-ios/build/Build/Products/Debug-iphonesimulator/PackageFrameworks"
2026-04-22T16:45:06.3327350Z ignoring duplicate directory "/Users/runner/work/tcm-storage-ios/tcm-storage-ios/build/Build/Products/Debug-iphonesimulator/PackageFrameworks"
2026-04-22T16:45:06.3327690Z ignoring duplicate directory "/Users/runner/work/tcm-storage-ios/tcm-storage-ios/build/Build/Products/Debug-iphonesimulator/PackageFrameworks"
2026-04-22T16:45:06.3328020Z ignoring duplicate directory "/Users/runner/work/tcm-storage-ios/tcm-storage-ios/build/Build/Products/Debug-iphonesimulator/PackageFrameworks"
2026-04-22T16:45:06.3328420Z ignoring duplicate directory "/Users/runner/work/tcm-storage-ios/tcm-storage-ios/build/Build/Products/Debug-iphonesimulator/PackageFrameworks"
2026-04-22T16:45:06.3328750Z ignoring duplicate directory "/Users/runner/work/tcm-storage-ios/tcm-storage-ios/build/Build/Products/Debug-iphonesimulator/PackageFrameworks"
2026-04-22T16:45:06.3329080Z ignoring duplicate directory "/Users/runner/work/tcm-storage-ios/tcm-storage-ios/build/Build/Products/Debug-iphonesimulator/PackageFrameworks"
2026-04-22T16:45:06.3329460Z ignoring duplicate directory "/Users/runner/work/tcm-storage-ios/tcm-storage-ios/build/Build/Products/Debug-iphonesimulator/PackageFrameworks"
2026-04-22T16:45:06.3329810Z ignoring duplicate directory "/Users/runner/work/tcm-storage-ios/tcm-storage-ios/build/Build/Products/Debug-iphonesimulator/PackageFrameworks"
2026-04-22T16:45:06.3330140Z ignoring duplicate directory "/Users/runner/work/tcm-storage-ios/tcm-storage-ios/build/Build/Products/Debug-iphonesimulator/PackageFrameworks"
2026-04-22T16:45:06.3330470Z ignoring duplicate directory "/Users/runner/work/tcm-storage-ios/tcm-storage-ios/build/Build/Products/Debug-iphonesimulator/PackageFrameworks"
2026-04-22T16:45:06.3330800Z ignoring duplicate directory "/Users/runner/work/tcm-storage-ios/tcm-storage-ios/build/Build/Products/Debug-iphonesimulator/PackageFrameworks"
2026-04-22T16:45:06.3331120Z ignoring duplicate directory "/Users/runner/work/tcm-storage-ios/tcm-storage-ios/build/Build/Products/Debug-iphonesimulator/PackageFrameworks"
2026-04-22T16:45:06.3331450Z ignoring duplicate directory "/Users/runner/work/tcm-storage-ios/tcm-storage-ios/build/Build/Products/Debug-iphonesimulator/PackageFrameworks"
2026-04-22T16:45:06.3331780Z ignoring duplicate directory "/Users/runner/work/tcm-storage-ios/tcm-storage-ios/build/Build/Products/Debug-iphonesimulator/PackageFrameworks"
2026-04-22T16:45:06.3332110Z ignoring duplicate directory "/Users/runner/work/tcm-storage-ios/tcm-storage-ios/build/Build/Products/Debug-iphonesimulator/PackageFrameworks"
2026-04-22T16:45:06.3332450Z ignoring duplicate directory "/Users/runner/work/tcm-storage-ios/tcm-storage-ios/build/Build/Products/Debug-iphonesimulator/PackageFrameworks"
2026-04-22T16:45:06.3332780Z ignoring duplicate directory "/Users/runner/work/tcm-storage-ios/tcm-storage-ios/build/Build/Products/Debug-iphonesimulator/PackageFrameworks"
2026-04-22T16:45:06.3333100Z ignoring duplicate directory "/Users/runner/work/tcm-storage-ios/tcm-storage-ios/build/Build/Products/Debug-iphonesimulator/PackageFrameworks"
2026-04-22T16:45:06.3333430Z ignoring duplicate directory "/Users/runner/work/tcm-storage-ios/tcm-storage-ios/build/Build/Products/Debug-iphonesimulator/PackageFrameworks"
2026-04-22T16:45:06.3333760Z ignoring duplicate directory "/Users/runner/work/tcm-storage-ios/tcm-storage-ios/build/Build/Products/Debug-iphonesimulator/PackageFrameworks"
2026-04-22T16:45:06.3334140Z ignoring duplicate directory "/Users/runner/work/tcm-storage-ios/tcm-storage-ios/build/Build/Products/Debug-iphonesimulator/PackageFrameworks"
2026-04-22T16:45:06.3334470Z ignoring duplicate directory "/Users/runner/work/tcm-storage-ios/tcm-storage-ios/build/Build/Products/Debug-iphonesimulator/PackageFrameworks"
2026-04-22T16:45:06.3334790Z ignoring duplicate directory "/Users/runner/work/tcm-storage-ios/tcm-storage-ios/build/Build/Products/Debug-iphonesimulator/PackageFrameworks"
2026-04-22T16:45:06.3335120Z ignoring duplicate directory "/Users/runner/work/tcm-storage-ios/tcm-storage-ios/build/Build/Products/Debug-iphonesimulator/PackageFrameworks"
2026-04-22T16:45:06.3335460Z ignoring duplicate directory "/Users/runner/work/tcm-storage-ios/tcm-storage-ios/build/Build/Products/Debug-iphonesimulator/PackageFrameworks"
2026-04-22T16:45:06.3335800Z ignoring duplicate directory "/Users/runner/work/tcm-storage-ios/tcm-storage-ios/build/Build/Products/Debug-iphonesimulator/PackageFrameworks"
2026-04-22T16:45:06.3336120Z ignoring duplicate directory "/Users/runner/work/tcm-storage-ios/tcm-storage-ios/build/Build/Products/Debug-iphonesimulator/PackageFrameworks"
2026-04-22T16:45:06.3336480Z ignoring duplicate directory "/Users/runner/work/tcm-storage-ios/tcm-storage-ios/build/Build/Products/Debug-iphonesimulator/PackageFrameworks"
2026-04-22T16:45:06.3336820Z ignoring duplicate directory "/Users/runner/work/tcm-storage-ios/tcm-storage-ios/build/Build/Products/Debug-iphonesimulator/PackageFrameworks"
2026-04-22T16:45:06.3337150Z ignoring duplicate directory "/Users/runner/work/tcm-storage-ios/tcm-storage-ios/build/Build/Products/Debug-iphonesimulator/PackageFrameworks"
2026-04-22T16:45:06.3337550Z ignoring duplicate directory "/Users/runner/work/tcm-storage-ios/tcm-storage-ios/build/Build/Products/Debug-iphonesimulator/PackageFrameworks"
2026-04-22T16:45:06.3338010Z ignoring duplicate directory "/Users/runner/work/tcm-storage-ios/tcm-storage-ios/build/Build/Products/Debug-iphonesimulator/PackageFrameworks"
2026-04-22T16:45:06.3338430Z ignoring duplicate directory "/Users/runner/work/tcm-storage-ios/tcm-storage-ios/build/Build/Products/Debug-iphonesimulator/PackageFrameworks"
2026-04-22T16:45:06.3338760Z ignoring duplicate directory "/Users/runner/work/tcm-storage-ios/tcm-storage-ios/build/Build/Products/Debug-iphonesimulator/PackageFrameworks"
2026-04-22T16:45:06.3339100Z ignoring duplicate directory "/Users/runner/work/tcm-storage-ios/tcm-storage-ios/build/Build/Products/Debug-iphonesimulator/PackageFrameworks"
2026-04-22T16:45:06.3339460Z ignoring duplicate directory "/Users/runner/work/tcm-storage-ios/tcm-storage-ios/build/Build/Products/Debug-iphonesimulator/PackageFrameworks"
2026-04-22T16:45:06.3339800Z ignoring duplicate directory "/Users/runner/work/tcm-storage-ios/tcm-storage-ios/build/Build/Products/Debug-iphonesimulator/PackageFrameworks"
2026-04-22T16:45:06.3340130Z ignoring duplicate directory "/Users/runner/work/tcm-storage-ios/tcm-storage-ios/build/Build/Products/Debug-iphonesimulator/PackageFrameworks"
2026-04-22T16:45:06.3340460Z ignoring duplicate directory "/Users/runner/work/tcm-storage-ios/tcm-storage-ios/build/Build/Products/Debug-iphonesimulator/PackageFrameworks"
2026-04-22T16:45:06.3340800Z ignoring duplicate directory "/Users/runner/work/tcm-storage-ios/tcm-storage-ios/build/Build/Products/Debug-iphonesimulator/PackageFrameworks"
2026-04-22T16:45:06.3341130Z ignoring duplicate directory "/Users/runner/work/tcm-storage-ios/tcm-storage-ios/build/Build/Products/Debug-iphonesimulator/PackageFrameworks"
2026-04-22T16:45:06.3341450Z ignoring duplicate directory "/Users/runner/work/tcm-storage-ios/tcm-storage-ios/build/Build/Products/Debug-iphonesimulator/PackageFrameworks"
2026-04-22T16:45:06.3341780Z ignoring duplicate directory "/Users/runner/work/tcm-storage-ios/tcm-storage-ios/build/Build/Products/Debug-iphonesimulator/PackageFrameworks"
2026-04-22T16:45:06.3342110Z ignoring duplicate directory "/Users/runner/work/tcm-storage-ios/tcm-storage-ios/build/Build/Products/Debug-iphonesimulator/PackageFrameworks"
2026-04-22T16:45:06.3342540Z ignoring duplicate directory "/Users/runner/work/tcm-storage-ios/tcm-storage-ios/build/Build/Products/Debug-iphonesimulator/PackageFrameworks"
2026-04-22T16:45:06.3343410Z ignoring duplicate directory "/Users/runner/work/tcm-storage-ios/tcm-storage-ios/build/Build/Products/Debug-iphonesimulator/PackageFrameworks"
2026-04-22T16:45:06.3343780Z ignoring duplicate directory "/Users/runner/work/tcm-storage-ios/tcm-storage-ios/build/Build/Products/Debug-iphonesimulator/PackageFrameworks"
2026-04-22T16:45:06.3344120Z ignoring duplicate directory "/Users/runner/work/tcm-storage-ios/tcm-storage-ios/build/Build/Products/Debug-iphonesimulator/PackageFrameworks"
2026-04-22T16:45:06.3344460Z ignoring duplicate directory "/Users/runner/work/tcm-storage-ios/tcm-storage-ios/build/Build/Products/Debug-iphonesimulator/PackageFrameworks"
2026-04-22T16:45:06.3344800Z ignoring duplicate directory "/Users/runner/work/tcm-storage-ios/tcm-storage-ios/build/Build/Products/Debug-iphonesimulator/PackageFrameworks"
2026-04-22T16:45:06.3345140Z ignoring duplicate directory "/Users/runner/work/tcm-storage-ios/tcm-storage-ios/build/Build/Products/Debug-iphonesimulator/PackageFrameworks"
2026-04-22T16:45:06.3345660Z ignoring duplicate directory "/Users/runner/work/tcm-storage-ios/tcm-storage-ios/build/Build/Products/Debug-iphonesimulator/PackageFrameworks"
2026-04-22T16:45:06.3345990Z ignoring duplicate directory "/Users/runner/work/tcm-storage-ios/tcm-storage-ios/build/Build/Products/Debug-iphonesimulator/PackageFrameworks"
2026-04-22T16:45:06.3346660Z ignoring duplicate directory "/Users/runner/work/tcm-storage-ios/tcm-storage-ios/build/Build/Products/Debug-iphonesimulator/PackageFrameworks"
2026-04-22T16:45:06.3347090Z ignoring duplicate directory "/Users/runner/work/tcm-storage-ios/tcm-storage-ios/build/Build/Products/Debug-iphonesimulator/PackageFrameworks"
2026-04-22T16:45:06.3347740Z ignoring duplicate directory "/Users/runner/work/tcm-storage-ios/tcm-storage-ios/build/Build/Products/Debug-iphonesimulator/PackageFrameworks"
2026-04-22T16:45:06.3348160Z ignoring duplicate directory "/Users/runner/work/tcm-storage-ios/tcm-storage-ios/build/Build/Products/Debug-iphonesimulator/PackageFrameworks"
2026-04-22T16:45:06.3348510Z ignoring duplicate directory "/Users/runner/work/tcm-storage-ios/tcm-storage-ios/build/Build/Products/Debug-iphonesimulator/PackageFrameworks"
2026-04-22T16:45:06.3348880Z ignoring duplicate directory "/Users/runner/work/tcm-storage-ios/tcm-storage-ios/build/Build/Products/Debug-iphonesimulator/PackageFrameworks"
2026-04-22T16:45:06.3349240Z ignoring duplicate directory "/Users/runner/work/tcm-storage-ios/tcm-storage-ios/build/Build/Products/Debug-iphonesimulator/PackageFrameworks"
2026-04-22T16:45:06.3349590Z ignoring duplicate directory "/Users/runner/work/tcm-storage-ios/tcm-storage-ios/build/Build/Products/Debug-iphonesimulator/PackageFrameworks"
2026-04-22T16:45:06.3349920Z ignoring duplicate directory "/Users/runner/work/tcm-storage-ios/tcm-storage-ios/build/Build/Products/Debug-iphonesimulator/PackageFrameworks"
2026-04-22T16:45:06.3350260Z ignoring duplicate directory "/Users/runner/work/tcm-storage-ios/tcm-storage-ios/build/Build/Products/Debug-iphonesimulator/PackageFrameworks"
2026-04-22T16:45:06.3350590Z ignoring duplicate directory "/Users/runner/work/tcm-storage-ios/tcm-storage-ios/build/Build/Products/Debug-iphonesimulator/PackageFrameworks"
2026-04-22T16:45:06.3350930Z ignoring duplicate directory "/Users/runner/work/tcm-storage-ios/tcm-storage-ios/build/Build/Products/Debug-iphonesimulator/PackageFrameworks"
2026-04-22T16:45:06.3351270Z ignoring duplicate directory "/Users/runner/work/tcm-storage-ios/tcm-storage-ios/build/Build/Products/Debug-iphonesimulator/PackageFrameworks"
2026-04-22T16:45:06.3351630Z ignoring duplicate directory "/Users/runner/work/tcm-storage-ios/tcm-storage-ios/build/Build/Products/Debug-iphonesimulator/PackageFrameworks"
2026-04-22T16:45:06.3351960Z ignoring duplicate directory "/Users/runner/work/tcm-storage-ios/tcm-storage-ios/build/Build/Products/Debug-iphonesimulator/PackageFrameworks"
2026-04-22T16:45:06.3352390Z ignoring duplicate directory "/Users/runner/work/tcm-storage-ios/tcm-storage-ios/build/Build/Products/Debug-iphonesimulator/PackageFrameworks"
2026-04-22T16:45:06.3352730Z ignoring duplicate directory "/Users/runner/work/tcm-storage-ios/tcm-storage-ios/build/Build/Products/Debug-iphonesimulator/PackageFrameworks"
2026-04-22T16:45:06.3353050Z ignoring duplicate directory "/Users/runner/work/tcm-storage-ios/tcm-storage-ios/build/Build/Products/Debug-iphonesimulator/PackageFrameworks"
2026-04-22T16:45:06.3353380Z ignoring duplicate directory "/Users/runner/work/tcm-storage-ios/tcm-storage-ios/build/Build/Products/Debug-iphonesimulator/PackageFrameworks"
2026-04-22T16:45:06.3353710Z ignoring duplicate directory "/Users/runner/work/tcm-storage-ios/tcm-storage-ios/build/Build/Products/Debug-iphonesimulator/PackageFrameworks"
2026-04-22T16:45:06.3354030Z ignoring duplicate directory "/Users/runner/work/tcm-storage-ios/tcm-storage-ios/build/Build/Products/Debug-iphonesimulator/PackageFrameworks"
2026-04-22T16:45:06.3354360Z ignoring duplicate directory "/Users/runner/work/tcm-storage-ios/tcm-storage-ios/build/Build/Products/Debug-iphonesimulator/PackageFrameworks"
2026-04-22T16:45:06.3354490Z #include "..." search starts here:
2026-04-22T16:45:06.3355340Z  /Users/runner/work/tcm-storage-ios/tcm-storage-ios/build/Build/Intermediates.noindex/Nextcloud.build/Debug-iphonesimulator/Nextcloud.build/Nextcloud-generated-files.hmap (headermap)
2026-04-22T16:45:06.3355850Z  /Users/runner/work/tcm-storage-ios/tcm-storage-ios/build/Build/Intermediates.noindex/Nextcloud.build/Debug-iphonesimulator/Nextcloud.build/Nextcloud-project-headers.hmap (headermap)
2026-04-22T16:45:06.3356000Z #include <...> search starts here:
2026-04-22T16:45:06.3356520Z  /Users/runner/work/tcm-storage-ios/tcm-storage-ios/build/Build/Intermediates.noindex/Nextcloud.build/Debug-iphonesimulator/Nextcloud.build/Nextcloud-own-target-headers.hmap (headermap)
2026-04-22T16:45:06.3357040Z  /Users/runner/work/tcm-storage-ios/tcm-storage-ios/build/Build/Intermediates.noindex/Nextcloud.build/Debug-iphonesimulator/Nextcloud.build/Nextcloud-all-non-framework-target-headers.hmap (headermap)
2026-04-22T16:45:06.3357370Z  /Users/runner/work/tcm-storage-ios/tcm-storage-ios/build/SourcePackages/checkouts/swift-nio-ssl/Sources/CNIOBoringSSLShims/include
2026-04-22T16:45:06.3357890Z  /Users/runner/work/tcm-storage-ios/tcm-storage-ios/build/SourcePackages/checkouts/swift-nio-ssl/Sources/CNIOBoringSSL/include
2026-04-22T16:45:06.3358210Z  /Users/runner/work/tcm-storage-ios/tcm-storage-ios/build/SourcePackages/checkouts/swift-atomics/Sources/_AtomicsShims/include
2026-04-22T16:45:06.3358490Z  /Users/runner/work/tcm-storage-ios/tcm-storage-ios/build/SourcePackages/checkouts/swift-nio/Sources/CNIOPosix/include
2026-04-22T16:45:06.3358750Z  /Users/runner/work/tcm-storage-ios/tcm-storage-ios/build/SourcePackages/checkouts/swift-nio/Sources/CNIOWASI/include
2026-04-22T16:45:06.3359030Z  /Users/runner/work/tcm-storage-ios/tcm-storage-ios/build/SourcePackages/checkouts/swift-nio/Sources/CNIOWindows/include
2026-04-22T16:45:06.3359300Z  /Users/runner/work/tcm-storage-ios/tcm-storage-ios/build/SourcePackages/checkouts/swift-nio/Sources/CNIOLinux/include
2026-04-22T16:45:06.3359810Z  /Users/runner/work/tcm-storage-ios/tcm-storage-ios/build/SourcePackages/checkouts/swift-nio/Sources/CNIODarwin/include
2026-04-22T16:45:06.3360100Z  /Users/runner/work/tcm-storage-ios/tcm-storage-ios/build/SourcePackages/checkouts/swift-nio/Sources/CNIOOpenBSD/include
2026-04-22T16:45:06.3360480Z  /Users/runner/work/tcm-storage-ios/tcm-storage-ios/build/SourcePackages/checkouts/swift-nio/Sources/CNIOAtomics/include
2026-04-22T16:45:06.3360700Z  /Users/runner/work/tcm-storage-ios/tcm-storage-ios/build/SourcePackages/checkouts/realm-core/src
2026-04-22T16:45:06.3360960Z  /Users/runner/work/tcm-storage-ios/tcm-storage-ios/build/SourcePackages/checkouts/realm-core/src/external/s2
2026-04-22T16:45:06.3361290Z  /Users/runner/work/tcm-storage-ios/tcm-storage-ios/build/SourcePackages/checkouts/realm-core/src/external/IntelRDFPMathLib20U2/LIBRARY/src
2026-04-22T16:45:06.3361590Z  /Users/runner/work/tcm-storage-ios/tcm-storage-ios/build/SourcePackages/checkouts/realm-core/src/spm
2026-04-22T16:45:06.3361820Z  /Users/runner/work/tcm-storage-ios/tcm-storage-ios/build/SourcePackages/checkouts/realm-swift/include
2026-04-22T16:45:06.3362140Z  /Users/runner/work/tcm-storage-ios/tcm-storage-ios/build/SourcePackages/checkouts/GoogleUtilities/GoogleUtilities/NSData+zlib/Public
2026-04-22T16:45:06.3362630Z  /Users/runner/work/tcm-storage-ios/tcm-storage-ios/build/SourcePackages/checkouts/GoogleUtilities/GoogleUtilities/Logger/Public
2026-04-22T16:45:06.3362970Z  /Users/runner/work/tcm-storage-ios/tcm-storage-ios/build/SourcePackages/checkouts/GoogleUtilities/GoogleUtilities/Environment/Public
2026-04-22T16:45:06.3363310Z  /Users/runner/work/tcm-storage-ios/tcm-storage-ios/build/SourcePackages/checkouts/GoogleUtilities/third_party/IsAppEncrypted/Public
2026-04-22T16:45:06.3363640Z  /Users/runner/work/tcm-storage-ios/tcm-storage-ios/build/SourcePackages/checkouts/GoogleUtilities/GoogleUtilities/UserDefaults/Public
2026-04-22T16:45:06.3363930Z  /Users/runner/work/tcm-storage-ios/tcm-storage-ios/build/SourcePackages/checkouts/nanopb/spm_headers
2026-04-22T16:45:06.3364390Z  /Users/runner/work/tcm-storage-ios/tcm-storage-ios/build/SourcePackages/checkouts/promises/Sources/FBLPromises/include
2026-04-22T16:45:06.3364760Z  /Users/runner/work/tcm-storage-ios/tcm-storage-ios/build/SourcePackages/checkouts/GoogleDataTransport/GoogleDataTransport/GDTCORLibrary/Public
2026-04-22T16:45:06.3365160Z  /Users/runner/work/tcm-storage-ios/tcm-storage-ios/build/SourcePackages/checkouts/firebase-ios-sdk/FirebaseSessions/SourcesObjC
2026-04-22T16:45:06.3365500Z  /Users/runner/work/tcm-storage-ios/tcm-storage-ios/build/SourcePackages/checkouts/firebase-ios-sdk/FirebaseCore/Extension
2026-04-22T16:45:06.3365840Z  /Users/runner/work/tcm-storage-ios/tcm-storage-ios/build/SourcePackages/checkouts/firebase-ios-sdk/FirebaseInstallations/Source/Library/Public
2026-04-22T16:45:06.3366200Z  clang -cc1 version 17.0.0 /Users/runner/work/tcm-storage-ios/tcm-storage-ios/build/SourcePackages/checkouts/firebase-ios-sdk/FirebaseCore/Sources/Public
2026-04-22T16:45:06.3366470Z  /Users/runner/work/tcm-storage-ios/tcm-storage-ios/build/SourcePackages/checkouts/firebase-ios-sdk/CoreOnly/Sources
2026-04-22T16:45:06.3366770Z  /Users/runner/work/tcm-storage-ios/tcm-storage-ios/build/SourcePackages/checkouts/firebase-ios-sdk/Crashlytics/Crashlytics/Public
2026-04-22T16:45:06.3367230Z  /Users/runner/work/tcm-storage-ios/tcm-storage-ios/build/SourcePackages/checkouts/GzipSwift/Sources/system-zlib/include
2026-04-22T16:45:06.3367620Z  /Users/runner/work/tcm-storage-ios/tcm-storage-ios/build/Build/Intermediates.noindex/Nextcloud.build/Debug-iphonesimulator/Nextcloud.build/DerivedSources
2026-04-22T16:45:06.3367940Z  /Users/runner/work/tcm-storage-ios/tcm-storage-ios/build/Build/Products/Debug-iphonesimulator/PackageFrameworks (framework directory)
2026-04-22T16:45:06.3368200Z  /Users/runner/work/tcm-storage-ios/tcm-storage-ios/build/Build/Products/Debug-iphonesimulator (framework directory)
2026-04-22T16:45:06.3368520Z  /Applications/Xcode_26.2.app/Contents/Developer/Platforms/iPhoneSimulator.platform/Developer/Library/Frameworks (framework directory)
2026-04-22T16:45:06.3368950Z  /Applications/Xcode_26.2.app/Contents/Developer/Platforms/iPhoneSimulator.platform/Developer/SDKs/iPhoneSimulator26.2.sdk/Developer/Library/Frameworks (framework directory)
2026-04-22T16:45:06.3369190Z  /Applications/Xcode_26.2.app/Contents/Developer/Toolchains/XcodeDefault.xctoolchain/usr/lib/clang/17/include
2026-04-22T16:45:06.3369530Z  /Applications/Xcode_26.2.app/Contents/Developer/Platforms/iPhoneSimulator.platform/Developer/SDKs/iPhoneSimulator26.2.sdk/usr/include
2026-04-22T16:45:06.3369740Z  /Applications/Xcode_26.2.app/Contents/Developer/Toolchains/XcodeDefault.xctoolchain/usr/include
2026-04-22T16:45:06.3370170Z  /Applications/Xcode_26.2.app/Contents/Developer/Platforms/iPhoneSimulator.platform/Developer/SDKs/iPhoneSimulator26.2.sdk/System/Library/Frameworks (framework directory)
2026-04-22T16:45:06.3370700Z  /Applications/Xcode_26.2.app/Contents/Developer/Platforms/iPhoneSimulator.platform/Developer/SDKs/iPhoneSimulator26.2.sdk/System/Library/SubFrameworks (framework directory)
2026-04-22T16:45:06.3370750Z End of search list.
2026-04-22T16:45:06.3370860Z (clang-1700.6.3.2) default target arm64-apple-darwin24.6.0
2026-04-22T16:45:06.3371180Z ignoring nonexistent directory "/Users/runner/work/tcm-storage-ios/tcm-storage-ios/build/Build/Products/Debug-iphonesimulator/include"
2026-04-22T16:45:06.3371700Z ignoring nonexistent directory "/Users/runner/work/tcm-storage-ios/tcm-storage-ios/build/Build/Intermediates.noindex/Nextcloud.build/Debug-iphonesimulator/Nextcloud.build/DerivedSources-normal/arm64"
2026-04-22T16:45:06.3372180Z ignoring nonexistent directory "/Users/runner/work/tcm-storage-ios/tcm-storage-ios/build/Build/Intermediates.noindex/Nextcloud.build/Debug-iphonesimulator/Nextcloud.build/DerivedSources/arm64"
2026-04-22T16:45:06.3372650Z ignoring nonexistent directory "/Applications/Xcode_26.2.app/Contents/Developer/Platforms/iPhoneSimulator.platform/Developer/SDKs/iPhoneSimulator26.2.sdk/usr/local/include"
2026-04-22T16:45:06.3373080Z ignoring nonexistent directory "/Applications/Xcode_26.2.app/Contents/Developer/Platforms/iPhoneSimulator.platform/Developer/SDKs/iPhoneSimulator26.2.sdk/Library/Frameworks"
2026-04-22T16:45:06.3373410Z ignoring duplicate directory "/Users/runner/work/tcm-storage-ios/tcm-storage-ios/build/Build/Products/Debug-iphonesimulator/PackageFrameworks"
2026-04-22T16:45:06.3373800Z ignoring duplicate directory "/Users/runner/work/tcm-storage-ios/tcm-storage-ios/build/Build/Products/Debug-iphonesimulator/PackageFrameworks"
2026-04-22T16:45:06.3374260Z ignoring duplicate directory "/Users/runner/work/tcm-storage-ios/tcm-storage-ios/build/Build/Products/Debug-iphonesimulator/PackageFrameworks"
2026-04-22T16:45:06.3374600Z ignoring duplicate directory "/Users/runner/work/tcm-storage-ios/tcm-storage-ios/build/Build/Products/Debug-iphonesimulator/PackageFrameworks"
2026-04-22T16:45:06.3374930Z ignoring duplicate directory "/Users/runner/work/tcm-storage-ios/tcm-storage-ios/build/Build/Products/Debug-iphonesimulator/PackageFrameworks"
2026-04-22T16:45:06.3375250Z ignoring duplicate directory "/Users/runner/work/tcm-storage-ios/tcm-storage-ios/build/Build/Products/Debug-iphonesimulator/PackageFrameworks"
2026-04-22T16:45:06.3375580Z ignoring duplicate directory "/Users/runner/work/tcm-storage-ios/tcm-storage-ios/build/Build/Products/Debug-iphonesimulator/PackageFrameworks"
2026-04-22T16:45:06.3375930Z ignoring duplicate directory "/Users/runner/work/tcm-storage-ios/tcm-storage-ios/build/Build/Products/Debug-iphonesimulator/PackageFrameworks"
2026-04-22T16:45:06.3376260Z ignoring duplicate directory "/Users/runner/work/tcm-storage-ios/tcm-storage-ios/build/Build/Products/Debug-iphonesimulator/PackageFrameworks"
2026-04-22T16:45:06.3376590Z ignoring duplicate directory "/Users/runner/work/tcm-storage-ios/tcm-storage-ios/build/Build/Products/Debug-iphonesimulator/PackageFrameworks"
2026-04-22T16:45:06.3377140Z ignoring duplicate directory "/Users/runner/work/tcm-storage-ios/tcm-storage-ios/build/Build/Products/Debug-iphonesimulator/PackageFrameworks"
2026-04-22T16:45:06.3377500Z ignoring duplicate directory "/Users/runner/work/tcm-storage-ios/tcm-storage-ios/build/Build/Products/Debug-iphonesimulator/PackageFrameworks"
2026-04-22T16:45:06.3377840Z ignoring duplicate directory "/Users/runner/work/tcm-storage-ios/tcm-storage-ios/build/Build/Products/Debug-iphonesimulator/PackageFrameworks"
2026-04-22T16:45:06.3378160Z ignoring duplicate directory "/Users/runner/work/tcm-storage-ios/tcm-storage-ios/build/Build/Products/Debug-iphonesimulator/PackageFrameworks"
2026-04-22T16:45:06.3378490Z ignoring duplicate directory "/Users/runner/work/tcm-storage-ios/tcm-storage-ios/build/Build/Products/Debug-iphonesimulator/PackageFrameworks"
2026-04-22T16:45:06.3378990Z ignoring duplicate directory "/Users/runner/work/tcm-storage-ios/tcm-storage-ios/build/Build/Products/Debug-iphonesimulator/PackageFrameworks"
2026-04-22T16:45:06.3379320Z ignoring duplicate directory "/Users/runner/work/tcm-storage-ios/tcm-storage-ios/build/Build/Products/Debug-iphonesimulator/PackageFrameworks"
2026-04-22T16:45:06.3379650Z ignoring duplicate directory "/Users/runner/work/tcm-storage-ios/tcm-storage-ios/build/Build/Products/Debug-iphonesimulator/PackageFrameworks"
2026-04-22T16:45:06.3379970Z ignoring duplicate directory "/Users/runner/work/tcm-storage-ios/tcm-storage-ios/build/Build/Products/Debug-iphonesimulator/PackageFrameworks"
2026-04-22T16:45:06.3380300Z ignoring duplicate directory "/Users/runner/work/tcm-storage-ios/tcm-storage-ios/build/Build/Products/Debug-iphonesimulator/PackageFrameworks"
2026-04-22T16:45:06.3380630Z ignoring duplicate directory "/Users/runner/work/tcm-storage-ios/tcm-storage-ios/build/Build/Products/Debug-iphonesimulator/PackageFrameworks"
2026-04-22T16:45:06.3380960Z ignoring duplicate directory "/Users/runner/work/tcm-storage-ios/tcm-storage-ios/build/Build/Products/Debug-iphonesimulator/PackageFrameworks"
2026-04-22T16:45:06.3381420Z ignoring duplicate directory "/Users/runner/work/tcm-storage-ios/tcm-storage-ios/build/Build/Products/Debug-iphonesimulator/PackageFrameworks"
2026-04-22T16:45:06.3381870Z ignoring duplicate directory "/Users/runner/work/tcm-storage-ios/tcm-storage-ios/build/Build/Products/Debug-iphonesimulator/PackageFrameworks"
2026-04-22T16:45:06.3382340Z ignoring duplicate directory "/Users/runner/work/tcm-storage-ios/tcm-storage-ios/build/Build/Products/Debug-iphonesimulator/PackageFrameworks"
2026-04-22T16:45:06.3382790Z ignoring duplicate directory "/Users/runner/work/tcm-storage-ios/tcm-storage-ios/build/Build/Products/Debug-iphonesimulator/PackageFrameworks"
2026-04-22T16:45:06.3383130Z ignoring duplicate directory "/Users/runner/work/tcm-storage-ios/tcm-storage-ios/build/Build/Products/Debug-iphonesimulator/PackageFrameworks"
2026-04-22T16:45:06.3383480Z ignoring duplicate directory "/Users/runner/work/tcm-storage-ios/tcm-storage-ios/build/Build/Products/Debug-iphonesimulator/PackageFrameworks"
2026-04-22T16:45:06.3383810Z ignoring duplicate directory "/Users/runner/work/tcm-storage-ios/tcm-storage-ios/build/Build/Products/Debug-iphonesimulator/PackageFrameworks"
2026-04-22T16:45:06.3384140Z ignoring duplicate directory "/Users/runner/work/tcm-storage-ios/tcm-storage-ios/build/Build/Products/Debug-iphonesimulator/PackageFrameworks"
2026-04-22T16:45:06.3384460Z ignoring duplicate directory "/Users/runner/work/tcm-storage-ios/tcm-storage-ios/build/Build/Products/Debug-iphonesimulator/PackageFrameworks"
2026-04-22T16:45:06.3384800Z ignoring duplicate directory "/Users/runner/work/tcm-storage-ios/tcm-storage-ios/build/Build/Products/Debug-iphonesimulator/PackageFrameworks"
2026-04-22T16:45:06.3385140Z ignoring duplicate directory "/Users/runner/work/tcm-storage-ios/tcm-storage-ios/build/Build/Products/Debug-iphonesimulator/PackageFrameworks"
2026-04-22T16:45:06.3385480Z ignoring duplicate directory "/Users/runner/work/tcm-storage-ios/tcm-storage-ios/build/Build/Products/Debug-iphonesimulator/PackageFrameworks"
2026-04-22T16:45:06.3385820Z ignoring duplicate directory "/Users/runner/work/tcm-storage-ios/tcm-storage-ios/build/Build/Products/Debug-iphonesimulator/PackageFrameworks"
2026-04-22T16:45:06.3386150Z ignoring duplicate directory "/Users/runner/work/tcm-storage-ios/tcm-storage-ios/build/Build/Products/Debug-iphonesimulator/PackageFrameworks"
2026-04-22T16:45:06.3389460Z ignoring duplicate directory "/Users/runner/work/tcm-storage-ios/tcm-storage-ios/build/Build/Products/Debug-iphonesimulator/PackageFrameworks"
2026-04-22T16:45:06.3390170Z ignoring duplicate directory "/Users/runner/work/tcm-storage-ios/tcm-storage-ios/build/Build/Products/Debug-iphonesimulator/PackageFrameworks"
2026-04-22T16:45:06.3390510Z ignoring duplicate directory "/Users/runner/work/tcm-storage-ios/tcm-storage-ios/build/Build/Products/Debug-iphonesimulator/PackageFrameworks"
2026-04-22T16:45:06.3390950Z ignoring duplicate directory "/Users/runner/work/tcm-storage-ios/tcm-storage-ios/build/Build/Products/Debug-iphonesimulator/PackageFrameworks"
2026-04-22T16:45:06.3391280Z ignoring duplicate directory "/Users/runner/work/tcm-storage-ios/tcm-storage-ios/build/Build/Products/Debug-iphonesimulator/PackageFrameworks"
2026-04-22T16:45:06.3391610Z ignoring duplicate directory "/Users/runner/work/tcm-storage-ios/tcm-storage-ios/build/Build/Products/Debug-iphonesimulator/PackageFrameworks"
2026-04-22T16:45:06.3391960Z ignoring duplicate directory "/Users/runner/work/tcm-storage-ios/tcm-storage-ios/build/Build/Products/Debug-iphonesimulator/PackageFrameworks"
2026-04-22T16:45:06.3392330Z ignoring duplicate directory "/Users/runner/work/tcm-storage-ios/tcm-storage-ios/build/Build/Products/Debug-iphonesimulator/PackageFrameworks"
2026-04-22T16:45:06.3392730Z ignoring duplicate directory "/Users/runner/work/tcm-storage-ios/tcm-storage-ios/build/Build/Products/Debug-iphonesimulator/PackageFrameworks"
2026-04-22T16:45:06.3393060Z ignoring duplicate directory "/Users/runner/work/tcm-storage-ios/tcm-storage-ios/build/Build/Products/Debug-iphonesimulator/PackageFrameworks"
2026-04-22T16:45:06.3393500Z ignoring duplicate directory "/Users/runner/work/tcm-storage-ios/tcm-storage-ios/build/Build/Products/Debug-iphonesimulator/PackageFrameworks"
2026-04-22T16:45:06.3393840Z ignoring duplicate directory "/Users/runner/work/tcm-storage-ios/tcm-storage-ios/build/Build/Products/Debug-iphonesimulator/PackageFrameworks"
2026-04-22T16:45:06.3394170Z ignoring duplicate directory "/Users/runner/work/tcm-storage-ios/tcm-storage-ios/build/Build/Products/Debug-iphonesimulator/PackageFrameworks"
2026-04-22T16:45:06.3394570Z ignoring duplicate directory "/Users/runner/work/tcm-storage-ios/tcm-storage-ios/build/Build/Products/Debug-iphonesimulator/PackageFrameworks"
2026-04-22T16:45:06.3394910Z ignoring duplicate directory "/Users/runner/work/tcm-storage-ios/tcm-storage-ios/build/Build/Products/Debug-iphonesimulator/PackageFrameworks"
2026-04-22T16:45:06.3395240Z ignoring duplicate directory "/Users/runner/work/tcm-storage-ios/tcm-storage-ios/build/Build/Products/Debug-iphonesimulator/PackageFrameworks"
2026-04-22T16:45:06.3395570Z ignoring duplicate directory "/Users/runner/work/tcm-storage-ios/tcm-storage-ios/build/Build/Products/Debug-iphonesimulator/PackageFrameworks"
2026-04-22T16:45:06.3395910Z ignoring duplicate directory "/Users/runner/work/tcm-storage-ios/tcm-storage-ios/build/Build/Products/Debug-iphonesimulator/PackageFrameworks"
2026-04-22T16:45:06.3396240Z ignoring duplicate directory "/Users/runner/work/tcm-storage-ios/tcm-storage-ios/build/Build/Products/Debug-iphonesimulator/PackageFrameworks"
2026-04-22T16:45:06.3396590Z ignoring duplicate directory "/Users/runner/work/tcm-storage-ios/tcm-storage-ios/build/Build/Products/Debug-iphonesimulator/PackageFrameworks"
2026-04-22T16:45:06.3396940Z ignoring duplicate directory "/Users/runner/work/tcm-storage-ios/tcm-storage-ios/build/Build/Products/Debug-iphonesimulator/PackageFrameworks"
2026-04-22T16:45:06.3404950Z ignoring duplicate directory "/Users/runner/work/tcm-storage-ios/tcm-storage-ios/build/Build/Products/Debug-iphonesimulator/PackageFrameworks"
2026-04-22T16:45:06.3405600Z ignoring duplicate directory "/Users/runner/work/tcm-storage-ios/tcm-storage-ios/build/Build/Products/Debug-iphonesimulator/PackageFrameworks"
2026-04-22T16:45:06.3405960Z ignoring duplicate directory "/Users/runner/work/tcm-storage-ios/tcm-storage-ios/build/Build/Products/Debug-iphonesimulator/PackageFrameworks"
2026-04-22T16:45:06.3406300Z ignoring duplicate directory "/Users/runner/work/tcm-storage-ios/tcm-storage-ios/build/Build/Products/Debug-iphonesimulator/PackageFrameworks"
2026-04-22T16:45:06.3406630Z ignoring duplicate directory "/Users/runner/work/tcm-storage-ios/tcm-storage-ios/build/Build/Products/Debug-iphonesimulator/PackageFrameworks"
2026-04-22T16:45:06.3406960Z ignoring duplicate directory "/Users/runner/work/tcm-storage-ios/tcm-storage-ios/build/Build/Products/Debug-iphonesimulator/PackageFrameworks"
2026-04-22T16:45:06.3407470Z ignoring duplicate directory "/Users/runner/work/tcm-storage-ios/tcm-storage-ios/build/Build/Products/Debug-iphonesimulator/PackageFrameworks"
2026-04-22T16:45:06.3407800Z ignoring duplicate directory "/Users/runner/work/tcm-storage-ios/tcm-storage-ios/build/Build/Products/Debug-iphonesimulator/PackageFrameworks"
2026-04-22T16:45:06.3408130Z ignoring duplicate directory "/Users/runner/work/tcm-storage-ios/tcm-storage-ios/build/Build/Products/Debug-iphonesimulator/PackageFrameworks"
2026-04-22T16:45:06.3408460Z ignoring duplicate directory "/Users/runner/work/tcm-storage-ios/tcm-storage-ios/build/Build/Products/Debug-iphonesimulator/PackageFrameworks"
2026-04-22T16:45:06.3408780Z ignoring duplicate directory "/Users/runner/work/tcm-storage-ios/tcm-storage-ios/build/Build/Products/Debug-iphonesimulator/PackageFrameworks"
2026-04-22T16:45:06.3409110Z ignoring duplicate directory "/Users/runner/work/tcm-storage-ios/tcm-storage-ios/build/Build/Products/Debug-iphonesimulator/PackageFrameworks"
2026-04-22T16:45:06.3409430Z ignoring duplicate directory "/Users/runner/work/tcm-storage-ios/tcm-storage-ios/build/Build/Products/Debug-iphonesimulator/PackageFrameworks"
2026-04-22T16:45:06.3409840Z ignoring duplicate directory "/Users/runner/work/tcm-storage-ios/tcm-storage-ios/build/Build/Products/Debug-iphonesimulator/PackageFrameworks"
2026-04-22T16:45:06.3410180Z ignoring duplicate directory "/Users/runner/work/tcm-storage-ios/tcm-storage-ios/build/Build/Products/Debug-iphonesimulator/PackageFrameworks"
2026-04-22T16:45:06.3410560Z ignoring duplicate directory "/Users/runner/work/tcm-storage-ios/tcm-storage-ios/build/Build/Products/Debug-iphonesimulator/PackageFrameworks"
2026-04-22T16:45:06.3410920Z ignoring duplicate directory "/Users/runner/work/tcm-storage-ios/tcm-storage-ios/build/Build/Products/Debug-iphonesimulator/PackageFrameworks"
2026-04-22T16:45:06.3411250Z ignoring duplicate directory "/Users/runner/work/tcm-storage-ios/tcm-storage-ios/build/Build/Products/Debug-iphonesimulator/PackageFrameworks"
2026-04-22T16:45:06.3411580Z ignoring duplicate directory "/Users/runner/work/tcm-storage-ios/tcm-storage-ios/build/Build/Products/Debug-iphonesimulator/PackageFrameworks"
2026-04-22T16:45:06.3411640Z #include "..." search starts here:
2026-04-22T16:45:06.3412120Z  /Users/runner/work/tcm-storage-ios/tcm-storage-ios/build/Build/Intermediates.noindex/Nextcloud.build/Debug-iphonesimulator/Nextcloud.build/Nextcloud-generated-files.hmap (headermap)
2026-04-22T16:45:06.3412590Z  /Users/runner/work/tcm-storage-ios/tcm-storage-ios/build/Build/Intermediates.noindex/Nextcloud.build/Debug-iphonesimulator/Nextcloud.build/Nextcloud-project-headers.hmap (headermap)
2026-04-22T16:45:06.3412650Z #include <...> search starts here:
2026-04-22T16:45:06.3413110Z  /Users/runner/work/tcm-storage-ios/tcm-storage-ios/build/Build/Intermediates.noindex/Nextcloud.build/Debug-iphonesimulator/Nextcloud.build/Nextcloud-own-target-headers.hmap (headermap)
2026-04-22T16:45:06.3413630Z  /Users/runner/work/tcm-storage-ios/tcm-storage-ios/build/Build/Intermediates.noindex/Nextcloud.build/Debug-iphonesimulator/Nextcloud.build/Nextcloud-all-non-framework-target-headers.hmap (headermap)
2026-04-22T16:45:06.3413980Z  /Users/runner/work/tcm-storage-ios/tcm-storage-ios/build/SourcePackages/checkouts/swift-nio-ssl/Sources/CNIOBoringSSLShims/include
2026-04-22T16:45:06.3414290Z  /Users/runner/work/tcm-storage-ios/tcm-storage-ios/build/SourcePackages/checkouts/swift-nio-ssl/Sources/CNIOBoringSSL/include
2026-04-22T16:45:06.3414590Z  /Users/runner/work/tcm-storage-ios/tcm-storage-ios/build/SourcePackages/checkouts/swift-atomics/Sources/_AtomicsShims/include
2026-04-22T16:45:06.3414850Z  /Users/runner/work/tcm-storage-ios/tcm-storage-ios/build/SourcePackages/checkouts/swift-nio/Sources/CNIOPosix/include
2026-04-22T16:45:06.3415110Z  /Users/runner/work/tcm-storage-ios/tcm-storage-ios/build/SourcePackages/checkouts/swift-nio/Sources/CNIOWASI/include
2026-04-22T16:45:06.3415390Z  /Users/runner/work/tcm-storage-ios/tcm-storage-ios/build/SourcePackages/checkouts/swift-nio/Sources/CNIOWindows/include
2026-04-22T16:45:06.3415700Z  /Users/runner/work/tcm-storage-ios/tcm-storage-ios/build/SourcePackages/checkouts/swift-nio/Sources/CNIOLinux/include
2026-04-22T16:45:06.3415970Z  /Users/runner/work/tcm-storage-ios/tcm-storage-ios/build/SourcePackages/checkouts/swift-nio/Sources/CNIODarwin/include
2026-04-22T16:45:06.3416240Z  /Users/runner/work/tcm-storage-ios/tcm-storage-ios/build/SourcePackages/checkouts/swift-nio/Sources/CNIOOpenBSD/include
2026-04-22T16:45:06.3416500Z  /Users/runner/work/tcm-storage-ios/tcm-storage-ios/build/SourcePackages/checkouts/swift-nio/Sources/CNIOAtomics/include
2026-04-22T16:45:06.3416710Z  /Users/runner/work/tcm-storage-ios/tcm-storage-ios/build/SourcePackages/checkouts/realm-core/src
2026-04-22T16:45:06.3416960Z  /Users/runner/work/tcm-storage-ios/tcm-storage-ios/build/SourcePackages/checkouts/realm-core/src/external/s2
2026-04-22T16:45:06.3417280Z  /Users/runner/work/tcm-storage-ios/tcm-storage-ios/build/SourcePackages/checkouts/realm-core/src/external/IntelRDFPMathLib20U2/LIBRARY/src
2026-04-22T16:45:06.3417500Z  /Users/runner/work/tcm-storage-ios/tcm-storage-ios/build/SourcePackages/checkouts/realm-core/src/spm
2026-04-22T16:45:06.3417750Z  /Users/runner/work/tcm-storage-ios/tcm-storage-ios/build/SourcePackages/checkouts/realm-swift/include
2026-04-22T16:45:06.3418120Z  /Users/runner/work/tcm-storage-ios/tcm-storage-ios/build/SourcePackages/checkouts/GoogleUtilities/GoogleUtilities/NSData+zlib/Public
2026-04-22T16:45:06.3418420Z  /Users/runner/work/tcm-storage-ios/tcm-storage-ios/build/SourcePackages/checkouts/GoogleUtilities/GoogleUtilities/Logger/Public
2026-04-22T16:45:06.3418970Z  /Users/runner/work/tcm-storage-ios/tcm-storage-ios/build/SourcePackages/checkouts/GoogleUtilities/GoogleUtilities/Environment/Public
2026-04-22T16:45:06.3419280Z  /Users/runner/work/tcm-storage-ios/tcm-storage-ios/build/SourcePackages/checkouts/GoogleUtilities/third_party/IsAppEncrypted/Public
2026-04-22T16:45:06.3419600Z  /Users/runner/work/tcm-storage-ios/tcm-storage-ios/build/SourcePackages/checkouts/GoogleUtilities/GoogleUtilities/UserDefaults/Public
2026-04-22T16:45:06.3419820Z  /Users/runner/work/tcm-storage-ios/tcm-storage-ios/build/SourcePackages/checkouts/nanopb/spm_headers
2026-04-22T16:45:06.3420100Z  /Users/runner/work/tcm-storage-ios/tcm-storage-ios/build/SourcePackages/checkouts/promises/Sources/FBLPromises/include
2026-04-22T16:45:06.3420460Z  /Users/runner/work/tcm-storage-ios/tcm-storage-ios/build/SourcePackages/checkouts/GoogleDataTransport/GoogleDataTransport/GDTCORLibrary/Public
2026-04-22T16:45:06.3420780Z  /Users/runner/work/tcm-storage-ios/tcm-storage-ios/build/SourcePackages/checkouts/firebase-ios-sdk/FirebaseSessions/SourcesObjC
2026-04-22T16:45:06.3421070Z  /Users/runner/work/tcm-storage-ios/tcm-storage-ios/build/SourcePackages/checkouts/firebase-ios-sdk/FirebaseCore/Extension
2026-04-22T16:45:06.3421430Z  /Users/runner/work/tcm-storage-ios/tcm-storage-ios/build/SourcePackages/checkouts/firebase-ios-sdk/FirebaseInstallations/Source/Library/Public
2026-04-22T16:45:06.3421730Z  /Users/runner/work/tcm-storage-ios/tcm-storage-ios/build/SourcePackages/checkouts/firebase-ios-sdk/FirebaseCore/Sources/Public
2026-04-22T16:45:06.3422000Z  /Users/runner/work/tcm-storage-ios/tcm-storage-ios/build/SourcePackages/checkouts/firebase-ios-sdk/CoreOnly/Sources
2026-04-22T16:45:06.3422310Z  /Users/runner/work/tcm-storage-ios/tcm-storage-ios/build/SourcePackages/checkouts/firebase-ios-sdk/Crashlytics/Crashlytics/Public
2026-04-22T16:45:06.3422580Z  /Users/runner/work/tcm-storage-ios/tcm-storage-ios/build/SourcePackages/checkouts/GzipSwift/Sources/system-zlib/include
2026-04-22T16:45:06.3422960Z  /Users/runner/work/tcm-storage-ios/tcm-storage-ios/build/Build/Intermediates.noindex/Nextcloud.build/Debug-iphonesimulator/Nextcloud.build/DerivedSources
2026-04-22T16:45:06.3423300Z  /Users/runner/work/tcm-storage-ios/tcm-storage-ios/build/Build/Products/Debug-iphonesimulator/PackageFrameworks (framework directory)
2026-04-22T16:45:06.3423650Z  /Users/runner/work/tcm-storage-ios/tcm-storage-ios/build/Build/Products/Debug-iphonesimulator (framework directory)
2026-04-22T16:45:06.3423970Z  /Applications/Xcode_26.2.app/Contents/Developer/Platforms/iPhoneSimulator.platform/Developer/Library/Frameworks (framework directory)
2026-04-22T16:45:06.3424430Z  /Applications/Xcode_26.2.app/Contents/Developer/Platforms/iPhoneSimulator.platform/Developer/SDKs/iPhoneSimulator26.2.sdk/Developer/Library/Frameworks (framework directory)
2026-04-22T16:45:06.3424670Z  /Applications/Xcode_26.2.app/Contents/Developer/Toolchains/XcodeDefault.xctoolchain/usr/lib/clang/17/include
2026-04-22T16:45:06.3425000Z  /Applications/Xcode_26.2.app/Contents/Developer/Platforms/iPhoneSimulator.platform/Developer/SDKs/iPhoneSimulator26.2.sdk/usr/include
2026-04-22T16:45:06.3425210Z  /Applications/Xcode_26.2.app/Contents/Developer/Toolchains/XcodeDefault.xctoolchain/usr/include
2026-04-22T16:45:06.3425630Z  /Applications/Xcode_26.2.app/Contents/Developer/Platforms/iPhoneSimulator.platform/Developer/SDKs/iPhoneSimulator26.2.sdk/System/Library/Frameworks (framework directory)
2026-04-22T16:45:06.3426210Z  /Applications/Xcode_26.2.app/Contents/Developer/Platforms/iPhoneSimulator.platform/Developer/SDKs/iPhoneSimulator26.2.sdk/System/Library/SubFrameworks (framework directory)
2026-04-22T16:45:06.3426280Z End of search list.
2026-04-22T16:45:06.3426470Z clang -cc1 version 17.0.0 (clang-1700.6.3.2) default target arm64-apple-darwin24.6.0
2026-04-22T16:45:06.3426810Z ignoring nonexistent directory "/Users/runner/work/tcm-storage-ios/tcm-storage-ios/build/Build/Products/Debug-iphonesimulator/include"
2026-04-22T16:45:06.3427420Z ignoring nonexistent directory "/Users/runner/work/tcm-storage-ios/tcm-storage-ios/build/Build/Intermediates.noindex/Nextcloud.build/Debug-iphonesimulator/Nextcloud.build/DerivedSources-normal/arm64"
2026-04-22T16:45:06.3427900Z ignoring nonexistent directory "/Users/runner/work/tcm-storage-ios/tcm-storage-ios/build/Build/Intermediates.noindex/Nextcloud.build/Debug-iphonesimulator/Nextcloud.build/DerivedSources/arm64"
2026-04-22T16:45:06.3428320Z ignoring nonexistent directory "/Applications/Xcode_26.2.app/Contents/Developer/Platforms/iPhoneSimulator.platform/Developer/SDKs/iPhoneSimulator26.2.sdk/usr/local/include"
2026-04-22T16:45:06.3428750Z ignoring nonexistent directory "/Applications/Xcode_26.2.app/Contents/Developer/Platforms/iPhoneSimulator.platform/Developer/SDKs/iPhoneSimulator26.2.sdk/Library/Frameworks"
2026-04-22T16:45:06.3429080Z ignoring duplicate directory "/Users/runner/work/tcm-storage-ios/tcm-storage-ios/build/Build/Products/Debug-iphonesimulator/PackageFrameworks"
2026-04-22T16:45:06.3434890Z ignoring duplicate directory "/Users/runner/work/tcm-storage-ios/tcm-storage-ios/build/Build/Products/Debug-iphonesimulator/PackageFrameworks"
2026-04-22T16:45:06.3435250Z ignoring duplicate directory "/Users/runner/work/tcm-storage-ios/tcm-storage-ios/build/Build/Products/Debug-iphonesimulator/PackageFrameworks"
2026-04-22T16:45:06.3435580Z ignoring duplicate directory "/Users/runner/work/tcm-storage-ios/tcm-storage-ios/build/Build/Products/Debug-iphonesimulator/PackageFrameworks"
2026-04-22T16:45:06.3435920Z ignoring duplicate directory "/Users/runner/work/tcm-storage-ios/tcm-storage-ios/build/Build/Products/Debug-iphonesimulator/PackageFrameworks"
2026-04-22T16:45:06.3436240Z ignoring duplicate directory "/Users/runner/work/tcm-storage-ios/tcm-storage-ios/build/Build/Products/Debug-iphonesimulator/PackageFrameworks"
2026-04-22T16:45:06.3438220Z ignoring duplicate directory "/Users/runner/work/tcm-storage-ios/tcm-storage-ios/build/Build/Products/Debug-iphonesimulator/PackageFrameworks"
2026-04-22T16:45:06.3444310Z ignoring duplicate directory "/Users/runner/work/tcm-storage-ios/tcm-storage-ios/build/Build/Products/Debug-iphonesimulator/PackageFrameworks"
2026-04-22T16:45:06.3465150Z ignoring duplicate directory "/Users/runner/work/tcm-storage-ios/tcm-storage-ios/build/Build/Products/Debug-iphonesimulator/PackageFrameworks"
2026-04-22T16:45:06.3465740Z ignoring duplicate directory "/Users/runner/work/tcm-storage-ios/tcm-storage-ios/build/Build/Products/Debug-iphonesimulator/PackageFrameworks"
2026-04-22T16:45:06.3466110Z ignoring duplicate directory "/Users/runner/work/tcm-storage-ios/tcm-storage-ios/build/Build/Products/Debug-iphonesimulator/PackageFrameworks"
2026-04-22T16:45:06.3466450Z ignoring duplicate directory "/Users/runner/work/tcm-storage-ios/tcm-storage-ios/build/Build/Products/Debug-iphonesimulator/PackageFrameworks"
2026-04-22T16:45:06.3466790Z ignoring duplicate directory "/Users/runner/work/tcm-storage-ios/tcm-storage-ios/build/Build/Products/Debug-iphonesimulator/PackageFrameworks"
2026-04-22T16:45:06.3467140Z ignoring duplicate directory "/Users/runner/work/tcm-storage-ios/tcm-storage-ios/build/Build/Products/Debug-iphonesimulator/PackageFrameworks"
2026-04-22T16:45:06.3467470Z ignoring duplicate directory "/Users/runner/work/tcm-storage-ios/tcm-storage-ios/build/Build/Products/Debug-iphonesimulator/PackageFrameworks"
2026-04-22T16:45:06.3467830Z ignoring duplicate directory "/Users/runner/work/tcm-storage-ios/tcm-storage-ios/build/Build/Products/Debug-iphonesimulator/PackageFrameworks"
2026-04-22T16:45:06.3468270Z ignoring duplicate directory "/Users/runner/work/tcm-storage-ios/tcm-storage-ios/build/Build/Products/Debug-iphonesimulator/PackageFrameworks"
2026-04-22T16:45:06.3468600Z ignoring duplicate directory "/Users/runner/work/tcm-storage-ios/tcm-storage-ios/build/Build/Products/Debug-iphonesimulator/PackageFrameworks"
2026-04-22T16:45:06.3468920Z ignoring duplicate directory "/Users/runner/work/tcm-storage-ios/tcm-storage-ios/build/Build/Products/Debug-iphonesimulator/PackageFrameworks"
2026-04-22T16:45:06.3469410Z ignoring duplicate directory "/Users/runner/work/tcm-storage-ios/tcm-storage-ios/build/Build/Products/Debug-iphonesimulator/PackageFrameworks"
2026-04-22T16:45:06.3469740Z ignoring duplicate directory "/Users/runner/work/tcm-storage-ios/tcm-storage-ios/build/Build/Products/Debug-iphonesimulator/PackageFrameworks"
2026-04-22T16:45:06.3470070Z ignoring duplicate directory "/Users/runner/work/tcm-storage-ios/tcm-storage-ios/build/Build/Products/Debug-iphonesimulator/PackageFrameworks"
2026-04-22T16:45:06.3470400Z ignoring duplicate directory "/Users/runner/work/tcm-storage-ios/tcm-storage-ios/build/Build/Products/Debug-iphonesimulator/PackageFrameworks"
2026-04-22T16:45:06.3470720Z ignoring duplicate directory "/Users/runner/work/tcm-storage-ios/tcm-storage-ios/build/Build/Products/Debug-iphonesimulator/PackageFrameworks"
2026-04-22T16:45:06.3471050Z ignoring duplicate directory "/Users/runner/work/tcm-storage-ios/tcm-storage-ios/build/Build/Products/Debug-iphonesimulator/PackageFrameworks"
2026-04-22T16:45:06.3471380Z ignoring duplicate directory "/Users/runner/work/tcm-storage-ios/tcm-storage-ios/build/Build/Products/Debug-iphonesimulator/PackageFrameworks"
2026-04-22T16:45:06.3472610Z ignoring duplicate directory "/Users/runner/work/tcm-storage-ios/tcm-storage-ios/build/Build/Products/Debug-iphonesimulator/PackageFrameworks"
2026-04-22T16:45:06.3473010Z ignoring duplicate directory "/Users/runner/work/tcm-storage-ios/tcm-storage-ios/build/Build/Products/Debug-iphonesimulator/PackageFrameworks"
2026-04-22T16:45:06.3473390Z ignoring duplicate directory "/Users/runner/work/tcm-storage-ios/tcm-storage-ios/build/Build/Products/Debug-iphonesimulator/PackageFrameworks"
2026-04-22T16:45:06.3473730Z ignoring duplicate directory "/Users/runner/work/tcm-storage-ios/tcm-storage-ios/build/Build/Products/Debug-iphonesimulator/PackageFrameworks"
2026-04-22T16:45:06.3474060Z ignoring duplicate directory "/Users/runner/work/tcm-storage-ios/tcm-storage-ios/build/Build/Products/Debug-iphonesimulator/PackageFrameworks"
2026-04-22T16:45:06.3474570Z ignoring duplicate directory "/Users/runner/work/tcm-storage-ios/tcm-storage-ios/build/Build/Products/Debug-iphonesimulator/PackageFrameworks"
2026-04-22T16:45:06.3506640Z ignoring duplicate directory "/Users/runner/work/tcm-storage-ios/tcm-storage-ios/build/Build/Products/Debug-iphonesimulator/PackageFrameworks"
2026-04-22T16:45:06.3508920Z ignoring duplicate directory "/Users/runner/work/tcm-storage-ios/tcm-storage-ios/build/Build/Products/Debug-iphonesimulator/PackageFrameworks"
2026-04-22T16:45:06.3509970Z ignoring duplicate directory "/Users/runner/work/tcm-storage-ios/tcm-storage-ios/build/Build/Products/Debug-iphonesimulator/PackageFrameworks"
2026-04-22T16:45:06.3510990Z ignoring duplicate directory "/Users/runner/work/tcm-storage-ios/tcm-storage-ios/build/Build/Products/Debug-iphonesimulator/PackageFrameworks"
2026-04-22T16:45:06.3511990Z ignoring duplicate directory "/Users/runner/work/tcm-storage-ios/tcm-storage-ios/build/Build/Products/Debug-iphonesimulator/PackageFrameworks"
2026-04-22T16:45:06.3512960Z ignoring duplicate directory "/Users/runner/work/tcm-storage-ios/tcm-storage-ios/build/Build/Products/Debug-iphonesimulator/PackageFrameworks"
2026-04-22T16:45:06.3513920Z ignoring duplicate directory "/Users/runner/work/tcm-storage-ios/tcm-storage-ios/build/Build/Products/Debug-iphonesimulator/PackageFrameworks"
2026-04-22T16:45:06.3514850Z ignoring duplicate directory "/Users/runner/work/tcm-storage-ios/tcm-storage-ios/build/Build/Products/Debug-iphonesimulator/PackageFrameworks"
2026-04-22T16:45:06.3516140Z ignoring duplicate directory "/Users/runner/work/tcm-storage-ios/tcm-storage-ios/build/Build/Products/Debug-iphonesimulator/PackageFrameworks"
2026-04-22T16:45:06.3517090Z ignoring duplicate directory "/Users/runner/work/tcm-storage-ios/tcm-storage-ios/build/Build/Products/Debug-iphonesimulator/PackageFrameworks"
2026-04-22T16:45:06.3518040Z ignoring duplicate directory "/Users/runner/work/tcm-storage-ios/tcm-storage-ios/build/Build/Products/Debug-iphonesimulator/PackageFrameworks"
2026-04-22T16:45:06.3519420Z ignoring duplicate directory "/Users/runner/work/tcm-storage-ios/tcm-storage-ios/build/Build/Products/Debug-iphonesimulator/PackageFrameworks"
2026-04-22T16:45:06.3520570Z ignoring duplicate directory "/Users/runner/work/tcm-storage-ios/tcm-storage-ios/build/Build/Products/Debug-iphonesimulator/PackageFrameworks"
2026-04-22T16:45:06.3521560Z ignoring duplicate directory "/Users/runner/work/tcm-storage-ios/tcm-storage-ios/build/Build/Products/Debug-iphonesimulator/PackageFrameworks"
2026-04-22T16:45:06.3522490Z ignoring duplicate directory "/Users/runner/work/tcm-storage-ios/tcm-storage-ios/build/Build/Products/Debug-iphonesimulator/PackageFrameworks"
2026-04-22T16:45:06.3525060Z ignoring duplicate directory "/Users/runner/work/tcm-storage-ios/tcm-storage-ios/build/Build/Products/Debug-iphonesimulator/PackageFrameworks"
2026-04-22T16:45:06.3525480Z ignoring duplicate directory "/Users/runner/work/tcm-storage-ios/tcm-storage-ios/build/Build/Products/Debug-iphonesimulator/PackageFrameworks"
2026-04-22T16:45:06.3525850Z ignoring duplicate directory "/Users/runner/work/tcm-storage-ios/tcm-storage-ios/build/Build/Products/Debug-iphonesimulator/PackageFrameworks"
2026-04-22T16:45:06.3526190Z ignoring duplicate directory "/Users/runner/work/tcm-storage-ios/tcm-storage-ios/build/Build/Products/Debug-iphonesimulator/PackageFrameworks"
2026-04-22T16:45:06.3526530Z ignoring duplicate directory "/Users/runner/work/tcm-storage-ios/tcm-storage-ios/build/Build/Products/Debug-iphonesimulator/PackageFrameworks"
2026-04-22T16:45:06.3526860Z ignoring duplicate directory "/Users/runner/work/tcm-storage-ios/tcm-storage-ios/build/Build/Products/Debug-iphonesimulator/PackageFrameworks"
2026-04-22T16:45:06.3527190Z ignoring duplicate directory "/Users/runner/work/tcm-storage-ios/tcm-storage-ios/build/Build/Products/Debug-iphonesimulator/PackageFrameworks"
2026-04-22T16:45:06.3527520Z ignoring duplicate directory "/Users/runner/work/tcm-storage-ios/tcm-storage-ios/build/Build/Products/Debug-iphonesimulator/PackageFrameworks"
2026-04-22T16:45:06.3527850Z ignoring duplicate directory "/Users/runner/work/tcm-storage-ios/tcm-storage-ios/build/Build/Products/Debug-iphonesimulator/PackageFrameworks"
2026-04-22T16:45:06.3528200Z ignoring duplicate directory "/Users/runner/work/tcm-storage-ios/tcm-storage-ios/build/Build/Products/Debug-iphonesimulator/PackageFrameworks"
2026-04-22T16:45:06.3528960Z ignoring duplicate directory "/Users/runner/work/tcm-storage-ios/tcm-storage-ios/build/Build/Products/Debug-iphonesimulator/PackageFrameworks"
2026-04-22T16:45:06.3529300Z ignoring duplicate directory "/Users/runner/work/tcm-storage-ios/tcm-storage-ios/build/Build/Products/Debug-iphonesimulator/PackageFrameworks"
2026-04-22T16:45:06.3529630Z ignoring duplicate directory "/Users/runner/work/tcm-storage-ios/tcm-storage-ios/build/Build/Products/Debug-iphonesimulator/PackageFrameworks"
2026-04-22T16:45:06.3529960Z ignoring duplicate directory "/Users/runner/work/tcm-storage-ios/tcm-storage-ios/build/Build/Products/Debug-iphonesimulator/PackageFrameworks"
2026-04-22T16:45:06.3530290Z ignoring duplicate directory "/Users/runner/work/tcm-storage-ios/tcm-storage-ios/build/Build/Products/Debug-iphonesimulator/PackageFrameworks"
2026-04-22T16:45:06.3530630Z ignoring duplicate directory "/Users/runner/work/tcm-storage-ios/tcm-storage-ios/build/Build/Products/Debug-iphonesimulator/PackageFrameworks"
2026-04-22T16:45:06.3530990Z ignoring duplicate directory "/Users/runner/work/tcm-storage-ios/tcm-storage-ios/build/Build/Products/Debug-iphonesimulator/PackageFrameworks"
2026-04-22T16:45:06.3531450Z ignoring duplicate directory "/Users/runner/work/tcm-storage-ios/tcm-storage-ios/build/Build/Products/Debug-iphonesimulator/PackageFrameworks"
2026-04-22T16:45:06.3531820Z ignoring duplicate directory "/Users/runner/work/tcm-storage-ios/tcm-storage-ios/build/Build/Products/Debug-iphonesimulator/PackageFrameworks"
2026-04-22T16:45:06.3532690Z ignoring duplicate directory "/Users/runner/work/tcm-storage-ios/tcm-storage-ios/build/Build/Products/Debug-iphonesimulator/PackageFrameworks"
2026-04-22T16:45:06.3533260Z ignoring duplicate directory "/Users/runner/work/tcm-storage-ios/tcm-storage-ios/build/Build/Products/Debug-iphonesimulator/PackageFrameworks"
2026-04-22T16:45:06.3533640Z ignoring duplicate directory "/Users/runner/work/tcm-storage-ios/tcm-storage-ios/build/Build/Products/Debug-iphonesimulator/PackageFrameworks"
2026-04-22T16:45:06.3533990Z ignoring duplicate directory "/Users/runner/work/tcm-storage-ios/tcm-storage-ios/build/Build/Products/Debug-iphonesimulator/PackageFrameworks"
2026-04-22T16:45:06.3534330Z ignoring duplicate directory "/Users/runner/work/tcm-storage-ios/tcm-storage-ios/build/Build/Products/Debug-iphonesimulator/PackageFrameworks"
2026-04-22T16:45:06.3534660Z ignoring duplicate directory "/Users/runner/work/tcm-storage-ios/tcm-storage-ios/build/Build/Products/Debug-iphonesimulator/PackageFrameworks"
2026-04-22T16:45:06.3535000Z ignoring duplicate directory "/Users/runner/work/tcm-storage-ios/tcm-storage-ios/build/Build/Products/Debug-iphonesimulator/PackageFrameworks"
2026-04-22T16:45:06.3535350Z ignoring duplicate directory "/Users/runner/work/tcm-storage-ios/tcm-storage-ios/build/Build/Products/Debug-iphonesimulator/PackageFrameworks"
2026-04-22T16:45:06.3535690Z ignoring duplicate directory "/Users/runner/work/tcm-storage-ios/tcm-storage-ios/build/Build/Products/Debug-iphonesimulator/PackageFrameworks"
2026-04-22T16:45:06.3536030Z ignoring duplicate directory "/Users/runner/work/tcm-storage-ios/tcm-storage-ios/build/Build/Products/Debug-iphonesimulator/PackageFrameworks"
2026-04-22T16:45:06.3536090Z #include "..." search starts here:
2026-04-22T16:45:06.3536580Z  /Users/runner/work/tcm-storage-ios/tcm-storage-ios/build/Build/Intermediates.noindex/Nextcloud.build/Debug-iphonesimulator/Nextcloud.build/Nextcloud-generated-files.hmap (headermap)
2026-04-22T16:45:06.3537060Z  /Users/runner/work/tcm-storage-ios/tcm-storage-ios/build/Build/Intermediates.noindex/Nextcloud.build/Debug-iphonesimulator/Nextcloud.build/Nextcloud-project-headers.hmap (headermap)
2026-04-22T16:45:06.3537120Z #include <...> search starts here:
2026-04-22T16:45:06.3537600Z  /Users/runner/work/tcm-storage-ios/tcm-storage-ios/build/Build/Intermediates.noindex/Nextcloud.build/Debug-iphonesimulator/Nextcloud.build/Nextcloud-own-target-headers.hmap (headermap)
2026-04-22T16:45:06.3538370Z  /Users/runner/work/tcm-storage-ios/tcm-storage-ios/build/Build/Intermediates.noindex/Nextcloud.build/Debug-iphonesimulator/Nextcloud.build/Nextcloud-all-non-framework-target-headers.hmap (headermap)
2026-04-22T16:45:06.3538700Z  /Users/runner/work/tcm-storage-ios/tcm-storage-ios/build/SourcePackages/checkouts/swift-nio-ssl/Sources/CNIOBoringSSLShims/include
2026-04-22T16:45:06.3539000Z  /Users/runner/work/tcm-storage-ios/tcm-storage-ios/build/SourcePackages/checkouts/swift-nio-ssl/Sources/CNIOBoringSSL/include
2026-04-22T16:45:06.3539300Z  /Users/runner/work/tcm-storage-ios/tcm-storage-ios/build/SourcePackages/checkouts/swift-atomics/Sources/_AtomicsShims/include
2026-04-22T16:45:06.3539580Z  /Users/runner/work/tcm-storage-ios/tcm-storage-ios/build/SourcePackages/checkouts/swift-nio/Sources/CNIOPosix/include
2026-04-22T16:45:06.3539850Z  /Users/runner/work/tcm-storage-ios/tcm-storage-ios/build/SourcePackages/checkouts/swift-nio/Sources/CNIOWASI/include
2026-04-22T16:45:06.3540140Z  /Users/runner/work/tcm-storage-ios/tcm-storage-ios/build/SourcePackages/checkouts/swift-nio/Sources/CNIOWindows/include
2026-04-22T16:45:06.3540410Z  /Users/runner/work/tcm-storage-ios/tcm-storage-ios/build/SourcePackages/checkouts/swift-nio/Sources/CNIOLinux/include
2026-04-22T16:45:06.3540860Z  /Users/runner/work/tcm-storage-ios/tcm-storage-ios/build/SourcePackages/checkouts/swift-nio/Sources/CNIODarwin/include
2026-04-22T16:45:06.3541210Z  /Users/runner/work/tcm-storage-ios/tcm-storage-ios/build/SourcePackages/checkouts/swift-nio/Sources/CNIOOpenBSD/include
2026-04-22T16:45:06.3541490Z  /Users/runner/work/tcm-storage-ios/tcm-storage-ios/build/SourcePackages/checkouts/swift-nio/Sources/CNIOAtomics/include
2026-04-22T16:45:06.3541750Z  /Users/runner/work/tcm-storage-ios/tcm-storage-ios/build/SourcePackages/checkouts/realm-core/src
2026-04-22T16:45:06.3542070Z  /Users/runner/work/tcm-storage-ios/tcm-storage-ios/build/SourcePackages/checkouts/realm-core/src/external/s2
2026-04-22T16:45:06.3542420Z  /Users/runner/work/tcm-storage-ios/tcm-storage-ios/build/SourcePackages/checkouts/realm-core/src/external/IntelRDFPMathLib20U2/LIBRARY/src
2026-04-22T16:45:06.3542650Z  /Users/runner/work/tcm-storage-ios/tcm-storage-ios/build/SourcePackages/checkouts/realm-core/src/spm
2026-04-22T16:45:06.3542890Z  /Users/runner/work/tcm-storage-ios/tcm-storage-ios/build/SourcePackages/checkouts/realm-swift/include
2026-04-22T16:45:06.3543220Z  /Users/runner/work/tcm-storage-ios/tcm-storage-ios/build/SourcePackages/checkouts/GoogleUtilities/GoogleUtilities/NSData+zlib/Public
2026-04-22T16:45:06.3543540Z  /Users/runner/work/tcm-storage-ios/tcm-storage-ios/build/SourcePackages/checkouts/GoogleUtilities/GoogleUtilities/Logger/Public
2026-04-22T16:45:06.3543870Z  /Users/runner/work/tcm-storage-ios/tcm-storage-ios/build/SourcePackages/checkouts/GoogleUtilities/GoogleUtilities/Environment/Public
2026-04-22T16:45:06.3544180Z  /Users/runner/work/tcm-storage-ios/tcm-storage-ios/build/SourcePackages/checkouts/GoogleUtilities/third_party/IsAppEncrypted/Public
2026-04-22T16:45:06.3544500Z  /Users/runner/work/tcm-storage-ios/tcm-storage-ios/build/SourcePackages/checkouts/GoogleUtilities/GoogleUtilities/UserDefaults/Public
2026-04-22T16:45:06.3544730Z  /Users/runner/work/tcm-storage-ios/tcm-storage-ios/build/SourcePackages/checkouts/nanopb/spm_headers
2026-04-22T16:45:06.3545010Z  /Users/runner/work/tcm-storage-ios/tcm-storage-ios/build/SourcePackages/checkouts/promises/Sources/FBLPromises/include
2026-04-22T16:45:06.3545360Z  /Users/runner/work/tcm-storage-ios/tcm-storage-ios/build/SourcePackages/checkouts/GoogleDataTransport/GoogleDataTransport/GDTCORLibrary/Public
2026-04-22T16:45:06.3545670Z  /Users/runner/work/tcm-storage-ios/tcm-storage-ios/build/SourcePackages/checkouts/firebase-ios-sdk/FirebaseSessions/SourcesObjC
2026-04-22T16:45:06.3545960Z  /Users/runner/work/tcm-storage-ios/tcm-storage-ios/build/SourcePackages/checkouts/firebase-ios-sdk/FirebaseCore/Extension
2026-04-22T16:45:06.3546300Z  /Users/runner/work/tcm-storage-ios/tcm-storage-ios/build/SourcePackages/checkouts/firebase-ios-sdk/FirebaseInstallations/Source/Library/Public
2026-04-22T16:45:06.3546680Z  /Users/runner/work/tcm-storage-ios/tcm-storage-ios/build/SourcePackages/checkouts/firebase-ios-sdk/FirebaseCore/Sources/Public
2026-04-22T16:45:06.3546950Z  /Users/runner/work/tcm-storage-ios/tcm-storage-ios/build/SourcePackages/checkouts/firebase-ios-sdk/CoreOnly/Sources
2026-04-22T16:45:06.3547270Z  /Users/runner/work/tcm-storage-ios/tcm-storage-ios/build/SourcePackages/checkouts/firebase-ios-sdk/Crashlytics/Crashlytics/Public
2026-04-22T16:45:06.3547550Z  /Users/runner/work/tcm-storage-ios/tcm-storage-ios/build/SourcePackages/checkouts/GzipSwift/Sources/system-zlib/include
2026-04-22T16:45:06.3547940Z  /Users/runner/work/tcm-storage-ios/tcm-storage-ios/build/Build/Intermediates.noindex/Nextcloud.build/Debug-iphonesimulator/Nextcloud.build/DerivedSources
2026-04-22T16:45:06.3548270Z  /Users/runner/work/tcm-storage-ios/tcm-storage-ios/build/Build/Products/Debug-iphonesimulator/PackageFrameworks (framework directory)
2026-04-22T16:45:06.3548540Z  /Users/runner/work/tcm-storage-ios/tcm-storage-ios/build/Build/Products/Debug-iphonesimulator (framework directory)
2026-04-22T16:45:06.3548890Z  /Applications/Xcode_26.2.app/Contents/Developer/Platforms/iPhoneSimulator.platform/Developer/Library/Frameworks (framework directory)
2026-04-22T16:45:06.3549340Z  /Applications/Xcode_26.2.app/Contents/Developer/Platforms/iPhoneSimulator.platform/Developer/SDKs/iPhoneSimulator26.2.sdk/Developer/Library/Frameworks (framework directory)
2026-04-22T16:45:06.3549590Z  /Applications/Xcode_26.2.app/Contents/Developer/Toolchains/XcodeDefault.xctoolchain/usr/lib/clang/17/include
2026-04-22T16:45:06.3549950Z  /Applications/Xcode_26.2.app/Contents/Developer/Platforms/iPhoneSimulator.platform/Developer/SDKs/iPhoneSimulator26.2.sdk/usr/include
2026-04-22T16:45:06.3550180Z  /Applications/Xcode_26.2.app/Contents/Developer/Toolchains/XcodeDefault.xctoolchain/usr/include
2026-04-22T16:45:06.3550620Z  /Applications/Xcode_26.2.app/Contents/Developer/Platforms/iPhoneSimulator.platform/Developer/SDKs/iPhoneSimulator26.2.sdk/System/Library/Frameworks (framework directory)
2026-04-22T16:45:06.3551080Z  /Applications/Xcode_26.2.app/Contents/Developer/Platforms/iPhoneSimulator.platform/Developer/SDKs/iPhoneSimulator26.2.sdk/System/Library/SubFrameworks (framework directory)
2026-04-22T16:45:06.3551130Z End of search list.
2026-04-22T16:45:06.3551330Z clang -cc1 version 17.0.0 (clang-1700.6.3.2) default target arm64-apple-darwin24.6.0
2026-04-22T16:45:06.3641720Z ignoring nonexistent directory "/Users/runner/work/tcm-storage-ios/tcm-storage-ios/build/Build/Products/Debug-iphonesimulator/include"
2026-04-22T16:45:06.3740180Z ignoring nonexistent directory "/Users/runner/work/tcm-storage-ios/tcm-storage-ios/build/Build/Intermediates.noindex/Nextcloud.build/Debug-iphonesimulator/Nextcloud.build/DerivedSources-normal/arm64"
2026-04-22T16:45:06.3840860Z ignoring nonexistent directory "/Users/runner/work/tcm-storage-ios/tcm-storage-ios/build/Build/Intermediates.noindex/Nextcloud.build/Debug-iphonesimulator/Nextcloud.build/DerivedSources/arm64"
2026-04-22T16:45:06.3872030Z ignoring nonexistent directory "/Applications/Xcode_26.2.app/Contents/Developer/Platforms/iPhoneSimulator.platform/Developer/SDKs/iPhoneSimulator26.2.sdk/usr/local/include"
2026-04-22T16:45:06.3877720Z ignoring nonexistent directory "/Applications/Xcode_26.2.app/Contents/Developer/Platforms/iPhoneSimulator.platform/Developer/SDKs/iPhoneSimulator26.2.sdk/Library/Frameworks"
2026-04-22T16:45:06.3878210Z ignoring duplicate directory "/Users/runner/work/tcm-storage-ios/tcm-storage-ios/build/Build/Products/Debug-iphonesimulator/PackageFrameworks"
2026-04-22T16:45:06.3883540Z ignoring duplicate directory "/Users/runner/work/tcm-storage-ios/tcm-storage-ios/build/Build/Products/Debug-iphonesimulator/PackageFrameworks"
2026-04-22T16:45:06.3885500Z ignoring duplicate directory "/Users/runner/work/tcm-storage-ios/tcm-storage-ios/build/Build/Products/Debug-iphonesimulator/PackageFrameworks"
2026-04-22T16:45:06.3886960Z ignoring duplicate directory "/Users/runner/work/tcm-storage-ios/tcm-storage-ios/build/Build/Products/Debug-iphonesimulator/PackageFrameworks"
2026-04-22T16:45:06.3887360Z ignoring duplicate directory "/Users/runner/work/tcm-storage-ios/tcm-storage-ios/build/Build/Products/Debug-iphonesimulator/PackageFrameworks"
2026-04-22T16:45:06.3887910Z ignoring duplicate directory "/Users/runner/work/tcm-storage-ios/tcm-storage-ios/build/Build/Products/Debug-iphonesimulator/PackageFrameworks"
2026-04-22T16:45:06.3890580Z ignoring duplicate directory "/Users/runner/work/tcm-storage-ios/tcm-storage-ios/build/Build/Products/Debug-iphonesimulator/PackageFrameworks"
2026-04-22T16:45:06.3890980Z ignoring duplicate directory "/Users/runner/work/tcm-storage-ios/tcm-storage-ios/build/Build/Products/Debug-iphonesimulator/PackageFrameworks"
2026-04-22T16:45:06.3891330Z ignoring duplicate directory "/Users/runner/work/tcm-storage-ios/tcm-storage-ios/build/Build/Products/Debug-iphonesimulator/PackageFrameworks"
2026-04-22T16:45:06.3891680Z ignoring duplicate directory "/Users/runner/work/tcm-storage-ios/tcm-storage-ios/build/Build/Products/Debug-iphonesimulator/PackageFrameworks"
2026-04-22T16:45:06.3892150Z ignoring duplicate directory "/Users/runner/work/tcm-storage-ios/tcm-storage-ios/build/Build/Products/Debug-iphonesimulator/PackageFrameworks"
2026-04-22T16:45:06.3892500Z ignoring duplicate directory "/Users/runner/work/tcm-storage-ios/tcm-storage-ios/build/Build/Products/Debug-iphonesimulator/PackageFrameworks"
2026-04-22T16:45:06.3892850Z ignoring duplicate directory "/Users/runner/work/tcm-storage-ios/tcm-storage-ios/build/Build/Products/Debug-iphonesimulator/PackageFrameworks"
2026-04-22T16:45:06.3893340Z ignoring duplicate directory "/Users/runner/work/tcm-storage-ios/tcm-storage-ios/build/Build/Products/Debug-iphonesimulator/PackageFrameworks"
2026-04-22T16:45:06.3893680Z ignoring duplicate directory "/Users/runner/work/tcm-storage-ios/tcm-storage-ios/build/Build/Products/Debug-iphonesimulator/PackageFrameworks"
2026-04-22T16:45:06.3894030Z ignoring duplicate directory "/Users/runner/work/tcm-storage-ios/tcm-storage-ios/build/Build/Products/Debug-iphonesimulator/PackageFrameworks"
2026-04-22T16:45:06.3894360Z ignoring duplicate directory "/Users/runner/work/tcm-storage-ios/tcm-storage-ios/build/Build/Products/Debug-iphonesimulator/PackageFrameworks"
2026-04-22T16:45:06.3894700Z ignoring duplicate directory "/Users/runner/work/tcm-storage-ios/tcm-storage-ios/build/Build/Products/Debug-iphonesimulator/PackageFrameworks"
2026-04-22T16:45:06.3895040Z ignoring duplicate directory "/Users/runner/work/tcm-storage-ios/tcm-storage-ios/build/Build/Products/Debug-iphonesimulator/PackageFrameworks"
2026-04-22T16:45:06.3895370Z ignoring duplicate directory "/Users/runner/work/tcm-storage-ios/tcm-storage-ios/build/Build/Products/Debug-iphonesimulator/PackageFrameworks"
2026-04-22T16:45:06.3895700Z ignoring duplicate directory "/Users/runner/work/tcm-storage-ios/tcm-storage-ios/build/Build/Products/Debug-iphonesimulator/PackageFrameworks"
2026-04-22T16:45:06.3896040Z ignoring duplicate directory "/Users/runner/work/tcm-storage-ios/tcm-storage-ios/build/Build/Products/Debug-iphonesimulator/PackageFrameworks"
2026-04-22T16:45:06.3896370Z ignoring duplicate directory "/Users/runner/work/tcm-storage-ios/tcm-storage-ios/build/Build/Products/Debug-iphonesimulator/PackageFrameworks"
2026-04-22T16:45:06.3896710Z ignoring duplicate directory "/Users/runner/work/tcm-storage-ios/tcm-storage-ios/build/Build/Products/Debug-iphonesimulator/PackageFrameworks"
2026-04-22T16:45:06.3897040Z ignoring duplicate directory "/Users/runner/work/tcm-storage-ios/tcm-storage-ios/build/Build/Products/Debug-iphonesimulator/PackageFrameworks"
2026-04-22T16:45:06.3897370Z ignoring duplicate directory "/Users/runner/work/tcm-storage-ios/tcm-storage-ios/build/Build/Products/Debug-iphonesimulator/PackageFrameworks"
2026-04-22T16:45:06.3897740Z ignoring duplicate directory "/Users/runner/work/tcm-storage-ios/tcm-storage-ios/build/Build/Products/Debug-iphonesimulator/PackageFrameworks"
2026-04-22T16:45:06.3898110Z ignoring duplicate directory "/Users/runner/work/tcm-storage-ios/tcm-storage-ios/build/Build/Products/Debug-iphonesimulator/PackageFrameworks"
2026-04-22T16:45:06.3898440Z ignoring duplicate directory "/Users/runner/work/tcm-storage-ios/tcm-storage-ios/build/Build/Products/Debug-iphonesimulator/PackageFrameworks"
2026-04-22T16:45:06.3898760Z ignoring duplicate directory "/Users/runner/work/tcm-storage-ios/tcm-storage-ios/build/Build/Products/Debug-iphonesimulator/PackageFrameworks"
2026-04-22T16:45:06.3899090Z ignoring duplicate directory "/Users/runner/work/tcm-storage-ios/tcm-storage-ios/build/Build/Products/Debug-iphonesimulator/PackageFrameworks"
2026-04-22T16:45:06.3899420Z ignoring duplicate directory "/Users/runner/work/tcm-storage-ios/tcm-storage-ios/build/Build/Products/Debug-iphonesimulator/PackageFrameworks"
2026-04-22T16:45:06.3899750Z ignoring duplicate directory "/Users/runner/work/tcm-storage-ios/tcm-storage-ios/build/Build/Products/Debug-iphonesimulator/PackageFrameworks"
2026-04-22T16:45:06.3900080Z ignoring duplicate directory "/Users/runner/work/tcm-storage-ios/tcm-storage-ios/build/Build/Products/Debug-iphonesimulator/PackageFrameworks"
2026-04-22T16:45:06.3900430Z ignoring duplicate directory "/Users/runner/work/tcm-storage-ios/tcm-storage-ios/build/Build/Products/Debug-iphonesimulator/PackageFrameworks"
2026-04-22T16:45:06.3900760Z ignoring duplicate directory "/Users/runner/work/tcm-storage-ios/tcm-storage-ios/build/Build/Products/Debug-iphonesimulator/PackageFrameworks"
2026-04-22T16:45:06.3901090Z ignoring duplicate directory "/Users/runner/work/tcm-storage-ios/tcm-storage-ios/build/Build/Products/Debug-iphonesimulator/PackageFrameworks"
2026-04-22T16:45:06.3901620Z ignoring duplicate directory "/Users/runner/work/tcm-storage-ios/tcm-storage-ios/build/Build/Products/Debug-iphonesimulator/PackageFrameworks"
2026-04-22T16:45:06.3902000Z ignoring duplicate directory "/Users/runner/work/tcm-storage-ios/tcm-storage-ios/build/Build/Products/Debug-iphonesimulator/PackageFrameworks"
2026-04-22T16:45:06.3902350Z ignoring duplicate directory "/Users/runner/work/tcm-storage-ios/tcm-storage-ios/build/Build/Products/Debug-iphonesimulator/PackageFrameworks"
2026-04-22T16:45:06.3902770Z ignoring duplicate directory "/Users/runner/work/tcm-storage-ios/tcm-storage-ios/build/Build/Products/Debug-iphonesimulator/PackageFrameworks"
2026-04-22T16:45:06.3903110Z ignoring duplicate directory "/Users/runner/work/tcm-storage-ios/tcm-storage-ios/build/Build/Products/Debug-iphonesimulator/PackageFrameworks"
2026-04-22T16:45:06.3903440Z ignoring duplicate directory "/Users/runner/work/tcm-storage-ios/tcm-storage-ios/build/Build/Products/Debug-iphonesimulator/PackageFrameworks"
2026-04-22T16:45:06.3903770Z ignoring duplicate directory "/Users/runner/work/tcm-storage-ios/tcm-storage-ios/build/Build/Products/Debug-iphonesimulator/PackageFrameworks"
2026-04-22T16:45:06.3904100Z ignoring duplicate directory "/Users/runner/work/tcm-storage-ios/tcm-storage-ios/build/Build/Products/Debug-iphonesimulator/PackageFrameworks"
2026-04-22T16:45:06.3904430Z ignoring duplicate directory "/Users/runner/work/tcm-storage-ios/tcm-storage-ios/build/Build/Products/Debug-iphonesimulator/PackageFrameworks"
2026-04-22T16:45:06.3904760Z ignoring duplicate directory "/Users/runner/work/tcm-storage-ios/tcm-storage-ios/build/Build/Products/Debug-iphonesimulator/PackageFrameworks"
2026-04-22T16:45:06.3905080Z ignoring duplicate directory "/Users/runner/work/tcm-storage-ios/tcm-storage-ios/build/Build/Products/Debug-iphonesimulator/PackageFrameworks"
2026-04-22T16:45:06.3905420Z ignoring duplicate directory "/Users/runner/work/tcm-storage-ios/tcm-storage-ios/build/Build/Products/Debug-iphonesimulator/PackageFrameworks"
2026-04-22T16:45:06.3905750Z ignoring duplicate directory "/Users/runner/work/tcm-storage-ios/tcm-storage-ios/build/Build/Products/Debug-iphonesimulator/PackageFrameworks"
2026-04-22T16:45:06.3906160Z ignoring duplicate directory "/Users/runner/work/tcm-storage-ios/tcm-storage-ios/build/Build/Products/Debug-iphonesimulator/PackageFrameworks"
2026-04-22T16:45:06.3906750Z ignoring duplicate directory "/Users/runner/work/tcm-storage-ios/tcm-storage-ios/build/Build/Products/Debug-iphonesimulator/PackageFrameworks"
2026-04-22T16:45:06.3907130Z ignoring duplicate directory "/Users/runner/work/tcm-storage-ios/tcm-storage-ios/build/Build/Products/Debug-iphonesimulator/PackageFrameworks"
2026-04-22T16:45:06.3907470Z ignoring duplicate directory "/Users/runner/work/tcm-storage-ios/tcm-storage-ios/build/Build/Products/Debug-iphonesimulator/PackageFrameworks"
2026-04-22T16:45:06.3907840Z ignoring duplicate directory "/Users/runner/work/tcm-storage-ios/tcm-storage-ios/build/Build/Products/Debug-iphonesimulator/PackageFrameworks"
2026-04-22T16:45:06.3908210Z ignoring duplicate directory "/Users/runner/work/tcm-storage-ios/tcm-storage-ios/build/Build/Products/Debug-iphonesimulator/PackageFrameworks"
2026-04-22T16:45:06.3908590Z ignoring duplicate directory "/Users/runner/work/tcm-storage-ios/tcm-storage-ios/build/Build/Products/Debug-iphonesimulator/PackageFrameworks"
2026-04-22T16:45:06.3908970Z ignoring duplicate directory "/Users/runner/work/tcm-storage-ios/tcm-storage-ios/build/Build/Products/Debug-iphonesimulator/PackageFrameworks"
2026-04-22T16:45:06.3909440Z ignoring duplicate directory "/Users/runner/work/tcm-storage-ios/tcm-storage-ios/build/Build/Products/Debug-iphonesimulator/PackageFrameworks"
2026-04-22T16:45:06.3909830Z ignoring duplicate directory "/Users/runner/work/tcm-storage-ios/tcm-storage-ios/build/Build/Products/Debug-iphonesimulator/PackageFrameworks"
2026-04-22T16:45:06.3910300Z ignoring duplicate directory "/Users/runner/work/tcm-storage-ios/tcm-storage-ios/build/Build/Products/Debug-iphonesimulator/PackageFrameworks"
2026-04-22T16:45:06.3910750Z ignoring duplicate directory "/Users/runner/work/tcm-storage-ios/tcm-storage-ios/build/Build/Products/Debug-iphonesimulator/PackageFrameworks"
2026-04-22T16:45:06.3911150Z ignoring duplicate directory "/Users/runner/work/tcm-storage-ios/tcm-storage-ios/build/Build/Products/Debug-iphonesimulator/PackageFrameworks"
2026-04-22T16:45:06.3911520Z ignoring duplicate directory "/Users/runner/work/tcm-storage-ios/tcm-storage-ios/build/Build/Products/Debug-iphonesimulator/PackageFrameworks"
2026-04-22T16:45:06.3911890Z ignoring duplicate directory "/Users/runner/work/tcm-storage-ios/tcm-storage-ios/build/Build/Products/Debug-iphonesimulator/PackageFrameworks"
2026-04-22T16:45:06.3912250Z ignoring duplicate directory "/Users/runner/work/tcm-storage-ios/tcm-storage-ios/build/Build/Products/Debug-iphonesimulator/PackageFrameworks"
2026-04-22T16:45:06.3912600Z ignoring duplicate directory "/Users/runner/work/tcm-storage-ios/tcm-storage-ios/build/Build/Products/Debug-iphonesimulator/PackageFrameworks"
2026-04-22T16:45:06.3912980Z ignoring duplicate directory "/Users/runner/work/tcm-storage-ios/tcm-storage-ios/build/Build/Products/Debug-iphonesimulator/PackageFrameworks"
2026-04-22T16:45:06.3913360Z ignoring duplicate directory "/Users/runner/work/tcm-storage-ios/tcm-storage-ios/build/Build/Products/Debug-iphonesimulator/PackageFrameworks"
2026-04-22T16:45:06.3913730Z ignoring duplicate directory "/Users/runner/work/tcm-storage-ios/tcm-storage-ios/build/Build/Products/Debug-iphonesimulator/PackageFrameworks"
2026-04-22T16:45:06.3914120Z ignoring duplicate directory "/Users/runner/work/tcm-storage-ios/tcm-storage-ios/build/Build/Products/Debug-iphonesimulator/PackageFrameworks"
2026-04-22T16:45:06.3914480Z ignoring duplicate directory "/Users/runner/work/tcm-storage-ios/tcm-storage-ios/build/Build/Products/Debug-iphonesimulator/PackageFrameworks"
2026-04-22T16:45:06.3914860Z ignoring duplicate directory "/Users/runner/work/tcm-storage-ios/tcm-storage-ios/build/Build/Products/Debug-iphonesimulator/PackageFrameworks"
2026-04-22T16:45:06.3916640Z ignoring duplicate directory "/Users/runner/work/tcm-storage-ios/tcm-storage-ios/build/Build/Products/Debug-iphonesimulator/PackageFrameworks"
2026-04-22T16:45:06.3917100Z ignoring duplicate directory "/Users/runner/work/tcm-storage-ios/tcm-storage-ios/build/Build/Products/Debug-iphonesimulator/PackageFrameworks"
2026-04-22T16:45:06.3917670Z ignoring duplicate directory "/Users/runner/work/tcm-storage-ios/tcm-storage-ios/build/Build/Products/Debug-iphonesimulator/PackageFrameworks"
2026-04-22T16:45:06.3917740Z #include "..." search starts here:
2026-04-22T16:45:06.3918300Z  /Users/runner/work/tcm-storage-ios/tcm-storage-ios/build/Build/Intermediates.noindex/Nextcloud.build/Debug-iphonesimulator/Nextcloud.build/Nextcloud-generated-files.hmap (headermap)
2026-04-22T16:45:06.3918820Z  /Users/runner/work/tcm-storage-ios/tcm-storage-ios/build/Build/Intermediates.noindex/Nextcloud.build/Debug-iphonesimulator/Nextcloud.build/Nextcloud-project-headers.hmap (headermap)
2026-04-22T16:45:06.3918920Z #include <...> search starts here:
2026-04-22T16:45:06.3922010Z  /Users/runner/work/tcm-storage-ios/tcm-storage-ios/build/Build/Intermediates.noindex/Nextcloud.build/Debug-iphonesimulator/Nextcloud.build/Nextcloud-own-target-headers.hmap (headermap)
2026-04-22T16:45:06.3924460Z  /Users/runner/work/tcm-storage-ios/tcm-storage-ios/build/Build/Intermediates.noindex/Nextcloud.build/Debug-iphonesimulator/Nextcloud.build/Nextcloud-all-non-framework-target-headers.hmap (headermap)
2026-04-22T16:45:06.3925500Z  /Users/runner/work/tcm-storage-ios/tcm-storage-ios/build/SourcePackages/checkouts/swift-nio-ssl/Sources/CNIOBoringSSLShims/include
2026-04-22T16:45:06.3925840Z  /Users/runner/work/tcm-storage-ios/tcm-storage-ios/build/SourcePackages/checkouts/swift-nio-ssl/Sources/CNIOBoringSSL/include
2026-04-22T16:45:06.3926150Z  /Users/runner/work/tcm-storage-ios/tcm-storage-ios/build/SourcePackages/checkouts/swift-atomics/Sources/_AtomicsShims/include
2026-04-22T16:45:06.3926610Z  /Users/runner/work/tcm-storage-ios/tcm-storage-ios/build/SourcePackages/checkouts/swift-nio/Sources/CNIOPosix/include
2026-04-22T16:45:06.3928010Z  /Users/runner/work/tcm-storage-ios/tcm-storage-ios/build/SourcePackages/checkouts/swift-nio/Sources/CNIOWASI/include
2026-04-22T16:45:06.3928360Z  /Users/runner/work/tcm-storage-ios/tcm-storage-ios/build/SourcePackages/checkouts/swift-nio/Sources/CNIOWindows/include
2026-04-22T16:45:06.3928730Z  /Users/runner/work/tcm-storage-ios/tcm-storage-ios/build/SourcePackages/checkouts/swift-nio/Sources/CNIOLinux/include
2026-04-22T16:45:06.3929090Z  /Users/runner/work/tcm-storage-ios/tcm-storage-ios/build/SourcePackages/checkouts/swift-nio/Sources/CNIODarwin/include
2026-04-22T16:45:06.3929460Z  /Users/runner/work/tcm-storage-ios/tcm-storage-ios/build/SourcePackages/checkouts/swift-nio/Sources/CNIOOpenBSD/include
2026-04-22T16:45:06.3931060Z  /Users/runner/work/tcm-storage-ios/tcm-storage-ios/build/SourcePackages/checkouts/swift-nio/Sources/CNIOAtomics/include
2026-04-22T16:45:06.3931980Z  /Users/runner/work/tcm-storage-ios/tcm-storage-ios/build/SourcePackages/checkouts/realm-core/src
2026-04-22T16:45:06.3932920Z  /Users/runner/work/tcm-storage-ios/tcm-storage-ios/build/SourcePackages/checkouts/realm-core/src/external/s2
2026-04-22T16:45:06.3934530Z  /Users/runner/work/tcm-storage-ios/tcm-storage-ios/build/SourcePackages/checkouts/realm-core/src/external/IntelRDFPMathLib20U2/LIBRARY/src
2026-04-22T16:45:06.3935190Z  /Users/runner/work/tcm-storage-ios/tcm-storage-ios/build/SourcePackages/checkouts/realm-core/src/spm
2026-04-22T16:45:06.3936110Z  /Users/runner/work/tcm-storage-ios/tcm-storage-ios/build/SourcePackages/checkouts/realm-swift/include
2026-04-22T16:45:06.3937270Z  /Users/runner/work/tcm-storage-ios/tcm-storage-ios/build/SourcePackages/checkouts/GoogleUtilities/GoogleUtilities/NSData+zlib/Public
2026-04-22T16:45:06.3940740Z  /Users/runner/work/tcm-storage-ios/tcm-storage-ios/build/SourcePackages/checkouts/GoogleUtilities/GoogleUtilities/Logger/Public
2026-04-22T16:45:06.3942660Z  /Users/runner/work/tcm-storage-ios/tcm-storage-ios/build/SourcePackages/checkouts/GoogleUtilities/GoogleUtilities/Environment/Public
2026-04-22T16:45:06.3943100Z  /Users/runner/work/tcm-storage-ios/tcm-storage-ios/build/SourcePackages/checkouts/GoogleUtilities/third_party/IsAppEncrypted/Public
2026-04-22T16:45:06.3943790Z  /Users/runner/work/tcm-storage-ios/tcm-storage-ios/build/SourcePackages/checkouts/GoogleUtilities/GoogleUtilities/UserDefaults/Public
2026-04-22T16:45:06.3944110Z  /Users/runner/work/tcm-storage-ios/tcm-storage-ios/build/SourcePackages/checkouts/nanopb/spm_headers
2026-04-22T16:45:06.3945700Z  /Users/runner/work/tcm-storage-ios/tcm-storage-ios/build/SourcePackages/checkouts/promises/Sources/FBLPromises/include
2026-04-22T16:45:06.3947170Z  /Users/runner/work/tcm-storage-ios/tcm-storage-ios/build/SourcePackages/checkouts/GoogleDataTransport/GoogleDataTransport/GDTCORLibrary/Public
2026-04-22T16:45:06.3948340Z  /Users/runner/work/tcm-storage-ios/tcm-storage-ios/build/SourcePackages/checkouts/firebase-ios-sdk/FirebaseSessions/SourcesObjC
2026-04-22T16:45:06.3950890Z  /Users/runner/work/tcm-storage-ios/tcm-storage-ios/build/SourcePackages/checkouts/firebase-ios-sdk/FirebaseCore/Extension
2026-04-22T16:45:06.3952720Z  /Users/runner/work/tcm-storage-ios/tcm-storage-ios/build/SourcePackages/checkouts/firebase-ios-sdk/FirebaseInstallations/Source/Library/Public
2026-04-22T16:45:06.3953120Z  /Users/runner/work/tcm-storage-ios/tcm-storage-ios/build/SourcePackages/checkouts/firebase-ios-sdk/FirebaseCore/Sources/Public
2026-04-22T16:45:06.3955340Z  /Users/runner/work/tcm-storage-ios/tcm-storage-ios/build/SourcePackages/checkouts/firebase-ios-sdk/CoreOnly/Sources
2026-04-22T16:45:06.3956700Z  /Users/runner/work/tcm-storage-ios/tcm-storage-ios/build/SourcePackages/checkouts/firebase-ios-sdk/Crashlytics/Crashlytics/Public
2026-04-22T16:45:06.3957730Z  /Users/runner/work/tcm-storage-ios/tcm-storage-ios/build/SourcePackages/checkouts/GzipSwift/Sources/system-zlib/include
2026-04-22T16:45:06.3959580Z  /Users/runner/work/tcm-storage-ios/tcm-storage-ios/build/Build/Intermediates.noindex/Nextcloud.build/Debug-iphonesimulator/Nextcloud.build/DerivedSources
2026-04-22T16:45:06.3961880Z  /Users/runner/work/tcm-storage-ios/tcm-storage-ios/build/Build/Products/Debug-iphonesimulator/PackageFrameworks (framework directory)
2026-04-22T16:45:06.3962310Z  /Users/runner/work/tcm-storage-ios/tcm-storage-ios/build/Build/Products/Debug-iphonesimulator (framework directory)
2026-04-22T16:45:06.3962820Z  /Applications/Xcode_26.2.app/Contents/Developer/Platforms/iPhoneSimulator.platform/Developer/Library/Frameworks (framework directory)
2026-04-22T16:45:06.3963420Z  /Applications/Xcode_26.2.app/Contents/Developer/Platforms/iPhoneSimulator.platform/Developer/SDKs/iPhoneSimulator26.2.sdk/Developer/Library/Frameworks (framework directory)
2026-04-22T16:45:06.3963790Z  /Applications/Xcode_26.2.app/Contents/Developer/Toolchains/XcodeDefault.xctoolchain/usr/lib/clang/17/include
2026-04-22T16:45:06.3964290Z  /Applications/Xcode_26.2.app/Contents/Developer/Platforms/iPhoneSimulator.platform/Developer/SDKs/iPhoneSimulator26.2.sdk/usr/include
2026-04-22T16:45:06.3964770Z  /Applications/Xcode_26.2.app/Contents/Developer/Toolchains/XcodeDefault.xctoolchain/usr/include
2026-04-22T16:45:06.3966780Z  /Applications/Xcode_26.2.app/Contents/Developer/Platforms/iPhoneSimulator.platform/Developer/SDKs/iPhoneSimulator26.2.sdk/System/Library/Frameworks (framework directory)
2026-04-22T16:45:06.3967290Z  /Applications/Xcode_26.2.app/Contents/Developer/Platforms/iPhoneSimulator.platform/Developer/SDKs/iPhoneSimulator26.2.sdk/System/Library/SubFrameworks (framework directory)
2026-04-22T16:45:06.3967350Z End of search list.
2026-04-22T16:45:06.4514050Z clang -cc1 version 17.0.0 (clang-1700.6.3.2) default target arm64-apple-darwin24.6.0
2026-04-22T16:45:06.4528590Z ignoring nonexistent directory "/Users/runner/work/tcm-storage-ios/tcm-storage-ios/build/Build/Products/Debug-iphonesimulator/include"
2026-04-22T16:45:06.4545100Z ignoring nonexistent directory "/Users/runner/work/tcm-storage-ios/tcm-storage-ios/build/Build/Intermediates.noindex/Nextcloud.build/Debug-iphonesimulator/Nextcloud.build/DerivedSources-normal/arm64"
2026-04-22T16:45:06.4560030Z ignoring nonexistent directory "/Users/runner/work/tcm-storage-ios/tcm-storage-ios/build/Build/Intermediates.noindex/Nextcloud.build/Debug-iphonesimulator/Nextcloud.build/DerivedSources/arm64"
2026-04-22T16:45:06.4561550Z ignoring nonexistent directory "/Applications/Xcode_26.2.app/Contents/Developer/Platforms/iPhoneSimulator.platform/Developer/SDKs/iPhoneSimulator26.2.sdk/usr/local/include"
2026-04-22T16:45:06.4575400Z ignoring nonexistent directory "/Applications/Xcode_26.2.app/Contents/Developer/Platforms/iPhoneSimulator.platform/Developer/SDKs/iPhoneSimulator26.2.sdk/Library/Frameworks"
2026-04-22T16:45:06.4579150Z ignoring duplicate directory "/Users/runner/work/tcm-storage-ios/tcm-storage-ios/build/Build/Products/Debug-iphonesimulator/PackageFrameworks"
2026-04-22T16:45:06.4584010Z ignoring duplicate directory "/Users/runner/work/tcm-storage-ios/tcm-storage-ios/build/Build/Products/Debug-iphonesimulator/PackageFrameworks"
2026-04-22T16:45:06.4588470Z ignoring duplicate directory "/Users/runner/work/tcm-storage-ios/tcm-storage-ios/build/Build/Products/Debug-iphonesimulator/PackageFrameworks"
2026-04-22T16:45:06.4594070Z ignoring duplicate directory "/Users/runner/work/tcm-storage-ios/tcm-storage-ios/build/Build/Products/Debug-iphonesimulator/PackageFrameworks"
2026-04-22T16:45:06.4595250Z ignoring duplicate directory "/Users/runner/work/tcm-storage-ios/tcm-storage-ios/build/Build/Products/Debug-iphonesimulator/PackageFrameworks"
2026-04-22T16:45:06.4596020Z ignoring duplicate directory "/Users/runner/work/tcm-storage-ios/tcm-storage-ios/build/Build/Products/Debug-iphonesimulator/PackageFrameworks"
2026-04-22T16:45:06.4596540Z ignoring duplicate directory "/Users/runner/work/tcm-storage-ios/tcm-storage-ios/build/Build/Products/Debug-iphonesimulator/PackageFrameworks"
2026-04-22T16:45:06.4598320Z ignoring duplicate directory "/Users/runner/work/tcm-storage-ios/tcm-storage-ios/build/Build/Products/Debug-iphonesimulator/PackageFrameworks"
2026-04-22T16:45:06.4598940Z ignoring duplicate directory "/Users/runner/work/tcm-storage-ios/tcm-storage-ios/build/Build/Products/Debug-iphonesimulator/PackageFrameworks"
2026-04-22T16:45:06.4599390Z ignoring duplicate directory "/Users/runner/work/tcm-storage-ios/tcm-storage-ios/build/Build/Products/Debug-iphonesimulator/PackageFrameworks"
2026-04-22T16:45:06.4599820Z ignoring duplicate directory "/Users/runner/work/tcm-storage-ios/tcm-storage-ios/build/Build/Products/Debug-iphonesimulator/PackageFrameworks"
2026-04-22T16:45:06.4600250Z ignoring duplicate directory "/Users/runner/work/tcm-storage-ios/tcm-storage-ios/build/Build/Products/Debug-iphonesimulator/PackageFrameworks"
2026-04-22T16:45:06.4600660Z ignoring duplicate directory "/Users/runner/work/tcm-storage-ios/tcm-storage-ios/build/Build/Products/Debug-iphonesimulator/PackageFrameworks"
2026-04-22T16:45:06.4601820Z ignoring duplicate directory "/Users/runner/work/tcm-storage-ios/tcm-storage-ios/build/Build/Products/Debug-iphonesimulator/PackageFrameworks"
2026-04-22T16:45:06.4602390Z ignoring duplicate directory "/Users/runner/work/tcm-storage-ios/tcm-storage-ios/build/Build/Products/Debug-iphonesimulator/PackageFrameworks"
2026-04-22T16:45:06.4603600Z ignoring duplicate directory "/Users/runner/work/tcm-storage-ios/tcm-storage-ios/build/Build/Products/Debug-iphonesimulator/PackageFrameworks"
2026-04-22T16:45:06.4606490Z ignoring duplicate directory "/Users/runner/work/tcm-storage-ios/tcm-storage-ios/build/Build/Products/Debug-iphonesimulator/PackageFrameworks"
2026-04-22T16:45:06.4606940Z ignoring duplicate directory "/Users/runner/work/tcm-storage-ios/tcm-storage-ios/build/Build/Products/Debug-iphonesimulator/PackageFrameworks"
2026-04-22T16:45:06.4607270Z ignoring duplicate directory "/Users/runner/work/tcm-storage-ios/tcm-storage-ios/build/Build/Products/Debug-iphonesimulator/PackageFrameworks"
2026-04-22T16:45:06.4607610Z ignoring duplicate directory "/Users/runner/work/tcm-storage-ios/tcm-storage-ios/build/Build/Products/Debug-iphonesimulator/PackageFrameworks"
2026-04-22T16:45:06.4607940Z ignoring duplicate directory "/Users/runner/work/tcm-storage-ios/tcm-storage-ios/build/Build/Products/Debug-iphonesimulator/PackageFrameworks"
2026-04-22T16:45:06.4608810Z ignoring duplicate directory "/Users/runner/work/tcm-storage-ios/tcm-storage-ios/build/Build/Products/Debug-iphonesimulator/PackageFrameworks"
2026-04-22T16:45:06.4609180Z ignoring duplicate directory "/Users/runner/work/tcm-storage-ios/tcm-storage-ios/build/Build/Products/Debug-iphonesimulator/PackageFrameworks"
2026-04-22T16:45:06.4609530Z ignoring duplicate directory "/Users/runner/work/tcm-storage-ios/tcm-storage-ios/build/Build/Products/Debug-iphonesimulator/PackageFrameworks"
2026-04-22T16:45:06.4609860Z ignoring duplicate directory "/Users/runner/work/tcm-storage-ios/tcm-storage-ios/build/Build/Products/Debug-iphonesimulator/PackageFrameworks"
2026-04-22T16:45:06.4611470Z ignoring duplicate directory "/Users/runner/work/tcm-storage-ios/tcm-storage-ios/build/Build/Products/Debug-iphonesimulator/PackageFrameworks"
2026-04-22T16:45:06.4611850Z ignoring duplicate directory "/Users/runner/work/tcm-storage-ios/tcm-storage-ios/build/Build/Products/Debug-iphonesimulator/PackageFrameworks"
2026-04-22T16:45:06.4612630Z ignoring duplicate directory "/Users/runner/work/tcm-storage-ios/tcm-storage-ios/build/Build/Products/Debug-iphonesimulator/PackageFrameworks"
2026-04-22T16:45:06.4615890Z ignoring duplicate directory "/Users/runner/work/tcm-storage-ios/tcm-storage-ios/build/Build/Products/Debug-iphonesimulator/PackageFrameworks"
2026-04-22T16:45:06.4617700Z ignoring duplicate directory "/Users/runner/work/tcm-storage-ios/tcm-storage-ios/build/Build/Products/Debug-iphonesimulator/PackageFrameworks"
2026-04-22T16:45:06.4618840Z ignoring duplicate directory "/Users/runner/work/tcm-storage-ios/tcm-storage-ios/build/Build/Products/Debug-iphonesimulator/PackageFrameworks"
2026-04-22T16:45:06.4620920Z ignoring duplicate directory "/Users/runner/work/tcm-storage-ios/tcm-storage-ios/build/Build/Products/Debug-iphonesimulator/PackageFrameworks"
2026-04-22T16:45:06.4621280Z ignoring duplicate directory "/Users/runner/work/tcm-storage-ios/tcm-storage-ios/build/Build/Products/Debug-iphonesimulator/PackageFrameworks"
2026-04-22T16:45:06.4621620Z ignoring duplicate directory "/Users/runner/work/tcm-storage-ios/tcm-storage-ios/build/Build/Products/Debug-iphonesimulator/PackageFrameworks"
2026-04-22T16:45:06.4621960Z ignoring duplicate directory "/Users/runner/work/tcm-storage-ios/tcm-storage-ios/build/Build/Products/Debug-iphonesimulator/PackageFrameworks"
2026-04-22T16:45:06.4622300Z ignoring duplicate directory "/Users/runner/work/tcm-storage-ios/tcm-storage-ios/build/Build/Products/Debug-iphonesimulator/PackageFrameworks"
2026-04-22T16:45:06.4622630Z ignoring duplicate directory "/Users/runner/work/tcm-storage-ios/tcm-storage-ios/build/Build/Products/Debug-iphonesimulator/PackageFrameworks"
2026-04-22T16:45:06.4622970Z ignoring duplicate directory "/Users/runner/work/tcm-storage-ios/tcm-storage-ios/build/Build/Products/Debug-iphonesimulator/PackageFrameworks"
2026-04-22T16:45:06.4623310Z ignoring duplicate directory "/Users/runner/work/tcm-storage-ios/tcm-storage-ios/build/Build/Products/Debug-iphonesimulator/PackageFrameworks"
2026-04-22T16:45:06.4623640Z ignoring duplicate directory "/Users/runner/work/tcm-storage-ios/tcm-storage-ios/build/Build/Products/Debug-iphonesimulator/PackageFrameworks"
2026-04-22T16:45:06.4623970Z ignoring duplicate directory "/Users/runner/work/tcm-storage-ios/tcm-storage-ios/build/Build/Products/Debug-iphonesimulator/PackageFrameworks"
2026-04-22T16:45:06.4624300Z ignoring duplicate directory "/Users/runner/work/tcm-storage-ios/tcm-storage-ios/build/Build/Products/Debug-iphonesimulator/PackageFrameworks"
2026-04-22T16:45:06.4624640Z ignoring duplicate directory "/Users/runner/work/tcm-storage-ios/tcm-storage-ios/build/Build/Products/Debug-iphonesimulator/PackageFrameworks"
2026-04-22T16:45:06.4624970Z ignoring duplicate directory "/Users/runner/work/tcm-storage-ios/tcm-storage-ios/build/Build/Products/Debug-iphonesimulator/PackageFrameworks"
2026-04-22T16:45:06.4625300Z ignoring duplicate directory "/Users/runner/work/tcm-storage-ios/tcm-storage-ios/build/Build/Products/Debug-iphonesimulator/PackageFrameworks"
2026-04-22T16:45:06.4625690Z ignoring duplicate directory "/Users/runner/work/tcm-storage-ios/tcm-storage-ios/build/Build/Products/Debug-iphonesimulator/PackageFrameworks"
2026-04-22T16:45:06.4626040Z ignoring duplicate directory "/Users/runner/work/tcm-storage-ios/tcm-storage-ios/build/Build/Products/Debug-iphonesimulator/PackageFrameworks"
2026-04-22T16:45:06.4626400Z ignoring duplicate directory "/Users/runner/work/tcm-storage-ios/tcm-storage-ios/build/Build/Products/Debug-iphonesimulator/PackageFrameworks"
2026-04-22T16:45:06.4626750Z ignoring duplicate directory "/Users/runner/work/tcm-storage-ios/tcm-storage-ios/build/Build/Products/Debug-iphonesimulator/PackageFrameworks"
2026-04-22T16:45:06.4627090Z ignoring duplicate directory "/Users/runner/work/tcm-storage-ios/tcm-storage-ios/build/Build/Products/Debug-iphonesimulator/PackageFrameworks"
2026-04-22T16:45:06.4627500Z ignoring duplicate directory "/Users/runner/work/tcm-storage-ios/tcm-storage-ios/build/Build/Products/Debug-iphonesimulator/PackageFrameworks"
2026-04-22T16:45:06.4627830Z ignoring duplicate directory "/Users/runner/work/tcm-storage-ios/tcm-storage-ios/build/Build/Products/Debug-iphonesimulator/PackageFrameworks"
2026-04-22T16:45:06.4628280Z ignoring duplicate directory "/Users/runner/work/tcm-storage-ios/tcm-storage-ios/build/Build/Products/Debug-iphonesimulator/PackageFrameworks"
2026-04-22T16:45:06.4628620Z ignoring duplicate directory "/Users/runner/work/tcm-storage-ios/tcm-storage-ios/build/Build/Products/Debug-iphonesimulator/PackageFrameworks"
2026-04-22T16:45:06.4629010Z ignoring duplicate directory "/Users/runner/work/tcm-storage-ios/tcm-storage-ios/build/Build/Products/Debug-iphonesimulator/PackageFrameworks"
2026-04-22T16:45:06.4629380Z ignoring duplicate directory "/Users/runner/work/tcm-storage-ios/tcm-storage-ios/build/Build/Products/Debug-iphonesimulator/PackageFrameworks"
2026-04-22T16:45:06.4629730Z ignoring duplicate directory "/Users/runner/work/tcm-storage-ios/tcm-storage-ios/build/Build/Products/Debug-iphonesimulator/PackageFrameworks"
2026-04-22T16:45:06.4630160Z ignoring duplicate directory "/Users/runner/work/tcm-storage-ios/tcm-storage-ios/build/Build/Products/Debug-iphonesimulator/PackageFrameworks"
2026-04-22T16:45:06.4630550Z ignoring duplicate directory "/Users/runner/work/tcm-storage-ios/tcm-storage-ios/build/Build/Products/Debug-iphonesimulator/PackageFrameworks"
2026-04-22T16:45:06.4630950Z ignoring duplicate directory "/Users/runner/work/tcm-storage-ios/tcm-storage-ios/build/Build/Products/Debug-iphonesimulator/PackageFrameworks"
2026-04-22T16:45:06.4631350Z ignoring duplicate directory "/Users/runner/work/tcm-storage-ios/tcm-storage-ios/build/Build/Products/Debug-iphonesimulator/PackageFrameworks"
2026-04-22T16:45:06.4631730Z ignoring duplicate directory "/Users/runner/work/tcm-storage-ios/tcm-storage-ios/build/Build/Products/Debug-iphonesimulator/PackageFrameworks"
2026-04-22T16:45:06.4632150Z ignoring duplicate directory "/Users/runner/work/tcm-storage-ios/tcm-storage-ios/build/Build/Products/Debug-iphonesimulator/PackageFrameworks"
2026-04-22T16:45:06.4632490Z ignoring duplicate directory "/Users/runner/work/tcm-storage-ios/tcm-storage-ios/build/Build/Products/Debug-iphonesimulator/PackageFrameworks"
2026-04-22T16:45:06.4632830Z ignoring duplicate directory "/Users/runner/work/tcm-storage-ios/tcm-storage-ios/build/Build/Products/Debug-iphonesimulator/PackageFrameworks"
2026-04-22T16:45:06.4633160Z ignoring duplicate directory "/Users/runner/work/tcm-storage-ios/tcm-storage-ios/build/Build/Products/Debug-iphonesimulator/PackageFrameworks"
2026-04-22T16:45:06.4633490Z ignoring duplicate directory "/Users/runner/work/tcm-storage-ios/tcm-storage-ios/build/Build/Products/Debug-iphonesimulator/PackageFrameworks"
2026-04-22T16:45:06.4633830Z ignoring duplicate directory "/Users/runner/work/tcm-storage-ios/tcm-storage-ios/build/Build/Products/Debug-iphonesimulator/PackageFrameworks"
2026-04-22T16:45:06.4634160Z ignoring duplicate directory "/Users/runner/work/tcm-storage-ios/tcm-storage-ios/build/Build/Products/Debug-iphonesimulator/PackageFrameworks"
2026-04-22T16:45:06.4634560Z ignoring duplicate directory "/Users/runner/work/tcm-storage-ios/tcm-storage-ios/build/Build/Products/Debug-iphonesimulator/PackageFrameworks"
2026-04-22T16:45:06.4634970Z ignoring duplicate directory "/Users/runner/work/tcm-storage-ios/tcm-storage-ios/build/Build/Products/Debug-iphonesimulator/PackageFrameworks"
2026-04-22T16:45:06.4635450Z ignoring duplicate directory "/Users/runner/work/tcm-storage-ios/tcm-storage-ios/build/Build/Products/Debug-iphonesimulator/PackageFrameworks"
2026-04-22T16:45:06.4635870Z ignoring duplicate directory "/Users/runner/work/tcm-storage-ios/tcm-storage-ios/build/Build/Products/Debug-iphonesimulator/PackageFrameworks"
2026-04-22T16:45:06.4636290Z ignoring duplicate directory "/Users/runner/work/tcm-storage-ios/tcm-storage-ios/build/Build/Products/Debug-iphonesimulator/PackageFrameworks"
2026-04-22T16:45:06.4636670Z ignoring duplicate directory "/Users/runner/work/tcm-storage-ios/tcm-storage-ios/build/Build/Products/Debug-iphonesimulator/PackageFrameworks"
2026-04-22T16:45:06.4637500Z ignoring duplicate directory "/Users/runner/work/tcm-storage-ios/tcm-storage-ios/build/Build/Products/Debug-iphonesimulator/PackageFrameworks"
2026-04-22T16:45:06.4637600Z #include "..." search starts here:
2026-04-22T16:45:06.4638100Z  /Users/runner/work/tcm-storage-ios/tcm-storage-ios/build/Build/Intermediates.noindex/Nextcloud.build/Debug-iphonesimulator/Nextcloud.build/Nextcloud-generated-files.hmap (headermap)
2026-04-22T16:45:06.4638590Z  /Users/runner/work/tcm-storage-ios/tcm-storage-ios/build/Build/Intermediates.noindex/Nextcloud.build/Debug-iphonesimulator/Nextcloud.build/Nextcloud-project-headers.hmap (headermap)
2026-04-22T16:45:06.4638730Z #include <...> search starts here:
2026-04-22T16:45:06.4639240Z  /Users/runner/work/tcm-storage-ios/tcm-storage-ios/build/Build/Intermediates.noindex/Nextcloud.build/Debug-iphonesimulator/Nextcloud.build/Nextcloud-own-target-headers.hmap (headermap)
2026-04-22T16:45:06.4639770Z  /Users/runner/work/tcm-storage-ios/tcm-storage-ios/build/Build/Intermediates.noindex/Nextcloud.build/Debug-iphonesimulator/Nextcloud.build/Nextcloud-all-non-framework-target-headers.hmap (headermap)
2026-04-22T16:45:06.4640100Z  /Users/runner/work/tcm-storage-ios/tcm-storage-ios/build/SourcePackages/checkouts/swift-nio-ssl/Sources/CNIOBoringSSLShims/include
2026-04-22T16:45:06.4640400Z  /Users/runner/work/tcm-storage-ios/tcm-storage-ios/build/SourcePackages/checkouts/swift-nio-ssl/Sources/CNIOBoringSSL/include
2026-04-22T16:45:06.4640700Z  /Users/runner/work/tcm-storage-ios/tcm-storage-ios/build/SourcePackages/checkouts/swift-atomics/Sources/_AtomicsShims/include
2026-04-22T16:45:06.4640980Z  /Users/runner/work/tcm-storage-ios/tcm-storage-ios/build/SourcePackages/checkouts/swift-nio/Sources/CNIOPosix/include
2026-04-22T16:45:06.4641250Z  /Users/runner/work/tcm-storage-ios/tcm-storage-ios/build/SourcePackages/checkouts/swift-nio/Sources/CNIOWASI/include
2026-04-22T16:45:06.4641540Z  /Users/runner/work/tcm-storage-ios/tcm-storage-ios/build/SourcePackages/checkouts/swift-nio/Sources/CNIOWindows/include
2026-04-22T16:45:06.4641810Z  /Users/runner/work/tcm-storage-ios/tcm-storage-ios/build/SourcePackages/checkouts/swift-nio/Sources/CNIOLinux/include
2026-04-22T16:45:06.4642090Z  /Users/runner/work/tcm-storage-ios/tcm-storage-ios/build/SourcePackages/checkouts/swift-nio/Sources/CNIODarwin/include
2026-04-22T16:45:06.4642360Z  /Users/runner/work/tcm-storage-ios/tcm-storage-ios/build/SourcePackages/checkouts/swift-nio/Sources/CNIOOpenBSD/include
2026-04-22T16:45:06.4642650Z  /Users/runner/work/tcm-storage-ios/tcm-storage-ios/build/SourcePackages/checkouts/swift-nio/Sources/CNIOAtomics/include
2026-04-22T16:45:06.4642870Z  /Users/runner/work/tcm-storage-ios/tcm-storage-ios/build/SourcePackages/checkouts/realm-core/src
2026-04-22T16:45:06.4643140Z  /Users/runner/work/tcm-storage-ios/tcm-storage-ios/build/SourcePackages/checkouts/realm-core/src/external/s2
2026-04-22T16:45:06.4643490Z  /Users/runner/work/tcm-storage-ios/tcm-storage-ios/build/SourcePackages/checkouts/realm-core/src/external/IntelRDFPMathLib20U2/LIBRARY/src
2026-04-22T16:45:06.4643760Z  /Users/runner/work/tcm-storage-ios/tcm-storage-ios/build/SourcePackages/checkouts/realm-core/src/spm
2026-04-22T16:45:06.4644010Z  /Users/runner/work/tcm-storage-ios/tcm-storage-ios/build/SourcePackages/checkouts/realm-swift/include
2026-04-22T16:45:06.4644420Z  /Users/runner/work/tcm-storage-ios/tcm-storage-ios/build/SourcePackages/checkouts/GoogleUtilities/GoogleUtilities/NSData+zlib/Public
2026-04-22T16:45:06.4644720Z  /Users/runner/work/tcm-storage-ios/tcm-storage-ios/build/SourcePackages/checkouts/GoogleUtilities/GoogleUtilities/Logger/Public
2026-04-22T16:45:06.4645990Z  /Users/runner/work/tcm-storage-ios/tcm-storage-ios/build/SourcePackages/checkouts/GoogleUtilities/GoogleUtilities/Environment/Public
2026-04-22T16:45:06.4646350Z  /Users/runner/work/tcm-storage-ios/tcm-storage-ios/build/SourcePackages/checkouts/GoogleUtilities/third_party/IsAppEncrypted/Public
2026-04-22T16:45:06.4646680Z  /Users/runner/work/tcm-storage-ios/tcm-storage-ios/build/SourcePackages/checkouts/GoogleUtilities/GoogleUtilities/UserDefaults/Public
2026-04-22T16:45:06.4647010Z  /Users/runner/work/tcm-storage-ios/tcm-storage-ios/build/SourcePackages/checkouts/nanopb/spm_headers
2026-04-22T16:45:06.4647640Z  /Users/runner/work/tcm-storage-ios/tcm-storage-ios/build/SourcePackages/checkouts/promises/Sources/FBLPromises/include
2026-04-22T16:45:06.4648010Z  /Users/runner/work/tcm-storage-ios/tcm-storage-ios/build/SourcePackages/checkouts/GoogleDataTransport/GoogleDataTransport/GDTCORLibrary/Public
2026-04-22T16:45:06.4648470Z  /Users/runner/work/tcm-storage-ios/tcm-storage-ios/build/SourcePackages/checkouts/firebase-ios-sdk/FirebaseSessions/SourcesObjC
2026-04-22T16:45:06.4648820Z  /Users/runner/work/tcm-storage-ios/tcm-storage-ios/build/SourcePackages/checkouts/firebase-ios-sdk/FirebaseCore/Extension
2026-04-22T16:45:06.4649320Z  /Users/runner/work/tcm-storage-ios/tcm-storage-ios/build/SourcePackages/checkouts/firebase-ios-sdk/FirebaseInstallations/Source/Library/Public
2026-04-22T16:45:06.4649630Z  /Users/runner/work/tcm-storage-ios/tcm-storage-ios/build/SourcePackages/checkouts/firebase-ios-sdk/FirebaseCore/Sources/Public
2026-04-22T16:45:06.4649910Z  /Users/runner/work/tcm-storage-ios/tcm-storage-ios/build/SourcePackages/checkouts/firebase-ios-sdk/CoreOnly/Sources
2026-04-22T16:45:06.4650220Z  /Users/runner/work/tcm-storage-ios/tcm-storage-ios/build/SourcePackages/checkouts/firebase-ios-sdk/Crashlytics/Crashlytics/Public
2026-04-22T16:45:06.4650510Z  /Users/runner/work/tcm-storage-ios/tcm-storage-ios/build/SourcePackages/checkouts/GzipSwift/Sources/system-zlib/include
2026-04-22T16:45:06.4650910Z  /Users/runner/work/tcm-storage-ios/tcm-storage-ios/build/Build/Intermediates.noindex/Nextcloud.build/Debug-iphonesimulator/Nextcloud.build/DerivedSources
2026-04-22T16:45:06.4651240Z  /Users/runner/work/tcm-storage-ios/tcm-storage-ios/build/Build/Products/Debug-iphonesimulator/PackageFrameworks (framework directory)
2026-04-22T16:45:06.4651520Z  /Users/runner/work/tcm-storage-ios/tcm-storage-ios/build/Build/Products/Debug-iphonesimulator (framework directory)
2026-04-22T16:45:06.4653690Z  /Applications/Xcode_26.2.app/Contents/Developer/Platforms/iPhoneSimulator.platform/Developer/Library/Frameworks (framework directory)
2026-04-22T16:45:06.4654160Z  /Applications/Xcode_26.2.app/Contents/Developer/Platforms/iPhoneSimulator.platform/Developer/SDKs/iPhoneSimulator26.2.sdk/Developer/Library/Frameworks (framework directory)
2026-04-22T16:45:06.4655950Z  /Applications/Xcode_26.2.app/Contents/Developer/Toolchains/XcodeDefault.xctoolchain/usr/lib/clang/17/include
2026-04-22T16:45:06.4656310Z  /Applications/Xcode_26.2.app/Contents/Developer/Platforms/iPhoneSimulator.platform/Developer/SDKs/iPhoneSimulator26.2.sdk/usr/include
2026-04-22T16:45:06.4656520Z  /Applications/Xcode_26.2.app/Contents/Developer/Toolchains/XcodeDefault.xctoolchain/usr/include
2026-04-22T16:45:06.4656960Z  /Applications/Xcode_26.2.app/Contents/Developer/Platforms/iPhoneSimulator.platform/Developer/SDKs/iPhoneSimulator26.2.sdk/System/Library/Frameworks (framework directory)
2026-04-22T16:45:06.4657530Z  /Applications/Xcode_26.2.app/Contents/Developer/Platforms/iPhoneSimulator.platform/Developer/SDKs/iPhoneSimulator26.2.sdk/System/Library/SubFrameworks (framework directory)
2026-04-22T16:45:06.4657590Z End of search list.
2026-04-22T16:45:06.5464380Z clang -cc1 version 17.0.0 (clang-1700.6.3.2) default target arm64-apple-darwin24.6.0
2026-04-22T16:45:06.5480070Z ignoring nonexistent directory "/Users/runner/work/tcm-storage-ios/tcm-storage-ios/build/Build/Products/Debug-iphonesimulator/include"
2026-04-22T16:45:06.5489530Z ignoring nonexistent directory "/Users/runner/work/tcm-storage-ios/tcm-storage-ios/build/Build/Intermediates.noindex/Nextcloud.build/Debug-iphonesimulator/Nextcloud.build/DerivedSources-normal/arm64"
2026-04-22T16:45:06.5491620Z ignoring nonexistent directory "/Users/runner/work/tcm-storage-ios/tcm-storage-ios/build/Build/Intermediates.noindex/Nextcloud.build/Debug-iphonesimulator/Nextcloud.build/DerivedSources/arm64"
2026-04-22T16:45:06.5494590Z ignoring nonexistent directory "/Applications/Xcode_26.2.app/Contents/Developer/Platforms/iPhoneSimulator.platform/Developer/SDKs/iPhoneSimulator26.2.sdk/usr/local/include"
2026-04-22T16:45:06.5498310Z ignoring nonexistent directory "/Applications/Xcode_26.2.app/Contents/Developer/Platforms/iPhoneSimulator.platform/Developer/SDKs/iPhoneSimulator26.2.sdk/Library/Frameworks"
2026-04-22T16:45:06.5499020Z ignoring duplicate directory "/Users/runner/work/tcm-storage-ios/tcm-storage-ios/build/Build/Products/Debug-iphonesimulator/PackageFrameworks"
2026-04-22T16:45:06.5499560Z ignoring duplicate directory "/Users/runner/work/tcm-storage-ios/tcm-storage-ios/build/Build/Products/Debug-iphonesimulator/PackageFrameworks"
2026-04-22T16:45:06.5499910Z ignoring duplicate directory "/Users/runner/work/tcm-storage-ios/tcm-storage-ios/build/Build/Products/Debug-iphonesimulator/PackageFrameworks"
2026-04-22T16:45:06.5500260Z ignoring duplicate directory "/Users/runner/work/tcm-storage-ios/tcm-storage-ios/build/Build/Products/Debug-iphonesimulator/PackageFrameworks"
2026-04-22T16:45:06.5500600Z ignoring duplicate directory "/Users/runner/work/tcm-storage-ios/tcm-storage-ios/build/Build/Products/Debug-iphonesimulator/PackageFrameworks"
2026-04-22T16:45:06.5500950Z ignoring duplicate directory "/Users/runner/work/tcm-storage-ios/tcm-storage-ios/build/Build/Products/Debug-iphonesimulator/PackageFrameworks"
2026-04-22T16:45:06.5502350Z ignoring duplicate directory "/Users/runner/work/tcm-storage-ios/tcm-storage-ios/build/Build/Products/Debug-iphonesimulator/PackageFrameworks"
2026-04-22T16:45:06.5502850Z ignoring duplicate directory "/Users/runner/work/tcm-storage-ios/tcm-storage-ios/build/Build/Products/Debug-iphonesimulator/PackageFrameworks"
2026-04-22T16:45:06.5503300Z ignoring duplicate directory "/Users/runner/work/tcm-storage-ios/tcm-storage-ios/build/Build/Products/Debug-iphonesimulator/PackageFrameworks"
2026-04-22T16:45:06.5503730Z ignoring duplicate directory "/Users/runner/work/tcm-storage-ios/tcm-storage-ios/build/Build/Products/Debug-iphonesimulator/PackageFrameworks"
2026-04-22T16:45:06.5504110Z ignoring duplicate directory "/Users/runner/work/tcm-storage-ios/tcm-storage-ios/build/Build/Products/Debug-iphonesimulator/PackageFrameworks"
2026-04-22T16:45:06.5504470Z ignoring duplicate directory "/Users/runner/work/tcm-storage-ios/tcm-storage-ios/build/Build/Products/Debug-iphonesimulator/PackageFrameworks"
2026-04-22T16:45:06.5504850Z ignoring duplicate directory "/Users/runner/work/tcm-storage-ios/tcm-storage-ios/build/Build/Products/Debug-iphonesimulator/PackageFrameworks"
2026-04-22T16:45:06.5505240Z ignoring duplicate directory "/Users/runner/work/tcm-storage-ios/tcm-storage-ios/build/Build/Products/Debug-iphonesimulator/PackageFrameworks"
2026-04-22T16:45:06.5505600Z ignoring duplicate directory "/Users/runner/work/tcm-storage-ios/tcm-storage-ios/build/Build/Products/Debug-iphonesimulator/PackageFrameworks"
2026-04-22T16:45:06.5506160Z ignoring duplicate directory "/Users/runner/work/tcm-storage-ios/tcm-storage-ios/build/Build/Products/Debug-iphonesimulator/PackageFrameworks"
2026-04-22T16:45:06.5506610Z ignoring duplicate directory "/Users/runner/work/tcm-storage-ios/tcm-storage-ios/build/Build/Products/Debug-iphonesimulator/PackageFrameworks"
2026-04-22T16:45:06.5507120Z ignoring duplicate directory "/Users/runner/work/tcm-storage-ios/tcm-storage-ios/build/Build/Products/Debug-iphonesimulator/PackageFrameworks"
2026-04-22T16:45:06.5507530Z ignoring duplicate directory "/Users/runner/work/tcm-storage-ios/tcm-storage-ios/build/Build/Products/Debug-iphonesimulator/PackageFrameworks"
2026-04-22T16:45:06.5507970Z ignoring duplicate directory "/Users/runner/work/tcm-storage-ios/tcm-storage-ios/build/Build/Products/Debug-iphonesimulator/PackageFrameworks"
2026-04-22T16:45:06.5508390Z ignoring duplicate directory "/Users/runner/work/tcm-storage-ios/tcm-storage-ios/build/Build/Products/Debug-iphonesimulator/PackageFrameworks"
2026-04-22T16:45:06.5509840Z ignoring duplicate directory "/Users/runner/work/tcm-storage-ios/tcm-storage-ios/build/Build/Products/Debug-iphonesimulator/PackageFrameworks"
2026-04-22T16:45:06.5511960Z ignoring duplicate directory "/Users/runner/work/tcm-storage-ios/tcm-storage-ios/build/Build/Products/Debug-iphonesimulator/PackageFrameworks"
2026-04-22T16:45:06.5512330Z ignoring duplicate directory "/Users/runner/work/tcm-storage-ios/tcm-storage-ios/build/Build/Products/Debug-iphonesimulator/PackageFrameworks"
2026-04-22T16:45:06.5512660Z ignoring duplicate directory "/Users/runner/work/tcm-storage-ios/tcm-storage-ios/build/Build/Products/Debug-iphonesimulator/PackageFrameworks"
2026-04-22T16:45:06.5513130Z ignoring duplicate directory "/Users/runner/work/tcm-storage-ios/tcm-storage-ios/build/Build/Products/Debug-iphonesimulator/PackageFrameworks"
2026-04-22T16:45:06.5513470Z ignoring duplicate directory "/Users/runner/work/tcm-storage-ios/tcm-storage-ios/build/Build/Products/Debug-iphonesimulator/PackageFrameworks"
2026-04-22T16:45:06.5513810Z ignoring duplicate directory "/Users/runner/work/tcm-storage-ios/tcm-storage-ios/build/Build/Products/Debug-iphonesimulator/PackageFrameworks"
2026-04-22T16:45:06.5514150Z ignoring duplicate directory "/Users/runner/work/tcm-storage-ios/tcm-storage-ios/build/Build/Products/Debug-iphonesimulator/PackageFrameworks"
2026-04-22T16:45:06.5514490Z ignoring duplicate directory "/Users/runner/work/tcm-storage-ios/tcm-storage-ios/build/Build/Products/Debug-iphonesimulator/PackageFrameworks"
2026-04-22T16:45:06.5514850Z ignoring duplicate directory "/Users/runner/work/tcm-storage-ios/tcm-storage-ios/build/Build/Products/Debug-iphonesimulator/PackageFrameworks"
2026-04-22T16:45:06.5515190Z ignoring duplicate directory "/Users/runner/work/tcm-storage-ios/tcm-storage-ios/build/Build/Products/Debug-iphonesimulator/PackageFrameworks"
2026-04-22T16:45:06.5515540Z ignoring duplicate directory "/Users/runner/work/tcm-storage-ios/tcm-storage-ios/build/Build/Products/Debug-iphonesimulator/PackageFrameworks"
2026-04-22T16:45:06.5516190Z ignoring duplicate directory "/Users/runner/work/tcm-storage-ios/tcm-storage-ios/build/Build/Products/Debug-iphonesimulator/PackageFrameworks"
2026-04-22T16:45:06.5517560Z ignoring duplicate directory "/Users/runner/work/tcm-storage-ios/tcm-storage-ios/build/Build/Products/Debug-iphonesimulator/PackageFrameworks"
2026-04-22T16:45:06.5518500Z ignoring duplicate directory "/Users/runner/work/tcm-storage-ios/tcm-storage-ios/build/Build/Products/Debug-iphonesimulator/PackageFrameworks"
2026-04-22T16:45:06.5519450Z ignoring duplicate directory "/Users/runner/work/tcm-storage-ios/tcm-storage-ios/build/Build/Products/Debug-iphonesimulator/PackageFrameworks"
2026-04-22T16:45:06.5520410Z ignoring duplicate directory "/Users/runner/work/tcm-storage-ios/tcm-storage-ios/build/Build/Products/Debug-iphonesimulator/PackageFrameworks"
2026-04-22T16:45:06.5522510Z ignoring duplicate directory "/Users/runner/work/tcm-storage-ios/tcm-storage-ios/build/Build/Products/Debug-iphonesimulator/PackageFrameworks"
2026-04-22T16:45:06.5523860Z ignoring duplicate directory "/Users/runner/work/tcm-storage-ios/tcm-storage-ios/build/Build/Products/Debug-iphonesimulator/PackageFrameworks"
2026-04-22T16:45:06.5524820Z ignoring duplicate directory "/Users/runner/work/tcm-storage-ios/tcm-storage-ios/build/Build/Products/Debug-iphonesimulator/PackageFrameworks"
2026-04-22T16:45:06.5527610Z ignoring duplicate directory "/Users/runner/work/tcm-storage-ios/tcm-storage-ios/build/Build/Products/Debug-iphonesimulator/PackageFrameworks"
2026-04-22T16:45:06.5532000Z ignoring duplicate directory "/Users/runner/work/tcm-storage-ios/tcm-storage-ios/build/Build/Products/Debug-iphonesimulator/PackageFrameworks"
2026-04-22T16:45:06.5532550Z ignoring duplicate directory "/Users/runner/work/tcm-storage-ios/tcm-storage-ios/build/Build/Products/Debug-iphonesimulator/PackageFrameworks"
2026-04-22T16:45:06.5532980Z ignoring duplicate directory "/Users/runner/work/tcm-storage-ios/tcm-storage-ios/build/Build/Products/Debug-iphonesimulator/PackageFrameworks"
2026-04-22T16:45:06.5533360Z ignoring duplicate directory "/Users/runner/work/tcm-storage-ios/tcm-storage-ios/build/Build/Products/Debug-iphonesimulator/PackageFrameworks"
2026-04-22T16:45:06.5533930Z ignoring duplicate directory "/Users/runner/work/tcm-storage-ios/tcm-storage-ios/build/Build/Products/Debug-iphonesimulator/PackageFrameworks"
2026-04-22T16:45:06.5534450Z ignoring duplicate directory "/Users/runner/work/tcm-storage-ios/tcm-storage-ios/build/Build/Products/Debug-iphonesimulator/PackageFrameworks"
2026-04-22T16:45:06.5535200Z ignoring duplicate directory "/Users/runner/work/tcm-storage-ios/tcm-storage-ios/build/Build/Products/Debug-iphonesimulator/PackageFrameworks"
2026-04-22T16:45:06.5535720Z ignoring duplicate directory "/Users/runner/work/tcm-storage-ios/tcm-storage-ios/build/Build/Products/Debug-iphonesimulator/PackageFrameworks"
2026-04-22T16:45:06.5536210Z ignoring duplicate directory "/Users/runner/work/tcm-storage-ios/tcm-storage-ios/build/Build/Products/Debug-iphonesimulator/PackageFrameworks"
2026-04-22T16:45:06.5536980Z ignoring duplicate directory "/Users/runner/work/tcm-storage-ios/tcm-storage-ios/build/Build/Products/Debug-iphonesimulator/PackageFrameworks"
2026-04-22T16:45:06.5537330Z ignoring duplicate directory "/Users/runner/work/tcm-storage-ios/tcm-storage-ios/build/Build/Products/Debug-iphonesimulator/PackageFrameworks"
2026-04-22T16:45:06.5537670Z ignoring duplicate directory "/Users/runner/work/tcm-storage-ios/tcm-storage-ios/build/Build/Products/Debug-iphonesimulator/PackageFrameworks"
2026-04-22T16:45:06.5538030Z ignoring duplicate directory "/Users/runner/work/tcm-storage-ios/tcm-storage-ios/build/Build/Products/Debug-iphonesimulator/PackageFrameworks"
2026-04-22T16:45:06.5538370Z ignoring duplicate directory "/Users/runner/work/tcm-storage-ios/tcm-storage-ios/build/Build/Products/Debug-iphonesimulator/PackageFrameworks"
2026-04-22T16:45:06.5538700Z ignoring duplicate directory "/Users/runner/work/tcm-storage-ios/tcm-storage-ios/build/Build/Products/Debug-iphonesimulator/PackageFrameworks"
2026-04-22T16:45:06.5539050Z ignoring duplicate directory "/Users/runner/work/tcm-storage-ios/tcm-storage-ios/build/Build/Products/Debug-iphonesimulator/PackageFrameworks"
2026-04-22T16:45:06.5539380Z ignoring duplicate directory "/Users/runner/work/tcm-storage-ios/tcm-storage-ios/build/Build/Products/Debug-iphonesimulator/PackageFrameworks"
2026-04-22T16:45:06.5539730Z ignoring duplicate directory "/Users/runner/work/tcm-storage-ios/tcm-storage-ios/build/Build/Products/Debug-iphonesimulator/PackageFrameworks"
2026-04-22T16:45:06.5540070Z ignoring duplicate directory "/Users/runner/work/tcm-storage-ios/tcm-storage-ios/build/Build/Products/Debug-iphonesimulator/PackageFrameworks"
2026-04-22T16:45:06.5540530Z ignoring duplicate directory "/Users/runner/work/tcm-storage-ios/tcm-storage-ios/build/Build/Products/Debug-iphonesimulator/PackageFrameworks"
2026-04-22T16:45:06.5540860Z ignoring duplicate directory "/Users/runner/work/tcm-storage-ios/tcm-storage-ios/build/Build/Products/Debug-iphonesimulator/PackageFrameworks"
2026-04-22T16:45:06.5541300Z ignoring duplicate directory "/Users/runner/work/tcm-storage-ios/tcm-storage-ios/build/Build/Products/Debug-iphonesimulator/PackageFrameworks"
2026-04-22T16:45:06.5541630Z ignoring duplicate directory "/Users/runner/work/tcm-storage-ios/tcm-storage-ios/build/Build/Products/Debug-iphonesimulator/PackageFrameworks"
2026-04-22T16:45:06.5541950Z ignoring duplicate directory "/Users/runner/work/tcm-storage-ios/tcm-storage-ios/build/Build/Products/Debug-iphonesimulator/PackageFrameworks"
2026-04-22T16:45:06.5542630Z ignoring duplicate directory "/Users/runner/work/tcm-storage-ios/tcm-storage-ios/build/Build/Products/Debug-iphonesimulator/PackageFrameworks"
2026-04-22T16:45:06.5542980Z ignoring duplicate directory "/Users/runner/work/tcm-storage-ios/tcm-storage-ios/build/Build/Products/Debug-iphonesimulator/PackageFrameworks"
2026-04-22T16:45:06.5543340Z ignoring duplicate directory "/Users/runner/work/tcm-storage-ios/tcm-storage-ios/build/Build/Products/Debug-iphonesimulator/PackageFrameworks"
2026-04-22T16:45:06.5543820Z ignoring duplicate directory "/Users/runner/work/tcm-storage-ios/tcm-storage-ios/build/Build/Products/Debug-iphonesimulator/PackageFrameworks"
2026-04-22T16:45:06.5546320Z ignoring duplicate directory "/Users/runner/work/tcm-storage-ios/tcm-storage-ios/build/Build/Products/Debug-iphonesimulator/PackageFrameworks"
2026-04-22T16:45:06.5546690Z ignoring duplicate directory "/Users/runner/work/tcm-storage-ios/tcm-storage-ios/build/Build/Products/Debug-iphonesimulator/PackageFrameworks"
2026-04-22T16:45:06.5547150Z ignoring duplicate directory "/Users/runner/work/tcm-storage-ios/tcm-storage-ios/build/Build/Products/Debug-iphonesimulator/PackageFrameworks"
2026-04-22T16:45:06.5547600Z ignoring duplicate directory "/Users/runner/work/tcm-storage-ios/tcm-storage-ios/build/Build/Products/Debug-iphonesimulator/PackageFrameworks"
2026-04-22T16:45:06.5547950Z ignoring duplicate directory "/Users/runner/work/tcm-storage-ios/tcm-storage-ios/build/Build/Products/Debug-iphonesimulator/PackageFrameworks"
2026-04-22T16:45:06.5548300Z ignoring duplicate directory "/Users/runner/work/tcm-storage-ios/tcm-storage-ios/build/Build/Products/Debug-iphonesimulator/PackageFrameworks"
2026-04-22T16:45:06.5548360Z #include "..." search starts here:
2026-04-22T16:45:06.5548830Z  /Users/runner/work/tcm-storage-ios/tcm-storage-ios/build/Build/Intermediates.noindex/Nextcloud.build/Debug-iphonesimulator/Nextcloud.build/Nextcloud-generated-files.hmap (headermap)
2026-04-22T16:45:06.5549290Z  /Users/runner/work/tcm-storage-ios/tcm-storage-ios/build/Build/Intermediates.noindex/Nextcloud.build/Debug-iphonesimulator/Nextcloud.build/Nextcloud-project-headers.hmap (headermap)
2026-04-22T16:45:06.5549350Z #include <...> search starts here:
2026-04-22T16:45:06.5550970Z  /Users/runner/work/tcm-storage-ios/tcm-storage-ios/build/Build/Intermediates.noindex/Nextcloud.build/Debug-iphonesimulator/Nextcloud.build/Nextcloud-own-target-headers.hmap (headermap)
2026-04-22T16:45:06.5555050Z  /Users/runner/work/tcm-storage-ios/tcm-storage-ios/build/Build/Intermediates.noindex/Nextcloud.build/Debug-iphonesimulator/Nextcloud.build/Nextcloud-all-non-framework-target-headers.hmap (headermap)
2026-04-22T16:45:06.5555400Z  /Users/runner/work/tcm-storage-ios/tcm-storage-ios/build/SourcePackages/checkouts/swift-nio-ssl/Sources/CNIOBoringSSLShims/include
2026-04-22T16:45:06.5555770Z  /Users/runner/work/tcm-storage-ios/tcm-storage-ios/build/SourcePackages/checkouts/swift-nio-ssl/Sources/CNIOBoringSSL/include
2026-04-22T16:45:06.5556060Z  /Users/runner/work/tcm-storage-ios/tcm-storage-ios/build/SourcePackages/checkouts/swift-atomics/Sources/_AtomicsShims/include
2026-04-22T16:45:06.5556330Z  /Users/runner/work/tcm-storage-ios/tcm-storage-ios/build/SourcePackages/checkouts/swift-nio/Sources/CNIOPosix/include
2026-04-22T16:45:06.5556610Z  /Users/runner/work/tcm-storage-ios/tcm-storage-ios/build/SourcePackages/checkouts/swift-nio/Sources/CNIOWASI/include
2026-04-22T16:45:06.5557050Z  /Users/runner/work/tcm-storage-ios/tcm-storage-ios/build/SourcePackages/checkouts/swift-nio/Sources/CNIOWindows/include
2026-04-22T16:45:06.5557330Z  /Users/runner/work/tcm-storage-ios/tcm-storage-ios/build/SourcePackages/checkouts/swift-nio/Sources/CNIOLinux/include
2026-04-22T16:45:06.5558900Z  /Users/runner/work/tcm-storage-ios/tcm-storage-ios/build/SourcePackages/checkouts/swift-nio/Sources/CNIODarwin/include
2026-04-22T16:45:06.5559210Z  /Users/runner/work/tcm-storage-ios/tcm-storage-ios/build/SourcePackages/checkouts/swift-nio/Sources/CNIOOpenBSD/include
2026-04-22T16:45:06.5559500Z  /Users/runner/work/tcm-storage-ios/tcm-storage-ios/build/SourcePackages/checkouts/swift-nio/Sources/CNIOAtomics/include
2026-04-22T16:45:06.5559720Z  /Users/runner/work/tcm-storage-ios/tcm-storage-ios/build/SourcePackages/checkouts/realm-core/src
2026-04-22T16:45:06.5559990Z  /Users/runner/work/tcm-storage-ios/tcm-storage-ios/build/SourcePackages/checkouts/realm-core/src/external/s2
2026-04-22T16:45:06.5560330Z  /Users/runner/work/tcm-storage-ios/tcm-storage-ios/build/SourcePackages/checkouts/realm-core/src/external/IntelRDFPMathLib20U2/LIBRARY/src
2026-04-22T16:45:06.5560700Z  /Users/runner/work/tcm-storage-ios/tcm-storage-ios/build/SourcePackages/checkouts/realm-core/src/spm
2026-04-22T16:45:06.5568240Z  /Users/runner/work/tcm-storage-ios/tcm-storage-ios/build/SourcePackages/checkouts/realm-swift/include
2026-04-22T16:45:06.5568620Z  /Users/runner/work/tcm-storage-ios/tcm-storage-ios/build/SourcePackages/checkouts/GoogleUtilities/GoogleUtilities/NSData+zlib/Public
2026-04-22T16:45:06.5569070Z  /Users/runner/work/tcm-storage-ios/tcm-storage-ios/build/SourcePackages/checkouts/GoogleUtilities/GoogleUtilities/Logger/Public
2026-04-22T16:45:06.5570930Z  /Users/runner/work/tcm-storage-ios/tcm-storage-ios/build/SourcePackages/checkouts/GoogleUtilities/GoogleUtilities/Environment/Public
2026-04-22T16:45:06.5571280Z  /Users/runner/work/tcm-storage-ios/tcm-storage-ios/build/SourcePackages/checkouts/GoogleUtilities/third_party/IsAppEncrypted/Public
2026-04-22T16:45:06.5571600Z  /Users/runner/work/tcm-storage-ios/tcm-storage-ios/build/SourcePackages/checkouts/GoogleUtilities/GoogleUtilities/UserDefaults/Public
2026-04-22T16:45:06.5571830Z  /Users/runner/work/tcm-storage-ios/tcm-storage-ios/build/SourcePackages/checkouts/nanopb/spm_headers
2026-04-22T16:45:06.5572110Z  /Users/runner/work/tcm-storage-ios/tcm-storage-ios/build/SourcePackages/checkouts/promises/Sources/FBLPromises/include
2026-04-22T16:45:06.5572470Z  /Users/runner/work/tcm-storage-ios/tcm-storage-ios/build/SourcePackages/checkouts/GoogleDataTransport/GoogleDataTransport/GDTCORLibrary/Public
2026-04-22T16:45:06.5572770Z  /Users/runner/work/tcm-storage-ios/tcm-storage-ios/build/SourcePackages/checkouts/firebase-ios-sdk/FirebaseSessions/SourcesObjC
2026-04-22T16:45:06.5573050Z  /Users/runner/work/tcm-storage-ios/tcm-storage-ios/build/SourcePackages/checkouts/firebase-ios-sdk/FirebaseCore/Extension
2026-04-22T16:45:06.5573390Z  /Users/runner/work/tcm-storage-ios/tcm-storage-ios/build/SourcePackages/checkouts/firebase-ios-sdk/FirebaseInstallations/Source/Library/Public
2026-04-22T16:45:06.5573690Z  /Users/runner/work/tcm-storage-ios/tcm-storage-ios/build/SourcePackages/checkouts/firebase-ios-sdk/FirebaseCore/Sources/Public
2026-04-22T16:45:06.5573960Z  /Users/runner/work/tcm-storage-ios/tcm-storage-ios/build/SourcePackages/checkouts/firebase-ios-sdk/CoreOnly/Sources
2026-04-22T16:45:06.5574270Z  /Users/runner/work/tcm-storage-ios/tcm-storage-ios/build/SourcePackages/checkouts/firebase-ios-sdk/Crashlytics/Crashlytics/Public
2026-04-22T16:45:06.5574540Z  /Users/runner/work/tcm-storage-ios/tcm-storage-ios/build/SourcePackages/checkouts/GzipSwift/Sources/system-zlib/include
2026-04-22T16:45:06.5574940Z  /Users/runner/work/tcm-storage-ios/tcm-storage-ios/build/Build/Intermediates.noindex/Nextcloud.build/Debug-iphonesimulator/Nextcloud.build/DerivedSources
2026-04-22T16:45:06.5576810Z  /Users/runner/work/tcm-storage-ios/tcm-storage-ios/build/Build/Products/Debug-iphonesimulator/PackageFrameworks (framework directory)
2026-04-22T16:45:06.5577260Z  /Users/runner/work/tcm-storage-ios/tcm-storage-ios/build/Build/Products/Debug-iphonesimulator (framework directory)
2026-04-22T16:45:06.5577680Z  /Applications/Xcode_26.2.app/Contents/Developer/Platforms/iPhoneSimulator.platform/Developer/Library/Frameworks (framework directory)
2026-04-22T16:45:06.5578110Z  /Applications/Xcode_26.2.app/Contents/Developer/Platforms/iPhoneSimulator.platform/Developer/SDKs/iPhoneSimulator26.2.sdk/Developer/Library/Frameworks (framework directory)
2026-04-22T16:45:06.5578350Z  /Applications/Xcode_26.2.app/Contents/Developer/Toolchains/XcodeDefault.xctoolchain/usr/lib/clang/17/include
2026-04-22T16:45:06.5578670Z  /Applications/Xcode_26.2.app/Contents/Developer/Platforms/iPhoneSimulator.platform/Developer/SDKs/iPhoneSimulator26.2.sdk/usr/include
2026-04-22T16:45:06.5578880Z  /Applications/Xcode_26.2.app/Contents/Developer/Toolchains/XcodeDefault.xctoolchain/usr/include
2026-04-22T16:45:06.5579300Z  /Applications/Xcode_26.2.app/Contents/Developer/Platforms/iPhoneSimulator.platform/Developer/SDKs/iPhoneSimulator26.2.sdk/System/Library/Frameworks (framework directory)
2026-04-22T16:45:06.5579800Z  /Applications/Xcode_26.2.app/Contents/Developer/Platforms/iPhoneSimulator.platform/Developer/SDKs/iPhoneSimulator26.2.sdk/System/Library/SubFrameworks (framework directory)
2026-04-22T16:45:06.5579860Z End of search list.
2026-04-22T16:45:06.5595090Z clang -cc1 version 17.0.0 (clang-1700.6.3.2) default target arm64-apple-darwin24.6.0
2026-04-22T16:45:06.5596230Z ignoring nonexistent directory "/Users/runner/work/tcm-storage-ios/tcm-storage-ios/build/Build/Products/Debug-iphonesimulator/include"
2026-04-22T16:45:06.5597320Z ignoring nonexistent directory "/Users/runner/work/tcm-storage-ios/tcm-storage-ios/build/Build/Intermediates.noindex/Nextcloud.build/Debug-iphonesimulator/Nextcloud.build/DerivedSources-normal/arm64"
2026-04-22T16:45:06.5597960Z ignoring nonexistent directory "/Users/runner/work/tcm-storage-ios/tcm-storage-ios/build/Build/Intermediates.noindex/Nextcloud.build/Debug-iphonesimulator/Nextcloud.build/DerivedSources/arm64"
2026-04-22T16:45:06.5598500Z ignoring nonexistent directory "/Applications/Xcode_26.2.app/Contents/Developer/Platforms/iPhoneSimulator.platform/Developer/SDKs/iPhoneSimulator26.2.sdk/usr/local/include"
2026-04-22T16:45:06.5599020Z ignoring nonexistent directory "/Applications/Xcode_26.2.app/Contents/Developer/Platforms/iPhoneSimulator.platform/Developer/SDKs/iPhoneSimulator26.2.sdk/Library/Frameworks"
2026-04-22T16:45:06.5599460Z ignoring duplicate directory "/Users/runner/work/tcm-storage-ios/tcm-storage-ios/build/Build/Products/Debug-iphonesimulator/PackageFrameworks"
2026-04-22T16:45:06.5599800Z ignoring duplicate directory "/Users/runner/work/tcm-storage-ios/tcm-storage-ios/build/Build/Products/Debug-iphonesimulator/PackageFrameworks"
2026-04-22T16:45:06.5600130Z ignoring duplicate directory "/Users/runner/work/tcm-storage-ios/tcm-storage-ios/build/Build/Products/Debug-iphonesimulator/PackageFrameworks"
2026-04-22T16:45:06.5600470Z ignoring duplicate directory "/Users/runner/work/tcm-storage-ios/tcm-storage-ios/build/Build/Products/Debug-iphonesimulator/PackageFrameworks"
2026-04-22T16:45:06.5600810Z ignoring duplicate directory "/Users/runner/work/tcm-storage-ios/tcm-storage-ios/build/Build/Products/Debug-iphonesimulator/PackageFrameworks"
2026-04-22T16:45:06.5601130Z ignoring duplicate directory "/Users/runner/work/tcm-storage-ios/tcm-storage-ios/build/Build/Products/Debug-iphonesimulator/PackageFrameworks"
2026-04-22T16:45:06.5601800Z ignoring duplicate directory "/Users/runner/work/tcm-storage-ios/tcm-storage-ios/build/Build/Products/Debug-iphonesimulator/PackageFrameworks"
2026-04-22T16:45:06.5602200Z ignoring duplicate directory "/Users/runner/work/tcm-storage-ios/tcm-storage-ios/build/Build/Products/Debug-iphonesimulator/PackageFrameworks"
2026-04-22T16:45:06.5602540Z ignoring duplicate directory "/Users/runner/work/tcm-storage-ios/tcm-storage-ios/build/Build/Products/Debug-iphonesimulator/PackageFrameworks"
2026-04-22T16:45:06.5603080Z ignoring duplicate directory "/Users/runner/work/tcm-storage-ios/tcm-storage-ios/build/Build/Products/Debug-iphonesimulator/PackageFrameworks"
2026-04-22T16:45:06.5603420Z ignoring duplicate directory "/Users/runner/work/tcm-storage-ios/tcm-storage-ios/build/Build/Products/Debug-iphonesimulator/PackageFrameworks"
2026-04-22T16:45:06.5604340Z ignoring duplicate directory "/Users/runner/work/tcm-storage-ios/tcm-storage-ios/build/Build/Products/Debug-iphonesimulator/PackageFrameworks"
2026-04-22T16:45:06.5604690Z ignoring duplicate directory "/Users/runner/work/tcm-storage-ios/tcm-storage-ios/build/Build/Products/Debug-iphonesimulator/PackageFrameworks"
2026-04-22T16:45:06.5605020Z ignoring duplicate directory "/Users/runner/work/tcm-storage-ios/tcm-storage-ios/build/Build/Products/Debug-iphonesimulator/PackageFrameworks"
2026-04-22T16:45:06.5606040Z ignoring duplicate directory "/Users/runner/work/tcm-storage-ios/tcm-storage-ios/build/Build/Products/Debug-iphonesimulator/PackageFrameworks"
2026-04-22T16:45:06.5606390Z ignoring duplicate directory "/Users/runner/work/tcm-storage-ios/tcm-storage-ios/build/Build/Products/Debug-iphonesimulator/PackageFrameworks"
2026-04-22T16:45:06.5606820Z ignoring duplicate directory "/Users/runner/work/tcm-storage-ios/tcm-storage-ios/build/Build/Products/Debug-iphonesimulator/PackageFrameworks"
2026-04-22T16:45:06.5607800Z ignoring duplicate directory "/Users/runner/work/tcm-storage-ios/tcm-storage-ios/build/Build/Products/Debug-iphonesimulator/PackageFrameworks"
2026-04-22T16:45:06.5608130Z ignoring duplicate directory "/Users/runner/work/tcm-storage-ios/tcm-storage-ios/build/Build/Products/Debug-iphonesimulator/PackageFrameworks"
2026-04-22T16:45:06.5608610Z ignoring duplicate directory "/Users/runner/work/tcm-storage-ios/tcm-storage-ios/build/Build/Products/Debug-iphonesimulator/PackageFrameworks"
2026-04-22T16:45:06.5608940Z ignoring duplicate directory "/Users/runner/work/tcm-storage-ios/tcm-storage-ios/build/Build/Products/Debug-iphonesimulator/PackageFrameworks"
2026-04-22T16:45:06.5609400Z ignoring duplicate directory "/Users/runner/work/tcm-storage-ios/tcm-storage-ios/build/Build/Products/Debug-iphonesimulator/PackageFrameworks"
2026-04-22T16:45:06.5609740Z ignoring duplicate directory "/Users/runner/work/tcm-storage-ios/tcm-storage-ios/build/Build/Products/Debug-iphonesimulator/PackageFrameworks"
2026-04-22T16:45:06.5610080Z ignoring duplicate directory "/Users/runner/work/tcm-storage-ios/tcm-storage-ios/build/Build/Products/Debug-iphonesimulator/PackageFrameworks"
2026-04-22T16:45:06.5610410Z ignoring duplicate directory "/Users/runner/work/tcm-storage-ios/tcm-storage-ios/build/Build/Products/Debug-iphonesimulator/PackageFrameworks"
2026-04-22T16:45:06.5614570Z ignoring duplicate directory "/Users/runner/work/tcm-storage-ios/tcm-storage-ios/build/Build/Products/Debug-iphonesimulator/PackageFrameworks"
2026-04-22T16:45:06.5615620Z ignoring duplicate directory "/Users/runner/work/tcm-storage-ios/tcm-storage-ios/build/Build/Products/Debug-iphonesimulator/PackageFrameworks"
2026-04-22T16:45:06.5616620Z ignoring duplicate directory "/Users/runner/work/tcm-storage-ios/tcm-storage-ios/build/Build/Products/Debug-iphonesimulator/PackageFrameworks"
2026-04-22T16:45:06.5617630Z ignoring duplicate directory "/Users/runner/work/tcm-storage-ios/tcm-storage-ios/build/Build/Products/Debug-iphonesimulator/PackageFrameworks"
2026-04-22T16:45:06.5620330Z ignoring duplicate directory "/Users/runner/work/tcm-storage-ios/tcm-storage-ios/build/Build/Products/Debug-iphonesimulator/PackageFrameworks"
2026-04-22T16:45:06.5620740Z ignoring duplicate directory "/Users/runner/work/tcm-storage-ios/tcm-storage-ios/build/Build/Products/Debug-iphonesimulator/PackageFrameworks"
2026-04-22T16:45:06.5621100Z ignoring duplicate directory "/Users/runner/work/tcm-storage-ios/tcm-storage-ios/build/Build/Products/Debug-iphonesimulator/PackageFrameworks"
2026-04-22T16:45:06.5621440Z ignoring duplicate directory "/Users/runner/work/tcm-storage-ios/tcm-storage-ios/build/Build/Products/Debug-iphonesimulator/PackageFrameworks"
2026-04-22T16:45:06.5621910Z ignoring duplicate directory "/Users/runner/work/tcm-storage-ios/tcm-storage-ios/build/Build/Products/Debug-iphonesimulator/PackageFrameworks"
2026-04-22T16:45:06.5622260Z ignoring duplicate directory "/Users/runner/work/tcm-storage-ios/tcm-storage-ios/build/Build/Products/Debug-iphonesimulator/PackageFrameworks"
2026-04-22T16:45:06.5622600Z ignoring duplicate directory "/Users/runner/work/tcm-storage-ios/tcm-storage-ios/build/Build/Products/Debug-iphonesimulator/PackageFrameworks"
2026-04-22T16:45:06.5622940Z ignoring duplicate directory "/Users/runner/work/tcm-storage-ios/tcm-storage-ios/build/Build/Products/Debug-iphonesimulator/PackageFrameworks"
2026-04-22T16:45:06.5623550Z ignoring duplicate directory "/Users/runner/work/tcm-storage-ios/tcm-storage-ios/build/Build/Products/Debug-iphonesimulator/PackageFrameworks"
2026-04-22T16:45:06.5623910Z ignoring duplicate directory "/Users/runner/work/tcm-storage-ios/tcm-storage-ios/build/Build/Products/Debug-iphonesimulator/PackageFrameworks"
2026-04-22T16:45:06.5624250Z ignoring duplicate directory "/Users/runner/work/tcm-storage-ios/tcm-storage-ios/build/Build/Products/Debug-iphonesimulator/PackageFrameworks"
2026-04-22T16:45:06.5624730Z ignoring duplicate directory "/Users/runner/work/tcm-storage-ios/tcm-storage-ios/build/Build/Products/Debug-iphonesimulator/PackageFrameworks"
2026-04-22T16:45:06.5625080Z ignoring duplicate directory "/Users/runner/work/tcm-storage-ios/tcm-storage-ios/build/Build/Products/Debug-iphonesimulator/PackageFrameworks"
2026-04-22T16:45:06.5625610Z ignoring duplicate directory "/Users/runner/work/tcm-storage-ios/tcm-storage-ios/build/Build/Products/Debug-iphonesimulator/PackageFrameworks"
2026-04-22T16:45:06.5626000Z ignoring duplicate directory "/Users/runner/work/tcm-storage-ios/tcm-storage-ios/build/Build/Products/Debug-iphonesimulator/PackageFrameworks"
2026-04-22T16:45:06.5626330Z ignoring duplicate directory "/Users/runner/work/tcm-storage-ios/tcm-storage-ios/build/Build/Products/Debug-iphonesimulator/PackageFrameworks"
2026-04-22T16:45:06.5626730Z ignoring duplicate directory "/Users/runner/work/tcm-storage-ios/tcm-storage-ios/build/Build/Products/Debug-iphonesimulator/PackageFrameworks"
2026-04-22T16:45:06.5627080Z ignoring duplicate directory "/Users/runner/work/tcm-storage-ios/tcm-storage-ios/build/Build/Products/Debug-iphonesimulator/PackageFrameworks"
2026-04-22T16:45:06.5627410Z ignoring duplicate directory "/Users/runner/work/tcm-storage-ios/tcm-storage-ios/build/Build/Products/Debug-iphonesimulator/PackageFrameworks"
2026-04-22T16:45:06.5627770Z ignoring duplicate directory "/Users/runner/work/tcm-storage-ios/tcm-storage-ios/build/Build/Products/Debug-iphonesimulator/PackageFrameworks"
2026-04-22T16:45:06.5628110Z ignoring duplicate directory "/Users/runner/work/tcm-storage-ios/tcm-storage-ios/build/Build/Products/Debug-iphonesimulator/PackageFrameworks"
2026-04-22T16:45:06.5628450Z ignoring duplicate directory "/Users/runner/work/tcm-storage-ios/tcm-storage-ios/build/Build/Products/Debug-iphonesimulator/PackageFrameworks"
2026-04-22T16:45:06.5628780Z ignoring duplicate directory "/Users/runner/work/tcm-storage-ios/tcm-storage-ios/build/Build/Products/Debug-iphonesimulator/PackageFrameworks"
2026-04-22T16:45:06.5629110Z ignoring duplicate directory "/Users/runner/work/tcm-storage-ios/tcm-storage-ios/build/Build/Products/Debug-iphonesimulator/PackageFrameworks"
2026-04-22T16:45:06.5629470Z ignoring duplicate directory "/Users/runner/work/tcm-storage-ios/tcm-storage-ios/build/Build/Products/Debug-iphonesimulator/PackageFrameworks"
2026-04-22T16:45:06.5629810Z ignoring duplicate directory "/Users/runner/work/tcm-storage-ios/tcm-storage-ios/build/Build/Products/Debug-iphonesimulator/PackageFrameworks"
2026-04-22T16:45:06.5630150Z ignoring duplicate directory "/Users/runner/work/tcm-storage-ios/tcm-storage-ios/build/Build/Products/Debug-iphonesimulator/PackageFrameworks"
2026-04-22T16:45:06.5630480Z ignoring duplicate directory "/Users/runner/work/tcm-storage-ios/tcm-storage-ios/build/Build/Products/Debug-iphonesimulator/PackageFrameworks"
2026-04-22T16:45:06.5631000Z ignoring duplicate directory "/Users/runner/work/tcm-storage-ios/tcm-storage-ios/build/Build/Products/Debug-iphonesimulator/PackageFrameworks"
2026-04-22T16:45:06.5631320Z ignoring duplicate directory "/Users/runner/work/tcm-storage-ios/tcm-storage-ios/build/Build/Products/Debug-iphonesimulator/PackageFrameworks"
2026-04-22T16:45:06.5631690Z ignoring duplicate directory "/Users/runner/work/tcm-storage-ios/tcm-storage-ios/build/Build/Products/Debug-iphonesimulator/PackageFrameworks"
2026-04-22T16:45:06.5632040Z ignoring duplicate directory "/Users/runner/work/tcm-storage-ios/tcm-storage-ios/build/Build/Products/Debug-iphonesimulator/PackageFrameworks"
2026-04-22T16:45:06.5632380Z ignoring duplicate directory "/Users/runner/work/tcm-storage-ios/tcm-storage-ios/build/Build/Products/Debug-iphonesimulator/PackageFrameworks"
2026-04-22T16:45:06.5632710Z ignoring duplicate directory "/Users/runner/work/tcm-storage-ios/tcm-storage-ios/build/Build/Products/Debug-iphonesimulator/PackageFrameworks"
2026-04-22T16:45:06.5633140Z ignoring duplicate directory "/Users/runner/work/tcm-storage-ios/tcm-storage-ios/build/Build/Products/Debug-iphonesimulator/PackageFrameworks"
2026-04-22T16:45:06.5633490Z ignoring duplicate directory "/Users/runner/work/tcm-storage-ios/tcm-storage-ios/build/Build/Products/Debug-iphonesimulator/PackageFrameworks"
2026-04-22T16:45:06.5633830Z ignoring duplicate directory "/Users/runner/work/tcm-storage-ios/tcm-storage-ios/build/Build/Products/Debug-iphonesimulator/PackageFrameworks"
2026-04-22T16:45:06.5634220Z ignoring duplicate directory "/Users/runner/work/tcm-storage-ios/tcm-storage-ios/build/Build/Products/Debug-iphonesimulator/PackageFrameworks"
2026-04-22T16:45:06.5634600Z ignoring duplicate directory "/Users/runner/work/tcm-storage-ios/tcm-storage-ios/build/Build/Products/Debug-iphonesimulator/PackageFrameworks"
2026-04-22T16:45:06.5634940Z ignoring duplicate directory "/Users/runner/work/tcm-storage-ios/tcm-storage-ios/build/Build/Products/Debug-iphonesimulator/PackageFrameworks"
2026-04-22T16:45:06.5635310Z ignoring duplicate directory "/Users/runner/work/tcm-storage-ios/tcm-storage-ios/build/Build/Products/Debug-iphonesimulator/PackageFrameworks"
2026-04-22T16:45:06.5635650Z ignoring duplicate directory "/Users/runner/work/tcm-storage-ios/tcm-storage-ios/build/Build/Products/Debug-iphonesimulator/PackageFrameworks"
2026-04-22T16:45:06.5636010Z ignoring duplicate directory "/Users/runner/work/tcm-storage-ios/tcm-storage-ios/build/Build/Products/Debug-iphonesimulator/PackageFrameworks"
2026-04-22T16:45:06.5636940Z ignoring duplicate directory "/Users/runner/work/tcm-storage-ios/tcm-storage-ios/build/Build/Products/Debug-iphonesimulator/PackageFrameworks"
2026-04-22T16:45:06.5637300Z ignoring duplicate directory "/Users/runner/work/tcm-storage-ios/tcm-storage-ios/build/Build/Products/Debug-iphonesimulator/PackageFrameworks"
2026-04-22T16:45:06.5637630Z ignoring duplicate directory "/Users/runner/work/tcm-storage-ios/tcm-storage-ios/build/Build/Products/Debug-iphonesimulator/PackageFrameworks"
2026-04-22T16:45:06.5637970Z ignoring duplicate directory "/Users/runner/work/tcm-storage-ios/tcm-storage-ios/build/Build/Products/Debug-iphonesimulator/PackageFrameworks"
2026-04-22T16:45:06.5638030Z #include "..." search starts here:
2026-04-22T16:45:06.5638500Z  /Users/runner/work/tcm-storage-ios/tcm-storage-ios/build/Build/Intermediates.noindex/Nextcloud.build/Debug-iphonesimulator/Nextcloud.build/Nextcloud-generated-files.hmap (headermap)
2026-04-22T16:45:06.5639110Z  /Users/runner/work/tcm-storage-ios/tcm-storage-ios/build/Build/Intermediates.noindex/Nextcloud.build/Debug-iphonesimulator/Nextcloud.build/Nextcloud-project-headers.hmap (headermap)
2026-04-22T16:45:06.5639200Z #include <...> search starts here:
2026-04-22T16:45:06.5639790Z  /Users/runner/work/tcm-storage-ios/tcm-storage-ios/build/Build/Intermediates.noindex/Nextcloud.build/Debug-iphonesimulator/Nextcloud.build/Nextcloud-own-target-headers.hmap (headermap)
2026-04-22T16:45:06.5640540Z  /Users/runner/work/tcm-storage-ios/tcm-storage-ios/build/Build/Intermediates.noindex/Nextcloud.build/Debug-iphonesimulator/Nextcloud.build/Nextcloud-all-non-framework-target-headers.hmap (headermap)
2026-04-22T16:45:06.5640870Z  /Users/runner/work/tcm-storage-ios/tcm-storage-ios/build/SourcePackages/checkouts/swift-nio-ssl/Sources/CNIOBoringSSLShims/include
2026-04-22T16:45:06.5641180Z  /Users/runner/work/tcm-storage-ios/tcm-storage-ios/build/SourcePackages/checkouts/swift-nio-ssl/Sources/CNIOBoringSSL/include
2026-04-22T16:45:06.5641480Z  /Users/runner/work/tcm-storage-ios/tcm-storage-ios/build/SourcePackages/checkouts/swift-atomics/Sources/_AtomicsShims/include
2026-04-22T16:45:06.5641790Z  /Users/runner/work/tcm-storage-ios/tcm-storage-ios/build/SourcePackages/checkouts/swift-nio/Sources/CNIOPosix/include
2026-04-22T16:45:06.5642070Z  /Users/runner/work/tcm-storage-ios/tcm-storage-ios/build/SourcePackages/checkouts/swift-nio/Sources/CNIOWASI/include
2026-04-22T16:45:06.5642380Z  /Users/runner/work/tcm-storage-ios/tcm-storage-ios/build/SourcePackages/checkouts/swift-nio/Sources/CNIOWindows/include
2026-04-22T16:45:06.5642730Z  /Users/runner/work/tcm-storage-ios/tcm-storage-ios/build/SourcePackages/checkouts/swift-nio/Sources/CNIOLinux/include
2026-04-22T16:45:06.5643030Z  /Users/runner/work/tcm-storage-ios/tcm-storage-ios/build/SourcePackages/checkouts/swift-nio/Sources/CNIODarwin/include
2026-04-22T16:45:06.5643290Z  /Users/runner/work/tcm-storage-ios/tcm-storage-ios/build/SourcePackages/checkouts/swift-nio/Sources/CNIOOpenBSD/include
2026-04-22T16:45:06.5643660Z  /Users/runner/work/tcm-storage-ios/tcm-storage-ios/build/SourcePackages/checkouts/swift-nio/Sources/CNIOAtomics/include
2026-04-22T16:45:06.5643930Z  /Users/runner/work/tcm-storage-ios/tcm-storage-ios/build/SourcePackages/checkouts/realm-core/src
2026-04-22T16:45:06.5644190Z  /Users/runner/work/tcm-storage-ios/tcm-storage-ios/build/SourcePackages/checkouts/realm-core/src/external/s2
2026-04-22T16:45:06.5644620Z  /Users/runner/work/tcm-storage-ios/tcm-storage-ios/build/SourcePackages/checkouts/realm-core/src/external/IntelRDFPMathLib20U2/LIBRARY/src
2026-04-22T16:45:06.5644850Z  /Users/runner/work/tcm-storage-ios/tcm-storage-ios/build/SourcePackages/checkouts/realm-core/src/spm
2026-04-22T16:45:06.5645080Z  /Users/runner/work/tcm-storage-ios/tcm-storage-ios/build/SourcePackages/checkouts/realm-swift/include
2026-04-22T16:45:06.5645400Z  /Users/runner/work/tcm-storage-ios/tcm-storage-ios/build/SourcePackages/checkouts/GoogleUtilities/GoogleUtilities/NSData+zlib/Public
2026-04-22T16:45:06.5645720Z  /Users/runner/work/tcm-storage-ios/tcm-storage-ios/build/SourcePackages/checkouts/GoogleUtilities/GoogleUtilities/Logger/Public
2026-04-22T16:45:06.5646810Z  /Users/runner/work/tcm-storage-ios/tcm-storage-ios/build/SourcePackages/checkouts/GoogleUtilities/GoogleUtilities/Environment/Public
2026-04-22T16:45:06.5647870Z  /Users/runner/work/tcm-storage-ios/tcm-storage-ios/build/SourcePackages/checkouts/GoogleUtilities/third_party/IsAppEncrypted/Public
2026-04-22T16:45:06.5649030Z  /Users/runner/work/tcm-storage-ios/tcm-storage-ios/build/SourcePackages/checkouts/GoogleUtilities/GoogleUtilities/UserDefaults/Public
2026-04-22T16:45:06.5649310Z  /Users/runner/work/tcm-storage-ios/tcm-storage-ios/build/SourcePackages/checkouts/nanopb/spm_headers
2026-04-22T16:45:06.5649600Z  /Users/runner/work/tcm-storage-ios/tcm-storage-ios/build/SourcePackages/checkouts/promises/Sources/FBLPromises/include
2026-04-22T16:45:06.5649950Z  /Users/runner/work/tcm-storage-ios/tcm-storage-ios/build/SourcePackages/checkouts/GoogleDataTransport/GoogleDataTransport/GDTCORLibrary/Public
2026-04-22T16:45:06.5650280Z  /Users/runner/work/tcm-storage-ios/tcm-storage-ios/build/SourcePackages/checkouts/firebase-ios-sdk/FirebaseSessions/SourcesObjC
2026-04-22T16:45:06.5650560Z  /Users/runner/work/tcm-storage-ios/tcm-storage-ios/build/SourcePackages/checkouts/firebase-ios-sdk/FirebaseCore/Extension
2026-04-22T16:45:06.5651320Z  /Users/runner/work/tcm-storage-ios/tcm-storage-ios/build/SourcePackages/checkouts/firebase-ios-sdk/FirebaseInstallations/Source/Library/Public
2026-04-22T16:45:06.5651820Z  /Users/runner/work/tcm-storage-ios/tcm-storage-ios/build/SourcePackages/checkouts/firebase-ios-sdk/FirebaseCore/Sources/Public
2026-04-22T16:45:06.5652090Z  /Users/runner/work/tcm-storage-ios/tcm-storage-ios/build/SourcePackages/checkouts/firebase-ios-sdk/CoreOnly/Sources
2026-04-22T16:45:06.5652400Z  /Users/runner/work/tcm-storage-ios/tcm-storage-ios/build/SourcePackages/checkouts/firebase-ios-sdk/Crashlytics/Crashlytics/Public
2026-04-22T16:45:06.5652690Z  /Users/runner/work/tcm-storage-ios/tcm-storage-ios/build/SourcePackages/checkouts/GzipSwift/Sources/system-zlib/include
2026-04-22T16:45:06.5653060Z  /Users/runner/work/tcm-storage-ios/tcm-storage-ios/build/Build/Intermediates.noindex/Nextcloud.build/Debug-iphonesimulator/Nextcloud.build/DerivedSources
2026-04-22T16:45:06.5653380Z  /Users/runner/work/tcm-storage-ios/tcm-storage-ios/build/Build/Products/Debug-iphonesimulator/PackageFrameworks (framework directory)
2026-04-22T16:45:06.5653690Z  /Users/runner/work/tcm-storage-ios/tcm-storage-ios/build/Build/Products/Debug-iphonesimulator (framework directory)
2026-04-22T16:45:06.5654070Z  /Applications/Xcode_26.2.app/Contents/Developer/Platforms/iPhoneSimulator.platform/Developer/Library/Frameworks (framework directory)
2026-04-22T16:45:06.5654990Z  /Applications/Xcode_26.2.app/Contents/Developer/Platforms/iPhoneSimulator.platform/Developer/SDKs/iPhoneSimulator26.2.sdk/Developer/Library/Frameworks (framework directory)
2026-04-22T16:45:06.5655350Z  /Applications/Xcode_26.2.app/Contents/Developer/Toolchains/XcodeDefault.xctoolchain/usr/lib/clang/17/include
2026-04-22T16:45:06.5655740Z  /Applications/Xcode_26.2.app/Contents/Developer/Platforms/iPhoneSimulator.platform/Developer/SDKs/iPhoneSimulator26.2.sdk/usr/include
2026-04-22T16:45:06.5655960Z  /Applications/Xcode_26.2.app/Contents/Developer/Toolchains/XcodeDefault.xctoolchain/usr/include
2026-04-22T16:45:06.5656390Z  /Applications/Xcode_26.2.app/Contents/Developer/Platforms/iPhoneSimulator.platform/Developer/SDKs/iPhoneSimulator26.2.sdk/System/Library/Frameworks (framework directory)
2026-04-22T16:45:06.5656830Z  /Applications/Xcode_26.2.app/Contents/Developer/Platforms/iPhoneSimulator.platform/Developer/SDKs/iPhoneSimulator26.2.sdk/System/Library/SubFrameworks (framework directory)
2026-04-22T16:45:06.5656880Z End of search list.
2026-04-22T16:45:06.5881070Z clang -cc1 version 17.0.0 (clang-1700.6.3.2) default target arm64-apple-darwin24.6.0
2026-04-22T16:45:06.5891400Z ignoring nonexistent directory "/Users/runner/work/tcm-storage-ios/tcm-storage-ios/build/Build/Products/Debug-iphonesimulator/include"
2026-04-22T16:45:06.5894740Z ignoring nonexistent directory "/Users/runner/work/tcm-storage-ios/tcm-storage-ios/build/Build/Intermediates.noindex/Nextcloud.build/Debug-iphonesimulator/Nextcloud.build/DerivedSources-normal/arm64"
2026-04-22T16:45:06.5896790Z ignoring nonexistent directory "/Users/runner/work/tcm-storage-ios/tcm-storage-ios/build/Build/Intermediates.noindex/Nextcloud.build/Debug-iphonesimulator/Nextcloud.build/DerivedSources/arm64"
2026-04-22T16:45:06.5898110Z ignoring nonexistent directory "/Applications/Xcode_26.2.app/Contents/Developer/Platforms/iPhoneSimulator.platform/Developer/SDKs/iPhoneSimulator26.2.sdk/usr/local/include"
2026-04-22T16:45:06.5899380Z ignoring nonexistent directory "/Applications/Xcode_26.2.app/Contents/Developer/Platforms/iPhoneSimulator.platform/Developer/SDKs/iPhoneSimulator26.2.sdk/Library/Frameworks"
2026-04-22T16:45:06.5900460Z ignoring duplicate directory "/Users/runner/work/tcm-storage-ios/tcm-storage-ios/build/Build/Products/Debug-iphonesimulator/PackageFrameworks"
2026-04-22T16:45:06.5901950Z ignoring duplicate directory "/Users/runner/work/tcm-storage-ios/tcm-storage-ios/build/Build/Products/Debug-iphonesimulator/PackageFrameworks"
2026-04-22T16:45:06.5902420Z ignoring duplicate directory "/Users/runner/work/tcm-storage-ios/tcm-storage-ios/build/Build/Products/Debug-iphonesimulator/PackageFrameworks"
2026-04-22T16:45:06.5903010Z ignoring duplicate directory "/Users/runner/work/tcm-storage-ios/tcm-storage-ios/build/Build/Products/Debug-iphonesimulator/PackageFrameworks"
2026-04-22T16:45:06.5903360Z ignoring duplicate directory "/Users/runner/work/tcm-storage-ios/tcm-storage-ios/build/Build/Products/Debug-iphonesimulator/PackageFrameworks"
2026-04-22T16:45:06.5904130Z ignoring duplicate directory "/Users/runner/work/tcm-storage-ios/tcm-storage-ios/build/Build/Products/Debug-iphonesimulator/PackageFrameworks"
2026-04-22T16:45:06.5904620Z ignoring duplicate directory "/Users/runner/work/tcm-storage-ios/tcm-storage-ios/build/Build/Products/Debug-iphonesimulator/PackageFrameworks"
2026-04-22T16:45:06.5905000Z ignoring duplicate directory "/Users/runner/work/tcm-storage-ios/tcm-storage-ios/build/Build/Products/Debug-iphonesimulator/PackageFrameworks"
2026-04-22T16:45:06.5905370Z ignoring duplicate directory "/Users/runner/work/tcm-storage-ios/tcm-storage-ios/build/Build/Products/Debug-iphonesimulator/PackageFrameworks"
2026-04-22T16:45:06.5905770Z ignoring duplicate directory "/Users/runner/work/tcm-storage-ios/tcm-storage-ios/build/Build/Products/Debug-iphonesimulator/PackageFrameworks"
2026-04-22T16:45:06.5906240Z ignoring duplicate directory "/Users/runner/work/tcm-storage-ios/tcm-storage-ios/build/Build/Products/Debug-iphonesimulator/PackageFrameworks"
2026-04-22T16:45:06.5906590Z ignoring duplicate directory "/Users/runner/work/tcm-storage-ios/tcm-storage-ios/build/Build/Products/Debug-iphonesimulator/PackageFrameworks"
2026-04-22T16:45:06.5907080Z ignoring duplicate directory "/Users/runner/work/tcm-storage-ios/tcm-storage-ios/build/Build/Products/Debug-iphonesimulator/PackageFrameworks"
2026-04-22T16:45:06.5907510Z ignoring duplicate directory "/Users/runner/work/tcm-storage-ios/tcm-storage-ios/build/Build/Products/Debug-iphonesimulator/PackageFrameworks"
2026-04-22T16:45:06.5907840Z ignoring duplicate directory "/Users/runner/work/tcm-storage-ios/tcm-storage-ios/build/Build/Products/Debug-iphonesimulator/PackageFrameworks"
2026-04-22T16:45:06.5908180Z ignoring duplicate directory "/Users/runner/work/tcm-storage-ios/tcm-storage-ios/build/Build/Products/Debug-iphonesimulator/PackageFrameworks"
2026-04-22T16:45:06.5908510Z ignoring duplicate directory "/Users/runner/work/tcm-storage-ios/tcm-storage-ios/build/Build/Products/Debug-iphonesimulator/PackageFrameworks"
2026-04-22T16:45:06.5908840Z ignoring duplicate directory "/Users/runner/work/tcm-storage-ios/tcm-storage-ios/build/Build/Products/Debug-iphonesimulator/PackageFrameworks"
2026-04-22T16:45:06.5909170Z ignoring duplicate directory "/Users/runner/work/tcm-storage-ios/tcm-storage-ios/build/Build/Products/Debug-iphonesimulator/PackageFrameworks"
2026-04-22T16:45:06.5909500Z ignoring duplicate directory "/Users/runner/work/tcm-storage-ios/tcm-storage-ios/build/Build/Products/Debug-iphonesimulator/PackageFrameworks"
2026-04-22T16:45:06.5909850Z ignoring duplicate directory "/Users/runner/work/tcm-storage-ios/tcm-storage-ios/build/Build/Products/Debug-iphonesimulator/PackageFrameworks"
2026-04-22T16:45:06.5910200Z ignoring duplicate directory "/Users/runner/work/tcm-storage-ios/tcm-storage-ios/build/Build/Products/Debug-iphonesimulator/PackageFrameworks"
2026-04-22T16:45:06.5910640Z ignoring duplicate directory "/Users/runner/work/tcm-storage-ios/tcm-storage-ios/build/Build/Products/Debug-iphonesimulator/PackageFrameworks"
2026-04-22T16:45:06.5910970Z ignoring duplicate directory "/Users/runner/work/tcm-storage-ios/tcm-storage-ios/build/Build/Products/Debug-iphonesimulator/PackageFrameworks"
2026-04-22T16:45:06.5911300Z ignoring duplicate directory "/Users/runner/work/tcm-storage-ios/tcm-storage-ios/build/Build/Products/Debug-iphonesimulator/PackageFrameworks"
2026-04-22T16:45:06.5911630Z ignoring duplicate directory "/Users/runner/work/tcm-storage-ios/tcm-storage-ios/build/Build/Products/Debug-iphonesimulator/PackageFrameworks"
2026-04-22T16:45:06.5911960Z ignoring duplicate directory "/Users/runner/work/tcm-storage-ios/tcm-storage-ios/build/Build/Products/Debug-iphonesimulator/PackageFrameworks"
2026-04-22T16:45:06.5912430Z ignoring duplicate directory "/Users/runner/work/tcm-storage-ios/tcm-storage-ios/build/Build/Products/Debug-iphonesimulator/PackageFrameworks"
2026-04-22T16:45:06.5912760Z ignoring duplicate directory "/Users/runner/work/tcm-storage-ios/tcm-storage-ios/build/Build/Products/Debug-iphonesimulator/PackageFrameworks"
2026-04-22T16:45:06.5913090Z ignoring duplicate directory "/Users/runner/work/tcm-storage-ios/tcm-storage-ios/build/Build/Products/Debug-iphonesimulator/PackageFrameworks"
2026-04-22T16:45:06.5913440Z ignoring duplicate directory "/Users/runner/work/tcm-storage-ios/tcm-storage-ios/build/Build/Products/Debug-iphonesimulator/PackageFrameworks"
2026-04-22T16:45:06.5913790Z ignoring duplicate directory "/Users/runner/work/tcm-storage-ios/tcm-storage-ios/build/Build/Products/Debug-iphonesimulator/PackageFrameworks"
2026-04-22T16:45:06.5914120Z ignoring duplicate directory "/Users/runner/work/tcm-storage-ios/tcm-storage-ios/build/Build/Products/Debug-iphonesimulator/PackageFrameworks"
2026-04-22T16:45:06.5914460Z ignoring duplicate directory "/Users/runner/work/tcm-storage-ios/tcm-storage-ios/build/Build/Products/Debug-iphonesimulator/PackageFrameworks"
2026-04-22T16:45:06.5914900Z ignoring duplicate directory "/Users/runner/work/tcm-storage-ios/tcm-storage-ios/build/Build/Products/Debug-iphonesimulator/PackageFrameworks"
2026-04-22T16:45:06.5915240Z ignoring duplicate directory "/Users/runner/work/tcm-storage-ios/tcm-storage-ios/build/Build/Products/Debug-iphonesimulator/PackageFrameworks"
2026-04-22T16:45:06.5915630Z ignoring duplicate directory "/Users/runner/work/tcm-storage-ios/tcm-storage-ios/build/Build/Products/Debug-iphonesimulator/PackageFrameworks"
2026-04-22T16:45:06.5915990Z ignoring duplicate directory "/Users/runner/work/tcm-storage-ios/tcm-storage-ios/build/Build/Products/Debug-iphonesimulator/PackageFrameworks"
2026-04-22T16:45:06.5916320Z ignoring duplicate directory "/Users/runner/work/tcm-storage-ios/tcm-storage-ios/build/Build/Products/Debug-iphonesimulator/PackageFrameworks"
2026-04-22T16:45:06.5916650Z ignoring duplicate directory "/Users/runner/work/tcm-storage-ios/tcm-storage-ios/build/Build/Products/Debug-iphonesimulator/PackageFrameworks"
2026-04-22T16:45:06.5916980Z ignoring duplicate directory "/Users/runner/work/tcm-storage-ios/tcm-storage-ios/build/Build/Products/Debug-iphonesimulator/PackageFrameworks"
2026-04-22T16:45:06.5917300Z ignoring duplicate directory "/Users/runner/work/tcm-storage-ios/tcm-storage-ios/build/Build/Products/Debug-iphonesimulator/PackageFrameworks"
2026-04-22T16:45:06.5917690Z ignoring duplicate directory "/Users/runner/work/tcm-storage-ios/tcm-storage-ios/build/Build/Products/Debug-iphonesimulator/PackageFrameworks"
2026-04-22T16:45:06.5918030Z ignoring duplicate directory "/Users/runner/work/tcm-storage-ios/tcm-storage-ios/build/Build/Products/Debug-iphonesimulator/PackageFrameworks"
2026-04-22T16:45:06.5918500Z ignoring duplicate directory "/Users/runner/work/tcm-storage-ios/tcm-storage-ios/build/Build/Products/Debug-iphonesimulator/PackageFrameworks"
2026-04-22T16:45:06.5918840Z ignoring duplicate directory "/Users/runner/work/tcm-storage-ios/tcm-storage-ios/build/Build/Products/Debug-iphonesimulator/PackageFrameworks"
2026-04-22T16:45:06.5919180Z ignoring duplicate directory "/Users/runner/work/tcm-storage-ios/tcm-storage-ios/build/Build/Products/Debug-iphonesimulator/PackageFrameworks"
2026-04-22T16:45:06.5920520Z ignoring duplicate directory "/Users/runner/work/tcm-storage-ios/tcm-storage-ios/build/Build/Products/Debug-iphonesimulator/PackageFrameworks"
2026-04-22T16:45:06.5921670Z ignoring duplicate directory "/Users/runner/work/tcm-storage-ios/tcm-storage-ios/build/Build/Products/Debug-iphonesimulator/PackageFrameworks"
2026-04-22T16:45:06.5922350Z ignoring duplicate directory "/Users/runner/work/tcm-storage-ios/tcm-storage-ios/build/Build/Products/Debug-iphonesimulator/PackageFrameworks"
2026-04-22T16:45:06.5922710Z ignoring duplicate directory "/Users/runner/work/tcm-storage-ios/tcm-storage-ios/build/Build/Products/Debug-iphonesimulator/PackageFrameworks"
2026-04-22T16:45:06.5923190Z ignoring duplicate directory "/Users/runner/work/tcm-storage-ios/tcm-storage-ios/build/Build/Products/Debug-iphonesimulator/PackageFrameworks"
2026-04-22T16:45:06.5923560Z ignoring duplicate directory "/Users/runner/work/tcm-storage-ios/tcm-storage-ios/build/Build/Products/Debug-iphonesimulator/PackageFrameworks"
2026-04-22T16:45:06.5923890Z ignoring duplicate directory "/Users/runner/work/tcm-storage-ios/tcm-storage-ios/build/Build/Products/Debug-iphonesimulator/PackageFrameworks"
2026-04-22T16:45:06.5924220Z ignoring duplicate directory "/Users/runner/work/tcm-storage-ios/tcm-storage-ios/build/Build/Products/Debug-iphonesimulator/PackageFrameworks"
2026-04-22T16:45:06.5924550Z ignoring duplicate directory "/Users/runner/work/tcm-storage-ios/tcm-storage-ios/build/Build/Products/Debug-iphonesimulator/PackageFrameworks"
2026-04-22T16:45:06.5924890Z ignoring duplicate directory "/Users/runner/work/tcm-storage-ios/tcm-storage-ios/build/Build/Products/Debug-iphonesimulator/PackageFrameworks"
2026-04-22T16:45:06.5925290Z ignoring duplicate directory "/Users/runner/work/tcm-storage-ios/tcm-storage-ios/build/Build/Products/Debug-iphonesimulator/PackageFrameworks"
2026-04-22T16:45:06.5925630Z ignoring duplicate directory "/Users/runner/work/tcm-storage-ios/tcm-storage-ios/build/Build/Products/Debug-iphonesimulator/PackageFrameworks"
2026-04-22T16:45:06.5925970Z ignoring duplicate directory "/Users/runner/work/tcm-storage-ios/tcm-storage-ios/build/Build/Products/Debug-iphonesimulator/PackageFrameworks"
2026-04-22T16:45:06.5926360Z ignoring duplicate directory "/Users/runner/work/tcm-storage-ios/tcm-storage-ios/build/Build/Products/Debug-iphonesimulator/PackageFrameworks"
2026-04-22T16:45:06.5926730Z ignoring duplicate directory "/Users/runner/work/tcm-storage-ios/tcm-storage-ios/build/Build/Products/Debug-iphonesimulator/PackageFrameworks"
2026-04-22T16:45:06.5927430Z ignoring duplicate directory "/Users/runner/work/tcm-storage-ios/tcm-storage-ios/build/Build/Products/Debug-iphonesimulator/PackageFrameworks"
2026-04-22T16:45:06.5927800Z ignoring duplicate directory "/Users/runner/work/tcm-storage-ios/tcm-storage-ios/build/Build/Products/Debug-iphonesimulator/PackageFrameworks"
2026-04-22T16:45:06.5928150Z ignoring duplicate directory "/Users/runner/work/tcm-storage-ios/tcm-storage-ios/build/Build/Products/Debug-iphonesimulator/PackageFrameworks"
2026-04-22T16:45:06.5928500Z ignoring duplicate directory "/Users/runner/work/tcm-storage-ios/tcm-storage-ios/build/Build/Products/Debug-iphonesimulator/PackageFrameworks"
2026-04-22T16:45:06.5928860Z ignoring duplicate directory "/Users/runner/work/tcm-storage-ios/tcm-storage-ios/build/Build/Products/Debug-iphonesimulator/PackageFrameworks"
2026-04-22T16:45:06.5929210Z ignoring duplicate directory "/Users/runner/work/tcm-storage-ios/tcm-storage-ios/build/Build/Products/Debug-iphonesimulator/PackageFrameworks"
2026-04-22T16:45:06.5929540Z ignoring duplicate directory "/Users/runner/work/tcm-storage-ios/tcm-storage-ios/build/Build/Products/Debug-iphonesimulator/PackageFrameworks"
2026-04-22T16:45:06.5929950Z ignoring duplicate directory "/Users/runner/work/tcm-storage-ios/tcm-storage-ios/build/Build/Products/Debug-iphonesimulator/PackageFrameworks"
2026-04-22T16:45:06.5930310Z ignoring duplicate directory "/Users/runner/work/tcm-storage-ios/tcm-storage-ios/build/Build/Products/Debug-iphonesimulator/PackageFrameworks"
2026-04-22T16:45:06.5930650Z ignoring duplicate directory "/Users/runner/work/tcm-storage-ios/tcm-storage-ios/build/Build/Products/Debug-iphonesimulator/PackageFrameworks"
2026-04-22T16:45:06.5931000Z ignoring duplicate directory "/Users/runner/work/tcm-storage-ios/tcm-storage-ios/build/Build/Products/Debug-iphonesimulator/PackageFrameworks"
2026-04-22T16:45:06.5931350Z ignoring duplicate directory "/Users/runner/work/tcm-storage-ios/tcm-storage-ios/build/Build/Products/Debug-iphonesimulator/PackageFrameworks"
2026-04-22T16:45:06.5931680Z ignoring duplicate directory "/Users/runner/work/tcm-storage-ios/tcm-storage-ios/build/Build/Products/Debug-iphonesimulator/PackageFrameworks"
2026-04-22T16:45:06.5932150Z ignoring duplicate directory "/Users/runner/work/tcm-storage-ios/tcm-storage-ios/build/Build/Products/Debug-iphonesimulator/PackageFrameworks"
2026-04-22T16:45:06.5932220Z #include "..." search starts here:
2026-04-22T16:45:06.5932700Z  /Users/runner/work/tcm-storage-ios/tcm-storage-ios/build/Build/Intermediates.noindex/Nextcloud.build/Debug-iphonesimulator/Nextcloud.build/Nextcloud-generated-files.hmap (headermap)
2026-04-22T16:45:06.5933180Z  /Users/runner/work/tcm-storage-ios/tcm-storage-ios/build/Build/Intermediates.noindex/Nextcloud.build/Debug-iphonesimulator/Nextcloud.build/Nextcloud-project-headers.hmap (headermap)
2026-04-22T16:45:06.5933260Z #include <...> search starts here:
2026-04-22T16:45:06.5933750Z  /Users/runner/work/tcm-storage-ios/tcm-storage-ios/build/Build/Intermediates.noindex/Nextcloud.build/Debug-iphonesimulator/Nextcloud.build/Nextcloud-own-target-headers.hmap (headermap)
2026-04-22T16:45:06.5934360Z  /Users/runner/work/tcm-storage-ios/tcm-storage-ios/build/Build/Intermediates.noindex/Nextcloud.build/Debug-iphonesimulator/Nextcloud.build/Nextcloud-all-non-framework-target-headers.hmap (headermap)
2026-04-22T16:45:06.5934700Z  /Users/runner/work/tcm-storage-ios/tcm-storage-ios/build/SourcePackages/checkouts/swift-nio-ssl/Sources/CNIOBoringSSLShims/include
2026-04-22T16:45:06.5935010Z  /Users/runner/work/tcm-storage-ios/tcm-storage-ios/build/SourcePackages/checkouts/swift-nio-ssl/Sources/CNIOBoringSSL/include
2026-04-22T16:45:06.5935370Z  /Users/runner/work/tcm-storage-ios/tcm-storage-ios/build/SourcePackages/checkouts/swift-atomics/Sources/_AtomicsShims/include
2026-04-22T16:45:06.5935710Z  /Users/runner/work/tcm-storage-ios/tcm-storage-ios/build/SourcePackages/checkouts/swift-nio/Sources/CNIOPosix/include
2026-04-22T16:45:06.5936000Z  /Users/runner/work/tcm-storage-ios/tcm-storage-ios/build/SourcePackages/checkouts/swift-nio/Sources/CNIOWASI/include
2026-04-22T16:45:06.5936290Z  /Users/runner/work/tcm-storage-ios/tcm-storage-ios/build/SourcePackages/checkouts/swift-nio/Sources/CNIOWindows/include
2026-04-22T16:45:06.5936570Z  /Users/runner/work/tcm-storage-ios/tcm-storage-ios/build/SourcePackages/checkouts/swift-nio/Sources/CNIOLinux/include
2026-04-22T16:45:06.5936840Z  /Users/runner/work/tcm-storage-ios/tcm-storage-ios/build/SourcePackages/checkouts/swift-nio/Sources/CNIODarwin/include
2026-04-22T16:45:06.5937120Z  /Users/runner/work/tcm-storage-ios/tcm-storage-ios/build/SourcePackages/checkouts/swift-nio/Sources/CNIOOpenBSD/include
2026-04-22T16:45:06.5937400Z  /Users/runner/work/tcm-storage-ios/tcm-storage-ios/build/SourcePackages/checkouts/swift-nio/Sources/CNIOAtomics/include
2026-04-22T16:45:06.5937630Z  /Users/runner/work/tcm-storage-ios/tcm-storage-ios/build/SourcePackages/checkouts/realm-core/src
2026-04-22T16:45:06.5937890Z  /Users/runner/work/tcm-storage-ios/tcm-storage-ios/build/SourcePackages/checkouts/realm-core/src/external/s2
2026-04-22T16:45:06.5938390Z  /Users/runner/work/tcm-storage-ios/tcm-storage-ios/build/SourcePackages/checkouts/realm-core/src/external/IntelRDFPMathLib20U2/LIBRARY/src
2026-04-22T16:45:06.5938750Z  /Users/runner/work/tcm-storage-ios/tcm-storage-ios/build/SourcePackages/checkouts/realm-core/src/spm
2026-04-22T16:45:06.5938980Z  /Users/runner/work/tcm-storage-ios/tcm-storage-ios/build/SourcePackages/checkouts/realm-swift/include
2026-04-22T16:45:06.5939440Z  /Users/runner/work/tcm-storage-ios/tcm-storage-ios/build/SourcePackages/checkouts/GoogleUtilities/GoogleUtilities/NSData+zlib/Public
2026-04-22T16:45:06.5939750Z  /Users/runner/work/tcm-storage-ios/tcm-storage-ios/build/SourcePackages/checkouts/GoogleUtilities/GoogleUtilities/Logger/Public
2026-04-22T16:45:06.5940080Z  /Users/runner/work/tcm-storage-ios/tcm-storage-ios/build/SourcePackages/checkouts/GoogleUtilities/GoogleUtilities/Environment/Public
2026-04-22T16:45:06.5940410Z  /Users/runner/work/tcm-storage-ios/tcm-storage-ios/build/SourcePackages/checkouts/GoogleUtilities/third_party/IsAppEncrypted/Public
2026-04-22T16:45:06.5940920Z  /Users/runner/work/tcm-storage-ios/tcm-storage-ios/build/SourcePackages/checkouts/GoogleUtilities/GoogleUtilities/UserDefaults/Public
2026-04-22T16:45:06.5941150Z  /Users/runner/work/tcm-storage-ios/tcm-storage-ios/build/SourcePackages/checkouts/nanopb/spm_headers
2026-04-22T16:45:06.5941430Z  /Users/runner/work/tcm-storage-ios/tcm-storage-ios/build/SourcePackages/checkouts/promises/Sources/FBLPromises/include
2026-04-22T16:45:06.5941800Z  /Users/runner/work/tcm-storage-ios/tcm-storage-ios/build/SourcePackages/checkouts/GoogleDataTransport/GoogleDataTransport/GDTCORLibrary/Public
2026-04-22T16:45:06.5942100Z  /Users/runner/work/tcm-storage-ios/tcm-storage-ios/build/SourcePackages/checkouts/firebase-ios-sdk/FirebaseSessions/SourcesObjC
2026-04-22T16:45:06.5942390Z  /Users/runner/work/tcm-storage-ios/tcm-storage-ios/build/SourcePackages/checkouts/firebase-ios-sdk/FirebaseCore/Extension
2026-04-22T16:45:06.5942750Z  /Users/runner/work/tcm-storage-ios/tcm-storage-ios/build/SourcePackages/checkouts/firebase-ios-sdk/FirebaseInstallations/Source/Library/Public
2026-04-22T16:45:06.5943130Z  /Users/runner/work/tcm-storage-ios/tcm-storage-ios/build/SourcePackages/checkouts/firebase-ios-sdk/FirebaseCore/Sources/Public
2026-04-22T16:45:06.5943430Z  /Users/runner/work/tcm-storage-ios/tcm-storage-ios/build/SourcePackages/checkouts/firebase-ios-sdk/CoreOnly/Sources
2026-04-22T16:45:06.5944590Z  /Users/runner/work/tcm-storage-ios/tcm-storage-ios/build/SourcePackages/checkouts/firebase-ios-sdk/Crashlytics/Crashlytics/Public
2026-04-22T16:45:06.5945010Z  /Users/runner/work/tcm-storage-ios/tcm-storage-ios/build/SourcePackages/checkouts/GzipSwift/Sources/system-zlib/include
2026-04-22T16:45:06.5945450Z  /Users/runner/work/tcm-storage-ios/tcm-storage-ios/build/Build/Intermediates.noindex/Nextcloud.build/Debug-iphonesimulator/Nextcloud.build/DerivedSources
2026-04-22T16:45:06.5945780Z  /Users/runner/work/tcm-storage-ios/tcm-storage-ios/build/Build/Products/Debug-iphonesimulator/PackageFrameworks (framework directory)
2026-04-22T16:45:06.5946060Z  /Users/runner/work/tcm-storage-ios/tcm-storage-ios/build/Build/Products/Debug-iphonesimulator (framework directory)
2026-04-22T16:45:06.5948670Z  /Applications/Xcode_26.2.app/Contents/Developer/Platforms/iPhoneSimulator.platform/Developer/Library/Frameworks (framework directory)
2026-04-22T16:45:06.5949170Z  /Applications/Xcode_26.2.app/Contents/Developer/Platforms/iPhoneSimulator.platform/Developer/SDKs/iPhoneSimulator26.2.sdk/Developer/Library/Frameworks (framework directory)
2026-04-22T16:45:06.5949440Z  /Applications/Xcode_26.2.app/Contents/Developer/Toolchains/XcodeDefault.xctoolchain/usr/lib/clang/17/include
2026-04-22T16:45:06.5949800Z  /Applications/Xcode_26.2.app/Contents/Developer/Platforms/iPhoneSimulator.platform/Developer/SDKs/iPhoneSimulator26.2.sdk/usr/include
2026-04-22T16:45:06.5950030Z  /Applications/Xcode_26.2.app/Contents/Developer/Toolchains/XcodeDefault.xctoolchain/usr/include
2026-04-22T16:45:06.5950450Z  /Applications/Xcode_26.2.app/Contents/Developer/Platforms/iPhoneSimulator.platform/Developer/SDKs/iPhoneSimulator26.2.sdk/System/Library/Frameworks (framework directory)
2026-04-22T16:45:06.5950870Z  /Applications/Xcode_26.2.app/Contents/Developer/Platforms/iPhoneSimulator.platform/Developer/SDKs/iPhoneSimulator26.2.sdk/System/Library/SubFrameworks (framework directory)
2026-04-22T16:45:06.5950930Z End of search list.
2026-04-22T16:45:06.5981050Z clang -cc1 version 17.0.0 (clang-1700.6.3.2) default target arm64-apple-darwin24.6.0
2026-04-22T16:45:06.5983890Z ignoring nonexistent directory "/Users/runner/work/tcm-storage-ios/tcm-storage-ios/build/Build/Products/Debug-iphonesimulator/include"
2026-04-22T16:45:06.5991230Z ignoring nonexistent directory "/Users/runner/work/tcm-storage-ios/tcm-storage-ios/build/Build/Intermediates.noindex/Nextcloud.build/Debug-iphonesimulator/Nextcloud.build/DerivedSources-normal/arm64"
2026-04-22T16:45:06.5993020Z ignoring nonexistent directory "/Users/runner/work/tcm-storage-ios/tcm-storage-ios/build/Build/Intermediates.noindex/Nextcloud.build/Debug-iphonesimulator/Nextcloud.build/DerivedSources/arm64"
2026-04-22T16:45:06.5995880Z ignoring nonexistent directory "/Applications/Xcode_26.2.app/Contents/Developer/Platforms/iPhoneSimulator.platform/Developer/SDKs/iPhoneSimulator26.2.sdk/usr/local/include"
2026-04-22T16:45:06.5998790Z ignoring nonexistent directory "/Applications/Xcode_26.2.app/Contents/Developer/Platforms/iPhoneSimulator.platform/Developer/SDKs/iPhoneSimulator26.2.sdk/Library/Frameworks"
2026-04-22T16:45:06.5999310Z ignoring duplicate directory "/Users/runner/work/tcm-storage-ios/tcm-storage-ios/build/Build/Products/Debug-iphonesimulator/PackageFrameworks"
2026-04-22T16:45:06.5999690Z ignoring duplicate directory "/Users/runner/work/tcm-storage-ios/tcm-storage-ios/build/Build/Products/Debug-iphonesimulator/PackageFrameworks"
2026-04-22T16:45:06.6000030Z ignoring duplicate directory "/Users/runner/work/tcm-storage-ios/tcm-storage-ios/build/Build/Products/Debug-iphonesimulator/PackageFrameworks"
2026-04-22T16:45:06.6001240Z ignoring duplicate directory "/Users/runner/work/tcm-storage-ios/tcm-storage-ios/build/Build/Products/Debug-iphonesimulator/PackageFrameworks"
2026-04-22T16:45:06.6002780Z ignoring duplicate directory "/Users/runner/work/tcm-storage-ios/tcm-storage-ios/build/Build/Products/Debug-iphonesimulator/PackageFrameworks"
2026-04-22T16:45:06.6003880Z ignoring duplicate directory "/Users/runner/work/tcm-storage-ios/tcm-storage-ios/build/Build/Products/Debug-iphonesimulator/PackageFrameworks"
2026-04-22T16:45:06.6005760Z ignoring duplicate directory "/Users/runner/work/tcm-storage-ios/tcm-storage-ios/build/Build/Products/Debug-iphonesimulator/PackageFrameworks"
2026-04-22T16:45:06.6006240Z ignoring duplicate directory "/Users/runner/work/tcm-storage-ios/tcm-storage-ios/build/Build/Products/Debug-iphonesimulator/PackageFrameworks"
2026-04-22T16:45:06.6006590Z ignoring duplicate directory "/Users/runner/work/tcm-storage-ios/tcm-storage-ios/build/Build/Products/Debug-iphonesimulator/PackageFrameworks"
2026-04-22T16:45:06.6006930Z ignoring duplicate directory "/Users/runner/work/tcm-storage-ios/tcm-storage-ios/build/Build/Products/Debug-iphonesimulator/PackageFrameworks"
2026-04-22T16:45:06.6007270Z ignoring duplicate directory "/Users/runner/work/tcm-storage-ios/tcm-storage-ios/build/Build/Products/Debug-iphonesimulator/PackageFrameworks"
2026-04-22T16:45:06.6007600Z ignoring duplicate directory "/Users/runner/work/tcm-storage-ios/tcm-storage-ios/build/Build/Products/Debug-iphonesimulator/PackageFrameworks"
2026-04-22T16:45:06.6007930Z ignoring duplicate directory "/Users/runner/work/tcm-storage-ios/tcm-storage-ios/build/Build/Products/Debug-iphonesimulator/PackageFrameworks"
2026-04-22T16:45:06.6008730Z ignoring duplicate directory "/Users/runner/work/tcm-storage-ios/tcm-storage-ios/build/Build/Products/Debug-iphonesimulator/PackageFrameworks"
2026-04-22T16:45:06.6009080Z ignoring duplicate directory "/Users/runner/work/tcm-storage-ios/tcm-storage-ios/build/Build/Products/Debug-iphonesimulator/PackageFrameworks"
2026-04-22T16:45:06.6009420Z ignoring duplicate directory "/Users/runner/work/tcm-storage-ios/tcm-storage-ios/build/Build/Products/Debug-iphonesimulator/PackageFrameworks"
2026-04-22T16:45:06.6009770Z ignoring duplicate directory "/Users/runner/work/tcm-storage-ios/tcm-storage-ios/build/Build/Products/Debug-iphonesimulator/PackageFrameworks"
2026-04-22T16:45:06.6010110Z ignoring duplicate directory "/Users/runner/work/tcm-storage-ios/tcm-storage-ios/build/Build/Products/Debug-iphonesimulator/PackageFrameworks"
2026-04-22T16:45:06.6010460Z ignoring duplicate directory "/Users/runner/work/tcm-storage-ios/tcm-storage-ios/build/Build/Products/Debug-iphonesimulator/PackageFrameworks"
2026-04-22T16:45:06.6011080Z ignoring duplicate directory "/Users/runner/work/tcm-storage-ios/tcm-storage-ios/build/Build/Products/Debug-iphonesimulator/PackageFrameworks"
2026-04-22T16:45:06.6011580Z ignoring duplicate directory "/Users/runner/work/tcm-storage-ios/tcm-storage-ios/build/Build/Products/Debug-iphonesimulator/PackageFrameworks"
2026-04-22T16:45:06.6012080Z ignoring duplicate directory "/Users/runner/work/tcm-storage-ios/tcm-storage-ios/build/Build/Products/Debug-iphonesimulator/PackageFrameworks"
2026-04-22T16:45:06.6012440Z ignoring duplicate directory "/Users/runner/work/tcm-storage-ios/tcm-storage-ios/build/Build/Products/Debug-iphonesimulator/PackageFrameworks"
2026-04-22T16:45:06.6012820Z ignoring duplicate directory "/Users/runner/work/tcm-storage-ios/tcm-storage-ios/build/Build/Products/Debug-iphonesimulator/PackageFrameworks"
2026-04-22T16:45:06.6013180Z ignoring duplicate directory "/Users/runner/work/tcm-storage-ios/tcm-storage-ios/build/Build/Products/Debug-iphonesimulator/PackageFrameworks"
2026-04-22T16:45:06.6013520Z ignoring duplicate directory "/Users/runner/work/tcm-storage-ios/tcm-storage-ios/build/Build/Products/Debug-iphonesimulator/PackageFrameworks"
2026-04-22T16:45:06.6013880Z ignoring duplicate directory "/Users/runner/work/tcm-storage-ios/tcm-storage-ios/build/Build/Products/Debug-iphonesimulator/PackageFrameworks"
2026-04-22T16:45:06.6014230Z ignoring duplicate directory "/Users/runner/work/tcm-storage-ios/tcm-storage-ios/build/Build/Products/Debug-iphonesimulator/PackageFrameworks"
2026-04-22T16:45:06.6014660Z ignoring duplicate directory "/Users/runner/work/tcm-storage-ios/tcm-storage-ios/build/Build/Products/Debug-iphonesimulator/PackageFrameworks"
2026-04-22T16:45:06.6015010Z ignoring duplicate directory "/Users/runner/work/tcm-storage-ios/tcm-storage-ios/build/Build/Products/Debug-iphonesimulator/PackageFrameworks"
2026-04-22T16:45:06.6015430Z ignoring duplicate directory "/Users/runner/work/tcm-storage-ios/tcm-storage-ios/build/Build/Products/Debug-iphonesimulator/PackageFrameworks"
2026-04-22T16:45:06.6015800Z ignoring duplicate directory "/Users/runner/work/tcm-storage-ios/tcm-storage-ios/build/Build/Products/Debug-iphonesimulator/PackageFrameworks"
2026-04-22T16:45:06.6016140Z ignoring duplicate directory "/Users/runner/work/tcm-storage-ios/tcm-storage-ios/build/Build/Products/Debug-iphonesimulator/PackageFrameworks"
2026-04-22T16:45:06.6016480Z ignoring duplicate directory "/Users/runner/work/tcm-storage-ios/tcm-storage-ios/build/Build/Products/Debug-iphonesimulator/PackageFrameworks"
2026-04-22T16:45:06.6016810Z ignoring duplicate directory "/Users/runner/work/tcm-storage-ios/tcm-storage-ios/build/Build/Products/Debug-iphonesimulator/PackageFrameworks"
2026-04-22T16:45:06.6018780Z ignoring duplicate directory "/Users/runner/work/tcm-storage-ios/tcm-storage-ios/build/Build/Products/Debug-iphonesimulator/PackageFrameworks"
2026-04-22T16:45:06.6019160Z ignoring duplicate directory "/Users/runner/work/tcm-storage-ios/tcm-storage-ios/build/Build/Products/Debug-iphonesimulator/PackageFrameworks"
2026-04-22T16:45:06.6019600Z ignoring duplicate directory "/Users/runner/work/tcm-storage-ios/tcm-storage-ios/build/Build/Products/Debug-iphonesimulator/PackageFrameworks"
2026-04-22T16:45:06.6019940Z ignoring duplicate directory "/Users/runner/work/tcm-storage-ios/tcm-storage-ios/build/Build/Products/Debug-iphonesimulator/PackageFrameworks"
2026-04-22T16:45:06.6020280Z ignoring duplicate directory "/Users/runner/work/tcm-storage-ios/tcm-storage-ios/build/Build/Products/Debug-iphonesimulator/PackageFrameworks"
2026-04-22T16:45:06.6020620Z ignoring duplicate directory "/Users/runner/work/tcm-storage-ios/tcm-storage-ios/build/Build/Products/Debug-iphonesimulator/PackageFrameworks"
2026-04-22T16:45:06.6020960Z ignoring duplicate directory "/Users/runner/work/tcm-storage-ios/tcm-storage-ios/build/Build/Products/Debug-iphonesimulator/PackageFrameworks"
2026-04-22T16:45:06.6021450Z ignoring duplicate directory "/Users/runner/work/tcm-storage-ios/tcm-storage-ios/build/Build/Products/Debug-iphonesimulator/PackageFrameworks"
2026-04-22T16:45:06.6021800Z ignoring duplicate directory "/Users/runner/work/tcm-storage-ios/tcm-storage-ios/build/Build/Products/Debug-iphonesimulator/PackageFrameworks"
2026-04-22T16:45:06.6022130Z ignoring duplicate directory "/Users/runner/work/tcm-storage-ios/tcm-storage-ios/build/Build/Products/Debug-iphonesimulator/PackageFrameworks"
2026-04-22T16:45:06.6022580Z ignoring duplicate directory "/Users/runner/work/tcm-storage-ios/tcm-storage-ios/build/Build/Products/Debug-iphonesimulator/PackageFrameworks"
2026-04-22T16:45:06.6022920Z ignoring duplicate directory "/Users/runner/work/tcm-storage-ios/tcm-storage-ios/build/Build/Products/Debug-iphonesimulator/PackageFrameworks"
2026-04-22T16:45:06.6023250Z ignoring duplicate directory "/Users/runner/work/tcm-storage-ios/tcm-storage-ios/build/Build/Products/Debug-iphonesimulator/PackageFrameworks"
2026-04-22T16:45:06.6023810Z ignoring duplicate directory "/Users/runner/work/tcm-storage-ios/tcm-storage-ios/build/Build/Products/Debug-iphonesimulator/PackageFrameworks"
2026-04-22T16:45:06.6024170Z ignoring duplicate directory "/Users/runner/work/tcm-storage-ios/tcm-storage-ios/build/Build/Products/Debug-iphonesimulator/PackageFrameworks"
2026-04-22T16:45:06.6024510Z ignoring duplicate directory "/Users/runner/work/tcm-storage-ios/tcm-storage-ios/build/Build/Products/Debug-iphonesimulator/PackageFrameworks"
2026-04-22T16:45:06.6024930Z ignoring duplicate directory "/Users/runner/work/tcm-storage-ios/tcm-storage-ios/build/Build/Products/Debug-iphonesimulator/PackageFrameworks"
2026-04-22T16:45:06.6025280Z ignoring duplicate directory "/Users/runner/work/tcm-storage-ios/tcm-storage-ios/build/Build/Products/Debug-iphonesimulator/PackageFrameworks"
2026-04-22T16:45:06.6025620Z ignoring duplicate directory "/Users/runner/work/tcm-storage-ios/tcm-storage-ios/build/Build/Products/Debug-iphonesimulator/PackageFrameworks"
2026-04-22T16:45:06.6026020Z ignoring duplicate directory "/Users/runner/work/tcm-storage-ios/tcm-storage-ios/build/Build/Products/Debug-iphonesimulator/PackageFrameworks"
2026-04-22T16:45:06.6026410Z ignoring duplicate directory "/Users/runner/work/tcm-storage-ios/tcm-storage-ios/build/Build/Products/Debug-iphonesimulator/PackageFrameworks"
2026-04-22T16:45:06.6026760Z ignoring duplicate directory "/Users/runner/work/tcm-storage-ios/tcm-storage-ios/build/Build/Products/Debug-iphonesimulator/PackageFrameworks"
2026-04-22T16:45:06.6028150Z ignoring duplicate directory "/Users/runner/work/tcm-storage-ios/tcm-storage-ios/build/Build/Products/Debug-iphonesimulator/PackageFrameworks"
2026-04-22T16:45:06.6029230Z ignoring duplicate directory "/Users/runner/work/tcm-storage-ios/tcm-storage-ios/build/Build/Products/Debug-iphonesimulator/PackageFrameworks"
2026-04-22T16:45:06.6030210Z ignoring duplicate directory "/Users/runner/work/tcm-storage-ios/tcm-storage-ios/build/Build/Products/Debug-iphonesimulator/PackageFrameworks"
2026-04-22T16:45:06.6031150Z ignoring duplicate directory "/Users/runner/work/tcm-storage-ios/tcm-storage-ios/build/Build/Products/Debug-iphonesimulator/PackageFrameworks"
2026-04-22T16:45:06.6032110Z ignoring duplicate directory "/Users/runner/work/tcm-storage-ios/tcm-storage-ios/build/Build/Products/Debug-iphonesimulator/PackageFrameworks"
2026-04-22T16:45:06.6033090Z ignoring duplicate directory "/Users/runner/work/tcm-storage-ios/tcm-storage-ios/build/Build/Products/Debug-iphonesimulator/PackageFrameworks"
2026-04-22T16:45:06.6034040Z ignoring duplicate directory "/Users/runner/work/tcm-storage-ios/tcm-storage-ios/build/Build/Products/Debug-iphonesimulator/PackageFrameworks"
2026-04-22T16:45:06.6034990Z ignoring duplicate directory "/Users/runner/work/tcm-storage-ios/tcm-storage-ios/build/Build/Products/Debug-iphonesimulator/PackageFrameworks"
2026-04-22T16:45:06.6035920Z ignoring duplicate directory "/Users/runner/work/tcm-storage-ios/tcm-storage-ios/build/Build/Products/Debug-iphonesimulator/PackageFrameworks"
2026-04-22T16:45:06.6036850Z ignoring duplicate directory "/Users/runner/work/tcm-storage-ios/tcm-storage-ios/build/Build/Products/Debug-iphonesimulator/PackageFrameworks"
2026-04-22T16:45:06.6037790Z ignoring duplicate directory "/Users/runner/work/tcm-storage-ios/tcm-storage-ios/build/Build/Products/Debug-iphonesimulator/PackageFrameworks"
2026-04-22T16:45:06.6038730Z ignoring duplicate directory "/Users/runner/work/tcm-storage-ios/tcm-storage-ios/build/Build/Products/Debug-iphonesimulator/PackageFrameworks"
2026-04-22T16:45:06.6040070Z ignoring duplicate directory "/Users/runner/work/tcm-storage-ios/tcm-storage-ios/build/Build/Products/Debug-iphonesimulator/PackageFrameworks"
2026-04-22T16:45:06.6041010Z ignoring duplicate directory "/Users/runner/work/tcm-storage-ios/tcm-storage-ios/build/Build/Products/Debug-iphonesimulator/PackageFrameworks"
2026-04-22T16:45:06.6041950Z ignoring duplicate directory "/Users/runner/work/tcm-storage-ios/tcm-storage-ios/build/Build/Products/Debug-iphonesimulator/PackageFrameworks"
2026-04-22T16:45:06.6042940Z ignoring duplicate directory "/Users/runner/work/tcm-storage-ios/tcm-storage-ios/build/Build/Products/Debug-iphonesimulator/PackageFrameworks"
2026-04-22T16:45:06.6043900Z ignoring duplicate directory "/Users/runner/work/tcm-storage-ios/tcm-storage-ios/build/Build/Products/Debug-iphonesimulator/PackageFrameworks"
2026-04-22T16:45:06.6045290Z ignoring duplicate directory "/Users/runner/work/tcm-storage-ios/tcm-storage-ios/build/Build/Products/Debug-iphonesimulator/PackageFrameworks"
2026-04-22T16:45:06.6045910Z ignoring duplicate directory "/Users/runner/work/tcm-storage-ios/tcm-storage-ios/build/Build/Products/Debug-iphonesimulator/PackageFrameworks"
2026-04-22T16:45:06.6045980Z #include "..." search starts here:
2026-04-22T16:45:06.6046460Z  /Users/runner/work/tcm-storage-ios/tcm-storage-ios/build/Build/Intermediates.noindex/Nextcloud.build/Debug-iphonesimulator/Nextcloud.build/Nextcloud-generated-files.hmap (headermap)
2026-04-22T16:45:06.6051950Z  /Users/runner/work/tcm-storage-ios/tcm-storage-ios/build/Build/Intermediates.noindex/Nextcloud.build/Debug-iphonesimulator/Nextcloud.build/Nextcloud-project-headers.hmap (headermap)
2026-04-22T16:45:06.6052400Z #include <...> search starts here:
2026-04-22T16:45:06.6053810Z  /Users/runner/work/tcm-storage-ios/tcm-storage-ios/build/Build/Intermediates.noindex/Nextcloud.build/Debug-iphonesimulator/Nextcloud.build/Nextcloud-own-target-headers.hmap (headermap)
2026-04-22T16:45:06.6055270Z  /Users/runner/work/tcm-storage-ios/tcm-storage-ios/build/Build/Intermediates.noindex/Nextcloud.build/Debug-iphonesimulator/Nextcloud.build/Nextcloud-all-non-framework-target-headers.hmap (headermap)
2026-04-22T16:45:06.6056150Z  /Users/runner/work/tcm-storage-ios/tcm-storage-ios/build/SourcePackages/checkouts/swift-nio-ssl/Sources/CNIOBoringSSLShims/include
2026-04-22T16:45:06.6056960Z  /Users/runner/work/tcm-storage-ios/tcm-storage-ios/build/SourcePackages/checkouts/swift-nio-ssl/Sources/CNIOBoringSSL/include
2026-04-22T16:45:06.6058220Z  /Users/runner/work/tcm-storage-ios/tcm-storage-ios/build/SourcePackages/checkouts/swift-atomics/Sources/_AtomicsShims/include
2026-04-22T16:45:06.6058700Z  /Users/runner/work/tcm-storage-ios/tcm-storage-ios/build/SourcePackages/checkouts/swift-nio/Sources/CNIOPosix/include
2026-04-22T16:45:06.6058970Z  /Users/runner/work/tcm-storage-ios/tcm-storage-ios/build/SourcePackages/checkouts/swift-nio/Sources/CNIOWASI/include
2026-04-22T16:45:06.6059260Z  /Users/runner/work/tcm-storage-ios/tcm-storage-ios/build/SourcePackages/checkouts/swift-nio/Sources/CNIOWindows/include
2026-04-22T16:45:06.6060310Z  /Users/runner/work/tcm-storage-ios/tcm-storage-ios/build/SourcePackages/checkouts/swift-nio/Sources/CNIOLinux/include
2026-04-22T16:45:06.6061340Z  /Users/runner/work/tcm-storage-ios/tcm-storage-ios/build/SourcePackages/checkouts/swift-nio/Sources/CNIODarwin/include
2026-04-22T16:45:06.6062120Z  /Users/runner/work/tcm-storage-ios/tcm-storage-ios/build/SourcePackages/checkouts/swift-nio/Sources/CNIOOpenBSD/include
2026-04-22T16:45:06.6063140Z  /Users/runner/work/tcm-storage-ios/tcm-storage-ios/build/SourcePackages/checkouts/swift-nio/Sources/CNIOAtomics/include
2026-04-22T16:45:06.6063790Z  /Users/runner/work/tcm-storage-ios/tcm-storage-ios/build/SourcePackages/checkouts/realm-core/src
2026-04-22T16:45:06.6064460Z  /Users/runner/work/tcm-storage-ios/tcm-storage-ios/build/SourcePackages/checkouts/realm-core/src/external/s2
2026-04-22T16:45:06.6066370Z  /Users/runner/work/tcm-storage-ios/tcm-storage-ios/build/SourcePackages/checkouts/realm-core/src/external/IntelRDFPMathLib20U2/LIBRARY/src
2026-04-22T16:45:06.6067000Z  /Users/runner/work/tcm-storage-ios/tcm-storage-ios/build/SourcePackages/checkouts/realm-core/src/spm
2026-04-22T16:45:06.6067620Z  /Users/runner/work/tcm-storage-ios/tcm-storage-ios/build/SourcePackages/checkouts/realm-swift/include
2026-04-22T16:45:06.6069590Z  /Users/runner/work/tcm-storage-ios/tcm-storage-ios/build/SourcePackages/checkouts/GoogleUtilities/GoogleUtilities/NSData+zlib/Public
2026-04-22T16:45:06.6070490Z  /Users/runner/work/tcm-storage-ios/tcm-storage-ios/build/SourcePackages/checkouts/GoogleUtilities/GoogleUtilities/Logger/Public
2026-04-22T16:45:06.6071380Z  /Users/runner/work/tcm-storage-ios/tcm-storage-ios/build/SourcePackages/checkouts/GoogleUtilities/GoogleUtilities/Environment/Public
2026-04-22T16:45:06.6072260Z  /Users/runner/work/tcm-storage-ios/tcm-storage-ios/build/SourcePackages/checkouts/GoogleUtilities/third_party/IsAppEncrypted/Public
2026-04-22T16:45:06.6073190Z  /Users/runner/work/tcm-storage-ios/tcm-storage-ios/build/SourcePackages/checkouts/GoogleUtilities/GoogleUtilities/UserDefaults/Public
2026-04-22T16:45:06.6075290Z  /Users/runner/work/tcm-storage-ios/tcm-storage-ios/build/SourcePackages/checkouts/nanopb/spm_headers
2026-04-22T16:45:06.6076110Z  /Users/runner/work/tcm-storage-ios/tcm-storage-ios/build/SourcePackages/checkouts/promises/Sources/FBLPromises/include
2026-04-22T16:45:06.6077130Z  /Users/runner/work/tcm-storage-ios/tcm-storage-ios/build/SourcePackages/checkouts/GoogleDataTransport/GoogleDataTransport/GDTCORLibrary/Public
2026-04-22T16:45:06.6078750Z  /Users/runner/work/tcm-storage-ios/tcm-storage-ios/build/SourcePackages/checkouts/firebase-ios-sdk/FirebaseSessions/SourcesObjC
2026-04-22T16:45:06.6079610Z  /Users/runner/work/tcm-storage-ios/tcm-storage-ios/build/SourcePackages/checkouts/firebase-ios-sdk/FirebaseCore/Extension
2026-04-22T16:45:06.6080520Z  /Users/runner/work/tcm-storage-ios/tcm-storage-ios/build/SourcePackages/checkouts/firebase-ios-sdk/FirebaseInstallations/Source/Library/Public
2026-04-22T16:45:06.6081460Z  /Users/runner/work/tcm-storage-ios/tcm-storage-ios/build/SourcePackages/checkouts/firebase-ios-sdk/FirebaseCore/Sources/Public
2026-04-22T16:45:06.6081750Z  /Users/runner/work/tcm-storage-ios/tcm-storage-ios/build/SourcePackages/checkouts/firebase-ios-sdk/CoreOnly/Sources
2026-04-22T16:45:06.6082080Z  /Users/runner/work/tcm-storage-ios/tcm-storage-ios/build/SourcePackages/checkouts/firebase-ios-sdk/Crashlytics/Crashlytics/Public
2026-04-22T16:45:06.6082390Z  /Users/runner/work/tcm-storage-ios/tcm-storage-ios/build/SourcePackages/checkouts/GzipSwift/Sources/system-zlib/include
2026-04-22T16:45:06.6082800Z  /Users/runner/work/tcm-storage-ios/tcm-storage-ios/build/Build/Intermediates.noindex/Nextcloud.build/Debug-iphonesimulator/Nextcloud.build/DerivedSources
2026-04-22T16:45:06.6083130Z  /Users/runner/work/tcm-storage-ios/tcm-storage-ios/build/Build/Products/Debug-iphonesimulator/PackageFrameworks (framework directory)
2026-04-22T16:45:06.6083410Z  /Users/runner/work/tcm-storage-ios/tcm-storage-ios/build/Build/Products/Debug-iphonesimulator (framework directory)
2026-04-22T16:45:06.6083750Z  /Applications/Xcode_26.2.app/Contents/Developer/Platforms/iPhoneSimulator.platform/Developer/Library/Frameworks (framework directory)
2026-04-22T16:45:06.6086830Z  /Applications/Xcode_26.2.app/Contents/Developer/Platforms/iPhoneSimulator.platform/Developer/SDKs/iPhoneSimulator26.2.sdk/Developer/Library/Frameworks (framework directory)
2026-04-22T16:45:06.6087570Z  /Applications/Xcode_26.2.app/Contents/Developer/Toolchains/XcodeDefault.xctoolchain/usr/lib/clang/17/include
2026-04-22T16:45:06.6088510Z  /Applications/Xcode_26.2.app/Contents/Developer/Platforms/iPhoneSimulator.platform/Developer/SDKs/iPhoneSimulator26.2.sdk/usr/include
2026-04-22T16:45:06.6089100Z  /Applications/Xcode_26.2.app/Contents/Developer/Toolchains/XcodeDefault.xctoolchain/usr/include
2026-04-22T16:45:06.6090740Z  /Applications/Xcode_26.2.app/Contents/Developer/Platforms/iPhoneSimulator.platform/Developer/SDKs/iPhoneSimulator26.2.sdk/System/Library/Frameworks (framework directory)
2026-04-22T16:45:06.6091970Z  /Applications/Xcode_26.2.app/Contents/Developer/Platforms/iPhoneSimulator.platform/Developer/SDKs/iPhoneSimulator26.2.sdk/System/Library/SubFrameworks (framework directory)
2026-04-22T16:45:06.6092120Z End of search list.
2026-04-22T16:45:06.6255470Z clang -cc1 version 17.0.0 (clang-1700.6.3.2) default target arm64-apple-darwin24.6.0
2026-04-22T16:45:06.6264090Z ignoring nonexistent directory "/Users/runner/work/tcm-storage-ios/tcm-storage-ios/build/Build/Products/Debug-iphonesimulator/include"
2026-04-22T16:45:06.6266720Z ignoring nonexistent directory "/Users/runner/work/tcm-storage-ios/tcm-storage-ios/build/Build/Intermediates.noindex/Nextcloud.build/Debug-iphonesimulator/Nextcloud.build/DerivedSources-normal/arm64"
2026-04-22T16:45:06.6268750Z ignoring nonexistent directory "/Users/runner/work/tcm-storage-ios/tcm-storage-ios/build/Build/Intermediates.noindex/Nextcloud.build/Debug-iphonesimulator/Nextcloud.build/DerivedSources/arm64"
2026-04-22T16:45:06.6269960Z ignoring nonexistent directory "/Applications/Xcode_26.2.app/Contents/Developer/Platforms/iPhoneSimulator.platform/Developer/SDKs/iPhoneSimulator26.2.sdk/usr/local/include"
2026-04-22T16:45:06.6271260Z ignoring nonexistent directory "/Applications/Xcode_26.2.app/Contents/Developer/Platforms/iPhoneSimulator.platform/Developer/SDKs/iPhoneSimulator26.2.sdk/Library/Frameworks"
2026-04-22T16:45:06.6272270Z ignoring duplicate directory "/Users/runner/work/tcm-storage-ios/tcm-storage-ios/build/Build/Products/Debug-iphonesimulator/PackageFrameworks"
2026-04-22T16:45:06.6273100Z ignoring duplicate directory "/Users/runner/work/tcm-storage-ios/tcm-storage-ios/build/Build/Products/Debug-iphonesimulator/PackageFrameworks"
2026-04-22T16:45:06.6273880Z ignoring duplicate directory "/Users/runner/work/tcm-storage-ios/tcm-storage-ios/build/Build/Products/Debug-iphonesimulator/PackageFrameworks"
2026-04-22T16:45:06.6274650Z ignoring duplicate directory "/Users/runner/work/tcm-storage-ios/tcm-storage-ios/build/Build/Products/Debug-iphonesimulator/PackageFrameworks"
2026-04-22T16:45:06.6277380Z ignoring duplicate directory "/Users/runner/work/tcm-storage-ios/tcm-storage-ios/build/Build/Products/Debug-iphonesimulator/PackageFrameworks"
2026-04-22T16:45:06.6278140Z ignoring duplicate directory "/Users/runner/work/tcm-storage-ios/tcm-storage-ios/build/Build/Products/Debug-iphonesimulator/PackageFrameworks"
2026-04-22T16:45:06.6278920Z ignoring duplicate directory "/Users/runner/work/tcm-storage-ios/tcm-storage-ios/build/Build/Products/Debug-iphonesimulator/PackageFrameworks"
2026-04-22T16:45:06.6279650Z ignoring duplicate directory "/Users/runner/work/tcm-storage-ios/tcm-storage-ios/build/Build/Products/Debug-iphonesimulator/PackageFrameworks"
2026-04-22T16:45:06.6280380Z ignoring duplicate directory "/Users/runner/work/tcm-storage-ios/tcm-storage-ios/build/Build/Products/Debug-iphonesimulator/PackageFrameworks"
2026-04-22T16:45:06.6281110Z ignoring duplicate directory "/Users/runner/work/tcm-storage-ios/tcm-storage-ios/build/Build/Products/Debug-iphonesimulator/PackageFrameworks"
2026-04-22T16:45:06.6281840Z ignoring duplicate directory "/Users/runner/work/tcm-storage-ios/tcm-storage-ios/build/Build/Products/Debug-iphonesimulator/PackageFrameworks"
2026-04-22T16:45:06.6282640Z ignoring duplicate directory "/Users/runner/work/tcm-storage-ios/tcm-storage-ios/build/Build/Products/Debug-iphonesimulator/PackageFrameworks"
2026-04-22T16:45:06.6283370Z ignoring duplicate directory "/Users/runner/work/tcm-storage-ios/tcm-storage-ios/build/Build/Products/Debug-iphonesimulator/PackageFrameworks"
2026-04-22T16:45:06.6284100Z ignoring duplicate directory "/Users/runner/work/tcm-storage-ios/tcm-storage-ios/build/Build/Products/Debug-iphonesimulator/PackageFrameworks"
2026-04-22T16:45:06.6284830Z ignoring duplicate directory "/Users/runner/work/tcm-storage-ios/tcm-storage-ios/build/Build/Products/Debug-iphonesimulator/PackageFrameworks"
2026-04-22T16:45:06.6285720Z ignoring duplicate directory "/Users/runner/work/tcm-storage-ios/tcm-storage-ios/build/Build/Products/Debug-iphonesimulator/PackageFrameworks"
2026-04-22T16:45:06.6286450Z ignoring duplicate directory "/Users/runner/work/tcm-storage-ios/tcm-storage-ios/build/Build/Products/Debug-iphonesimulator/PackageFrameworks"
2026-04-22T16:45:06.6287240Z ignoring duplicate directory "/Users/runner/work/tcm-storage-ios/tcm-storage-ios/build/Build/Products/Debug-iphonesimulator/PackageFrameworks"
2026-04-22T16:45:06.6287970Z ignoring duplicate directory "/Users/runner/work/tcm-storage-ios/tcm-storage-ios/build/Build/Products/Debug-iphonesimulator/PackageFrameworks"
2026-04-22T16:45:06.6288700Z ignoring duplicate directory "/Users/runner/work/tcm-storage-ios/tcm-storage-ios/build/Build/Products/Debug-iphonesimulator/PackageFrameworks"
2026-04-22T16:45:06.6289420Z ignoring duplicate directory "/Users/runner/work/tcm-storage-ios/tcm-storage-ios/build/Build/Products/Debug-iphonesimulator/PackageFrameworks"
2026-04-22T16:45:06.6290200Z ignoring duplicate directory "/Users/runner/work/tcm-storage-ios/tcm-storage-ios/build/Build/Products/Debug-iphonesimulator/PackageFrameworks"
2026-04-22T16:45:06.6291030Z ignoring duplicate directory "/Users/runner/work/tcm-storage-ios/tcm-storage-ios/build/Build/Products/Debug-iphonesimulator/PackageFrameworks"
2026-04-22T16:45:06.6292030Z ignoring duplicate directory "/Users/runner/work/tcm-storage-ios/tcm-storage-ios/build/Build/Products/Debug-iphonesimulator/PackageFrameworks"
2026-04-22T16:45:06.6293090Z ignoring duplicate directory "/Users/runner/work/tcm-storage-ios/tcm-storage-ios/build/Build/Products/Debug-iphonesimulator/PackageFrameworks"
2026-04-22T16:45:06.6293940Z ignoring duplicate directory "/Users/runner/work/tcm-storage-ios/tcm-storage-ios/build/Build/Products/Debug-iphonesimulator/PackageFrameworks"
2026-04-22T16:45:06.6294700Z ignoring duplicate directory "/Users/runner/work/tcm-storage-ios/tcm-storage-ios/build/Build/Products/Debug-iphonesimulator/PackageFrameworks"
2026-04-22T16:45:06.6317060Z ignoring duplicate directory "/Users/runner/work/tcm-storage-ios/tcm-storage-ios/build/Build/Products/Debug-iphonesimulator/PackageFrameworks"
2026-04-22T16:45:06.6319600Z ignoring duplicate directory "/Users/runner/work/tcm-storage-ios/tcm-storage-ios/build/Build/Products/Debug-iphonesimulator/PackageFrameworks"
2026-04-22T16:45:06.6320570Z ignoring duplicate directory "/Users/runner/work/tcm-storage-ios/tcm-storage-ios/build/Build/Products/Debug-iphonesimulator/PackageFrameworks"
2026-04-22T16:45:06.6321340Z ignoring duplicate directory "/Users/runner/work/tcm-storage-ios/tcm-storage-ios/build/Build/Products/Debug-iphonesimulator/PackageFrameworks"
2026-04-22T16:45:06.6322080Z ignoring duplicate directory "/Users/runner/work/tcm-storage-ios/tcm-storage-ios/build/Build/Products/Debug-iphonesimulator/PackageFrameworks"
2026-04-22T16:45:06.6322830Z ignoring duplicate directory "/Users/runner/work/tcm-storage-ios/tcm-storage-ios/build/Build/Products/Debug-iphonesimulator/PackageFrameworks"
2026-04-22T16:45:06.6323570Z ignoring duplicate directory "/Users/runner/work/tcm-storage-ios/tcm-storage-ios/build/Build/Products/Debug-iphonesimulator/PackageFrameworks"
2026-04-22T16:45:06.6324320Z ignoring duplicate directory "/Users/runner/work/tcm-storage-ios/tcm-storage-ios/build/Build/Products/Debug-iphonesimulator/PackageFrameworks"
2026-04-22T16:45:06.6325050Z ignoring duplicate directory "/Users/runner/work/tcm-storage-ios/tcm-storage-ios/build/Build/Products/Debug-iphonesimulator/PackageFrameworks"
2026-04-22T16:45:06.6325780Z ignoring duplicate directory "/Users/runner/work/tcm-storage-ios/tcm-storage-ios/build/Build/Products/Debug-iphonesimulator/PackageFrameworks"
2026-04-22T16:45:06.6328540Z ignoring duplicate directory "/Users/runner/work/tcm-storage-ios/tcm-storage-ios/build/Build/Products/Debug-iphonesimulator/PackageFrameworks"
2026-04-22T16:45:06.6329360Z ignoring duplicate directory "/Users/runner/work/tcm-storage-ios/tcm-storage-ios/build/Build/Products/Debug-iphonesimulator/PackageFrameworks"
2026-04-22T16:45:06.6330330Z ignoring duplicate directory "/Users/runner/work/tcm-storage-ios/tcm-storage-ios/build/Build/Products/Debug-iphonesimulator/PackageFrameworks"
2026-04-22T16:45:06.6331070Z ignoring duplicate directory "/Users/runner/work/tcm-storage-ios/tcm-storage-ios/build/Build/Products/Debug-iphonesimulator/PackageFrameworks"
2026-04-22T16:45:06.6331810Z ignoring duplicate directory "/Users/runner/work/tcm-storage-ios/tcm-storage-ios/build/Build/Products/Debug-iphonesimulator/PackageFrameworks"
2026-04-22T16:45:06.6332540Z ignoring duplicate directory "/Users/runner/work/tcm-storage-ios/tcm-storage-ios/build/Build/Products/Debug-iphonesimulator/PackageFrameworks"
2026-04-22T16:45:06.6338880Z ignoring duplicate directory "/Users/runner/work/tcm-storage-ios/tcm-storage-ios/build/Build/Products/Debug-iphonesimulator/PackageFrameworks"
2026-04-22T16:45:06.6339640Z ignoring duplicate directory "/Users/runner/work/tcm-storage-ios/tcm-storage-ios/build/Build/Products/Debug-iphonesimulator/PackageFrameworks"
2026-04-22T16:45:06.6340500Z ignoring duplicate directory "/Users/runner/work/tcm-storage-ios/tcm-storage-ios/build/Build/Products/Debug-iphonesimulator/PackageFrameworks"
2026-04-22T16:45:06.6341240Z ignoring duplicate directory "/Users/runner/work/tcm-storage-ios/tcm-storage-ios/build/Build/Products/Debug-iphonesimulator/PackageFrameworks"
2026-04-22T16:45:06.6341970Z ignoring duplicate directory "/Users/runner/work/tcm-storage-ios/tcm-storage-ios/build/Build/Products/Debug-iphonesimulator/PackageFrameworks"
2026-04-22T16:45:06.6342900Z ignoring duplicate directory "/Users/runner/work/tcm-storage-ios/tcm-storage-ios/build/Build/Products/Debug-iphonesimulator/PackageFrameworks"
2026-04-22T16:45:06.6343720Z ignoring duplicate directory "/Users/runner/work/tcm-storage-ios/tcm-storage-ios/build/Build/Products/Debug-iphonesimulator/PackageFrameworks"
2026-04-22T16:45:06.6344470Z ignoring duplicate directory "/Users/runner/work/tcm-storage-ios/tcm-storage-ios/build/Build/Products/Debug-iphonesimulator/PackageFrameworks"
2026-04-22T16:45:06.6345230Z ignoring duplicate directory "/Users/runner/work/tcm-storage-ios/tcm-storage-ios/build/Build/Products/Debug-iphonesimulator/PackageFrameworks"
2026-04-22T16:45:06.6345970Z ignoring duplicate directory "/Users/runner/work/tcm-storage-ios/tcm-storage-ios/build/Build/Products/Debug-iphonesimulator/PackageFrameworks"
2026-04-22T16:45:06.6346710Z ignoring duplicate directory "/Users/runner/work/tcm-storage-ios/tcm-storage-ios/build/Build/Products/Debug-iphonesimulator/PackageFrameworks"
2026-04-22T16:45:06.6347440Z ignoring duplicate directory "/Users/runner/work/tcm-storage-ios/tcm-storage-ios/build/Build/Products/Debug-iphonesimulator/PackageFrameworks"
2026-04-22T16:45:06.6348180Z ignoring duplicate directory "/Users/runner/work/tcm-storage-ios/tcm-storage-ios/build/Build/Products/Debug-iphonesimulator/PackageFrameworks"
2026-04-22T16:45:06.6348940Z ignoring duplicate directory "/Users/runner/work/tcm-storage-ios/tcm-storage-ios/build/Build/Products/Debug-iphonesimulator/PackageFrameworks"
2026-04-22T16:45:06.6349680Z ignoring duplicate directory "/Users/runner/work/tcm-storage-ios/tcm-storage-ios/build/Build/Products/Debug-iphonesimulator/PackageFrameworks"
2026-04-22T16:45:06.6350460Z ignoring duplicate directory "/Users/runner/work/tcm-storage-ios/tcm-storage-ios/build/Build/Products/Debug-iphonesimulator/PackageFrameworks"
2026-04-22T16:45:06.6351230Z ignoring duplicate directory "/Users/runner/work/tcm-storage-ios/tcm-storage-ios/build/Build/Products/Debug-iphonesimulator/PackageFrameworks"
2026-04-22T16:45:06.6352000Z ignoring duplicate directory "/Users/runner/work/tcm-storage-ios/tcm-storage-ios/build/Build/Products/Debug-iphonesimulator/PackageFrameworks"
2026-04-22T16:45:06.6352770Z ignoring duplicate directory "/Users/runner/work/tcm-storage-ios/tcm-storage-ios/build/Build/Products/Debug-iphonesimulator/PackageFrameworks"
2026-04-22T16:45:06.6353550Z ignoring duplicate directory "/Users/runner/work/tcm-storage-ios/tcm-storage-ios/build/Build/Products/Debug-iphonesimulator/PackageFrameworks"
2026-04-22T16:45:06.6354450Z ignoring duplicate directory "/Users/runner/work/tcm-storage-ios/tcm-storage-ios/build/Build/Products/Debug-iphonesimulator/PackageFrameworks"
2026-04-22T16:45:06.6355230Z ignoring duplicate directory "/Users/runner/work/tcm-storage-ios/tcm-storage-ios/build/Build/Products/Debug-iphonesimulator/PackageFrameworks"
2026-04-22T16:45:06.6355980Z ignoring duplicate directory "/Users/runner/work/tcm-storage-ios/tcm-storage-ios/build/Build/Products/Debug-iphonesimulator/PackageFrameworks"
2026-04-22T16:45:06.6356750Z ignoring duplicate directory "/Users/runner/work/tcm-storage-ios/tcm-storage-ios/build/Build/Products/Debug-iphonesimulator/PackageFrameworks"
2026-04-22T16:45:06.6357540Z ignoring duplicate directory "/Users/runner/work/tcm-storage-ios/tcm-storage-ios/build/Build/Products/Debug-iphonesimulator/PackageFrameworks"
2026-04-22T16:45:06.6358300Z ignoring duplicate directory "/Users/runner/work/tcm-storage-ios/tcm-storage-ios/build/Build/Products/Debug-iphonesimulator/PackageFrameworks"
2026-04-22T16:45:06.6359200Z ignoring duplicate directory "/Users/runner/work/tcm-storage-ios/tcm-storage-ios/build/Build/Products/Debug-iphonesimulator/PackageFrameworks"
2026-04-22T16:45:06.6359990Z ignoring duplicate directory "/Users/runner/work/tcm-storage-ios/tcm-storage-ios/build/Build/Products/Debug-iphonesimulator/PackageFrameworks"
2026-04-22T16:45:06.6360780Z ignoring duplicate directory "/Users/runner/work/tcm-storage-ios/tcm-storage-ios/build/Build/Products/Debug-iphonesimulator/PackageFrameworks"
2026-04-22T16:45:06.6361650Z ignoring duplicate directory "/Users/runner/work/tcm-storage-ios/tcm-storage-ios/build/Build/Products/Debug-iphonesimulator/PackageFrameworks"
2026-04-22T16:45:06.6362440Z ignoring duplicate directory "/Users/runner/work/tcm-storage-ios/tcm-storage-ios/build/Build/Products/Debug-iphonesimulator/PackageFrameworks"
2026-04-22T16:45:06.6363230Z ignoring duplicate directory "/Users/runner/work/tcm-storage-ios/tcm-storage-ios/build/Build/Products/Debug-iphonesimulator/PackageFrameworks"
2026-04-22T16:45:06.6364000Z ignoring duplicate directory "/Users/runner/work/tcm-storage-ios/tcm-storage-ios/build/Build/Products/Debug-iphonesimulator/PackageFrameworks"
2026-04-22T16:45:06.6364470Z #include "..." search starts here:
2026-04-22T16:45:06.6365110Z  /Users/runner/work/tcm-storage-ios/tcm-storage-ios/build/Build/Intermediates.noindex/Nextcloud.build/Debug-iphonesimulator/Nextcloud.build/Nextcloud-generated-files.hmap (headermap)
2026-04-22T16:45:06.6366170Z  /Users/runner/work/tcm-storage-ios/tcm-storage-ios/build/Build/Intermediates.noindex/Nextcloud.build/Debug-iphonesimulator/Nextcloud.build/Nextcloud-project-headers.hmap (headermap)
2026-04-22T16:45:06.6366800Z #include <...> search starts here:
2026-04-22T16:45:06.6367410Z  /Users/runner/work/tcm-storage-ios/tcm-storage-ios/build/Build/Intermediates.noindex/Nextcloud.build/Debug-iphonesimulator/Nextcloud.build/Nextcloud-own-target-headers.hmap (headermap)
2026-04-22T16:45:06.6369970Z  /Users/runner/work/tcm-storage-ios/tcm-storage-ios/build/Build/Intermediates.noindex/Nextcloud.build/Debug-iphonesimulator/Nextcloud.build/Nextcloud-all-non-framework-target-headers.hmap (headermap)
2026-04-22T16:45:06.6372030Z  /Users/runner/work/tcm-storage-ios/tcm-storage-ios/build/SourcePackages/checkouts/swift-nio-ssl/Sources/CNIOBoringSSLShims/include
2026-04-22T16:45:06.6372750Z  /Users/runner/work/tcm-storage-ios/tcm-storage-ios/build/SourcePackages/checkouts/swift-nio-ssl/Sources/CNIOBoringSSL/include
2026-04-22T16:45:06.6373420Z  /Users/runner/work/tcm-storage-ios/tcm-storage-ios/build/SourcePackages/checkouts/swift-atomics/Sources/_AtomicsShims/include
2026-04-22T16:45:06.6374190Z  /Users/runner/work/tcm-storage-ios/tcm-storage-ios/build/SourcePackages/checkouts/swift-nio/Sources/CNIOPosix/include
2026-04-22T16:45:06.6374790Z  /Users/runner/work/tcm-storage-ios/tcm-storage-ios/build/SourcePackages/checkouts/swift-nio/Sources/CNIOWASI/include
2026-04-22T16:45:06.6379330Z  /Users/runner/work/tcm-storage-ios/tcm-storage-ios/build/SourcePackages/checkouts/swift-nio/Sources/CNIOWindows/include
2026-04-22T16:45:06.6383930Z  /Users/runner/work/tcm-storage-ios/tcm-storage-ios/build/SourcePackages/checkouts/swift-nio/Sources/CNIOLinux/include
2026-04-22T16:45:06.6386130Z  /Users/runner/work/tcm-storage-ios/tcm-storage-ios/build/SourcePackages/checkouts/swift-nio/Sources/CNIODarwin/include
2026-04-22T16:45:06.6388300Z  /Users/runner/work/tcm-storage-ios/tcm-storage-ios/build/SourcePackages/checkouts/swift-nio/Sources/CNIOOpenBSD/include
2026-04-22T16:45:06.6394170Z  /Users/runner/work/tcm-storage-ios/tcm-storage-ios/build/SourcePackages/checkouts/swift-nio/Sources/CNIOAtomics/include
2026-04-22T16:45:06.6395390Z  /Users/runner/work/tcm-storage-ios/tcm-storage-ios/build/SourcePackages/checkouts/realm-core/src
2026-04-22T16:45:06.6395950Z  /Users/runner/work/tcm-storage-ios/tcm-storage-ios/build/SourcePackages/checkouts/realm-core/src/external/s2
2026-04-22T16:45:06.6396610Z  /Users/runner/work/tcm-storage-ios/tcm-storage-ios/build/SourcePackages/checkouts/realm-core/src/external/IntelRDFPMathLib20U2/LIBRARY/src
2026-04-22T16:45:06.6397480Z  /Users/runner/work/tcm-storage-ios/tcm-storage-ios/build/SourcePackages/checkouts/realm-core/src/spm
2026-04-22T16:45:06.6398580Z  /Users/runner/work/tcm-storage-ios/tcm-storage-ios/build/SourcePackages/checkouts/realm-swift/include
2026-04-22T16:45:06.6399220Z  /Users/runner/work/tcm-storage-ios/tcm-storage-ios/build/SourcePackages/checkouts/GoogleUtilities/GoogleUtilities/NSData+zlib/Public
2026-04-22T16:45:06.6401170Z  /Users/runner/work/tcm-storage-ios/tcm-storage-ios/build/SourcePackages/checkouts/GoogleUtilities/GoogleUtilities/Logger/Public
2026-04-22T16:45:06.6402480Z  /Users/runner/work/tcm-storage-ios/tcm-storage-ios/build/SourcePackages/checkouts/GoogleUtilities/GoogleUtilities/Environment/Public
2026-04-22T16:45:06.6403270Z  /Users/runner/work/tcm-storage-ios/tcm-storage-ios/build/SourcePackages/checkouts/GoogleUtilities/third_party/IsAppEncrypted/Public
2026-04-22T16:45:06.6404000Z  /Users/runner/work/tcm-storage-ios/tcm-storage-ios/build/SourcePackages/checkouts/GoogleUtilities/GoogleUtilities/UserDefaults/Public
2026-04-22T16:45:06.6404750Z  /Users/runner/work/tcm-storage-ios/tcm-storage-ios/build/SourcePackages/checkouts/nanopb/spm_headers
2026-04-22T16:45:06.6405500Z  /Users/runner/work/tcm-storage-ios/tcm-storage-ios/build/SourcePackages/checkouts/promises/Sources/FBLPromises/include
2026-04-22T16:45:06.6406200Z  /Users/runner/work/tcm-storage-ios/tcm-storage-ios/build/SourcePackages/checkouts/GoogleDataTransport/GoogleDataTransport/GDTCORLibrary/Public
2026-04-22T16:45:06.6406920Z  /Users/runner/work/tcm-storage-ios/tcm-storage-ios/build/SourcePackages/checkouts/firebase-ios-sdk/FirebaseSessions/SourcesObjC
2026-04-22T16:45:06.6409140Z  /Users/runner/work/tcm-storage-ios/tcm-storage-ios/build/SourcePackages/checkouts/firebase-ios-sdk/FirebaseCore/Extension
2026-04-22T16:45:06.6411600Z  /Users/runner/work/tcm-storage-ios/tcm-storage-ios/build/SourcePackages/checkouts/firebase-ios-sdk/FirebaseInstallations/Source/Library/Public
2026-04-22T16:45:06.6412540Z  /Users/runner/work/tcm-storage-ios/tcm-storage-ios/build/SourcePackages/checkouts/firebase-ios-sdk/FirebaseCore/Sources/Public
2026-04-22T16:45:06.6413380Z  /Users/runner/work/tcm-storage-ios/tcm-storage-ios/build/SourcePackages/checkouts/firebase-ios-sdk/CoreOnly/Sources
2026-04-22T16:45:06.6414210Z  /Users/runner/work/tcm-storage-ios/tcm-storage-ios/build/SourcePackages/checkouts/firebase-ios-sdk/Crashlytics/Crashlytics/Public
2026-04-22T16:45:06.6418850Z  /Users/runner/work/tcm-storage-ios/tcm-storage-ios/build/SourcePackages/checkouts/GzipSwift/Sources/system-zlib/include
2026-04-22T16:45:06.6419670Z  /Users/runner/work/tcm-storage-ios/tcm-storage-ios/build/Build/Intermediates.noindex/Nextcloud.build/Debug-iphonesimulator/Nextcloud.build/DerivedSources
2026-04-22T16:45:06.6420500Z  /Users/runner/work/tcm-storage-ios/tcm-storage-ios/build/Build/Products/Debug-iphonesimulator/PackageFrameworks (framework directory)
2026-04-22T16:45:06.6421670Z  /Users/runner/work/tcm-storage-ios/tcm-storage-ios/build/Build/Products/Debug-iphonesimulator (framework directory)
2026-04-22T16:45:06.6422440Z  /Applications/Xcode_26.2.app/Contents/Developer/Platforms/iPhoneSimulator.platform/Developer/Library/Frameworks (framework directory)
2026-04-22T16:45:06.6423390Z  /Applications/Xcode_26.2.app/Contents/Developer/Platforms/iPhoneSimulator.platform/Developer/SDKs/iPhoneSimulator26.2.sdk/Developer/Library/Frameworks (framework directory)
2026-04-22T16:45:06.6424220Z  /Applications/Xcode_26.2.app/Contents/Developer/Toolchains/XcodeDefault.xctoolchain/usr/lib/clang/17/include
2026-04-22T16:45:06.6424890Z  /Applications/Xcode_26.2.app/Contents/Developer/Platforms/iPhoneSimulator.platform/Developer/SDKs/iPhoneSimulator26.2.sdk/usr/include
2026-04-22T16:45:06.6425530Z  /Applications/Xcode_26.2.app/Contents/Developer/Toolchains/XcodeDefault.xctoolchain/usr/include
2026-04-22T16:45:06.6426310Z  /Applications/Xcode_26.2.app/Contents/Developer/Platforms/iPhoneSimulator.platform/Developer/SDKs/iPhoneSimulator26.2.sdk/System/Library/Frameworks (framework directory)
2026-04-22T16:45:06.6427430Z  /Applications/Xcode_26.2.app/Contents/Developer/Platforms/iPhoneSimulator.platform/Developer/SDKs/iPhoneSimulator26.2.sdk/System/Library/SubFrameworks (framework directory)
2026-04-22T16:45:06.6428030Z End of search list.
2026-04-22T16:45:06.6428380Z clang -cc1 version 17.0.0 (clang-1700.6.3.2) default target arm64-apple-darwin24.6.0
2026-04-22T16:45:06.6429070Z ignoring nonexistent directory "/Users/runner/work/tcm-storage-ios/tcm-storage-ios/build/Build/Products/Debug-iphonesimulator/include"
2026-04-22T16:45:06.6431110Z ignoring nonexistent directory "/Users/runner/work/tcm-storage-ios/tcm-storage-ios/build/Build/Intermediates.noindex/Nextcloud.build/Debug-iphonesimulator/Nextcloud.build/DerivedSources-normal/arm64"
2026-04-22T16:45:06.6432350Z ignoring nonexistent directory "/Users/runner/work/tcm-storage-ios/tcm-storage-ios/build/Build/Intermediates.noindex/Nextcloud.build/Debug-iphonesimulator/Nextcloud.build/DerivedSources/arm64"
2026-04-22T16:45:06.6433430Z ignoring nonexistent directory "/Applications/Xcode_26.2.app/Contents/Developer/Platforms/iPhoneSimulator.platform/Developer/SDKs/iPhoneSimulator26.2.sdk/usr/local/include"
2026-04-22T16:45:06.6434460Z ignoring nonexistent directory "/Applications/Xcode_26.2.app/Contents/Developer/Platforms/iPhoneSimulator.platform/Developer/SDKs/iPhoneSimulator26.2.sdk/Library/Frameworks"
2026-04-22T16:45:06.6435450Z ignoring duplicate directory "/Users/runner/work/tcm-storage-ios/tcm-storage-ios/build/Build/Products/Debug-iphonesimulator/PackageFrameworks"
2026-04-22T16:45:06.6440090Z ignoring duplicate directory "/Users/runner/work/tcm-storage-ios/tcm-storage-ios/build/Build/Products/Debug-iphonesimulator/PackageFrameworks"
2026-04-22T16:45:06.6443240Z ignoring duplicate directory "/Users/runner/work/tcm-storage-ios/tcm-storage-ios/build/Build/Products/Debug-iphonesimulator/PackageFrameworks"
2026-04-22T16:45:06.6445200Z ignoring duplicate directory "/Users/runner/work/tcm-storage-ios/tcm-storage-ios/build/Build/Products/Debug-iphonesimulator/PackageFrameworks"
2026-04-22T16:45:06.6445980Z ignoring duplicate directory "/Users/runner/work/tcm-storage-ios/tcm-storage-ios/build/Build/Products/Debug-iphonesimulator/PackageFrameworks"
2026-04-22T16:45:06.6446740Z ignoring duplicate directory "/Users/runner/work/tcm-storage-ios/tcm-storage-ios/build/Build/Products/Debug-iphonesimulator/PackageFrameworks"
2026-04-22T16:45:06.6447480Z ignoring duplicate directory "/Users/runner/work/tcm-storage-ios/tcm-storage-ios/build/Build/Products/Debug-iphonesimulator/PackageFrameworks"
2026-04-22T16:45:06.6448230Z ignoring duplicate directory "/Users/runner/work/tcm-storage-ios/tcm-storage-ios/build/Build/Products/Debug-iphonesimulator/PackageFrameworks"
2026-04-22T16:45:06.6448970Z ignoring duplicate directory "/Users/runner/work/tcm-storage-ios/tcm-storage-ios/build/Build/Products/Debug-iphonesimulator/PackageFrameworks"
2026-04-22T16:45:06.6449950Z ignoring duplicate directory "/Users/runner/work/tcm-storage-ios/tcm-storage-ios/build/Build/Products/Debug-iphonesimulator/PackageFrameworks"
2026-04-22T16:45:06.6451100Z ignoring duplicate directory "/Users/runner/work/tcm-storage-ios/tcm-storage-ios/build/Build/Products/Debug-iphonesimulator/PackageFrameworks"
2026-04-22T16:45:06.6451860Z ignoring duplicate directory "/Users/runner/work/tcm-storage-ios/tcm-storage-ios/build/Build/Products/Debug-iphonesimulator/PackageFrameworks"
2026-04-22T16:45:06.6452640Z ignoring duplicate directory "/Users/runner/work/tcm-storage-ios/tcm-storage-ios/build/Build/Products/Debug-iphonesimulator/PackageFrameworks"
2026-04-22T16:45:06.6453530Z ignoring duplicate directory "/Users/runner/work/tcm-storage-ios/tcm-storage-ios/build/Build/Products/Debug-iphonesimulator/PackageFrameworks"
2026-04-22T16:45:06.6454350Z ignoring duplicate directory "/Users/runner/work/tcm-storage-ios/tcm-storage-ios/build/Build/Products/Debug-iphonesimulator/PackageFrameworks"
2026-04-22T16:45:06.6458490Z ignoring duplicate directory "/Users/runner/work/tcm-storage-ios/tcm-storage-ios/build/Build/Products/Debug-iphonesimulator/PackageFrameworks"
2026-04-22T16:45:06.6460300Z ignoring duplicate directory "/Users/runner/work/tcm-storage-ios/tcm-storage-ios/build/Build/Products/Debug-iphonesimulator/PackageFrameworks"
2026-04-22T16:45:06.6461800Z ignoring duplicate directory "/Users/runner/work/tcm-storage-ios/tcm-storage-ios/build/Build/Products/Debug-iphonesimulator/PackageFrameworks"
2026-04-22T16:45:06.6462820Z ignoring duplicate directory "/Users/runner/work/tcm-storage-ios/tcm-storage-ios/build/Build/Products/Debug-iphonesimulator/PackageFrameworks"
2026-04-22T16:45:06.6464170Z ignoring duplicate directory "/Users/runner/work/tcm-storage-ios/tcm-storage-ios/build/Build/Products/Debug-iphonesimulator/PackageFrameworks"
2026-04-22T16:45:06.6465040Z ignoring duplicate directory "/Users/runner/work/tcm-storage-ios/tcm-storage-ios/build/Build/Products/Debug-iphonesimulator/PackageFrameworks"
2026-04-22T16:45:06.6465970Z ignoring duplicate directory "/Users/runner/work/tcm-storage-ios/tcm-storage-ios/build/Build/Products/Debug-iphonesimulator/PackageFrameworks"
2026-04-22T16:45:06.6466790Z ignoring duplicate directory "/Users/runner/work/tcm-storage-ios/tcm-storage-ios/build/Build/Products/Debug-iphonesimulator/PackageFrameworks"
2026-04-22T16:45:06.6467600Z ignoring duplicate directory "/Users/runner/work/tcm-storage-ios/tcm-storage-ios/build/Build/Products/Debug-iphonesimulator/PackageFrameworks"
2026-04-22T16:45:06.6468390Z ignoring duplicate directory "/Users/runner/work/tcm-storage-ios/tcm-storage-ios/build/Build/Products/Debug-iphonesimulator/PackageFrameworks"
2026-04-22T16:45:06.6469150Z ignoring duplicate directory "/Users/runner/work/tcm-storage-ios/tcm-storage-ios/build/Build/Products/Debug-iphonesimulator/PackageFrameworks"
2026-04-22T16:45:06.6469920Z ignoring duplicate directory "/Users/runner/work/tcm-storage-ios/tcm-storage-ios/build/Build/Products/Debug-iphonesimulator/PackageFrameworks"
2026-04-22T16:45:06.6471130Z ignoring duplicate directory "/Users/runner/work/tcm-storage-ios/tcm-storage-ios/build/Build/Products/Debug-iphonesimulator/PackageFrameworks"
2026-04-22T16:45:06.6472250Z ignoring duplicate directory "/Users/runner/work/tcm-storage-ios/tcm-storage-ios/build/Build/Products/Debug-iphonesimulator/PackageFrameworks"
2026-04-22T16:45:06.6473030Z ignoring duplicate directory "/Users/runner/work/tcm-storage-ios/tcm-storage-ios/build/Build/Products/Debug-iphonesimulator/PackageFrameworks"
2026-04-22T16:45:06.6473910Z ignoring duplicate directory "/Users/runner/work/tcm-storage-ios/tcm-storage-ios/build/Build/Products/Debug-iphonesimulator/PackageFrameworks"
2026-04-22T16:45:06.6474670Z ignoring duplicate directory "/Users/runner/work/tcm-storage-ios/tcm-storage-ios/build/Build/Products/Debug-iphonesimulator/PackageFrameworks"
2026-04-22T16:45:06.6475410Z ignoring duplicate directory "/Users/runner/work/tcm-storage-ios/tcm-storage-ios/build/Build/Products/Debug-iphonesimulator/PackageFrameworks"
2026-04-22T16:45:06.6476300Z ignoring duplicate directory "/Users/runner/work/tcm-storage-ios/tcm-storage-ios/build/Build/Products/Debug-iphonesimulator/PackageFrameworks"
2026-04-22T16:45:06.6477120Z ignoring duplicate directory "/Users/runner/work/tcm-storage-ios/tcm-storage-ios/build/Build/Products/Debug-iphonesimulator/PackageFrameworks"
2026-04-22T16:45:06.6477970Z ignoring duplicate directory "/Users/runner/work/tcm-storage-ios/tcm-storage-ios/build/Build/Products/Debug-iphonesimulator/PackageFrameworks"
2026-04-22T16:45:06.6478840Z ignoring duplicate directory "/Users/runner/work/tcm-storage-ios/tcm-storage-ios/build/Build/Products/Debug-iphonesimulator/PackageFrameworks"
2026-04-22T16:45:06.6479600Z ignoring duplicate directory "/Users/runner/work/tcm-storage-ios/tcm-storage-ios/build/Build/Products/Debug-iphonesimulator/PackageFrameworks"
2026-04-22T16:45:06.6481090Z ignoring duplicate directory "/Users/runner/work/tcm-storage-ios/tcm-storage-ios/build/Build/Products/Debug-iphonesimulator/PackageFrameworks"
2026-04-22T16:45:06.6489200Z ignoring duplicate directory "/Users/runner/work/tcm-storage-ios/tcm-storage-ios/build/Build/Products/Debug-iphonesimulator/PackageFrameworks"
2026-04-22T16:45:06.6490080Z ignoring duplicate directory "/Users/runner/work/tcm-storage-ios/tcm-storage-ios/build/Build/Products/Debug-iphonesimulator/PackageFrameworks"
2026-04-22T16:45:06.6493960Z ignoring duplicate directory "/Users/runner/work/tcm-storage-ios/tcm-storage-ios/build/Build/Products/Debug-iphonesimulator/PackageFrameworks"
2026-04-22T16:45:06.6499360Z ignoring duplicate directory "/Users/runner/work/tcm-storage-ios/tcm-storage-ios/build/Build/Products/Debug-iphonesimulator/PackageFrameworks"
2026-04-22T16:45:06.6502140Z ignoring duplicate directory "/Users/runner/work/tcm-storage-ios/tcm-storage-ios/build/Build/Products/Debug-iphonesimulator/PackageFrameworks"
2026-04-22T16:45:06.6502950Z ignoring duplicate directory "/Users/runner/work/tcm-storage-ios/tcm-storage-ios/build/Build/Products/Debug-iphonesimulator/PackageFrameworks"
2026-04-22T16:45:06.6503700Z ignoring duplicate directory "/Users/runner/work/tcm-storage-ios/tcm-storage-ios/build/Build/Products/Debug-iphonesimulator/PackageFrameworks"
2026-04-22T16:45:06.6504450Z ignoring duplicate directory "/Users/runner/work/tcm-storage-ios/tcm-storage-ios/build/Build/Products/Debug-iphonesimulator/PackageFrameworks"
2026-04-22T16:45:06.6505200Z ignoring duplicate directory "/Users/runner/work/tcm-storage-ios/tcm-storage-ios/build/Build/Products/Debug-iphonesimulator/PackageFrameworks"
2026-04-22T16:45:06.6505970Z ignoring duplicate directory "/Users/runner/work/tcm-storage-ios/tcm-storage-ios/build/Build/Products/Debug-iphonesimulator/PackageFrameworks"
2026-04-22T16:45:06.6506800Z ignoring duplicate directory "/Users/runner/work/tcm-storage-ios/tcm-storage-ios/build/Build/Products/Debug-iphonesimulator/PackageFrameworks"
2026-04-22T16:45:06.6507560Z ignoring duplicate directory "/Users/runner/work/tcm-storage-ios/tcm-storage-ios/build/Build/Products/Debug-iphonesimulator/PackageFrameworks"
2026-04-22T16:45:06.6508310Z ignoring duplicate directory "/Users/runner/work/tcm-storage-ios/tcm-storage-ios/build/Build/Products/Debug-iphonesimulator/PackageFrameworks"
2026-04-22T16:45:06.6509060Z ignoring duplicate directory "/Users/runner/work/tcm-storage-ios/tcm-storage-ios/build/Build/Products/Debug-iphonesimulator/PackageFrameworks"
2026-04-22T16:45:06.6509830Z ignoring duplicate directory "/Users/runner/work/tcm-storage-ios/tcm-storage-ios/build/Build/Products/Debug-iphonesimulator/PackageFrameworks"
2026-04-22T16:45:06.6510600Z ignoring duplicate directory "/Users/runner/work/tcm-storage-ios/tcm-storage-ios/build/Build/Products/Debug-iphonesimulator/PackageFrameworks"
2026-04-22T16:45:06.6511350Z ignoring duplicate directory "/Users/runner/work/tcm-storage-ios/tcm-storage-ios/build/Build/Products/Debug-iphonesimulator/PackageFrameworks"
2026-04-22T16:45:06.6512120Z ignoring duplicate directory "/Users/runner/work/tcm-storage-ios/tcm-storage-ios/build/Build/Products/Debug-iphonesimulator/PackageFrameworks"
2026-04-22T16:45:06.6513040Z ignoring duplicate directory "/Users/runner/work/tcm-storage-ios/tcm-storage-ios/build/Build/Products/Debug-iphonesimulator/PackageFrameworks"
2026-04-22T16:45:06.6513870Z ignoring duplicate directory "/Users/runner/work/tcm-storage-ios/tcm-storage-ios/build/Build/Products/Debug-iphonesimulator/PackageFrameworks"
2026-04-22T16:45:06.6514620Z ignoring duplicate directory "/Users/runner/work/tcm-storage-ios/tcm-storage-ios/build/Build/Products/Debug-iphonesimulator/PackageFrameworks"
2026-04-22T16:45:06.6515380Z ignoring duplicate directory "/Users/runner/work/tcm-storage-ios/tcm-storage-ios/build/Build/Products/Debug-iphonesimulator/PackageFrameworks"
2026-04-22T16:45:06.6516140Z ignoring duplicate directory "/Users/runner/work/tcm-storage-ios/tcm-storage-ios/build/Build/Products/Debug-iphonesimulator/PackageFrameworks"
2026-04-22T16:45:06.6516880Z ignoring duplicate directory "/Users/runner/work/tcm-storage-ios/tcm-storage-ios/build/Build/Products/Debug-iphonesimulator/PackageFrameworks"
2026-04-22T16:45:06.6517810Z ignoring duplicate directory "/Users/runner/work/tcm-storage-ios/tcm-storage-ios/build/Build/Products/Debug-iphonesimulator/PackageFrameworks"
2026-04-22T16:45:06.6518590Z ignoring duplicate directory "/Users/runner/work/tcm-storage-ios/tcm-storage-ios/build/Build/Products/Debug-iphonesimulator/PackageFrameworks"
2026-04-22T16:45:06.6519330Z ignoring duplicate directory "/Users/runner/work/tcm-storage-ios/tcm-storage-ios/build/Build/Products/Debug-iphonesimulator/PackageFrameworks"
2026-04-22T16:45:06.6520190Z ignoring duplicate directory "/Users/runner/work/tcm-storage-ios/tcm-storage-ios/build/Build/Products/Debug-iphonesimulator/PackageFrameworks"
2026-04-22T16:45:06.6521000Z ignoring duplicate directory "/Users/runner/work/tcm-storage-ios/tcm-storage-ios/build/Build/Products/Debug-iphonesimulator/PackageFrameworks"
2026-04-22T16:45:06.6521880Z ignoring duplicate directory "/Users/runner/work/tcm-storage-ios/tcm-storage-ios/build/Build/Products/Debug-iphonesimulator/PackageFrameworks"
2026-04-22T16:45:06.6522640Z ignoring duplicate directory "/Users/runner/work/tcm-storage-ios/tcm-storage-ios/build/Build/Products/Debug-iphonesimulator/PackageFrameworks"
2026-04-22T16:45:06.6523380Z ignoring duplicate directory "/Users/runner/work/tcm-storage-ios/tcm-storage-ios/build/Build/Products/Debug-iphonesimulator/PackageFrameworks"
2026-04-22T16:45:06.6524730Z ignoring duplicate directory "/Users/runner/work/tcm-storage-ios/tcm-storage-ios/build/Build/Products/Debug-iphonesimulator/PackageFrameworks"
2026-04-22T16:45:06.6526780Z ignoring duplicate directory "/Users/runner/work/tcm-storage-ios/tcm-storage-ios/build/Build/Products/Debug-iphonesimulator/PackageFrameworks"
2026-04-22T16:45:06.6527620Z ignoring duplicate directory "/Users/runner/work/tcm-storage-ios/tcm-storage-ios/build/Build/Products/Debug-iphonesimulator/PackageFrameworks"
2026-04-22T16:45:06.6528390Z ignoring duplicate directory "/Users/runner/work/tcm-storage-ios/tcm-storage-ios/build/Build/Products/Debug-iphonesimulator/PackageFrameworks"
2026-04-22T16:45:06.6529160Z ignoring duplicate directory "/Users/runner/work/tcm-storage-ios/tcm-storage-ios/build/Build/Products/Debug-iphonesimulator/PackageFrameworks"
2026-04-22T16:45:06.6529660Z #include "..." search starts here:
2026-04-22T16:45:06.6530260Z  /Users/runner/work/tcm-storage-ios/tcm-storage-ios/build/Build/Intermediates.noindex/Nextcloud.build/Debug-iphonesimulator/Nextcloud.build/Nextcloud-generated-files.hmap (headermap)
2026-04-22T16:45:06.6531300Z  /Users/runner/work/tcm-storage-ios/tcm-storage-ios/build/Build/Intermediates.noindex/Nextcloud.build/Debug-iphonesimulator/Nextcloud.build/Nextcloud-project-headers.hmap (headermap)
2026-04-22T16:45:06.6531890Z #include <...> search starts here:
2026-04-22T16:45:06.6532500Z  /Users/runner/work/tcm-storage-ios/tcm-storage-ios/build/Build/Intermediates.noindex/Nextcloud.build/Debug-iphonesimulator/Nextcloud.build/Nextcloud-own-target-headers.hmap (headermap)
2026-04-22T16:45:06.6533810Z  /Users/runner/work/tcm-storage-ios/tcm-storage-ios/build/Build/Intermediates.noindex/Nextcloud.build/Debug-iphonesimulator/Nextcloud.build/Nextcloud-all-non-framework-target-headers.hmap (headermap)
2026-04-22T16:45:06.6534720Z  /Users/runner/work/tcm-storage-ios/tcm-storage-ios/build/SourcePackages/checkouts/swift-nio-ssl/Sources/CNIOBoringSSLShims/include
2026-04-22T16:45:06.6535410Z  /Users/runner/work/tcm-storage-ios/tcm-storage-ios/build/SourcePackages/checkouts/swift-nio-ssl/Sources/CNIOBoringSSL/include
2026-04-22T16:45:06.6536070Z  /Users/runner/work/tcm-storage-ios/tcm-storage-ios/build/SourcePackages/checkouts/swift-atomics/Sources/_AtomicsShims/include
2026-04-22T16:45:06.6536720Z  /Users/runner/work/tcm-storage-ios/tcm-storage-ios/build/SourcePackages/checkouts/swift-nio/Sources/CNIOPosix/include
2026-04-22T16:45:06.6537330Z  /Users/runner/work/tcm-storage-ios/tcm-storage-ios/build/SourcePackages/checkouts/swift-nio/Sources/CNIOWASI/include
2026-04-22T16:45:06.6537950Z  /Users/runner/work/tcm-storage-ios/tcm-storage-ios/build/SourcePackages/checkouts/swift-nio/Sources/CNIOWindows/include
2026-04-22T16:45:06.6538680Z  /Users/runner/work/tcm-storage-ios/tcm-storage-ios/build/SourcePackages/checkouts/swift-nio/Sources/CNIOLinux/include
2026-04-22T16:45:06.6539320Z  /Users/runner/work/tcm-storage-ios/tcm-storage-ios/build/SourcePackages/checkouts/swift-nio/Sources/CNIODarwin/include
2026-04-22T16:45:06.6539930Z  /Users/runner/work/tcm-storage-ios/tcm-storage-ios/build/SourcePackages/checkouts/swift-nio/Sources/CNIOOpenBSD/include
2026-04-22T16:45:06.6540650Z  /Users/runner/work/tcm-storage-ios/tcm-storage-ios/build/SourcePackages/checkouts/swift-nio/Sources/CNIOAtomics/include
2026-04-22T16:45:06.6541280Z  /Users/runner/work/tcm-storage-ios/tcm-storage-ios/build/SourcePackages/checkouts/realm-core/src
2026-04-22T16:45:06.6541840Z  /Users/runner/work/tcm-storage-ios/tcm-storage-ios/build/SourcePackages/checkouts/realm-core/src/external/s2
2026-04-22T16:45:06.6546390Z  /Users/runner/work/tcm-storage-ios/tcm-storage-ios/build/SourcePackages/checkouts/realm-core/src/external/IntelRDFPMathLib20U2/LIBRARY/src
2026-04-22T16:45:06.6547310Z  /Users/runner/work/tcm-storage-ios/tcm-storage-ios/build/SourcePackages/checkouts/realm-core/src/spm
2026-04-22T16:45:06.6547880Z  /Users/runner/work/tcm-storage-ios/tcm-storage-ios/build/SourcePackages/checkouts/realm-swift/include
2026-04-22T16:45:06.6548530Z  /Users/runner/work/tcm-storage-ios/tcm-storage-ios/build/SourcePackages/checkouts/GoogleUtilities/GoogleUtilities/NSData+zlib/Public
2026-04-22T16:45:06.6550020Z  /Users/runner/work/tcm-storage-ios/tcm-storage-ios/build/SourcePackages/checkouts/GoogleUtilities/GoogleUtilities/Logger/Public
2026-04-22T16:45:06.6551170Z  /Users/runner/work/tcm-storage-ios/tcm-storage-ios/build/SourcePackages/checkouts/GoogleUtilities/GoogleUtilities/Environment/Public
2026-04-22T16:45:06.6551950Z  /Users/runner/work/tcm-storage-ios/tcm-storage-ios/build/SourcePackages/checkouts/GoogleUtilities/third_party/IsAppEncrypted/Public
2026-04-22T16:45:06.6552820Z  /Users/runner/work/tcm-storage-ios/tcm-storage-ios/build/SourcePackages/checkouts/GoogleUtilities/GoogleUtilities/UserDefaults/Public
2026-04-22T16:45:06.6553440Z  /Users/runner/work/tcm-storage-ios/tcm-storage-ios/build/SourcePackages/checkouts/nanopb/spm_headers
2026-04-22T16:45:06.6554010Z  /Users/runner/work/tcm-storage-ios/tcm-storage-ios/build/SourcePackages/checkouts/promises/Sources/FBLPromises/include
2026-04-22T16:45:06.6554710Z  /Users/runner/work/tcm-storage-ios/tcm-storage-ios/build/SourcePackages/checkouts/GoogleDataTransport/GoogleDataTransport/GDTCORLibrary/Public
2026-04-22T16:45:06.6555470Z  /Users/runner/work/tcm-storage-ios/tcm-storage-ios/build/SourcePackages/checkouts/firebase-ios-sdk/FirebaseSessions/SourcesObjC
2026-04-22T16:45:06.6559040Z  /Users/runner/work/tcm-storage-ios/tcm-storage-ios/build/SourcePackages/checkouts/firebase-ios-sdk/FirebaseCore/Extension
2026-04-22T16:45:06.6560040Z  /Users/runner/work/tcm-storage-ios/tcm-storage-ios/build/SourcePackages/checkouts/firebase-ios-sdk/FirebaseInstallations/Source/Library/Public
2026-04-22T16:45:06.6560770Z  /Users/runner/work/tcm-storage-ios/tcm-storage-ios/build/SourcePackages/checkouts/firebase-ios-sdk/FirebaseCore/Sources/Public
2026-04-22T16:45:06.6561570Z  /Users/runner/work/tcm-storage-ios/tcm-storage-ios/build/SourcePackages/checkouts/firebase-ios-sdk/CoreOnly/Sources
2026-04-22T16:45:06.6562460Z  /Users/runner/work/tcm-storage-ios/tcm-storage-ios/build/SourcePackages/checkouts/firebase-ios-sdk/Crashlytics/Crashlytics/Public
2026-04-22T16:45:06.6563150Z  /Users/runner/work/tcm-storage-ios/tcm-storage-ios/build/SourcePackages/checkouts/GzipSwift/Sources/system-zlib/include
2026-04-22T16:45:06.6566520Z  /Users/runner/work/tcm-storage-ios/tcm-storage-ios/build/Build/Intermediates.noindex/Nextcloud.build/Debug-iphonesimulator/Nextcloud.build/DerivedSources
2026-04-22T16:45:06.6567340Z  /Users/runner/work/tcm-storage-ios/tcm-storage-ios/build/Build/Products/Debug-iphonesimulator/PackageFrameworks (framework directory)
2026-04-22T16:45:06.6568020Z  /Users/runner/work/tcm-storage-ios/tcm-storage-ios/build/Build/Products/Debug-iphonesimulator (framework directory)
2026-04-22T16:45:06.6568930Z  /Applications/Xcode_26.2.app/Contents/Developer/Platforms/iPhoneSimulator.platform/Developer/Library/Frameworks (framework directory)
2026-04-22T16:45:06.6569760Z  /Applications/Xcode_26.2.app/Contents/Developer/Platforms/iPhoneSimulator.platform/Developer/SDKs/iPhoneSimulator26.2.sdk/Developer/Library/Frameworks (framework directory)
2026-04-22T16:45:06.6570770Z  /Applications/Xcode_26.2.app/Contents/Developer/Toolchains/XcodeDefault.xctoolchain/usr/lib/clang/17/include
2026-04-22T16:45:06.6571970Z  /Applications/Xcode_26.2.app/Contents/Developer/Platforms/iPhoneSimulator.platform/Developer/SDKs/iPhoneSimulator26.2.sdk/usr/include
2026-04-22T16:45:06.6572600Z  /Applications/Xcode_26.2.app/Contents/Developer/Toolchains/XcodeDefault.xctoolchain/usr/include
2026-04-22T16:45:06.6574100Z  /Applications/Xcode_26.2.app/Contents/Developer/Platforms/iPhoneSimulator.platform/Developer/SDKs/iPhoneSimulator26.2.sdk/System/Library/Frameworks (framework directory)
2026-04-22T16:45:06.6575260Z  /Applications/Xcode_26.2.app/Contents/Developer/Platforms/iPhoneSimulator.platform/Developer/SDKs/iPhoneSimulator26.2.sdk/System/Library/SubFrameworks (framework directory)
2026-04-22T16:45:06.6575830Z End of search list.
2026-04-22T16:45:07.0595990Z clang -cc1 version 17.0.0 (clang-1700.6.3.2) default target arm64-apple-darwin24.6.0
2026-04-22T16:45:07.0602110Z ignoring nonexistent directory "/Users/runner/work/tcm-storage-ios/tcm-storage-ios/build/Build/Products/Debug-iphonesimulator/include"
2026-04-22T16:45:07.0604190Z ignoring nonexistent directory "/Users/runner/work/tcm-storage-ios/tcm-storage-ios/build/Build/Intermediates.noindex/Nextcloud.build/Debug-iphonesimulator/Nextcloud.build/DerivedSources-normal/arm64"
2026-04-22T16:45:07.0608860Z ignoring nonexistent directory "/Users/runner/work/tcm-storage-ios/tcm-storage-ios/build/Build/Intermediates.noindex/Nextcloud.build/Debug-iphonesimulator/Nextcloud.build/DerivedSources/arm64"
2026-04-22T16:45:07.0610180Z ignoring nonexistent directory "/Applications/Xcode_26.2.app/Contents/Developer/Platforms/iPhoneSimulator.platform/Developer/SDKs/iPhoneSimulator26.2.sdk/usr/local/include"
2026-04-22T16:45:07.0611200Z ignoring nonexistent directory "/Applications/Xcode_26.2.app/Contents/Developer/Platforms/iPhoneSimulator.platform/Developer/SDKs/iPhoneSimulator26.2.sdk/Library/Frameworks"
2026-04-22T16:45:07.0612340Z ignoring duplicate directory "/Users/runner/work/tcm-storage-ios/tcm-storage-ios/build/Build/Products/Debug-iphonesimulator/PackageFrameworks"
2026-04-22T16:45:07.0613170Z ignoring duplicate directory "/Users/runner/work/tcm-storage-ios/tcm-storage-ios/build/Build/Products/Debug-iphonesimulator/PackageFrameworks"
2026-04-22T16:45:07.0613940Z ignoring duplicate directory "/Users/runner/work/tcm-storage-ios/tcm-storage-ios/build/Build/Products/Debug-iphonesimulator/PackageFrameworks"
2026-04-22T16:45:07.0615120Z ignoring duplicate directory "/Users/runner/work/tcm-storage-ios/tcm-storage-ios/build/Build/Products/Debug-iphonesimulator/PackageFrameworks"
2026-04-22T16:45:07.0615900Z ignoring duplicate directory "/Users/runner/work/tcm-storage-ios/tcm-storage-ios/build/Build/Products/Debug-iphonesimulator/PackageFrameworks"
2026-04-22T16:45:07.0616670Z ignoring duplicate directory "/Users/runner/work/tcm-storage-ios/tcm-storage-ios/build/Build/Products/Debug-iphonesimulator/PackageFrameworks"
2026-04-22T16:45:07.0617440Z ignoring duplicate directory "/Users/runner/work/tcm-storage-ios/tcm-storage-ios/build/Build/Products/Debug-iphonesimulator/PackageFrameworks"
2026-04-22T16:45:07.0618180Z ignoring duplicate directory "/Users/runner/work/tcm-storage-ios/tcm-storage-ios/build/Build/Products/Debug-iphonesimulator/PackageFrameworks"
2026-04-22T16:45:07.0619010Z ignoring duplicate directory "/Users/runner/work/tcm-storage-ios/tcm-storage-ios/build/Build/Products/Debug-iphonesimulator/PackageFrameworks"
2026-04-22T16:45:07.0619770Z ignoring duplicate directory "/Users/runner/work/tcm-storage-ios/tcm-storage-ios/build/Build/Products/Debug-iphonesimulator/PackageFrameworks"
2026-04-22T16:45:07.0620690Z ignoring duplicate directory "/Users/runner/work/tcm-storage-ios/tcm-storage-ios/build/Build/Products/Debug-iphonesimulator/PackageFrameworks"
2026-04-22T16:45:07.0621460Z ignoring duplicate directory "/Users/runner/work/tcm-storage-ios/tcm-storage-ios/build/Build/Products/Debug-iphonesimulator/PackageFrameworks"
2026-04-22T16:45:07.0622390Z ignoring duplicate directory "/Users/runner/work/tcm-storage-ios/tcm-storage-ios/build/Build/Products/Debug-iphonesimulator/PackageFrameworks"
2026-04-22T16:45:07.0623230Z ignoring duplicate directory "/Users/runner/work/tcm-storage-ios/tcm-storage-ios/build/Build/Products/Debug-iphonesimulator/PackageFrameworks"
2026-04-22T16:45:07.0625600Z ignoring duplicate directory "/Users/runner/work/tcm-storage-ios/tcm-storage-ios/build/Build/Products/Debug-iphonesimulator/PackageFrameworks"
2026-04-22T16:45:07.0629100Z ignoring duplicate directory "/Users/runner/work/tcm-storage-ios/tcm-storage-ios/build/Build/Products/Debug-iphonesimulator/PackageFrameworks"
2026-04-22T16:45:07.0631190Z ignoring duplicate directory "/Users/runner/work/tcm-storage-ios/tcm-storage-ios/build/Build/Products/Debug-iphonesimulator/PackageFrameworks"
2026-04-22T16:45:07.0632740Z ignoring duplicate directory "/Users/runner/work/tcm-storage-ios/tcm-storage-ios/build/Build/Products/Debug-iphonesimulator/PackageFrameworks"
2026-04-22T16:45:07.0633890Z ignoring duplicate directory "/Users/runner/work/tcm-storage-ios/tcm-storage-ios/build/Build/Products/Debug-iphonesimulator/PackageFrameworks"
2026-04-22T16:45:07.0636180Z ignoring duplicate directory "/Users/runner/work/tcm-storage-ios/tcm-storage-ios/build/Build/Products/Debug-iphonesimulator/PackageFrameworks"
2026-04-22T16:45:07.0637040Z ignoring duplicate directory "/Users/runner/work/tcm-storage-ios/tcm-storage-ios/build/Build/Products/Debug-iphonesimulator/PackageFrameworks"
2026-04-22T16:45:07.0637900Z ignoring duplicate directory "/Users/runner/work/tcm-storage-ios/tcm-storage-ios/build/Build/Products/Debug-iphonesimulator/PackageFrameworks"
2026-04-22T16:45:07.0639060Z ignoring duplicate directory "/Users/runner/work/tcm-storage-ios/tcm-storage-ios/build/Build/Products/Debug-iphonesimulator/PackageFrameworks"
2026-04-22T16:45:07.0639870Z ignoring duplicate directory "/Users/runner/work/tcm-storage-ios/tcm-storage-ios/build/Build/Products/Debug-iphonesimulator/PackageFrameworks"
2026-04-22T16:45:07.0643190Z ignoring duplicate directory "/Users/runner/work/tcm-storage-ios/tcm-storage-ios/build/Build/Products/Debug-iphonesimulator/PackageFrameworks"
2026-04-22T16:45:07.0644070Z ignoring duplicate directory "/Users/runner/work/tcm-storage-ios/tcm-storage-ios/build/Build/Products/Debug-iphonesimulator/PackageFrameworks"
2026-04-22T16:45:07.0645000Z ignoring duplicate directory "/Users/runner/work/tcm-storage-ios/tcm-storage-ios/build/Build/Products/Debug-iphonesimulator/PackageFrameworks"
2026-04-22T16:45:07.0646230Z ignoring duplicate directory "/Users/runner/work/tcm-storage-ios/tcm-storage-ios/build/Build/Products/Debug-iphonesimulator/PackageFrameworks"
2026-04-22T16:45:07.0648920Z ignoring duplicate directory "/Users/runner/work/tcm-storage-ios/tcm-storage-ios/build/Build/Products/Debug-iphonesimulator/PackageFrameworks"
2026-04-22T16:45:07.0650430Z ignoring duplicate directory "/Users/runner/work/tcm-storage-ios/tcm-storage-ios/build/Build/Products/Debug-iphonesimulator/PackageFrameworks"
2026-04-22T16:45:07.0651380Z ignoring duplicate directory "/Users/runner/work/tcm-storage-ios/tcm-storage-ios/build/Build/Products/Debug-iphonesimulator/PackageFrameworks"
2026-04-22T16:45:07.0653260Z ignoring duplicate directory "/Users/runner/work/tcm-storage-ios/tcm-storage-ios/build/Build/Products/Debug-iphonesimulator/PackageFrameworks"
2026-04-22T16:45:07.0654070Z ignoring duplicate directory "/Users/runner/work/tcm-storage-ios/tcm-storage-ios/build/Build/Products/Debug-iphonesimulator/PackageFrameworks"
2026-04-22T16:45:07.0660950Z ignoring duplicate directory "/Users/runner/work/tcm-storage-ios/tcm-storage-ios/build/Build/Products/Debug-iphonesimulator/PackageFrameworks"
2026-04-22T16:45:07.0662450Z ignoring duplicate directory "/Users/runner/work/tcm-storage-ios/tcm-storage-ios/build/Build/Products/Debug-iphonesimulator/PackageFrameworks"
2026-04-22T16:45:07.0663340Z ignoring duplicate directory "/Users/runner/work/tcm-storage-ios/tcm-storage-ios/build/Build/Products/Debug-iphonesimulator/PackageFrameworks"
2026-04-22T16:45:07.0665260Z ignoring duplicate directory "/Users/runner/work/tcm-storage-ios/tcm-storage-ios/build/Build/Products/Debug-iphonesimulator/PackageFrameworks"
2026-04-22T16:45:07.0666360Z ignoring duplicate directory "/Users/runner/work/tcm-storage-ios/tcm-storage-ios/build/Build/Products/Debug-iphonesimulator/PackageFrameworks"
2026-04-22T16:45:07.0667160Z ignoring duplicate directory "/Users/runner/work/tcm-storage-ios/tcm-storage-ios/build/Build/Products/Debug-iphonesimulator/PackageFrameworks"
2026-04-22T16:45:07.0667950Z ignoring duplicate directory "/Users/runner/work/tcm-storage-ios/tcm-storage-ios/build/Build/Products/Debug-iphonesimulator/PackageFrameworks"
2026-04-22T16:45:07.0668740Z ignoring duplicate directory "/Users/runner/work/tcm-storage-ios/tcm-storage-ios/build/Build/Products/Debug-iphonesimulator/PackageFrameworks"
2026-04-22T16:45:07.0669560Z ignoring duplicate directory "/Users/runner/work/tcm-storage-ios/tcm-storage-ios/build/Build/Products/Debug-iphonesimulator/PackageFrameworks"
2026-04-22T16:45:07.0670350Z ignoring duplicate directory "/Users/runner/work/tcm-storage-ios/tcm-storage-ios/build/Build/Products/Debug-iphonesimulator/PackageFrameworks"
2026-04-22T16:45:07.0671260Z ignoring duplicate directory "/Users/runner/work/tcm-storage-ios/tcm-storage-ios/build/Build/Products/Debug-iphonesimulator/PackageFrameworks"
2026-04-22T16:45:07.0672150Z ignoring duplicate directory "/Users/runner/work/tcm-storage-ios/tcm-storage-ios/build/Build/Products/Debug-iphonesimulator/PackageFrameworks"
2026-04-22T16:45:07.0672980Z ignoring duplicate directory "/Users/runner/work/tcm-storage-ios/tcm-storage-ios/build/Build/Products/Debug-iphonesimulator/PackageFrameworks"
2026-04-22T16:45:07.0673820Z ignoring duplicate directory "/Users/runner/work/tcm-storage-ios/tcm-storage-ios/build/Build/Products/Debug-iphonesimulator/PackageFrameworks"
2026-04-22T16:45:07.0674590Z ignoring duplicate directory "/Users/runner/work/tcm-storage-ios/tcm-storage-ios/build/Build/Products/Debug-iphonesimulator/PackageFrameworks"
2026-04-22T16:45:07.0675360Z ignoring duplicate directory "/Users/runner/work/tcm-storage-ios/tcm-storage-ios/build/Build/Products/Debug-iphonesimulator/PackageFrameworks"
2026-04-22T16:45:07.0676120Z ignoring duplicate directory "/Users/runner/work/tcm-storage-ios/tcm-storage-ios/build/Build/Products/Debug-iphonesimulator/PackageFrameworks"
2026-04-22T16:45:07.0677080Z ignoring duplicate directory "/Users/runner/work/tcm-storage-ios/tcm-storage-ios/build/Build/Products/Debug-iphonesimulator/PackageFrameworks"
2026-04-22T16:45:07.0677900Z ignoring duplicate directory "/Users/runner/work/tcm-storage-ios/tcm-storage-ios/build/Build/Products/Debug-iphonesimulator/PackageFrameworks"
2026-04-22T16:45:07.0678660Z ignoring duplicate directory "/Users/runner/work/tcm-storage-ios/tcm-storage-ios/build/Build/Products/Debug-iphonesimulator/PackageFrameworks"
2026-04-22T16:45:07.0679440Z ignoring duplicate directory "/Users/runner/work/tcm-storage-ios/tcm-storage-ios/build/Build/Products/Debug-iphonesimulator/PackageFrameworks"
2026-04-22T16:45:07.0680230Z ignoring duplicate directory "/Users/runner/work/tcm-storage-ios/tcm-storage-ios/build/Build/Products/Debug-iphonesimulator/PackageFrameworks"
2026-04-22T16:45:07.0681020Z ignoring duplicate directory "/Users/runner/work/tcm-storage-ios/tcm-storage-ios/build/Build/Products/Debug-iphonesimulator/PackageFrameworks"
2026-04-22T16:45:07.0681800Z ignoring duplicate directory "/Users/runner/work/tcm-storage-ios/tcm-storage-ios/build/Build/Products/Debug-iphonesimulator/PackageFrameworks"
2026-04-22T16:45:07.0682750Z ignoring duplicate directory "/Users/runner/work/tcm-storage-ios/tcm-storage-ios/build/Build/Products/Debug-iphonesimulator/PackageFrameworks"
2026-04-22T16:45:07.0683530Z ignoring duplicate directory "/Users/runner/work/tcm-storage-ios/tcm-storage-ios/build/Build/Products/Debug-iphonesimulator/PackageFrameworks"
2026-04-22T16:45:07.0684290Z ignoring duplicate directory "/Users/runner/work/tcm-storage-ios/tcm-storage-ios/build/Build/Products/Debug-iphonesimulator/PackageFrameworks"
2026-04-22T16:45:07.0685390Z ignoring duplicate directory "/Users/runner/work/tcm-storage-ios/tcm-storage-ios/build/Build/Products/Debug-iphonesimulator/PackageFrameworks"
2026-04-22T16:45:07.0686610Z ignoring duplicate directory "/Users/runner/work/tcm-storage-ios/tcm-storage-ios/build/Build/Products/Debug-iphonesimulator/PackageFrameworks"
2026-04-22T16:45:07.0689720Z ignoring duplicate directory "/Users/runner/work/tcm-storage-ios/tcm-storage-ios/build/Build/Products/Debug-iphonesimulator/PackageFrameworks"
2026-04-22T16:45:07.0691390Z ignoring duplicate directory "/Users/runner/work/tcm-storage-ios/tcm-storage-ios/build/Build/Products/Debug-iphonesimulator/PackageFrameworks"
2026-04-22T16:45:07.0692450Z ignoring duplicate directory "/Users/runner/work/tcm-storage-ios/tcm-storage-ios/build/Build/Products/Debug-iphonesimulator/PackageFrameworks"
2026-04-22T16:45:07.0693210Z ignoring duplicate directory "/Users/runner/work/tcm-storage-ios/tcm-storage-ios/build/Build/Products/Debug-iphonesimulator/PackageFrameworks"
2026-04-22T16:45:07.0695410Z ignoring duplicate directory "/Users/runner/work/tcm-storage-ios/tcm-storage-ios/build/Build/Products/Debug-iphonesimulator/PackageFrameworks"
2026-04-22T16:45:07.0698430Z ignoring duplicate directory "/Users/runner/work/tcm-storage-ios/tcm-storage-ios/build/Build/Products/Debug-iphonesimulator/PackageFrameworks"
2026-04-22T16:45:07.0700610Z ignoring duplicate directory "/Users/runner/work/tcm-storage-ios/tcm-storage-ios/build/Build/Products/Debug-iphonesimulator/PackageFrameworks"
2026-04-22T16:45:07.0702810Z ignoring duplicate directory "/Users/runner/work/tcm-storage-ios/tcm-storage-ios/build/Build/Products/Debug-iphonesimulator/PackageFrameworks"
2026-04-22T16:45:07.0704940Z ignoring duplicate directory "/Users/runner/work/tcm-storage-ios/tcm-storage-ios/build/Build/Products/Debug-iphonesimulator/PackageFrameworks"
2026-04-22T16:45:07.0717590Z ignoring duplicate directory "/Users/runner/work/tcm-storage-ios/tcm-storage-ios/build/Build/Products/Debug-iphonesimulator/PackageFrameworks"
2026-04-22T16:45:07.0718510Z ignoring duplicate directory "/Users/runner/work/tcm-storage-ios/tcm-storage-ios/build/Build/Products/Debug-iphonesimulator/PackageFrameworks"
2026-04-22T16:45:07.0719290Z ignoring duplicate directory "/Users/runner/work/tcm-storage-ios/tcm-storage-ios/build/Build/Products/Debug-iphonesimulator/PackageFrameworks"
2026-04-22T16:45:07.0720270Z ignoring duplicate directory "/Users/runner/work/tcm-storage-ios/tcm-storage-ios/build/Build/Products/Debug-iphonesimulator/PackageFrameworks"
2026-04-22T16:45:07.0721300Z ignoring duplicate directory "/Users/runner/work/tcm-storage-ios/tcm-storage-ios/build/Build/Products/Debug-iphonesimulator/PackageFrameworks"
2026-04-22T16:45:07.0721800Z #include "..." search starts here:
2026-04-22T16:45:07.0722400Z  /Users/runner/work/tcm-storage-ios/tcm-storage-ios/build/Build/Intermediates.noindex/Nextcloud.build/Debug-iphonesimulator/Nextcloud.build/Nextcloud-generated-files.hmap (headermap)
2026-04-22T16:45:07.0723460Z  /Users/runner/work/tcm-storage-ios/tcm-storage-ios/build/Build/Intermediates.noindex/Nextcloud.build/Debug-iphonesimulator/Nextcloud.build/Nextcloud-project-headers.hmap (headermap)
2026-04-22T16:45:07.0724060Z #include <...> search starts here:
2026-04-22T16:45:07.0724640Z  /Users/runner/work/tcm-storage-ios/tcm-storage-ios/build/Build/Intermediates.noindex/Nextcloud.build/Debug-iphonesimulator/Nextcloud.build/Nextcloud-own-target-headers.hmap (headermap)
2026-04-22T16:45:07.0725890Z  /Users/runner/work/tcm-storage-ios/tcm-storage-ios/build/Build/Intermediates.noindex/Nextcloud.build/Debug-iphonesimulator/Nextcloud.build/Nextcloud-all-non-framework-target-headers.hmap (headermap)
2026-04-22T16:45:07.0726900Z  /Users/runner/work/tcm-storage-ios/tcm-storage-ios/build/SourcePackages/checkouts/swift-nio-ssl/Sources/CNIOBoringSSLShims/include
2026-04-22T16:45:07.0727570Z  /Users/runner/work/tcm-storage-ios/tcm-storage-ios/build/SourcePackages/checkouts/swift-nio-ssl/Sources/CNIOBoringSSL/include
2026-04-22T16:45:07.0728460Z  /Users/runner/work/tcm-storage-ios/tcm-storage-ios/build/SourcePackages/checkouts/swift-atomics/Sources/_AtomicsShims/include
2026-04-22T16:45:07.0729270Z  /Users/runner/work/tcm-storage-ios/tcm-storage-ios/build/SourcePackages/checkouts/swift-nio/Sources/CNIOPosix/include
2026-04-22T16:45:07.0729900Z  /Users/runner/work/tcm-storage-ios/tcm-storage-ios/build/SourcePackages/checkouts/swift-nio/Sources/CNIOWASI/include
2026-04-22T16:45:07.0730530Z  /Users/runner/work/tcm-storage-ios/tcm-storage-ios/build/SourcePackages/checkouts/swift-nio/Sources/CNIOWindows/include
2026-04-22T16:45:07.0731140Z  /Users/runner/work/tcm-storage-ios/tcm-storage-ios/build/SourcePackages/checkouts/swift-nio/Sources/CNIOLinux/include
2026-04-22T16:45:07.0731750Z  /Users/runner/work/tcm-storage-ios/tcm-storage-ios/build/SourcePackages/checkouts/swift-nio/Sources/CNIODarwin/include
2026-04-22T16:45:07.0732360Z  /Users/runner/work/tcm-storage-ios/tcm-storage-ios/build/SourcePackages/checkouts/swift-nio/Sources/CNIOOpenBSD/include
2026-04-22T16:45:07.0733080Z  /Users/runner/work/tcm-storage-ios/tcm-storage-ios/build/SourcePackages/checkouts/swift-nio/Sources/CNIOAtomics/include
2026-04-22T16:45:07.0733620Z  /Users/runner/work/tcm-storage-ios/tcm-storage-ios/build/SourcePackages/checkouts/realm-core/src
2026-04-22T16:45:07.0734140Z  /Users/runner/work/tcm-storage-ios/tcm-storage-ios/build/SourcePackages/checkouts/realm-core/src/external/s2
2026-04-22T16:45:07.0734780Z  /Users/runner/work/tcm-storage-ios/tcm-storage-ios/build/SourcePackages/checkouts/realm-core/src/external/IntelRDFPMathLib20U2/LIBRARY/src
2026-04-22T16:45:07.0735400Z  /Users/runner/work/tcm-storage-ios/tcm-storage-ios/build/SourcePackages/checkouts/realm-core/src/spm
2026-04-22T16:45:07.0735900Z  /Users/runner/work/tcm-storage-ios/tcm-storage-ios/build/SourcePackages/checkouts/realm-swift/include
2026-04-22T16:45:07.0736510Z  /Users/runner/work/tcm-storage-ios/tcm-storage-ios/build/SourcePackages/checkouts/GoogleUtilities/GoogleUtilities/NSData+zlib/Public
2026-04-22T16:45:07.0737200Z  /Users/runner/work/tcm-storage-ios/tcm-storage-ios/build/SourcePackages/checkouts/GoogleUtilities/GoogleUtilities/Logger/Public
2026-04-22T16:45:07.0737880Z  /Users/runner/work/tcm-storage-ios/tcm-storage-ios/build/SourcePackages/checkouts/GoogleUtilities/GoogleUtilities/Environment/Public
2026-04-22T16:45:07.0738570Z  /Users/runner/work/tcm-storage-ios/tcm-storage-ios/build/SourcePackages/checkouts/GoogleUtilities/third_party/IsAppEncrypted/Public
2026-04-22T16:45:07.0739480Z  /Users/runner/work/tcm-storage-ios/tcm-storage-ios/build/SourcePackages/checkouts/GoogleUtilities/GoogleUtilities/UserDefaults/Public
2026-04-22T16:45:07.0740080Z  /Users/runner/work/tcm-storage-ios/tcm-storage-ios/build/SourcePackages/checkouts/nanopb/spm_headers
2026-04-22T16:45:07.0740650Z  /Users/runner/work/tcm-storage-ios/tcm-storage-ios/build/SourcePackages/checkouts/promises/Sources/FBLPromises/include
2026-04-22T16:45:07.0741380Z  /Users/runner/work/tcm-storage-ios/tcm-storage-ios/build/SourcePackages/checkouts/GoogleDataTransport/GoogleDataTransport/GDTCORLibrary/Public
2026-04-22T16:45:07.0742110Z  /Users/runner/work/tcm-storage-ios/tcm-storage-ios/build/SourcePackages/checkouts/firebase-ios-sdk/FirebaseSessions/SourcesObjC
2026-04-22T16:45:07.0742770Z  /Users/runner/work/tcm-storage-ios/tcm-storage-ios/build/SourcePackages/checkouts/firebase-ios-sdk/FirebaseCore/Extension
2026-04-22T16:45:07.0743470Z  /Users/runner/work/tcm-storage-ios/tcm-storage-ios/build/SourcePackages/checkouts/firebase-ios-sdk/FirebaseInstallations/Source/Library/Public
2026-04-22T16:45:07.0744380Z  /Users/runner/work/tcm-storage-ios/tcm-storage-ios/build/SourcePackages/checkouts/firebase-ios-sdk/FirebaseCore/Sources/Public
2026-04-22T16:45:07.0745050Z  /Users/runner/work/tcm-storage-ios/tcm-storage-ios/build/SourcePackages/checkouts/firebase-ios-sdk/CoreOnly/Sources
2026-04-22T16:45:07.0745700Z  /Users/runner/work/tcm-storage-ios/tcm-storage-ios/build/SourcePackages/checkouts/firebase-ios-sdk/Crashlytics/Crashlytics/Public
2026-04-22T16:45:07.0746460Z  /Users/runner/work/tcm-storage-ios/tcm-storage-ios/build/SourcePackages/checkouts/GzipSwift/Sources/system-zlib/include
2026-04-22T16:45:07.0747260Z  /Users/runner/work/tcm-storage-ios/tcm-storage-ios/build/Build/Intermediates.noindex/Nextcloud.build/Debug-iphonesimulator/Nextcloud.build/DerivedSources
2026-04-22T16:45:07.0748050Z  /Users/runner/work/tcm-storage-ios/tcm-storage-ios/build/Build/Products/Debug-iphonesimulator/PackageFrameworks (framework directory)
2026-04-22T16:45:07.0748760Z  /Users/runner/work/tcm-storage-ios/tcm-storage-ios/build/Build/Products/Debug-iphonesimulator (framework directory)
2026-04-22T16:45:07.0749990Z  /Applications/Xcode_26.2.app/Contents/Developer/Platforms/iPhoneSimulator.platform/Developer/Library/Frameworks (framework directory)
2026-04-22T16:45:07.0750840Z  /Applications/Xcode_26.2.app/Contents/Developer/Platforms/iPhoneSimulator.platform/Developer/SDKs/iPhoneSimulator26.2.sdk/Developer/Library/Frameworks (framework directory)
2026-04-22T16:45:07.0751610Z  /Applications/Xcode_26.2.app/Contents/Developer/Toolchains/XcodeDefault.xctoolchain/usr/lib/clang/17/include
2026-04-22T16:45:07.0752250Z  /Applications/Xcode_26.2.app/Contents/Developer/Platforms/iPhoneSimulator.platform/Developer/SDKs/iPhoneSimulator26.2.sdk/usr/include
2026-04-22T16:45:07.0752850Z  /Applications/Xcode_26.2.app/Contents/Developer/Toolchains/XcodeDefault.xctoolchain/usr/include
2026-04-22T16:45:07.0753560Z  /Applications/Xcode_26.2.app/Contents/Developer/Platforms/iPhoneSimulator.platform/Developer/SDKs/iPhoneSimulator26.2.sdk/System/Library/Frameworks (framework directory)
2026-04-22T16:45:07.0754530Z  /Applications/Xcode_26.2.app/Contents/Developer/Platforms/iPhoneSimulator.platform/Developer/SDKs/iPhoneSimulator26.2.sdk/System/Library/SubFrameworks (framework directory)
2026-04-22T16:45:07.0755100Z End of search list.
2026-04-22T16:45:07.0846300Z clang -cc1 version 17.0.0 (clang-1700.6.3.2) default target arm64-apple-darwin24.6.0
2026-04-22T16:45:07.0862680Z ignoring nonexistent directory "/Users/runner/work/tcm-storage-ios/tcm-storage-ios/build/Build/Products/Debug-iphonesimulator/include"
2026-04-22T16:45:07.0892260Z ignoring nonexistent directory "/Users/runner/work/tcm-storage-ios/tcm-storage-ios/build/Build/Intermediates.noindex/Nextcloud.build/Debug-iphonesimulator/Nextcloud.build/DerivedSources-normal/arm64"
2026-04-22T16:45:07.0894450Z ignoring nonexistent directory "/Users/runner/work/tcm-storage-ios/tcm-storage-ios/build/Build/Intermediates.noindex/Nextcloud.build/Debug-iphonesimulator/Nextcloud.build/DerivedSources/arm64"
2026-04-22T16:45:07.0896940Z ignoring nonexistent directory "/Applications/Xcode_26.2.app/Contents/Developer/Platforms/iPhoneSimulator.platform/Developer/SDKs/iPhoneSimulator26.2.sdk/usr/local/include"
2026-04-22T16:45:07.0897940Z ignoring nonexistent directory "/Applications/Xcode_26.2.app/Contents/Developer/Platforms/iPhoneSimulator.platform/Developer/SDKs/iPhoneSimulator26.2.sdk/Library/Frameworks"
2026-04-22T16:45:07.0898800Z ignoring duplicate directory "/Users/runner/work/tcm-storage-ios/tcm-storage-ios/build/Build/Products/Debug-iphonesimulator/PackageFrameworks"
2026-04-22T16:45:07.0899560Z ignoring duplicate directory "/Users/runner/work/tcm-storage-ios/tcm-storage-ios/build/Build/Products/Debug-iphonesimulator/PackageFrameworks"
2026-04-22T16:45:07.0902700Z ignoring duplicate directory "/Users/runner/work/tcm-storage-ios/tcm-storage-ios/build/Build/Products/Debug-iphonesimulator/PackageFrameworks"
2026-04-22T16:45:07.0906740Z ignoring duplicate directory "/Users/runner/work/tcm-storage-ios/tcm-storage-ios/build/Build/Products/Debug-iphonesimulator/PackageFrameworks"
2026-04-22T16:45:07.0907760Z ignoring duplicate directory "/Users/runner/work/tcm-storage-ios/tcm-storage-ios/build/Build/Products/Debug-iphonesimulator/PackageFrameworks"
2026-04-22T16:45:07.0908740Z ignoring duplicate directory "/Users/runner/work/tcm-storage-ios/tcm-storage-ios/build/Build/Products/Debug-iphonesimulator/PackageFrameworks"
2026-04-22T16:45:07.0909610Z ignoring duplicate directory "/Users/runner/work/tcm-storage-ios/tcm-storage-ios/build/Build/Products/Debug-iphonesimulator/PackageFrameworks"
2026-04-22T16:45:07.0910500Z ignoring duplicate directory "/Users/runner/work/tcm-storage-ios/tcm-storage-ios/build/Build/Products/Debug-iphonesimulator/PackageFrameworks"
2026-04-22T16:45:07.0911310Z ignoring duplicate directory "/Users/runner/work/tcm-storage-ios/tcm-storage-ios/build/Build/Products/Debug-iphonesimulator/PackageFrameworks"
2026-04-22T16:45:07.0912590Z ignoring duplicate directory "/Users/runner/work/tcm-storage-ios/tcm-storage-ios/build/Build/Products/Debug-iphonesimulator/PackageFrameworks"
2026-04-22T16:45:07.0915060Z ignoring duplicate directory "/Users/runner/work/tcm-storage-ios/tcm-storage-ios/build/Build/Products/Debug-iphonesimulator/PackageFrameworks"
2026-04-22T16:45:07.0915790Z ignoring duplicate directory "/Users/runner/work/tcm-storage-ios/tcm-storage-ios/build/Build/Products/Debug-iphonesimulator/PackageFrameworks"
2026-04-22T16:45:07.0916530Z ignoring duplicate directory "/Users/runner/work/tcm-storage-ios/tcm-storage-ios/build/Build/Products/Debug-iphonesimulator/PackageFrameworks"
2026-04-22T16:45:07.0917270Z ignoring duplicate directory "/Users/runner/work/tcm-storage-ios/tcm-storage-ios/build/Build/Products/Debug-iphonesimulator/PackageFrameworks"
2026-04-22T16:45:07.0921210Z ignoring duplicate directory "/Users/runner/work/tcm-storage-ios/tcm-storage-ios/build/Build/Products/Debug-iphonesimulator/PackageFrameworks"
2026-04-22T16:45:07.0922040Z ignoring duplicate directory "/Users/runner/work/tcm-storage-ios/tcm-storage-ios/build/Build/Products/Debug-iphonesimulator/PackageFrameworks"
2026-04-22T16:45:07.0922830Z ignoring duplicate directory "/Users/runner/work/tcm-storage-ios/tcm-storage-ios/build/Build/Products/Debug-iphonesimulator/PackageFrameworks"
2026-04-22T16:45:07.0925140Z ignoring duplicate directory "/Users/runner/work/tcm-storage-ios/tcm-storage-ios/build/Build/Products/Debug-iphonesimulator/PackageFrameworks"
2026-04-22T16:45:07.0927400Z ignoring duplicate directory "/Users/runner/work/tcm-storage-ios/tcm-storage-ios/build/Build/Products/Debug-iphonesimulator/PackageFrameworks"
2026-04-22T16:45:07.0928240Z ignoring duplicate directory "/Users/runner/work/tcm-storage-ios/tcm-storage-ios/build/Build/Products/Debug-iphonesimulator/PackageFrameworks"
2026-04-22T16:45:07.0930500Z ignoring duplicate directory "/Users/runner/work/tcm-storage-ios/tcm-storage-ios/build/Build/Products/Debug-iphonesimulator/PackageFrameworks"
2026-04-22T16:45:07.0931480Z ignoring duplicate directory "/Users/runner/work/tcm-storage-ios/tcm-storage-ios/build/Build/Products/Debug-iphonesimulator/PackageFrameworks"
2026-04-22T16:45:07.0932210Z ignoring duplicate directory "/Users/runner/work/tcm-storage-ios/tcm-storage-ios/build/Build/Products/Debug-iphonesimulator/PackageFrameworks"
2026-04-22T16:45:07.0932940Z ignoring duplicate directory "/Users/runner/work/tcm-storage-ios/tcm-storage-ios/build/Build/Products/Debug-iphonesimulator/PackageFrameworks"
2026-04-22T16:45:07.0933670Z ignoring duplicate directory "/Users/runner/work/tcm-storage-ios/tcm-storage-ios/build/Build/Products/Debug-iphonesimulator/PackageFrameworks"
2026-04-22T16:45:07.0935850Z ignoring duplicate directory "/Users/runner/work/tcm-storage-ios/tcm-storage-ios/build/Build/Products/Debug-iphonesimulator/PackageFrameworks"
2026-04-22T16:45:07.0936610Z ignoring duplicate directory "/Users/runner/work/tcm-storage-ios/tcm-storage-ios/build/Build/Products/Debug-iphonesimulator/PackageFrameworks"
2026-04-22T16:45:07.0937510Z ignoring duplicate directory "/Users/runner/work/tcm-storage-ios/tcm-storage-ios/build/Build/Products/Debug-iphonesimulator/PackageFrameworks"
2026-04-22T16:45:07.0938260Z ignoring duplicate directory "/Users/runner/work/tcm-storage-ios/tcm-storage-ios/build/Build/Products/Debug-iphonesimulator/PackageFrameworks"
2026-04-22T16:45:07.0939030Z ignoring duplicate directory "/Users/runner/work/tcm-storage-ios/tcm-storage-ios/build/Build/Products/Debug-iphonesimulator/PackageFrameworks"
2026-04-22T16:45:07.0939860Z ignoring duplicate directory "/Users/runner/work/tcm-storage-ios/tcm-storage-ios/build/Build/Products/Debug-iphonesimulator/PackageFrameworks"
2026-04-22T16:45:07.0943360Z ignoring duplicate directory "/Users/runner/work/tcm-storage-ios/tcm-storage-ios/build/Build/Products/Debug-iphonesimulator/PackageFrameworks"
2026-04-22T16:45:07.0944520Z ignoring duplicate directory "/Users/runner/work/tcm-storage-ios/tcm-storage-ios/build/Build/Products/Debug-iphonesimulator/PackageFrameworks"
2026-04-22T16:45:07.0946830Z ignoring duplicate directory "/Users/runner/work/tcm-storage-ios/tcm-storage-ios/build/Build/Products/Debug-iphonesimulator/PackageFrameworks"
2026-04-22T16:45:07.0948030Z ignoring duplicate directory "/Users/runner/work/tcm-storage-ios/tcm-storage-ios/build/Build/Products/Debug-iphonesimulator/PackageFrameworks"
2026-04-22T16:45:07.0950150Z ignoring duplicate directory "/Users/runner/work/tcm-storage-ios/tcm-storage-ios/build/Build/Products/Debug-iphonesimulator/PackageFrameworks"
2026-04-22T16:45:07.0950910Z ignoring duplicate directory "/Users/runner/work/tcm-storage-ios/tcm-storage-ios/build/Build/Products/Debug-iphonesimulator/PackageFrameworks"
2026-04-22T16:45:07.0951690Z ignoring duplicate directory "/Users/runner/work/tcm-storage-ios/tcm-storage-ios/build/Build/Products/Debug-iphonesimulator/PackageFrameworks"
2026-04-22T16:45:07.0952580Z ignoring duplicate directory "/Users/runner/work/tcm-storage-ios/tcm-storage-ios/build/Build/Products/Debug-iphonesimulator/PackageFrameworks"
2026-04-22T16:45:07.0953340Z ignoring duplicate directory "/Users/runner/work/tcm-storage-ios/tcm-storage-ios/build/Build/Products/Debug-iphonesimulator/PackageFrameworks"
2026-04-22T16:45:07.0955740Z ignoring duplicate directory "/Users/runner/work/tcm-storage-ios/tcm-storage-ios/build/Build/Products/Debug-iphonesimulator/PackageFrameworks"
2026-04-22T16:45:07.0957500Z ignoring duplicate directory "/Users/runner/work/tcm-storage-ios/tcm-storage-ios/build/Build/Products/Debug-iphonesimulator/PackageFrameworks"
2026-04-22T16:45:07.0958320Z ignoring duplicate directory "/Users/runner/work/tcm-storage-ios/tcm-storage-ios/build/Build/Products/Debug-iphonesimulator/PackageFrameworks"
2026-04-22T16:45:07.0959090Z ignoring duplicate directory "/Users/runner/work/tcm-storage-ios/tcm-storage-ios/build/Build/Products/Debug-iphonesimulator/PackageFrameworks"
2026-04-22T16:45:07.0960010Z ignoring duplicate directory "/Users/runner/work/tcm-storage-ios/tcm-storage-ios/build/Build/Products/Debug-iphonesimulator/PackageFrameworks"
2026-04-22T16:45:07.0960770Z ignoring duplicate directory "/Users/runner/work/tcm-storage-ios/tcm-storage-ios/build/Build/Products/Debug-iphonesimulator/PackageFrameworks"
2026-04-22T16:45:07.0961520Z ignoring duplicate directory "/Users/runner/work/tcm-storage-ios/tcm-storage-ios/build/Build/Products/Debug-iphonesimulator/PackageFrameworks"
2026-04-22T16:45:07.0962260Z ignoring duplicate directory "/Users/runner/work/tcm-storage-ios/tcm-storage-ios/build/Build/Products/Debug-iphonesimulator/PackageFrameworks"
2026-04-22T16:45:07.0963020Z ignoring duplicate directory "/Users/runner/work/tcm-storage-ios/tcm-storage-ios/build/Build/Products/Debug-iphonesimulator/PackageFrameworks"
2026-04-22T16:45:07.0963770Z ignoring duplicate directory "/Users/runner/work/tcm-storage-ios/tcm-storage-ios/build/Build/Products/Debug-iphonesimulator/PackageFrameworks"
2026-04-22T16:45:07.0964510Z ignoring duplicate directory "/Users/runner/work/tcm-storage-ios/tcm-storage-ios/build/Build/Products/Debug-iphonesimulator/PackageFrameworks"
2026-04-22T16:45:07.0965320Z ignoring duplicate directory "/Users/runner/work/tcm-storage-ios/tcm-storage-ios/build/Build/Products/Debug-iphonesimulator/PackageFrameworks"
2026-04-22T16:45:07.0966080Z ignoring duplicate directory "/Users/runner/work/tcm-storage-ios/tcm-storage-ios/build/Build/Products/Debug-iphonesimulator/PackageFrameworks"
2026-04-22T16:45:07.0966840Z ignoring duplicate directory "/Users/runner/work/tcm-storage-ios/tcm-storage-ios/build/Build/Products/Debug-iphonesimulator/PackageFrameworks"
2026-04-22T16:45:07.0967810Z ignoring duplicate directory "/Users/runner/work/tcm-storage-ios/tcm-storage-ios/build/Build/Products/Debug-iphonesimulator/PackageFrameworks"
2026-04-22T16:45:07.0968550Z ignoring duplicate directory "/Users/runner/work/tcm-storage-ios/tcm-storage-ios/build/Build/Products/Debug-iphonesimulator/PackageFrameworks"
2026-04-22T16:45:07.0969320Z ignoring duplicate directory "/Users/runner/work/tcm-storage-ios/tcm-storage-ios/build/Build/Products/Debug-iphonesimulator/PackageFrameworks"
2026-04-22T16:45:07.0970050Z ignoring duplicate directory "/Users/runner/work/tcm-storage-ios/tcm-storage-ios/build/Build/Products/Debug-iphonesimulator/PackageFrameworks"
2026-04-22T16:45:07.0970830Z ignoring duplicate directory "/Users/runner/work/tcm-storage-ios/tcm-storage-ios/build/Build/Products/Debug-iphonesimulator/PackageFrameworks"
2026-04-22T16:45:07.0971600Z ignoring duplicate directory "/Users/runner/work/tcm-storage-ios/tcm-storage-ios/build/Build/Products/Debug-iphonesimulator/PackageFrameworks"
2026-04-22T16:45:07.0972370Z ignoring duplicate directory "/Users/runner/work/tcm-storage-ios/tcm-storage-ios/build/Build/Products/Debug-iphonesimulator/PackageFrameworks"
2026-04-22T16:45:07.0973130Z ignoring duplicate directory "/Users/runner/work/tcm-storage-ios/tcm-storage-ios/build/Build/Products/Debug-iphonesimulator/PackageFrameworks"
2026-04-22T16:45:07.0973890Z ignoring duplicate directory "/Users/runner/work/tcm-storage-ios/tcm-storage-ios/build/Build/Products/Debug-iphonesimulator/PackageFrameworks"
2026-04-22T16:45:07.0974620Z ignoring duplicate directory "/Users/runner/work/tcm-storage-ios/tcm-storage-ios/build/Build/Products/Debug-iphonesimulator/PackageFrameworks"
2026-04-22T16:45:07.0975370Z ignoring duplicate directory "/Users/runner/work/tcm-storage-ios/tcm-storage-ios/build/Build/Products/Debug-iphonesimulator/PackageFrameworks"
2026-04-22T16:45:07.0976120Z ignoring duplicate directory "/Users/runner/work/tcm-storage-ios/tcm-storage-ios/build/Build/Products/Debug-iphonesimulator/PackageFrameworks"
2026-04-22T16:45:07.0976890Z ignoring duplicate directory "/Users/runner/work/tcm-storage-ios/tcm-storage-ios/build/Build/Products/Debug-iphonesimulator/PackageFrameworks"
2026-04-22T16:45:07.0977630Z ignoring duplicate directory "/Users/runner/work/tcm-storage-ios/tcm-storage-ios/build/Build/Products/Debug-iphonesimulator/PackageFrameworks"
2026-04-22T16:45:07.0978590Z ignoring duplicate directory "/Users/runner/work/tcm-storage-ios/tcm-storage-ios/build/Build/Products/Debug-iphonesimulator/PackageFrameworks"
2026-04-22T16:45:07.0979330Z ignoring duplicate directory "/Users/runner/work/tcm-storage-ios/tcm-storage-ios/build/Build/Products/Debug-iphonesimulator/PackageFrameworks"
2026-04-22T16:45:07.0980080Z ignoring duplicate directory "/Users/runner/work/tcm-storage-ios/tcm-storage-ios/build/Build/Products/Debug-iphonesimulator/PackageFrameworks"
2026-04-22T16:45:07.0981020Z ignoring duplicate directory "/Users/runner/work/tcm-storage-ios/tcm-storage-ios/build/Build/Products/Debug-iphonesimulator/PackageFrameworks"
2026-04-22T16:45:07.0981900Z ignoring duplicate directory "/Users/runner/work/tcm-storage-ios/tcm-storage-ios/build/Build/Products/Debug-iphonesimulator/PackageFrameworks"
2026-04-22T16:45:07.0982660Z ignoring duplicate directory "/Users/runner/work/tcm-storage-ios/tcm-storage-ios/build/Build/Products/Debug-iphonesimulator/PackageFrameworks"
2026-04-22T16:45:07.0983560Z ignoring duplicate directory "/Users/runner/work/tcm-storage-ios/tcm-storage-ios/build/Build/Products/Debug-iphonesimulator/PackageFrameworks"
2026-04-22T16:45:07.0984420Z ignoring duplicate directory "/Users/runner/work/tcm-storage-ios/tcm-storage-ios/build/Build/Products/Debug-iphonesimulator/PackageFrameworks"
2026-04-22T16:45:07.0984890Z #include "..." search starts here:
2026-04-22T16:45:07.0986460Z  /Users/runner/work/tcm-storage-ios/tcm-storage-ios/build/Build/Intermediates.noindex/Nextcloud.build/Debug-iphonesimulator/Nextcloud.build/Nextcloud-generated-files.hmap (headermap)
2026-04-22T16:45:07.0987730Z  /Users/runner/work/tcm-storage-ios/tcm-storage-ios/build/Build/Intermediates.noindex/Nextcloud.build/Debug-iphonesimulator/Nextcloud.build/Nextcloud-project-headers.hmap (headermap)
2026-04-22T16:45:07.0988330Z #include <...> search starts here:
2026-04-22T16:45:07.0988950Z  /Users/runner/work/tcm-storage-ios/tcm-storage-ios/build/Build/Intermediates.noindex/Nextcloud.build/Debug-iphonesimulator/Nextcloud.build/Nextcloud-own-target-headers.hmap (headermap)
2026-04-22T16:45:07.0993080Z  /Users/runner/work/tcm-storage-ios/tcm-storage-ios/build/Build/Intermediates.noindex/Nextcloud.build/Debug-iphonesimulator/Nextcloud.build/Nextcloud-all-non-framework-target-headers.hmap (headermap)
2026-04-22T16:45:07.0994020Z  /Users/runner/work/tcm-storage-ios/tcm-storage-ios/build/SourcePackages/checkouts/swift-nio-ssl/Sources/CNIOBoringSSLShims/include
2026-04-22T16:45:07.0994740Z  /Users/runner/work/tcm-storage-ios/tcm-storage-ios/build/SourcePackages/checkouts/swift-nio-ssl/Sources/CNIOBoringSSL/include
2026-04-22T16:45:07.0995390Z  /Users/runner/work/tcm-storage-ios/tcm-storage-ios/build/SourcePackages/checkouts/swift-atomics/Sources/_AtomicsShims/include
2026-04-22T16:45:07.0996020Z  /Users/runner/work/tcm-storage-ios/tcm-storage-ios/build/SourcePackages/checkouts/swift-nio/Sources/CNIOPosix/include
2026-04-22T16:45:07.0996620Z  /Users/runner/work/tcm-storage-ios/tcm-storage-ios/build/SourcePackages/checkouts/swift-nio/Sources/CNIOWASI/include
2026-04-22T16:45:07.0997330Z  /Users/runner/work/tcm-storage-ios/tcm-storage-ios/build/SourcePackages/checkouts/swift-nio/Sources/CNIOWindows/include
2026-04-22T16:45:07.0997950Z  /Users/runner/work/tcm-storage-ios/tcm-storage-ios/build/SourcePackages/checkouts/swift-nio/Sources/CNIOLinux/include
2026-04-22T16:45:07.0998560Z  /Users/runner/work/tcm-storage-ios/tcm-storage-ios/build/SourcePackages/checkouts/swift-nio/Sources/CNIODarwin/include
2026-04-22T16:45:07.0999200Z  /Users/runner/work/tcm-storage-ios/tcm-storage-ios/build/SourcePackages/checkouts/swift-nio/Sources/CNIOOpenBSD/include
2026-04-22T16:45:07.0999830Z  /Users/runner/work/tcm-storage-ios/tcm-storage-ios/build/SourcePackages/checkouts/swift-nio/Sources/CNIOAtomics/include
2026-04-22T16:45:07.1000590Z  /Users/runner/work/tcm-storage-ios/tcm-storage-ios/build/SourcePackages/checkouts/realm-core/src
2026-04-22T16:45:07.1001160Z  /Users/runner/work/tcm-storage-ios/tcm-storage-ios/build/SourcePackages/checkouts/realm-core/src/external/s2
2026-04-22T16:45:07.1001960Z  /Users/runner/work/tcm-storage-ios/tcm-storage-ios/build/SourcePackages/checkouts/realm-core/src/external/IntelRDFPMathLib20U2/LIBRARY/src
2026-04-22T16:45:07.1002630Z  /Users/runner/work/tcm-storage-ios/tcm-storage-ios/build/SourcePackages/checkouts/realm-core/src/spm
2026-04-22T16:45:07.1003150Z  /Users/runner/work/tcm-storage-ios/tcm-storage-ios/build/SourcePackages/checkouts/realm-swift/include
2026-04-22T16:45:07.1003760Z  /Users/runner/work/tcm-storage-ios/tcm-storage-ios/build/SourcePackages/checkouts/GoogleUtilities/GoogleUtilities/NSData+zlib/Public
2026-04-22T16:45:07.1004450Z  /Users/runner/work/tcm-storage-ios/tcm-storage-ios/build/SourcePackages/checkouts/GoogleUtilities/GoogleUtilities/Logger/Public
2026-04-22T16:45:07.1005130Z  /Users/runner/work/tcm-storage-ios/tcm-storage-ios/build/SourcePackages/checkouts/GoogleUtilities/GoogleUtilities/Environment/Public
2026-04-22T16:45:07.1005810Z  /Users/runner/work/tcm-storage-ios/tcm-storage-ios/build/SourcePackages/checkouts/GoogleUtilities/third_party/IsAppEncrypted/Public
2026-04-22T16:45:07.1006620Z  /Users/runner/work/tcm-storage-ios/tcm-storage-ios/build/SourcePackages/checkouts/GoogleUtilities/GoogleUtilities/UserDefaults/Public
2026-04-22T16:45:07.1007230Z  /Users/runner/work/tcm-storage-ios/tcm-storage-ios/build/SourcePackages/checkouts/nanopb/spm_headers
2026-04-22T16:45:07.1007800Z  /Users/runner/work/tcm-storage-ios/tcm-storage-ios/build/SourcePackages/checkouts/promises/Sources/FBLPromises/include
2026-04-22T16:45:07.1008630Z  /Users/runner/work/tcm-storage-ios/tcm-storage-ios/build/SourcePackages/checkouts/GoogleDataTransport/GoogleDataTransport/GDTCORLibrary/Public
2026-04-22T16:45:07.1009470Z  /Users/runner/work/tcm-storage-ios/tcm-storage-ios/build/SourcePackages/checkouts/firebase-ios-sdk/FirebaseSessions/SourcesObjC
2026-04-22T16:45:07.1010130Z  /Users/runner/work/tcm-storage-ios/tcm-storage-ios/build/SourcePackages/checkouts/firebase-ios-sdk/FirebaseCore/Extension
2026-04-22T16:45:07.1011100Z  /Users/runner/work/tcm-storage-ios/tcm-storage-ios/build/SourcePackages/checkouts/firebase-ios-sdk/FirebaseInstallations/Source/Library/Public
2026-04-22T16:45:07.1011820Z  /Users/runner/work/tcm-storage-ios/tcm-storage-ios/build/SourcePackages/checkouts/firebase-ios-sdk/FirebaseCore/Sources/Public
2026-04-22T16:45:07.1012090Z  /Users/runner/work/tcm-storage-ios/tcm-storage-ios/build/SourcePackages/checkouts/firebase-ios-sdk/CoreOnly/Sources
2026-04-22T16:45:07.1012390Z  /Users/runner/work/tcm-storage-ios/tcm-storage-ios/build/SourcePackages/checkouts/firebase-ios-sdk/Crashlytics/Crashlytics/Public
2026-04-22T16:45:07.1012670Z  /Users/runner/work/tcm-storage-ios/tcm-storage-ios/build/SourcePackages/checkouts/GzipSwift/Sources/system-zlib/include
2026-04-22T16:45:07.1013050Z  /Users/runner/work/tcm-storage-ios/tcm-storage-ios/build/Build/Intermediates.noindex/Nextcloud.build/Debug-iphonesimulator/Nextcloud.build/DerivedSources
2026-04-22T16:45:07.1013370Z  /Users/runner/work/tcm-storage-ios/tcm-storage-ios/build/Build/Products/Debug-iphonesimulator/PackageFrameworks (framework directory)
2026-04-22T16:45:07.1013640Z  /Users/runner/work/tcm-storage-ios/tcm-storage-ios/build/Build/Products/Debug-iphonesimulator (framework directory)
2026-04-22T16:45:07.1013960Z  /Applications/Xcode_26.2.app/Contents/Developer/Platforms/iPhoneSimulator.platform/Developer/Library/Frameworks (framework directory)
2026-04-22T16:45:07.1014390Z  /Applications/Xcode_26.2.app/Contents/Developer/Platforms/iPhoneSimulator.platform/Developer/SDKs/iPhoneSimulator26.2.sdk/Developer/Library/Frameworks (framework directory)
2026-04-22T16:45:07.1014660Z  /Applications/Xcode_26.2.app/Contents/Developer/Toolchains/XcodeDefault.xctoolchain/usr/lib/clang/17/include
2026-04-22T16:45:07.1015000Z  /Applications/Xcode_26.2.app/Contents/Developer/Platforms/iPhoneSimulator.platform/Developer/SDKs/iPhoneSimulator26.2.sdk/usr/include
2026-04-22T16:45:07.1015230Z  /Applications/Xcode_26.2.app/Contents/Developer/Toolchains/XcodeDefault.xctoolchain/usr/include
2026-04-22T16:45:07.1015790Z  /Applications/Xcode_26.2.app/Contents/Developer/Platforms/iPhoneSimulator.platform/Developer/SDKs/iPhoneSimulator26.2.sdk/System/Library/Frameworks (framework directory)
2026-04-22T16:45:07.1016220Z  /Applications/Xcode_26.2.app/Contents/Developer/Platforms/iPhoneSimulator.platform/Developer/SDKs/iPhoneSimulator26.2.sdk/System/Library/SubFrameworks (framework directory)
2026-04-22T16:45:07.1016300Z End of search list.
2026-04-22T16:45:07.1167850Z clang -cc1 version 17.0.0 (clang-1700.6.3.2) default target arm64-apple-darwin24.6.0
2026-04-22T16:45:07.1168960Z ignoring nonexistent directory "/Users/runner/work/tcm-storage-ios/tcm-storage-ios/build/Build/Products/Debug-iphonesimulator/include"
2026-04-22T16:45:07.1170910Z ignoring nonexistent directory "/Users/runner/work/tcm-storage-ios/tcm-storage-ios/build/Build/Intermediates.noindex/Nextcloud.build/Debug-iphonesimulator/Nextcloud.build/DerivedSources-normal/arm64"
2026-04-22T16:45:07.1172350Z ignoring nonexistent directory "/Users/runner/work/tcm-storage-ios/tcm-storage-ios/build/Build/Intermediates.noindex/Nextcloud.build/Debug-iphonesimulator/Nextcloud.build/DerivedSources/arm64"
2026-04-22T16:45:07.1174290Z ignoring nonexistent directory "/Applications/Xcode_26.2.app/Contents/Developer/Platforms/iPhoneSimulator.platform/Developer/SDKs/iPhoneSimulator26.2.sdk/usr/local/include"
2026-04-22T16:45:07.1175680Z ignoring nonexistent directory "/Applications/Xcode_26.2.app/Contents/Developer/Platforms/iPhoneSimulator.platform/Developer/SDKs/iPhoneSimulator26.2.sdk/Library/Frameworks"
2026-04-22T16:45:07.1176930Z ignoring duplicate directory "/Users/runner/work/tcm-storage-ios/tcm-storage-ios/build/Build/Products/Debug-iphonesimulator/PackageFrameworks"
2026-04-22T16:45:07.1181260Z ignoring duplicate directory "/Users/runner/work/tcm-storage-ios/tcm-storage-ios/build/Build/Products/Debug-iphonesimulator/PackageFrameworks"
2026-04-22T16:45:07.1181700Z ignoring duplicate directory "/Users/runner/work/tcm-storage-ios/tcm-storage-ios/build/Build/Products/Debug-iphonesimulator/PackageFrameworks"
2026-04-22T16:45:07.1182070Z ignoring duplicate directory "/Users/runner/work/tcm-storage-ios/tcm-storage-ios/build/Build/Products/Debug-iphonesimulator/PackageFrameworks"
2026-04-22T16:45:07.1182560Z ignoring duplicate directory "/Users/runner/work/tcm-storage-ios/tcm-storage-ios/build/Build/Products/Debug-iphonesimulator/PackageFrameworks"
2026-04-22T16:45:07.1182910Z ignoring duplicate directory "/Users/runner/work/tcm-storage-ios/tcm-storage-ios/build/Build/Products/Debug-iphonesimulator/PackageFrameworks"
2026-04-22T16:45:07.1183250Z ignoring duplicate directory "/Users/runner/work/tcm-storage-ios/tcm-storage-ios/build/Build/Products/Debug-iphonesimulator/PackageFrameworks"
2026-04-22T16:45:07.1183660Z ignoring duplicate directory "/Users/runner/work/tcm-storage-ios/tcm-storage-ios/build/Build/Products/Debug-iphonesimulator/PackageFrameworks"
2026-04-22T16:45:07.1184010Z ignoring duplicate directory "/Users/runner/work/tcm-storage-ios/tcm-storage-ios/build/Build/Products/Debug-iphonesimulator/PackageFrameworks"
2026-04-22T16:45:07.1185060Z ignoring duplicate directory "/Users/runner/work/tcm-storage-ios/tcm-storage-ios/build/Build/Products/Debug-iphonesimulator/PackageFrameworks"
2026-04-22T16:45:07.1185490Z ignoring duplicate directory "/Users/runner/work/tcm-storage-ios/tcm-storage-ios/build/Build/Products/Debug-iphonesimulator/PackageFrameworks"
2026-04-22T16:45:07.1185840Z ignoring duplicate directory "/Users/runner/work/tcm-storage-ios/tcm-storage-ios/build/Build/Products/Debug-iphonesimulator/PackageFrameworks"
2026-04-22T16:45:07.1186940Z ignoring duplicate directory "/Users/runner/work/tcm-storage-ios/tcm-storage-ios/build/Build/Products/Debug-iphonesimulator/PackageFrameworks"
2026-04-22T16:45:07.1188020Z ignoring duplicate directory "/Users/runner/work/tcm-storage-ios/tcm-storage-ios/build/Build/Products/Debug-iphonesimulator/PackageFrameworks"
2026-04-22T16:45:07.1189140Z ignoring duplicate directory "/Users/runner/work/tcm-storage-ios/tcm-storage-ios/build/Build/Products/Debug-iphonesimulator/PackageFrameworks"
2026-04-22T16:45:07.1189730Z ignoring duplicate directory "/Users/runner/work/tcm-storage-ios/tcm-storage-ios/build/Build/Products/Debug-iphonesimulator/PackageFrameworks"
2026-04-22T16:45:07.1190070Z ignoring duplicate directory "/Users/runner/work/tcm-storage-ios/tcm-storage-ios/build/Build/Products/Debug-iphonesimulator/PackageFrameworks"
2026-04-22T16:45:07.1190410Z ignoring duplicate directory "/Users/runner/work/tcm-storage-ios/tcm-storage-ios/build/Build/Products/Debug-iphonesimulator/PackageFrameworks"
2026-04-22T16:45:07.1190830Z ignoring duplicate directory "/Users/runner/work/tcm-storage-ios/tcm-storage-ios/build/Build/Products/Debug-iphonesimulator/PackageFrameworks"
2026-04-22T16:45:07.1191190Z ignoring duplicate directory "/Users/runner/work/tcm-storage-ios/tcm-storage-ios/build/Build/Products/Debug-iphonesimulator/PackageFrameworks"
2026-04-22T16:45:07.1191650Z ignoring duplicate directory "/Users/runner/work/tcm-storage-ios/tcm-storage-ios/build/Build/Products/Debug-iphonesimulator/PackageFrameworks"
2026-04-22T16:45:07.1192060Z ignoring duplicate directory "/Users/runner/work/tcm-storage-ios/tcm-storage-ios/build/Build/Products/Debug-iphonesimulator/PackageFrameworks"
2026-04-22T16:45:07.1192410Z ignoring duplicate directory "/Users/runner/work/tcm-storage-ios/tcm-storage-ios/build/Build/Products/Debug-iphonesimulator/PackageFrameworks"
2026-04-22T16:45:07.1192750Z ignoring duplicate directory "/Users/runner/work/tcm-storage-ios/tcm-storage-ios/build/Build/Products/Debug-iphonesimulator/PackageFrameworks"
2026-04-22T16:45:07.1193310Z ignoring duplicate directory "/Users/runner/work/tcm-storage-ios/tcm-storage-ios/build/Build/Products/Debug-iphonesimulator/PackageFrameworks"
2026-04-22T16:45:07.1193710Z ignoring duplicate directory "/Users/runner/work/tcm-storage-ios/tcm-storage-ios/build/Build/Products/Debug-iphonesimulator/PackageFrameworks"
2026-04-22T16:45:07.1194040Z ignoring duplicate directory "/Users/runner/work/tcm-storage-ios/tcm-storage-ios/build/Build/Products/Debug-iphonesimulator/PackageFrameworks"
2026-04-22T16:45:07.1194460Z ignoring duplicate directory "/Users/runner/work/tcm-storage-ios/tcm-storage-ios/build/Build/Products/Debug-iphonesimulator/PackageFrameworks"
2026-04-22T16:45:07.1194790Z ignoring duplicate directory "/Users/runner/work/tcm-storage-ios/tcm-storage-ios/build/Build/Products/Debug-iphonesimulator/PackageFrameworks"
2026-04-22T16:45:07.1195130Z ignoring duplicate directory "/Users/runner/work/tcm-storage-ios/tcm-storage-ios/build/Build/Products/Debug-iphonesimulator/PackageFrameworks"
2026-04-22T16:45:07.1195460Z ignoring duplicate directory "/Users/runner/work/tcm-storage-ios/tcm-storage-ios/build/Build/Products/Debug-iphonesimulator/PackageFrameworks"
2026-04-22T16:45:07.1195790Z ignoring duplicate directory "/Users/runner/work/tcm-storage-ios/tcm-storage-ios/build/Build/Products/Debug-iphonesimulator/PackageFrameworks"
2026-04-22T16:45:07.1196130Z ignoring duplicate directory "/Users/runner/work/tcm-storage-ios/tcm-storage-ios/build/Build/Products/Debug-iphonesimulator/PackageFrameworks"
2026-04-22T16:45:07.1196460Z ignoring duplicate directory "/Users/runner/work/tcm-storage-ios/tcm-storage-ios/build/Build/Products/Debug-iphonesimulator/PackageFrameworks"
2026-04-22T16:45:07.1196790Z ignoring duplicate directory "/Users/runner/work/tcm-storage-ios/tcm-storage-ios/build/Build/Products/Debug-iphonesimulator/PackageFrameworks"
2026-04-22T16:45:07.1197130Z ignoring duplicate directory "/Users/runner/work/tcm-storage-ios/tcm-storage-ios/build/Build/Products/Debug-iphonesimulator/PackageFrameworks"
2026-04-22T16:45:07.1197470Z ignoring duplicate directory "/Users/runner/work/tcm-storage-ios/tcm-storage-ios/build/Build/Products/Debug-iphonesimulator/PackageFrameworks"
2026-04-22T16:45:07.1198440Z ignoring duplicate directory "/Users/runner/work/tcm-storage-ios/tcm-storage-ios/build/Build/Products/Debug-iphonesimulator/PackageFrameworks"
2026-04-22T16:45:07.1200350Z ignoring duplicate directory "/Users/runner/work/tcm-storage-ios/tcm-storage-ios/build/Build/Products/Debug-iphonesimulator/PackageFrameworks"
2026-04-22T16:45:07.1201480Z ignoring duplicate directory "/Users/runner/work/tcm-storage-ios/tcm-storage-ios/build/Build/Products/Debug-iphonesimulator/PackageFrameworks"
2026-04-22T16:45:07.1201900Z ignoring duplicate directory "/Users/runner/work/tcm-storage-ios/tcm-storage-ios/build/Build/Products/Debug-iphonesimulator/PackageFrameworks"
2026-04-22T16:45:07.1202230Z ignoring duplicate directory "/Users/runner/work/tcm-storage-ios/tcm-storage-ios/build/Build/Products/Debug-iphonesimulator/PackageFrameworks"
2026-04-22T16:45:07.1202570Z ignoring duplicate directory "/Users/runner/work/tcm-storage-ios/tcm-storage-ios/build/Build/Products/Debug-iphonesimulator/PackageFrameworks"
2026-04-22T16:45:07.1203290Z ignoring duplicate directory "/Users/runner/work/tcm-storage-ios/tcm-storage-ios/build/Build/Products/Debug-iphonesimulator/PackageFrameworks"
2026-04-22T16:45:07.1203640Z ignoring duplicate directory "/Users/runner/work/tcm-storage-ios/tcm-storage-ios/build/Build/Products/Debug-iphonesimulator/PackageFrameworks"
2026-04-22T16:45:07.1204160Z ignoring duplicate directory "/Users/runner/work/tcm-storage-ios/tcm-storage-ios/build/Build/Products/Debug-iphonesimulator/PackageFrameworks"
2026-04-22T16:45:07.1204770Z ignoring duplicate directory "/Users/runner/work/tcm-storage-ios/tcm-storage-ios/build/Build/Products/Debug-iphonesimulator/PackageFrameworks"
2026-04-22T16:45:07.1205110Z ignoring duplicate directory "/Users/runner/work/tcm-storage-ios/tcm-storage-ios/build/Build/Products/Debug-iphonesimulator/PackageFrameworks"
2026-04-22T16:45:07.1205580Z ignoring duplicate directory "/Users/runner/work/tcm-storage-ios/tcm-storage-ios/build/Build/Products/Debug-iphonesimulator/PackageFrameworks"
2026-04-22T16:45:07.1205920Z ignoring duplicate directory "/Users/runner/work/tcm-storage-ios/tcm-storage-ios/build/Build/Products/Debug-iphonesimulator/PackageFrameworks"
2026-04-22T16:45:07.1206250Z ignoring duplicate directory "/Users/runner/work/tcm-storage-ios/tcm-storage-ios/build/Build/Products/Debug-iphonesimulator/PackageFrameworks"
2026-04-22T16:45:07.1206670Z ignoring duplicate directory "/Users/runner/work/tcm-storage-ios/tcm-storage-ios/build/Build/Products/Debug-iphonesimulator/PackageFrameworks"
2026-04-22T16:45:07.1207000Z ignoring duplicate directory "/Users/runner/work/tcm-storage-ios/tcm-storage-ios/build/Build/Products/Debug-iphonesimulator/PackageFrameworks"
2026-04-22T16:45:07.1207320Z ignoring duplicate directory "/Users/runner/work/tcm-storage-ios/tcm-storage-ios/build/Build/Products/Debug-iphonesimulator/PackageFrameworks"
2026-04-22T16:45:07.1207650Z ignoring duplicate directory "/Users/runner/work/tcm-storage-ios/tcm-storage-ios/build/Build/Products/Debug-iphonesimulator/PackageFrameworks"
2026-04-22T16:45:07.1207990Z ignoring duplicate directory "/Users/runner/work/tcm-storage-ios/tcm-storage-ios/build/Build/Products/Debug-iphonesimulator/PackageFrameworks"
2026-04-22T16:45:07.1208320Z ignoring duplicate directory "/Users/runner/work/tcm-storage-ios/tcm-storage-ios/build/Build/Products/Debug-iphonesimulator/PackageFrameworks"
2026-04-22T16:45:07.1208650Z ignoring duplicate directory "/Users/runner/work/tcm-storage-ios/tcm-storage-ios/build/Build/Products/Debug-iphonesimulator/PackageFrameworks"
2026-04-22T16:45:07.1208980Z ignoring duplicate directory "/Users/runner/work/tcm-storage-ios/tcm-storage-ios/build/Build/Products/Debug-iphonesimulator/PackageFrameworks"
2026-04-22T16:45:07.1209320Z ignoring duplicate directory "/Users/runner/work/tcm-storage-ios/tcm-storage-ios/build/Build/Products/Debug-iphonesimulator/PackageFrameworks"
2026-04-22T16:45:07.1209650Z ignoring duplicate directory "/Users/runner/work/tcm-storage-ios/tcm-storage-ios/build/Build/Products/Debug-iphonesimulator/PackageFrameworks"
2026-04-22T16:45:07.1209990Z ignoring duplicate directory "/Users/runner/work/tcm-storage-ios/tcm-storage-ios/build/Build/Products/Debug-iphonesimulator/PackageFrameworks"
2026-04-22T16:45:07.1210400Z ignoring duplicate directory "/Users/runner/work/tcm-storage-ios/tcm-storage-ios/build/Build/Products/Debug-iphonesimulator/PackageFrameworks"
2026-04-22T16:45:07.1210730Z ignoring duplicate directory "/Users/runner/work/tcm-storage-ios/tcm-storage-ios/build/Build/Products/Debug-iphonesimulator/PackageFrameworks"
2026-04-22T16:45:07.1211070Z ignoring duplicate directory "/Users/runner/work/tcm-storage-ios/tcm-storage-ios/build/Build/Products/Debug-iphonesimulator/PackageFrameworks"
2026-04-22T16:45:07.1211410Z ignoring duplicate directory "/Users/runner/work/tcm-storage-ios/tcm-storage-ios/build/Build/Products/Debug-iphonesimulator/PackageFrameworks"
2026-04-22T16:45:07.1211750Z ignoring duplicate directory "/Users/runner/work/tcm-storage-ios/tcm-storage-ios/build/Build/Products/Debug-iphonesimulator/PackageFrameworks"
2026-04-22T16:45:07.1212080Z ignoring duplicate directory "/Users/runner/work/tcm-storage-ios/tcm-storage-ios/build/Build/Products/Debug-iphonesimulator/PackageFrameworks"
2026-04-22T16:45:07.1212440Z ignoring duplicate directory "/Users/runner/work/tcm-storage-ios/tcm-storage-ios/build/Build/Products/Debug-iphonesimulator/PackageFrameworks"
2026-04-22T16:45:07.1212820Z ignoring duplicate directory "/Users/runner/work/tcm-storage-ios/tcm-storage-ios/build/Build/Products/Debug-iphonesimulator/PackageFrameworks"
2026-04-22T16:45:07.1213160Z ignoring duplicate directory "/Users/runner/work/tcm-storage-ios/tcm-storage-ios/build/Build/Products/Debug-iphonesimulator/PackageFrameworks"
2026-04-22T16:45:07.1213500Z ignoring duplicate directory "/Users/runner/work/tcm-storage-ios/tcm-storage-ios/build/Build/Products/Debug-iphonesimulator/PackageFrameworks"
2026-04-22T16:45:07.1213920Z ignoring duplicate directory "/Users/runner/work/tcm-storage-ios/tcm-storage-ios/build/Build/Products/Debug-iphonesimulator/PackageFrameworks"
2026-04-22T16:45:07.1214260Z ignoring duplicate directory "/Users/runner/work/tcm-storage-ios/tcm-storage-ios/build/Build/Products/Debug-iphonesimulator/PackageFrameworks"
2026-04-22T16:45:07.1214590Z ignoring duplicate directory "/Users/runner/work/tcm-storage-ios/tcm-storage-ios/build/Build/Products/Debug-iphonesimulator/PackageFrameworks"
2026-04-22T16:45:07.1214930Z ignoring duplicate directory "/Users/runner/work/tcm-storage-ios/tcm-storage-ios/build/Build/Products/Debug-iphonesimulator/PackageFrameworks"
2026-04-22T16:45:07.1215000Z #include "..." search starts here:
2026-04-22T16:45:07.1215480Z  /Users/runner/work/tcm-storage-ios/tcm-storage-ios/build/Build/Intermediates.noindex/Nextcloud.build/Debug-iphonesimulator/Nextcloud.build/Nextcloud-generated-files.hmap (headermap)
2026-04-22T16:45:07.1215970Z  /Users/runner/work/tcm-storage-ios/tcm-storage-ios/build/Build/Intermediates.noindex/Nextcloud.build/Debug-iphonesimulator/Nextcloud.build/Nextcloud-project-headers.hmap (headermap)
2026-04-22T16:45:07.1216030Z #include <...> search starts here:
2026-04-22T16:45:07.1216520Z  /Users/runner/work/tcm-storage-ios/tcm-storage-ios/build/Build/Intermediates.noindex/Nextcloud.build/Debug-iphonesimulator/Nextcloud.build/Nextcloud-own-target-headers.hmap (headermap)
2026-04-22T16:45:07.1217060Z  /Users/runner/work/tcm-storage-ios/tcm-storage-ios/build/Build/Intermediates.noindex/Nextcloud.build/Debug-iphonesimulator/Nextcloud.build/Nextcloud-all-non-framework-target-headers.hmap (headermap)
2026-04-22T16:45:07.1217390Z  /Users/runner/work/tcm-storage-ios/tcm-storage-ios/build/SourcePackages/checkouts/swift-nio-ssl/Sources/CNIOBoringSSLShims/include
2026-04-22T16:45:07.1217710Z  /Users/runner/work/tcm-storage-ios/tcm-storage-ios/build/SourcePackages/checkouts/swift-nio-ssl/Sources/CNIOBoringSSL/include
2026-04-22T16:45:07.1218010Z  /Users/runner/work/tcm-storage-ios/tcm-storage-ios/build/SourcePackages/checkouts/swift-atomics/Sources/_AtomicsShims/include
2026-04-22T16:45:07.1218290Z  /Users/runner/work/tcm-storage-ios/tcm-storage-ios/build/SourcePackages/checkouts/swift-nio/Sources/CNIOPosix/include
2026-04-22T16:45:07.1218560Z  /Users/runner/work/tcm-storage-ios/tcm-storage-ios/build/SourcePackages/checkouts/swift-nio/Sources/CNIOWASI/include
2026-04-22T16:45:07.1218870Z  /Users/runner/work/tcm-storage-ios/tcm-storage-ios/build/SourcePackages/checkouts/swift-nio/Sources/CNIOWindows/include
2026-04-22T16:45:07.1219140Z  /Users/runner/work/tcm-storage-ios/tcm-storage-ios/build/SourcePackages/checkouts/swift-nio/Sources/CNIOLinux/include
2026-04-22T16:45:07.1219420Z  /Users/runner/work/tcm-storage-ios/tcm-storage-ios/build/SourcePackages/checkouts/swift-nio/Sources/CNIODarwin/include
2026-04-22T16:45:07.1219690Z  /Users/runner/work/tcm-storage-ios/tcm-storage-ios/build/SourcePackages/checkouts/swift-nio/Sources/CNIOOpenBSD/include
2026-04-22T16:45:07.1219960Z  /Users/runner/work/tcm-storage-ios/tcm-storage-ios/build/SourcePackages/checkouts/swift-nio/Sources/CNIOAtomics/include
2026-04-22T16:45:07.1220180Z  /Users/runner/work/tcm-storage-ios/tcm-storage-ios/build/SourcePackages/checkouts/realm-core/src
2026-04-22T16:45:07.1220430Z  /Users/runner/work/tcm-storage-ios/tcm-storage-ios/build/SourcePackages/checkouts/realm-core/src/external/s2
2026-04-22T16:45:07.1220770Z  /Users/runner/work/tcm-storage-ios/tcm-storage-ios/build/SourcePackages/checkouts/realm-core/src/external/IntelRDFPMathLib20U2/LIBRARY/src
2026-04-22T16:45:07.1221020Z  /Users/runner/work/tcm-storage-ios/tcm-storage-ios/build/SourcePackages/checkouts/realm-core/src/spm
2026-04-22T16:45:07.1221240Z  /Users/runner/work/tcm-storage-ios/tcm-storage-ios/build/SourcePackages/checkouts/realm-swift/include
2026-04-22T16:45:07.1221560Z  /Users/runner/work/tcm-storage-ios/tcm-storage-ios/build/SourcePackages/checkouts/GoogleUtilities/GoogleUtilities/NSData+zlib/Public
2026-04-22T16:45:07.1221900Z  /Users/runner/work/tcm-storage-ios/tcm-storage-ios/build/SourcePackages/checkouts/GoogleUtilities/GoogleUtilities/Logger/Public
2026-04-22T16:45:07.1222240Z  /Users/runner/work/tcm-storage-ios/tcm-storage-ios/build/SourcePackages/checkouts/GoogleUtilities/GoogleUtilities/Environment/Public
2026-04-22T16:45:07.1222560Z  /Users/runner/work/tcm-storage-ios/tcm-storage-ios/build/SourcePackages/checkouts/GoogleUtilities/third_party/IsAppEncrypted/Public
2026-04-22T16:45:07.1222880Z  /Users/runner/work/tcm-storage-ios/tcm-storage-ios/build/SourcePackages/checkouts/GoogleUtilities/GoogleUtilities/UserDefaults/Public
2026-04-22T16:45:07.1223110Z  /Users/runner/work/tcm-storage-ios/tcm-storage-ios/build/SourcePackages/checkouts/nanopb/spm_headers
2026-04-22T16:45:07.1223380Z  /Users/runner/work/tcm-storage-ios/tcm-storage-ios/build/SourcePackages/checkouts/promises/Sources/FBLPromises/include
2026-04-22T16:45:07.1223810Z  /Users/runner/work/tcm-storage-ios/tcm-storage-ios/build/SourcePackages/checkouts/GoogleDataTransport/GoogleDataTransport/GDTCORLibrary/Public
2026-04-22T16:45:07.1224130Z  /Users/runner/work/tcm-storage-ios/tcm-storage-ios/build/SourcePackages/checkouts/firebase-ios-sdk/FirebaseSessions/SourcesObjC
2026-04-22T16:45:07.1224410Z  /Users/runner/work/tcm-storage-ios/tcm-storage-ios/build/SourcePackages/checkouts/firebase-ios-sdk/FirebaseCore/Extension
2026-04-22T16:45:07.1224760Z  /Users/runner/work/tcm-storage-ios/tcm-storage-ios/build/SourcePackages/checkouts/firebase-ios-sdk/FirebaseInstallations/Source/Library/Public
2026-04-22T16:45:07.1225130Z  /Users/runner/work/tcm-storage-ios/tcm-storage-ios/build/SourcePackages/checkouts/firebase-ios-sdk/FirebaseCore/Sources/Public
2026-04-22T16:45:07.1225410Z  /Users/runner/work/tcm-storage-ios/tcm-storage-ios/build/SourcePackages/checkouts/firebase-ios-sdk/CoreOnly/Sources
2026-04-22T16:45:07.1225730Z  /Users/runner/work/tcm-storage-ios/tcm-storage-ios/build/SourcePackages/checkouts/firebase-ios-sdk/Crashlytics/Crashlytics/Public
2026-04-22T16:45:07.1226000Z  /Users/runner/work/tcm-storage-ios/tcm-storage-ios/build/SourcePackages/checkouts/GzipSwift/Sources/system-zlib/include
2026-04-22T16:45:07.1226390Z  /Users/runner/work/tcm-storage-ios/tcm-storage-ios/build/Build/Intermediates.noindex/Nextcloud.build/Debug-iphonesimulator/Nextcloud.build/DerivedSources
2026-04-22T16:45:07.1226830Z  /Users/runner/work/tcm-storage-ios/tcm-storage-ios/build/Build/Products/Debug-iphonesimulator/PackageFrameworks (framework directory)
2026-04-22T16:45:07.1227090Z  /Users/runner/work/tcm-storage-ios/tcm-storage-ios/build/Build/Products/Debug-iphonesimulator (framework directory)
2026-04-22T16:45:07.1227420Z  /Applications/Xcode_26.2.app/Contents/Developer/Platforms/iPhoneSimulator.platform/Developer/Library/Frameworks (framework directory)
2026-04-22T16:45:07.1227860Z  /Applications/Xcode_26.2.app/Contents/Developer/Platforms/iPhoneSimulator.platform/Developer/SDKs/iPhoneSimulator26.2.sdk/Developer/Library/Frameworks (framework directory)
2026-04-22T16:45:07.1228110Z  /Applications/Xcode_26.2.app/Contents/Developer/Toolchains/XcodeDefault.xctoolchain/usr/lib/clang/17/include
2026-04-22T16:45:07.1228430Z  /Applications/Xcode_26.2.app/Contents/Developer/Platforms/iPhoneSimulator.platform/Developer/SDKs/iPhoneSimulator26.2.sdk/usr/include
2026-04-22T16:45:07.1228650Z  /Applications/Xcode_26.2.app/Contents/Developer/Toolchains/XcodeDefault.xctoolchain/usr/include
2026-04-22T16:45:07.1229070Z  /Applications/Xcode_26.2.app/Contents/Developer/Platforms/iPhoneSimulator.platform/Developer/SDKs/iPhoneSimulator26.2.sdk/System/Library/Frameworks (framework directory)
2026-04-22T16:45:07.1229550Z  /Applications/Xcode_26.2.app/Contents/Developer/Platforms/iPhoneSimulator.platform/Developer/SDKs/iPhoneSimulator26.2.sdk/System/Library/SubFrameworks (framework directory)
2026-04-22T16:45:07.1229610Z End of search list.
2026-04-22T16:45:07.1517530Z clang -cc1 version 17.0.0 (clang-1700.6.3.2) default target arm64-apple-darwin24.6.0
2026-04-22T16:45:07.1521180Z ignoring nonexistent directory "/Users/runner/work/tcm-storage-ios/tcm-storage-ios/build/Build/Products/Debug-iphonesimulator/include"
2026-04-22T16:45:07.1526190Z ignoring nonexistent directory "/Users/runner/work/tcm-storage-ios/tcm-storage-ios/build/Build/Intermediates.noindex/Nextcloud.build/Debug-iphonesimulator/Nextcloud.build/DerivedSources-normal/arm64"
2026-04-22T16:45:07.1547800Z ignoring nonexistent directory "/Users/runner/work/tcm-storage-ios/tcm-storage-ios/build/Build/Intermediates.noindex/Nextcloud.build/Debug-iphonesimulator/Nextcloud.build/DerivedSources/arm64"
2026-04-22T16:45:07.1553270Z ignoring nonexistent directory "/Applications/Xcode_26.2.app/Contents/Developer/Platforms/iPhoneSimulator.platform/Developer/SDKs/iPhoneSimulator26.2.sdk/usr/local/include"
2026-04-22T16:45:07.1554350Z ignoring nonexistent directory "/Applications/Xcode_26.2.app/Contents/Developer/Platforms/iPhoneSimulator.platform/Developer/SDKs/iPhoneSimulator26.2.sdk/Library/Frameworks"
2026-04-22T16:45:07.1555210Z ignoring duplicate directory "/Users/runner/work/tcm-storage-ios/tcm-storage-ios/build/Build/Products/Debug-iphonesimulator/PackageFrameworks"
2026-04-22T16:45:07.1555980Z ignoring duplicate directory "/Users/runner/work/tcm-storage-ios/tcm-storage-ios/build/Build/Products/Debug-iphonesimulator/PackageFrameworks"
2026-04-22T16:45:07.1556720Z ignoring duplicate directory "/Users/runner/work/tcm-storage-ios/tcm-storage-ios/build/Build/Products/Debug-iphonesimulator/PackageFrameworks"
2026-04-22T16:45:07.1557480Z ignoring duplicate directory "/Users/runner/work/tcm-storage-ios/tcm-storage-ios/build/Build/Products/Debug-iphonesimulator/PackageFrameworks"
2026-04-22T16:45:07.1560720Z ignoring duplicate directory "/Users/runner/work/tcm-storage-ios/tcm-storage-ios/build/Build/Products/Debug-iphonesimulator/PackageFrameworks"
2026-04-22T16:45:07.1561570Z ignoring duplicate directory "/Users/runner/work/tcm-storage-ios/tcm-storage-ios/build/Build/Products/Debug-iphonesimulator/PackageFrameworks"
2026-04-22T16:45:07.1562340Z ignoring duplicate directory "/Users/runner/work/tcm-storage-ios/tcm-storage-ios/build/Build/Products/Debug-iphonesimulator/PackageFrameworks"
2026-04-22T16:45:07.1563090Z ignoring duplicate directory "/Users/runner/work/tcm-storage-ios/tcm-storage-ios/build/Build/Products/Debug-iphonesimulator/PackageFrameworks"
2026-04-22T16:45:07.1563840Z ignoring duplicate directory "/Users/runner/work/tcm-storage-ios/tcm-storage-ios/build/Build/Products/Debug-iphonesimulator/PackageFrameworks"
2026-04-22T16:45:07.1565130Z ignoring duplicate directory "/Users/runner/work/tcm-storage-ios/tcm-storage-ios/build/Build/Products/Debug-iphonesimulator/PackageFrameworks"
2026-04-22T16:45:07.1565890Z ignoring duplicate directory "/Users/runner/work/tcm-storage-ios/tcm-storage-ios/build/Build/Products/Debug-iphonesimulator/PackageFrameworks"
2026-04-22T16:45:07.1566720Z ignoring duplicate directory "/Users/runner/work/tcm-storage-ios/tcm-storage-ios/build/Build/Products/Debug-iphonesimulator/PackageFrameworks"
2026-04-22T16:45:07.1567440Z ignoring duplicate directory "/Users/runner/work/tcm-storage-ios/tcm-storage-ios/build/Build/Products/Debug-iphonesimulator/PackageFrameworks"
2026-04-22T16:45:07.1568170Z ignoring duplicate directory "/Users/runner/work/tcm-storage-ios/tcm-storage-ios/build/Build/Products/Debug-iphonesimulator/PackageFrameworks"
2026-04-22T16:45:07.1568970Z ignoring duplicate directory "/Users/runner/work/tcm-storage-ios/tcm-storage-ios/build/Build/Products/Debug-iphonesimulator/PackageFrameworks"
2026-04-22T16:45:07.1569890Z ignoring duplicate directory "/Users/runner/work/tcm-storage-ios/tcm-storage-ios/build/Build/Products/Debug-iphonesimulator/PackageFrameworks"
2026-04-22T16:45:07.1576760Z ignoring duplicate directory "/Users/runner/work/tcm-storage-ios/tcm-storage-ios/build/Build/Products/Debug-iphonesimulator/PackageFrameworks"
2026-04-22T16:45:07.1577550Z ignoring duplicate directory "/Users/runner/work/tcm-storage-ios/tcm-storage-ios/build/Build/Products/Debug-iphonesimulator/PackageFrameworks"
2026-04-22T16:45:07.1578530Z ignoring duplicate directory "/Users/runner/work/tcm-storage-ios/tcm-storage-ios/build/Build/Products/Debug-iphonesimulator/PackageFrameworks"
2026-04-22T16:45:07.1579370Z ignoring duplicate directory "/Users/runner/work/tcm-storage-ios/tcm-storage-ios/build/Build/Products/Debug-iphonesimulator/PackageFrameworks"
2026-04-22T16:45:07.1580180Z ignoring duplicate directory "/Users/runner/work/tcm-storage-ios/tcm-storage-ios/build/Build/Products/Debug-iphonesimulator/PackageFrameworks"
2026-04-22T16:45:07.1580990Z ignoring duplicate directory "/Users/runner/work/tcm-storage-ios/tcm-storage-ios/build/Build/Products/Debug-iphonesimulator/PackageFrameworks"
2026-04-22T16:45:07.1581740Z ignoring duplicate directory "/Users/runner/work/tcm-storage-ios/tcm-storage-ios/build/Build/Products/Debug-iphonesimulator/PackageFrameworks"
2026-04-22T16:45:07.1582500Z ignoring duplicate directory "/Users/runner/work/tcm-storage-ios/tcm-storage-ios/build/Build/Products/Debug-iphonesimulator/PackageFrameworks"
2026-04-22T16:45:07.1583280Z ignoring duplicate directory "/Users/runner/work/tcm-storage-ios/tcm-storage-ios/build/Build/Products/Debug-iphonesimulator/PackageFrameworks"
2026-04-22T16:45:07.1584050Z ignoring duplicate directory "/Users/runner/work/tcm-storage-ios/tcm-storage-ios/build/Build/Products/Debug-iphonesimulator/PackageFrameworks"
2026-04-22T16:45:07.1584810Z ignoring duplicate directory "/Users/runner/work/tcm-storage-ios/tcm-storage-ios/build/Build/Products/Debug-iphonesimulator/PackageFrameworks"
2026-04-22T16:45:07.1585710Z ignoring duplicate directory "/Users/runner/work/tcm-storage-ios/tcm-storage-ios/build/Build/Products/Debug-iphonesimulator/PackageFrameworks"
2026-04-22T16:45:07.1586560Z ignoring duplicate directory "/Users/runner/work/tcm-storage-ios/tcm-storage-ios/build/Build/Products/Debug-iphonesimulator/PackageFrameworks"
2026-04-22T16:45:07.1587320Z ignoring duplicate directory "/Users/runner/work/tcm-storage-ios/tcm-storage-ios/build/Build/Products/Debug-iphonesimulator/PackageFrameworks"
2026-04-22T16:45:07.1588070Z ignoring duplicate directory "/Users/runner/work/tcm-storage-ios/tcm-storage-ios/build/Build/Products/Debug-iphonesimulator/PackageFrameworks"
2026-04-22T16:45:07.1589010Z ignoring duplicate directory "/Users/runner/work/tcm-storage-ios/tcm-storage-ios/build/Build/Products/Debug-iphonesimulator/PackageFrameworks"
2026-04-22T16:45:07.1589910Z ignoring duplicate directory "/Users/runner/work/tcm-storage-ios/tcm-storage-ios/build/Build/Products/Debug-iphonesimulator/PackageFrameworks"
2026-04-22T16:45:07.1590660Z ignoring duplicate directory "/Users/runner/work/tcm-storage-ios/tcm-storage-ios/build/Build/Products/Debug-iphonesimulator/PackageFrameworks"
2026-04-22T16:45:07.1591400Z ignoring duplicate directory "/Users/runner/work/tcm-storage-ios/tcm-storage-ios/build/Build/Products/Debug-iphonesimulator/PackageFrameworks"
2026-04-22T16:45:07.1592140Z ignoring duplicate directory "/Users/runner/work/tcm-storage-ios/tcm-storage-ios/build/Build/Products/Debug-iphonesimulator/PackageFrameworks"
2026-04-22T16:45:07.1592890Z ignoring duplicate directory "/Users/runner/work/tcm-storage-ios/tcm-storage-ios/build/Build/Products/Debug-iphonesimulator/PackageFrameworks"
2026-04-22T16:45:07.1593630Z ignoring duplicate directory "/Users/runner/work/tcm-storage-ios/tcm-storage-ios/build/Build/Products/Debug-iphonesimulator/PackageFrameworks"
2026-04-22T16:45:07.1594370Z ignoring duplicate directory "/Users/runner/work/tcm-storage-ios/tcm-storage-ios/build/Build/Products/Debug-iphonesimulator/PackageFrameworks"
2026-04-22T16:45:07.1595190Z ignoring duplicate directory "/Users/runner/work/tcm-storage-ios/tcm-storage-ios/build/Build/Products/Debug-iphonesimulator/PackageFrameworks"
2026-04-22T16:45:07.1595950Z ignoring duplicate directory "/Users/runner/work/tcm-storage-ios/tcm-storage-ios/build/Build/Products/Debug-iphonesimulator/PackageFrameworks"
2026-04-22T16:45:07.1596700Z ignoring duplicate directory "/Users/runner/work/tcm-storage-ios/tcm-storage-ios/build/Build/Products/Debug-iphonesimulator/PackageFrameworks"
2026-04-22T16:45:07.1597610Z ignoring duplicate directory "/Users/runner/work/tcm-storage-ios/tcm-storage-ios/build/Build/Products/Debug-iphonesimulator/PackageFrameworks"
2026-04-22T16:45:07.1598370Z ignoring duplicate directory "/Users/runner/work/tcm-storage-ios/tcm-storage-ios/build/Build/Products/Debug-iphonesimulator/PackageFrameworks"
2026-04-22T16:45:07.1599130Z ignoring duplicate directory "/Users/runner/work/tcm-storage-ios/tcm-storage-ios/build/Build/Products/Debug-iphonesimulator/PackageFrameworks"
2026-04-22T16:45:07.1599890Z ignoring duplicate directory "/Users/runner/work/tcm-storage-ios/tcm-storage-ios/build/Build/Products/Debug-iphonesimulator/PackageFrameworks"
2026-04-22T16:45:07.1600650Z ignoring duplicate directory "/Users/runner/work/tcm-storage-ios/tcm-storage-ios/build/Build/Products/Debug-iphonesimulator/PackageFrameworks"
2026-04-22T16:45:07.1601410Z ignoring duplicate directory "/Users/runner/work/tcm-storage-ios/tcm-storage-ios/build/Build/Products/Debug-iphonesimulator/PackageFrameworks"
2026-04-22T16:45:07.1602170Z ignoring duplicate directory "/Users/runner/work/tcm-storage-ios/tcm-storage-ios/build/Build/Products/Debug-iphonesimulator/PackageFrameworks"
2026-04-22T16:45:07.1602920Z ignoring duplicate directory "/Users/runner/work/tcm-storage-ios/tcm-storage-ios/build/Build/Products/Debug-iphonesimulator/PackageFrameworks"
2026-04-22T16:45:07.1603690Z ignoring duplicate directory "/Users/runner/work/tcm-storage-ios/tcm-storage-ios/build/Build/Products/Debug-iphonesimulator/PackageFrameworks"
2026-04-22T16:45:07.1604450Z ignoring duplicate directory "/Users/runner/work/tcm-storage-ios/tcm-storage-ios/build/Build/Products/Debug-iphonesimulator/PackageFrameworks"
2026-04-22T16:45:07.1605200Z ignoring duplicate directory "/Users/runner/work/tcm-storage-ios/tcm-storage-ios/build/Build/Products/Debug-iphonesimulator/PackageFrameworks"
2026-04-22T16:45:07.1605950Z ignoring duplicate directory "/Users/runner/work/tcm-storage-ios/tcm-storage-ios/build/Build/Products/Debug-iphonesimulator/PackageFrameworks"
2026-04-22T16:45:07.1607600Z ignoring duplicate directory "/Users/runner/work/tcm-storage-ios/tcm-storage-ios/build/Build/Products/Debug-iphonesimulator/PackageFrameworks"
2026-04-22T16:45:07.1608340Z ignoring duplicate directory "/Users/runner/work/tcm-storage-ios/tcm-storage-ios/build/Build/Products/Debug-iphonesimulator/PackageFrameworks"
2026-04-22T16:45:07.1609270Z ignoring duplicate directory "/Users/runner/work/tcm-storage-ios/tcm-storage-ios/build/Build/Products/Debug-iphonesimulator/PackageFrameworks"
2026-04-22T16:45:07.1610000Z ignoring duplicate directory "/Users/runner/work/tcm-storage-ios/tcm-storage-ios/build/Build/Products/Debug-iphonesimulator/PackageFrameworks"
2026-04-22T16:45:07.1610720Z ignoring duplicate directory "/Users/runner/work/tcm-storage-ios/tcm-storage-ios/build/Build/Products/Debug-iphonesimulator/PackageFrameworks"
2026-04-22T16:45:07.1611450Z ignoring duplicate directory "/Users/runner/work/tcm-storage-ios/tcm-storage-ios/build/Build/Products/Debug-iphonesimulator/PackageFrameworks"
2026-04-22T16:45:07.1612180Z ignoring duplicate directory "/Users/runner/work/tcm-storage-ios/tcm-storage-ios/build/Build/Products/Debug-iphonesimulator/PackageFrameworks"
2026-04-22T16:45:07.1612900Z ignoring duplicate directory "/Users/runner/work/tcm-storage-ios/tcm-storage-ios/build/Build/Products/Debug-iphonesimulator/PackageFrameworks"
2026-04-22T16:45:07.1613630Z ignoring duplicate directory "/Users/runner/work/tcm-storage-ios/tcm-storage-ios/build/Build/Products/Debug-iphonesimulator/PackageFrameworks"
2026-04-22T16:45:07.1614390Z ignoring duplicate directory "/Users/runner/work/tcm-storage-ios/tcm-storage-ios/build/Build/Products/Debug-iphonesimulator/PackageFrameworks"
2026-04-22T16:45:07.1615120Z ignoring duplicate directory "/Users/runner/work/tcm-storage-ios/tcm-storage-ios/build/Build/Products/Debug-iphonesimulator/PackageFrameworks"
2026-04-22T16:45:07.1615850Z ignoring duplicate directory "/Users/runner/work/tcm-storage-ios/tcm-storage-ios/build/Build/Products/Debug-iphonesimulator/PackageFrameworks"
2026-04-22T16:45:07.1616660Z ignoring duplicate directory "/Users/runner/work/tcm-storage-ios/tcm-storage-ios/build/Build/Products/Debug-iphonesimulator/PackageFrameworks"
2026-04-22T16:45:07.1617390Z ignoring duplicate directory "/Users/runner/work/tcm-storage-ios/tcm-storage-ios/build/Build/Products/Debug-iphonesimulator/PackageFrameworks"
2026-04-22T16:45:07.1618110Z ignoring duplicate directory "/Users/runner/work/tcm-storage-ios/tcm-storage-ios/build/Build/Products/Debug-iphonesimulator/PackageFrameworks"
2026-04-22T16:45:07.1618830Z ignoring duplicate directory "/Users/runner/work/tcm-storage-ios/tcm-storage-ios/build/Build/Products/Debug-iphonesimulator/PackageFrameworks"
2026-04-22T16:45:07.1619560Z ignoring duplicate directory "/Users/runner/work/tcm-storage-ios/tcm-storage-ios/build/Build/Products/Debug-iphonesimulator/PackageFrameworks"
2026-04-22T16:45:07.1620290Z ignoring duplicate directory "/Users/runner/work/tcm-storage-ios/tcm-storage-ios/build/Build/Products/Debug-iphonesimulator/PackageFrameworks"
2026-04-22T16:45:07.1621020Z ignoring duplicate directory "/Users/runner/work/tcm-storage-ios/tcm-storage-ios/build/Build/Products/Debug-iphonesimulator/PackageFrameworks"
2026-04-22T16:45:07.1621840Z ignoring duplicate directory "/Users/runner/work/tcm-storage-ios/tcm-storage-ios/build/Build/Products/Debug-iphonesimulator/PackageFrameworks"
2026-04-22T16:45:07.1622560Z ignoring duplicate directory "/Users/runner/work/tcm-storage-ios/tcm-storage-ios/build/Build/Products/Debug-iphonesimulator/PackageFrameworks"
2026-04-22T16:45:07.1623290Z ignoring duplicate directory "/Users/runner/work/tcm-storage-ios/tcm-storage-ios/build/Build/Products/Debug-iphonesimulator/PackageFrameworks"
2026-04-22T16:45:07.1623740Z #include "..." search starts here:
2026-04-22T16:45:07.1624320Z  /Users/runner/work/tcm-storage-ios/tcm-storage-ios/build/Build/Intermediates.noindex/Nextcloud.build/Debug-iphonesimulator/Nextcloud.build/Nextcloud-generated-files.hmap (headermap)
2026-04-22T16:45:07.1625310Z  /Users/runner/work/tcm-storage-ios/tcm-storage-ios/build/Build/Intermediates.noindex/Nextcloud.build/Debug-iphonesimulator/Nextcloud.build/Nextcloud-project-headers.hmap (headermap)
2026-04-22T16:45:07.1625900Z #include <...> search starts here:
2026-04-22T16:45:07.1626480Z  /Users/runner/work/tcm-storage-ios/tcm-storage-ios/build/Build/Intermediates.noindex/Nextcloud.build/Debug-iphonesimulator/Nextcloud.build/Nextcloud-own-target-headers.hmap (headermap)
2026-04-22T16:45:07.1627590Z  /Users/runner/work/tcm-storage-ios/tcm-storage-ios/build/Build/Intermediates.noindex/Nextcloud.build/Debug-iphonesimulator/Nextcloud.build/Nextcloud-all-non-framework-target-headers.hmap (headermap)
2026-04-22T16:45:07.1628490Z  /Users/runner/work/tcm-storage-ios/tcm-storage-ios/build/SourcePackages/checkouts/swift-nio-ssl/Sources/CNIOBoringSSLShims/include
2026-04-22T16:45:07.1629160Z  /Users/runner/work/tcm-storage-ios/tcm-storage-ios/build/SourcePackages/checkouts/swift-nio-ssl/Sources/CNIOBoringSSL/include
2026-04-22T16:45:07.1629830Z  /Users/runner/work/tcm-storage-ios/tcm-storage-ios/build/SourcePackages/checkouts/swift-atomics/Sources/_AtomicsShims/include
2026-04-22T16:45:07.1630460Z  /Users/runner/work/tcm-storage-ios/tcm-storage-ios/build/SourcePackages/checkouts/swift-nio/Sources/CNIOPosix/include
2026-04-22T16:45:07.1631070Z  /Users/runner/work/tcm-storage-ios/tcm-storage-ios/build/SourcePackages/checkouts/swift-nio/Sources/CNIOWASI/include
2026-04-22T16:45:07.1631680Z  /Users/runner/work/tcm-storage-ios/tcm-storage-ios/build/SourcePackages/checkouts/swift-nio/Sources/CNIOWindows/include
2026-04-22T16:45:07.1632320Z  /Users/runner/work/tcm-storage-ios/tcm-storage-ios/build/SourcePackages/checkouts/swift-nio/Sources/CNIOLinux/include
2026-04-22T16:45:07.1632950Z  /Users/runner/work/tcm-storage-ios/tcm-storage-ios/build/SourcePackages/checkouts/swift-nio/Sources/CNIODarwin/include
2026-04-22T16:45:07.1633560Z  /Users/runner/work/tcm-storage-ios/tcm-storage-ios/build/SourcePackages/checkouts/swift-nio/Sources/CNIOOpenBSD/include
2026-04-22T16:45:07.1634520Z  /Users/runner/work/tcm-storage-ios/tcm-storage-ios/build/SourcePackages/checkouts/swift-nio/Sources/CNIOAtomics/include
2026-04-22T16:45:07.1635080Z  /Users/runner/work/tcm-storage-ios/tcm-storage-ios/build/SourcePackages/checkouts/realm-core/src
2026-04-22T16:45:07.1635600Z  /Users/runner/work/tcm-storage-ios/tcm-storage-ios/build/SourcePackages/checkouts/realm-core/src/external/s2
2026-04-22T16:45:07.1636240Z  /Users/runner/work/tcm-storage-ios/tcm-storage-ios/build/SourcePackages/checkouts/realm-core/src/external/IntelRDFPMathLib20U2/LIBRARY/src
2026-04-22T16:45:07.1636870Z  /Users/runner/work/tcm-storage-ios/tcm-storage-ios/build/SourcePackages/checkouts/realm-core/src/spm
2026-04-22T16:45:07.1637380Z  /Users/runner/work/tcm-storage-ios/tcm-storage-ios/build/SourcePackages/checkouts/realm-swift/include
2026-04-22T16:45:07.1637990Z  /Users/runner/work/tcm-storage-ios/tcm-storage-ios/build/SourcePackages/checkouts/GoogleUtilities/GoogleUtilities/NSData+zlib/Public
2026-04-22T16:45:07.1638670Z  /Users/runner/work/tcm-storage-ios/tcm-storage-ios/build/SourcePackages/checkouts/GoogleUtilities/GoogleUtilities/Logger/Public
2026-04-22T16:45:07.1639340Z  /Users/runner/work/tcm-storage-ios/tcm-storage-ios/build/SourcePackages/checkouts/GoogleUtilities/GoogleUtilities/Environment/Public
2026-04-22T16:45:07.1640030Z  /Users/runner/work/tcm-storage-ios/tcm-storage-ios/build/SourcePackages/checkouts/GoogleUtilities/third_party/IsAppEncrypted/Public
2026-04-22T16:45:07.1640720Z  /Users/runner/work/tcm-storage-ios/tcm-storage-ios/build/SourcePackages/checkouts/GoogleUtilities/GoogleUtilities/UserDefaults/Public
2026-04-22T16:45:07.1642540Z  /Users/runner/work/tcm-storage-ios/tcm-storage-ios/build/SourcePackages/checkouts/nanopb/spm_headers
2026-04-22T16:45:07.1643200Z  /Users/runner/work/tcm-storage-ios/tcm-storage-ios/build/SourcePackages/checkouts/promises/Sources/FBLPromises/include
2026-04-22T16:45:07.1643900Z  /Users/runner/work/tcm-storage-ios/tcm-storage-ios/build/SourcePackages/checkouts/GoogleDataTransport/GoogleDataTransport/GDTCORLibrary/Public
2026-04-22T16:45:07.1644620Z  /Users/runner/work/tcm-storage-ios/tcm-storage-ios/build/SourcePackages/checkouts/firebase-ios-sdk/FirebaseSessions/SourcesObjC
2026-04-22T16:45:07.1645280Z  /Users/runner/work/tcm-storage-ios/tcm-storage-ios/build/SourcePackages/checkouts/firebase-ios-sdk/FirebaseCore/Extension
2026-04-22T16:45:07.1646220Z  /Users/runner/work/tcm-storage-ios/tcm-storage-ios/build/SourcePackages/checkouts/firebase-ios-sdk/FirebaseInstallations/Source/Library/Public
2026-04-22T16:45:07.1646940Z  /Users/runner/work/tcm-storage-ios/tcm-storage-ios/build/SourcePackages/checkouts/firebase-ios-sdk/FirebaseCore/Sources/Public
2026-04-22T16:45:07.1647570Z  /Users/runner/work/tcm-storage-ios/tcm-storage-ios/build/SourcePackages/checkouts/firebase-ios-sdk/CoreOnly/Sources
2026-04-22T16:45:07.1648290Z  /Users/runner/work/tcm-storage-ios/tcm-storage-ios/build/SourcePackages/checkouts/firebase-ios-sdk/Crashlytics/Crashlytics/Public
2026-04-22T16:45:07.1648950Z  /Users/runner/work/tcm-storage-ios/tcm-storage-ios/build/SourcePackages/checkouts/GzipSwift/Sources/system-zlib/include
2026-04-22T16:45:07.1649680Z  /Users/runner/work/tcm-storage-ios/tcm-storage-ios/build/Build/Intermediates.noindex/Nextcloud.build/Debug-iphonesimulator/Nextcloud.build/DerivedSources
2026-04-22T16:45:07.1650450Z  /Users/runner/work/tcm-storage-ios/tcm-storage-ios/build/Build/Products/Debug-iphonesimulator/PackageFrameworks (framework directory)
2026-04-22T16:45:07.1651310Z  /Users/runner/work/tcm-storage-ios/tcm-storage-ios/build/Build/Products/Debug-iphonesimulator (framework directory)
2026-04-22T16:45:07.1651990Z  /Applications/Xcode_26.2.app/Contents/Developer/Platforms/iPhoneSimulator.platform/Developer/Library/Frameworks (framework directory)
2026-04-22T16:45:07.1652810Z  /Applications/Xcode_26.2.app/Contents/Developer/Platforms/iPhoneSimulator.platform/Developer/SDKs/iPhoneSimulator26.2.sdk/Developer/Library/Frameworks (framework directory)
2026-04-22T16:45:07.1653640Z  /Applications/Xcode_26.2.app/Contents/Developer/Toolchains/XcodeDefault.xctoolchain/usr/lib/clang/17/include
2026-04-22T16:45:07.1654340Z  /Applications/Xcode_26.2.app/Contents/Developer/Platforms/iPhoneSimulator.platform/Developer/SDKs/iPhoneSimulator26.2.sdk/usr/include
2026-04-22T16:45:07.1654950Z  /Applications/Xcode_26.2.app/Contents/Developer/Toolchains/XcodeDefault.xctoolchain/usr/include
2026-04-22T16:45:07.1655640Z  /Applications/Xcode_26.2.app/Contents/Developer/Platforms/iPhoneSimulator.platform/Developer/SDKs/iPhoneSimulator26.2.sdk/System/Library/Frameworks (framework directory)
2026-04-22T16:45:07.1656560Z  /Applications/Xcode_26.2.app/Contents/Developer/Platforms/iPhoneSimulator.platform/Developer/SDKs/iPhoneSimulator26.2.sdk/System/Library/SubFrameworks (framework directory)
2026-04-22T16:45:07.1657160Z End of search list.
2026-04-22T16:45:07.1704070Z clang -cc1 version 17.0.0 (clang-1700.6.3.2) default target arm64-apple-darwin24.6.0
2026-04-22T16:45:07.1704880Z ignoring nonexistent directory "/Users/runner/work/tcm-storage-ios/tcm-storage-ios/build/Build/Products/Debug-iphonesimulator/include"
2026-04-22T16:45:07.1706110Z ignoring nonexistent directory "/Users/runner/work/tcm-storage-ios/tcm-storage-ios/build/Build/Intermediates.noindex/Nextcloud.build/Debug-iphonesimulator/Nextcloud.build/DerivedSources-normal/arm64"
2026-04-22T16:45:07.1718610Z ignoring nonexistent directory "/Users/runner/work/tcm-storage-ios/tcm-storage-ios/build/Build/Intermediates.noindex/Nextcloud.build/Debug-iphonesimulator/Nextcloud.build/DerivedSources/arm64"
2026-04-22T16:45:07.1721790Z ignoring nonexistent directory "/Applications/Xcode_26.2.app/Contents/Developer/Platforms/iPhoneSimulator.platform/Developer/SDKs/iPhoneSimulator26.2.sdk/usr/local/include"
2026-04-22T16:45:07.1724650Z ignoring nonexistent directory "/Applications/Xcode_26.2.app/Contents/Developer/Platforms/iPhoneSimulator.platform/Developer/SDKs/iPhoneSimulator26.2.sdk/Library/Frameworks"
2026-04-22T16:45:07.1729650Z ignoring duplicate directory "/Users/runner/work/tcm-storage-ios/tcm-storage-ios/build/Build/Products/Debug-iphonesimulator/PackageFrameworks"
2026-04-22T16:45:07.1730420Z ignoring duplicate directory "/Users/runner/work/tcm-storage-ios/tcm-storage-ios/build/Build/Products/Debug-iphonesimulator/PackageFrameworks"
2026-04-22T16:45:07.1731160Z ignoring duplicate directory "/Users/runner/work/tcm-storage-ios/tcm-storage-ios/build/Build/Products/Debug-iphonesimulator/PackageFrameworks"
2026-04-22T16:45:07.1732150Z ignoring duplicate directory "/Users/runner/work/tcm-storage-ios/tcm-storage-ios/build/Build/Products/Debug-iphonesimulator/PackageFrameworks"
2026-04-22T16:45:07.1732880Z ignoring duplicate directory "/Users/runner/work/tcm-storage-ios/tcm-storage-ios/build/Build/Products/Debug-iphonesimulator/PackageFrameworks"
2026-04-22T16:45:07.1733600Z ignoring duplicate directory "/Users/runner/work/tcm-storage-ios/tcm-storage-ios/build/Build/Products/Debug-iphonesimulator/PackageFrameworks"
2026-04-22T16:45:07.1734330Z ignoring duplicate directory "/Users/runner/work/tcm-storage-ios/tcm-storage-ios/build/Build/Products/Debug-iphonesimulator/PackageFrameworks"
2026-04-22T16:45:07.1735070Z ignoring duplicate directory "/Users/runner/work/tcm-storage-ios/tcm-storage-ios/build/Build/Products/Debug-iphonesimulator/PackageFrameworks"
2026-04-22T16:45:07.1735810Z ignoring duplicate directory "/Users/runner/work/tcm-storage-ios/tcm-storage-ios/build/Build/Products/Debug-iphonesimulator/PackageFrameworks"
2026-04-22T16:45:07.1736680Z ignoring duplicate directory "/Users/runner/work/tcm-storage-ios/tcm-storage-ios/build/Build/Products/Debug-iphonesimulator/PackageFrameworks"
2026-04-22T16:45:07.1737430Z ignoring duplicate directory "/Users/runner/work/tcm-storage-ios/tcm-storage-ios/build/Build/Products/Debug-iphonesimulator/PackageFrameworks"
2026-04-22T16:45:07.1738160Z ignoring duplicate directory "/Users/runner/work/tcm-storage-ios/tcm-storage-ios/build/Build/Products/Debug-iphonesimulator/PackageFrameworks"
2026-04-22T16:45:07.1739000Z ignoring duplicate directory "/Users/runner/work/tcm-storage-ios/tcm-storage-ios/build/Build/Products/Debug-iphonesimulator/PackageFrameworks"
2026-04-22T16:45:07.1739810Z ignoring duplicate directory "/Users/runner/work/tcm-storage-ios/tcm-storage-ios/build/Build/Products/Debug-iphonesimulator/PackageFrameworks"
2026-04-22T16:45:07.1740550Z ignoring duplicate directory "/Users/runner/work/tcm-storage-ios/tcm-storage-ios/build/Build/Products/Debug-iphonesimulator/PackageFrameworks"
2026-04-22T16:45:07.1741280Z ignoring duplicate directory "/Users/runner/work/tcm-storage-ios/tcm-storage-ios/build/Build/Products/Debug-iphonesimulator/PackageFrameworks"
2026-04-22T16:45:07.1742020Z ignoring duplicate directory "/Users/runner/work/tcm-storage-ios/tcm-storage-ios/build/Build/Products/Debug-iphonesimulator/PackageFrameworks"
2026-04-22T16:45:07.1742760Z ignoring duplicate directory "/Users/runner/work/tcm-storage-ios/tcm-storage-ios/build/Build/Products/Debug-iphonesimulator/PackageFrameworks"
2026-04-22T16:45:07.1747830Z ignoring duplicate directory "/Users/runner/work/tcm-storage-ios/tcm-storage-ios/build/Build/Products/Debug-iphonesimulator/PackageFrameworks"
2026-04-22T16:45:07.1748650Z ignoring duplicate directory "/Users/runner/work/tcm-storage-ios/tcm-storage-ios/build/Build/Products/Debug-iphonesimulator/PackageFrameworks"
2026-04-22T16:45:07.1749400Z ignoring duplicate directory "/Users/runner/work/tcm-storage-ios/tcm-storage-ios/build/Build/Products/Debug-iphonesimulator/PackageFrameworks"
2026-04-22T16:45:07.1750170Z ignoring duplicate directory "/Users/runner/work/tcm-storage-ios/tcm-storage-ios/build/Build/Products/Debug-iphonesimulator/PackageFrameworks"
2026-04-22T16:45:07.1750920Z ignoring duplicate directory "/Users/runner/work/tcm-storage-ios/tcm-storage-ios/build/Build/Products/Debug-iphonesimulator/PackageFrameworks"
2026-04-22T16:45:07.1751790Z ignoring duplicate directory "/Users/runner/work/tcm-storage-ios/tcm-storage-ios/build/Build/Products/Debug-iphonesimulator/PackageFrameworks"
2026-04-22T16:45:07.1752530Z ignoring duplicate directory "/Users/runner/work/tcm-storage-ios/tcm-storage-ios/build/Build/Products/Debug-iphonesimulator/PackageFrameworks"
2026-04-22T16:45:07.1753300Z ignoring duplicate directory "/Users/runner/work/tcm-storage-ios/tcm-storage-ios/build/Build/Products/Debug-iphonesimulator/PackageFrameworks"
2026-04-22T16:45:07.1754170Z ignoring duplicate directory "/Users/runner/work/tcm-storage-ios/tcm-storage-ios/build/Build/Products/Debug-iphonesimulator/PackageFrameworks"
2026-04-22T16:45:07.1754920Z ignoring duplicate directory "/Users/runner/work/tcm-storage-ios/tcm-storage-ios/build/Build/Products/Debug-iphonesimulator/PackageFrameworks"
2026-04-22T16:45:07.1755650Z ignoring duplicate directory "/Users/runner/work/tcm-storage-ios/tcm-storage-ios/build/Build/Products/Debug-iphonesimulator/PackageFrameworks"
2026-04-22T16:45:07.1756390Z ignoring duplicate directory "/Users/runner/work/tcm-storage-ios/tcm-storage-ios/build/Build/Products/Debug-iphonesimulator/PackageFrameworks"
2026-04-22T16:45:07.1761760Z ignoring duplicate directory "/Users/runner/work/tcm-storage-ios/tcm-storage-ios/build/Build/Products/Debug-iphonesimulator/PackageFrameworks"
2026-04-22T16:45:07.1762540Z ignoring duplicate directory "/Users/runner/work/tcm-storage-ios/tcm-storage-ios/build/Build/Products/Debug-iphonesimulator/PackageFrameworks"
2026-04-22T16:45:07.1763300Z ignoring duplicate directory "/Users/runner/work/tcm-storage-ios/tcm-storage-ios/build/Build/Products/Debug-iphonesimulator/PackageFrameworks"
2026-04-22T16:45:07.1764210Z ignoring duplicate directory "/Users/runner/work/tcm-storage-ios/tcm-storage-ios/build/Build/Products/Debug-iphonesimulator/PackageFrameworks"
2026-04-22T16:45:07.1764960Z ignoring duplicate directory "/Users/runner/work/tcm-storage-ios/tcm-storage-ios/build/Build/Products/Debug-iphonesimulator/PackageFrameworks"
2026-04-22T16:45:07.1765690Z ignoring duplicate directory "/Users/runner/work/tcm-storage-ios/tcm-storage-ios/build/Build/Products/Debug-iphonesimulator/PackageFrameworks"
2026-04-22T16:45:07.1766570Z ignoring duplicate directory "/Users/runner/work/tcm-storage-ios/tcm-storage-ios/build/Build/Products/Debug-iphonesimulator/PackageFrameworks"
2026-04-22T16:45:07.1767320Z ignoring duplicate directory "/Users/runner/work/tcm-storage-ios/tcm-storage-ios/build/Build/Products/Debug-iphonesimulator/PackageFrameworks"
2026-04-22T16:45:07.1768120Z ignoring duplicate directory "/Users/runner/work/tcm-storage-ios/tcm-storage-ios/build/Build/Products/Debug-iphonesimulator/PackageFrameworks"
2026-04-22T16:45:07.1768870Z ignoring duplicate directory "/Users/runner/work/tcm-storage-ios/tcm-storage-ios/build/Build/Products/Debug-iphonesimulator/PackageFrameworks"
2026-04-22T16:45:07.1769610Z ignoring duplicate directory "/Users/runner/work/tcm-storage-ios/tcm-storage-ios/build/Build/Products/Debug-iphonesimulator/PackageFrameworks"
2026-04-22T16:45:07.1770360Z ignoring duplicate directory "/Users/runner/work/tcm-storage-ios/tcm-storage-ios/build/Build/Products/Debug-iphonesimulator/PackageFrameworks"
2026-04-22T16:45:07.1771100Z ignoring duplicate directory "/Users/runner/work/tcm-storage-ios/tcm-storage-ios/build/Build/Products/Debug-iphonesimulator/PackageFrameworks"
2026-04-22T16:45:07.1771850Z ignoring duplicate directory "/Users/runner/work/tcm-storage-ios/tcm-storage-ios/build/Build/Products/Debug-iphonesimulator/PackageFrameworks"
2026-04-22T16:45:07.1772600Z ignoring duplicate directory "/Users/runner/work/tcm-storage-ios/tcm-storage-ios/build/Build/Products/Debug-iphonesimulator/PackageFrameworks"
2026-04-22T16:45:07.1773360Z ignoring duplicate directory "/Users/runner/work/tcm-storage-ios/tcm-storage-ios/build/Build/Products/Debug-iphonesimulator/PackageFrameworks"
2026-04-22T16:45:07.1774100Z ignoring duplicate directory "/Users/runner/work/tcm-storage-ios/tcm-storage-ios/build/Build/Products/Debug-iphonesimulator/PackageFrameworks"
2026-04-22T16:45:07.1774840Z ignoring duplicate directory "/Users/runner/work/tcm-storage-ios/tcm-storage-ios/build/Build/Products/Debug-iphonesimulator/PackageFrameworks"
2026-04-22T16:45:07.1775580Z ignoring duplicate directory "/Users/runner/work/tcm-storage-ios/tcm-storage-ios/build/Build/Products/Debug-iphonesimulator/PackageFrameworks"
2026-04-22T16:45:07.1776310Z ignoring duplicate directory "/Users/runner/work/tcm-storage-ios/tcm-storage-ios/build/Build/Products/Debug-iphonesimulator/PackageFrameworks"
2026-04-22T16:45:07.1777130Z ignoring duplicate directory "/Users/runner/work/tcm-storage-ios/tcm-storage-ios/build/Build/Products/Debug-iphonesimulator/PackageFrameworks"
2026-04-22T16:45:07.1777890Z ignoring duplicate directory "/Users/runner/work/tcm-storage-ios/tcm-storage-ios/build/Build/Products/Debug-iphonesimulator/PackageFrameworks"
2026-04-22T16:45:07.1778670Z ignoring duplicate directory "/Users/runner/work/tcm-storage-ios/tcm-storage-ios/build/Build/Products/Debug-iphonesimulator/PackageFrameworks"
2026-04-22T16:45:07.1779440Z ignoring duplicate directory "/Users/runner/work/tcm-storage-ios/tcm-storage-ios/build/Build/Products/Debug-iphonesimulator/PackageFrameworks"
2026-04-22T16:45:07.1780190Z ignoring duplicate directory "/Users/runner/work/tcm-storage-ios/tcm-storage-ios/build/Build/Products/Debug-iphonesimulator/PackageFrameworks"
2026-04-22T16:45:07.1781460Z ignoring duplicate directory "/Users/runner/work/tcm-storage-ios/tcm-storage-ios/build/Build/Products/Debug-iphonesimulator/PackageFrameworks"
2026-04-22T16:45:07.1782510Z ignoring duplicate directory "/Users/runner/work/tcm-storage-ios/tcm-storage-ios/build/Build/Products/Debug-iphonesimulator/PackageFrameworks"
2026-04-22T16:45:07.1783400Z ignoring duplicate directory "/Users/runner/work/tcm-storage-ios/tcm-storage-ios/build/Build/Products/Debug-iphonesimulator/PackageFrameworks"
2026-04-22T16:45:07.1784140Z ignoring duplicate directory "/Users/runner/work/tcm-storage-ios/tcm-storage-ios/build/Build/Products/Debug-iphonesimulator/PackageFrameworks"
2026-04-22T16:45:07.1784880Z ignoring duplicate directory "/Users/runner/work/tcm-storage-ios/tcm-storage-ios/build/Build/Products/Debug-iphonesimulator/PackageFrameworks"
2026-04-22T16:45:07.1785880Z ignoring duplicate directory "/Users/runner/work/tcm-storage-ios/tcm-storage-ios/build/Build/Products/Debug-iphonesimulator/PackageFrameworks"
2026-04-22T16:45:07.1786640Z ignoring duplicate directory "/Users/runner/work/tcm-storage-ios/tcm-storage-ios/build/Build/Products/Debug-iphonesimulator/PackageFrameworks"
2026-04-22T16:45:07.1787370Z ignoring duplicate directory "/Users/runner/work/tcm-storage-ios/tcm-storage-ios/build/Build/Products/Debug-iphonesimulator/PackageFrameworks"
2026-04-22T16:45:07.1788330Z ignoring duplicate directory "/Users/runner/work/tcm-storage-ios/tcm-storage-ios/build/Build/Products/Debug-iphonesimulator/PackageFrameworks"
2026-04-22T16:45:07.1789070Z ignoring duplicate directory "/Users/runner/work/tcm-storage-ios/tcm-storage-ios/build/Build/Products/Debug-iphonesimulator/PackageFrameworks"
2026-04-22T16:45:07.1789800Z ignoring duplicate directory "/Users/runner/work/tcm-storage-ios/tcm-storage-ios/build/Build/Products/Debug-iphonesimulator/PackageFrameworks"
2026-04-22T16:45:07.1790600Z ignoring duplicate directory "/Users/runner/work/tcm-storage-ios/tcm-storage-ios/build/Build/Products/Debug-iphonesimulator/PackageFrameworks"
2026-04-22T16:45:07.1791950Z ignoring duplicate directory "/Users/runner/work/tcm-storage-ios/tcm-storage-ios/build/Build/Products/Debug-iphonesimulator/PackageFrameworks"
2026-04-22T16:45:07.1792820Z ignoring duplicate directory "/Users/runner/work/tcm-storage-ios/tcm-storage-ios/build/Build/Products/Debug-iphonesimulator/PackageFrameworks"
2026-04-22T16:45:07.1797580Z ignoring duplicate directory "/Users/runner/work/tcm-storage-ios/tcm-storage-ios/build/Build/Products/Debug-iphonesimulator/PackageFrameworks"
2026-04-22T16:45:07.1799220Z ignoring duplicate directory "/Users/runner/work/tcm-storage-ios/tcm-storage-ios/build/Build/Products/Debug-iphonesimulator/PackageFrameworks"
2026-04-22T16:45:07.1800240Z ignoring duplicate directory "/Users/runner/work/tcm-storage-ios/tcm-storage-ios/build/Build/Products/Debug-iphonesimulator/PackageFrameworks"
2026-04-22T16:45:07.1801010Z ignoring duplicate directory "/Users/runner/work/tcm-storage-ios/tcm-storage-ios/build/Build/Products/Debug-iphonesimulator/PackageFrameworks"
2026-04-22T16:45:07.1801880Z ignoring duplicate directory "/Users/runner/work/tcm-storage-ios/tcm-storage-ios/build/Build/Products/Debug-iphonesimulator/PackageFrameworks"
2026-04-22T16:45:07.1802740Z ignoring duplicate directory "/Users/runner/work/tcm-storage-ios/tcm-storage-ios/build/Build/Products/Debug-iphonesimulator/PackageFrameworks"
2026-04-22T16:45:07.1803860Z ignoring duplicate directory "/Users/runner/work/tcm-storage-ios/tcm-storage-ios/build/Build/Products/Debug-iphonesimulator/PackageFrameworks"
2026-04-22T16:45:07.1804440Z #include "..." search starts here:
2026-04-22T16:45:07.1805090Z  /Users/runner/work/tcm-storage-ios/tcm-storage-ios/build/Build/Intermediates.noindex/Nextcloud.build/Debug-iphonesimulator/Nextcloud.build/Nextcloud-generated-files.hmap (headermap)
2026-04-22T16:45:07.1806100Z  /Users/runner/work/tcm-storage-ios/tcm-storage-ios/build/Build/Intermediates.noindex/Nextcloud.build/Debug-iphonesimulator/Nextcloud.build/Nextcloud-project-headers.hmap (headermap)
2026-04-22T16:45:07.1806690Z #include <...> search starts here:
2026-04-22T16:45:07.1807260Z  /Users/runner/work/tcm-storage-ios/tcm-storage-ios/build/Build/Intermediates.noindex/Nextcloud.build/Debug-iphonesimulator/Nextcloud.build/Nextcloud-own-target-headers.hmap (headermap)
2026-04-22T16:45:07.1808470Z  /Users/runner/work/tcm-storage-ios/tcm-storage-ios/build/Build/Intermediates.noindex/Nextcloud.build/Debug-iphonesimulator/Nextcloud.build/Nextcloud-all-non-framework-target-headers.hmap (headermap)
2026-04-22T16:45:07.1809380Z  /Users/runner/work/tcm-storage-ios/tcm-storage-ios/build/SourcePackages/checkouts/swift-nio-ssl/Sources/CNIOBoringSSLShims/include
2026-04-22T16:45:07.1810060Z  /Users/runner/work/tcm-storage-ios/tcm-storage-ios/build/SourcePackages/checkouts/swift-nio-ssl/Sources/CNIOBoringSSL/include
2026-04-22T16:45:07.1810780Z  /Users/runner/work/tcm-storage-ios/tcm-storage-ios/build/SourcePackages/checkouts/swift-atomics/Sources/_AtomicsShims/include
2026-04-22T16:45:07.1811450Z  /Users/runner/work/tcm-storage-ios/tcm-storage-ios/build/SourcePackages/checkouts/swift-nio/Sources/CNIOPosix/include
2026-04-22T16:45:07.1812060Z  /Users/runner/work/tcm-storage-ios/tcm-storage-ios/build/SourcePackages/checkouts/swift-nio/Sources/CNIOWASI/include
2026-04-22T16:45:07.1812660Z  /Users/runner/work/tcm-storage-ios/tcm-storage-ios/build/SourcePackages/checkouts/swift-nio/Sources/CNIOWindows/include
2026-04-22T16:45:07.1813270Z  /Users/runner/work/tcm-storage-ios/tcm-storage-ios/build/SourcePackages/checkouts/swift-nio/Sources/CNIOLinux/include
2026-04-22T16:45:07.1813970Z  /Users/runner/work/tcm-storage-ios/tcm-storage-ios/build/SourcePackages/checkouts/swift-nio/Sources/CNIODarwin/include
2026-04-22T16:45:07.1814630Z  /Users/runner/work/tcm-storage-ios/tcm-storage-ios/build/SourcePackages/checkouts/swift-nio/Sources/CNIOOpenBSD/include
2026-04-22T16:45:07.1815260Z  /Users/runner/work/tcm-storage-ios/tcm-storage-ios/build/SourcePackages/checkouts/swift-nio/Sources/CNIOAtomics/include
2026-04-22T16:45:07.1815910Z  /Users/runner/work/tcm-storage-ios/tcm-storage-ios/build/SourcePackages/checkouts/realm-core/src
2026-04-22T16:45:07.1816430Z  /Users/runner/work/tcm-storage-ios/tcm-storage-ios/build/SourcePackages/checkouts/realm-core/src/external/s2
2026-04-22T16:45:07.1817070Z  /Users/runner/work/tcm-storage-ios/tcm-storage-ios/build/SourcePackages/checkouts/realm-core/src/external/IntelRDFPMathLib20U2/LIBRARY/src
2026-04-22T16:45:07.1817690Z  /Users/runner/work/tcm-storage-ios/tcm-storage-ios/build/SourcePackages/checkouts/realm-core/src/spm
2026-04-22T16:45:07.1818210Z  /Users/runner/work/tcm-storage-ios/tcm-storage-ios/build/SourcePackages/checkouts/realm-swift/include
2026-04-22T16:45:07.1818940Z  /Users/runner/work/tcm-storage-ios/tcm-storage-ios/build/SourcePackages/checkouts/GoogleUtilities/GoogleUtilities/NSData+zlib/Public
2026-04-22T16:45:07.1819650Z  /Users/runner/work/tcm-storage-ios/tcm-storage-ios/build/SourcePackages/checkouts/GoogleUtilities/GoogleUtilities/Logger/Public
2026-04-22T16:45:07.1820460Z  /Users/runner/work/tcm-storage-ios/tcm-storage-ios/build/SourcePackages/checkouts/GoogleUtilities/GoogleUtilities/Environment/Public
2026-04-22T16:45:07.1821260Z  /Users/runner/work/tcm-storage-ios/tcm-storage-ios/build/SourcePackages/checkouts/GoogleUtilities/third_party/IsAppEncrypted/Public
2026-04-22T16:45:07.1821950Z  /Users/runner/work/tcm-storage-ios/tcm-storage-ios/build/SourcePackages/checkouts/GoogleUtilities/GoogleUtilities/UserDefaults/Public
2026-04-22T16:45:07.1822560Z  /Users/runner/work/tcm-storage-ios/tcm-storage-ios/build/SourcePackages/checkouts/nanopb/spm_headers
2026-04-22T16:45:07.1823150Z  /Users/runner/work/tcm-storage-ios/tcm-storage-ios/build/SourcePackages/checkouts/promises/Sources/FBLPromises/include
2026-04-22T16:45:07.1823870Z  /Users/runner/work/tcm-storage-ios/tcm-storage-ios/build/SourcePackages/checkouts/GoogleDataTransport/GoogleDataTransport/GDTCORLibrary/Public
2026-04-22T16:45:07.1824590Z  /Users/runner/work/tcm-storage-ios/tcm-storage-ios/build/SourcePackages/checkouts/firebase-ios-sdk/FirebaseSessions/SourcesObjC
2026-04-22T16:45:07.1825250Z  /Users/runner/work/tcm-storage-ios/tcm-storage-ios/build/SourcePackages/checkouts/firebase-ios-sdk/FirebaseCore/Extension
2026-04-22T16:45:07.1825940Z  /Users/runner/work/tcm-storage-ios/tcm-storage-ios/build/SourcePackages/checkouts/firebase-ios-sdk/FirebaseInstallations/Source/Library/Public
2026-04-22T16:45:07.1826760Z  /Users/runner/work/tcm-storage-ios/tcm-storage-ios/build/SourcePackages/checkouts/firebase-ios-sdk/FirebaseCore/Sources/Public
2026-04-22T16:45:07.1827400Z  /Users/runner/work/tcm-storage-ios/tcm-storage-ios/build/SourcePackages/checkouts/firebase-ios-sdk/CoreOnly/Sources
2026-04-22T16:45:07.1828040Z  /Users/runner/work/tcm-storage-ios/tcm-storage-ios/build/SourcePackages/checkouts/firebase-ios-sdk/Crashlytics/Crashlytics/Public
2026-04-22T16:45:07.1828830Z  /Users/runner/work/tcm-storage-ios/tcm-storage-ios/build/SourcePackages/checkouts/GzipSwift/Sources/system-zlib/include
2026-04-22T16:45:07.1829540Z  /Users/runner/work/tcm-storage-ios/tcm-storage-ios/build/Build/Intermediates.noindex/Nextcloud.build/Debug-iphonesimulator/Nextcloud.build/DerivedSources
2026-04-22T16:45:07.1830300Z  /Users/runner/work/tcm-storage-ios/tcm-storage-ios/build/Build/Products/Debug-iphonesimulator/PackageFrameworks (framework directory)
2026-04-22T16:45:07.1830980Z  /Users/runner/work/tcm-storage-ios/tcm-storage-ios/build/Build/Products/Debug-iphonesimulator (framework directory)
2026-04-22T16:45:07.1831630Z  /Applications/Xcode_26.2.app/Contents/Developer/Platforms/iPhoneSimulator.platform/Developer/Library/Frameworks (framework directory)
2026-04-22T16:45:07.1832470Z  /Applications/Xcode_26.2.app/Contents/Developer/Platforms/iPhoneSimulator.platform/Developer/SDKs/iPhoneSimulator26.2.sdk/Developer/Library/Frameworks (framework directory)
2026-04-22T16:45:07.1833210Z  /Applications/Xcode_26.2.app/Contents/Developer/Toolchains/XcodeDefault.xctoolchain/usr/lib/clang/17/include
2026-04-22T16:45:07.1833860Z  /Applications/Xcode_26.2.app/Contents/Developer/Platforms/iPhoneSimulator.platform/Developer/SDKs/iPhoneSimulator26.2.sdk/usr/include
2026-04-22T16:45:07.1834460Z  /Applications/Xcode_26.2.app/Contents/Developer/Toolchains/XcodeDefault.xctoolchain/usr/include
2026-04-22T16:45:07.1835850Z  /Applications/Xcode_26.2.app/Contents/Developer/Platforms/iPhoneSimulator.platform/Developer/SDKs/iPhoneSimulator26.2.sdk/System/Library/Frameworks (framework directory)
2026-04-22T16:45:07.1836980Z  /Applications/Xcode_26.2.app/Contents/Developer/Platforms/iPhoneSimulator.platform/Developer/SDKs/iPhoneSimulator26.2.sdk/System/Library/SubFrameworks (framework directory)
2026-04-22T16:45:07.1838010Z End of search list.
2026-04-22T16:45:07.2062600Z clang -cc1 version 17.0.0 (clang-1700.6.3.2) default target arm64-apple-darwin24.6.0
2026-04-22T16:45:07.2063420Z ignoring nonexistent directory "/Users/runner/work/tcm-storage-ios/tcm-storage-ios/build/Build/Products/Debug-iphonesimulator/include"
2026-04-22T16:45:07.2064450Z ignoring nonexistent directory "/Users/runner/work/tcm-storage-ios/tcm-storage-ios/build/Build/Intermediates.noindex/Nextcloud.build/Debug-iphonesimulator/Nextcloud.build/DerivedSources-normal/arm64"
2026-04-22T16:45:07.2065840Z ignoring nonexistent directory "/Users/runner/work/tcm-storage-ios/tcm-storage-ios/build/Build/Intermediates.noindex/Nextcloud.build/Debug-iphonesimulator/Nextcloud.build/DerivedSources/arm64"
2026-04-22T16:45:07.2066930Z ignoring nonexistent directory "/Applications/Xcode_26.2.app/Contents/Developer/Platforms/iPhoneSimulator.platform/Developer/SDKs/iPhoneSimulator26.2.sdk/usr/local/include"
2026-04-22T16:45:07.2067900Z ignoring nonexistent directory "/Applications/Xcode_26.2.app/Contents/Developer/Platforms/iPhoneSimulator.platform/Developer/SDKs/iPhoneSimulator26.2.sdk/Library/Frameworks"
2026-04-22T16:45:07.2068810Z ignoring duplicate directory "/Users/runner/work/tcm-storage-ios/tcm-storage-ios/build/Build/Products/Debug-iphonesimulator/PackageFrameworks"
2026-04-22T16:45:07.2069590Z ignoring duplicate directory "/Users/runner/work/tcm-storage-ios/tcm-storage-ios/build/Build/Products/Debug-iphonesimulator/PackageFrameworks"
2026-04-22T16:45:07.2070400Z ignoring duplicate directory "/Users/runner/work/tcm-storage-ios/tcm-storage-ios/build/Build/Products/Debug-iphonesimulator/PackageFrameworks"
2026-04-22T16:45:07.2071260Z ignoring duplicate directory "/Users/runner/work/tcm-storage-ios/tcm-storage-ios/build/Build/Products/Debug-iphonesimulator/PackageFrameworks"
2026-04-22T16:45:07.2072010Z ignoring duplicate directory "/Users/runner/work/tcm-storage-ios/tcm-storage-ios/build/Build/Products/Debug-iphonesimulator/PackageFrameworks"
2026-04-22T16:45:07.2072740Z ignoring duplicate directory "/Users/runner/work/tcm-storage-ios/tcm-storage-ios/build/Build/Products/Debug-iphonesimulator/PackageFrameworks"
2026-04-22T16:45:07.2073590Z ignoring duplicate directory "/Users/runner/work/tcm-storage-ios/tcm-storage-ios/build/Build/Products/Debug-iphonesimulator/PackageFrameworks"
2026-04-22T16:45:07.2074410Z ignoring duplicate directory "/Users/runner/work/tcm-storage-ios/tcm-storage-ios/build/Build/Products/Debug-iphonesimulator/PackageFrameworks"
2026-04-22T16:45:07.2075160Z ignoring duplicate directory "/Users/runner/work/tcm-storage-ios/tcm-storage-ios/build/Build/Products/Debug-iphonesimulator/PackageFrameworks"
2026-04-22T16:45:07.2075920Z ignoring duplicate directory "/Users/runner/work/tcm-storage-ios/tcm-storage-ios/build/Build/Products/Debug-iphonesimulator/PackageFrameworks"
2026-04-22T16:45:07.2076660Z ignoring duplicate directory "/Users/runner/work/tcm-storage-ios/tcm-storage-ios/build/Build/Products/Debug-iphonesimulator/PackageFrameworks"
2026-04-22T16:45:07.2077410Z ignoring duplicate directory "/Users/runner/work/tcm-storage-ios/tcm-storage-ios/build/Build/Products/Debug-iphonesimulator/PackageFrameworks"
2026-04-22T16:45:07.2078140Z ignoring duplicate directory "/Users/runner/work/tcm-storage-ios/tcm-storage-ios/build/Build/Products/Debug-iphonesimulator/PackageFrameworks"
2026-04-22T16:45:07.2078870Z ignoring duplicate directory "/Users/runner/work/tcm-storage-ios/tcm-storage-ios/build/Build/Products/Debug-iphonesimulator/PackageFrameworks"
2026-04-22T16:45:07.2079600Z ignoring duplicate directory "/Users/runner/work/tcm-storage-ios/tcm-storage-ios/build/Build/Products/Debug-iphonesimulator/PackageFrameworks"
2026-04-22T16:45:07.2080340Z ignoring duplicate directory "/Users/runner/work/tcm-storage-ios/tcm-storage-ios/build/Build/Products/Debug-iphonesimulator/PackageFrameworks"
2026-04-22T16:45:07.2081090Z ignoring duplicate directory "/Users/runner/work/tcm-storage-ios/tcm-storage-ios/build/Build/Products/Debug-iphonesimulator/PackageFrameworks"
2026-04-22T16:45:07.2081810Z ignoring duplicate directory "/Users/runner/work/tcm-storage-ios/tcm-storage-ios/build/Build/Products/Debug-iphonesimulator/PackageFrameworks"
2026-04-22T16:45:07.2082550Z ignoring duplicate directory "/Users/runner/work/tcm-storage-ios/tcm-storage-ios/build/Build/Products/Debug-iphonesimulator/PackageFrameworks"
2026-04-22T16:45:07.2083370Z ignoring duplicate directory "/Users/runner/work/tcm-storage-ios/tcm-storage-ios/build/Build/Products/Debug-iphonesimulator/PackageFrameworks"
2026-04-22T16:45:07.2084150Z ignoring duplicate directory "/Users/runner/work/tcm-storage-ios/tcm-storage-ios/build/Build/Products/Debug-iphonesimulator/PackageFrameworks"
2026-04-22T16:45:07.2084880Z ignoring duplicate directory "/Users/runner/work/tcm-storage-ios/tcm-storage-ios/build/Build/Products/Debug-iphonesimulator/PackageFrameworks"
2026-04-22T16:45:07.2085600Z ignoring duplicate directory "/Users/runner/work/tcm-storage-ios/tcm-storage-ios/build/Build/Products/Debug-iphonesimulator/PackageFrameworks"
2026-04-22T16:45:07.2086330Z ignoring duplicate directory "/Users/runner/work/tcm-storage-ios/tcm-storage-ios/build/Build/Products/Debug-iphonesimulator/PackageFrameworks"
2026-04-22T16:45:07.2087060Z ignoring duplicate directory "/Users/runner/work/tcm-storage-ios/tcm-storage-ios/build/Build/Products/Debug-iphonesimulator/PackageFrameworks"
2026-04-22T16:45:07.2087790Z ignoring duplicate directory "/Users/runner/work/tcm-storage-ios/tcm-storage-ios/build/Build/Products/Debug-iphonesimulator/PackageFrameworks"
2026-04-22T16:45:07.2088520Z ignoring duplicate directory "/Users/runner/work/tcm-storage-ios/tcm-storage-ios/build/Build/Products/Debug-iphonesimulator/PackageFrameworks"
2026-04-22T16:45:07.2089270Z ignoring duplicate directory "/Users/runner/work/tcm-storage-ios/tcm-storage-ios/build/Build/Products/Debug-iphonesimulator/PackageFrameworks"
2026-04-22T16:45:07.2090000Z ignoring duplicate directory "/Users/runner/work/tcm-storage-ios/tcm-storage-ios/build/Build/Products/Debug-iphonesimulator/PackageFrameworks"
2026-04-22T16:45:07.2090740Z ignoring duplicate directory "/Users/runner/work/tcm-storage-ios/tcm-storage-ios/build/Build/Products/Debug-iphonesimulator/PackageFrameworks"
2026-04-22T16:45:07.2091740Z ignoring duplicate directory "/Users/runner/work/tcm-storage-ios/tcm-storage-ios/build/Build/Products/Debug-iphonesimulator/PackageFrameworks"
2026-04-22T16:45:07.2092600Z ignoring duplicate directory "/Users/runner/work/tcm-storage-ios/tcm-storage-ios/build/Build/Products/Debug-iphonesimulator/PackageFrameworks"
2026-04-22T16:45:07.2093330Z ignoring duplicate directory "/Users/runner/work/tcm-storage-ios/tcm-storage-ios/build/Build/Products/Debug-iphonesimulator/PackageFrameworks"
2026-04-22T16:45:07.2094060Z ignoring duplicate directory "/Users/runner/work/tcm-storage-ios/tcm-storage-ios/build/Build/Products/Debug-iphonesimulator/PackageFrameworks"
2026-04-22T16:45:07.2094820Z ignoring duplicate directory "/Users/runner/work/tcm-storage-ios/tcm-storage-ios/build/Build/Products/Debug-iphonesimulator/PackageFrameworks"
2026-04-22T16:45:07.2096480Z ignoring duplicate directory "/Users/runner/work/tcm-storage-ios/tcm-storage-ios/build/Build/Products/Debug-iphonesimulator/PackageFrameworks"
2026-04-22T16:45:07.2099310Z ignoring duplicate directory "/Users/runner/work/tcm-storage-ios/tcm-storage-ios/build/Build/Products/Debug-iphonesimulator/PackageFrameworks"
2026-04-22T16:45:07.2100170Z ignoring duplicate directory "/Users/runner/work/tcm-storage-ios/tcm-storage-ios/build/Build/Products/Debug-iphonesimulator/PackageFrameworks"
2026-04-22T16:45:07.2100970Z ignoring duplicate directory "/Users/runner/work/tcm-storage-ios/tcm-storage-ios/build/Build/Products/Debug-iphonesimulator/PackageFrameworks"
2026-04-22T16:45:07.2101810Z ignoring duplicate directory "/Users/runner/work/tcm-storage-ios/tcm-storage-ios/build/Build/Products/Debug-iphonesimulator/PackageFrameworks"
2026-04-22T16:45:07.2102990Z ignoring duplicate directory "/Users/runner/work/tcm-storage-ios/tcm-storage-ios/build/Build/Products/Debug-iphonesimulator/PackageFrameworks"
2026-04-22T16:45:07.2103950Z ignoring duplicate directory "/Users/runner/work/tcm-storage-ios/tcm-storage-ios/build/Build/Products/Debug-iphonesimulator/PackageFrameworks"
2026-04-22T16:45:07.2115710Z ignoring duplicate directory "/Users/runner/work/tcm-storage-ios/tcm-storage-ios/build/Build/Products/Debug-iphonesimulator/PackageFrameworks"
2026-04-22T16:45:07.2116490Z ignoring duplicate directory "/Users/runner/work/tcm-storage-ios/tcm-storage-ios/build/Build/Products/Debug-iphonesimulator/PackageFrameworks"
2026-04-22T16:45:07.2117950Z ignoring duplicate directory "/Users/runner/work/tcm-storage-ios/tcm-storage-ios/build/Build/Products/Debug-iphonesimulator/PackageFrameworks"
2026-04-22T16:45:07.2119490Z ignoring duplicate directory "/Users/runner/work/tcm-storage-ios/tcm-storage-ios/build/Build/Products/Debug-iphonesimulator/PackageFrameworks"
2026-04-22T16:45:07.2120530Z ignoring duplicate directory "/Users/runner/work/tcm-storage-ios/tcm-storage-ios/build/Build/Products/Debug-iphonesimulator/PackageFrameworks"
2026-04-22T16:45:07.2121290Z ignoring duplicate directory "/Users/runner/work/tcm-storage-ios/tcm-storage-ios/build/Build/Products/Debug-iphonesimulator/PackageFrameworks"
2026-04-22T16:45:07.2122090Z ignoring duplicate directory "/Users/runner/work/tcm-storage-ios/tcm-storage-ios/build/Build/Products/Debug-iphonesimulator/PackageFrameworks"
2026-04-22T16:45:07.2122940Z ignoring duplicate directory "/Users/runner/work/tcm-storage-ios/tcm-storage-ios/build/Build/Products/Debug-iphonesimulator/PackageFrameworks"
2026-04-22T16:45:07.2123750Z ignoring duplicate directory "/Users/runner/work/tcm-storage-ios/tcm-storage-ios/build/Build/Products/Debug-iphonesimulator/PackageFrameworks"
2026-04-22T16:45:07.2124900Z ignoring duplicate directory "/Users/runner/work/tcm-storage-ios/tcm-storage-ios/build/Build/Products/Debug-iphonesimulator/PackageFrameworks"
2026-04-22T16:45:07.2125850Z ignoring duplicate directory "/Users/runner/work/tcm-storage-ios/tcm-storage-ios/build/Build/Products/Debug-iphonesimulator/PackageFrameworks"
2026-04-22T16:45:07.2126570Z ignoring duplicate directory "/Users/runner/work/tcm-storage-ios/tcm-storage-ios/build/Build/Products/Debug-iphonesimulator/PackageFrameworks"
2026-04-22T16:45:07.2127780Z ignoring duplicate directory "/Users/runner/work/tcm-storage-ios/tcm-storage-ios/build/Build/Products/Debug-iphonesimulator/PackageFrameworks"
2026-04-22T16:45:07.2128590Z ignoring duplicate directory "/Users/runner/work/tcm-storage-ios/tcm-storage-ios/build/Build/Products/Debug-iphonesimulator/PackageFrameworks"
2026-04-22T16:45:07.2129370Z ignoring duplicate directory "/Users/runner/work/tcm-storage-ios/tcm-storage-ios/build/Build/Products/Debug-iphonesimulator/PackageFrameworks"
2026-04-22T16:45:07.2130100Z ignoring duplicate directory "/Users/runner/work/tcm-storage-ios/tcm-storage-ios/build/Build/Products/Debug-iphonesimulator/PackageFrameworks"
2026-04-22T16:45:07.2131070Z ignoring duplicate directory "/Users/runner/work/tcm-storage-ios/tcm-storage-ios/build/Build/Products/Debug-iphonesimulator/PackageFrameworks"
2026-04-22T16:45:07.2131830Z ignoring duplicate directory "/Users/runner/work/tcm-storage-ios/tcm-storage-ios/build/Build/Products/Debug-iphonesimulator/PackageFrameworks"
2026-04-22T16:45:07.2132730Z ignoring duplicate directory "/Users/runner/work/tcm-storage-ios/tcm-storage-ios/build/Build/Products/Debug-iphonesimulator/PackageFrameworks"
2026-04-22T16:45:07.2133460Z ignoring duplicate directory "/Users/runner/work/tcm-storage-ios/tcm-storage-ios/build/Build/Products/Debug-iphonesimulator/PackageFrameworks"
2026-04-22T16:45:07.2134190Z ignoring duplicate directory "/Users/runner/work/tcm-storage-ios/tcm-storage-ios/build/Build/Products/Debug-iphonesimulator/PackageFrameworks"
2026-04-22T16:45:07.2134970Z ignoring duplicate directory "/Users/runner/work/tcm-storage-ios/tcm-storage-ios/build/Build/Products/Debug-iphonesimulator/PackageFrameworks"
2026-04-22T16:45:07.2135700Z ignoring duplicate directory "/Users/runner/work/tcm-storage-ios/tcm-storage-ios/build/Build/Products/Debug-iphonesimulator/PackageFrameworks"
2026-04-22T16:45:07.2136810Z ignoring duplicate directory "/Users/runner/work/tcm-storage-ios/tcm-storage-ios/build/Build/Products/Debug-iphonesimulator/PackageFrameworks"
2026-04-22T16:45:07.2137780Z ignoring duplicate directory "/Users/runner/work/tcm-storage-ios/tcm-storage-ios/build/Build/Products/Debug-iphonesimulator/PackageFrameworks"
2026-04-22T16:45:07.2138640Z ignoring duplicate directory "/Users/runner/work/tcm-storage-ios/tcm-storage-ios/build/Build/Products/Debug-iphonesimulator/PackageFrameworks"
2026-04-22T16:45:07.2139520Z ignoring duplicate directory "/Users/runner/work/tcm-storage-ios/tcm-storage-ios/build/Build/Products/Debug-iphonesimulator/PackageFrameworks"
2026-04-22T16:45:07.2140700Z ignoring duplicate directory "/Users/runner/work/tcm-storage-ios/tcm-storage-ios/build/Build/Products/Debug-iphonesimulator/PackageFrameworks"
2026-04-22T16:45:07.2142240Z ignoring duplicate directory "/Users/runner/work/tcm-storage-ios/tcm-storage-ios/build/Build/Products/Debug-iphonesimulator/PackageFrameworks"
2026-04-22T16:45:07.2143020Z ignoring duplicate directory "/Users/runner/work/tcm-storage-ios/tcm-storage-ios/build/Build/Products/Debug-iphonesimulator/PackageFrameworks"
2026-04-22T16:45:07.2144050Z ignoring duplicate directory "/Users/runner/work/tcm-storage-ios/tcm-storage-ios/build/Build/Products/Debug-iphonesimulator/PackageFrameworks"
2026-04-22T16:45:07.2144790Z ignoring duplicate directory "/Users/runner/work/tcm-storage-ios/tcm-storage-ios/build/Build/Products/Debug-iphonesimulator/PackageFrameworks"
2026-04-22T16:45:07.2145730Z ignoring duplicate directory "/Users/runner/work/tcm-storage-ios/tcm-storage-ios/build/Build/Products/Debug-iphonesimulator/PackageFrameworks"
2026-04-22T16:45:07.2146650Z ignoring duplicate directory "/Users/runner/work/tcm-storage-ios/tcm-storage-ios/build/Build/Products/Debug-iphonesimulator/PackageFrameworks"
2026-04-22T16:45:07.2148160Z #include "..." search starts here:
2026-04-22T16:45:07.2149280Z  /Users/runner/work/tcm-storage-ios/tcm-storage-ios/build/Build/Intermediates.noindex/Nextcloud.build/Debug-iphonesimulator/Nextcloud.build/Nextcloud-generated-files.hmap (headermap)
2026-04-22T16:45:07.2151430Z  /Users/runner/work/tcm-storage-ios/tcm-storage-ios/build/Build/Intermediates.noindex/Nextcloud.build/Debug-iphonesimulator/Nextcloud.build/Nextcloud-project-headers.hmap (headermap)
2026-04-22T16:45:07.2152270Z #include <...> search starts here:
2026-04-22T16:45:07.2153030Z  /Users/runner/work/tcm-storage-ios/tcm-storage-ios/build/Build/Intermediates.noindex/Nextcloud.build/Debug-iphonesimulator/Nextcloud.build/Nextcloud-own-target-headers.hmap (headermap)
2026-04-22T16:45:07.2154080Z  /Users/runner/work/tcm-storage-ios/tcm-storage-ios/build/Build/Intermediates.noindex/Nextcloud.build/Debug-iphonesimulator/Nextcloud.build/Nextcloud-all-non-framework-target-headers.hmap (headermap)
2026-04-22T16:45:07.2155210Z  /Users/runner/work/tcm-storage-ios/tcm-storage-ios/build/SourcePackages/checkouts/swift-nio-ssl/Sources/CNIOBoringSSLShims/include
2026-04-22T16:45:07.2156300Z  /Users/runner/work/tcm-storage-ios/tcm-storage-ios/build/SourcePackages/checkouts/swift-nio-ssl/Sources/CNIOBoringSSL/include
2026-04-22T16:45:07.2157000Z  /Users/runner/work/tcm-storage-ios/tcm-storage-ios/build/SourcePackages/checkouts/swift-atomics/Sources/_AtomicsShims/include
2026-04-22T16:45:07.2157850Z  /Users/runner/work/tcm-storage-ios/tcm-storage-ios/build/SourcePackages/checkouts/swift-nio/Sources/CNIOPosix/include
2026-04-22T16:45:07.2158820Z  /Users/runner/work/tcm-storage-ios/tcm-storage-ios/build/SourcePackages/checkouts/swift-nio/Sources/CNIOWASI/include
2026-04-22T16:45:07.2159430Z  /Users/runner/work/tcm-storage-ios/tcm-storage-ios/build/SourcePackages/checkouts/swift-nio/Sources/CNIOWindows/include
2026-04-22T16:45:07.2160630Z  /Users/runner/work/tcm-storage-ios/tcm-storage-ios/build/SourcePackages/checkouts/swift-nio/Sources/CNIOLinux/include
2026-04-22T16:45:07.2161240Z  /Users/runner/work/tcm-storage-ios/tcm-storage-ios/build/SourcePackages/checkouts/swift-nio/Sources/CNIODarwin/include
2026-04-22T16:45:07.2161850Z  /Users/runner/work/tcm-storage-ios/tcm-storage-ios/build/SourcePackages/checkouts/swift-nio/Sources/CNIOOpenBSD/include
2026-04-22T16:45:07.2162720Z  /Users/runner/work/tcm-storage-ios/tcm-storage-ios/build/SourcePackages/checkouts/swift-nio/Sources/CNIOAtomics/include
2026-04-22T16:45:07.2163290Z  /Users/runner/work/tcm-storage-ios/tcm-storage-ios/build/SourcePackages/checkouts/realm-core/src
2026-04-22T16:45:07.2164350Z  /Users/runner/work/tcm-storage-ios/tcm-storage-ios/build/SourcePackages/checkouts/realm-core/src/external/s2
2026-04-22T16:45:07.2165020Z  /Users/runner/work/tcm-storage-ios/tcm-storage-ios/build/SourcePackages/checkouts/realm-core/src/external/IntelRDFPMathLib20U2/LIBRARY/src
2026-04-22T16:45:07.2165650Z  /Users/runner/work/tcm-storage-ios/tcm-storage-ios/build/SourcePackages/checkouts/realm-core/src/spm
2026-04-22T16:45:07.2166150Z  /Users/runner/work/tcm-storage-ios/tcm-storage-ios/build/SourcePackages/checkouts/realm-swift/include
2026-04-22T16:45:07.2167340Z  /Users/runner/work/tcm-storage-ios/tcm-storage-ios/build/SourcePackages/checkouts/GoogleUtilities/GoogleUtilities/NSData+zlib/Public
2026-04-22T16:45:07.2168040Z  /Users/runner/work/tcm-storage-ios/tcm-storage-ios/build/SourcePackages/checkouts/GoogleUtilities/GoogleUtilities/Logger/Public
2026-04-22T16:45:07.2168760Z  /Users/runner/work/tcm-storage-ios/tcm-storage-ios/build/SourcePackages/checkouts/GoogleUtilities/GoogleUtilities/Environment/Public
2026-04-22T16:45:07.2169580Z  /Users/runner/work/tcm-storage-ios/tcm-storage-ios/build/SourcePackages/checkouts/GoogleUtilities/third_party/IsAppEncrypted/Public
2026-04-22T16:45:07.2170460Z  /Users/runner/work/tcm-storage-ios/tcm-storage-ios/build/SourcePackages/checkouts/GoogleUtilities/GoogleUtilities/UserDefaults/Public
2026-04-22T16:45:07.2171090Z  /Users/runner/work/tcm-storage-ios/tcm-storage-ios/build/SourcePackages/checkouts/nanopb/spm_headers
2026-04-22T16:45:07.2171750Z  /Users/runner/work/tcm-storage-ios/tcm-storage-ios/build/SourcePackages/checkouts/promises/Sources/FBLPromises/include
2026-04-22T16:45:07.2172510Z  /Users/runner/work/tcm-storage-ios/tcm-storage-ios/build/SourcePackages/checkouts/GoogleDataTransport/GoogleDataTransport/GDTCORLibrary/Public
2026-04-22T16:45:07.2173520Z  /Users/runner/work/tcm-storage-ios/tcm-storage-ios/build/SourcePackages/checkouts/firebase-ios-sdk/FirebaseSessions/SourcesObjC
2026-04-22T16:45:07.2174200Z  /Users/runner/work/tcm-storage-ios/tcm-storage-ios/build/SourcePackages/checkouts/firebase-ios-sdk/FirebaseCore/Extension
2026-04-22T16:45:07.2174910Z  /Users/runner/work/tcm-storage-ios/tcm-storage-ios/build/SourcePackages/checkouts/firebase-ios-sdk/FirebaseInstallations/Source/Library/Public
2026-04-22T16:45:07.2176510Z  /Users/runner/work/tcm-storage-ios/tcm-storage-ios/build/SourcePackages/checkouts/firebase-ios-sdk/FirebaseCore/Sources/Public
2026-04-22T16:45:07.2177170Z  /Users/runner/work/tcm-storage-ios/tcm-storage-ios/build/SourcePackages/checkouts/firebase-ios-sdk/CoreOnly/Sources
2026-04-22T16:45:07.2177830Z  /Users/runner/work/tcm-storage-ios/tcm-storage-ios/build/SourcePackages/checkouts/firebase-ios-sdk/Crashlytics/Crashlytics/Public
2026-04-22T16:45:07.2178940Z  /Users/runner/work/tcm-storage-ios/tcm-storage-ios/build/SourcePackages/checkouts/GzipSwift/Sources/system-zlib/include
2026-04-22T16:45:07.2179680Z  /Users/runner/work/tcm-storage-ios/tcm-storage-ios/build/Build/Intermediates.noindex/Nextcloud.build/Debug-iphonesimulator/Nextcloud.build/DerivedSources
2026-04-22T16:45:07.2180890Z  /Users/runner/work/tcm-storage-ios/tcm-storage-ios/build/Build/Products/Debug-iphonesimulator/PackageFrameworks (framework directory)
2026-04-22T16:45:07.2181590Z  /Users/runner/work/tcm-storage-ios/tcm-storage-ios/build/Build/Products/Debug-iphonesimulator (framework directory)
2026-04-22T16:45:07.2182410Z  /Applications/Xcode_26.2.app/Contents/Developer/Platforms/iPhoneSimulator.platform/Developer/Library/Frameworks (framework directory)
2026-04-22T16:45:07.2183400Z  /Applications/Xcode_26.2.app/Contents/Developer/Platforms/iPhoneSimulator.platform/Developer/SDKs/iPhoneSimulator26.2.sdk/Developer/Library/Frameworks (framework directory)
2026-04-22T16:45:07.2185150Z  /Applications/Xcode_26.2.app/Contents/Developer/Toolchains/XcodeDefault.xctoolchain/usr/lib/clang/17/include
2026-04-22T16:45:07.2185800Z  /Applications/Xcode_26.2.app/Contents/Developer/Platforms/iPhoneSimulator.platform/Developer/SDKs/iPhoneSimulator26.2.sdk/usr/include
2026-04-22T16:45:07.2186490Z  /Applications/Xcode_26.2.app/Contents/Developer/Toolchains/XcodeDefault.xctoolchain/usr/include
2026-04-22T16:45:07.2187190Z  /Applications/Xcode_26.2.app/Contents/Developer/Platforms/iPhoneSimulator.platform/Developer/SDKs/iPhoneSimulator26.2.sdk/System/Library/Frameworks (framework directory)
2026-04-22T16:45:07.2188140Z  /Applications/Xcode_26.2.app/Contents/Developer/Platforms/iPhoneSimulator.platform/Developer/SDKs/iPhoneSimulator26.2.sdk/System/Library/SubFrameworks (framework directory)
2026-04-22T16:45:07.2188710Z End of search list.
2026-04-22T16:45:07.2416250Z clang -cc1 version 17.0.0 (clang-1700.6.3.2) default target arm64-apple-darwin24.6.0
2026-04-22T16:45:07.2420980Z ignoring nonexistent directory "/Users/runner/work/tcm-storage-ios/tcm-storage-ios/build/Build/Products/Debug-iphonesimulator/include"
2026-04-22T16:45:07.2423220Z ignoring nonexistent directory "/Users/runner/work/tcm-storage-ios/tcm-storage-ios/build/Build/Intermediates.noindex/Nextcloud.build/Debug-iphonesimulator/Nextcloud.build/DerivedSources-normal/arm64"
2026-04-22T16:45:07.2424720Z ignoring nonexistent directory "/Users/runner/work/tcm-storage-ios/tcm-storage-ios/build/Build/Intermediates.noindex/Nextcloud.build/Debug-iphonesimulator/Nextcloud.build/DerivedSources/arm64"
2026-04-22T16:45:07.2430050Z ignoring nonexistent directory "/Applications/Xcode_26.2.app/Contents/Developer/Platforms/iPhoneSimulator.platform/Developer/SDKs/iPhoneSimulator26.2.sdk/usr/local/include"
2026-04-22T16:45:07.2431850Z ignoring nonexistent directory "/Applications/Xcode_26.2.app/Contents/Developer/Platforms/iPhoneSimulator.platform/Developer/SDKs/iPhoneSimulator26.2.sdk/Library/Frameworks"
2026-04-22T16:45:07.2433300Z ignoring duplicate directory "/Users/runner/work/tcm-storage-ios/tcm-storage-ios/build/Build/Products/Debug-iphonesimulator/PackageFrameworks"
2026-04-22T16:45:07.2434470Z ignoring duplicate directory "/Users/runner/work/tcm-storage-ios/tcm-storage-ios/build/Build/Products/Debug-iphonesimulator/PackageFrameworks"
2026-04-22T16:45:07.2435300Z ignoring duplicate directory "/Users/runner/work/tcm-storage-ios/tcm-storage-ios/build/Build/Products/Debug-iphonesimulator/PackageFrameworks"
2026-04-22T16:45:07.2436100Z ignoring duplicate directory "/Users/runner/work/tcm-storage-ios/tcm-storage-ios/build/Build/Products/Debug-iphonesimulator/PackageFrameworks"
2026-04-22T16:45:07.2436880Z ignoring duplicate directory "/Users/runner/work/tcm-storage-ios/tcm-storage-ios/build/Build/Products/Debug-iphonesimulator/PackageFrameworks"
2026-04-22T16:45:07.2438520Z ignoring duplicate directory "/Users/runner/work/tcm-storage-ios/tcm-storage-ios/build/Build/Products/Debug-iphonesimulator/PackageFrameworks"
2026-04-22T16:45:07.2440840Z ignoring duplicate directory "/Users/runner/work/tcm-storage-ios/tcm-storage-ios/build/Build/Products/Debug-iphonesimulator/PackageFrameworks"
2026-04-22T16:45:07.2445010Z ignoring duplicate directory "/Users/runner/work/tcm-storage-ios/tcm-storage-ios/build/Build/Products/Debug-iphonesimulator/PackageFrameworks"
2026-04-22T16:45:07.2447180Z ignoring duplicate directory "/Users/runner/work/tcm-storage-ios/tcm-storage-ios/build/Build/Products/Debug-iphonesimulator/PackageFrameworks"
2026-04-22T16:45:07.2449830Z ignoring duplicate directory "/Users/runner/work/tcm-storage-ios/tcm-storage-ios/build/Build/Products/Debug-iphonesimulator/PackageFrameworks"
2026-04-22T16:45:07.2452000Z ignoring duplicate directory "/Users/runner/work/tcm-storage-ios/tcm-storage-ios/build/Build/Products/Debug-iphonesimulator/PackageFrameworks"
2026-04-22T16:45:07.2456840Z ignoring duplicate directory "/Users/runner/work/tcm-storage-ios/tcm-storage-ios/build/Build/Products/Debug-iphonesimulator/PackageFrameworks"
2026-04-22T16:45:07.2457720Z ignoring duplicate directory "/Users/runner/work/tcm-storage-ios/tcm-storage-ios/build/Build/Products/Debug-iphonesimulator/PackageFrameworks"
2026-04-22T16:45:07.2458520Z ignoring duplicate directory "/Users/runner/work/tcm-storage-ios/tcm-storage-ios/build/Build/Products/Debug-iphonesimulator/PackageFrameworks"
2026-04-22T16:45:07.2460060Z ignoring duplicate directory "/Users/runner/work/tcm-storage-ios/tcm-storage-ios/build/Build/Products/Debug-iphonesimulator/PackageFrameworks"
2026-04-22T16:45:07.2460840Z ignoring duplicate directory "/Users/runner/work/tcm-storage-ios/tcm-storage-ios/build/Build/Products/Debug-iphonesimulator/PackageFrameworks"
2026-04-22T16:45:07.2461610Z ignoring duplicate directory "/Users/runner/work/tcm-storage-ios/tcm-storage-ios/build/Build/Products/Debug-iphonesimulator/PackageFrameworks"
2026-04-22T16:45:07.2462350Z ignoring duplicate directory "/Users/runner/work/tcm-storage-ios/tcm-storage-ios/build/Build/Products/Debug-iphonesimulator/PackageFrameworks"
2026-04-22T16:45:07.2463120Z ignoring duplicate directory "/Users/runner/work/tcm-storage-ios/tcm-storage-ios/build/Build/Products/Debug-iphonesimulator/PackageFrameworks"
2026-04-22T16:45:07.2463910Z ignoring duplicate directory "/Users/runner/work/tcm-storage-ios/tcm-storage-ios/build/Build/Products/Debug-iphonesimulator/PackageFrameworks"
2026-04-22T16:45:07.2464750Z ignoring duplicate directory "/Users/runner/work/tcm-storage-ios/tcm-storage-ios/build/Build/Products/Debug-iphonesimulator/PackageFrameworks"
2026-04-22T16:45:07.2465870Z ignoring duplicate directory "/Users/runner/work/tcm-storage-ios/tcm-storage-ios/build/Build/Products/Debug-iphonesimulator/PackageFrameworks"
2026-04-22T16:45:07.2467030Z ignoring duplicate directory "/Users/runner/work/tcm-storage-ios/tcm-storage-ios/build/Build/Products/Debug-iphonesimulator/PackageFrameworks"
2026-04-22T16:45:07.2470400Z ignoring duplicate directory "/Users/runner/work/tcm-storage-ios/tcm-storage-ios/build/Build/Products/Debug-iphonesimulator/PackageFrameworks"
2026-04-22T16:45:07.2471450Z ignoring duplicate directory "/Users/runner/work/tcm-storage-ios/tcm-storage-ios/build/Build/Products/Debug-iphonesimulator/PackageFrameworks"
2026-04-22T16:45:07.2472230Z ignoring duplicate directory "/Users/runner/work/tcm-storage-ios/tcm-storage-ios/build/Build/Products/Debug-iphonesimulator/PackageFrameworks"
2026-04-22T16:45:07.2488680Z ignoring duplicate directory "/Users/runner/work/tcm-storage-ios/tcm-storage-ios/build/Build/Products/Debug-iphonesimulator/PackageFrameworks"
2026-04-22T16:45:07.2491090Z ignoring duplicate directory "/Users/runner/work/tcm-storage-ios/tcm-storage-ios/build/Build/Products/Debug-iphonesimulator/PackageFrameworks"
2026-04-22T16:45:07.2491890Z ignoring duplicate directory "/Users/runner/work/tcm-storage-ios/tcm-storage-ios/build/Build/Products/Debug-iphonesimulator/PackageFrameworks"
2026-04-22T16:45:07.2492720Z ignoring duplicate directory "/Users/runner/work/tcm-storage-ios/tcm-storage-ios/build/Build/Products/Debug-iphonesimulator/PackageFrameworks"
2026-04-22T16:45:07.2493530Z ignoring duplicate directory "/Users/runner/work/tcm-storage-ios/tcm-storage-ios/build/Build/Products/Debug-iphonesimulator/PackageFrameworks"
2026-04-22T16:45:07.2494830Z ignoring duplicate directory "/Users/runner/work/tcm-storage-ios/tcm-storage-ios/build/Build/Products/Debug-iphonesimulator/PackageFrameworks"
2026-04-22T16:45:07.2495590Z ignoring duplicate directory "/Users/runner/work/tcm-storage-ios/tcm-storage-ios/build/Build/Products/Debug-iphonesimulator/PackageFrameworks"
2026-04-22T16:45:07.2496340Z ignoring duplicate directory "/Users/runner/work/tcm-storage-ios/tcm-storage-ios/build/Build/Products/Debug-iphonesimulator/PackageFrameworks"
2026-04-22T16:45:07.2497090Z ignoring duplicate directory "/Users/runner/work/tcm-storage-ios/tcm-storage-ios/build/Build/Products/Debug-iphonesimulator/PackageFrameworks"
2026-04-22T16:45:07.2497820Z ignoring duplicate directory "/Users/runner/work/tcm-storage-ios/tcm-storage-ios/build/Build/Products/Debug-iphonesimulator/PackageFrameworks"
2026-04-22T16:45:07.2498570Z ignoring duplicate directory "/Users/runner/work/tcm-storage-ios/tcm-storage-ios/build/Build/Products/Debug-iphonesimulator/PackageFrameworks"
2026-04-22T16:45:07.2499360Z ignoring duplicate directory "/Users/runner/work/tcm-storage-ios/tcm-storage-ios/build/Build/Products/Debug-iphonesimulator/PackageFrameworks"
2026-04-22T16:45:07.2500410Z ignoring duplicate directory "/Users/runner/work/tcm-storage-ios/tcm-storage-ios/build/Build/Products/Debug-iphonesimulator/PackageFrameworks"
2026-04-22T16:45:07.2501990Z ignoring duplicate directory "/Users/runner/work/tcm-storage-ios/tcm-storage-ios/build/Build/Products/Debug-iphonesimulator/PackageFrameworks"
2026-04-22T16:45:07.2502800Z ignoring duplicate directory "/Users/runner/work/tcm-storage-ios/tcm-storage-ios/build/Build/Products/Debug-iphonesimulator/PackageFrameworks"
2026-04-22T16:45:07.2503760Z ignoring duplicate directory "/Users/runner/work/tcm-storage-ios/tcm-storage-ios/build/Build/Products/Debug-iphonesimulator/PackageFrameworks"
2026-04-22T16:45:07.2504650Z ignoring duplicate directory "/Users/runner/work/tcm-storage-ios/tcm-storage-ios/build/Build/Products/Debug-iphonesimulator/PackageFrameworks"
2026-04-22T16:45:07.2505560Z ignoring duplicate directory "/Users/runner/work/tcm-storage-ios/tcm-storage-ios/build/Build/Products/Debug-iphonesimulator/PackageFrameworks"
2026-04-22T16:45:07.2506340Z ignoring duplicate directory "/Users/runner/work/tcm-storage-ios/tcm-storage-ios/build/Build/Products/Debug-iphonesimulator/PackageFrameworks"
2026-04-22T16:45:07.2507290Z ignoring duplicate directory "/Users/runner/work/tcm-storage-ios/tcm-storage-ios/build/Build/Products/Debug-iphonesimulator/PackageFrameworks"
2026-04-22T16:45:07.2508120Z ignoring duplicate directory "/Users/runner/work/tcm-storage-ios/tcm-storage-ios/build/Build/Products/Debug-iphonesimulator/PackageFrameworks"
2026-04-22T16:45:07.2508880Z ignoring duplicate directory "/Users/runner/work/tcm-storage-ios/tcm-storage-ios/build/Build/Products/Debug-iphonesimulator/PackageFrameworks"
2026-04-22T16:45:07.2510100Z ignoring duplicate directory "/Users/runner/work/tcm-storage-ios/tcm-storage-ios/build/Build/Products/Debug-iphonesimulator/PackageFrameworks"
2026-04-22T16:45:07.2510880Z ignoring duplicate directory "/Users/runner/work/tcm-storage-ios/tcm-storage-ios/build/Build/Products/Debug-iphonesimulator/PackageFrameworks"
2026-04-22T16:45:07.2511770Z ignoring duplicate directory "/Users/runner/work/tcm-storage-ios/tcm-storage-ios/build/Build/Products/Debug-iphonesimulator/PackageFrameworks"
2026-04-22T16:45:07.2512540Z ignoring duplicate directory "/Users/runner/work/tcm-storage-ios/tcm-storage-ios/build/Build/Products/Debug-iphonesimulator/PackageFrameworks"
2026-04-22T16:45:07.2513350Z ignoring duplicate directory "/Users/runner/work/tcm-storage-ios/tcm-storage-ios/build/Build/Products/Debug-iphonesimulator/PackageFrameworks"
2026-04-22T16:45:07.2514230Z ignoring duplicate directory "/Users/runner/work/tcm-storage-ios/tcm-storage-ios/build/Build/Products/Debug-iphonesimulator/PackageFrameworks"
2026-04-22T16:45:07.2514980Z ignoring duplicate directory "/Users/runner/work/tcm-storage-ios/tcm-storage-ios/build/Build/Products/Debug-iphonesimulator/PackageFrameworks"
2026-04-22T16:45:07.2517670Z ignoring duplicate directory "/Users/runner/work/tcm-storage-ios/tcm-storage-ios/build/Build/Products/Debug-iphonesimulator/PackageFrameworks"
2026-04-22T16:45:07.2519540Z ignoring duplicate directory "/Users/runner/work/tcm-storage-ios/tcm-storage-ios/build/Build/Products/Debug-iphonesimulator/PackageFrameworks"
2026-04-22T16:45:07.2520370Z ignoring duplicate directory "/Users/runner/work/tcm-storage-ios/tcm-storage-ios/build/Build/Products/Debug-iphonesimulator/PackageFrameworks"
2026-04-22T16:45:07.2522910Z ignoring duplicate directory "/Users/runner/work/tcm-storage-ios/tcm-storage-ios/build/Build/Products/Debug-iphonesimulator/PackageFrameworks"
2026-04-22T16:45:07.2526510Z ignoring duplicate directory "/Users/runner/work/tcm-storage-ios/tcm-storage-ios/build/Build/Products/Debug-iphonesimulator/PackageFrameworks"
2026-04-22T16:45:07.2527260Z ignoring duplicate directory "/Users/runner/work/tcm-storage-ios/tcm-storage-ios/build/Build/Products/Debug-iphonesimulator/PackageFrameworks"
2026-04-22T16:45:07.2528170Z ignoring duplicate directory "/Users/runner/work/tcm-storage-ios/tcm-storage-ios/build/Build/Products/Debug-iphonesimulator/PackageFrameworks"
2026-04-22T16:45:07.2530070Z ignoring duplicate directory "/Users/runner/work/tcm-storage-ios/tcm-storage-ios/build/Build/Products/Debug-iphonesimulator/PackageFrameworks"
2026-04-22T16:45:07.2534150Z ignoring duplicate directory "/Users/runner/work/tcm-storage-ios/tcm-storage-ios/build/Build/Products/Debug-iphonesimulator/PackageFrameworks"
2026-04-22T16:45:07.2535560Z ignoring duplicate directory "/Users/runner/work/tcm-storage-ios/tcm-storage-ios/build/Build/Products/Debug-iphonesimulator/PackageFrameworks"
2026-04-22T16:45:07.2536310Z ignoring duplicate directory "/Users/runner/work/tcm-storage-ios/tcm-storage-ios/build/Build/Products/Debug-iphonesimulator/PackageFrameworks"
2026-04-22T16:45:07.2537090Z ignoring duplicate directory "/Users/runner/work/tcm-storage-ios/tcm-storage-ios/build/Build/Products/Debug-iphonesimulator/PackageFrameworks"
2026-04-22T16:45:07.2537860Z ignoring duplicate directory "/Users/runner/work/tcm-storage-ios/tcm-storage-ios/build/Build/Products/Debug-iphonesimulator/PackageFrameworks"
2026-04-22T16:45:07.2538640Z ignoring duplicate directory "/Users/runner/work/tcm-storage-ios/tcm-storage-ios/build/Build/Products/Debug-iphonesimulator/PackageFrameworks"
2026-04-22T16:45:07.2539590Z ignoring duplicate directory "/Users/runner/work/tcm-storage-ios/tcm-storage-ios/build/Build/Products/Debug-iphonesimulator/PackageFrameworks"
2026-04-22T16:45:07.2540370Z ignoring duplicate directory "/Users/runner/work/tcm-storage-ios/tcm-storage-ios/build/Build/Products/Debug-iphonesimulator/PackageFrameworks"
2026-04-22T16:45:07.2541270Z ignoring duplicate directory "/Users/runner/work/tcm-storage-ios/tcm-storage-ios/build/Build/Products/Debug-iphonesimulator/PackageFrameworks"
2026-04-22T16:45:07.2542090Z ignoring duplicate directory "/Users/runner/work/tcm-storage-ios/tcm-storage-ios/build/Build/Products/Debug-iphonesimulator/PackageFrameworks"
2026-04-22T16:45:07.2542870Z ignoring duplicate directory "/Users/runner/work/tcm-storage-ios/tcm-storage-ios/build/Build/Products/Debug-iphonesimulator/PackageFrameworks"
2026-04-22T16:45:07.2543630Z ignoring duplicate directory "/Users/runner/work/tcm-storage-ios/tcm-storage-ios/build/Build/Products/Debug-iphonesimulator/PackageFrameworks"
2026-04-22T16:45:07.2544540Z ignoring duplicate directory "/Users/runner/work/tcm-storage-ios/tcm-storage-ios/build/Build/Products/Debug-iphonesimulator/PackageFrameworks"
2026-04-22T16:45:07.2545010Z #include "..." search starts here:
2026-04-22T16:45:07.2545610Z  /Users/runner/work/tcm-storage-ios/tcm-storage-ios/build/Build/Intermediates.noindex/Nextcloud.build/Debug-iphonesimulator/Nextcloud.build/Nextcloud-generated-files.hmap (headermap)
2026-04-22T16:45:07.2546620Z  /Users/runner/work/tcm-storage-ios/tcm-storage-ios/build/Build/Intermediates.noindex/Nextcloud.build/Debug-iphonesimulator/Nextcloud.build/Nextcloud-project-headers.hmap (headermap)
2026-04-22T16:45:07.2547230Z #include <...> search starts here:
2026-04-22T16:45:07.2547820Z  /Users/runner/work/tcm-storage-ios/tcm-storage-ios/build/Build/Intermediates.noindex/Nextcloud.build/Debug-iphonesimulator/Nextcloud.build/Nextcloud-own-target-headers.hmap (headermap)
2026-04-22T16:45:07.2548900Z  /Users/runner/work/tcm-storage-ios/tcm-storage-ios/build/Build/Intermediates.noindex/Nextcloud.build/Debug-iphonesimulator/Nextcloud.build/Nextcloud-all-non-framework-target-headers.hmap (headermap)
2026-04-22T16:45:07.2552890Z  /Users/runner/work/tcm-storage-ios/tcm-storage-ios/build/SourcePackages/checkouts/swift-nio-ssl/Sources/CNIOBoringSSLShims/include
2026-04-22T16:45:07.2566050Z  /Users/runner/work/tcm-storage-ios/tcm-storage-ios/build/SourcePackages/checkouts/swift-nio-ssl/Sources/CNIOBoringSSL/include
2026-04-22T16:45:07.2569030Z  /Users/runner/work/tcm-storage-ios/tcm-storage-ios/build/SourcePackages/checkouts/swift-atomics/Sources/_AtomicsShims/include
2026-04-22T16:45:07.2569830Z  /Users/runner/work/tcm-storage-ios/tcm-storage-ios/build/SourcePackages/checkouts/swift-nio/Sources/CNIOPosix/include
2026-04-22T16:45:07.2570740Z  /Users/runner/work/tcm-storage-ios/tcm-storage-ios/build/SourcePackages/checkouts/swift-nio/Sources/CNIOWASI/include
2026-04-22T16:45:07.2571370Z  /Users/runner/work/tcm-storage-ios/tcm-storage-ios/build/SourcePackages/checkouts/swift-nio/Sources/CNIOWindows/include
2026-04-22T16:45:07.2572000Z  /Users/runner/work/tcm-storage-ios/tcm-storage-ios/build/SourcePackages/checkouts/swift-nio/Sources/CNIOLinux/include
2026-04-22T16:45:07.2572630Z  /Users/runner/work/tcm-storage-ios/tcm-storage-ios/build/SourcePackages/checkouts/swift-nio/Sources/CNIODarwin/include
2026-04-22T16:45:07.2573260Z  /Users/runner/work/tcm-storage-ios/tcm-storage-ios/build/SourcePackages/checkouts/swift-nio/Sources/CNIOOpenBSD/include
2026-04-22T16:45:07.2573890Z  /Users/runner/work/tcm-storage-ios/tcm-storage-ios/build/SourcePackages/checkouts/swift-nio/Sources/CNIOAtomics/include
2026-04-22T16:45:07.2575460Z  /Users/runner/work/tcm-storage-ios/tcm-storage-ios/build/SourcePackages/checkouts/realm-core/src
2026-04-22T16:45:07.2576010Z  /Users/runner/work/tcm-storage-ios/tcm-storage-ios/build/SourcePackages/checkouts/realm-core/src/external/s2
2026-04-22T16:45:07.2576810Z  /Users/runner/work/tcm-storage-ios/tcm-storage-ios/build/SourcePackages/checkouts/realm-core/src/external/IntelRDFPMathLib20U2/LIBRARY/src
2026-04-22T16:45:07.2578420Z  /Users/runner/work/tcm-storage-ios/tcm-storage-ios/build/SourcePackages/checkouts/realm-core/src/spm
2026-04-22T16:45:07.2580200Z  /Users/runner/work/tcm-storage-ios/tcm-storage-ios/build/SourcePackages/checkouts/realm-swift/include
2026-04-22T16:45:07.2583380Z  /Users/runner/work/tcm-storage-ios/tcm-storage-ios/build/SourcePackages/checkouts/GoogleUtilities/GoogleUtilities/NSData+zlib/Public
2026-04-22T16:45:07.2587220Z  /Users/runner/work/tcm-storage-ios/tcm-storage-ios/build/SourcePackages/checkouts/GoogleUtilities/GoogleUtilities/Logger/Public
2026-04-22T16:45:07.2589950Z  /Users/runner/work/tcm-storage-ios/tcm-storage-ios/build/SourcePackages/checkouts/GoogleUtilities/GoogleUtilities/Environment/Public
2026-04-22T16:45:07.2592610Z  /Users/runner/work/tcm-storage-ios/tcm-storage-ios/build/SourcePackages/checkouts/GoogleUtilities/third_party/IsAppEncrypted/Public
2026-04-22T16:45:07.2594310Z  /Users/runner/work/tcm-storage-ios/tcm-storage-ios/build/SourcePackages/checkouts/GoogleUtilities/GoogleUtilities/UserDefaults/Public
2026-04-22T16:45:07.2596740Z  /Users/runner/work/tcm-storage-ios/tcm-storage-ios/build/SourcePackages/checkouts/nanopb/spm_headers
2026-04-22T16:45:07.2600970Z  /Users/runner/work/tcm-storage-ios/tcm-storage-ios/build/SourcePackages/checkouts/promises/Sources/FBLPromises/include
2026-04-22T16:45:07.2604080Z  /Users/runner/work/tcm-storage-ios/tcm-storage-ios/build/SourcePackages/checkouts/GoogleDataTransport/GoogleDataTransport/GDTCORLibrary/Public
2026-04-22T16:45:07.2606310Z  /Users/runner/work/tcm-storage-ios/tcm-storage-ios/build/SourcePackages/checkouts/firebase-ios-sdk/FirebaseSessions/SourcesObjC
2026-04-22T16:45:07.2608300Z  /Users/runner/work/tcm-storage-ios/tcm-storage-ios/build/SourcePackages/checkouts/firebase-ios-sdk/FirebaseCore/Extension
2026-04-22T16:45:07.2610330Z  /Users/runner/work/tcm-storage-ios/tcm-storage-ios/build/SourcePackages/checkouts/firebase-ios-sdk/FirebaseInstallations/Source/Library/Public
2026-04-22T16:45:07.2615660Z  /Users/runner/work/tcm-storage-ios/tcm-storage-ios/build/SourcePackages/checkouts/firebase-ios-sdk/FirebaseCore/Sources/Public
2026-04-22T16:45:07.2617140Z  /Users/runner/work/tcm-storage-ios/tcm-storage-ios/build/SourcePackages/checkouts/firebase-ios-sdk/CoreOnly/Sources
2026-04-22T16:45:07.2617570Z  /Users/runner/work/tcm-storage-ios/tcm-storage-ios/build/SourcePackages/checkouts/firebase-ios-sdk/Crashlytics/Crashlytics/Public
2026-04-22T16:45:07.2617850Z  /Users/runner/work/tcm-storage-ios/tcm-storage-ios/build/SourcePackages/checkouts/GzipSwift/Sources/system-zlib/include
2026-04-22T16:45:07.2618890Z  /Users/runner/work/tcm-storage-ios/tcm-storage-ios/build/Build/Intermediates.noindex/Nextcloud.build/Debug-iphonesimulator/Nextcloud.build/DerivedSources
2026-04-22T16:45:07.2620770Z  /Users/runner/work/tcm-storage-ios/tcm-storage-ios/build/Build/Products/Debug-iphonesimulator/PackageFrameworks (framework directory)
2026-04-22T16:45:07.2621080Z  /Users/runner/work/tcm-storage-ios/tcm-storage-ios/build/Build/Products/Debug-iphonesimulator (framework directory)
2026-04-22T16:45:07.2621400Z  /Applications/Xcode_26.2.app/Contents/Developer/Platforms/iPhoneSimulator.platform/Developer/Library/Frameworks (framework directory)
2026-04-22T16:45:07.2621850Z  /Applications/Xcode_26.2.app/Contents/Developer/Platforms/iPhoneSimulator.platform/Developer/SDKs/iPhoneSimulator26.2.sdk/Developer/Library/Frameworks (framework directory)
2026-04-22T16:45:07.2622110Z  /Applications/Xcode_26.2.app/Contents/Developer/Toolchains/XcodeDefault.xctoolchain/usr/lib/clang/17/include
2026-04-22T16:45:07.2622440Z  /Applications/Xcode_26.2.app/Contents/Developer/Platforms/iPhoneSimulator.platform/Developer/SDKs/iPhoneSimulator26.2.sdk/usr/include
2026-04-22T16:45:07.2622660Z  /Applications/Xcode_26.2.app/Contents/Developer/Toolchains/XcodeDefault.xctoolchain/usr/include
2026-04-22T16:45:07.2623320Z  /Applications/Xcode_26.2.app/Contents/Developer/Platforms/iPhoneSimulator.platform/Developer/SDKs/iPhoneSimulator26.2.sdk/System/Library/Frameworks (framework directory)
2026-04-22T16:45:07.2624170Z  /Applications/Xcode_26.2.app/Contents/Developer/Platforms/iPhoneSimulator.platform/Developer/SDKs/iPhoneSimulator26.2.sdk/System/Library/SubFrameworks (framework directory)
2026-04-22T16:45:07.2624620Z End of search list.
2026-04-22T16:45:07.2833100Z clang -cc1 version 17.0.0 (clang-1700.6.3.2) default target arm64-apple-darwin24.6.0
2026-04-22T16:45:07.2833460Z ignoring nonexistent directory "/Users/runner/work/tcm-storage-ios/tcm-storage-ios/build/Build/Products/Debug-iphonesimulator/include"
2026-04-22T16:45:07.2834640Z ignoring nonexistent directory "/Users/runner/work/tcm-storage-ios/tcm-storage-ios/build/Build/Intermediates.noindex/Nextcloud.build/Debug-iphonesimulator/Nextcloud.build/DerivedSources-normal/arm64"
2026-04-22T16:45:07.2835220Z ignoring nonexistent directory "/Users/runner/work/tcm-storage-ios/tcm-storage-ios/build/Build/Intermediates.noindex/Nextcloud.build/Debug-iphonesimulator/Nextcloud.build/DerivedSources/arm64"
2026-04-22T16:45:07.2835700Z ignoring nonexistent directory "/Applications/Xcode_26.2.app/Contents/Developer/Platforms/iPhoneSimulator.platform/Developer/SDKs/iPhoneSimulator26.2.sdk/usr/local/include"
2026-04-22T16:45:07.2836130Z ignoring nonexistent directory "/Applications/Xcode_26.2.app/Contents/Developer/Platforms/iPhoneSimulator.platform/Developer/SDKs/iPhoneSimulator26.2.sdk/Library/Frameworks"
2026-04-22T16:45:07.2836480Z ignoring duplicate directory "/Users/runner/work/tcm-storage-ios/tcm-storage-ios/build/Build/Products/Debug-iphonesimulator/PackageFrameworks"
2026-04-22T16:45:07.2836830Z ignoring duplicate directory "/Users/runner/work/tcm-storage-ios/tcm-storage-ios/build/Build/Products/Debug-iphonesimulator/PackageFrameworks"
2026-04-22T16:45:07.2837160Z ignoring duplicate directory "/Users/runner/work/tcm-storage-ios/tcm-storage-ios/build/Build/Products/Debug-iphonesimulator/PackageFrameworks"
2026-04-22T16:45:07.2837490Z ignoring duplicate directory "/Users/runner/work/tcm-storage-ios/tcm-storage-ios/build/Build/Products/Debug-iphonesimulator/PackageFrameworks"
2026-04-22T16:45:07.2837820Z ignoring duplicate directory "/Users/runner/work/tcm-storage-ios/tcm-storage-ios/build/Build/Products/Debug-iphonesimulator/PackageFrameworks"
2026-04-22T16:45:07.2838150Z ignoring duplicate directory "/Users/runner/work/tcm-storage-ios/tcm-storage-ios/build/Build/Products/Debug-iphonesimulator/PackageFrameworks"
2026-04-22T16:45:07.2838480Z ignoring duplicate directory "/Users/runner/work/tcm-storage-ios/tcm-storage-ios/build/Build/Products/Debug-iphonesimulator/PackageFrameworks"
2026-04-22T16:45:07.2838810Z ignoring duplicate directory "/Users/runner/work/tcm-storage-ios/tcm-storage-ios/build/Build/Products/Debug-iphonesimulator/PackageFrameworks"
2026-04-22T16:45:07.2839220Z ignoring duplicate directory "/Users/runner/work/tcm-storage-ios/tcm-storage-ios/build/Build/Products/Debug-iphonesimulator/PackageFrameworks"
2026-04-22T16:45:07.2839550Z ignoring duplicate directory "/Users/runner/work/tcm-storage-ios/tcm-storage-ios/build/Build/Products/Debug-iphonesimulator/PackageFrameworks"
2026-04-22T16:45:07.2839880Z ignoring duplicate directory "/Users/runner/work/tcm-storage-ios/tcm-storage-ios/build/Build/Products/Debug-iphonesimulator/PackageFrameworks"
2026-04-22T16:45:07.2840210Z ignoring duplicate directory "/Users/runner/work/tcm-storage-ios/tcm-storage-ios/build/Build/Products/Debug-iphonesimulator/PackageFrameworks"
2026-04-22T16:45:07.2840540Z ignoring duplicate directory "/Users/runner/work/tcm-storage-ios/tcm-storage-ios/build/Build/Products/Debug-iphonesimulator/PackageFrameworks"
2026-04-22T16:45:07.2840870Z ignoring duplicate directory "/Users/runner/work/tcm-storage-ios/tcm-storage-ios/build/Build/Products/Debug-iphonesimulator/PackageFrameworks"
2026-04-22T16:45:07.2841210Z ignoring duplicate directory "/Users/runner/work/tcm-storage-ios/tcm-storage-ios/build/Build/Products/Debug-iphonesimulator/PackageFrameworks"
2026-04-22T16:45:07.2841600Z ignoring duplicate directory "/Users/runner/work/tcm-storage-ios/tcm-storage-ios/build/Build/Products/Debug-iphonesimulator/PackageFrameworks"
2026-04-22T16:45:07.2841940Z ignoring duplicate directory "/Users/runner/work/tcm-storage-ios/tcm-storage-ios/build/Build/Products/Debug-iphonesimulator/PackageFrameworks"
2026-04-22T16:45:07.2842300Z ignoring duplicate directory "/Users/runner/work/tcm-storage-ios/tcm-storage-ios/build/Build/Products/Debug-iphonesimulator/PackageFrameworks"
2026-04-22T16:45:07.2842710Z ignoring duplicate directory "/Users/runner/work/tcm-storage-ios/tcm-storage-ios/build/Build/Products/Debug-iphonesimulator/PackageFrameworks"
2026-04-22T16:45:07.2843050Z ignoring duplicate directory "/Users/runner/work/tcm-storage-ios/tcm-storage-ios/build/Build/Products/Debug-iphonesimulator/PackageFrameworks"
2026-04-22T16:45:07.2843390Z ignoring duplicate directory "/Users/runner/work/tcm-storage-ios/tcm-storage-ios/build/Build/Products/Debug-iphonesimulator/PackageFrameworks"
2026-04-22T16:45:07.2843720Z ignoring duplicate directory "/Users/runner/work/tcm-storage-ios/tcm-storage-ios/build/Build/Products/Debug-iphonesimulator/PackageFrameworks"
2026-04-22T16:45:07.2844060Z ignoring duplicate directory "/Users/runner/work/tcm-storage-ios/tcm-storage-ios/build/Build/Products/Debug-iphonesimulator/PackageFrameworks"
2026-04-22T16:45:07.2844390Z ignoring duplicate directory "/Users/runner/work/tcm-storage-ios/tcm-storage-ios/build/Build/Products/Debug-iphonesimulator/PackageFrameworks"
2026-04-22T16:45:07.2844730Z ignoring duplicate directory "/Users/runner/work/tcm-storage-ios/tcm-storage-ios/build/Build/Products/Debug-iphonesimulator/PackageFrameworks"
2026-04-22T16:45:07.2845060Z ignoring duplicate directory "/Users/runner/work/tcm-storage-ios/tcm-storage-ios/build/Build/Products/Debug-iphonesimulator/PackageFrameworks"
2026-04-22T16:45:07.2845390Z ignoring duplicate directory "/Users/runner/work/tcm-storage-ios/tcm-storage-ios/build/Build/Products/Debug-iphonesimulator/PackageFrameworks"
2026-04-22T16:45:07.2845770Z ignoring duplicate directory "/Users/runner/work/tcm-storage-ios/tcm-storage-ios/build/Build/Products/Debug-iphonesimulator/PackageFrameworks"
2026-04-22T16:45:07.2846110Z ignoring duplicate directory "/Users/runner/work/tcm-storage-ios/tcm-storage-ios/build/Build/Products/Debug-iphonesimulator/PackageFrameworks"
2026-04-22T16:45:07.2846430Z ignoring duplicate directory "/Users/runner/work/tcm-storage-ios/tcm-storage-ios/build/Build/Products/Debug-iphonesimulator/PackageFrameworks"
2026-04-22T16:45:07.2846770Z ignoring duplicate directory "/Users/runner/work/tcm-storage-ios/tcm-storage-ios/build/Build/Products/Debug-iphonesimulator/PackageFrameworks"
2026-04-22T16:45:07.2847100Z ignoring duplicate directory "/Users/runner/work/tcm-storage-ios/tcm-storage-ios/build/Build/Products/Debug-iphonesimulator/PackageFrameworks"
2026-04-22T16:45:07.2847540Z ignoring duplicate directory "/Users/runner/work/tcm-storage-ios/tcm-storage-ios/build/Build/Products/Debug-iphonesimulator/PackageFrameworks"
2026-04-22T16:45:07.2847880Z ignoring duplicate directory "/Users/runner/work/tcm-storage-ios/tcm-storage-ios/build/Build/Products/Debug-iphonesimulator/PackageFrameworks"
2026-04-22T16:45:07.2848210Z ignoring duplicate directory "/Users/runner/work/tcm-storage-ios/tcm-storage-ios/build/Build/Products/Debug-iphonesimulator/PackageFrameworks"
2026-04-22T16:45:07.2848530Z ignoring duplicate directory "/Users/runner/work/tcm-storage-ios/tcm-storage-ios/build/Build/Products/Debug-iphonesimulator/PackageFrameworks"
2026-04-22T16:45:07.2848870Z ignoring duplicate directory "/Users/runner/work/tcm-storage-ios/tcm-storage-ios/build/Build/Products/Debug-iphonesimulator/PackageFrameworks"
2026-04-22T16:45:07.2849200Z ignoring duplicate directory "/Users/runner/work/tcm-storage-ios/tcm-storage-ios/build/Build/Products/Debug-iphonesimulator/PackageFrameworks"
2026-04-22T16:45:07.2849530Z ignoring duplicate directory "/Users/runner/work/tcm-storage-ios/tcm-storage-ios/build/Build/Products/Debug-iphonesimulator/PackageFrameworks"
2026-04-22T16:45:07.2849930Z ignoring duplicate directory "/Users/runner/work/tcm-storage-ios/tcm-storage-ios/build/Build/Products/Debug-iphonesimulator/PackageFrameworks"
2026-04-22T16:45:07.2850290Z ignoring duplicate directory "/Users/runner/work/tcm-storage-ios/tcm-storage-ios/build/Build/Products/Debug-iphonesimulator/PackageFrameworks"
2026-04-22T16:45:07.2850700Z ignoring duplicate directory "/Users/runner/work/tcm-storage-ios/tcm-storage-ios/build/Build/Products/Debug-iphonesimulator/PackageFrameworks"
2026-04-22T16:45:07.2851090Z ignoring duplicate directory "/Users/runner/work/tcm-storage-ios/tcm-storage-ios/build/Build/Products/Debug-iphonesimulator/PackageFrameworks"
2026-04-22T16:45:07.2851430Z ignoring duplicate directory "/Users/runner/work/tcm-storage-ios/tcm-storage-ios/build/Build/Products/Debug-iphonesimulator/PackageFrameworks"
2026-04-22T16:45:07.2851770Z ignoring duplicate directory "/Users/runner/work/tcm-storage-ios/tcm-storage-ios/build/Build/Products/Debug-iphonesimulator/PackageFrameworks"
2026-04-22T16:45:07.2852110Z ignoring duplicate directory "/Users/runner/work/tcm-storage-ios/tcm-storage-ios/build/Build/Products/Debug-iphonesimulator/PackageFrameworks"
2026-04-22T16:45:07.2852450Z ignoring duplicate directory "/Users/runner/work/tcm-storage-ios/tcm-storage-ios/build/Build/Products/Debug-iphonesimulator/PackageFrameworks"
2026-04-22T16:45:07.2852780Z ignoring duplicate directory "/Users/runner/work/tcm-storage-ios/tcm-storage-ios/build/Build/Products/Debug-iphonesimulator/PackageFrameworks"
2026-04-22T16:45:07.2853110Z ignoring duplicate directory "/Users/runner/work/tcm-storage-ios/tcm-storage-ios/build/Build/Products/Debug-iphonesimulator/PackageFrameworks"
2026-04-22T16:45:07.2853440Z ignoring duplicate directory "/Users/runner/work/tcm-storage-ios/tcm-storage-ios/build/Build/Products/Debug-iphonesimulator/PackageFrameworks"
2026-04-22T16:45:07.2853780Z ignoring duplicate directory "/Users/runner/work/tcm-storage-ios/tcm-storage-ios/build/Build/Products/Debug-iphonesimulator/PackageFrameworks"
2026-04-22T16:45:07.2854110Z ignoring duplicate directory "/Users/runner/work/tcm-storage-ios/tcm-storage-ios/build/Build/Products/Debug-iphonesimulator/PackageFrameworks"
2026-04-22T16:45:07.2854450Z ignoring duplicate directory "/Users/runner/work/tcm-storage-ios/tcm-storage-ios/build/Build/Products/Debug-iphonesimulator/PackageFrameworks"
2026-04-22T16:45:07.2854790Z ignoring duplicate directory "/Users/runner/work/tcm-storage-ios/tcm-storage-ios/build/Build/Products/Debug-iphonesimulator/PackageFrameworks"
2026-04-22T16:45:07.2855130Z ignoring duplicate directory "/Users/runner/work/tcm-storage-ios/tcm-storage-ios/build/Build/Products/Debug-iphonesimulator/PackageFrameworks"
2026-04-22T16:45:07.2855470Z ignoring duplicate directory "/Users/runner/work/tcm-storage-ios/tcm-storage-ios/build/Build/Products/Debug-iphonesimulator/PackageFrameworks"
2026-04-22T16:45:07.2855840Z ignoring duplicate directory "/Users/runner/work/tcm-storage-ios/tcm-storage-ios/build/Build/Products/Debug-iphonesimulator/PackageFrameworks"
2026-04-22T16:45:07.2856170Z ignoring duplicate directory "/Users/runner/work/tcm-storage-ios/tcm-storage-ios/build/Build/Products/Debug-iphonesimulator/PackageFrameworks"
2026-04-22T16:45:07.2856510Z ignoring duplicate directory "/Users/runner/work/tcm-storage-ios/tcm-storage-ios/build/Build/Products/Debug-iphonesimulator/PackageFrameworks"
2026-04-22T16:45:07.2856840Z ignoring duplicate directory "/Users/runner/work/tcm-storage-ios/tcm-storage-ios/build/Build/Products/Debug-iphonesimulator/PackageFrameworks"
2026-04-22T16:45:07.2857180Z ignoring duplicate directory "/Users/runner/work/tcm-storage-ios/tcm-storage-ios/build/Build/Products/Debug-iphonesimulator/PackageFrameworks"
2026-04-22T16:45:07.2857510Z ignoring duplicate directory "/Users/runner/work/tcm-storage-ios/tcm-storage-ios/build/Build/Products/Debug-iphonesimulator/PackageFrameworks"
2026-04-22T16:45:07.2857840Z ignoring duplicate directory "/Users/runner/work/tcm-storage-ios/tcm-storage-ios/build/Build/Products/Debug-iphonesimulator/PackageFrameworks"
2026-04-22T16:45:07.2858200Z ignoring duplicate directory "/Users/runner/work/tcm-storage-ios/tcm-storage-ios/build/Build/Products/Debug-iphonesimulator/PackageFrameworks"
2026-04-22T16:45:07.2858540Z ignoring duplicate directory "/Users/runner/work/tcm-storage-ios/tcm-storage-ios/build/Build/Products/Debug-iphonesimulator/PackageFrameworks"
2026-04-22T16:45:07.2859130Z ignoring duplicate directory "/Users/runner/work/tcm-storage-ios/tcm-storage-ios/build/Build/Products/Debug-iphonesimulator/PackageFrameworks"
2026-04-22T16:45:07.2859630Z ignoring duplicate directory "/Users/runner/work/tcm-storage-ios/tcm-storage-ios/build/Build/Products/Debug-iphonesimulator/PackageFrameworks"
2026-04-22T16:45:07.2859980Z ignoring duplicate directory "/Users/runner/work/tcm-storage-ios/tcm-storage-ios/build/Build/Products/Debug-iphonesimulator/PackageFrameworks"
2026-04-22T16:45:07.2860320Z ignoring duplicate directory "/Users/runner/work/tcm-storage-ios/tcm-storage-ios/build/Build/Products/Debug-iphonesimulator/PackageFrameworks"
2026-04-22T16:45:07.2860650Z ignoring duplicate directory "/Users/runner/work/tcm-storage-ios/tcm-storage-ios/build/Build/Products/Debug-iphonesimulator/PackageFrameworks"
2026-04-22T16:45:07.2860990Z ignoring duplicate directory "/Users/runner/work/tcm-storage-ios/tcm-storage-ios/build/Build/Products/Debug-iphonesimulator/PackageFrameworks"
2026-04-22T16:45:07.2861310Z ignoring duplicate directory "/Users/runner/work/tcm-storage-ios/tcm-storage-ios/build/Build/Products/Debug-iphonesimulator/PackageFrameworks"
2026-04-22T16:45:07.2861640Z ignoring duplicate directory "/Users/runner/work/tcm-storage-ios/tcm-storage-ios/build/Build/Products/Debug-iphonesimulator/PackageFrameworks"
2026-04-22T16:45:07.2861980Z ignoring duplicate directory "/Users/runner/work/tcm-storage-ios/tcm-storage-ios/build/Build/Products/Debug-iphonesimulator/PackageFrameworks"
2026-04-22T16:45:07.2862310Z ignoring duplicate directory "/Users/runner/work/tcm-storage-ios/tcm-storage-ios/build/Build/Products/Debug-iphonesimulator/PackageFrameworks"
2026-04-22T16:45:07.2862640Z ignoring duplicate directory "/Users/runner/work/tcm-storage-ios/tcm-storage-ios/build/Build/Products/Debug-iphonesimulator/PackageFrameworks"
2026-04-22T16:45:07.2862700Z #include "..." search starts here:
2026-04-22T16:45:07.2863170Z  /Users/runner/work/tcm-storage-ios/tcm-storage-ios/build/Build/Intermediates.noindex/Nextcloud.build/Debug-iphonesimulator/Nextcloud.build/Nextcloud-generated-files.hmap (headermap)
2026-04-22T16:45:07.2863630Z  /Users/runner/work/tcm-storage-ios/tcm-storage-ios/build/Build/Intermediates.noindex/Nextcloud.build/Debug-iphonesimulator/Nextcloud.build/Nextcloud-project-headers.hmap (headermap)
2026-04-22T16:45:07.2863700Z #include <...> search starts here:
2026-04-22T16:45:07.2864170Z  /Users/runner/work/tcm-storage-ios/tcm-storage-ios/build/Build/Intermediates.noindex/Nextcloud.build/Debug-iphonesimulator/Nextcloud.build/Nextcloud-own-target-headers.hmap (headermap)
2026-04-22T16:45:07.2864840Z  /Users/runner/work/tcm-storage-ios/tcm-storage-ios/build/Build/Intermediates.noindex/Nextcloud.build/Debug-iphonesimulator/Nextcloud.build/Nextcloud-all-non-framework-target-headers.hmap (headermap)
2026-04-22T16:45:07.2865160Z  /Users/runner/work/tcm-storage-ios/tcm-storage-ios/build/SourcePackages/checkouts/swift-nio-ssl/Sources/CNIOBoringSSLShims/include
2026-04-22T16:45:07.2865460Z  /Users/runner/work/tcm-storage-ios/tcm-storage-ios/build/SourcePackages/checkouts/swift-nio-ssl/Sources/CNIOBoringSSL/include
2026-04-22T16:45:07.2865750Z  /Users/runner/work/tcm-storage-ios/tcm-storage-ios/build/SourcePackages/checkouts/swift-atomics/Sources/_AtomicsShims/include
2026-04-22T16:45:07.2866030Z  /Users/runner/work/tcm-storage-ios/tcm-storage-ios/build/SourcePackages/checkouts/swift-nio/Sources/CNIOPosix/include
2026-04-22T16:45:07.2866290Z  /Users/runner/work/tcm-storage-ios/tcm-storage-ios/build/SourcePackages/checkouts/swift-nio/Sources/CNIOWASI/include
2026-04-22T16:45:07.2866710Z  /Users/runner/work/tcm-storage-ios/tcm-storage-ios/build/SourcePackages/checkouts/swift-nio/Sources/CNIOWindows/include
2026-04-22T16:45:07.2866990Z  /Users/runner/work/tcm-storage-ios/tcm-storage-ios/build/SourcePackages/checkouts/swift-nio/Sources/CNIOLinux/include
2026-04-22T16:45:07.2867260Z  /Users/runner/work/tcm-storage-ios/tcm-storage-ios/build/SourcePackages/checkouts/swift-nio/Sources/CNIODarwin/include
2026-04-22T16:45:07.2867660Z  /Users/runner/work/tcm-storage-ios/tcm-storage-ios/build/SourcePackages/checkouts/swift-nio/Sources/CNIOOpenBSD/include
2026-04-22T16:45:07.2868060Z  /Users/runner/work/tcm-storage-ios/tcm-storage-ios/build/SourcePackages/checkouts/swift-nio/Sources/CNIOAtomics/include
2026-04-22T16:45:07.2868270Z  /Users/runner/work/tcm-storage-ios/tcm-storage-ios/build/SourcePackages/checkouts/realm-core/src
2026-04-22T16:45:07.2868520Z  /Users/runner/work/tcm-storage-ios/tcm-storage-ios/build/SourcePackages/checkouts/realm-core/src/external/s2
2026-04-22T16:45:07.2868860Z  /Users/runner/work/tcm-storage-ios/tcm-storage-ios/build/SourcePackages/checkouts/realm-core/src/external/IntelRDFPMathLib20U2/LIBRARY/src
2026-04-22T16:45:07.2869080Z  /Users/runner/work/tcm-storage-ios/tcm-storage-ios/build/SourcePackages/checkouts/realm-core/src/spm
2026-04-22T16:45:07.2869310Z  /Users/runner/work/tcm-storage-ios/tcm-storage-ios/build/SourcePackages/checkouts/realm-swift/include
2026-04-22T16:45:07.2869640Z  /Users/runner/work/tcm-storage-ios/tcm-storage-ios/build/SourcePackages/checkouts/GoogleUtilities/GoogleUtilities/NSData+zlib/Public
2026-04-22T16:45:07.2869940Z  /Users/runner/work/tcm-storage-ios/tcm-storage-ios/build/SourcePackages/checkouts/GoogleUtilities/GoogleUtilities/Logger/Public
2026-04-22T16:45:07.2870260Z  /Users/runner/work/tcm-storage-ios/tcm-storage-ios/build/SourcePackages/checkouts/GoogleUtilities/GoogleUtilities/Environment/Public
2026-04-22T16:45:07.2870580Z  /Users/runner/work/tcm-storage-ios/tcm-storage-ios/build/SourcePackages/checkouts/GoogleUtilities/third_party/IsAppEncrypted/Public
2026-04-22T16:45:07.2870910Z  /Users/runner/work/tcm-storage-ios/tcm-storage-ios/build/SourcePackages/checkouts/GoogleUtilities/GoogleUtilities/UserDefaults/Public
2026-04-22T16:45:07.2871130Z  /Users/runner/work/tcm-storage-ios/tcm-storage-ios/build/SourcePackages/checkouts/nanopb/spm_headers
2026-04-22T16:45:07.2880490Z  /Users/runner/work/tcm-storage-ios/tcm-storage-ios/build/SourcePackages/checkouts/promises/Sources/FBLPromises/include
2026-04-22T16:45:07.2881690Z  /Users/runner/work/tcm-storage-ios/tcm-storage-ios/build/SourcePackages/checkouts/GoogleDataTransport/GoogleDataTransport/GDTCORLibrary/Public
2026-04-22T16:45:07.2883000Z  /Users/runner/work/tcm-storage-ios/tcm-storage-ios/build/SourcePackages/checkouts/firebase-ios-sdk/FirebaseSessions/SourcesObjC
2026-04-22T16:45:07.2884280Z  /Users/runner/work/tcm-storage-ios/tcm-storage-ios/build/SourcePackages/checkouts/firebase-ios-sdk/FirebaseCore/Extension
2026-04-22T16:45:07.2884880Z  /Users/runner/work/tcm-storage-ios/tcm-storage-ios/build/SourcePackages/checkouts/firebase-ios-sdk/FirebaseInstallations/Source/Library/Public
2026-04-22T16:45:07.2885180Z  /Users/runner/work/tcm-storage-ios/tcm-storage-ios/build/SourcePackages/checkouts/firebase-ios-sdk/FirebaseCore/Sources/Public
2026-04-22T16:45:07.2886020Z  /Users/runner/work/tcm-storage-ios/tcm-storage-ios/build/SourcePackages/checkouts/firebase-ios-sdk/CoreOnly/Sources
2026-04-22T16:45:07.2887040Z  /Users/runner/work/tcm-storage-ios/tcm-storage-ios/build/SourcePackages/checkouts/firebase-ios-sdk/Crashlytics/Crashlytics/Public
2026-04-22T16:45:07.2887640Z  /Users/runner/work/tcm-storage-ios/tcm-storage-ios/build/SourcePackages/checkouts/GzipSwift/Sources/system-zlib/include
2026-04-22T16:45:07.2888840Z  /Users/runner/work/tcm-storage-ios/tcm-storage-ios/build/Build/Intermediates.noindex/Nextcloud.build/Debug-iphonesimulator/Nextcloud.build/DerivedSources
2026-04-22T16:45:07.2889750Z  /Users/runner/work/tcm-storage-ios/tcm-storage-ios/build/Build/Products/Debug-iphonesimulator/PackageFrameworks (framework directory)
2026-04-22T16:45:07.2891290Z  /Users/runner/work/tcm-storage-ios/tcm-storage-ios/build/Build/Products/Debug-iphonesimulator (framework directory)
2026-04-22T16:45:07.2892620Z  /Applications/Xcode_26.2.app/Contents/Developer/Platforms/iPhoneSimulator.platform/Developer/Library/Frameworks (framework directory)
2026-04-22T16:45:07.2893210Z  /Applications/Xcode_26.2.app/Contents/Developer/Platforms/iPhoneSimulator.platform/Developer/SDKs/iPhoneSimulator26.2.sdk/Developer/Library/Frameworks (framework directory)
2026-04-22T16:45:07.2893710Z  /Applications/Xcode_26.2.app/Contents/Developer/Toolchains/XcodeDefault.xctoolchain/usr/lib/clang/17/include
2026-04-22T16:45:07.2894050Z  /Applications/Xcode_26.2.app/Contents/Developer/Platforms/iPhoneSimulator.platform/Developer/SDKs/iPhoneSimulator26.2.sdk/usr/include
2026-04-22T16:45:07.2894270Z  /Applications/Xcode_26.2.app/Contents/Developer/Toolchains/XcodeDefault.xctoolchain/usr/include
2026-04-22T16:45:07.2894700Z  /Applications/Xcode_26.2.app/Contents/Developer/Platforms/iPhoneSimulator.platform/Developer/SDKs/iPhoneSimulator26.2.sdk/System/Library/Frameworks (framework directory)
2026-04-22T16:45:07.2895140Z  /Applications/Xcode_26.2.app/Contents/Developer/Platforms/iPhoneSimulator.platform/Developer/SDKs/iPhoneSimulator26.2.sdk/System/Library/SubFrameworks (framework directory)
2026-04-22T16:45:07.2895190Z End of search list.
2026-04-22T16:45:07.3381150Z clang -cc1 version 17.0.0 (clang-1700.6.3.2) default target arm64-apple-darwin24.6.0
2026-04-22T16:45:07.3381780Z ignoring nonexistent directory "/Users/runner/work/tcm-storage-ios/tcm-storage-ios/build/Build/Products/Debug-iphonesimulator/include"
2026-04-22T16:45:07.3382300Z ignoring nonexistent directory "/Users/runner/work/tcm-storage-ios/tcm-storage-ios/build/Build/Intermediates.noindex/Nextcloud.build/Debug-iphonesimulator/Nextcloud.build/DerivedSources-normal/arm64"
2026-04-22T16:45:07.3382810Z ignoring nonexistent directory "/Users/runner/work/tcm-storage-ios/tcm-storage-ios/build/Build/Intermediates.noindex/Nextcloud.build/Debug-iphonesimulator/Nextcloud.build/DerivedSources/arm64"
2026-04-22T16:45:07.3383800Z ignoring nonexistent directory "/Applications/Xcode_26.2.app/Contents/Developer/Platforms/iPhoneSimulator.platform/Developer/SDKs/iPhoneSimulator26.2.sdk/usr/local/include"
2026-04-22T16:45:07.3384280Z ignoring nonexistent directory "/Applications/Xcode_26.2.app/Contents/Developer/Platforms/iPhoneSimulator.platform/Developer/SDKs/iPhoneSimulator26.2.sdk/Library/Frameworks"
2026-04-22T16:45:07.3384660Z ignoring duplicate directory "/Users/runner/work/tcm-storage-ios/tcm-storage-ios/build/Build/Products/Debug-iphonesimulator/PackageFrameworks"
2026-04-22T16:45:07.3385000Z ignoring duplicate directory "/Users/runner/work/tcm-storage-ios/tcm-storage-ios/build/Build/Products/Debug-iphonesimulator/PackageFrameworks"
2026-04-22T16:45:07.3385600Z ignoring duplicate directory "/Users/runner/work/tcm-storage-ios/tcm-storage-ios/build/Build/Products/Debug-iphonesimulator/PackageFrameworks"
2026-04-22T16:45:07.3385940Z ignoring duplicate directory "/Users/runner/work/tcm-storage-ios/tcm-storage-ios/build/Build/Products/Debug-iphonesimulator/PackageFrameworks"
2026-04-22T16:45:07.3386270Z ignoring duplicate directory "/Users/runner/work/tcm-storage-ios/tcm-storage-ios/build/Build/Products/Debug-iphonesimulator/PackageFrameworks"
2026-04-22T16:45:07.3386610Z ignoring duplicate directory "/Users/runner/work/tcm-storage-ios/tcm-storage-ios/build/Build/Products/Debug-iphonesimulator/PackageFrameworks"
2026-04-22T16:45:07.3386960Z ignoring duplicate directory "/Users/runner/work/tcm-storage-ios/tcm-storage-ios/build/Build/Products/Debug-iphonesimulator/PackageFrameworks"
2026-04-22T16:45:07.3387300Z ignoring duplicate directory "/Users/runner/work/tcm-storage-ios/tcm-storage-ios/build/Build/Products/Debug-iphonesimulator/PackageFrameworks"
2026-04-22T16:45:07.3387650Z ignoring duplicate directory "/Users/runner/work/tcm-storage-ios/tcm-storage-ios/build/Build/Products/Debug-iphonesimulator/PackageFrameworks"
2026-04-22T16:45:07.3388080Z ignoring duplicate directory "/Users/runner/work/tcm-storage-ios/tcm-storage-ios/build/Build/Products/Debug-iphonesimulator/PackageFrameworks"
2026-04-22T16:45:07.3388430Z ignoring duplicate directory "/Users/runner/work/tcm-storage-ios/tcm-storage-ios/build/Build/Products/Debug-iphonesimulator/PackageFrameworks"
2026-04-22T16:45:07.3388770Z ignoring duplicate directory "/Users/runner/work/tcm-storage-ios/tcm-storage-ios/build/Build/Products/Debug-iphonesimulator/PackageFrameworks"
2026-04-22T16:45:07.3389240Z ignoring duplicate directory "/Users/runner/work/tcm-storage-ios/tcm-storage-ios/build/Build/Products/Debug-iphonesimulator/PackageFrameworks"
2026-04-22T16:45:07.3389580Z ignoring duplicate directory "/Users/runner/work/tcm-storage-ios/tcm-storage-ios/build/Build/Products/Debug-iphonesimulator/PackageFrameworks"
2026-04-22T16:45:07.3389940Z ignoring duplicate directory "/Users/runner/work/tcm-storage-ios/tcm-storage-ios/build/Build/Products/Debug-iphonesimulator/PackageFrameworks"
2026-04-22T16:45:07.3390530Z ignoring duplicate directory "/Users/runner/work/tcm-storage-ios/tcm-storage-ios/build/Build/Products/Debug-iphonesimulator/PackageFrameworks"
2026-04-22T16:45:07.3390950Z ignoring duplicate directory "/Users/runner/work/tcm-storage-ios/tcm-storage-ios/build/Build/Products/Debug-iphonesimulator/PackageFrameworks"
2026-04-22T16:45:07.3391360Z ignoring duplicate directory "/Users/runner/work/tcm-storage-ios/tcm-storage-ios/build/Build/Products/Debug-iphonesimulator/PackageFrameworks"
2026-04-22T16:45:07.3393320Z ignoring duplicate directory "/Users/runner/work/tcm-storage-ios/tcm-storage-ios/build/Build/Products/Debug-iphonesimulator/PackageFrameworks"
2026-04-22T16:45:07.3393740Z ignoring duplicate directory "/Users/runner/work/tcm-storage-ios/tcm-storage-ios/build/Build/Products/Debug-iphonesimulator/PackageFrameworks"
2026-04-22T16:45:07.3394190Z ignoring duplicate directory "/Users/runner/work/tcm-storage-ios/tcm-storage-ios/build/Build/Products/Debug-iphonesimulator/PackageFrameworks"
2026-04-22T16:45:07.3402480Z ignoring duplicate directory "/Users/runner/work/tcm-storage-ios/tcm-storage-ios/build/Build/Products/Debug-iphonesimulator/PackageFrameworks"
2026-04-22T16:45:07.3402910Z ignoring duplicate directory "/Users/runner/work/tcm-storage-ios/tcm-storage-ios/build/Build/Products/Debug-iphonesimulator/PackageFrameworks"
2026-04-22T16:45:07.3403240Z ignoring duplicate directory "/Users/runner/work/tcm-storage-ios/tcm-storage-ios/build/Build/Products/Debug-iphonesimulator/PackageFrameworks"
2026-04-22T16:45:07.3403570Z ignoring duplicate directory "/Users/runner/work/tcm-storage-ios/tcm-storage-ios/build/Build/Products/Debug-iphonesimulator/PackageFrameworks"
2026-04-22T16:45:07.3403900Z ignoring duplicate directory "/Users/runner/work/tcm-storage-ios/tcm-storage-ios/build/Build/Products/Debug-iphonesimulator/PackageFrameworks"
2026-04-22T16:45:07.3404370Z ignoring duplicate directory "/Users/runner/work/tcm-storage-ios/tcm-storage-ios/build/Build/Products/Debug-iphonesimulator/PackageFrameworks"
2026-04-22T16:45:07.3405020Z ignoring duplicate directory "/Users/runner/work/tcm-storage-ios/tcm-storage-ios/build/Build/Products/Debug-iphonesimulator/PackageFrameworks"
2026-04-22T16:45:07.3405380Z ignoring duplicate directory "/Users/runner/work/tcm-storage-ios/tcm-storage-ios/build/Build/Products/Debug-iphonesimulator/PackageFrameworks"
2026-04-22T16:45:07.3405720Z ignoring duplicate directory "/Users/runner/work/tcm-storage-ios/tcm-storage-ios/build/Build/Products/Debug-iphonesimulator/PackageFrameworks"
2026-04-22T16:45:07.3406050Z ignoring duplicate directory "/Users/runner/work/tcm-storage-ios/tcm-storage-ios/build/Build/Products/Debug-iphonesimulator/PackageFrameworks"
2026-04-22T16:45:07.3406380Z ignoring duplicate directory "/Users/runner/work/tcm-storage-ios/tcm-storage-ios/build/Build/Products/Debug-iphonesimulator/PackageFrameworks"
2026-04-22T16:45:07.3406710Z ignoring duplicate directory "/Users/runner/work/tcm-storage-ios/tcm-storage-ios/build/Build/Products/Debug-iphonesimulator/PackageFrameworks"
2026-04-22T16:45:07.3407250Z ignoring duplicate directory "/Users/runner/work/tcm-storage-ios/tcm-storage-ios/build/Build/Products/Debug-iphonesimulator/PackageFrameworks"
2026-04-22T16:45:07.3408100Z ignoring duplicate directory "/Users/runner/work/tcm-storage-ios/tcm-storage-ios/build/Build/Products/Debug-iphonesimulator/PackageFrameworks"
2026-04-22T16:45:07.3408630Z ignoring duplicate directory "/Users/runner/work/tcm-storage-ios/tcm-storage-ios/build/Build/Products/Debug-iphonesimulator/PackageFrameworks"
2026-04-22T16:45:07.3409130Z ignoring duplicate directory "/Users/runner/work/tcm-storage-ios/tcm-storage-ios/build/Build/Products/Debug-iphonesimulator/PackageFrameworks"
2026-04-22T16:45:07.3409470Z ignoring duplicate directory "/Users/runner/work/tcm-storage-ios/tcm-storage-ios/build/Build/Products/Debug-iphonesimulator/PackageFrameworks"
2026-04-22T16:45:07.3409810Z ignoring duplicate directory "/Users/runner/work/tcm-storage-ios/tcm-storage-ios/build/Build/Products/Debug-iphonesimulator/PackageFrameworks"
2026-04-22T16:45:07.3410320Z ignoring duplicate directory "/Users/runner/work/tcm-storage-ios/tcm-storage-ios/build/Build/Products/Debug-iphonesimulator/PackageFrameworks"
2026-04-22T16:45:07.3410660Z ignoring duplicate directory "/Users/runner/work/tcm-storage-ios/tcm-storage-ios/build/Build/Products/Debug-iphonesimulator/PackageFrameworks"
2026-04-22T16:45:07.3411020Z ignoring duplicate directory "/Users/runner/work/tcm-storage-ios/tcm-storage-ios/build/Build/Products/Debug-iphonesimulator/PackageFrameworks"
2026-04-22T16:45:07.3411360Z ignoring duplicate directory "/Users/runner/work/tcm-storage-ios/tcm-storage-ios/build/Build/Products/Debug-iphonesimulator/PackageFrameworks"
2026-04-22T16:45:07.3411700Z ignoring duplicate directory "/Users/runner/work/tcm-storage-ios/tcm-storage-ios/build/Build/Products/Debug-iphonesimulator/PackageFrameworks"
2026-04-22T16:45:07.3412060Z ignoring duplicate directory "/Users/runner/work/tcm-storage-ios/tcm-storage-ios/build/Build/Products/Debug-iphonesimulator/PackageFrameworks"
2026-04-22T16:45:07.3418250Z ignoring duplicate directory "/Users/runner/work/tcm-storage-ios/tcm-storage-ios/build/Build/Products/Debug-iphonesimulator/PackageFrameworks"
2026-04-22T16:45:07.3419620Z ignoring duplicate directory "/Users/runner/work/tcm-storage-ios/tcm-storage-ios/build/Build/Products/Debug-iphonesimulator/PackageFrameworks"
2026-04-22T16:45:07.3420820Z ignoring duplicate directory "/Users/runner/work/tcm-storage-ios/tcm-storage-ios/build/Build/Products/Debug-iphonesimulator/PackageFrameworks"
2026-04-22T16:45:07.3423820Z ignoring duplicate directory "/Users/runner/work/tcm-storage-ios/tcm-storage-ios/build/Build/Products/Debug-iphonesimulator/PackageFrameworks"
2026-04-22T16:45:07.3424850Z ignoring duplicate directory "/Users/runner/work/tcm-storage-ios/tcm-storage-ios/build/Build/Products/Debug-iphonesimulator/PackageFrameworks"
2026-04-22T16:45:07.3426670Z ignoring duplicate directory "/Users/runner/work/tcm-storage-ios/tcm-storage-ios/build/Build/Products/Debug-iphonesimulator/PackageFrameworks"
2026-04-22T16:45:07.3428030Z ignoring duplicate directory "/Users/runner/work/tcm-storage-ios/tcm-storage-ios/build/Build/Products/Debug-iphonesimulator/PackageFrameworks"
2026-04-22T16:45:07.3428410Z ignoring duplicate directory "/Users/runner/work/tcm-storage-ios/tcm-storage-ios/build/Build/Products/Debug-iphonesimulator/PackageFrameworks"
2026-04-22T16:45:07.3428770Z ignoring duplicate directory "/Users/runner/work/tcm-storage-ios/tcm-storage-ios/build/Build/Products/Debug-iphonesimulator/PackageFrameworks"
2026-04-22T16:45:07.3429120Z ignoring duplicate directory "/Users/runner/work/tcm-storage-ios/tcm-storage-ios/build/Build/Products/Debug-iphonesimulator/PackageFrameworks"
2026-04-22T16:45:07.3429460Z ignoring duplicate directory "/Users/runner/work/tcm-storage-ios/tcm-storage-ios/build/Build/Products/Debug-iphonesimulator/PackageFrameworks"
2026-04-22T16:45:07.3429790Z ignoring duplicate directory "/Users/runner/work/tcm-storage-ios/tcm-storage-ios/build/Build/Products/Debug-iphonesimulator/PackageFrameworks"
2026-04-22T16:45:07.3430750Z ignoring duplicate directory "/Users/runner/work/tcm-storage-ios/tcm-storage-ios/build/Build/Products/Debug-iphonesimulator/PackageFrameworks"
2026-04-22T16:45:07.3431110Z ignoring duplicate directory "/Users/runner/work/tcm-storage-ios/tcm-storage-ios/build/Build/Products/Debug-iphonesimulator/PackageFrameworks"
2026-04-22T16:45:07.3431540Z ignoring duplicate directory "/Users/runner/work/tcm-storage-ios/tcm-storage-ios/build/Build/Products/Debug-iphonesimulator/PackageFrameworks"
2026-04-22T16:45:07.3431980Z ignoring duplicate directory "/Users/runner/work/tcm-storage-ios/tcm-storage-ios/build/Build/Products/Debug-iphonesimulator/PackageFrameworks"
2026-04-22T16:45:07.3432320Z ignoring duplicate directory "/Users/runner/work/tcm-storage-ios/tcm-storage-ios/build/Build/Products/Debug-iphonesimulator/PackageFrameworks"
2026-04-22T16:45:07.3432680Z ignoring duplicate directory "/Users/runner/work/tcm-storage-ios/tcm-storage-ios/build/Build/Products/Debug-iphonesimulator/PackageFrameworks"
2026-04-22T16:45:07.3433020Z ignoring duplicate directory "/Users/runner/work/tcm-storage-ios/tcm-storage-ios/build/Build/Products/Debug-iphonesimulator/PackageFrameworks"
2026-04-22T16:45:07.3433350Z ignoring duplicate directory "/Users/runner/work/tcm-storage-ios/tcm-storage-ios/build/Build/Products/Debug-iphonesimulator/PackageFrameworks"
2026-04-22T16:45:07.3433770Z ignoring duplicate directory "/Users/runner/work/tcm-storage-ios/tcm-storage-ios/build/Build/Products/Debug-iphonesimulator/PackageFrameworks"
2026-04-22T16:45:07.3434140Z ignoring duplicate directory "/Users/runner/work/tcm-storage-ios/tcm-storage-ios/build/Build/Products/Debug-iphonesimulator/PackageFrameworks"
2026-04-22T16:45:07.3435140Z ignoring duplicate directory "/Users/runner/work/tcm-storage-ios/tcm-storage-ios/build/Build/Products/Debug-iphonesimulator/PackageFrameworks"
2026-04-22T16:45:07.3436210Z ignoring duplicate directory "/Users/runner/work/tcm-storage-ios/tcm-storage-ios/build/Build/Products/Debug-iphonesimulator/PackageFrameworks"
2026-04-22T16:45:07.3437600Z ignoring duplicate directory "/Users/runner/work/tcm-storage-ios/tcm-storage-ios/build/Build/Products/Debug-iphonesimulator/PackageFrameworks"
2026-04-22T16:45:07.3438000Z ignoring duplicate directory "/Users/runner/work/tcm-storage-ios/tcm-storage-ios/build/Build/Products/Debug-iphonesimulator/PackageFrameworks"
2026-04-22T16:45:07.3438360Z ignoring duplicate directory "/Users/runner/work/tcm-storage-ios/tcm-storage-ios/build/Build/Products/Debug-iphonesimulator/PackageFrameworks"
2026-04-22T16:45:07.3438710Z ignoring duplicate directory "/Users/runner/work/tcm-storage-ios/tcm-storage-ios/build/Build/Products/Debug-iphonesimulator/PackageFrameworks"
2026-04-22T16:45:07.3439060Z ignoring duplicate directory "/Users/runner/work/tcm-storage-ios/tcm-storage-ios/build/Build/Products/Debug-iphonesimulator/PackageFrameworks"
2026-04-22T16:45:07.3440660Z ignoring duplicate directory "/Users/runner/work/tcm-storage-ios/tcm-storage-ios/build/Build/Products/Debug-iphonesimulator/PackageFrameworks"
2026-04-22T16:45:07.3441230Z ignoring duplicate directory "/Users/runner/work/tcm-storage-ios/tcm-storage-ios/build/Build/Products/Debug-iphonesimulator/PackageFrameworks"
2026-04-22T16:45:07.3441320Z #include "..." search starts here:
2026-04-22T16:45:07.3442110Z  /Users/runner/work/tcm-storage-ios/tcm-storage-ios/build/Build/Intermediates.noindex/Nextcloud.build/Debug-iphonesimulator/Nextcloud.build/Nextcloud-generated-files.hmap (headermap)
2026-04-22T16:45:07.3442600Z  /Users/runner/work/tcm-storage-ios/tcm-storage-ios/build/Build/Intermediates.noindex/Nextcloud.build/Debug-iphonesimulator/Nextcloud.build/Nextcloud-project-headers.hmap (headermap)
2026-04-22T16:45:07.3442650Z #include <...> search starts here:
2026-04-22T16:45:07.3443260Z  /Users/runner/work/tcm-storage-ios/tcm-storage-ios/build/Build/Intermediates.noindex/Nextcloud.build/Debug-iphonesimulator/Nextcloud.build/Nextcloud-own-target-headers.hmap (headermap)
2026-04-22T16:45:07.3443900Z  /Users/runner/work/tcm-storage-ios/tcm-storage-ios/build/Build/Intermediates.noindex/Nextcloud.build/Debug-iphonesimulator/Nextcloud.build/Nextcloud-all-non-framework-target-headers.hmap (headermap)
2026-04-22T16:45:07.3444240Z  /Users/runner/work/tcm-storage-ios/tcm-storage-ios/build/SourcePackages/checkouts/swift-nio-ssl/Sources/CNIOBoringSSLShims/include
2026-04-22T16:45:07.3444740Z  /Users/runner/work/tcm-storage-ios/tcm-storage-ios/build/SourcePackages/checkouts/swift-nio-ssl/Sources/CNIOBoringSSL/include
2026-04-22T16:45:07.3445130Z  /Users/runner/work/tcm-storage-ios/tcm-storage-ios/build/SourcePackages/checkouts/swift-atomics/Sources/_AtomicsShims/include
2026-04-22T16:45:07.3445430Z  /Users/runner/work/tcm-storage-ios/tcm-storage-ios/build/SourcePackages/checkouts/swift-nio/Sources/CNIOPosix/include
2026-04-22T16:45:07.3445700Z  /Users/runner/work/tcm-storage-ios/tcm-storage-ios/build/SourcePackages/checkouts/swift-nio/Sources/CNIOWASI/include
2026-04-22T16:45:07.3446060Z  /Users/runner/work/tcm-storage-ios/tcm-storage-ios/build/SourcePackages/checkouts/swift-nio/Sources/CNIOWindows/include
2026-04-22T16:45:07.3446450Z  /Users/runner/work/tcm-storage-ios/tcm-storage-ios/build/SourcePackages/checkouts/swift-nio/Sources/CNIOLinux/include
2026-04-22T16:45:07.3446780Z  /Users/runner/work/tcm-storage-ios/tcm-storage-ios/build/SourcePackages/checkouts/swift-nio/Sources/CNIODarwin/include
2026-04-22T16:45:07.3447050Z  /Users/runner/work/tcm-storage-ios/tcm-storage-ios/build/SourcePackages/checkouts/swift-nio/Sources/CNIOOpenBSD/include
2026-04-22T16:45:07.3447320Z  /Users/runner/work/tcm-storage-ios/tcm-storage-ios/build/SourcePackages/checkouts/swift-nio/Sources/CNIOAtomics/include
2026-04-22T16:45:07.3447970Z  /Users/runner/work/tcm-storage-ios/tcm-storage-ios/build/SourcePackages/checkouts/realm-core/src
2026-04-22T16:45:07.3448240Z  /Users/runner/work/tcm-storage-ios/tcm-storage-ios/build/SourcePackages/checkouts/realm-core/src/external/s2
2026-04-22T16:45:07.3448580Z  /Users/runner/work/tcm-storage-ios/tcm-storage-ios/build/SourcePackages/checkouts/realm-core/src/external/IntelRDFPMathLib20U2/LIBRARY/src
2026-04-22T16:45:07.3448800Z  /Users/runner/work/tcm-storage-ios/tcm-storage-ios/build/SourcePackages/checkouts/realm-core/src/spm
2026-04-22T16:45:07.3449020Z  /Users/runner/work/tcm-storage-ios/tcm-storage-ios/build/SourcePackages/checkouts/realm-swift/include
2026-04-22T16:45:07.3449520Z  /Users/runner/work/tcm-storage-ios/tcm-storage-ios/build/SourcePackages/checkouts/GoogleUtilities/GoogleUtilities/NSData+zlib/Public
2026-04-22T16:45:07.3449880Z  /Users/runner/work/tcm-storage-ios/tcm-storage-ios/build/SourcePackages/checkouts/GoogleUtilities/GoogleUtilities/Logger/Public
2026-04-22T16:45:07.3450200Z  /Users/runner/work/tcm-storage-ios/tcm-storage-ios/build/SourcePackages/checkouts/GoogleUtilities/GoogleUtilities/Environment/Public
2026-04-22T16:45:07.3450640Z  /Users/runner/work/tcm-storage-ios/tcm-storage-ios/build/SourcePackages/checkouts/GoogleUtilities/third_party/IsAppEncrypted/Public
2026-04-22T16:45:07.3451240Z  /Users/runner/work/tcm-storage-ios/tcm-storage-ios/build/SourcePackages/checkouts/GoogleUtilities/GoogleUtilities/UserDefaults/Public
2026-04-22T16:45:07.3451480Z  /Users/runner/work/tcm-storage-ios/tcm-storage-ios/build/SourcePackages/checkouts/nanopb/spm_headers
2026-04-22T16:45:07.3451760Z  /Users/runner/work/tcm-storage-ios/tcm-storage-ios/build/SourcePackages/checkouts/promises/Sources/FBLPromises/include
2026-04-22T16:45:07.3452120Z  /Users/runner/work/tcm-storage-ios/tcm-storage-ios/build/SourcePackages/checkouts/GoogleDataTransport/GoogleDataTransport/GDTCORLibrary/Public
2026-04-22T16:45:07.3452430Z  /Users/runner/work/tcm-storage-ios/tcm-storage-ios/build/SourcePackages/checkouts/firebase-ios-sdk/FirebaseSessions/SourcesObjC
2026-04-22T16:45:07.3452710Z  /Users/runner/work/tcm-storage-ios/tcm-storage-ios/build/SourcePackages/checkouts/firebase-ios-sdk/FirebaseCore/Extension
2026-04-22T16:45:07.3453210Z  /Users/runner/work/tcm-storage-ios/tcm-storage-ios/build/SourcePackages/checkouts/firebase-ios-sdk/FirebaseInstallations/Source/Library/Public
2026-04-22T16:45:07.3453520Z  /Users/runner/work/tcm-storage-ios/tcm-storage-ios/build/SourcePackages/checkouts/firebase-ios-sdk/FirebaseCore/Sources/Public
2026-04-22T16:45:07.3453790Z  /Users/runner/work/tcm-storage-ios/tcm-storage-ios/build/SourcePackages/checkouts/firebase-ios-sdk/CoreOnly/Sources
2026-04-22T16:45:07.3454160Z  /Users/runner/work/tcm-storage-ios/tcm-storage-ios/build/SourcePackages/checkouts/firebase-ios-sdk/Crashlytics/Crashlytics/Public
2026-04-22T16:45:07.3454470Z  /Users/runner/work/tcm-storage-ios/tcm-storage-ios/build/SourcePackages/checkouts/GzipSwift/Sources/system-zlib/include
2026-04-22T16:45:07.3454880Z  /Users/runner/work/tcm-storage-ios/tcm-storage-ios/build/Build/Intermediates.noindex/Nextcloud.build/Debug-iphonesimulator/Nextcloud.build/DerivedSources
2026-04-22T16:45:07.3455210Z  /Users/runner/work/tcm-storage-ios/tcm-storage-ios/build/Build/Products/Debug-iphonesimulator/PackageFrameworks (framework directory)
2026-04-22T16:45:07.3455480Z  /Users/runner/work/tcm-storage-ios/tcm-storage-ios/build/Build/Products/Debug-iphonesimulator (framework directory)
2026-04-22T16:45:07.3455820Z  /Applications/Xcode_26.2.app/Contents/Developer/Platforms/iPhoneSimulator.platform/Developer/Library/Frameworks (framework directory)
2026-04-22T16:45:07.3456270Z  /Applications/Xcode_26.2.app/Contents/Developer/Platforms/iPhoneSimulator.platform/Developer/SDKs/iPhoneSimulator26.2.sdk/Developer/Library/Frameworks (framework directory)
2026-04-22T16:45:07.3456540Z  /Applications/Xcode_26.2.app/Contents/Developer/Toolchains/XcodeDefault.xctoolchain/usr/lib/clang/17/include
2026-04-22T16:45:07.3456880Z  /Applications/Xcode_26.2.app/Contents/Developer/Platforms/iPhoneSimulator.platform/Developer/SDKs/iPhoneSimulator26.2.sdk/usr/include
2026-04-22T16:45:07.3457110Z  /Applications/Xcode_26.2.app/Contents/Developer/Toolchains/XcodeDefault.xctoolchain/usr/include
2026-04-22T16:45:07.3457540Z  /Applications/Xcode_26.2.app/Contents/Developer/Platforms/iPhoneSimulator.platform/Developer/SDKs/iPhoneSimulator26.2.sdk/System/Library/Frameworks (framework directory)
2026-04-22T16:45:07.3457990Z  /Applications/Xcode_26.2.app/Contents/Developer/Platforms/iPhoneSimulator.platform/Developer/SDKs/iPhoneSimulator26.2.sdk/System/Library/SubFrameworks (framework directory)
2026-04-22T16:45:07.3458040Z End of search list.
2026-04-22T16:45:07.3502600Z clang -cc1 version 17.0.0 (clang-1700.6.3.2) default target arm64-apple-darwin24.6.0
2026-04-22T16:45:07.3503470Z ignoring nonexistent directory "/Users/runner/work/tcm-storage-ios/tcm-storage-ios/build/Build/Products/Debug-iphonesimulator/include"
2026-04-22T16:45:07.3504030Z ignoring nonexistent directory "/Users/runner/work/tcm-storage-ios/tcm-storage-ios/build/Build/Intermediates.noindex/Nextcloud.build/Debug-iphonesimulator/Nextcloud.build/DerivedSources-normal/arm64"
2026-04-22T16:45:07.3504750Z ignoring nonexistent directory "/Users/runner/work/tcm-storage-ios/tcm-storage-ios/build/Build/Intermediates.noindex/Nextcloud.build/Debug-iphonesimulator/Nextcloud.build/DerivedSources/arm64"
2026-04-22T16:45:07.3505210Z ignoring nonexistent directory "/Applications/Xcode_26.2.app/Contents/Developer/Platforms/iPhoneSimulator.platform/Developer/SDKs/iPhoneSimulator26.2.sdk/usr/local/include"
2026-04-22T16:45:07.3505640Z ignoring nonexistent directory "/Applications/Xcode_26.2.app/Contents/Developer/Platforms/iPhoneSimulator.platform/Developer/SDKs/iPhoneSimulator26.2.sdk/Library/Frameworks"
2026-04-22T16:45:07.3505990Z ignoring duplicate directory "/Users/runner/work/tcm-storage-ios/tcm-storage-ios/build/Build/Products/Debug-iphonesimulator/PackageFrameworks"
2026-04-22T16:45:07.3506330Z ignoring duplicate directory "/Users/runner/work/tcm-storage-ios/tcm-storage-ios/build/Build/Products/Debug-iphonesimulator/PackageFrameworks"
2026-04-22T16:45:07.3506660Z ignoring duplicate directory "/Users/runner/work/tcm-storage-ios/tcm-storage-ios/build/Build/Products/Debug-iphonesimulator/PackageFrameworks"
2026-04-22T16:45:07.3507080Z ignoring duplicate directory "/Users/runner/work/tcm-storage-ios/tcm-storage-ios/build/Build/Products/Debug-iphonesimulator/PackageFrameworks"
2026-04-22T16:45:07.3507410Z ignoring duplicate directory "/Users/runner/work/tcm-storage-ios/tcm-storage-ios/build/Build/Products/Debug-iphonesimulator/PackageFrameworks"
2026-04-22T16:45:07.3507740Z ignoring duplicate directory "/Users/runner/work/tcm-storage-ios/tcm-storage-ios/build/Build/Products/Debug-iphonesimulator/PackageFrameworks"
2026-04-22T16:45:07.3508300Z ignoring duplicate directory "/Users/runner/work/tcm-storage-ios/tcm-storage-ios/build/Build/Products/Debug-iphonesimulator/PackageFrameworks"
2026-04-22T16:45:07.3508640Z ignoring duplicate directory "/Users/runner/work/tcm-storage-ios/tcm-storage-ios/build/Build/Products/Debug-iphonesimulator/PackageFrameworks"
2026-04-22T16:45:07.3508970Z ignoring duplicate directory "/Users/runner/work/tcm-storage-ios/tcm-storage-ios/build/Build/Products/Debug-iphonesimulator/PackageFrameworks"
2026-04-22T16:45:07.3509500Z ignoring duplicate directory "/Users/runner/work/tcm-storage-ios/tcm-storage-ios/build/Build/Products/Debug-iphonesimulator/PackageFrameworks"
2026-04-22T16:45:07.3509870Z ignoring duplicate directory "/Users/runner/work/tcm-storage-ios/tcm-storage-ios/build/Build/Products/Debug-iphonesimulator/PackageFrameworks"
2026-04-22T16:45:07.3510210Z ignoring duplicate directory "/Users/runner/work/tcm-storage-ios/tcm-storage-ios/build/Build/Products/Debug-iphonesimulator/PackageFrameworks"
2026-04-22T16:45:07.3510550Z ignoring duplicate directory "/Users/runner/work/tcm-storage-ios/tcm-storage-ios/build/Build/Products/Debug-iphonesimulator/PackageFrameworks"
2026-04-22T16:45:07.3510880Z ignoring duplicate directory "/Users/runner/work/tcm-storage-ios/tcm-storage-ios/build/Build/Products/Debug-iphonesimulator/PackageFrameworks"
2026-04-22T16:45:07.3511220Z ignoring duplicate directory "/Users/runner/work/tcm-storage-ios/tcm-storage-ios/build/Build/Products/Debug-iphonesimulator/PackageFrameworks"
2026-04-22T16:45:07.3511590Z ignoring duplicate directory "/Users/runner/work/tcm-storage-ios/tcm-storage-ios/build/Build/Products/Debug-iphonesimulator/PackageFrameworks"
2026-04-22T16:45:07.3511920Z ignoring duplicate directory "/Users/runner/work/tcm-storage-ios/tcm-storage-ios/build/Build/Products/Debug-iphonesimulator/PackageFrameworks"
2026-04-22T16:45:07.3512250Z ignoring duplicate directory "/Users/runner/work/tcm-storage-ios/tcm-storage-ios/build/Build/Products/Debug-iphonesimulator/PackageFrameworks"
2026-04-22T16:45:07.3512600Z ignoring duplicate directory "/Users/runner/work/tcm-storage-ios/tcm-storage-ios/build/Build/Products/Debug-iphonesimulator/PackageFrameworks"
2026-04-22T16:45:07.3512940Z ignoring duplicate directory "/Users/runner/work/tcm-storage-ios/tcm-storage-ios/build/Build/Products/Debug-iphonesimulator/PackageFrameworks"
2026-04-22T16:45:07.3513410Z ignoring duplicate directory "/Users/runner/work/tcm-storage-ios/tcm-storage-ios/build/Build/Products/Debug-iphonesimulator/PackageFrameworks"
2026-04-22T16:45:07.3513760Z ignoring duplicate directory "/Users/runner/work/tcm-storage-ios/tcm-storage-ios/build/Build/Products/Debug-iphonesimulator/PackageFrameworks"
2026-04-22T16:45:07.3514120Z ignoring duplicate directory "/Users/runner/work/tcm-storage-ios/tcm-storage-ios/build/Build/Products/Debug-iphonesimulator/PackageFrameworks"
2026-04-22T16:45:07.3514460Z ignoring duplicate directory "/Users/runner/work/tcm-storage-ios/tcm-storage-ios/build/Build/Products/Debug-iphonesimulator/PackageFrameworks"
2026-04-22T16:45:07.3515750Z ignoring duplicate directory "/Users/runner/work/tcm-storage-ios/tcm-storage-ios/build/Build/Products/Debug-iphonesimulator/PackageFrameworks"
2026-04-22T16:45:07.3516130Z ignoring duplicate directory "/Users/runner/work/tcm-storage-ios/tcm-storage-ios/build/Build/Products/Debug-iphonesimulator/PackageFrameworks"
2026-04-22T16:45:07.3516460Z ignoring duplicate directory "/Users/runner/work/tcm-storage-ios/tcm-storage-ios/build/Build/Products/Debug-iphonesimulator/PackageFrameworks"
2026-04-22T16:45:07.3516950Z ignoring duplicate directory "/Users/runner/work/tcm-storage-ios/tcm-storage-ios/build/Build/Products/Debug-iphonesimulator/PackageFrameworks"
2026-04-22T16:45:07.3517300Z ignoring duplicate directory "/Users/runner/work/tcm-storage-ios/tcm-storage-ios/build/Build/Products/Debug-iphonesimulator/PackageFrameworks"
2026-04-22T16:45:07.3517670Z ignoring duplicate directory "/Users/runner/work/tcm-storage-ios/tcm-storage-ios/build/Build/Products/Debug-iphonesimulator/PackageFrameworks"
2026-04-22T16:45:07.3518080Z ignoring duplicate directory "/Users/runner/work/tcm-storage-ios/tcm-storage-ios/build/Build/Products/Debug-iphonesimulator/PackageFrameworks"
2026-04-22T16:45:07.3518420Z ignoring duplicate directory "/Users/runner/work/tcm-storage-ios/tcm-storage-ios/build/Build/Products/Debug-iphonesimulator/PackageFrameworks"
2026-04-22T16:45:07.3518750Z ignoring duplicate directory "/Users/runner/work/tcm-storage-ios/tcm-storage-ios/build/Build/Products/Debug-iphonesimulator/PackageFrameworks"
2026-04-22T16:45:07.3519080Z ignoring duplicate directory "/Users/runner/work/tcm-storage-ios/tcm-storage-ios/build/Build/Products/Debug-iphonesimulator/PackageFrameworks"
2026-04-22T16:45:07.3519440Z ignoring duplicate directory "/Users/runner/work/tcm-storage-ios/tcm-storage-ios/build/Build/Products/Debug-iphonesimulator/PackageFrameworks"
2026-04-22T16:45:07.3519790Z ignoring duplicate directory "/Users/runner/work/tcm-storage-ios/tcm-storage-ios/build/Build/Products/Debug-iphonesimulator/PackageFrameworks"
2026-04-22T16:45:07.3520130Z ignoring duplicate directory "/Users/runner/work/tcm-storage-ios/tcm-storage-ios/build/Build/Products/Debug-iphonesimulator/PackageFrameworks"
2026-04-22T16:45:07.3520480Z ignoring duplicate directory "/Users/runner/work/tcm-storage-ios/tcm-storage-ios/build/Build/Products/Debug-iphonesimulator/PackageFrameworks"
2026-04-22T16:45:07.3520820Z ignoring duplicate directory "/Users/runner/work/tcm-storage-ios/tcm-storage-ios/build/Build/Products/Debug-iphonesimulator/PackageFrameworks"
2026-04-22T16:45:07.3521230Z ignoring duplicate directory "/Users/runner/work/tcm-storage-ios/tcm-storage-ios/build/Build/Products/Debug-iphonesimulator/PackageFrameworks"
2026-04-22T16:45:07.3521560Z ignoring duplicate directory "/Users/runner/work/tcm-storage-ios/tcm-storage-ios/build/Build/Products/Debug-iphonesimulator/PackageFrameworks"
2026-04-22T16:45:07.3521950Z ignoring duplicate directory "/Users/runner/work/tcm-storage-ios/tcm-storage-ios/build/Build/Products/Debug-iphonesimulator/PackageFrameworks"
2026-04-22T16:45:07.3522290Z ignoring duplicate directory "/Users/runner/work/tcm-storage-ios/tcm-storage-ios/build/Build/Products/Debug-iphonesimulator/PackageFrameworks"
2026-04-22T16:45:07.3522620Z ignoring duplicate directory "/Users/runner/work/tcm-storage-ios/tcm-storage-ios/build/Build/Products/Debug-iphonesimulator/PackageFrameworks"
2026-04-22T16:45:07.3523020Z ignoring duplicate directory "/Users/runner/work/tcm-storage-ios/tcm-storage-ios/build/Build/Products/Debug-iphonesimulator/PackageFrameworks"
2026-04-22T16:45:07.3523360Z ignoring duplicate directory "/Users/runner/work/tcm-storage-ios/tcm-storage-ios/build/Build/Products/Debug-iphonesimulator/PackageFrameworks"
2026-04-22T16:45:07.3523690Z ignoring duplicate directory "/Users/runner/work/tcm-storage-ios/tcm-storage-ios/build/Build/Products/Debug-iphonesimulator/PackageFrameworks"
2026-04-22T16:45:07.3524090Z ignoring duplicate directory "/Users/runner/work/tcm-storage-ios/tcm-storage-ios/build/Build/Products/Debug-iphonesimulator/PackageFrameworks"
2026-04-22T16:45:07.3524420Z ignoring duplicate directory "/Users/runner/work/tcm-storage-ios/tcm-storage-ios/build/Build/Products/Debug-iphonesimulator/PackageFrameworks"
2026-04-22T16:45:07.3524820Z ignoring duplicate directory "/Users/runner/work/tcm-storage-ios/tcm-storage-ios/build/Build/Products/Debug-iphonesimulator/PackageFrameworks"
2026-04-22T16:45:07.3525150Z ignoring duplicate directory "/Users/runner/work/tcm-storage-ios/tcm-storage-ios/build/Build/Products/Debug-iphonesimulator/PackageFrameworks"
2026-04-22T16:45:07.3525550Z ignoring duplicate directory "/Users/runner/work/tcm-storage-ios/tcm-storage-ios/build/Build/Products/Debug-iphonesimulator/PackageFrameworks"
2026-04-22T16:45:07.3525890Z ignoring duplicate directory "/Users/runner/work/tcm-storage-ios/tcm-storage-ios/build/Build/Products/Debug-iphonesimulator/PackageFrameworks"
2026-04-22T16:45:07.3526760Z ignoring duplicate directory "/Users/runner/work/tcm-storage-ios/tcm-storage-ios/build/Build/Products/Debug-iphonesimulator/PackageFrameworks"
2026-04-22T16:45:07.3527150Z ignoring duplicate directory "/Users/runner/work/tcm-storage-ios/tcm-storage-ios/build/Build/Products/Debug-iphonesimulator/PackageFrameworks"
2026-04-22T16:45:07.3527510Z ignoring duplicate directory "/Users/runner/work/tcm-storage-ios/tcm-storage-ios/build/Build/Products/Debug-iphonesimulator/PackageFrameworks"
2026-04-22T16:45:07.3527860Z ignoring duplicate directory "/Users/runner/work/tcm-storage-ios/tcm-storage-ios/build/Build/Products/Debug-iphonesimulator/PackageFrameworks"
2026-04-22T16:45:07.3528200Z ignoring duplicate directory "/Users/runner/work/tcm-storage-ios/tcm-storage-ios/build/Build/Products/Debug-iphonesimulator/PackageFrameworks"
2026-04-22T16:45:07.3528540Z ignoring duplicate directory "/Users/runner/work/tcm-storage-ios/tcm-storage-ios/build/Build/Products/Debug-iphonesimulator/PackageFrameworks"
2026-04-22T16:45:07.3528880Z ignoring duplicate directory "/Users/runner/work/tcm-storage-ios/tcm-storage-ios/build/Build/Products/Debug-iphonesimulator/PackageFrameworks"
2026-04-22T16:45:07.3529240Z ignoring duplicate directory "/Users/runner/work/tcm-storage-ios/tcm-storage-ios/build/Build/Products/Debug-iphonesimulator/PackageFrameworks"
2026-04-22T16:45:07.3529600Z ignoring duplicate directory "/Users/runner/work/tcm-storage-ios/tcm-storage-ios/build/Build/Products/Debug-iphonesimulator/PackageFrameworks"
2026-04-22T16:45:07.3529950Z ignoring duplicate directory "/Users/runner/work/tcm-storage-ios/tcm-storage-ios/build/Build/Products/Debug-iphonesimulator/PackageFrameworks"
2026-04-22T16:45:07.3530290Z ignoring duplicate directory "/Users/runner/work/tcm-storage-ios/tcm-storage-ios/build/Build/Products/Debug-iphonesimulator/PackageFrameworks"
2026-04-22T16:45:07.3530630Z ignoring duplicate directory "/Users/runner/work/tcm-storage-ios/tcm-storage-ios/build/Build/Products/Debug-iphonesimulator/PackageFrameworks"
2026-04-22T16:45:07.3530970Z ignoring duplicate directory "/Users/runner/work/tcm-storage-ios/tcm-storage-ios/build/Build/Products/Debug-iphonesimulator/PackageFrameworks"
2026-04-22T16:45:07.3531310Z ignoring duplicate directory "/Users/runner/work/tcm-storage-ios/tcm-storage-ios/build/Build/Products/Debug-iphonesimulator/PackageFrameworks"
2026-04-22T16:45:07.3531650Z ignoring duplicate directory "/Users/runner/work/tcm-storage-ios/tcm-storage-ios/build/Build/Products/Debug-iphonesimulator/PackageFrameworks"
2026-04-22T16:45:07.3532070Z ignoring duplicate directory "/Users/runner/work/tcm-storage-ios/tcm-storage-ios/build/Build/Products/Debug-iphonesimulator/PackageFrameworks"
2026-04-22T16:45:07.3532410Z ignoring duplicate directory "/Users/runner/work/tcm-storage-ios/tcm-storage-ios/build/Build/Products/Debug-iphonesimulator/PackageFrameworks"
2026-04-22T16:45:07.3532750Z ignoring duplicate directory "/Users/runner/work/tcm-storage-ios/tcm-storage-ios/build/Build/Products/Debug-iphonesimulator/PackageFrameworks"
2026-04-22T16:45:07.3533100Z ignoring duplicate directory "/Users/runner/work/tcm-storage-ios/tcm-storage-ios/build/Build/Products/Debug-iphonesimulator/PackageFrameworks"
2026-04-22T16:45:07.3533440Z ignoring duplicate directory "/Users/runner/work/tcm-storage-ios/tcm-storage-ios/build/Build/Products/Debug-iphonesimulator/PackageFrameworks"
2026-04-22T16:45:07.3535220Z ignoring duplicate directory "/Users/runner/work/tcm-storage-ios/tcm-storage-ios/build/Build/Products/Debug-iphonesimulator/PackageFrameworks"
2026-04-22T16:45:07.3535750Z ignoring duplicate directory "/Users/runner/work/tcm-storage-ios/tcm-storage-ios/build/Build/Products/Debug-iphonesimulator/PackageFrameworks"
2026-04-22T16:45:07.3536140Z ignoring duplicate directory "/Users/runner/work/tcm-storage-ios/tcm-storage-ios/build/Build/Products/Debug-iphonesimulator/PackageFrameworks"
2026-04-22T16:45:07.3536210Z #include "..." search starts here:
2026-04-22T16:45:07.3536720Z  /Users/runner/work/tcm-storage-ios/tcm-storage-ios/build/Build/Intermediates.noindex/Nextcloud.build/Debug-iphonesimulator/Nextcloud.build/Nextcloud-generated-files.hmap (headermap)
2026-04-22T16:45:07.3537360Z  /Users/runner/work/tcm-storage-ios/tcm-storage-ios/build/Build/Intermediates.noindex/Nextcloud.build/Debug-iphonesimulator/Nextcloud.build/Nextcloud-project-headers.hmap (headermap)
2026-04-22T16:45:07.3538170Z #include <...> search starts here:
2026-04-22T16:45:07.3539680Z  /Users/runner/work/tcm-storage-ios/tcm-storage-ios/build/Build/Intermediates.noindex/Nextcloud.build/Debug-iphonesimulator/Nextcloud.build/Nextcloud-own-target-headers.hmap (headermap)
2026-04-22T16:45:07.3541320Z  /Users/runner/work/tcm-storage-ios/tcm-storage-ios/build/Build/Intermediates.noindex/Nextcloud.build/Debug-iphonesimulator/Nextcloud.build/Nextcloud-all-non-framework-target-headers.hmap (headermap)
2026-04-22T16:45:07.3541670Z  /Users/runner/work/tcm-storage-ios/tcm-storage-ios/build/SourcePackages/checkouts/swift-nio-ssl/Sources/CNIOBoringSSLShims/include
2026-04-22T16:45:07.3541980Z  /Users/runner/work/tcm-storage-ios/tcm-storage-ios/build/SourcePackages/checkouts/swift-nio-ssl/Sources/CNIOBoringSSL/include
2026-04-22T16:45:07.3542300Z  /Users/runner/work/tcm-storage-ios/tcm-storage-ios/build/SourcePackages/checkouts/swift-atomics/Sources/_AtomicsShims/include
2026-04-22T16:45:07.3542590Z  /Users/runner/work/tcm-storage-ios/tcm-storage-ios/build/SourcePackages/checkouts/swift-nio/Sources/CNIOPosix/include
2026-04-22T16:45:07.3542890Z  /Users/runner/work/tcm-storage-ios/tcm-storage-ios/build/SourcePackages/checkouts/swift-nio/Sources/CNIOWASI/include
2026-04-22T16:45:07.3543280Z  /Users/runner/work/tcm-storage-ios/tcm-storage-ios/build/SourcePackages/checkouts/swift-nio/Sources/CNIOWindows/include
2026-04-22T16:45:07.3543550Z  /Users/runner/work/tcm-storage-ios/tcm-storage-ios/build/SourcePackages/checkouts/swift-nio/Sources/CNIOLinux/include
2026-04-22T16:45:07.3543820Z  /Users/runner/work/tcm-storage-ios/tcm-storage-ios/build/SourcePackages/checkouts/swift-nio/Sources/CNIODarwin/include
2026-04-22T16:45:07.3544150Z  /Users/runner/work/tcm-storage-ios/tcm-storage-ios/build/SourcePackages/checkouts/swift-nio/Sources/CNIOOpenBSD/include
2026-04-22T16:45:07.3544510Z  /Users/runner/work/tcm-storage-ios/tcm-storage-ios/build/SourcePackages/checkouts/swift-nio/Sources/CNIOAtomics/include
2026-04-22T16:45:07.3544790Z  /Users/runner/work/tcm-storage-ios/tcm-storage-ios/build/SourcePackages/checkouts/realm-core/src
2026-04-22T16:45:07.3545180Z  /Users/runner/work/tcm-storage-ios/tcm-storage-ios/build/SourcePackages/checkouts/realm-core/src/external/s2
2026-04-22T16:45:07.3545610Z  /Users/runner/work/tcm-storage-ios/tcm-storage-ios/build/SourcePackages/checkouts/realm-core/src/external/IntelRDFPMathLib20U2/LIBRARY/src
2026-04-22T16:45:07.3545840Z  /Users/runner/work/tcm-storage-ios/tcm-storage-ios/build/SourcePackages/checkouts/realm-core/src/spm
2026-04-22T16:45:07.3546070Z  /Users/runner/work/tcm-storage-ios/tcm-storage-ios/build/SourcePackages/checkouts/realm-swift/include
2026-04-22T16:45:07.3546410Z  /Users/runner/work/tcm-storage-ios/tcm-storage-ios/build/SourcePackages/checkouts/GoogleUtilities/GoogleUtilities/NSData+zlib/Public
2026-04-22T16:45:07.3546730Z  /Users/runner/work/tcm-storage-ios/tcm-storage-ios/build/SourcePackages/checkouts/GoogleUtilities/GoogleUtilities/Logger/Public
2026-04-22T16:45:07.3547070Z  /Users/runner/work/tcm-storage-ios/tcm-storage-ios/build/SourcePackages/checkouts/GoogleUtilities/GoogleUtilities/Environment/Public
2026-04-22T16:45:07.3547390Z  /Users/runner/work/tcm-storage-ios/tcm-storage-ios/build/SourcePackages/checkouts/GoogleUtilities/third_party/IsAppEncrypted/Public
2026-04-22T16:45:07.3547860Z  /Users/runner/work/tcm-storage-ios/tcm-storage-ios/build/SourcePackages/checkouts/GoogleUtilities/GoogleUtilities/UserDefaults/Public
2026-04-22T16:45:07.3548290Z  /Users/runner/work/tcm-storage-ios/tcm-storage-ios/build/SourcePackages/checkouts/nanopb/spm_headers
2026-04-22T16:45:07.3548600Z  /Users/runner/work/tcm-storage-ios/tcm-storage-ios/build/SourcePackages/checkouts/promises/Sources/FBLPromises/include
2026-04-22T16:45:07.3549190Z  /Users/runner/work/tcm-storage-ios/tcm-storage-ios/build/SourcePackages/checkouts/GoogleDataTransport/GoogleDataTransport/GDTCORLibrary/Public
2026-04-22T16:45:07.3549690Z  /Users/runner/work/tcm-storage-ios/tcm-storage-ios/build/SourcePackages/checkouts/firebase-ios-sdk/FirebaseSessions/SourcesObjC
2026-04-22T16:45:07.3551590Z  /Users/runner/work/tcm-storage-ios/tcm-storage-ios/build/SourcePackages/checkouts/firebase-ios-sdk/FirebaseCore/Extension
2026-04-22T16:45:07.3551970Z  /Users/runner/work/tcm-storage-ios/tcm-storage-ios/build/SourcePackages/checkouts/firebase-ios-sdk/FirebaseInstallations/Source/Library/Public
2026-04-22T16:45:07.3552280Z  /Users/runner/work/tcm-storage-ios/tcm-storage-ios/build/SourcePackages/checkouts/firebase-ios-sdk/FirebaseCore/Sources/Public
2026-04-22T16:45:07.3552570Z  /Users/runner/work/tcm-storage-ios/tcm-storage-ios/build/SourcePackages/checkouts/firebase-ios-sdk/CoreOnly/Sources
2026-04-22T16:45:07.3552910Z  /Users/runner/work/tcm-storage-ios/tcm-storage-ios/build/SourcePackages/checkouts/firebase-ios-sdk/Crashlytics/Crashlytics/Public
2026-04-22T16:45:07.3553200Z  /Users/runner/work/tcm-storage-ios/tcm-storage-ios/build/SourcePackages/checkouts/GzipSwift/Sources/system-zlib/include
2026-04-22T16:45:07.3553690Z  /Users/runner/work/tcm-storage-ios/tcm-storage-ios/build/Build/Intermediates.noindex/Nextcloud.build/Debug-iphonesimulator/Nextcloud.build/DerivedSources
2026-04-22T16:45:07.3554100Z  /Users/runner/work/tcm-storage-ios/tcm-storage-ios/build/Build/Products/Debug-iphonesimulator/PackageFrameworks (framework directory)
2026-04-22T16:45:07.3554390Z  /Users/runner/work/tcm-storage-ios/tcm-storage-ios/build/Build/Products/Debug-iphonesimulator (framework directory)
2026-04-22T16:45:07.3554730Z  /Applications/Xcode_26.2.app/Contents/Developer/Platforms/iPhoneSimulator.platform/Developer/Library/Frameworks (framework directory)
2026-04-22T16:45:07.3555180Z  /Applications/Xcode_26.2.app/Contents/Developer/Platforms/iPhoneSimulator.platform/Developer/SDKs/iPhoneSimulator26.2.sdk/Developer/Library/Frameworks (framework directory)
2026-04-22T16:45:07.3555530Z  /Applications/Xcode_26.2.app/Contents/Developer/Toolchains/XcodeDefault.xctoolchain/usr/lib/clang/17/include
2026-04-22T16:45:07.3555850Z  /Applications/Xcode_26.2.app/Contents/Developer/Platforms/iPhoneSimulator.platform/Developer/SDKs/iPhoneSimulator26.2.sdk/usr/include
2026-04-22T16:45:07.3556290Z  /Applications/Xcode_26.2.app/Contents/Developer/Toolchains/XcodeDefault.xctoolchain/usr/include
2026-04-22T16:45:07.3556730Z  /Applications/Xcode_26.2.app/Contents/Developer/Platforms/iPhoneSimulator.platform/Developer/SDKs/iPhoneSimulator26.2.sdk/System/Library/Frameworks (framework directory)
2026-04-22T16:45:07.3557170Z  /Applications/Xcode_26.2.app/Contents/Developer/Platforms/iPhoneSimulator.platform/Developer/SDKs/iPhoneSimulator26.2.sdk/System/Library/SubFrameworks (framework directory)
2026-04-22T16:45:07.3557220Z End of search list.
2026-04-22T16:45:07.3959900Z clang -cc1 version 17.0.0 (clang-1700.6.3.2) default target arm64-apple-darwin24.6.0
2026-04-22T16:45:07.3960640Z ignoring nonexistent directory "/Users/runner/work/tcm-storage-ios/tcm-storage-ios/build/Build/Products/Debug-iphonesimulator/include"
2026-04-22T16:45:07.3966520Z ignoring nonexistent directory "/Users/runner/work/tcm-storage-ios/tcm-storage-ios/build/Build/Intermediates.noindex/Nextcloud.build/Debug-iphonesimulator/Nextcloud.build/DerivedSources-normal/arm64"
2026-04-22T16:45:07.3967430Z ignoring nonexistent directory "/Users/runner/work/tcm-storage-ios/tcm-storage-ios/build/Build/Intermediates.noindex/Nextcloud.build/Debug-iphonesimulator/Nextcloud.build/DerivedSources/arm64"
2026-04-22T16:45:07.3967900Z ignoring nonexistent directory "/Applications/Xcode_26.2.app/Contents/Developer/Platforms/iPhoneSimulator.platform/Developer/SDKs/iPhoneSimulator26.2.sdk/usr/local/include"
2026-04-22T16:45:07.3968360Z ignoring nonexistent directory "/Applications/Xcode_26.2.app/Contents/Developer/Platforms/iPhoneSimulator.platform/Developer/SDKs/iPhoneSimulator26.2.sdk/Library/Frameworks"
2026-04-22T16:45:07.3968910Z ignoring duplicate directory "/Users/runner/work/tcm-storage-ios/tcm-storage-ios/build/Build/Products/Debug-iphonesimulator/PackageFrameworks"
2026-04-22T16:45:07.3969280Z ignoring duplicate directory "/Users/runner/work/tcm-storage-ios/tcm-storage-ios/build/Build/Products/Debug-iphonesimulator/PackageFrameworks"
2026-04-22T16:45:07.3969790Z ignoring duplicate directory "/Users/runner/work/tcm-storage-ios/tcm-storage-ios/build/Build/Products/Debug-iphonesimulator/PackageFrameworks"
2026-04-22T16:45:07.3970260Z ignoring duplicate directory "/Users/runner/work/tcm-storage-ios/tcm-storage-ios/build/Build/Products/Debug-iphonesimulator/PackageFrameworks"
2026-04-22T16:45:07.3970610Z ignoring duplicate directory "/Users/runner/work/tcm-storage-ios/tcm-storage-ios/build/Build/Products/Debug-iphonesimulator/PackageFrameworks"
2026-04-22T16:45:07.3970950Z ignoring duplicate directory "/Users/runner/work/tcm-storage-ios/tcm-storage-ios/build/Build/Products/Debug-iphonesimulator/PackageFrameworks"
2026-04-22T16:45:07.3971300Z ignoring duplicate directory "/Users/runner/work/tcm-storage-ios/tcm-storage-ios/build/Build/Products/Debug-iphonesimulator/PackageFrameworks"
2026-04-22T16:45:07.3971630Z ignoring duplicate directory "/Users/runner/work/tcm-storage-ios/tcm-storage-ios/build/Build/Products/Debug-iphonesimulator/PackageFrameworks"
2026-04-22T16:45:07.3971970Z ignoring duplicate directory "/Users/runner/work/tcm-storage-ios/tcm-storage-ios/build/Build/Products/Debug-iphonesimulator/PackageFrameworks"
2026-04-22T16:45:07.3972310Z ignoring duplicate directory "/Users/runner/work/tcm-storage-ios/tcm-storage-ios/build/Build/Products/Debug-iphonesimulator/PackageFrameworks"
2026-04-22T16:45:07.3972810Z ignoring duplicate directory "/Users/runner/work/tcm-storage-ios/tcm-storage-ios/build/Build/Products/Debug-iphonesimulator/PackageFrameworks"
2026-04-22T16:45:07.3973340Z ignoring duplicate directory "/Users/runner/work/tcm-storage-ios/tcm-storage-ios/build/Build/Products/Debug-iphonesimulator/PackageFrameworks"
2026-04-22T16:45:07.3973760Z ignoring duplicate directory "/Users/runner/work/tcm-storage-ios/tcm-storage-ios/build/Build/Products/Debug-iphonesimulator/PackageFrameworks"
2026-04-22T16:45:07.3974110Z ignoring duplicate directory "/Users/runner/work/tcm-storage-ios/tcm-storage-ios/build/Build/Products/Debug-iphonesimulator/PackageFrameworks"
2026-04-22T16:45:07.3974680Z ignoring duplicate directory "/Users/runner/work/tcm-storage-ios/tcm-storage-ios/build/Build/Products/Debug-iphonesimulator/PackageFrameworks"
2026-04-22T16:45:07.3975040Z ignoring duplicate directory "/Users/runner/work/tcm-storage-ios/tcm-storage-ios/build/Build/Products/Debug-iphonesimulator/PackageFrameworks"
2026-04-22T16:45:07.3975380Z ignoring duplicate directory "/Users/runner/work/tcm-storage-ios/tcm-storage-ios/build/Build/Products/Debug-iphonesimulator/PackageFrameworks"
2026-04-22T16:45:07.3975740Z ignoring duplicate directory "/Users/runner/work/tcm-storage-ios/tcm-storage-ios/build/Build/Products/Debug-iphonesimulator/PackageFrameworks"
2026-04-22T16:45:07.3976080Z ignoring duplicate directory "/Users/runner/work/tcm-storage-ios/tcm-storage-ios/build/Build/Products/Debug-iphonesimulator/PackageFrameworks"
2026-04-22T16:45:07.3976420Z ignoring duplicate directory "/Users/runner/work/tcm-storage-ios/tcm-storage-ios/build/Build/Products/Debug-iphonesimulator/PackageFrameworks"
2026-04-22T16:45:07.3976770Z ignoring duplicate directory "/Users/runner/work/tcm-storage-ios/tcm-storage-ios/build/Build/Products/Debug-iphonesimulator/PackageFrameworks"
2026-04-22T16:45:07.3977210Z ignoring duplicate directory "/Users/runner/work/tcm-storage-ios/tcm-storage-ios/build/Build/Products/Debug-iphonesimulator/PackageFrameworks"
2026-04-22T16:45:07.3977550Z ignoring duplicate directory "/Users/runner/work/tcm-storage-ios/tcm-storage-ios/build/Build/Products/Debug-iphonesimulator/PackageFrameworks"
2026-04-22T16:45:07.3977960Z ignoring duplicate directory "/Users/runner/work/tcm-storage-ios/tcm-storage-ios/build/Build/Products/Debug-iphonesimulator/PackageFrameworks"
2026-04-22T16:45:07.3978430Z ignoring duplicate directory "/Users/runner/work/tcm-storage-ios/tcm-storage-ios/build/Build/Products/Debug-iphonesimulator/PackageFrameworks"
2026-04-22T16:45:07.3978790Z ignoring duplicate directory "/Users/runner/work/tcm-storage-ios/tcm-storage-ios/build/Build/Products/Debug-iphonesimulator/PackageFrameworks"
2026-04-22T16:45:07.3979130Z ignoring duplicate directory "/Users/runner/work/tcm-storage-ios/tcm-storage-ios/build/Build/Products/Debug-iphonesimulator/PackageFrameworks"
2026-04-22T16:45:07.3979460Z ignoring duplicate directory "/Users/runner/work/tcm-storage-ios/tcm-storage-ios/build/Build/Products/Debug-iphonesimulator/PackageFrameworks"
2026-04-22T16:45:07.3979790Z ignoring duplicate directory "/Users/runner/work/tcm-storage-ios/tcm-storage-ios/build/Build/Products/Debug-iphonesimulator/PackageFrameworks"
2026-04-22T16:45:07.3980130Z ignoring duplicate directory "/Users/runner/work/tcm-storage-ios/tcm-storage-ios/build/Build/Products/Debug-iphonesimulator/PackageFrameworks"
2026-04-22T16:45:07.3980460Z ignoring duplicate directory "/Users/runner/work/tcm-storage-ios/tcm-storage-ios/build/Build/Products/Debug-iphonesimulator/PackageFrameworks"
2026-04-22T16:45:07.3980800Z ignoring duplicate directory "/Users/runner/work/tcm-storage-ios/tcm-storage-ios/build/Build/Products/Debug-iphonesimulator/PackageFrameworks"
2026-04-22T16:45:07.3981230Z ignoring duplicate directory "/Users/runner/work/tcm-storage-ios/tcm-storage-ios/build/Build/Products/Debug-iphonesimulator/PackageFrameworks"
2026-04-22T16:45:07.3981570Z ignoring duplicate directory "/Users/runner/work/tcm-storage-ios/tcm-storage-ios/build/Build/Products/Debug-iphonesimulator/PackageFrameworks"
2026-04-22T16:45:07.3981910Z ignoring duplicate directory "/Users/runner/work/tcm-storage-ios/tcm-storage-ios/build/Build/Products/Debug-iphonesimulator/PackageFrameworks"
2026-04-22T16:45:07.3982250Z ignoring duplicate directory "/Users/runner/work/tcm-storage-ios/tcm-storage-ios/build/Build/Products/Debug-iphonesimulator/PackageFrameworks"
2026-04-22T16:45:07.3982580Z ignoring duplicate directory "/Users/runner/work/tcm-storage-ios/tcm-storage-ios/build/Build/Products/Debug-iphonesimulator/PackageFrameworks"
2026-04-22T16:45:07.3982920Z ignoring duplicate directory "/Users/runner/work/tcm-storage-ios/tcm-storage-ios/build/Build/Products/Debug-iphonesimulator/PackageFrameworks"
2026-04-22T16:45:07.3983350Z ignoring duplicate directory "/Users/runner/work/tcm-storage-ios/tcm-storage-ios/build/Build/Products/Debug-iphonesimulator/PackageFrameworks"
2026-04-22T16:45:07.3983700Z ignoring duplicate directory "/Users/runner/work/tcm-storage-ios/tcm-storage-ios/build/Build/Products/Debug-iphonesimulator/PackageFrameworks"
2026-04-22T16:45:07.3984060Z ignoring duplicate directory "/Users/runner/work/tcm-storage-ios/tcm-storage-ios/build/Build/Products/Debug-iphonesimulator/PackageFrameworks"
2026-04-22T16:45:07.3984430Z ignoring duplicate directory "/Users/runner/work/tcm-storage-ios/tcm-storage-ios/build/Build/Products/Debug-iphonesimulator/PackageFrameworks"
2026-04-22T16:45:07.3984770Z ignoring duplicate directory "/Users/runner/work/tcm-storage-ios/tcm-storage-ios/build/Build/Products/Debug-iphonesimulator/PackageFrameworks"
2026-04-22T16:45:07.3985110Z ignoring duplicate directory "/Users/runner/work/tcm-storage-ios/tcm-storage-ios/build/Build/Products/Debug-iphonesimulator/PackageFrameworks"
2026-04-22T16:45:07.3985450Z ignoring duplicate directory "/Users/runner/work/tcm-storage-ios/tcm-storage-ios/build/Build/Products/Debug-iphonesimulator/PackageFrameworks"
2026-04-22T16:45:07.4002860Z ignoring duplicate directory "/Users/runner/work/tcm-storage-ios/tcm-storage-ios/build/Build/Products/Debug-iphonesimulator/PackageFrameworks"
2026-04-22T16:45:07.4003940Z ignoring duplicate directory "/Users/runner/work/tcm-storage-ios/tcm-storage-ios/build/Build/Products/Debug-iphonesimulator/PackageFrameworks"
2026-04-22T16:45:07.4005050Z ignoring duplicate directory "/Users/runner/work/tcm-storage-ios/tcm-storage-ios/build/Build/Products/Debug-iphonesimulator/PackageFrameworks"
2026-04-22T16:45:07.4006100Z ignoring duplicate directory "/Users/runner/work/tcm-storage-ios/tcm-storage-ios/build/Build/Products/Debug-iphonesimulator/PackageFrameworks"
2026-04-22T16:45:07.4007050Z ignoring duplicate directory "/Users/runner/work/tcm-storage-ios/tcm-storage-ios/build/Build/Products/Debug-iphonesimulator/PackageFrameworks"
2026-04-22T16:45:07.4008010Z ignoring duplicate directory "/Users/runner/work/tcm-storage-ios/tcm-storage-ios/build/Build/Products/Debug-iphonesimulator/PackageFrameworks"
2026-04-22T16:45:07.4008930Z ignoring duplicate directory "/Users/runner/work/tcm-storage-ios/tcm-storage-ios/build/Build/Products/Debug-iphonesimulator/PackageFrameworks"
2026-04-22T16:45:07.4009880Z ignoring duplicate directory "/Users/runner/work/tcm-storage-ios/tcm-storage-ios/build/Build/Products/Debug-iphonesimulator/PackageFrameworks"
2026-04-22T16:45:07.4010850Z ignoring duplicate directory "/Users/runner/work/tcm-storage-ios/tcm-storage-ios/build/Build/Products/Debug-iphonesimulator/PackageFrameworks"
2026-04-22T16:45:07.4011790Z ignoring duplicate directory "/Users/runner/work/tcm-storage-ios/tcm-storage-ios/build/Build/Products/Debug-iphonesimulator/PackageFrameworks"
2026-04-22T16:45:07.4013000Z ignoring duplicate directory "/Users/runner/work/tcm-storage-ios/tcm-storage-ios/build/Build/Products/Debug-iphonesimulator/PackageFrameworks"
2026-04-22T16:45:07.4013980Z ignoring duplicate directory "/Users/runner/work/tcm-storage-ios/tcm-storage-ios/build/Build/Products/Debug-iphonesimulator/PackageFrameworks"
2026-04-22T16:45:07.4014960Z ignoring duplicate directory "/Users/runner/work/tcm-storage-ios/tcm-storage-ios/build/Build/Products/Debug-iphonesimulator/PackageFrameworks"
2026-04-22T16:45:07.4015930Z ignoring duplicate directory "/Users/runner/work/tcm-storage-ios/tcm-storage-ios/build/Build/Products/Debug-iphonesimulator/PackageFrameworks"
2026-04-22T16:45:07.4016920Z ignoring duplicate directory "/Users/runner/work/tcm-storage-ios/tcm-storage-ios/build/Build/Products/Debug-iphonesimulator/PackageFrameworks"
2026-04-22T16:45:07.4017880Z ignoring duplicate directory "/Users/runner/work/tcm-storage-ios/tcm-storage-ios/build/Build/Products/Debug-iphonesimulator/PackageFrameworks"
2026-04-22T16:45:07.4018870Z ignoring duplicate directory "/Users/runner/work/tcm-storage-ios/tcm-storage-ios/build/Build/Products/Debug-iphonesimulator/PackageFrameworks"
2026-04-22T16:45:07.4020090Z ignoring duplicate directory "/Users/runner/work/tcm-storage-ios/tcm-storage-ios/build/Build/Products/Debug-iphonesimulator/PackageFrameworks"
2026-04-22T16:45:07.4021100Z ignoring duplicate directory "/Users/runner/work/tcm-storage-ios/tcm-storage-ios/build/Build/Products/Debug-iphonesimulator/PackageFrameworks"
2026-04-22T16:45:07.4022160Z ignoring duplicate directory "/Users/runner/work/tcm-storage-ios/tcm-storage-ios/build/Build/Products/Debug-iphonesimulator/PackageFrameworks"
2026-04-22T16:45:07.4023150Z ignoring duplicate directory "/Users/runner/work/tcm-storage-ios/tcm-storage-ios/build/Build/Products/Debug-iphonesimulator/PackageFrameworks"
2026-04-22T16:45:07.4024710Z ignoring duplicate directory "/Users/runner/work/tcm-storage-ios/tcm-storage-ios/build/Build/Products/Debug-iphonesimulator/PackageFrameworks"
2026-04-22T16:45:07.4025760Z ignoring duplicate directory "/Users/runner/work/tcm-storage-ios/tcm-storage-ios/build/Build/Products/Debug-iphonesimulator/PackageFrameworks"
2026-04-22T16:45:07.4027130Z ignoring duplicate directory "/Users/runner/work/tcm-storage-ios/tcm-storage-ios/build/Build/Products/Debug-iphonesimulator/PackageFrameworks"
2026-04-22T16:45:07.4028700Z ignoring duplicate directory "/Users/runner/work/tcm-storage-ios/tcm-storage-ios/build/Build/Products/Debug-iphonesimulator/PackageFrameworks"
2026-04-22T16:45:07.4029740Z ignoring duplicate directory "/Users/runner/work/tcm-storage-ios/tcm-storage-ios/build/Build/Products/Debug-iphonesimulator/PackageFrameworks"
2026-04-22T16:45:07.4031360Z ignoring duplicate directory "/Users/runner/work/tcm-storage-ios/tcm-storage-ios/build/Build/Products/Debug-iphonesimulator/PackageFrameworks"
2026-04-22T16:45:07.4032580Z ignoring duplicate directory "/Users/runner/work/tcm-storage-ios/tcm-storage-ios/build/Build/Products/Debug-iphonesimulator/PackageFrameworks"
2026-04-22T16:45:07.4033640Z ignoring duplicate directory "/Users/runner/work/tcm-storage-ios/tcm-storage-ios/build/Build/Products/Debug-iphonesimulator/PackageFrameworks"
2026-04-22T16:45:07.4034680Z ignoring duplicate directory "/Users/runner/work/tcm-storage-ios/tcm-storage-ios/build/Build/Products/Debug-iphonesimulator/PackageFrameworks"
2026-04-22T16:45:07.4035730Z ignoring duplicate directory "/Users/runner/work/tcm-storage-ios/tcm-storage-ios/build/Build/Products/Debug-iphonesimulator/PackageFrameworks"
2026-04-22T16:45:07.4035940Z #include "..." search starts here:
2026-04-22T16:45:07.4037390Z  /Users/runner/work/tcm-storage-ios/tcm-storage-ios/build/Build/Intermediates.noindex/Nextcloud.build/Debug-iphonesimulator/Nextcloud.build/Nextcloud-generated-files.hmap (headermap)
2026-04-22T16:45:07.4038790Z  /Users/runner/work/tcm-storage-ios/tcm-storage-ios/build/Build/Intermediates.noindex/Nextcloud.build/Debug-iphonesimulator/Nextcloud.build/Nextcloud-project-headers.hmap (headermap)
2026-04-22T16:45:07.4038990Z #include <...> search starts here:
2026-04-22T16:45:07.4040440Z  /Users/runner/work/tcm-storage-ios/tcm-storage-ios/build/Build/Intermediates.noindex/Nextcloud.build/Debug-iphonesimulator/Nextcloud.build/Nextcloud-own-target-headers.hmap (headermap)
2026-04-22T16:45:07.4042120Z  /Users/runner/work/tcm-storage-ios/tcm-storage-ios/build/Build/Intermediates.noindex/Nextcloud.build/Debug-iphonesimulator/Nextcloud.build/Nextcloud-all-non-framework-target-headers.hmap (headermap)
2026-04-22T16:45:07.4043120Z  /Users/runner/work/tcm-storage-ios/tcm-storage-ios/build/SourcePackages/checkouts/swift-nio-ssl/Sources/CNIOBoringSSLShims/include
2026-04-22T16:45:07.4044010Z  /Users/runner/work/tcm-storage-ios/tcm-storage-ios/build/SourcePackages/checkouts/swift-nio-ssl/Sources/CNIOBoringSSL/include
2026-04-22T16:45:07.4044860Z  /Users/runner/work/tcm-storage-ios/tcm-storage-ios/build/SourcePackages/checkouts/swift-atomics/Sources/_AtomicsShims/include
2026-04-22T16:45:07.4045670Z  /Users/runner/work/tcm-storage-ios/tcm-storage-ios/build/SourcePackages/checkouts/swift-nio/Sources/CNIOPosix/include
2026-04-22T16:45:07.4047500Z  /Users/runner/work/tcm-storage-ios/tcm-storage-ios/build/SourcePackages/checkouts/swift-nio/Sources/CNIOWASI/include
2026-04-22T16:45:07.4048570Z  /Users/runner/work/tcm-storage-ios/tcm-storage-ios/build/SourcePackages/checkouts/swift-nio/Sources/CNIOWindows/include
2026-04-22T16:45:07.4049410Z  /Users/runner/work/tcm-storage-ios/tcm-storage-ios/build/SourcePackages/checkouts/swift-nio/Sources/CNIOLinux/include
2026-04-22T16:45:07.4050190Z  /Users/runner/work/tcm-storage-ios/tcm-storage-ios/build/SourcePackages/checkouts/swift-nio/Sources/CNIODarwin/include
2026-04-22T16:45:07.4050960Z  /Users/runner/work/tcm-storage-ios/tcm-storage-ios/build/SourcePackages/checkouts/swift-nio/Sources/CNIOOpenBSD/include
2026-04-22T16:45:07.4051930Z  /Users/runner/work/tcm-storage-ios/tcm-storage-ios/build/SourcePackages/checkouts/swift-nio/Sources/CNIOAtomics/include
2026-04-22T16:45:07.4052510Z  /Users/runner/work/tcm-storage-ios/tcm-storage-ios/build/SourcePackages/checkouts/realm-core/src
2026-04-22T16:45:07.4053520Z  /Users/runner/work/tcm-storage-ios/tcm-storage-ios/build/SourcePackages/checkouts/realm-core/src/external/s2
2026-04-22T16:45:07.4054570Z  /Users/runner/work/tcm-storage-ios/tcm-storage-ios/build/SourcePackages/checkouts/realm-core/src/external/IntelRDFPMathLib20U2/LIBRARY/src
2026-04-22T16:45:07.4054850Z  /Users/runner/work/tcm-storage-ios/tcm-storage-ios/build/SourcePackages/checkouts/realm-core/src/spm
2026-04-22T16:45:07.4055080Z  /Users/runner/work/tcm-storage-ios/tcm-storage-ios/build/SourcePackages/checkouts/realm-swift/include
2026-04-22T16:45:07.4055520Z  /Users/runner/work/tcm-storage-ios/tcm-storage-ios/build/SourcePackages/checkouts/GoogleUtilities/GoogleUtilities/NSData+zlib/Public
2026-04-22T16:45:07.4055960Z  /Users/runner/work/tcm-storage-ios/tcm-storage-ios/build/SourcePackages/checkouts/GoogleUtilities/GoogleUtilities/Logger/Public
2026-04-22T16:45:07.4056300Z  /Users/runner/work/tcm-storage-ios/tcm-storage-ios/build/SourcePackages/checkouts/GoogleUtilities/GoogleUtilities/Environment/Public
2026-04-22T16:45:07.4056650Z  /Users/runner/work/tcm-storage-ios/tcm-storage-ios/build/SourcePackages/checkouts/GoogleUtilities/third_party/IsAppEncrypted/Public
2026-04-22T16:45:07.4057060Z  /Users/runner/work/tcm-storage-ios/tcm-storage-ios/build/SourcePackages/checkouts/GoogleUtilities/GoogleUtilities/UserDefaults/Public
2026-04-22T16:45:07.4057320Z  /Users/runner/work/tcm-storage-ios/tcm-storage-ios/build/SourcePackages/checkouts/nanopb/spm_headers
2026-04-22T16:45:07.4057610Z  /Users/runner/work/tcm-storage-ios/tcm-storage-ios/build/SourcePackages/checkouts/promises/Sources/FBLPromises/include
2026-04-22T16:45:07.4058010Z  /Users/runner/work/tcm-storage-ios/tcm-storage-ios/build/SourcePackages/checkouts/GoogleDataTransport/GoogleDataTransport/GDTCORLibrary/Public
2026-04-22T16:45:07.4058790Z  /Users/runner/work/tcm-storage-ios/tcm-storage-ios/build/SourcePackages/checkouts/firebase-ios-sdk/FirebaseSessions/SourcesObjC
2026-04-22T16:45:07.4059690Z  /Users/runner/work/tcm-storage-ios/tcm-storage-ios/build/SourcePackages/checkouts/firebase-ios-sdk/FirebaseCore/Extension
2026-04-22T16:45:07.4061220Z  /Users/runner/work/tcm-storage-ios/tcm-storage-ios/build/SourcePackages/checkouts/firebase-ios-sdk/FirebaseInstallations/Source/Library/Public
2026-04-22T16:45:07.4061600Z  /Users/runner/work/tcm-storage-ios/tcm-storage-ios/build/SourcePackages/checkouts/firebase-ios-sdk/FirebaseCore/Sources/Public
2026-04-22T16:45:07.4061900Z  /Users/runner/work/tcm-storage-ios/tcm-storage-ios/build/SourcePackages/checkouts/firebase-ios-sdk/CoreOnly/Sources
2026-04-22T16:45:07.4062280Z  /Users/runner/work/tcm-storage-ios/tcm-storage-ios/build/SourcePackages/checkouts/firebase-ios-sdk/Crashlytics/Crashlytics/Public
2026-04-22T16:45:07.4062600Z  /Users/runner/work/tcm-storage-ios/tcm-storage-ios/build/SourcePackages/checkouts/GzipSwift/Sources/system-zlib/include
2026-04-22T16:45:07.4063030Z  /Users/runner/work/tcm-storage-ios/tcm-storage-ios/build/Build/Intermediates.noindex/Nextcloud.build/Debug-iphonesimulator/Nextcloud.build/DerivedSources
2026-04-22T16:45:07.4063490Z  /Users/runner/work/tcm-storage-ios/tcm-storage-ios/build/Build/Products/Debug-iphonesimulator/PackageFrameworks (framework directory)
2026-04-22T16:45:07.4063800Z  /Users/runner/work/tcm-storage-ios/tcm-storage-ios/build/Build/Products/Debug-iphonesimulator (framework directory)
2026-04-22T16:45:07.4065910Z  /Applications/Xcode_26.2.app/Contents/Developer/Platforms/iPhoneSimulator.platform/Developer/Library/Frameworks (framework directory)
2026-04-22T16:45:07.4066420Z  /Applications/Xcode_26.2.app/Contents/Developer/Platforms/iPhoneSimulator.platform/Developer/SDKs/iPhoneSimulator26.2.sdk/Developer/Library/Frameworks (framework directory)
2026-04-22T16:45:07.4066700Z  /Applications/Xcode_26.2.app/Contents/Developer/Toolchains/XcodeDefault.xctoolchain/usr/lib/clang/17/include
2026-04-22T16:45:07.4067050Z  /Applications/Xcode_26.2.app/Contents/Developer/Platforms/iPhoneSimulator.platform/Developer/SDKs/iPhoneSimulator26.2.sdk/usr/include
2026-04-22T16:45:07.4067290Z  /Applications/Xcode_26.2.app/Contents/Developer/Toolchains/XcodeDefault.xctoolchain/usr/include
2026-04-22T16:45:07.4067820Z  /Applications/Xcode_26.2.app/Contents/Developer/Platforms/iPhoneSimulator.platform/Developer/SDKs/iPhoneSimulator26.2.sdk/System/Library/Frameworks (framework directory)
2026-04-22T16:45:07.4068290Z  /Applications/Xcode_26.2.app/Contents/Developer/Platforms/iPhoneSimulator.platform/Developer/SDKs/iPhoneSimulator26.2.sdk/System/Library/SubFrameworks (framework directory)
2026-04-22T16:45:07.4068420Z End of search list.
2026-04-22T16:45:07.6067650Z clang -cc1 version 17.0.0 (clang-1700.6.3.2) default target arm64-apple-darwin24.6.0
2026-04-22T16:45:07.6102950Z ignoring nonexistent directory "/Users/runner/work/tcm-storage-ios/tcm-storage-ios/build/Build/Products/Debug-iphonesimulator/include"
2026-04-22T16:45:07.6105310Z ignoring nonexistent directory "/Users/runner/work/tcm-storage-ios/tcm-storage-ios/build/Build/Intermediates.noindex/Nextcloud.build/Debug-iphonesimulator/Nextcloud.build/DerivedSources-normal/arm64"
2026-04-22T16:45:07.6107610Z ignoring nonexistent directory "/Users/runner/work/tcm-storage-ios/tcm-storage-ios/build/Build/Intermediates.noindex/Nextcloud.build/Debug-iphonesimulator/Nextcloud.build/DerivedSources/arm64"
2026-04-22T16:45:07.6109410Z ignoring nonexistent directory "/Applications/Xcode_26.2.app/Contents/Developer/Platforms/iPhoneSimulator.platform/Developer/SDKs/iPhoneSimulator26.2.sdk/usr/local/include"
2026-04-22T16:45:07.6110020Z ignoring nonexistent directory "/Applications/Xcode_26.2.app/Contents/Developer/Platforms/iPhoneSimulator.platform/Developer/SDKs/iPhoneSimulator26.2.sdk/Library/Frameworks"
2026-04-22T16:45:07.6110490Z ignoring duplicate directory "/Users/runner/work/tcm-storage-ios/tcm-storage-ios/build/Build/Products/Debug-iphonesimulator/PackageFrameworks"
2026-04-22T16:45:07.6110990Z ignoring duplicate directory "/Users/runner/work/tcm-storage-ios/tcm-storage-ios/build/Build/Products/Debug-iphonesimulator/PackageFrameworks"
2026-04-22T16:45:07.6113380Z ignoring duplicate directory "/Users/runner/work/tcm-storage-ios/tcm-storage-ios/build/Build/Products/Debug-iphonesimulator/PackageFrameworks"
2026-04-22T16:45:07.6115730Z ignoring duplicate directory "/Users/runner/work/tcm-storage-ios/tcm-storage-ios/build/Build/Products/Debug-iphonesimulator/PackageFrameworks"
2026-04-22T16:45:07.6116430Z ignoring duplicate directory "/Users/runner/work/tcm-storage-ios/tcm-storage-ios/build/Build/Products/Debug-iphonesimulator/PackageFrameworks"
2026-04-22T16:45:07.6116900Z ignoring duplicate directory "/Users/runner/work/tcm-storage-ios/tcm-storage-ios/build/Build/Products/Debug-iphonesimulator/PackageFrameworks"
2026-04-22T16:45:07.6117400Z ignoring duplicate directory "/Users/runner/work/tcm-storage-ios/tcm-storage-ios/build/Build/Products/Debug-iphonesimulator/PackageFrameworks"
2026-04-22T16:45:07.6117830Z ignoring duplicate directory "/Users/runner/work/tcm-storage-ios/tcm-storage-ios/build/Build/Products/Debug-iphonesimulator/PackageFrameworks"
2026-04-22T16:45:07.6118930Z ignoring duplicate directory "/Users/runner/work/tcm-storage-ios/tcm-storage-ios/build/Build/Products/Debug-iphonesimulator/PackageFrameworks"
2026-04-22T16:45:07.6119750Z ignoring duplicate directory "/Users/runner/work/tcm-storage-ios/tcm-storage-ios/build/Build/Products/Debug-iphonesimulator/PackageFrameworks"
2026-04-22T16:45:07.6120190Z ignoring duplicate directory "/Users/runner/work/tcm-storage-ios/tcm-storage-ios/build/Build/Products/Debug-iphonesimulator/PackageFrameworks"
2026-04-22T16:45:07.6120620Z ignoring duplicate directory "/Users/runner/work/tcm-storage-ios/tcm-storage-ios/build/Build/Products/Debug-iphonesimulator/PackageFrameworks"
2026-04-22T16:45:07.6121050Z ignoring duplicate directory "/Users/runner/work/tcm-storage-ios/tcm-storage-ios/build/Build/Products/Debug-iphonesimulator/PackageFrameworks"
2026-04-22T16:45:07.6121480Z ignoring duplicate directory "/Users/runner/work/tcm-storage-ios/tcm-storage-ios/build/Build/Products/Debug-iphonesimulator/PackageFrameworks"
2026-04-22T16:45:07.6123160Z ignoring duplicate directory "/Users/runner/work/tcm-storage-ios/tcm-storage-ios/build/Build/Products/Debug-iphonesimulator/PackageFrameworks"
2026-04-22T16:45:07.6123730Z ignoring duplicate directory "/Users/runner/work/tcm-storage-ios/tcm-storage-ios/build/Build/Products/Debug-iphonesimulator/PackageFrameworks"
2026-04-22T16:45:07.6124180Z ignoring duplicate directory "/Users/runner/work/tcm-storage-ios/tcm-storage-ios/build/Build/Products/Debug-iphonesimulator/PackageFrameworks"
2026-04-22T16:45:07.6124720Z ignoring duplicate directory "/Users/runner/work/tcm-storage-ios/tcm-storage-ios/build/Build/Products/Debug-iphonesimulator/PackageFrameworks"
2026-04-22T16:45:07.6125350Z ignoring duplicate directory "/Users/runner/work/tcm-storage-ios/tcm-storage-ios/build/Build/Products/Debug-iphonesimulator/PackageFrameworks"
2026-04-22T16:45:07.6126280Z ignoring duplicate directory "/Users/runner/work/tcm-storage-ios/tcm-storage-ios/build/Build/Products/Debug-iphonesimulator/PackageFrameworks"
2026-04-22T16:45:07.6127200Z ignoring duplicate directory "/Users/runner/work/tcm-storage-ios/tcm-storage-ios/build/Build/Products/Debug-iphonesimulator/PackageFrameworks"
2026-04-22T16:45:07.6130420Z ignoring duplicate directory "/Users/runner/work/tcm-storage-ios/tcm-storage-ios/build/Build/Products/Debug-iphonesimulator/PackageFrameworks"
2026-04-22T16:45:07.6131050Z ignoring duplicate directory "/Users/runner/work/tcm-storage-ios/tcm-storage-ios/build/Build/Products/Debug-iphonesimulator/PackageFrameworks"
2026-04-22T16:45:07.6131780Z ignoring duplicate directory "/Users/runner/work/tcm-storage-ios/tcm-storage-ios/build/Build/Products/Debug-iphonesimulator/PackageFrameworks"
2026-04-22T16:45:07.6132180Z ignoring duplicate directory "/Users/runner/work/tcm-storage-ios/tcm-storage-ios/build/Build/Products/Debug-iphonesimulator/PackageFrameworks"
2026-04-22T16:45:07.6132510Z ignoring duplicate directory "/Users/runner/work/tcm-storage-ios/tcm-storage-ios/build/Build/Products/Debug-iphonesimulator/PackageFrameworks"
2026-04-22T16:45:07.6132860Z ignoring duplicate directory "/Users/runner/work/tcm-storage-ios/tcm-storage-ios/build/Build/Products/Debug-iphonesimulator/PackageFrameworks"
2026-04-22T16:45:07.6133200Z ignoring duplicate directory "/Users/runner/work/tcm-storage-ios/tcm-storage-ios/build/Build/Products/Debug-iphonesimulator/PackageFrameworks"
2026-04-22T16:45:07.6133610Z ignoring duplicate directory "/Users/runner/work/tcm-storage-ios/tcm-storage-ios/build/Build/Products/Debug-iphonesimulator/PackageFrameworks"
2026-04-22T16:45:07.6133960Z ignoring duplicate directory "/Users/runner/work/tcm-storage-ios/tcm-storage-ios/build/Build/Products/Debug-iphonesimulator/PackageFrameworks"
2026-04-22T16:45:07.6134300Z ignoring duplicate directory "/Users/runner/work/tcm-storage-ios/tcm-storage-ios/build/Build/Products/Debug-iphonesimulator/PackageFrameworks"
2026-04-22T16:45:07.6134640Z ignoring duplicate directory "/Users/runner/work/tcm-storage-ios/tcm-storage-ios/build/Build/Products/Debug-iphonesimulator/PackageFrameworks"
2026-04-22T16:45:07.6135100Z ignoring duplicate directory "/Users/runner/work/tcm-storage-ios/tcm-storage-ios/build/Build/Products/Debug-iphonesimulator/PackageFrameworks"
2026-04-22T16:45:07.6136520Z ignoring duplicate directory "/Users/runner/work/tcm-storage-ios/tcm-storage-ios/build/Build/Products/Debug-iphonesimulator/PackageFrameworks"
2026-04-22T16:45:07.6136940Z ignoring duplicate directory "/Users/runner/work/tcm-storage-ios/tcm-storage-ios/build/Build/Products/Debug-iphonesimulator/PackageFrameworks"
2026-04-22T16:45:07.6137690Z ignoring duplicate directory "/Users/runner/work/tcm-storage-ios/tcm-storage-ios/build/Build/Products/Debug-iphonesimulator/PackageFrameworks"
2026-04-22T16:45:07.6138820Z ignoring duplicate directory "/Users/runner/work/tcm-storage-ios/tcm-storage-ios/build/Build/Products/Debug-iphonesimulator/PackageFrameworks"
2026-04-22T16:45:07.6139170Z ignoring duplicate directory "/Users/runner/work/tcm-storage-ios/tcm-storage-ios/build/Build/Products/Debug-iphonesimulator/PackageFrameworks"
2026-04-22T16:45:07.6139520Z ignoring duplicate directory "/Users/runner/work/tcm-storage-ios/tcm-storage-ios/build/Build/Products/Debug-iphonesimulator/PackageFrameworks"
2026-04-22T16:45:07.6139980Z ignoring duplicate directory "/Users/runner/work/tcm-storage-ios/tcm-storage-ios/build/Build/Products/Debug-iphonesimulator/PackageFrameworks"
2026-04-22T16:45:07.6140360Z ignoring duplicate directory "/Users/runner/work/tcm-storage-ios/tcm-storage-ios/build/Build/Products/Debug-iphonesimulator/PackageFrameworks"
2026-04-22T16:45:07.6140850Z ignoring duplicate directory "/Users/runner/work/tcm-storage-ios/tcm-storage-ios/build/Build/Products/Debug-iphonesimulator/PackageFrameworks"
2026-04-22T16:45:07.6141440Z ignoring duplicate directory "/Users/runner/work/tcm-storage-ios/tcm-storage-ios/build/Build/Products/Debug-iphonesimulator/PackageFrameworks"
2026-04-22T16:45:07.6141790Z ignoring duplicate directory "/Users/runner/work/tcm-storage-ios/tcm-storage-ios/build/Build/Products/Debug-iphonesimulator/PackageFrameworks"
2026-04-22T16:45:07.6142130Z ignoring duplicate directory "/Users/runner/work/tcm-storage-ios/tcm-storage-ios/build/Build/Products/Debug-iphonesimulator/PackageFrameworks"
2026-04-22T16:45:07.6142470Z ignoring duplicate directory "/Users/runner/work/tcm-storage-ios/tcm-storage-ios/build/Build/Products/Debug-iphonesimulator/PackageFrameworks"
2026-04-22T16:45:07.6143190Z ignoring duplicate directory "/Users/runner/work/tcm-storage-ios/tcm-storage-ios/build/Build/Products/Debug-iphonesimulator/PackageFrameworks"
2026-04-22T16:45:07.6143590Z ignoring duplicate directory "/Users/runner/work/tcm-storage-ios/tcm-storage-ios/build/Build/Products/Debug-iphonesimulator/PackageFrameworks"
2026-04-22T16:45:07.6143980Z ignoring duplicate directory "/Users/runner/work/tcm-storage-ios/tcm-storage-ios/build/Build/Products/Debug-iphonesimulator/PackageFrameworks"
2026-04-22T16:45:07.6144330Z ignoring duplicate directory "/Users/runner/work/tcm-storage-ios/tcm-storage-ios/build/Build/Products/Debug-iphonesimulator/PackageFrameworks"
2026-04-22T16:45:07.6144680Z ignoring duplicate directory "/Users/runner/work/tcm-storage-ios/tcm-storage-ios/build/Build/Products/Debug-iphonesimulator/PackageFrameworks"
2026-04-22T16:45:07.6145070Z ignoring duplicate directory "/Users/runner/work/tcm-storage-ios/tcm-storage-ios/build/Build/Products/Debug-iphonesimulator/PackageFrameworks"
2026-04-22T16:45:07.6145460Z ignoring duplicate directory "/Users/runner/work/tcm-storage-ios/tcm-storage-ios/build/Build/Products/Debug-iphonesimulator/PackageFrameworks"
2026-04-22T16:45:07.6145820Z ignoring duplicate directory "/Users/runner/work/tcm-storage-ios/tcm-storage-ios/build/Build/Products/Debug-iphonesimulator/PackageFrameworks"
2026-04-22T16:45:07.6146170Z ignoring duplicate directory "/Users/runner/work/tcm-storage-ios/tcm-storage-ios/build/Build/Products/Debug-iphonesimulator/PackageFrameworks"
2026-04-22T16:45:07.6146500Z ignoring duplicate directory "/Users/runner/work/tcm-storage-ios/tcm-storage-ios/build/Build/Products/Debug-iphonesimulator/PackageFrameworks"
2026-04-22T16:45:07.6147050Z ignoring duplicate directory "/Users/runner/work/tcm-storage-ios/tcm-storage-ios/build/Build/Products/Debug-iphonesimulator/PackageFrameworks"
2026-04-22T16:45:07.6147380Z ignoring duplicate directory "/Users/runner/work/tcm-storage-ios/tcm-storage-ios/build/Build/Products/Debug-iphonesimulator/PackageFrameworks"
2026-04-22T16:45:07.6147730Z ignoring duplicate directory "/Users/runner/work/tcm-storage-ios/tcm-storage-ios/build/Build/Products/Debug-iphonesimulator/PackageFrameworks"
2026-04-22T16:45:07.6148120Z ignoring duplicate directory "/Users/runner/work/tcm-storage-ios/tcm-storage-ios/build/Build/Products/Debug-iphonesimulator/PackageFrameworks"
2026-04-22T16:45:07.6148490Z ignoring duplicate directory "/Users/runner/work/tcm-storage-ios/tcm-storage-ios/build/Build/Products/Debug-iphonesimulator/PackageFrameworks"
2026-04-22T16:45:07.6148850Z ignoring duplicate directory "/Users/runner/work/tcm-storage-ios/tcm-storage-ios/build/Build/Products/Debug-iphonesimulator/PackageFrameworks"
2026-04-22T16:45:07.6149350Z ignoring duplicate directory "/Users/runner/work/tcm-storage-ios/tcm-storage-ios/build/Build/Products/Debug-iphonesimulator/PackageFrameworks"
2026-04-22T16:45:07.6149720Z ignoring duplicate directory "/Users/runner/work/tcm-storage-ios/tcm-storage-ios/build/Build/Products/Debug-iphonesimulator/PackageFrameworks"
2026-04-22T16:45:07.6150760Z ignoring duplicate directory "/Users/runner/work/tcm-storage-ios/tcm-storage-ios/build/Build/Products/Debug-iphonesimulator/PackageFrameworks"
2026-04-22T16:45:07.6151270Z ignoring duplicate directory "/Users/runner/work/tcm-storage-ios/tcm-storage-ios/build/Build/Products/Debug-iphonesimulator/PackageFrameworks"
2026-04-22T16:45:07.6151710Z ignoring duplicate directory "/Users/runner/work/tcm-storage-ios/tcm-storage-ios/build/Build/Products/Debug-iphonesimulator/PackageFrameworks"
2026-04-22T16:45:07.6152060Z ignoring duplicate directory "/Users/runner/work/tcm-storage-ios/tcm-storage-ios/build/Build/Products/Debug-iphonesimulator/PackageFrameworks"
2026-04-22T16:45:07.6152410Z ignoring duplicate directory "/Users/runner/work/tcm-storage-ios/tcm-storage-ios/build/Build/Products/Debug-iphonesimulator/PackageFrameworks"
2026-04-22T16:45:07.6152760Z ignoring duplicate directory "/Users/runner/work/tcm-storage-ios/tcm-storage-ios/build/Build/Products/Debug-iphonesimulator/PackageFrameworks"
2026-04-22T16:45:07.6153180Z ignoring duplicate directory "/Users/runner/work/tcm-storage-ios/tcm-storage-ios/build/Build/Products/Debug-iphonesimulator/PackageFrameworks"
2026-04-22T16:45:07.6153520Z ignoring duplicate directory "/Users/runner/work/tcm-storage-ios/tcm-storage-ios/build/Build/Products/Debug-iphonesimulator/PackageFrameworks"
2026-04-22T16:45:07.6153870Z ignoring duplicate directory "/Users/runner/work/tcm-storage-ios/tcm-storage-ios/build/Build/Products/Debug-iphonesimulator/PackageFrameworks"
2026-04-22T16:45:07.6154200Z ignoring duplicate directory "/Users/runner/work/tcm-storage-ios/tcm-storage-ios/build/Build/Products/Debug-iphonesimulator/PackageFrameworks"
2026-04-22T16:45:07.6154550Z ignoring duplicate directory "/Users/runner/work/tcm-storage-ios/tcm-storage-ios/build/Build/Products/Debug-iphonesimulator/PackageFrameworks"
2026-04-22T16:45:07.6154890Z ignoring duplicate directory "/Users/runner/work/tcm-storage-ios/tcm-storage-ios/build/Build/Products/Debug-iphonesimulator/PackageFrameworks"
2026-04-22T16:45:07.6154950Z #include "..." search starts here:
2026-04-22T16:45:07.6155430Z  /Users/runner/work/tcm-storage-ios/tcm-storage-ios/build/Build/Intermediates.noindex/Nextcloud.build/Debug-iphonesimulator/Nextcloud.build/Nextcloud-generated-files.hmap (headermap)
2026-04-22T16:45:07.6155950Z  /Users/runner/work/tcm-storage-ios/tcm-storage-ios/build/Build/Intermediates.noindex/Nextcloud.build/Debug-iphonesimulator/Nextcloud.build/Nextcloud-project-headers.hmap (headermap)
2026-04-22T16:45:07.6156010Z #include <...> search starts here:
2026-04-22T16:45:07.6156560Z  /Users/runner/work/tcm-storage-ios/tcm-storage-ios/build/Build/Intermediates.noindex/Nextcloud.build/Debug-iphonesimulator/Nextcloud.build/Nextcloud-own-target-headers.hmap (headermap)
2026-04-22T16:45:07.6157120Z  /Users/runner/work/tcm-storage-ios/tcm-storage-ios/build/Build/Intermediates.noindex/Nextcloud.build/Debug-iphonesimulator/Nextcloud.build/Nextcloud-all-non-framework-target-headers.hmap (headermap)
2026-04-22T16:45:07.6157450Z  /Users/runner/work/tcm-storage-ios/tcm-storage-ios/build/SourcePackages/checkouts/swift-nio-ssl/Sources/CNIOBoringSSLShims/include
2026-04-22T16:45:07.6157770Z  /Users/runner/work/tcm-storage-ios/tcm-storage-ios/build/SourcePackages/checkouts/swift-nio-ssl/Sources/CNIOBoringSSL/include
2026-04-22T16:45:07.6158080Z  /Users/runner/work/tcm-storage-ios/tcm-storage-ios/build/SourcePackages/checkouts/swift-atomics/Sources/_AtomicsShims/include
2026-04-22T16:45:07.6158380Z  /Users/runner/work/tcm-storage-ios/tcm-storage-ios/build/SourcePackages/checkouts/swift-nio/Sources/CNIOPosix/include
2026-04-22T16:45:07.6158670Z  /Users/runner/work/tcm-storage-ios/tcm-storage-ios/build/SourcePackages/checkouts/swift-nio/Sources/CNIOWASI/include
2026-04-22T16:45:07.6159040Z  /Users/runner/work/tcm-storage-ios/tcm-storage-ios/build/SourcePackages/checkouts/swift-nio/Sources/CNIOWindows/include
2026-04-22T16:45:07.6159330Z  /Users/runner/work/tcm-storage-ios/tcm-storage-ios/build/SourcePackages/checkouts/swift-nio/Sources/CNIOLinux/include
2026-04-22T16:45:07.6159600Z  /Users/runner/work/tcm-storage-ios/tcm-storage-ios/build/SourcePackages/checkouts/swift-nio/Sources/CNIODarwin/include
2026-04-22T16:45:07.6159950Z  /Users/runner/work/tcm-storage-ios/tcm-storage-ios/build/SourcePackages/checkouts/swift-nio/Sources/CNIOOpenBSD/include
2026-04-22T16:45:07.6160260Z  /Users/runner/work/tcm-storage-ios/tcm-storage-ios/build/SourcePackages/checkouts/swift-nio/Sources/CNIOAtomics/include
2026-04-22T16:45:07.6160490Z  /Users/runner/work/tcm-storage-ios/tcm-storage-ios/build/SourcePackages/checkouts/realm-core/src
2026-04-22T16:45:07.6160740Z  /Users/runner/work/tcm-storage-ios/tcm-storage-ios/build/SourcePackages/checkouts/realm-core/src/external/s2
2026-04-22T16:45:07.6161080Z  /Users/runner/work/tcm-storage-ios/tcm-storage-ios/build/SourcePackages/checkouts/realm-core/src/external/IntelRDFPMathLib20U2/LIBRARY/src
2026-04-22T16:45:07.6161300Z  /Users/runner/work/tcm-storage-ios/tcm-storage-ios/build/SourcePackages/checkouts/realm-core/src/spm
2026-04-22T16:45:07.6161530Z  /Users/runner/work/tcm-storage-ios/tcm-storage-ios/build/SourcePackages/checkouts/realm-swift/include
2026-04-22T16:45:07.6161850Z  /Users/runner/work/tcm-storage-ios/tcm-storage-ios/build/SourcePackages/checkouts/GoogleUtilities/GoogleUtilities/NSData+zlib/Public
2026-04-22T16:45:07.6162160Z  /Users/runner/work/tcm-storage-ios/tcm-storage-ios/build/SourcePackages/checkouts/GoogleUtilities/GoogleUtilities/Logger/Public
2026-04-22T16:45:07.6162490Z  /Users/runner/work/tcm-storage-ios/tcm-storage-ios/build/SourcePackages/checkouts/GoogleUtilities/GoogleUtilities/Environment/Public
2026-04-22T16:45:07.6162830Z  /Users/runner/work/tcm-storage-ios/tcm-storage-ios/build/SourcePackages/checkouts/GoogleUtilities/third_party/IsAppEncrypted/Public
2026-04-22T16:45:07.6163180Z  /Users/runner/work/tcm-storage-ios/tcm-storage-ios/build/SourcePackages/checkouts/GoogleUtilities/GoogleUtilities/UserDefaults/Public
2026-04-22T16:45:07.6163410Z  /Users/runner/work/tcm-storage-ios/tcm-storage-ios/build/SourcePackages/checkouts/nanopb/spm_headers
2026-04-22T16:45:07.6163700Z  /Users/runner/work/tcm-storage-ios/tcm-storage-ios/build/SourcePackages/checkouts/promises/Sources/FBLPromises/include
2026-04-22T16:45:07.6164070Z  /Users/runner/work/tcm-storage-ios/tcm-storage-ios/build/SourcePackages/checkouts/GoogleDataTransport/GoogleDataTransport/GDTCORLibrary/Public
2026-04-22T16:45:07.6164430Z  /Users/runner/work/tcm-storage-ios/tcm-storage-ios/build/SourcePackages/checkouts/firebase-ios-sdk/FirebaseSessions/SourcesObjC
2026-04-22T16:45:07.6164780Z  /Users/runner/work/tcm-storage-ios/tcm-storage-ios/build/SourcePackages/checkouts/firebase-ios-sdk/FirebaseCore/Extension
2026-04-22T16:45:07.6165130Z  /Users/runner/work/tcm-storage-ios/tcm-storage-ios/build/SourcePackages/checkouts/firebase-ios-sdk/FirebaseInstallations/Source/Library/Public
2026-04-22T16:45:07.6165450Z  /Users/runner/work/tcm-storage-ios/tcm-storage-ios/build/SourcePackages/checkouts/firebase-ios-sdk/FirebaseCore/Sources/Public
2026-04-22T16:45:07.6165720Z  /Users/runner/work/tcm-storage-ios/tcm-storage-ios/build/SourcePackages/checkouts/firebase-ios-sdk/CoreOnly/Sources
2026-04-22T16:45:07.6166060Z  /Users/runner/work/tcm-storage-ios/tcm-storage-ios/build/SourcePackages/checkouts/firebase-ios-sdk/Crashlytics/Crashlytics/Public
2026-04-22T16:45:07.6166360Z  /Users/runner/work/tcm-storage-ios/tcm-storage-ios/build/SourcePackages/checkouts/GzipSwift/Sources/system-zlib/include
2026-04-22T16:45:07.6166770Z  /Users/runner/work/tcm-storage-ios/tcm-storage-ios/build/Build/Intermediates.noindex/Nextcloud.build/Debug-iphonesimulator/Nextcloud.build/DerivedSources
2026-04-22T16:45:07.6167330Z  /Users/runner/work/tcm-storage-ios/tcm-storage-ios/build/Build/Products/Debug-iphonesimulator/PackageFrameworks (framework directory)
2026-04-22T16:45:07.6167720Z  /Users/runner/work/tcm-storage-ios/tcm-storage-ios/build/Build/Products/Debug-iphonesimulator (framework directory)
2026-04-22T16:45:07.6168070Z  /Applications/Xcode_26.2.app/Contents/Developer/Platforms/iPhoneSimulator.platform/Developer/Library/Frameworks (framework directory)
2026-04-22T16:45:07.6168580Z  /Applications/Xcode_26.2.app/Contents/Developer/Platforms/iPhoneSimulator.platform/Developer/SDKs/iPhoneSimulator26.2.sdk/Developer/Library/Frameworks (framework directory)
2026-04-22T16:45:07.6168870Z  /Applications/Xcode_26.2.app/Contents/Developer/Toolchains/XcodeDefault.xctoolchain/usr/lib/clang/17/include
2026-04-22T16:45:07.6169230Z  /Applications/Xcode_26.2.app/Contents/Developer/Platforms/iPhoneSimulator.platform/Developer/SDKs/iPhoneSimulator26.2.sdk/usr/include
2026-04-22T16:45:07.6169460Z  /Applications/Xcode_26.2.app/Contents/Developer/Toolchains/XcodeDefault.xctoolchain/usr/include
2026-04-22T16:45:07.6169920Z  /Applications/Xcode_26.2.app/Contents/Developer/Platforms/iPhoneSimulator.platform/Developer/SDKs/iPhoneSimulator26.2.sdk/System/Library/Frameworks (framework directory)
2026-04-22T16:45:07.6170350Z  /Applications/Xcode_26.2.app/Contents/Developer/Platforms/iPhoneSimulator.platform/Developer/SDKs/iPhoneSimulator26.2.sdk/System/Library/SubFrameworks (framework directory)
2026-04-22T16:45:07.6170400Z End of search list.
2026-04-22T16:45:07.6252010Z clang -cc1 version 17.0.0 (clang-1700.6.3.2) default target arm64-apple-darwin24.6.0
2026-04-22T16:45:07.6252820Z ignoring nonexistent directory "/Users/runner/work/tcm-storage-ios/tcm-storage-ios/build/Build/Products/Debug-iphonesimulator/include"
2026-04-22T16:45:07.6253470Z ignoring nonexistent directory "/Users/runner/work/tcm-storage-ios/tcm-storage-ios/build/Build/Intermediates.noindex/Nextcloud.build/Debug-iphonesimulator/Nextcloud.build/DerivedSources-normal/arm64"
2026-04-22T16:45:07.6254110Z ignoring nonexistent directory "/Users/runner/work/tcm-storage-ios/tcm-storage-ios/build/Build/Intermediates.noindex/Nextcloud.build/Debug-iphonesimulator/Nextcloud.build/DerivedSources/arm64"
2026-04-22T16:45:07.6254720Z ignoring nonexistent directory "/Applications/Xcode_26.2.app/Contents/Developer/Platforms/iPhoneSimulator.platform/Developer/SDKs/iPhoneSimulator26.2.sdk/usr/local/include"
2026-04-22T16:45:07.6268460Z ignoring nonexistent directory "/Applications/Xcode_26.2.app/Contents/Developer/Platforms/iPhoneSimulator.platform/Developer/SDKs/iPhoneSimulator26.2.sdk/Library/Frameworks"
2026-04-22T16:45:07.6269080Z ignoring duplicate directory "/Users/runner/work/tcm-storage-ios/tcm-storage-ios/build/Build/Products/Debug-iphonesimulator/PackageFrameworks"
2026-04-22T16:45:07.6269530Z ignoring duplicate directory "/Users/runner/work/tcm-storage-ios/tcm-storage-ios/build/Build/Products/Debug-iphonesimulator/PackageFrameworks"
2026-04-22T16:45:07.6270220Z ignoring duplicate directory "/Users/runner/work/tcm-storage-ios/tcm-storage-ios/build/Build/Products/Debug-iphonesimulator/PackageFrameworks"
2026-04-22T16:45:07.6270660Z ignoring duplicate directory "/Users/runner/work/tcm-storage-ios/tcm-storage-ios/build/Build/Products/Debug-iphonesimulator/PackageFrameworks"
2026-04-22T16:45:07.6271090Z ignoring duplicate directory "/Users/runner/work/tcm-storage-ios/tcm-storage-ios/build/Build/Products/Debug-iphonesimulator/PackageFrameworks"
2026-04-22T16:45:07.6271550Z ignoring duplicate directory "/Users/runner/work/tcm-storage-ios/tcm-storage-ios/build/Build/Products/Debug-iphonesimulator/PackageFrameworks"
2026-04-22T16:45:07.6286550Z ignoring duplicate directory "/Users/runner/work/tcm-storage-ios/tcm-storage-ios/build/Build/Products/Debug-iphonesimulator/PackageFrameworks"
2026-04-22T16:45:07.6287820Z ignoring duplicate directory "/Users/runner/work/tcm-storage-ios/tcm-storage-ios/build/Build/Products/Debug-iphonesimulator/PackageFrameworks"
2026-04-22T16:45:07.6289240Z ignoring duplicate directory "/Users/runner/work/tcm-storage-ios/tcm-storage-ios/build/Build/Products/Debug-iphonesimulator/PackageFrameworks"
2026-04-22T16:45:07.6289970Z ignoring duplicate directory "/Users/runner/work/tcm-storage-ios/tcm-storage-ios/build/Build/Products/Debug-iphonesimulator/PackageFrameworks"
2026-04-22T16:45:07.6290470Z ignoring duplicate directory "/Users/runner/work/tcm-storage-ios/tcm-storage-ios/build/Build/Products/Debug-iphonesimulator/PackageFrameworks"
2026-04-22T16:45:07.6301080Z ignoring duplicate directory "/Users/runner/work/tcm-storage-ios/tcm-storage-ios/build/Build/Products/Debug-iphonesimulator/PackageFrameworks"
2026-04-22T16:45:07.6304450Z ignoring duplicate directory "/Users/runner/work/tcm-storage-ios/tcm-storage-ios/build/Build/Products/Debug-iphonesimulator/PackageFrameworks"
2026-04-22T16:45:07.6305780Z ignoring duplicate directory "/Users/runner/work/tcm-storage-ios/tcm-storage-ios/build/Build/Products/Debug-iphonesimulator/PackageFrameworks"
2026-04-22T16:45:07.6309040Z ignoring duplicate directory "/Users/runner/work/tcm-storage-ios/tcm-storage-ios/build/Build/Products/Debug-iphonesimulator/PackageFrameworks"
2026-04-22T16:45:07.6330400Z ignoring duplicate directory "/Users/runner/work/tcm-storage-ios/tcm-storage-ios/build/Build/Products/Debug-iphonesimulator/PackageFrameworks"
2026-04-22T16:45:07.6332070Z ignoring duplicate directory "/Users/runner/work/tcm-storage-ios/tcm-storage-ios/build/Build/Products/Debug-iphonesimulator/PackageFrameworks"
2026-04-22T16:45:07.6332840Z ignoring duplicate directory "/Users/runner/work/tcm-storage-ios/tcm-storage-ios/build/Build/Products/Debug-iphonesimulator/PackageFrameworks"
2026-04-22T16:45:07.6333330Z ignoring duplicate directory "/Users/runner/work/tcm-storage-ios/tcm-storage-ios/build/Build/Products/Debug-iphonesimulator/PackageFrameworks"
2026-04-22T16:45:07.6333830Z ignoring duplicate directory "/Users/runner/work/tcm-storage-ios/tcm-storage-ios/build/Build/Products/Debug-iphonesimulator/PackageFrameworks"
2026-04-22T16:45:07.6334330Z ignoring duplicate directory "/Users/runner/work/tcm-storage-ios/tcm-storage-ios/build/Build/Products/Debug-iphonesimulator/PackageFrameworks"
2026-04-22T16:45:07.6334840Z ignoring duplicate directory "/Users/runner/work/tcm-storage-ios/tcm-storage-ios/build/Build/Products/Debug-iphonesimulator/PackageFrameworks"
2026-04-22T16:45:07.6335410Z ignoring duplicate directory "/Users/runner/work/tcm-storage-ios/tcm-storage-ios/build/Build/Products/Debug-iphonesimulator/PackageFrameworks"
2026-04-22T16:45:07.6335880Z ignoring duplicate directory "/Users/runner/work/tcm-storage-ios/tcm-storage-ios/build/Build/Products/Debug-iphonesimulator/PackageFrameworks"
2026-04-22T16:45:07.6336330Z ignoring duplicate directory "/Users/runner/work/tcm-storage-ios/tcm-storage-ios/build/Build/Products/Debug-iphonesimulator/PackageFrameworks"
2026-04-22T16:45:07.6336770Z ignoring duplicate directory "/Users/runner/work/tcm-storage-ios/tcm-storage-ios/build/Build/Products/Debug-iphonesimulator/PackageFrameworks"
2026-04-22T16:45:07.6337620Z ignoring duplicate directory "/Users/runner/work/tcm-storage-ios/tcm-storage-ios/build/Build/Products/Debug-iphonesimulator/PackageFrameworks"
2026-04-22T16:45:07.6338080Z ignoring duplicate directory "/Users/runner/work/tcm-storage-ios/tcm-storage-ios/build/Build/Products/Debug-iphonesimulator/PackageFrameworks"
2026-04-22T16:45:07.6338510Z ignoring duplicate directory "/Users/runner/work/tcm-storage-ios/tcm-storage-ios/build/Build/Products/Debug-iphonesimulator/PackageFrameworks"
2026-04-22T16:45:07.6338960Z ignoring duplicate directory "/Users/runner/work/tcm-storage-ios/tcm-storage-ios/build/Build/Products/Debug-iphonesimulator/PackageFrameworks"
2026-04-22T16:45:07.6339410Z ignoring duplicate directory "/Users/runner/work/tcm-storage-ios/tcm-storage-ios/build/Build/Products/Debug-iphonesimulator/PackageFrameworks"
2026-04-22T16:45:07.6339870Z ignoring duplicate directory "/Users/runner/work/tcm-storage-ios/tcm-storage-ios/build/Build/Products/Debug-iphonesimulator/PackageFrameworks"
2026-04-22T16:45:07.6340510Z ignoring duplicate directory "/Users/runner/work/tcm-storage-ios/tcm-storage-ios/build/Build/Products/Debug-iphonesimulator/PackageFrameworks"
2026-04-22T16:45:07.6341010Z ignoring duplicate directory "/Users/runner/work/tcm-storage-ios/tcm-storage-ios/build/Build/Products/Debug-iphonesimulator/PackageFrameworks"
2026-04-22T16:45:07.6341510Z ignoring duplicate directory "/Users/runner/work/tcm-storage-ios/tcm-storage-ios/build/Build/Products/Debug-iphonesimulator/PackageFrameworks"
2026-04-22T16:45:07.6342100Z ignoring duplicate directory "/Users/runner/work/tcm-storage-ios/tcm-storage-ios/build/Build/Products/Debug-iphonesimulator/PackageFrameworks"
2026-04-22T16:45:07.6342620Z ignoring duplicate directory "/Users/runner/work/tcm-storage-ios/tcm-storage-ios/build/Build/Products/Debug-iphonesimulator/PackageFrameworks"
2026-04-22T16:45:07.6343080Z ignoring duplicate directory "/Users/runner/work/tcm-storage-ios/tcm-storage-ios/build/Build/Products/Debug-iphonesimulator/PackageFrameworks"
2026-04-22T16:45:07.6343520Z ignoring duplicate directory "/Users/runner/work/tcm-storage-ios/tcm-storage-ios/build/Build/Products/Debug-iphonesimulator/PackageFrameworks"
2026-04-22T16:45:07.6343950Z ignoring duplicate directory "/Users/runner/work/tcm-storage-ios/tcm-storage-ios/build/Build/Products/Debug-iphonesimulator/PackageFrameworks"
2026-04-22T16:45:07.6344400Z ignoring duplicate directory "/Users/runner/work/tcm-storage-ios/tcm-storage-ios/build/Build/Products/Debug-iphonesimulator/PackageFrameworks"
2026-04-22T16:45:07.6344850Z ignoring duplicate directory "/Users/runner/work/tcm-storage-ios/tcm-storage-ios/build/Build/Products/Debug-iphonesimulator/PackageFrameworks"
2026-04-22T16:45:07.6345310Z ignoring duplicate directory "/Users/runner/work/tcm-storage-ios/tcm-storage-ios/build/Build/Products/Debug-iphonesimulator/PackageFrameworks"
2026-04-22T16:45:07.6345750Z ignoring duplicate directory "/Users/runner/work/tcm-storage-ios/tcm-storage-ios/build/Build/Products/Debug-iphonesimulator/PackageFrameworks"
2026-04-22T16:45:07.6347190Z ignoring duplicate directory "/Users/runner/work/tcm-storage-ios/tcm-storage-ios/build/Build/Products/Debug-iphonesimulator/PackageFrameworks"
2026-04-22T16:45:07.6349200Z ignoring duplicate directory "/Users/runner/work/tcm-storage-ios/tcm-storage-ios/build/Build/Products/Debug-iphonesimulator/PackageFrameworks"
2026-04-22T16:45:07.6351850Z ignoring duplicate directory "/Users/runner/work/tcm-storage-ios/tcm-storage-ios/build/Build/Products/Debug-iphonesimulator/PackageFrameworks"
2026-04-22T16:45:07.6353390Z ignoring duplicate directory "/Users/runner/work/tcm-storage-ios/tcm-storage-ios/build/Build/Products/Debug-iphonesimulator/PackageFrameworks"
2026-04-22T16:45:07.6361140Z ignoring duplicate directory "/Users/runner/work/tcm-storage-ios/tcm-storage-ios/build/Build/Products/Debug-iphonesimulator/PackageFrameworks"
2026-04-22T16:45:07.6361600Z ignoring duplicate directory "/Users/runner/work/tcm-storage-ios/tcm-storage-ios/build/Build/Products/Debug-iphonesimulator/PackageFrameworks"
2026-04-22T16:45:07.6362250Z ignoring duplicate directory "/Users/runner/work/tcm-storage-ios/tcm-storage-ios/build/Build/Products/Debug-iphonesimulator/PackageFrameworks"
2026-04-22T16:45:07.6362770Z ignoring duplicate directory "/Users/runner/work/tcm-storage-ios/tcm-storage-ios/build/Build/Products/Debug-iphonesimulator/PackageFrameworks"
2026-04-22T16:45:07.6363290Z ignoring duplicate directory "/Users/runner/work/tcm-storage-ios/tcm-storage-ios/build/Build/Products/Debug-iphonesimulator/PackageFrameworks"
2026-04-22T16:45:07.6363990Z ignoring duplicate directory "/Users/runner/work/tcm-storage-ios/tcm-storage-ios/build/Build/Products/Debug-iphonesimulator/PackageFrameworks"
2026-04-22T16:45:07.6364500Z ignoring duplicate directory "/Users/runner/work/tcm-storage-ios/tcm-storage-ios/build/Build/Products/Debug-iphonesimulator/PackageFrameworks"
2026-04-22T16:45:07.6365030Z ignoring duplicate directory "/Users/runner/work/tcm-storage-ios/tcm-storage-ios/build/Build/Products/Debug-iphonesimulator/PackageFrameworks"
2026-04-22T16:45:07.6365680Z ignoring duplicate directory "/Users/runner/work/tcm-storage-ios/tcm-storage-ios/build/Build/Products/Debug-iphonesimulator/PackageFrameworks"
2026-04-22T16:45:07.6376680Z ignoring duplicate directory "/Users/runner/work/tcm-storage-ios/tcm-storage-ios/build/Build/Products/Debug-iphonesimulator/PackageFrameworks"
2026-04-22T16:45:07.6379850Z ignoring duplicate directory "/Users/runner/work/tcm-storage-ios/tcm-storage-ios/build/Build/Products/Debug-iphonesimulator/PackageFrameworks"
2026-04-22T16:45:07.6380670Z ignoring duplicate directory "/Users/runner/work/tcm-storage-ios/tcm-storage-ios/build/Build/Products/Debug-iphonesimulator/PackageFrameworks"
2026-04-22T16:45:07.6381240Z ignoring duplicate directory "/Users/runner/work/tcm-storage-ios/tcm-storage-ios/build/Build/Products/Debug-iphonesimulator/PackageFrameworks"
2026-04-22T16:45:07.6381740Z ignoring duplicate directory "/Users/runner/work/tcm-storage-ios/tcm-storage-ios/build/Build/Products/Debug-iphonesimulator/PackageFrameworks"
2026-04-22T16:45:07.6383850Z ignoring duplicate directory "/Users/runner/work/tcm-storage-ios/tcm-storage-ios/build/Build/Products/Debug-iphonesimulator/PackageFrameworks"
2026-04-22T16:45:07.6385150Z ignoring duplicate directory "/Users/runner/work/tcm-storage-ios/tcm-storage-ios/build/Build/Products/Debug-iphonesimulator/PackageFrameworks"
2026-04-22T16:45:07.6385640Z ignoring duplicate directory "/Users/runner/work/tcm-storage-ios/tcm-storage-ios/build/Build/Products/Debug-iphonesimulator/PackageFrameworks"
2026-04-22T16:45:07.6386140Z ignoring duplicate directory "/Users/runner/work/tcm-storage-ios/tcm-storage-ios/build/Build/Products/Debug-iphonesimulator/PackageFrameworks"
2026-04-22T16:45:07.6386690Z ignoring duplicate directory "/Users/runner/work/tcm-storage-ios/tcm-storage-ios/build/Build/Products/Debug-iphonesimulator/PackageFrameworks"
2026-04-22T16:45:07.6388230Z ignoring duplicate directory "/Users/runner/work/tcm-storage-ios/tcm-storage-ios/build/Build/Products/Debug-iphonesimulator/PackageFrameworks"
2026-04-22T16:45:07.6388810Z ignoring duplicate directory "/Users/runner/work/tcm-storage-ios/tcm-storage-ios/build/Build/Products/Debug-iphonesimulator/PackageFrameworks"
2026-04-22T16:45:07.6389300Z ignoring duplicate directory "/Users/runner/work/tcm-storage-ios/tcm-storage-ios/build/Build/Products/Debug-iphonesimulator/PackageFrameworks"
2026-04-22T16:45:07.6389860Z ignoring duplicate directory "/Users/runner/work/tcm-storage-ios/tcm-storage-ios/build/Build/Products/Debug-iphonesimulator/PackageFrameworks"
2026-04-22T16:45:07.6390340Z ignoring duplicate directory "/Users/runner/work/tcm-storage-ios/tcm-storage-ios/build/Build/Products/Debug-iphonesimulator/PackageFrameworks"
2026-04-22T16:45:07.6390870Z ignoring duplicate directory "/Users/runner/work/tcm-storage-ios/tcm-storage-ios/build/Build/Products/Debug-iphonesimulator/PackageFrameworks"
2026-04-22T16:45:07.6391560Z ignoring duplicate directory "/Users/runner/work/tcm-storage-ios/tcm-storage-ios/build/Build/Products/Debug-iphonesimulator/PackageFrameworks"
2026-04-22T16:45:07.6393500Z ignoring duplicate directory "/Users/runner/work/tcm-storage-ios/tcm-storage-ios/build/Build/Products/Debug-iphonesimulator/PackageFrameworks"
2026-04-22T16:45:07.6395190Z ignoring duplicate directory "/Users/runner/work/tcm-storage-ios/tcm-storage-ios/build/Build/Products/Debug-iphonesimulator/PackageFrameworks"
2026-04-22T16:45:07.6395450Z #include "..." search starts here:
2026-04-22T16:45:07.6396100Z  /Users/runner/work/tcm-storage-ios/tcm-storage-ios/build/Build/Intermediates.noindex/Nextcloud.build/Debug-iphonesimulator/Nextcloud.build/Nextcloud-generated-files.hmap (headermap)
2026-04-22T16:45:07.6396770Z  /Users/runner/work/tcm-storage-ios/tcm-storage-ios/build/Build/Intermediates.noindex/Nextcloud.build/Debug-iphonesimulator/Nextcloud.build/Nextcloud-project-headers.hmap (headermap)
2026-04-22T16:45:07.6397020Z #include <...> search starts here:
2026-04-22T16:45:07.6397790Z  /Users/runner/work/tcm-storage-ios/tcm-storage-ios/build/Build/Intermediates.noindex/Nextcloud.build/Debug-iphonesimulator/Nextcloud.build/Nextcloud-own-target-headers.hmap (headermap)
2026-04-22T16:45:07.6398640Z  /Users/runner/work/tcm-storage-ios/tcm-storage-ios/build/Build/Intermediates.noindex/Nextcloud.build/Debug-iphonesimulator/Nextcloud.build/Nextcloud-all-non-framework-target-headers.hmap (headermap)
2026-04-22T16:45:07.6399120Z  /Users/runner/work/tcm-storage-ios/tcm-storage-ios/build/SourcePackages/checkouts/swift-nio-ssl/Sources/CNIOBoringSSLShims/include
2026-04-22T16:45:07.6399680Z  /Users/runner/work/tcm-storage-ios/tcm-storage-ios/build/SourcePackages/checkouts/swift-nio-ssl/Sources/CNIOBoringSSL/include
2026-04-22T16:45:07.6400190Z  /Users/runner/work/tcm-storage-ios/tcm-storage-ios/build/SourcePackages/checkouts/swift-atomics/Sources/_AtomicsShims/include
2026-04-22T16:45:07.6400570Z  /Users/runner/work/tcm-storage-ios/tcm-storage-ios/build/SourcePackages/checkouts/swift-nio/Sources/CNIOPosix/include
2026-04-22T16:45:07.6400950Z  /Users/runner/work/tcm-storage-ios/tcm-storage-ios/build/SourcePackages/checkouts/swift-nio/Sources/CNIOWASI/include
2026-04-22T16:45:07.6401330Z  /Users/runner/work/tcm-storage-ios/tcm-storage-ios/build/SourcePackages/checkouts/swift-nio/Sources/CNIOWindows/include
2026-04-22T16:45:07.6401700Z  /Users/runner/work/tcm-storage-ios/tcm-storage-ios/build/SourcePackages/checkouts/swift-nio/Sources/CNIOLinux/include
2026-04-22T16:45:07.6402090Z  /Users/runner/work/tcm-storage-ios/tcm-storage-ios/build/SourcePackages/checkouts/swift-nio/Sources/CNIODarwin/include
2026-04-22T16:45:07.6402470Z  /Users/runner/work/tcm-storage-ios/tcm-storage-ios/build/SourcePackages/checkouts/swift-nio/Sources/CNIOOpenBSD/include
2026-04-22T16:45:07.6402850Z  /Users/runner/work/tcm-storage-ios/tcm-storage-ios/build/SourcePackages/checkouts/swift-nio/Sources/CNIOAtomics/include
2026-04-22T16:45:07.6403170Z  /Users/runner/work/tcm-storage-ios/tcm-storage-ios/build/SourcePackages/checkouts/realm-core/src
2026-04-22T16:45:07.6403530Z  /Users/runner/work/tcm-storage-ios/tcm-storage-ios/build/SourcePackages/checkouts/realm-core/src/external/s2
2026-04-22T16:45:07.6403970Z  /Users/runner/work/tcm-storage-ios/tcm-storage-ios/build/SourcePackages/checkouts/realm-core/src/external/IntelRDFPMathLib20U2/LIBRARY/src
2026-04-22T16:45:07.6404310Z  /Users/runner/work/tcm-storage-ios/tcm-storage-ios/build/SourcePackages/checkouts/realm-core/src/spm
2026-04-22T16:45:07.6404650Z  /Users/runner/work/tcm-storage-ios/tcm-storage-ios/build/SourcePackages/checkouts/realm-swift/include
2026-04-22T16:45:07.6405090Z  /Users/runner/work/tcm-storage-ios/tcm-storage-ios/build/SourcePackages/checkouts/GoogleUtilities/GoogleUtilities/NSData+zlib/Public
2026-04-22T16:45:07.6405500Z  /Users/runner/work/tcm-storage-ios/tcm-storage-ios/build/SourcePackages/checkouts/GoogleUtilities/GoogleUtilities/Logger/Public
2026-04-22T16:45:07.6405930Z  /Users/runner/work/tcm-storage-ios/tcm-storage-ios/build/SourcePackages/checkouts/GoogleUtilities/GoogleUtilities/Environment/Public
2026-04-22T16:45:07.6406440Z  /Users/runner/work/tcm-storage-ios/tcm-storage-ios/build/SourcePackages/checkouts/GoogleUtilities/third_party/IsAppEncrypted/Public
2026-04-22T16:45:07.6406870Z  /Users/runner/work/tcm-storage-ios/tcm-storage-ios/build/SourcePackages/checkouts/GoogleUtilities/GoogleUtilities/UserDefaults/Public
2026-04-22T16:45:07.6407210Z  /Users/runner/work/tcm-storage-ios/tcm-storage-ios/build/SourcePackages/checkouts/nanopb/spm_headers
2026-04-22T16:45:07.6407620Z  /Users/runner/work/tcm-storage-ios/tcm-storage-ios/build/SourcePackages/checkouts/promises/Sources/FBLPromises/include
2026-04-22T16:45:07.6408090Z  /Users/runner/work/tcm-storage-ios/tcm-storage-ios/build/SourcePackages/checkouts/GoogleDataTransport/GoogleDataTransport/GDTCORLibrary/Public
2026-04-22T16:45:07.6408510Z  /Users/runner/work/tcm-storage-ios/tcm-storage-ios/build/SourcePackages/checkouts/firebase-ios-sdk/FirebaseSessions/SourcesObjC
2026-04-22T16:45:07.6414680Z  /Users/runner/work/tcm-storage-ios/tcm-storage-ios/build/SourcePackages/checkouts/firebase-ios-sdk/FirebaseCore/Extension
2026-04-22T16:45:07.6420470Z  /Users/runner/work/tcm-storage-ios/tcm-storage-ios/build/SourcePackages/checkouts/firebase-ios-sdk/FirebaseInstallations/Source/Library/Public
2026-04-22T16:45:07.6421320Z  /Users/runner/work/tcm-storage-ios/tcm-storage-ios/build/SourcePackages/checkouts/firebase-ios-sdk/FirebaseCore/Sources/Public
2026-04-22T16:45:07.6421710Z  /Users/runner/work/tcm-storage-ios/tcm-storage-ios/build/SourcePackages/checkouts/firebase-ios-sdk/CoreOnly/Sources
2026-04-22T16:45:07.6422440Z  /Users/runner/work/tcm-storage-ios/tcm-storage-ios/build/SourcePackages/checkouts/firebase-ios-sdk/Crashlytics/Crashlytics/Public
2026-04-22T16:45:07.6422960Z  /Users/runner/work/tcm-storage-ios/tcm-storage-ios/build/SourcePackages/checkouts/GzipSwift/Sources/system-zlib/include
2026-04-22T16:45:07.6423570Z  /Users/runner/work/tcm-storage-ios/tcm-storage-ios/build/Build/Intermediates.noindex/Nextcloud.build/Debug-iphonesimulator/Nextcloud.build/DerivedSources
2026-04-22T16:45:07.6424010Z  /Users/runner/work/tcm-storage-ios/tcm-storage-ios/build/Build/Products/Debug-iphonesimulator/PackageFrameworks (framework directory)
2026-04-22T16:45:07.6424380Z  /Users/runner/work/tcm-storage-ios/tcm-storage-ios/build/Build/Products/Debug-iphonesimulator (framework directory)
2026-04-22T16:45:07.6424800Z  /Applications/Xcode_26.2.app/Contents/Developer/Platforms/iPhoneSimulator.platform/Developer/Library/Frameworks (framework directory)
2026-04-22T16:45:07.6425360Z  /Applications/Xcode_26.2.app/Contents/Developer/Platforms/iPhoneSimulator.platform/Developer/SDKs/iPhoneSimulator26.2.sdk/Developer/Library/Frameworks (framework directory)
2026-04-22T16:45:07.6429500Z  /Applications/Xcode_26.2.app/Contents/Developer/Toolchains/XcodeDefault.xctoolchain/usr/lib/clang/17/include
2026-04-22T16:45:07.6430870Z  /Applications/Xcode_26.2.app/Contents/Developer/Platforms/iPhoneSimulator.platform/Developer/SDKs/iPhoneSimulator26.2.sdk/usr/include
2026-04-22T16:45:07.6432610Z  /Applications/Xcode_26.2.app/Contents/Developer/Toolchains/XcodeDefault.xctoolchain/usr/include
2026-04-22T16:45:07.6433180Z  /Applications/Xcode_26.2.app/Contents/Developer/Platforms/iPhoneSimulator.platform/Developer/SDKs/iPhoneSimulator26.2.sdk/System/Library/Frameworks (framework directory)
2026-04-22T16:45:07.6433880Z  /Applications/Xcode_26.2.app/Contents/Developer/Platforms/iPhoneSimulator.platform/Developer/SDKs/iPhoneSimulator26.2.sdk/System/Library/SubFrameworks (framework directory)
2026-04-22T16:45:07.6434040Z End of search list.
2026-04-22T16:45:07.6695970Z clang -cc1 version 17.0.0 (clang-1700.6.3.2) default target arm64-apple-darwin24.6.0
2026-04-22T16:45:07.6726880Z ignoring nonexistent directory "/Users/runner/work/tcm-storage-ios/tcm-storage-ios/build/Build/Products/Debug-iphonesimulator/include"
2026-04-22T16:45:07.6727840Z ignoring nonexistent directory "/Users/runner/work/tcm-storage-ios/tcm-storage-ios/build/Build/Intermediates.noindex/Nextcloud.build/Debug-iphonesimulator/Nextcloud.build/DerivedSources-normal/arm64"
2026-04-22T16:45:07.6739340Z ignoring nonexistent directory "/Users/runner/work/tcm-storage-ios/tcm-storage-ios/build/Build/Intermediates.noindex/Nextcloud.build/Debug-iphonesimulator/Nextcloud.build/DerivedSources/arm64"
2026-04-22T16:45:07.6741550Z ignoring nonexistent directory "/Applications/Xcode_26.2.app/Contents/Developer/Platforms/iPhoneSimulator.platform/Developer/SDKs/iPhoneSimulator26.2.sdk/usr/local/include"
2026-04-22T16:45:07.6881540Z ignoring nonexistent directory "/Applications/Xcode_26.2.app/Contents/Developer/Platforms/iPhoneSimulator.platform/Developer/SDKs/iPhoneSimulator26.2.sdk/Library/Frameworks"
2026-04-22T16:45:07.6891220Z ignoring duplicate directory "/Users/runner/work/tcm-storage-ios/tcm-storage-ios/build/Build/Products/Debug-iphonesimulator/PackageFrameworks"
2026-04-22T16:45:07.6908220Z ignoring duplicate directory "/Users/runner/work/tcm-storage-ios/tcm-storage-ios/build/Build/Products/Debug-iphonesimulator/PackageFrameworks"
2026-04-22T16:45:07.6930620Z ignoring duplicate directory "/Users/runner/work/tcm-storage-ios/tcm-storage-ios/build/Build/Products/Debug-iphonesimulator/PackageFrameworks"
2026-04-22T16:45:07.6935660Z ignoring duplicate directory "/Users/runner/work/tcm-storage-ios/tcm-storage-ios/build/Build/Products/Debug-iphonesimulator/PackageFrameworks"
2026-04-22T16:45:07.6937130Z ignoring duplicate directory "/Users/runner/work/tcm-storage-ios/tcm-storage-ios/build/Build/Products/Debug-iphonesimulator/PackageFrameworks"
2026-04-22T16:45:07.6939500Z ignoring duplicate directory "/Users/runner/work/tcm-storage-ios/tcm-storage-ios/build/Build/Products/Debug-iphonesimulator/PackageFrameworks"
2026-04-22T16:45:07.6941040Z ignoring duplicate directory "/Users/runner/work/tcm-storage-ios/tcm-storage-ios/build/Build/Products/Debug-iphonesimulator/PackageFrameworks"
2026-04-22T16:45:07.6942330Z ignoring duplicate directory "/Users/runner/work/tcm-storage-ios/tcm-storage-ios/build/Build/Products/Debug-iphonesimulator/PackageFrameworks"
2026-04-22T16:45:07.6943690Z ignoring duplicate directory "/Users/runner/work/tcm-storage-ios/tcm-storage-ios/build/Build/Products/Debug-iphonesimulator/PackageFrameworks"
2026-04-22T16:45:07.6944740Z ignoring duplicate directory "/Users/runner/work/tcm-storage-ios/tcm-storage-ios/build/Build/Products/Debug-iphonesimulator/PackageFrameworks"
2026-04-22T16:45:07.6945750Z ignoring duplicate directory "/Users/runner/work/tcm-storage-ios/tcm-storage-ios/build/Build/Products/Debug-iphonesimulator/PackageFrameworks"
2026-04-22T16:45:07.6946730Z ignoring duplicate directory "/Users/runner/work/tcm-storage-ios/tcm-storage-ios/build/Build/Products/Debug-iphonesimulator/PackageFrameworks"
2026-04-22T16:45:07.6947920Z ignoring duplicate directory "/Users/runner/work/tcm-storage-ios/tcm-storage-ios/build/Build/Products/Debug-iphonesimulator/PackageFrameworks"
2026-04-22T16:45:07.6948950Z ignoring duplicate directory "/Users/runner/work/tcm-storage-ios/tcm-storage-ios/build/Build/Products/Debug-iphonesimulator/PackageFrameworks"
2026-04-22T16:45:07.6950310Z ignoring duplicate directory "/Users/runner/work/tcm-storage-ios/tcm-storage-ios/build/Build/Products/Debug-iphonesimulator/PackageFrameworks"
2026-04-22T16:45:07.6950750Z ignoring duplicate directory "/Users/runner/work/tcm-storage-ios/tcm-storage-ios/build/Build/Products/Debug-iphonesimulator/PackageFrameworks"
2026-04-22T16:45:07.6951230Z ignoring duplicate directory "/Users/runner/work/tcm-storage-ios/tcm-storage-ios/build/Build/Products/Debug-iphonesimulator/PackageFrameworks"
2026-04-22T16:45:07.6953490Z ignoring duplicate directory "/Users/runner/work/tcm-storage-ios/tcm-storage-ios/build/Build/Products/Debug-iphonesimulator/PackageFrameworks"
2026-04-22T16:45:07.6953910Z ignoring duplicate directory "/Users/runner/work/tcm-storage-ios/tcm-storage-ios/build/Build/Products/Debug-iphonesimulator/PackageFrameworks"
2026-04-22T16:45:07.6954250Z ignoring duplicate directory "/Users/runner/work/tcm-storage-ios/tcm-storage-ios/build/Build/Products/Debug-iphonesimulator/PackageFrameworks"
2026-04-22T16:45:07.6954860Z ignoring duplicate directory "/Users/runner/work/tcm-storage-ios/tcm-storage-ios/build/Build/Products/Debug-iphonesimulator/PackageFrameworks"
2026-04-22T16:45:07.6955210Z ignoring duplicate directory "/Users/runner/work/tcm-storage-ios/tcm-storage-ios/build/Build/Products/Debug-iphonesimulator/PackageFrameworks"
2026-04-22T16:45:07.6955550Z ignoring duplicate directory "/Users/runner/work/tcm-storage-ios/tcm-storage-ios/build/Build/Products/Debug-iphonesimulator/PackageFrameworks"
2026-04-22T16:45:07.6955910Z ignoring duplicate directory "/Users/runner/work/tcm-storage-ios/tcm-storage-ios/build/Build/Products/Debug-iphonesimulator/PackageFrameworks"
2026-04-22T16:45:07.6956250Z ignoring duplicate directory "/Users/runner/work/tcm-storage-ios/tcm-storage-ios/build/Build/Products/Debug-iphonesimulator/PackageFrameworks"
2026-04-22T16:45:07.6956600Z ignoring duplicate directory "/Users/runner/work/tcm-storage-ios/tcm-storage-ios/build/Build/Products/Debug-iphonesimulator/PackageFrameworks"
2026-04-22T16:45:07.6957040Z ignoring duplicate directory "/Users/runner/work/tcm-storage-ios/tcm-storage-ios/build/Build/Products/Debug-iphonesimulator/PackageFrameworks"
2026-04-22T16:45:07.6957380Z ignoring duplicate directory "/Users/runner/work/tcm-storage-ios/tcm-storage-ios/build/Build/Products/Debug-iphonesimulator/PackageFrameworks"
2026-04-22T16:45:07.6957730Z ignoring duplicate directory "/Users/runner/work/tcm-storage-ios/tcm-storage-ios/build/Build/Products/Debug-iphonesimulator/PackageFrameworks"
2026-04-22T16:45:07.6958180Z ignoring duplicate directory "/Users/runner/work/tcm-storage-ios/tcm-storage-ios/build/Build/Products/Debug-iphonesimulator/PackageFrameworks"
2026-04-22T16:45:07.6958590Z ignoring duplicate directory "/Users/runner/work/tcm-storage-ios/tcm-storage-ios/build/Build/Products/Debug-iphonesimulator/PackageFrameworks"
2026-04-22T16:45:07.6958930Z ignoring duplicate directory "/Users/runner/work/tcm-storage-ios/tcm-storage-ios/build/Build/Products/Debug-iphonesimulator/PackageFrameworks"
2026-04-22T16:45:07.6959270Z ignoring duplicate directory "/Users/runner/work/tcm-storage-ios/tcm-storage-ios/build/Build/Products/Debug-iphonesimulator/PackageFrameworks"
2026-04-22T16:45:07.6959600Z ignoring duplicate directory "/Users/runner/work/tcm-storage-ios/tcm-storage-ios/build/Build/Products/Debug-iphonesimulator/PackageFrameworks"
2026-04-22T16:45:07.6959930Z ignoring duplicate directory "/Users/runner/work/tcm-storage-ios/tcm-storage-ios/build/Build/Products/Debug-iphonesimulator/PackageFrameworks"
2026-04-22T16:45:07.6960290Z ignoring duplicate directory "/Users/runner/work/tcm-storage-ios/tcm-storage-ios/build/Build/Products/Debug-iphonesimulator/PackageFrameworks"
2026-04-22T16:45:07.6960620Z ignoring duplicate directory "/Users/runner/work/tcm-storage-ios/tcm-storage-ios/build/Build/Products/Debug-iphonesimulator/PackageFrameworks"
2026-04-22T16:45:07.6960950Z ignoring duplicate directory "/Users/runner/work/tcm-storage-ios/tcm-storage-ios/build/Build/Products/Debug-iphonesimulator/PackageFrameworks"
2026-04-22T16:45:07.6961290Z ignoring duplicate directory "/Users/runner/work/tcm-storage-ios/tcm-storage-ios/build/Build/Products/Debug-iphonesimulator/PackageFrameworks"
2026-04-22T16:45:07.6961650Z ignoring duplicate directory "/Users/runner/work/tcm-storage-ios/tcm-storage-ios/build/Build/Products/Debug-iphonesimulator/PackageFrameworks"
2026-04-22T16:45:07.6961990Z ignoring duplicate directory "/Users/runner/work/tcm-storage-ios/tcm-storage-ios/build/Build/Products/Debug-iphonesimulator/PackageFrameworks"
2026-04-22T16:45:07.6962350Z ignoring duplicate directory "/Users/runner/work/tcm-storage-ios/tcm-storage-ios/build/Build/Products/Debug-iphonesimulator/PackageFrameworks"
2026-04-22T16:45:07.6962840Z ignoring duplicate directory "/Users/runner/work/tcm-storage-ios/tcm-storage-ios/build/Build/Products/Debug-iphonesimulator/PackageFrameworks"
2026-04-22T16:45:07.6963350Z ignoring duplicate directory "/Users/runner/work/tcm-storage-ios/tcm-storage-ios/build/Build/Products/Debug-iphonesimulator/PackageFrameworks"
2026-04-22T16:45:07.6963840Z ignoring duplicate directory "/Users/runner/work/tcm-storage-ios/tcm-storage-ios/build/Build/Products/Debug-iphonesimulator/PackageFrameworks"
2026-04-22T16:45:07.6964200Z ignoring duplicate directory "/Users/runner/work/tcm-storage-ios/tcm-storage-ios/build/Build/Products/Debug-iphonesimulator/PackageFrameworks"
2026-04-22T16:45:07.6964560Z ignoring duplicate directory "/Users/runner/work/tcm-storage-ios/tcm-storage-ios/build/Build/Products/Debug-iphonesimulator/PackageFrameworks"
2026-04-22T16:45:07.6966110Z ignoring duplicate directory "/Users/runner/work/tcm-storage-ios/tcm-storage-ios/build/Build/Products/Debug-iphonesimulator/PackageFrameworks"
2026-04-22T16:45:07.6967210Z ignoring duplicate directory "/Users/runner/work/tcm-storage-ios/tcm-storage-ios/build/Build/Products/Debug-iphonesimulator/PackageFrameworks"
2026-04-22T16:45:07.6968210Z ignoring duplicate directory "/Users/runner/work/tcm-storage-ios/tcm-storage-ios/build/Build/Products/Debug-iphonesimulator/PackageFrameworks"
2026-04-22T16:45:07.6969570Z ignoring duplicate directory "/Users/runner/work/tcm-storage-ios/tcm-storage-ios/build/Build/Products/Debug-iphonesimulator/PackageFrameworks"
2026-04-22T16:45:07.6970560Z ignoring duplicate directory "/Users/runner/work/tcm-storage-ios/tcm-storage-ios/build/Build/Products/Debug-iphonesimulator/PackageFrameworks"
2026-04-22T16:45:07.6974090Z ignoring duplicate directory "/Users/runner/work/tcm-storage-ios/tcm-storage-ios/build/Build/Products/Debug-iphonesimulator/PackageFrameworks"
2026-04-22T16:45:07.6975360Z ignoring duplicate directory "/Users/runner/work/tcm-storage-ios/tcm-storage-ios/build/Build/Products/Debug-iphonesimulator/PackageFrameworks"
2026-04-22T16:45:07.6976840Z ignoring duplicate directory "/Users/runner/work/tcm-storage-ios/tcm-storage-ios/build/Build/Products/Debug-iphonesimulator/PackageFrameworks"
2026-04-22T16:45:07.6978080Z ignoring duplicate directory "/Users/runner/work/tcm-storage-ios/tcm-storage-ios/build/Build/Products/Debug-iphonesimulator/PackageFrameworks"
2026-04-22T16:45:07.6979080Z ignoring duplicate directory "/Users/runner/work/tcm-storage-ios/tcm-storage-ios/build/Build/Products/Debug-iphonesimulator/PackageFrameworks"
2026-04-22T16:45:07.6980040Z ignoring duplicate directory "/Users/runner/work/tcm-storage-ios/tcm-storage-ios/build/Build/Products/Debug-iphonesimulator/PackageFrameworks"
2026-04-22T16:45:07.6981020Z ignoring duplicate directory "/Users/runner/work/tcm-storage-ios/tcm-storage-ios/build/Build/Products/Debug-iphonesimulator/PackageFrameworks"
2026-04-22T16:45:07.6982380Z ignoring duplicate directory "/Users/runner/work/tcm-storage-ios/tcm-storage-ios/build/Build/Products/Debug-iphonesimulator/PackageFrameworks"
2026-04-22T16:45:07.6983330Z ignoring duplicate directory "/Users/runner/work/tcm-storage-ios/tcm-storage-ios/build/Build/Products/Debug-iphonesimulator/PackageFrameworks"
2026-04-22T16:45:07.6984280Z ignoring duplicate directory "/Users/runner/work/tcm-storage-ios/tcm-storage-ios/build/Build/Products/Debug-iphonesimulator/PackageFrameworks"
2026-04-22T16:45:07.6985240Z ignoring duplicate directory "/Users/runner/work/tcm-storage-ios/tcm-storage-ios/build/Build/Products/Debug-iphonesimulator/PackageFrameworks"
2026-04-22T16:45:07.6986220Z ignoring duplicate directory "/Users/runner/work/tcm-storage-ios/tcm-storage-ios/build/Build/Products/Debug-iphonesimulator/PackageFrameworks"
2026-04-22T16:45:07.6993980Z ignoring duplicate directory "/Users/runner/work/tcm-storage-ios/tcm-storage-ios/build/Build/Products/Debug-iphonesimulator/PackageFrameworks"
2026-04-22T16:45:07.6994980Z ignoring duplicate directory "/Users/runner/work/tcm-storage-ios/tcm-storage-ios/build/Build/Products/Debug-iphonesimulator/PackageFrameworks"
2026-04-22T16:45:07.6998920Z ignoring duplicate directory "/Users/runner/work/tcm-storage-ios/tcm-storage-ios/build/Build/Products/Debug-iphonesimulator/PackageFrameworks"
2026-04-22T16:45:07.7000470Z ignoring duplicate directory "/Users/runner/work/tcm-storage-ios/tcm-storage-ios/build/Build/Products/Debug-iphonesimulator/PackageFrameworks"
2026-04-22T16:45:07.7001420Z ignoring duplicate directory "/Users/runner/work/tcm-storage-ios/tcm-storage-ios/build/Build/Products/Debug-iphonesimulator/PackageFrameworks"
2026-04-22T16:45:07.7002370Z ignoring duplicate directory "/Users/runner/work/tcm-storage-ios/tcm-storage-ios/build/Build/Products/Debug-iphonesimulator/PackageFrameworks"
2026-04-22T16:45:07.7003320Z ignoring duplicate directory "/Users/runner/work/tcm-storage-ios/tcm-storage-ios/build/Build/Products/Debug-iphonesimulator/PackageFrameworks"
2026-04-22T16:45:07.7004270Z ignoring duplicate directory "/Users/runner/work/tcm-storage-ios/tcm-storage-ios/build/Build/Products/Debug-iphonesimulator/PackageFrameworks"
2026-04-22T16:45:07.7005240Z ignoring duplicate directory "/Users/runner/work/tcm-storage-ios/tcm-storage-ios/build/Build/Products/Debug-iphonesimulator/PackageFrameworks"
2026-04-22T16:45:07.7006220Z ignoring duplicate directory "/Users/runner/work/tcm-storage-ios/tcm-storage-ios/build/Build/Products/Debug-iphonesimulator/PackageFrameworks"
2026-04-22T16:45:07.7007380Z ignoring duplicate directory "/Users/runner/work/tcm-storage-ios/tcm-storage-ios/build/Build/Products/Debug-iphonesimulator/PackageFrameworks"
2026-04-22T16:45:07.7008370Z ignoring duplicate directory "/Users/runner/work/tcm-storage-ios/tcm-storage-ios/build/Build/Products/Debug-iphonesimulator/PackageFrameworks"
2026-04-22T16:45:07.7008550Z #include "..." search starts here:
2026-04-22T16:45:07.7010400Z  /Users/runner/work/tcm-storage-ios/tcm-storage-ios/build/Build/Intermediates.noindex/Nextcloud.build/Debug-iphonesimulator/Nextcloud.build/Nextcloud-generated-files.hmap (headermap)
2026-04-22T16:45:07.7012070Z  /Users/runner/work/tcm-storage-ios/tcm-storage-ios/build/Build/Intermediates.noindex/Nextcloud.build/Debug-iphonesimulator/Nextcloud.build/Nextcloud-project-headers.hmap (headermap)
2026-04-22T16:45:07.7012270Z #include <...> search starts here:
2026-04-22T16:45:07.7013630Z  /Users/runner/work/tcm-storage-ios/tcm-storage-ios/build/Build/Intermediates.noindex/Nextcloud.build/Debug-iphonesimulator/Nextcloud.build/Nextcloud-own-target-headers.hmap (headermap)
2026-04-22T16:45:07.7015130Z  /Users/runner/work/tcm-storage-ios/tcm-storage-ios/build/Build/Intermediates.noindex/Nextcloud.build/Debug-iphonesimulator/Nextcloud.build/Nextcloud-all-non-framework-target-headers.hmap (headermap)
2026-04-22T16:45:07.7016050Z  /Users/runner/work/tcm-storage-ios/tcm-storage-ios/build/SourcePackages/checkouts/swift-nio-ssl/Sources/CNIOBoringSSLShims/include
2026-04-22T16:45:07.7016910Z  /Users/runner/work/tcm-storage-ios/tcm-storage-ios/build/SourcePackages/checkouts/swift-nio-ssl/Sources/CNIOBoringSSL/include
2026-04-22T16:45:07.7017980Z  /Users/runner/work/tcm-storage-ios/tcm-storage-ios/build/SourcePackages/checkouts/swift-atomics/Sources/_AtomicsShims/include
2026-04-22T16:45:07.7019310Z  /Users/runner/work/tcm-storage-ios/tcm-storage-ios/build/SourcePackages/checkouts/swift-nio/Sources/CNIOPosix/include
2026-04-22T16:45:07.7020120Z  /Users/runner/work/tcm-storage-ios/tcm-storage-ios/build/SourcePackages/checkouts/swift-nio/Sources/CNIOWASI/include
2026-04-22T16:45:07.7021140Z  /Users/runner/work/tcm-storage-ios/tcm-storage-ios/build/SourcePackages/checkouts/swift-nio/Sources/CNIOWindows/include
2026-04-22T16:45:07.7021500Z  /Users/runner/work/tcm-storage-ios/tcm-storage-ios/build/SourcePackages/checkouts/swift-nio/Sources/CNIOLinux/include
2026-04-22T16:45:07.7021780Z  /Users/runner/work/tcm-storage-ios/tcm-storage-ios/build/SourcePackages/checkouts/swift-nio/Sources/CNIODarwin/include
2026-04-22T16:45:07.7022060Z  /Users/runner/work/tcm-storage-ios/tcm-storage-ios/build/SourcePackages/checkouts/swift-nio/Sources/CNIOOpenBSD/include
2026-04-22T16:45:07.7022340Z  /Users/runner/work/tcm-storage-ios/tcm-storage-ios/build/SourcePackages/checkouts/swift-nio/Sources/CNIOAtomics/include
2026-04-22T16:45:07.7022550Z  /Users/runner/work/tcm-storage-ios/tcm-storage-ios/build/SourcePackages/checkouts/realm-core/src
2026-04-22T16:45:07.7023160Z  /Users/runner/work/tcm-storage-ios/tcm-storage-ios/build/SourcePackages/checkouts/realm-core/src/external/s2
2026-04-22T16:45:07.7023510Z  /Users/runner/work/tcm-storage-ios/tcm-storage-ios/build/SourcePackages/checkouts/realm-core/src/external/IntelRDFPMathLib20U2/LIBRARY/src
2026-04-22T16:45:07.7023740Z  /Users/runner/work/tcm-storage-ios/tcm-storage-ios/build/SourcePackages/checkouts/realm-core/src/spm
2026-04-22T16:45:07.7023970Z  /Users/runner/work/tcm-storage-ios/tcm-storage-ios/build/SourcePackages/checkouts/realm-swift/include
2026-04-22T16:45:07.7024300Z  /Users/runner/work/tcm-storage-ios/tcm-storage-ios/build/SourcePackages/checkouts/GoogleUtilities/GoogleUtilities/NSData+zlib/Public
2026-04-22T16:45:07.7024610Z  /Users/runner/work/tcm-storage-ios/tcm-storage-ios/build/SourcePackages/checkouts/GoogleUtilities/GoogleUtilities/Logger/Public
2026-04-22T16:45:07.7024930Z  /Users/runner/work/tcm-storage-ios/tcm-storage-ios/build/SourcePackages/checkouts/GoogleUtilities/GoogleUtilities/Environment/Public
2026-04-22T16:45:07.7025410Z  /Users/runner/work/tcm-storage-ios/tcm-storage-ios/build/SourcePackages/checkouts/GoogleUtilities/third_party/IsAppEncrypted/Public
2026-04-22T16:45:07.7025750Z  /Users/runner/work/tcm-storage-ios/tcm-storage-ios/build/SourcePackages/checkouts/GoogleUtilities/GoogleUtilities/UserDefaults/Public
2026-04-22T16:45:07.7025980Z  /Users/runner/work/tcm-storage-ios/tcm-storage-ios/build/SourcePackages/checkouts/nanopb/spm_headers
2026-04-22T16:45:07.7026350Z  /Users/runner/work/tcm-storage-ios/tcm-storage-ios/build/SourcePackages/checkouts/promises/Sources/FBLPromises/include
2026-04-22T16:45:07.7026780Z  /Users/runner/work/tcm-storage-ios/tcm-storage-ios/build/SourcePackages/checkouts/GoogleDataTransport/GoogleDataTransport/GDTCORLibrary/Public
2026-04-22T16:45:07.7027090Z  /Users/runner/work/tcm-storage-ios/tcm-storage-ios/build/SourcePackages/checkouts/firebase-ios-sdk/FirebaseSessions/SourcesObjC
2026-04-22T16:45:07.7027470Z  /Users/runner/work/tcm-storage-ios/tcm-storage-ios/build/SourcePackages/checkouts/firebase-ios-sdk/FirebaseCore/Extension
2026-04-22T16:45:07.7027820Z  /Users/runner/work/tcm-storage-ios/tcm-storage-ios/build/SourcePackages/checkouts/firebase-ios-sdk/FirebaseInstallations/Source/Library/Public
2026-04-22T16:45:07.7028130Z  /Users/runner/work/tcm-storage-ios/tcm-storage-ios/build/SourcePackages/checkouts/firebase-ios-sdk/FirebaseCore/Sources/Public
2026-04-22T16:45:07.7029260Z  /Users/runner/work/tcm-storage-ios/tcm-storage-ios/build/SourcePackages/checkouts/firebase-ios-sdk/CoreOnly/Sources
2026-04-22T16:45:07.7030480Z  /Users/runner/work/tcm-storage-ios/tcm-storage-ios/build/SourcePackages/checkouts/firebase-ios-sdk/Crashlytics/Crashlytics/Public
2026-04-22T16:45:07.7031560Z  /Users/runner/work/tcm-storage-ios/tcm-storage-ios/build/SourcePackages/checkouts/GzipSwift/Sources/system-zlib/include
2026-04-22T16:45:07.7053400Z  /Users/runner/work/tcm-storage-ios/tcm-storage-ios/build/Build/Intermediates.noindex/Nextcloud.build/Debug-iphonesimulator/Nextcloud.build/DerivedSources
2026-04-22T16:45:07.7054450Z  /Users/runner/work/tcm-storage-ios/tcm-storage-ios/build/Build/Products/Debug-iphonesimulator/PackageFrameworks (framework directory)
2026-04-22T16:45:07.7055180Z  /Users/runner/work/tcm-storage-ios/tcm-storage-ios/build/Build/Products/Debug-iphonesimulator (framework directory)
2026-04-22T16:45:07.7056970Z  /Applications/Xcode_26.2.app/Contents/Developer/Platforms/iPhoneSimulator.platform/Developer/Library/Frameworks (framework directory)
2026-04-22T16:45:07.7057440Z  /Applications/Xcode_26.2.app/Contents/Developer/Platforms/iPhoneSimulator.platform/Developer/SDKs/iPhoneSimulator26.2.sdk/Developer/Library/Frameworks (framework directory)
2026-04-22T16:45:07.7057700Z  /Applications/Xcode_26.2.app/Contents/Developer/Toolchains/XcodeDefault.xctoolchain/usr/lib/clang/17/include
2026-04-22T16:45:07.7058050Z  /Applications/Xcode_26.2.app/Contents/Developer/Platforms/iPhoneSimulator.platform/Developer/SDKs/iPhoneSimulator26.2.sdk/usr/include
2026-04-22T16:45:07.7058730Z  /Applications/Xcode_26.2.app/Contents/Developer/Toolchains/XcodeDefault.xctoolchain/usr/include
2026-04-22T16:45:07.7059210Z  /Applications/Xcode_26.2.app/Contents/Developer/Platforms/iPhoneSimulator.platform/Developer/SDKs/iPhoneSimulator26.2.sdk/System/Library/Frameworks (framework directory)
2026-04-22T16:45:07.7059680Z  /Applications/Xcode_26.2.app/Contents/Developer/Platforms/iPhoneSimulator.platform/Developer/SDKs/iPhoneSimulator26.2.sdk/System/Library/SubFrameworks (framework directory)
2026-04-22T16:45:07.7059740Z End of search list.
2026-04-22T16:45:07.7792890Z clang -cc1 version 17.0.0 (clang-1700.6.3.2) default target arm64-apple-darwin24.6.0
2026-04-22T16:45:07.7796520Z ignoring nonexistent directory "/Users/runner/work/tcm-storage-ios/tcm-storage-ios/build/Build/Products/Debug-iphonesimulator/include"
2026-04-22T16:45:07.7798610Z ignoring nonexistent directory "/Users/runner/work/tcm-storage-ios/tcm-storage-ios/build/Build/Intermediates.noindex/Nextcloud.build/Debug-iphonesimulator/Nextcloud.build/DerivedSources-normal/arm64"
2026-04-22T16:45:07.7800960Z ignoring nonexistent directory "/Users/runner/work/tcm-storage-ios/tcm-storage-ios/build/Build/Intermediates.noindex/Nextcloud.build/Debug-iphonesimulator/Nextcloud.build/DerivedSources/arm64"
2026-04-22T16:45:07.7802800Z ignoring nonexistent directory "/Applications/Xcode_26.2.app/Contents/Developer/Platforms/iPhoneSimulator.platform/Developer/SDKs/iPhoneSimulator26.2.sdk/usr/local/include"
2026-04-22T16:45:07.7804430Z ignoring nonexistent directory "/Applications/Xcode_26.2.app/Contents/Developer/Platforms/iPhoneSimulator.platform/Developer/SDKs/iPhoneSimulator26.2.sdk/Library/Frameworks"
2026-04-22T16:45:07.7806240Z ignoring duplicate directory "/Users/runner/work/tcm-storage-ios/tcm-storage-ios/build/Build/Products/Debug-iphonesimulator/PackageFrameworks"
2026-04-22T16:45:07.7807480Z ignoring duplicate directory "/Users/runner/work/tcm-storage-ios/tcm-storage-ios/build/Build/Products/Debug-iphonesimulator/PackageFrameworks"
2026-04-22T16:45:07.7811560Z ignoring duplicate directory "/Users/runner/work/tcm-storage-ios/tcm-storage-ios/build/Build/Products/Debug-iphonesimulator/PackageFrameworks"
2026-04-22T16:45:07.7812620Z ignoring duplicate directory "/Users/runner/work/tcm-storage-ios/tcm-storage-ios/build/Build/Products/Debug-iphonesimulator/PackageFrameworks"
2026-04-22T16:45:07.7813600Z ignoring duplicate directory "/Users/runner/work/tcm-storage-ios/tcm-storage-ios/build/Build/Products/Debug-iphonesimulator/PackageFrameworks"
2026-04-22T16:45:07.7814580Z ignoring duplicate directory "/Users/runner/work/tcm-storage-ios/tcm-storage-ios/build/Build/Products/Debug-iphonesimulator/PackageFrameworks"
2026-04-22T16:45:07.7815570Z ignoring duplicate directory "/Users/runner/work/tcm-storage-ios/tcm-storage-ios/build/Build/Products/Debug-iphonesimulator/PackageFrameworks"
2026-04-22T16:45:07.7816860Z ignoring duplicate directory "/Users/runner/work/tcm-storage-ios/tcm-storage-ios/build/Build/Products/Debug-iphonesimulator/PackageFrameworks"
2026-04-22T16:45:07.7818070Z ignoring duplicate directory "/Users/runner/work/tcm-storage-ios/tcm-storage-ios/build/Build/Products/Debug-iphonesimulator/PackageFrameworks"
2026-04-22T16:45:07.7819050Z ignoring duplicate directory "/Users/runner/work/tcm-storage-ios/tcm-storage-ios/build/Build/Products/Debug-iphonesimulator/PackageFrameworks"
2026-04-22T16:45:07.7820000Z ignoring duplicate directory "/Users/runner/work/tcm-storage-ios/tcm-storage-ios/build/Build/Products/Debug-iphonesimulator/PackageFrameworks"
2026-04-22T16:45:07.7820940Z ignoring duplicate directory "/Users/runner/work/tcm-storage-ios/tcm-storage-ios/build/Build/Products/Debug-iphonesimulator/PackageFrameworks"
2026-04-22T16:45:07.7822840Z ignoring duplicate directory "/Users/runner/work/tcm-storage-ios/tcm-storage-ios/build/Build/Products/Debug-iphonesimulator/PackageFrameworks"
2026-04-22T16:45:07.7824360Z ignoring duplicate directory "/Users/runner/work/tcm-storage-ios/tcm-storage-ios/build/Build/Products/Debug-iphonesimulator/PackageFrameworks"
2026-04-22T16:45:07.7849730Z ignoring duplicate directory "/Users/runner/work/tcm-storage-ios/tcm-storage-ios/build/Build/Products/Debug-iphonesimulator/PackageFrameworks"
2026-04-22T16:45:07.7850730Z ignoring duplicate directory "/Users/runner/work/tcm-storage-ios/tcm-storage-ios/build/Build/Products/Debug-iphonesimulator/PackageFrameworks"
2026-04-22T16:45:07.7851680Z ignoring duplicate directory "/Users/runner/work/tcm-storage-ios/tcm-storage-ios/build/Build/Products/Debug-iphonesimulator/PackageFrameworks"
2026-04-22T16:45:07.7852650Z ignoring duplicate directory "/Users/runner/work/tcm-storage-ios/tcm-storage-ios/build/Build/Products/Debug-iphonesimulator/PackageFrameworks"
2026-04-22T16:45:07.7853650Z ignoring duplicate directory "/Users/runner/work/tcm-storage-ios/tcm-storage-ios/build/Build/Products/Debug-iphonesimulator/PackageFrameworks"
2026-04-22T16:45:07.7854610Z ignoring duplicate directory "/Users/runner/work/tcm-storage-ios/tcm-storage-ios/build/Build/Products/Debug-iphonesimulator/PackageFrameworks"
2026-04-22T16:45:07.7861450Z ignoring duplicate directory "/Users/runner/work/tcm-storage-ios/tcm-storage-ios/build/Build/Products/Debug-iphonesimulator/PackageFrameworks"
2026-04-22T16:45:07.7861910Z ignoring duplicate directory "/Users/runner/work/tcm-storage-ios/tcm-storage-ios/build/Build/Products/Debug-iphonesimulator/PackageFrameworks"
2026-04-22T16:45:07.7862270Z ignoring duplicate directory "/Users/runner/work/tcm-storage-ios/tcm-storage-ios/build/Build/Products/Debug-iphonesimulator/PackageFrameworks"
2026-04-22T16:45:07.7862780Z ignoring duplicate directory "/Users/runner/work/tcm-storage-ios/tcm-storage-ios/build/Build/Products/Debug-iphonesimulator/PackageFrameworks"
2026-04-22T16:45:07.7863240Z ignoring duplicate directory "/Users/runner/work/tcm-storage-ios/tcm-storage-ios/build/Build/Products/Debug-iphonesimulator/PackageFrameworks"
2026-04-22T16:45:07.7863600Z ignoring duplicate directory "/Users/runner/work/tcm-storage-ios/tcm-storage-ios/build/Build/Products/Debug-iphonesimulator/PackageFrameworks"
2026-04-22T16:45:07.7863960Z ignoring duplicate directory "/Users/runner/work/tcm-storage-ios/tcm-storage-ios/build/Build/Products/Debug-iphonesimulator/PackageFrameworks"
2026-04-22T16:45:07.7864310Z ignoring duplicate directory "/Users/runner/work/tcm-storage-ios/tcm-storage-ios/build/Build/Products/Debug-iphonesimulator/PackageFrameworks"
2026-04-22T16:45:07.7864670Z ignoring duplicate directory "/Users/runner/work/tcm-storage-ios/tcm-storage-ios/build/Build/Products/Debug-iphonesimulator/PackageFrameworks"
2026-04-22T16:45:07.7865030Z ignoring duplicate directory "/Users/runner/work/tcm-storage-ios/tcm-storage-ios/build/Build/Products/Debug-iphonesimulator/PackageFrameworks"
2026-04-22T16:45:07.7865390Z ignoring duplicate directory "/Users/runner/work/tcm-storage-ios/tcm-storage-ios/build/Build/Products/Debug-iphonesimulator/PackageFrameworks"
2026-04-22T16:45:07.7865740Z ignoring duplicate directory "/Users/runner/work/tcm-storage-ios/tcm-storage-ios/build/Build/Products/Debug-iphonesimulator/PackageFrameworks"
2026-04-22T16:45:07.7866110Z ignoring duplicate directory "/Users/runner/work/tcm-storage-ios/tcm-storage-ios/build/Build/Products/Debug-iphonesimulator/PackageFrameworks"
2026-04-22T16:45:07.7866450Z ignoring duplicate directory "/Users/runner/work/tcm-storage-ios/tcm-storage-ios/build/Build/Products/Debug-iphonesimulator/PackageFrameworks"
2026-04-22T16:45:07.7866810Z ignoring duplicate directory "/Users/runner/work/tcm-storage-ios/tcm-storage-ios/build/Build/Products/Debug-iphonesimulator/PackageFrameworks"
2026-04-22T16:45:07.7867160Z ignoring duplicate directory "/Users/runner/work/tcm-storage-ios/tcm-storage-ios/build/Build/Products/Debug-iphonesimulator/PackageFrameworks"
2026-04-22T16:45:07.7867500Z ignoring duplicate directory "/Users/runner/work/tcm-storage-ios/tcm-storage-ios/build/Build/Products/Debug-iphonesimulator/PackageFrameworks"
2026-04-22T16:45:07.7867840Z ignoring duplicate directory "/Users/runner/work/tcm-storage-ios/tcm-storage-ios/build/Build/Products/Debug-iphonesimulator/PackageFrameworks"
2026-04-22T16:45:07.7868290Z ignoring duplicate directory "/Users/runner/work/tcm-storage-ios/tcm-storage-ios/build/Build/Products/Debug-iphonesimulator/PackageFrameworks"
2026-04-22T16:45:07.7868640Z ignoring duplicate directory "/Users/runner/work/tcm-storage-ios/tcm-storage-ios/build/Build/Products/Debug-iphonesimulator/PackageFrameworks"
2026-04-22T16:45:07.7868990Z ignoring duplicate directory "/Users/runner/work/tcm-storage-ios/tcm-storage-ios/build/Build/Products/Debug-iphonesimulator/PackageFrameworks"
2026-04-22T16:45:07.7869340Z ignoring duplicate directory "/Users/runner/work/tcm-storage-ios/tcm-storage-ios/build/Build/Products/Debug-iphonesimulator/PackageFrameworks"
2026-04-22T16:45:07.7869690Z ignoring duplicate directory "/Users/runner/work/tcm-storage-ios/tcm-storage-ios/build/Build/Products/Debug-iphonesimulator/PackageFrameworks"
2026-04-22T16:45:07.7870060Z ignoring duplicate directory "/Users/runner/work/tcm-storage-ios/tcm-storage-ios/build/Build/Products/Debug-iphonesimulator/PackageFrameworks"
2026-04-22T16:45:07.7870460Z ignoring duplicate directory "/Users/runner/work/tcm-storage-ios/tcm-storage-ios/build/Build/Products/Debug-iphonesimulator/PackageFrameworks"
2026-04-22T16:45:07.7870810Z ignoring duplicate directory "/Users/runner/work/tcm-storage-ios/tcm-storage-ios/build/Build/Products/Debug-iphonesimulator/PackageFrameworks"
2026-04-22T16:45:07.7871170Z ignoring duplicate directory "/Users/runner/work/tcm-storage-ios/tcm-storage-ios/build/Build/Products/Debug-iphonesimulator/PackageFrameworks"
2026-04-22T16:45:07.7871790Z ignoring duplicate directory "/Users/runner/work/tcm-storage-ios/tcm-storage-ios/build/Build/Products/Debug-iphonesimulator/PackageFrameworks"
2026-04-22T16:45:07.7872290Z ignoring duplicate directory "/Users/runner/work/tcm-storage-ios/tcm-storage-ios/build/Build/Products/Debug-iphonesimulator/PackageFrameworks"
2026-04-22T16:45:07.7872650Z ignoring duplicate directory "/Users/runner/work/tcm-storage-ios/tcm-storage-ios/build/Build/Products/Debug-iphonesimulator/PackageFrameworks"
2026-04-22T16:45:07.7873000Z ignoring duplicate directory "/Users/runner/work/tcm-storage-ios/tcm-storage-ios/build/Build/Products/Debug-iphonesimulator/PackageFrameworks"
2026-04-22T16:45:07.7873350Z ignoring duplicate directory "/Users/runner/work/tcm-storage-ios/tcm-storage-ios/build/Build/Products/Debug-iphonesimulator/PackageFrameworks"
2026-04-22T16:45:07.7873700Z ignoring duplicate directory "/Users/runner/work/tcm-storage-ios/tcm-storage-ios/build/Build/Products/Debug-iphonesimulator/PackageFrameworks"
2026-04-22T16:45:07.7874050Z ignoring duplicate directory "/Users/runner/work/tcm-storage-ios/tcm-storage-ios/build/Build/Products/Debug-iphonesimulator/PackageFrameworks"
2026-04-22T16:45:07.7874400Z ignoring duplicate directory "/Users/runner/work/tcm-storage-ios/tcm-storage-ios/build/Build/Products/Debug-iphonesimulator/PackageFrameworks"
2026-04-22T16:45:07.7874740Z ignoring duplicate directory "/Users/runner/work/tcm-storage-ios/tcm-storage-ios/build/Build/Products/Debug-iphonesimulator/PackageFrameworks"
2026-04-22T16:45:07.7875100Z ignoring duplicate directory "/Users/runner/work/tcm-storage-ios/tcm-storage-ios/build/Build/Products/Debug-iphonesimulator/PackageFrameworks"
2026-04-22T16:45:07.7875450Z ignoring duplicate directory "/Users/runner/work/tcm-storage-ios/tcm-storage-ios/build/Build/Products/Debug-iphonesimulator/PackageFrameworks"
2026-04-22T16:45:07.7875810Z ignoring duplicate directory "/Users/runner/work/tcm-storage-ios/tcm-storage-ios/build/Build/Products/Debug-iphonesimulator/PackageFrameworks"
2026-04-22T16:45:07.7876570Z ignoring duplicate directory "/Users/runner/work/tcm-storage-ios/tcm-storage-ios/build/Build/Products/Debug-iphonesimulator/PackageFrameworks"
2026-04-22T16:45:07.7876930Z ignoring duplicate directory "/Users/runner/work/tcm-storage-ios/tcm-storage-ios/build/Build/Products/Debug-iphonesimulator/PackageFrameworks"
2026-04-22T16:45:07.7877430Z ignoring duplicate directory "/Users/runner/work/tcm-storage-ios/tcm-storage-ios/build/Build/Products/Debug-iphonesimulator/PackageFrameworks"
2026-04-22T16:45:07.7877780Z ignoring duplicate directory "/Users/runner/work/tcm-storage-ios/tcm-storage-ios/build/Build/Products/Debug-iphonesimulator/PackageFrameworks"
2026-04-22T16:45:07.7878120Z ignoring duplicate directory "/Users/runner/work/tcm-storage-ios/tcm-storage-ios/build/Build/Products/Debug-iphonesimulator/PackageFrameworks"
2026-04-22T16:45:07.7878460Z ignoring duplicate directory "/Users/runner/work/tcm-storage-ios/tcm-storage-ios/build/Build/Products/Debug-iphonesimulator/PackageFrameworks"
2026-04-22T16:45:07.7878800Z ignoring duplicate directory "/Users/runner/work/tcm-storage-ios/tcm-storage-ios/build/Build/Products/Debug-iphonesimulator/PackageFrameworks"
2026-04-22T16:45:07.7879150Z ignoring duplicate directory "/Users/runner/work/tcm-storage-ios/tcm-storage-ios/build/Build/Products/Debug-iphonesimulator/PackageFrameworks"
2026-04-22T16:45:07.7879500Z ignoring duplicate directory "/Users/runner/work/tcm-storage-ios/tcm-storage-ios/build/Build/Products/Debug-iphonesimulator/PackageFrameworks"
2026-04-22T16:45:07.7879990Z ignoring duplicate directory "/Users/runner/work/tcm-storage-ios/tcm-storage-ios/build/Build/Products/Debug-iphonesimulator/PackageFrameworks"
2026-04-22T16:45:07.7880340Z ignoring duplicate directory "/Users/runner/work/tcm-storage-ios/tcm-storage-ios/build/Build/Products/Debug-iphonesimulator/PackageFrameworks"
2026-04-22T16:45:07.7880680Z ignoring duplicate directory "/Users/runner/work/tcm-storage-ios/tcm-storage-ios/build/Build/Products/Debug-iphonesimulator/PackageFrameworks"
2026-04-22T16:45:07.7881100Z ignoring duplicate directory "/Users/runner/work/tcm-storage-ios/tcm-storage-ios/build/Build/Products/Debug-iphonesimulator/PackageFrameworks"
2026-04-22T16:45:07.7881450Z ignoring duplicate directory "/Users/runner/work/tcm-storage-ios/tcm-storage-ios/build/Build/Products/Debug-iphonesimulator/PackageFrameworks"
2026-04-22T16:45:07.7881800Z ignoring duplicate directory "/Users/runner/work/tcm-storage-ios/tcm-storage-ios/build/Build/Products/Debug-iphonesimulator/PackageFrameworks"
2026-04-22T16:45:07.7882130Z ignoring duplicate directory "/Users/runner/work/tcm-storage-ios/tcm-storage-ios/build/Build/Products/Debug-iphonesimulator/PackageFrameworks"
2026-04-22T16:45:07.7882480Z ignoring duplicate directory "/Users/runner/work/tcm-storage-ios/tcm-storage-ios/build/Build/Products/Debug-iphonesimulator/PackageFrameworks"
2026-04-22T16:45:07.7882550Z #include "..." search starts here:
2026-04-22T16:45:07.7883040Z  /Users/runner/work/tcm-storage-ios/tcm-storage-ios/build/Build/Intermediates.noindex/Nextcloud.build/Debug-iphonesimulator/Nextcloud.build/Nextcloud-generated-files.hmap (headermap)
2026-04-22T16:45:07.7883520Z  /Users/runner/work/tcm-storage-ios/tcm-storage-ios/build/Build/Intermediates.noindex/Nextcloud.build/Debug-iphonesimulator/Nextcloud.build/Nextcloud-project-headers.hmap (headermap)
2026-04-22T16:45:07.7883580Z #include <...> search starts here:
2026-04-22T16:45:07.7884070Z  /Users/runner/work/tcm-storage-ios/tcm-storage-ios/build/Build/Intermediates.noindex/Nextcloud.build/Debug-iphonesimulator/Nextcloud.build/Nextcloud-own-target-headers.hmap (headermap)
2026-04-22T16:45:07.7884590Z  /Users/runner/work/tcm-storage-ios/tcm-storage-ios/build/Build/Intermediates.noindex/Nextcloud.build/Debug-iphonesimulator/Nextcloud.build/Nextcloud-all-non-framework-target-headers.hmap (headermap)
2026-04-22T16:45:07.7884920Z  /Users/runner/work/tcm-storage-ios/tcm-storage-ios/build/SourcePackages/checkouts/swift-nio-ssl/Sources/CNIOBoringSSLShims/include
2026-04-22T16:45:07.7885220Z  /Users/runner/work/tcm-storage-ios/tcm-storage-ios/build/SourcePackages/checkouts/swift-nio-ssl/Sources/CNIOBoringSSL/include
2026-04-22T16:45:07.7885520Z  /Users/runner/work/tcm-storage-ios/tcm-storage-ios/build/SourcePackages/checkouts/swift-atomics/Sources/_AtomicsShims/include
2026-04-22T16:45:07.7885800Z  /Users/runner/work/tcm-storage-ios/tcm-storage-ios/build/SourcePackages/checkouts/swift-nio/Sources/CNIOPosix/include
2026-04-22T16:45:07.7886140Z  /Users/runner/work/tcm-storage-ios/tcm-storage-ios/build/SourcePackages/checkouts/swift-nio/Sources/CNIOWASI/include
2026-04-22T16:45:07.7886430Z  /Users/runner/work/tcm-storage-ios/tcm-storage-ios/build/SourcePackages/checkouts/swift-nio/Sources/CNIOWindows/include
2026-04-22T16:45:07.7886700Z  /Users/runner/work/tcm-storage-ios/tcm-storage-ios/build/SourcePackages/checkouts/swift-nio/Sources/CNIOLinux/include
2026-04-22T16:45:07.7886970Z  /Users/runner/work/tcm-storage-ios/tcm-storage-ios/build/SourcePackages/checkouts/swift-nio/Sources/CNIODarwin/include
2026-04-22T16:45:07.7887240Z  /Users/runner/work/tcm-storage-ios/tcm-storage-ios/build/SourcePackages/checkouts/swift-nio/Sources/CNIOOpenBSD/include
2026-04-22T16:45:07.7887520Z  /Users/runner/work/tcm-storage-ios/tcm-storage-ios/build/SourcePackages/checkouts/swift-nio/Sources/CNIOAtomics/include
2026-04-22T16:45:07.7887730Z  /Users/runner/work/tcm-storage-ios/tcm-storage-ios/build/SourcePackages/checkouts/realm-core/src
2026-04-22T16:45:07.7887980Z  /Users/runner/work/tcm-storage-ios/tcm-storage-ios/build/SourcePackages/checkouts/realm-core/src/external/s2
2026-04-22T16:45:07.7888400Z  /Users/runner/work/tcm-storage-ios/tcm-storage-ios/build/SourcePackages/checkouts/realm-core/src/external/IntelRDFPMathLib20U2/LIBRARY/src
2026-04-22T16:45:07.7890400Z  /Users/runner/work/tcm-storage-ios/tcm-storage-ios/build/SourcePackages/checkouts/realm-core/src/spm
2026-04-22T16:45:07.7891480Z  /Users/runner/work/tcm-storage-ios/tcm-storage-ios/build/SourcePackages/checkouts/realm-swift/include
2026-04-22T16:45:07.7893280Z  /Users/runner/work/tcm-storage-ios/tcm-storage-ios/build/SourcePackages/checkouts/GoogleUtilities/GoogleUtilities/NSData+zlib/Public
2026-04-22T16:45:07.7894490Z  /Users/runner/work/tcm-storage-ios/tcm-storage-ios/build/SourcePackages/checkouts/GoogleUtilities/GoogleUtilities/Logger/Public
2026-04-22T16:45:07.7902190Z  /Users/runner/work/tcm-storage-ios/tcm-storage-ios/build/SourcePackages/checkouts/GoogleUtilities/GoogleUtilities/Environment/Public
2026-04-22T16:45:07.7902660Z  /Users/runner/work/tcm-storage-ios/tcm-storage-ios/build/SourcePackages/checkouts/GoogleUtilities/third_party/IsAppEncrypted/Public
2026-04-22T16:45:07.7903000Z  /Users/runner/work/tcm-storage-ios/tcm-storage-ios/build/SourcePackages/checkouts/GoogleUtilities/GoogleUtilities/UserDefaults/Public
2026-04-22T16:45:07.7903260Z  /Users/runner/work/tcm-storage-ios/tcm-storage-ios/build/SourcePackages/checkouts/nanopb/spm_headers
2026-04-22T16:45:07.7903580Z  /Users/runner/work/tcm-storage-ios/tcm-storage-ios/build/SourcePackages/checkouts/promises/Sources/FBLPromises/include
2026-04-22T16:45:07.7903950Z  /Users/runner/work/tcm-storage-ios/tcm-storage-ios/build/SourcePackages/checkouts/GoogleDataTransport/GoogleDataTransport/GDTCORLibrary/Public
2026-04-22T16:45:07.7904270Z  /Users/runner/work/tcm-storage-ios/tcm-storage-ios/build/SourcePackages/checkouts/firebase-ios-sdk/FirebaseSessions/SourcesObjC
2026-04-22T16:45:07.7904630Z  /Users/runner/work/tcm-storage-ios/tcm-storage-ios/build/SourcePackages/checkouts/firebase-ios-sdk/FirebaseCore/Extension
2026-04-22T16:45:07.7905000Z  /Users/runner/work/tcm-storage-ios/tcm-storage-ios/build/SourcePackages/checkouts/firebase-ios-sdk/FirebaseInstallations/Source/Library/Public
2026-04-22T16:45:07.7905310Z  /Users/runner/work/tcm-storage-ios/tcm-storage-ios/build/SourcePackages/checkouts/firebase-ios-sdk/FirebaseCore/Sources/Public
2026-04-22T16:45:07.7905590Z  /Users/runner/work/tcm-storage-ios/tcm-storage-ios/build/SourcePackages/checkouts/firebase-ios-sdk/CoreOnly/Sources
2026-04-22T16:45:07.7905910Z  /Users/runner/work/tcm-storage-ios/tcm-storage-ios/build/SourcePackages/checkouts/firebase-ios-sdk/Crashlytics/Crashlytics/Public
2026-04-22T16:45:07.7906200Z  /Users/runner/work/tcm-storage-ios/tcm-storage-ios/build/SourcePackages/checkouts/GzipSwift/Sources/system-zlib/include
2026-04-22T16:45:07.7906590Z  /Users/runner/work/tcm-storage-ios/tcm-storage-ios/build/Build/Intermediates.noindex/Nextcloud.build/Debug-iphonesimulator/Nextcloud.build/DerivedSources
2026-04-22T16:45:07.7907250Z  /Users/runner/work/tcm-storage-ios/tcm-storage-ios/build/Build/Products/Debug-iphonesimulator/PackageFrameworks (framework directory)
2026-04-22T16:45:07.7907540Z  /Users/runner/work/tcm-storage-ios/tcm-storage-ios/build/Build/Products/Debug-iphonesimulator (framework directory)
2026-04-22T16:45:07.7907880Z  /Applications/Xcode_26.2.app/Contents/Developer/Platforms/iPhoneSimulator.platform/Developer/Library/Frameworks (framework directory)
2026-04-22T16:45:07.7908320Z  /Applications/Xcode_26.2.app/Contents/Developer/Platforms/iPhoneSimulator.platform/Developer/SDKs/iPhoneSimulator26.2.sdk/Developer/Library/Frameworks (framework directory)
2026-04-22T16:45:07.7908580Z  /Applications/Xcode_26.2.app/Contents/Developer/Toolchains/XcodeDefault.xctoolchain/usr/lib/clang/17/include
2026-04-22T16:45:07.7908920Z  /Applications/Xcode_26.2.app/Contents/Developer/Platforms/iPhoneSimulator.platform/Developer/SDKs/iPhoneSimulator26.2.sdk/usr/include
2026-04-22T16:45:07.7909130Z  /Applications/Xcode_26.2.app/Contents/Developer/Toolchains/XcodeDefault.xctoolchain/usr/include
2026-04-22T16:45:07.7909680Z  /Applications/Xcode_26.2.app/Contents/Developer/Platforms/iPhoneSimulator.platform/Developer/SDKs/iPhoneSimulator26.2.sdk/System/Library/Frameworks (framework directory)
2026-04-22T16:45:07.7910130Z  /Applications/Xcode_26.2.app/Contents/Developer/Platforms/iPhoneSimulator.platform/Developer/SDKs/iPhoneSimulator26.2.sdk/System/Library/SubFrameworks (framework directory)
2026-04-22T16:45:07.7910270Z End of search list.
2026-04-22T16:45:07.7971550Z clang -cc1 version 17.0.0 (clang-1700.6.3.2) default target arm64-apple-darwin24.6.0
2026-04-22T16:45:07.7972730Z ignoring nonexistent directory "/Users/runner/work/tcm-storage-ios/tcm-storage-ios/build/Build/Products/Debug-iphonesimulator/include"
2026-04-22T16:45:07.7973990Z ignoring nonexistent directory "/Users/runner/work/tcm-storage-ios/tcm-storage-ios/build/Build/Intermediates.noindex/Nextcloud.build/Debug-iphonesimulator/Nextcloud.build/DerivedSources-normal/arm64"
2026-04-22T16:45:07.7986420Z ignoring nonexistent directory "/Users/runner/work/tcm-storage-ios/tcm-storage-ios/build/Build/Intermediates.noindex/Nextcloud.build/Debug-iphonesimulator/Nextcloud.build/DerivedSources/arm64"
2026-04-22T16:45:07.8014010Z ignoring nonexistent directory "/Applications/Xcode_26.2.app/Contents/Developer/Platforms/iPhoneSimulator.platform/Developer/SDKs/iPhoneSimulator26.2.sdk/usr/local/include"
2026-04-22T16:45:07.8015210Z ignoring nonexistent directory "/Applications/Xcode_26.2.app/Contents/Developer/Platforms/iPhoneSimulator.platform/Developer/SDKs/iPhoneSimulator26.2.sdk/Library/Frameworks"
2026-04-22T16:45:07.8025870Z ignoring duplicate directory "/Users/runner/work/tcm-storage-ios/tcm-storage-ios/build/Build/Products/Debug-iphonesimulator/PackageFrameworks"
2026-04-22T16:45:07.8029380Z ignoring duplicate directory "/Users/runner/work/tcm-storage-ios/tcm-storage-ios/build/Build/Products/Debug-iphonesimulator/PackageFrameworks"
2026-04-22T16:45:07.8030550Z ignoring duplicate directory "/Users/runner/work/tcm-storage-ios/tcm-storage-ios/build/Build/Products/Debug-iphonesimulator/PackageFrameworks"
2026-04-22T16:45:07.8034950Z ignoring duplicate directory "/Users/runner/work/tcm-storage-ios/tcm-storage-ios/build/Build/Products/Debug-iphonesimulator/PackageFrameworks"
2026-04-22T16:45:07.8038720Z ignoring duplicate directory "/Users/runner/work/tcm-storage-ios/tcm-storage-ios/build/Build/Products/Debug-iphonesimulator/PackageFrameworks"
2026-04-22T16:45:07.8041390Z ignoring duplicate directory "/Users/runner/work/tcm-storage-ios/tcm-storage-ios/build/Build/Products/Debug-iphonesimulator/PackageFrameworks"
2026-04-22T16:45:07.8049600Z ignoring duplicate directory "/Users/runner/work/tcm-storage-ios/tcm-storage-ios/build/Build/Products/Debug-iphonesimulator/PackageFrameworks"
2026-04-22T16:45:07.8052220Z ignoring duplicate directory "/Users/runner/work/tcm-storage-ios/tcm-storage-ios/build/Build/Products/Debug-iphonesimulator/PackageFrameworks"
2026-04-22T16:45:07.8055820Z ignoring duplicate directory "/Users/runner/work/tcm-storage-ios/tcm-storage-ios/build/Build/Products/Debug-iphonesimulator/PackageFrameworks"
2026-04-22T16:45:07.8058220Z ignoring duplicate directory "/Users/runner/work/tcm-storage-ios/tcm-storage-ios/build/Build/Products/Debug-iphonesimulator/PackageFrameworks"
2026-04-22T16:45:07.8060670Z ignoring duplicate directory "/Users/runner/work/tcm-storage-ios/tcm-storage-ios/build/Build/Products/Debug-iphonesimulator/PackageFrameworks"
2026-04-22T16:45:07.8067010Z ignoring duplicate directory "/Users/runner/work/tcm-storage-ios/tcm-storage-ios/build/Build/Products/Debug-iphonesimulator/PackageFrameworks"
2026-04-22T16:45:07.8067880Z ignoring duplicate directory "/Users/runner/work/tcm-storage-ios/tcm-storage-ios/build/Build/Products/Debug-iphonesimulator/PackageFrameworks"
2026-04-22T16:45:07.8068790Z ignoring duplicate directory "/Users/runner/work/tcm-storage-ios/tcm-storage-ios/build/Build/Products/Debug-iphonesimulator/PackageFrameworks"
2026-04-22T16:45:07.8070280Z ignoring duplicate directory "/Users/runner/work/tcm-storage-ios/tcm-storage-ios/build/Build/Products/Debug-iphonesimulator/PackageFrameworks"
2026-04-22T16:45:07.8071080Z ignoring duplicate directory "/Users/runner/work/tcm-storage-ios/tcm-storage-ios/build/Build/Products/Debug-iphonesimulator/PackageFrameworks"
2026-04-22T16:45:07.8073020Z ignoring duplicate directory "/Users/runner/work/tcm-storage-ios/tcm-storage-ios/build/Build/Products/Debug-iphonesimulator/PackageFrameworks"
2026-04-22T16:45:07.8074010Z ignoring duplicate directory "/Users/runner/work/tcm-storage-ios/tcm-storage-ios/build/Build/Products/Debug-iphonesimulator/PackageFrameworks"
2026-04-22T16:45:07.8074970Z ignoring duplicate directory "/Users/runner/work/tcm-storage-ios/tcm-storage-ios/build/Build/Products/Debug-iphonesimulator/PackageFrameworks"
2026-04-22T16:45:07.8075760Z ignoring duplicate directory "/Users/runner/work/tcm-storage-ios/tcm-storage-ios/build/Build/Products/Debug-iphonesimulator/PackageFrameworks"
2026-04-22T16:45:07.8078930Z ignoring duplicate directory "/Users/runner/work/tcm-storage-ios/tcm-storage-ios/build/Build/Products/Debug-iphonesimulator/PackageFrameworks"
2026-04-22T16:45:07.8082970Z ignoring duplicate directory "/Users/runner/work/tcm-storage-ios/tcm-storage-ios/build/Build/Products/Debug-iphonesimulator/PackageFrameworks"
2026-04-22T16:45:07.8085350Z ignoring duplicate directory "/Users/runner/work/tcm-storage-ios/tcm-storage-ios/build/Build/Products/Debug-iphonesimulator/PackageFrameworks"
2026-04-22T16:45:07.8087500Z ignoring duplicate directory "/Users/runner/work/tcm-storage-ios/tcm-storage-ios/build/Build/Products/Debug-iphonesimulator/PackageFrameworks"
2026-04-22T16:45:07.8089700Z ignoring duplicate directory "/Users/runner/work/tcm-storage-ios/tcm-storage-ios/build/Build/Products/Debug-iphonesimulator/PackageFrameworks"
2026-04-22T16:45:07.8093250Z ignoring duplicate directory "/Users/runner/work/tcm-storage-ios/tcm-storage-ios/build/Build/Products/Debug-iphonesimulator/PackageFrameworks"
2026-04-22T16:45:07.8095080Z ignoring duplicate directory "/Users/runner/work/tcm-storage-ios/tcm-storage-ios/build/Build/Products/Debug-iphonesimulator/PackageFrameworks"
2026-04-22T16:45:07.8095850Z ignoring duplicate directory "/Users/runner/work/tcm-storage-ios/tcm-storage-ios/build/Build/Products/Debug-iphonesimulator/PackageFrameworks"
2026-04-22T16:45:07.8096970Z ignoring duplicate directory "/Users/runner/work/tcm-storage-ios/tcm-storage-ios/build/Build/Products/Debug-iphonesimulator/PackageFrameworks"
2026-04-22T16:45:07.8098700Z ignoring duplicate directory "/Users/runner/work/tcm-storage-ios/tcm-storage-ios/build/Build/Products/Debug-iphonesimulator/PackageFrameworks"
2026-04-22T16:45:07.8099590Z ignoring duplicate directory "/Users/runner/work/tcm-storage-ios/tcm-storage-ios/build/Build/Products/Debug-iphonesimulator/PackageFrameworks"
2026-04-22T16:45:07.8100360Z ignoring duplicate directory "/Users/runner/work/tcm-storage-ios/tcm-storage-ios/build/Build/Products/Debug-iphonesimulator/PackageFrameworks"
2026-04-22T16:45:07.8101410Z ignoring duplicate directory "/Users/runner/work/tcm-storage-ios/tcm-storage-ios/build/Build/Products/Debug-iphonesimulator/PackageFrameworks"
2026-04-22T16:45:07.8102360Z ignoring duplicate directory "/Users/runner/work/tcm-storage-ios/tcm-storage-ios/build/Build/Products/Debug-iphonesimulator/PackageFrameworks"
2026-04-22T16:45:07.8103180Z ignoring duplicate directory "/Users/runner/work/tcm-storage-ios/tcm-storage-ios/build/Build/Products/Debug-iphonesimulator/PackageFrameworks"
2026-04-22T16:45:07.8103970Z ignoring duplicate directory "/Users/runner/work/tcm-storage-ios/tcm-storage-ios/build/Build/Products/Debug-iphonesimulator/PackageFrameworks"
2026-04-22T16:45:07.8104730Z ignoring duplicate directory "/Users/runner/work/tcm-storage-ios/tcm-storage-ios/build/Build/Products/Debug-iphonesimulator/PackageFrameworks"
2026-04-22T16:45:07.8105810Z ignoring duplicate directory "/Users/runner/work/tcm-storage-ios/tcm-storage-ios/build/Build/Products/Debug-iphonesimulator/PackageFrameworks"
2026-04-22T16:45:07.8106830Z ignoring duplicate directory "/Users/runner/work/tcm-storage-ios/tcm-storage-ios/build/Build/Products/Debug-iphonesimulator/PackageFrameworks"
2026-04-22T16:45:07.8107740Z ignoring duplicate directory "/Users/runner/work/tcm-storage-ios/tcm-storage-ios/build/Build/Products/Debug-iphonesimulator/PackageFrameworks"
2026-04-22T16:45:07.8108480Z ignoring duplicate directory "/Users/runner/work/tcm-storage-ios/tcm-storage-ios/build/Build/Products/Debug-iphonesimulator/PackageFrameworks"
2026-04-22T16:45:07.8109360Z ignoring duplicate directory "/Users/runner/work/tcm-storage-ios/tcm-storage-ios/build/Build/Products/Debug-iphonesimulator/PackageFrameworks"
2026-04-22T16:45:07.8110180Z ignoring duplicate directory "/Users/runner/work/tcm-storage-ios/tcm-storage-ios/build/Build/Products/Debug-iphonesimulator/PackageFrameworks"
2026-04-22T16:45:07.8113310Z ignoring duplicate directory "/Users/runner/work/tcm-storage-ios/tcm-storage-ios/build/Build/Products/Debug-iphonesimulator/PackageFrameworks"
2026-04-22T16:45:07.8118610Z ignoring duplicate directory "/Users/runner/work/tcm-storage-ios/tcm-storage-ios/build/Build/Products/Debug-iphonesimulator/PackageFrameworks"
2026-04-22T16:45:07.8119400Z ignoring duplicate directory "/Users/runner/work/tcm-storage-ios/tcm-storage-ios/build/Build/Products/Debug-iphonesimulator/PackageFrameworks"
2026-04-22T16:45:07.8123190Z ignoring duplicate directory "/Users/runner/work/tcm-storage-ios/tcm-storage-ios/build/Build/Products/Debug-iphonesimulator/PackageFrameworks"
2026-04-22T16:45:07.8124300Z ignoring duplicate directory "/Users/runner/work/tcm-storage-ios/tcm-storage-ios/build/Build/Products/Debug-iphonesimulator/PackageFrameworks"
2026-04-22T16:45:07.8125100Z ignoring duplicate directory "/Users/runner/work/tcm-storage-ios/tcm-storage-ios/build/Build/Products/Debug-iphonesimulator/PackageFrameworks"
2026-04-22T16:45:07.8125860Z ignoring duplicate directory "/Users/runner/work/tcm-storage-ios/tcm-storage-ios/build/Build/Products/Debug-iphonesimulator/PackageFrameworks"
2026-04-22T16:45:07.8126650Z ignoring duplicate directory "/Users/runner/work/tcm-storage-ios/tcm-storage-ios/build/Build/Products/Debug-iphonesimulator/PackageFrameworks"
2026-04-22T16:45:07.8127430Z ignoring duplicate directory "/Users/runner/work/tcm-storage-ios/tcm-storage-ios/build/Build/Products/Debug-iphonesimulator/PackageFrameworks"
2026-04-22T16:45:07.8129240Z ignoring duplicate directory "/Users/runner/work/tcm-storage-ios/tcm-storage-ios/build/Build/Products/Debug-iphonesimulator/PackageFrameworks"
2026-04-22T16:45:07.8131770Z ignoring duplicate directory "/Users/runner/work/tcm-storage-ios/tcm-storage-ios/build/Build/Products/Debug-iphonesimulator/PackageFrameworks"
2026-04-22T16:45:07.8134220Z ignoring duplicate directory "/Users/runner/work/tcm-storage-ios/tcm-storage-ios/build/Build/Products/Debug-iphonesimulator/PackageFrameworks"
2026-04-22T16:45:07.8136930Z ignoring duplicate directory "/Users/runner/work/tcm-storage-ios/tcm-storage-ios/build/Build/Products/Debug-iphonesimulator/PackageFrameworks"
2026-04-22T16:45:07.8139050Z ignoring duplicate directory "/Users/runner/work/tcm-storage-ios/tcm-storage-ios/build/Build/Products/Debug-iphonesimulator/PackageFrameworks"
2026-04-22T16:45:07.8141140Z ignoring duplicate directory "/Users/runner/work/tcm-storage-ios/tcm-storage-ios/build/Build/Products/Debug-iphonesimulator/PackageFrameworks"
2026-04-22T16:45:07.8143590Z ignoring duplicate directory "/Users/runner/work/tcm-storage-ios/tcm-storage-ios/build/Build/Products/Debug-iphonesimulator/PackageFrameworks"
2026-04-22T16:45:07.8147620Z ignoring duplicate directory "/Users/runner/work/tcm-storage-ios/tcm-storage-ios/build/Build/Products/Debug-iphonesimulator/PackageFrameworks"
2026-04-22T16:45:07.8159380Z ignoring duplicate directory "/Users/runner/work/tcm-storage-ios/tcm-storage-ios/build/Build/Products/Debug-iphonesimulator/PackageFrameworks"
2026-04-22T16:45:07.8160160Z ignoring duplicate directory "/Users/runner/work/tcm-storage-ios/tcm-storage-ios/build/Build/Products/Debug-iphonesimulator/PackageFrameworks"
2026-04-22T16:45:07.8161130Z ignoring duplicate directory "/Users/runner/work/tcm-storage-ios/tcm-storage-ios/build/Build/Products/Debug-iphonesimulator/PackageFrameworks"
2026-04-22T16:45:07.8161880Z ignoring duplicate directory "/Users/runner/work/tcm-storage-ios/tcm-storage-ios/build/Build/Products/Debug-iphonesimulator/PackageFrameworks"
2026-04-22T16:45:07.8163100Z ignoring duplicate directory "/Users/runner/work/tcm-storage-ios/tcm-storage-ios/build/Build/Products/Debug-iphonesimulator/PackageFrameworks"
2026-04-22T16:45:07.8164350Z ignoring duplicate directory "/Users/runner/work/tcm-storage-ios/tcm-storage-ios/build/Build/Products/Debug-iphonesimulator/PackageFrameworks"
2026-04-22T16:45:07.8165800Z ignoring duplicate directory "/Users/runner/work/tcm-storage-ios/tcm-storage-ios/build/Build/Products/Debug-iphonesimulator/PackageFrameworks"
2026-04-22T16:45:07.8166570Z ignoring duplicate directory "/Users/runner/work/tcm-storage-ios/tcm-storage-ios/build/Build/Products/Debug-iphonesimulator/PackageFrameworks"
2026-04-22T16:45:07.8167320Z ignoring duplicate directory "/Users/runner/work/tcm-storage-ios/tcm-storage-ios/build/Build/Products/Debug-iphonesimulator/PackageFrameworks"
2026-04-22T16:45:07.8168450Z ignoring duplicate directory "/Users/runner/work/tcm-storage-ios/tcm-storage-ios/build/Build/Products/Debug-iphonesimulator/PackageFrameworks"
2026-04-22T16:45:07.8169250Z ignoring duplicate directory "/Users/runner/work/tcm-storage-ios/tcm-storage-ios/build/Build/Products/Debug-iphonesimulator/PackageFrameworks"
2026-04-22T16:45:07.8171510Z ignoring duplicate directory "/Users/runner/work/tcm-storage-ios/tcm-storage-ios/build/Build/Products/Debug-iphonesimulator/PackageFrameworks"
2026-04-22T16:45:07.8173750Z ignoring duplicate directory "/Users/runner/work/tcm-storage-ios/tcm-storage-ios/build/Build/Products/Debug-iphonesimulator/PackageFrameworks"
2026-04-22T16:45:07.8174490Z ignoring duplicate directory "/Users/runner/work/tcm-storage-ios/tcm-storage-ios/build/Build/Products/Debug-iphonesimulator/PackageFrameworks"
2026-04-22T16:45:07.8175230Z ignoring duplicate directory "/Users/runner/work/tcm-storage-ios/tcm-storage-ios/build/Build/Products/Debug-iphonesimulator/PackageFrameworks"
2026-04-22T16:45:07.8176630Z ignoring duplicate directory "/Users/runner/work/tcm-storage-ios/tcm-storage-ios/build/Build/Products/Debug-iphonesimulator/PackageFrameworks"
2026-04-22T16:45:07.8177120Z #include "..." search starts here:
2026-04-22T16:45:07.8179220Z  /Users/runner/work/tcm-storage-ios/tcm-storage-ios/build/Build/Intermediates.noindex/Nextcloud.build/Debug-iphonesimulator/Nextcloud.build/Nextcloud-generated-files.hmap (headermap)
2026-04-22T16:45:07.8180610Z  /Users/runner/work/tcm-storage-ios/tcm-storage-ios/build/Build/Intermediates.noindex/Nextcloud.build/Debug-iphonesimulator/Nextcloud.build/Nextcloud-project-headers.hmap (headermap)
2026-04-22T16:45:07.8181540Z #include <...> search starts here:
2026-04-22T16:45:07.8182300Z  /Users/runner/work/tcm-storage-ios/tcm-storage-ios/build/Build/Intermediates.noindex/Nextcloud.build/Debug-iphonesimulator/Nextcloud.build/Nextcloud-own-target-headers.hmap (headermap)
2026-04-22T16:45:07.8183530Z  /Users/runner/work/tcm-storage-ios/tcm-storage-ios/build/Build/Intermediates.noindex/Nextcloud.build/Debug-iphonesimulator/Nextcloud.build/Nextcloud-all-non-framework-target-headers.hmap (headermap)
2026-04-22T16:45:07.8184450Z  /Users/runner/work/tcm-storage-ios/tcm-storage-ios/build/SourcePackages/checkouts/swift-nio-ssl/Sources/CNIOBoringSSLShims/include
2026-04-22T16:45:07.8185140Z  /Users/runner/work/tcm-storage-ios/tcm-storage-ios/build/SourcePackages/checkouts/swift-nio-ssl/Sources/CNIOBoringSSL/include
2026-04-22T16:45:07.8185890Z  /Users/runner/work/tcm-storage-ios/tcm-storage-ios/build/SourcePackages/checkouts/swift-atomics/Sources/_AtomicsShims/include
2026-04-22T16:45:07.8186510Z  /Users/runner/work/tcm-storage-ios/tcm-storage-ios/build/SourcePackages/checkouts/swift-nio/Sources/CNIOPosix/include
2026-04-22T16:45:07.8221430Z  /Users/runner/work/tcm-storage-ios/tcm-storage-ios/build/SourcePackages/checkouts/swift-nio/Sources/CNIOWASI/include
2026-04-22T16:45:07.8222650Z  /Users/runner/work/tcm-storage-ios/tcm-storage-ios/build/SourcePackages/checkouts/swift-nio/Sources/CNIOWindows/include
2026-04-22T16:45:07.8223290Z  /Users/runner/work/tcm-storage-ios/tcm-storage-ios/build/SourcePackages/checkouts/swift-nio/Sources/CNIOLinux/include
2026-04-22T16:45:07.8223920Z  /Users/runner/work/tcm-storage-ios/tcm-storage-ios/build/SourcePackages/checkouts/swift-nio/Sources/CNIODarwin/include
2026-04-22T16:45:07.8224650Z  /Users/runner/work/tcm-storage-ios/tcm-storage-ios/build/SourcePackages/checkouts/swift-nio/Sources/CNIOOpenBSD/include
2026-04-22T16:45:07.8225350Z  /Users/runner/work/tcm-storage-ios/tcm-storage-ios/build/SourcePackages/checkouts/swift-nio/Sources/CNIOAtomics/include
2026-04-22T16:45:07.8225930Z  /Users/runner/work/tcm-storage-ios/tcm-storage-ios/build/SourcePackages/checkouts/realm-core/src
2026-04-22T16:45:07.8226490Z  /Users/runner/work/tcm-storage-ios/tcm-storage-ios/build/SourcePackages/checkouts/realm-core/src/external/s2
2026-04-22T16:45:07.8227150Z  /Users/runner/work/tcm-storage-ios/tcm-storage-ios/build/SourcePackages/checkouts/realm-core/src/external/IntelRDFPMathLib20U2/LIBRARY/src
2026-04-22T16:45:07.8227780Z  /Users/runner/work/tcm-storage-ios/tcm-storage-ios/build/SourcePackages/checkouts/realm-core/src/spm
2026-04-22T16:45:07.8228300Z  /Users/runner/work/tcm-storage-ios/tcm-storage-ios/build/SourcePackages/checkouts/realm-swift/include
2026-04-22T16:45:07.8228910Z  /Users/runner/work/tcm-storage-ios/tcm-storage-ios/build/SourcePackages/checkouts/GoogleUtilities/GoogleUtilities/NSData+zlib/Public
2026-04-22T16:45:07.8229940Z  /Users/runner/work/tcm-storage-ios/tcm-storage-ios/build/SourcePackages/checkouts/GoogleUtilities/GoogleUtilities/Logger/Public
2026-04-22T16:45:07.8231810Z  /Users/runner/work/tcm-storage-ios/tcm-storage-ios/build/SourcePackages/checkouts/GoogleUtilities/GoogleUtilities/Environment/Public
2026-04-22T16:45:07.8234290Z  /Users/runner/work/tcm-storage-ios/tcm-storage-ios/build/SourcePackages/checkouts/GoogleUtilities/third_party/IsAppEncrypted/Public
2026-04-22T16:45:07.8236450Z  /Users/runner/work/tcm-storage-ios/tcm-storage-ios/build/SourcePackages/checkouts/GoogleUtilities/GoogleUtilities/UserDefaults/Public
2026-04-22T16:45:07.8239450Z  /Users/runner/work/tcm-storage-ios/tcm-storage-ios/build/SourcePackages/checkouts/nanopb/spm_headers
2026-04-22T16:45:07.8241390Z  /Users/runner/work/tcm-storage-ios/tcm-storage-ios/build/SourcePackages/checkouts/promises/Sources/FBLPromises/include
2026-04-22T16:45:07.8242190Z  /Users/runner/work/tcm-storage-ios/tcm-storage-ios/build/SourcePackages/checkouts/GoogleDataTransport/GoogleDataTransport/GDTCORLibrary/Public
2026-04-22T16:45:07.8242980Z  /Users/runner/work/tcm-storage-ios/tcm-storage-ios/build/SourcePackages/checkouts/firebase-ios-sdk/FirebaseSessions/SourcesObjC
2026-04-22T16:45:07.8244090Z  /Users/runner/work/tcm-storage-ios/tcm-storage-ios/build/SourcePackages/checkouts/firebase-ios-sdk/FirebaseCore/Extension
2026-04-22T16:45:07.8244930Z  /Users/runner/work/tcm-storage-ios/tcm-storage-ios/build/SourcePackages/checkouts/firebase-ios-sdk/FirebaseInstallations/Source/Library/Public
2026-04-22T16:45:07.8245700Z  /Users/runner/work/tcm-storage-ios/tcm-storage-ios/build/SourcePackages/checkouts/firebase-ios-sdk/FirebaseCore/Sources/Public
2026-04-22T16:45:07.8246480Z  /Users/runner/work/tcm-storage-ios/tcm-storage-ios/build/SourcePackages/checkouts/firebase-ios-sdk/CoreOnly/Sources
2026-04-22T16:45:07.8247700Z  /Users/runner/work/tcm-storage-ios/tcm-storage-ios/build/SourcePackages/checkouts/firebase-ios-sdk/Crashlytics/Crashlytics/Public
2026-04-22T16:45:07.8248460Z  /Users/runner/work/tcm-storage-ios/tcm-storage-ios/build/SourcePackages/checkouts/GzipSwift/Sources/system-zlib/include
2026-04-22T16:45:07.8249280Z  /Users/runner/work/tcm-storage-ios/tcm-storage-ios/build/Build/Intermediates.noindex/Nextcloud.build/Debug-iphonesimulator/Nextcloud.build/DerivedSources
2026-04-22T16:45:07.8250270Z  /Users/runner/work/tcm-storage-ios/tcm-storage-ios/build/Build/Products/Debug-iphonesimulator/PackageFrameworks (framework directory)
2026-04-22T16:45:07.8251010Z  /Users/runner/work/tcm-storage-ios/tcm-storage-ios/build/Build/Products/Debug-iphonesimulator (framework directory)
2026-04-22T16:45:07.8251760Z  /Applications/Xcode_26.2.app/Contents/Developer/Platforms/iPhoneSimulator.platform/Developer/Library/Frameworks (framework directory)
2026-04-22T16:45:07.8252880Z  /Applications/Xcode_26.2.app/Contents/Developer/Platforms/iPhoneSimulator.platform/Developer/SDKs/iPhoneSimulator26.2.sdk/Developer/Library/Frameworks (framework directory)
2026-04-22T16:45:07.8260420Z  /Applications/Xcode_26.2.app/Contents/Developer/Toolchains/XcodeDefault.xctoolchain/usr/lib/clang/17/include
2026-04-22T16:45:07.8264370Z  /Applications/Xcode_26.2.app/Contents/Developer/Platforms/iPhoneSimulator.platform/Developer/SDKs/iPhoneSimulator26.2.sdk/usr/include
2026-04-22T16:45:07.8266200Z  /Applications/Xcode_26.2.app/Contents/Developer/Toolchains/XcodeDefault.xctoolchain/usr/include
2026-04-22T16:45:07.8270440Z  /Applications/Xcode_26.2.app/Contents/Developer/Platforms/iPhoneSimulator.platform/Developer/SDKs/iPhoneSimulator26.2.sdk/System/Library/Frameworks (framework directory)
2026-04-22T16:45:07.8273060Z  /Applications/Xcode_26.2.app/Contents/Developer/Platforms/iPhoneSimulator.platform/Developer/SDKs/iPhoneSimulator26.2.sdk/System/Library/SubFrameworks (framework directory)
2026-04-22T16:45:07.8274000Z End of search list.
2026-04-22T16:45:07.8274370Z clang -cc1 version 17.0.0 (clang-1700.6.3.2) default target arm64-apple-darwin24.6.0
2026-04-22T16:45:07.8275520Z ignoring nonexistent directory "/Users/runner/work/tcm-storage-ios/tcm-storage-ios/build/Build/Products/Debug-iphonesimulator/include"
2026-04-22T16:45:07.8278750Z ignoring nonexistent directory "/Users/runner/work/tcm-storage-ios/tcm-storage-ios/build/Build/Intermediates.noindex/Nextcloud.build/Debug-iphonesimulator/Nextcloud.build/DerivedSources-normal/arm64"
2026-04-22T16:45:07.8281480Z ignoring nonexistent directory "/Users/runner/work/tcm-storage-ios/tcm-storage-ios/build/Build/Intermediates.noindex/Nextcloud.build/Debug-iphonesimulator/Nextcloud.build/DerivedSources/arm64"
2026-04-22T16:45:07.8286320Z ignoring nonexistent directory "/Applications/Xcode_26.2.app/Contents/Developer/Platforms/iPhoneSimulator.platform/Developer/SDKs/iPhoneSimulator26.2.sdk/usr/local/include"
2026-04-22T16:45:07.8287870Z ignoring nonexistent directory "/Applications/Xcode_26.2.app/Contents/Developer/Platforms/iPhoneSimulator.platform/Developer/SDKs/iPhoneSimulator26.2.sdk/Library/Frameworks"
2026-04-22T16:45:07.8288930Z ignoring duplicate directory "/Users/runner/work/tcm-storage-ios/tcm-storage-ios/build/Build/Products/Debug-iphonesimulator/PackageFrameworks"
2026-04-22T16:45:07.8289780Z ignoring duplicate directory "/Users/runner/work/tcm-storage-ios/tcm-storage-ios/build/Build/Products/Debug-iphonesimulator/PackageFrameworks"
2026-04-22T16:45:07.8290920Z ignoring duplicate directory "/Users/runner/work/tcm-storage-ios/tcm-storage-ios/build/Build/Products/Debug-iphonesimulator/PackageFrameworks"
2026-04-22T16:45:07.8291740Z ignoring duplicate directory "/Users/runner/work/tcm-storage-ios/tcm-storage-ios/build/Build/Products/Debug-iphonesimulator/PackageFrameworks"
2026-04-22T16:45:07.8292600Z ignoring duplicate directory "/Users/runner/work/tcm-storage-ios/tcm-storage-ios/build/Build/Products/Debug-iphonesimulator/PackageFrameworks"
2026-04-22T16:45:07.8293420Z ignoring duplicate directory "/Users/runner/work/tcm-storage-ios/tcm-storage-ios/build/Build/Products/Debug-iphonesimulator/PackageFrameworks"
2026-04-22T16:45:07.8294250Z ignoring duplicate directory "/Users/runner/work/tcm-storage-ios/tcm-storage-ios/build/Build/Products/Debug-iphonesimulator/PackageFrameworks"
2026-04-22T16:45:07.8295270Z ignoring duplicate directory "/Users/runner/work/tcm-storage-ios/tcm-storage-ios/build/Build/Products/Debug-iphonesimulator/PackageFrameworks"
2026-04-22T16:45:07.8298260Z ignoring duplicate directory "/Users/runner/work/tcm-storage-ios/tcm-storage-ios/build/Build/Products/Debug-iphonesimulator/PackageFrameworks"
2026-04-22T16:45:07.8300900Z ignoring duplicate directory "/Users/runner/work/tcm-storage-ios/tcm-storage-ios/build/Build/Products/Debug-iphonesimulator/PackageFrameworks"
2026-04-22T16:45:07.8301720Z ignoring duplicate directory "/Users/runner/work/tcm-storage-ios/tcm-storage-ios/build/Build/Products/Debug-iphonesimulator/PackageFrameworks"
2026-04-22T16:45:07.8304330Z ignoring duplicate directory "/Users/runner/work/tcm-storage-ios/tcm-storage-ios/build/Build/Products/Debug-iphonesimulator/PackageFrameworks"
2026-04-22T16:45:07.8305340Z ignoring duplicate directory "/Users/runner/work/tcm-storage-ios/tcm-storage-ios/build/Build/Products/Debug-iphonesimulator/PackageFrameworks"
2026-04-22T16:45:07.8306130Z ignoring duplicate directory "/Users/runner/work/tcm-storage-ios/tcm-storage-ios/build/Build/Products/Debug-iphonesimulator/PackageFrameworks"
2026-04-22T16:45:07.8308870Z ignoring duplicate directory "/Users/runner/work/tcm-storage-ios/tcm-storage-ios/build/Build/Products/Debug-iphonesimulator/PackageFrameworks"
2026-04-22T16:45:07.8312640Z ignoring duplicate directory "/Users/runner/work/tcm-storage-ios/tcm-storage-ios/build/Build/Products/Debug-iphonesimulator/PackageFrameworks"
2026-04-22T16:45:07.8313520Z ignoring duplicate directory "/Users/runner/work/tcm-storage-ios/tcm-storage-ios/build/Build/Products/Debug-iphonesimulator/PackageFrameworks"
2026-04-22T16:45:07.8315410Z ignoring duplicate directory "/Users/runner/work/tcm-storage-ios/tcm-storage-ios/build/Build/Products/Debug-iphonesimulator/PackageFrameworks"
2026-04-22T16:45:07.8317930Z ignoring duplicate directory "/Users/runner/work/tcm-storage-ios/tcm-storage-ios/build/Build/Products/Debug-iphonesimulator/PackageFrameworks"
2026-04-22T16:45:07.8318910Z ignoring duplicate directory "/Users/runner/work/tcm-storage-ios/tcm-storage-ios/build/Build/Products/Debug-iphonesimulator/PackageFrameworks"
2026-04-22T16:45:07.8321660Z ignoring duplicate directory "/Users/runner/work/tcm-storage-ios/tcm-storage-ios/build/Build/Products/Debug-iphonesimulator/PackageFrameworks"
2026-04-22T16:45:07.8322560Z ignoring duplicate directory "/Users/runner/work/tcm-storage-ios/tcm-storage-ios/build/Build/Products/Debug-iphonesimulator/PackageFrameworks"
2026-04-22T16:45:07.8323300Z ignoring duplicate directory "/Users/runner/work/tcm-storage-ios/tcm-storage-ios/build/Build/Products/Debug-iphonesimulator/PackageFrameworks"
2026-04-22T16:45:07.8324060Z ignoring duplicate directory "/Users/runner/work/tcm-storage-ios/tcm-storage-ios/build/Build/Products/Debug-iphonesimulator/PackageFrameworks"
2026-04-22T16:45:07.8325920Z ignoring duplicate directory "/Users/runner/work/tcm-storage-ios/tcm-storage-ios/build/Build/Products/Debug-iphonesimulator/PackageFrameworks"
2026-04-22T16:45:07.8328380Z ignoring duplicate directory "/Users/runner/work/tcm-storage-ios/tcm-storage-ios/build/Build/Products/Debug-iphonesimulator/PackageFrameworks"
2026-04-22T16:45:07.8329880Z ignoring duplicate directory "/Users/runner/work/tcm-storage-ios/tcm-storage-ios/build/Build/Products/Debug-iphonesimulator/PackageFrameworks"
2026-04-22T16:45:07.8331390Z ignoring duplicate directory "/Users/runner/work/tcm-storage-ios/tcm-storage-ios/build/Build/Products/Debug-iphonesimulator/PackageFrameworks"
2026-04-22T16:45:07.8334970Z ignoring duplicate directory "/Users/runner/work/tcm-storage-ios/tcm-storage-ios/build/Build/Products/Debug-iphonesimulator/PackageFrameworks"
2026-04-22T16:45:07.8336060Z ignoring duplicate directory "/Users/runner/work/tcm-storage-ios/tcm-storage-ios/build/Build/Products/Debug-iphonesimulator/PackageFrameworks"
2026-04-22T16:45:07.8338940Z ignoring duplicate directory "/Users/runner/work/tcm-storage-ios/tcm-storage-ios/build/Build/Products/Debug-iphonesimulator/PackageFrameworks"
2026-04-22T16:45:07.8351230Z ignoring duplicate directory "/Users/runner/work/tcm-storage-ios/tcm-storage-ios/build/Build/Products/Debug-iphonesimulator/PackageFrameworks"
2026-04-22T16:45:07.8353780Z ignoring duplicate directory "/Users/runner/work/tcm-storage-ios/tcm-storage-ios/build/Build/Products/Debug-iphonesimulator/PackageFrameworks"
2026-04-22T16:45:07.8356140Z ignoring duplicate directory "/Users/runner/work/tcm-storage-ios/tcm-storage-ios/build/Build/Products/Debug-iphonesimulator/PackageFrameworks"
2026-04-22T16:45:07.8358290Z ignoring duplicate directory "/Users/runner/work/tcm-storage-ios/tcm-storage-ios/build/Build/Products/Debug-iphonesimulator/PackageFrameworks"
2026-04-22T16:45:07.8362150Z ignoring duplicate directory "/Users/runner/work/tcm-storage-ios/tcm-storage-ios/build/Build/Products/Debug-iphonesimulator/PackageFrameworks"
2026-04-22T16:45:07.8363560Z ignoring duplicate directory "/Users/runner/work/tcm-storage-ios/tcm-storage-ios/build/Build/Products/Debug-iphonesimulator/PackageFrameworks"
2026-04-22T16:45:07.8364340Z ignoring duplicate directory "/Users/runner/work/tcm-storage-ios/tcm-storage-ios/build/Build/Products/Debug-iphonesimulator/PackageFrameworks"
2026-04-22T16:45:07.8365080Z ignoring duplicate directory "/Users/runner/work/tcm-storage-ios/tcm-storage-ios/build/Build/Products/Debug-iphonesimulator/PackageFrameworks"
2026-04-22T16:45:07.8365830Z ignoring duplicate directory "/Users/runner/work/tcm-storage-ios/tcm-storage-ios/build/Build/Products/Debug-iphonesimulator/PackageFrameworks"
2026-04-22T16:45:07.8366590Z ignoring duplicate directory "/Users/runner/work/tcm-storage-ios/tcm-storage-ios/build/Build/Products/Debug-iphonesimulator/PackageFrameworks"
2026-04-22T16:45:07.8367320Z ignoring duplicate directory "/Users/runner/work/tcm-storage-ios/tcm-storage-ios/build/Build/Products/Debug-iphonesimulator/PackageFrameworks"
2026-04-22T16:45:07.8368050Z ignoring duplicate directory "/Users/runner/work/tcm-storage-ios/tcm-storage-ios/build/Build/Products/Debug-iphonesimulator/PackageFrameworks"
2026-04-22T16:45:07.8368780Z ignoring duplicate directory "/Users/runner/work/tcm-storage-ios/tcm-storage-ios/build/Build/Products/Debug-iphonesimulator/PackageFrameworks"
2026-04-22T16:45:07.8369520Z ignoring duplicate directory "/Users/runner/work/tcm-storage-ios/tcm-storage-ios/build/Build/Products/Debug-iphonesimulator/PackageFrameworks"
2026-04-22T16:45:07.8370260Z ignoring duplicate directory "/Users/runner/work/tcm-storage-ios/tcm-storage-ios/build/Build/Products/Debug-iphonesimulator/PackageFrameworks"
2026-04-22T16:45:07.8370990Z ignoring duplicate directory "/Users/runner/work/tcm-storage-ios/tcm-storage-ios/build/Build/Products/Debug-iphonesimulator/PackageFrameworks"
2026-04-22T16:45:07.8371720Z ignoring duplicate directory "/Users/runner/work/tcm-storage-ios/tcm-storage-ios/build/Build/Products/Debug-iphonesimulator/PackageFrameworks"
2026-04-22T16:45:07.8372450Z ignoring duplicate directory "/Users/runner/work/tcm-storage-ios/tcm-storage-ios/build/Build/Products/Debug-iphonesimulator/PackageFrameworks"
2026-04-22T16:45:07.8373290Z ignoring duplicate directory "/Users/runner/work/tcm-storage-ios/tcm-storage-ios/build/Build/Products/Debug-iphonesimulator/PackageFrameworks"
2026-04-22T16:45:07.8374020Z ignoring duplicate directory "/Users/runner/work/tcm-storage-ios/tcm-storage-ios/build/Build/Products/Debug-iphonesimulator/PackageFrameworks"
2026-04-22T16:45:07.8374770Z ignoring duplicate directory "/Users/runner/work/tcm-storage-ios/tcm-storage-ios/build/Build/Products/Debug-iphonesimulator/PackageFrameworks"
2026-04-22T16:45:07.8375530Z ignoring duplicate directory "/Users/runner/work/tcm-storage-ios/tcm-storage-ios/build/Build/Products/Debug-iphonesimulator/PackageFrameworks"
2026-04-22T16:45:07.8376260Z ignoring duplicate directory "/Users/runner/work/tcm-storage-ios/tcm-storage-ios/build/Build/Products/Debug-iphonesimulator/PackageFrameworks"
2026-04-22T16:45:07.8376980Z ignoring duplicate directory "/Users/runner/work/tcm-storage-ios/tcm-storage-ios/build/Build/Products/Debug-iphonesimulator/PackageFrameworks"
2026-04-22T16:45:07.8377730Z ignoring duplicate directory "/Users/runner/work/tcm-storage-ios/tcm-storage-ios/build/Build/Products/Debug-iphonesimulator/PackageFrameworks"
2026-04-22T16:45:07.8378520Z ignoring duplicate directory "/Users/runner/work/tcm-storage-ios/tcm-storage-ios/build/Build/Products/Debug-iphonesimulator/PackageFrameworks"
2026-04-22T16:45:07.8379260Z ignoring duplicate directory "/Users/runner/work/tcm-storage-ios/tcm-storage-ios/build/Build/Products/Debug-iphonesimulator/PackageFrameworks"
2026-04-22T16:45:07.8380000Z ignoring duplicate directory "/Users/runner/work/tcm-storage-ios/tcm-storage-ios/build/Build/Products/Debug-iphonesimulator/PackageFrameworks"
2026-04-22T16:45:07.8380900Z ignoring duplicate directory "/Users/runner/work/tcm-storage-ios/tcm-storage-ios/build/Build/Products/Debug-iphonesimulator/PackageFrameworks"
2026-04-22T16:45:07.8381670Z ignoring duplicate directory "/Users/runner/work/tcm-storage-ios/tcm-storage-ios/build/Build/Products/Debug-iphonesimulator/PackageFrameworks"
2026-04-22T16:45:07.8382430Z ignoring duplicate directory "/Users/runner/work/tcm-storage-ios/tcm-storage-ios/build/Build/Products/Debug-iphonesimulator/PackageFrameworks"
2026-04-22T16:45:07.8383210Z ignoring duplicate directory "/Users/runner/work/tcm-storage-ios/tcm-storage-ios/build/Build/Products/Debug-iphonesimulator/PackageFrameworks"
2026-04-22T16:45:07.8384010Z ignoring duplicate directory "/Users/runner/work/tcm-storage-ios/tcm-storage-ios/build/Build/Products/Debug-iphonesimulator/PackageFrameworks"
2026-04-22T16:45:07.8384790Z ignoring duplicate directory "/Users/runner/work/tcm-storage-ios/tcm-storage-ios/build/Build/Products/Debug-iphonesimulator/PackageFrameworks"
2026-04-22T16:45:07.8385550Z ignoring duplicate directory "/Users/runner/work/tcm-storage-ios/tcm-storage-ios/build/Build/Products/Debug-iphonesimulator/PackageFrameworks"
2026-04-22T16:45:07.8386290Z ignoring duplicate directory "/Users/runner/work/tcm-storage-ios/tcm-storage-ios/build/Build/Products/Debug-iphonesimulator/PackageFrameworks"
2026-04-22T16:45:07.8387070Z ignoring duplicate directory "/Users/runner/work/tcm-storage-ios/tcm-storage-ios/build/Build/Products/Debug-iphonesimulator/PackageFrameworks"
2026-04-22T16:45:07.8387810Z ignoring duplicate directory "/Users/runner/work/tcm-storage-ios/tcm-storage-ios/build/Build/Products/Debug-iphonesimulator/PackageFrameworks"
2026-04-22T16:45:07.8388530Z ignoring duplicate directory "/Users/runner/work/tcm-storage-ios/tcm-storage-ios/build/Build/Products/Debug-iphonesimulator/PackageFrameworks"
2026-04-22T16:45:07.8389870Z ignoring duplicate directory "/Users/runner/work/tcm-storage-ios/tcm-storage-ios/build/Build/Products/Debug-iphonesimulator/PackageFrameworks"
2026-04-22T16:45:07.8390630Z ignoring duplicate directory "/Users/runner/work/tcm-storage-ios/tcm-storage-ios/build/Build/Products/Debug-iphonesimulator/PackageFrameworks"
2026-04-22T16:45:07.8391360Z ignoring duplicate directory "/Users/runner/work/tcm-storage-ios/tcm-storage-ios/build/Build/Products/Debug-iphonesimulator/PackageFrameworks"
2026-04-22T16:45:07.8392210Z ignoring duplicate directory "/Users/runner/work/tcm-storage-ios/tcm-storage-ios/build/Build/Products/Debug-iphonesimulator/PackageFrameworks"
2026-04-22T16:45:07.8392940Z ignoring duplicate directory "/Users/runner/work/tcm-storage-ios/tcm-storage-ios/build/Build/Products/Debug-iphonesimulator/PackageFrameworks"
2026-04-22T16:45:07.8393710Z ignoring duplicate directory "/Users/runner/work/tcm-storage-ios/tcm-storage-ios/build/Build/Products/Debug-iphonesimulator/PackageFrameworks"
2026-04-22T16:45:07.8394200Z #include "..." search starts here:
2026-04-22T16:45:07.8394810Z  /Users/runner/work/tcm-storage-ios/tcm-storage-ios/build/Build/Intermediates.noindex/Nextcloud.build/Debug-iphonesimulator/Nextcloud.build/Nextcloud-generated-files.hmap (headermap)
2026-04-22T16:45:07.8395830Z  /Users/runner/work/tcm-storage-ios/tcm-storage-ios/build/Build/Intermediates.noindex/Nextcloud.build/Debug-iphonesimulator/Nextcloud.build/Nextcloud-project-headers.hmap (headermap)
2026-04-22T16:45:07.8396460Z #include <...> search starts here:
2026-04-22T16:45:07.8397180Z  /Users/runner/work/tcm-storage-ios/tcm-storage-ios/build/Build/Intermediates.noindex/Nextcloud.build/Debug-iphonesimulator/Nextcloud.build/Nextcloud-own-target-headers.hmap (headermap)
2026-04-22T16:45:07.8398370Z  /Users/runner/work/tcm-storage-ios/tcm-storage-ios/build/Build/Intermediates.noindex/Nextcloud.build/Debug-iphonesimulator/Nextcloud.build/Nextcloud-all-non-framework-target-headers.hmap (headermap)
2026-04-22T16:45:07.8399380Z  /Users/runner/work/tcm-storage-ios/tcm-storage-ios/build/SourcePackages/checkouts/swift-nio-ssl/Sources/CNIOBoringSSLShims/include
2026-04-22T16:45:07.8400300Z  /Users/runner/work/tcm-storage-ios/tcm-storage-ios/build/SourcePackages/checkouts/swift-nio-ssl/Sources/CNIOBoringSSL/include
2026-04-22T16:45:07.8401130Z  /Users/runner/work/tcm-storage-ios/tcm-storage-ios/build/SourcePackages/checkouts/swift-atomics/Sources/_AtomicsShims/include
2026-04-22T16:45:07.8401780Z  /Users/runner/work/tcm-storage-ios/tcm-storage-ios/build/SourcePackages/checkouts/swift-nio/Sources/CNIOPosix/include
2026-04-22T16:45:07.8402450Z  /Users/runner/work/tcm-storage-ios/tcm-storage-ios/build/SourcePackages/checkouts/swift-nio/Sources/CNIOWASI/include
2026-04-22T16:45:07.8403050Z  /Users/runner/work/tcm-storage-ios/tcm-storage-ios/build/SourcePackages/checkouts/swift-nio/Sources/CNIOWindows/include
2026-04-22T16:45:07.8403660Z  /Users/runner/work/tcm-storage-ios/tcm-storage-ios/build/SourcePackages/checkouts/swift-nio/Sources/CNIOLinux/include
2026-04-22T16:45:07.8404260Z  /Users/runner/work/tcm-storage-ios/tcm-storage-ios/build/SourcePackages/checkouts/swift-nio/Sources/CNIODarwin/include
2026-04-22T16:45:07.8406000Z  /Users/runner/work/tcm-storage-ios/tcm-storage-ios/build/SourcePackages/checkouts/swift-nio/Sources/CNIOOpenBSD/include
2026-04-22T16:45:07.8407880Z  /Users/runner/work/tcm-storage-ios/tcm-storage-ios/build/SourcePackages/checkouts/swift-nio/Sources/CNIOAtomics/include
2026-04-22T16:45:07.8409510Z  /Users/runner/work/tcm-storage-ios/tcm-storage-ios/build/SourcePackages/checkouts/realm-core/src
2026-04-22T16:45:07.8410950Z  /Users/runner/work/tcm-storage-ios/tcm-storage-ios/build/SourcePackages/checkouts/realm-core/src/external/s2
2026-04-22T16:45:07.8412730Z  /Users/runner/work/tcm-storage-ios/tcm-storage-ios/build/SourcePackages/checkouts/realm-core/src/external/IntelRDFPMathLib20U2/LIBRARY/src
2026-04-22T16:45:07.8414510Z  /Users/runner/work/tcm-storage-ios/tcm-storage-ios/build/SourcePackages/checkouts/realm-core/src/spm
2026-04-22T16:45:07.8415970Z  /Users/runner/work/tcm-storage-ios/tcm-storage-ios/build/SourcePackages/checkouts/realm-swift/include
2026-04-22T16:45:07.8417680Z  /Users/runner/work/tcm-storage-ios/tcm-storage-ios/build/SourcePackages/checkouts/GoogleUtilities/GoogleUtilities/NSData+zlib/Public
2026-04-22T16:45:07.8419590Z  /Users/runner/work/tcm-storage-ios/tcm-storage-ios/build/SourcePackages/checkouts/GoogleUtilities/GoogleUtilities/Logger/Public
2026-04-22T16:45:07.8422340Z  /Users/runner/work/tcm-storage-ios/tcm-storage-ios/build/SourcePackages/checkouts/GoogleUtilities/GoogleUtilities/Environment/Public
2026-04-22T16:45:07.8423890Z  /Users/runner/work/tcm-storage-ios/tcm-storage-ios/build/SourcePackages/checkouts/GoogleUtilities/third_party/IsAppEncrypted/Public
2026-04-22T16:45:07.8424750Z  /Users/runner/work/tcm-storage-ios/tcm-storage-ios/build/SourcePackages/checkouts/GoogleUtilities/GoogleUtilities/UserDefaults/Public
2026-04-22T16:45:07.8425500Z  /Users/runner/work/tcm-storage-ios/tcm-storage-ios/build/SourcePackages/checkouts/nanopb/spm_headers
2026-04-22T16:45:07.8426090Z  /Users/runner/work/tcm-storage-ios/tcm-storage-ios/build/SourcePackages/checkouts/promises/Sources/FBLPromises/include
2026-04-22T16:45:07.8426820Z  /Users/runner/work/tcm-storage-ios/tcm-storage-ios/build/SourcePackages/checkouts/GoogleDataTransport/GoogleDataTransport/GDTCORLibrary/Public
2026-04-22T16:45:07.8427830Z  /Users/runner/work/tcm-storage-ios/tcm-storage-ios/build/SourcePackages/checkouts/firebase-ios-sdk/FirebaseSessions/SourcesObjC
2026-04-22T16:45:07.8428600Z  /Users/runner/work/tcm-storage-ios/tcm-storage-ios/build/SourcePackages/checkouts/firebase-ios-sdk/FirebaseCore/Extension
2026-04-22T16:45:07.8429700Z  /Users/runner/work/tcm-storage-ios/tcm-storage-ios/build/SourcePackages/checkouts/firebase-ios-sdk/FirebaseInstallations/Source/Library/Public
2026-04-22T16:45:07.8431610Z  /Users/runner/work/tcm-storage-ios/tcm-storage-ios/build/SourcePackages/checkouts/firebase-ios-sdk/FirebaseCore/Sources/Public
2026-04-22T16:45:07.8432240Z  /Users/runner/work/tcm-storage-ios/tcm-storage-ios/build/SourcePackages/checkouts/firebase-ios-sdk/CoreOnly/Sources
2026-04-22T16:45:07.8433010Z  /Users/runner/work/tcm-storage-ios/tcm-storage-ios/build/SourcePackages/checkouts/firebase-ios-sdk/Crashlytics/Crashlytics/Public
2026-04-22T16:45:07.8433770Z  /Users/runner/work/tcm-storage-ios/tcm-storage-ios/build/SourcePackages/checkouts/GzipSwift/Sources/system-zlib/include
2026-04-22T16:45:07.8434490Z  /Users/runner/work/tcm-storage-ios/tcm-storage-ios/build/Build/Intermediates.noindex/Nextcloud.build/Debug-iphonesimulator/Nextcloud.build/DerivedSources
2026-04-22T16:45:07.8435280Z  /Users/runner/work/tcm-storage-ios/tcm-storage-ios/build/Build/Products/Debug-iphonesimulator/PackageFrameworks (framework directory)
2026-04-22T16:45:07.8436060Z  /Users/runner/work/tcm-storage-ios/tcm-storage-ios/build/Build/Products/Debug-iphonesimulator (framework directory)
2026-04-22T16:45:07.8436710Z  /Applications/Xcode_26.2.app/Contents/Developer/Platforms/iPhoneSimulator.platform/Developer/Library/Frameworks (framework directory)
2026-04-22T16:45:07.8437520Z  /Applications/Xcode_26.2.app/Contents/Developer/Platforms/iPhoneSimulator.platform/Developer/SDKs/iPhoneSimulator26.2.sdk/Developer/Library/Frameworks (framework directory)
2026-04-22T16:45:07.8438510Z  /Applications/Xcode_26.2.app/Contents/Developer/Toolchains/XcodeDefault.xctoolchain/usr/lib/clang/17/include
2026-04-22T16:45:07.8439140Z  /Applications/Xcode_26.2.app/Contents/Developer/Platforms/iPhoneSimulator.platform/Developer/SDKs/iPhoneSimulator26.2.sdk/usr/include
2026-04-22T16:45:07.8439730Z  /Applications/Xcode_26.2.app/Contents/Developer/Toolchains/XcodeDefault.xctoolchain/usr/include
2026-04-22T16:45:07.8440440Z  /Applications/Xcode_26.2.app/Contents/Developer/Platforms/iPhoneSimulator.platform/Developer/SDKs/iPhoneSimulator26.2.sdk/System/Library/Frameworks (framework directory)
2026-04-22T16:45:07.8441340Z  /Applications/Xcode_26.2.app/Contents/Developer/Platforms/iPhoneSimulator.platform/Developer/SDKs/iPhoneSimulator26.2.sdk/System/Library/SubFrameworks (framework directory)
2026-04-22T16:45:07.8441880Z End of search list.
2026-04-22T16:45:07.8482110Z clang -cc1 version 17.0.0 (clang-1700.6.3.2) default target arm64-apple-darwin24.6.0
2026-04-22T16:45:07.8484250Z ignoring nonexistent directory "/Users/runner/work/tcm-storage-ios/tcm-storage-ios/build/Build/Products/Debug-iphonesimulator/include"
2026-04-22T16:45:07.8526340Z ignoring nonexistent directory "/Users/runner/work/tcm-storage-ios/tcm-storage-ios/build/Build/Intermediates.noindex/Nextcloud.build/Debug-iphonesimulator/Nextcloud.build/DerivedSources-normal/arm64"
2026-04-22T16:45:07.8574770Z ignoring nonexistent directory "/Users/runner/work/tcm-storage-ios/tcm-storage-ios/build/Build/Intermediates.noindex/Nextcloud.build/Debug-iphonesimulator/Nextcloud.build/DerivedSources/arm64"
2026-04-22T16:45:07.8577900Z ignoring nonexistent directory "/Applications/Xcode_26.2.app/Contents/Developer/Platforms/iPhoneSimulator.platform/Developer/SDKs/iPhoneSimulator26.2.sdk/usr/local/include"
2026-04-22T16:45:07.8678700Z ignoring nonexistent directory "/Applications/Xcode_26.2.app/Contents/Developer/Platforms/iPhoneSimulator.platform/Developer/SDKs/iPhoneSimulator26.2.sdk/Library/Frameworks"
2026-04-22T16:45:07.8679940Z ignoring duplicate directory "/Users/runner/work/tcm-storage-ios/tcm-storage-ios/build/Build/Products/Debug-iphonesimulator/PackageFrameworks"
2026-04-22T16:45:07.8680880Z ignoring duplicate directory "/Users/runner/work/tcm-storage-ios/tcm-storage-ios/build/Build/Products/Debug-iphonesimulator/PackageFrameworks"
2026-04-22T16:45:07.8682770Z ignoring duplicate directory "/Users/runner/work/tcm-storage-ios/tcm-storage-ios/build/Build/Products/Debug-iphonesimulator/PackageFrameworks"
2026-04-22T16:45:07.8688320Z ignoring duplicate directory "/Users/runner/work/tcm-storage-ios/tcm-storage-ios/build/Build/Products/Debug-iphonesimulator/PackageFrameworks"
2026-04-22T16:45:07.8694660Z ignoring duplicate directory "/Users/runner/work/tcm-storage-ios/tcm-storage-ios/build/Build/Products/Debug-iphonesimulator/PackageFrameworks"
2026-04-22T16:45:07.8787980Z ignoring duplicate directory "/Users/runner/work/tcm-storage-ios/tcm-storage-ios/build/Build/Products/Debug-iphonesimulator/PackageFrameworks"
2026-04-22T16:45:07.8791040Z ignoring duplicate directory "/Users/runner/work/tcm-storage-ios/tcm-storage-ios/build/Build/Products/Debug-iphonesimulator/PackageFrameworks"
2026-04-22T16:45:07.8793180Z ignoring duplicate directory "/Users/runner/work/tcm-storage-ios/tcm-storage-ios/build/Build/Products/Debug-iphonesimulator/PackageFrameworks"
2026-04-22T16:45:07.8795360Z ignoring duplicate directory "/Users/runner/work/tcm-storage-ios/tcm-storage-ios/build/Build/Products/Debug-iphonesimulator/PackageFrameworks"
2026-04-22T16:45:07.8797500Z ignoring duplicate directory "/Users/runner/work/tcm-storage-ios/tcm-storage-ios/build/Build/Products/Debug-iphonesimulator/PackageFrameworks"
2026-04-22T16:45:07.8799890Z ignoring duplicate directory "/Users/runner/work/tcm-storage-ios/tcm-storage-ios/build/Build/Products/Debug-iphonesimulator/PackageFrameworks"
2026-04-22T16:45:07.8802130Z ignoring duplicate directory "/Users/runner/work/tcm-storage-ios/tcm-storage-ios/build/Build/Products/Debug-iphonesimulator/PackageFrameworks"
2026-04-22T16:45:07.8804320Z ignoring duplicate directory "/Users/runner/work/tcm-storage-ios/tcm-storage-ios/build/Build/Products/Debug-iphonesimulator/PackageFrameworks"
2026-04-22T16:45:07.8806710Z ignoring duplicate directory "/Users/runner/work/tcm-storage-ios/tcm-storage-ios/build/Build/Products/Debug-iphonesimulator/PackageFrameworks"
2026-04-22T16:45:07.8808830Z ignoring duplicate directory "/Users/runner/work/tcm-storage-ios/tcm-storage-ios/build/Build/Products/Debug-iphonesimulator/PackageFrameworks"
2026-04-22T16:45:07.8810890Z ignoring duplicate directory "/Users/runner/work/tcm-storage-ios/tcm-storage-ios/build/Build/Products/Debug-iphonesimulator/PackageFrameworks"
2026-04-22T16:45:07.8812980Z ignoring duplicate directory "/Users/runner/work/tcm-storage-ios/tcm-storage-ios/build/Build/Products/Debug-iphonesimulator/PackageFrameworks"
2026-04-22T16:45:07.8815080Z ignoring duplicate directory "/Users/runner/work/tcm-storage-ios/tcm-storage-ios/build/Build/Products/Debug-iphonesimulator/PackageFrameworks"
2026-04-22T16:45:07.8817510Z ignoring duplicate directory "/Users/runner/work/tcm-storage-ios/tcm-storage-ios/build/Build/Products/Debug-iphonesimulator/PackageFrameworks"
2026-04-22T16:45:07.8819660Z ignoring duplicate directory "/Users/runner/work/tcm-storage-ios/tcm-storage-ios/build/Build/Products/Debug-iphonesimulator/PackageFrameworks"
2026-04-22T16:45:07.8822390Z ignoring duplicate directory "/Users/runner/work/tcm-storage-ios/tcm-storage-ios/build/Build/Products/Debug-iphonesimulator/PackageFrameworks"
2026-04-22T16:45:07.8824500Z ignoring duplicate directory "/Users/runner/work/tcm-storage-ios/tcm-storage-ios/build/Build/Products/Debug-iphonesimulator/PackageFrameworks"
2026-04-22T16:45:07.8826680Z ignoring duplicate directory "/Users/runner/work/tcm-storage-ios/tcm-storage-ios/build/Build/Products/Debug-iphonesimulator/PackageFrameworks"
2026-04-22T16:45:07.8828810Z ignoring duplicate directory "/Users/runner/work/tcm-storage-ios/tcm-storage-ios/build/Build/Products/Debug-iphonesimulator/PackageFrameworks"
2026-04-22T16:45:07.8831010Z ignoring duplicate directory "/Users/runner/work/tcm-storage-ios/tcm-storage-ios/build/Build/Products/Debug-iphonesimulator/PackageFrameworks"
2026-04-22T16:45:07.8833230Z ignoring duplicate directory "/Users/runner/work/tcm-storage-ios/tcm-storage-ios/build/Build/Products/Debug-iphonesimulator/PackageFrameworks"
2026-04-22T16:45:07.8835630Z ignoring duplicate directory "/Users/runner/work/tcm-storage-ios/tcm-storage-ios/build/Build/Products/Debug-iphonesimulator/PackageFrameworks"
2026-04-22T16:45:07.8837800Z ignoring duplicate directory "/Users/runner/work/tcm-storage-ios/tcm-storage-ios/build/Build/Products/Debug-iphonesimulator/PackageFrameworks"
2026-04-22T16:45:07.8840020Z ignoring duplicate directory "/Users/runner/work/tcm-storage-ios/tcm-storage-ios/build/Build/Products/Debug-iphonesimulator/PackageFrameworks"
2026-04-22T16:45:07.8842460Z ignoring duplicate directory "/Users/runner/work/tcm-storage-ios/tcm-storage-ios/build/Build/Products/Debug-iphonesimulator/PackageFrameworks"
2026-04-22T16:45:07.8844760Z ignoring duplicate directory "/Users/runner/work/tcm-storage-ios/tcm-storage-ios/build/Build/Products/Debug-iphonesimulator/PackageFrameworks"
2026-04-22T16:45:07.8847220Z ignoring duplicate directory "/Users/runner/work/tcm-storage-ios/tcm-storage-ios/build/Build/Products/Debug-iphonesimulator/PackageFrameworks"
2026-04-22T16:45:07.8858290Z ignoring duplicate directory "/Users/runner/work/tcm-storage-ios/tcm-storage-ios/build/Build/Products/Debug-iphonesimulator/PackageFrameworks"
2026-04-22T16:45:07.8861530Z ignoring duplicate directory "/Users/runner/work/tcm-storage-ios/tcm-storage-ios/build/Build/Products/Debug-iphonesimulator/PackageFrameworks"
2026-04-22T16:45:07.8862370Z ignoring duplicate directory "/Users/runner/work/tcm-storage-ios/tcm-storage-ios/build/Build/Products/Debug-iphonesimulator/PackageFrameworks"
2026-04-22T16:45:07.8863160Z ignoring duplicate directory "/Users/runner/work/tcm-storage-ios/tcm-storage-ios/build/Build/Products/Debug-iphonesimulator/PackageFrameworks"
2026-04-22T16:45:07.8863930Z ignoring duplicate directory "/Users/runner/work/tcm-storage-ios/tcm-storage-ios/build/Build/Products/Debug-iphonesimulator/PackageFrameworks"
2026-04-22T16:45:07.8864930Z ignoring duplicate directory "/Users/runner/work/tcm-storage-ios/tcm-storage-ios/build/Build/Products/Debug-iphonesimulator/PackageFrameworks"
2026-04-22T16:45:07.8865750Z ignoring duplicate directory "/Users/runner/work/tcm-storage-ios/tcm-storage-ios/build/Build/Products/Debug-iphonesimulator/PackageFrameworks"
2026-04-22T16:45:07.8866510Z ignoring duplicate directory "/Users/runner/work/tcm-storage-ios/tcm-storage-ios/build/Build/Products/Debug-iphonesimulator/PackageFrameworks"
2026-04-22T16:45:07.8867310Z ignoring duplicate directory "/Users/runner/work/tcm-storage-ios/tcm-storage-ios/build/Build/Products/Debug-iphonesimulator/PackageFrameworks"
2026-04-22T16:45:07.8868070Z ignoring duplicate directory "/Users/runner/work/tcm-storage-ios/tcm-storage-ios/build/Build/Products/Debug-iphonesimulator/PackageFrameworks"
2026-04-22T16:45:07.8868840Z ignoring duplicate directory "/Users/runner/work/tcm-storage-ios/tcm-storage-ios/build/Build/Products/Debug-iphonesimulator/PackageFrameworks"
2026-04-22T16:45:07.8869860Z ignoring duplicate directory "/Users/runner/work/tcm-storage-ios/tcm-storage-ios/build/Build/Products/Debug-iphonesimulator/PackageFrameworks"
2026-04-22T16:45:07.8870700Z ignoring duplicate directory "/Users/runner/work/tcm-storage-ios/tcm-storage-ios/build/Build/Products/Debug-iphonesimulator/PackageFrameworks"
2026-04-22T16:45:07.8871470Z ignoring duplicate directory "/Users/runner/work/tcm-storage-ios/tcm-storage-ios/build/Build/Products/Debug-iphonesimulator/PackageFrameworks"
2026-04-22T16:45:07.8872210Z ignoring duplicate directory "/Users/runner/work/tcm-storage-ios/tcm-storage-ios/build/Build/Products/Debug-iphonesimulator/PackageFrameworks"
2026-04-22T16:45:07.8872960Z ignoring duplicate directory "/Users/runner/work/tcm-storage-ios/tcm-storage-ios/build/Build/Products/Debug-iphonesimulator/PackageFrameworks"
2026-04-22T16:45:07.8873710Z ignoring duplicate directory "/Users/runner/work/tcm-storage-ios/tcm-storage-ios/build/Build/Products/Debug-iphonesimulator/PackageFrameworks"
2026-04-22T16:45:07.8874450Z ignoring duplicate directory "/Users/runner/work/tcm-storage-ios/tcm-storage-ios/build/Build/Products/Debug-iphonesimulator/PackageFrameworks"
2026-04-22T16:45:07.8876360Z ignoring duplicate directory "/Users/runner/work/tcm-storage-ios/tcm-storage-ios/build/Build/Products/Debug-iphonesimulator/PackageFrameworks"
2026-04-22T16:45:07.8877130Z ignoring duplicate directory "/Users/runner/work/tcm-storage-ios/tcm-storage-ios/build/Build/Products/Debug-iphonesimulator/PackageFrameworks"
2026-04-22T16:45:07.8877950Z ignoring duplicate directory "/Users/runner/work/tcm-storage-ios/tcm-storage-ios/build/Build/Products/Debug-iphonesimulator/PackageFrameworks"
2026-04-22T16:45:07.8878980Z ignoring duplicate directory "/Users/runner/work/tcm-storage-ios/tcm-storage-ios/build/Build/Products/Debug-iphonesimulator/PackageFrameworks"
2026-04-22T16:45:07.8879740Z ignoring duplicate directory "/Users/runner/work/tcm-storage-ios/tcm-storage-ios/build/Build/Products/Debug-iphonesimulator/PackageFrameworks"
2026-04-22T16:45:07.8880550Z ignoring duplicate directory "/Users/runner/work/tcm-storage-ios/tcm-storage-ios/build/Build/Products/Debug-iphonesimulator/PackageFrameworks"
2026-04-22T16:45:07.8881300Z ignoring duplicate directory "/Users/runner/work/tcm-storage-ios/tcm-storage-ios/build/Build/Products/Debug-iphonesimulator/PackageFrameworks"
2026-04-22T16:45:07.8882040Z ignoring duplicate directory "/Users/runner/work/tcm-storage-ios/tcm-storage-ios/build/Build/Products/Debug-iphonesimulator/PackageFrameworks"
2026-04-22T16:45:07.8883250Z ignoring duplicate directory "/Users/runner/work/tcm-storage-ios/tcm-storage-ios/build/Build/Products/Debug-iphonesimulator/PackageFrameworks"
2026-04-22T16:45:07.8885620Z ignoring duplicate directory "/Users/runner/work/tcm-storage-ios/tcm-storage-ios/build/Build/Products/Debug-iphonesimulator/PackageFrameworks"
2026-04-22T16:45:07.8887540Z ignoring duplicate directory "/Users/runner/work/tcm-storage-ios/tcm-storage-ios/build/Build/Products/Debug-iphonesimulator/PackageFrameworks"
2026-04-22T16:45:07.8888350Z ignoring duplicate directory "/Users/runner/work/tcm-storage-ios/tcm-storage-ios/build/Build/Products/Debug-iphonesimulator/PackageFrameworks"
2026-04-22T16:45:07.8889230Z ignoring duplicate directory "/Users/runner/work/tcm-storage-ios/tcm-storage-ios/build/Build/Products/Debug-iphonesimulator/PackageFrameworks"
2026-04-22T16:45:07.8890020Z ignoring duplicate directory "/Users/runner/work/tcm-storage-ios/tcm-storage-ios/build/Build/Products/Debug-iphonesimulator/PackageFrameworks"
2026-04-22T16:45:07.8890790Z ignoring duplicate directory "/Users/runner/work/tcm-storage-ios/tcm-storage-ios/build/Build/Products/Debug-iphonesimulator/PackageFrameworks"
2026-04-22T16:45:07.8891620Z ignoring duplicate directory "/Users/runner/work/tcm-storage-ios/tcm-storage-ios/build/Build/Products/Debug-iphonesimulator/PackageFrameworks"
2026-04-22T16:45:07.8892420Z ignoring duplicate directory "/Users/runner/work/tcm-storage-ios/tcm-storage-ios/build/Build/Products/Debug-iphonesimulator/PackageFrameworks"
2026-04-22T16:45:07.8893530Z ignoring duplicate directory "/Users/runner/work/tcm-storage-ios/tcm-storage-ios/build/Build/Products/Debug-iphonesimulator/PackageFrameworks"
2026-04-22T16:45:07.8894330Z ignoring duplicate directory "/Users/runner/work/tcm-storage-ios/tcm-storage-ios/build/Build/Products/Debug-iphonesimulator/PackageFrameworks"
2026-04-22T16:45:07.8895140Z ignoring duplicate directory "/Users/runner/work/tcm-storage-ios/tcm-storage-ios/build/Build/Products/Debug-iphonesimulator/PackageFrameworks"
2026-04-22T16:45:07.8895940Z ignoring duplicate directory "/Users/runner/work/tcm-storage-ios/tcm-storage-ios/build/Build/Products/Debug-iphonesimulator/PackageFrameworks"
2026-04-22T16:45:07.8896760Z ignoring duplicate directory "/Users/runner/work/tcm-storage-ios/tcm-storage-ios/build/Build/Products/Debug-iphonesimulator/PackageFrameworks"
2026-04-22T16:45:07.8897560Z ignoring duplicate directory "/Users/runner/work/tcm-storage-ios/tcm-storage-ios/build/Build/Products/Debug-iphonesimulator/PackageFrameworks"
2026-04-22T16:45:07.8898340Z ignoring duplicate directory "/Users/runner/work/tcm-storage-ios/tcm-storage-ios/build/Build/Products/Debug-iphonesimulator/PackageFrameworks"
2026-04-22T16:45:07.8899220Z ignoring duplicate directory "/Users/runner/work/tcm-storage-ios/tcm-storage-ios/build/Build/Products/Debug-iphonesimulator/PackageFrameworks"
2026-04-22T16:45:07.8900050Z ignoring duplicate directory "/Users/runner/work/tcm-storage-ios/tcm-storage-ios/build/Build/Products/Debug-iphonesimulator/PackageFrameworks"
2026-04-22T16:45:07.8900520Z #include "..." search starts here:
2026-04-22T16:45:07.8901260Z  /Users/runner/work/tcm-storage-ios/tcm-storage-ios/build/Build/Intermediates.noindex/Nextcloud.build/Debug-iphonesimulator/Nextcloud.build/Nextcloud-generated-files.hmap (headermap)
2026-04-22T16:45:07.8903230Z  /Users/runner/work/tcm-storage-ios/tcm-storage-ios/build/Build/Intermediates.noindex/Nextcloud.build/Debug-iphonesimulator/Nextcloud.build/Nextcloud-project-headers.hmap (headermap)
2026-04-22T16:45:07.8903890Z #include <...> search starts here:
2026-04-22T16:45:07.8904510Z  /Users/runner/work/tcm-storage-ios/tcm-storage-ios/build/Build/Intermediates.noindex/Nextcloud.build/Debug-iphonesimulator/Nextcloud.build/Nextcloud-own-target-headers.hmap (headermap)
2026-04-22T16:45:07.8905700Z  /Users/runner/work/tcm-storage-ios/tcm-storage-ios/build/Build/Intermediates.noindex/Nextcloud.build/Debug-iphonesimulator/Nextcloud.build/Nextcloud-all-non-framework-target-headers.hmap (headermap)
2026-04-22T16:45:07.8906650Z  /Users/runner/work/tcm-storage-ios/tcm-storage-ios/build/SourcePackages/checkouts/swift-nio-ssl/Sources/CNIOBoringSSLShims/include
2026-04-22T16:45:07.8907400Z  /Users/runner/work/tcm-storage-ios/tcm-storage-ios/build/SourcePackages/checkouts/swift-nio-ssl/Sources/CNIOBoringSSL/include
2026-04-22T16:45:07.8908110Z  /Users/runner/work/tcm-storage-ios/tcm-storage-ios/build/SourcePackages/checkouts/swift-atomics/Sources/_AtomicsShims/include
2026-04-22T16:45:07.8908790Z  /Users/runner/work/tcm-storage-ios/tcm-storage-ios/build/SourcePackages/checkouts/swift-nio/Sources/CNIOPosix/include
2026-04-22T16:45:07.8909450Z  /Users/runner/work/tcm-storage-ios/tcm-storage-ios/build/SourcePackages/checkouts/swift-nio/Sources/CNIOWASI/include
2026-04-22T16:45:07.8910110Z  /Users/runner/work/tcm-storage-ios/tcm-storage-ios/build/SourcePackages/checkouts/swift-nio/Sources/CNIOWindows/include
2026-04-22T16:45:07.8910750Z  /Users/runner/work/tcm-storage-ios/tcm-storage-ios/build/SourcePackages/checkouts/swift-nio/Sources/CNIOLinux/include
2026-04-22T16:45:07.8911410Z  /Users/runner/work/tcm-storage-ios/tcm-storage-ios/build/SourcePackages/checkouts/swift-nio/Sources/CNIODarwin/include
2026-04-22T16:45:07.8912070Z  /Users/runner/work/tcm-storage-ios/tcm-storage-ios/build/SourcePackages/checkouts/swift-nio/Sources/CNIOOpenBSD/include
2026-04-22T16:45:07.8912880Z  /Users/runner/work/tcm-storage-ios/tcm-storage-ios/build/SourcePackages/checkouts/swift-nio/Sources/CNIOAtomics/include
2026-04-22T16:45:07.8913610Z  /Users/runner/work/tcm-storage-ios/tcm-storage-ios/build/SourcePackages/checkouts/realm-core/src
2026-04-22T16:45:07.8914150Z  /Users/runner/work/tcm-storage-ios/tcm-storage-ios/build/SourcePackages/checkouts/realm-core/src/external/s2
2026-04-22T16:45:07.8914800Z  /Users/runner/work/tcm-storage-ios/tcm-storage-ios/build/SourcePackages/checkouts/realm-core/src/external/IntelRDFPMathLib20U2/LIBRARY/src
2026-04-22T16:45:07.8915450Z  /Users/runner/work/tcm-storage-ios/tcm-storage-ios/build/SourcePackages/checkouts/realm-core/src/spm
2026-04-22T16:45:07.8915990Z  /Users/runner/work/tcm-storage-ios/tcm-storage-ios/build/SourcePackages/checkouts/realm-swift/include
2026-04-22T16:45:07.8917260Z  /Users/runner/work/tcm-storage-ios/tcm-storage-ios/build/SourcePackages/checkouts/GoogleUtilities/GoogleUtilities/NSData+zlib/Public
2026-04-22T16:45:07.8917960Z  /Users/runner/work/tcm-storage-ios/tcm-storage-ios/build/SourcePackages/checkouts/GoogleUtilities/GoogleUtilities/Logger/Public
2026-04-22T16:45:07.8918660Z  /Users/runner/work/tcm-storage-ios/tcm-storage-ios/build/SourcePackages/checkouts/GoogleUtilities/GoogleUtilities/Environment/Public
2026-04-22T16:45:07.8919550Z  /Users/runner/work/tcm-storage-ios/tcm-storage-ios/build/SourcePackages/checkouts/GoogleUtilities/third_party/IsAppEncrypted/Public
2026-04-22T16:45:07.8920310Z  /Users/runner/work/tcm-storage-ios/tcm-storage-ios/build/SourcePackages/checkouts/GoogleUtilities/GoogleUtilities/UserDefaults/Public
2026-04-22T16:45:07.8920930Z  /Users/runner/work/tcm-storage-ios/tcm-storage-ios/build/SourcePackages/checkouts/nanopb/spm_headers
2026-04-22T16:45:07.8921900Z  /Users/runner/work/tcm-storage-ios/tcm-storage-ios/build/SourcePackages/checkouts/promises/Sources/FBLPromises/include
2026-04-22T16:45:07.8922790Z  /Users/runner/work/tcm-storage-ios/tcm-storage-ios/build/SourcePackages/checkouts/GoogleDataTransport/GoogleDataTransport/GDTCORLibrary/Public
2026-04-22T16:45:07.8923570Z  /Users/runner/work/tcm-storage-ios/tcm-storage-ios/build/SourcePackages/checkouts/firebase-ios-sdk/FirebaseSessions/SourcesObjC
2026-04-22T16:45:07.8924260Z  /Users/runner/work/tcm-storage-ios/tcm-storage-ios/build/SourcePackages/checkouts/firebase-ios-sdk/FirebaseCore/Extension
2026-04-22T16:45:07.8924990Z  /Users/runner/work/tcm-storage-ios/tcm-storage-ios/build/SourcePackages/checkouts/firebase-ios-sdk/FirebaseInstallations/Source/Library/Public
2026-04-22T16:45:07.8925770Z  /Users/runner/work/tcm-storage-ios/tcm-storage-ios/build/SourcePackages/checkouts/firebase-ios-sdk/FirebaseCore/Sources/Public
2026-04-22T16:45:07.8926460Z  /Users/runner/work/tcm-storage-ios/tcm-storage-ios/build/SourcePackages/checkouts/firebase-ios-sdk/CoreOnly/Sources
2026-04-22T16:45:07.8927290Z  /Users/runner/work/tcm-storage-ios/tcm-storage-ios/build/SourcePackages/checkouts/firebase-ios-sdk/Crashlytics/Crashlytics/Public
2026-04-22T16:45:07.8928150Z  /Users/runner/work/tcm-storage-ios/tcm-storage-ios/build/SourcePackages/checkouts/GzipSwift/Sources/system-zlib/include
2026-04-22T16:45:07.8936920Z  /Users/runner/work/tcm-storage-ios/tcm-storage-ios/build/Build/Intermediates.noindex/Nextcloud.build/Debug-iphonesimulator/Nextcloud.build/DerivedSources
2026-04-22T16:45:07.8937750Z  /Users/runner/work/tcm-storage-ios/tcm-storage-ios/build/Build/Products/Debug-iphonesimulator/PackageFrameworks (framework directory)
2026-04-22T16:45:07.8938420Z  /Users/runner/work/tcm-storage-ios/tcm-storage-ios/build/Build/Products/Debug-iphonesimulator (framework directory)
2026-04-22T16:45:07.8939090Z  /Applications/Xcode_26.2.app/Contents/Developer/Platforms/iPhoneSimulator.platform/Developer/Library/Frameworks (framework directory)
2026-04-22T16:45:07.8939920Z  /Applications/Xcode_26.2.app/Contents/Developer/Platforms/iPhoneSimulator.platform/Developer/SDKs/iPhoneSimulator26.2.sdk/Developer/Library/Frameworks (framework directory)
2026-04-22T16:45:07.8940680Z  /Applications/Xcode_26.2.app/Contents/Developer/Toolchains/XcodeDefault.xctoolchain/usr/lib/clang/17/include
2026-04-22T16:45:07.8941320Z  /Applications/Xcode_26.2.app/Contents/Developer/Platforms/iPhoneSimulator.platform/Developer/SDKs/iPhoneSimulator26.2.sdk/usr/include
2026-04-22T16:45:07.8942140Z  /Applications/Xcode_26.2.app/Contents/Developer/Toolchains/XcodeDefault.xctoolchain/usr/include
2026-04-22T16:45:07.8943440Z  /Applications/Xcode_26.2.app/Contents/Developer/Platforms/iPhoneSimulator.platform/Developer/SDKs/iPhoneSimulator26.2.sdk/System/Library/Frameworks (framework directory)
2026-04-22T16:45:07.8944380Z  /Applications/Xcode_26.2.app/Contents/Developer/Platforms/iPhoneSimulator.platform/Developer/SDKs/iPhoneSimulator26.2.sdk/System/Library/SubFrameworks (framework directory)
2026-04-22T16:45:07.8944940Z End of search list.
2026-04-22T16:45:07.8945200Z clang -cc1 version 17.0.0 (clang-1700.6.3.2) default target arm64-apple-darwin24.6.0
2026-04-22T16:45:07.8945820Z ignoring nonexistent directory "/Users/runner/work/tcm-storage-ios/tcm-storage-ios/build/Build/Products/Debug-iphonesimulator/include"
2026-04-22T16:45:07.8946750Z ignoring nonexistent directory "/Users/runner/work/tcm-storage-ios/tcm-storage-ios/build/Build/Intermediates.noindex/Nextcloud.build/Debug-iphonesimulator/Nextcloud.build/DerivedSources-normal/arm64"
2026-04-22T16:45:07.8947990Z ignoring nonexistent directory "/Users/runner/work/tcm-storage-ios/tcm-storage-ios/build/Build/Intermediates.noindex/Nextcloud.build/Debug-iphonesimulator/Nextcloud.build/DerivedSources/arm64"
2026-04-22T16:45:07.8949010Z ignoring nonexistent directory "/Applications/Xcode_26.2.app/Contents/Developer/Platforms/iPhoneSimulator.platform/Developer/SDKs/iPhoneSimulator26.2.sdk/usr/local/include"
2026-04-22T16:45:07.8950060Z ignoring nonexistent directory "/Applications/Xcode_26.2.app/Contents/Developer/Platforms/iPhoneSimulator.platform/Developer/SDKs/iPhoneSimulator26.2.sdk/Library/Frameworks"
2026-04-22T16:45:07.8951040Z ignoring duplicate directory "/Users/runner/work/tcm-storage-ios/tcm-storage-ios/build/Build/Products/Debug-iphonesimulator/PackageFrameworks"
2026-04-22T16:45:07.8951840Z ignoring duplicate directory "/Users/runner/work/tcm-storage-ios/tcm-storage-ios/build/Build/Products/Debug-iphonesimulator/PackageFrameworks"
2026-04-22T16:45:07.8952640Z ignoring duplicate directory "/Users/runner/work/tcm-storage-ios/tcm-storage-ios/build/Build/Products/Debug-iphonesimulator/PackageFrameworks"
2026-04-22T16:45:07.8953430Z ignoring duplicate directory "/Users/runner/work/tcm-storage-ios/tcm-storage-ios/build/Build/Products/Debug-iphonesimulator/PackageFrameworks"
2026-04-22T16:45:07.8954230Z ignoring duplicate directory "/Users/runner/work/tcm-storage-ios/tcm-storage-ios/build/Build/Products/Debug-iphonesimulator/PackageFrameworks"
2026-04-22T16:45:07.8955090Z ignoring duplicate directory "/Users/runner/work/tcm-storage-ios/tcm-storage-ios/build/Build/Products/Debug-iphonesimulator/PackageFrameworks"
2026-04-22T16:45:07.8955870Z ignoring duplicate directory "/Users/runner/work/tcm-storage-ios/tcm-storage-ios/build/Build/Products/Debug-iphonesimulator/PackageFrameworks"
2026-04-22T16:45:07.8956630Z ignoring duplicate directory "/Users/runner/work/tcm-storage-ios/tcm-storage-ios/build/Build/Products/Debug-iphonesimulator/PackageFrameworks"
2026-04-22T16:45:07.8957390Z ignoring duplicate directory "/Users/runner/work/tcm-storage-ios/tcm-storage-ios/build/Build/Products/Debug-iphonesimulator/PackageFrameworks"
2026-04-22T16:45:07.8958230Z ignoring duplicate directory "/Users/runner/work/tcm-storage-ios/tcm-storage-ios/build/Build/Products/Debug-iphonesimulator/PackageFrameworks"
2026-04-22T16:45:07.8958990Z ignoring duplicate directory "/Users/runner/work/tcm-storage-ios/tcm-storage-ios/build/Build/Products/Debug-iphonesimulator/PackageFrameworks"
2026-04-22T16:45:07.8959760Z ignoring duplicate directory "/Users/runner/work/tcm-storage-ios/tcm-storage-ios/build/Build/Products/Debug-iphonesimulator/PackageFrameworks"
2026-04-22T16:45:07.8960510Z ignoring duplicate directory "/Users/runner/work/tcm-storage-ios/tcm-storage-ios/build/Build/Products/Debug-iphonesimulator/PackageFrameworks"
2026-04-22T16:45:07.8961260Z ignoring duplicate directory "/Users/runner/work/tcm-storage-ios/tcm-storage-ios/build/Build/Products/Debug-iphonesimulator/PackageFrameworks"
2026-04-22T16:45:07.8962130Z ignoring duplicate directory "/Users/runner/work/tcm-storage-ios/tcm-storage-ios/build/Build/Products/Debug-iphonesimulator/PackageFrameworks"
2026-04-22T16:45:07.8962870Z ignoring duplicate directory "/Users/runner/work/tcm-storage-ios/tcm-storage-ios/build/Build/Products/Debug-iphonesimulator/PackageFrameworks"
2026-04-22T16:45:07.8963610Z ignoring duplicate directory "/Users/runner/work/tcm-storage-ios/tcm-storage-ios/build/Build/Products/Debug-iphonesimulator/PackageFrameworks"
2026-04-22T16:45:07.8964390Z ignoring duplicate directory "/Users/runner/work/tcm-storage-ios/tcm-storage-ios/build/Build/Products/Debug-iphonesimulator/PackageFrameworks"
2026-04-22T16:45:07.8965140Z ignoring duplicate directory "/Users/runner/work/tcm-storage-ios/tcm-storage-ios/build/Build/Products/Debug-iphonesimulator/PackageFrameworks"
2026-04-22T16:45:07.8965930Z ignoring duplicate directory "/Users/runner/work/tcm-storage-ios/tcm-storage-ios/build/Build/Products/Debug-iphonesimulator/PackageFrameworks"
2026-04-22T16:45:07.8966750Z ignoring duplicate directory "/Users/runner/work/tcm-storage-ios/tcm-storage-ios/build/Build/Products/Debug-iphonesimulator/PackageFrameworks"
2026-04-22T16:45:07.8967520Z ignoring duplicate directory "/Users/runner/work/tcm-storage-ios/tcm-storage-ios/build/Build/Products/Debug-iphonesimulator/PackageFrameworks"
2026-04-22T16:45:07.8968310Z ignoring duplicate directory "/Users/runner/work/tcm-storage-ios/tcm-storage-ios/build/Build/Products/Debug-iphonesimulator/PackageFrameworks"
2026-04-22T16:45:07.8969180Z ignoring duplicate directory "/Users/runner/work/tcm-storage-ios/tcm-storage-ios/build/Build/Products/Debug-iphonesimulator/PackageFrameworks"
2026-04-22T16:45:07.8970030Z ignoring duplicate directory "/Users/runner/work/tcm-storage-ios/tcm-storage-ios/build/Build/Products/Debug-iphonesimulator/PackageFrameworks"
2026-04-22T16:45:07.8970780Z ignoring duplicate directory "/Users/runner/work/tcm-storage-ios/tcm-storage-ios/build/Build/Products/Debug-iphonesimulator/PackageFrameworks"
2026-04-22T16:45:07.8971550Z ignoring duplicate directory "/Users/runner/work/tcm-storage-ios/tcm-storage-ios/build/Build/Products/Debug-iphonesimulator/PackageFrameworks"
2026-04-22T16:45:07.8972310Z ignoring duplicate directory "/Users/runner/work/tcm-storage-ios/tcm-storage-ios/build/Build/Products/Debug-iphonesimulator/PackageFrameworks"
2026-04-22T16:45:07.8973050Z ignoring duplicate directory "/Users/runner/work/tcm-storage-ios/tcm-storage-ios/build/Build/Products/Debug-iphonesimulator/PackageFrameworks"
2026-04-22T16:45:07.8973830Z ignoring duplicate directory "/Users/runner/work/tcm-storage-ios/tcm-storage-ios/build/Build/Products/Debug-iphonesimulator/PackageFrameworks"
2026-04-22T16:45:07.8974620Z ignoring duplicate directory "/Users/runner/work/tcm-storage-ios/tcm-storage-ios/build/Build/Products/Debug-iphonesimulator/PackageFrameworks"
2026-04-22T16:45:07.8975360Z ignoring duplicate directory "/Users/runner/work/tcm-storage-ios/tcm-storage-ios/build/Build/Products/Debug-iphonesimulator/PackageFrameworks"
2026-04-22T16:45:07.8976090Z ignoring duplicate directory "/Users/runner/work/tcm-storage-ios/tcm-storage-ios/build/Build/Products/Debug-iphonesimulator/PackageFrameworks"
2026-04-22T16:45:07.8976830Z ignoring duplicate directory "/Users/runner/work/tcm-storage-ios/tcm-storage-ios/build/Build/Products/Debug-iphonesimulator/PackageFrameworks"
2026-04-22T16:45:07.8977580Z ignoring duplicate directory "/Users/runner/work/tcm-storage-ios/tcm-storage-ios/build/Build/Products/Debug-iphonesimulator/PackageFrameworks"
2026-04-22T16:45:07.8978350Z ignoring duplicate directory "/Users/runner/work/tcm-storage-ios/tcm-storage-ios/build/Build/Products/Debug-iphonesimulator/PackageFrameworks"
2026-04-22T16:45:07.8979090Z ignoring duplicate directory "/Users/runner/work/tcm-storage-ios/tcm-storage-ios/build/Build/Products/Debug-iphonesimulator/PackageFrameworks"
2026-04-22T16:45:07.8980090Z ignoring duplicate directory "/Users/runner/work/tcm-storage-ios/tcm-storage-ios/build/Build/Products/Debug-iphonesimulator/PackageFrameworks"
2026-04-22T16:45:07.8980840Z ignoring duplicate directory "/Users/runner/work/tcm-storage-ios/tcm-storage-ios/build/Build/Products/Debug-iphonesimulator/PackageFrameworks"
2026-04-22T16:45:07.8981610Z ignoring duplicate directory "/Users/runner/work/tcm-storage-ios/tcm-storage-ios/build/Build/Products/Debug-iphonesimulator/PackageFrameworks"
2026-04-22T16:45:07.8982390Z ignoring duplicate directory "/Users/runner/work/tcm-storage-ios/tcm-storage-ios/build/Build/Products/Debug-iphonesimulator/PackageFrameworks"
2026-04-22T16:45:07.8983150Z ignoring duplicate directory "/Users/runner/work/tcm-storage-ios/tcm-storage-ios/build/Build/Products/Debug-iphonesimulator/PackageFrameworks"
2026-04-22T16:45:07.8985510Z ignoring duplicate directory "/Users/runner/work/tcm-storage-ios/tcm-storage-ios/build/Build/Products/Debug-iphonesimulator/PackageFrameworks"
2026-04-22T16:45:07.8986290Z ignoring duplicate directory "/Users/runner/work/tcm-storage-ios/tcm-storage-ios/build/Build/Products/Debug-iphonesimulator/PackageFrameworks"
2026-04-22T16:45:07.8987300Z ignoring duplicate directory "/Users/runner/work/tcm-storage-ios/tcm-storage-ios/build/Build/Products/Debug-iphonesimulator/PackageFrameworks"
2026-04-22T16:45:07.8988120Z ignoring duplicate directory "/Users/runner/work/tcm-storage-ios/tcm-storage-ios/build/Build/Products/Debug-iphonesimulator/PackageFrameworks"
2026-04-22T16:45:07.8988940Z ignoring duplicate directory "/Users/runner/work/tcm-storage-ios/tcm-storage-ios/build/Build/Products/Debug-iphonesimulator/PackageFrameworks"
2026-04-22T16:45:07.8989850Z ignoring duplicate directory "/Users/runner/work/tcm-storage-ios/tcm-storage-ios/build/Build/Products/Debug-iphonesimulator/PackageFrameworks"
2026-04-22T16:45:07.8990610Z ignoring duplicate directory "/Users/runner/work/tcm-storage-ios/tcm-storage-ios/build/Build/Products/Debug-iphonesimulator/PackageFrameworks"
2026-04-22T16:45:07.8991400Z ignoring duplicate directory "/Users/runner/work/tcm-storage-ios/tcm-storage-ios/build/Build/Products/Debug-iphonesimulator/PackageFrameworks"
2026-04-22T16:45:07.8992170Z ignoring duplicate directory "/Users/runner/work/tcm-storage-ios/tcm-storage-ios/build/Build/Products/Debug-iphonesimulator/PackageFrameworks"
2026-04-22T16:45:07.8992930Z ignoring duplicate directory "/Users/runner/work/tcm-storage-ios/tcm-storage-ios/build/Build/Products/Debug-iphonesimulator/PackageFrameworks"
2026-04-22T16:45:07.8993690Z ignoring duplicate directory "/Users/runner/work/tcm-storage-ios/tcm-storage-ios/build/Build/Products/Debug-iphonesimulator/PackageFrameworks"
2026-04-22T16:45:07.8994460Z ignoring duplicate directory "/Users/runner/work/tcm-storage-ios/tcm-storage-ios/build/Build/Products/Debug-iphonesimulator/PackageFrameworks"
2026-04-22T16:45:07.8995250Z ignoring duplicate directory "/Users/runner/work/tcm-storage-ios/tcm-storage-ios/build/Build/Products/Debug-iphonesimulator/PackageFrameworks"
2026-04-22T16:45:07.8996150Z ignoring duplicate directory "/Users/runner/work/tcm-storage-ios/tcm-storage-ios/build/Build/Products/Debug-iphonesimulator/PackageFrameworks"
2026-04-22T16:45:07.8996960Z ignoring duplicate directory "/Users/runner/work/tcm-storage-ios/tcm-storage-ios/build/Build/Products/Debug-iphonesimulator/PackageFrameworks"
2026-04-22T16:45:07.8997770Z ignoring duplicate directory "/Users/runner/work/tcm-storage-ios/tcm-storage-ios/build/Build/Products/Debug-iphonesimulator/PackageFrameworks"
2026-04-22T16:45:07.8998560Z ignoring duplicate directory "/Users/runner/work/tcm-storage-ios/tcm-storage-ios/build/Build/Products/Debug-iphonesimulator/PackageFrameworks"
2026-04-22T16:45:07.8999350Z ignoring duplicate directory "/Users/runner/work/tcm-storage-ios/tcm-storage-ios/build/Build/Products/Debug-iphonesimulator/PackageFrameworks"
2026-04-22T16:45:07.9000180Z ignoring duplicate directory "/Users/runner/work/tcm-storage-ios/tcm-storage-ios/build/Build/Products/Debug-iphonesimulator/PackageFrameworks"
2026-04-22T16:45:07.9001060Z ignoring duplicate directory "/Users/runner/work/tcm-storage-ios/tcm-storage-ios/build/Build/Products/Debug-iphonesimulator/PackageFrameworks"
2026-04-22T16:45:07.9001840Z ignoring duplicate directory "/Users/runner/work/tcm-storage-ios/tcm-storage-ios/build/Build/Products/Debug-iphonesimulator/PackageFrameworks"
2026-04-22T16:45:07.9002750Z ignoring duplicate directory "/Users/runner/work/tcm-storage-ios/tcm-storage-ios/build/Build/Products/Debug-iphonesimulator/PackageFrameworks"
2026-04-22T16:45:07.9003550Z ignoring duplicate directory "/Users/runner/work/tcm-storage-ios/tcm-storage-ios/build/Build/Products/Debug-iphonesimulator/PackageFrameworks"
2026-04-22T16:45:07.9004360Z ignoring duplicate directory "/Users/runner/work/tcm-storage-ios/tcm-storage-ios/build/Build/Products/Debug-iphonesimulator/PackageFrameworks"
2026-04-22T16:45:07.9005140Z ignoring duplicate directory "/Users/runner/work/tcm-storage-ios/tcm-storage-ios/build/Build/Products/Debug-iphonesimulator/PackageFrameworks"
2026-04-22T16:45:07.9005900Z ignoring duplicate directory "/Users/runner/work/tcm-storage-ios/tcm-storage-ios/build/Build/Products/Debug-iphonesimulator/PackageFrameworks"
2026-04-22T16:45:07.9006860Z ignoring duplicate directory "/Users/runner/work/tcm-storage-ios/tcm-storage-ios/build/Build/Products/Debug-iphonesimulator/PackageFrameworks"
2026-04-22T16:45:07.9007660Z ignoring duplicate directory "/Users/runner/work/tcm-storage-ios/tcm-storage-ios/build/Build/Products/Debug-iphonesimulator/PackageFrameworks"
2026-04-22T16:45:07.9008530Z ignoring duplicate directory "/Users/runner/work/tcm-storage-ios/tcm-storage-ios/build/Build/Products/Debug-iphonesimulator/PackageFrameworks"
2026-04-22T16:45:07.9009420Z ignoring duplicate directory "/Users/runner/work/tcm-storage-ios/tcm-storage-ios/build/Build/Products/Debug-iphonesimulator/PackageFrameworks"
2026-04-22T16:45:07.9010210Z ignoring duplicate directory "/Users/runner/work/tcm-storage-ios/tcm-storage-ios/build/Build/Products/Debug-iphonesimulator/PackageFrameworks"
2026-04-22T16:45:07.9011000Z ignoring duplicate directory "/Users/runner/work/tcm-storage-ios/tcm-storage-ios/build/Build/Products/Debug-iphonesimulator/PackageFrameworks"
2026-04-22T16:45:07.9011760Z ignoring duplicate directory "/Users/runner/work/tcm-storage-ios/tcm-storage-ios/build/Build/Products/Debug-iphonesimulator/PackageFrameworks"
2026-04-22T16:45:07.9012490Z ignoring duplicate directory "/Users/runner/work/tcm-storage-ios/tcm-storage-ios/build/Build/Products/Debug-iphonesimulator/PackageFrameworks"
2026-04-22T16:45:07.9012990Z #include "..." search starts here:
2026-04-22T16:45:07.9013570Z  /Users/runner/work/tcm-storage-ios/tcm-storage-ios/build/Build/Intermediates.noindex/Nextcloud.build/Debug-iphonesimulator/Nextcloud.build/Nextcloud-generated-files.hmap (headermap)
2026-04-22T16:45:07.9014610Z  /Users/runner/work/tcm-storage-ios/tcm-storage-ios/build/Build/Intermediates.noindex/Nextcloud.build/Debug-iphonesimulator/Nextcloud.build/Nextcloud-project-headers.hmap (headermap)
2026-04-22T16:45:07.9015230Z #include <...> search starts here:
2026-04-22T16:45:07.9015840Z  /Users/runner/work/tcm-storage-ios/tcm-storage-ios/build/Build/Intermediates.noindex/Nextcloud.build/Debug-iphonesimulator/Nextcloud.build/Nextcloud-own-target-headers.hmap (headermap)
2026-04-22T16:45:07.9016940Z  /Users/runner/work/tcm-storage-ios/tcm-storage-ios/build/Build/Intermediates.noindex/Nextcloud.build/Debug-iphonesimulator/Nextcloud.build/Nextcloud-all-non-framework-target-headers.hmap (headermap)
2026-04-22T16:45:07.9017880Z  /Users/runner/work/tcm-storage-ios/tcm-storage-ios/build/SourcePackages/checkouts/swift-nio-ssl/Sources/CNIOBoringSSLShims/include
2026-04-22T16:45:07.9018600Z  /Users/runner/work/tcm-storage-ios/tcm-storage-ios/build/SourcePackages/checkouts/swift-nio-ssl/Sources/CNIOBoringSSL/include
2026-04-22T16:45:07.9019280Z  /Users/runner/work/tcm-storage-ios/tcm-storage-ios/build/SourcePackages/checkouts/swift-atomics/Sources/_AtomicsShims/include
2026-04-22T16:45:07.9020070Z  /Users/runner/work/tcm-storage-ios/tcm-storage-ios/build/SourcePackages/checkouts/swift-nio/Sources/CNIOPosix/include
2026-04-22T16:45:07.9020730Z  /Users/runner/work/tcm-storage-ios/tcm-storage-ios/build/SourcePackages/checkouts/swift-nio/Sources/CNIOWASI/include
2026-04-22T16:45:07.9021370Z  /Users/runner/work/tcm-storage-ios/tcm-storage-ios/build/SourcePackages/checkouts/swift-nio/Sources/CNIOWindows/include
2026-04-22T16:45:07.9021990Z  /Users/runner/work/tcm-storage-ios/tcm-storage-ios/build/SourcePackages/checkouts/swift-nio/Sources/CNIOLinux/include
2026-04-22T16:45:07.9022600Z  /Users/runner/work/tcm-storage-ios/tcm-storage-ios/build/SourcePackages/checkouts/swift-nio/Sources/CNIODarwin/include
2026-04-22T16:45:07.9024360Z  /Users/runner/work/tcm-storage-ios/tcm-storage-ios/build/SourcePackages/checkouts/swift-nio/Sources/CNIOOpenBSD/include
2026-04-22T16:45:07.9025070Z  /Users/runner/work/tcm-storage-ios/tcm-storage-ios/build/SourcePackages/checkouts/swift-nio/Sources/CNIOAtomics/include
2026-04-22T16:45:07.9025650Z  /Users/runner/work/tcm-storage-ios/tcm-storage-ios/build/SourcePackages/checkouts/realm-core/src
2026-04-22T16:45:07.9026380Z  /Users/runner/work/tcm-storage-ios/tcm-storage-ios/build/SourcePackages/checkouts/realm-core/src/external/s2
2026-04-22T16:45:07.9027070Z  /Users/runner/work/tcm-storage-ios/tcm-storage-ios/build/SourcePackages/checkouts/realm-core/src/external/IntelRDFPMathLib20U2/LIBRARY/src
2026-04-22T16:45:07.9027730Z  /Users/runner/work/tcm-storage-ios/tcm-storage-ios/build/SourcePackages/checkouts/realm-core/src/spm
2026-04-22T16:45:07.9030350Z  /Users/runner/work/tcm-storage-ios/tcm-storage-ios/build/SourcePackages/checkouts/realm-swift/include
2026-04-22T16:45:07.9032350Z  /Users/runner/work/tcm-storage-ios/tcm-storage-ios/build/SourcePackages/checkouts/GoogleUtilities/GoogleUtilities/NSData+zlib/Public
2026-04-22T16:45:07.9034380Z  /Users/runner/work/tcm-storage-ios/tcm-storage-ios/build/SourcePackages/checkouts/GoogleUtilities/GoogleUtilities/Logger/Public
2026-04-22T16:45:07.9036380Z  /Users/runner/work/tcm-storage-ios/tcm-storage-ios/build/SourcePackages/checkouts/GoogleUtilities/GoogleUtilities/Environment/Public
2026-04-22T16:45:07.9038410Z  /Users/runner/work/tcm-storage-ios/tcm-storage-ios/build/SourcePackages/checkouts/GoogleUtilities/third_party/IsAppEncrypted/Public
2026-04-22T16:45:07.9040400Z  /Users/runner/work/tcm-storage-ios/tcm-storage-ios/build/SourcePackages/checkouts/GoogleUtilities/GoogleUtilities/UserDefaults/Public
2026-04-22T16:45:07.9042160Z  /Users/runner/work/tcm-storage-ios/tcm-storage-ios/build/SourcePackages/checkouts/nanopb/spm_headers
2026-04-22T16:45:07.9043770Z  /Users/runner/work/tcm-storage-ios/tcm-storage-ios/build/SourcePackages/checkouts/promises/Sources/FBLPromises/include
2026-04-22T16:45:07.9046340Z  /Users/runner/work/tcm-storage-ios/tcm-storage-ios/build/SourcePackages/checkouts/GoogleDataTransport/GoogleDataTransport/GDTCORLibrary/Public
2026-04-22T16:45:07.9048630Z  /Users/runner/work/tcm-storage-ios/tcm-storage-ios/build/SourcePackages/checkouts/firebase-ios-sdk/FirebaseSessions/SourcesObjC
2026-04-22T16:45:07.9052250Z  /Users/runner/work/tcm-storage-ios/tcm-storage-ios/build/SourcePackages/checkouts/firebase-ios-sdk/FirebaseCore/Extension
2026-04-22T16:45:07.9054320Z  /Users/runner/work/tcm-storage-ios/tcm-storage-ios/build/SourcePackages/checkouts/firebase-ios-sdk/FirebaseInstallations/Source/Library/Public
2026-04-22T16:45:07.9056410Z  /Users/runner/work/tcm-storage-ios/tcm-storage-ios/build/SourcePackages/checkouts/firebase-ios-sdk/FirebaseCore/Sources/Public
2026-04-22T16:45:07.9057190Z  /Users/runner/work/tcm-storage-ios/tcm-storage-ios/build/SourcePackages/checkouts/firebase-ios-sdk/CoreOnly/Sources
2026-04-22T16:45:07.9058090Z  /Users/runner/work/tcm-storage-ios/tcm-storage-ios/build/SourcePackages/checkouts/firebase-ios-sdk/Crashlytics/Crashlytics/Public
2026-04-22T16:45:07.9058880Z  /Users/runner/work/tcm-storage-ios/tcm-storage-ios/build/SourcePackages/checkouts/GzipSwift/Sources/system-zlib/include
2026-04-22T16:45:07.9060460Z  /Users/runner/work/tcm-storage-ios/tcm-storage-ios/build/Build/Intermediates.noindex/Nextcloud.build/Debug-iphonesimulator/Nextcloud.build/DerivedSources
2026-04-22T16:45:07.9061380Z  /Users/runner/work/tcm-storage-ios/tcm-storage-ios/build/Build/Products/Debug-iphonesimulator/PackageFrameworks (framework directory)
2026-04-22T16:45:07.9062130Z  /Users/runner/work/tcm-storage-ios/tcm-storage-ios/build/Build/Products/Debug-iphonesimulator (framework directory)
2026-04-22T16:45:07.9063070Z  /Applications/Xcode_26.2.app/Contents/Developer/Platforms/iPhoneSimulator.platform/Developer/Library/Frameworks (framework directory)
2026-04-22T16:45:07.9064320Z  /Applications/Xcode_26.2.app/Contents/Developer/Platforms/iPhoneSimulator.platform/Developer/SDKs/iPhoneSimulator26.2.sdk/Developer/Library/Frameworks (framework directory)
2026-04-22T16:45:07.9065000Z  /Applications/Xcode_26.2.app/Contents/Developer/Toolchains/XcodeDefault.xctoolchain/usr/lib/clang/17/include
2026-04-22T16:45:07.9066080Z  /Applications/Xcode_26.2.app/Contents/Developer/Platforms/iPhoneSimulator.platform/Developer/SDKs/iPhoneSimulator26.2.sdk/usr/include
2026-04-22T16:45:07.9066680Z  /Applications/Xcode_26.2.app/Contents/Developer/Toolchains/XcodeDefault.xctoolchain/usr/include
2026-04-22T16:45:07.9068140Z  /Applications/Xcode_26.2.app/Contents/Developer/Platforms/iPhoneSimulator.platform/Developer/SDKs/iPhoneSimulator26.2.sdk/System/Library/Frameworks (framework directory)
2026-04-22T16:45:07.9069400Z  /Applications/Xcode_26.2.app/Contents/Developer/Platforms/iPhoneSimulator.platform/Developer/SDKs/iPhoneSimulator26.2.sdk/System/Library/SubFrameworks (framework directory)
2026-04-22T16:45:07.9070130Z End of search list.
2026-04-22T16:45:07.9070580Z clang -cc1 version 17.0.0 (clang-1700.6.3.2) default target arm64-apple-darwin24.6.0
2026-04-22T16:45:07.9071810Z ignoring nonexistent directory "/Users/runner/work/tcm-storage-ios/tcm-storage-ios/build/Build/Products/Debug-iphonesimulator/include"
2026-04-22T16:45:07.9073300Z ignoring nonexistent directory "/Users/runner/work/tcm-storage-ios/tcm-storage-ios/build/Build/Intermediates.noindex/Nextcloud.build/Debug-iphonesimulator/Nextcloud.build/DerivedSources-normal/arm64"
2026-04-22T16:45:07.9074690Z ignoring nonexistent directory "/Users/runner/work/tcm-storage-ios/tcm-storage-ios/build/Build/Intermediates.noindex/Nextcloud.build/Debug-iphonesimulator/Nextcloud.build/DerivedSources/arm64"
2026-04-22T16:45:07.9075950Z ignoring nonexistent directory "/Applications/Xcode_26.2.app/Contents/Developer/Platforms/iPhoneSimulator.platform/Developer/SDKs/iPhoneSimulator26.2.sdk/usr/local/include"
2026-04-22T16:45:07.9077200Z ignoring nonexistent directory "/Applications/Xcode_26.2.app/Contents/Developer/Platforms/iPhoneSimulator.platform/Developer/SDKs/iPhoneSimulator26.2.sdk/Library/Frameworks"
2026-04-22T16:45:07.9078180Z ignoring duplicate directory "/Users/runner/work/tcm-storage-ios/tcm-storage-ios/build/Build/Products/Debug-iphonesimulator/PackageFrameworks"
2026-04-22T16:45:07.9079150Z ignoring duplicate directory "/Users/runner/work/tcm-storage-ios/tcm-storage-ios/build/Build/Products/Debug-iphonesimulator/PackageFrameworks"
2026-04-22T16:45:07.9080130Z ignoring duplicate directory "/Users/runner/work/tcm-storage-ios/tcm-storage-ios/build/Build/Products/Debug-iphonesimulator/PackageFrameworks"
2026-04-22T16:45:07.9081110Z ignoring duplicate directory "/Users/runner/work/tcm-storage-ios/tcm-storage-ios/build/Build/Products/Debug-iphonesimulator/PackageFrameworks"
2026-04-22T16:45:07.9082180Z ignoring duplicate directory "/Users/runner/work/tcm-storage-ios/tcm-storage-ios/build/Build/Products/Debug-iphonesimulator/PackageFrameworks"
2026-04-22T16:45:07.9083200Z ignoring duplicate directory "/Users/runner/work/tcm-storage-ios/tcm-storage-ios/build/Build/Products/Debug-iphonesimulator/PackageFrameworks"
2026-04-22T16:45:07.9084190Z ignoring duplicate directory "/Users/runner/work/tcm-storage-ios/tcm-storage-ios/build/Build/Products/Debug-iphonesimulator/PackageFrameworks"
2026-04-22T16:45:07.9085950Z ignoring duplicate directory "/Users/runner/work/tcm-storage-ios/tcm-storage-ios/build/Build/Products/Debug-iphonesimulator/PackageFrameworks"
2026-04-22T16:45:07.9087200Z ignoring duplicate directory "/Users/runner/work/tcm-storage-ios/tcm-storage-ios/build/Build/Products/Debug-iphonesimulator/PackageFrameworks"
2026-04-22T16:45:07.9088300Z ignoring duplicate directory "/Users/runner/work/tcm-storage-ios/tcm-storage-ios/build/Build/Products/Debug-iphonesimulator/PackageFrameworks"
2026-04-22T16:45:07.9089260Z ignoring duplicate directory "/Users/runner/work/tcm-storage-ios/tcm-storage-ios/build/Build/Products/Debug-iphonesimulator/PackageFrameworks"
2026-04-22T16:45:07.9090230Z ignoring duplicate directory "/Users/runner/work/tcm-storage-ios/tcm-storage-ios/build/Build/Products/Debug-iphonesimulator/PackageFrameworks"
2026-04-22T16:45:07.9091330Z ignoring duplicate directory "/Users/runner/work/tcm-storage-ios/tcm-storage-ios/build/Build/Products/Debug-iphonesimulator/PackageFrameworks"
2026-04-22T16:45:07.9092320Z ignoring duplicate directory "/Users/runner/work/tcm-storage-ios/tcm-storage-ios/build/Build/Products/Debug-iphonesimulator/PackageFrameworks"
2026-04-22T16:45:07.9093880Z ignoring duplicate directory "/Users/runner/work/tcm-storage-ios/tcm-storage-ios/build/Build/Products/Debug-iphonesimulator/PackageFrameworks"
2026-04-22T16:45:07.9095320Z ignoring duplicate directory "/Users/runner/work/tcm-storage-ios/tcm-storage-ios/build/Build/Products/Debug-iphonesimulator/PackageFrameworks"
2026-04-22T16:45:07.9096420Z ignoring duplicate directory "/Users/runner/work/tcm-storage-ios/tcm-storage-ios/build/Build/Products/Debug-iphonesimulator/PackageFrameworks"
2026-04-22T16:45:07.9097840Z ignoring duplicate directory "/Users/runner/work/tcm-storage-ios/tcm-storage-ios/build/Build/Products/Debug-iphonesimulator/PackageFrameworks"
2026-04-22T16:45:07.9099230Z ignoring duplicate directory "/Users/runner/work/tcm-storage-ios/tcm-storage-ios/build/Build/Products/Debug-iphonesimulator/PackageFrameworks"
2026-04-22T16:45:07.9100340Z ignoring duplicate directory "/Users/runner/work/tcm-storage-ios/tcm-storage-ios/build/Build/Products/Debug-iphonesimulator/PackageFrameworks"
2026-04-22T16:45:07.9101930Z ignoring duplicate directory "/Users/runner/work/tcm-storage-ios/tcm-storage-ios/build/Build/Products/Debug-iphonesimulator/PackageFrameworks"
2026-04-22T16:45:07.9103170Z ignoring duplicate directory "/Users/runner/work/tcm-storage-ios/tcm-storage-ios/build/Build/Products/Debug-iphonesimulator/PackageFrameworks"
2026-04-22T16:45:07.9104360Z ignoring duplicate directory "/Users/runner/work/tcm-storage-ios/tcm-storage-ios/build/Build/Products/Debug-iphonesimulator/PackageFrameworks"
2026-04-22T16:45:07.9105400Z ignoring duplicate directory "/Users/runner/work/tcm-storage-ios/tcm-storage-ios/build/Build/Products/Debug-iphonesimulator/PackageFrameworks"
2026-04-22T16:45:07.9106530Z ignoring duplicate directory "/Users/runner/work/tcm-storage-ios/tcm-storage-ios/build/Build/Products/Debug-iphonesimulator/PackageFrameworks"
2026-04-22T16:45:07.9107730Z ignoring duplicate directory "/Users/runner/work/tcm-storage-ios/tcm-storage-ios/build/Build/Products/Debug-iphonesimulator/PackageFrameworks"
2026-04-22T16:45:07.9109100Z ignoring duplicate directory "/Users/runner/work/tcm-storage-ios/tcm-storage-ios/build/Build/Products/Debug-iphonesimulator/PackageFrameworks"
2026-04-22T16:45:07.9110300Z ignoring duplicate directory "/Users/runner/work/tcm-storage-ios/tcm-storage-ios/build/Build/Products/Debug-iphonesimulator/PackageFrameworks"
2026-04-22T16:45:07.9111250Z ignoring duplicate directory "/Users/runner/work/tcm-storage-ios/tcm-storage-ios/build/Build/Products/Debug-iphonesimulator/PackageFrameworks"
2026-04-22T16:45:07.9112210Z ignoring duplicate directory "/Users/runner/work/tcm-storage-ios/tcm-storage-ios/build/Build/Products/Debug-iphonesimulator/PackageFrameworks"
2026-04-22T16:45:07.9113170Z ignoring duplicate directory "/Users/runner/work/tcm-storage-ios/tcm-storage-ios/build/Build/Products/Debug-iphonesimulator/PackageFrameworks"
2026-04-22T16:45:07.9121910Z ignoring duplicate directory "/Users/runner/work/tcm-storage-ios/tcm-storage-ios/build/Build/Products/Debug-iphonesimulator/PackageFrameworks"
2026-04-22T16:45:07.9122890Z ignoring duplicate directory "/Users/runner/work/tcm-storage-ios/tcm-storage-ios/build/Build/Products/Debug-iphonesimulator/PackageFrameworks"
2026-04-22T16:45:07.9123980Z ignoring duplicate directory "/Users/runner/work/tcm-storage-ios/tcm-storage-ios/build/Build/Products/Debug-iphonesimulator/PackageFrameworks"
2026-04-22T16:45:07.9126540Z ignoring duplicate directory "/Users/runner/work/tcm-storage-ios/tcm-storage-ios/build/Build/Products/Debug-iphonesimulator/PackageFrameworks"
2026-04-22T16:45:07.9126990Z ignoring duplicate directory "/Users/runner/work/tcm-storage-ios/tcm-storage-ios/build/Build/Products/Debug-iphonesimulator/PackageFrameworks"
2026-04-22T16:45:07.9127350Z ignoring duplicate directory "/Users/runner/work/tcm-storage-ios/tcm-storage-ios/build/Build/Products/Debug-iphonesimulator/PackageFrameworks"
2026-04-22T16:45:07.9127710Z ignoring duplicate directory "/Users/runner/work/tcm-storage-ios/tcm-storage-ios/build/Build/Products/Debug-iphonesimulator/PackageFrameworks"
2026-04-22T16:45:07.9128250Z ignoring duplicate directory "/Users/runner/work/tcm-storage-ios/tcm-storage-ios/build/Build/Products/Debug-iphonesimulator/PackageFrameworks"
2026-04-22T16:45:07.9128590Z ignoring duplicate directory "/Users/runner/work/tcm-storage-ios/tcm-storage-ios/build/Build/Products/Debug-iphonesimulator/PackageFrameworks"
2026-04-22T16:45:07.9128940Z ignoring duplicate directory "/Users/runner/work/tcm-storage-ios/tcm-storage-ios/build/Build/Products/Debug-iphonesimulator/PackageFrameworks"
2026-04-22T16:45:07.9129450Z ignoring duplicate directory "/Users/runner/work/tcm-storage-ios/tcm-storage-ios/build/Build/Products/Debug-iphonesimulator/PackageFrameworks"
2026-04-22T16:45:07.9129800Z ignoring duplicate directory "/Users/runner/work/tcm-storage-ios/tcm-storage-ios/build/Build/Products/Debug-iphonesimulator/PackageFrameworks"
2026-04-22T16:45:07.9130160Z ignoring duplicate directory "/Users/runner/work/tcm-storage-ios/tcm-storage-ios/build/Build/Products/Debug-iphonesimulator/PackageFrameworks"
2026-04-22T16:45:07.9130530Z ignoring duplicate directory "/Users/runner/work/tcm-storage-ios/tcm-storage-ios/build/Build/Products/Debug-iphonesimulator/PackageFrameworks"
2026-04-22T16:45:07.9131800Z ignoring duplicate directory "/Users/runner/work/tcm-storage-ios/tcm-storage-ios/build/Build/Products/Debug-iphonesimulator/PackageFrameworks"
2026-04-22T16:45:07.9132920Z ignoring duplicate directory "/Users/runner/work/tcm-storage-ios/tcm-storage-ios/build/Build/Products/Debug-iphonesimulator/PackageFrameworks"
2026-04-22T16:45:07.9133990Z ignoring duplicate directory "/Users/runner/work/tcm-storage-ios/tcm-storage-ios/build/Build/Products/Debug-iphonesimulator/PackageFrameworks"
2026-04-22T16:45:07.9134700Z ignoring duplicate directory "/Users/runner/work/tcm-storage-ios/tcm-storage-ios/build/Build/Products/Debug-iphonesimulator/PackageFrameworks"
2026-04-22T16:45:07.9135070Z ignoring duplicate directory "/Users/runner/work/tcm-storage-ios/tcm-storage-ios/build/Build/Products/Debug-iphonesimulator/PackageFrameworks"
2026-04-22T16:45:07.9135850Z ignoring duplicate directory "/Users/runner/work/tcm-storage-ios/tcm-storage-ios/build/Build/Products/Debug-iphonesimulator/PackageFrameworks"
2026-04-22T16:45:07.9136700Z ignoring duplicate directory "/Users/runner/work/tcm-storage-ios/tcm-storage-ios/build/Build/Products/Debug-iphonesimulator/PackageFrameworks"
2026-04-22T16:45:07.9137410Z ignoring duplicate directory "/Users/runner/work/tcm-storage-ios/tcm-storage-ios/build/Build/Products/Debug-iphonesimulator/PackageFrameworks"
2026-04-22T16:45:07.9138240Z ignoring duplicate directory "/Users/runner/work/tcm-storage-ios/tcm-storage-ios/build/Build/Products/Debug-iphonesimulator/PackageFrameworks"
2026-04-22T16:45:07.9138940Z ignoring duplicate directory "/Users/runner/work/tcm-storage-ios/tcm-storage-ios/build/Build/Products/Debug-iphonesimulator/PackageFrameworks"
2026-04-22T16:45:07.9139970Z ignoring duplicate directory "/Users/runner/work/tcm-storage-ios/tcm-storage-ios/build/Build/Products/Debug-iphonesimulator/PackageFrameworks"
2026-04-22T16:45:07.9140330Z ignoring duplicate directory "/Users/runner/work/tcm-storage-ios/tcm-storage-ios/build/Build/Products/Debug-iphonesimulator/PackageFrameworks"
2026-04-22T16:45:07.9140670Z ignoring duplicate directory "/Users/runner/work/tcm-storage-ios/tcm-storage-ios/build/Build/Products/Debug-iphonesimulator/PackageFrameworks"
2026-04-22T16:45:07.9141010Z ignoring duplicate directory "/Users/runner/work/tcm-storage-ios/tcm-storage-ios/build/Build/Products/Debug-iphonesimulator/PackageFrameworks"
2026-04-22T16:45:07.9142770Z ignoring duplicate directory "/Users/runner/work/tcm-storage-ios/tcm-storage-ios/build/Build/Products/Debug-iphonesimulator/PackageFrameworks"
2026-04-22T16:45:07.9143150Z ignoring duplicate directory "/Users/runner/work/tcm-storage-ios/tcm-storage-ios/build/Build/Products/Debug-iphonesimulator/PackageFrameworks"
2026-04-22T16:45:07.9143590Z ignoring duplicate directory "/Users/runner/work/tcm-storage-ios/tcm-storage-ios/build/Build/Products/Debug-iphonesimulator/PackageFrameworks"
2026-04-22T16:45:07.9144070Z ignoring duplicate directory "/Users/runner/work/tcm-storage-ios/tcm-storage-ios/build/Build/Products/Debug-iphonesimulator/PackageFrameworks"
2026-04-22T16:45:07.9144520Z ignoring duplicate directory "/Users/runner/work/tcm-storage-ios/tcm-storage-ios/build/Build/Products/Debug-iphonesimulator/PackageFrameworks"
2026-04-22T16:45:07.9144950Z ignoring duplicate directory "/Users/runner/work/tcm-storage-ios/tcm-storage-ios/build/Build/Products/Debug-iphonesimulator/PackageFrameworks"
2026-04-22T16:45:07.9145430Z ignoring duplicate directory "/Users/runner/work/tcm-storage-ios/tcm-storage-ios/build/Build/Products/Debug-iphonesimulator/PackageFrameworks"
2026-04-22T16:45:07.9145780Z ignoring duplicate directory "/Users/runner/work/tcm-storage-ios/tcm-storage-ios/build/Build/Products/Debug-iphonesimulator/PackageFrameworks"
2026-04-22T16:45:07.9146210Z ignoring duplicate directory "/Users/runner/work/tcm-storage-ios/tcm-storage-ios/build/Build/Products/Debug-iphonesimulator/PackageFrameworks"
2026-04-22T16:45:07.9146560Z ignoring duplicate directory "/Users/runner/work/tcm-storage-ios/tcm-storage-ios/build/Build/Products/Debug-iphonesimulator/PackageFrameworks"
2026-04-22T16:45:07.9146980Z ignoring duplicate directory "/Users/runner/work/tcm-storage-ios/tcm-storage-ios/build/Build/Products/Debug-iphonesimulator/PackageFrameworks"
2026-04-22T16:45:07.9147340Z ignoring duplicate directory "/Users/runner/work/tcm-storage-ios/tcm-storage-ios/build/Build/Products/Debug-iphonesimulator/PackageFrameworks"
2026-04-22T16:45:07.9147850Z ignoring duplicate directory "/Users/runner/work/tcm-storage-ios/tcm-storage-ios/build/Build/Products/Debug-iphonesimulator/PackageFrameworks"
2026-04-22T16:45:07.9148200Z ignoring duplicate directory "/Users/runner/work/tcm-storage-ios/tcm-storage-ios/build/Build/Products/Debug-iphonesimulator/PackageFrameworks"
2026-04-22T16:45:07.9148620Z ignoring duplicate directory "/Users/runner/work/tcm-storage-ios/tcm-storage-ios/build/Build/Products/Debug-iphonesimulator/PackageFrameworks"
2026-04-22T16:45:07.9149050Z ignoring duplicate directory "/Users/runner/work/tcm-storage-ios/tcm-storage-ios/build/Build/Products/Debug-iphonesimulator/PackageFrameworks"
2026-04-22T16:45:07.9149470Z ignoring duplicate directory "/Users/runner/work/tcm-storage-ios/tcm-storage-ios/build/Build/Products/Debug-iphonesimulator/PackageFrameworks"
2026-04-22T16:45:07.9149540Z #include "..." search starts here:
2026-04-22T16:45:07.9150100Z  /Users/runner/work/tcm-storage-ios/tcm-storage-ios/build/Build/Intermediates.noindex/Nextcloud.build/Debug-iphonesimulator/Nextcloud.build/Nextcloud-generated-files.hmap (headermap)
2026-04-22T16:45:07.9150590Z  /Users/runner/work/tcm-storage-ios/tcm-storage-ios/build/Build/Intermediates.noindex/Nextcloud.build/Debug-iphonesimulator/Nextcloud.build/Nextcloud-project-headers.hmap (headermap)
2026-04-22T16:45:07.9150800Z #include <...> search starts here:
2026-04-22T16:45:07.9151310Z  /Users/runner/work/tcm-storage-ios/tcm-storage-ios/build/Build/Intermediates.noindex/Nextcloud.build/Debug-iphonesimulator/Nextcloud.build/Nextcloud-own-target-headers.hmap (headermap)
2026-04-22T16:45:07.9151940Z  /Users/runner/work/tcm-storage-ios/tcm-storage-ios/build/Build/Intermediates.noindex/Nextcloud.build/Debug-iphonesimulator/Nextcloud.build/Nextcloud-all-non-framework-target-headers.hmap (headermap)
2026-04-22T16:45:07.9152280Z  /Users/runner/work/tcm-storage-ios/tcm-storage-ios/build/SourcePackages/checkouts/swift-nio-ssl/Sources/CNIOBoringSSLShims/include
2026-04-22T16:45:07.9152670Z  /Users/runner/work/tcm-storage-ios/tcm-storage-ios/build/SourcePackages/checkouts/swift-nio-ssl/Sources/CNIOBoringSSL/include
2026-04-22T16:45:07.9152970Z  /Users/runner/work/tcm-storage-ios/tcm-storage-ios/build/SourcePackages/checkouts/swift-atomics/Sources/_AtomicsShims/include
2026-04-22T16:45:07.9153330Z  /Users/runner/work/tcm-storage-ios/tcm-storage-ios/build/SourcePackages/checkouts/swift-nio/Sources/CNIOPosix/include
2026-04-22T16:45:07.9153650Z  /Users/runner/work/tcm-storage-ios/tcm-storage-ios/build/SourcePackages/checkouts/swift-nio/Sources/CNIOWASI/include
2026-04-22T16:45:07.9154020Z  /Users/runner/work/tcm-storage-ios/tcm-storage-ios/build/SourcePackages/checkouts/swift-nio/Sources/CNIOWindows/include
2026-04-22T16:45:07.9154290Z  /Users/runner/work/tcm-storage-ios/tcm-storage-ios/build/SourcePackages/checkouts/swift-nio/Sources/CNIOLinux/include
2026-04-22T16:45:07.9154850Z  /Users/runner/work/tcm-storage-ios/tcm-storage-ios/build/SourcePackages/checkouts/swift-nio/Sources/CNIODarwin/include
2026-04-22T16:45:07.9155310Z  /Users/runner/work/tcm-storage-ios/tcm-storage-ios/build/SourcePackages/checkouts/swift-nio/Sources/CNIOOpenBSD/include
2026-04-22T16:45:07.9155690Z  /Users/runner/work/tcm-storage-ios/tcm-storage-ios/build/SourcePackages/checkouts/swift-nio/Sources/CNIOAtomics/include
2026-04-22T16:45:07.9155910Z  /Users/runner/work/tcm-storage-ios/tcm-storage-ios/build/SourcePackages/checkouts/realm-core/src
2026-04-22T16:45:07.9156160Z  /Users/runner/work/tcm-storage-ios/tcm-storage-ios/build/SourcePackages/checkouts/realm-core/src/external/s2
2026-04-22T16:45:07.9156580Z  /Users/runner/work/tcm-storage-ios/tcm-storage-ios/build/SourcePackages/checkouts/realm-core/src/external/IntelRDFPMathLib20U2/LIBRARY/src
2026-04-22T16:45:07.9156800Z  /Users/runner/work/tcm-storage-ios/tcm-storage-ios/build/SourcePackages/checkouts/realm-core/src/spm
2026-04-22T16:45:07.9157050Z  /Users/runner/work/tcm-storage-ios/tcm-storage-ios/build/SourcePackages/checkouts/realm-swift/include
2026-04-22T16:45:07.9157380Z  /Users/runner/work/tcm-storage-ios/tcm-storage-ios/build/SourcePackages/checkouts/GoogleUtilities/GoogleUtilities/NSData+zlib/Public
2026-04-22T16:45:07.9157790Z  /Users/runner/work/tcm-storage-ios/tcm-storage-ios/build/SourcePackages/checkouts/GoogleUtilities/GoogleUtilities/Logger/Public
2026-04-22T16:45:07.9158110Z  /Users/runner/work/tcm-storage-ios/tcm-storage-ios/build/SourcePackages/checkouts/GoogleUtilities/GoogleUtilities/Environment/Public
2026-04-22T16:45:07.9158600Z  /Users/runner/work/tcm-storage-ios/tcm-storage-ios/build/SourcePackages/checkouts/GoogleUtilities/third_party/IsAppEncrypted/Public
2026-04-22T16:45:07.9158920Z  /Users/runner/work/tcm-storage-ios/tcm-storage-ios/build/SourcePackages/checkouts/GoogleUtilities/GoogleUtilities/UserDefaults/Public
2026-04-22T16:45:07.9159140Z  /Users/runner/work/tcm-storage-ios/tcm-storage-ios/build/SourcePackages/checkouts/nanopb/spm_headers
2026-04-22T16:45:07.9159500Z  /Users/runner/work/tcm-storage-ios/tcm-storage-ios/build/SourcePackages/checkouts/promises/Sources/FBLPromises/include
2026-04-22T16:45:07.9159860Z  /Users/runner/work/tcm-storage-ios/tcm-storage-ios/build/SourcePackages/checkouts/GoogleDataTransport/GoogleDataTransport/GDTCORLibrary/Public
2026-04-22T16:45:07.9160240Z  /Users/runner/work/tcm-storage-ios/tcm-storage-ios/build/SourcePackages/checkouts/firebase-ios-sdk/FirebaseSessions/SourcesObjC
2026-04-22T16:45:07.9160700Z  /Users/runner/work/tcm-storage-ios/tcm-storage-ios/build/SourcePackages/checkouts/firebase-ios-sdk/FirebaseCore/Extension
2026-04-22T16:45:07.9161050Z  /Users/runner/work/tcm-storage-ios/tcm-storage-ios/build/SourcePackages/checkouts/firebase-ios-sdk/FirebaseInstallations/Source/Library/Public
2026-04-22T16:45:07.9161350Z  /Users/runner/work/tcm-storage-ios/tcm-storage-ios/build/SourcePackages/checkouts/firebase-ios-sdk/FirebaseCore/Sources/Public
2026-04-22T16:45:07.9161620Z  /Users/runner/work/tcm-storage-ios/tcm-storage-ios/build/SourcePackages/checkouts/firebase-ios-sdk/CoreOnly/Sources
2026-04-22T16:45:07.9161930Z  /Users/runner/work/tcm-storage-ios/tcm-storage-ios/build/SourcePackages/checkouts/firebase-ios-sdk/Crashlytics/Crashlytics/Public
2026-04-22T16:45:07.9162300Z  /Users/runner/work/tcm-storage-ios/tcm-storage-ios/build/SourcePackages/checkouts/GzipSwift/Sources/system-zlib/include
2026-04-22T16:45:07.9162770Z  /Users/runner/work/tcm-storage-ios/tcm-storage-ios/build/Build/Intermediates.noindex/Nextcloud.build/Debug-iphonesimulator/Nextcloud.build/DerivedSources
2026-04-22T16:45:07.9163160Z  /Users/runner/work/tcm-storage-ios/tcm-storage-ios/build/Build/Products/Debug-iphonesimulator/PackageFrameworks (framework directory)
2026-04-22T16:45:07.9163520Z  /Users/runner/work/tcm-storage-ios/tcm-storage-ios/build/Build/Products/Debug-iphonesimulator (framework directory)
2026-04-22T16:45:07.9163840Z  /Applications/Xcode_26.2.app/Contents/Developer/Platforms/iPhoneSimulator.platform/Developer/Library/Frameworks (framework directory)
2026-04-22T16:45:07.9164440Z  /Applications/Xcode_26.2.app/Contents/Developer/Platforms/iPhoneSimulator.platform/Developer/SDKs/iPhoneSimulator26.2.sdk/Developer/Library/Frameworks (framework directory)
2026-04-22T16:45:07.9164690Z  /Applications/Xcode_26.2.app/Contents/Developer/Toolchains/XcodeDefault.xctoolchain/usr/lib/clang/17/include
2026-04-22T16:45:07.9165100Z  /Applications/Xcode_26.2.app/Contents/Developer/Platforms/iPhoneSimulator.platform/Developer/SDKs/iPhoneSimulator26.2.sdk/usr/include
2026-04-22T16:45:07.9165310Z  /Applications/Xcode_26.2.app/Contents/Developer/Toolchains/XcodeDefault.xctoolchain/usr/include
2026-04-22T16:45:07.9165740Z  /Applications/Xcode_26.2.app/Contents/Developer/Platforms/iPhoneSimulator.platform/Developer/SDKs/iPhoneSimulator26.2.sdk/System/Library/Frameworks (framework directory)
2026-04-22T16:45:07.9166250Z  /Applications/Xcode_26.2.app/Contents/Developer/Platforms/iPhoneSimulator.platform/Developer/SDKs/iPhoneSimulator26.2.sdk/System/Library/SubFrameworks (framework directory)
2026-04-22T16:45:07.9166310Z End of search list.
2026-04-22T16:45:07.9166640Z clang -cc1 version 17.0.0 (clang-1700.6.3.2) default target arm64-apple-darwin24.6.0
2026-04-22T16:45:07.9166960Z ignoring nonexistent directory "/Users/runner/work/tcm-storage-ios/tcm-storage-ios/build/Build/Products/Debug-iphonesimulator/include"
2026-04-22T16:45:07.9167550Z ignoring nonexistent directory "/Users/runner/work/tcm-storage-ios/tcm-storage-ios/build/Build/Intermediates.noindex/Nextcloud.build/Debug-iphonesimulator/Nextcloud.build/DerivedSources-normal/arm64"
2026-04-22T16:45:07.9168130Z ignoring nonexistent directory "/Users/runner/work/tcm-storage-ios/tcm-storage-ios/build/Build/Intermediates.noindex/Nextcloud.build/Debug-iphonesimulator/Nextcloud.build/DerivedSources/arm64"
2026-04-22T16:45:07.9168560Z ignoring nonexistent directory "/Applications/Xcode_26.2.app/Contents/Developer/Platforms/iPhoneSimulator.platform/Developer/SDKs/iPhoneSimulator26.2.sdk/usr/local/include"
2026-04-22T16:45:07.9169070Z ignoring nonexistent directory "/Applications/Xcode_26.2.app/Contents/Developer/Platforms/iPhoneSimulator.platform/Developer/SDKs/iPhoneSimulator26.2.sdk/Library/Frameworks"
2026-04-22T16:45:07.9169500Z ignoring duplicate directory "/Users/runner/work/tcm-storage-ios/tcm-storage-ios/build/Build/Products/Debug-iphonesimulator/PackageFrameworks"
2026-04-22T16:45:07.9169900Z ignoring duplicate directory "/Users/runner/work/tcm-storage-ios/tcm-storage-ios/build/Build/Products/Debug-iphonesimulator/PackageFrameworks"
2026-04-22T16:45:07.9170320Z ignoring duplicate directory "/Users/runner/work/tcm-storage-ios/tcm-storage-ios/build/Build/Products/Debug-iphonesimulator/PackageFrameworks"
2026-04-22T16:45:07.9170660Z ignoring duplicate directory "/Users/runner/work/tcm-storage-ios/tcm-storage-ios/build/Build/Products/Debug-iphonesimulator/PackageFrameworks"
2026-04-22T16:45:07.9170990Z ignoring duplicate directory "/Users/runner/work/tcm-storage-ios/tcm-storage-ios/build/Build/Products/Debug-iphonesimulator/PackageFrameworks"
2026-04-22T16:45:07.9171320Z ignoring duplicate directory "/Users/runner/work/tcm-storage-ios/tcm-storage-ios/build/Build/Products/Debug-iphonesimulator/PackageFrameworks"
2026-04-22T16:45:07.9171730Z ignoring duplicate directory "/Users/runner/work/tcm-storage-ios/tcm-storage-ios/build/Build/Products/Debug-iphonesimulator/PackageFrameworks"
2026-04-22T16:45:07.9172070Z ignoring duplicate directory "/Users/runner/work/tcm-storage-ios/tcm-storage-ios/build/Build/Products/Debug-iphonesimulator/PackageFrameworks"
2026-04-22T16:45:07.9172460Z ignoring duplicate directory "/Users/runner/work/tcm-storage-ios/tcm-storage-ios/build/Build/Products/Debug-iphonesimulator/PackageFrameworks"
2026-04-22T16:45:07.9173520Z ignoring duplicate directory "/Users/runner/work/tcm-storage-ios/tcm-storage-ios/build/Build/Products/Debug-iphonesimulator/PackageFrameworks"
2026-04-22T16:45:07.9173940Z ignoring duplicate directory "/Users/runner/work/tcm-storage-ios/tcm-storage-ios/build/Build/Products/Debug-iphonesimulator/PackageFrameworks"
2026-04-22T16:45:07.9174630Z ignoring duplicate directory "/Users/runner/work/tcm-storage-ios/tcm-storage-ios/build/Build/Products/Debug-iphonesimulator/PackageFrameworks"
2026-04-22T16:45:07.9174970Z ignoring duplicate directory "/Users/runner/work/tcm-storage-ios/tcm-storage-ios/build/Build/Products/Debug-iphonesimulator/PackageFrameworks"
2026-04-22T16:45:07.9175400Z ignoring duplicate directory "/Users/runner/work/tcm-storage-ios/tcm-storage-ios/build/Build/Products/Debug-iphonesimulator/PackageFrameworks"
2026-04-22T16:45:07.9175740Z ignoring duplicate directory "/Users/runner/work/tcm-storage-ios/tcm-storage-ios/build/Build/Products/Debug-iphonesimulator/PackageFrameworks"
2026-04-22T16:45:07.9176160Z ignoring duplicate directory "/Users/runner/work/tcm-storage-ios/tcm-storage-ios/build/Build/Products/Debug-iphonesimulator/PackageFrameworks"
2026-04-22T16:45:07.9176490Z ignoring duplicate directory "/Users/runner/work/tcm-storage-ios/tcm-storage-ios/build/Build/Products/Debug-iphonesimulator/PackageFrameworks"
2026-04-22T16:45:07.9176910Z ignoring duplicate directory "/Users/runner/work/tcm-storage-ios/tcm-storage-ios/build/Build/Products/Debug-iphonesimulator/PackageFrameworks"
2026-04-22T16:45:07.9177250Z ignoring duplicate directory "/Users/runner/work/tcm-storage-ios/tcm-storage-ios/build/Build/Products/Debug-iphonesimulator/PackageFrameworks"
2026-04-22T16:45:07.9177670Z ignoring duplicate directory "/Users/runner/work/tcm-storage-ios/tcm-storage-ios/build/Build/Products/Debug-iphonesimulator/PackageFrameworks"
2026-04-22T16:45:07.9178000Z ignoring duplicate directory "/Users/runner/work/tcm-storage-ios/tcm-storage-ios/build/Build/Products/Debug-iphonesimulator/PackageFrameworks"
2026-04-22T16:45:07.9178400Z ignoring duplicate directory "/Users/runner/work/tcm-storage-ios/tcm-storage-ios/build/Build/Products/Debug-iphonesimulator/PackageFrameworks"
2026-04-22T16:45:07.9178740Z ignoring duplicate directory "/Users/runner/work/tcm-storage-ios/tcm-storage-ios/build/Build/Products/Debug-iphonesimulator/PackageFrameworks"
2026-04-22T16:45:07.9179070Z ignoring duplicate directory "/Users/runner/work/tcm-storage-ios/tcm-storage-ios/build/Build/Products/Debug-iphonesimulator/PackageFrameworks"
2026-04-22T16:45:07.9179480Z ignoring duplicate directory "/Users/runner/work/tcm-storage-ios/tcm-storage-ios/build/Build/Products/Debug-iphonesimulator/PackageFrameworks"
2026-04-22T16:45:07.9179880Z ignoring duplicate directory "/Users/runner/work/tcm-storage-ios/tcm-storage-ios/build/Build/Products/Debug-iphonesimulator/PackageFrameworks"
2026-04-22T16:45:07.9180300Z ignoring duplicate directory "/Users/runner/work/tcm-storage-ios/tcm-storage-ios/build/Build/Products/Debug-iphonesimulator/PackageFrameworks"
2026-04-22T16:45:07.9180630Z ignoring duplicate directory "/Users/runner/work/tcm-storage-ios/tcm-storage-ios/build/Build/Products/Debug-iphonesimulator/PackageFrameworks"
2026-04-22T16:45:07.9180960Z ignoring duplicate directory "/Users/runner/work/tcm-storage-ios/tcm-storage-ios/build/Build/Products/Debug-iphonesimulator/PackageFrameworks"
2026-04-22T16:45:07.9181380Z ignoring duplicate directory "/Users/runner/work/tcm-storage-ios/tcm-storage-ios/build/Build/Products/Debug-iphonesimulator/PackageFrameworks"
2026-04-22T16:45:07.9181730Z ignoring duplicate directory "/Users/runner/work/tcm-storage-ios/tcm-storage-ios/build/Build/Products/Debug-iphonesimulator/PackageFrameworks"
2026-04-22T16:45:07.9182160Z ignoring duplicate directory "/Users/runner/work/tcm-storage-ios/tcm-storage-ios/build/Build/Products/Debug-iphonesimulator/PackageFrameworks"
2026-04-22T16:45:07.9182550Z ignoring duplicate directory "/Users/runner/work/tcm-storage-ios/tcm-storage-ios/build/Build/Products/Debug-iphonesimulator/PackageFrameworks"
2026-04-22T16:45:07.9182970Z ignoring duplicate directory "/Users/runner/work/tcm-storage-ios/tcm-storage-ios/build/Build/Products/Debug-iphonesimulator/PackageFrameworks"
2026-04-22T16:45:07.9183300Z ignoring duplicate directory "/Users/runner/work/tcm-storage-ios/tcm-storage-ios/build/Build/Products/Debug-iphonesimulator/PackageFrameworks"
2026-04-22T16:45:07.9183810Z ignoring duplicate directory "/Users/runner/work/tcm-storage-ios/tcm-storage-ios/build/Build/Products/Debug-iphonesimulator/PackageFrameworks"
2026-04-22T16:45:07.9184230Z ignoring duplicate directory "/Users/runner/work/tcm-storage-ios/tcm-storage-ios/build/Build/Products/Debug-iphonesimulator/PackageFrameworks"
2026-04-22T16:45:07.9184580Z ignoring duplicate directory "/Users/runner/work/tcm-storage-ios/tcm-storage-ios/build/Build/Products/Debug-iphonesimulator/PackageFrameworks"
2026-04-22T16:45:07.9184910Z ignoring duplicate directory "/Users/runner/work/tcm-storage-ios/tcm-storage-ios/build/Build/Products/Debug-iphonesimulator/PackageFrameworks"
2026-04-22T16:45:07.9185330Z ignoring duplicate directory "/Users/runner/work/tcm-storage-ios/tcm-storage-ios/build/Build/Products/Debug-iphonesimulator/PackageFrameworks"
2026-04-22T16:45:07.9185740Z ignoring duplicate directory "/Users/runner/work/tcm-storage-ios/tcm-storage-ios/build/Build/Products/Debug-iphonesimulator/PackageFrameworks"
2026-04-22T16:45:07.9186070Z ignoring duplicate directory "/Users/runner/work/tcm-storage-ios/tcm-storage-ios/build/Build/Products/Debug-iphonesimulator/PackageFrameworks"
2026-04-22T16:45:07.9186480Z ignoring duplicate directory "/Users/runner/work/tcm-storage-ios/tcm-storage-ios/build/Build/Products/Debug-iphonesimulator/PackageFrameworks"
2026-04-22T16:45:07.9186820Z ignoring duplicate directory "/Users/runner/work/tcm-storage-ios/tcm-storage-ios/build/Build/Products/Debug-iphonesimulator/PackageFrameworks"
2026-04-22T16:45:07.9187250Z ignoring duplicate directory "/Users/runner/work/tcm-storage-ios/tcm-storage-ios/build/Build/Products/Debug-iphonesimulator/PackageFrameworks"
2026-04-22T16:45:07.9187580Z ignoring duplicate directory "/Users/runner/work/tcm-storage-ios/tcm-storage-ios/build/Build/Products/Debug-iphonesimulator/PackageFrameworks"
2026-04-22T16:45:07.9187910Z ignoring duplicate directory "/Users/runner/work/tcm-storage-ios/tcm-storage-ios/build/Build/Products/Debug-iphonesimulator/PackageFrameworks"
2026-04-22T16:45:07.9188260Z ignoring duplicate directory "/Users/runner/work/tcm-storage-ios/tcm-storage-ios/build/Build/Products/Debug-iphonesimulator/PackageFrameworks"
2026-04-22T16:45:07.9188590Z ignoring duplicate directory "/Users/runner/work/tcm-storage-ios/tcm-storage-ios/build/Build/Products/Debug-iphonesimulator/PackageFrameworks"
2026-04-22T16:45:07.9189110Z ignoring duplicate directory "/Users/runner/work/tcm-storage-ios/tcm-storage-ios/build/Build/Products/Debug-iphonesimulator/PackageFrameworks"
2026-04-22T16:45:07.9189440Z ignoring duplicate directory "/Users/runner/work/tcm-storage-ios/tcm-storage-ios/build/Build/Products/Debug-iphonesimulator/PackageFrameworks"
2026-04-22T16:45:07.9189770Z ignoring duplicate directory "/Users/runner/work/tcm-storage-ios/tcm-storage-ios/build/Build/Products/Debug-iphonesimulator/PackageFrameworks"
2026-04-22T16:45:07.9190110Z ignoring duplicate directory "/Users/runner/work/tcm-storage-ios/tcm-storage-ios/build/Build/Products/Debug-iphonesimulator/PackageFrameworks"
2026-04-22T16:45:07.9190430Z ignoring duplicate directory "/Users/runner/work/tcm-storage-ios/tcm-storage-ios/build/Build/Products/Debug-iphonesimulator/PackageFrameworks"
2026-04-22T16:45:07.9190790Z ignoring duplicate directory "/Users/runner/work/tcm-storage-ios/tcm-storage-ios/build/Build/Products/Debug-iphonesimulator/PackageFrameworks"
2026-04-22T16:45:07.9191170Z ignoring duplicate directory "/Users/runner/work/tcm-storage-ios/tcm-storage-ios/build/Build/Products/Debug-iphonesimulator/PackageFrameworks"
2026-04-22T16:45:07.9191550Z ignoring duplicate directory "/Users/runner/work/tcm-storage-ios/tcm-storage-ios/build/Build/Products/Debug-iphonesimulator/PackageFrameworks"
2026-04-22T16:45:07.9192160Z ignoring duplicate directory "/Users/runner/work/tcm-storage-ios/tcm-storage-ios/build/Build/Products/Debug-iphonesimulator/PackageFrameworks"
2026-04-22T16:45:07.9192730Z ignoring duplicate directory "/Users/runner/work/tcm-storage-ios/tcm-storage-ios/build/Build/Products/Debug-iphonesimulator/PackageFrameworks"
2026-04-22T16:45:07.9193180Z ignoring duplicate directory "/Users/runner/work/tcm-storage-ios/tcm-storage-ios/build/Build/Products/Debug-iphonesimulator/PackageFrameworks"
2026-04-22T16:45:07.9193530Z ignoring duplicate directory "/Users/runner/work/tcm-storage-ios/tcm-storage-ios/build/Build/Products/Debug-iphonesimulator/PackageFrameworks"
2026-04-22T16:45:07.9193880Z ignoring duplicate directory "/Users/runner/work/tcm-storage-ios/tcm-storage-ios/build/Build/Products/Debug-iphonesimulator/PackageFrameworks"
2026-04-22T16:45:07.9194220Z ignoring duplicate directory "/Users/runner/work/tcm-storage-ios/tcm-storage-ios/build/Build/Products/Debug-iphonesimulator/PackageFrameworks"
2026-04-22T16:45:07.9194560Z ignoring duplicate directory "/Users/runner/work/tcm-storage-ios/tcm-storage-ios/build/Build/Products/Debug-iphonesimulator/PackageFrameworks"
2026-04-22T16:45:07.9195050Z ignoring duplicate directory "/Users/runner/work/tcm-storage-ios/tcm-storage-ios/build/Build/Products/Debug-iphonesimulator/PackageFrameworks"
2026-04-22T16:45:07.9195430Z ignoring duplicate directory "/Users/runner/work/tcm-storage-ios/tcm-storage-ios/build/Build/Products/Debug-iphonesimulator/PackageFrameworks"
2026-04-22T16:45:07.9195770Z ignoring duplicate directory "/Users/runner/work/tcm-storage-ios/tcm-storage-ios/build/Build/Products/Debug-iphonesimulator/PackageFrameworks"
2026-04-22T16:45:07.9196120Z ignoring duplicate directory "/Users/runner/work/tcm-storage-ios/tcm-storage-ios/build/Build/Products/Debug-iphonesimulator/PackageFrameworks"
2026-04-22T16:45:07.9196460Z ignoring duplicate directory "/Users/runner/work/tcm-storage-ios/tcm-storage-ios/build/Build/Products/Debug-iphonesimulator/PackageFrameworks"
2026-04-22T16:45:07.9196800Z ignoring duplicate directory "/Users/runner/work/tcm-storage-ios/tcm-storage-ios/build/Build/Products/Debug-iphonesimulator/PackageFrameworks"
2026-04-22T16:45:07.9197140Z ignoring duplicate directory "/Users/runner/work/tcm-storage-ios/tcm-storage-ios/build/Build/Products/Debug-iphonesimulator/PackageFrameworks"
2026-04-22T16:45:07.9197730Z ignoring duplicate directory "/Users/runner/work/tcm-storage-ios/tcm-storage-ios/build/Build/Products/Debug-iphonesimulator/PackageFrameworks"
2026-04-22T16:45:07.9198080Z ignoring duplicate directory "/Users/runner/work/tcm-storage-ios/tcm-storage-ios/build/Build/Products/Debug-iphonesimulator/PackageFrameworks"
2026-04-22T16:45:07.9198590Z ignoring duplicate directory "/Users/runner/work/tcm-storage-ios/tcm-storage-ios/build/Build/Products/Debug-iphonesimulator/PackageFrameworks"
2026-04-22T16:45:07.9198930Z ignoring duplicate directory "/Users/runner/work/tcm-storage-ios/tcm-storage-ios/build/Build/Products/Debug-iphonesimulator/PackageFrameworks"
2026-04-22T16:45:07.9199270Z ignoring duplicate directory "/Users/runner/work/tcm-storage-ios/tcm-storage-ios/build/Build/Products/Debug-iphonesimulator/PackageFrameworks"
2026-04-22T16:45:07.9199340Z #include "..." search starts here:
2026-04-22T16:45:07.9199820Z  /Users/runner/work/tcm-storage-ios/tcm-storage-ios/build/Build/Intermediates.noindex/Nextcloud.build/Debug-iphonesimulator/Nextcloud.build/Nextcloud-generated-files.hmap (headermap)
2026-04-22T16:45:07.9200290Z  /Users/runner/work/tcm-storage-ios/tcm-storage-ios/build/Build/Intermediates.noindex/Nextcloud.build/Debug-iphonesimulator/Nextcloud.build/Nextcloud-project-headers.hmap (headermap)
2026-04-22T16:45:07.9200360Z #include <...> search starts here:
2026-04-22T16:45:07.9200980Z  /Users/runner/work/tcm-storage-ios/tcm-storage-ios/build/Build/Intermediates.noindex/Nextcloud.build/Debug-iphonesimulator/Nextcloud.build/Nextcloud-own-target-headers.hmap (headermap)
2026-04-22T16:45:07.9203040Z  /Users/runner/work/tcm-storage-ios/tcm-storage-ios/build/Build/Intermediates.noindex/Nextcloud.build/Debug-iphonesimulator/Nextcloud.build/Nextcloud-all-non-framework-target-headers.hmap (headermap)
2026-04-22T16:45:07.9205260Z  /Users/runner/work/tcm-storage-ios/tcm-storage-ios/build/SourcePackages/checkouts/swift-nio-ssl/Sources/CNIOBoringSSLShims/include
2026-04-22T16:45:07.9206370Z  /Users/runner/work/tcm-storage-ios/tcm-storage-ios/build/SourcePackages/checkouts/swift-nio-ssl/Sources/CNIOBoringSSL/include
2026-04-22T16:45:07.9207380Z  /Users/runner/work/tcm-storage-ios/tcm-storage-ios/build/SourcePackages/checkouts/swift-atomics/Sources/_AtomicsShims/include
2026-04-22T16:45:07.9208150Z  /Users/runner/work/tcm-storage-ios/tcm-storage-ios/build/SourcePackages/checkouts/swift-nio/Sources/CNIOPosix/include
2026-04-22T16:45:07.9208930Z  /Users/runner/work/tcm-storage-ios/tcm-storage-ios/build/SourcePackages/checkouts/swift-nio/Sources/CNIOWASI/include
2026-04-22T16:45:07.9209720Z  /Users/runner/work/tcm-storage-ios/tcm-storage-ios/build/SourcePackages/checkouts/swift-nio/Sources/CNIOWindows/include
2026-04-22T16:45:07.9210490Z  /Users/runner/work/tcm-storage-ios/tcm-storage-ios/build/SourcePackages/checkouts/swift-nio/Sources/CNIOLinux/include
2026-04-22T16:45:07.9211260Z  /Users/runner/work/tcm-storage-ios/tcm-storage-ios/build/SourcePackages/checkouts/swift-nio/Sources/CNIODarwin/include
2026-04-22T16:45:07.9212040Z  /Users/runner/work/tcm-storage-ios/tcm-storage-ios/build/SourcePackages/checkouts/swift-nio/Sources/CNIOOpenBSD/include
2026-04-22T16:45:07.9212820Z  /Users/runner/work/tcm-storage-ios/tcm-storage-ios/build/SourcePackages/checkouts/swift-nio/Sources/CNIOAtomics/include
2026-04-22T16:45:07.9213390Z  /Users/runner/work/tcm-storage-ios/tcm-storage-ios/build/SourcePackages/checkouts/realm-core/src
2026-04-22T16:45:07.9214060Z  /Users/runner/work/tcm-storage-ios/tcm-storage-ios/build/SourcePackages/checkouts/realm-core/src/external/s2
2026-04-22T16:45:07.9215000Z  /Users/runner/work/tcm-storage-ios/tcm-storage-ios/build/SourcePackages/checkouts/realm-core/src/external/IntelRDFPMathLib20U2/LIBRARY/src
2026-04-22T16:45:07.9215620Z  /Users/runner/work/tcm-storage-ios/tcm-storage-ios/build/SourcePackages/checkouts/realm-core/src/spm
2026-04-22T16:45:07.9216230Z  /Users/runner/work/tcm-storage-ios/tcm-storage-ios/build/SourcePackages/checkouts/realm-swift/include
2026-04-22T16:45:07.9217120Z  /Users/runner/work/tcm-storage-ios/tcm-storage-ios/build/SourcePackages/checkouts/GoogleUtilities/GoogleUtilities/NSData+zlib/Public
2026-04-22T16:45:07.9218080Z  /Users/runner/work/tcm-storage-ios/tcm-storage-ios/build/SourcePackages/checkouts/GoogleUtilities/GoogleUtilities/Logger/Public
2026-04-22T16:45:07.9219260Z  /Users/runner/work/tcm-storage-ios/tcm-storage-ios/build/SourcePackages/checkouts/GoogleUtilities/GoogleUtilities/Environment/Public
2026-04-22T16:45:07.9220140Z  /Users/runner/work/tcm-storage-ios/tcm-storage-ios/build/SourcePackages/checkouts/GoogleUtilities/third_party/IsAppEncrypted/Public
2026-04-22T16:45:07.9221130Z  /Users/runner/work/tcm-storage-ios/tcm-storage-ios/build/SourcePackages/checkouts/GoogleUtilities/GoogleUtilities/UserDefaults/Public
2026-04-22T16:45:07.9221820Z  /Users/runner/work/tcm-storage-ios/tcm-storage-ios/build/SourcePackages/checkouts/nanopb/spm_headers
2026-04-22T16:45:07.9222680Z  /Users/runner/work/tcm-storage-ios/tcm-storage-ios/build/SourcePackages/checkouts/promises/Sources/FBLPromises/include
2026-04-22T16:45:07.9223700Z  /Users/runner/work/tcm-storage-ios/tcm-storage-ios/build/SourcePackages/checkouts/GoogleDataTransport/GoogleDataTransport/GDTCORLibrary/Public
2026-04-22T16:45:07.9224540Z  /Users/runner/work/tcm-storage-ios/tcm-storage-ios/build/SourcePackages/checkouts/firebase-ios-sdk/FirebaseSessions/SourcesObjC
2026-04-22T16:45:07.9225320Z  /Users/runner/work/tcm-storage-ios/tcm-storage-ios/build/SourcePackages/checkouts/firebase-ios-sdk/FirebaseCore/Extension
2026-04-22T16:45:07.9226480Z  /Users/runner/work/tcm-storage-ios/tcm-storage-ios/build/SourcePackages/checkouts/firebase-ios-sdk/FirebaseInstallations/Source/Library/Public
2026-04-22T16:45:07.9227370Z  /Users/runner/work/tcm-storage-ios/tcm-storage-ios/build/SourcePackages/checkouts/firebase-ios-sdk/FirebaseCore/Sources/Public
2026-04-22T16:45:07.9228320Z  /Users/runner/work/tcm-storage-ios/tcm-storage-ios/build/SourcePackages/checkouts/firebase-ios-sdk/CoreOnly/Sources
2026-04-22T16:45:07.9229360Z  /Users/runner/work/tcm-storage-ios/tcm-storage-ios/build/SourcePackages/checkouts/firebase-ios-sdk/Crashlytics/Crashlytics/Public
2026-04-22T16:45:07.9230140Z  /Users/runner/work/tcm-storage-ios/tcm-storage-ios/build/SourcePackages/checkouts/GzipSwift/Sources/system-zlib/include
2026-04-22T16:45:07.9231280Z  /Users/runner/work/tcm-storage-ios/tcm-storage-ios/build/Build/Intermediates.noindex/Nextcloud.build/Debug-iphonesimulator/Nextcloud.build/DerivedSources
2026-04-22T16:45:07.9232210Z  /Users/runner/work/tcm-storage-ios/tcm-storage-ios/build/Build/Products/Debug-iphonesimulator/PackageFrameworks (framework directory)
2026-04-22T16:45:07.9232960Z  /Users/runner/work/tcm-storage-ios/tcm-storage-ios/build/Build/Products/Debug-iphonesimulator (framework directory)
2026-04-22T16:45:07.9233950Z  /Applications/Xcode_26.2.app/Contents/Developer/Platforms/iPhoneSimulator.platform/Developer/Library/Frameworks (framework directory)
2026-04-22T16:45:07.9236010Z  /Applications/Xcode_26.2.app/Contents/Developer/Platforms/iPhoneSimulator.platform/Developer/SDKs/iPhoneSimulator26.2.sdk/Developer/Library/Frameworks (framework directory)
2026-04-22T16:45:07.9236980Z  /Applications/Xcode_26.2.app/Contents/Developer/Toolchains/XcodeDefault.xctoolchain/usr/lib/clang/17/include
2026-04-22T16:45:07.9237940Z  /Applications/Xcode_26.2.app/Contents/Developer/Platforms/iPhoneSimulator.platform/Developer/SDKs/iPhoneSimulator26.2.sdk/usr/include
2026-04-22T16:45:07.9238530Z  /Applications/Xcode_26.2.app/Contents/Developer/Toolchains/XcodeDefault.xctoolchain/usr/include
2026-04-22T16:45:07.9240250Z  /Applications/Xcode_26.2.app/Contents/Developer/Platforms/iPhoneSimulator.platform/Developer/SDKs/iPhoneSimulator26.2.sdk/System/Library/Frameworks (framework directory)
2026-04-22T16:45:07.9241850Z  /Applications/Xcode_26.2.app/Contents/Developer/Platforms/iPhoneSimulator.platform/Developer/SDKs/iPhoneSimulator26.2.sdk/System/Library/SubFrameworks (framework directory)
2026-04-22T16:45:07.9242060Z End of search list.
2026-04-22T16:45:07.9366510Z clang -cc1 version 17.0.0 (clang-1700.6.3.2) default target arm64-apple-darwin24.6.0
2026-04-22T16:45:07.9367030Z ignoring nonexistent directory "/Users/runner/work/tcm-storage-ios/tcm-storage-ios/build/Build/Products/Debug-iphonesimulator/include"
2026-04-22T16:45:07.9369790Z ignoring nonexistent directory "/Users/runner/work/tcm-storage-ios/tcm-storage-ios/build/Build/Intermediates.noindex/Nextcloud.build/Debug-iphonesimulator/Nextcloud.build/DerivedSources-normal/arm64"
2026-04-22T16:45:07.9370440Z ignoring nonexistent directory "/Users/runner/work/tcm-storage-ios/tcm-storage-ios/build/Build/Intermediates.noindex/Nextcloud.build/Debug-iphonesimulator/Nextcloud.build/DerivedSources/arm64"
2026-04-22T16:45:07.9371090Z ignoring nonexistent directory "/Applications/Xcode_26.2.app/Contents/Developer/Platforms/iPhoneSimulator.platform/Developer/SDKs/iPhoneSimulator26.2.sdk/usr/local/include"
2026-04-22T16:45:07.9371570Z ignoring nonexistent directory "/Applications/Xcode_26.2.app/Contents/Developer/Platforms/iPhoneSimulator.platform/Developer/SDKs/iPhoneSimulator26.2.sdk/Library/Frameworks"
2026-04-22T16:45:07.9371920Z ignoring duplicate directory "/Users/runner/work/tcm-storage-ios/tcm-storage-ios/build/Build/Products/Debug-iphonesimulator/PackageFrameworks"
2026-04-22T16:45:07.9372260Z ignoring duplicate directory "/Users/runner/work/tcm-storage-ios/tcm-storage-ios/build/Build/Products/Debug-iphonesimulator/PackageFrameworks"
2026-04-22T16:45:07.9372740Z ignoring duplicate directory "/Users/runner/work/tcm-storage-ios/tcm-storage-ios/build/Build/Products/Debug-iphonesimulator/PackageFrameworks"
2026-04-22T16:45:07.9373070Z ignoring duplicate directory "/Users/runner/work/tcm-storage-ios/tcm-storage-ios/build/Build/Products/Debug-iphonesimulator/PackageFrameworks"
2026-04-22T16:45:07.9373400Z ignoring duplicate directory "/Users/runner/work/tcm-storage-ios/tcm-storage-ios/build/Build/Products/Debug-iphonesimulator/PackageFrameworks"
2026-04-22T16:45:07.9374020Z ignoring duplicate directory "/Users/runner/work/tcm-storage-ios/tcm-storage-ios/build/Build/Products/Debug-iphonesimulator/PackageFrameworks"
2026-04-22T16:45:07.9374390Z ignoring duplicate directory "/Users/runner/work/tcm-storage-ios/tcm-storage-ios/build/Build/Products/Debug-iphonesimulator/PackageFrameworks"
2026-04-22T16:45:07.9374730Z ignoring duplicate directory "/Users/runner/work/tcm-storage-ios/tcm-storage-ios/build/Build/Products/Debug-iphonesimulator/PackageFrameworks"
2026-04-22T16:45:07.9375070Z ignoring duplicate directory "/Users/runner/work/tcm-storage-ios/tcm-storage-ios/build/Build/Products/Debug-iphonesimulator/PackageFrameworks"
2026-04-22T16:45:07.9375420Z ignoring duplicate directory "/Users/runner/work/tcm-storage-ios/tcm-storage-ios/build/Build/Products/Debug-iphonesimulator/PackageFrameworks"
2026-04-22T16:45:07.9375750Z ignoring duplicate directory "/Users/runner/work/tcm-storage-ios/tcm-storage-ios/build/Build/Products/Debug-iphonesimulator/PackageFrameworks"
2026-04-22T16:45:07.9376080Z ignoring duplicate directory "/Users/runner/work/tcm-storage-ios/tcm-storage-ios/build/Build/Products/Debug-iphonesimulator/PackageFrameworks"
2026-04-22T16:45:07.9376400Z ignoring duplicate directory "/Users/runner/work/tcm-storage-ios/tcm-storage-ios/build/Build/Products/Debug-iphonesimulator/PackageFrameworks"
2026-04-22T16:45:07.9376730Z ignoring duplicate directory "/Users/runner/work/tcm-storage-ios/tcm-storage-ios/build/Build/Products/Debug-iphonesimulator/PackageFrameworks"
2026-04-22T16:45:07.9377050Z ignoring duplicate directory "/Users/runner/work/tcm-storage-ios/tcm-storage-ios/build/Build/Products/Debug-iphonesimulator/PackageFrameworks"
2026-04-22T16:45:07.9377380Z ignoring duplicate directory "/Users/runner/work/tcm-storage-ios/tcm-storage-ios/build/Build/Products/Debug-iphonesimulator/PackageFrameworks"
2026-04-22T16:45:07.9377700Z ignoring duplicate directory "/Users/runner/work/tcm-storage-ios/tcm-storage-ios/build/Build/Products/Debug-iphonesimulator/PackageFrameworks"
2026-04-22T16:45:07.9378030Z ignoring duplicate directory "/Users/runner/work/tcm-storage-ios/tcm-storage-ios/build/Build/Products/Debug-iphonesimulator/PackageFrameworks"
2026-04-22T16:45:07.9378350Z ignoring duplicate directory "/Users/runner/work/tcm-storage-ios/tcm-storage-ios/build/Build/Products/Debug-iphonesimulator/PackageFrameworks"
2026-04-22T16:45:07.9378740Z ignoring duplicate directory "/Users/runner/work/tcm-storage-ios/tcm-storage-ios/build/Build/Products/Debug-iphonesimulator/PackageFrameworks"
2026-04-22T16:45:07.9379070Z ignoring duplicate directory "/Users/runner/work/tcm-storage-ios/tcm-storage-ios/build/Build/Products/Debug-iphonesimulator/PackageFrameworks"
2026-04-22T16:45:07.9379400Z ignoring duplicate directory "/Users/runner/work/tcm-storage-ios/tcm-storage-ios/build/Build/Products/Debug-iphonesimulator/PackageFrameworks"
2026-04-22T16:45:07.9380050Z ignoring duplicate directory "/Users/runner/work/tcm-storage-ios/tcm-storage-ios/build/Build/Products/Debug-iphonesimulator/PackageFrameworks"
2026-04-22T16:45:07.9380420Z ignoring duplicate directory "/Users/runner/work/tcm-storage-ios/tcm-storage-ios/build/Build/Products/Debug-iphonesimulator/PackageFrameworks"
2026-04-22T16:45:07.9380860Z ignoring duplicate directory "/Users/runner/work/tcm-storage-ios/tcm-storage-ios/build/Build/Products/Debug-iphonesimulator/PackageFrameworks"
2026-04-22T16:45:07.9381190Z ignoring duplicate directory "/Users/runner/work/tcm-storage-ios/tcm-storage-ios/build/Build/Products/Debug-iphonesimulator/PackageFrameworks"
2026-04-22T16:45:07.9381590Z ignoring duplicate directory "/Users/runner/work/tcm-storage-ios/tcm-storage-ios/build/Build/Products/Debug-iphonesimulator/PackageFrameworks"
2026-04-22T16:45:07.9381980Z ignoring duplicate directory "/Users/runner/work/tcm-storage-ios/tcm-storage-ios/build/Build/Products/Debug-iphonesimulator/PackageFrameworks"
2026-04-22T16:45:07.9382310Z ignoring duplicate directory "/Users/runner/work/tcm-storage-ios/tcm-storage-ios/build/Build/Products/Debug-iphonesimulator/PackageFrameworks"
2026-04-22T16:45:07.9382960Z ignoring duplicate directory "/Users/runner/work/tcm-storage-ios/tcm-storage-ios/build/Build/Products/Debug-iphonesimulator/PackageFrameworks"
2026-04-22T16:45:07.9383420Z ignoring duplicate directory "/Users/runner/work/tcm-storage-ios/tcm-storage-ios/build/Build/Products/Debug-iphonesimulator/PackageFrameworks"
2026-04-22T16:45:07.9383770Z ignoring duplicate directory "/Users/runner/work/tcm-storage-ios/tcm-storage-ios/build/Build/Products/Debug-iphonesimulator/PackageFrameworks"
2026-04-22T16:45:07.9384100Z ignoring duplicate directory "/Users/runner/work/tcm-storage-ios/tcm-storage-ios/build/Build/Products/Debug-iphonesimulator/PackageFrameworks"
2026-04-22T16:45:07.9384680Z ignoring duplicate directory "/Users/runner/work/tcm-storage-ios/tcm-storage-ios/build/Build/Products/Debug-iphonesimulator/PackageFrameworks"
2026-04-22T16:45:07.9385060Z ignoring duplicate directory "/Users/runner/work/tcm-storage-ios/tcm-storage-ios/build/Build/Products/Debug-iphonesimulator/PackageFrameworks"
2026-04-22T16:45:07.9385390Z ignoring duplicate directory "/Users/runner/work/tcm-storage-ios/tcm-storage-ios/build/Build/Products/Debug-iphonesimulator/PackageFrameworks"
2026-04-22T16:45:07.9385770Z ignoring duplicate directory "/Users/runner/work/tcm-storage-ios/tcm-storage-ios/build/Build/Products/Debug-iphonesimulator/PackageFrameworks"
2026-04-22T16:45:07.9391640Z ignoring duplicate directory "/Users/runner/work/tcm-storage-ios/tcm-storage-ios/build/Build/Products/Debug-iphonesimulator/PackageFrameworks"
2026-04-22T16:45:07.9392000Z ignoring duplicate directory "/Users/runner/work/tcm-storage-ios/tcm-storage-ios/build/Build/Products/Debug-iphonesimulator/PackageFrameworks"
2026-04-22T16:45:07.9392330Z ignoring duplicate directory "/Users/runner/work/tcm-storage-ios/tcm-storage-ios/build/Build/Products/Debug-iphonesimulator/PackageFrameworks"
2026-04-22T16:45:07.9392650Z ignoring duplicate directory "/Users/runner/work/tcm-storage-ios/tcm-storage-ios/build/Build/Products/Debug-iphonesimulator/PackageFrameworks"
2026-04-22T16:45:07.9392980Z ignoring duplicate directory "/Users/runner/work/tcm-storage-ios/tcm-storage-ios/build/Build/Products/Debug-iphonesimulator/PackageFrameworks"
2026-04-22T16:45:07.9393310Z ignoring duplicate directory "/Users/runner/work/tcm-storage-ios/tcm-storage-ios/build/Build/Products/Debug-iphonesimulator/PackageFrameworks"
2026-04-22T16:45:07.9393860Z ignoring duplicate directory "/Users/runner/work/tcm-storage-ios/tcm-storage-ios/build/Build/Products/Debug-iphonesimulator/PackageFrameworks"
2026-04-22T16:45:07.9394190Z ignoring duplicate directory "/Users/runner/work/tcm-storage-ios/tcm-storage-ios/build/Build/Products/Debug-iphonesimulator/PackageFrameworks"
2026-04-22T16:45:07.9394520Z ignoring duplicate directory "/Users/runner/work/tcm-storage-ios/tcm-storage-ios/build/Build/Products/Debug-iphonesimulator/PackageFrameworks"
2026-04-22T16:45:07.9394850Z ignoring duplicate directory "/Users/runner/work/tcm-storage-ios/tcm-storage-ios/build/Build/Products/Debug-iphonesimulator/PackageFrameworks"
2026-04-22T16:45:07.9395180Z ignoring duplicate directory "/Users/runner/work/tcm-storage-ios/tcm-storage-ios/build/Build/Products/Debug-iphonesimulator/PackageFrameworks"
2026-04-22T16:45:07.9395500Z ignoring duplicate directory "/Users/runner/work/tcm-storage-ios/tcm-storage-ios/build/Build/Products/Debug-iphonesimulator/PackageFrameworks"
2026-04-22T16:45:07.9395830Z ignoring duplicate directory "/Users/runner/work/tcm-storage-ios/tcm-storage-ios/build/Build/Products/Debug-iphonesimulator/PackageFrameworks"
2026-04-22T16:45:07.9396280Z ignoring duplicate directory "/Users/runner/work/tcm-storage-ios/tcm-storage-ios/build/Build/Products/Debug-iphonesimulator/PackageFrameworks"
2026-04-22T16:45:07.9396620Z ignoring duplicate directory "/Users/runner/work/tcm-storage-ios/tcm-storage-ios/build/Build/Products/Debug-iphonesimulator/PackageFrameworks"
2026-04-22T16:45:07.9397030Z ignoring duplicate directory "/Users/runner/work/tcm-storage-ios/tcm-storage-ios/build/Build/Products/Debug-iphonesimulator/PackageFrameworks"
2026-04-22T16:45:07.9397450Z ignoring duplicate directory "/Users/runner/work/tcm-storage-ios/tcm-storage-ios/build/Build/Products/Debug-iphonesimulator/PackageFrameworks"
2026-04-22T16:45:07.9397780Z ignoring duplicate directory "/Users/runner/work/tcm-storage-ios/tcm-storage-ios/build/Build/Products/Debug-iphonesimulator/PackageFrameworks"
2026-04-22T16:45:07.9398110Z ignoring duplicate directory "/Users/runner/work/tcm-storage-ios/tcm-storage-ios/build/Build/Products/Debug-iphonesimulator/PackageFrameworks"
2026-04-22T16:45:07.9398430Z ignoring duplicate directory "/Users/runner/work/tcm-storage-ios/tcm-storage-ios/build/Build/Products/Debug-iphonesimulator/PackageFrameworks"
2026-04-22T16:45:07.9398750Z ignoring duplicate directory "/Users/runner/work/tcm-storage-ios/tcm-storage-ios/build/Build/Products/Debug-iphonesimulator/PackageFrameworks"
2026-04-22T16:45:07.9399080Z ignoring duplicate directory "/Users/runner/work/tcm-storage-ios/tcm-storage-ios/build/Build/Products/Debug-iphonesimulator/PackageFrameworks"
2026-04-22T16:45:07.9399410Z ignoring duplicate directory "/Users/runner/work/tcm-storage-ios/tcm-storage-ios/build/Build/Products/Debug-iphonesimulator/PackageFrameworks"
2026-04-22T16:45:07.9399730Z ignoring duplicate directory "/Users/runner/work/tcm-storage-ios/tcm-storage-ios/build/Build/Products/Debug-iphonesimulator/PackageFrameworks"
2026-04-22T16:45:07.9400070Z ignoring duplicate directory "/Users/runner/work/tcm-storage-ios/tcm-storage-ios/build/Build/Products/Debug-iphonesimulator/PackageFrameworks"
2026-04-22T16:45:07.9400400Z ignoring duplicate directory "/Users/runner/work/tcm-storage-ios/tcm-storage-ios/build/Build/Products/Debug-iphonesimulator/PackageFrameworks"
2026-04-22T16:45:07.9400730Z ignoring duplicate directory "/Users/runner/work/tcm-storage-ios/tcm-storage-ios/build/Build/Products/Debug-iphonesimulator/PackageFrameworks"
2026-04-22T16:45:07.9401050Z ignoring duplicate directory "/Users/runner/work/tcm-storage-ios/tcm-storage-ios/build/Build/Products/Debug-iphonesimulator/PackageFrameworks"
2026-04-22T16:45:07.9401380Z ignoring duplicate directory "/Users/runner/work/tcm-storage-ios/tcm-storage-ios/build/Build/Products/Debug-iphonesimulator/PackageFrameworks"
2026-04-22T16:45:07.9401710Z ignoring duplicate directory "/Users/runner/work/tcm-storage-ios/tcm-storage-ios/build/Build/Products/Debug-iphonesimulator/PackageFrameworks"
2026-04-22T16:45:07.9402090Z ignoring duplicate directory "/Users/runner/work/tcm-storage-ios/tcm-storage-ios/build/Build/Products/Debug-iphonesimulator/PackageFrameworks"
2026-04-22T16:45:07.9402410Z ignoring duplicate directory "/Users/runner/work/tcm-storage-ios/tcm-storage-ios/build/Build/Products/Debug-iphonesimulator/PackageFrameworks"
2026-04-22T16:45:07.9402740Z ignoring duplicate directory "/Users/runner/work/tcm-storage-ios/tcm-storage-ios/build/Build/Products/Debug-iphonesimulator/PackageFrameworks"
2026-04-22T16:45:07.9403080Z ignoring duplicate directory "/Users/runner/work/tcm-storage-ios/tcm-storage-ios/build/Build/Products/Debug-iphonesimulator/PackageFrameworks"
2026-04-22T16:45:07.9403410Z ignoring duplicate directory "/Users/runner/work/tcm-storage-ios/tcm-storage-ios/build/Build/Products/Debug-iphonesimulator/PackageFrameworks"
2026-04-22T16:45:07.9403740Z ignoring duplicate directory "/Users/runner/work/tcm-storage-ios/tcm-storage-ios/build/Build/Products/Debug-iphonesimulator/PackageFrameworks"
2026-04-22T16:45:07.9404070Z ignoring duplicate directory "/Users/runner/work/tcm-storage-ios/tcm-storage-ios/build/Build/Products/Debug-iphonesimulator/PackageFrameworks"
2026-04-22T16:45:07.9404470Z ignoring duplicate directory "/Users/runner/work/tcm-storage-ios/tcm-storage-ios/build/Build/Products/Debug-iphonesimulator/PackageFrameworks"
2026-04-22T16:45:07.9404800Z ignoring duplicate directory "/Users/runner/work/tcm-storage-ios/tcm-storage-ios/build/Build/Products/Debug-iphonesimulator/PackageFrameworks"
2026-04-22T16:45:07.9404900Z #include "..." search starts here:
2026-04-22T16:45:07.9405600Z  /Users/runner/work/tcm-storage-ios/tcm-storage-ios/build/Build/Intermediates.noindex/Nextcloud.build/Debug-iphonesimulator/Nextcloud.build/Nextcloud-generated-files.hmap (headermap)
2026-04-22T16:45:07.9406090Z  /Users/runner/work/tcm-storage-ios/tcm-storage-ios/build/Build/Intermediates.noindex/Nextcloud.build/Debug-iphonesimulator/Nextcloud.build/Nextcloud-project-headers.hmap (headermap)
2026-04-22T16:45:07.9406150Z #include <...> search starts here:
2026-04-22T16:45:07.9406620Z  /Users/runner/work/tcm-storage-ios/tcm-storage-ios/build/Build/Intermediates.noindex/Nextcloud.build/Debug-iphonesimulator/Nextcloud.build/Nextcloud-own-target-headers.hmap (headermap)
2026-04-22T16:45:07.9407150Z  /Users/runner/work/tcm-storage-ios/tcm-storage-ios/build/Build/Intermediates.noindex/Nextcloud.build/Debug-iphonesimulator/Nextcloud.build/Nextcloud-all-non-framework-target-headers.hmap (headermap)
2026-04-22T16:45:07.9407470Z  /Users/runner/work/tcm-storage-ios/tcm-storage-ios/build/SourcePackages/checkouts/swift-nio-ssl/Sources/CNIOBoringSSLShims/include
2026-04-22T16:45:07.9407870Z  /Users/runner/work/tcm-storage-ios/tcm-storage-ios/build/SourcePackages/checkouts/swift-nio-ssl/Sources/CNIOBoringSSL/include
2026-04-22T16:45:07.9408170Z  /Users/runner/work/tcm-storage-ios/tcm-storage-ios/build/SourcePackages/checkouts/swift-atomics/Sources/_AtomicsShims/include
2026-04-22T16:45:07.9408460Z  /Users/runner/work/tcm-storage-ios/tcm-storage-ios/build/SourcePackages/checkouts/swift-nio/Sources/CNIOPosix/include
2026-04-22T16:45:07.9408730Z  /Users/runner/work/tcm-storage-ios/tcm-storage-ios/build/SourcePackages/checkouts/swift-nio/Sources/CNIOWASI/include
2026-04-22T16:45:07.9409000Z  /Users/runner/work/tcm-storage-ios/tcm-storage-ios/build/SourcePackages/checkouts/swift-nio/Sources/CNIOWindows/include
2026-04-22T16:45:07.9409270Z  /Users/runner/work/tcm-storage-ios/tcm-storage-ios/build/SourcePackages/checkouts/swift-nio/Sources/CNIOLinux/include
2026-04-22T16:45:07.9409530Z  /Users/runner/work/tcm-storage-ios/tcm-storage-ios/build/SourcePackages/checkouts/swift-nio/Sources/CNIODarwin/include
2026-04-22T16:45:07.9409800Z  /Users/runner/work/tcm-storage-ios/tcm-storage-ios/build/SourcePackages/checkouts/swift-nio/Sources/CNIOOpenBSD/include
2026-04-22T16:45:07.9410090Z  /Users/runner/work/tcm-storage-ios/tcm-storage-ios/build/SourcePackages/checkouts/swift-nio/Sources/CNIOAtomics/include
2026-04-22T16:45:07.9410380Z  /Users/runner/work/tcm-storage-ios/tcm-storage-ios/build/SourcePackages/checkouts/realm-core/src
2026-04-22T16:45:07.9410620Z  /Users/runner/work/tcm-storage-ios/tcm-storage-ios/build/SourcePackages/checkouts/realm-core/src/external/s2
2026-04-22T16:45:07.9410970Z  /Users/runner/work/tcm-storage-ios/tcm-storage-ios/build/SourcePackages/checkouts/realm-core/src/external/IntelRDFPMathLib20U2/LIBRARY/src
2026-04-22T16:45:07.9411200Z  /Users/runner/work/tcm-storage-ios/tcm-storage-ios/build/SourcePackages/checkouts/realm-core/src/spm
2026-04-22T16:45:07.9411430Z  /Users/runner/work/tcm-storage-ios/tcm-storage-ios/build/SourcePackages/checkouts/realm-swift/include
2026-04-22T16:45:07.9411760Z  /Users/runner/work/tcm-storage-ios/tcm-storage-ios/build/SourcePackages/checkouts/GoogleUtilities/GoogleUtilities/NSData+zlib/Public
2026-04-22T16:45:07.9412070Z  /Users/runner/work/tcm-storage-ios/tcm-storage-ios/build/SourcePackages/checkouts/GoogleUtilities/GoogleUtilities/Logger/Public
2026-04-22T16:45:07.9412410Z  /Users/runner/work/tcm-storage-ios/tcm-storage-ios/build/SourcePackages/checkouts/GoogleUtilities/GoogleUtilities/Environment/Public
2026-04-22T16:45:07.9412770Z  /Users/runner/work/tcm-storage-ios/tcm-storage-ios/build/SourcePackages/checkouts/GoogleUtilities/third_party/IsAppEncrypted/Public
2026-04-22T16:45:07.9413090Z  /Users/runner/work/tcm-storage-ios/tcm-storage-ios/build/SourcePackages/checkouts/GoogleUtilities/GoogleUtilities/UserDefaults/Public
2026-04-22T16:45:07.9413300Z  /Users/runner/work/tcm-storage-ios/tcm-storage-ios/build/SourcePackages/checkouts/nanopb/spm_headers
2026-04-22T16:45:07.9413660Z  /Users/runner/work/tcm-storage-ios/tcm-storage-ios/build/SourcePackages/checkouts/promises/Sources/FBLPromises/include
2026-04-22T16:45:07.9414070Z  /Users/runner/work/tcm-storage-ios/tcm-storage-ios/build/SourcePackages/checkouts/GoogleDataTransport/GoogleDataTransport/GDTCORLibrary/Public
2026-04-22T16:45:07.9414390Z  /Users/runner/work/tcm-storage-ios/tcm-storage-ios/build/SourcePackages/checkouts/firebase-ios-sdk/FirebaseSessions/SourcesObjC
2026-04-22T16:45:07.9414670Z  /Users/runner/work/tcm-storage-ios/tcm-storage-ios/build/SourcePackages/checkouts/firebase-ios-sdk/FirebaseCore/Extension
2026-04-22T16:45:07.9415010Z  /Users/runner/work/tcm-storage-ios/tcm-storage-ios/build/SourcePackages/checkouts/firebase-ios-sdk/FirebaseInstallations/Source/Library/Public
2026-04-22T16:45:07.9415300Z  /Users/runner/work/tcm-storage-ios/tcm-storage-ios/build/SourcePackages/checkouts/firebase-ios-sdk/FirebaseCore/Sources/Public
2026-04-22T16:45:07.9415560Z  /Users/runner/work/tcm-storage-ios/tcm-storage-ios/build/SourcePackages/checkouts/firebase-ios-sdk/CoreOnly/Sources
2026-04-22T16:45:07.9415870Z  /Users/runner/work/tcm-storage-ios/tcm-storage-ios/build/SourcePackages/checkouts/firebase-ios-sdk/Crashlytics/Crashlytics/Public
2026-04-22T16:45:07.9416140Z  /Users/runner/work/tcm-storage-ios/tcm-storage-ios/build/SourcePackages/checkouts/GzipSwift/Sources/system-zlib/include
2026-04-22T16:45:07.9416510Z  /Users/runner/work/tcm-storage-ios/tcm-storage-ios/build/Build/Intermediates.noindex/Nextcloud.build/Debug-iphonesimulator/Nextcloud.build/DerivedSources
2026-04-22T16:45:07.9416840Z  /Users/runner/work/tcm-storage-ios/tcm-storage-ios/build/Build/Products/Debug-iphonesimulator/PackageFrameworks (framework directory)
2026-04-22T16:45:07.9417110Z  /Users/runner/work/tcm-storage-ios/tcm-storage-ios/build/Build/Products/Debug-iphonesimulator (framework directory)
2026-04-22T16:45:07.9417420Z  /Applications/Xcode_26.2.app/Contents/Developer/Platforms/iPhoneSimulator.platform/Developer/Library/Frameworks (framework directory)
2026-04-22T16:45:07.9417850Z  /Applications/Xcode_26.2.app/Contents/Developer/Platforms/iPhoneSimulator.platform/Developer/SDKs/iPhoneSimulator26.2.sdk/Developer/Library/Frameworks (framework directory)
2026-04-22T16:45:07.9418090Z  /Applications/Xcode_26.2.app/Contents/Developer/Toolchains/XcodeDefault.xctoolchain/usr/lib/clang/17/include
2026-04-22T16:45:07.9418460Z  /Applications/Xcode_26.2.app/Contents/Developer/Platforms/iPhoneSimulator.platform/Developer/SDKs/iPhoneSimulator26.2.sdk/usr/include
2026-04-22T16:45:07.9418680Z  /Applications/Xcode_26.2.app/Contents/Developer/Toolchains/XcodeDefault.xctoolchain/usr/include
2026-04-22T16:45:07.9419120Z  /Applications/Xcode_26.2.app/Contents/Developer/Platforms/iPhoneSimulator.platform/Developer/SDKs/iPhoneSimulator26.2.sdk/System/Library/Frameworks (framework directory)
2026-04-22T16:45:07.9419550Z  /Applications/Xcode_26.2.app/Contents/Developer/Platforms/iPhoneSimulator.platform/Developer/SDKs/iPhoneSimulator26.2.sdk/System/Library/SubFrameworks (framework directory)
2026-04-22T16:45:07.9419600Z End of search list.
2026-04-22T16:45:09.2196980Z ▸ Touching WidgetDashboardIntentHandler.appex (in target 'WidgetDashboardIntentHandler' from project 'Nextcloud')
2026-04-22T16:45:09.2396750Z ▸ Touching Widget.appex (in target 'Widget' from project 'Nextcloud')
2026-04-22T16:45:09.2521060Z ▸ Touching Share.appex (in target 'Share' from project 'Nextcloud')
2026-04-22T16:45:09.2599040Z ▸ Touching Notification\ Service\ Extension.appex (in target 'Notification Service Extension' from project 'Nextcloud')
2026-04-22T16:45:09.2647240Z ▸ Linking __preview.dylib
2026-04-22T16:45:09.4658570Z ▸ Copying /Users/runner/work/tcm-storage-ios/tcm-storage-ios/build/Build/Products/Debug-iphonesimulator/Nextcloud.app/english.txt
2026-04-22T16:45:09.4763160Z ▸ Copying /Users/runner/work/tcm-storage-ios/tcm-storage-ios/build/Build/Products/Debug-iphonesimulator/Nextcloud.app/Reasons\ to\ use\ Nextcloud.pdf
2026-04-22T16:45:09.4899530Z ▸ Copying /Users/runner/work/tcm-storage-ios/tcm-storage-ios/build/Build/Products/Debug-iphonesimulator/Nextcloud.app/PrivacyInfo.xcprivacy
2026-04-22T16:45:09.5021570Z ▸ Copying /Users/runner/work/tcm-storage-ios/tcm-storage-ios/build/Build/Products/Debug-iphonesimulator/Nextcloud.app/Inconsolata-SemiBold.ttf
2026-04-22T16:45:09.5123520Z ▸ Copying /Users/runner/work/tcm-storage-ios/tcm-storage-ios/build/Build/Products/Debug-iphonesimulator/Nextcloud.app/Inconsolata-Regular.ttf
2026-04-22T16:45:09.5224630Z ▸ Copying /Users/runner/work/tcm-storage-ios/tcm-storage-ios/build/Build/Products/Debug-iphonesimulator/Nextcloud.app/Inconsolata-Medium.ttf
2026-04-22T16:45:09.5313450Z ▸ Copying /Users/runner/work/tcm-storage-ios/tcm-storage-ios/build/Build/Products/Debug-iphonesimulator/Nextcloud.app/Inconsolata-Light.ttf
2026-04-22T16:45:09.5315110Z ▸ Copying /Users/runner/work/tcm-storage-ios/tcm-storage-ios/build/Build/Products/Debug-iphonesimulator/Nextcloud.app/Inconsolata-ExtraLight.ttf
2026-04-22T16:45:09.5316180Z ▸ Copying /Users/runner/work/tcm-storage-ios/tcm-storage-ios/build/Build/Products/Debug-iphonesimulator/Nextcloud.app/Inconsolata-ExtraBold.ttf
2026-04-22T16:45:09.5317210Z ▸ Copying /Users/runner/work/tcm-storage-ios/tcm-storage-ios/build/Build/Products/Debug-iphonesimulator/Nextcloud.app/Inconsolata-Bold.ttf
2026-04-22T16:45:09.5318240Z ▸ Copying /Users/runner/work/tcm-storage-ios/tcm-storage-ios/build/Build/Products/Debug-iphonesimulator/Nextcloud.app/Inconsolata-Black.ttf
2026-04-22T16:45:09.5319230Z ▸ Copying /Users/runner/work/tcm-storage-ios/tcm-storage-ios/build/Build/Products/Debug-iphonesimulator/Nextcloud.app/Acknowledgements.rtf
2026-04-22T16:45:09.5319900Z ▸ Copying Localizable.strings
2026-04-22T16:45:09.5320330Z ▸ Copying Localizable.strings
2026-04-22T16:45:09.5320720Z ▸ Copying InfoPlist.strings
2026-04-22T16:45:09.5321090Z ▸ Copying Localizable.strings
2026-04-22T16:45:09.5321500Z ▸ Copying Localizable.strings
2026-04-22T16:45:09.5321860Z ▸ Copying InfoPlist.strings
2026-04-22T16:45:09.5322240Z ▸ Copying Localizable.strings
2026-04-22T16:45:09.5322600Z ▸ Copying Localizable.strings
2026-04-22T16:45:09.5323010Z ▸ Copying InfoPlist.strings
2026-04-22T16:45:09.5323370Z ▸ Copying Localizable.strings
2026-04-22T16:45:09.5323750Z ▸ Copying Localizable.strings
2026-04-22T16:45:09.5324160Z ▸ Copying InfoPlist.strings
2026-04-22T16:45:09.5324520Z ▸ Copying Localizable.strings
2026-04-22T16:45:09.5325380Z ▸ Copying Localizable.strings
2026-04-22T16:45:09.5325840Z ▸ Copying InfoPlist.strings
2026-04-22T16:45:09.5326300Z ▸ Copying Localizable.strings
2026-04-22T16:45:09.5326700Z ▸ Copying Localizable.strings
2026-04-22T16:45:09.5327080Z ▸ Copying InfoPlist.strings
2026-04-22T16:45:09.5327450Z ▸ Copying Localizable.strings
2026-04-22T16:45:09.5327810Z ▸ Copying Localizable.strings
2026-04-22T16:45:09.5328210Z ▸ Copying InfoPlist.strings
2026-04-22T16:45:09.5400120Z ▸ Compiling NYMnemonic.m
2026-04-22T16:45:10.1132610Z ▸ Copying Localizable.strings
2026-04-22T16:45:10.1235610Z ▸ Copying Localizable.strings
2026-04-22T16:45:10.1533330Z ▸ Copying InfoPlist.strings
2026-04-22T16:45:10.2341260Z ▸ Copying Localizable.strings
2026-04-22T16:45:10.2450710Z ▸ Copying Localizable.strings
2026-04-22T16:45:10.2546160Z ▸ Copying InfoPlist.strings
2026-04-22T16:45:10.2624600Z ▸ Copying Localizable.strings
2026-04-22T16:45:10.2629000Z ▸ Copying Localizable.strings
2026-04-22T16:45:10.2629410Z ▸ Copying InfoPlist.strings
2026-04-22T16:45:10.2630170Z ▸ Copying Localizable.strings
2026-04-22T16:45:10.2631310Z ▸ Copying Localizable.strings
2026-04-22T16:45:10.2631780Z ▸ Copying InfoPlist.strings
2026-04-22T16:45:10.9635760Z ▸ Copying Localizable.strings
2026-04-22T16:45:10.9643890Z ▸ Copying Localizable.strings
2026-04-22T16:45:10.9645100Z ▸ Copying InfoPlist.strings
2026-04-22T16:45:10.9645760Z ▸ Copying Localizable.strings
2026-04-22T16:45:10.9646340Z ▸ Copying Localizable.strings
2026-04-22T16:45:10.9649430Z ▸ Copying InfoPlist.strings
2026-04-22T16:45:10.9655870Z ▸ Copying Localizable.strings
2026-04-22T16:45:10.9661280Z ▸ Copying Localizable.strings
2026-04-22T16:45:10.9662390Z ▸ Copying InfoPlist.strings
2026-04-22T16:45:10.9664300Z ▸ Copying Localizable.strings
2026-04-22T16:45:10.9666040Z ▸ Copying Localizable.strings
2026-04-22T16:45:10.9673730Z ▸ Copying InfoPlist.strings
2026-04-22T16:45:10.9675290Z ▸ Copying Localizable.strings
2026-04-22T16:45:10.9675760Z ▸ Copying Localizable.strings
2026-04-22T16:45:10.9688950Z ▸ Copying InfoPlist.strings
2026-04-22T16:45:10.9703560Z ▸ Copying Localizable.strings
2026-04-22T16:45:10.9706600Z ▸ Copying Localizable.strings
2026-04-22T16:45:10.9707710Z ▸ Copying InfoPlist.strings
2026-04-22T16:45:10.9719240Z ▸ Copying Localizable.strings
2026-04-22T16:45:10.9723180Z ▸ Copying Localizable.strings
2026-04-22T16:45:10.9724190Z ▸ Copying InfoPlist.strings
2026-04-22T16:45:10.9727860Z ▸ Copying Localizable.strings
2026-04-22T16:45:10.9731990Z ▸ Copying Localizable.strings
2026-04-22T16:45:10.9734900Z ▸ Copying InfoPlist.strings
2026-04-22T16:45:10.9736300Z ▸ Copying Localizable.strings
2026-04-22T16:45:10.9777850Z ▸ Copying Localizable.strings
2026-04-22T16:45:10.9779380Z ▸ Copying InfoPlist.strings
2026-04-22T16:45:10.9780340Z ▸ Copying Localizable.strings
2026-04-22T16:45:10.9782130Z ▸ Copying Localizable.strings
2026-04-22T16:45:10.9783120Z ▸ Copying InfoPlist.strings
2026-04-22T16:45:10.9790150Z ▸ Copying Localizable.strings
2026-04-22T16:45:10.9791110Z ▸ Copying Localizable.strings
2026-04-22T16:45:10.9794430Z ▸ Copying InfoPlist.strings
2026-04-22T16:45:10.9795310Z ▸ Copying Localizable.strings
2026-04-22T16:45:10.9798340Z ▸ Copying Localizable.strings
2026-04-22T16:45:10.9799320Z ▸ Copying InfoPlist.strings
2026-04-22T16:45:10.9800170Z ▸ Copying Localizable.strings
2026-04-22T16:45:10.9804430Z ▸ Copying Localizable.strings
2026-04-22T16:45:10.9804940Z ▸ Copying InfoPlist.strings
2026-04-22T16:45:10.9808390Z ▸ Copying Localizable.strings
2026-04-22T16:45:10.9808990Z ▸ Copying Localizable.strings
2026-04-22T16:45:10.9809430Z ▸ Copying InfoPlist.strings
2026-04-22T16:45:10.9809800Z ▸ Copying Localizable.strings
2026-04-22T16:45:10.9811400Z ▸ Copying Localizable.strings
2026-04-22T16:45:10.9812040Z ▸ Copying InfoPlist.strings
2026-04-22T16:45:10.9812930Z ▸ Copying Localizable.strings
2026-04-22T16:45:10.9813550Z ▸ Copying Localizable.strings
2026-04-22T16:45:10.9813980Z ▸ Copying InfoPlist.strings
2026-04-22T16:45:10.9815120Z ▸ Copying Localizable.strings
2026-04-22T16:45:10.9816620Z ▸ Copying Localizable.strings
2026-04-22T16:45:10.9816890Z ▸ Copying InfoPlist.strings
2026-04-22T16:45:10.9817620Z ▸ Copying Localizable.strings
2026-04-22T16:45:10.9818430Z ▸ Copying Localizable.strings
2026-04-22T16:45:10.9818980Z ▸ Copying InfoPlist.strings
2026-04-22T16:45:10.9819240Z ▸ Copying Localizable.strings
2026-04-22T16:45:10.9819670Z ▸ Copying Localizable.strings
2026-04-22T16:45:10.9819920Z ▸ Copying InfoPlist.strings
2026-04-22T16:45:10.9820210Z ▸ Copying Localizable.strings
2026-04-22T16:45:10.9820640Z ▸ Copying Localizable.strings
2026-04-22T16:45:10.9820880Z ▸ Copying InfoPlist.strings
2026-04-22T16:45:10.9821470Z ▸ Copying Localizable.strings
2026-04-22T16:45:10.9821790Z ▸ Copying Localizable.strings
2026-04-22T16:45:10.9822050Z ▸ Copying InfoPlist.strings
2026-04-22T16:45:10.9822350Z ▸ Copying Localizable.strings
2026-04-22T16:45:10.9822620Z ▸ Copying Localizable.strings
2026-04-22T16:45:10.9822800Z ▸ Copying InfoPlist.strings
2026-04-22T16:45:10.9823080Z ▸ Copying Localizable.strings
2026-04-22T16:45:10.9823400Z ▸ Copying Localizable.strings
2026-04-22T16:45:10.9823650Z ▸ Copying InfoPlist.strings
2026-04-22T16:45:10.9823980Z ▸ Copying Localizable.strings
2026-04-22T16:45:10.9824180Z ▸ Copying Localizable.strings
2026-04-22T16:45:10.9824370Z ▸ Copying InfoPlist.strings
2026-04-22T16:45:10.9824640Z ▸ Copying Localizable.strings
2026-04-22T16:45:10.9825460Z ▸ Copying Localizable.strings
2026-04-22T16:45:10.9829810Z ▸ Copying InfoPlist.strings
2026-04-22T16:45:10.9831700Z ▸ Copying Localizable.strings
2026-04-22T16:45:10.9835130Z ▸ Copying Localizable.strings
2026-04-22T16:45:10.9836290Z ▸ Copying InfoPlist.strings
2026-04-22T16:45:10.9837270Z ▸ Copying Localizable.strings
2026-04-22T16:45:10.9838860Z ▸ Copying Localizable.strings
2026-04-22T16:45:10.9845800Z ▸ Copying InfoPlist.strings
2026-04-22T16:45:10.9853270Z ▸ Copying Localizable.strings
2026-04-22T16:45:10.9855360Z ▸ Copying Localizable.strings
2026-04-22T16:45:10.9857350Z ▸ Copying InfoPlist.strings
2026-04-22T16:45:10.9859290Z ▸ Copying Localizable.strings
2026-04-22T16:45:10.9865200Z ▸ Copying Localizable.strings
2026-04-22T16:45:10.9866400Z ▸ Copying InfoPlist.strings
2026-04-22T16:45:10.9871900Z ▸ Copying Localizable.strings
2026-04-22T16:45:10.9879970Z ▸ Copying Localizable.strings
2026-04-22T16:45:10.9884630Z ▸ Copying InfoPlist.strings
2026-04-22T16:45:10.9885800Z ▸ Copying Localizable.strings
2026-04-22T16:45:10.9888470Z ▸ Copying Localizable.strings
2026-04-22T16:45:10.9889640Z ▸ Copying InfoPlist.strings
2026-04-22T16:45:10.9894330Z ▸ Copying Localizable.strings
2026-04-22T16:45:10.9896300Z ▸ Copying Localizable.strings
2026-04-22T16:45:10.9897800Z ▸ Copying InfoPlist.strings
2026-04-22T16:45:10.9899210Z ▸ Copying Localizable.strings
2026-04-22T16:45:10.9901510Z ▸ Copying Localizable.strings
2026-04-22T16:45:10.9902070Z ▸ Copying InfoPlist.strings
2026-04-22T16:45:10.9902480Z ▸ Copying Localizable.strings
2026-04-22T16:45:10.9904240Z ▸ Copying Localizable.strings
2026-04-22T16:45:10.9904650Z ▸ Copying InfoPlist.strings
2026-04-22T16:45:10.9905070Z ▸ Copying Localizable.strings
2026-04-22T16:45:10.9905730Z ▸ Copying Localizable.strings
2026-04-22T16:45:10.9910710Z ▸ Copying InfoPlist.strings
2026-04-22T16:45:10.9913140Z ▸ Copying Localizable.strings
2026-04-22T16:45:10.9913900Z ▸ Copying Localizable.strings
2026-04-22T16:45:10.9914680Z ▸ Copying InfoPlist.strings
2026-04-22T16:45:10.9916370Z ▸ Copying Localizable.strings
2026-04-22T16:45:10.9918210Z ▸ Copying Localizable.strings
2026-04-22T16:45:10.9920050Z ▸ Copying InfoPlist.strings
2026-04-22T16:45:10.9921790Z ▸ Copying Localizable.strings
2026-04-22T16:45:10.9924030Z ▸ Copying Localizable.strings
2026-04-22T16:45:10.9925080Z ▸ Copying InfoPlist.strings
2026-04-22T16:45:10.9929320Z ▸ Copying GoogleService-Info.plist
2026-04-22T16:45:10.9934160Z 
2026-04-22T16:45:10.9935850Z ❌  error: Build input file cannot be found: '/Users/runner/work/tcm-storage-ios/tcm-storage-ios/GoogleService-Info.plist'. Did you forget to declare this file as an output of a script phase or custom build rule which produces it? (in target 'Nextcloud' from project 'Nextcloud')
2026-04-22T16:45:10.9938580Z 
2026-04-22T16:45:10.9938590Z 
2026-04-22T16:45:11.4270780Z ** BUILD FAILED **
2026-04-22T16:45:11.4313730Z 
2026-04-22T16:45:11.4313960Z 
2026-04-22T16:45:11.4314780Z The following build commands failed:
2026-04-22T16:45:11.4315890Z 	CopyPlistFile /Users/runner/work/tcm-storage-ios/tcm-storage-ios/build/Build/Products/Debug-iphonesimulator/Nextcloud.app/GoogleService-Info.plist /Users/runner/work/tcm-storage-ios/tcm-storage-ios/GoogleService-Info.plist (in target 'Nextcloud' from project 'Nextcloud')
2026-04-22T16:45:11.6321820Z 	Building project Nextcloud with scheme Nextcloud and configuration Debug
2026-04-22T16:45:11.6447090Z (2 failures)
2026-04-22T16:45:11.7595540Z     cd /Users/runner/work/tcm-storage-ios/tcm-storage-ios
2026-04-22T16:45:11.7697960Z     builtin-copyStrings --validate --outputencoding binary --outfilename InfoPlist.strings --outdir /Users/runner/work/tcm-storage-ios/tcm-storage-ios/build/Build/Products/Debug-iphonesimulator/Nextcloud.app/eu.lproj -- /Users/runner/work/tcm-storage-ios/tcm-storage-ios/iOSClient/Supporting\ Files/eu.lproj/InfoPlist.strings
2026-04-22T16:45:11.7802470Z /Users/runner/work/tcm-storage-ios/tcm-storage-ios/iOSClient/Supporting Files/eu.lproj/InfoPlist.strings:1:1: note: detected encoding of input file as Unicode (UTF-16) (in target 'Nextcloud' from project 'Nextcloud')
2026-04-22T16:45:11.7906100Z 
2026-04-22T16:45:11.8014540Z CopyStringsFile /Users/runner/work/tcm-storage-ios/tcm-storage-ios/build/Build/Products/Debug-iphonesimulator/Nextcloud.app/et.lproj/Localizable.stringsdict /Users/runner/work/tcm-storage-ios/tcm-storage-ios/iOSClient/Supporting\ Files/et.lproj/Localizable.stringsdict (in target 'Nextcloud' from project 'Nextcloud')
2026-04-22T16:45:11.8121530Z     cd /Users/runner/work/tcm-storage-ios/tcm-storage-ios
2026-04-22T16:45:11.8224120Z     builtin-copyStrings --validate --outputencoding binary --outfilename Localizable.stringsdict --outdir /Users/runner/work/tcm-storage-ios/tcm-storage-ios/build/Build/Products/Debug-iphonesimulator/Nextcloud.app/et.lproj -- /Users/runner/work/tcm-storage-ios/tcm-storage-ios/iOSClient/Supporting\ Files/et.lproj/Localizable.stringsdict
2026-04-22T16:45:11.8329430Z /Users/runner/work/tcm-storage-ios/tcm-storage-ios/iOSClient/Supporting Files/et.lproj/Localizable.stringsdict:1:1: note: detected encoding of input file as Unicode (UTF-8) (in target 'Nextcloud' from project 'Nextcloud')
2026-04-22T16:45:11.8433170Z 
2026-04-22T16:45:11.8535580Z CopyStringsFile /Users/runner/work/tcm-storage-ios/tcm-storage-ios/build/Build/Products/Debug-iphonesimulator/Nextcloud.app/et.lproj/Localizable.strings /Users/runner/work/tcm-storage-ios/tcm-storage-ios/iOSClient/Supporting\ Files/et.lproj/Localizable.strings (in target 'Nextcloud' from project 'Nextcloud')
2026-04-22T16:45:11.8639590Z     cd /Users/runner/work/tcm-storage-ios/tcm-storage-ios
2026-04-22T16:45:11.8741950Z     builtin-copyStrings --validate --outputencoding binary --outfilename Localizable.strings --outdir /Users/runner/work/tcm-storage-ios/tcm-storage-ios/build/Build/Products/Debug-iphonesimulator/Nextcloud.app/et.lproj -- /Users/runner/work/tcm-storage-ios/tcm-storage-ios/iOSClient/Supporting\ Files/et.lproj/Localizable.strings
2026-04-22T16:45:11.8844700Z /Users/runner/work/tcm-storage-ios/tcm-storage-ios/iOSClient/Supporting Files/et.lproj/Localizable.strings:1:1: note: detected encoding of input file as Unicode (UTF-16) (in target 'Nextcloud' from project 'Nextcloud')
2026-04-22T16:45:11.8949960Z 
2026-04-22T16:45:11.9075600Z CopyStringsFile /Users/runner/work/tcm-storage-ios/tcm-storage-ios/build/Build/Products/Debug-iphonesimulator/Nextcloud.app/et.lproj/InfoPlist.strings /Users/runner/work/tcm-storage-ios/tcm-storage-ios/iOSClient/Supporting\ Files/et.lproj/InfoPlist.strings (in target 'Nextcloud' from project 'Nextcloud')
2026-04-22T16:45:11.9179550Z     cd /Users/runner/work/tcm-storage-ios/tcm-storage-ios
2026-04-22T16:45:11.9285070Z     builtin-copyStrings --validate --outputencoding binary --outfilename InfoPlist.strings --outdir /Users/runner/work/tcm-storage-ios/tcm-storage-ios/build/Build/Products/Debug-iphonesimulator/Nextcloud.app/et.lproj -- /Users/runner/work/tcm-storage-ios/tcm-storage-ios/iOSClient/Supporting\ Files/et.lproj/InfoPlist.strings
2026-04-22T16:45:11.9290490Z /Users/runner/work/tcm-storage-ios/tcm-storage-ios/iOSClient/Supporting Files/et.lproj/InfoPlist.strings:1:1: note: detected encoding of input file as Unicode (UTF-16) (in target 'Nextcloud' from project 'Nextcloud')
2026-04-22T16:45:11.9394000Z 
2026-04-22T16:45:11.9497860Z CopyStringsFile /Users/runner/work/tcm-storage-ios/tcm-storage-ios/build/Build/Products/Debug-iphonesimulator/Nextcloud.app/es.lproj/Localizable.stringsdict /Users/runner/work/tcm-storage-ios/tcm-storage-ios/iOSClient/Supporting\ Files/es.lproj/Localizable.stringsdict (in target 'Nextcloud' from project 'Nextcloud')
2026-04-22T16:45:11.9603730Z     cd /Users/runner/work/tcm-storage-ios/tcm-storage-ios
2026-04-22T16:45:11.9721480Z     builtin-copyStrings --validate --outputencoding binary --outfilename Localizable.stringsdict --outdir /Users/runner/work/tcm-storage-ios/tcm-storage-ios/build/Build/Products/Debug-iphonesimulator/Nextcloud.app/es.lproj -- /Users/runner/work/tcm-storage-ios/tcm-storage-ios/iOSClient/Supporting\ Files/es.lproj/Localizable.stringsdict
2026-04-22T16:45:11.9833930Z /Users/runner/work/tcm-storage-ios/tcm-storage-ios/iOSClient/Supporting Files/es.lproj/Localizable.stringsdict:1:1: note: detected encoding of input file as Unicode (UTF-8) (in target 'Nextcloud' from project 'Nextcloud')
2026-04-22T16:45:11.9899130Z 
2026-04-22T16:45:12.0003460Z CopyStringsFile /Users/runner/work/tcm-storage-ios/tcm-storage-ios/build/Build/Products/Debug-iphonesimulator/Nextcloud.app/es.lproj/Localizable.strings /Users/runner/work/tcm-storage-ios/tcm-storage-ios/iOSClient/Supporting\ Files/es.lproj/Localizable.strings (in target 'Nextcloud' from project 'Nextcloud')
2026-04-22T16:45:12.0108480Z     cd /Users/runner/work/tcm-storage-ios/tcm-storage-ios
2026-04-22T16:45:12.0211680Z     builtin-copyStrings --validate --outputencoding binary --outfilename Localizable.strings --outdir /Users/runner/work/tcm-storage-ios/tcm-storage-ios/build/Build/Products/Debug-iphonesimulator/Nextcloud.app/es.lproj -- /Users/runner/work/tcm-storage-ios/tcm-storage-ios/iOSClient/Supporting\ Files/es.lproj/Localizable.strings
2026-04-22T16:45:12.0316140Z /Users/runner/work/tcm-storage-ios/tcm-storage-ios/iOSClient/Supporting Files/es.lproj/Localizable.strings:1:1: note: detected encoding of input file as Unicode (UTF-16) (in target 'Nextcloud' from project 'Nextcloud')
2026-04-22T16:45:12.0458680Z 
2026-04-22T16:45:12.0570400Z CopyStringsFile /Users/runner/work/tcm-storage-ios/tcm-storage-ios/build/Build/Products/Debug-iphonesimulator/Nextcloud.app/es.lproj/InfoPlist.strings /Users/runner/work/tcm-storage-ios/tcm-storage-ios/iOSClient/Supporting\ Files/es.lproj/InfoPlist.strings (in target 'Nextcloud' from project 'Nextcloud')
2026-04-22T16:45:12.0678310Z     cd /Users/runner/work/tcm-storage-ios/tcm-storage-ios
2026-04-22T16:45:12.0785160Z     builtin-copyStrings --validate --outputencoding binary --outfilename InfoPlist.strings --outdir /Users/runner/work/tcm-storage-ios/tcm-storage-ios/build/Build/Products/Debug-iphonesimulator/Nextcloud.app/es.lproj -- /Users/runner/work/tcm-storage-ios/tcm-storage-ios/iOSClient/Supporting\ Files/es.lproj/InfoPlist.strings
2026-04-22T16:45:12.0885470Z /Users/runner/work/tcm-storage-ios/tcm-storage-ios/iOSClient/Supporting Files/es.lproj/InfoPlist.strings:1:1: note: detected encoding of input file as Unicode (UTF-16) (in target 'Nextcloud' from project 'Nextcloud')
2026-04-22T16:45:12.0988510Z 
2026-04-22T16:45:12.1090710Z CopyStringsFile /Users/runner/work/tcm-storage-ios/tcm-storage-ios/build/Build/Products/Debug-iphonesimulator/Nextcloud.app/es-UY.lproj/Localizable.stringsdict /Users/runner/work/tcm-storage-ios/tcm-storage-ios/iOSClient/Supporting\ Files/es-UY.lproj/Localizable.stringsdict (in target 'Nextcloud' from project 'Nextcloud')
2026-04-22T16:45:12.1193150Z     cd /Users/runner/work/tcm-storage-ios/tcm-storage-ios
2026-04-22T16:45:12.1298020Z     builtin-copyStrings --validate --outputencoding binary --outfilename Localizable.stringsdict --outdir /Users/runner/work/tcm-storage-ios/tcm-storage-ios/build/Build/Products/Debug-iphonesimulator/Nextcloud.app/es-UY.lproj -- /Users/runner/work/tcm-storage-ios/tcm-storage-ios/iOSClient/Supporting\ Files/es-UY.lproj/Localizable.stringsdict
2026-04-22T16:45:12.1402910Z /Users/runner/work/tcm-storage-ios/tcm-storage-ios/iOSClient/Supporting Files/es-UY.lproj/Localizable.stringsdict:1:1: note: detected encoding of input file as Unicode (UTF-8) (in target 'Nextcloud' from project 'Nextcloud')
2026-04-22T16:45:12.1504330Z 
2026-04-22T16:45:12.1606370Z CopyStringsFile /Users/runner/work/tcm-storage-ios/tcm-storage-ios/build/Build/Products/Debug-iphonesimulator/Nextcloud.app/es-UY.lproj/Localizable.strings /Users/runner/work/tcm-storage-ios/tcm-storage-ios/iOSClient/Supporting\ Files/es-UY.lproj/Localizable.strings (in target 'Nextcloud' from project 'Nextcloud')
2026-04-22T16:45:12.1688090Z     cd /Users/runner/work/tcm-storage-ios/tcm-storage-ios
2026-04-22T16:45:12.1792770Z     builtin-copyStrings --validate --outputencoding binary --outfilename Localizable.strings --outdir /Users/runner/work/tcm-storage-ios/tcm-storage-ios/build/Build/Products/Debug-iphonesimulator/Nextcloud.app/es-UY.lproj -- /Users/runner/work/tcm-storage-ios/tcm-storage-ios/iOSClient/Supporting\ Files/es-UY.lproj/Localizable.strings
2026-04-22T16:45:12.1881040Z /Users/runner/work/tcm-storage-ios/tcm-storage-ios/iOSClient/Supporting Files/es-UY.lproj/Localizable.strings:1:1: note: detected encoding of input file as Unicode (UTF-16) (in target 'Nextcloud' from project 'Nextcloud')
2026-04-22T16:45:12.1882190Z 
2026-04-22T16:45:12.1883430Z CopyStringsFile /Users/runner/work/tcm-storage-ios/tcm-storage-ios/build/Build/Products/Debug-iphonesimulator/Nextcloud.app/es-UY.lproj/InfoPlist.strings /Users/runner/work/tcm-storage-ios/tcm-storage-ios/iOSClient/Supporting\ Files/es-UY.lproj/InfoPlist.strings (in target 'Nextcloud' from project 'Nextcloud')
2026-04-22T16:45:12.1884650Z     cd /Users/runner/work/tcm-storage-ios/tcm-storage-ios
2026-04-22T16:45:12.1885840Z     builtin-copyStrings --validate --outputencoding binary --outfilename InfoPlist.strings --outdir /Users/runner/work/tcm-storage-ios/tcm-storage-ios/build/Build/Products/Debug-iphonesimulator/Nextcloud.app/es-UY.lproj -- /Users/runner/work/tcm-storage-ios/tcm-storage-ios/iOSClient/Supporting\ Files/es-UY.lproj/InfoPlist.strings
2026-04-22T16:45:12.1887390Z /Users/runner/work/tcm-storage-ios/tcm-storage-ios/iOSClient/Supporting Files/es-UY.lproj/InfoPlist.strings:1:1: note: detected encoding of input file as Unicode (UTF-16) (in target 'Nextcloud' from project 'Nextcloud')
2026-04-22T16:45:12.1888000Z 
2026-04-22T16:45:12.1888870Z CopyStringsFile /Users/runner/work/tcm-storage-ios/tcm-storage-ios/build/Build/Products/Debug-iphonesimulator/Nextcloud.app/es-SV.lproj/Localizable.stringsdict /Users/runner/work/tcm-storage-ios/tcm-storage-ios/iOSClient/Supporting\ Files/es-SV.lproj/Localizable.stringsdict (in target 'Nextcloud' from project 'Nextcloud')
2026-04-22T16:45:12.1889910Z     cd /Users/runner/work/tcm-storage-ios/tcm-storage-ios
2026-04-22T16:45:12.1891030Z     builtin-copyStrings --validate --outputencoding binary --outfilename Localizable.stringsdict --outdir /Users/runner/work/tcm-storage-ios/tcm-storage-ios/build/Build/Products/Debug-iphonesimulator/Nextcloud.app/es-SV.lproj -- /Users/runner/work/tcm-storage-ios/tcm-storage-ios/iOSClient/Supporting\ Files/es-SV.lproj/Localizable.stringsdict
2026-04-22T16:45:12.1893130Z /Users/runner/work/tcm-storage-ios/tcm-storage-ios/iOSClient/Supporting Files/es-SV.lproj/Localizable.stringsdict:1:1: note: detected encoding of input file as Unicode (UTF-8) (in target 'Nextcloud' from project 'Nextcloud')
2026-04-22T16:45:12.1893840Z 
2026-04-22T16:45:12.1894720Z CopyStringsFile /Users/runner/work/tcm-storage-ios/tcm-storage-ios/build/Build/Products/Debug-iphonesimulator/Nextcloud.app/es-SV.lproj/Localizable.strings /Users/runner/work/tcm-storage-ios/tcm-storage-ios/iOSClient/Supporting\ Files/es-SV.lproj/Localizable.strings (in target 'Nextcloud' from project 'Nextcloud')
2026-04-22T16:45:12.1896390Z     cd /Users/runner/work/tcm-storage-ios/tcm-storage-ios
2026-04-22T16:45:12.1897580Z     builtin-copyStrings --validate --outputencoding binary --outfilename Localizable.strings --outdir /Users/runner/work/tcm-storage-ios/tcm-storage-ios/build/Build/Products/Debug-iphonesimulator/Nextcloud.app/es-SV.lproj -- /Users/runner/work/tcm-storage-ios/tcm-storage-ios/iOSClient/Supporting\ Files/es-SV.lproj/Localizable.strings
2026-04-22T16:45:12.1899110Z /Users/runner/work/tcm-storage-ios/tcm-storage-ios/iOSClient/Supporting Files/es-SV.lproj/Localizable.strings:1:1: note: detected encoding of input file as Unicode (UTF-16) (in target 'Nextcloud' from project 'Nextcloud')
2026-04-22T16:45:12.1899710Z 
2026-04-22T16:45:12.1900520Z CopyStringsFile /Users/runner/work/tcm-storage-ios/tcm-storage-ios/build/Build/Products/Debug-iphonesimulator/Nextcloud.app/es-SV.lproj/InfoPlist.strings /Users/runner/work/tcm-storage-ios/tcm-storage-ios/iOSClient/Supporting\ Files/es-SV.lproj/InfoPlist.strings (in target 'Nextcloud' from project 'Nextcloud')
2026-04-22T16:45:12.1901540Z     cd /Users/runner/work/tcm-storage-ios/tcm-storage-ios
2026-04-22T16:45:12.1903060Z     builtin-copyStrings --validate --outputencoding binary --outfilename InfoPlist.strings --outdir /Users/runner/work/tcm-storage-ios/tcm-storage-ios/build/Build/Products/Debug-iphonesimulator/Nextcloud.app/es-SV.lproj -- /Users/runner/work/tcm-storage-ios/tcm-storage-ios/iOSClient/Supporting\ Files/es-SV.lproj/InfoPlist.strings
2026-04-22T16:45:12.1904770Z /Users/runner/work/tcm-storage-ios/tcm-storage-ios/iOSClient/Supporting Files/es-SV.lproj/InfoPlist.strings:1:1: note: detected encoding of input file as Unicode (UTF-16) (in target 'Nextcloud' from project 'Nextcloud')
2026-04-22T16:45:12.1905390Z 
2026-04-22T16:45:12.1906300Z CopyStringsFile /Users/runner/work/tcm-storage-ios/tcm-storage-ios/build/Build/Products/Debug-iphonesimulator/Nextcloud.app/es-PY.lproj/Localizable.stringsdict /Users/runner/work/tcm-storage-ios/tcm-storage-ios/iOSClient/Supporting\ Files/es-PY.lproj/Localizable.stringsdict (in target 'Nextcloud' from project 'Nextcloud')
2026-04-22T16:45:12.1907440Z     cd /Users/runner/work/tcm-storage-ios/tcm-storage-ios
2026-04-22T16:45:12.1908640Z     builtin-copyStrings --validate --outputencoding binary --outfilename Localizable.stringsdict --outdir /Users/runner/work/tcm-storage-ios/tcm-storage-ios/build/Build/Products/Debug-iphonesimulator/Nextcloud.app/es-PY.lproj -- /Users/runner/work/tcm-storage-ios/tcm-storage-ios/iOSClient/Supporting\ Files/es-PY.lproj/Localizable.stringsdict
2026-04-22T16:45:12.1910180Z /Users/runner/work/tcm-storage-ios/tcm-storage-ios/iOSClient/Supporting Files/es-PY.lproj/Localizable.stringsdict:1:1: note: detected encoding of input file as Unicode (UTF-8) (in target 'Nextcloud' from project 'Nextcloud')
2026-04-22T16:45:12.1910820Z 
2026-04-22T16:45:12.1911650Z CopyStringsFile /Users/runner/work/tcm-storage-ios/tcm-storage-ios/build/Build/Products/Debug-iphonesimulator/Nextcloud.app/es-PY.lproj/Localizable.strings /Users/runner/work/tcm-storage-ios/tcm-storage-ios/iOSClient/Supporting\ Files/es-PY.lproj/Localizable.strings (in target 'Nextcloud' from project 'Nextcloud')
2026-04-22T16:45:12.1912660Z     cd /Users/runner/work/tcm-storage-ios/tcm-storage-ios
2026-04-22T16:45:12.1913720Z     builtin-copyStrings --validate --outputencoding binary --outfilename Localizable.strings --outdir /Users/runner/work/tcm-storage-ios/tcm-storage-ios/build/Build/Products/Debug-iphonesimulator/Nextcloud.app/es-PY.lproj -- /Users/runner/work/tcm-storage-ios/tcm-storage-ios/iOSClient/Supporting\ Files/es-PY.lproj/Localizable.strings
2026-04-22T16:45:12.1915220Z /Users/runner/work/tcm-storage-ios/tcm-storage-ios/iOSClient/Supporting Files/es-PY.lproj/Localizable.strings:1:1: note: detected encoding of input file as Unicode (UTF-16) (in target 'Nextcloud' from project 'Nextcloud')
2026-04-22T16:45:12.1916000Z 
2026-04-22T16:45:12.1916900Z CopyStringsFile /Users/runner/work/tcm-storage-ios/tcm-storage-ios/build/Build/Products/Debug-iphonesimulator/Nextcloud.app/es-PY.lproj/InfoPlist.strings /Users/runner/work/tcm-storage-ios/tcm-storage-ios/iOSClient/Supporting\ Files/es-PY.lproj/InfoPlist.strings (in target 'Nextcloud' from project 'Nextcloud')
2026-04-22T16:45:12.1917930Z     cd /Users/runner/work/tcm-storage-ios/tcm-storage-ios
2026-04-22T16:45:12.1918980Z     builtin-copyStrings --validate --outputencoding binary --outfilename InfoPlist.strings --outdir /Users/runner/work/tcm-storage-ios/tcm-storage-ios/build/Build/Products/Debug-iphonesimulator/Nextcloud.app/es-PY.lproj -- /Users/runner/work/tcm-storage-ios/tcm-storage-ios/iOSClient/Supporting\ Files/es-PY.lproj/InfoPlist.strings
2026-04-22T16:45:12.1920470Z /Users/runner/work/tcm-storage-ios/tcm-storage-ios/iOSClient/Supporting Files/es-PY.lproj/InfoPlist.strings:1:1: note: detected encoding of input file as Unicode (UTF-16) (in target 'Nextcloud' from project 'Nextcloud')
2026-04-22T16:45:12.1921080Z 
2026-04-22T16:45:12.1921960Z CopyStringsFile /Users/runner/work/tcm-storage-ios/tcm-storage-ios/build/Build/Products/Debug-iphonesimulator/Nextcloud.app/es-PR.lproj/Localizable.stringsdict /Users/runner/work/tcm-storage-ios/tcm-storage-ios/iOSClient/Supporting\ Files/es-PR.lproj/Localizable.stringsdict (in target 'Nextcloud' from project 'Nextcloud')
2026-04-22T16:45:12.1923000Z     cd /Users/runner/work/tcm-storage-ios/tcm-storage-ios
2026-04-22T16:45:12.1924680Z     builtin-copyStrings --validate --outputencoding binary --outfilename Localizable.stringsdict --outdir /Users/runner/work/tcm-storage-ios/tcm-storage-ios/build/Build/Products/Debug-iphonesimulator/Nextcloud.app/es-PR.lproj -- /Users/runner/work/tcm-storage-ios/tcm-storage-ios/iOSClient/Supporting\ Files/es-PR.lproj/Localizable.stringsdict
2026-04-22T16:45:12.1926220Z /Users/runner/work/tcm-storage-ios/tcm-storage-ios/iOSClient/Supporting Files/es-PR.lproj/Localizable.stringsdict:1:1: note: detected encoding of input file as Unicode (UTF-8) (in target 'Nextcloud' from project 'Nextcloud')
2026-04-22T16:45:12.1926830Z 
2026-04-22T16:45:12.1927690Z CopyStringsFile /Users/runner/work/tcm-storage-ios/tcm-storage-ios/build/Build/Products/Debug-iphonesimulator/Nextcloud.app/es-PR.lproj/Localizable.strings /Users/runner/work/tcm-storage-ios/tcm-storage-ios/iOSClient/Supporting\ Files/es-PR.lproj/Localizable.strings (in target 'Nextcloud' from project 'Nextcloud')
2026-04-22T16:45:12.1928700Z     cd /Users/runner/work/tcm-storage-ios/tcm-storage-ios
2026-04-22T16:45:12.1929740Z     builtin-copyStrings --validate --outputencoding binary --outfilename Localizable.strings --outdir /Users/runner/work/tcm-storage-ios/tcm-storage-ios/build/Build/Products/Debug-iphonesimulator/Nextcloud.app/es-PR.lproj -- /Users/runner/work/tcm-storage-ios/tcm-storage-ios/iOSClient/Supporting\ Files/es-PR.lproj/Localizable.strings
2026-04-22T16:45:12.1931220Z /Users/runner/work/tcm-storage-ios/tcm-storage-ios/iOSClient/Supporting Files/es-PR.lproj/Localizable.strings:1:1: note: detected encoding of input file as Unicode (UTF-16) (in target 'Nextcloud' from project 'Nextcloud')
2026-04-22T16:45:12.1931820Z 
2026-04-22T16:45:12.1932820Z CopyStringsFile /Users/runner/work/tcm-storage-ios/tcm-storage-ios/build/Build/Products/Debug-iphonesimulator/Nextcloud.app/es-PR.lproj/InfoPlist.strings /Users/runner/work/tcm-storage-ios/tcm-storage-ios/iOSClient/Supporting\ Files/es-PR.lproj/InfoPlist.strings (in target 'Nextcloud' from project 'Nextcloud')
2026-04-22T16:45:12.1933950Z     cd /Users/runner/work/tcm-storage-ios/tcm-storage-ios
2026-04-22T16:45:12.1935090Z     builtin-copyStrings --validate --outputencoding binary --outfilename InfoPlist.strings --outdir /Users/runner/work/tcm-storage-ios/tcm-storage-ios/build/Build/Products/Debug-iphonesimulator/Nextcloud.app/es-PR.lproj -- /Users/runner/work/tcm-storage-ios/tcm-storage-ios/iOSClient/Supporting\ Files/es-PR.lproj/InfoPlist.strings
2026-04-22T16:45:12.1936740Z /Users/runner/work/tcm-storage-ios/tcm-storage-ios/iOSClient/Supporting Files/es-PR.lproj/InfoPlist.strings:1:1: note: detected encoding of input file as Unicode (UTF-16) (in target 'Nextcloud' from project 'Nextcloud')
2026-04-22T16:45:12.1937350Z 
2026-04-22T16:45:12.1938220Z CopyStringsFile /Users/runner/work/tcm-storage-ios/tcm-storage-ios/build/Build/Products/Debug-iphonesimulator/Nextcloud.app/es-PE.lproj/Localizable.stringsdict /Users/runner/work/tcm-storage-ios/tcm-storage-ios/iOSClient/Supporting\ Files/es-PE.lproj/Localizable.stringsdict (in target 'Nextcloud' from project 'Nextcloud')
2026-04-22T16:45:12.1939280Z     cd /Users/runner/work/tcm-storage-ios/tcm-storage-ios
2026-04-22T16:45:12.1940360Z     builtin-copyStrings --validate --outputencoding binary --outfilename Localizable.stringsdict --outdir /Users/runner/work/tcm-storage-ios/tcm-storage-ios/build/Build/Products/Debug-iphonesimulator/Nextcloud.app/es-PE.lproj -- /Users/runner/work/tcm-storage-ios/tcm-storage-ios/iOSClient/Supporting\ Files/es-PE.lproj/Localizable.stringsdict
2026-04-22T16:45:12.1941940Z /Users/runner/work/tcm-storage-ios/tcm-storage-ios/iOSClient/Supporting Files/es-PE.lproj/Localizable.stringsdict:1:1: note: detected encoding of input file as Unicode (UTF-8) (in target 'Nextcloud' from project 'Nextcloud')
2026-04-22T16:45:12.1942730Z 
2026-04-22T16:45:12.1943590Z CopyStringsFile /Users/runner/work/tcm-storage-ios/tcm-storage-ios/build/Build/Products/Debug-iphonesimulator/Nextcloud.app/es-PE.lproj/Localizable.strings /Users/runner/work/tcm-storage-ios/tcm-storage-ios/iOSClient/Supporting\ Files/es-PE.lproj/Localizable.strings (in target 'Nextcloud' from project 'Nextcloud')
2026-04-22T16:45:12.1944960Z     cd /Users/runner/work/tcm-storage-ios/tcm-storage-ios
2026-04-22T16:45:12.1946090Z     builtin-copyStrings --validate --outputencoding binary --outfilename Localizable.strings --outdir /Users/runner/work/tcm-storage-ios/tcm-storage-ios/build/Build/Products/Debug-iphonesimulator/Nextcloud.app/es-PE.lproj -- /Users/runner/work/tcm-storage-ios/tcm-storage-ios/iOSClient/Supporting\ Files/es-PE.lproj/Localizable.strings
2026-04-22T16:45:12.1947690Z /Users/runner/work/tcm-storage-ios/tcm-storage-ios/iOSClient/Supporting Files/es-PE.lproj/Localizable.strings:1:1: note: detected encoding of input file as Unicode (UTF-16) (in target 'Nextcloud' from project 'Nextcloud')
2026-04-22T16:45:12.1948320Z 
2026-04-22T16:45:12.1949140Z CopyStringsFile /Users/runner/work/tcm-storage-ios/tcm-storage-ios/build/Build/Products/Debug-iphonesimulator/Nextcloud.app/es-PE.lproj/InfoPlist.strings /Users/runner/work/tcm-storage-ios/tcm-storage-ios/iOSClient/Supporting\ Files/es-PE.lproj/InfoPlist.strings (in target 'Nextcloud' from project 'Nextcloud')
2026-04-22T16:45:12.1950140Z     cd /Users/runner/work/tcm-storage-ios/tcm-storage-ios
2026-04-22T16:45:12.1951190Z     builtin-copyStrings --validate --outputencoding binary --outfilename InfoPlist.strings --outdir /Users/runner/work/tcm-storage-ios/tcm-storage-ios/build/Build/Products/Debug-iphonesimulator/Nextcloud.app/es-PE.lproj -- /Users/runner/work/tcm-storage-ios/tcm-storage-ios/iOSClient/Supporting\ Files/es-PE.lproj/InfoPlist.strings
2026-04-22T16:45:12.1952680Z /Users/runner/work/tcm-storage-ios/tcm-storage-ios/iOSClient/Supporting Files/es-PE.lproj/InfoPlist.strings:1:1: note: detected encoding of input file as Unicode (UTF-16) (in target 'Nextcloud' from project 'Nextcloud')
2026-04-22T16:45:12.1953290Z 
2026-04-22T16:45:12.1953740Z PrecompileModule /Users/runner/work/tcm-storage-ios/tcm-storage-ios/build/Build/Intermediates.noindex/ExplicitPrecompiledModules/Photos-B5FO0GKJUOC4Z0VYXN2VIO102.scan
2026-04-22T16:45:12.1954300Z     cd /
2026-04-22T16:45:12.1954830Z     builtin-precompileModule /Users/runner/work/tcm-storage-ios/tcm-storage-ios/build/Build/Intermediates.noindex/ExplicitPrecompiledModules/Photos-B5FO0GKJUOC4Z0VYXN2VIO102.scan
2026-04-22T16:45:12.1955680Z clang -cc1 version 17.0.0 (clang-1700.6.3.2) default target arm64-apple-darwin24.6.0
2026-04-22T16:45:12.1956240Z #include "..." search starts here:
2026-04-22T16:45:12.1956420Z #include <...> search starts here:
2026-04-22T16:45:12.1957380Z  /Applications/Xcode_26.2.app/Contents/Developer/Toolchains/XcodeDefault.xctoolchain/usr/lib/clang/17/include
2026-04-22T16:45:12.1959630Z  /Applications/Xcode_26.2.app/Contents/Developer/Platforms/iPhoneSimulator.platform/Developer/SDKs/iPhoneSimulator26.2.sdk/usr/include
2026-04-22T16:45:12.1962560Z  /Applications/Xcode_26.2.app/Contents/Developer/Platforms/iPhoneSimulator.platform/Developer/SDKs/iPhoneSimulator26.2.sdk/System/Library/Frameworks (framework directory)
2026-04-22T16:45:12.1964160Z End of search list.
2026-04-22T16:45:12.1964400Z 
2026-04-22T16:45:12.1967050Z CopyStringsFile /Users/runner/work/tcm-storage-ios/tcm-storage-ios/build/Build/Products/Debug-iphonesimulator/Nextcloud.app/es-PA.lproj/Localizable.stringsdict /Users/runner/work/tcm-storage-ios/tcm-storage-ios/iOSClient/Supporting\ Files/es-PA.lproj/Localizable.stringsdict (in target 'Nextcloud' from project 'Nextcloud')
2026-04-22T16:45:12.1970850Z     cd /Users/runner/work/tcm-storage-ios/tcm-storage-ios
2026-04-22T16:45:12.1973590Z     builtin-copyStrings --validate --outputencoding binary --outfilename Localizable.stringsdict --outdir /Users/runner/work/tcm-storage-ios/tcm-storage-ios/build/Build/Products/Debug-iphonesimulator/Nextcloud.app/es-PA.lproj -- /Users/runner/work/tcm-storage-ios/tcm-storage-ios/iOSClient/Supporting\ Files/es-PA.lproj/Localizable.stringsdict
2026-04-22T16:45:12.1975530Z /Users/runner/work/tcm-storage-ios/tcm-storage-ios/iOSClient/Supporting Files/es-PA.lproj/Localizable.stringsdict:1:1: note: detected encoding of input file as Unicode (UTF-8) (in target 'Nextcloud' from project 'Nextcloud')
2026-04-22T16:45:12.1976310Z 
2026-04-22T16:45:12.1977230Z CopyStringsFile /Users/runner/work/tcm-storage-ios/tcm-storage-ios/build/Build/Products/Debug-iphonesimulator/Nextcloud.app/es-PA.lproj/Localizable.strings /Users/runner/work/tcm-storage-ios/tcm-storage-ios/iOSClient/Supporting\ Files/es-PA.lproj/Localizable.strings (in target 'Nextcloud' from project 'Nextcloud')
2026-04-22T16:45:12.1978870Z     cd /Users/runner/work/tcm-storage-ios/tcm-storage-ios
2026-04-22T16:45:12.1982180Z     builtin-copyStrings --validate --outputencoding binary --outfilename Localizable.strings --outdir /Users/runner/work/tcm-storage-ios/tcm-storage-ios/build/Build/Products/Debug-iphonesimulator/Nextcloud.app/es-PA.lproj -- /Users/runner/work/tcm-storage-ios/tcm-storage-ios/iOSClient/Supporting\ Files/es-PA.lproj/Localizable.strings
2026-04-22T16:45:12.1987370Z /Users/runner/work/tcm-storage-ios/tcm-storage-ios/iOSClient/Supporting Files/es-PA.lproj/Localizable.strings:1:1: note: detected encoding of input file as Unicode (UTF-16) (in target 'Nextcloud' from project 'Nextcloud')
2026-04-22T16:45:12.1989190Z 
2026-04-22T16:45:12.1991560Z CopyStringsFile /Users/runner/work/tcm-storage-ios/tcm-storage-ios/build/Build/Products/Debug-iphonesimulator/Nextcloud.app/es-PA.lproj/InfoPlist.strings /Users/runner/work/tcm-storage-ios/tcm-storage-ios/iOSClient/Supporting\ Files/es-PA.lproj/InfoPlist.strings (in target 'Nextcloud' from project 'Nextcloud')
2026-04-22T16:45:12.1994540Z     cd /Users/runner/work/tcm-storage-ios/tcm-storage-ios
2026-04-22T16:45:12.1997590Z     builtin-copyStrings --validate --outputencoding binary --outfilename InfoPlist.strings --outdir /Users/runner/work/tcm-storage-ios/tcm-storage-ios/build/Build/Products/Debug-iphonesimulator/Nextcloud.app/es-PA.lproj -- /Users/runner/work/tcm-storage-ios/tcm-storage-ios/iOSClient/Supporting\ Files/es-PA.lproj/InfoPlist.strings
2026-04-22T16:45:12.2002180Z /Users/runner/work/tcm-storage-ios/tcm-storage-ios/iOSClient/Supporting Files/es-PA.lproj/InfoPlist.strings:1:1: note: detected encoding of input file as Unicode (UTF-16) (in target 'Nextcloud' from project 'Nextcloud')
2026-04-22T16:45:12.2004160Z 
2026-04-22T16:45:12.2006000Z CopyStringsFile /Users/runner/work/tcm-storage-ios/tcm-storage-ios/build/Build/Products/Debug-iphonesimulator/Nextcloud.app/es-NI.lproj/Localizable.stringsdict /Users/runner/work/tcm-storage-ios/tcm-storage-ios/iOSClient/Supporting\ Files/es-NI.lproj/Localizable.stringsdict (in target 'Nextcloud' from project 'Nextcloud')
2026-04-22T16:45:12.2007250Z     cd /Users/runner/work/tcm-storage-ios/tcm-storage-ios
2026-04-22T16:45:12.2008350Z     builtin-copyStrings --validate --outputencoding binary --outfilename Localizable.stringsdict --outdir /Users/runner/work/tcm-storage-ios/tcm-storage-ios/build/Build/Products/Debug-iphonesimulator/Nextcloud.app/es-NI.lproj -- /Users/runner/work/tcm-storage-ios/tcm-storage-ios/iOSClient/Supporting\ Files/es-NI.lproj/Localizable.stringsdict
2026-04-22T16:45:12.2011190Z /Users/runner/work/tcm-storage-ios/tcm-storage-ios/iOSClient/Supporting Files/es-NI.lproj/Localizable.stringsdict:1:1: note: detected encoding of input file as Unicode (UTF-8) (in target 'Nextcloud' from project 'Nextcloud')
2026-04-22T16:45:12.2013180Z 
2026-04-22T16:45:12.2015720Z CopyStringsFile /Users/runner/work/tcm-storage-ios/tcm-storage-ios/build/Build/Products/Debug-iphonesimulator/Nextcloud.app/es-NI.lproj/Localizable.strings /Users/runner/work/tcm-storage-ios/tcm-storage-ios/iOSClient/Supporting\ Files/es-NI.lproj/Localizable.strings (in target 'Nextcloud' from project 'Nextcloud')
2026-04-22T16:45:12.2018710Z     cd /Users/runner/work/tcm-storage-ios/tcm-storage-ios
2026-04-22T16:45:12.2021800Z     builtin-copyStrings --validate --outputencoding binary --outfilename Localizable.strings --outdir /Users/runner/work/tcm-storage-ios/tcm-storage-ios/build/Build/Products/Debug-iphonesimulator/Nextcloud.app/es-NI.lproj -- /Users/runner/work/tcm-storage-ios/tcm-storage-ios/iOSClient/Supporting\ Files/es-NI.lproj/Localizable.strings
2026-04-22T16:45:12.2029050Z /Users/runner/work/tcm-storage-ios/tcm-storage-ios/iOSClient/Supporting Files/es-NI.lproj/Localizable.strings:1:1: note: detected encoding of input file as Unicode (UTF-16) (in target 'Nextcloud' from project 'Nextcloud')
2026-04-22T16:45:12.2030030Z 
2026-04-22T16:45:12.2031620Z CopyStringsFile /Users/runner/work/tcm-storage-ios/tcm-storage-ios/build/Build/Products/Debug-iphonesimulator/Nextcloud.app/es-NI.lproj/InfoPlist.strings /Users/runner/work/tcm-storage-ios/tcm-storage-ios/iOSClient/Supporting\ Files/es-NI.lproj/InfoPlist.strings (in target 'Nextcloud' from project 'Nextcloud')
2026-04-22T16:45:12.2032790Z     cd /Users/runner/work/tcm-storage-ios/tcm-storage-ios
2026-04-22T16:45:12.2033980Z     builtin-copyStrings --validate --outputencoding binary --outfilename InfoPlist.strings --outdir /Users/runner/work/tcm-storage-ios/tcm-storage-ios/build/Build/Products/Debug-iphonesimulator/Nextcloud.app/es-NI.lproj -- /Users/runner/work/tcm-storage-ios/tcm-storage-ios/iOSClient/Supporting\ Files/es-NI.lproj/InfoPlist.strings
2026-04-22T16:45:12.2035570Z /Users/runner/work/tcm-storage-ios/tcm-storage-ios/iOSClient/Supporting Files/es-NI.lproj/InfoPlist.strings:1:1: note: detected encoding of input file as Unicode (UTF-16) (in target 'Nextcloud' from project 'Nextcloud')
2026-04-22T16:45:12.2036240Z 
2026-04-22T16:45:12.2037150Z CopyStringsFile /Users/runner/work/tcm-storage-ios/tcm-storage-ios/build/Build/Products/Debug-iphonesimulator/Nextcloud.app/es-MX.lproj/Localizable.stringsdict /Users/runner/work/tcm-storage-ios/tcm-storage-ios/iOSClient/Supporting\ Files/es-MX.lproj/Localizable.stringsdict (in target 'Nextcloud' from project 'Nextcloud')
2026-04-22T16:45:12.2038250Z     cd /Users/runner/work/tcm-storage-ios/tcm-storage-ios
2026-04-22T16:45:12.2039360Z     builtin-copyStrings --validate --outputencoding binary --outfilename Localizable.stringsdict --outdir /Users/runner/work/tcm-storage-ios/tcm-storage-ios/build/Build/Products/Debug-iphonesimulator/Nextcloud.app/es-MX.lproj -- /Users/runner/work/tcm-storage-ios/tcm-storage-ios/iOSClient/Supporting\ Files/es-MX.lproj/Localizable.stringsdict
2026-04-22T16:45:12.2040980Z /Users/runner/work/tcm-storage-ios/tcm-storage-ios/iOSClient/Supporting Files/es-MX.lproj/Localizable.stringsdict:1:1: note: detected encoding of input file as Unicode (UTF-8) (in target 'Nextcloud' from project 'Nextcloud')
2026-04-22T16:45:12.2042010Z 
2026-04-22T16:45:12.2043040Z CopyStringsFile /Users/runner/work/tcm-storage-ios/tcm-storage-ios/build/Build/Products/Debug-iphonesimulator/Nextcloud.app/es-MX.lproj/Localizable.strings /Users/runner/work/tcm-storage-ios/tcm-storage-ios/iOSClient/Supporting\ Files/es-MX.lproj/Localizable.strings (in target 'Nextcloud' from project 'Nextcloud')
2026-04-22T16:45:12.2044120Z     cd /Users/runner/work/tcm-storage-ios/tcm-storage-ios
2026-04-22T16:45:12.2045170Z     builtin-copyStrings --validate --outputencoding binary --outfilename Localizable.strings --outdir /Users/runner/work/tcm-storage-ios/tcm-storage-ios/build/Build/Products/Debug-iphonesimulator/Nextcloud.app/es-MX.lproj -- /Users/runner/work/tcm-storage-ios/tcm-storage-ios/iOSClient/Supporting\ Files/es-MX.lproj/Localizable.strings
2026-04-22T16:45:12.2046660Z /Users/runner/work/tcm-storage-ios/tcm-storage-ios/iOSClient/Supporting Files/es-MX.lproj/Localizable.strings:1:1: note: detected encoding of input file as Unicode (UTF-16) (in target 'Nextcloud' from project 'Nextcloud')
2026-04-22T16:45:12.2047270Z 
2026-04-22T16:45:12.2048090Z CopyStringsFile /Users/runner/work/tcm-storage-ios/tcm-storage-ios/build/Build/Products/Debug-iphonesimulator/Nextcloud.app/es-MX.lproj/InfoPlist.strings /Users/runner/work/tcm-storage-ios/tcm-storage-ios/iOSClient/Supporting\ Files/es-MX.lproj/InfoPlist.strings (in target 'Nextcloud' from project 'Nextcloud')
2026-04-22T16:45:12.2049190Z     cd /Users/runner/work/tcm-storage-ios/tcm-storage-ios
2026-04-22T16:45:12.2050270Z     builtin-copyStrings --validate --outputencoding binary --outfilename InfoPlist.strings --outdir /Users/runner/work/tcm-storage-ios/tcm-storage-ios/build/Build/Products/Debug-iphonesimulator/Nextcloud.app/es-MX.lproj -- /Users/runner/work/tcm-storage-ios/tcm-storage-ios/iOSClient/Supporting\ Files/es-MX.lproj/InfoPlist.strings
2026-04-22T16:45:12.2051710Z /Users/runner/work/tcm-storage-ios/tcm-storage-ios/iOSClient/Supporting Files/es-MX.lproj/InfoPlist.strings:1:1: note: detected encoding of input file as Unicode (UTF-16) (in target 'Nextcloud' from project 'Nextcloud')
2026-04-22T16:45:12.2052300Z 
2026-04-22T16:45:12.2053150Z CopyStringsFile /Users/runner/work/tcm-storage-ios/tcm-storage-ios/build/Build/Products/Debug-iphonesimulator/Nextcloud.app/es-HN.lproj/Localizable.stringsdict /Users/runner/work/tcm-storage-ios/tcm-storage-ios/iOSClient/Supporting\ Files/es-HN.lproj/Localizable.stringsdict (in target 'Nextcloud' from project 'Nextcloud')
2026-04-22T16:45:12.2054200Z     cd /Users/runner/work/tcm-storage-ios/tcm-storage-ios
2026-04-22T16:45:12.2055270Z     builtin-copyStrings --validate --outputencoding binary --outfilename Localizable.stringsdict --outdir /Users/runner/work/tcm-storage-ios/tcm-storage-ios/build/Build/Products/Debug-iphonesimulator/Nextcloud.app/es-HN.lproj -- /Users/runner/work/tcm-storage-ios/tcm-storage-ios/iOSClient/Supporting\ Files/es-HN.lproj/Localizable.stringsdict
2026-04-22T16:45:12.2056820Z /Users/runner/work/tcm-storage-ios/tcm-storage-ios/iOSClient/Supporting Files/es-HN.lproj/Localizable.stringsdict:1:1: note: detected encoding of input file as Unicode (UTF-8) (in target 'Nextcloud' from project 'Nextcloud')
2026-04-22T16:45:12.2057420Z 
2026-04-22T16:45:12.2058270Z CopyStringsFile /Users/runner/work/tcm-storage-ios/tcm-storage-ios/build/Build/Products/Debug-iphonesimulator/Nextcloud.app/es-HN.lproj/Localizable.strings /Users/runner/work/tcm-storage-ios/tcm-storage-ios/iOSClient/Supporting\ Files/es-HN.lproj/Localizable.strings (in target 'Nextcloud' from project 'Nextcloud')
2026-04-22T16:45:12.2059370Z     cd /Users/runner/work/tcm-storage-ios/tcm-storage-ios
2026-04-22T16:45:12.2060490Z     builtin-copyStrings --validate --outputencoding binary --outfilename Localizable.strings --outdir /Users/runner/work/tcm-storage-ios/tcm-storage-ios/build/Build/Products/Debug-iphonesimulator/Nextcloud.app/es-HN.lproj -- /Users/runner/work/tcm-storage-ios/tcm-storage-ios/iOSClient/Supporting\ Files/es-HN.lproj/Localizable.strings
2026-04-22T16:45:12.2062330Z /Users/runner/work/tcm-storage-ios/tcm-storage-ios/iOSClient/Supporting Files/es-HN.lproj/Localizable.strings:1:1: note: detected encoding of input file as Unicode (UTF-16) (in target 'Nextcloud' from project 'Nextcloud')
2026-04-22T16:45:12.2062980Z 
2026-04-22T16:45:12.2063820Z CopyStringsFile /Users/runner/work/tcm-storage-ios/tcm-storage-ios/build/Build/Products/Debug-iphonesimulator/Nextcloud.app/es-HN.lproj/InfoPlist.strings /Users/runner/work/tcm-storage-ios/tcm-storage-ios/iOSClient/Supporting\ Files/es-HN.lproj/InfoPlist.strings (in target 'Nextcloud' from project 'Nextcloud')
2026-04-22T16:45:12.2064880Z     cd /Users/runner/work/tcm-storage-ios/tcm-storage-ios
2026-04-22T16:45:12.2066230Z     builtin-copyStrings --validate --outputencoding binary --outfilename InfoPlist.strings --outdir /Users/runner/work/tcm-storage-ios/tcm-storage-ios/build/Build/Products/Debug-iphonesimulator/Nextcloud.app/es-HN.lproj -- /Users/runner/work/tcm-storage-ios/tcm-storage-ios/iOSClient/Supporting\ Files/es-HN.lproj/InfoPlist.strings
2026-04-22T16:45:12.2072850Z /Users/runner/work/tcm-storage-ios/tcm-storage-ios/iOSClient/Supporting Files/es-HN.lproj/InfoPlist.strings:1:1: note: detected encoding of input file as Unicode (UTF-16) (in target 'Nextcloud' from project 'Nextcloud')
2026-04-22T16:45:12.2074040Z 
2026-04-22T16:45:12.2074950Z CopyStringsFile /Users/runner/work/tcm-storage-ios/tcm-storage-ios/build/Build/Products/Debug-iphonesimulator/Nextcloud.app/es-GT.lproj/Localizable.stringsdict /Users/runner/work/tcm-storage-ios/tcm-storage-ios/iOSClient/Supporting\ Files/es-GT.lproj/Localizable.stringsdict (in target 'Nextcloud' from project 'Nextcloud')
2026-04-22T16:45:12.2076480Z     cd /Users/runner/work/tcm-storage-ios/tcm-storage-ios
2026-04-22T16:45:12.2077590Z     builtin-copyStrings --validate --outputencoding binary --outfilename Localizable.stringsdict --outdir /Users/runner/work/tcm-storage-ios/tcm-storage-ios/build/Build/Products/Debug-iphonesimulator/Nextcloud.app/es-GT.lproj -- /Users/runner/work/tcm-storage-ios/tcm-storage-ios/iOSClient/Supporting\ Files/es-GT.lproj/Localizable.stringsdict
2026-04-22T16:45:12.2079130Z /Users/runner/work/tcm-storage-ios/tcm-storage-ios/iOSClient/Supporting Files/es-GT.lproj/Localizable.stringsdict:1:1: note: detected encoding of input file as Unicode (UTF-8) (in target 'Nextcloud' from project 'Nextcloud')
2026-04-22T16:45:12.2079790Z 
2026-04-22T16:45:12.2080630Z CopyStringsFile /Users/runner/work/tcm-storage-ios/tcm-storage-ios/build/Build/Products/Debug-iphonesimulator/Nextcloud.app/es-GT.lproj/Localizable.strings /Users/runner/work/tcm-storage-ios/tcm-storage-ios/iOSClient/Supporting\ Files/es-GT.lproj/Localizable.strings (in target 'Nextcloud' from project 'Nextcloud')
2026-04-22T16:45:12.2081710Z     cd /Users/runner/work/tcm-storage-ios/tcm-storage-ios
2026-04-22T16:45:12.2082760Z     builtin-copyStrings --validate --outputencoding binary --outfilename Localizable.strings --outdir /Users/runner/work/tcm-storage-ios/tcm-storage-ios/build/Build/Products/Debug-iphonesimulator/Nextcloud.app/es-GT.lproj -- /Users/runner/work/tcm-storage-ios/tcm-storage-ios/iOSClient/Supporting\ Files/es-GT.lproj/Localizable.strings
2026-04-22T16:45:12.2086180Z /Users/runner/work/tcm-storage-ios/tcm-storage-ios/iOSClient/Supporting Files/es-GT.lproj/Localizable.strings:1:1: note: detected encoding of input file as Unicode (UTF-16) (in target 'Nextcloud' from project 'Nextcloud')
2026-04-22T16:45:12.2086970Z 
2026-04-22T16:45:12.2087850Z CopyStringsFile /Users/runner/work/tcm-storage-ios/tcm-storage-ios/build/Build/Products/Debug-iphonesimulator/Nextcloud.app/es-GT.lproj/InfoPlist.strings /Users/runner/work/tcm-storage-ios/tcm-storage-ios/iOSClient/Supporting\ Files/es-GT.lproj/InfoPlist.strings (in target 'Nextcloud' from project 'Nextcloud')
2026-04-22T16:45:12.2088880Z     cd /Users/runner/work/tcm-storage-ios/tcm-storage-ios
2026-04-22T16:45:12.2090480Z     builtin-copyStrings --validate --outputencoding binary --outfilename InfoPlist.strings --outdir /Users/runner/work/tcm-storage-ios/tcm-storage-ios/build/Build/Products/Debug-iphonesimulator/Nextcloud.app/es-GT.lproj -- /Users/runner/work/tcm-storage-ios/tcm-storage-ios/iOSClient/Supporting\ Files/es-GT.lproj/InfoPlist.strings
2026-04-22T16:45:12.2092140Z /Users/runner/work/tcm-storage-ios/tcm-storage-ios/iOSClient/Supporting Files/es-GT.lproj/InfoPlist.strings:1:1: note: detected encoding of input file as Unicode (UTF-16) (in target 'Nextcloud' from project 'Nextcloud')
2026-04-22T16:45:12.2092770Z 
2026-04-22T16:45:12.2093660Z CopyStringsFile /Users/runner/work/tcm-storage-ios/tcm-storage-ios/build/Build/Products/Debug-iphonesimulator/Nextcloud.app/es-EC.lproj/Localizable.stringsdict /Users/runner/work/tcm-storage-ios/tcm-storage-ios/iOSClient/Supporting\ Files/es-EC.lproj/Localizable.stringsdict (in target 'Nextcloud' from project 'Nextcloud')
2026-04-22T16:45:12.2094720Z     cd /Users/runner/work/tcm-storage-ios/tcm-storage-ios
2026-04-22T16:45:12.2095810Z     builtin-copyStrings --validate --outputencoding binary --outfilename Localizable.stringsdict --outdir /Users/runner/work/tcm-storage-ios/tcm-storage-ios/build/Build/Products/Debug-iphonesimulator/Nextcloud.app/es-EC.lproj -- /Users/runner/work/tcm-storage-ios/tcm-storage-ios/iOSClient/Supporting\ Files/es-EC.lproj/Localizable.stringsdict
2026-04-22T16:45:12.2097360Z /Users/runner/work/tcm-storage-ios/tcm-storage-ios/iOSClient/Supporting Files/es-EC.lproj/Localizable.stringsdict:1:1: note: detected encoding of input file as Unicode (UTF-8) (in target 'Nextcloud' from project 'Nextcloud')
2026-04-22T16:45:12.2098100Z 
2026-04-22T16:45:12.2099030Z CopyStringsFile /Users/runner/work/tcm-storage-ios/tcm-storage-ios/build/Build/Products/Debug-iphonesimulator/Nextcloud.app/es-EC.lproj/Localizable.strings /Users/runner/work/tcm-storage-ios/tcm-storage-ios/iOSClient/Supporting\ Files/es-EC.lproj/Localizable.strings (in target 'Nextcloud' from project 'Nextcloud')
2026-04-22T16:45:12.2100040Z     cd /Users/runner/work/tcm-storage-ios/tcm-storage-ios
2026-04-22T16:45:12.2101360Z     builtin-copyStrings --validate --outputencoding binary --outfilename Localizable.strings --outdir /Users/runner/work/tcm-storage-ios/tcm-storage-ios/build/Build/Products/Debug-iphonesimulator/Nextcloud.app/es-EC.lproj -- /Users/runner/work/tcm-storage-ios/tcm-storage-ios/iOSClient/Supporting\ Files/es-EC.lproj/Localizable.strings
2026-04-22T16:45:12.2103200Z /Users/runner/work/tcm-storage-ios/tcm-storage-ios/iOSClient/Supporting Files/es-EC.lproj/Localizable.strings:1:1: note: detected encoding of input file as Unicode (UTF-16) (in target 'Nextcloud' from project 'Nextcloud')
2026-04-22T16:45:12.2103920Z 
2026-04-22T16:45:12.2104970Z CopyStringsFile /Users/runner/work/tcm-storage-ios/tcm-storage-ios/build/Build/Products/Debug-iphonesimulator/Nextcloud.app/es-EC.lproj/InfoPlist.strings /Users/runner/work/tcm-storage-ios/tcm-storage-ios/iOSClient/Supporting\ Files/es-EC.lproj/InfoPlist.strings (in target 'Nextcloud' from project 'Nextcloud')
2026-04-22T16:45:12.2106330Z     cd /Users/runner/work/tcm-storage-ios/tcm-storage-ios
2026-04-22T16:45:12.2107750Z     builtin-copyStrings --validate --outputencoding binary --outfilename InfoPlist.strings --outdir /Users/runner/work/tcm-storage-ios/tcm-storage-ios/build/Build/Products/Debug-iphonesimulator/Nextcloud.app/es-EC.lproj -- /Users/runner/work/tcm-storage-ios/tcm-storage-ios/iOSClient/Supporting\ Files/es-EC.lproj/InfoPlist.strings
2026-04-22T16:45:12.2109560Z /Users/runner/work/tcm-storage-ios/tcm-storage-ios/iOSClient/Supporting Files/es-EC.lproj/InfoPlist.strings:1:1: note: detected encoding of input file as Unicode (UTF-16) (in target 'Nextcloud' from project 'Nextcloud')
2026-04-22T16:45:12.2110190Z 
2026-04-22T16:45:12.2111320Z CopyStringsFile /Users/runner/work/tcm-storage-ios/tcm-storage-ios/build/Build/Products/Debug-iphonesimulator/Nextcloud.app/es-DO.lproj/Localizable.stringsdict /Users/runner/work/tcm-storage-ios/tcm-storage-ios/iOSClient/Supporting\ Files/es-DO.lproj/Localizable.stringsdict (in target 'Nextcloud' from project 'Nextcloud')
2026-04-22T16:45:12.2112870Z     cd /Users/runner/work/tcm-storage-ios/tcm-storage-ios
2026-04-22T16:45:12.2114190Z     builtin-copyStrings --validate --outputencoding binary --outfilename Localizable.stringsdict --outdir /Users/runner/work/tcm-storage-ios/tcm-storage-ios/build/Build/Products/Debug-iphonesimulator/Nextcloud.app/es-DO.lproj -- /Users/runner/work/tcm-storage-ios/tcm-storage-ios/iOSClient/Supporting\ Files/es-DO.lproj/Localizable.stringsdict
2026-04-22T16:45:12.2116120Z /Users/runner/work/tcm-storage-ios/tcm-storage-ios/iOSClient/Supporting Files/es-DO.lproj/Localizable.stringsdict:1:1: note: detected encoding of input file as Unicode (UTF-8) (in target 'Nextcloud' from project 'Nextcloud')
2026-04-22T16:45:12.2116960Z 
2026-04-22T16:45:12.2118300Z CopyStringsFile /Users/runner/work/tcm-storage-ios/tcm-storage-ios/build/Build/Products/Debug-iphonesimulator/Nextcloud.app/es-DO.lproj/Localizable.strings /Users/runner/work/tcm-storage-ios/tcm-storage-ios/iOSClient/Supporting\ Files/es-DO.lproj/Localizable.strings (in target 'Nextcloud' from project 'Nextcloud')
2026-04-22T16:45:12.2119510Z     cd /Users/runner/work/tcm-storage-ios/tcm-storage-ios
2026-04-22T16:45:12.2120920Z     builtin-copyStrings --validate --outputencoding binary --outfilename Localizable.strings --outdir /Users/runner/work/tcm-storage-ios/tcm-storage-ios/build/Build/Products/Debug-iphonesimulator/Nextcloud.app/es-DO.lproj -- /Users/runner/work/tcm-storage-ios/tcm-storage-ios/iOSClient/Supporting\ Files/es-DO.lproj/Localizable.strings
2026-04-22T16:45:12.2122840Z /Users/runner/work/tcm-storage-ios/tcm-storage-ios/iOSClient/Supporting Files/es-DO.lproj/Localizable.strings:1:1: note: detected encoding of input file as Unicode (UTF-16) (in target 'Nextcloud' from project 'Nextcloud')
2026-04-22T16:45:12.2123590Z 
2026-04-22T16:45:12.2125010Z CopyStringsFile /Users/runner/work/tcm-storage-ios/tcm-storage-ios/build/Build/Products/Debug-iphonesimulator/Nextcloud.app/es-DO.lproj/InfoPlist.strings /Users/runner/work/tcm-storage-ios/tcm-storage-ios/iOSClient/Supporting\ Files/es-DO.lproj/InfoPlist.strings (in target 'Nextcloud' from project 'Nextcloud')
2026-04-22T16:45:12.2130700Z     cd /Users/runner/work/tcm-storage-ios/tcm-storage-ios
2026-04-22T16:45:12.2131860Z     builtin-copyStrings --validate --outputencoding binary --outfilename InfoPlist.strings --outdir /Users/runner/work/tcm-storage-ios/tcm-storage-ios/build/Build/Products/Debug-iphonesimulator/Nextcloud.app/es-DO.lproj -- /Users/runner/work/tcm-storage-ios/tcm-storage-ios/iOSClient/Supporting\ Files/es-DO.lproj/InfoPlist.strings
2026-04-22T16:45:12.2134220Z /Users/runner/work/tcm-storage-ios/tcm-storage-ios/iOSClient/Supporting Files/es-DO.lproj/InfoPlist.strings:1:1: note: detected encoding of input file as Unicode (UTF-16) (in target 'Nextcloud' from project 'Nextcloud')
2026-04-22T16:45:12.2134850Z 
2026-04-22T16:45:12.2135920Z CopyStringsFile /Users/runner/work/tcm-storage-ios/tcm-storage-ios/build/Build/Products/Debug-iphonesimulator/Nextcloud.app/es-CR.lproj/Localizable.stringsdict /Users/runner/work/tcm-storage-ios/tcm-storage-ios/iOSClient/Supporting\ Files/es-CR.lproj/Localizable.stringsdict (in target 'Nextcloud' from project 'Nextcloud')
2026-04-22T16:45:12.2136990Z     cd /Users/runner/work/tcm-storage-ios/tcm-storage-ios
2026-04-22T16:45:12.2138040Z     builtin-copyStrings --validate --outputencoding binary --outfilename Localizable.stringsdict --outdir /Users/runner/work/tcm-storage-ios/tcm-storage-ios/build/Build/Products/Debug-iphonesimulator/Nextcloud.app/es-CR.lproj -- /Users/runner/work/tcm-storage-ios/tcm-storage-ios/iOSClient/Supporting\ Files/es-CR.lproj/Localizable.stringsdict
2026-04-22T16:45:12.2140530Z /Users/runner/work/tcm-storage-ios/tcm-storage-ios/iOSClient/Supporting Files/es-CR.lproj/Localizable.stringsdict:1:1: note: detected encoding of input file as Unicode (UTF-8) (in target 'Nextcloud' from project 'Nextcloud')
2026-04-22T16:45:12.2141150Z 
2026-04-22T16:45:12.2142450Z CopyStringsFile /Users/runner/work/tcm-storage-ios/tcm-storage-ios/build/Build/Products/Debug-iphonesimulator/Nextcloud.app/es-CR.lproj/Localizable.strings /Users/runner/work/tcm-storage-ios/tcm-storage-ios/iOSClient/Supporting\ Files/es-CR.lproj/Localizable.strings (in target 'Nextcloud' from project 'Nextcloud')
2026-04-22T16:45:12.2143470Z     cd /Users/runner/work/tcm-storage-ios/tcm-storage-ios
2026-04-22T16:45:12.2144550Z     builtin-copyStrings --validate --outputencoding binary --outfilename Localizable.strings --outdir /Users/runner/work/tcm-storage-ios/tcm-storage-ios/build/Build/Products/Debug-iphonesimulator/Nextcloud.app/es-CR.lproj -- /Users/runner/work/tcm-storage-ios/tcm-storage-ios/iOSClient/Supporting\ Files/es-CR.lproj/Localizable.strings
2026-04-22T16:45:12.2146040Z /Users/runner/work/tcm-storage-ios/tcm-storage-ios/iOSClient/Supporting Files/es-CR.lproj/Localizable.strings:1:1: note: detected encoding of input file as Unicode (UTF-16) (in target 'Nextcloud' from project 'Nextcloud')
2026-04-22T16:45:12.2146650Z 
2026-04-22T16:45:12.2147460Z CopyStringsFile /Users/runner/work/tcm-storage-ios/tcm-storage-ios/build/Build/Products/Debug-iphonesimulator/Nextcloud.app/es-CR.lproj/InfoPlist.strings /Users/runner/work/tcm-storage-ios/tcm-storage-ios/iOSClient/Supporting\ Files/es-CR.lproj/InfoPlist.strings (in target 'Nextcloud' from project 'Nextcloud')
2026-04-22T16:45:12.2148450Z     cd /Users/runner/work/tcm-storage-ios/tcm-storage-ios
2026-04-22T16:45:12.2149480Z     builtin-copyStrings --validate --outputencoding binary --outfilename InfoPlist.strings --outdir /Users/runner/work/tcm-storage-ios/tcm-storage-ios/build/Build/Products/Debug-iphonesimulator/Nextcloud.app/es-CR.lproj -- /Users/runner/work/tcm-storage-ios/tcm-storage-ios/iOSClient/Supporting\ Files/es-CR.lproj/InfoPlist.strings
2026-04-22T16:45:12.2151080Z /Users/runner/work/tcm-storage-ios/tcm-storage-ios/iOSClient/Supporting Files/es-CR.lproj/InfoPlist.strings:1:1: note: detected encoding of input file as Unicode (UTF-16) (in target 'Nextcloud' from project 'Nextcloud')
2026-04-22T16:45:12.2151680Z 
2026-04-22T16:45:12.2152530Z CopyStringsFile /Users/runner/work/tcm-storage-ios/tcm-storage-ios/build/Build/Products/Debug-iphonesimulator/Nextcloud.app/es-CO.lproj/Localizable.stringsdict /Users/runner/work/tcm-storage-ios/tcm-storage-ios/iOSClient/Supporting\ Files/es-CO.lproj/Localizable.stringsdict (in target 'Nextcloud' from project 'Nextcloud')
2026-04-22T16:45:12.2153540Z     cd /Users/runner/work/tcm-storage-ios/tcm-storage-ios
2026-04-22T16:45:12.2154610Z     builtin-copyStrings --validate --outputencoding binary --outfilename Localizable.stringsdict --outdir /Users/runner/work/tcm-storage-ios/tcm-storage-ios/build/Build/Products/Debug-iphonesimulator/Nextcloud.app/es-CO.lproj -- /Users/runner/work/tcm-storage-ios/tcm-storage-ios/iOSClient/Supporting\ Files/es-CO.lproj/Localizable.stringsdict
2026-04-22T16:45:12.2156110Z /Users/runner/work/tcm-storage-ios/tcm-storage-ios/iOSClient/Supporting Files/es-CO.lproj/Localizable.stringsdict:1:1: note: detected encoding of input file as Unicode (UTF-8) (in target 'Nextcloud' from project 'Nextcloud')
2026-04-22T16:45:12.2156720Z 
2026-04-22T16:45:12.2157540Z CopyStringsFile /Users/runner/work/tcm-storage-ios/tcm-storage-ios/build/Build/Products/Debug-iphonesimulator/Nextcloud.app/es-CO.lproj/Localizable.strings /Users/runner/work/tcm-storage-ios/tcm-storage-ios/iOSClient/Supporting\ Files/es-CO.lproj/Localizable.strings (in target 'Nextcloud' from project 'Nextcloud')
2026-04-22T16:45:12.2158540Z     cd /Users/runner/work/tcm-storage-ios/tcm-storage-ios
2026-04-22T16:45:12.2159650Z     builtin-copyStrings --validate --outputencoding binary --outfilename Localizable.strings --outdir /Users/runner/work/tcm-storage-ios/tcm-storage-ios/build/Build/Products/Debug-iphonesimulator/Nextcloud.app/es-CO.lproj -- /Users/runner/work/tcm-storage-ios/tcm-storage-ios/iOSClient/Supporting\ Files/es-CO.lproj/Localizable.strings
2026-04-22T16:45:12.2164100Z /Users/runner/work/tcm-storage-ios/tcm-storage-ios/iOSClient/Supporting Files/es-CO.lproj/Localizable.strings:1:1: note: detected encoding of input file as Unicode (UTF-16) (in target 'Nextcloud' from project 'Nextcloud')
2026-04-22T16:45:12.2166620Z 
2026-04-22T16:45:12.2169120Z CopyStringsFile /Users/runner/work/tcm-storage-ios/tcm-storage-ios/build/Build/Products/Debug-iphonesimulator/Nextcloud.app/es-CO.lproj/InfoPlist.strings /Users/runner/work/tcm-storage-ios/tcm-storage-ios/iOSClient/Supporting\ Files/es-CO.lproj/InfoPlist.strings (in target 'Nextcloud' from project 'Nextcloud')
2026-04-22T16:45:12.2171910Z     cd /Users/runner/work/tcm-storage-ios/tcm-storage-ios
2026-04-22T16:45:12.2173760Z     builtin-copyStrings --validate --outputencoding binary --outfilename InfoPlist.strings --outdir /Users/runner/work/tcm-storage-ios/tcm-storage-ios/build/Build/Products/Debug-iphonesimulator/Nextcloud.app/es-CO.lproj -- /Users/runner/work/tcm-storage-ios/tcm-storage-ios/iOSClient/Supporting\ Files/es-CO.lproj/InfoPlist.strings
2026-04-22T16:45:12.2175290Z /Users/runner/work/tcm-storage-ios/tcm-storage-ios/iOSClient/Supporting Files/es-CO.lproj/InfoPlist.strings:1:1: note: detected encoding of input file as Unicode (UTF-16) (in target 'Nextcloud' from project 'Nextcloud')
2026-04-22T16:45:12.2177470Z 
2026-04-22T16:45:12.2180010Z CopyStringsFile /Users/runner/work/tcm-storage-ios/tcm-storage-ios/build/Build/Products/Debug-iphonesimulator/Nextcloud.app/es-CL.lproj/Localizable.stringsdict /Users/runner/work/tcm-storage-ios/tcm-storage-ios/iOSClient/Supporting\ Files/es-CL.lproj/Localizable.stringsdict (in target 'Nextcloud' from project 'Nextcloud')
2026-04-22T16:45:12.2184200Z     cd /Users/runner/work/tcm-storage-ios/tcm-storage-ios
2026-04-22T16:45:12.2187800Z     builtin-copyStrings --validate --outputencoding binary --outfilename Localizable.stringsdict --outdir /Users/runner/work/tcm-storage-ios/tcm-storage-ios/build/Build/Products/Debug-iphonesimulator/Nextcloud.app/es-CL.lproj -- /Users/runner/work/tcm-storage-ios/tcm-storage-ios/iOSClient/Supporting\ Files/es-CL.lproj/Localizable.stringsdict
2026-04-22T16:45:12.2193130Z /Users/runner/work/tcm-storage-ios/tcm-storage-ios/iOSClient/Supporting Files/es-CL.lproj/Localizable.stringsdict:1:1: note: detected encoding of input file as Unicode (UTF-8) (in target 'Nextcloud' from project 'Nextcloud')
2026-04-22T16:45:12.2193810Z 
2026-04-22T16:45:12.2194660Z CopyStringsFile /Users/runner/work/tcm-storage-ios/tcm-storage-ios/build/Build/Products/Debug-iphonesimulator/Nextcloud.app/es-CL.lproj/Localizable.strings /Users/runner/work/tcm-storage-ios/tcm-storage-ios/iOSClient/Supporting\ Files/es-CL.lproj/Localizable.strings (in target 'Nextcloud' from project 'Nextcloud')
2026-04-22T16:45:12.2197110Z     cd /Users/runner/work/tcm-storage-ios/tcm-storage-ios
2026-04-22T16:45:12.2199480Z     builtin-copyStrings --validate --outputencoding binary --outfilename Localizable.strings --outdir /Users/runner/work/tcm-storage-ios/tcm-storage-ios/build/Build/Products/Debug-iphonesimulator/Nextcloud.app/es-CL.lproj -- /Users/runner/work/tcm-storage-ios/tcm-storage-ios/iOSClient/Supporting\ Files/es-CL.lproj/Localizable.strings
2026-04-22T16:45:12.2205920Z /Users/runner/work/tcm-storage-ios/tcm-storage-ios/iOSClient/Supporting Files/es-CL.lproj/Localizable.strings:1:1: note: detected encoding of input file as Unicode (UTF-16) (in target 'Nextcloud' from project 'Nextcloud')
2026-04-22T16:45:12.2208390Z 
2026-04-22T16:45:12.2212110Z CopyStringsFile /Users/runner/work/tcm-storage-ios/tcm-storage-ios/build/Build/Products/Debug-iphonesimulator/Nextcloud.app/es-CL.lproj/InfoPlist.strings /Users/runner/work/tcm-storage-ios/tcm-storage-ios/iOSClient/Supporting\ Files/es-CL.lproj/InfoPlist.strings (in target 'Nextcloud' from project 'Nextcloud')
2026-04-22T16:45:12.2216200Z     cd /Users/runner/work/tcm-storage-ios/tcm-storage-ios
2026-04-22T16:45:12.2219710Z     builtin-copyStrings --validate --outputencoding binary --outfilename InfoPlist.strings --outdir /Users/runner/work/tcm-storage-ios/tcm-storage-ios/build/Build/Products/Debug-iphonesimulator/Nextcloud.app/es-CL.lproj -- /Users/runner/work/tcm-storage-ios/tcm-storage-ios/iOSClient/Supporting\ Files/es-CL.lproj/InfoPlist.strings
2026-04-22T16:45:12.2221860Z /Users/runner/work/tcm-storage-ios/tcm-storage-ios/iOSClient/Supporting Files/es-CL.lproj/InfoPlist.strings:1:1: note: detected encoding of input file as Unicode (UTF-16) (in target 'Nextcloud' from project 'Nextcloud')
2026-04-22T16:45:12.2222480Z 
2026-04-22T16:45:12.2223340Z CopyStringsFile /Users/runner/work/tcm-storage-ios/tcm-storage-ios/build/Build/Products/Debug-iphonesimulator/Nextcloud.app/es-419.lproj/Localizable.stringsdict /Users/runner/work/tcm-storage-ios/tcm-storage-ios/iOSClient/Supporting\ Files/es-419.lproj/Localizable.stringsdict (in target 'Nextcloud' from project 'Nextcloud')
2026-04-22T16:45:12.2224370Z     cd /Users/runner/work/tcm-storage-ios/tcm-storage-ios
2026-04-22T16:45:12.2225450Z     builtin-copyStrings --validate --outputencoding binary --outfilename Localizable.stringsdict --outdir /Users/runner/work/tcm-storage-ios/tcm-storage-ios/build/Build/Products/Debug-iphonesimulator/Nextcloud.app/es-419.lproj -- /Users/runner/work/tcm-storage-ios/tcm-storage-ios/iOSClient/Supporting\ Files/es-419.lproj/Localizable.stringsdict
2026-04-22T16:45:12.2227000Z /Users/runner/work/tcm-storage-ios/tcm-storage-ios/iOSClient/Supporting Files/es-419.lproj/Localizable.stringsdict:1:1: note: detected encoding of input file as Unicode (UTF-8) (in target 'Nextcloud' from project 'Nextcloud')
2026-04-22T16:45:12.2227620Z 
2026-04-22T16:45:12.2228540Z CopyStringsFile /Users/runner/work/tcm-storage-ios/tcm-storage-ios/build/Build/Products/Debug-iphonesimulator/Nextcloud.app/es-419.lproj/Localizable.strings /Users/runner/work/tcm-storage-ios/tcm-storage-ios/iOSClient/Supporting\ Files/es-419.lproj/Localizable.strings (in target 'Nextcloud' from project 'Nextcloud')
2026-04-22T16:45:12.2229630Z     cd /Users/runner/work/tcm-storage-ios/tcm-storage-ios
2026-04-22T16:45:12.2230690Z     builtin-copyStrings --validate --outputencoding binary --outfilename Localizable.strings --outdir /Users/runner/work/tcm-storage-ios/tcm-storage-ios/build/Build/Products/Debug-iphonesimulator/Nextcloud.app/es-419.lproj -- /Users/runner/work/tcm-storage-ios/tcm-storage-ios/iOSClient/Supporting\ Files/es-419.lproj/Localizable.strings
2026-04-22T16:45:12.2235740Z /Users/runner/work/tcm-storage-ios/tcm-storage-ios/iOSClient/Supporting Files/es-419.lproj/Localizable.strings:1:1: note: detected encoding of input file as Unicode (UTF-16) (in target 'Nextcloud' from project 'Nextcloud')
2026-04-22T16:45:12.2237540Z 
2026-04-22T16:45:12.2239920Z CopyStringsFile /Users/runner/work/tcm-storage-ios/tcm-storage-ios/build/Build/Products/Debug-iphonesimulator/Nextcloud.app/es-419.lproj/InfoPlist.strings /Users/runner/work/tcm-storage-ios/tcm-storage-ios/iOSClient/Supporting\ Files/es-419.lproj/InfoPlist.strings (in target 'Nextcloud' from project 'Nextcloud')
2026-04-22T16:45:12.2245530Z     cd /Users/runner/work/tcm-storage-ios/tcm-storage-ios
2026-04-22T16:45:12.2246620Z     builtin-copyStrings --validate --outputencoding binary --outfilename InfoPlist.strings --outdir /Users/runner/work/tcm-storage-ios/tcm-storage-ios/build/Build/Products/Debug-iphonesimulator/Nextcloud.app/es-419.lproj -- /Users/runner/work/tcm-storage-ios/tcm-storage-ios/iOSClient/Supporting\ Files/es-419.lproj/InfoPlist.strings
2026-04-22T16:45:12.2248170Z /Users/runner/work/tcm-storage-ios/tcm-storage-ios/iOSClient/Supporting Files/es-419.lproj/InfoPlist.strings:1:1: note: detected encoding of input file as Unicode (UTF-16) (in target 'Nextcloud' from project 'Nextcloud')
2026-04-22T16:45:12.2248810Z 
2026-04-22T16:45:12.2249800Z CopyStringsFile /Users/runner/work/tcm-storage-ios/tcm-storage-ios/build/Build/Products/Debug-iphonesimulator/Nextcloud.app/en.lproj/Localizable.stringsdict /Users/runner/work/tcm-storage-ios/tcm-storage-ios/iOSClient/Supporting\ Files/en.lproj/Localizable.stringsdict (in target 'Nextcloud' from project 'Nextcloud')
2026-04-22T16:45:12.2255220Z     cd /Users/runner/work/tcm-storage-ios/tcm-storage-ios
2026-04-22T16:45:12.2258910Z     builtin-copyStrings --validate --outputencoding binary --outfilename Localizable.stringsdict --outdir /Users/runner/work/tcm-storage-ios/tcm-storage-ios/build/Build/Products/Debug-iphonesimulator/Nextcloud.app/en.lproj -- /Users/runner/work/tcm-storage-ios/tcm-storage-ios/iOSClient/Supporting\ Files/en.lproj/Localizable.stringsdict
2026-04-22T16:45:12.2263240Z /Users/runner/work/tcm-storage-ios/tcm-storage-ios/iOSClient/Supporting Files/en.lproj/Localizable.stringsdict:1:1: note: detected encoding of input file as Unicode (UTF-8) (in target 'Nextcloud' from project 'Nextcloud')
2026-04-22T16:45:12.2265000Z 
2026-04-22T16:45:12.2267300Z CopyStringsFile /Users/runner/work/tcm-storage-ios/tcm-storage-ios/build/Build/Products/Debug-iphonesimulator/Nextcloud.app/en.lproj/Localizable.strings /Users/runner/work/tcm-storage-ios/tcm-storage-ios/iOSClient/Supporting\ Files/en.lproj/Localizable.strings (in target 'Nextcloud' from project 'Nextcloud')
2026-04-22T16:45:12.2270120Z     cd /Users/runner/work/tcm-storage-ios/tcm-storage-ios
2026-04-22T16:45:12.2273200Z     builtin-copyStrings --validate --outputencoding binary --outfilename Localizable.strings --outdir /Users/runner/work/tcm-storage-ios/tcm-storage-ios/build/Build/Products/Debug-iphonesimulator/Nextcloud.app/en.lproj -- /Users/runner/work/tcm-storage-ios/tcm-storage-ios/iOSClient/Supporting\ Files/en.lproj/Localizable.strings
2026-04-22T16:45:12.2283360Z /Users/runner/work/tcm-storage-ios/tcm-storage-ios/iOSClient/Supporting Files/en.lproj/Localizable.strings:1:1: note: detected encoding of input file as Unicode (UTF-8) (in target 'Nextcloud' from project 'Nextcloud')
2026-04-22T16:45:12.2286000Z 
2026-04-22T16:45:12.2288590Z CopyStringsFile /Users/runner/work/tcm-storage-ios/tcm-storage-ios/build/Build/Products/Debug-iphonesimulator/Nextcloud.app/en.lproj/InfoPlist.strings /Users/runner/work/tcm-storage-ios/tcm-storage-ios/iOSClient/Supporting\ Files/en.lproj/InfoPlist.strings (in target 'Nextcloud' from project 'Nextcloud')
2026-04-22T16:45:12.2291400Z     cd /Users/runner/work/tcm-storage-ios/tcm-storage-ios
2026-04-22T16:45:12.2294270Z     builtin-copyStrings --validate --outputencoding binary --outfilename InfoPlist.strings --outdir /Users/runner/work/tcm-storage-ios/tcm-storage-ios/build/Build/Products/Debug-iphonesimulator/Nextcloud.app/en.lproj -- /Users/runner/work/tcm-storage-ios/tcm-storage-ios/iOSClient/Supporting\ Files/en.lproj/InfoPlist.strings
2026-04-22T16:45:12.2298300Z /Users/runner/work/tcm-storage-ios/tcm-storage-ios/iOSClient/Supporting Files/en.lproj/InfoPlist.strings:1:1: note: detected encoding of input file as Unicode (UTF-8) (in target 'Nextcloud' from project 'Nextcloud')
2026-04-22T16:45:12.2299970Z 
2026-04-22T16:45:12.2302460Z CopyStringsFile /Users/runner/work/tcm-storage-ios/tcm-storage-ios/build/Build/Products/Debug-iphonesimulator/Nextcloud.app/en-GB.lproj/Localizable.stringsdict /Users/runner/work/tcm-storage-ios/tcm-storage-ios/iOSClient/Supporting\ Files/en-GB.lproj/Localizable.stringsdict (in target 'Nextcloud' from project 'Nextcloud')
2026-04-22T16:45:12.2305360Z     cd /Users/runner/work/tcm-storage-ios/tcm-storage-ios
2026-04-22T16:45:12.2308380Z     builtin-copyStrings --validate --outputencoding binary --outfilename Localizable.stringsdict --outdir /Users/runner/work/tcm-storage-ios/tcm-storage-ios/build/Build/Products/Debug-iphonesimulator/Nextcloud.app/en-GB.lproj -- /Users/runner/work/tcm-storage-ios/tcm-storage-ios/iOSClient/Supporting\ Files/en-GB.lproj/Localizable.stringsdict
2026-04-22T16:45:12.2312630Z /Users/runner/work/tcm-storage-ios/tcm-storage-ios/iOSClient/Supporting Files/en-GB.lproj/Localizable.stringsdict:1:1: note: detected encoding of input file as Unicode (UTF-8) (in target 'Nextcloud' from project 'Nextcloud')
2026-04-22T16:45:12.2314570Z 
2026-04-22T16:45:12.2316920Z CopyStringsFile /Users/runner/work/tcm-storage-ios/tcm-storage-ios/build/Build/Products/Debug-iphonesimulator/Nextcloud.app/en-GB.lproj/Localizable.strings /Users/runner/work/tcm-storage-ios/tcm-storage-ios/iOSClient/Supporting\ Files/en-GB.lproj/Localizable.strings (in target 'Nextcloud' from project 'Nextcloud')
2026-04-22T16:45:12.2320260Z     cd /Users/runner/work/tcm-storage-ios/tcm-storage-ios
2026-04-22T16:45:12.2323470Z     builtin-copyStrings --validate --outputencoding binary --outfilename Localizable.strings --outdir /Users/runner/work/tcm-storage-ios/tcm-storage-ios/build/Build/Products/Debug-iphonesimulator/Nextcloud.app/en-GB.lproj -- /Users/runner/work/tcm-storage-ios/tcm-storage-ios/iOSClient/Supporting\ Files/en-GB.lproj/Localizable.strings
2026-04-22T16:45:12.2328040Z /Users/runner/work/tcm-storage-ios/tcm-storage-ios/iOSClient/Supporting Files/en-GB.lproj/Localizable.strings:1:1: note: detected encoding of input file as Unicode (UTF-16) (in target 'Nextcloud' from project 'Nextcloud')
2026-04-22T16:45:12.2329780Z 
2026-04-22T16:45:12.2332090Z CopyStringsFile /Users/runner/work/tcm-storage-ios/tcm-storage-ios/build/Build/Products/Debug-iphonesimulator/Nextcloud.app/en-GB.lproj/InfoPlist.strings /Users/runner/work/tcm-storage-ios/tcm-storage-ios/iOSClient/Supporting\ Files/en-GB.lproj/InfoPlist.strings (in target 'Nextcloud' from project 'Nextcloud')
2026-04-22T16:45:12.2334930Z     cd /Users/runner/work/tcm-storage-ios/tcm-storage-ios
2026-04-22T16:45:12.2337890Z     builtin-copyStrings --validate --outputencoding binary --outfilename InfoPlist.strings --outdir /Users/runner/work/tcm-storage-ios/tcm-storage-ios/build/Build/Products/Debug-iphonesimulator/Nextcloud.app/en-GB.lproj -- /Users/runner/work/tcm-storage-ios/tcm-storage-ios/iOSClient/Supporting\ Files/en-GB.lproj/InfoPlist.strings
2026-04-22T16:45:12.2342640Z /Users/runner/work/tcm-storage-ios/tcm-storage-ios/iOSClient/Supporting Files/en-GB.lproj/InfoPlist.strings:1:1: note: detected encoding of input file as Unicode (UTF-16) (in target 'Nextcloud' from project 'Nextcloud')
2026-04-22T16:45:12.2344360Z 
2026-04-22T16:45:12.2346930Z CopyStringsFile /Users/runner/work/tcm-storage-ios/tcm-storage-ios/build/Build/Products/Debug-iphonesimulator/Nextcloud.app/el.lproj/Localizable.stringsdict /Users/runner/work/tcm-storage-ios/tcm-storage-ios/iOSClient/Supporting\ Files/el.lproj/Localizable.stringsdict (in target 'Nextcloud' from project 'Nextcloud')
2026-04-22T16:45:12.2349860Z     cd /Users/runner/work/tcm-storage-ios/tcm-storage-ios
2026-04-22T16:45:12.2352810Z     builtin-copyStrings --validate --outputencoding binary --outfilename Localizable.stringsdict --outdir /Users/runner/work/tcm-storage-ios/tcm-storage-ios/build/Build/Products/Debug-iphonesimulator/Nextcloud.app/el.lproj -- /Users/runner/work/tcm-storage-ios/tcm-storage-ios/iOSClient/Supporting\ Files/el.lproj/Localizable.stringsdict
2026-04-22T16:45:12.2357190Z /Users/runner/work/tcm-storage-ios/tcm-storage-ios/iOSClient/Supporting Files/el.lproj/Localizable.stringsdict:1:1: note: detected encoding of input file as Unicode (UTF-8) (in target 'Nextcloud' from project 'Nextcloud')
2026-04-22T16:45:12.2359010Z 
2026-04-22T16:45:12.2375450Z CopyStringsFile /Users/runner/work/tcm-storage-ios/tcm-storage-ios/build/Build/Products/Debug-iphonesimulator/Nextcloud.app/el.lproj/Localizable.strings /Users/runner/work/tcm-storage-ios/tcm-storage-ios/iOSClient/Supporting\ Files/el.lproj/Localizable.strings (in target 'Nextcloud' from project 'Nextcloud')
2026-04-22T16:45:12.2376590Z     cd /Users/runner/work/tcm-storage-ios/tcm-storage-ios
2026-04-22T16:45:12.2377660Z     builtin-copyStrings --validate --outputencoding binary --outfilename Localizable.strings --outdir /Users/runner/work/tcm-storage-ios/tcm-storage-ios/build/Build/Products/Debug-iphonesimulator/Nextcloud.app/el.lproj -- /Users/runner/work/tcm-storage-ios/tcm-storage-ios/iOSClient/Supporting\ Files/el.lproj/Localizable.strings
2026-04-22T16:45:12.2379170Z /Users/runner/work/tcm-storage-ios/tcm-storage-ios/iOSClient/Supporting Files/el.lproj/Localizable.strings:1:1: note: detected encoding of input file as Unicode (UTF-16) (in target 'Nextcloud' from project 'Nextcloud')
2026-04-22T16:45:12.2379790Z 
2026-04-22T16:45:12.2381060Z CopyStringsFile /Users/runner/work/tcm-storage-ios/tcm-storage-ios/build/Build/Products/Debug-iphonesimulator/Nextcloud.app/el.lproj/InfoPlist.strings /Users/runner/work/tcm-storage-ios/tcm-storage-ios/iOSClient/Supporting\ Files/el.lproj/InfoPlist.strings (in target 'Nextcloud' from project 'Nextcloud')
2026-04-22T16:45:12.2406160Z     cd /Users/runner/work/tcm-storage-ios/tcm-storage-ios
2026-04-22T16:45:12.2407550Z     builtin-copyStrings --validate --outputencoding binary --outfilename InfoPlist.strings --outdir /Users/runner/work/tcm-storage-ios/tcm-storage-ios/build/Build/Products/Debug-iphonesimulator/Nextcloud.app/el.lproj -- /Users/runner/work/tcm-storage-ios/tcm-storage-ios/iOSClient/Supporting\ Files/el.lproj/InfoPlist.strings
2026-04-22T16:45:12.2409180Z /Users/runner/work/tcm-storage-ios/tcm-storage-ios/iOSClient/Supporting Files/el.lproj/InfoPlist.strings:1:1: note: detected encoding of input file as Unicode (UTF-16) (in target 'Nextcloud' from project 'Nextcloud')
2026-04-22T16:45:12.2409790Z 
2026-04-22T16:45:12.2410640Z CopyStringsFile /Users/runner/work/tcm-storage-ios/tcm-storage-ios/build/Build/Products/Debug-iphonesimulator/Nextcloud.app/de.lproj/Localizable.stringsdict /Users/runner/work/tcm-storage-ios/tcm-storage-ios/iOSClient/Supporting\ Files/de.lproj/Localizable.stringsdict (in target 'Nextcloud' from project 'Nextcloud')
2026-04-22T16:45:12.2411700Z     cd /Users/runner/work/tcm-storage-ios/tcm-storage-ios
2026-04-22T16:45:12.2412910Z     builtin-copyStrings --validate --outputencoding binary --outfilename Localizable.stringsdict --outdir /Users/runner/work/tcm-storage-ios/tcm-storage-ios/build/Build/Products/Debug-iphonesimulator/Nextcloud.app/de.lproj -- /Users/runner/work/tcm-storage-ios/tcm-storage-ios/iOSClient/Supporting\ Files/de.lproj/Localizable.stringsdict
2026-04-22T16:45:12.2418140Z /Users/runner/work/tcm-storage-ios/tcm-storage-ios/iOSClient/Supporting Files/de.lproj/Localizable.stringsdict:1:1: note: detected encoding of input file as Unicode (UTF-8) (in target 'Nextcloud' from project 'Nextcloud')
2026-04-22T16:45:12.2418790Z 
2026-04-22T16:45:12.2420340Z CopyStringsFile /Users/runner/work/tcm-storage-ios/tcm-storage-ios/build/Build/Products/Debug-iphonesimulator/Nextcloud.app/de.lproj/Localizable.strings /Users/runner/work/tcm-storage-ios/tcm-storage-ios/iOSClient/Supporting\ Files/de.lproj/Localizable.strings (in target 'Nextcloud' from project 'Nextcloud')
2026-04-22T16:45:12.2421410Z     cd /Users/runner/work/tcm-storage-ios/tcm-storage-ios
2026-04-22T16:45:12.2422470Z     builtin-copyStrings --validate --outputencoding binary --outfilename Localizable.strings --outdir /Users/runner/work/tcm-storage-ios/tcm-storage-ios/build/Build/Products/Debug-iphonesimulator/Nextcloud.app/de.lproj -- /Users/runner/work/tcm-storage-ios/tcm-storage-ios/iOSClient/Supporting\ Files/de.lproj/Localizable.strings
2026-04-22T16:45:12.2424330Z /Users/runner/work/tcm-storage-ios/tcm-storage-ios/iOSClient/Supporting Files/de.lproj/Localizable.strings:1:1: note: detected encoding of input file as Unicode (UTF-16) (in target 'Nextcloud' from project 'Nextcloud')
2026-04-22T16:45:12.2424960Z 
2026-04-22T16:45:12.2427370Z CopyStringsFile /Users/runner/work/tcm-storage-ios/tcm-storage-ios/build/Build/Products/Debug-iphonesimulator/Nextcloud.app/de.lproj/InfoPlist.strings /Users/runner/work/tcm-storage-ios/tcm-storage-ios/iOSClient/Supporting\ Files/de.lproj/InfoPlist.strings (in target 'Nextcloud' from project 'Nextcloud')
2026-04-22T16:45:12.2430780Z     cd /Users/runner/work/tcm-storage-ios/tcm-storage-ios
2026-04-22T16:45:12.2433840Z     builtin-copyStrings --validate --outputencoding binary --outfilename InfoPlist.strings --outdir /Users/runner/work/tcm-storage-ios/tcm-storage-ios/build/Build/Products/Debug-iphonesimulator/Nextcloud.app/de.lproj -- /Users/runner/work/tcm-storage-ios/tcm-storage-ios/iOSClient/Supporting\ Files/de.lproj/InfoPlist.strings
2026-04-22T16:45:12.2438260Z /Users/runner/work/tcm-storage-ios/tcm-storage-ios/iOSClient/Supporting Files/de.lproj/InfoPlist.strings:1:1: note: detected encoding of input file as Unicode (UTF-16) (in target 'Nextcloud' from project 'Nextcloud')
2026-04-22T16:45:12.2441590Z 
2026-04-22T16:45:12.2442710Z CopyStringsFile /Users/runner/work/tcm-storage-ios/tcm-storage-ios/build/Build/Products/Debug-iphonesimulator/Nextcloud.app/da.lproj/Localizable.stringsdict /Users/runner/work/tcm-storage-ios/tcm-storage-ios/iOSClient/Supporting\ Files/da.lproj/Localizable.stringsdict (in target 'Nextcloud' from project 'Nextcloud')
2026-04-22T16:45:12.2443770Z     cd /Users/runner/work/tcm-storage-ios/tcm-storage-ios
2026-04-22T16:45:12.2444960Z     builtin-copyStrings --validate --outputencoding binary --outfilename Localizable.stringsdict --outdir /Users/runner/work/tcm-storage-ios/tcm-storage-ios/build/Build/Products/Debug-iphonesimulator/Nextcloud.app/da.lproj -- /Users/runner/work/tcm-storage-ios/tcm-storage-ios/iOSClient/Supporting\ Files/da.lproj/Localizable.stringsdict
2026-04-22T16:45:12.2446530Z /Users/runner/work/tcm-storage-ios/tcm-storage-ios/iOSClient/Supporting Files/da.lproj/Localizable.stringsdict:1:1: note: detected encoding of input file as Unicode (UTF-8) (in target 'Nextcloud' from project 'Nextcloud')
2026-04-22T16:45:12.2447170Z 
2026-04-22T16:45:12.2448090Z CopyStringsFile /Users/runner/work/tcm-storage-ios/tcm-storage-ios/build/Build/Products/Debug-iphonesimulator/Nextcloud.app/da.lproj/Localizable.strings /Users/runner/work/tcm-storage-ios/tcm-storage-ios/iOSClient/Supporting\ Files/da.lproj/Localizable.strings (in target 'Nextcloud' from project 'Nextcloud')
2026-04-22T16:45:12.2449090Z     cd /Users/runner/work/tcm-storage-ios/tcm-storage-ios
2026-04-22T16:45:12.2450410Z     builtin-copyStrings --validate --outputencoding binary --outfilename Localizable.strings --outdir /Users/runner/work/tcm-storage-ios/tcm-storage-ios/build/Build/Products/Debug-iphonesimulator/Nextcloud.app/da.lproj -- /Users/runner/work/tcm-storage-ios/tcm-storage-ios/iOSClient/Supporting\ Files/da.lproj/Localizable.strings
2026-04-22T16:45:12.2452010Z /Users/runner/work/tcm-storage-ios/tcm-storage-ios/iOSClient/Supporting Files/da.lproj/Localizable.strings:1:1: note: detected encoding of input file as Unicode (UTF-16) (in target 'Nextcloud' from project 'Nextcloud')
2026-04-22T16:45:12.2452630Z 
2026-04-22T16:45:12.2453470Z CopyStringsFile /Users/runner/work/tcm-storage-ios/tcm-storage-ios/build/Build/Products/Debug-iphonesimulator/Nextcloud.app/da.lproj/InfoPlist.strings /Users/runner/work/tcm-storage-ios/tcm-storage-ios/iOSClient/Supporting\ Files/da.lproj/InfoPlist.strings (in target 'Nextcloud' from project 'Nextcloud')
2026-04-22T16:45:12.2454460Z     cd /Users/runner/work/tcm-storage-ios/tcm-storage-ios
2026-04-22T16:45:12.2455500Z     builtin-copyStrings --validate --outputencoding binary --outfilename InfoPlist.strings --outdir /Users/runner/work/tcm-storage-ios/tcm-storage-ios/build/Build/Products/Debug-iphonesimulator/Nextcloud.app/da.lproj -- /Users/runner/work/tcm-storage-ios/tcm-storage-ios/iOSClient/Supporting\ Files/da.lproj/InfoPlist.strings
2026-04-22T16:45:12.2456960Z /Users/runner/work/tcm-storage-ios/tcm-storage-ios/iOSClient/Supporting Files/da.lproj/InfoPlist.strings:1:1: note: detected encoding of input file as Unicode (UTF-16) (in target 'Nextcloud' from project 'Nextcloud')
2026-04-22T16:45:12.2457570Z 
2026-04-22T16:45:12.2458470Z CopyStringsFile /Users/runner/work/tcm-storage-ios/tcm-storage-ios/build/Build/Products/Debug-iphonesimulator/Nextcloud.app/cs-CZ.lproj/Localizable.stringsdict /Users/runner/work/tcm-storage-ios/tcm-storage-ios/iOSClient/Supporting\ Files/cs-CZ.lproj/Localizable.stringsdict (in target 'Nextcloud' from project 'Nextcloud')
2026-04-22T16:45:12.2459530Z     cd /Users/runner/work/tcm-storage-ios/tcm-storage-ios
2026-04-22T16:45:12.2460750Z     builtin-copyStrings --validate --outputencoding binary --outfilename Localizable.stringsdict --outdir /Users/runner/work/tcm-storage-ios/tcm-storage-ios/build/Build/Products/Debug-iphonesimulator/Nextcloud.app/cs-CZ.lproj -- /Users/runner/work/tcm-storage-ios/tcm-storage-ios/iOSClient/Supporting\ Files/cs-CZ.lproj/Localizable.stringsdict
2026-04-22T16:45:12.2462610Z /Users/runner/work/tcm-storage-ios/tcm-storage-ios/iOSClient/Supporting Files/cs-CZ.lproj/Localizable.stringsdict:1:1: note: detected encoding of input file as Unicode (UTF-8) (in target 'Nextcloud' from project 'Nextcloud')
2026-04-22T16:45:12.2463270Z 
2026-04-22T16:45:12.2464210Z CopyStringsFile /Users/runner/work/tcm-storage-ios/tcm-storage-ios/build/Build/Products/Debug-iphonesimulator/Nextcloud.app/cs-CZ.lproj/Localizable.strings /Users/runner/work/tcm-storage-ios/tcm-storage-ios/iOSClient/Supporting\ Files/cs-CZ.lproj/Localizable.strings (in target 'Nextcloud' from project 'Nextcloud')
2026-04-22T16:45:12.2465200Z     cd /Users/runner/work/tcm-storage-ios/tcm-storage-ios
2026-04-22T16:45:12.2474440Z     builtin-copyStrings --validate --outputencoding binary --outfilename Localizable.strings --outdir /Users/runner/work/tcm-storage-ios/tcm-storage-ios/build/Build/Products/Debug-iphonesimulator/Nextcloud.app/cs-CZ.lproj -- /Users/runner/work/tcm-storage-ios/tcm-storage-ios/iOSClient/Supporting\ Files/cs-CZ.lproj/Localizable.strings
2026-04-22T16:45:12.2476090Z /Users/runner/work/tcm-storage-ios/tcm-storage-ios/iOSClient/Supporting Files/cs-CZ.lproj/Localizable.strings:1:1: note: detected encoding of input file as Unicode (UTF-16) (in target 'Nextcloud' from project 'Nextcloud')
2026-04-22T16:45:12.2476700Z 
2026-04-22T16:45:12.2477530Z CopyStringsFile /Users/runner/work/tcm-storage-ios/tcm-storage-ios/build/Build/Products/Debug-iphonesimulator/Nextcloud.app/cs-CZ.lproj/InfoPlist.strings /Users/runner/work/tcm-storage-ios/tcm-storage-ios/iOSClient/Supporting\ Files/cs-CZ.lproj/InfoPlist.strings (in target 'Nextcloud' from project 'Nextcloud')
2026-04-22T16:45:12.2478790Z     cd /Users/runner/work/tcm-storage-ios/tcm-storage-ios
2026-04-22T16:45:12.2479910Z     builtin-copyStrings --validate --outputencoding binary --outfilename InfoPlist.strings --outdir /Users/runner/work/tcm-storage-ios/tcm-storage-ios/build/Build/Products/Debug-iphonesimulator/Nextcloud.app/cs-CZ.lproj -- /Users/runner/work/tcm-storage-ios/tcm-storage-ios/iOSClient/Supporting\ Files/cs-CZ.lproj/InfoPlist.strings
2026-04-22T16:45:12.2481380Z /Users/runner/work/tcm-storage-ios/tcm-storage-ios/iOSClient/Supporting Files/cs-CZ.lproj/InfoPlist.strings:1:1: note: detected encoding of input file as Unicode (UTF-16) (in target 'Nextcloud' from project 'Nextcloud')
2026-04-22T16:45:12.2481990Z 
2026-04-22T16:45:12.2482830Z CopyStringsFile /Users/runner/work/tcm-storage-ios/tcm-storage-ios/build/Build/Products/Debug-iphonesimulator/Nextcloud.app/ca.lproj/Localizable.stringsdict /Users/runner/work/tcm-storage-ios/tcm-storage-ios/iOSClient/Supporting\ Files/ca.lproj/Localizable.stringsdict (in target 'Nextcloud' from project 'Nextcloud')
2026-04-22T16:45:12.2483830Z     cd /Users/runner/work/tcm-storage-ios/tcm-storage-ios
2026-04-22T16:45:12.2484880Z     builtin-copyStrings --validate --outputencoding binary --outfilename Localizable.stringsdict --outdir /Users/runner/work/tcm-storage-ios/tcm-storage-ios/build/Build/Products/Debug-iphonesimulator/Nextcloud.app/ca.lproj -- /Users/runner/work/tcm-storage-ios/tcm-storage-ios/iOSClient/Supporting\ Files/ca.lproj/Localizable.stringsdict
2026-04-22T16:45:12.2486360Z /Users/runner/work/tcm-storage-ios/tcm-storage-ios/iOSClient/Supporting Files/ca.lproj/Localizable.stringsdict:1:1: note: detected encoding of input file as Unicode (UTF-8) (in target 'Nextcloud' from project 'Nextcloud')
2026-04-22T16:45:12.2487010Z 
2026-04-22T16:45:12.2487970Z CopyStringsFile /Users/runner/work/tcm-storage-ios/tcm-storage-ios/build/Build/Products/Debug-iphonesimulator/Nextcloud.app/ca.lproj/Localizable.strings /Users/runner/work/tcm-storage-ios/tcm-storage-ios/iOSClient/Supporting\ Files/ca.lproj/Localizable.strings (in target 'Nextcloud' from project 'Nextcloud')
2026-04-22T16:45:12.2488980Z     cd /Users/runner/work/tcm-storage-ios/tcm-storage-ios
2026-04-22T16:45:12.2489990Z     builtin-copyStrings --validate --outputencoding binary --outfilename Localizable.strings --outdir /Users/runner/work/tcm-storage-ios/tcm-storage-ios/build/Build/Products/Debug-iphonesimulator/Nextcloud.app/ca.lproj -- /Users/runner/work/tcm-storage-ios/tcm-storage-ios/iOSClient/Supporting\ Files/ca.lproj/Localizable.strings
2026-04-22T16:45:12.2491690Z /Users/runner/work/tcm-storage-ios/tcm-storage-ios/iOSClient/Supporting Files/ca.lproj/Localizable.strings:1:1: note: detected encoding of input file as Unicode (UTF-16) (in target 'Nextcloud' from project 'Nextcloud')
2026-04-22T16:45:12.2492290Z 
2026-04-22T16:45:12.2493070Z CopyStringsFile /Users/runner/work/tcm-storage-ios/tcm-storage-ios/build/Build/Products/Debug-iphonesimulator/Nextcloud.app/ca.lproj/InfoPlist.strings /Users/runner/work/tcm-storage-ios/tcm-storage-ios/iOSClient/Supporting\ Files/ca.lproj/InfoPlist.strings (in target 'Nextcloud' from project 'Nextcloud')
2026-04-22T16:45:12.2494040Z     cd /Users/runner/work/tcm-storage-ios/tcm-storage-ios
2026-04-22T16:45:12.2495060Z     builtin-copyStrings --validate --outputencoding binary --outfilename InfoPlist.strings --outdir /Users/runner/work/tcm-storage-ios/tcm-storage-ios/build/Build/Products/Debug-iphonesimulator/Nextcloud.app/ca.lproj -- /Users/runner/work/tcm-storage-ios/tcm-storage-ios/iOSClient/Supporting\ Files/ca.lproj/InfoPlist.strings
2026-04-22T16:45:12.2496510Z /Users/runner/work/tcm-storage-ios/tcm-storage-ios/iOSClient/Supporting Files/ca.lproj/InfoPlist.strings:1:1: note: detected encoding of input file as Unicode (UTF-16) (in target 'Nextcloud' from project 'Nextcloud')
2026-04-22T16:45:12.2497950Z 
2026-04-22T16:45:12.2500650Z CopyPlistFile /Users/runner/work/tcm-storage-ios/tcm-storage-ios/build/Build/Products/Debug-iphonesimulator/Nextcloud.app/GoogleService-Info.plist /Users/runner/work/tcm-storage-ios/tcm-storage-ios/GoogleService-Info.plist (in target 'Nextcloud' from project 'Nextcloud')
2026-04-22T16:45:12.2503240Z     cd /Users/runner/work/tcm-storage-ios/tcm-storage-ios
2026-04-22T16:45:12.2505430Z     builtin-copyPlist --convert binary1 --outdir /Users/runner/work/tcm-storage-ios/tcm-storage-ios/build/Build/Products/Debug-iphonesimulator/Nextcloud.app -- /Users/runner/work/tcm-storage-ios/tcm-storage-ios/GoogleService-Info.plist
2026-04-22T16:45:12.2509240Z error: Build input file cannot be found: '/Users/runner/work/tcm-storage-ios/tcm-storage-ios/GoogleService-Info.plist'. Did you forget to declare this file as an output of a script phase or custom build rule which produces it? (in target 'Nextcloud' from project 'Nextcloud')
2026-04-22T16:45:12.2511330Z 
2026-04-22T16:45:12.2513220Z CopyPNGFile /Users/runner/work/tcm-storage-ios/tcm-storage-ios/build/Build/Products/Debug-iphonesimulator/Nextcloud.app/Nextcloud\ Hub.png /Users/runner/work/tcm-storage-ios/tcm-storage-ios/Nextcloud\ Hub.png (in target 'Nextcloud' from project 'Nextcloud')
2026-04-22T16:45:12.2515610Z     cd /Users/runner/work/tcm-storage-ios/tcm-storage-ios
2026-04-22T16:45:12.2518200Z     /Applications/Xcode_26.2.app/Contents/Developer/usr/bin/copypng -compress -strip-PNG-text /Users/runner/work/tcm-storage-ios/tcm-storage-ios/Nextcloud\ Hub.png /Users/runner/work/tcm-storage-ios/tcm-storage-ios/build/Build/Products/Debug-iphonesimulator/Nextcloud.app/Nextcloud\ Hub.png
2026-04-22T16:45:12.2521670Z 
2026-04-22T16:45:12.2524790Z note: Run script build phase 'Run Script' will be run during every build because the option to run the script phase "Based on dependency analysis" is unchecked. (in target 'Nextcloud' from project 'Nextcloud')
2026-04-22T16:45:12.2599180Z ##[error]Process completed with exit code 1.
2026-04-22T16:45:12.3206960Z Post job cleanup.
2026-04-22T16:45:12.9478650Z [command]/opt/homebrew/bin/git version
2026-04-22T16:45:13.0102770Z git version 2.54.0
2026-04-22T16:45:13.0303070Z Copying '/Users/runner/.gitconfig' to '/Users/runner/work/_temp/f4a7c972-03bf-48d0-aa9c-4a8fab592366/.gitconfig'
2026-04-22T16:45:13.0305820Z Temporarily overriding HOME='/Users/runner/work/_temp/f4a7c972-03bf-48d0-aa9c-4a8fab592366' before making global git config changes
2026-04-22T16:45:13.0308620Z Adding repository directory to the temporary git global config as a safe directory
2026-04-22T16:45:13.0310260Z [command]/opt/homebrew/bin/git config --global --add safe.directory /Users/runner/work/tcm-storage-ios/tcm-storage-ios
2026-04-22T16:45:13.0470920Z [command]/opt/homebrew/bin/git config --local --name-only --get-regexp core\.sshCommand
2026-04-22T16:45:13.0553590Z [command]/opt/homebrew/bin/git submodule foreach --recursive sh -c "git config --local --name-only --get-regexp 'core\.sshCommand' && git config --local --unset-all 'core.sshCommand' || :"
2026-04-22T16:45:13.3545800Z [command]/opt/homebrew/bin/git config --local --name-only --get-regexp http\.https\:\/\/github\.com\/\.extraheader
2026-04-22T16:45:13.3553170Z http.https://github.com/.extraheader
2026-04-22T16:45:13.3864040Z [command]/opt/homebrew/bin/git config --local --unset-all http.https://github.com/.extraheader
2026-04-22T16:45:13.4167950Z [command]/opt/homebrew/bin/git submodule foreach --recursive sh -c "git config --local --name-only --get-regexp 'http\.https\:\/\/github\.com\/\.extraheader' && git config --local --unset-all 'http.https://github.com/.extraheader' || :"
2026-04-22T16:45:13.5427830Z [command]/opt/homebrew/bin/git config --local --name-only --get-regexp ^includeIf\.gitdir:
2026-04-22T16:45:13.5530980Z [command]/opt/homebrew/bin/git submodule foreach --recursive git config --local --show-origin --name-only --get-regexp remote.origin.url
2026-04-22T16:45:13.7140480Z Cleaning up orphan processes
2026-04-22T16:45:14.3861150Z Terminate orphan process: pid (40370) (ibtoold)
2026-04-22T16:45:14.4468460Z Terminate orphan process: pid (38680) (ibtoold)
2026-04-22T16:45:14.7354790Z ##[warning]Node.js 20 actions are deprecated. The following actions are running on Node.js 20 and may not work as expected: actions/checkout@v4. Actions will be forced to run with Node.js 24 by default starting June 2nd, 2026. Node.js 20 will be removed from the runner on September 16th, 2026. Please check if updated versions of these actions are available that support Node.js 24. To opt into Node.js 24 now, set the FORCE_JAVASCRIPT_ACTIONS_TO_NODE24=true environment variable on the runner or in your workflow file. Once Node.js 24 becomes the default, you can temporarily opt out by setting ACTIONS_ALLOW_USE_UNSECURE_NODE_VERSION=true. For more information see: https://github.blog/changelog/2025-09-19-deprecation-of-node-20-on-github-actions-runners/
